[0.006s][info][gc] Heuristics ergonomically sets -XX:+ExplicitGCInvokesConcurrent
[0.006s][info][gc] Heuristics ergonomically sets -XX:+ShenandoahImplicitGCInvokesConcurrent
[0.006s][info][gc] Using Shenandoah
[0.008s][info][gc,ergo] Pacer for Idle. Initial: 40642K, Alloc Tax Rate: 1.0x
[0.008s][info][gc,init] Version: 21.0.7+6-Ubuntu-0ubuntu122.04 (release)
[0.008s][info][gc,init] CPUs: 4 total, 4 available
[0.008s][info][gc,init] Memory: 7937M
[0.008s][info][gc,init] Large Page Support: Disabled
[0.008s][info][gc,init] NUMA Support: Disabled
[0.008s][info][gc,init] Compressed Oops: Enabled (32-bit)
[0.008s][info][gc,init] Heap Min Capacity: 6656K
[0.008s][info][gc,init] Heap Initial Capacity: 127488K
[0.008s][info][gc,init] Heap Max Capacity: 2032128K
[0.008s][info][gc,init] Pre-touch: Disabled
[0.008s][info][gc,init] Mode: Snapshot-At-The-Beginning (SATB)
[0.008s][info][gc,init] Heuristics: Adaptive
[0.008s][info][gc,init] Heap Region Count: 3969
[0.008s][info][gc,init] Heap Region Size: 512K
[0.008s][info][gc,init] TLAB Size Max: 512K
[0.008s][info][gc,init] Humongous Object Threshold: 512K
[0.008s][info][gc,init] Parallel Workers: 8
[0.008s][info][gc,init] Concurrent Workers: 2
[0.016s][info][gc,metaspace] CDS archive(s) mapped at: [0x00007f7023000000-0x00007f7023c97000-0x00007f7023c97000), size 13201408, SharedBaseAddress: 0x00007f7023000000, ArchiveRelocationMode: 1.
[0.016s][info][gc,metaspace] Compressed class space mapped at: 0x00007f7024000000-0x00007f7064000000, reserved size: 1073741824
[0.016s][info][gc,metaspace] Narrow klass base: 0x00007f7023000000, Narrow klass shift: 0, Narrow klass range: 0x100000000
[1.247s][info][gc          ] Trigger: Metadata GC Threshold
[1.247s][info][gc,ergo     ] Free: 1745M, Max: 512K regular, 1745M humongous, Frag: 0% external, 0% internal; Reserve: 101888K, Max: 512K
[1.247s][info][gc,start    ] GC(0) Concurrent reset
[1.247s][info][gc,task     ] GC(0) Using 2 of 8 workers for concurrent reset
[1.247s][info][gc,ergo     ] GC(0) Pacer for Reset. Non-Taxable: 1984M
[1.247s][info][gc          ] GC(0) Concurrent reset 0.418ms
[1.247s][info][gc,start    ] GC(0) Pause Init Mark (unload classes)
[1.248s][info][gc,task     ] GC(0) Using 8 of 8 workers for init marking
[1.248s][info][gc,ergo     ] GC(0) Pacer for Mark. Expected Live: 198M, Free: 1745M, Non-Taxable: 174M, Alloc Tax Rate: 0.1x
[1.248s][info][gc          ] GC(0) Pause Init Mark (unload classes) 0.437ms
[1.248s][info][gc,start    ] GC(0) Concurrent marking roots
[1.248s][info][gc,task     ] GC(0) Using 2 of 8 workers for concurrent marking roots
[1.250s][info][gc          ] GC(0) Concurrent marking roots 1.800ms
[1.250s][info][gc,start    ] GC(0) Concurrent marking (unload classes)
[1.250s][info][gc,task     ] GC(0) Using 2 of 8 workers for concurrent marking
[1.298s][info][gc          ] GC(0) Concurrent marking (unload classes) 48.525ms
[1.298s][info][gc,start    ] GC(0) Pause Final Mark (unload classes)
[1.298s][info][gc,task     ] GC(0) Using 8 of 8 workers for final marking
[1.304s][info][gc,ergo     ] GC(0) Adaptive CSet Selection. Target Free: 281M, Actual Free: 1845M, Max CSet: 84672K, Min Garbage: 0B
[1.304s][info][gc,ergo     ] GC(0) Collectable Garbage: 73210K (98%), Immediate: 4847K (6%), CSet: 68363K (91%)
[1.304s][info][gc,ergo     ] GC(0) Pacer for Evacuation. Used CSet: 75776K, Free: 1746M, Non-Taxable: 174M, Alloc Tax Rate: 1.1x
[1.304s][info][gc          ] GC(0) Pause Final Mark (unload classes) 5.891ms
[1.304s][info][gc,start    ] GC(0) Concurrent thread roots
[1.304s][info][gc,task     ] GC(0) Using 2 of 8 workers for Concurrent thread roots
[1.305s][info][gc          ] GC(0) Concurrent thread roots 0.839ms
[1.305s][info][gc,start    ] GC(0) Concurrent weak references
[1.305s][info][gc,task     ] GC(0) Using 2 of 8 workers for concurrent weak references
[1.305s][info][gc,ref      ] GC(0) Encountered references: Soft: 3977, Weak: 2161, Final: 4, Phantom: 822
[1.305s][info][gc,ref      ] GC(0) Discovered  references: Soft: 0, Weak: 1269, Final: 0, Phantom: 690
[1.305s][info][gc,ref      ] GC(0) Enqueued    references: Soft: 0, Weak: 492, Final: 0, Phantom: 230
[1.305s][info][gc          ] GC(0) Concurrent weak references 0.511ms
[1.306s][info][gc,start    ] GC(0) Concurrent weak roots
[1.306s][info][gc,task     ] GC(0) Using 2 of 8 workers for concurrent weak root
[1.309s][info][gc          ] GC(0) Concurrent weak roots 3.158ms
[1.309s][info][gc,start    ] GC(0) Concurrent cleanup
[1.309s][info][gc          ] GC(0) Concurrent cleanup 143M->138M(146M) 0.099ms
[1.309s][info][gc,ergo     ] GC(0) Free: 1745M, Max: 512K regular, 1740M humongous, Frag: 1% external, 0% internal; Reserve: 100849K, Max: 512K
[1.309s][info][gc,start    ] GC(0) Concurrent class unloading
[1.309s][info][gc,task     ] GC(0) Using 2 of 8 workers for concurrent class unloading
[1.316s][info][gc          ] GC(0) Concurrent class unloading 7.515ms
[1.316s][info][gc,start    ] GC(0) Concurrent strong roots
[1.316s][info][gc,task     ] GC(0) Using 2 of 8 workers for concurrent strong root
[1.318s][info][gc          ] GC(0) Concurrent strong roots 1.214ms
[1.318s][info][gc,start    ] GC(0) Concurrent evacuation
[1.318s][info][gc,task     ] GC(0) Using 2 of 8 workers for concurrent evacuation
[1.331s][info][gc          ] GC(0) Concurrent evacuation 13.565ms
[1.331s][info][gc,start    ] GC(0) Pause Init Update Refs
[1.331s][info][gc,ergo     ] GC(0) Pacer for Update Refs. Used: 147M, Free: 1744M, Non-Taxable: 174M, Alloc Tax Rate: 1.1x
[1.331s][info][gc          ] GC(0) Pause Init Update Refs 0.034ms
[1.331s][info][gc,start    ] GC(0) Concurrent update references
[1.331s][info][gc,task     ] GC(0) Using 2 of 8 workers for concurrent reference update
[1.354s][info][gc          ] GC(0) Concurrent update references 23.091ms
[1.355s][info][gc,start    ] GC(0) Concurrent update thread roots
[1.355s][info][gc          ] GC(0) Concurrent update thread roots 0.230ms
[1.355s][info][gc,start    ] GC(0) Pause Final Update Refs
[1.355s][info][gc,task     ] GC(0) Using 8 of 8 workers for final reference update
[1.355s][info][gc          ] GC(0) Pause Final Update Refs 0.093ms
[1.355s][info][gc,start    ] GC(0) Concurrent cleanup
[1.355s][info][gc          ] GC(0) Concurrent cleanup 147M->73M(154M) 0.086ms
[1.355s][info][gc,ergo     ] Free: 1809M, Max: 512K regular, 1731M humongous, Frag: 5% external, 0% internal; Reserve: 101888K, Max: 512K
[1.355s][info][gc,stats    ] 
[1.355s][info][gc,stats    ] All times are wall-clock times, except per-root-class counters, that are sum over
[1.355s][info][gc,stats    ] all workers. Dividing the <total> over the root stage time estimates parallelism.
[1.355s][info][gc,stats    ] 
[1.355s][info][gc,stats    ] Concurrent Reset                    433 us
[1.355s][info][gc,stats    ] Pause Init Mark (G)                 563 us
[1.355s][info][gc,stats    ] Pause Init Mark (N)                 446 us
[1.355s][info][gc,stats    ]   Update Region States               30 us
[1.355s][info][gc,stats    ] Concurrent Mark Roots              1823 us, parallelism: 1.77x
[1.355s][info][gc,stats    ]   CMR: <total>                     3228 us
[1.355s][info][gc,stats    ]   CMR: Thread Roots                1872 us, workers (us): 1413, 459, ---, ---, ---, ---, ---, ---, 
[1.355s][info][gc,stats    ]   CMR: VM Strong Roots              439 us, workers (us): 297, 142, ---, ---, ---, ---, ---, ---, 
[1.355s][info][gc,stats    ]   CMR: CLDG Roots                   918 us, workers (us): ---, 918, ---, ---, ---, ---, ---, ---, 
[1.355s][info][gc,stats    ] Concurrent Marking                48547 us
[1.355s][info][gc,stats    ] Pause Final Mark (G)               6025 us
[1.355s][info][gc,stats    ] Pause Final Mark (N)               5898 us
[1.355s][info][gc,stats    ]   Finish Mark                      5716 us
[1.355s][info][gc,stats    ]   Update Region States               40 us
[1.355s][info][gc,stats    ]   Choose Collection Set              79 us
[1.355s][info][gc,stats    ]   Rebuild Free Set                   15 us
[1.355s][info][gc,stats    ] Concurrent Thread Roots             857 us, parallelism: 1.24x
[1.355s][info][gc,stats    ]   CTR: <total>                     1066 us
[1.355s][info][gc,stats    ]   CTR: Thread Roots                1066 us, workers (us): 381, 685, ---, ---, ---, ---, ---, ---, 
[1.355s][info][gc,stats    ] Concurrent Weak References          519 us, parallelism: 0.87x
[1.355s][info][gc,stats    ]   CWRF: <total>                     449 us
[1.355s][info][gc,stats    ]   CWRF: Weak References             449 us, workers (us): 434,  15, ---, ---, ---, ---, ---, ---, 
[1.355s][info][gc,stats    ] Concurrent Weak Roots              3170 us
[1.355s][info][gc,stats    ]   Roots                            3112 us, parallelism: 0.86x
[1.355s][info][gc,stats    ]     CWR: <total>                   2664 us
[1.355s][info][gc,stats    ]     CWR: Code Cache Roots           778 us, workers (us): 778,   0, ---, ---, ---, ---, ---, ---, 
[1.355s][info][gc,stats    ]     CWR: VM Weak Roots             1866 us, workers (us): 1866,   1, ---, ---, ---, ---, ---, ---, 
[1.355s][info][gc,stats    ]     CWR: CLDG Roots                  20 us, workers (us):  20, ---, ---, ---, ---, ---, ---, ---, 
[1.355s][info][gc,stats    ]   Rendezvous                         31 us
[1.355s][info][gc,stats    ] Concurrent Cleanup                  105 us
[1.355s][info][gc,stats    ] Concurrent Class Unloading         7525 us
[1.355s][info][gc,stats    ]   Unlink Stale                     5427 us
[1.355s][info][gc,stats    ]     System Dictionary                30 us
[1.355s][info][gc,stats    ]     Weak Class Links                  0 us
[1.355s][info][gc,stats    ]     Code Roots                     5395 us
[1.355s][info][gc,stats    ]   Rendezvous                        225 us
[1.355s][info][gc,stats    ]   Purge Unlinked                   1849 us
[1.355s][info][gc,stats    ]     Code Roots                     1836 us
[1.355s][info][gc,stats    ]     CLDG                             13 us
[1.355s][info][gc,stats    ]     Exception Caches                  0 us
[1.355s][info][gc,stats    ] Concurrent Strong Roots            1229 us, parallelism: 0.93x
[1.355s][info][gc,stats    ]   CSR: <total>                     1142 us
[1.355s][info][gc,stats    ]   CSR: VM Strong Roots               29 us, workers (us):  28,   0, ---, ---, ---, ---, ---, ---, 
[1.355s][info][gc,stats    ]   CSR: CLDG Roots                  1114 us, workers (us): ---, 1114, ---, ---, ---, ---, ---, ---, 
[1.355s][info][gc,stats    ] Concurrent Evacuation             13586 us
[1.355s][info][gc,stats    ] Pause Init Update Refs (G)          243 us
[1.355s][info][gc,stats    ] Pause Init Update Refs (N)           41 us
[1.355s][info][gc,stats    ]   Manage GCLABs                       5 us
[1.355s][info][gc,stats    ] Concurrent Update Refs            23114 us
[1.355s][info][gc,stats    ] Concurrent Update Thread Roots      242 us
[1.355s][info][gc,stats    ] Pause Final Update Refs (G)         141 us
[1.355s][info][gc,stats    ] Pause Final Update Refs (N)         100 us
[1.355s][info][gc,stats    ]   Update Region States               41 us
[1.355s][info][gc,stats    ]   Trash Collection Set                3 us
[1.355s][info][gc,stats    ]   Rebuild Free Set                   18 us
[1.355s][info][gc,stats    ] Concurrent Cleanup                   94 us
[1.355s][info][gc,stats    ] 
[1.355s][info][gc,stats    ] Allocation pacing accrued:
[1.355s][info][gc,stats    ]       0 of  1348 ms (  0.0%): <total>
[1.355s][info][gc,stats    ]       0 of  1348 ms (  0.0%): <average total>
[1.355s][info][gc,stats    ] 
[1.355s][info][gc,metaspace] Metaspace: 21202K(21568K)->22494K(22848K) NonClass: 18853K(19008K)->19995K(20160K) Class: 2348K(2560K)->2499K(2688K)
[1.355s][info][gc,ergo     ] Pacer for Idle. Initial: 40642K, Alloc Tax Rate: 1.0x
[2.673s][info][gc          ] Trigger: Metadata GC Threshold
[2.673s][info][gc,ergo     ] Free: 1703M, Max: 512K regular, 1703M humongous, Frag: 0% external, 0% internal; Reserve: 101888K, Max: 512K
[2.673s][info][gc,start    ] GC(1) Concurrent reset
[2.673s][info][gc,task     ] GC(1) Using 2 of 8 workers for concurrent reset
[2.673s][info][gc,ergo     ] GC(1) Pacer for Reset. Non-Taxable: 1984M
[2.674s][info][gc          ] GC(1) Concurrent reset 1.650ms
[2.675s][info][gc,start    ] GC(1) Pause Init Mark (unload classes)
[2.675s][info][gc,task     ] GC(1) Using 8 of 8 workers for init marking
[2.675s][info][gc,ergo     ] GC(1) Pacer for Mark. Expected Live: 65592K, Free: 1703M, Non-Taxable: 170M, Alloc Tax Rate: 0.0x
[2.675s][info][gc          ] GC(1) Pause Init Mark (unload classes) 0.090ms
[2.675s][info][gc,start    ] GC(1) Concurrent marking roots
[2.675s][info][gc,task     ] GC(1) Using 2 of 8 workers for concurrent marking roots
[2.676s][info][gc          ] GC(1) Concurrent marking roots 0.846ms
[2.676s][info][gc,start    ] GC(1) Concurrent marking (unload classes)
[2.676s][info][gc,task     ] GC(1) Using 2 of 8 workers for concurrent marking
[2.761s][info][gc          ] GC(1) Concurrent marking (unload classes) 85.538ms
[2.761s][info][gc,start    ] GC(1) Pause Final Mark (unload classes)
[2.761s][info][gc,task     ] GC(1) Using 8 of 8 workers for final marking
[2.764s][info][gc,ergo     ] GC(1) Adaptive CSet Selection. Target Free: 281M, Actual Free: 1836M, Max CSet: 84672K, Min Garbage: 0B
[2.764s][info][gc,ergo     ] GC(1) Collectable Garbage: 103M (98%), Immediate: 39452K (36%), CSet: 66815K (61%)
[2.764s][info][gc,ergo     ] GC(1) Pacer for Evacuation. Used CSet: 75588K, Free: 1738M, Non-Taxable: 173M, Alloc Tax Rate: 1.1x
[2.764s][info][gc          ] GC(1) Pause Final Mark (unload classes) 2.374ms
[2.764s][info][gc,start    ] GC(1) Concurrent thread roots
[2.764s][info][gc,task     ] GC(1) Using 2 of 8 workers for Concurrent thread roots
[2.764s][info][gc          ] GC(1) Concurrent thread roots 0.358ms
[2.764s][info][gc,start    ] GC(1) Concurrent weak references
[2.764s][info][gc,task     ] GC(1) Using 2 of 8 workers for concurrent weak references
[2.765s][info][gc,ref      ] GC(1) Encountered references: Soft: 4311, Weak: 2865, Final: 21, Phantom: 820
[2.765s][info][gc,ref      ] GC(1) Discovered  references: Soft: 0, Weak: 1724, Final: 16, Phantom: 806
[2.765s][info][gc,ref      ] GC(1) Enqueued    references: Soft: 0, Weak: 397, Final: 0, Phantom: 194
[2.765s][info][gc          ] GC(1) Concurrent weak references 0.534ms
[2.765s][info][gc,start    ] GC(1) Concurrent weak roots
[2.765s][info][gc,task     ] GC(1) Using 2 of 8 workers for concurrent weak root
[2.767s][info][gc          ] GC(1) Concurrent weak roots 2.820ms
[2.767s][info][gc,start    ] GC(1) Concurrent cleanup
[2.768s][info][gc          ] GC(1) Concurrent cleanup 184M->145M(189M) 0.128ms
[2.768s][info][gc,ergo     ] GC(1) Free: 1737M, Max: 512K regular, 1697M humongous, Frag: 3% external, 0% internal; Reserve: 101263K, Max: 512K
[2.768s][info][gc,start    ] GC(1) Concurrent class unloading
[2.768s][info][gc,task     ] GC(1) Using 2 of 8 workers for concurrent class unloading
[2.771s][info][gc          ] GC(1) Concurrent class unloading 3.629ms
[2.771s][info][gc,start    ] GC(1) Concurrent strong roots
[2.771s][info][gc,task     ] GC(1) Using 2 of 8 workers for concurrent strong root
[2.774s][info][gc          ] GC(1) Concurrent strong roots 2.327ms
[2.774s][info][gc,start    ] GC(1) Concurrent evacuation
[2.774s][info][gc,task     ] GC(1) Using 2 of 8 workers for concurrent evacuation
[2.780s][info][gc          ] GC(1) Concurrent evacuation 6.349ms
[2.780s][info][gc,start    ] GC(1) Pause Init Update Refs
[2.780s][info][gc,ergo     ] GC(1) Pacer for Update Refs. Used: 154M, Free: 1737M, Non-Taxable: 173M, Alloc Tax Rate: 1.1x
[2.780s][info][gc          ] GC(1) Pause Init Update Refs 0.034ms
[2.780s][info][gc,start    ] GC(1) Concurrent update references
[2.780s][info][gc,task     ] GC(1) Using 2 of 8 workers for concurrent reference update
[2.814s][info][gc          ] GC(1) Concurrent update references 34.093ms
[2.814s][info][gc,start    ] GC(1) Concurrent update thread roots
[2.815s][info][gc          ] GC(1) Concurrent update thread roots 0.775ms
[2.815s][info][gc,start    ] GC(1) Pause Final Update Refs
[2.815s][info][gc,task     ] GC(1) Using 8 of 8 workers for final reference update
[2.815s][info][gc          ] GC(1) Pause Final Update Refs 0.098ms
[2.815s][info][gc,start    ] GC(1) Concurrent cleanup
[2.815s][info][gc          ] GC(1) Concurrent cleanup 155M->81M(197M) 0.099ms
[2.815s][info][gc,ergo     ] Free: 1800M, Max: 512K regular, 1689M humongous, Frag: 7% external, 0% internal; Reserve: 101888K, Max: 512K
[2.815s][info][gc,stats    ] 
[2.815s][info][gc,stats    ] All times are wall-clock times, except per-root-class counters, that are sum over
[2.815s][info][gc,stats    ] all workers. Dividing the <total> over the root stage time estimates parallelism.
[2.815s][info][gc,stats    ] 
[2.815s][info][gc,stats    ] Concurrent Reset                   1670 us
[2.815s][info][gc,stats    ] Pause Init Mark (G)                 251 us
[2.815s][info][gc,stats    ] Pause Init Mark (N)                 100 us
[2.815s][info][gc,stats    ]   Update Region States               35 us
[2.815s][info][gc,stats    ] Concurrent Mark Roots               868 us, parallelism: 1.47x
[2.815s][info][gc,stats    ]   CMR: <total>                     1276 us
[2.815s][info][gc,stats    ]   CMR: Thread Roots                 639 us, workers (us): 500, 139, ---, ---, ---, ---, ---, ---, 
[2.815s][info][gc,stats    ]   CMR: VM Strong Roots              248 us, workers (us): 136, 111, ---, ---, ---, ---, ---, ---, 
[2.815s][info][gc,stats    ]   CMR: CLDG Roots                   389 us, workers (us): ---, 389, ---, ---, ---, ---, ---, ---, 
[2.815s][info][gc,stats    ] Concurrent Marking                85562 us
[2.815s][info][gc,stats    ] Pause Final Mark (G)               2512 us
[2.815s][info][gc,stats    ] Pause Final Mark (N)               2380 us
[2.815s][info][gc,stats    ]   Finish Mark                      2199 us
[2.815s][info][gc,stats    ]   Update Region States               42 us
[2.815s][info][gc,stats    ]   Choose Collection Set              77 us
[2.815s][info][gc,stats    ]   Rebuild Free Set                   16 us
[2.815s][info][gc,stats    ] Concurrent Thread Roots             373 us, parallelism: 1.27x
[2.815s][info][gc,stats    ]   CTR: <total>                      475 us
[2.815s][info][gc,stats    ]   CTR: Thread Roots                 475 us, workers (us): 314, 162, ---, ---, ---, ---, ---, ---, 
[2.815s][info][gc,stats    ] Concurrent Weak References          541 us, parallelism: 0.93x
[2.815s][info][gc,stats    ]   CWRF: <total>                     500 us
[2.815s][info][gc,stats    ]   CWRF: Weak References             500 us, workers (us): 473,  27, ---, ---, ---, ---, ---, ---, 
[2.815s][info][gc,stats    ] Concurrent Weak Roots              2835 us
[2.815s][info][gc,stats    ]   Roots                            1692 us, parallelism: 1.91x
[2.815s][info][gc,stats    ]     CWR: <total>                   3239 us
[2.815s][info][gc,stats    ]     CWR: Code Cache Roots          1140 us, workers (us): 578, 561, ---, ---, ---, ---, ---, ---, 
[2.815s][info][gc,stats    ]     CWR: VM Weak Roots             2072 us, workers (us): 1046, 1025, ---, ---, ---, ---, ---, ---, 
[2.815s][info][gc,stats    ]     CWR: CLDG Roots                  28 us, workers (us): ---,  28, ---, ---, ---, ---, ---, ---, 
[2.815s][info][gc,stats    ]   Rendezvous                       1112 us
[2.815s][info][gc,stats    ] Concurrent Cleanup                  135 us
[2.815s][info][gc,stats    ] Concurrent Class Unloading         3639 us
[2.815s][info][gc,stats    ]   Unlink Stale                     2093 us
[2.815s][info][gc,stats    ]     System Dictionary                46 us
[2.815s][info][gc,stats    ]     Weak Class Links                  0 us
[2.815s][info][gc,stats    ]     Code Roots                     2045 us
[2.815s][info][gc,stats    ]   Rendezvous                        136 us
[2.815s][info][gc,stats    ]   Purge Unlinked                   1387 us
[2.816s][info][gc,stats    ]     Code Roots                     1378 us
[2.816s][info][gc,stats    ]     CLDG                              8 us
[2.816s][info][gc,stats    ]     Exception Caches                  0 us
[2.816s][info][gc,stats    ] Concurrent Strong Roots            2342 us, parallelism: 0.51x
[2.816s][info][gc,stats    ]   CSR: <total>                     1204 us
[2.816s][info][gc,stats    ]   CSR: VM Strong Roots               15 us, workers (us):  10,   5, ---, ---, ---, ---, ---, ---, 
[2.816s][info][gc,stats    ]   CSR: CLDG Roots                  1189 us, workers (us): 1189, ---, ---, ---, ---, ---, ---, ---, 
[2.816s][info][gc,stats    ] Concurrent Evacuation              6371 us
[2.816s][info][gc,stats    ] Pause Init Update Refs (G)          150 us
[2.816s][info][gc,stats    ] Pause Init Update Refs (N)           40 us
[2.816s][info][gc,stats    ]   Manage GCLABs                       5 us
[2.816s][info][gc,stats    ] Concurrent Update Refs            34124 us
[2.816s][info][gc,stats    ] Concurrent Update Thread Roots      793 us
[2.816s][info][gc,stats    ] Pause Final Update Refs (G)         149 us
[2.816s][info][gc,stats    ] Pause Final Update Refs (N)         116 us
[2.816s][info][gc,stats    ]   Update Region States               37 us
[2.816s][info][gc,stats    ]   Trash Collection Set                5 us
[2.816s][info][gc,stats    ]   Rebuild Free Set                   22 us
[2.816s][info][gc,stats    ] Concurrent Cleanup                  107 us
[2.816s][info][gc,stats    ] 
[2.816s][info][gc,stats    ] Allocation pacing accrued:
[2.816s][info][gc,stats    ]       0 of  1460 ms (  0.0%): <total>
[2.816s][info][gc,stats    ]       0 of  1460 ms (  0.0%): <average total>
[2.816s][info][gc,stats    ] 
[2.816s][info][gc,metaspace] Metaspace: 37749K(38144K)->39398K(39744K) NonClass: 33558K(33792K)->35003K(35200K) Class: 4190K(4352K)->4395K(4544K)
[2.816s][info][gc,ergo     ] Pacer for Idle. Initial: 40642K, Alloc Tax Rate: 1.0x
[33.516s][info][gc          ] Trigger: Metadata GC Threshold
[33.516s][info][gc,ergo     ] Free: 1438M, Max: 512K regular, 1438M humongous, Frag: 0% external, 0% internal; Reserve: 101888K, Max: 512K
[33.516s][info][gc,start    ] GC(2) Concurrent reset
[33.516s][info][gc,task     ] GC(2) Using 2 of 8 workers for concurrent reset
[33.516s][info][gc,ergo     ] GC(2) Pacer for Reset. Non-Taxable: 1984M
[33.517s][info][gc          ] GC(2) Concurrent reset 1.397ms
[33.520s][info][gc,start    ] GC(2) Pause Init Mark (unload classes)
[33.520s][info][gc,task     ] GC(2) Using 8 of 8 workers for init marking
[33.520s][info][gc,ergo     ] GC(2) Pacer for Mark. Expected Live: 69889K, Free: 1437M, Non-Taxable: 143M, Alloc Tax Rate: 0.1x
[33.520s][info][gc          ] GC(2) Pause Init Mark (unload classes) 0.086ms
[33.520s][info][gc,start    ] GC(2) Concurrent marking roots
[33.520s][info][gc,task     ] GC(2) Using 2 of 8 workers for concurrent marking roots
[33.527s][info][gc          ] GC(2) Concurrent marking roots 7.310ms
[33.527s][info][gc,start    ] GC(2) Concurrent marking (unload classes)
[33.527s][info][gc,task     ] GC(2) Using 2 of 8 workers for concurrent marking
[33.670s][info][gc          ] GC(2) Concurrent marking (unload classes) 143.312ms
[33.670s][info][gc,start    ] GC(2) Pause Final Mark (unload classes)
[33.670s][info][gc,task     ] GC(2) Using 8 of 8 workers for final marking
[33.677s][info][gc,ergo     ] GC(2) Adaptive CSet Selection. Target Free: 281M, Actual Free: 1684M, Max CSet: 84672K, Min Garbage: 0B
[33.677s][info][gc,ergo     ] GC(2) Collectable Garbage: 359M (99%), Immediate: 199M (55%), CSet: 160M (44%)
[33.677s][info][gc,ergo     ] GC(2) Pacer for Evacuation. Used CSet: 169M, Free: 1587M, Non-Taxable: 158M, Alloc Tax Rate: 1.1x
[33.677s][info][gc          ] GC(2) Pause Final Mark (unload classes) 6.401ms
[33.677s][info][gc,start    ] GC(2) Concurrent thread roots
[33.677s][info][gc,task     ] GC(2) Using 2 of 8 workers for Concurrent thread roots
[33.680s][info][gc          ] GC(2) Concurrent thread roots 2.667ms
[33.680s][info][gc,start    ] GC(2) Concurrent weak references
[33.680s][info][gc,task     ] GC(2) Using 2 of 8 workers for concurrent weak references
[33.682s][info][gc,ref      ] GC(2) Encountered references: Soft: 4693, Weak: 6162, Final: 82, Phantom: 1278
[33.682s][info][gc,ref      ] GC(2) Discovered  references: Soft: 0, Weak: 1394, Final: 8, Phantom: 971
[33.682s][info][gc,ref      ] GC(2) Enqueued    references: Soft: 0, Weak: 734, Final: 8, Phantom: 536
[33.682s][info][gc          ] GC(2) Concurrent weak references 2.932ms
[33.682s][info][gc,start    ] GC(2) Concurrent weak roots
[33.682s][info][gc,task     ] GC(2) Using 2 of 8 workers for concurrent weak root
[33.722s][info][gc          ] GC(2) Concurrent weak roots 39.561ms
[33.722s][info][gc,start    ] GC(2) Concurrent cleanup
[33.722s][info][gc          ] GC(2) Concurrent cleanup 510M->310M(515M) 0.137ms
[33.722s][info][gc,ergo     ] GC(2) Free: 1573M, Max: 512K regular, 1372M humongous, Frag: 13% external, 0% internal; Reserve: 99579K, Max: 512K
[33.722s][info][gc,start    ] GC(2) Concurrent class unloading
[33.722s][info][gc,task     ] GC(2) Using 2 of 8 workers for concurrent class unloading
[33.755s][info][gc          ] GC(2) Concurrent class unloading 32.711ms
[33.755s][info][gc,start    ] GC(2) Concurrent strong roots
[33.755s][info][gc,task     ] GC(2) Using 2 of 8 workers for concurrent strong root
[33.757s][info][gc          ] GC(2) Concurrent strong roots 1.602ms
[33.757s][info][gc,start    ] GC(2) Concurrent evacuation
[33.757s][info][gc,task     ] GC(2) Using 2 of 8 workers for concurrent evacuation
[33.775s][info][gc          ] GC(2) Concurrent evacuation 18.048ms
[33.775s][info][gc,start    ] GC(2) Pause Init Update Refs
[33.775s][info][gc,ergo     ] GC(2) Pacer for Update Refs. Used: 326M, Free: 1567M, Non-Taxable: 156M, Alloc Tax Rate: 1.1x
[33.775s][info][gc          ] GC(2) Pause Init Update Refs 0.063ms
[33.775s][info][gc,start    ] GC(2) Concurrent update references
[33.775s][info][gc,task     ] GC(2) Using 2 of 8 workers for concurrent reference update
[33.803s][info][gc          ] GC(2) Concurrent update references 28.494ms
[33.803s][info][gc,start    ] GC(2) Concurrent update thread roots
[33.804s][info][gc          ] GC(2) Concurrent update thread roots 1.068ms
[33.805s][info][gc,start    ] GC(2) Pause Final Update Refs
[33.805s][info][gc,task     ] GC(2) Using 8 of 8 workers for final reference update
[33.805s][info][gc          ] GC(2) Pause Final Update Refs 0.102ms
[33.805s][info][gc,start    ] GC(2) Concurrent cleanup
[33.805s][info][gc          ] GC(2) Concurrent cleanup 326M->156M(524M) 0.115ms
[33.805s][info][gc,ergo     ] Free: 1725M, Max: 512K regular, 1363M humongous, Frag: 22% external, 0% internal; Reserve: 101888K, Max: 512K
[33.805s][info][gc,stats    ] 
[33.805s][info][gc,stats    ] All times are wall-clock times, except per-root-class counters, that are sum over
[33.805s][info][gc,stats    ] all workers. Dividing the <total> over the root stage time estimates parallelism.
[33.805s][info][gc,stats    ] 
[33.805s][info][gc,stats    ] Concurrent Reset                   1426 us
[33.805s][info][gc,stats    ] Pause Init Mark (G)                2463 us
[33.805s][info][gc,stats    ] Pause Init Mark (N)                  93 us
[33.805s][info][gc,stats    ]   Update Region States               30 us
[33.805s][info][gc,stats    ] Concurrent Mark Roots              7337 us, parallelism: 1.95x
[33.805s][info][gc,stats    ]   CMR: <total>                    14293 us
[33.805s][info][gc,stats    ]   CMR: Thread Roots                9339 us, workers (us): 6698, 2641, ---, ---, ---, ---, ---, ---, 
[33.805s][info][gc,stats    ]   CMR: VM Strong Roots              935 us, workers (us): 474, 461, ---, ---, ---, ---, ---, ---, 
[33.805s][info][gc,stats    ]   CMR: CLDG Roots                  4019 us, workers (us): ---, 4019, ---, ---, ---, ---, ---, ---, 
[33.805s][info][gc,stats    ] Concurrent Marking               143335 us
[33.805s][info][gc,stats    ] Pause Final Mark (G)               6498 us
[33.805s][info][gc,stats    ] Pause Final Mark (N)               6408 us
[33.805s][info][gc,stats    ]   Finish Mark                      6189 us
[33.805s][info][gc,stats    ]   Update Region States               44 us
[33.805s][info][gc,stats    ]   Choose Collection Set              98 us
[33.805s][info][gc,stats    ]   Rebuild Free Set                   17 us
[33.805s][info][gc,stats    ] Concurrent Thread Roots            2688 us, parallelism: 0.86x
[33.805s][info][gc,stats    ]   CTR: <total>                     2321 us
[33.805s][info][gc,stats    ]   CTR: Thread Roots                2321 us, workers (us): 896, 1426, ---, ---, ---, ---, ---, ---, 
[33.805s][info][gc,stats    ] Concurrent Weak References         2939 us, parallelism: 1.12x
[33.805s][info][gc,stats    ]   CWRF: <total>                    3296 us
[33.805s][info][gc,stats    ]   CWRF: Weak References            3296 us, workers (us): 816, 2480, ---, ---, ---, ---, ---, ---, 
[33.805s][info][gc,stats    ] Concurrent Weak Roots             39576 us
[33.805s][info][gc,stats    ]   Roots                           33925 us, parallelism: 1.56x
[33.805s][info][gc,stats    ]     CWR: <total>                  52831 us
[33.805s][info][gc,stats    ]     CWR: Code Cache Roots         16816 us, workers (us): 4803, 12013, ---, ---, ---, ---, ---, ---, 
[33.805s][info][gc,stats    ]     CWR: VM Weak Roots            35971 us, workers (us): 20525, 15447, ---, ---, ---, ---, ---, ---, 
[33.805s][info][gc,stats    ]     CWR: CLDG Roots                  43 us, workers (us): ---,  43, ---, ---, ---, ---, ---, ---, 
[33.805s][info][gc,stats    ]   Rendezvous                       5621 us
[33.805s][info][gc,stats    ] Concurrent Cleanup                  145 us
[33.805s][info][gc,stats    ] Concurrent Class Unloading        32726 us
[33.805s][info][gc,stats    ]   Unlink Stale                    16824 us
[33.805s][info][gc,stats    ]     System Dictionary               223 us
[33.805s][info][gc,stats    ]     Weak Class Links               8759 us
[33.805s][info][gc,stats    ]     Code Roots                     7839 us
[33.805s][info][gc,stats    ]   Rendezvous                        607 us
[33.805s][info][gc,stats    ]   Purge Unlinked                  15261 us
[33.805s][info][gc,stats    ]     Code Roots                    15227 us
[33.805s][info][gc,stats    ]     CLDG                             33 us
[33.805s][info][gc,stats    ]     Exception Caches                  0 us
[33.805s][info][gc,stats    ] Concurrent Strong Roots            1619 us, parallelism: 0.93x
[33.805s][info][gc,stats    ]   CSR: <total>                     1501 us
[33.805s][info][gc,stats    ]   CSR: VM Strong Roots               51 us, workers (us):  51,   1, ---, ---, ---, ---, ---, ---, 
[33.805s][info][gc,stats    ]   CSR: CLDG Roots                  1450 us, workers (us): 1450, ---, ---, ---, ---, ---, ---, ---, 
[33.805s][info][gc,stats    ] Concurrent Evacuation             18073 us
[33.805s][info][gc,stats    ] Pause Init Update Refs (G)          143 us
[33.805s][info][gc,stats    ] Pause Init Update Refs (N)           70 us
[33.805s][info][gc,stats    ]   Manage GCLABs                      27 us
[33.805s][info][gc,stats    ] Concurrent Update Refs            28522 us
[33.805s][info][gc,stats    ] Concurrent Update Thread Roots     1076 us
[33.805s][info][gc,stats    ] Pause Final Update Refs (G)         248 us
[33.805s][info][gc,stats    ] Pause Final Update Refs (N)         110 us
[33.805s][info][gc,stats    ]   Update Region States               44 us
[33.805s][info][gc,stats    ]   Trash Collection Set                5 us
[33.805s][info][gc,stats    ]   Rebuild Free Set                   18 us
[33.805s][info][gc,stats    ] Concurrent Cleanup                  123 us
[33.805s][info][gc,stats    ] 
[33.805s][info][gc,stats    ] Allocation pacing accrued:
[33.805s][info][gc,stats    ]       0 of 30990 ms (  0.0%): <total>
[33.805s][info][gc,stats    ]       0 of 30990 ms (  0.0%): <average total>
[33.805s][info][gc,stats    ] 
[33.805s][info][gc,metaspace] Metaspace: 65710K(66304K)->66456K(67008K) NonClass: 58353K(58688K)->59063K(59392K) Class: 7357K(7616K)->7393K(7616K)
[33.805s][info][gc,ergo     ] Pacer for Idle. Initial: 40642K, Alloc Tax Rate: 1.0x
[45.637s][info][gc          ] Trigger: Learning 4 of 5. Free (1389M) is below initial threshold (1389M)
[45.637s][info][gc,ergo     ] Free: 1389M, Max: 512K regular, 1363M humongous, Frag: 2% external, 0% internal; Reserve: 101888K, Max: 512K
[45.637s][info][gc,start    ] GC(3) Concurrent reset
[45.637s][info][gc,task     ] GC(3) Using 2 of 8 workers for concurrent reset
[45.637s][info][gc,ergo     ] GC(3) Pacer for Reset. Non-Taxable: 1984M
[45.640s][info][gc          ] GC(3) Concurrent reset 3.720ms
[45.645s][info][gc,start    ] GC(3) Pause Init Mark (unload classes)
[45.645s][info][gc,task     ] GC(3) Using 8 of 8 workers for init marking
[45.645s][info][gc,ergo     ] GC(3) Pacer for Mark. Expected Live: 74135K, Free: 1389M, Non-Taxable: 138M, Alloc Tax Rate: 0.1x
[45.645s][info][gc          ] GC(3) Pause Init Mark (unload classes) 0.134ms
[45.645s][info][gc,start    ] GC(3) Concurrent marking roots
[45.645s][info][gc,task     ] GC(3) Using 2 of 8 workers for concurrent marking roots
[45.647s][info][gc          ] GC(3) Concurrent marking roots 1.814ms
[45.647s][info][gc,start    ] GC(3) Concurrent marking (unload classes)
[45.647s][info][gc,task     ] GC(3) Using 2 of 8 workers for concurrent marking
[46.011s][info][gc          ] GC(3) Concurrent marking (unload classes) 364.248ms
[46.011s][info][gc,start    ] GC(3) Pause Final Mark (unload classes)
[46.011s][info][gc,task     ] GC(3) Using 8 of 8 workers for final marking
[46.019s][info][gc,ergo     ] GC(3) Adaptive CSet Selection. Target Free: 281M, Actual Free: 1442M, Max CSet: 84672K, Min Garbage: 0B
[46.020s][info][gc,ergo     ] GC(3) Collectable Garbage: 397M (99%), Immediate: 16384K (3%), CSet: 381M (95%)
[46.020s][info][gc,ergo     ] GC(3) Pacer for Evacuation. Used CSet: 392M, Free: 1343M, Non-Taxable: 134M, Alloc Tax Rate: 1.1x
[46.020s][info][gc          ] GC(3) Pause Final Mark (unload classes) 8.257ms
[46.020s][info][gc,start    ] GC(3) Concurrent thread roots
[46.020s][info][gc,task     ] GC(3) Using 2 of 8 workers for Concurrent thread roots
[46.021s][info][gc          ] GC(3) Concurrent thread roots 1.208ms
[46.021s][info][gc,start    ] GC(3) Concurrent weak references
[46.021s][info][gc,task     ] GC(3) Using 2 of 8 workers for concurrent weak references
[46.054s][info][gc,ref      ] GC(3) Encountered references: Soft: 4701, Weak: 13834, Final: 74, Phantom: 802
[46.054s][info][gc,ref      ] GC(3) Discovered  references: Soft: 0, Weak: 8390, Final: 0, Phantom: 492
[46.054s][info][gc,ref      ] GC(3) Enqueued    references: Soft: 0, Weak: 7430, Final: 0, Phantom: 43
[46.054s][info][gc          ] GC(3) Concurrent weak references 33.022ms
[46.054s][info][gc,start    ] GC(3) Concurrent weak roots
[46.054s][info][gc,task     ] GC(3) Using 2 of 8 workers for concurrent weak root
[46.058s][info][gc          ] GC(3) Concurrent weak roots 4.495ms
[46.058s][info][gc,start    ] GC(3) Concurrent cleanup
[46.059s][info][gc          ] GC(3) Concurrent cleanup 565M->549M(568M) 0.169ms
[46.059s][info][gc,ergo     ] GC(3) Free: 1334M, Max: 512K regular, 1318M humongous, Frag: 2% external, 0% internal; Reserve: 100023K, Max: 512K
[46.059s][info][gc,start    ] GC(3) Concurrent class unloading
[46.059s][info][gc,task     ] GC(3) Using 2 of 8 workers for concurrent class unloading
[46.183s][info][gc          ] GC(3) Concurrent class unloading 124.397ms
[46.183s][info][gc,start    ] GC(3) Concurrent strong roots
[46.183s][info][gc,task     ] GC(3) Using 2 of 8 workers for concurrent strong root
[46.185s][info][gc          ] GC(3) Concurrent strong roots 1.997ms
[46.186s][info][gc,start    ] GC(3) Concurrent evacuation
[46.186s][info][gc,task     ] GC(3) Using 2 of 8 workers for concurrent evacuation
[46.200s][info][gc          ] GC(3) Concurrent evacuation 14.064ms
[46.200s][info][gc,start    ] GC(3) Pause Init Update Refs
[46.200s][info][gc,ergo     ] GC(3) Pacer for Update Refs. Used: 575M, Free: 1318M, Non-Taxable: 131M, Alloc Tax Rate: 1.1x
[46.200s][info][gc          ] GC(3) Pause Init Update Refs 0.052ms
[46.200s][info][gc,start    ] GC(3) Concurrent update references
[46.200s][info][gc,task     ] GC(3) Using 2 of 8 workers for concurrent reference update
[46.397s][info][gc          ] GC(3) Concurrent update references 196.824ms
[46.397s][info][gc,start    ] GC(3) Concurrent update thread roots
[46.400s][info][gc          ] GC(3) Concurrent update thread roots 2.668ms
[46.400s][info][gc,start    ] GC(3) Pause Final Update Refs
[46.400s][info][gc,task     ] GC(3) Using 8 of 8 workers for final reference update
[46.400s][info][gc          ] GC(3) Pause Final Update Refs 0.104ms
[46.400s][info][gc,start    ] GC(3) Concurrent cleanup
[46.400s][info][gc          ] GC(3) Concurrent cleanup 590M->198M(593M) 0.087ms
[46.400s][info][gc,ergo     ] Free: 1684M, Max: 512K regular, 1295M humongous, Frag: 24% external, 0% internal; Reserve: 101888K, Max: 512K
[46.400s][info][gc,stats    ] 
[46.400s][info][gc,stats    ] All times are wall-clock times, except per-root-class counters, that are sum over
[46.400s][info][gc,stats    ] all workers. Dividing the <total> over the root stage time estimates parallelism.
[46.400s][info][gc,stats    ] 
[46.400s][info][gc,stats    ] Concurrent Reset                   3746 us
[46.400s][info][gc,stats    ] Pause Init Mark (G)                4768 us
[46.400s][info][gc,stats    ] Pause Init Mark (N)                 141 us
[46.400s][info][gc,stats    ]   Update Region States               65 us
[46.400s][info][gc,stats    ] Concurrent Mark Roots              1856 us, parallelism: 1.29x
[46.400s][info][gc,stats    ]   CMR: <total>                     2389 us
[46.400s][info][gc,stats    ]   CMR: Thread Roots                2109 us, workers (us): 886, 1222, ---, ---, ---, ---, ---, ---, 
[46.400s][info][gc,stats    ]   CMR: VM Strong Roots               44 us, workers (us):  43,   1, ---, ---, ---, ---, ---, ---, 
[46.400s][info][gc,stats    ]   CMR: CLDG Roots                   236 us, workers (us): 236, ---, ---, ---, ---, ---, ---, ---, 
[46.400s][info][gc,stats    ] Concurrent Marking               364277 us
[46.400s][info][gc,stats    ] Pause Final Mark (G)               8340 us
[46.400s][info][gc,stats    ] Pause Final Mark (N)               8265 us
[46.400s][info][gc,stats    ]   Finish Mark                      7990 us
[46.400s][info][gc,stats    ]   Update Region States               55 us
[46.400s][info][gc,stats    ]   Choose Collection Set             153 us
[46.400s][info][gc,stats    ]   Rebuild Free Set                   16 us
[46.400s][info][gc,stats    ] Concurrent Thread Roots            1236 us, parallelism: 1.84x
[46.400s][info][gc,stats    ]   CTR: <total>                     2274 us
[46.400s][info][gc,stats    ]   CTR: Thread Roots                2274 us, workers (us): 1132, 1142, ---, ---, ---, ---, ---, ---, 
[46.400s][info][gc,stats    ] Concurrent Weak References        33031 us, parallelism: 1.00x
[46.400s][info][gc,stats    ]   CWRF: <total>                   32882 us
[46.400s][info][gc,stats    ]   CWRF: Weak References           32882 us, workers (us): 32856,  27, ---, ---, ---, ---, ---, ---, 
[46.400s][info][gc,stats    ] Concurrent Weak Roots              4519 us
[46.400s][info][gc,stats    ]   Roots                            2947 us, parallelism: 1.87x
[46.400s][info][gc,stats    ]     CWR: <total>                   5523 us
[46.400s][info][gc,stats    ]     CWR: Code Cache Roots          3874 us, workers (us): 1943, 1931, ---, ---, ---, ---, ---, ---, 
[46.400s][info][gc,stats    ]     CWR: VM Weak Roots             1601 us, workers (us): 809, 792, ---, ---, ---, ---, ---, ---, 
[46.400s][info][gc,stats    ]     CWR: CLDG Roots                  48 us, workers (us): ---,  48, ---, ---, ---, ---, ---, ---, 
[46.400s][info][gc,stats    ]   Rendezvous                       1528 us
[46.400s][info][gc,stats    ] Concurrent Cleanup                  178 us
[46.400s][info][gc,stats    ] Concurrent Class Unloading       124596 us
[46.400s][info][gc,stats    ]   Unlink Stale                    69025 us
[46.400s][info][gc,stats    ]     System Dictionary                81 us
[46.400s][info][gc,stats    ]     Weak Class Links                  0 us
[46.400s][info][gc,stats    ]     Code Roots                    68942 us
[46.400s][info][gc,stats    ]   Rendezvous                        490 us
[46.400s][info][gc,stats    ]   Purge Unlinked                  54861 us
[46.400s][info][gc,stats    ]     Code Roots                    54755 us
[46.400s][info][gc,stats    ]     CLDG                            105 us
[46.400s][info][gc,stats    ]     Exception Caches                  0 us
[46.400s][info][gc,stats    ] Concurrent Strong Roots            2510 us, parallelism: 0.22x
[46.400s][info][gc,stats    ]   CSR: <total>                      560 us
[46.400s][info][gc,stats    ]   CSR: VM Strong Roots               32 us, workers (us):  32,   0, ---, ---, ---, ---, ---, ---, 
[46.400s][info][gc,stats    ]   CSR: CLDG Roots                   529 us, workers (us): 529, ---, ---, ---, ---, ---, ---, ---, 
[46.400s][info][gc,stats    ] Concurrent Evacuation             14089 us
[46.400s][info][gc,stats    ] Pause Init Update Refs (G)          186 us
[46.400s][info][gc,stats    ] Pause Init Update Refs (N)           59 us
[46.400s][info][gc,stats    ]   Manage GCLABs                      33 us
[46.400s][info][gc,stats    ] Concurrent Update Refs           196852 us
[46.400s][info][gc,stats    ] Concurrent Update Thread Roots     2699 us
[46.400s][info][gc,stats    ] Pause Final Update Refs (G)         313 us
[46.400s][info][gc,stats    ] Pause Final Update Refs (N)         111 us
[46.400s][info][gc,stats    ]   Update Region States               49 us
[46.400s][info][gc,stats    ]   Trash Collection Set               10 us
[46.400s][info][gc,stats    ]   Rebuild Free Set                   18 us
[46.400s][info][gc,stats    ] Concurrent Cleanup                   94 us
[46.400s][info][gc,stats    ] 
[46.400s][info][gc,stats    ] Allocation pacing accrued:
[46.400s][info][gc,stats    ]       0 of 12595 ms (  0.0%): <total>
[46.400s][info][gc,stats    ]       0 of 12595 ms (  0.0%): <average total>
[46.400s][info][gc,stats    ] 
[46.400s][info][gc,metaspace] Metaspace: 70902K(71424K)->70910K(71424K) NonClass: 63419K(63680K)->63427K(63680K) Class: 7482K(7744K)->7482K(7744K)
[46.400s][info][gc,ergo     ] Pacer for Idle. Initial: 40642K, Alloc Tax Rate: 1.0x
[52.237s][info][gc          ] Trigger: Learning 5 of 5. Free (1388M) is below initial threshold (1389M)
[52.237s][info][gc,ergo     ] Free: 1388M, Max: 512K regular, 1295M humongous, Frag: 7% external, 0% internal; Reserve: 101888K, Max: 512K
[52.237s][info][gc,start    ] GC(4) Concurrent reset
[52.237s][info][gc,task     ] GC(4) Using 2 of 8 workers for concurrent reset
[52.237s][info][gc,ergo     ] GC(4) Pacer for Reset. Non-Taxable: 1984M
[52.244s][info][gc          ] GC(4) Concurrent reset 6.388ms
[52.244s][info][gc,start    ] GC(4) Pause Init Mark (unload classes)
[52.244s][info][gc,task     ] GC(4) Using 8 of 8 workers for init marking
[52.244s][info][gc,ergo     ] GC(4) Pacer for Mark. Expected Live: 79278K, Free: 1388M, Non-Taxable: 138M, Alloc Tax Rate: 0.1x
[52.244s][info][gc          ] GC(4) Pause Init Mark (unload classes) 0.122ms
[52.244s][info][gc,start    ] GC(4) Concurrent marking roots
[52.244s][info][gc,task     ] GC(4) Using 2 of 8 workers for concurrent marking roots
[52.246s][info][gc          ] GC(4) Concurrent marking roots 1.497ms
[52.246s][info][gc,start    ] GC(4) Concurrent marking (unload classes)
[52.246s][info][gc,task     ] GC(4) Using 2 of 8 workers for concurrent marking
[52.542s][info][gc          ] GC(4) Concurrent marking (unload classes) 296.555ms
[52.543s][info][gc,start    ] GC(4) Pause Final Mark (unload classes)
[52.543s][info][gc,task     ] GC(4) Using 8 of 8 workers for final marking
[52.544s][info][gc,ergo     ] GC(4) Adaptive CSet Selection. Target Free: 281M, Actual Free: 1449M, Max CSet: 84672K, Min Garbage: 0B
[52.544s][info][gc,ergo     ] GC(4) Collectable Garbage: 391M (99%), Immediate: 6656K (1%), CSet: 384M (97%)
[52.544s][info][gc,ergo     ] GC(4) Pacer for Evacuation. Used CSet: 393M, Free: 1349M, Non-Taxable: 134M, Alloc Tax Rate: 1.1x
[52.544s][info][gc          ] GC(4) Pause Final Mark (unload classes) 1.205ms
[52.544s][info][gc,start    ] GC(4) Concurrent thread roots
[52.544s][info][gc,task     ] GC(4) Using 2 of 8 workers for Concurrent thread roots
[52.546s][info][gc          ] GC(4) Concurrent thread roots 1.710ms
[52.546s][info][gc,start    ] GC(4) Concurrent weak references
[52.546s][info][gc,task     ] GC(4) Using 2 of 8 workers for concurrent weak references
[52.549s][info][gc,ref      ] GC(4) Encountered references: Soft: 4707, Weak: 14478, Final: 74, Phantom: 768
[52.549s][info][gc,ref      ] GC(4) Discovered  references: Soft: 0, Weak: 9171, Final: 0, Phantom: 549
[52.549s][info][gc,ref      ] GC(4) Enqueued    references: Soft: 0, Weak: 8040, Final: 0, Phantom: 7
[52.549s][info][gc          ] GC(4) Concurrent weak references 3.451ms
[52.549s][info][gc,start    ] GC(4) Concurrent weak roots
[52.549s][info][gc,task     ] GC(4) Using 2 of 8 workers for concurrent weak root
[52.553s][info][gc          ] GC(4) Concurrent weak roots 4.004ms
[52.553s][info][gc,start    ] GC(4) Concurrent cleanup
[52.553s][info][gc          ] GC(4) Concurrent cleanup 544M->537M(593M) 0.152ms
[52.553s][info][gc,ergo     ] GC(4) Free: 1345M, Max: 512K regular, 1295M humongous, Frag: 4% external, 0% internal; Reserve: 100970K, Max: 512K
[52.553s][info][gc,start    ] GC(4) Concurrent class unloading
[52.553s][info][gc,task     ] GC(4) Using 2 of 8 workers for concurrent class unloading
[52.575s][info][gc          ] GC(4) Concurrent class unloading 21.655ms
[52.575s][info][gc,start    ] GC(4) Concurrent strong roots
[52.575s][info][gc,task     ] GC(4) Using 2 of 8 workers for concurrent strong root
[52.575s][info][gc          ] GC(4) Concurrent strong roots 0.420ms
[52.575s][info][gc,start    ] GC(4) Concurrent evacuation
[52.575s][info][gc,task     ] GC(4) Using 2 of 8 workers for concurrent evacuation
[52.583s][info][gc          ] GC(4) Concurrent evacuation 7.341ms
[52.583s][info][gc,start    ] GC(4) Pause Init Update Refs
[52.583s][info][gc,ergo     ] GC(4) Pacer for Update Refs. Used: 548M, Free: 1343M, Non-Taxable: 134M, Alloc Tax Rate: 1.1x
[52.583s][info][gc          ] GC(4) Pause Init Update Refs 0.060ms
[52.583s][info][gc,start    ] GC(4) Concurrent update references
[52.583s][info][gc,task     ] GC(4) Using 2 of 8 workers for concurrent reference update
[52.704s][info][gc          ] GC(4) Concurrent update references 120.932ms
[52.704s][info][gc,start    ] GC(4) Concurrent update thread roots
[52.706s][info][gc          ] GC(4) Concurrent update thread roots 2.291ms
[52.707s][info][gc,start    ] GC(4) Pause Final Update Refs
[52.707s][info][gc,task     ] GC(4) Using 8 of 8 workers for final reference update
[52.707s][info][gc          ] GC(4) Pause Final Update Refs 0.126ms
[52.707s][info][gc,start    ] GC(4) Concurrent cleanup
[52.707s][info][gc          ] GC(4) Concurrent cleanup 563M->170M(600M) 0.153ms
[52.707s][info][gc,ergo     ] Free: 1711M, Max: 512K regular, 1383M humongous, Frag: 20% external, 0% internal; Reserve: 101888K, Max: 512K
[52.707s][info][gc,stats    ] 
[52.707s][info][gc,stats    ] All times are wall-clock times, except per-root-class counters, that are sum over
[52.707s][info][gc,stats    ] all workers. Dividing the <total> over the root stage time estimates parallelism.
[52.707s][info][gc,stats    ] 
[52.707s][info][gc,stats    ] Concurrent Reset                   6431 us
[52.707s][info][gc,stats    ] Pause Init Mark (G)                 735 us
[52.707s][info][gc,stats    ] Pause Init Mark (N)                 129 us
[52.707s][info][gc,stats    ]   Update Region States               50 us
[52.707s][info][gc,stats    ] Concurrent Mark Roots              1515 us, parallelism: 0.73x
[52.707s][info][gc,stats    ]   CMR: <total>                     1112 us
[52.707s][info][gc,stats    ]   CMR: Thread Roots                 952 us, workers (us): 952,   0, ---, ---, ---, ---, ---, ---, 
[52.707s][info][gc,stats    ]   CMR: VM Strong Roots               21 us, workers (us):  21,   0, ---, ---, ---, ---, ---, ---, 
[52.707s][info][gc,stats    ]   CMR: CLDG Roots                   139 us, workers (us): 139, ---, ---, ---, ---, ---, ---, ---, 
[52.707s][info][gc,stats    ] Concurrent Marking               296592 us
[52.707s][info][gc,stats    ] Pause Final Mark (G)               1423 us
[52.707s][info][gc,stats    ] Pause Final Mark (N)               1212 us
[52.707s][info][gc,stats    ]   Finish Mark                       941 us
[52.707s][info][gc,stats    ]   Update Region States               53 us
[52.707s][info][gc,stats    ]   Choose Collection Set             131 us
[52.707s][info][gc,stats    ]   Rebuild Free Set                   15 us
[52.707s][info][gc,stats    ] Concurrent Thread Roots            1739 us, parallelism: 0.59x
[52.707s][info][gc,stats    ]   CTR: <total>                     1034 us
[52.707s][info][gc,stats    ]   CTR: Thread Roots                1034 us, workers (us): 1034,   0, ---, ---, ---, ---, ---, ---, 
[52.707s][info][gc,stats    ] Concurrent Weak References         3459 us, parallelism: 0.97x
[52.707s][info][gc,stats    ]   CWRF: <total>                    3368 us
[52.707s][info][gc,stats    ]   CWRF: Weak References            3368 us, workers (us): 3367,   1, ---, ---, ---, ---, ---, ---, 
[52.707s][info][gc,stats    ] Concurrent Weak Roots              4030 us
[52.707s][info][gc,stats    ]   Roots                            2953 us, parallelism: 1.68x
[52.707s][info][gc,stats    ]     CWR: <total>                   4969 us
[52.707s][info][gc,stats    ]     CWR: Code Cache Roots          3667 us, workers (us): 1891, 1776, ---, ---, ---, ---, ---, ---, 
[52.707s][info][gc,stats    ]     CWR: VM Weak Roots             1259 us, workers (us): 631, 628, ---, ---, ---, ---, ---, ---, 
[52.707s][info][gc,stats    ]     CWR: CLDG Roots                  43 us, workers (us): ---,  43, ---, ---, ---, ---, ---, ---, 
[52.707s][info][gc,stats    ]   Rendezvous                       1030 us
[52.707s][info][gc,stats    ] Concurrent Cleanup                  162 us
[52.707s][info][gc,stats    ] Concurrent Class Unloading        21671 us
[52.707s][info][gc,stats    ]   Unlink Stale                    11590 us
[52.707s][info][gc,stats    ]     System Dictionary                72 us
[52.707s][info][gc,stats    ]     Weak Class Links                  0 us
[52.707s][info][gc,stats    ]     Code Roots                    11516 us
[52.707s][info][gc,stats    ]   Rendezvous                        366 us
[52.707s][info][gc,stats    ]   Purge Unlinked                   9676 us
[52.707s][info][gc,stats    ]     Code Roots                     9640 us
[52.707s][info][gc,stats    ]     CLDG                             35 us
[52.707s][info][gc,stats    ]     Exception Caches                  0 us
[52.707s][info][gc,stats    ] Concurrent Strong Roots             432 us, parallelism: 0.71x
[52.707s][info][gc,stats    ]   CSR: <total>                      305 us
[52.707s][info][gc,stats    ]   CSR: VM Strong Roots               29 us, workers (us):  28,   1, ---, ---, ---, ---, ---, ---, 
[52.707s][info][gc,stats    ]   CSR: CLDG Roots                   276 us, workers (us): 276, ---, ---, ---, ---, ---, ---, ---, 
[52.707s][info][gc,stats    ] Concurrent Evacuation              7362 us
[52.707s][info][gc,stats    ] Pause Init Update Refs (G)          224 us
[52.707s][info][gc,stats    ] Pause Init Update Refs (N)           67 us
[52.707s][info][gc,stats    ]   Manage GCLABs                      24 us
[52.707s][info][gc,stats    ] Concurrent Update Refs           120964 us
[52.707s][info][gc,stats    ] Concurrent Update Thread Roots     2316 us
[52.707s][info][gc,stats    ] Pause Final Update Refs (G)         485 us
[52.707s][info][gc,stats    ] Pause Final Update Refs (N)         134 us
[52.707s][info][gc,stats    ]   Update Region States               60 us
[52.707s][info][gc,stats    ]   Trash Collection Set                9 us
[52.707s][info][gc,stats    ]   Rebuild Free Set                   17 us
[52.707s][info][gc,stats    ] Concurrent Cleanup                  162 us
[52.707s][info][gc,stats    ] 
[52.707s][info][gc,stats    ] Allocation pacing accrued:
[52.707s][info][gc,stats    ]       0 of  6307 ms (  0.0%): <total>
[52.707s][info][gc,stats    ]       0 of  6307 ms (  0.0%): <average total>
[52.707s][info][gc,stats    ] 
[52.707s][info][gc,metaspace] Metaspace: 71000K(71552K)->71000K(71552K) NonClass: 63510K(63808K)->63510K(63808K) Class: 7490K(7744K)->7490K(7744K)
[52.707s][info][gc,ergo     ] Pacer for Idle. Initial: 40642K, Alloc Tax Rate: 1.0x
[79.539s][info][gc          ] Trigger: Free (198M) is below minimum threshold (198M)
[79.539s][info][gc,ergo     ] Free: 198M, Max: 512K regular, 198M humongous, Frag: 0% external, 0% internal; Reserve: 101888K, Max: 512K
[79.539s][info][gc,start    ] GC(5) Concurrent reset
[79.539s][info][gc,task     ] GC(5) Using 2 of 8 workers for concurrent reset
[79.539s][info][gc,ergo     ] GC(5) Pacer for Reset. Non-Taxable: 1984M
[79.541s][info][gc          ] GC(5) Concurrent reset 2.597ms
[79.542s][info][gc,start    ] GC(5) Pause Init Mark (unload classes)
[79.542s][info][gc,task     ] GC(5) Using 8 of 8 workers for init marking
[79.542s][info][gc,ergo     ] GC(5) Pacer for Mark. Expected Live: 83779K, Free: 198M, Non-Taxable: 20281K, Alloc Tax Rate: 0.5x
[79.542s][info][gc          ] GC(5) Pause Init Mark (unload classes) 0.113ms
[79.542s][info][gc,start    ] GC(5) Concurrent marking roots
[79.542s][info][gc,task     ] GC(5) Using 2 of 8 workers for concurrent marking roots
[79.545s][info][gc          ] GC(5) Concurrent marking roots 2.782ms
[79.545s][info][gc,start    ] GC(5) Concurrent marking (unload classes)
[79.545s][info][gc,task     ] GC(5) Using 2 of 8 workers for concurrent marking
[80.214s][info][gc          ] GC(5) Concurrent marking (unload classes) 669.330ms
[80.214s][info][gc,start    ] GC(5) Pause Final Mark (unload classes)
[80.214s][info][gc,task     ] GC(5) Using 8 of 8 workers for final marking
[80.217s][info][gc,ergo     ] GC(5) Adaptive CSet Selection. Target Free: 281M, Actual Free: 265M, Max CSet: 84672K, Min Garbage: 16012K
[80.217s][info][gc,ergo     ] GC(5) Collectable Garbage: 1561M (99%), Immediate: 15360K (0%), CSet: 1546M (98%)
[80.217s][info][gc,ergo     ] GC(5) Pacer for Evacuation. Used CSet: 1584M, Free: 166M, Non-Taxable: 17035K, Alloc Tax Rate: 23.3x
[80.217s][info][gc          ] GC(5) Pause Final Mark (unload classes) 2.843ms
[80.217s][info][gc,start    ] GC(5) Concurrent thread roots
[80.217s][info][gc,task     ] GC(5) Using 2 of 8 workers for Concurrent thread roots
[80.218s][info][gc          ] GC(5) Concurrent thread roots 1.233ms
[80.219s][info][gc,start    ] GC(5) Concurrent weak references
[80.219s][info][gc,task     ] GC(5) Using 2 of 8 workers for concurrent weak references
[80.280s][info][gc,ref      ] GC(5) Encountered references: Soft: 4707, Weak: 43938, Final: 74, Phantom: 762
[80.280s][info][gc,ref      ] GC(5) Discovered  references: Soft: 0, Weak: 39638, Final: 17, Phantom: 452
[80.280s][info][gc,ref      ] GC(5) Enqueued    references: Soft: 0, Weak: 37477, Final: 0, Phantom: 4
[80.280s][info][gc          ] GC(5) Concurrent weak references 61.501ms
[80.280s][info][gc,start    ] GC(5) Concurrent weak roots
[80.280s][info][gc,task     ] GC(5) Using 2 of 8 workers for concurrent weak root
[80.284s][info][gc          ] GC(5) Concurrent weak roots 3.857ms
[80.284s][info][gc,start    ] GC(5) Concurrent cleanup
[80.284s][info][gc          ] GC(5) Concurrent cleanup 1737M->1722M(1741M) 0.153ms
[80.284s][info][gc,ergo     ] GC(5) Free: 162M, Max: 512K regular, 147M humongous, Frag: 10% external, 0% internal; Reserve: 98818K, Max: 512K
[80.284s][info][gc,start    ] GC(5) Concurrent class unloading
[80.284s][info][gc,task     ] GC(5) Using 2 of 8 workers for concurrent class unloading
[80.370s][info][gc          ] GC(5) Concurrent class unloading 85.553ms
[80.370s][info][gc,start    ] GC(5) Concurrent strong roots
[80.370s][info][gc,task     ] GC(5) Using 2 of 8 workers for concurrent strong root
[80.375s][info][gc          ] GC(5) Concurrent strong roots 5.018ms
[80.375s][info][gc,start    ] GC(5) Concurrent evacuation
[80.375s][info][gc,task     ] GC(5) Using 2 of 8 workers for concurrent evacuation
[80.620s][info][gc          ] GC(5) Concurrent evacuation 244.849ms
[80.620s][info][gc,start    ] GC(5) Pause Init Update Refs
[80.620s][info][gc,ergo     ] GC(5) Pacer for Update Refs. Used: 1774M, Free: 146M, Non-Taxable: 15007K, Alloc Tax Rate: 14.8x
[80.620s][info][gc          ] GC(5) Pause Init Update Refs 0.078ms
[80.620s][info][gc,start    ] GC(5) Concurrent update references
[80.620s][info][gc,task     ] GC(5) Using 2 of 8 workers for concurrent reference update
[80.931s][info][gc          ] GC(5) Concurrent update references 311.479ms
[80.931s][info][gc,start    ] GC(5) Concurrent update thread roots
[80.933s][info][gc          ] GC(5) Concurrent update thread roots 1.341ms
[80.933s][info][gc,start    ] GC(5) Pause Final Update Refs
[80.933s][info][gc,task     ] GC(5) Using 8 of 8 workers for final reference update
[80.933s][info][gc          ] GC(5) Pause Final Update Refs 0.182ms
[80.933s][info][gc,start    ] GC(5) Concurrent cleanup
[80.933s][info][gc          ] GC(5) Concurrent cleanup 1788M->204M(1791M) 0.292ms
[80.934s][info][gc,ergo     ] Free: 1677M, Max: 512K regular, 171M humongous, Frag: 90% external, 0% internal; Reserve: 101888K, Max: 512K
[80.934s][info][gc,stats    ] 
[80.934s][info][gc,stats    ] All times are wall-clock times, except per-root-class counters, that are sum over
[80.934s][info][gc,stats    ] all workers. Dividing the <total> over the root stage time estimates parallelism.
[80.934s][info][gc,stats    ] 
[80.934s][info][gc,stats    ] Concurrent Reset                   2630 us
[80.934s][info][gc,stats    ] Pause Init Mark (G)                 495 us
[80.934s][info][gc,stats    ] Pause Init Mark (N)                 121 us
[80.934s][info][gc,stats    ]   Update Region States               39 us
[80.934s][info][gc,stats    ] Concurrent Mark Roots              2804 us, parallelism: 1.79x
[80.934s][info][gc,stats    ]   CMR: <total>                     5016 us
[80.934s][info][gc,stats    ]   CMR: Thread Roots                4810 us, workers (us): 2380, 2431, ---, ---, ---, ---, ---, ---, 
[80.934s][info][gc,stats    ]   CMR: VM Strong Roots               57 us, workers (us):  57,   1, ---, ---, ---, ---, ---, ---, 
[80.934s][info][gc,stats    ]   CMR: CLDG Roots                   149 us, workers (us): 149, ---, ---, ---, ---, ---, ---, ---, 
[80.934s][info][gc,stats    ] Concurrent Marking               669362 us
[80.934s][info][gc,stats    ] Pause Final Mark (G)               3261 us
[80.934s][info][gc,stats    ] Pause Final Mark (N)               2851 us
[80.934s][info][gc,stats    ]   Finish Mark                      2293 us
[80.934s][info][gc,stats    ]   Update Region States               54 us
[80.934s][info][gc,stats    ]   Choose Collection Set             425 us
[80.934s][info][gc,stats    ]   Rebuild Free Set                   14 us
[80.934s][info][gc,stats    ] Concurrent Thread Roots            1269 us, parallelism: 1.67x
[80.934s][info][gc,stats    ]   CTR: <total>                     2120 us
[80.934s][info][gc,stats    ]   CTR: Thread Roots                2120 us, workers (us): 1174, 946, ---, ---, ---, ---, ---, ---, 
[80.934s][info][gc,stats    ] Concurrent Weak References        61511 us, parallelism: 0.99x
[80.934s][info][gc,stats    ]   CWRF: <total>                   60714 us
[80.934s][info][gc,stats    ]   CWRF: Weak References           60714 us, workers (us): 60659,  56, ---, ---, ---, ---, ---, ---, 
[80.934s][info][gc,stats    ] Concurrent Weak Roots              3886 us
[80.934s][info][gc,stats    ]   Roots                            3188 us, parallelism: 1.80x
[80.934s][info][gc,stats    ]     CWR: <total>                   5726 us
[80.934s][info][gc,stats    ]     CWR: Code Cache Roots          3804 us, workers (us): 1889, 1915, ---, ---, ---, ---, ---, ---, 
[80.934s][info][gc,stats    ]     CWR: VM Weak Roots             1875 us, workers (us): 986, 889, ---, ---, ---, ---, ---, ---, 
[80.934s][info][gc,stats    ]     CWR: CLDG Roots                  47 us, workers (us):  47, ---, ---, ---, ---, ---, ---, ---, 
[80.934s][info][gc,stats    ]   Rendezvous                        647 us
[80.934s][info][gc,stats    ] Concurrent Cleanup                  161 us
[80.934s][info][gc,stats    ] Concurrent Class Unloading        85580 us
[80.934s][info][gc,stats    ]   Unlink Stale                    17576 us
[80.934s][info][gc,stats    ]     System Dictionary                63 us
[80.934s][info][gc,stats    ]     Weak Class Links                  0 us
[80.934s][info][gc,stats    ]     Code Roots                    17511 us
[80.934s][info][gc,stats    ]   Rendezvous                       2136 us
[80.934s][info][gc,stats    ]   Purge Unlinked                  65818 us
[80.934s][info][gc,stats    ]     Code Roots                    64981 us
[80.934s][info][gc,stats    ]     CLDG                            836 us
[80.934s][info][gc,stats    ]     Exception Caches                  0 us
[80.934s][info][gc,stats    ] Concurrent Strong Roots            5045 us, parallelism: 0.17x
[80.934s][info][gc,stats    ]   CSR: <total>                      833 us
[80.934s][info][gc,stats    ]   CSR: VM Strong Roots               33 us, workers (us):  32,   1, ---, ---, ---, ---, ---, ---, 
[80.934s][info][gc,stats    ]   CSR: CLDG Roots                   800 us, workers (us): 800, ---, ---, ---, ---, ---, ---, ---, 
[80.934s][info][gc,stats    ] Concurrent Evacuation            244885 us
[80.934s][info][gc,stats    ] Pause Init Update Refs (G)          182 us
[80.934s][info][gc,stats    ] Pause Init Update Refs (N)          103 us
[80.934s][info][gc,stats    ]   Manage GCLABs                      39 us
[80.934s][info][gc,stats    ] Concurrent Update Refs           311518 us
[80.934s][info][gc,stats    ] Concurrent Update Thread Roots     1365 us
[80.934s][info][gc,stats    ] Pause Final Update Refs (G)         492 us
[80.934s][info][gc,stats    ] Pause Final Update Refs (N)         192 us
[80.934s][info][gc,stats    ]   Update Region States               90 us
[80.934s][info][gc,stats    ]   Trash Collection Set               26 us
[80.934s][info][gc,stats    ]   Rebuild Free Set                   19 us
[80.934s][info][gc,stats    ] Concurrent Cleanup                  301 us
[80.934s][info][gc,stats    ] Pacing                           282139 us
[80.934s][info][gc,stats    ] 
[80.934s][info][gc,stats    ] Allocation pacing accrued:
[80.934s][info][gc,stats    ]      12 of 28227 ms (  0.0%): om1-OMDoubleBufferFlushThread
[80.934s][info][gc,stats    ]      11 of 28227 ms (  0.0%): Socket Reader #1 for port 9862
[80.934s][info][gc,stats    ]      11 of 28227 ms (  0.0%): om1@group-C5BA1605619E-StateMachineUpdater
[80.934s][info][gc,stats    ]      11 of 28227 ms (  0.0%): IPC Server handler 0 on default port 9862
[80.934s][info][gc,stats    ]      11 of 28227 ms (  0.0%): IPC Server handler 5 on default port 9862
[80.934s][info][gc,stats    ]      11 of 28227 ms (  0.0%): IPC Server handler 24 on default port 9862
[80.934s][info][gc,stats    ]      11 of 28227 ms (  0.0%): IPC Server handler 38 on default port 9862
[80.934s][info][gc,stats    ]      11 of 28227 ms (  0.0%): IPC Server handler 49 on default port 9862
[80.934s][info][gc,stats    ]      12 of 28227 ms (  0.0%): IPC Server handler 71 on default port 9862
[80.934s][info][gc,stats    ]      11 of 28227 ms (  0.0%): IPC Server handler 83 on default port 9862
[80.934s][info][gc,stats    ]      12 of 28227 ms (  0.0%): IPC Server handler 85 on default port 9862
[80.934s][info][gc,stats    ]      11 of 28227 ms (  0.0%): IPC Server handler 86 on default port 9862
[80.934s][info][gc,stats    ]      11 of 28227 ms (  0.0%): IPC Server handler 94 on default port 9862
[80.934s][info][gc,stats    ]      10 of 28227 ms (  0.0%): IPC Server handler 96 on default port 9862
[80.934s][info][gc,stats    ]      11 of 28227 ms (  0.0%): IPC Server handler 98 on default port 9862
[80.934s][info][gc,stats    ]      11 of 28227 ms (  0.0%): om1@group-C5BA1605619E-LeaderStateImpl
[80.934s][info][gc,stats    ]      11 of 28227 ms (  0.0%): om1-client-thread3
[80.934s][info][gc,stats    ]      12 of 28227 ms (  0.0%): om1-client-thread1
[80.934s][info][gc,stats    ]      11 of 28227 ms (  0.0%): om1-client-thread6
[80.934s][info][gc,stats    ]      11 of 28227 ms (  0.0%): om1-client-thread7
[80.934s][info][gc,stats    ]      56 of 28227 ms (  0.2%): om1-OMStateMachineApplyTransactionThread - 0
[80.934s][info][gc,stats    ]     282 of 28227 ms (  1.0%): <total>
[80.934s][info][gc,stats    ]       2 of 28227 ms (  0.0%): <average total>
[80.934s][info][gc,stats    ]      13 of 28227 ms (  0.0%): <average non-zero>
[80.934s][info][gc,stats    ] 
[80.934s][info][gc,metaspace] Metaspace: 71162K(71680K)->71172K(71680K) NonClass: 63657K(63936K)->63668K(63936K) Class: 7504K(7744K)->7504K(7744K)
[80.934s][info][gc,ergo     ] Pacer for Idle. Initial: 40642K, Alloc Tax Rate: 1.0x
