[0.012s][info][gc] Heuristics ergonomically sets -XX:+ExplicitGCInvokesConcurrent
[0.012s][info][gc] Heuristics ergonomically sets -XX:+ShenandoahImplicitGCInvokesConcurrent
[0.012s][info][gc] Using Shenandoah
[0.013s][info][gc,ergo] Pacer for Idle. Initial: 40642K, Alloc Tax Rate: 1.0x
[0.013s][info][gc,init] Version: 21.0.7+6-Ubuntu-0ubuntu122.04 (release)
[0.013s][info][gc,init] CPUs: 4 total, 4 available
[0.013s][info][gc,init] Memory: 7937M
[0.013s][info][gc,init] Large Page Support: Disabled
[0.013s][info][gc,init] NUMA Support: Disabled
[0.013s][info][gc,init] Compressed Oops: Enabled (32-bit)
[0.013s][info][gc,init] Heap Min Capacity: 6656K
[0.013s][info][gc,init] Heap Initial Capacity: 127488K
[0.013s][info][gc,init] Heap Max Capacity: 2032128K
[0.013s][info][gc,init] Pre-touch: Disabled
[0.013s][info][gc,init] Mode: Snapshot-At-The-Beginning (SATB)
[0.013s][info][gc,init] Heuristics: Adaptive
[0.013s][info][gc,init] Heap Region Count: 3969
[0.013s][info][gc,init] Heap Region Size: 512K
[0.013s][info][gc,init] TLAB Size Max: 512K
[0.013s][info][gc,init] Humongous Object Threshold: 512K
[0.013s][info][gc,init] Parallel Workers: 8
[0.013s][info][gc,init] Concurrent Workers: 2
[0.022s][info][gc,metaspace] CDS archive(s) mapped at: [0x00007fb9c7000000-0x00007fb9c7c97000-0x00007fb9c7c97000), size 13201408, SharedBaseAddress: 0x00007fb9c7000000, ArchiveRelocationMode: 1.
[0.022s][info][gc,metaspace] Compressed class space mapped at: 0x00007fb9c8000000-0x00007fba08000000, reserved size: 1073741824
[0.022s][info][gc,metaspace] Narrow klass base: 0x00007fb9c7000000, Narrow klass shift: 0, Narrow klass range: 0x100000000
[1.753s][info][gc          ] Trigger: Metadata GC Threshold
[1.753s][info][gc,ergo     ] Free: 1776M, Max: 512K regular, 1776M humongous, Frag: 0% external, 0% internal; Reserve: 101888K, Max: 512K
[1.753s][info][gc,start    ] GC(0) Concurrent reset
[1.753s][info][gc,task     ] GC(0) Using 2 of 8 workers for concurrent reset
[1.753s][info][gc,ergo     ] GC(0) Pacer for Reset. Non-Taxable: 1984M
[1.753s][info][gc          ] GC(0) Concurrent reset 0.448ms
[1.754s][info][gc,start    ] GC(0) Pause Init Mark (unload classes)
[1.754s][info][gc,task     ] GC(0) Using 8 of 8 workers for init marking
[1.754s][info][gc,ergo     ] GC(0) Pacer for Mark. Expected Live: 198M, Free: 1776M, Non-Taxable: 177M, Alloc Tax Rate: 0.1x
[1.754s][info][gc          ] GC(0) Pause Init Mark (unload classes) 0.551ms
[1.754s][info][gc,start    ] GC(0) Concurrent marking roots
[1.754s][info][gc,task     ] GC(0) Using 2 of 8 workers for concurrent marking roots
[1.757s][info][gc          ] GC(0) Concurrent marking roots 2.605ms
[1.757s][info][gc,start    ] GC(0) Concurrent marking (unload classes)
[1.757s][info][gc,task     ] GC(0) Using 2 of 8 workers for concurrent marking
[1.782s][info][gc          ] GC(0) Concurrent marking (unload classes) 24.870ms
[1.782s][info][gc,start    ] GC(0) Pause Final Mark (unload classes)
[1.782s][info][gc,task     ] GC(0) Using 8 of 8 workers for final marking
[1.782s][info][gc,ergo     ] GC(0) Adaptive CSet Selection. Target Free: 281M, Actual Free: 1885M, Max CSet: 84672K, Min Garbage: 0B
[1.782s][info][gc,ergo     ] GC(0) Collectable Garbage: 90648K (99%), Immediate: 10306K (11%), CSet: 80342K (87%)
[1.782s][info][gc,ergo     ] GC(0) Pacer for Evacuation. Used CSet: 92160K, Free: 1787M, Non-Taxable: 178M, Alloc Tax Rate: 1.1x
[1.782s][info][gc          ] GC(0) Pause Final Mark (unload classes) 0.285ms
[1.782s][info][gc,start    ] GC(0) Concurrent thread roots
[1.782s][info][gc,task     ] GC(0) Using 2 of 8 workers for Concurrent thread roots
[1.783s][info][gc          ] GC(0) Concurrent thread roots 0.475ms
[1.783s][info][gc,start    ] GC(0) Concurrent weak references
[1.783s][info][gc,task     ] GC(0) Using 2 of 8 workers for concurrent weak references
[1.783s][info][gc,ref      ] GC(0) Encountered references: Soft: 4036, Weak: 2217, Final: 5, Phantom: 742
[1.783s][info][gc,ref      ] GC(0) Discovered  references: Soft: 0, Weak: 1179, Final: 1, Phantom: 657
[1.783s][info][gc,ref      ] GC(0) Enqueued    references: Soft: 0, Weak: 512, Final: 0, Phantom: 254
[1.783s][info][gc          ] GC(0) Concurrent weak references 0.413ms
[1.783s][info][gc,start    ] GC(0) Concurrent weak roots
[1.783s][info][gc,task     ] GC(0) Using 2 of 8 workers for concurrent weak root
[1.785s][info][gc          ] GC(0) Concurrent weak roots 2.079ms
[1.785s][info][gc,start    ] GC(0) Concurrent cleanup
[1.785s][info][gc          ] GC(0) Concurrent cleanup 108M->98M(125M) 0.073ms
[1.785s][info][gc,ergo     ] GC(0) Free: 1786M, Max: 512K regular, 1775M humongous, Frag: 1% external, 0% internal; Reserve: 101101K, Max: 512K
[1.785s][info][gc,start    ] GC(0) Concurrent class unloading
[1.785s][info][gc,task     ] GC(0) Using 2 of 8 workers for concurrent class unloading
[1.793s][info][gc          ] GC(0) Concurrent class unloading 7.277ms
[1.793s][info][gc,start    ] GC(0) Concurrent strong roots
[1.793s][info][gc,task     ] GC(0) Using 2 of 8 workers for concurrent strong root
[1.794s][info][gc          ] GC(0) Concurrent strong roots 1.255ms
[1.794s][info][gc,start    ] GC(0) Concurrent evacuation
[1.794s][info][gc,task     ] GC(0) Using 2 of 8 workers for concurrent evacuation
[1.803s][info][gc          ] GC(0) Concurrent evacuation 9.090ms
[1.803s][info][gc,start    ] GC(0) Pause Init Update Refs
[1.803s][info][gc,ergo     ] GC(0) Pacer for Update Refs. Used: 111M, Free: 1786M, Non-Taxable: 178M, Alloc Tax Rate: 1.1x
[1.803s][info][gc          ] GC(0) Pause Init Update Refs 0.036ms
[1.803s][info][gc,start    ] GC(0) Concurrent update references
[1.803s][info][gc,task     ] GC(0) Using 2 of 8 workers for concurrent reference update
[1.811s][info][gc          ] GC(0) Concurrent update references 7.405ms
[1.811s][info][gc,start    ] GC(0) Concurrent update thread roots
[1.811s][info][gc          ] GC(0) Concurrent update thread roots 0.405ms
[1.811s][info][gc,start    ] GC(0) Pause Final Update Refs
[1.811s][info][gc,task     ] GC(0) Using 8 of 8 workers for final reference update
[1.811s][info][gc          ] GC(0) Pause Final Update Refs 0.087ms
[1.811s][info][gc,start    ] GC(0) Concurrent cleanup
[1.811s][info][gc          ] GC(0) Concurrent cleanup 111M->21M(137M) 0.081ms
[1.811s][info][gc,ergo     ] Free: 1863M, Max: 512K regular, 1762M humongous, Frag: 6% external, 0% internal; Reserve: 101888K, Max: 512K
[1.811s][info][gc,stats    ] 
[1.811s][info][gc,stats    ] All times are wall-clock times, except per-root-class counters, that are sum over
[1.811s][info][gc,stats    ] all workers. Dividing the <total> over the root stage time estimates parallelism.
[1.811s][info][gc,stats    ] 
[1.811s][info][gc,stats    ] Concurrent Reset                    464 us
[1.811s][info][gc,stats    ] Pause Init Mark (G)                 855 us
[1.812s][info][gc,stats    ] Pause Init Mark (N)                 566 us
[1.812s][info][gc,stats    ]   Update Region States               27 us
[1.812s][info][gc,stats    ] Concurrent Mark Roots              2625 us, parallelism: 1.90x
[1.812s][info][gc,stats    ]   CMR: <total>                     4981 us
[1.812s][info][gc,stats    ]   CMR: Thread Roots                2464 us, workers (us): 2101, 363, ---, ---, ---, ---, ---, ---, 
[1.812s][info][gc,stats    ]   CMR: VM Strong Roots              574 us, workers (us): 384, 190, ---, ---, ---, ---, ---, ---, 
[1.812s][info][gc,stats    ]   CMR: CLDG Roots                  1943 us, workers (us): ---, 1943, ---, ---, ---, ---, ---, ---, 
[1.812s][info][gc,stats    ] Concurrent Marking                24890 us
[1.812s][info][gc,stats    ] Pause Final Mark (G)                390 us
[1.812s][info][gc,stats    ] Pause Final Mark (N)                291 us
[1.812s][info][gc,stats    ]   Finish Mark                       107 us
[1.812s][info][gc,stats    ]   Update Region States               28 us
[1.812s][info][gc,stats    ]   Choose Collection Set              89 us
[1.812s][info][gc,stats    ]   Rebuild Free Set                   21 us
[1.812s][info][gc,stats    ] Concurrent Thread Roots             482 us, parallelism: 0.89x
[1.812s][info][gc,stats    ]   CTR: <total>                      428 us
[1.812s][info][gc,stats    ]   CTR: Thread Roots                 428 us, workers (us): 428,   0, ---, ---, ---, ---, ---, ---, 
[1.812s][info][gc,stats    ] Concurrent Weak References          419 us, parallelism: 0.87x
[1.812s][info][gc,stats    ]   CWRF: <total>                     366 us
[1.812s][info][gc,stats    ]   CWRF: Weak References             366 us, workers (us):  30, 336, ---, ---, ---, ---, ---, ---, 
[1.812s][info][gc,stats    ] Concurrent Weak Roots              2209 us
[1.812s][info][gc,stats    ]   Roots                            1754 us, parallelism: 1.82x
[1.812s][info][gc,stats    ]     CWR: <total>                   3188 us
[1.812s][info][gc,stats    ]     CWR: Code Cache Roots           992 us, workers (us): 489, 503, ---, ---, ---, ---, ---, ---, 
[1.812s][info][gc,stats    ]     CWR: VM Weak Roots             2183 us, workers (us): 1207, 976, ---, ---, ---, ---, ---, ---, 
[1.812s][info][gc,stats    ]     CWR: CLDG Roots                  13 us, workers (us): ---,  13, ---, ---, ---, ---, ---, ---, 
[1.812s][info][gc,stats    ]   Rendezvous                        313 us
[1.812s][info][gc,stats    ] Concurrent Cleanup                   81 us
[1.812s][info][gc,stats    ] Concurrent Class Unloading         7286 us
[1.812s][info][gc,stats    ]   Unlink Stale                     4163 us
[1.812s][info][gc,stats    ]     System Dictionary                27 us
[1.812s][info][gc,stats    ]     Weak Class Links                  0 us
[1.812s][info][gc,stats    ]     Code Roots                     4135 us
[1.812s][info][gc,stats    ]   Rendezvous                        295 us
[1.812s][info][gc,stats    ]   Purge Unlinked                   2805 us
[1.812s][info][gc,stats    ]     Code Roots                     2795 us
[1.812s][info][gc,stats    ]     CLDG                             10 us
[1.812s][info][gc,stats    ]     Exception Caches                  0 us
[1.812s][info][gc,stats    ] Concurrent Strong Roots            1264 us, parallelism: 0.95x
[1.812s][info][gc,stats    ]   CSR: <total>                     1198 us
[1.812s][info][gc,stats    ]   CSR: VM Strong Roots               19 us, workers (us):  19,   0, ---, ---, ---, ---, ---, ---, 
[1.812s][info][gc,stats    ]   CSR: CLDG Roots                  1179 us, workers (us): 1179, ---, ---, ---, ---, ---, ---, ---, 
[1.812s][info][gc,stats    ] Concurrent Evacuation              9107 us
[1.812s][info][gc,stats    ] Pause Init Update Refs (G)          244 us
[1.812s][info][gc,stats    ] Pause Init Update Refs (N)           43 us
[1.812s][info][gc,stats    ]   Manage GCLABs                       5 us
[1.812s][info][gc,stats    ] Concurrent Update Refs             7423 us
[1.812s][info][gc,stats    ] Concurrent Update Thread Roots      411 us
[1.812s][info][gc,stats    ] Pause Final Update Refs (G)         208 us
[1.812s][info][gc,stats    ] Pause Final Update Refs (N)          96 us
[1.812s][info][gc,stats    ]   Update Region States               24 us
[1.812s][info][gc,stats    ]   Trash Collection Set                5 us
[1.812s][info][gc,stats    ]   Rebuild Free Set                   23 us
[1.812s][info][gc,stats    ] Concurrent Cleanup                   88 us
[1.812s][info][gc,stats    ] 
[1.812s][info][gc,stats    ] Allocation pacing accrued:
[1.812s][info][gc,stats    ]       0 of  1799 ms (  0.0%): <total>
[1.812s][info][gc,stats    ]       0 of  1799 ms (  0.0%): <average total>
[1.812s][info][gc,stats    ] 
[1.812s][info][gc,metaspace] Metaspace: 21282K(21568K)->21568K(21824K) NonClass: 19001K(19136K)->19248K(19392K) Class: 2280K(2432K)->2320K(2432K)
[1.812s][info][gc,ergo     ] Pacer for Idle. Initial: 40642K, Alloc Tax Rate: 1.0x
[2.690s][info][gc          ] Trigger: Metadata GC Threshold
[2.690s][info][gc,ergo     ] Free: 1807M, Max: 512K regular, 1762M humongous, Frag: 3% external, 0% internal; Reserve: 101888K, Max: 512K
[2.690s][info][gc,start    ] GC(1) Concurrent reset
[2.690s][info][gc,task     ] GC(1) Using 2 of 8 workers for concurrent reset
[2.690s][info][gc,ergo     ] GC(1) Pacer for Reset. Non-Taxable: 1984M
[2.691s][info][gc          ] GC(1) Concurrent reset 0.962ms
[2.692s][info][gc,start    ] GC(1) Pause Init Mark (unload classes)
[2.692s][info][gc,task     ] GC(1) Using 8 of 8 workers for init marking
[2.692s][info][gc,ergo     ] GC(1) Pacer for Mark. Expected Live: 17738K, Free: 1807M, Non-Taxable: 180M, Alloc Tax Rate: 0.0x
[2.692s][info][gc          ] GC(1) Pause Init Mark (unload classes) 0.067ms
[2.692s][info][gc,start    ] GC(1) Concurrent marking roots
[2.692s][info][gc,task     ] GC(1) Using 2 of 8 workers for concurrent marking roots
[2.693s][info][gc          ] GC(1) Concurrent marking roots 0.941ms
[2.693s][info][gc,start    ] GC(1) Concurrent marking (unload classes)
[2.693s][info][gc,task     ] GC(1) Using 2 of 8 workers for concurrent marking
[2.709s][info][gc          ] GC(1) Concurrent marking (unload classes) 16.172ms
[2.709s][info][gc,start    ] GC(1) Pause Final Mark (unload classes)
[2.709s][info][gc,task     ] GC(1) Using 8 of 8 workers for final marking
[2.710s][info][gc,ergo     ] GC(1) Adaptive CSet Selection. Target Free: 281M, Actual Free: 1905M, Max CSet: 84672K, Min Garbage: 0B
[2.710s][info][gc,ergo     ] GC(1) Collectable Garbage: 53492K (97%), Immediate: 0B (0%), CSet: 53492K (97%)
[2.710s][info][gc,ergo     ] GC(1) Pacer for Evacuation. Used CSet: 58191K, Free: 1805M, Non-Taxable: 180M, Alloc Tax Rate: 1.1x
[2.710s][info][gc          ] GC(1) Pause Final Mark (unload classes) 0.301ms
[2.710s][info][gc,start    ] GC(1) Concurrent thread roots
[2.710s][info][gc,task     ] GC(1) Using 2 of 8 workers for Concurrent thread roots
[2.710s][info][gc          ] GC(1) Concurrent thread roots 0.198ms
[2.710s][info][gc,start    ] GC(1) Concurrent weak references
[2.710s][info][gc,task     ] GC(1) Using 2 of 8 workers for concurrent weak references
[2.710s][info][gc,ref      ] GC(1) Encountered references: Soft: 4347, Weak: 2996, Final: 21, Phantom: 755
[2.710s][info][gc,ref      ] GC(1) Discovered  references: Soft: 0, Weak: 618, Final: 0, Phantom: 669
[2.710s][info][gc,ref      ] GC(1) Enqueued    references: Soft: 0, Weak: 410, Final: 0, Phantom: 250
[2.710s][info][gc          ] GC(1) Concurrent weak references 0.237ms
[2.710s][info][gc,start    ] GC(1) Concurrent weak roots
[2.710s][info][gc,task     ] GC(1) Using 2 of 8 workers for concurrent weak root
[2.713s][info][gc          ] GC(1) Concurrent weak roots 3.382ms
[2.714s][info][gc,start    ] GC(1) Concurrent cleanup
[2.714s][info][gc          ] GC(1) Concurrent cleanup 85M->85M(138M) 0.080ms
[2.714s][info][gc,ergo     ] GC(1) Free: 1798M, Max: 512K regular, 1762M humongous, Frag: 3% external, 0% internal; Reserve: 101559K, Max: 512K
[2.714s][info][gc,start    ] GC(1) Concurrent class unloading
[2.714s][info][gc,task     ] GC(1) Using 2 of 8 workers for concurrent class unloading
[2.724s][info][gc          ] GC(1) Concurrent class unloading 10.040ms
[2.724s][info][gc,start    ] GC(1) Concurrent strong roots
[2.724s][info][gc,task     ] GC(1) Using 2 of 8 workers for concurrent strong root
[2.725s][info][gc          ] GC(1) Concurrent strong roots 1.551ms
[2.725s][info][gc,start    ] GC(1) Concurrent evacuation
[2.725s][info][gc,task     ] GC(1) Using 2 of 8 workers for concurrent evacuation
[2.729s][info][gc          ] GC(1) Concurrent evacuation 4.150ms
[2.730s][info][gc,start    ] GC(1) Pause Init Update Refs
[2.730s][info][gc,ergo     ] GC(1) Pacer for Update Refs. Used: 123M, Free: 1766M, Non-Taxable: 176M, Alloc Tax Rate: 1.1x
[2.730s][info][gc          ] GC(1) Pause Init Update Refs 0.038ms
[2.730s][info][gc,start    ] GC(1) Concurrent update references
[2.730s][info][gc,task     ] GC(1) Using 2 of 8 workers for concurrent reference update
[2.737s][info][gc          ] GC(1) Concurrent update references 7.001ms
[2.737s][info][gc,start    ] GC(1) Concurrent update thread roots
[2.738s][info][gc          ] GC(1) Concurrent update thread roots 1.464ms
[2.738s][info][gc,start    ] GC(1) Pause Final Update Refs
[2.738s][info][gc,task     ] GC(1) Using 8 of 8 workers for final reference update
[2.738s][info][gc          ] GC(1) Pause Final Update Refs 0.090ms
[2.738s][info][gc,start    ] GC(1) Concurrent cleanup
[2.738s][info][gc          ] GC(1) Concurrent cleanup 123M->66M(143M) 0.087ms
[2.738s][info][gc,ergo     ] Free: 1816M, Max: 512K regular, 1763M humongous, Frag: 3% external, 0% internal; Reserve: 101888K, Max: 512K
[2.738s][info][gc,stats    ] 
[2.738s][info][gc,stats    ] All times are wall-clock times, except per-root-class counters, that are sum over
[2.738s][info][gc,stats    ] all workers. Dividing the <total> over the root stage time estimates parallelism.
[2.738s][info][gc,stats    ] 
[2.738s][info][gc,stats    ] Concurrent Reset                    977 us
[2.738s][info][gc,stats    ] Pause Init Mark (G)                 637 us
[2.738s][info][gc,stats    ] Pause Init Mark (N)                  73 us
[2.738s][info][gc,stats    ]   Update Region States               25 us
[2.739s][info][gc,stats    ] Concurrent Mark Roots               958 us, parallelism: 0.88x
[2.739s][info][gc,stats    ]   CMR: <total>                      838 us
[2.739s][info][gc,stats    ]   CMR: Thread Roots                 394 us, workers (us): 394,   0, ---, ---, ---, ---, ---, ---, 
[2.739s][info][gc,stats    ]   CMR: VM Strong Roots              177 us, workers (us): 177,   0, ---, ---, ---, ---, ---, ---, 
[2.739s][info][gc,stats    ]   CMR: CLDG Roots                   267 us, workers (us): 267, ---, ---, ---, ---, ---, ---, ---, 
[2.739s][info][gc,stats    ] Concurrent Marking                16192 us
[2.739s][info][gc,stats    ] Pause Final Mark (G)                501 us
[2.739s][info][gc,stats    ] Pause Final Mark (N)                307 us
[2.739s][info][gc,stats    ]   Finish Mark                        94 us
[2.739s][info][gc,stats    ]   Update Region States               37 us
[2.739s][info][gc,stats    ]   Choose Collection Set              78 us
[2.739s][info][gc,stats    ]   Rebuild Free Set                   26 us
[2.739s][info][gc,stats    ] Concurrent Thread Roots             205 us, parallelism: 1.20x
[2.739s][info][gc,stats    ]   CTR: <total>                      247 us
[2.739s][info][gc,stats    ]   CTR: Thread Roots                 247 us, workers (us): 153,  94, ---, ---, ---, ---, ---, ---, 
[2.739s][info][gc,stats    ] Concurrent Weak References          242 us, parallelism: 0.86x
[2.739s][info][gc,stats    ]   CWRF: <total>                     208 us
[2.739s][info][gc,stats    ]   CWRF: Weak References             208 us, workers (us): 174,  35, ---, ---, ---, ---, ---, ---, 
[2.739s][info][gc,stats    ] Concurrent Weak Roots              3399 us
[2.739s][info][gc,stats    ]   Roots                            2148 us, parallelism: 1.29x
[2.739s][info][gc,stats    ]     CWR: <total>                   2771 us
[2.739s][info][gc,stats    ]     CWR: Code Cache Roots          1207 us, workers (us): 608, 600, ---, ---, ---, ---, ---, ---, 
[2.739s][info][gc,stats    ]     CWR: VM Weak Roots             1542 us, workers (us): 1459,  83, ---, ---, ---, ---, ---, ---, 
[2.739s][info][gc,stats    ]     CWR: CLDG Roots                  21 us, workers (us):  21, ---, ---, ---, ---, ---, ---, ---, 
[2.739s][info][gc,stats    ]   Rendezvous                       1222 us
[2.739s][info][gc,stats    ] Concurrent Cleanup                   86 us
[2.739s][info][gc,stats    ] Concurrent Class Unloading        10049 us
[2.739s][info][gc,stats    ]   Unlink Stale                     6312 us
[2.739s][info][gc,stats    ]     System Dictionary                33 us
[2.739s][info][gc,stats    ]     Weak Class Links                  0 us
[2.739s][info][gc,stats    ]     Code Roots                     6278 us
[2.739s][info][gc,stats    ]   Rendezvous                       3225 us
[2.739s][info][gc,stats    ]   Purge Unlinked                    488 us
[2.739s][info][gc,stats    ]     Code Roots                      483 us
[2.739s][info][gc,stats    ]     CLDG                              5 us
[2.739s][info][gc,stats    ]     Exception Caches                  0 us
[2.739s][info][gc,stats    ] Concurrent Strong Roots            1570 us, parallelism: 0.96x
[2.739s][info][gc,stats    ]   CSR: <total>                     1504 us
[2.739s][info][gc,stats    ]   CSR: VM Strong Roots               27 us, workers (us):  16,  10, ---, ---, ---, ---, ---, ---, 
[2.739s][info][gc,stats    ]   CSR: CLDG Roots                  1477 us, workers (us): ---, 1477, ---, ---, ---, ---, ---, ---, 
[2.739s][info][gc,stats    ] Concurrent Evacuation              4169 us
[2.739s][info][gc,stats    ] Pause Init Update Refs (G)          154 us
[2.739s][info][gc,stats    ] Pause Init Update Refs (N)           44 us
[2.739s][info][gc,stats    ]   Manage GCLABs                       8 us
[2.739s][info][gc,stats    ] Concurrent Update Refs             7023 us
[2.739s][info][gc,stats    ] Concurrent Update Thread Roots     1473 us
[2.739s][info][gc,stats    ] Pause Final Update Refs (G)         239 us
[2.739s][info][gc,stats    ] Pause Final Update Refs (N)         122 us
[2.739s][info][gc,stats    ]   Update Region States               27 us
[2.739s][info][gc,stats    ]   Trash Collection Set                3 us
[2.739s][info][gc,stats    ]   Rebuild Free Set                   17 us
[2.739s][info][gc,stats    ] Concurrent Cleanup                   94 us
[2.739s][info][gc,stats    ] 
[2.739s][info][gc,stats    ] Allocation pacing accrued:
[2.739s][info][gc,stats    ]       0 of   927 ms (  0.0%): <total>
[2.739s][info][gc,stats    ]       0 of   927 ms (  0.0%): <average total>
[2.739s][info][gc,stats    ] 
[2.739s][info][gc,metaspace] Metaspace: 36028K(36480K)->36070K(36480K) NonClass: 31876K(32128K)->31903K(32128K) Class: 4152K(4352K)->4166K(4352K)
[2.739s][info][gc,ergo     ] Pacer for Idle. Initial: 40642K, Alloc Tax Rate: 1.0x
