[0.011s][info][gc] Heuristics ergonomically sets -XX:+ExplicitGCInvokesConcurrent
[0.011s][info][gc] Heuristics ergonomically sets -XX:+ShenandoahImplicitGCInvokesConcurrent
[0.012s][info][gc] Using Shenandoah
[0.013s][info][gc,ergo] Pacer for Idle. Initial: 40642K, Alloc Tax Rate: 1.0x
[0.013s][info][gc,init] Version: 21.0.7+6-Ubuntu-0ubuntu122.04 (release)
[0.013s][info][gc,init] CPUs: 4 total, 4 available
[0.013s][info][gc,init] Memory: 7937M
[0.013s][info][gc,init] Large Page Support: Disabled
[0.013s][info][gc,init] NUMA Support: Disabled
[0.013s][info][gc,init] Compressed Oops: Enabled (32-bit)
[0.013s][info][gc,init] Heap Min Capacity: 6656K
[0.013s][info][gc,init] Heap Initial Capacity: 127488K
[0.013s][info][gc,init] Heap Max Capacity: 2032128K
[0.013s][info][gc,init] Pre-touch: Disabled
[0.013s][info][gc,init] Mode: Snapshot-At-The-Beginning (SATB)
[0.013s][info][gc,init] Heuristics: Adaptive
[0.013s][info][gc,init] Heap Region Count: 3969
[0.013s][info][gc,init] Heap Region Size: 512K
[0.013s][info][gc,init] TLAB Size Max: 512K
[0.013s][info][gc,init] Humongous Object Threshold: 512K
[0.013s][info][gc,init] Parallel Workers: 8
[0.013s][info][gc,init] Concurrent Workers: 2
[0.022s][info][gc,metaspace] CDS archive(s) mapped at: [0x00007f8c3b000000-0x00007f8c3bc97000-0x00007f8c3bc97000), size 13201408, SharedBaseAddress: 0x00007f8c3b000000, ArchiveRelocationMode: 1.
[0.022s][info][gc,metaspace] Compressed class space mapped at: 0x00007f8c3c000000-0x00007f8c7c000000, reserved size: 1073741824
[0.022s][info][gc,metaspace] Narrow klass base: 0x00007f8c3b000000, Narrow klass shift: 0, Narrow klass range: 0x100000000
[1.572s][info][gc          ] Trigger: Metadata GC Threshold
[1.572s][info][gc,ergo     ] Free: 1776M, Max: 512K regular, 1776M humongous, Frag: 0% external, 0% internal; Reserve: 101888K, Max: 512K
[1.572s][info][gc,start    ] GC(0) Concurrent reset
[1.573s][info][gc,task     ] GC(0) Using 2 of 8 workers for concurrent reset
[1.573s][info][gc,ergo     ] GC(0) Pacer for Reset. Non-Taxable: 1984M
[1.573s][info][gc          ] GC(0) Concurrent reset 0.664ms
[1.573s][info][gc,start    ] GC(0) Pause Init Mark (unload classes)
[1.574s][info][gc,task     ] GC(0) Using 8 of 8 workers for init marking
[1.574s][info][gc,ergo     ] GC(0) Pacer for Mark. Expected Live: 198M, Free: 1776M, Non-Taxable: 177M, Alloc Tax Rate: 0.1x
[1.574s][info][gc          ] GC(0) Pause Init Mark (unload classes) 0.690ms
[1.574s][info][gc,start    ] GC(0) Concurrent marking roots
[1.574s][info][gc,task     ] GC(0) Using 2 of 8 workers for concurrent marking roots
[1.577s][info][gc          ] GC(0) Concurrent marking roots 2.908ms
[1.577s][info][gc,start    ] GC(0) Concurrent marking (unload classes)
[1.577s][info][gc,task     ] GC(0) Using 2 of 8 workers for concurrent marking
[1.597s][info][gc          ] GC(0) Concurrent marking (unload classes) 20.097ms
[1.597s][info][gc,start    ] GC(0) Pause Final Mark (unload classes)
[1.597s][info][gc,task     ] GC(0) Using 8 of 8 workers for final marking
[1.598s][info][gc,ergo     ] GC(0) Adaptive CSet Selection. Target Free: 281M, Actual Free: 1884M, Max CSet: 84672K, Min Garbage: 0B
[1.598s][info][gc,ergo     ] GC(0) Collectable Garbage: 91134K (99%), Immediate: 11330K (12%), CSet: 79803K (86%)
[1.598s][info][gc,ergo     ] GC(0) Pacer for Evacuation. Used CSet: 91648K, Free: 1786M, Non-Taxable: 178M, Alloc Tax Rate: 1.1x
[1.598s][info][gc          ] GC(0) Pause Final Mark (unload classes) 0.264ms
[1.598s][info][gc,start    ] GC(0) Concurrent thread roots
[1.598s][info][gc,task     ] GC(0) Using 2 of 8 workers for Concurrent thread roots
[1.598s][info][gc          ] GC(0) Concurrent thread roots 0.265ms
[1.598s][info][gc,start    ] GC(0) Concurrent weak references
[1.598s][info][gc,task     ] GC(0) Using 2 of 8 workers for concurrent weak references
[1.598s][info][gc,ref      ] GC(0) Encountered references: Soft: 4036, Weak: 2215, Final: 5, Phantom: 741
[1.598s][info][gc,ref      ] GC(0) Discovered  references: Soft: 0, Weak: 1026, Final: 0, Phantom: 658
[1.598s][info][gc,ref      ] GC(0) Enqueued    references: Soft: 0, Weak: 512, Final: 0, Phantom: 254
[1.598s][info][gc          ] GC(0) Concurrent weak references 0.243ms
[1.598s][info][gc,start    ] GC(0) Concurrent weak roots
[1.598s][info][gc,task     ] GC(0) Using 2 of 8 workers for concurrent weak root
[1.601s][info][gc          ] GC(0) Concurrent weak roots 2.641ms
[1.601s][info][gc,start    ] GC(0) Concurrent cleanup
[1.601s][info][gc          ] GC(0) Concurrent cleanup 110M->99M(126M) 0.095ms
[1.601s][info][gc,ergo     ] GC(0) Free: 1786M, Max: 512K regular, 1773M humongous, Frag: 1% external, 0% internal; Reserve: 100606K, Max: 512K
[1.601s][info][gc,start    ] GC(0) Concurrent class unloading
[1.601s][info][gc,task     ] GC(0) Using 2 of 8 workers for concurrent class unloading
[1.608s][info][gc          ] GC(0) Concurrent class unloading 6.589ms
[1.608s][info][gc,start    ] GC(0) Concurrent strong roots
[1.608s][info][gc,task     ] GC(0) Using 2 of 8 workers for concurrent strong root
[1.609s][info][gc          ] GC(0) Concurrent strong roots 0.976ms
[1.609s][info][gc,start    ] GC(0) Concurrent evacuation
[1.609s][info][gc,task     ] GC(0) Using 2 of 8 workers for concurrent evacuation
[1.616s][info][gc          ] GC(0) Concurrent evacuation 7.067ms
[1.616s][info][gc,start    ] GC(0) Pause Init Update Refs
[1.616s][info][gc,ergo     ] GC(0) Pacer for Update Refs. Used: 112M, Free: 1785M, Non-Taxable: 178M, Alloc Tax Rate: 1.1x
[1.616s][info][gc          ] GC(0) Pause Init Update Refs 0.043ms
[1.616s][info][gc,start    ] GC(0) Concurrent update references
[1.616s][info][gc,task     ] GC(0) Using 2 of 8 workers for concurrent reference update
[1.624s][info][gc          ] GC(0) Concurrent update references 7.895ms
[1.624s][info][gc,start    ] GC(0) Concurrent update thread roots
[1.624s][info][gc          ] GC(0) Concurrent update thread roots 0.195ms
[1.624s][info][gc,start    ] GC(0) Pause Final Update Refs
[1.624s][info][gc,task     ] GC(0) Using 8 of 8 workers for final reference update
[1.624s][info][gc          ] GC(0) Pause Final Update Refs 0.091ms
[1.624s][info][gc,start    ] GC(0) Concurrent cleanup
[1.624s][info][gc          ] GC(0) Concurrent cleanup 113M->23M(138M) 0.085ms
[1.624s][info][gc,ergo     ] Free: 1860M, Max: 512K regular, 1760M humongous, Frag: 6% external, 0% internal; Reserve: 101888K, Max: 512K
[1.624s][info][gc,stats    ] 
[1.624s][info][gc,stats    ] All times are wall-clock times, except per-root-class counters, that are sum over
[1.624s][info][gc,stats    ] all workers. Dividing the <total> over the root stage time estimates parallelism.
[1.624s][info][gc,stats    ] 
[1.624s][info][gc,stats    ] Concurrent Reset                    721 us
[1.624s][info][gc,stats    ] Pause Init Mark (G)                1283 us
[1.624s][info][gc,stats    ] Pause Init Mark (N)                 709 us
[1.624s][info][gc,stats    ]   Update Region States               39 us
[1.624s][info][gc,stats    ] Concurrent Mark Roots              2967 us, parallelism: 1.34x
[1.624s][info][gc,stats    ]   CMR: <total>                     3964 us
[1.624s][info][gc,stats    ]   CMR: Thread Roots                1534 us, workers (us): 301, 1233, ---, ---, ---, ---, ---, ---, 
[1.624s][info][gc,stats    ]   CMR: VM Strong Roots              526 us, workers (us): 526,   1, ---, ---, ---, ---, ---, ---, 
[1.624s][info][gc,stats    ]   CMR: CLDG Roots                  1904 us, workers (us): 1904, ---, ---, ---, ---, ---, ---, ---, 
[1.624s][info][gc,stats    ] Concurrent Marking                20116 us
[1.624s][info][gc,stats    ] Pause Final Mark (G)                301 us
[1.624s][info][gc,stats    ] Pause Final Mark (N)                270 us
[1.624s][info][gc,stats    ]   Finish Mark                       118 us
[1.624s][info][gc,stats    ]   Update Region States               31 us
[1.624s][info][gc,stats    ]   Choose Collection Set              65 us
[1.624s][info][gc,stats    ]   Rebuild Free Set                   15 us
[1.624s][info][gc,stats    ] Concurrent Thread Roots             272 us, parallelism: 1.19x
[1.624s][info][gc,stats    ]   CTR: <total>                      324 us
[1.624s][info][gc,stats    ]   CTR: Thread Roots                 324 us, workers (us): 228,  96, ---, ---, ---, ---, ---, ---, 
[1.625s][info][gc,stats    ] Concurrent Weak References          249 us, parallelism: 1.24x
[1.625s][info][gc,stats    ]   CWRF: <total>                     309 us
[1.625s][info][gc,stats    ]   CWRF: Weak References             309 us, workers (us): 190, 118, ---, ---, ---, ---, ---, ---, 
[1.625s][info][gc,stats    ] Concurrent Weak Roots              2659 us
[1.625s][info][gc,stats    ]   Roots                            2582 us, parallelism: 1.71x
[1.625s][info][gc,stats    ]     CWR: <total>                   4413 us
[1.625s][info][gc,stats    ]     CWR: Code Cache Roots           922 us, workers (us): 446, 476, ---, ---, ---, ---, ---, ---, 
[1.625s][info][gc,stats    ]     CWR: VM Weak Roots             3478 us, workers (us): 2053, 1425, ---, ---, ---, ---, ---, ---, 
[1.625s][info][gc,stats    ]     CWR: CLDG Roots                  12 us, workers (us): ---,  12, ---, ---, ---, ---, ---, ---, 
[1.625s][info][gc,stats    ]   Rendezvous                         46 us
[1.625s][info][gc,stats    ] Concurrent Cleanup                  103 us
[1.625s][info][gc,stats    ] Concurrent Class Unloading         6599 us
[1.625s][info][gc,stats    ]   Unlink Stale                     3681 us
[1.625s][info][gc,stats    ]     System Dictionary                25 us
[1.625s][info][gc,stats    ]     Weak Class Links                  0 us
[1.625s][info][gc,stats    ]     Code Roots                     3649 us
[1.625s][info][gc,stats    ]   Rendezvous                        121 us
[1.625s][info][gc,stats    ]   Purge Unlinked                   2773 us
[1.625s][info][gc,stats    ]     Code Roots                     2761 us
[1.625s][info][gc,stats    ]     CLDG                             12 us
[1.625s][info][gc,stats    ]     Exception Caches                  0 us
[1.625s][info][gc,stats    ] Concurrent Strong Roots             984 us, parallelism: 0.83x
[1.625s][info][gc,stats    ]   CSR: <total>                      822 us
[1.625s][info][gc,stats    ]   CSR: VM Strong Roots               23 us, workers (us):  23,   1, ---, ---, ---, ---, ---, ---, 
[1.625s][info][gc,stats    ]   CSR: CLDG Roots                   799 us, workers (us): 799, ---, ---, ---, ---, ---, ---, ---, 
[1.625s][info][gc,stats    ] Concurrent Evacuation              7086 us
[1.625s][info][gc,stats    ] Pause Init Update Refs (G)          254 us
[1.625s][info][gc,stats    ] Pause Init Update Refs (N)           52 us
[1.625s][info][gc,stats    ]   Manage GCLABs                       6 us
[1.625s][info][gc,stats    ] Concurrent Update Refs             7915 us
[1.625s][info][gc,stats    ] Concurrent Update Thread Roots      202 us
[1.625s][info][gc,stats    ] Pause Final Update Refs (G)         212 us
[1.625s][info][gc,stats    ] Pause Final Update Refs (N)         100 us
[1.625s][info][gc,stats    ]   Update Region States               31 us
[1.625s][info][gc,stats    ]   Trash Collection Set                5 us
[1.625s][info][gc,stats    ]   Rebuild Free Set                   22 us
[1.625s][info][gc,stats    ] Concurrent Cleanup                   92 us
[1.625s][info][gc,stats    ] 
[1.625s][info][gc,stats    ] Allocation pacing accrued:
[1.625s][info][gc,stats    ]       0 of  1612 ms (  0.0%): <total>
[1.625s][info][gc,stats    ]       0 of  1612 ms (  0.0%): <average total>
[1.625s][info][gc,stats    ] 
[1.625s][info][gc,metaspace] Metaspace: 21313K(21568K)->22475K(22720K) NonClass: 19029K(19136K)->20072K(20224K) Class: 2283K(2432K)->2403K(2496K)
[1.625s][info][gc,ergo     ] Pacer for Idle. Initial: 40642K, Alloc Tax Rate: 1.0x
[2.501s][info][gc          ] Trigger: Metadata GC Threshold
[2.501s][info][gc,ergo     ] Free: 1761M, Max: 512K regular, 1760M humongous, Frag: 1% external, 0% internal; Reserve: 101888K, Max: 512K
[2.501s][info][gc,start    ] GC(1) Concurrent reset
[2.501s][info][gc,task     ] GC(1) Using 2 of 8 workers for concurrent reset
[2.501s][info][gc,ergo     ] GC(1) Pacer for Reset. Non-Taxable: 1984M
[2.502s][info][gc          ] GC(1) Concurrent reset 0.929ms
[2.502s][info][gc,start    ] GC(1) Pause Init Mark (unload classes)
[2.502s][info][gc,task     ] GC(1) Using 8 of 8 workers for init marking
[2.502s][info][gc,ergo     ] GC(1) Pacer for Mark. Expected Live: 17764K, Free: 1761M, Non-Taxable: 176M, Alloc Tax Rate: 0.0x
[2.502s][info][gc          ] GC(1) Pause Init Mark (unload classes) 0.065ms
[2.502s][info][gc,start    ] GC(1) Concurrent marking roots
[2.502s][info][gc,task     ] GC(1) Using 2 of 8 workers for concurrent marking roots
[2.503s][info][gc          ] GC(1) Concurrent marking roots 0.614ms
[2.503s][info][gc,start    ] GC(1) Concurrent marking (unload classes)
[2.503s][info][gc,task     ] GC(1) Using 2 of 8 workers for concurrent marking
[2.536s][info][gc          ] GC(1) Concurrent marking (unload classes) 32.784ms
[2.536s][info][gc,start    ] GC(1) Pause Final Mark (unload classes)
[2.536s][info][gc,task     ] GC(1) Using 8 of 8 workers for final marking
[2.536s][info][gc,ergo     ] GC(1) Adaptive CSet Selection. Target Free: 281M, Actual Free: 1853M, Max CSet: 84672K, Min Garbage: 0B
[2.536s][info][gc,ergo     ] GC(1) Collectable Garbage: 58710K (98%), Immediate: 512K (0%), CSet: 58198K (97%)
[2.536s][info][gc,ergo     ] GC(1) Pacer for Evacuation. Used CSet: 63752K, Free: 1754M, Non-Taxable: 175M, Alloc Tax Rate: 1.1x
[2.536s][info][gc          ] GC(1) Pause Final Mark (unload classes) 0.256ms
[2.536s][info][gc,start    ] GC(1) Concurrent thread roots
[2.536s][info][gc,task     ] GC(1) Using 2 of 8 workers for Concurrent thread roots
[2.536s][info][gc          ] GC(1) Concurrent thread roots 0.212ms
[2.536s][info][gc,start    ] GC(1) Concurrent weak references
[2.536s][info][gc,task     ] GC(1) Using 2 of 8 workers for concurrent weak references
[2.537s][info][gc,ref      ] GC(1) Encountered references: Soft: 4505, Weak: 3251, Final: 21, Phantom: 775
[2.537s][info][gc,ref      ] GC(1) Discovered  references: Soft: 0, Weak: 2012, Final: 1, Phantom: 697
[2.537s][info][gc,ref      ] GC(1) Enqueued    references: Soft: 0, Weak: 527, Final: 0, Phantom: 268
[2.537s][info][gc          ] GC(1) Concurrent weak references 0.421ms
[2.537s][info][gc,start    ] GC(1) Concurrent weak roots
[2.537s][info][gc,task     ] GC(1) Using 2 of 8 workers for concurrent weak root
[2.543s][info][gc          ] GC(1) Concurrent weak roots 5.907ms
[2.543s][info][gc,start    ] GC(1) Concurrent cleanup
[2.543s][info][gc          ] GC(1) Concurrent cleanup 132M->131M(139M) 0.121ms
[2.543s][info][gc,ergo     ] GC(1) Free: 1751M, Max: 512K regular, 1751M humongous, Frag: 1% external, 0% internal; Reserve: 100749K, Max: 512K
[2.543s][info][gc,start    ] GC(1) Concurrent class unloading
[2.543s][info][gc,task     ] GC(1) Using 2 of 8 workers for concurrent class unloading
[2.546s][info][gc          ] GC(1) Concurrent class unloading 3.343ms
[2.546s][info][gc,start    ] GC(1) Concurrent strong roots
[2.546s][info][gc,task     ] GC(1) Using 2 of 8 workers for concurrent strong root
[2.548s][info][gc          ] GC(1) Concurrent strong roots 1.177ms
[2.548s][info][gc,start    ] GC(1) Concurrent evacuation
[2.548s][info][gc,task     ] GC(1) Using 2 of 8 workers for concurrent evacuation
[2.551s][info][gc          ] GC(1) Concurrent evacuation 3.398ms
[2.551s][info][gc,start    ] GC(1) Pause Init Update Refs
[2.551s][info][gc,ergo     ] GC(1) Pacer for Update Refs. Used: 137M, Free: 1751M, Non-Taxable: 175M, Alloc Tax Rate: 1.1x
[2.551s][info][gc          ] GC(1) Pause Init Update Refs 0.033ms
[2.551s][info][gc,start    ] GC(1) Concurrent update references
[2.551s][info][gc,task     ] GC(1) Using 2 of 8 workers for concurrent reference update
[2.577s][info][gc          ] GC(1) Concurrent update references 25.738ms
[2.577s][info][gc,start    ] GC(1) Concurrent update thread roots
[2.579s][info][gc          ] GC(1) Concurrent update thread roots 2.112ms
[2.579s][info][gc,start    ] GC(1) Pause Final Update Refs
[2.579s][info][gc,task     ] GC(1) Using 8 of 8 workers for final reference update
[2.579s][info][gc          ] GC(1) Pause Final Update Refs 0.080ms
[2.579s][info][gc,start    ] GC(1) Concurrent cleanup
[2.579s][info][gc          ] GC(1) Concurrent cleanup 139M->77M(144M) 0.058ms
[2.579s][info][gc,ergo     ] Free: 1805M, Max: 512K regular, 1745M humongous, Frag: 4% external, 0% internal; Reserve: 101888K, Max: 512K
[2.579s][info][gc,stats    ] 
[2.579s][info][gc,stats    ] All times are wall-clock times, except per-root-class counters, that are sum over
[2.579s][info][gc,stats    ] all workers. Dividing the <total> over the root stage time estimates parallelism.
[2.579s][info][gc,stats    ] 
[2.579s][info][gc,stats    ] Concurrent Reset                    942 us
[2.579s][info][gc,stats    ] Pause Init Mark (G)                 140 us
[2.579s][info][gc,stats    ] Pause Init Mark (N)                  72 us
[2.579s][info][gc,stats    ]   Update Region States               24 us
[2.579s][info][gc,stats    ] Concurrent Mark Roots               629 us, parallelism: 1.61x
[2.579s][info][gc,stats    ]   CMR: <total>                     1012 us
[2.579s][info][gc,stats    ]   CMR: Thread Roots                 676 us, workers (us): 246, 430, ---, ---, ---, ---, ---, ---, 
[2.579s][info][gc,stats    ]   CMR: VM Strong Roots              104 us, workers (us):  46,  58, ---, ---, ---, ---, ---, ---, 
[2.579s][info][gc,stats    ]   CMR: CLDG Roots                   232 us, workers (us): 232, ---, ---, ---, ---, ---, ---, ---, 
[2.579s][info][gc,stats    ] Concurrent Marking                32808 us
[2.579s][info][gc,stats    ] Pause Final Mark (G)                365 us
[2.579s][info][gc,stats    ] Pause Final Mark (N)                262 us
[2.579s][info][gc,stats    ]   Finish Mark                        95 us
[2.579s][info][gc,stats    ]   Update Region States               43 us
[2.579s][info][gc,stats    ]   Choose Collection Set              63 us
[2.579s][info][gc,stats    ]   Rebuild Free Set                   16 us
[2.579s][info][gc,stats    ] Concurrent Thread Roots             221 us, parallelism: 1.50x
[2.579s][info][gc,stats    ]   CTR: <total>                      332 us
[2.579s][info][gc,stats    ]   CTR: Thread Roots                 332 us, workers (us): 172, 160, ---, ---, ---, ---, ---, ---, 
[2.579s][info][gc,stats    ] Concurrent Weak References          427 us, parallelism: 1.27x
[2.579s][info][gc,stats    ]   CWRF: <total>                     543 us
[2.579s][info][gc,stats    ]   CWRF: Weak References             543 us, workers (us): 351, 192, ---, ---, ---, ---, ---, ---, 
[2.579s][info][gc,stats    ] Concurrent Weak Roots              5926 us
[2.579s][info][gc,stats    ]   Roots                            5774 us, parallelism: 1.04x
[2.579s][info][gc,stats    ]     CWR: <total>                   5997 us
[2.579s][info][gc,stats    ]     CWR: Code Cache Roots          1166 us, workers (us): 848, 318, ---, ---, ---, ---, ---, ---, 
[2.579s][info][gc,stats    ]     CWR: VM Weak Roots             4794 us, workers (us): 4793,   1, ---, ---, ---, ---, ---, ---, 
[2.579s][info][gc,stats    ]     CWR: CLDG Roots                  37 us, workers (us):  37, ---, ---, ---, ---, ---, ---, ---, 
[2.579s][info][gc,stats    ]   Rendezvous                        120 us
[2.579s][info][gc,stats    ] Concurrent Cleanup                  127 us
[2.579s][info][gc,stats    ] Concurrent Class Unloading         3352 us
[2.579s][info][gc,stats    ]   Unlink Stale                     2235 us
[2.579s][info][gc,stats    ]     System Dictionary                42 us
[2.580s][info][gc,stats    ]     Weak Class Links                  0 us
[2.580s][info][gc,stats    ]     Code Roots                     2192 us
[2.580s][info][gc,stats    ]   Rendezvous                        359 us
[2.580s][info][gc,stats    ]   Purge Unlinked                    734 us
[2.580s][info][gc,stats    ]     Code Roots                      727 us
[2.580s][info][gc,stats    ]     CLDG                              7 us
[2.580s][info][gc,stats    ]     Exception Caches                  0 us
[2.580s][info][gc,stats    ] Concurrent Strong Roots            1193 us, parallelism: 0.93x
[2.580s][info][gc,stats    ]   CSR: <total>                     1112 us
[2.580s][info][gc,stats    ]   CSR: VM Strong Roots               13 us, workers (us):  13,   0, ---, ---, ---, ---, ---, ---, 
[2.580s][info][gc,stats    ]   CSR: CLDG Roots                  1099 us, workers (us): 1099, ---, ---, ---, ---, ---, ---, ---, 
[2.580s][info][gc,stats    ] Concurrent Evacuation              3416 us
[2.580s][info][gc,stats    ] Pause Init Update Refs (G)          141 us
[2.580s][info][gc,stats    ] Pause Init Update Refs (N)           40 us
[2.580s][info][gc,stats    ]   Manage GCLABs                       5 us
[2.580s][info][gc,stats    ] Concurrent Update Refs            25771 us
[2.580s][info][gc,stats    ] Concurrent Update Thread Roots     2123 us
[2.580s][info][gc,stats    ] Pause Final Update Refs (G)         199 us
[2.580s][info][gc,stats    ] Pause Final Update Refs (N)         100 us
[2.580s][info][gc,stats    ]   Update Region States               39 us
[2.580s][info][gc,stats    ]   Trash Collection Set                4 us
[2.580s][info][gc,stats    ]   Rebuild Free Set                   20 us
[2.580s][info][gc,stats    ] Concurrent Cleanup                   65 us
[2.580s][info][gc,stats    ] 
[2.580s][info][gc,stats    ] Allocation pacing accrued:
[2.580s][info][gc,stats    ]       0 of   955 ms (  0.0%): <total>
[2.580s][info][gc,stats    ]       0 of   955 ms (  0.0%): <average total>
[2.580s][info][gc,stats    ] 
[2.580s][info][gc,metaspace] Metaspace: 37487K(37952K)->37596K(38080K) NonClass: 33150K(33408K)->33239K(33536K) Class: 4336K(4544K)->4357K(4544K)
[2.580s][info][gc,ergo     ] Pacer for Idle. Initial: 40642K, Alloc Tax Rate: 1.0x
[94.826s][info][gc          ] Trigger: Learning 3 of 5. Free (1389M) is below initial threshold (1389M)
[94.826s][info][gc,ergo     ] Free: 1389M, Max: 512K regular, 1389M humongous, Frag: 0% external, 0% internal; Reserve: 101888K, Max: 512K
[94.826s][info][gc,start    ] GC(2) Concurrent reset
[94.826s][info][gc,task     ] GC(2) Using 2 of 8 workers for concurrent reset
[94.826s][info][gc,ergo     ] GC(2) Pacer for Reset. Non-Taxable: 1984M
[94.827s][info][gc          ] GC(2) Concurrent reset 1.675ms
[94.828s][info][gc,start    ] GC(2) Pause Init Mark (unload classes)
[94.828s][info][gc,task     ] GC(2) Using 8 of 8 workers for init marking
[94.828s][info][gc,ergo     ] GC(2) Pacer for Mark. Expected Live: 41314K, Free: 1389M, Non-Taxable: 138M, Alloc Tax Rate: 0.0x
[94.828s][info][gc          ] GC(2) Pause Init Mark (unload classes) 0.446ms
[94.828s][info][gc,start    ] GC(2) Concurrent marking roots
[94.828s][info][gc,task     ] GC(2) Using 2 of 8 workers for concurrent marking roots
[94.841s][info][gc          ] GC(2) Concurrent marking roots 13.271ms
[94.841s][info][gc,start    ] GC(2) Concurrent marking (unload classes)
[94.841s][info][gc,task     ] GC(2) Using 2 of 8 workers for concurrent marking
[95.148s][info][gc          ] GC(2) Concurrent marking (unload classes) 307.052ms
[95.149s][info][gc,start    ] GC(2) Pause Final Mark (unload classes)
[95.149s][info][gc,task     ] GC(2) Using 8 of 8 workers for final marking
[95.151s][info][gc,ergo     ] GC(2) Adaptive CSet Selection. Target Free: 281M, Actual Free: 1480M, Max CSet: 84672K, Min Garbage: 0B
[95.151s][info][gc,ergo     ] GC(2) Collectable Garbage: 411M (99%), Immediate: 87171K (20%), CSet: 326M (78%)
[95.151s][info][gc,ergo     ] GC(2) Pacer for Evacuation. Used CSet: 334M, Free: 1382M, Non-Taxable: 138M, Alloc Tax Rate: 1.1x
[95.151s][info][gc          ] GC(2) Pause Final Mark (unload classes) 2.209ms
[95.151s][info][gc,start    ] GC(2) Concurrent thread roots
[95.151s][info][gc,task     ] GC(2) Using 2 of 8 workers for Concurrent thread roots
[95.160s][info][gc          ] GC(2) Concurrent thread roots 8.274ms
[95.160s][info][gc,start    ] GC(2) Concurrent weak references
[95.160s][info][gc,task     ] GC(2) Using 2 of 8 workers for concurrent weak references
[95.160s][info][gc,ref      ] GC(2) Encountered references: Soft: 4912, Weak: 6857, Final: 50, Phantom: 1122
[95.160s][info][gc,ref      ] GC(2) Discovered  references: Soft: 0, Weak: 1523, Final: 8, Phantom: 1036
[95.160s][info][gc,ref      ] GC(2) Enqueued    references: Soft: 0, Weak: 626, Final: 8, Phantom: 452
[95.160s][info][gc          ] GC(2) Concurrent weak references 0.703ms
[95.160s][info][gc,start    ] GC(2) Concurrent weak roots
[95.160s][info][gc,task     ] GC(2) Using 2 of 8 workers for concurrent weak root
[95.169s][info][gc          ] GC(2) Concurrent weak roots 8.294ms
[95.169s][info][gc,start    ] GC(2) Concurrent cleanup
[95.169s][info][gc          ] GC(2) Concurrent cleanup 590M->505M(597M) 0.161ms
[95.169s][info][gc,ergo     ] GC(2) Free: 1377M, Max: 512K regular, 1290M humongous, Frag: 7% external, 0% internal; Reserve: 101017K, Max: 512K
[95.169s][info][gc,start    ] GC(2) Concurrent class unloading
[95.169s][info][gc,task     ] GC(2) Using 2 of 8 workers for concurrent class unloading
[95.285s][info][gc          ] GC(2) Concurrent class unloading 116.067ms
[95.285s][info][gc,start    ] GC(2) Concurrent strong roots
[95.285s][info][gc,task     ] GC(2) Using 2 of 8 workers for concurrent strong root
[95.286s][info][gc          ] GC(2) Concurrent strong roots 1.602ms
[95.286s][info][gc,start    ] GC(2) Concurrent evacuation
[95.287s][info][gc,task     ] GC(2) Using 2 of 8 workers for concurrent evacuation
[95.317s][info][gc          ] GC(2) Concurrent evacuation 29.495ms
[95.319s][info][gc,start    ] GC(2) Pause Init Update Refs
[95.319s][info][gc,ergo     ] GC(2) Pacer for Update Refs. Used: 536M, Free: 1355M, Non-Taxable: 135M, Alloc Tax Rate: 1.1x
[95.319s][info][gc          ] GC(2) Pause Init Update Refs 0.097ms
[95.319s][info][gc,start    ] GC(2) Concurrent update references
[95.319s][info][gc,task     ] GC(2) Using 2 of 8 workers for concurrent reference update
[95.382s][info][gc          ] GC(2) Concurrent update references 63.336ms
[95.382s][info][gc,start    ] GC(2) Concurrent update thread roots
[95.384s][info][gc          ] GC(2) Concurrent update thread roots 1.958ms
[95.385s][info][gc,start    ] GC(2) Pause Final Update Refs
[95.385s][info][gc,task     ] GC(2) Using 8 of 8 workers for final reference update
[95.385s][info][gc          ] GC(2) Pause Final Update Refs 0.138ms
[95.385s][info][gc,start    ] GC(2) Concurrent cleanup
[95.386s][info][gc          ] GC(2) Concurrent cleanup 541M->206M(604M) 0.217ms
[95.386s][info][gc,ergo     ] Free: 1675M, Max: 512K regular, 1282M humongous, Frag: 24% external, 0% internal; Reserve: 101888K, Max: 512K
[95.386s][info][gc,stats    ] 
[95.386s][info][gc,stats    ] All times are wall-clock times, except per-root-class counters, that are sum over
[95.386s][info][gc,stats    ] all workers. Dividing the <total> over the root stage time estimates parallelism.
[95.386s][info][gc,stats    ] 
[95.386s][info][gc,stats    ] Concurrent Reset                   1697 us
[95.386s][info][gc,stats    ] Pause Init Mark (G)                 662 us
[95.386s][info][gc,stats    ] Pause Init Mark (N)                 460 us
[95.386s][info][gc,stats    ]   Update Region States               33 us
[95.386s][info][gc,stats    ] Concurrent Mark Roots             13301 us, parallelism: 1.86x
[95.386s][info][gc,stats    ]   CMR: <total>                    24783 us
[95.386s][info][gc,stats    ]   CMR: Thread Roots               23653 us, workers (us): 11692, 11961, ---, ---, ---, ---, ---, ---, 
[95.386s][info][gc,stats    ]   CMR: VM Strong Roots              543 us, workers (us): 542,   1, ---, ---, ---, ---, ---, ---, 
[95.386s][info][gc,stats    ]   CMR: CLDG Roots                   588 us, workers (us): 588, ---, ---, ---, ---, ---, ---, ---, 
[95.386s][info][gc,stats    ] Concurrent Marking               307093 us
[95.386s][info][gc,stats    ] Pause Final Mark (G)               2701 us
[95.386s][info][gc,stats    ] Pause Final Mark (N)               2217 us
[95.386s][info][gc,stats    ]   Finish Mark                      1921 us
[95.386s][info][gc,stats    ]   Update Region States               52 us
[95.386s][info][gc,stats    ]   Choose Collection Set             143 us
[95.386s][info][gc,stats    ]   Rebuild Free Set                   17 us
[95.386s][info][gc,stats    ] Concurrent Thread Roots            8307 us, parallelism: 1.58x
[95.386s][info][gc,stats    ]   CTR: <total>                    13110 us
[95.386s][info][gc,stats    ]   CTR: Thread Roots               13110 us, workers (us): 8203, 4907, ---, ---, ---, ---, ---, ---, 
[95.386s][info][gc,stats    ] Concurrent Weak References          711 us, parallelism: 0.86x
[95.386s][info][gc,stats    ]   CWRF: <total>                     613 us
[95.386s][info][gc,stats    ]   CWRF: Weak References             613 us, workers (us):   1, 612, ---, ---, ---, ---, ---, ---, 
[95.386s][info][gc,stats    ] Concurrent Weak Roots              8325 us
[95.386s][info][gc,stats    ]   Roots                            7905 us, parallelism: 1.83x
[95.386s][info][gc,stats    ]     CWR: <total>                  14464 us
[95.386s][info][gc,stats    ]     CWR: Code Cache Roots         11161 us, workers (us): 5665, 5496, ---, ---, ---, ---, ---, ---, 
[95.386s][info][gc,stats    ]     CWR: VM Weak Roots             3233 us, workers (us): 2094, 1138, ---, ---, ---, ---, ---, ---, 
[95.386s][info][gc,stats    ]     CWR: CLDG Roots                  70 us, workers (us): ---,  70, ---, ---, ---, ---, ---, ---, 
[95.386s][info][gc,stats    ]   Rendezvous                        372 us
[95.386s][info][gc,stats    ] Concurrent Cleanup                  169 us
[95.386s][info][gc,stats    ] Concurrent Class Unloading       116103 us
[95.386s][info][gc,stats    ]   Unlink Stale                    81903 us
[95.386s][info][gc,stats    ]     System Dictionary               511 us
[95.386s][info][gc,stats    ]     Weak Class Links              73985 us
[95.386s][info][gc,stats    ]     Code Roots                     7404 us
[95.386s][info][gc,stats    ]   Rendezvous                       3359 us
[95.386s][info][gc,stats    ]   Purge Unlinked                  30782 us
[95.386s][info][gc,stats    ]     Code Roots                    30657 us
[95.386s][info][gc,stats    ]     CLDG                            123 us
[95.386s][info][gc,stats    ]     Exception Caches                  0 us
[95.386s][info][gc,stats    ] Concurrent Strong Roots            1614 us, parallelism: 0.95x
[95.386s][info][gc,stats    ]   CSR: <total>                     1538 us
[95.386s][info][gc,stats    ]   CSR: VM Strong Roots               86 us, workers (us):  46,  40, ---, ---, ---, ---, ---, ---, 
[95.386s][info][gc,stats    ]   CSR: CLDG Roots                  1452 us, workers (us): ---, 1452, ---, ---, ---, ---, ---, ---, 
[95.386s][info][gc,stats    ] Concurrent Evacuation             30654 us
[95.386s][info][gc,stats    ] Pause Init Update Refs (G)         1625 us
[95.386s][info][gc,stats    ] Pause Init Update Refs (N)          105 us
[95.386s][info][gc,stats    ]   Manage GCLABs                      51 us
[95.386s][info][gc,stats    ] Concurrent Update Refs            63373 us
[95.386s][info][gc,stats    ] Concurrent Update Thread Roots     1983 us
[95.386s][info][gc,stats    ] Pause Final Update Refs (G)        1159 us
[95.386s][info][gc,stats    ] Pause Final Update Refs (N)         159 us
[95.386s][info][gc,stats    ]   Update Region States               56 us
[95.386s][info][gc,stats    ]   Trash Collection Set               11 us
[95.386s][info][gc,stats    ]   Rebuild Free Set                   23 us
[95.386s][info][gc,stats    ] Concurrent Cleanup                  228 us
[95.386s][info][gc,stats    ] 
[95.386s][info][gc,stats    ] Allocation pacing accrued:
[95.386s][info][gc,stats    ]       0 of 92806 ms (  0.0%): <total>
[95.386s][info][gc,stats    ]       0 of 92806 ms (  0.0%): <average total>
[95.386s][info][gc,stats    ] 
[95.386s][info][gc,metaspace] Metaspace: 60150K(60736K)->60101K(60736K) NonClass: 53364K(53696K)->53328K(53696K) Class: 6785K(7040K)->6772K(7040K)
[95.386s][info][gc,ergo     ] Pacer for Idle. Initial: 40642K, Alloc Tax Rate: 1.0x
