[0.005s][info][gc] Heuristics ergonomically sets -XX:+ExplicitGCInvokesConcurrent
[0.005s][info][gc] Heuristics ergonomically sets -XX:+ShenandoahImplicitGCInvokesConcurrent
[0.005s][info][gc] Using Shenandoah
[0.006s][info][gc,ergo] Pacer for Idle. Initial: 40642K, Alloc Tax Rate: 1.0x
[0.006s][info][gc,init] Version: 21.0.7+6-Ubuntu-0ubuntu122.04 (release)
[0.006s][info][gc,init] CPUs: 4 total, 4 available
[0.006s][info][gc,init] Memory: 7937M
[0.006s][info][gc,init] Large Page Support: Disabled
[0.006s][info][gc,init] NUMA Support: Disabled
[0.006s][info][gc,init] Compressed Oops: Enabled (32-bit)
[0.006s][info][gc,init] Heap Min Capacity: 6656K
[0.006s][info][gc,init] Heap Initial Capacity: 127488K
[0.006s][info][gc,init] Heap Max Capacity: 2032128K
[0.006s][info][gc,init] Pre-touch: Disabled
[0.006s][info][gc,init] Mode: Snapshot-At-The-Beginning (SATB)
[0.006s][info][gc,init] Heuristics: Adaptive
[0.006s][info][gc,init] Heap Region Count: 3969
[0.006s][info][gc,init] Heap Region Size: 512K
[0.006s][info][gc,init] TLAB Size Max: 512K
[0.006s][info][gc,init] Humongous Object Threshold: 512K
[0.006s][info][gc,init] Parallel Workers: 8
[0.006s][info][gc,init] Concurrent Workers: 2
[0.018s][info][gc,metaspace] CDS archive(s) mapped at: [0x00007fe15f000000-0x00007fe15fc97000-0x00007fe15fc97000), size 13201408, SharedBaseAddress: 0x00007fe15f000000, ArchiveRelocationMode: 1.
[0.018s][info][gc,metaspace] Compressed class space mapped at: 0x00007fe160000000-0x00007fe1a0000000, reserved size: 1073741824
[0.018s][info][gc,metaspace] Narrow klass base: 0x00007fe15f000000, Narrow klass shift: 0, Narrow klass range: 0x100000000
[2.085s][info][gc          ] Trigger: Metadata GC Threshold
[2.085s][info][gc,ergo     ] Free: 1779M, Max: 512K regular, 1779M humongous, Frag: 0% external, 0% internal; Reserve: 101888K, Max: 512K
[2.085s][info][gc,start    ] GC(0) Concurrent reset
[2.090s][info][gc,task     ] GC(0) Using 2 of 8 workers for concurrent reset
[2.090s][info][gc,ergo     ] GC(0) Pacer for Reset. Non-Taxable: 1984M
[2.090s][info][gc          ] GC(0) Concurrent reset 5.543ms
[2.094s][info][gc,start    ] GC(0) Pause Init Mark (unload classes)
[2.094s][info][gc,task     ] GC(0) Using 8 of 8 workers for init marking
[2.094s][info][gc,ergo     ] GC(0) Pacer for Mark. Expected Live: 198M, Free: 1779M, Non-Taxable: 177M, Alloc Tax Rate: 0.1x
[2.094s][info][gc          ] GC(0) Pause Init Mark (unload classes) 0.425ms
[2.096s][info][gc,start    ] GC(0) Concurrent marking roots
[2.096s][info][gc,task     ] GC(0) Using 2 of 8 workers for concurrent marking roots
[2.100s][info][gc          ] GC(0) Concurrent marking roots 4.024ms
[2.100s][info][gc,start    ] GC(0) Concurrent marking (unload classes)
[2.100s][info][gc,task     ] GC(0) Using 2 of 8 workers for concurrent marking
[2.119s][info][gc          ] GC(0) Concurrent marking (unload classes) 19.085ms
[2.120s][info][gc,start    ] GC(0) Pause Final Mark (unload classes)
[2.120s][info][gc,task     ] GC(0) Using 8 of 8 workers for final marking
[2.121s][info][gc,ergo     ] GC(0) Adaptive CSet Selection. Target Free: 281M, Actual Free: 1880M, Max CSet: 84672K, Min Garbage: 0B
[2.121s][info][gc,ergo     ] GC(0) Collectable Garbage: 86065K (99%), Immediate: 6592K (7%), CSet: 79473K (91%)
[2.121s][info][gc,ergo     ] GC(0) Pacer for Evacuation. Used CSet: 91648K, Free: 1782M, Non-Taxable: 178M, Alloc Tax Rate: 1.1x
[2.121s][info][gc          ] GC(0) Pause Final Mark (unload classes) 0.561ms
[2.121s][info][gc,start    ] GC(0) Concurrent thread roots
[2.121s][info][gc,task     ] GC(0) Using 2 of 8 workers for Concurrent thread roots
[2.121s][info][gc          ] GC(0) Concurrent thread roots 0.527ms
[2.121s][info][gc,start    ] GC(0) Concurrent weak references
[2.121s][info][gc,task     ] GC(0) Using 2 of 8 workers for concurrent weak references
[2.122s][info][gc,ref      ] GC(0) Encountered references: Soft: 3966, Weak: 2208, Final: 5, Phantom: 765
[2.122s][info][gc,ref      ] GC(0) Discovered  references: Soft: 0, Weak: 1006, Final: 0, Phantom: 660
[2.122s][info][gc,ref      ] GC(0) Enqueued    references: Soft: 0, Weak: 482, Final: 0, Phantom: 289
[2.122s][info][gc          ] GC(0) Concurrent weak references 0.300ms
[2.122s][info][gc,start    ] GC(0) Concurrent weak roots
[2.122s][info][gc,task     ] GC(0) Using 2 of 8 workers for concurrent weak root
[2.125s][info][gc          ] GC(0) Concurrent weak roots 3.802ms
[2.125s][info][gc,start    ] GC(0) Concurrent cleanup
[2.126s][info][gc          ] GC(0) Concurrent cleanup 109M->103M(125M) 0.098ms
[2.126s][info][gc,ergo     ] GC(0) Free: 1781M, Max: 512K regular, 1774M humongous, Frag: 1% external, 0% internal; Reserve: 100864K, Max: 512K
[2.126s][info][gc,start    ] GC(0) Concurrent class unloading
[2.126s][info][gc,task     ] GC(0) Using 2 of 8 workers for concurrent class unloading
[2.133s][info][gc          ] GC(0) Concurrent class unloading 7.451ms
[2.133s][info][gc,start    ] GC(0) Concurrent strong roots
[2.133s][info][gc,task     ] GC(0) Using 2 of 8 workers for concurrent strong root
[2.134s][info][gc          ] GC(0) Concurrent strong roots 1.358ms
[2.134s][info][gc,start    ] GC(0) Concurrent evacuation
[2.134s][info][gc,task     ] GC(0) Using 2 of 8 workers for concurrent evacuation
[2.153s][info][gc          ] GC(0) Concurrent evacuation 18.884ms
[2.154s][info][gc,start    ] GC(0) Pause Init Update Refs
[2.154s][info][gc,ergo     ] GC(0) Pacer for Update Refs. Used: 115M, Free: 1781M, Non-Taxable: 178M, Alloc Tax Rate: 1.1x
[2.154s][info][gc          ] GC(0) Pause Init Update Refs 0.038ms
[2.154s][info][gc,start    ] GC(0) Concurrent update references
[2.154s][info][gc,task     ] GC(0) Using 2 of 8 workers for concurrent reference update
[2.170s][info][gc          ] GC(0) Concurrent update references 16.436ms
[2.170s][info][gc,start    ] GC(0) Concurrent update thread roots
[2.170s][info][gc          ] GC(0) Concurrent update thread roots 0.391ms
[2.171s][info][gc,start    ] GC(0) Pause Final Update Refs
[2.171s][info][gc,task     ] GC(0) Using 8 of 8 workers for final reference update
[2.171s][info][gc          ] GC(0) Pause Final Update Refs 0.088ms
[2.171s][info][gc,start    ] GC(0) Concurrent cleanup
[2.171s][info][gc          ] GC(0) Concurrent cleanup 115M->26M(137M) 0.106ms
[2.171s][info][gc,ergo     ] Free: 1857M, Max: 512K regular, 1761M humongous, Frag: 6% external, 0% internal; Reserve: 101888K, Max: 512K
[2.171s][info][gc,stats    ] 
[2.171s][info][gc,stats    ] All times are wall-clock times, except per-root-class counters, that are sum over
[2.171s][info][gc,stats    ] all workers. Dividing the <total> over the root stage time estimates parallelism.
[2.171s][info][gc,stats    ] 
[2.171s][info][gc,stats    ] Concurrent Reset                   5565 us
[2.171s][info][gc,stats    ] Pause Init Mark (G)                5132 us
[2.171s][info][gc,stats    ] Pause Init Mark (N)                 440 us
[2.171s][info][gc,stats    ]   Update Region States               26 us
[2.171s][info][gc,stats    ] Concurrent Mark Roots              4038 us, parallelism: 0.78x
[2.171s][info][gc,stats    ]   CMR: <total>                     3138 us
[2.171s][info][gc,stats    ]   CMR: Thread Roots                1485 us, workers (us): 150, 1335, ---, ---, ---, ---, ---, ---, 
[2.171s][info][gc,stats    ]   CMR: VM Strong Roots              342 us, workers (us): 341,   1, ---, ---, ---, ---, ---, ---, 
[2.171s][info][gc,stats    ]   CMR: CLDG Roots                  1312 us, workers (us): 1312, ---, ---, ---, ---, ---, ---, ---, 
[2.171s][info][gc,stats    ] Concurrent Marking                19108 us
[2.171s][info][gc,stats    ] Pause Final Mark (G)               1958 us
[2.171s][info][gc,stats    ] Pause Final Mark (N)                568 us
[2.171s][info][gc,stats    ]   Finish Mark                       372 us
[2.171s][info][gc,stats    ]   Update Region States               35 us
[2.171s][info][gc,stats    ]   Choose Collection Set             102 us
[2.171s][info][gc,stats    ]   Rebuild Free Set                   21 us
[2.171s][info][gc,stats    ] Concurrent Thread Roots             539 us, parallelism: 1.26x
[2.171s][info][gc,stats    ]   CTR: <total>                      680 us
[2.171s][info][gc,stats    ]   CTR: Thread Roots                 680 us, workers (us): 483, 196, ---, ---, ---, ---, ---, ---, 
[2.171s][info][gc,stats    ] Concurrent Weak References          307 us, parallelism: 1.22x
[2.171s][info][gc,stats    ]   CWRF: <total>                     373 us
[2.171s][info][gc,stats    ]   CWRF: Weak References             373 us, workers (us): 141, 232, ---, ---, ---, ---, ---, ---, 
[2.171s][info][gc,stats    ] Concurrent Weak Roots              3829 us
[2.171s][info][gc,stats    ]   Roots                            2698 us, parallelism: 0.97x
[2.171s][info][gc,stats    ]     CWR: <total>                   2619 us
[2.171s][info][gc,stats    ]     CWR: Code Cache Roots           780 us, workers (us): 780,   0, ---, ---, ---, ---, ---, ---, 
[2.171s][info][gc,stats    ]     CWR: VM Weak Roots             1829 us, workers (us): 1829,   0, ---, ---, ---, ---, ---, ---, 
[2.171s][info][gc,stats    ]     CWR: CLDG Roots                  10 us, workers (us):  10, ---, ---, ---, ---, ---, ---, ---, 
[2.171s][info][gc,stats    ]   Rendezvous                       1091 us
[2.171s][info][gc,stats    ] Concurrent Cleanup                  104 us
[2.171s][info][gc,stats    ] Concurrent Class Unloading         7464 us
[2.171s][info][gc,stats    ]   Unlink Stale                     2960 us
[2.171s][info][gc,stats    ]     System Dictionary                24 us
[2.171s][info][gc,stats    ]     Weak Class Links                  0 us
[2.171s][info][gc,stats    ]     Code Roots                     2935 us
[2.171s][info][gc,stats    ]   Rendezvous                       2479 us
[2.171s][info][gc,stats    ]   Purge Unlinked                   1997 us
[2.171s][info][gc,stats    ]     Code Roots                     1981 us
[2.171s][info][gc,stats    ]     CLDG                             15 us
[2.171s][info][gc,stats    ]     Exception Caches                  0 us
[2.171s][info][gc,stats    ] Concurrent Strong Roots            1376 us, parallelism: 0.93x
[2.171s][info][gc,stats    ]   CSR: <total>                     1280 us
[2.171s][info][gc,stats    ]   CSR: VM Strong Roots               24 us, workers (us):  23,   0, ---, ---, ---, ---, ---, ---, 
[2.171s][info][gc,stats    ]   CSR: CLDG Roots                  1256 us, workers (us): 1256, ---, ---, ---, ---, ---, ---, ---, 
[2.171s][info][gc,stats    ] Concurrent Evacuation             18900 us
[2.171s][info][gc,stats    ] Pause Init Update Refs (G)          306 us
[2.171s][info][gc,stats    ] Pause Init Update Refs (N)           44 us
[2.171s][info][gc,stats    ]   Manage GCLABs                       6 us
[2.171s][info][gc,stats    ] Concurrent Update Refs            16455 us
[2.171s][info][gc,stats    ] Concurrent Update Thread Roots      405 us
[2.171s][info][gc,stats    ] Pause Final Update Refs (G)         200 us
[2.171s][info][gc,stats    ] Pause Final Update Refs (N)          96 us
[2.171s][info][gc,stats    ]   Update Region States               36 us
[2.171s][info][gc,stats    ]   Trash Collection Set                4 us
[2.171s][info][gc,stats    ]   Rebuild Free Set                   19 us
[2.171s][info][gc,stats    ] Concurrent Cleanup                  114 us
[2.171s][info][gc,stats    ] 
[2.171s][info][gc,stats    ] Allocation pacing accrued:
[2.171s][info][gc,stats    ]       0 of  2165 ms (  0.0%): <total>
[2.171s][info][gc,stats    ]       0 of  2165 ms (  0.0%): <average total>
[2.171s][info][gc,stats    ] 
[2.171s][info][gc,metaspace] Metaspace: 21248K(21632K)->21753K(22080K) NonClass: 19009K(19200K)->19463K(19648K) Class: 2238K(2432K)->2290K(2432K)
[2.171s][info][gc,ergo     ] Pacer for Idle. Initial: 40642K, Alloc Tax Rate: 1.0x
[3.351s][info][gc          ] Trigger: Metadata GC Threshold
[3.351s][info][gc,ergo     ] Free: 1745M, Max: 512K regular, 1745M humongous, Frag: 0% external, 0% internal; Reserve: 101888K, Max: 512K
[3.351s][info][gc,start    ] GC(1) Concurrent reset
[3.351s][info][gc,task     ] GC(1) Using 2 of 8 workers for concurrent reset
[3.351s][info][gc,ergo     ] GC(1) Pacer for Reset. Non-Taxable: 1984M
[3.353s][info][gc          ] GC(1) Concurrent reset 1.345ms
[3.353s][info][gc,start    ] GC(1) Pause Init Mark (unload classes)
[3.353s][info][gc,task     ] GC(1) Using 8 of 8 workers for init marking
[3.353s][info][gc,ergo     ] GC(1) Pacer for Mark. Expected Live: 19761K, Free: 1745M, Non-Taxable: 174M, Alloc Tax Rate: 0.0x
[3.353s][info][gc          ] GC(1) Pause Init Mark (unload classes) 0.055ms
[3.353s][info][gc,start    ] GC(1) Concurrent marking roots
[3.353s][info][gc,task     ] GC(1) Using 2 of 8 workers for concurrent marking roots
[3.354s][info][gc          ] GC(1) Concurrent marking roots 0.826ms
[3.354s][info][gc,start    ] GC(1) Concurrent marking (unload classes)
[3.354s][info][gc,task     ] GC(1) Using 2 of 8 workers for concurrent marking
[3.391s][info][gc          ] GC(1) Concurrent marking (unload classes) 37.452ms
[3.391s][info][gc,start    ] GC(1) Pause Final Mark (unload classes)
[3.391s][info][gc,task     ] GC(1) Using 8 of 8 workers for final marking
[3.394s][info][gc,ergo     ] GC(1) Adaptive CSet Selection. Target Free: 281M, Actual Free: 1846M, Max CSet: 84672K, Min Garbage: 0B
[3.394s][info][gc,ergo     ] GC(1) Collectable Garbage: 65306K (97%), Immediate: 4753K (7%), CSet: 60552K (90%)
[3.394s][info][gc,ergo     ] GC(1) Pacer for Evacuation. Used CSet: 68381K, Free: 1747M, Non-Taxable: 174M, Alloc Tax Rate: 1.1x
[3.394s][info][gc          ] GC(1) Pause Final Mark (unload classes) 2.351ms
[3.394s][info][gc,start    ] GC(1) Concurrent thread roots
[3.394s][info][gc,task     ] GC(1) Using 2 of 8 workers for Concurrent thread roots
[3.394s][info][gc          ] GC(1) Concurrent thread roots 0.205ms
[3.394s][info][gc,start    ] GC(1) Concurrent weak references
[3.394s][info][gc,task     ] GC(1) Using 2 of 8 workers for concurrent weak references
[3.394s][info][gc,ref      ] GC(1) Encountered references: Soft: 4463, Weak: 3071, Final: 21, Phantom: 680
[3.394s][info][gc,ref      ] GC(1) Discovered  references: Soft: 0, Weak: 1822, Final: 0, Phantom: 523
[3.394s][info][gc,ref      ] GC(1) Enqueued    references: Soft: 0, Weak: 495, Final: 0, Phantom: 190
[3.394s][info][gc          ] GC(1) Concurrent weak references 0.383ms
[3.394s][info][gc,start    ] GC(1) Concurrent weak roots
[3.394s][info][gc,task     ] GC(1) Using 2 of 8 workers for concurrent weak root
[3.402s][info][gc          ] GC(1) Concurrent weak roots 7.555ms
[3.402s][info][gc,start    ] GC(1) Concurrent cleanup
[3.402s][info][gc          ] GC(1) Concurrent cleanup 141M->136M(145M) 0.104ms
[3.402s][info][gc,ergo     ] GC(1) Free: 1746M, Max: 512K regular, 1742M humongous, Frag: 1% external, 0% internal; Reserve: 101164K, Max: 512K
[3.402s][info][gc,start    ] GC(1) Concurrent class unloading
[3.402s][info][gc,task     ] GC(1) Using 2 of 8 workers for concurrent class unloading
[3.405s][info][gc          ] GC(1) Concurrent class unloading 3.348ms
[3.405s][info][gc,start    ] GC(1) Concurrent strong roots
[3.405s][info][gc,task     ] GC(1) Using 2 of 8 workers for concurrent strong root
[3.406s][info][gc          ] GC(1) Concurrent strong roots 0.787ms
[3.406s][info][gc,start    ] GC(1) Concurrent evacuation
[3.406s][info][gc,task     ] GC(1) Using 2 of 8 workers for concurrent evacuation
[3.413s][info][gc          ] GC(1) Concurrent evacuation 6.505ms
[3.414s][info][gc,start    ] GC(1) Pause Init Update Refs
[3.414s][info][gc,ergo     ] GC(1) Pacer for Update Refs. Used: 144M, Free: 1746M, Non-Taxable: 174M, Alloc Tax Rate: 1.1x
[3.414s][info][gc          ] GC(1) Pause Init Update Refs 0.033ms
[3.414s][info][gc,start    ] GC(1) Concurrent update references
[3.414s][info][gc,task     ] GC(1) Using 2 of 8 workers for concurrent reference update
[3.444s][info][gc          ] GC(1) Concurrent update references 30.049ms
[3.445s][info][gc,start    ] GC(1) Concurrent update thread roots
[3.445s][info][gc          ] GC(1) Concurrent update thread roots 0.169ms
[3.445s][info][gc,start    ] GC(1) Pause Final Update Refs
[3.445s][info][gc,task     ] GC(1) Using 8 of 8 workers for final reference update
[3.445s][info][gc          ] GC(1) Pause Final Update Refs 0.081ms
[3.445s][info][gc,start    ] GC(1) Concurrent cleanup
[3.445s][info][gc          ] GC(1) Concurrent cleanup 146M->79M(152M) 0.097ms
[3.445s][info][gc,ergo     ] Free: 1803M, Max: 512K regular, 1735M humongous, Frag: 4% external, 0% internal; Reserve: 101888K, Max: 512K
[3.445s][info][gc,stats    ] 
[3.445s][info][gc,stats    ] All times are wall-clock times, except per-root-class counters, that are sum over
[3.445s][info][gc,stats    ] all workers. Dividing the <total> over the root stage time estimates parallelism.
[3.445s][info][gc,stats    ] 
[3.445s][info][gc,stats    ] Concurrent Reset                   1368 us
[3.445s][info][gc,stats    ] Pause Init Mark (G)                 284 us
[3.445s][info][gc,stats    ] Pause Init Mark (N)                  61 us
[3.445s][info][gc,stats    ]   Update Region States               20 us
[3.445s][info][gc,stats    ] Concurrent Mark Roots               836 us, parallelism: 1.13x
[3.445s][info][gc,stats    ]   CMR: <total>                      944 us
[3.445s][info][gc,stats    ]   CMR: Thread Roots                 513 us, workers (us): 307, 206, ---, ---, ---, ---, ---, ---, 
[3.445s][info][gc,stats    ]   CMR: VM Strong Roots              146 us, workers (us): 145,   0, ---, ---, ---, ---, ---, ---, 
[3.445s][info][gc,stats    ]   CMR: CLDG Roots                   286 us, workers (us): 286, ---, ---, ---, ---, ---, ---, ---, 
[3.445s][info][gc,stats    ] Concurrent Marking                37475 us
[3.445s][info][gc,stats    ] Pause Final Mark (G)               2459 us
[3.445s][info][gc,stats    ] Pause Final Mark (N)               2358 us
[3.445s][info][gc,stats    ]   Finish Mark                      2187 us
[3.445s][info][gc,stats    ]   Update Region States               36 us
[3.445s][info][gc,stats    ]   Choose Collection Set              71 us
[3.445s][info][gc,stats    ]   Rebuild Free Set                   17 us
[3.445s][info][gc,stats    ] Concurrent Thread Roots             215 us, parallelism: 1.50x
[3.445s][info][gc,stats    ]   CTR: <total>                      324 us
[3.445s][info][gc,stats    ]   CTR: Thread Roots                 324 us, workers (us): 173, 151, ---, ---, ---, ---, ---, ---, 
[3.445s][info][gc,stats    ] Concurrent Weak References          389 us, parallelism: 1.09x
[3.445s][info][gc,stats    ]   CWRF: <total>                     425 us
[3.445s][info][gc,stats    ]   CWRF: Weak References             425 us, workers (us): 102, 323, ---, ---, ---, ---, ---, ---, 
[3.445s][info][gc,stats    ] Concurrent Weak Roots              7574 us
[3.445s][info][gc,stats    ]   Roots                            1820 us, parallelism: 1.78x
[3.445s][info][gc,stats    ]     CWR: <total>                   3238 us
[3.445s][info][gc,stats    ]     CWR: Code Cache Roots          1031 us, workers (us): 497, 535, ---, ---, ---, ---, ---, ---, 
[3.445s][info][gc,stats    ]     CWR: VM Weak Roots             2176 us, workers (us): 1228, 948, ---, ---, ---, ---, ---, ---, 
[3.445s][info][gc,stats    ]     CWR: CLDG Roots                  30 us, workers (us):  30, ---, ---, ---, ---, ---, ---, ---, 
[3.445s][info][gc,stats    ]   Rendezvous                       5721 us
[3.445s][info][gc,stats    ] Concurrent Cleanup                  111 us
[3.445s][info][gc,stats    ] Concurrent Class Unloading         3356 us
[3.445s][info][gc,stats    ]   Unlink Stale                     1936 us
[3.445s][info][gc,stats    ]     System Dictionary                42 us
[3.445s][info][gc,stats    ]     Weak Class Links                  0 us
[3.445s][info][gc,stats    ]     Code Roots                     1893 us
[3.445s][info][gc,stats    ]   Rendezvous                         29 us
[3.445s][info][gc,stats    ]   Purge Unlinked                   1352 us
[3.445s][info][gc,stats    ]     Code Roots                     1344 us
[3.445s][info][gc,stats    ]     CLDG                              7 us
[3.445s][info][gc,stats    ]     Exception Caches                  0 us
[3.445s][info][gc,stats    ] Concurrent Strong Roots             797 us, parallelism: 0.91x
[3.445s][info][gc,stats    ]   CSR: <total>                      726 us
[3.445s][info][gc,stats    ]   CSR: VM Strong Roots               11 us, workers (us):  11,   0, ---, ---, ---, ---, ---, ---, 
[3.445s][info][gc,stats    ]   CSR: CLDG Roots                   715 us, workers (us): 715, ---, ---, ---, ---, ---, ---, ---, 
[3.445s][info][gc,stats    ] Concurrent Evacuation              6525 us
[3.445s][info][gc,stats    ] Pause Init Update Refs (G)         1822 us
[3.445s][info][gc,stats    ] Pause Init Update Refs (N)           40 us
[3.445s][info][gc,stats    ]   Manage GCLABs                       6 us
[3.445s][info][gc,stats    ] Concurrent Update Refs            30071 us
[3.445s][info][gc,stats    ] Concurrent Update Thread Roots      176 us
[3.445s][info][gc,stats    ] Pause Final Update Refs (G)         219 us
[3.445s][info][gc,stats    ] Pause Final Update Refs (N)         109 us
[3.445s][info][gc,stats    ]   Update Region States               32 us
[3.445s][info][gc,stats    ]   Trash Collection Set                3 us
[3.445s][info][gc,stats    ]   Rebuild Free Set                   17 us
[3.445s][info][gc,stats    ] Concurrent Cleanup                  104 us
[3.445s][info][gc,stats    ] 
[3.445s][info][gc,stats    ] Allocation pacing accrued:
[3.445s][info][gc,stats    ]       0 of  1274 ms (  0.0%): <total>
[3.445s][info][gc,stats    ]       0 of  1274 ms (  0.0%): <average total>
[3.445s][info][gc,stats    ] 
[3.445s][info][gc,metaspace] Metaspace: 36449K(36864K)->37563K(38016K) NonClass: 32246K(32512K)->33202K(33472K) Class: 4202K(4352K)->4361K(4544K)
[3.445s][info][gc,ergo     ] Pacer for Idle. Initial: 40642K, Alloc Tax Rate: 1.0x
[38.444s][info][gc          ] Trigger: Metadata GC Threshold
[38.444s][info][gc,ergo     ] Free: 1620M, Max: 512K regular, 1620M humongous, Frag: 0% external, 0% internal; Reserve: 101888K, Max: 512K
[38.444s][info][gc,start    ] GC(2) Concurrent reset
[38.444s][info][gc,task     ] GC(2) Using 2 of 8 workers for concurrent reset
[38.444s][info][gc,ergo     ] GC(2) Pacer for Reset. Non-Taxable: 1984M
[38.446s][info][gc          ] GC(2) Concurrent reset 1.651ms
[38.448s][info][gc,start    ] GC(2) Pause Init Mark (unload classes)
[38.448s][info][gc,task     ] GC(2) Using 8 of 8 workers for init marking
[38.449s][info][gc,ergo     ] GC(2) Pacer for Mark. Expected Live: 46408K, Free: 1620M, Non-Taxable: 162M, Alloc Tax Rate: 0.0x
[38.449s][info][gc          ] GC(2) Pause Init Mark (unload classes) 0.167ms
[38.449s][info][gc,start    ] GC(2) Concurrent marking roots
[38.449s][info][gc,task     ] GC(2) Using 2 of 8 workers for concurrent marking roots
[38.462s][info][gc          ] GC(2) Concurrent marking roots 12.677ms
[38.462s][info][gc,start    ] GC(2) Concurrent marking (unload classes)
[38.462s][info][gc,task     ] GC(2) Using 2 of 8 workers for concurrent marking
[39.011s][info][gc          ] GC(2) Concurrent marking (unload classes) 549.150ms
[39.011s][info][gc,start    ] GC(2) Pause Final Mark (unload classes)
[39.011s][info][gc,task     ] GC(2) Using 8 of 8 workers for final marking
[39.012s][info][gc,ergo     ] GC(2) Adaptive CSet Selection. Target Free: 281M, Actual Free: 1711M, Max CSet: 84672K, Min Garbage: 0B
[39.012s][info][gc,ergo     ] GC(2) Collectable Garbage: 179M (99%), Immediate: 24707K (13%), CSet: 155M (85%)
[39.012s][info][gc,ergo     ] GC(2) Pacer for Evacuation. Used CSet: 164M, Free: 1613M, Non-Taxable: 161M, Alloc Tax Rate: 1.1x
[39.012s][info][gc          ] GC(2) Pause Final Mark (unload classes) 0.480ms
[39.012s][info][gc,start    ] GC(2) Concurrent thread roots
[39.012s][info][gc,task     ] GC(2) Using 2 of 8 workers for Concurrent thread roots
[39.016s][info][gc          ] GC(2) Concurrent thread roots 4.099ms
[39.016s][info][gc,start    ] GC(2) Concurrent weak references
[39.016s][info][gc,task     ] GC(2) Using 2 of 8 workers for concurrent weak references
[39.017s][info][gc,ref      ] GC(2) Encountered references: Soft: 4891, Weak: 5832, Final: 55, Phantom: 1356
[39.017s][info][gc,ref      ] GC(2) Discovered  references: Soft: 0, Weak: 1615, Final: 9, Phantom: 1156
[39.017s][info][gc,ref      ] GC(2) Enqueued    references: Soft: 0, Weak: 959, Final: 8, Phantom: 748
[39.017s][info][gc          ] GC(2) Concurrent weak references 0.780ms
[39.017s][info][gc,start    ] GC(2) Concurrent weak roots
[39.017s][info][gc,task     ] GC(2) Using 2 of 8 workers for concurrent weak root
[39.030s][info][gc          ] GC(2) Concurrent weak roots 12.639ms
[39.030s][info][gc,start    ] GC(2) Concurrent cleanup
[39.030s][info][gc          ] GC(2) Concurrent cleanup 298M->274M(304M) 0.148ms
[39.030s][info][gc,ergo     ] GC(2) Free: 1609M, Max: 512K regular, 1583M humongous, Frag: 2% external, 0% internal; Reserve: 100736K, Max: 512K
[39.030s][info][gc,start    ] GC(2) Concurrent class unloading
[39.030s][info][gc,task     ] GC(2) Using 2 of 8 workers for concurrent class unloading
[39.234s][info][gc          ] GC(2) Concurrent class unloading 204.075ms
[39.234s][info][gc,start    ] GC(2) Concurrent strong roots
[39.234s][info][gc,task     ] GC(2) Using 2 of 8 workers for concurrent strong root
[39.236s][info][gc          ] GC(2) Concurrent strong roots 2.625ms
[39.236s][info][gc,start    ] GC(2) Concurrent evacuation
[39.236s][info][gc,task     ] GC(2) Using 2 of 8 workers for concurrent evacuation
[39.271s][info][gc          ] GC(2) Concurrent evacuation 34.399ms
[39.271s][info][gc,start    ] GC(2) Pause Init Update Refs
[39.271s][info][gc,ergo     ] GC(2) Pacer for Update Refs. Used: 295M, Free: 1597M, Non-Taxable: 159M, Alloc Tax Rate: 1.1x
[39.271s][info][gc          ] GC(2) Pause Init Update Refs 0.069ms
[39.271s][info][gc,start    ] GC(2) Concurrent update references
[39.271s][info][gc,task     ] GC(2) Using 2 of 8 workers for concurrent reference update
[39.428s][info][gc          ] GC(2) Concurrent update references 157.435ms
[39.429s][info][gc,start    ] GC(2) Concurrent update thread roots
[39.429s][info][gc          ] GC(2) Concurrent update thread roots 0.798ms
[39.429s][info][gc,start    ] GC(2) Pause Final Update Refs
[39.429s][info][gc,task     ] GC(2) Using 8 of 8 workers for final reference update
[39.430s][info][gc          ] GC(2) Pause Final Update Refs 0.106ms
[39.430s][info][gc,start    ] GC(2) Concurrent cleanup
[39.430s][info][gc          ] GC(2) Concurrent cleanup 296M->132M(312M) 0.109ms
[39.430s][info][gc,ergo     ] Free: 1750M, Max: 512K regular, 1575M humongous, Frag: 10% external, 0% internal; Reserve: 101888K, Max: 512K
[39.430s][info][gc,stats    ] 
[39.430s][info][gc,stats    ] All times are wall-clock times, except per-root-class counters, that are sum over
[39.430s][info][gc,stats    ] all workers. Dividing the <total> over the root stage time estimates parallelism.
[39.430s][info][gc,stats    ] 
[39.430s][info][gc,stats    ] Concurrent Reset                   1674 us
[39.430s][info][gc,stats    ] Pause Init Mark (G)                2774 us
[39.430s][info][gc,stats    ] Pause Init Mark (N)                 185 us
[39.430s][info][gc,stats    ]   Update Region States               64 us
[39.430s][info][gc,stats    ] Concurrent Mark Roots             13240 us, parallelism: 1.85x
[39.430s][info][gc,stats    ]   CMR: <total>                    24496 us
[39.430s][info][gc,stats    ]   CMR: Thread Roots               16786 us, workers (us): 8193, 8593, ---, ---, ---, ---, ---, ---, 
[39.430s][info][gc,stats    ]   CMR: VM Strong Roots             6889 us, workers (us): 4107, 2782, ---, ---, ---, ---, ---, ---, 
[39.430s][info][gc,stats    ]   CMR: CLDG Roots                   821 us, workers (us): ---, 821, ---, ---, ---, ---, ---, ---, 
[39.430s][info][gc,stats    ] Concurrent Marking               549181 us
[39.430s][info][gc,stats    ] Pause Final Mark (G)                724 us
[39.430s][info][gc,stats    ] Pause Final Mark (N)                488 us
[39.430s][info][gc,stats    ]   Finish Mark                       145 us
[39.430s][info][gc,stats    ]   Update Region States               61 us
[39.430s][info][gc,stats    ]   Choose Collection Set             157 us
[39.430s][info][gc,stats    ]   Rebuild Free Set                   19 us
[39.430s][info][gc,stats    ] Concurrent Thread Roots            4113 us, parallelism: 1.53x
[39.430s][info][gc,stats    ]   CTR: <total>                     6296 us
[39.430s][info][gc,stats    ]   CTR: Thread Roots                6296 us, workers (us): 2268, 4028, ---, ---, ---, ---, ---, ---, 
[39.430s][info][gc,stats    ] Concurrent Weak References          788 us, parallelism: 1.03x
[39.430s][info][gc,stats    ]   CWRF: <total>                     810 us
[39.430s][info][gc,stats    ]   CWRF: Weak References             810 us, workers (us): 112, 698, ---, ---, ---, ---, ---, ---, 
[39.430s][info][gc,stats    ] Concurrent Weak Roots             12659 us
[39.430s][info][gc,stats    ]   Roots                            4313 us, parallelism: 1.76x
[39.430s][info][gc,stats    ]     CWR: <total>                   7612 us
[39.430s][info][gc,stats    ]     CWR: Code Cache Roots          4017 us, workers (us): 2296, 1721, ---, ---, ---, ---, ---, ---, 
[39.430s][info][gc,stats    ]     CWR: VM Weak Roots             3545 us, workers (us): 1877, 1668, ---, ---, ---, ---, ---, ---, 
[39.430s][info][gc,stats    ]     CWR: CLDG Roots                  50 us, workers (us):  50, ---, ---, ---, ---, ---, ---, ---, 
[39.430s][info][gc,stats    ]   Rendezvous                       8310 us
[39.430s][info][gc,stats    ] Concurrent Cleanup                  156 us
[39.430s][info][gc,stats    ] Concurrent Class Unloading       204102 us
[39.430s][info][gc,stats    ]   Unlink Stale                   180235 us
[39.430s][info][gc,stats    ]     System Dictionary               286 us
[39.430s][info][gc,stats    ]     Weak Class Links             162514 us
[39.430s][info][gc,stats    ]     Code Roots                    17432 us
[39.430s][info][gc,stats    ]   Rendezvous                        472 us
[39.430s][info][gc,stats    ]   Purge Unlinked                  23349 us
[39.430s][info][gc,stats    ]     Code Roots                    23278 us
[39.430s][info][gc,stats    ]     CLDG                             71 us
[39.430s][info][gc,stats    ]     Exception Caches                  0 us
[39.430s][info][gc,stats    ] Concurrent Strong Roots            2645 us, parallelism: 0.83x
[39.430s][info][gc,stats    ]   CSR: <total>                     2204 us
[39.430s][info][gc,stats    ]   CSR: VM Strong Roots               61 us, workers (us):  60,   1, ---, ---, ---, ---, ---, ---, 
[39.430s][info][gc,stats    ]   CSR: CLDG Roots                  2143 us, workers (us): 2143, ---, ---, ---, ---, ---, ---, ---, 
[39.430s][info][gc,stats    ] Concurrent Evacuation             34423 us
[39.430s][info][gc,stats    ] Pause Init Update Refs (G)          145 us
[39.430s][info][gc,stats    ] Pause Init Update Refs (N)           77 us
[39.430s][info][gc,stats    ]   Manage GCLABs                      32 us
[39.430s][info][gc,stats    ] Concurrent Update Refs           157459 us
[39.430s][info][gc,stats    ] Concurrent Update Thread Roots      820 us
[39.430s][info][gc,stats    ] Pause Final Update Refs (G)         243 us
[39.430s][info][gc,stats    ] Pause Final Update Refs (N)         116 us
[39.430s][info][gc,stats    ]   Update Region States               42 us
[39.430s][info][gc,stats    ]   Trash Collection Set                6 us
[39.430s][info][gc,stats    ]   Rebuild Free Set                   19 us
[39.430s][info][gc,stats    ] Concurrent Cleanup                  125 us
[39.430s][info][gc,stats    ] 
[39.430s][info][gc,stats    ] Allocation pacing accrued:
[39.430s][info][gc,stats    ]       0 of 35985 ms (  0.0%): <total>
[39.430s][info][gc,stats    ]       0 of 35985 ms (  0.0%): <average total>
[39.430s][info][gc,stats    ] 
[39.430s][info][gc,metaspace] Metaspace: 62870K(63424K)->63246K(63808K) NonClass: 55652K(56000K)->56034K(56384K) Class: 7217K(7424K)->7211K(7424K)
[39.430s][info][gc,ergo     ] Pacer for Idle. Initial: 40642K, Alloc Tax Rate: 1.0x
[59.979s][info][gc          ] Trigger: Learning 4 of 5. Free (1270M) is below initial threshold (1270M)
[59.979s][info][gc,ergo     ] Free: 1270M, Max: 512K regular, 1270M humongous, Frag: 0% external, 0% internal; Reserve: 101888K, Max: 512K
[59.979s][info][gc,start    ] GC(3) Concurrent reset
[59.979s][info][gc,task     ] GC(3) Using 2 of 8 workers for concurrent reset
[59.979s][info][gc,ergo     ] GC(3) Pacer for Reset. Non-Taxable: 1984M
[59.981s][info][gc          ] GC(3) Concurrent reset 2.057ms
[59.981s][info][gc,start    ] GC(3) Pause Init Mark (unload classes)
[59.981s][info][gc,task     ] GC(3) Using 8 of 8 workers for init marking
[59.981s][info][gc,ergo     ] GC(3) Pacer for Mark. Expected Live: 57885K, Free: 1270M, Non-Taxable: 127M, Alloc Tax Rate: 0.1x
[59.981s][info][gc          ] GC(3) Pause Init Mark (unload classes) 0.090ms
[59.981s][info][gc,start    ] GC(3) Concurrent marking roots
[59.981s][info][gc,task     ] GC(3) Using 2 of 8 workers for concurrent marking roots
[59.984s][info][gc          ] GC(3) Concurrent marking roots 2.177ms
[59.984s][info][gc,start    ] GC(3) Concurrent marking (unload classes)
[59.984s][info][gc,task     ] GC(3) Using 2 of 8 workers for concurrent marking
[60.546s][info][gc          ] GC(3) Concurrent marking (unload classes) 562.424ms
[60.546s][info][gc,start    ] GC(3) Pause Final Mark (unload classes)
[60.546s][info][gc,task     ] GC(3) Using 8 of 8 workers for final marking
[60.546s][info][gc,ergo     ] GC(3) Adaptive CSet Selection. Target Free: 281M, Actual Free: 1352M, Max CSet: 84672K, Min Garbage: 0B
[60.546s][info][gc,ergo     ] GC(3) Collectable Garbage: 516M (99%), Immediate: 16384K (3%), CSet: 500M (96%)
[60.546s][info][gc,ergo     ] GC(3) Pacer for Evacuation. Used CSet: 518M, Free: 1252M, Non-Taxable: 125M, Alloc Tax Rate: 1.1x
[60.546s][info][gc          ] GC(3) Pause Final Mark (unload classes) 0.366ms
[60.546s][info][gc,start    ] GC(3) Concurrent thread roots
[60.547s][info][gc,task     ] GC(3) Using 2 of 8 workers for Concurrent thread roots
[60.547s][info][gc          ] GC(3) Concurrent thread roots 0.538ms
[60.547s][info][gc,start    ] GC(3) Concurrent weak references
[60.547s][info][gc,task     ] GC(3) Using 2 of 8 workers for concurrent weak references
[60.547s][info][gc,ref      ] GC(3) Encountered references: Soft: 4891, Weak: 4891, Final: 47, Phantom: 611
[60.547s][info][gc,ref      ] GC(3) Discovered  references: Soft: 0, Weak: 783, Final: 0, Phantom: 315
[60.547s][info][gc,ref      ] GC(3) Enqueued    references: Soft: 0, Weak: 0, Final: 0, Phantom: 0
[60.547s][info][gc          ] GC(3) Concurrent weak references 0.194ms
[60.547s][info][gc,start    ] GC(3) Concurrent weak roots
[60.547s][info][gc,task     ] GC(3) Using 2 of 8 workers for concurrent weak root
[60.554s][info][gc          ] GC(3) Concurrent weak roots 6.415ms
[60.554s][info][gc,start    ] GC(3) Concurrent cleanup
[60.554s][info][gc          ] GC(3) Concurrent cleanup 648M->632M(653M) 0.192ms
[60.554s][info][gc,ergo     ] GC(3) Free: 1250M, Max: 512K regular, 1234M humongous, Frag: 2% external, 0% internal; Reserve: 101598K, Max: 512K
[60.554s][info][gc,start    ] GC(3) Concurrent class unloading
[60.554s][info][gc,task     ] GC(3) Using 2 of 8 workers for concurrent class unloading
[61.063s][info][gc          ] GC(3) Concurrent class unloading 509.084ms
[61.063s][info][gc,start    ] GC(3) Concurrent strong roots
[61.063s][info][gc,task     ] GC(3) Using 2 of 8 workers for concurrent strong root
[61.065s][info][gc          ] GC(3) Concurrent strong roots 1.599ms
[61.065s][info][gc,start    ] GC(3) Concurrent evacuation
[61.065s][info][gc,task     ] GC(3) Using 2 of 8 workers for concurrent evacuation
[61.191s][info][gc          ] GC(3) Concurrent evacuation 126.506ms
[61.191s][info][gc,start    ] GC(3) Pause Init Update Refs
[61.191s][info][gc,ergo     ] GC(3) Pacer for Update Refs. Used: 679M, Free: 1222M, Non-Taxable: 122M, Alloc Tax Rate: 1.1x
[61.191s][info][gc          ] GC(3) Pause Init Update Refs 0.067ms
[61.191s][info][gc,start    ] GC(3) Concurrent update references
[61.191s][info][gc,task     ] GC(3) Using 2 of 8 workers for concurrent reference update
[61.566s][info][gc          ] GC(3) Concurrent update references 374.818ms
[61.566s][info][gc,start    ] GC(3) Concurrent update thread roots
[61.567s][info][gc          ] GC(3) Concurrent update thread roots 0.768ms
[61.567s][info][gc,start    ] GC(3) Pause Final Update Refs
[61.567s][info][gc,task     ] GC(3) Using 8 of 8 workers for final reference update
[61.567s][info][gc          ] GC(3) Pause Final Update Refs 0.104ms
[61.567s][info][gc,start    ] GC(3) Concurrent cleanup
[61.567s][info][gc          ] GC(3) Concurrent cleanup 693M->175M(696M) 0.140ms
[61.568s][info][gc,ergo     ] Free: 1707M, Max: 512K regular, 1192M humongous, Frag: 31% external, 0% internal; Reserve: 101888K, Max: 512K
[61.568s][info][gc,stats    ] 
[61.568s][info][gc,stats    ] All times are wall-clock times, except per-root-class counters, that are sum over
[61.568s][info][gc,stats    ] all workers. Dividing the <total> over the root stage time estimates parallelism.
[61.568s][info][gc,stats    ] 
[61.568s][info][gc,stats    ] Concurrent Reset                   2087 us
[61.568s][info][gc,stats    ] Pause Init Mark (G)                 251 us
[61.568s][info][gc,stats    ] Pause Init Mark (N)                  98 us
[61.568s][info][gc,stats    ]   Update Region States               25 us
[61.568s][info][gc,stats    ] Concurrent Mark Roots              2197 us, parallelism: 1.26x
[61.568s][info][gc,stats    ]   CMR: <total>                     2777 us
[61.568s][info][gc,stats    ]   CMR: Thread Roots                2540 us, workers (us): 1249, 1292, ---, ---, ---, ---, ---, ---, 
[61.568s][info][gc,stats    ]   CMR: VM Strong Roots               78 us, workers (us):  77,   1, ---, ---, ---, ---, ---, ---, 
[61.568s][info][gc,stats    ]   CMR: CLDG Roots                   159 us, workers (us): 159, ---, ---, ---, ---, ---, ---, ---, 
[61.568s][info][gc,stats    ] Concurrent Marking               562454 us
[61.568s][info][gc,stats    ] Pause Final Mark (G)                423 us
[61.568s][info][gc,stats    ] Pause Final Mark (N)                372 us
[61.568s][info][gc,stats    ]   Finish Mark                       103 us
[61.568s][info][gc,stats    ]   Update Region States               41 us
[61.568s][info][gc,stats    ]   Choose Collection Set             152 us
[61.568s][info][gc,stats    ]   Rebuild Free Set                   15 us
[61.568s][info][gc,stats    ] Concurrent Thread Roots             554 us, parallelism: 1.75x
[61.568s][info][gc,stats    ]   CTR: <total>                      971 us
[61.568s][info][gc,stats    ]   CTR: Thread Roots                 971 us, workers (us): 496, 475, ---, ---, ---, ---, ---, ---, 
[61.568s][info][gc,stats    ] Concurrent Weak References          200 us, parallelism: 0.76x
[61.568s][info][gc,stats    ]   CWRF: <total>                     152 us
[61.568s][info][gc,stats    ]   CWRF: Weak References             152 us, workers (us): 152,   1, ---, ---, ---, ---, ---, ---, 
[61.568s][info][gc,stats    ] Concurrent Weak Roots              6446 us
[61.568s][info][gc,stats    ]   Roots                            4919 us, parallelism: 1.21x
[61.568s][info][gc,stats    ]     CWR: <total>                   5975 us
[61.568s][info][gc,stats    ]     CWR: Code Cache Roots          4799 us, workers (us): 2418, 2381, ---, ---, ---, ---, ---, ---, 
[61.568s][info][gc,stats    ]     CWR: VM Weak Roots             1133 us, workers (us): 661, 472, ---, ---, ---, ---, ---, ---, 
[61.568s][info][gc,stats    ]     CWR: CLDG Roots                  43 us, workers (us): ---,  43, ---, ---, ---, ---, ---, ---, 
[61.568s][info][gc,stats    ]   Rendezvous                       1480 us
[61.568s][info][gc,stats    ] Concurrent Cleanup                  200 us
[61.568s][info][gc,stats    ] Concurrent Class Unloading       509108 us
[61.568s][info][gc,stats    ]   Unlink Stale                    87663 us
[61.568s][info][gc,stats    ]     System Dictionary                73 us
[61.568s][info][gc,stats    ]     Weak Class Links                  0 us
[61.568s][info][gc,stats    ]     Code Roots                    87587 us
[61.568s][info][gc,stats    ]   Rendezvous                       1014 us
[61.568s][info][gc,stats    ]   Purge Unlinked                 420388 us
[61.568s][info][gc,stats    ]     Code Roots                   420251 us
[61.568s][info][gc,stats    ]     CLDG                            137 us
[61.568s][info][gc,stats    ]     Exception Caches                  0 us
[61.568s][info][gc,stats    ] Concurrent Strong Roots            1634 us, parallelism: 0.49x
[61.568s][info][gc,stats    ]   CSR: <total>                      802 us
[61.568s][info][gc,stats    ]   CSR: VM Strong Roots               24 us, workers (us):  14,  10, ---, ---, ---, ---, ---, ---, 
[61.568s][info][gc,stats    ]   CSR: CLDG Roots                   778 us, workers (us): 778, ---, ---, ---, ---, ---, ---, ---, 
[61.568s][info][gc,stats    ] Concurrent Evacuation            126543 us
[61.568s][info][gc,stats    ] Pause Init Update Refs (G)          224 us
[61.568s][info][gc,stats    ] Pause Init Update Refs (N)           75 us
[61.568s][info][gc,stats    ]   Manage GCLABs                      29 us
[61.568s][info][gc,stats    ] Concurrent Update Refs           374847 us
[61.568s][info][gc,stats    ] Concurrent Update Thread Roots      792 us
[61.568s][info][gc,stats    ] Pause Final Update Refs (G)         260 us
[61.568s][info][gc,stats    ] Pause Final Update Refs (N)         113 us
[61.568s][info][gc,stats    ]   Update Region States               43 us
[61.568s][info][gc,stats    ]   Trash Collection Set               10 us
[61.568s][info][gc,stats    ]   Rebuild Free Set                   16 us
[61.568s][info][gc,stats    ] Concurrent Cleanup                  148 us
[61.568s][info][gc,stats    ] 
[61.568s][info][gc,stats    ] Allocation pacing accrued:
[61.568s][info][gc,stats    ]       0 of 22138 ms (  0.0%): <total>
[61.568s][info][gc,stats    ]       0 of 22138 ms (  0.0%): <average total>
[61.568s][info][gc,stats    ] 
[61.568s][info][gc,metaspace] Metaspace: 64302K(64832K)->64314K(64832K) NonClass: 57089K(57408K)->57101K(57408K) Class: 7213K(7424K)->7213K(7424K)
[61.568s][info][gc,ergo     ] Pacer for Idle. Initial: 40642K, Alloc Tax Rate: 1.0x
[76.048s][info][gc          ] Trigger: Learning 5 of 5. Free (1269M) is below initial threshold (1270M)
[76.048s][info][gc,ergo     ] Free: 1269M, Max: 512K regular, 1192M humongous, Frag: 7% external, 0% internal; Reserve: 101888K, Max: 512K
[76.048s][info][gc,start    ] GC(4) Concurrent reset
[76.048s][info][gc,task     ] GC(4) Using 2 of 8 workers for concurrent reset
[76.048s][info][gc,ergo     ] GC(4) Pacer for Reset. Non-Taxable: 1984M
[76.068s][info][gc          ] GC(4) Concurrent reset 19.262ms
[76.068s][info][gc,start    ] GC(4) Pause Init Mark (unload classes)
[76.068s][info][gc,task     ] GC(4) Using 8 of 8 workers for init marking
[76.068s][info][gc,ergo     ] GC(4) Pacer for Mark. Expected Live: 67465K, Free: 1268M, Non-Taxable: 126M, Alloc Tax Rate: 0.1x
[76.068s][info][gc          ] GC(4) Pause Init Mark (unload classes) 0.082ms
[76.068s][info][gc,start    ] GC(4) Concurrent marking roots
[76.068s][info][gc,task     ] GC(4) Using 2 of 8 workers for concurrent marking roots
[76.071s][info][gc          ] GC(4) Concurrent marking roots 3.118ms
[76.071s][info][gc,start    ] GC(4) Concurrent marking (unload classes)
[76.071s][info][gc,task     ] GC(4) Using 2 of 8 workers for concurrent marking
[76.669s][info][gc          ] GC(4) Concurrent marking (unload classes) 597.360ms
[76.669s][info][gc,start    ] GC(4) Pause Final Mark (unload classes)
[76.669s][info][gc,task     ] GC(4) Using 8 of 8 workers for final marking
[76.674s][info][gc,ergo     ] GC(4) Adaptive CSet Selection. Target Free: 281M, Actual Free: 1340M, Max CSet: 84672K, Min Garbage: 0B
[76.674s][info][gc,ergo     ] GC(4) Collectable Garbage: 502M (99%), Immediate: 6656K (1%), CSet: 496M (98%)
[76.674s][info][gc,ergo     ] GC(4) Pacer for Evacuation. Used CSet: 514M, Free: 1241M, Non-Taxable: 124M, Alloc Tax Rate: 1.1x
[76.674s][info][gc          ] GC(4) Pause Final Mark (unload classes) 5.359ms
[76.674s][info][gc,start    ] GC(4) Concurrent thread roots
[76.674s][info][gc,task     ] GC(4) Using 2 of 8 workers for Concurrent thread roots
[76.676s][info][gc          ] GC(4) Concurrent thread roots 1.691ms
[76.676s][info][gc,start    ] GC(4) Concurrent weak references
[76.676s][info][gc,task     ] GC(4) Using 2 of 8 workers for concurrent weak references
[76.676s][info][gc,ref      ] GC(4) Encountered references: Soft: 4898, Weak: 4927, Final: 47, Phantom: 620
[76.676s][info][gc,ref      ] GC(4) Discovered  references: Soft: 0, Weak: 738, Final: 0, Phantom: 327
[76.676s][info][gc,ref      ] GC(4) Enqueued    references: Soft: 0, Weak: 13, Final: 0, Phantom: 8
[76.676s][info][gc          ] GC(4) Concurrent weak references 0.252ms
[76.676s][info][gc,start    ] GC(4) Concurrent weak roots
[76.676s][info][gc,task     ] GC(4) Using 2 of 8 workers for concurrent weak root
[76.681s][info][gc          ] GC(4) Concurrent weak roots 4.610ms
[76.681s][info][gc,start    ] GC(4) Concurrent cleanup
[76.681s][info][gc          ] GC(4) Concurrent cleanup 653M->647M(696M) 0.118ms
[76.681s][info][gc,ergo     ] GC(4) Free: 1236M, Max: 512K regular, 1192M humongous, Frag: 4% external, 0% internal; Reserve: 100797K, Max: 512K
[76.681s][info][gc,start    ] GC(4) Concurrent class unloading
[76.681s][info][gc,task     ] GC(4) Using 2 of 8 workers for concurrent class unloading
[76.704s][info][gc          ] GC(4) Concurrent class unloading 22.452ms
[76.704s][info][gc,start    ] GC(4) Concurrent strong roots
[76.704s][info][gc,task     ] GC(4) Using 2 of 8 workers for concurrent strong root
[76.706s][info][gc          ] GC(4) Concurrent strong roots 2.019ms
[76.706s][info][gc,start    ] GC(4) Concurrent evacuation
[76.706s][info][gc,task     ] GC(4) Using 2 of 8 workers for concurrent evacuation
[76.824s][info][gc          ] GC(4) Concurrent evacuation 118.110ms
[76.824s][info][gc,start    ] GC(4) Pause Init Update Refs
[76.824s][info][gc,ergo     ] GC(4) Pacer for Update Refs. Used: 678M, Free: 1224M, Non-Taxable: 122M, Alloc Tax Rate: 1.1x
[76.824s][info][gc          ] GC(4) Pause Init Update Refs 0.083ms
[76.824s][info][gc,start    ] GC(4) Concurrent update references
[76.824s][info][gc,task     ] GC(4) Using 2 of 8 workers for concurrent reference update
[77.100s][info][gc          ] GC(4) Concurrent update references 275.713ms
[77.100s][info][gc,start    ] GC(4) Concurrent update thread roots
[77.100s][info][gc          ] GC(4) Concurrent update thread roots 0.577ms
[77.100s][info][gc,start    ] GC(4) Pause Final Update Refs
[77.101s][info][gc,task     ] GC(4) Using 8 of 8 workers for final reference update
[77.101s][info][gc          ] GC(4) Pause Final Update Refs 0.108ms
[77.101s][info][gc,start    ] GC(4) Concurrent cleanup
[77.101s][info][gc          ] GC(4) Concurrent cleanup 683M->168M(713M) 0.163ms
[77.101s][info][gc,ergo     ] Free: 1714M, Max: 512K regular, 1262M humongous, Frag: 27% external, 0% internal; Reserve: 101888K, Max: 512K
[77.101s][info][gc,stats    ] 
[77.101s][info][gc,stats    ] All times are wall-clock times, except per-root-class counters, that are sum over
[77.101s][info][gc,stats    ] all workers. Dividing the <total> over the root stage time estimates parallelism.
[77.101s][info][gc,stats    ] 
[77.101s][info][gc,stats    ] Concurrent Reset                  19291 us
[77.101s][info][gc,stats    ] Pause Init Mark (G)                 432 us
[77.101s][info][gc,stats    ] Pause Init Mark (N)                  89 us
[77.101s][info][gc,stats    ]   Update Region States               26 us
[77.101s][info][gc,stats    ] Concurrent Mark Roots              3135 us, parallelism: 1.17x
[77.101s][info][gc,stats    ]   CMR: <total>                     3658 us
[77.101s][info][gc,stats    ]   CMR: Thread Roots                3439 us, workers (us): 555, 2884, ---, ---, ---, ---, ---, ---, 
[77.101s][info][gc,stats    ]   CMR: VM Strong Roots               22 us, workers (us):  21,   1, ---, ---, ---, ---, ---, ---, 
[77.101s][info][gc,stats    ]   CMR: CLDG Roots                   197 us, workers (us): 197, ---, ---, ---, ---, ---, ---, ---, 
[77.101s][info][gc,stats    ] Concurrent Marking               597391 us
[77.101s][info][gc,stats    ] Pause Final Mark (G)               5734 us
[77.101s][info][gc,stats    ] Pause Final Mark (N)               5367 us
[77.101s][info][gc,stats    ]   Finish Mark                      5046 us
[77.101s][info][gc,stats    ]   Update Region States               46 us
[77.101s][info][gc,stats    ]   Choose Collection Set             189 us
[77.101s][info][gc,stats    ]   Rebuild Free Set                   17 us
[77.101s][info][gc,stats    ] Concurrent Thread Roots            1727 us, parallelism: 0.87x
[77.101s][info][gc,stats    ]   CTR: <total>                     1508 us
[77.101s][info][gc,stats    ]   CTR: Thread Roots                1508 us, workers (us): 1508,   0, ---, ---, ---, ---, ---, ---, 
[77.101s][info][gc,stats    ] Concurrent Weak References          259 us, parallelism: 0.63x
[77.101s][info][gc,stats    ]   CWRF: <total>                     162 us
[77.101s][info][gc,stats    ]   CWRF: Weak References             162 us, workers (us): 162,   0, ---, ---, ---, ---, ---, ---, 
[77.101s][info][gc,stats    ] Concurrent Weak Roots              4634 us
[77.101s][info][gc,stats    ]   Roots                            3550 us, parallelism: 1.51x
[77.101s][info][gc,stats    ]     CWR: <total>                   5366 us
[77.101s][info][gc,stats    ]     CWR: Code Cache Roots          3804 us, workers (us): 1875, 1929, ---, ---, ---, ---, ---, ---, 
[77.101s][info][gc,stats    ]     CWR: VM Weak Roots             1500 us, workers (us): 875, 625, ---, ---, ---, ---, ---, ---, 
[77.101s][info][gc,stats    ]     CWR: CLDG Roots                  61 us, workers (us):  61, ---, ---, ---, ---, ---, ---, ---, 
[77.101s][info][gc,stats    ]   Rendezvous                       1043 us
[77.101s][info][gc,stats    ] Concurrent Cleanup                  129 us
[77.101s][info][gc,stats    ] Concurrent Class Unloading        22473 us
[77.101s][info][gc,stats    ]   Unlink Stale                    11435 us
[77.101s][info][gc,stats    ]     System Dictionary                67 us
[77.101s][info][gc,stats    ]     Weak Class Links                  0 us
[77.101s][info][gc,stats    ]     Code Roots                    11366 us
[77.101s][info][gc,stats    ]   Rendezvous                        162 us
[77.101s][info][gc,stats    ]   Purge Unlinked                  10835 us
[77.101s][info][gc,stats    ]     Code Roots                    10769 us
[77.101s][info][gc,stats    ]     CLDG                             66 us
[77.101s][info][gc,stats    ]     Exception Caches                  0 us
[77.101s][info][gc,stats    ] Concurrent Strong Roots            2043 us, parallelism: 0.39x
[77.101s][info][gc,stats    ]   CSR: <total>                      806 us
[77.101s][info][gc,stats    ]   CSR: VM Strong Roots               26 us, workers (us):  26,   1, ---, ---, ---, ---, ---, ---, 
[77.101s][info][gc,stats    ]   CSR: CLDG Roots                   779 us, workers (us): 779, ---, ---, ---, ---, ---, ---, ---, 
[77.101s][info][gc,stats    ] Concurrent Evacuation            118148 us
[77.101s][info][gc,stats    ] Pause Init Update Refs (G)          157 us
[77.101s][info][gc,stats    ] Pause Init Update Refs (N)           91 us
[77.101s][info][gc,stats    ]   Manage GCLABs                      40 us
[77.101s][info][gc,stats    ] Concurrent Update Refs           275749 us
[77.101s][info][gc,stats    ] Concurrent Update Thread Roots      599 us
[77.101s][info][gc,stats    ] Pause Final Update Refs (G)         313 us
[77.101s][info][gc,stats    ] Pause Final Update Refs (N)         116 us
[77.101s][info][gc,stats    ]   Update Region States               43 us
[77.101s][info][gc,stats    ]   Trash Collection Set               10 us
[77.101s][info][gc,stats    ]   Rebuild Free Set                   17 us
[77.101s][info][gc,stats    ] Concurrent Cleanup                  173 us
[77.101s][info][gc,stats    ] 
[77.101s][info][gc,stats    ] Allocation pacing accrued:
[77.101s][info][gc,stats    ]       0 of 15533 ms (  0.0%): <total>
[77.101s][info][gc,stats    ]       0 of 15533 ms (  0.0%): <average total>
[77.101s][info][gc,stats    ] 
[77.101s][info][gc,metaspace] Metaspace: 66386K(66944K)->66388K(66944K) NonClass: 58988K(59264K)->58990K(59264K) Class: 7398K(7680K)->7398K(7680K)
[77.101s][info][gc,ergo     ] Pacer for Idle. Initial: 40642K, Alloc Tax Rate: 1.0x
