[0.006s][info][gc] Heuristics ergonomically sets -XX:+ExplicitGCInvokesConcurrent
[0.006s][info][gc] Heuristics ergonomically sets -XX:+ShenandoahImplicitGCInvokesConcurrent
[0.007s][info][gc] Using Shenandoah
[0.007s][info][gc,ergo] Pacer for Idle. Initial: 40642K, Alloc Tax Rate: 1.0x
[0.008s][info][gc,init] Version: 21.0.7+6-Ubuntu-0ubuntu122.04 (release)
[0.008s][info][gc,init] CPUs: 4 total, 4 available
[0.008s][info][gc,init] Memory: 7937M
[0.008s][info][gc,init] Large Page Support: Disabled
[0.008s][info][gc,init] NUMA Support: Disabled
[0.008s][info][gc,init] Compressed Oops: Enabled (32-bit)
[0.008s][info][gc,init] Heap Min Capacity: 6656K
[0.008s][info][gc,init] Heap Initial Capacity: 127488K
[0.008s][info][gc,init] Heap Max Capacity: 2032128K
[0.008s][info][gc,init] Pre-touch: Disabled
[0.008s][info][gc,init] Mode: Snapshot-At-The-Beginning (SATB)
[0.008s][info][gc,init] Heuristics: Adaptive
[0.008s][info][gc,init] Heap Region Count: 3969
[0.008s][info][gc,init] Heap Region Size: 512K
[0.008s][info][gc,init] TLAB Size Max: 512K
[0.008s][info][gc,init] Humongous Object Threshold: 512K
[0.008s][info][gc,init] Parallel Workers: 8
[0.008s][info][gc,init] Concurrent Workers: 2
[0.016s][info][gc,metaspace] CDS archive(s) mapped at: [0x00007f573b000000-0x00007f573bc97000-0x00007f573bc97000), size 13201408, SharedBaseAddress: 0x00007f573b000000, ArchiveRelocationMode: 1.
[0.016s][info][gc,metaspace] Compressed class space mapped at: 0x00007f573c000000-0x00007f577c000000, reserved size: 1073741824
[0.016s][info][gc,metaspace] Narrow klass base: 0x00007f573b000000, Narrow klass shift: 0, Narrow klass range: 0x100000000
[1.227s][info][gc          ] Trigger: Metadata GC Threshold
[1.227s][info][gc,ergo     ] Free: 1746M, Max: 512K regular, 1746M humongous, Frag: 0% external, 0% internal; Reserve: 101888K, Max: 512K
[1.227s][info][gc,start    ] GC(0) Concurrent reset
[1.227s][info][gc,task     ] GC(0) Using 2 of 8 workers for concurrent reset
[1.227s][info][gc,ergo     ] GC(0) Pacer for Reset. Non-Taxable: 1984M
[1.227s][info][gc          ] GC(0) Concurrent reset 0.436ms
[1.227s][info][gc,start    ] GC(0) Pause Init Mark (unload classes)
[1.228s][info][gc,task     ] GC(0) Using 8 of 8 workers for init marking
[1.228s][info][gc,ergo     ] GC(0) Pacer for Mark. Expected Live: 198M, Free: 1746M, Non-Taxable: 174M, Alloc Tax Rate: 0.1x
[1.228s][info][gc          ] GC(0) Pause Init Mark (unload classes) 0.473ms
[1.228s][info][gc,start    ] GC(0) Concurrent marking roots
[1.228s][info][gc,task     ] GC(0) Using 2 of 8 workers for concurrent marking roots
[1.230s][info][gc          ] GC(0) Concurrent marking roots 1.981ms
[1.230s][info][gc,start    ] GC(0) Concurrent marking (unload classes)
[1.230s][info][gc,task     ] GC(0) Using 2 of 8 workers for concurrent marking
[1.286s][info][gc          ] GC(0) Concurrent marking (unload classes) 56.216ms
[1.286s][info][gc,start    ] GC(0) Pause Final Mark (unload classes)
[1.286s][info][gc,task     ] GC(0) Using 8 of 8 workers for final marking
[1.288s][info][gc,ergo     ] GC(0) Adaptive CSet Selection. Target Free: 281M, Actual Free: 1847M, Max CSet: 84672K, Min Garbage: 0B
[1.288s][info][gc,ergo     ] GC(0) Collectable Garbage: 72640K (98%), Immediate: 5359K (7%), CSet: 67281K (91%)
[1.288s][info][gc,ergo     ] GC(0) Pacer for Evacuation. Used CSet: 75264K, Free: 1748M, Non-Taxable: 174M, Alloc Tax Rate: 1.1x
[1.288s][info][gc          ] GC(0) Pause Final Mark (unload classes) 1.315ms
[1.288s][info][gc,start    ] GC(0) Concurrent thread roots
[1.288s][info][gc,task     ] GC(0) Using 2 of 8 workers for Concurrent thread roots
[1.288s][info][gc          ] GC(0) Concurrent thread roots 0.263ms
[1.288s][info][gc,start    ] GC(0) Concurrent weak references
[1.288s][info][gc,task     ] GC(0) Using 2 of 8 workers for concurrent weak references
[1.288s][info][gc,ref      ] GC(0) Encountered references: Soft: 3976, Weak: 2162, Final: 4, Phantom: 878
[1.288s][info][gc,ref      ] GC(0) Discovered  references: Soft: 0, Weak: 1336, Final: 4, Phantom: 701
[1.288s][info][gc,ref      ] GC(0) Enqueued    references: Soft: 0, Weak: 494, Final: 0, Phantom: 230
[1.288s][info][gc          ] GC(0) Concurrent weak references 0.500ms
[1.288s][info][gc,start    ] GC(0) Concurrent weak roots
[1.288s][info][gc,task     ] GC(0) Using 2 of 8 workers for concurrent weak root
[1.291s][info][gc          ] GC(0) Concurrent weak roots 3.004ms
[1.291s][info][gc,start    ] GC(0) Concurrent cleanup
[1.292s][info][gc          ] GC(0) Concurrent cleanup 141M->136M(145M) 0.105ms
[1.292s][info][gc,ergo     ] GC(0) Free: 1747M, Max: 512K regular, 1742M humongous, Frag: 1% external, 0% internal; Reserve: 100345K, Max: 512K
[1.292s][info][gc,start    ] GC(0) Concurrent class unloading
[1.292s][info][gc,task     ] GC(0) Using 2 of 8 workers for concurrent class unloading
[1.296s][info][gc          ] GC(0) Concurrent class unloading 4.099ms
[1.296s][info][gc,start    ] GC(0) Concurrent strong roots
[1.296s][info][gc,task     ] GC(0) Using 2 of 8 workers for concurrent strong root
[1.297s][info][gc          ] GC(0) Concurrent strong roots 1.289ms
[1.297s][info][gc,start    ] GC(0) Concurrent evacuation
[1.297s][info][gc,task     ] GC(0) Using 2 of 8 workers for concurrent evacuation
[1.309s][info][gc          ] GC(0) Concurrent evacuation 12.427ms
[1.316s][info][gc,start    ] GC(0) Pause Init Update Refs
[1.316s][info][gc,ergo     ] GC(0) Pacer for Update Refs. Used: 145M, Free: 1746M, Non-Taxable: 174M, Alloc Tax Rate: 1.1x
[1.316s][info][gc          ] GC(0) Pause Init Update Refs 0.036ms
[1.316s][info][gc,start    ] GC(0) Concurrent update references
[1.316s][info][gc,task     ] GC(0) Using 2 of 8 workers for concurrent reference update
[1.336s][info][gc          ] GC(0) Concurrent update references 19.755ms
[1.336s][info][gc,start    ] GC(0) Concurrent update thread roots
[1.336s][info][gc          ] GC(0) Concurrent update thread roots 0.538ms
[1.336s][info][gc,start    ] GC(0) Pause Final Update Refs
[1.336s][info][gc,task     ] GC(0) Using 8 of 8 workers for final reference update
[1.336s][info][gc          ] GC(0) Pause Final Update Refs 0.083ms
[1.337s][info][gc,start    ] GC(0) Concurrent cleanup
[1.337s][info][gc          ] GC(0) Concurrent cleanup 147M->73M(152M) 0.092ms
[1.337s][info][gc,ergo     ] Free: 1808M, Max: 512K regular, 1732M humongous, Frag: 5% external, 0% internal; Reserve: 101888K, Max: 512K
[1.337s][info][gc,stats    ] 
[1.337s][info][gc,stats    ] All times are wall-clock times, except per-root-class counters, that are sum over
[1.337s][info][gc,stats    ] all workers. Dividing the <total> over the root stage time estimates parallelism.
[1.337s][info][gc,stats    ] 
[1.337s][info][gc,stats    ] Concurrent Reset                    455 us
[1.337s][info][gc,stats    ] Pause Init Mark (G)                 677 us
[1.337s][info][gc,stats    ] Pause Init Mark (N)                 483 us
[1.337s][info][gc,stats    ]   Update Region States               24 us
[1.337s][info][gc,stats    ] Concurrent Mark Roots              2007 us, parallelism: 1.69x
[1.337s][info][gc,stats    ]   CMR: <total>                     3389 us
[1.337s][info][gc,stats    ]   CMR: Thread Roots                1193 us, workers (us): 1193,   0, ---, ---, ---, ---, ---, ---, 
[1.337s][info][gc,stats    ]   CMR: VM Strong Roots              632 us, workers (us): 388, 244, ---, ---, ---, ---, ---, ---, 
[1.337s][info][gc,stats    ]   CMR: CLDG Roots                  1564 us, workers (us): ---, 1564, ---, ---, ---, ---, ---, ---, 
[1.337s][info][gc,stats    ] Concurrent Marking                56240 us
[1.337s][info][gc,stats    ] Pause Final Mark (G)               1439 us
[1.337s][info][gc,stats    ] Pause Final Mark (N)               1321 us
[1.337s][info][gc,stats    ]   Finish Mark                      1150 us
[1.337s][info][gc,stats    ]   Update Region States               38 us
[1.337s][info][gc,stats    ]   Choose Collection Set              74 us
[1.337s][info][gc,stats    ]   Rebuild Free Set                   15 us
[1.337s][info][gc,stats    ] Concurrent Thread Roots             269 us, parallelism: 1.28x
[1.337s][info][gc,stats    ]   CTR: <total>                      344 us
[1.337s][info][gc,stats    ]   CTR: Thread Roots                 344 us, workers (us): 223, 122, ---, ---, ---, ---, ---, ---, 
[1.337s][info][gc,stats    ] Concurrent Weak References          506 us, parallelism: 0.88x
[1.337s][info][gc,stats    ]   CWRF: <total>                     447 us
[1.337s][info][gc,stats    ]   CWRF: Weak References             447 us, workers (us): 447,   0, ---, ---, ---, ---, ---, ---, 
[1.337s][info][gc,stats    ] Concurrent Weak Roots              3024 us
[1.337s][info][gc,stats    ]   Roots                            2779 us, parallelism: 1.86x
[1.337s][info][gc,stats    ]     CWR: <total>                   5158 us
[1.337s][info][gc,stats    ]     CWR: Code Cache Roots          1051 us, workers (us): 502, 549, ---, ---, ---, ---, ---, ---, 
[1.337s][info][gc,stats    ]     CWR: VM Weak Roots             4090 us, workers (us): 2216, 1874, ---, ---, ---, ---, ---, ---, 
[1.337s][info][gc,stats    ]     CWR: CLDG Roots                  18 us, workers (us): ---,  18, ---, ---, ---, ---, ---, ---, 
[1.337s][info][gc,stats    ]   Rendezvous                        212 us
[1.337s][info][gc,stats    ] Concurrent Cleanup                  112 us
[1.337s][info][gc,stats    ] Concurrent Class Unloading         4108 us
[1.337s][info][gc,stats    ]   Unlink Stale                     1754 us
[1.337s][info][gc,stats    ]     System Dictionary                59 us
[1.337s][info][gc,stats    ]     Weak Class Links                  0 us
[1.337s][info][gc,stats    ]     Code Roots                     1694 us
[1.337s][info][gc,stats    ]   Rendezvous                         57 us
[1.337s][info][gc,stats    ]   Purge Unlinked                   2271 us
[1.337s][info][gc,stats    ]     Code Roots                     2261 us
[1.337s][info][gc,stats    ]     CLDG                             10 us
[1.337s][info][gc,stats    ]     Exception Caches                  0 us
[1.337s][info][gc,stats    ] Concurrent Strong Roots            1298 us, parallelism: 0.95x
[1.337s][info][gc,stats    ]   CSR: <total>                     1238 us
[1.337s][info][gc,stats    ]   CSR: VM Strong Roots               28 us, workers (us):  27,   0, ---, ---, ---, ---, ---, ---, 
[1.337s][info][gc,stats    ]   CSR: CLDG Roots                  1210 us, workers (us): 1210, ---, ---, ---, ---, ---, ---, ---, 
[1.337s][info][gc,stats    ] Concurrent Evacuation             12448 us
[1.337s][info][gc,stats    ] Pause Init Update Refs (G)         6544 us
[1.337s][info][gc,stats    ] Pause Init Update Refs (N)           43 us
[1.337s][info][gc,stats    ]   Manage GCLABs                       5 us
[1.337s][info][gc,stats    ] Concurrent Update Refs            19776 us
[1.337s][info][gc,stats    ] Concurrent Update Thread Roots      546 us
[1.337s][info][gc,stats    ] Pause Final Update Refs (G)         191 us
[1.337s][info][gc,stats    ] Pause Final Update Refs (N)          90 us
[1.337s][info][gc,stats    ]   Update Region States               33 us
[1.337s][info][gc,stats    ]   Trash Collection Set                4 us
[1.337s][info][gc,stats    ]   Rebuild Free Set                   17 us
[1.337s][info][gc,stats    ] Concurrent Cleanup                   98 us
[1.337s][info][gc,stats    ] 
[1.337s][info][gc,stats    ] Allocation pacing accrued:
[1.337s][info][gc,stats    ]       0 of  1330 ms (  0.0%): <total>
[1.337s][info][gc,stats    ]       0 of  1330 ms (  0.0%): <average total>
[1.337s][info][gc,stats    ] 
[1.337s][info][gc,metaspace] Metaspace: 21218K(21568K)->22531K(22848K) NonClass: 18866K(19008K)->20028K(20160K) Class: 2351K(2560K)->2502K(2688K)
[1.337s][info][gc,ergo     ] Pacer for Idle. Initial: 40642K, Alloc Tax Rate: 1.0x
[2.811s][info][gc          ] Trigger: Metadata GC Threshold
[2.811s][info][gc,ergo     ] Free: 1704M, Max: 512K regular, 1704M humongous, Frag: 0% external, 0% internal; Reserve: 101888K, Max: 512K
[2.811s][info][gc,start    ] GC(1) Concurrent reset
[2.811s][info][gc,task     ] GC(1) Using 2 of 8 workers for concurrent reset
[2.811s][info][gc,ergo     ] GC(1) Pacer for Reset. Non-Taxable: 1984M
[2.812s][info][gc          ] GC(1) Concurrent reset 1.216ms
[2.812s][info][gc,start    ] GC(1) Pause Init Mark (unload classes)
[2.812s][info][gc,task     ] GC(1) Using 8 of 8 workers for init marking
[2.812s][info][gc,ergo     ] GC(1) Pacer for Mark. Expected Live: 65598K, Free: 1704M, Non-Taxable: 170M, Alloc Tax Rate: 0.0x
[2.812s][info][gc          ] GC(1) Pause Init Mark (unload classes) 0.047ms
[2.812s][info][gc,start    ] GC(1) Concurrent marking roots
[2.812s][info][gc,task     ] GC(1) Using 2 of 8 workers for concurrent marking roots
[2.814s][info][gc          ] GC(1) Concurrent marking roots 1.460ms
[2.814s][info][gc,start    ] GC(1) Concurrent marking (unload classes)
[2.814s][info][gc,task     ] GC(1) Using 2 of 8 workers for concurrent marking
[2.899s][info][gc          ] GC(1) Concurrent marking (unload classes) 85.198ms
[2.899s][info][gc,start    ] GC(1) Pause Final Mark (unload classes)
[2.899s][info][gc,task     ] GC(1) Using 8 of 8 workers for final marking
[2.899s][info][gc,ergo     ] GC(1) Adaptive CSet Selection. Target Free: 281M, Actual Free: 1838M, Max CSet: 84672K, Min Garbage: 0B
[2.899s][info][gc,ergo     ] GC(1) Collectable Garbage: 103M (98%), Immediate: 38739K (36%), CSet: 67260K (62%)
[2.899s][info][gc,ergo     ] GC(1) Pacer for Evacuation. Used CSet: 77051K, Free: 1740M, Non-Taxable: 174M, Alloc Tax Rate: 1.1x
[2.899s][info][gc          ] GC(1) Pause Final Mark (unload classes) 0.272ms
[2.899s][info][gc,start    ] GC(1) Concurrent thread roots
[2.899s][info][gc,task     ] GC(1) Using 2 of 8 workers for Concurrent thread roots
[2.899s][info][gc          ] GC(1) Concurrent thread roots 0.220ms
[2.899s][info][gc,start    ] GC(1) Concurrent weak references
[2.899s][info][gc,task     ] GC(1) Using 2 of 8 workers for concurrent weak references
[2.900s][info][gc,ref      ] GC(1) Encountered references: Soft: 4306, Weak: 2850, Final: 21, Phantom: 811
[2.900s][info][gc,ref      ] GC(1) Discovered  references: Soft: 0, Weak: 1383, Final: 0, Phantom: 668
[2.900s][info][gc,ref      ] GC(1) Enqueued    references: Soft: 0, Weak: 393, Final: 0, Phantom: 191
[2.900s][info][gc          ] GC(1) Concurrent weak references 0.466ms
[2.900s][info][gc,start    ] GC(1) Concurrent weak roots
[2.900s][info][gc,task     ] GC(1) Using 2 of 8 workers for concurrent weak root
[2.903s][info][gc          ] GC(1) Concurrent weak roots 2.772ms
[2.903s][info][gc,start    ] GC(1) Concurrent cleanup
[2.903s][info][gc          ] GC(1) Concurrent cleanup 182M->145M(187M) 0.109ms
[2.903s][info][gc,ergo     ] GC(1) Free: 1738M, Max: 512K regular, 1699M humongous, Frag: 3% external, 0% internal; Reserve: 100352K, Max: 512K
[2.903s][info][gc,start    ] GC(1) Concurrent class unloading
[2.903s][info][gc,task     ] GC(1) Using 2 of 8 workers for concurrent class unloading
[2.906s][info][gc          ] GC(1) Concurrent class unloading 3.380ms
[2.906s][info][gc,start    ] GC(1) Concurrent strong roots
[2.906s][info][gc,task     ] GC(1) Using 2 of 8 workers for concurrent strong root
[2.908s][info][gc          ] GC(1) Concurrent strong roots 1.267ms
[2.908s][info][gc,start    ] GC(1) Concurrent evacuation
[2.908s][info][gc,task     ] GC(1) Using 2 of 8 workers for concurrent evacuation
[2.917s][info][gc          ] GC(1) Concurrent evacuation 9.623ms
[2.917s][info][gc,start    ] GC(1) Pause Init Update Refs
[2.917s][info][gc,ergo     ] GC(1) Pacer for Update Refs. Used: 155M, Free: 1738M, Non-Taxable: 173M, Alloc Tax Rate: 1.1x
[2.917s][info][gc          ] GC(1) Pause Init Update Refs 0.036ms
[2.917s][info][gc,start    ] GC(1) Concurrent update references
[2.917s][info][gc,task     ] GC(1) Using 2 of 8 workers for concurrent reference update
[2.963s][info][gc          ] GC(1) Concurrent update references 45.484ms
[2.963s][info][gc,start    ] GC(1) Concurrent update thread roots
[2.963s][info][gc          ] GC(1) Concurrent update thread roots 0.333ms
[2.963s][info][gc,start    ] GC(1) Pause Final Update Refs
[2.963s][info][gc,task     ] GC(1) Using 8 of 8 workers for final reference update
[2.963s][info][gc          ] GC(1) Pause Final Update Refs 0.078ms
[2.963s][info][gc,start    ] GC(1) Concurrent cleanup
[2.963s][info][gc          ] GC(1) Concurrent cleanup 158M->83M(196M) 0.056ms
[2.964s][info][gc,ergo     ] Free: 1799M, Max: 512K regular, 1691M humongous, Frag: 6% external, 0% internal; Reserve: 101888K, Max: 512K
[2.964s][info][gc,stats    ] 
[2.964s][info][gc,stats    ] All times are wall-clock times, except per-root-class counters, that are sum over
[2.964s][info][gc,stats    ] all workers. Dividing the <total> over the root stage time estimates parallelism.
[2.964s][info][gc,stats    ] 
[2.964s][info][gc,stats    ] Concurrent Reset                   1235 us
[2.964s][info][gc,stats    ] Pause Init Mark (G)                 224 us
[2.964s][info][gc,stats    ] Pause Init Mark (N)                  53 us
[2.964s][info][gc,stats    ]   Update Region States               17 us
[2.964s][info][gc,stats    ] Concurrent Mark Roots              1478 us, parallelism: 1.78x
[2.964s][info][gc,stats    ]   CMR: <total>                     2638 us
[2.964s][info][gc,stats    ]   CMR: Thread Roots                 977 us, workers (us): 602, 375, ---, ---, ---, ---, ---, ---, 
[2.964s][info][gc,stats    ]   CMR: VM Strong Roots             1190 us, workers (us): 194, 997, ---, ---, ---, ---, ---, ---, 
[2.964s][info][gc,stats    ]   CMR: CLDG Roots                   471 us, workers (us): 471, ---, ---, ---, ---, ---, ---, ---, 
[2.964s][info][gc,stats    ] Concurrent Marking                85220 us
[2.964s][info][gc,stats    ] Pause Final Mark (G)                407 us
[2.964s][info][gc,stats    ] Pause Final Mark (N)                277 us
[2.964s][info][gc,stats    ]   Finish Mark                       112 us
[2.964s][info][gc,stats    ]   Update Region States               48 us
[2.964s][info][gc,stats    ]   Choose Collection Set              68 us
[2.964s][info][gc,stats    ]   Rebuild Free Set                   15 us
[2.964s][info][gc,stats    ] Concurrent Thread Roots             226 us, parallelism: 1.53x
[2.964s][info][gc,stats    ]   CTR: <total>                      347 us
[2.964s][info][gc,stats    ]   CTR: Thread Roots                 347 us, workers (us): 165, 182, ---, ---, ---, ---, ---, ---, 
[2.964s][info][gc,stats    ] Concurrent Weak References          475 us, parallelism: 0.86x
[2.964s][info][gc,stats    ]   CWRF: <total>                     409 us
[2.964s][info][gc,stats    ]   CWRF: Weak References             409 us, workers (us): 402,   7, ---, ---, ---, ---, ---, ---, 
[2.964s][info][gc,stats    ] Concurrent Weak Roots              2790 us
[2.964s][info][gc,stats    ]   Roots                            2687 us, parallelism: 1.95x
[2.964s][info][gc,stats    ]     CWR: <total>                   5240 us
[2.964s][info][gc,stats    ]     CWR: Code Cache Roots          1162 us, workers (us): 591, 571, ---, ---, ---, ---, ---, ---, 
[2.964s][info][gc,stats    ]     CWR: VM Weak Roots             4053 us, workers (us): 2037, 2016, ---, ---, ---, ---, ---, ---, 
[2.964s][info][gc,stats    ]     CWR: CLDG Roots                  25 us, workers (us): ---,  25, ---, ---, ---, ---, ---, ---, 
[2.964s][info][gc,stats    ]   Rendezvous                         68 us
[2.964s][info][gc,stats    ] Concurrent Cleanup                  119 us
[2.964s][info][gc,stats    ] Concurrent Class Unloading         3390 us
[2.964s][info][gc,stats    ]   Unlink Stale                     2158 us
[2.964s][info][gc,stats    ]     System Dictionary                36 us
[2.964s][info][gc,stats    ]     Weak Class Links                  0 us
[2.964s][info][gc,stats    ]     Code Roots                     2122 us
[2.964s][info][gc,stats    ]   Rendezvous                         30 us
[2.964s][info][gc,stats    ]   Purge Unlinked                   1178 us
[2.964s][info][gc,stats    ]     Code Roots                     1168 us
[2.964s][info][gc,stats    ]     CLDG                              9 us
[2.964s][info][gc,stats    ]     Exception Caches                  0 us
[2.964s][info][gc,stats    ] Concurrent Strong Roots            1279 us, parallelism: 0.96x
[2.964s][info][gc,stats    ]   CSR: <total>                     1223 us
[2.964s][info][gc,stats    ]   CSR: VM Strong Roots               13 us, workers (us):  12,   0, ---, ---, ---, ---, ---, ---, 
[2.964s][info][gc,stats    ]   CSR: CLDG Roots                  1210 us, workers (us): 1210, ---, ---, ---, ---, ---, ---, ---, 
[2.964s][info][gc,stats    ] Concurrent Evacuation              9656 us
[2.964s][info][gc,stats    ] Pause Init Update Refs (G)          191 us
[2.964s][info][gc,stats    ] Pause Init Update Refs (N)           46 us
[2.964s][info][gc,stats    ]   Manage GCLABs                       7 us
[2.964s][info][gc,stats    ] Concurrent Update Refs            45507 us
[2.964s][info][gc,stats    ] Concurrent Update Thread Roots      347 us
[2.964s][info][gc,stats    ] Pause Final Update Refs (G)         208 us
[2.964s][info][gc,stats    ] Pause Final Update Refs (N)         102 us
[2.964s][info][gc,stats    ]   Update Region States               38 us
[2.964s][info][gc,stats    ]   Trash Collection Set                4 us
[2.964s][info][gc,stats    ]   Rebuild Free Set                   18 us
[2.964s][info][gc,stats    ] Concurrent Cleanup                   62 us
[2.964s][info][gc,stats    ] 
[2.964s][info][gc,stats    ] Allocation pacing accrued:
[2.964s][info][gc,stats    ]       0 of  1627 ms (  0.0%): <total>
[2.964s][info][gc,stats    ]       0 of  1627 ms (  0.0%): <average total>
[2.964s][info][gc,stats    ] 
[2.964s][info][gc,metaspace] Metaspace: 37702K(38144K)->39105K(39488K) NonClass: 33522K(33792K)->34752K(34944K) Class: 4180K(4352K)->4353K(4544K)
[2.964s][info][gc,ergo     ] Pacer for Idle. Initial: 40642K, Alloc Tax Rate: 1.0x
[38.693s][info][gc          ] Trigger: Metadata GC Threshold
[38.693s][info][gc,ergo     ] Free: 1434M, Max: 512K regular, 1434M humongous, Frag: 0% external, 0% internal; Reserve: 101888K, Max: 512K
[38.693s][info][gc,start    ] GC(2) Concurrent reset
[38.693s][info][gc,task     ] GC(2) Using 2 of 8 workers for concurrent reset
[38.693s][info][gc,ergo     ] GC(2) Pacer for Reset. Non-Taxable: 1984M
[38.695s][info][gc          ] GC(2) Concurrent reset 1.565ms
[38.695s][info][gc,start    ] GC(2) Pause Init Mark (unload classes)
[38.695s][info][gc,task     ] GC(2) Using 8 of 8 workers for init marking
[38.695s][info][gc,ergo     ] GC(2) Pacer for Mark. Expected Live: 69869K, Free: 1434M, Non-Taxable: 143M, Alloc Tax Rate: 0.1x
[38.695s][info][gc          ] GC(2) Pause Init Mark (unload classes) 0.126ms
[38.695s][info][gc,start    ] GC(2) Concurrent marking roots
[38.695s][info][gc,task     ] GC(2) Using 2 of 8 workers for concurrent marking roots
[38.699s][info][gc          ] GC(2) Concurrent marking roots 3.820ms
[38.699s][info][gc,start    ] GC(2) Concurrent marking (unload classes)
[38.699s][info][gc,task     ] GC(2) Using 2 of 8 workers for concurrent marking
[38.881s][info][gc          ] GC(2) Concurrent marking (unload classes) 182.001ms
[38.882s][info][gc,start    ] GC(2) Pause Final Mark (unload classes)
[38.882s][info][gc,task     ] GC(2) Using 8 of 8 workers for final marking
[38.883s][info][gc,ergo     ] GC(2) Adaptive CSet Selection. Target Free: 281M, Actual Free: 1676M, Max CSet: 84672K, Min Garbage: 0B
[38.883s][info][gc,ergo     ] GC(2) Collectable Garbage: 365M (99%), Immediate: 201M (54%), CSet: 164M (44%)
[38.883s][info][gc,ergo     ] GC(2) Pacer for Evacuation. Used CSet: 172M, Free: 1579M, Non-Taxable: 157M, Alloc Tax Rate: 1.1x
[38.883s][info][gc          ] GC(2) Pause Final Mark (unload classes) 0.902ms
[38.884s][info][gc,start    ] GC(2) Concurrent thread roots
[38.884s][info][gc,task     ] GC(2) Using 2 of 8 workers for Concurrent thread roots
[38.886s][info][gc          ] GC(2) Concurrent thread roots 1.773ms
[38.886s][info][gc,start    ] GC(2) Concurrent weak references
[38.886s][info][gc,task     ] GC(2) Using 2 of 8 workers for concurrent weak references
[38.887s][info][gc,ref      ] GC(2) Encountered references: Soft: 4683, Weak: 4905, Final: 82, Phantom: 1176
[38.887s][info][gc,ref      ] GC(2) Discovered  references: Soft: 0, Weak: 2997, Final: 8, Phantom: 1124
[38.887s][info][gc,ref      ] GC(2) Enqueued    references: Soft: 0, Weak: 661, Final: 8, Phantom: 522
[38.887s][info][gc          ] GC(2) Concurrent weak references 1.249ms
[38.887s][info][gc,start    ] GC(2) Concurrent weak roots
[38.887s][info][gc,task     ] GC(2) Using 2 of 8 workers for concurrent weak root
[38.905s][info][gc          ] GC(2) Concurrent weak roots 17.725ms
[38.905s][info][gc,start    ] GC(2) Concurrent cleanup
[38.905s][info][gc          ] GC(2) Concurrent cleanup 516M->315M(523M) 0.162ms
[38.905s][info][gc,ergo     ] GC(2) Free: 1568M, Max: 512K regular, 1365M humongous, Frag: 13% external, 0% internal; Reserve: 100235K, Max: 512K
[38.905s][info][gc,start    ] GC(2) Concurrent class unloading
[38.905s][info][gc,task     ] GC(2) Using 2 of 8 workers for concurrent class unloading
[38.969s][info][gc          ] GC(2) Concurrent class unloading 63.627ms
[38.969s][info][gc,start    ] GC(2) Concurrent strong roots
[38.969s][info][gc,task     ] GC(2) Using 2 of 8 workers for concurrent strong root
[38.971s][info][gc          ] GC(2) Concurrent strong roots 2.426ms
[38.972s][info][gc,start    ] GC(2) Concurrent evacuation
[38.972s][info][gc,task     ] GC(2) Using 2 of 8 workers for concurrent evacuation
[38.998s][info][gc          ] GC(2) Concurrent evacuation 26.167ms
[39.001s][info][gc,start    ] GC(2) Pause Init Update Refs
[39.001s][info][gc,ergo     ] GC(2) Pacer for Update Refs. Used: 340M, Free: 1551M, Non-Taxable: 155M, Alloc Tax Rate: 1.1x
[39.001s][info][gc          ] GC(2) Pause Init Update Refs 0.105ms
[39.001s][info][gc,start    ] GC(2) Concurrent update references
[39.001s][info][gc,task     ] GC(2) Using 2 of 8 workers for concurrent reference update
[39.127s][info][gc          ] GC(2) Concurrent update references 125.505ms
[39.127s][info][gc,start    ] GC(2) Concurrent update thread roots
[39.129s][info][gc          ] GC(2) Concurrent update thread roots 2.322ms
[39.130s][info][gc,start    ] GC(2) Pause Final Update Refs
[39.130s][info][gc,task     ] GC(2) Using 8 of 8 workers for final reference update
[39.130s][info][gc          ] GC(2) Pause Final Update Refs 0.141ms
[39.133s][info][gc,start    ] GC(2) Concurrent cleanup
[39.133s][info][gc          ] GC(2) Concurrent cleanup 347M->174M(530M) 0.214ms
[39.133s][info][gc,ergo     ] Free: 1708M, Max: 512K regular, 1357M humongous, Frag: 21% external, 0% internal; Reserve: 101888K, Max: 512K
[39.133s][info][gc,stats    ] 
[39.133s][info][gc,stats    ] All times are wall-clock times, except per-root-class counters, that are sum over
[39.133s][info][gc,stats    ] all workers. Dividing the <total> over the root stage time estimates parallelism.
[39.133s][info][gc,stats    ] 
[39.133s][info][gc,stats    ] Concurrent Reset                   1585 us
[39.133s][info][gc,stats    ] Pause Init Mark (G)                 381 us
[39.133s][info][gc,stats    ] Pause Init Mark (N)                 137 us
[39.133s][info][gc,stats    ]   Update Region States               50 us
[39.133s][info][gc,stats    ] Concurrent Mark Roots              3841 us, parallelism: 1.90x
[39.133s][info][gc,stats    ]   CMR: <total>                     7281 us
[39.133s][info][gc,stats    ]   CMR: Thread Roots                5807 us, workers (us): 2577, 3230, ---, ---, ---, ---, ---, ---, 
[39.133s][info][gc,stats    ]   CMR: VM Strong Roots              745 us, workers (us): 365, 380, ---, ---, ---, ---, ---, ---, 
[39.133s][info][gc,stats    ]   CMR: CLDG Roots                   729 us, workers (us): 729, ---, ---, ---, ---, ---, ---, ---, 
[39.133s][info][gc,stats    ] Concurrent Marking               182027 us
[39.133s][info][gc,stats    ] Pause Final Mark (G)               3249 us
[39.133s][info][gc,stats    ] Pause Final Mark (N)                911 us
[39.133s][info][gc,stats    ]   Finish Mark                       578 us
[39.133s][info][gc,stats    ]   Update Region States               76 us
[39.133s][info][gc,stats    ]   Choose Collection Set             148 us
[39.133s][info][gc,stats    ]   Rebuild Free Set                   17 us
[39.133s][info][gc,stats    ] Concurrent Thread Roots            1794 us, parallelism: 1.61x
[39.133s][info][gc,stats    ]   CTR: <total>                     2888 us
[39.133s][info][gc,stats    ]   CTR: Thread Roots                2888 us, workers (us): 1700, 1188, ---, ---, ---, ---, ---, ---, 
[39.133s][info][gc,stats    ] Concurrent Weak References         1257 us, parallelism: 0.99x
[39.133s][info][gc,stats    ]   CWRF: <total>                    1246 us
[39.133s][info][gc,stats    ]   CWRF: Weak References            1246 us, workers (us):  83, 1163, ---, ---, ---, ---, ---, ---, 
[39.133s][info][gc,stats    ] Concurrent Weak Roots             17747 us
[39.133s][info][gc,stats    ]   Roots                           12649 us, parallelism: 1.45x
[39.133s][info][gc,stats    ]     CWR: <total>                  18288 us
[39.133s][info][gc,stats    ]     CWR: Code Cache Roots          7202 us, workers (us): 4931, 2271, ---, ---, ---, ---, ---, ---, 
[39.133s][info][gc,stats    ]     CWR: VM Weak Roots            11025 us, workers (us): 6903, 4122, ---, ---, ---, ---, ---, ---, 
[39.133s][info][gc,stats    ]     CWR: CLDG Roots                  61 us, workers (us):  61, ---, ---, ---, ---, ---, ---, ---, 
[39.133s][info][gc,stats    ]   Rendezvous                       5059 us
[39.133s][info][gc,stats    ] Concurrent Cleanup                  169 us
[39.133s][info][gc,stats    ] Concurrent Class Unloading        63642 us
[39.133s][info][gc,stats    ]   Unlink Stale                    58589 us
[39.133s][info][gc,stats    ]     System Dictionary               263 us
[39.133s][info][gc,stats    ]     Weak Class Links              44597 us
[39.133s][info][gc,stats    ]     Code Roots                    13726 us
[39.133s][info][gc,stats    ]   Rendezvous                       3029 us
[39.133s][info][gc,stats    ]   Purge Unlinked                   1992 us
[39.133s][info][gc,stats    ]     Code Roots                     1944 us
[39.133s][info][gc,stats    ]     CLDG                             48 us
[39.133s][info][gc,stats    ]     Exception Caches                  0 us
[39.133s][info][gc,stats    ] Concurrent Strong Roots            2708 us, parallelism: 0.86x
[39.133s][info][gc,stats    ]   CSR: <total>                     2319 us
[39.133s][info][gc,stats    ]   CSR: VM Strong Roots               63 us, workers (us):  62,   1, ---, ---, ---, ---, ---, ---, 
[39.133s][info][gc,stats    ]   CSR: CLDG Roots                  2256 us, workers (us): 2256, ---, ---, ---, ---, ---, ---, ---, 
[39.133s][info][gc,stats    ] Concurrent Evacuation             26193 us
[39.133s][info][gc,stats    ] Pause Init Update Refs (G)         3405 us
[39.133s][info][gc,stats    ] Pause Init Update Refs (N)          113 us
[39.133s][info][gc,stats    ]   Manage GCLABs                      59 us
[39.133s][info][gc,stats    ] Concurrent Update Refs           125531 us
[39.133s][info][gc,stats    ] Concurrent Update Thread Roots     2346 us
[39.133s][info][gc,stats    ] Pause Final Update Refs (G)        3425 us
[39.133s][info][gc,stats    ] Pause Final Update Refs (N)         150 us
[39.133s][info][gc,stats    ]   Update Region States               64 us
[39.133s][info][gc,stats    ]   Trash Collection Set                7 us
[39.133s][info][gc,stats    ]   Rebuild Free Set                   19 us
[39.133s][info][gc,stats    ] Concurrent Cleanup                  224 us
[39.133s][info][gc,stats    ] 
[39.133s][info][gc,stats    ] Allocation pacing accrued:
[39.133s][info][gc,stats    ]       0 of 36170 ms (  0.0%): <total>
[39.133s][info][gc,stats    ]       0 of 36170 ms (  0.0%): <average total>
[39.133s][info][gc,stats    ] 
[39.133s][info][gc,metaspace] Metaspace: 65217K(65792K)->66183K(66752K) NonClass: 57902K(58240K)->58808K(59136K) Class: 7314K(7552K)->7375K(7616K)
[39.134s][info][gc,ergo     ] Pacer for Idle. Initial: 40642K, Alloc Tax Rate: 1.0x
[54.079s][info][gc          ] Trigger: Learning 4 of 5. Free (1269M) is below initial threshold (1270M)
[54.079s][info][gc,ergo     ] Free: 1269M, Max: 512K regular, 1269M humongous, Frag: 0% external, 0% internal; Reserve: 101888K, Max: 512K
[54.079s][info][gc,start    ] GC(3) Concurrent reset
[54.079s][info][gc,task     ] GC(3) Using 2 of 8 workers for concurrent reset
[54.079s][info][gc,ergo     ] GC(3) Pacer for Reset. Non-Taxable: 1984M
[54.084s][info][gc          ] GC(3) Concurrent reset 5.206ms
[54.084s][info][gc,start    ] GC(3) Pause Init Mark (unload classes)
[54.085s][info][gc,task     ] GC(3) Using 8 of 8 workers for init marking
[54.085s][info][gc,ergo     ] GC(3) Pacer for Mark. Expected Live: 73623K, Free: 1269M, Non-Taxable: 126M, Alloc Tax Rate: 0.1x
[54.085s][info][gc          ] GC(3) Pause Init Mark (unload classes) 0.185ms
[54.085s][info][gc,start    ] GC(3) Concurrent marking roots
[54.085s][info][gc,task     ] GC(3) Using 2 of 8 workers for concurrent marking roots
[54.095s][info][gc          ] GC(3) Concurrent marking roots 10.778ms
[54.095s][info][gc,start    ] GC(3) Concurrent marking (unload classes)
[54.095s][info][gc,task     ] GC(3) Using 2 of 8 workers for concurrent marking
[54.640s][info][gc          ] GC(3) Concurrent marking (unload classes) 544.968ms
[54.645s][info][gc,start    ] GC(3) Pause Final Mark (unload classes)
[54.645s][info][gc,task     ] GC(3) Using 8 of 8 workers for final marking
[54.646s][info][gc,ergo     ] GC(3) Adaptive CSet Selection. Target Free: 281M, Actual Free: 1341M, Max CSet: 84672K, Min Garbage: 0B
[54.646s][info][gc,ergo     ] GC(3) Collectable Garbage: 515M (99%), Immediate: 38404K (7%), CSet: 478M (92%)
[54.646s][info][gc,ergo     ] GC(3) Pacer for Evacuation. Used CSet: 492M, Free: 1242M, Non-Taxable: 124M, Alloc Tax Rate: 1.1x
[54.646s][info][gc          ] GC(3) Pause Final Mark (unload classes) 0.856ms
[54.646s][info][gc,start    ] GC(3) Concurrent thread roots
[54.646s][info][gc,task     ] GC(3) Using 2 of 8 workers for Concurrent thread roots
[54.649s][info][gc          ] GC(3) Concurrent thread roots 2.860ms
[54.649s][info][gc,start    ] GC(3) Concurrent weak references
[54.649s][info][gc,task     ] GC(3) Using 2 of 8 workers for concurrent weak references
[54.656s][info][gc,ref      ] GC(3) Encountered references: Soft: 4699, Weak: 16666, Final: 74, Phantom: 835
[54.656s][info][gc,ref      ] GC(3) Discovered  references: Soft: 0, Weak: 11907, Final: 17, Phantom: 777
[54.656s][info][gc,ref      ] GC(3) Enqueued    references: Soft: 0, Weak: 10216, Final: 0, Phantom: 78
[54.657s][info][gc          ] GC(3) Concurrent weak references 7.844ms
[54.657s][info][gc,start    ] GC(3) Concurrent weak roots
[54.657s][info][gc,task     ] GC(3) Using 2 of 8 workers for concurrent weak root
[54.685s][info][gc          ] GC(3) Concurrent weak roots 28.077ms
[54.685s][info][gc,start    ] GC(3) Concurrent cleanup
[54.685s][info][gc          ] GC(3) Concurrent cleanup 687M->649M(691M) 0.144ms
[54.685s][info][gc,ergo     ] GC(3) Free: 1234M, Max: 512K regular, 1197M humongous, Frag: 4% external, 0% internal; Reserve: 99685K, Max: 512K
[54.685s][info][gc,start    ] GC(3) Concurrent class unloading
[54.685s][info][gc,task     ] GC(3) Using 2 of 8 workers for concurrent class unloading
[54.797s][info][gc          ] GC(3) Concurrent class unloading 112.215ms
[54.797s][info][gc,start    ] GC(3) Concurrent strong roots
[54.797s][info][gc,task     ] GC(3) Using 2 of 8 workers for concurrent strong root
[54.802s][info][gc          ] GC(3) Concurrent strong roots 4.991ms
[54.802s][info][gc,start    ] GC(3) Concurrent evacuation
[54.802s][info][gc,task     ] GC(3) Using 2 of 8 workers for concurrent evacuation
[54.843s][info][gc          ] GC(3) Concurrent evacuation 41.321ms
[54.844s][info][gc,start    ] GC(3) Pause Init Update Refs
[54.844s][info][gc,ergo     ] GC(3) Pacer for Update Refs. Used: 678M, Free: 1220M, Non-Taxable: 122M, Alloc Tax Rate: 1.1x
[54.844s][info][gc          ] GC(3) Pause Init Update Refs 0.071ms
[54.844s][info][gc,start    ] GC(3) Concurrent update references
[54.844s][info][gc,task     ] GC(3) Using 2 of 8 workers for concurrent reference update
[54.992s][info][gc          ] GC(3) Concurrent update references 148.251ms
[54.992s][info][gc,start    ] GC(3) Concurrent update thread roots
[55.002s][info][gc          ] GC(3) Concurrent update thread roots 9.729ms
[55.002s][info][gc,start    ] GC(3) Pause Final Update Refs
[55.002s][info][gc,task     ] GC(3) Using 8 of 8 workers for final reference update
[55.002s][info][gc          ] GC(3) Pause Final Update Refs 0.111ms
[55.002s][info][gc,start    ] GC(3) Concurrent cleanup
[55.002s][info][gc          ] GC(3) Concurrent cleanup 691M->198M(705M) 0.143ms
[55.002s][info][gc,ergo     ] Free: 1683M, Max: 512K regular, 1183M humongous, Frag: 30% external, 0% internal; Reserve: 101888K, Max: 512K
[55.002s][info][gc,stats    ] 
[55.002s][info][gc,stats    ] All times are wall-clock times, except per-root-class counters, that are sum over
[55.002s][info][gc,stats    ] all workers. Dividing the <total> over the root stage time estimates parallelism.
[55.002s][info][gc,stats    ] 
[55.002s][info][gc,stats    ] Concurrent Reset                   5238 us
[55.002s][info][gc,stats    ] Pause Init Mark (G)                 408 us
[55.002s][info][gc,stats    ] Pause Init Mark (N)                 198 us
[55.002s][info][gc,stats    ]   Update Region States               41 us
[55.002s][info][gc,stats    ] Concurrent Mark Roots             10803 us, parallelism: 1.52x
[55.002s][info][gc,stats    ]   CMR: <total>                    16453 us
[55.002s][info][gc,stats    ]   CMR: Thread Roots               16186 us, workers (us): 10261, 5925, ---, ---, ---, ---, ---, ---, 
[55.002s][info][gc,stats    ]   CMR: VM Strong Roots               61 us, workers (us):  60,   1, ---, ---, ---, ---, ---, ---, 
[55.002s][info][gc,stats    ]   CMR: CLDG Roots                   206 us, workers (us): 206, ---, ---, ---, ---, ---, ---, ---, 
[55.002s][info][gc,stats    ] Concurrent Marking               545020 us
[55.002s][info][gc,stats    ] Pause Final Mark (G)               5266 us
[55.002s][info][gc,stats    ] Pause Final Mark (N)                864 us
[55.002s][info][gc,stats    ]   Finish Mark                       475 us
[55.002s][info][gc,stats    ]   Update Region States               46 us
[55.002s][info][gc,stats    ]   Choose Collection Set             249 us
[55.002s][info][gc,stats    ]   Rebuild Free Set                   18 us
[55.002s][info][gc,stats    ] Concurrent Thread Roots            2885 us, parallelism: 1.12x
[55.002s][info][gc,stats    ]   CTR: <total>                     3245 us
[55.002s][info][gc,stats    ]   CTR: Thread Roots                3245 us, workers (us): 2805, 440, ---, ---, ---, ---, ---, ---, 
[55.002s][info][gc,stats    ] Concurrent Weak References         7853 us, parallelism: 1.02x
[55.002s][info][gc,stats    ]   CWRF: <total>                    8043 us
[55.002s][info][gc,stats    ]   CWRF: Weak References            8043 us, workers (us): 7757, 286, ---, ---, ---, ---, ---, ---, 
[55.002s][info][gc,stats    ] Concurrent Weak Roots             28111 us
[55.002s][info][gc,stats    ]   Roots                           13586 us, parallelism: 1.84x
[55.002s][info][gc,stats    ]     CWR: <total>                  24933 us
[55.002s][info][gc,stats    ]     CWR: Code Cache Roots         18659 us, workers (us): 7625, 11034, ---, ---, ---, ---, ---, ---, 
[55.002s][info][gc,stats    ]     CWR: VM Weak Roots             6240 us, workers (us): 5352, 888, ---, ---, ---, ---, ---, ---, 
[55.002s][info][gc,stats    ]     CWR: CLDG Roots                  34 us, workers (us): ---,  34, ---, ---, ---, ---, ---, ---, 
[55.002s][info][gc,stats    ]   Rendezvous                      14469 us
[55.002s][info][gc,stats    ] Concurrent Cleanup                  153 us
[55.002s][info][gc,stats    ] Concurrent Class Unloading       112237 us
[55.002s][info][gc,stats    ]   Unlink Stale                    23183 us
[55.002s][info][gc,stats    ]     System Dictionary                93 us
[55.002s][info][gc,stats    ]     Weak Class Links                  0 us
[55.002s][info][gc,stats    ]     Code Roots                    23087 us
[55.002s][info][gc,stats    ]   Rendezvous                       2173 us
[55.002s][info][gc,stats    ]   Purge Unlinked                  86820 us
[55.002s][info][gc,stats    ]     Code Roots                    86727 us
[55.003s][info][gc,stats    ]     CLDG                             92 us
[55.003s][info][gc,stats    ]     Exception Caches                  0 us
[55.003s][info][gc,stats    ] Concurrent Strong Roots            5015 us, parallelism: 0.27x
[55.003s][info][gc,stats    ]   CSR: <total>                     1345 us
[55.003s][info][gc,stats    ]   CSR: VM Strong Roots               47 us, workers (us):  47,   0, ---, ---, ---, ---, ---, ---, 
[55.003s][info][gc,stats    ]   CSR: CLDG Roots                  1298 us, workers (us): 1298, ---, ---, ---, ---, ---, ---, ---, 
[55.003s][info][gc,stats    ] Concurrent Evacuation             41363 us
[55.003s][info][gc,stats    ] Pause Init Update Refs (G)          275 us
[55.003s][info][gc,stats    ] Pause Init Update Refs (N)           78 us
[55.003s][info][gc,stats    ]   Manage GCLABs                      32 us
[55.003s][info][gc,stats    ] Concurrent Update Refs           148285 us
[55.003s][info][gc,stats    ] Concurrent Update Thread Roots     9769 us
[55.003s][info][gc,stats    ] Pause Final Update Refs (G)         260 us
[55.003s][info][gc,stats    ] Pause Final Update Refs (N)         118 us
[55.003s][info][gc,stats    ]   Update Region States               46 us
[55.003s][info][gc,stats    ]   Trash Collection Set                9 us
[55.003s][info][gc,stats    ]   Rebuild Free Set                   15 us
[55.003s][info][gc,stats    ] Concurrent Cleanup                  152 us
[55.003s][info][gc,stats    ] 
[55.003s][info][gc,stats    ] Allocation pacing accrued:
[55.003s][info][gc,stats    ]       0 of 15869 ms (  0.0%): <total>
[55.003s][info][gc,stats    ]       0 of 15869 ms (  0.0%): <average total>
[55.003s][info][gc,stats    ] 
[55.003s][info][gc,metaspace] Metaspace: 70998K(71552K)->71029K(71552K) NonClass: 63504K(63808K)->63528K(63808K) Class: 7494K(7744K)->7500K(7744K)
[55.003s][info][gc,ergo     ] Pacer for Idle. Initial: 40642K, Alloc Tax Rate: 1.0x
[63.051s][info][gc          ] Trigger: Learning 5 of 5. Free (1269M) is below initial threshold (1270M)
[63.052s][info][gc,ergo     ] Free: 1269M, Max: 512K regular, 1183M humongous, Frag: 7% external, 0% internal; Reserve: 101888K, Max: 512K
[63.052s][info][gc,start    ] GC(4) Concurrent reset
[63.052s][info][gc,task     ] GC(4) Using 2 of 8 workers for concurrent reset
[63.052s][info][gc,ergo     ] GC(4) Pacer for Reset. Non-Taxable: 1984M
[63.058s][info][gc          ] GC(4) Concurrent reset 6.556ms
[63.059s][info][gc,start    ] GC(4) Pause Init Mark (unload classes)
[63.059s][info][gc,task     ] GC(4) Using 8 of 8 workers for init marking
[63.059s][info][gc,ergo     ] GC(4) Pacer for Mark. Expected Live: 79509K, Free: 1269M, Non-Taxable: 126M, Alloc Tax Rate: 0.1x
[63.059s][info][gc          ] GC(4) Pause Init Mark (unload classes) 0.093ms
[63.059s][info][gc,start    ] GC(4) Concurrent marking roots
[63.059s][info][gc,task     ] GC(4) Using 2 of 8 workers for concurrent marking roots
[63.061s][info][gc          ] GC(4) Concurrent marking roots 1.996ms
[63.062s][info][gc,start    ] GC(4) Concurrent marking (unload classes)
[63.062s][info][gc,task     ] GC(4) Using 2 of 8 workers for concurrent marking
[63.482s][info][gc          ] GC(4) Concurrent marking (unload classes) 420.234ms
[63.482s][info][gc,start    ] GC(4) Pause Final Mark (unload classes)
[63.483s][info][gc,task     ] GC(4) Using 8 of 8 workers for final marking
[63.485s][info][gc,ergo     ] GC(4) Adaptive CSet Selection. Target Free: 281M, Actual Free: 1318M, Max CSet: 84672K, Min Garbage: 0B
[63.486s][info][gc,ergo     ] GC(4) Collectable Garbage: 504M (99%), Immediate: 8704K (1%), CSet: 496M (97%)
[63.486s][info][gc,ergo     ] GC(4) Pacer for Evacuation. Used CSet: 508M, Free: 1219M, Non-Taxable: 121M, Alloc Tax Rate: 1.1x
[63.486s][info][gc          ] GC(4) Pause Final Mark (unload classes) 3.108ms
[63.486s][info][gc,start    ] GC(4) Concurrent thread roots
[63.486s][info][gc,task     ] GC(4) Using 2 of 8 workers for Concurrent thread roots
[63.487s][info][gc          ] GC(4) Concurrent thread roots 0.964ms
[63.487s][info][gc,start    ] GC(4) Concurrent weak references
[63.487s][info][gc,task     ] GC(4) Using 2 of 8 workers for concurrent weak references
[63.493s][info][gc,ref      ] GC(4) Encountered references: Soft: 4705, Weak: 17399, Final: 74, Phantom: 771
[63.493s][info][gc,ref      ] GC(4) Discovered  references: Soft: 0, Weak: 12480, Final: 0, Phantom: 576
[63.493s][info][gc,ref      ] GC(4) Enqueued    references: Soft: 0, Weak: 10558, Final: 0, Phantom: 7
[63.493s][info][gc          ] GC(4) Concurrent weak references 6.719ms
[63.493s][info][gc,start    ] GC(4) Concurrent weak roots
[63.493s][info][gc,task     ] GC(4) Using 2 of 8 workers for concurrent weak root
[63.504s][info][gc          ] GC(4) Concurrent weak roots 10.407ms
[63.504s][info][gc,start    ] GC(4) Concurrent cleanup
[63.504s][info][gc          ] GC(4) Concurrent cleanup 675M->666M(705M) 0.135ms
[63.504s][info][gc,ergo     ] GC(4) Free: 1216M, Max: 512K regular, 1183M humongous, Frag: 3% external, 0% internal; Reserve: 100581K, Max: 512K
[63.504s][info][gc,start    ] GC(4) Concurrent class unloading
[63.504s][info][gc,task     ] GC(4) Using 2 of 8 workers for concurrent class unloading
[63.539s][info][gc          ] GC(4) Concurrent class unloading 35.467ms
[63.539s][info][gc,start    ] GC(4) Concurrent strong roots
[63.539s][info][gc,task     ] GC(4) Using 2 of 8 workers for concurrent strong root
[63.540s][info][gc          ] GC(4) Concurrent strong roots 0.868ms
[63.540s][info][gc,start    ] GC(4) Concurrent evacuation
[63.540s][info][gc,task     ] GC(4) Using 2 of 8 workers for concurrent evacuation
[63.588s][info][gc          ] GC(4) Concurrent evacuation 47.864ms
[63.594s][info][gc,start    ] GC(4) Pause Init Update Refs
[63.594s][info][gc,ergo     ] GC(4) Pacer for Update Refs. Used: 691M, Free: 1203M, Non-Taxable: 120M, Alloc Tax Rate: 1.1x
[63.594s][info][gc          ] GC(4) Pause Init Update Refs 0.094ms
[63.594s][info][gc,start    ] GC(4) Concurrent update references
[63.594s][info][gc,task     ] GC(4) Using 2 of 8 workers for concurrent reference update
[63.822s][info][gc          ] GC(4) Concurrent update references 228.357ms
[63.822s][info][gc,start    ] GC(4) Concurrent update thread roots
[63.826s][info][gc          ] GC(4) Concurrent update thread roots 4.095ms
[63.826s][info][gc,start    ] GC(4) Pause Final Update Refs
[63.826s][info][gc,task     ] GC(4) Using 8 of 8 workers for final reference update
[63.826s][info][gc          ] GC(4) Pause Final Update Refs 0.092ms
[63.826s][info][gc,start    ] GC(4) Concurrent cleanup
[63.827s][info][gc          ] GC(4) Concurrent cleanup 716M->207M(720M) 0.098ms
[63.827s][info][gc,ergo     ] Free: 1674M, Max: 512K regular, 1169M humongous, Frag: 31% external, 0% internal; Reserve: 101888K, Max: 512K
[63.827s][info][gc,stats    ] 
[63.827s][info][gc,stats    ] All times are wall-clock times, except per-root-class counters, that are sum over
[63.827s][info][gc,stats    ] all workers. Dividing the <total> over the root stage time estimates parallelism.
[63.827s][info][gc,stats    ] 
[63.827s][info][gc,stats    ] Concurrent Reset                   6585 us
[63.827s][info][gc,stats    ] Pause Init Mark (G)                1282 us
[63.827s][info][gc,stats    ] Pause Init Mark (N)                  99 us
[63.827s][info][gc,stats    ]   Update Region States               32 us
[63.827s][info][gc,stats    ] Concurrent Mark Roots              2030 us, parallelism: 0.77x
[63.827s][info][gc,stats    ]   CMR: <total>                     1569 us
[63.827s][info][gc,stats    ]   CMR: Thread Roots                1343 us, workers (us): 1343,   0, ---, ---, ---, ---, ---, ---, 
[63.827s][info][gc,stats    ]   CMR: VM Strong Roots               59 us, workers (us):  59,   0, ---, ---, ---, ---, ---, ---, 
[63.827s][info][gc,stats    ]   CMR: CLDG Roots                   167 us, workers (us): 167, ---, ---, ---, ---, ---, ---, ---, 
[63.827s][info][gc,stats    ] Concurrent Marking               420279 us
[63.827s][info][gc,stats    ] Pause Final Mark (G)               3842 us
[63.827s][info][gc,stats    ] Pause Final Mark (N)               3116 us
[63.827s][info][gc,stats    ]   Finish Mark                      2771 us
[63.827s][info][gc,stats    ]   Update Region States               48 us
[63.827s][info][gc,stats    ]   Choose Collection Set             196 us
[63.827s][info][gc,stats    ]   Rebuild Free Set                   18 us
[63.827s][info][gc,stats    ] Concurrent Thread Roots             996 us, parallelism: 1.54x
[63.827s][info][gc,stats    ]   CTR: <total>                     1533 us
[63.827s][info][gc,stats    ]   CTR: Thread Roots                1533 us, workers (us): 842, 692, ---, ---, ---, ---, ---, ---, 
[63.827s][info][gc,stats    ] Concurrent Weak References         6728 us, parallelism: 0.98x
[63.827s][info][gc,stats    ]   CWRF: <total>                    6600 us
[63.827s][info][gc,stats    ]   CWRF: Weak References            6600 us, workers (us): 6599,   1, ---, ---, ---, ---, ---, ---, 
[63.827s][info][gc,stats    ] Concurrent Weak Roots             10431 us
[63.827s][info][gc,stats    ]   Roots                            4170 us, parallelism: 1.22x
[63.827s][info][gc,stats    ]     CWR: <total>                   5097 us
[63.827s][info][gc,stats    ]     CWR: Code Cache Roots          3823 us, workers (us): 2546, 1277, ---, ---, ---, ---, ---, ---, 
[63.827s][info][gc,stats    ]     CWR: VM Weak Roots             1247 us, workers (us): 1246,   1, ---, ---, ---, ---, ---, ---, 
[63.827s][info][gc,stats    ]     CWR: CLDG Roots                  27 us, workers (us):  27, ---, ---, ---, ---, ---, ---, ---, 
[63.827s][info][gc,stats    ]   Rendezvous                       6218 us
[63.827s][info][gc,stats    ] Concurrent Cleanup                  152 us
[63.827s][info][gc,stats    ] Concurrent Class Unloading        35485 us
[63.827s][info][gc,stats    ]   Unlink Stale                    11863 us
[63.827s][info][gc,stats    ]     System Dictionary                59 us
[63.827s][info][gc,stats    ]     Weak Class Links                  0 us
[63.827s][info][gc,stats    ]     Code Roots                    11801 us
[63.827s][info][gc,stats    ]   Rendezvous                      14406 us
[63.827s][info][gc,stats    ]   Purge Unlinked                   9179 us
[63.827s][info][gc,stats    ]     Code Roots                     9143 us
[63.827s][info][gc,stats    ]     CLDG                             34 us
[63.827s][info][gc,stats    ]     Exception Caches                  0 us
[63.827s][info][gc,stats    ] Concurrent Strong Roots             905 us, parallelism: 0.47x
[63.827s][info][gc,stats    ]   CSR: <total>                      423 us
[63.827s][info][gc,stats    ]   CSR: VM Strong Roots               33 us, workers (us):  33,   1, ---, ---, ---, ---, ---, ---, 
[63.827s][info][gc,stats    ]   CSR: CLDG Roots                   390 us, workers (us): 390, ---, ---, ---, ---, ---, ---, ---, 
[63.827s][info][gc,stats    ] Concurrent Evacuation             47900 us
[63.827s][info][gc,stats    ] Pause Init Update Refs (G)         5514 us
[63.827s][info][gc,stats    ] Pause Init Update Refs (N)          101 us
[63.827s][info][gc,stats    ]   Manage GCLABs                      52 us
[63.827s][info][gc,stats    ] Concurrent Update Refs           228398 us
[63.827s][info][gc,stats    ] Concurrent Update Thread Roots     4130 us
[63.827s][info][gc,stats    ] Pause Final Update Refs (G)         168 us
[63.827s][info][gc,stats    ] Pause Final Update Refs (N)          99 us
[63.827s][info][gc,stats    ]   Update Region States               45 us
[63.827s][info][gc,stats    ]   Trash Collection Set               10 us
[63.827s][info][gc,stats    ]   Rebuild Free Set                   16 us
[63.827s][info][gc,stats    ] Concurrent Cleanup                  104 us
[63.827s][info][gc,stats    ] 
[63.827s][info][gc,stats    ] Allocation pacing accrued:
[63.827s][info][gc,stats    ]       0 of  8824 ms (  0.0%): <total>
[63.827s][info][gc,stats    ]       0 of  8824 ms (  0.0%): <average total>
[63.827s][info][gc,stats    ] 
[63.827s][info][gc,metaspace] Metaspace: 71128K(71616K)->71128K(71616K) NonClass: 63621K(63872K)->63621K(63872K) Class: 7506K(7744K)->7506K(7744K)
[63.827s][info][gc,ergo     ] Pacer for Idle. Initial: 40642K, Alloc Tax Rate: 1.0x
[88.670s][info][gc          ] Trigger: Free (198M) is below minimum threshold (198M)
[88.670s][info][gc,ergo     ] Free: 198M, Max: 512K regular, 197M humongous, Frag: 0% external, 1% internal; Reserve: 101888K, Max: 512K
[88.670s][info][gc,start    ] GC(5) Concurrent reset
[88.670s][info][gc,task     ] GC(5) Using 2 of 8 workers for concurrent reset
[88.670s][info][gc,ergo     ] GC(5) Pacer for Reset. Non-Taxable: 1984M
[88.685s][info][gc          ] GC(5) Concurrent reset 15.044ms
[88.685s][info][gc,start    ] GC(5) Pause Init Mark (unload classes)
[88.685s][info][gc,task     ] GC(5) Using 8 of 8 workers for init marking
[88.686s][info][gc,ergo     ] GC(5) Pacer for Mark. Expected Live: 84979K, Free: 197M, Non-Taxable: 20236K, Alloc Tax Rate: 0.5x
[88.686s][info][gc          ] GC(5) Pause Init Mark (unload classes) 0.125ms
[88.686s][info][gc,start    ] GC(5) Concurrent marking roots
[88.686s][info][gc,task     ] GC(5) Using 2 of 8 workers for concurrent marking roots
[88.689s][info][gc          ] GC(5) Concurrent marking roots 3.411ms
[88.689s][info][gc,start    ] GC(5) Concurrent marking (unload classes)
[88.689s][info][gc,task     ] GC(5) Using 2 of 8 workers for concurrent marking
[89.304s][info][gc          ] GC(5) Concurrent marking (unload classes) 614.475ms
[89.307s][info][gc,start    ] GC(5) Pause Final Mark (unload classes)
[89.307s][info][gc,task     ] GC(5) Using 8 of 8 workers for final marking
[89.309s][info][gc,ergo     ] GC(5) Adaptive CSet Selection. Target Free: 281M, Actual Free: 272M, Max CSet: 84672K, Min Garbage: 8844K
[89.310s][info][gc,ergo     ] GC(5) Collectable Garbage: 1563M (99%), Immediate: 17408K (1%), CSet: 1546M (98%)
[89.310s][info][gc,ergo     ] GC(5) Pacer for Evacuation. Used CSet: 1583M, Free: 173M, Non-Taxable: 17778K, Alloc Tax Rate: 22.3x
[89.310s][info][gc          ] GC(5) Pause Final Mark (unload classes) 2.755ms
[89.310s][info][gc,start    ] GC(5) Concurrent thread roots
[89.310s][info][gc,task     ] GC(5) Using 2 of 8 workers for Concurrent thread roots
[89.311s][info][gc          ] GC(5) Concurrent thread roots 1.416ms
[89.311s][info][gc,start    ] GC(5) Concurrent weak references
[89.311s][info][gc,task     ] GC(5) Using 2 of 8 workers for concurrent weak references
[89.375s][info][gc,ref      ] GC(5) Encountered references: Soft: 4705, Weak: 44292, Final: 74, Phantom: 762
[89.375s][info][gc,ref      ] GC(5) Discovered  references: Soft: 0, Weak: 39019, Final: 0, Phantom: 696
[89.375s][info][gc,ref      ] GC(5) Enqueued    references: Soft: 0, Weak: 37844, Final: 0, Phantom: 4
[89.375s][info][gc          ] GC(5) Concurrent weak references 63.706ms
[89.375s][info][gc,start    ] GC(5) Concurrent weak roots
[89.375s][info][gc,task     ] GC(5) Using 2 of 8 workers for concurrent weak root
[89.394s][info][gc          ] GC(5) Concurrent weak roots 19.048ms
[89.394s][info][gc,start    ] GC(5) Concurrent cleanup
[89.394s][info][gc          ] GC(5) Concurrent cleanup 1734M->1717M(1738M) 0.135ms
[89.394s][info][gc,ergo     ] GC(5) Free: 168M, Max: 512K regular, 151M humongous, Frag: 10% external, 0% internal; Reserve: 97747K, Max: 512K
[89.394s][info][gc,start    ] GC(5) Concurrent class unloading
[89.394s][info][gc,task     ] GC(5) Using 2 of 8 workers for concurrent class unloading
[89.449s][info][gc          ] GC(5) Concurrent class unloading 55.112ms
[89.449s][info][gc,start    ] GC(5) Concurrent strong roots
[89.449s][info][gc,task     ] GC(5) Using 2 of 8 workers for concurrent strong root
[89.450s][info][gc          ] GC(5) Concurrent strong roots 0.987ms
[89.450s][info][gc,start    ] GC(5) Concurrent evacuation
[89.450s][info][gc,task     ] GC(5) Using 2 of 8 workers for concurrent evacuation
[89.726s][info][gc          ] GC(5) Concurrent evacuation 275.173ms
[89.726s][info][gc,start    ] GC(5) Pause Init Update Refs
[89.726s][info][gc,ergo     ] GC(5) Pacer for Update Refs. Used: 1763M, Free: 158M, Non-Taxable: 16191K, Alloc Tax Rate: 13.6x
[89.726s][info][gc          ] GC(5) Pause Init Update Refs 0.087ms
[89.726s][info][gc,start    ] GC(5) Concurrent update references
[89.726s][info][gc,task     ] GC(5) Using 2 of 8 workers for concurrent reference update
[90.029s][info][gc          ] GC(5) Concurrent update references 302.897ms
[90.029s][info][gc,start    ] GC(5) Concurrent update thread roots
[90.031s][info][gc          ] GC(5) Concurrent update thread roots 1.821ms
[90.031s][info][gc,start    ] GC(5) Pause Final Update Refs
[90.031s][info][gc,task     ] GC(5) Using 8 of 8 workers for final reference update
[90.031s][info][gc          ] GC(5) Pause Final Update Refs 0.128ms
[90.031s][info][gc,start    ] GC(5) Concurrent cleanup
[90.032s][info][gc          ] GC(5) Concurrent cleanup 1778M->194M(1782M) 0.260ms
[90.032s][info][gc,ergo     ] Free: 1687M, Max: 512K regular, 185M humongous, Frag: 89% external, 0% internal; Reserve: 101888K, Max: 512K
[90.032s][info][gc,stats    ] 
[90.032s][info][gc,stats    ] All times are wall-clock times, except per-root-class counters, that are sum over
[90.032s][info][gc,stats    ] all workers. Dividing the <total> over the root stage time estimates parallelism.
[90.032s][info][gc,stats    ] 
[90.032s][info][gc,stats    ] Concurrent Reset                  15082 us
[90.032s][info][gc,stats    ] Pause Init Mark (G)                 950 us
[90.032s][info][gc,stats    ] Pause Init Mark (N)                 133 us
[90.032s][info][gc,stats    ]   Update Region States               48 us
[90.032s][info][gc,stats    ] Concurrent Mark Roots              3434 us, parallelism: 1.21x
[90.032s][info][gc,stats    ]   CMR: <total>                     4163 us
[90.032s][info][gc,stats    ]   CMR: Thread Roots                4020 us, workers (us): 2953, 1067, ---, ---, ---, ---, ---, ---, 
[90.032s][info][gc,stats    ]   CMR: VM Strong Roots               22 us, workers (us):  22,   1, ---, ---, ---, ---, ---, ---, 
[90.032s][info][gc,stats    ]   CMR: CLDG Roots                   121 us, workers (us): 121, ---, ---, ---, ---, ---, ---, ---, 
[90.032s][info][gc,stats    ] Concurrent Marking               614508 us
[90.032s][info][gc,stats    ] Pause Final Mark (G)               6075 us
[90.032s][info][gc,stats    ] Pause Final Mark (N)               2762 us
[90.032s][info][gc,stats    ]   Finish Mark                      2215 us
[90.032s][info][gc,stats    ]   Update Region States               46 us
[90.032s][info][gc,stats    ]   Choose Collection Set             417 us
[90.032s][info][gc,stats    ]   Rebuild Free Set                   11 us
[90.032s][info][gc,stats    ] Concurrent Thread Roots            1434 us, parallelism: 0.94x
[90.032s][info][gc,stats    ]   CTR: <total>                     1355 us
[90.032s][info][gc,stats    ]   CTR: Thread Roots                1355 us, workers (us): 1355,   0, ---, ---, ---, ---, ---, ---, 
[90.032s][info][gc,stats    ] Concurrent Weak References        63717 us, parallelism: 1.00x
[90.032s][info][gc,stats    ]   CWRF: <total>                   64032 us
[90.032s][info][gc,stats    ]   CWRF: Weak References           64032 us, workers (us): 423, 63609, ---, ---, ---, ---, ---, ---, 
[90.032s][info][gc,stats    ] Concurrent Weak Roots             19076 us
[90.032s][info][gc,stats    ]   Roots                           16534 us, parallelism: 1.66x
[90.032s][info][gc,stats    ]     CWR: <total>                  27405 us
[90.032s][info][gc,stats    ]     CWR: Code Cache Roots         16720 us, workers (us): 6639, 10082, ---, ---, ---, ---, ---, ---, 
[90.032s][info][gc,stats    ]     CWR: VM Weak Roots            10631 us, workers (us): 8673, 1958, ---, ---, ---, ---, ---, ---, 
[90.032s][info][gc,stats    ]     CWR: CLDG Roots                  54 us, workers (us): ---,  54, ---, ---, ---, ---, ---, ---, 
[90.032s][info][gc,stats    ]   Rendezvous                       2491 us
[90.032s][info][gc,stats    ] Concurrent Cleanup                  142 us
[90.032s][info][gc,stats    ] Concurrent Class Unloading        55138 us
[90.032s][info][gc,stats    ]   Unlink Stale                     9696 us
[90.032s][info][gc,stats    ]     System Dictionary                71 us
[90.032s][info][gc,stats    ]     Weak Class Links                  0 us
[90.032s][info][gc,stats    ]     Code Roots                     9623 us
[90.032s][info][gc,stats    ]   Rendezvous                        255 us
[90.032s][info][gc,stats    ]   Purge Unlinked                  45137 us
[90.032s][info][gc,stats    ]     Code Roots                    45061 us
[90.032s][info][gc,stats    ]     CLDG                             75 us
[90.032s][info][gc,stats    ]     Exception Caches                  0 us
[90.032s][info][gc,stats    ] Concurrent Strong Roots            1005 us, parallelism: 0.67x
[90.032s][info][gc,stats    ]   CSR: <total>                      676 us
[90.032s][info][gc,stats    ]   CSR: VM Strong Roots               39 us, workers (us):  38,   0, ---, ---, ---, ---, ---, ---, 
[90.032s][info][gc,stats    ]   CSR: CLDG Roots                   638 us, workers (us): 638, ---, ---, ---, ---, ---, ---, ---, 
[90.032s][info][gc,stats    ] Concurrent Evacuation            275209 us
[90.032s][info][gc,stats    ] Pause Init Update Refs (G)          317 us
[90.032s][info][gc,stats    ] Pause Init Update Refs (N)          116 us
[90.032s][info][gc,stats    ]   Manage GCLABs                      50 us
[90.032s][info][gc,stats    ] Concurrent Update Refs           302937 us
[90.032s][info][gc,stats    ] Concurrent Update Thread Roots     1853 us
[90.032s][info][gc,stats    ] Pause Final Update Refs (G)         485 us
[90.032s][info][gc,stats    ] Pause Final Update Refs (N)         136 us
[90.032s][info][gc,stats    ]   Update Region States               55 us
[90.032s][info][gc,stats    ]   Trash Collection Set               20 us
[90.032s][info][gc,stats    ]   Rebuild Free Set                   15 us
[90.032s][info][gc,stats    ] Concurrent Cleanup                  270 us
[90.032s][info][gc,stats    ] Pacing                           138229 us
[90.032s][info][gc,stats    ] 
[90.032s][info][gc,stats    ] Allocation pacing accrued:
[90.032s][info][gc,stats    ]      11 of 26205 ms (  0.0%): om1-OMDoubleBufferFlushThread
[90.032s][info][gc,stats    ]      11 of 26205 ms (  0.0%): IPC Server handler 7 on default port 9862
[90.032s][info][gc,stats    ]      11 of 26205 ms (  0.0%): IPC Server handler 11 on default port 9862
[90.032s][info][gc,stats    ]      11 of 26205 ms (  0.0%): IPC Server handler 15 on default port 9862
[90.032s][info][gc,stats    ]      11 of 26205 ms (  0.0%): IPC Server handler 34 on default port 9862
[90.032s][info][gc,stats    ]      11 of 26205 ms (  0.0%): IPC Server handler 55 on default port 9862
[90.032s][info][gc,stats    ]      11 of 26205 ms (  0.0%): IPC Server handler 89 on default port 9862
[90.032s][info][gc,stats    ]      60 of 26205 ms (  0.2%): om1-OMStateMachineApplyTransactionThread - 0
[90.032s][info][gc,stats    ]     138 of 26205 ms (  0.5%): <total>
[90.032s][info][gc,stats    ]       1 of 26205 ms (  0.0%): <average total>
[90.032s][info][gc,stats    ]      17 of 26205 ms (  0.1%): <average non-zero>
[90.032s][info][gc,stats    ] 
[90.032s][info][gc,metaspace] Metaspace: 71346K(71808K)->71347K(71808K) NonClass: 63816K(64064K)->63817K(64064K) Class: 7529K(7744K)->7529K(7744K)
[90.032s][info][gc,ergo     ] Pacer for Idle. Initial: 40642K, Alloc Tax Rate: 1.0x
