[0.005s][info][gc] Heuristics ergonomically sets -XX:+ExplicitGCInvokesConcurrent
[0.005s][info][gc] Heuristics ergonomically sets -XX:+ShenandoahImplicitGCInvokesConcurrent
[0.005s][info][gc] Using Shenandoah
[0.006s][info][gc,ergo] Pacer for Idle. Initial: 40642K, Alloc Tax Rate: 1.0x
[0.006s][info][gc,init] Version: 21.0.7+6-Ubuntu-0ubuntu122.04 (release)
[0.006s][info][gc,init] CPUs: 4 total, 4 available
[0.006s][info][gc,init] Memory: 7937M
[0.006s][info][gc,init] Large Page Support: Disabled
[0.006s][info][gc,init] NUMA Support: Disabled
[0.006s][info][gc,init] Compressed Oops: Enabled (32-bit)
[0.006s][info][gc,init] Heap Min Capacity: 6656K
[0.006s][info][gc,init] Heap Initial Capacity: 127488K
[0.006s][info][gc,init] Heap Max Capacity: 2032128K
[0.006s][info][gc,init] Pre-touch: Disabled
[0.006s][info][gc,init] Mode: Snapshot-At-The-Beginning (SATB)
[0.006s][info][gc,init] Heuristics: Adaptive
[0.006s][info][gc,init] Heap Region Count: 3969
[0.006s][info][gc,init] Heap Region Size: 512K
[0.006s][info][gc,init] TLAB Size Max: 512K
[0.006s][info][gc,init] Humongous Object Threshold: 512K
[0.006s][info][gc,init] Parallel Workers: 8
[0.006s][info][gc,init] Concurrent Workers: 2
[0.014s][info][gc,metaspace] CDS archive(s) mapped at: [0x00007ff733000000-0x00007ff733c97000-0x00007ff733c97000), size 13201408, SharedBaseAddress: 0x00007ff733000000, ArchiveRelocationMode: 1.
[0.014s][info][gc,metaspace] Compressed class space mapped at: 0x00007ff734000000-0x00007ff774000000, reserved size: 1073741824
[0.014s][info][gc,metaspace] Narrow klass base: 0x00007ff733000000, Narrow klass shift: 0, Narrow klass range: 0x100000000
[2.001s][info][gc          ] Trigger: Metadata GC Threshold
[2.001s][info][gc,ergo     ] Free: 1779M, Max: 512K regular, 1779M humongous, Frag: 0% external, 0% internal; Reserve: 101888K, Max: 512K
[2.001s][info][gc,start    ] GC(0) Concurrent reset
[2.007s][info][gc,task     ] GC(0) Using 2 of 8 workers for concurrent reset
[2.007s][info][gc,ergo     ] GC(0) Pacer for Reset. Non-Taxable: 1984M
[2.008s][info][gc          ] GC(0) Concurrent reset 6.537ms
[2.008s][info][gc,start    ] GC(0) Pause Init Mark (unload classes)
[2.008s][info][gc,task     ] GC(0) Using 8 of 8 workers for init marking
[2.008s][info][gc,ergo     ] GC(0) Pacer for Mark. Expected Live: 198M, Free: 1779M, Non-Taxable: 177M, Alloc Tax Rate: 0.1x
[2.008s][info][gc          ] GC(0) Pause Init Mark (unload classes) 0.398ms
[2.009s][info][gc,start    ] GC(0) Concurrent marking roots
[2.009s][info][gc,task     ] GC(0) Using 2 of 8 workers for concurrent marking roots
[2.012s][info][gc          ] GC(0) Concurrent marking roots 2.857ms
[2.012s][info][gc,start    ] GC(0) Concurrent marking (unload classes)
[2.012s][info][gc,task     ] GC(0) Using 2 of 8 workers for concurrent marking
[2.036s][info][gc          ] GC(0) Concurrent marking (unload classes) 24.958ms
[2.037s][info][gc,start    ] GC(0) Pause Final Mark (unload classes)
[2.037s][info][gc,task     ] GC(0) Using 8 of 8 workers for final marking
[2.037s][info][gc,ergo     ] GC(0) Adaptive CSet Selection. Target Free: 281M, Actual Free: 1882M, Max CSet: 84672K, Min Garbage: 0B
[2.037s][info][gc,ergo     ] GC(0) Collectable Garbage: 85693K (99%), Immediate: 7600K (8%), CSet: 78092K (90%)
[2.037s][info][gc,ergo     ] GC(0) Pacer for Evacuation. Used CSet: 90112K, Free: 1783M, Non-Taxable: 178M, Alloc Tax Rate: 1.1x
[2.037s][info][gc          ] GC(0) Pause Final Mark (unload classes) 0.291ms
[2.037s][info][gc,start    ] GC(0) Concurrent thread roots
[2.037s][info][gc,task     ] GC(0) Using 2 of 8 workers for Concurrent thread roots
[2.037s][info][gc          ] GC(0) Concurrent thread roots 0.441ms
[2.037s][info][gc,start    ] GC(0) Concurrent weak references
[2.037s][info][gc,task     ] GC(0) Using 2 of 8 workers for concurrent weak references
[2.038s][info][gc,ref      ] GC(0) Encountered references: Soft: 3964, Weak: 2205, Final: 5, Phantom: 765
[2.038s][info][gc,ref      ] GC(0) Discovered  references: Soft: 0, Weak: 790, Final: 0, Phantom: 663
[2.038s][info][gc,ref      ] GC(0) Enqueued    references: Soft: 0, Weak: 482, Final: 0, Phantom: 289
[2.038s][info][gc          ] GC(0) Concurrent weak references 0.206ms
[2.038s][info][gc,start    ] GC(0) Concurrent weak roots
[2.038s][info][gc,task     ] GC(0) Using 2 of 8 workers for concurrent weak root
[2.041s][info][gc          ] GC(0) Concurrent weak roots 3.485ms
[2.041s][info][gc,start    ] GC(0) Concurrent cleanup
[2.041s][info][gc          ] GC(0) Concurrent cleanup 108M->100M(125M) 0.114ms
[2.041s][info][gc,ergo     ] GC(0) Free: 1783M, Max: 512K regular, 1775M humongous, Frag: 1% external, 0% internal; Reserve: 101341K, Max: 512K
[2.041s][info][gc,start    ] GC(0) Concurrent class unloading
[2.041s][info][gc,task     ] GC(0) Using 2 of 8 workers for concurrent class unloading
[2.047s][info][gc          ] GC(0) Concurrent class unloading 5.361ms
[2.047s][info][gc,start    ] GC(0) Concurrent strong roots
[2.047s][info][gc,task     ] GC(0) Using 2 of 8 workers for concurrent strong root
[2.048s][info][gc          ] GC(0) Concurrent strong roots 1.180ms
[2.048s][info][gc,start    ] GC(0) Concurrent evacuation
[2.048s][info][gc,task     ] GC(0) Using 2 of 8 workers for concurrent evacuation
[2.062s][info][gc          ] GC(0) Concurrent evacuation 13.979ms
[2.062s][info][gc,start    ] GC(0) Pause Init Update Refs
[2.062s][info][gc,ergo     ] GC(0) Pacer for Update Refs. Used: 113M, Free: 1783M, Non-Taxable: 178M, Alloc Tax Rate: 1.1x
[2.062s][info][gc          ] GC(0) Pause Init Update Refs 0.033ms
[2.062s][info][gc,start    ] GC(0) Concurrent update references
[2.062s][info][gc,task     ] GC(0) Using 2 of 8 workers for concurrent reference update
[2.075s][info][gc          ] GC(0) Concurrent update references 13.436ms
[2.075s][info][gc,start    ] GC(0) Concurrent update thread roots
[2.076s][info][gc          ] GC(0) Concurrent update thread roots 0.952ms
[2.076s][info][gc,start    ] GC(0) Pause Final Update Refs
[2.076s][info][gc,task     ] GC(0) Using 8 of 8 workers for final reference update
[2.077s][info][gc          ] GC(0) Pause Final Update Refs 0.083ms
[2.077s][info][gc,start    ] GC(0) Concurrent cleanup
[2.077s][info][gc          ] GC(0) Concurrent cleanup 113M->25M(137M) 0.087ms
[2.077s][info][gc,ergo     ] Free: 1858M, Max: 512K regular, 1763M humongous, Frag: 6% external, 0% internal; Reserve: 101888K, Max: 512K
[2.077s][info][gc,stats    ] 
[2.077s][info][gc,stats    ] All times are wall-clock times, except per-root-class counters, that are sum over
[2.077s][info][gc,stats    ] all workers. Dividing the <total> over the root stage time estimates parallelism.
[2.077s][info][gc,stats    ] 
[2.077s][info][gc,stats    ] Concurrent Reset                   6551 us
[2.077s][info][gc,stats    ] Pause Init Mark (G)                1013 us
[2.077s][info][gc,stats    ] Pause Init Mark (N)                 408 us
[2.077s][info][gc,stats    ]   Update Region States               22 us
[2.077s][info][gc,stats    ] Concurrent Mark Roots              2874 us, parallelism: 0.97x
[2.077s][info][gc,stats    ]   CMR: <total>                     2780 us
[2.077s][info][gc,stats    ]   CMR: Thread Roots                 952 us, workers (us): 952,   0, ---, ---, ---, ---, ---, ---, 
[2.077s][info][gc,stats    ]   CMR: VM Strong Roots              802 us, workers (us): 802,   0, ---, ---, ---, ---, ---, ---, 
[2.077s][info][gc,stats    ]   CMR: CLDG Roots                  1025 us, workers (us): 1025, ---, ---, ---, ---, ---, ---, ---, 
[2.077s][info][gc,stats    ] Concurrent Marking                24979 us
[2.077s][info][gc,stats    ] Pause Final Mark (G)                403 us
[2.077s][info][gc,stats    ] Pause Final Mark (N)                297 us
[2.077s][info][gc,stats    ]   Finish Mark                       116 us
[2.077s][info][gc,stats    ]   Update Region States               38 us
[2.077s][info][gc,stats    ]   Choose Collection Set              80 us
[2.077s][info][gc,stats    ]   Rebuild Free Set                   16 us
[2.077s][info][gc,stats    ] Concurrent Thread Roots             448 us, parallelism: 1.18x
[2.077s][info][gc,stats    ]   CTR: <total>                      526 us
[2.077s][info][gc,stats    ]   CTR: Thread Roots                 526 us, workers (us): 412, 115, ---, ---, ---, ---, ---, ---, 
[2.077s][info][gc,stats    ] Concurrent Weak References          212 us, parallelism: 1.42x
[2.077s][info][gc,stats    ]   CWRF: <total>                     301 us
[2.077s][info][gc,stats    ]   CWRF: Weak References             301 us, workers (us): 151, 150, ---, ---, ---, ---, ---, ---, 
[2.077s][info][gc,stats    ] Concurrent Weak Roots              3502 us
[2.077s][info][gc,stats    ]   Roots                            3419 us, parallelism: 1.34x
[2.077s][info][gc,stats    ]     CWR: <total>                   4599 us
[2.077s][info][gc,stats    ]     CWR: Code Cache Roots           843 us, workers (us): 843,   0, ---, ---, ---, ---, ---, ---, 
[2.077s][info][gc,stats    ]     CWR: VM Weak Roots             3746 us, workers (us): 1726, 2020, ---, ---, ---, ---, ---, ---, 
[2.077s][info][gc,stats    ]     CWR: CLDG Roots                  10 us, workers (us):  10, ---, ---, ---, ---, ---, ---, ---, 
[2.077s][info][gc,stats    ]   Rendezvous                         35 us
[2.077s][info][gc,stats    ] Concurrent Cleanup                  121 us
[2.077s][info][gc,stats    ] Concurrent Class Unloading         5373 us
[2.077s][info][gc,stats    ]   Unlink Stale                     1620 us
[2.077s][info][gc,stats    ]     System Dictionary                22 us
[2.077s][info][gc,stats    ]     Weak Class Links                  0 us
[2.077s][info][gc,stats    ]     Code Roots                     1597 us
[2.077s][info][gc,stats    ]   Rendezvous                       1096 us
[2.077s][info][gc,stats    ]   Purge Unlinked                   2631 us
[2.077s][info][gc,stats    ]     Code Roots                     2617 us
[2.077s][info][gc,stats    ]     CLDG                             14 us
[2.077s][info][gc,stats    ]     Exception Caches                  0 us
[2.077s][info][gc,stats    ] Concurrent Strong Roots            1196 us, parallelism: 0.97x
[2.077s][info][gc,stats    ]   CSR: <total>                     1155 us
[2.077s][info][gc,stats    ]   CSR: VM Strong Roots               25 us, workers (us):  13,  12, ---, ---, ---, ---, ---, ---, 
[2.077s][info][gc,stats    ]   CSR: CLDG Roots                  1130 us, workers (us): 1130, ---, ---, ---, ---, ---, ---, ---, 
[2.077s][info][gc,stats    ] Concurrent Evacuation             13998 us
[2.077s][info][gc,stats    ] Pause Init Update Refs (G)          142 us
[2.077s][info][gc,stats    ] Pause Init Update Refs (N)           39 us
[2.077s][info][gc,stats    ]   Manage GCLABs                       5 us
[2.077s][info][gc,stats    ] Concurrent Update Refs            13466 us
[2.077s][info][gc,stats    ] Concurrent Update Thread Roots      963 us
[2.077s][info][gc,stats    ] Pause Final Update Refs (G)         195 us
[2.077s][info][gc,stats    ] Pause Final Update Refs (N)          90 us
[2.077s][info][gc,stats    ]   Update Region States               33 us
[2.077s][info][gc,stats    ]   Trash Collection Set                4 us
[2.077s][info][gc,stats    ]   Rebuild Free Set                   17 us
[2.077s][info][gc,stats    ] Concurrent Cleanup                   93 us
[2.077s][info][gc,stats    ] 
[2.077s][info][gc,stats    ] Allocation pacing accrued:
[2.077s][info][gc,stats    ]       0 of  2071 ms (  0.0%): <total>
[2.077s][info][gc,stats    ]       0 of  2071 ms (  0.0%): <average total>
[2.077s][info][gc,stats    ] 
[2.077s][info][gc,metaspace] Metaspace: 21244K(21632K)->21807K(22080K) NonClass: 19005K(19200K)->19514K(19648K) Class: 2239K(2432K)->2292K(2432K)
[2.077s][info][gc,ergo     ] Pacer for Idle. Initial: 40642K, Alloc Tax Rate: 1.0x
[3.472s][info][gc          ] Trigger: Metadata GC Threshold
[3.473s][info][gc,ergo     ] Free: 1746M, Max: 512K regular, 1746M humongous, Frag: 0% external, 0% internal; Reserve: 101888K, Max: 512K
[3.473s][info][gc,start    ] GC(1) Concurrent reset
[3.473s][info][gc,task     ] GC(1) Using 2 of 8 workers for concurrent reset
[3.473s][info][gc,ergo     ] GC(1) Pacer for Reset. Non-Taxable: 1984M
[3.474s][info][gc          ] GC(1) Concurrent reset 1.180ms
[3.474s][info][gc,start    ] GC(1) Pause Init Mark (unload classes)
[3.474s][info][gc,task     ] GC(1) Using 8 of 8 workers for init marking
[3.474s][info][gc,ergo     ] GC(1) Pacer for Mark. Expected Live: 19599K, Free: 1746M, Non-Taxable: 174M, Alloc Tax Rate: 0.0x
[3.474s][info][gc          ] GC(1) Pause Init Mark (unload classes) 0.063ms
[3.474s][info][gc,start    ] GC(1) Concurrent marking roots
[3.474s][info][gc,task     ] GC(1) Using 2 of 8 workers for concurrent marking roots
[3.475s][info][gc          ] GC(1) Concurrent marking roots 0.879ms
[3.475s][info][gc,start    ] GC(1) Concurrent marking (unload classes)
[3.475s][info][gc,task     ] GC(1) Using 2 of 8 workers for concurrent marking
[3.519s][info][gc          ] GC(1) Concurrent marking (unload classes) 44.247ms
[3.519s][info][gc,start    ] GC(1) Pause Final Mark (unload classes)
[3.519s][info][gc,task     ] GC(1) Using 8 of 8 workers for final marking
[3.525s][info][gc,ergo     ] GC(1) Adaptive CSet Selection. Target Free: 281M, Actual Free: 1847M, Max CSet: 84672K, Min Garbage: 0B
[3.525s][info][gc,ergo     ] GC(1) Collectable Garbage: 64402K (97%), Immediate: 4241K (6%), CSet: 60160K (91%)
[3.525s][info][gc,ergo     ] GC(1) Pacer for Evacuation. Used CSet: 67957K, Free: 1749M, Non-Taxable: 174M, Alloc Tax Rate: 1.1x
[3.525s][info][gc          ] GC(1) Pause Final Mark (unload classes) 5.448ms
[3.525s][info][gc,start    ] GC(1) Concurrent thread roots
[3.525s][info][gc,task     ] GC(1) Using 2 of 8 workers for Concurrent thread roots
[3.525s][info][gc          ] GC(1) Concurrent thread roots 0.177ms
[3.525s][info][gc,start    ] GC(1) Concurrent weak references
[3.525s][info][gc,task     ] GC(1) Using 2 of 8 workers for concurrent weak references
[3.525s][info][gc,ref      ] GC(1) Encountered references: Soft: 4463, Weak: 3072, Final: 21, Phantom: 680
[3.525s][info][gc,ref      ] GC(1) Discovered  references: Soft: 0, Weak: 1253, Final: 16, Phantom: 502
[3.525s][info][gc,ref      ] GC(1) Enqueued    references: Soft: 0, Weak: 494, Final: 0, Phantom: 190
[3.525s][info][gc          ] GC(1) Concurrent weak references 0.322ms
[3.525s][info][gc,start    ] GC(1) Concurrent weak roots
[3.526s][info][gc,task     ] GC(1) Using 2 of 8 workers for concurrent weak root
[3.529s][info][gc          ] GC(1) Concurrent weak roots 3.651ms
[3.529s][info][gc,start    ] GC(1) Concurrent cleanup
[3.529s][info][gc          ] GC(1) Concurrent cleanup 139M->134M(143M) 0.164ms
[3.529s][info][gc,ergo     ] GC(1) Free: 1748M, Max: 512K regular, 1744M humongous, Frag: 1% external, 0% internal; Reserve: 101367K, Max: 512K
[3.529s][info][gc,start    ] GC(1) Concurrent class unloading
[3.529s][info][gc,task     ] GC(1) Using 2 of 8 workers for concurrent class unloading
[3.537s][info][gc          ] GC(1) Concurrent class unloading 7.829ms
[3.537s][info][gc,start    ] GC(1) Concurrent strong roots
[3.537s][info][gc,task     ] GC(1) Using 2 of 8 workers for concurrent strong root
[3.538s][info][gc          ] GC(1) Concurrent strong roots 0.811ms
[3.538s][info][gc,start    ] GC(1) Concurrent evacuation
[3.538s][info][gc,task     ] GC(1) Using 2 of 8 workers for concurrent evacuation
[3.543s][info][gc          ] GC(1) Concurrent evacuation 5.215ms
[3.543s][info][gc,start    ] GC(1) Pause Init Update Refs
[3.543s][info][gc,ergo     ] GC(1) Pacer for Update Refs. Used: 143M, Free: 1747M, Non-Taxable: 174M, Alloc Tax Rate: 1.1x
[3.543s][info][gc          ] GC(1) Pause Init Update Refs 0.036ms
[3.543s][info][gc,start    ] GC(1) Concurrent update references
[3.543s][info][gc,task     ] GC(1) Using 2 of 8 workers for concurrent reference update
[3.574s][info][gc          ] GC(1) Concurrent update references 30.061ms
[3.574s][info][gc,start    ] GC(1) Concurrent update thread roots
[3.574s][info][gc          ] GC(1) Concurrent update thread roots 0.215ms
[3.574s][info][gc,start    ] GC(1) Pause Final Update Refs
[3.574s][info][gc,task     ] GC(1) Using 8 of 8 workers for final reference update
[3.574s][info][gc          ] GC(1) Pause Final Update Refs 0.101ms
[3.574s][info][gc,start    ] GC(1) Concurrent cleanup
[3.574s][info][gc          ] GC(1) Concurrent cleanup 143M->77M(149M) 0.091ms
[3.574s][info][gc,ergo     ] Free: 1805M, Max: 512K regular, 1737M humongous, Frag: 4% external, 0% internal; Reserve: 101888K, Max: 512K
[3.574s][info][gc,stats    ] 
[3.574s][info][gc,stats    ] All times are wall-clock times, except per-root-class counters, that are sum over
[3.574s][info][gc,stats    ] all workers. Dividing the <total> over the root stage time estimates parallelism.
[3.574s][info][gc,stats    ] 
[3.574s][info][gc,stats    ] Concurrent Reset                   1193 us
[3.574s][info][gc,stats    ] Pause Init Mark (G)                 393 us
[3.574s][info][gc,stats    ] Pause Init Mark (N)                  70 us
[3.574s][info][gc,stats    ]   Update Region States               20 us
[3.574s][info][gc,stats    ] Concurrent Mark Roots               888 us, parallelism: 1.49x
[3.574s][info][gc,stats    ]   CMR: <total>                     1324 us
[3.574s][info][gc,stats    ]   CMR: Thread Roots                 922 us, workers (us): 191, 731, ---, ---, ---, ---, ---, ---, 
[3.574s][info][gc,stats    ]   CMR: VM Strong Roots              125 us, workers (us):  60,  64, ---, ---, ---, ---, ---, ---, 
[3.574s][info][gc,stats    ]   CMR: CLDG Roots                   277 us, workers (us): 277, ---, ---, ---, ---, ---, ---, ---, 
[3.574s][info][gc,stats    ] Concurrent Marking                44298 us
[3.574s][info][gc,stats    ] Pause Final Mark (G)               5566 us
[3.574s][info][gc,stats    ] Pause Final Mark (N)               5454 us
[3.574s][info][gc,stats    ]   Finish Mark                      5274 us
[3.574s][info][gc,stats    ]   Update Region States               39 us
[3.574s][info][gc,stats    ]   Choose Collection Set              76 us
[3.574s][info][gc,stats    ]   Rebuild Free Set                   16 us
[3.574s][info][gc,stats    ] Concurrent Thread Roots             194 us, parallelism: 0.94x
[3.574s][info][gc,stats    ]   CTR: <total>                      184 us
[3.574s][info][gc,stats    ]   CTR: Thread Roots                 184 us, workers (us): 100,  84, ---, ---, ---, ---, ---, ---, 
[3.574s][info][gc,stats    ] Concurrent Weak References          336 us, parallelism: 0.92x
[3.574s][info][gc,stats    ]   CWRF: <total>                     310 us
[3.574s][info][gc,stats    ]   CWRF: Weak References             310 us, workers (us): 100, 210, ---, ---, ---, ---, ---, ---, 
[3.574s][info][gc,stats    ] Concurrent Weak Roots              3687 us
[3.574s][info][gc,stats    ]   Roots                            3417 us, parallelism: 1.64x
[3.574s][info][gc,stats    ]     CWR: <total>                   5619 us
[3.574s][info][gc,stats    ]     CWR: Code Cache Roots          3602 us, workers (us): 1845, 1757, ---, ---, ---, ---, ---, ---, 
[3.574s][info][gc,stats    ]     CWR: VM Weak Roots             1992 us, workers (us): 1325, 667, ---, ---, ---, ---, ---, ---, 
[3.574s][info][gc,stats    ]     CWR: CLDG Roots                  25 us, workers (us): ---,  25, ---, ---, ---, ---, ---, ---, 
[3.574s][info][gc,stats    ]   Rendezvous                        203 us
[3.574s][info][gc,stats    ] Concurrent Cleanup                  180 us
[3.574s][info][gc,stats    ] Concurrent Class Unloading         7840 us
[3.574s][info][gc,stats    ]   Unlink Stale                     5888 us
[3.574s][info][gc,stats    ]     System Dictionary                72 us
[3.574s][info][gc,stats    ]     Weak Class Links                  0 us
[3.574s][info][gc,stats    ]     Code Roots                     5814 us
[3.574s][info][gc,stats    ]   Rendezvous                         31 us
[3.574s][info][gc,stats    ]   Purge Unlinked                   1881 us
[3.574s][info][gc,stats    ]     Code Roots                     1873 us
[3.574s][info][gc,stats    ]     CLDG                              7 us
[3.574s][info][gc,stats    ]     Exception Caches                  0 us
[3.574s][info][gc,stats    ] Concurrent Strong Roots             830 us, parallelism: 0.92x
[3.574s][info][gc,stats    ]   CSR: <total>                      761 us
[3.574s][info][gc,stats    ]   CSR: VM Strong Roots               13 us, workers (us):   6,   6, ---, ---, ---, ---, ---, ---, 
[3.574s][info][gc,stats    ]   CSR: CLDG Roots                   748 us, workers (us): 748, ---, ---, ---, ---, ---, ---, ---, 
[3.574s][info][gc,stats    ] Concurrent Evacuation              5243 us
[3.574s][info][gc,stats    ] Pause Init Update Refs (G)          151 us
[3.574s][info][gc,stats    ] Pause Init Update Refs (N)           42 us
[3.574s][info][gc,stats    ]   Manage GCLABs                       6 us
[3.574s][info][gc,stats    ] Concurrent Update Refs            30083 us
[3.574s][info][gc,stats    ] Concurrent Update Thread Roots      223 us
[3.574s][info][gc,stats    ] Pause Final Update Refs (G)         143 us
[3.574s][info][gc,stats    ] Pause Final Update Refs (N)         117 us
[3.574s][info][gc,stats    ]   Update Region States               39 us
[3.574s][info][gc,stats    ]   Trash Collection Set                4 us
[3.574s][info][gc,stats    ]   Rebuild Free Set                   19 us
[3.574s][info][gc,stats    ] Concurrent Cleanup                   98 us
[3.574s][info][gc,stats    ] 
[3.574s][info][gc,stats    ] Allocation pacing accrued:
[3.574s][info][gc,stats    ]       0 of  1497 ms (  0.0%): <total>
[3.574s][info][gc,stats    ]       0 of  1497 ms (  0.0%): <average total>
[3.574s][info][gc,stats    ] 
[3.574s][info][gc,metaspace] Metaspace: 36438K(36864K)->37076K(37504K) NonClass: 32242K(32512K)->32793K(33024K) Class: 4195K(4352K)->4283K(4480K)
[3.574s][info][gc,ergo     ] Pacer for Idle. Initial: 40642K, Alloc Tax Rate: 1.0x
[51.939s][info][gc          ] Trigger: Metadata GC Threshold
[51.939s][info][gc,ergo     ] Free: 1629M, Max: 512K regular, 1629M humongous, Frag: 0% external, 0% internal; Reserve: 101888K, Max: 512K
[51.939s][info][gc,start    ] GC(2) Concurrent reset
[51.939s][info][gc,task     ] GC(2) Using 2 of 8 workers for concurrent reset
[51.939s][info][gc,ergo     ] GC(2) Pacer for Reset. Non-Taxable: 1984M
[51.940s][info][gc          ] GC(2) Concurrent reset 1.412ms
[51.940s][info][gc,start    ] GC(2) Pause Init Mark (unload classes)
[51.940s][info][gc,task     ] GC(2) Using 8 of 8 workers for init marking
[51.940s][info][gc,ergo     ] GC(2) Pacer for Mark. Expected Live: 46330K, Free: 1629M, Non-Taxable: 162M, Alloc Tax Rate: 0.0x
[51.940s][info][gc          ] GC(2) Pause Init Mark (unload classes) 0.061ms
[51.942s][info][gc,start    ] GC(2) Concurrent marking roots
[51.942s][info][gc,task     ] GC(2) Using 2 of 8 workers for concurrent marking roots
[51.945s][info][gc          ] GC(2) Concurrent marking roots 3.140ms
[51.945s][info][gc,start    ] GC(2) Concurrent marking (unload classes)
[51.945s][info][gc,task     ] GC(2) Using 2 of 8 workers for concurrent marking
[52.175s][info][gc          ] GC(2) Concurrent marking (unload classes) 230.374ms
[52.175s][info][gc,start    ] GC(2) Pause Final Mark (unload classes)
[52.175s][info][gc,task     ] GC(2) Using 8 of 8 workers for final marking
[52.188s][info][gc,ergo     ] GC(2) Adaptive CSet Selection. Target Free: 281M, Actual Free: 1731M, Max CSet: 84672K, Min Garbage: 0B
[52.188s][info][gc,ergo     ] GC(2) Collectable Garbage: 171M (99%), Immediate: 28803K (16%), CSet: 143M (82%)
[52.188s][info][gc,ergo     ] GC(2) Pacer for Evacuation. Used CSet: 151M, Free: 1634M, Non-Taxable: 163M, Alloc Tax Rate: 1.1x
[52.188s][info][gc          ] GC(2) Pause Final Mark (unload classes) 12.486ms
[52.188s][info][gc,start    ] GC(2) Concurrent thread roots
[52.188s][info][gc,task     ] GC(2) Using 2 of 8 workers for Concurrent thread roots
[52.189s][info][gc          ] GC(2) Concurrent thread roots 0.864ms
[52.189s][info][gc,start    ] GC(2) Concurrent weak references
[52.189s][info][gc,task     ] GC(2) Using 2 of 8 workers for concurrent weak references
[52.190s][info][gc,ref      ] GC(2) Encountered references: Soft: 4894, Weak: 5814, Final: 55, Phantom: 1333
[52.190s][info][gc,ref      ] GC(2) Discovered  references: Soft: 0, Weak: 1752, Final: 10, Phantom: 1135
[52.190s][info][gc,ref      ] GC(2) Enqueued    references: Soft: 0, Weak: 955, Final: 8, Phantom: 740
[52.190s][info][gc          ] GC(2) Concurrent weak references 0.821ms
[52.190s][info][gc,start    ] GC(2) Concurrent weak roots
[52.190s][info][gc,task     ] GC(2) Using 2 of 8 workers for concurrent weak root
[52.196s][info][gc          ] GC(2) Concurrent weak roots 6.164ms
[52.196s][info][gc,start    ] GC(2) Concurrent cleanup
[52.196s][info][gc          ] GC(2) Concurrent cleanup 280M->252M(285M) 0.136ms
[52.196s][info][gc,ergo     ] GC(2) Free: 1631M, Max: 512K regular, 1601M humongous, Frag: 2% external, 0% internal; Reserve: 100779K, Max: 512K
[52.196s][info][gc,start    ] GC(2) Concurrent class unloading
[52.196s][info][gc,task     ] GC(2) Using 2 of 8 workers for concurrent class unloading
[52.258s][info][gc          ] GC(2) Concurrent class unloading 61.717ms
[52.258s][info][gc,start    ] GC(2) Concurrent strong roots
[52.258s][info][gc,task     ] GC(2) Using 2 of 8 workers for concurrent strong root
[52.262s][info][gc          ] GC(2) Concurrent strong roots 4.320ms
[52.262s][info][gc,start    ] GC(2) Concurrent evacuation
[52.262s][info][gc,task     ] GC(2) Using 2 of 8 workers for concurrent evacuation
[52.290s][info][gc          ] GC(2) Concurrent evacuation 27.707ms
[52.290s][info][gc,start    ] GC(2) Pause Init Update Refs
[52.290s][info][gc,ergo     ] GC(2) Pacer for Update Refs. Used: 269M, Free: 1622M, Non-Taxable: 162M, Alloc Tax Rate: 1.1x
[52.290s][info][gc          ] GC(2) Pause Init Update Refs 0.042ms
[52.290s][info][gc,start    ] GC(2) Concurrent update references
[52.290s][info][gc,task     ] GC(2) Using 2 of 8 workers for concurrent reference update
[52.443s][info][gc          ] GC(2) Concurrent update references 152.597ms
[52.443s][info][gc,start    ] GC(2) Concurrent update thread roots
[52.460s][info][gc          ] GC(2) Concurrent update thread roots 17.082ms
[52.460s][info][gc,start    ] GC(2) Pause Final Update Refs
[52.460s][info][gc,task     ] GC(2) Using 8 of 8 workers for final reference update
[52.460s][info][gc          ] GC(2) Pause Final Update Refs 0.094ms
[52.460s][info][gc,start    ] GC(2) Concurrent cleanup
[52.460s][info][gc          ] GC(2) Concurrent cleanup 274M->122M(293M) 0.065ms
[52.460s][info][gc,ergo     ] Free: 1760M, Max: 512K regular, 1593M humongous, Frag: 10% external, 0% internal; Reserve: 101888K, Max: 512K
[52.460s][info][gc,stats    ] 
[52.460s][info][gc,stats    ] All times are wall-clock times, except per-root-class counters, that are sum over
[52.460s][info][gc,stats    ] all workers. Dividing the <total> over the root stage time estimates parallelism.
[52.460s][info][gc,stats    ] 
[52.460s][info][gc,stats    ] Concurrent Reset                   1433 us
[52.460s][info][gc,stats    ] Pause Init Mark (G)                1514 us
[52.460s][info][gc,stats    ] Pause Init Mark (N)                  68 us
[52.460s][info][gc,stats    ]   Update Region States               25 us
[52.460s][info][gc,stats    ] Concurrent Mark Roots              3161 us, parallelism: 1.40x
[52.460s][info][gc,stats    ]   CMR: <total>                     4440 us
[52.460s][info][gc,stats    ]   CMR: Thread Roots                3209 us, workers (us): 1512, 1698, ---, ---, ---, ---, ---, ---, 
[52.460s][info][gc,stats    ]   CMR: VM Strong Roots              845 us, workers (us): 341, 504, ---, ---, ---, ---, ---, ---, 
[52.460s][info][gc,stats    ]   CMR: CLDG Roots                   386 us, workers (us): 386, ---, ---, ---, ---, ---, ---, ---, 
[52.460s][info][gc,stats    ] Concurrent Marking               230396 us
[52.460s][info][gc,stats    ] Pause Final Mark (G)              12610 us
[52.460s][info][gc,stats    ] Pause Final Mark (N)              12494 us
[52.460s][info][gc,stats    ]   Finish Mark                     12276 us
[52.460s][info][gc,stats    ]   Update Region States               44 us
[52.460s][info][gc,stats    ]   Choose Collection Set             105 us
[52.460s][info][gc,stats    ]   Rebuild Free Set                   19 us
[52.460s][info][gc,stats    ] Concurrent Thread Roots             889 us, parallelism: 0.92x
[52.460s][info][gc,stats    ]   CTR: <total>                      817 us
[52.460s][info][gc,stats    ]   CTR: Thread Roots                 817 us, workers (us): 817,   0, ---, ---, ---, ---, ---, ---, 
[52.460s][info][gc,stats    ] Concurrent Weak References          829 us, parallelism: 0.70x
[52.460s][info][gc,stats    ]   CWRF: <total>                     579 us
[52.460s][info][gc,stats    ]   CWRF: Weak References             579 us, workers (us): 579,   0, ---, ---, ---, ---, ---, ---, 
[52.460s][info][gc,stats    ] Concurrent Weak Roots              6194 us
[52.460s][info][gc,stats    ]   Roots                            5964 us, parallelism: 1.33x
[52.460s][info][gc,stats    ]     CWR: <total>                   7918 us
[52.460s][info][gc,stats    ]     CWR: Code Cache Roots          1978 us, workers (us):   0, 1978, ---, ---, ---, ---, ---, ---, 
[52.460s][info][gc,stats    ]     CWR: VM Weak Roots             5884 us, workers (us): 5866,  18, ---, ---, ---, ---, ---, ---, 
[52.460s][info][gc,stats    ]     CWR: CLDG Roots                  56 us, workers (us): ---,  56, ---, ---, ---, ---, ---, ---, 
[52.460s][info][gc,stats    ]   Rendezvous                        184 us
[52.460s][info][gc,stats    ] Concurrent Cleanup                  142 us
[52.460s][info][gc,stats    ] Concurrent Class Unloading        61739 us
[52.460s][info][gc,stats    ]   Unlink Stale                    23620 us
[52.460s][info][gc,stats    ]     System Dictionary               215 us
[52.460s][info][gc,stats    ]     Weak Class Links              14351 us
[52.460s][info][gc,stats    ]     Code Roots                     9052 us
[52.460s][info][gc,stats    ]   Rendezvous                      13713 us
[52.460s][info][gc,stats    ]   Purge Unlinked                  24366 us
[52.460s][info][gc,stats    ]     Code Roots                    23210 us
[52.460s][info][gc,stats    ]     CLDG                           1155 us
[52.460s][info][gc,stats    ]     Exception Caches                  0 us
[52.460s][info][gc,stats    ] Concurrent Strong Roots            4341 us, parallelism: 0.37x
[52.460s][info][gc,stats    ]   CSR: <total>                     1623 us
[52.460s][info][gc,stats    ]   CSR: VM Strong Roots               56 us, workers (us):  56,   0, ---, ---, ---, ---, ---, ---, 
[52.460s][info][gc,stats    ]   CSR: CLDG Roots                  1567 us, workers (us): 1567, ---, ---, ---, ---, ---, ---, ---, 
[52.460s][info][gc,stats    ] Concurrent Evacuation             27730 us
[52.460s][info][gc,stats    ] Pause Init Update Refs (G)          138 us
[52.460s][info][gc,stats    ] Pause Init Update Refs (N)           48 us
[52.460s][info][gc,stats    ]   Manage GCLABs                      22 us
[52.460s][info][gc,stats    ] Concurrent Update Refs           152618 us
[52.460s][info][gc,stats    ] Concurrent Update Thread Roots    17106 us
[52.460s][info][gc,stats    ] Pause Final Update Refs (G)         195 us
[52.460s][info][gc,stats    ] Pause Final Update Refs (N)         102 us
[52.460s][info][gc,stats    ]   Update Region States               52 us
[52.460s][info][gc,stats    ]   Trash Collection Set                5 us
[52.460s][info][gc,stats    ]   Rebuild Free Set                   18 us
[52.460s][info][gc,stats    ] Concurrent Cleanup                   72 us
[52.460s][info][gc,stats    ] 
[52.460s][info][gc,stats    ] Allocation pacing accrued:
[52.460s][info][gc,stats    ]       0 of 48886 ms (  0.0%): <total>
[52.460s][info][gc,stats    ]       0 of 48886 ms (  0.0%): <average total>
[52.460s][info][gc,stats    ] 
[52.460s][info][gc,metaspace] Metaspace: 62037K(62592K)->62288K(62848K) NonClass: 54835K(55168K)->55087K(55424K) Class: 7202K(7424K)->7200K(7424K)
[52.460s][info][gc,ergo     ] Pacer for Idle. Initial: 40642K, Alloc Tax Rate: 1.0x
[69.320s][info][gc          ] Trigger: Learning 4 of 5. Free (1389M) is below initial threshold (1389M)
[69.320s][info][gc,ergo     ] Free: 1389M, Max: 512K regular, 1389M humongous, Frag: 0% external, 0% internal; Reserve: 101888K, Max: 512K
[69.320s][info][gc,start    ] GC(3) Concurrent reset
[69.320s][info][gc,task     ] GC(3) Using 2 of 8 workers for concurrent reset
[69.320s][info][gc,ergo     ] GC(3) Pacer for Reset. Non-Taxable: 1984M
[69.323s][info][gc          ] GC(3) Concurrent reset 3.047ms
[69.324s][info][gc,start    ] GC(3) Pause Init Mark (unload classes)
[69.324s][info][gc,task     ] GC(3) Using 8 of 8 workers for init marking
[69.324s][info][gc,ergo     ] GC(3) Pacer for Mark. Expected Live: 57560K, Free: 1389M, Non-Taxable: 138M, Alloc Tax Rate: 0.0x
[69.324s][info][gc          ] GC(3) Pause Init Mark (unload classes) 0.097ms
[69.325s][info][gc,start    ] GC(3) Concurrent marking roots
[69.325s][info][gc,task     ] GC(3) Using 2 of 8 workers for concurrent marking roots
[69.328s][info][gc          ] GC(3) Concurrent marking roots 3.130ms
[69.328s][info][gc,start    ] GC(3) Concurrent marking (unload classes)
[69.328s][info][gc,task     ] GC(3) Using 2 of 8 workers for concurrent marking
[69.789s][info][gc          ] GC(3) Concurrent marking (unload classes) 461.294ms
[69.789s][info][gc,start    ] GC(3) Pause Final Mark (unload classes)
[69.789s][info][gc,task     ] GC(3) Using 8 of 8 workers for final marking
[69.789s][info][gc,ergo     ] GC(3) Adaptive CSet Selection. Target Free: 281M, Actual Free: 1466M, Max CSet: 84672K, Min Garbage: 0B
[69.790s][info][gc,ergo     ] GC(3) Collectable Garbage: 401M (99%), Immediate: 8704K (2%), CSet: 393M (97%)
[69.790s][info][gc,ergo     ] GC(3) Pacer for Evacuation. Used CSet: 406M, Free: 1367M, Non-Taxable: 136M, Alloc Tax Rate: 1.1x
[69.790s][info][gc          ] GC(3) Pause Final Mark (unload classes) 0.415ms
[69.790s][info][gc,start    ] GC(3) Concurrent thread roots
[69.790s][info][gc,task     ] GC(3) Using 2 of 8 workers for Concurrent thread roots
[69.790s][info][gc          ] GC(3) Concurrent thread roots 0.515ms
[69.790s][info][gc,start    ] GC(3) Concurrent weak references
[69.790s][info][gc,task     ] GC(3) Using 2 of 8 workers for concurrent weak references
[69.790s][info][gc,ref      ] GC(3) Encountered references: Soft: 4899, Weak: 4898, Final: 47, Phantom: 614
[69.790s][info][gc,ref      ] GC(3) Discovered  references: Soft: 0, Weak: 302, Final: 0, Phantom: 416
[69.790s][info][gc,ref      ] GC(3) Enqueued    references: Soft: 0, Weak: 5, Final: 0, Phantom: 3
[69.790s][info][gc          ] GC(3) Concurrent weak references 0.123ms
[69.790s][info][gc,start    ] GC(3) Concurrent weak roots
[69.790s][info][gc,task     ] GC(3) Using 2 of 8 workers for concurrent weak root
[69.793s][info][gc          ] GC(3) Concurrent weak roots 3.153ms
[69.794s][info][gc,start    ] GC(3) Concurrent cleanup
[69.794s][info][gc          ] GC(3) Concurrent cleanup 525M->516M(529M) 0.134ms
[69.794s][info][gc,ergo     ] GC(3) Free: 1366M, Max: 512K regular, 1358M humongous, Frag: 1% external, 0% internal; Reserve: 101376K, Max: 512K
[69.794s][info][gc,start    ] GC(3) Concurrent class unloading
[69.794s][info][gc,task     ] GC(3) Using 2 of 8 workers for concurrent class unloading
[69.920s][info][gc          ] GC(3) Concurrent class unloading 126.292ms
[69.920s][info][gc,start    ] GC(3) Concurrent strong roots
[69.920s][info][gc,task     ] GC(3) Using 2 of 8 workers for concurrent strong root
[69.921s][info][gc          ] GC(3) Concurrent strong roots 0.976ms
[69.921s][info][gc,start    ] GC(3) Concurrent evacuation
[69.921s][info][gc,task     ] GC(3) Using 2 of 8 workers for concurrent evacuation
[69.969s][info][gc          ] GC(3) Concurrent evacuation 48.386ms
[69.970s][info][gc,start    ] GC(3) Pause Init Update Refs
[69.970s][info][gc,ergo     ] GC(3) Pacer for Update Refs. Used: 545M, Free: 1352M, Non-Taxable: 135M, Alloc Tax Rate: 1.1x
[69.970s][info][gc          ] GC(3) Pause Init Update Refs 0.091ms
[69.971s][info][gc,start    ] GC(3) Concurrent update references
[69.971s][info][gc,task     ] GC(3) Using 2 of 8 workers for concurrent reference update
[70.192s][info][gc          ] GC(3) Concurrent update references 220.411ms
[70.192s][info][gc,start    ] GC(3) Concurrent update thread roots
[70.193s][info][gc          ] GC(3) Concurrent update thread roots 1.573ms
[70.194s][info][gc,start    ] GC(3) Pause Final Update Refs
[70.194s][info][gc,task     ] GC(3) Using 8 of 8 workers for final reference update
[70.194s][info][gc          ] GC(3) Pause Final Update Refs 0.124ms
[70.194s][info][gc,start    ] GC(3) Concurrent cleanup
[70.194s][info][gc          ] GC(3) Concurrent cleanup 551M->144M(554M) 0.154ms
[70.194s][info][gc,ergo     ] Free: 1738M, Max: 512K regular, 1334M humongous, Frag: 24% external, 0% internal; Reserve: 101888K, Max: 512K
[70.194s][info][gc,stats    ] 
[70.194s][info][gc,stats    ] All times are wall-clock times, except per-root-class counters, that are sum over
[70.194s][info][gc,stats    ] all workers. Dividing the <total> over the root stage time estimates parallelism.
[70.194s][info][gc,stats    ] 
[70.194s][info][gc,stats    ] Concurrent Reset                   3077 us
[70.194s][info][gc,stats    ] Pause Init Mark (G)                1613 us
[70.194s][info][gc,stats    ] Pause Init Mark (N)                 104 us
[70.194s][info][gc,stats    ]   Update Region States               39 us
[70.194s][info][gc,stats    ] Concurrent Mark Roots              3150 us, parallelism: 0.40x
[70.194s][info][gc,stats    ]   CMR: <total>                     1272 us
[70.194s][info][gc,stats    ]   CMR: Thread Roots                1033 us, workers (us): 1033,   0, ---, ---, ---, ---, ---, ---, 
[70.194s][info][gc,stats    ]   CMR: VM Strong Roots               27 us, workers (us):  27,   0, ---, ---, ---, ---, ---, ---, 
[70.194s][info][gc,stats    ]   CMR: CLDG Roots                   212 us, workers (us): 212, ---, ---, ---, ---, ---, ---, ---, 
[70.194s][info][gc,stats    ] Concurrent Marking               461329 us
[70.194s][info][gc,stats    ] Pause Final Mark (G)                508 us
[70.194s][info][gc,stats    ] Pause Final Mark (N)                424 us
[70.194s][info][gc,stats    ]   Finish Mark                       120 us
[70.194s][info][gc,stats    ]   Update Region States               44 us
[70.194s][info][gc,stats    ]   Choose Collection Set             161 us
[70.194s][info][gc,stats    ]   Rebuild Free Set                   21 us
[70.194s][info][gc,stats    ] Concurrent Thread Roots             527 us, parallelism: 1.74x
[70.194s][info][gc,stats    ]   CTR: <total>                      918 us
[70.194s][info][gc,stats    ]   CTR: Thread Roots                 918 us, workers (us): 452, 466, ---, ---, ---, ---, ---, ---, 
[70.194s][info][gc,stats    ] Concurrent Weak References          129 us, parallelism: 0.86x
[70.194s][info][gc,stats    ]   CWRF: <total>                     110 us
[70.194s][info][gc,stats    ]   CWRF: Weak References             110 us, workers (us):  80,  30, ---, ---, ---, ---, ---, ---, 
[70.194s][info][gc,stats    ] Concurrent Weak Roots              3176 us
[70.194s][info][gc,stats    ]   Roots                            3051 us, parallelism: 1.91x
[70.194s][info][gc,stats    ]     CWR: <total>                   5824 us
[70.194s][info][gc,stats    ]     CWR: Code Cache Roots          4597 us, workers (us): 2315, 2282, ---, ---, ---, ---, ---, ---, 
[70.194s][info][gc,stats    ]     CWR: VM Weak Roots             1188 us, workers (us): 593, 595, ---, ---, ---, ---, ---, ---, 
[70.194s][info][gc,stats    ]     CWR: CLDG Roots                  39 us, workers (us):  39, ---, ---, ---, ---, ---, ---, ---, 
[70.194s][info][gc,stats    ]   Rendezvous                         88 us
[70.194s][info][gc,stats    ] Concurrent Cleanup                  142 us
[70.194s][info][gc,stats    ] Concurrent Class Unloading       126321 us
[70.194s][info][gc,stats    ]   Unlink Stale                    26594 us
[70.194s][info][gc,stats    ]     System Dictionary                70 us
[70.194s][info][gc,stats    ]     Weak Class Links                  0 us
[70.194s][info][gc,stats    ]     Code Roots                    26522 us
[70.194s][info][gc,stats    ]   Rendezvous                        231 us
[70.194s][info][gc,stats    ]   Purge Unlinked                  99434 us
[70.194s][info][gc,stats    ]     Code Roots                    99253 us
[70.194s][info][gc,stats    ]     CLDG                            179 us
[70.194s][info][gc,stats    ]     Exception Caches                  0 us
[70.194s][info][gc,stats    ] Concurrent Strong Roots             997 us, parallelism: 0.40x
[70.194s][info][gc,stats    ]   CSR: <total>                      401 us
[70.194s][info][gc,stats    ]   CSR: VM Strong Roots               14 us, workers (us):  14,   1, ---, ---, ---, ---, ---, ---, 
[70.194s][info][gc,stats    ]   CSR: CLDG Roots                   386 us, workers (us): 386, ---, ---, ---, ---, ---, ---, ---, 
[70.194s][info][gc,stats    ] Concurrent Evacuation             48426 us
[70.194s][info][gc,stats    ] Pause Init Update Refs (G)         1925 us
[70.194s][info][gc,stats    ] Pause Init Update Refs (N)          107 us
[70.194s][info][gc,stats    ]   Manage GCLABs                      33 us
[70.194s][info][gc,stats    ] Concurrent Update Refs           220439 us
[70.194s][info][gc,stats    ] Concurrent Update Thread Roots     1608 us
[70.194s][info][gc,stats    ] Pause Final Update Refs (G)         404 us
[70.194s][info][gc,stats    ] Pause Final Update Refs (N)         132 us
[70.194s][info][gc,stats    ]   Update Region States               50 us
[70.194s][info][gc,stats    ]   Trash Collection Set                8 us
[70.194s][info][gc,stats    ]   Rebuild Free Set                   30 us
[70.194s][info][gc,stats    ] Concurrent Cleanup                  162 us
[70.194s][info][gc,stats    ] 
[70.194s][info][gc,stats    ] Allocation pacing accrued:
[70.194s][info][gc,stats    ]       0 of 17734 ms (  0.0%): <total>
[70.194s][info][gc,stats    ]       0 of 17734 ms (  0.0%): <average total>
[70.194s][info][gc,stats    ] 
[70.194s][info][gc,metaspace] Metaspace: 64282K(64832K)->64284K(64832K) NonClass: 57071K(57408K)->57073K(57408K) Class: 7211K(7424K)->7211K(7424K)
[70.194s][info][gc,ergo     ] Pacer for Idle. Initial: 40642K, Alloc Tax Rate: 1.0x
[81.704s][info][gc          ] Trigger: Learning 5 of 5. Free (1389M) is below initial threshold (1389M)
[81.704s][info][gc,ergo     ] Free: 1389M, Max: 512K regular, 1334M humongous, Frag: 4% external, 0% internal; Reserve: 101888K, Max: 512K
[81.704s][info][gc,start    ] GC(4) Concurrent reset
[81.704s][info][gc,task     ] GC(4) Using 2 of 8 workers for concurrent reset
[81.704s][info][gc,ergo     ] GC(4) Pacer for Reset. Non-Taxable: 1984M
[81.707s][info][gc          ] GC(4) Concurrent reset 3.286ms
[81.708s][info][gc,start    ] GC(4) Pause Init Mark (unload classes)
[81.708s][info][gc,task     ] GC(4) Using 8 of 8 workers for init marking
[81.708s][info][gc,ergo     ] GC(4) Pacer for Mark. Expected Live: 66167K, Free: 1389M, Non-Taxable: 138M, Alloc Tax Rate: 0.1x
[81.708s][info][gc          ] GC(4) Pause Init Mark (unload classes) 0.110ms
[81.709s][info][gc,start    ] GC(4) Concurrent marking roots
[81.709s][info][gc,task     ] GC(4) Using 2 of 8 workers for concurrent marking roots
[81.710s][info][gc          ] GC(4) Concurrent marking roots 0.919ms
[81.710s][info][gc,start    ] GC(4) Concurrent marking (unload classes)
[81.710s][info][gc,task     ] GC(4) Using 2 of 8 workers for concurrent marking
[82.063s][info][gc          ] GC(4) Concurrent marking (unload classes) 353.452ms
[82.063s][info][gc,start    ] GC(4) Pause Final Mark (unload classes)
[82.063s][info][gc,task     ] GC(4) Using 8 of 8 workers for final marking
[82.064s][info][gc,ergo     ] GC(4) Adaptive CSet Selection. Target Free: 281M, Actual Free: 1468M, Max CSet: 84672K, Min Garbage: 0B
[82.064s][info][gc,ergo     ] GC(4) Collectable Garbage: 390M (99%), Immediate: 8192K (2%), CSet: 382M (97%)
[82.064s][info][gc,ergo     ] GC(4) Pacer for Evacuation. Used CSet: 395M, Free: 1369M, Non-Taxable: 136M, Alloc Tax Rate: 1.1x
[82.064s][info][gc          ] GC(4) Pause Final Mark (unload classes) 0.448ms
[82.064s][info][gc,start    ] GC(4) Concurrent thread roots
[82.064s][info][gc,task     ] GC(4) Using 2 of 8 workers for Concurrent thread roots
[82.065s][info][gc          ] GC(4) Concurrent thread roots 1.596ms
[82.065s][info][gc,start    ] GC(4) Concurrent weak references
[82.065s][info][gc,task     ] GC(4) Using 2 of 8 workers for concurrent weak references
[82.066s][info][gc,ref      ] GC(4) Encountered references: Soft: 4900, Weak: 4927, Final: 47, Phantom: 617
[82.066s][info][gc,ref      ] GC(4) Discovered  references: Soft: 0, Weak: 296, Final: 0, Phantom: 419
[82.066s][info][gc,ref      ] GC(4) Enqueued    references: Soft: 0, Weak: 9, Final: 0, Phantom: 5
[82.066s][info][gc          ] GC(4) Concurrent weak references 0.493ms
[82.066s][info][gc,start    ] GC(4) Concurrent weak roots
[82.066s][info][gc,task     ] GC(4) Using 2 of 8 workers for concurrent weak root
[82.071s][info][gc          ] GC(4) Concurrent weak roots 4.581ms
[82.071s][info][gc,start    ] GC(4) Concurrent cleanup
[82.071s][info][gc          ] GC(4) Concurrent cleanup 523M->515M(554M) 0.123ms
[82.071s][info][gc,ergo     ] GC(4) Free: 1367M, Max: 512K regular, 1334M humongous, Frag: 3% external, 0% internal; Reserve: 101369K, Max: 512K
[82.071s][info][gc,start    ] GC(4) Concurrent class unloading
[82.071s][info][gc,task     ] GC(4) Using 2 of 8 workers for concurrent class unloading
[82.104s][info][gc          ] GC(4) Concurrent class unloading 33.533ms
[82.104s][info][gc,start    ] GC(4) Concurrent strong roots
[82.104s][info][gc,task     ] GC(4) Using 2 of 8 workers for concurrent strong root
[82.105s][info][gc          ] GC(4) Concurrent strong roots 0.928ms
[82.105s][info][gc,start    ] GC(4) Concurrent evacuation
[82.106s][info][gc,task     ] GC(4) Using 2 of 8 workers for concurrent evacuation
[82.189s][info][gc          ] GC(4) Concurrent evacuation 84.076ms
[82.189s][info][gc,start    ] GC(4) Pause Init Update Refs
[82.189s][info][gc,ergo     ] GC(4) Pacer for Update Refs. Used: 543M, Free: 1354M, Non-Taxable: 135M, Alloc Tax Rate: 1.1x
[82.189s][info][gc          ] GC(4) Pause Init Update Refs 0.066ms
[82.190s][info][gc,start    ] GC(4) Concurrent update references
[82.190s][info][gc,task     ] GC(4) Using 2 of 8 workers for concurrent reference update
[82.396s][info][gc          ] GC(4) Concurrent update references 206.265ms
[82.396s][info][gc,start    ] GC(4) Concurrent update thread roots
[82.397s][info][gc          ] GC(4) Concurrent update thread roots 0.665ms
[82.397s][info][gc,start    ] GC(4) Pause Final Update Refs
[82.397s][info][gc,task     ] GC(4) Using 8 of 8 workers for final reference update
[82.397s][info][gc          ] GC(4) Pause Final Update Refs 0.134ms
[82.397s][info][gc,start    ] GC(4) Concurrent cleanup
[82.397s][info][gc          ] GC(4) Concurrent cleanup 548M->152M(566M) 0.143ms
[82.397s][info][gc,ergo     ] Free: 1730M, Max: 512K regular, 1376M humongous, Frag: 21% external, 0% internal; Reserve: 101888K, Max: 512K
[82.397s][info][gc,stats    ] 
[82.397s][info][gc,stats    ] All times are wall-clock times, except per-root-class counters, that are sum over
[82.397s][info][gc,stats    ] all workers. Dividing the <total> over the root stage time estimates parallelism.
[82.397s][info][gc,stats    ] 
[82.397s][info][gc,stats    ] Concurrent Reset                   3319 us
[82.397s][info][gc,stats    ] Pause Init Mark (G)                1680 us
[82.397s][info][gc,stats    ] Pause Init Mark (N)                 118 us
[82.397s][info][gc,stats    ]   Update Region States               45 us
[82.397s][info][gc,stats    ] Concurrent Mark Roots               937 us, parallelism: 1.20x
[82.397s][info][gc,stats    ]   CMR: <total>                     1124 us
[82.397s][info][gc,stats    ]   CMR: Thread Roots                 931 us, workers (us): 463, 467, ---, ---, ---, ---, ---, ---, 
[82.397s][info][gc,stats    ]   CMR: VM Strong Roots               53 us, workers (us):  53,   1, ---, ---, ---, ---, ---, ---, 
[82.397s][info][gc,stats    ]   CMR: CLDG Roots                   139 us, workers (us): 139, ---, ---, ---, ---, ---, ---, ---, 
[82.398s][info][gc,stats    ] Concurrent Marking               353485 us
[82.398s][info][gc,stats    ] Pause Final Mark (G)                523 us
[82.398s][info][gc,stats    ] Pause Final Mark (N)                455 us
[82.398s][info][gc,stats    ]   Finish Mark                       180 us
[82.398s][info][gc,stats    ]   Update Region States               45 us
[82.398s][info][gc,stats    ]   Choose Collection Set             148 us
[82.398s][info][gc,stats    ]   Rebuild Free Set                   21 us
[82.398s][info][gc,stats    ] Concurrent Thread Roots            1617 us, parallelism: 1.00x
[82.398s][info][gc,stats    ]   CTR: <total>                     1624 us
[82.398s][info][gc,stats    ]   CTR: Thread Roots                1624 us, workers (us): 678, 946, ---, ---, ---, ---, ---, ---, 
[82.398s][info][gc,stats    ] Concurrent Weak References          500 us, parallelism: 0.23x
[82.398s][info][gc,stats    ]   CWRF: <total>                     113 us
[82.398s][info][gc,stats    ]   CWRF: Weak References             113 us, workers (us): 113,   1, ---, ---, ---, ---, ---, ---, 
[82.398s][info][gc,stats    ] Concurrent Weak Roots              4603 us
[82.398s][info][gc,stats    ]   Roots                            4055 us, parallelism: 1.32x
[82.398s][info][gc,stats    ]     CWR: <total>                   5370 us
[82.398s][info][gc,stats    ]     CWR: Code Cache Roots          4116 us, workers (us): 2091, 2025, ---, ---, ---, ---, ---, ---, 
[82.398s][info][gc,stats    ]     CWR: VM Weak Roots             1205 us, workers (us): 607, 598, ---, ---, ---, ---, ---, ---, 
[82.398s][info][gc,stats    ]     CWR: CLDG Roots                  50 us, workers (us): ---,  50, ---, ---, ---, ---, ---, ---, 
[82.398s][info][gc,stats    ]   Rendezvous                        509 us
[82.398s][info][gc,stats    ] Concurrent Cleanup                  130 us
[82.398s][info][gc,stats    ] Concurrent Class Unloading        33553 us
[82.398s][info][gc,stats    ]   Unlink Stale                    16847 us
[82.398s][info][gc,stats    ]     System Dictionary                86 us
[82.398s][info][gc,stats    ]     Weak Class Links                  0 us
[82.398s][info][gc,stats    ]     Code Roots                    16759 us
[82.398s][info][gc,stats    ]   Rendezvous                        129 us
[82.398s][info][gc,stats    ]   Purge Unlinked                  16539 us
[82.398s][info][gc,stats    ]     Code Roots                    16482 us
[82.398s][info][gc,stats    ]     CLDG                             56 us
[82.398s][info][gc,stats    ]     Exception Caches                  0 us
[82.398s][info][gc,stats    ] Concurrent Strong Roots             947 us, parallelism: 0.61x
[82.398s][info][gc,stats    ]   CSR: <total>                      578 us
[82.398s][info][gc,stats    ]   CSR: VM Strong Roots               25 us, workers (us):  25,   1, ---, ---, ---, ---, ---, ---, 
[82.398s][info][gc,stats    ]   CSR: CLDG Roots                   553 us, workers (us): 553, ---, ---, ---, ---, ---, ---, ---, 
[82.398s][info][gc,stats    ] Concurrent Evacuation             84109 us
[82.398s][info][gc,stats    ] Pause Init Update Refs (G)          522 us
[82.398s][info][gc,stats    ] Pause Init Update Refs (N)           74 us
[82.398s][info][gc,stats    ]   Manage GCLABs                      26 us
[82.398s][info][gc,stats    ] Concurrent Update Refs           206299 us
[82.398s][info][gc,stats    ] Concurrent Update Thread Roots      691 us
[82.398s][info][gc,stats    ] Pause Final Update Refs (G)         350 us
[82.398s][info][gc,stats    ] Pause Final Update Refs (N)         143 us
[82.398s][info][gc,stats    ]   Update Region States               66 us
[82.398s][info][gc,stats    ]   Trash Collection Set               10 us
[82.398s][info][gc,stats    ]   Rebuild Free Set                   20 us
[82.398s][info][gc,stats    ] Concurrent Cleanup                  153 us
[82.398s][info][gc,stats    ] 
[82.398s][info][gc,stats    ] Allocation pacing accrued:
[82.398s][info][gc,stats    ]       0 of 12203 ms (  0.0%): <total>
[82.398s][info][gc,stats    ]       0 of 12203 ms (  0.0%): <average total>
[82.398s][info][gc,stats    ] 
[82.398s][info][gc,metaspace] Metaspace: 66323K(66880K)->66324K(66880K) NonClass: 58940K(59200K)->58941K(59200K) Class: 7382K(7680K)->7382K(7680K)
[82.398s][info][gc,ergo     ] Pacer for Idle. Initial: 40642K, Alloc Tax Rate: 1.0x
