[0.009s][info][gc] Heuristics ergonomically sets -XX:+ExplicitGCInvokesConcurrent
[0.009s][info][gc] Heuristics ergonomically sets -XX:+ShenandoahImplicitGCInvokesConcurrent
[0.009s][info][gc] Using Shenandoah
[0.011s][info][gc,ergo] Pacer for Idle. Initial: 40642K, Alloc Tax Rate: 1.0x
[0.011s][info][gc,init] Version: 21.0.7+6-Ubuntu-0ubuntu122.04 (release)
[0.011s][info][gc,init] CPUs: 4 total, 4 available
[0.011s][info][gc,init] Memory: 7937M
[0.011s][info][gc,init] Large Page Support: Disabled
[0.011s][info][gc,init] NUMA Support: Disabled
[0.011s][info][gc,init] Compressed Oops: Enabled (32-bit)
[0.011s][info][gc,init] Heap Min Capacity: 6656K
[0.011s][info][gc,init] Heap Initial Capacity: 127488K
[0.011s][info][gc,init] Heap Max Capacity: 2032128K
[0.011s][info][gc,init] Pre-touch: Disabled
[0.011s][info][gc,init] Mode: Snapshot-At-The-Beginning (SATB)
[0.011s][info][gc,init] Heuristics: Adaptive
[0.011s][info][gc,init] Heap Region Count: 3969
[0.011s][info][gc,init] Heap Region Size: 512K
[0.011s][info][gc,init] TLAB Size Max: 512K
[0.011s][info][gc,init] Humongous Object Threshold: 512K
[0.011s][info][gc,init] Parallel Workers: 8
[0.011s][info][gc,init] Concurrent Workers: 2
[0.019s][info][gc,metaspace] CDS archive(s) mapped at: [0x00007f732b000000-0x00007f732bc97000-0x00007f732bc97000), size 13201408, SharedBaseAddress: 0x00007f732b000000, ArchiveRelocationMode: 1.
[0.019s][info][gc,metaspace] Compressed class space mapped at: 0x00007f732c000000-0x00007f736c000000, reserved size: 1073741824
[0.019s][info][gc,metaspace] Narrow klass base: 0x00007f732b000000, Narrow klass shift: 0, Narrow klass range: 0x100000000
[1.214s][info][gc          ] Trigger: Metadata GC Threshold
[1.215s][info][gc,ergo     ] Free: 1745M, Max: 512K regular, 1745M humongous, Frag: 0% external, 0% internal; Reserve: 101888K, Max: 512K
[1.215s][info][gc,start    ] GC(0) Concurrent reset
[1.215s][info][gc,task     ] GC(0) Using 2 of 8 workers for concurrent reset
[1.215s][info][gc,ergo     ] GC(0) Pacer for Reset. Non-Taxable: 1984M
[1.215s][info][gc          ] GC(0) Concurrent reset 0.424ms
[1.215s][info][gc,start    ] GC(0) Pause Init Mark (unload classes)
[1.216s][info][gc,task     ] GC(0) Using 8 of 8 workers for init marking
[1.216s][info][gc,ergo     ] GC(0) Pacer for Mark. Expected Live: 198M, Free: 1745M, Non-Taxable: 174M, Alloc Tax Rate: 0.1x
[1.216s][info][gc          ] GC(0) Pause Init Mark (unload classes) 0.761ms
[1.216s][info][gc,start    ] GC(0) Concurrent marking roots
[1.216s][info][gc,task     ] GC(0) Using 2 of 8 workers for concurrent marking roots
[1.219s][info][gc          ] GC(0) Concurrent marking roots 2.487ms
[1.219s][info][gc,start    ] GC(0) Concurrent marking (unload classes)
[1.219s][info][gc,task     ] GC(0) Using 2 of 8 workers for concurrent marking
[1.260s][info][gc          ] GC(0) Concurrent marking (unload classes) 41.820ms
[1.260s][info][gc,start    ] GC(0) Pause Final Mark (unload classes)
[1.260s][info][gc,task     ] GC(0) Using 8 of 8 workers for final marking
[1.266s][info][gc,ergo     ] GC(0) Adaptive CSet Selection. Target Free: 281M, Actual Free: 1846M, Max CSet: 84672K, Min Garbage: 0B
[1.266s][info][gc,ergo     ] GC(0) Collectable Garbage: 73591K (98%), Immediate: 4847K (6%), CSet: 68744K (92%)
[1.266s][info][gc,ergo     ] GC(0) Pacer for Evacuation. Used CSet: 77312K, Free: 1747M, Non-Taxable: 174M, Alloc Tax Rate: 1.1x
[1.266s][info][gc          ] GC(0) Pause Final Mark (unload classes) 5.524ms
[1.266s][info][gc,start    ] GC(0) Concurrent thread roots
[1.266s][info][gc,task     ] GC(0) Using 2 of 8 workers for Concurrent thread roots
[1.266s][info][gc          ] GC(0) Concurrent thread roots 0.204ms
[1.266s][info][gc,start    ] GC(0) Concurrent weak references
[1.266s][info][gc,task     ] GC(0) Using 2 of 8 workers for concurrent weak references
[1.267s][info][gc,ref      ] GC(0) Encountered references: Soft: 3977, Weak: 2162, Final: 4, Phantom: 821
[1.267s][info][gc,ref      ] GC(0) Discovered  references: Soft: 0, Weak: 1398, Final: 4, Phantom: 479
[1.267s][info][gc,ref      ] GC(0) Enqueued    references: Soft: 0, Weak: 494, Final: 0, Phantom: 230
[1.267s][info][gc          ] GC(0) Concurrent weak references 0.446ms
[1.267s][info][gc,start    ] GC(0) Concurrent weak roots
[1.267s][info][gc,task     ] GC(0) Using 2 of 8 workers for concurrent weak root
[1.272s][info][gc          ] GC(0) Concurrent weak roots 5.514ms
[1.272s][info][gc,start    ] GC(0) Concurrent cleanup
[1.272s][info][gc          ] GC(0) Concurrent cleanup 142M->138M(145M) 0.110ms
[1.272s][info][gc,ergo     ] GC(0) Free: 1746M, Max: 512K regular, 1741M humongous, Frag: 1% external, 0% internal; Reserve: 100352K, Max: 512K
[1.272s][info][gc,start    ] GC(0) Concurrent class unloading
[1.272s][info][gc,task     ] GC(0) Using 2 of 8 workers for concurrent class unloading
[1.276s][info][gc          ] GC(0) Concurrent class unloading 3.950ms
[1.276s][info][gc,start    ] GC(0) Concurrent strong roots
[1.276s][info][gc,task     ] GC(0) Using 2 of 8 workers for concurrent strong root
[1.277s][info][gc          ] GC(0) Concurrent strong roots 1.157ms
[1.277s][info][gc,start    ] GC(0) Concurrent evacuation
[1.277s][info][gc,task     ] GC(0) Using 2 of 8 workers for concurrent evacuation
[1.285s][info][gc          ] GC(0) Concurrent evacuation 7.171ms
[1.285s][info][gc,start    ] GC(0) Pause Init Update Refs
[1.285s][info][gc,ergo     ] GC(0) Pacer for Update Refs. Used: 147M, Free: 1745M, Non-Taxable: 174M, Alloc Tax Rate: 1.1x
[1.285s][info][gc          ] GC(0) Pause Init Update Refs 0.033ms
[1.285s][info][gc,start    ] GC(0) Concurrent update references
[1.285s][info][gc,task     ] GC(0) Using 2 of 8 workers for concurrent reference update
[1.305s][info][gc          ] GC(0) Concurrent update references 19.941ms
[1.305s][info][gc,start    ] GC(0) Concurrent update thread roots
[1.305s][info][gc          ] GC(0) Concurrent update thread roots 0.201ms
[1.305s][info][gc,start    ] GC(0) Pause Final Update Refs
[1.305s][info][gc,task     ] GC(0) Using 8 of 8 workers for final reference update
[1.305s][info][gc          ] GC(0) Pause Final Update Refs 0.078ms
[1.305s][info][gc,start    ] GC(0) Concurrent cleanup
[1.305s][info][gc          ] GC(0) Concurrent cleanup 149M->73M(154M) 0.085ms
[1.305s][info][gc,ergo     ] Free: 1809M, Max: 512K regular, 1731M humongous, Frag: 5% external, 0% internal; Reserve: 101888K, Max: 512K
[1.305s][info][gc,stats    ] 
[1.305s][info][gc,stats    ] All times are wall-clock times, except per-root-class counters, that are sum over
[1.305s][info][gc,stats    ] all workers. Dividing the <total> over the root stage time estimates parallelism.
[1.305s][info][gc,stats    ] 
[1.305s][info][gc,stats    ] Concurrent Reset                    443 us
[1.305s][info][gc,stats    ] Pause Init Mark (G)                1066 us
[1.305s][info][gc,stats    ] Pause Init Mark (N)                 784 us
[1.305s][info][gc,stats    ]   Update Region States               37 us
[1.305s][info][gc,stats    ] Concurrent Mark Roots              2508 us, parallelism: 1.67x
[1.305s][info][gc,stats    ]   CMR: <total>                     4194 us
[1.305s][info][gc,stats    ]   CMR: Thread Roots                1445 us, workers (us): 1445,   0, ---, ---, ---, ---, ---, ---, 
[1.305s][info][gc,stats    ]   CMR: VM Strong Roots              678 us, workers (us): 408, 270, ---, ---, ---, ---, ---, ---, 
[1.305s][info][gc,stats    ]   CMR: CLDG Roots                  2071 us, workers (us): ---, 2071, ---, ---, ---, ---, ---, ---, 
[1.305s][info][gc,stats    ] Concurrent Marking                41841 us
[1.305s][info][gc,stats    ] Pause Final Mark (G)               5584 us
[1.305s][info][gc,stats    ] Pause Final Mark (N)               5531 us
[1.305s][info][gc,stats    ]   Finish Mark                      5340 us
[1.305s][info][gc,stats    ]   Update Region States               38 us
[1.305s][info][gc,stats    ]   Choose Collection Set              88 us
[1.305s][info][gc,stats    ]   Rebuild Free Set                   20 us
[1.305s][info][gc,stats    ] Concurrent Thread Roots             212 us, parallelism: 1.50x
[1.305s][info][gc,stats    ]   CTR: <total>                      319 us
[1.305s][info][gc,stats    ]   CTR: Thread Roots                 319 us, workers (us): 174, 145, ---, ---, ---, ---, ---, ---, 
[1.305s][info][gc,stats    ] Concurrent Weak References          452 us, parallelism: 0.88x
[1.305s][info][gc,stats    ]   CWRF: <total>                     400 us
[1.305s][info][gc,stats    ]   CWRF: Weak References             400 us, workers (us):  23, 377, ---, ---, ---, ---, ---, ---, 
[1.305s][info][gc,stats    ] Concurrent Weak Roots              5527 us
[1.305s][info][gc,stats    ]   Roots                            1685 us, parallelism: 1.88x
[1.305s][info][gc,stats    ]     CWR: <total>                   3174 us
[1.305s][info][gc,stats    ]     CWR: Code Cache Roots          1380 us, workers (us): 647, 733, ---, ---, ---, ---, ---, ---, 
[1.305s][info][gc,stats    ]     CWR: VM Weak Roots             1775 us, workers (us): 896, 879, ---, ---, ---, ---, ---, ---, 
[1.305s][info][gc,stats    ]     CWR: CLDG Roots                  20 us, workers (us): ---,  20, ---, ---, ---, ---, ---, ---, 
[1.305s][info][gc,stats    ]   Rendezvous                       3816 us
[1.305s][info][gc,stats    ] Concurrent Cleanup                  124 us
[1.306s][info][gc,stats    ] Concurrent Class Unloading         3959 us
[1.306s][info][gc,stats    ]   Unlink Stale                     1507 us
[1.306s][info][gc,stats    ]     System Dictionary                32 us
[1.306s][info][gc,stats    ]     Weak Class Links                  0 us
[1.306s][info][gc,stats    ]     Code Roots                     1474 us
[1.306s][info][gc,stats    ]   Rendezvous                        113 us
[1.306s][info][gc,stats    ]   Purge Unlinked                   2316 us
[1.306s][info][gc,stats    ]     Code Roots                     2305 us
[1.306s][info][gc,stats    ]     CLDG                             11 us
[1.306s][info][gc,stats    ]     Exception Caches                  0 us
[1.306s][info][gc,stats    ] Concurrent Strong Roots            1165 us, parallelism: 0.94x
[1.306s][info][gc,stats    ]   CSR: <total>                     1099 us
[1.306s][info][gc,stats    ]   CSR: VM Strong Roots               34 us, workers (us):  33,   0, ---, ---, ---, ---, ---, ---, 
[1.306s][info][gc,stats    ]   CSR: CLDG Roots                  1065 us, workers (us): 1065, ---, ---, ---, ---, ---, ---, ---, 
[1.306s][info][gc,stats    ] Concurrent Evacuation              7188 us
[1.306s][info][gc,stats    ] Pause Init Update Refs (G)          155 us
[1.306s][info][gc,stats    ] Pause Init Update Refs (N)           39 us
[1.306s][info][gc,stats    ]   Manage GCLABs                       5 us
[1.306s][info][gc,stats    ] Concurrent Update Refs            19965 us
[1.306s][info][gc,stats    ] Concurrent Update Thread Roots      208 us
[1.306s][info][gc,stats    ] Pause Final Update Refs (G)         191 us
[1.306s][info][gc,stats    ] Pause Final Update Refs (N)          85 us
[1.306s][info][gc,stats    ]   Update Region States               31 us
[1.306s][info][gc,stats    ]   Trash Collection Set                4 us
[1.306s][info][gc,stats    ]   Rebuild Free Set                   18 us
[1.306s][info][gc,stats    ] Concurrent Cleanup                   92 us
[1.306s][info][gc,stats    ] 
[1.306s][info][gc,stats    ] Allocation pacing accrued:
[1.306s][info][gc,stats    ]       0 of  1295 ms (  0.0%): <total>
[1.306s][info][gc,stats    ]       0 of  1295 ms (  0.0%): <average total>
[1.306s][info][gc,stats    ] 
[1.306s][info][gc,metaspace] Metaspace: 21243K(21632K)->22492K(22784K) NonClass: 18893K(19072K)->19996K(20160K) Class: 2350K(2560K)->2495K(2624K)
[1.306s][info][gc,ergo     ] Pacer for Idle. Initial: 40642K, Alloc Tax Rate: 1.0x
[2.689s][info][gc          ] Trigger: Metadata GC Threshold
[2.689s][info][gc,ergo     ] Free: 1704M, Max: 512K regular, 1704M humongous, Frag: 0% external, 0% internal; Reserve: 101888K, Max: 512K
[2.689s][info][gc,start    ] GC(1) Concurrent reset
[2.689s][info][gc,task     ] GC(1) Using 2 of 8 workers for concurrent reset
[2.689s][info][gc,ergo     ] GC(1) Pacer for Reset. Non-Taxable: 1984M
[2.690s][info][gc          ] GC(1) Concurrent reset 1.153ms
[2.690s][info][gc,start    ] GC(1) Pause Init Mark (unload classes)
[2.690s][info][gc,task     ] GC(1) Using 8 of 8 workers for init marking
[2.690s][info][gc,ergo     ] GC(1) Pacer for Mark. Expected Live: 65591K, Free: 1704M, Non-Taxable: 170M, Alloc Tax Rate: 0.0x
[2.690s][info][gc          ] GC(1) Pause Init Mark (unload classes) 0.077ms
[2.690s][info][gc,start    ] GC(1) Concurrent marking roots
[2.690s][info][gc,task     ] GC(1) Using 2 of 8 workers for concurrent marking roots
[2.692s][info][gc          ] GC(1) Concurrent marking roots 1.242ms
[2.692s][info][gc,start    ] GC(1) Concurrent marking (unload classes)
[2.692s][info][gc,task     ] GC(1) Using 2 of 8 workers for concurrent marking
[2.728s][info][gc          ] GC(1) Concurrent marking (unload classes) 36.589ms
[2.728s][info][gc,start    ] GC(1) Pause Final Mark (unload classes)
[2.728s][info][gc,task     ] GC(1) Using 8 of 8 workers for final marking
[2.730s][info][gc,ergo     ] GC(1) Adaptive CSet Selection. Target Free: 281M, Actual Free: 1840M, Max CSet: 84672K, Min Garbage: 0B
[2.730s][info][gc,ergo     ] GC(1) Collectable Garbage: 102M (98%), Immediate: 38739K (36%), CSet: 66434K (62%)
[2.730s][info][gc,ergo     ] GC(1) Pacer for Evacuation. Used CSet: 75648K, Free: 1742M, Non-Taxable: 174M, Alloc Tax Rate: 1.1x
[2.730s][info][gc          ] GC(1) Pause Final Mark (unload classes) 1.302ms
[2.730s][info][gc,start    ] GC(1) Concurrent thread roots
[2.730s][info][gc,task     ] GC(1) Using 2 of 8 workers for Concurrent thread roots
[2.737s][info][gc          ] GC(1) Concurrent thread roots 7.297ms
[2.737s][info][gc,start    ] GC(1) Concurrent weak references
[2.737s][info][gc,task     ] GC(1) Using 2 of 8 workers for concurrent weak references
[2.737s][info][gc,ref      ] GC(1) Encountered references: Soft: 4306, Weak: 2850, Final: 21, Phantom: 810
[2.737s][info][gc,ref      ] GC(1) Discovered  references: Soft: 0, Weak: 840, Final: 0, Phantom: 591
[2.737s][info][gc,ref      ] GC(1) Enqueued    references: Soft: 0, Weak: 393, Final: 0, Phantom: 191
[2.737s][info][gc          ] GC(1) Concurrent weak references 0.240ms
[2.737s][info][gc,start    ] GC(1) Concurrent weak roots
[2.737s][info][gc,task     ] GC(1) Using 2 of 8 workers for concurrent weak root
[2.739s][info][gc          ] GC(1) Concurrent weak roots 1.860ms
[2.739s][info][gc,start    ] GC(1) Concurrent cleanup
[2.739s][info][gc          ] GC(1) Concurrent cleanup 179M->142M(184M) 0.132ms
[2.739s][info][gc,ergo     ] GC(1) Free: 1741M, Max: 512K regular, 1702M humongous, Frag: 3% external, 0% internal; Reserve: 101234K, Max: 512K
[2.739s][info][gc,start    ] GC(1) Concurrent class unloading
[2.739s][info][gc,task     ] GC(1) Using 2 of 8 workers for concurrent class unloading
[2.743s][info][gc          ] GC(1) Concurrent class unloading 3.660ms
[2.743s][info][gc,start    ] GC(1) Concurrent strong roots
[2.743s][info][gc,task     ] GC(1) Using 2 of 8 workers for concurrent strong root
[2.744s][info][gc          ] GC(1) Concurrent strong roots 1.066ms
[2.744s][info][gc,start    ] GC(1) Concurrent evacuation
[2.744s][info][gc,task     ] GC(1) Using 2 of 8 workers for concurrent evacuation
[2.751s][info][gc          ] GC(1) Concurrent evacuation 6.884ms
[2.751s][info][gc,start    ] GC(1) Pause Init Update Refs
[2.751s][info][gc,ergo     ] GC(1) Pacer for Update Refs. Used: 152M, Free: 1740M, Non-Taxable: 174M, Alloc Tax Rate: 1.1x
[2.751s][info][gc          ] GC(1) Pause Init Update Refs 0.034ms
[2.751s][info][gc,start    ] GC(1) Concurrent update references
[2.751s][info][gc,task     ] GC(1) Using 2 of 8 workers for concurrent reference update
[2.774s][info][gc          ] GC(1) Concurrent update references 23.204ms
[2.774s][info][gc,start    ] GC(1) Concurrent update thread roots
[2.774s][info][gc          ] GC(1) Concurrent update thread roots 0.297ms
[2.775s][info][gc,start    ] GC(1) Pause Final Update Refs
[2.775s][info][gc,task     ] GC(1) Using 8 of 8 workers for final reference update
[2.775s][info][gc          ] GC(1) Pause Final Update Refs 0.085ms
[2.775s][info][gc,start    ] GC(1) Concurrent cleanup
[2.775s][info][gc          ] GC(1) Concurrent cleanup 153M->80M(193M) 0.105ms
[2.775s][info][gc,ergo     ] Free: 1802M, Max: 512K regular, 1694M humongous, Frag: 7% external, 0% internal; Reserve: 101888K, Max: 512K
[2.775s][info][gc,stats    ] 
[2.775s][info][gc,stats    ] All times are wall-clock times, except per-root-class counters, that are sum over
[2.775s][info][gc,stats    ] all workers. Dividing the <total> over the root stage time estimates parallelism.
[2.775s][info][gc,stats    ] 
[2.775s][info][gc,stats    ] Concurrent Reset                   1167 us
[2.775s][info][gc,stats    ] Pause Init Mark (G)                 191 us
[2.775s][info][gc,stats    ] Pause Init Mark (N)                  84 us
[2.775s][info][gc,stats    ]   Update Region States               23 us
[2.775s][info][gc,stats    ] Concurrent Mark Roots              1255 us, parallelism: 1.77x
[2.775s][info][gc,stats    ]   CMR: <total>                     2215 us
[2.775s][info][gc,stats    ]   CMR: Thread Roots                 883 us, workers (us): 545, 339, ---, ---, ---, ---, ---, ---, 
[2.775s][info][gc,stats    ]   CMR: VM Strong Roots              942 us, workers (us): 193, 749, ---, ---, ---, ---, ---, ---, 
[2.775s][info][gc,stats    ]   CMR: CLDG Roots                   390 us, workers (us): 390, ---, ---, ---, ---, ---, ---, ---, 
[2.775s][info][gc,stats    ] Concurrent Marking                36610 us
[2.775s][info][gc,stats    ] Pause Final Mark (G)               1365 us
[2.775s][info][gc,stats    ] Pause Final Mark (N)               1309 us
[2.775s][info][gc,stats    ]   Finish Mark                      1129 us
[2.775s][info][gc,stats    ]   Update Region States               39 us
[2.775s][info][gc,stats    ]   Choose Collection Set              76 us
[2.775s][info][gc,stats    ]   Rebuild Free Set                   17 us
[2.775s][info][gc,stats    ] Concurrent Thread Roots            7318 us, parallelism: 1.02x
[2.775s][info][gc,stats    ]   CTR: <total>                     7469 us
[2.775s][info][gc,stats    ]   CTR: Thread Roots                7469 us, workers (us): 278, 7191, ---, ---, ---, ---, ---, ---, 
[2.775s][info][gc,stats    ] Concurrent Weak References          246 us, parallelism: 1.29x
[2.775s][info][gc,stats    ]   CWRF: <total>                     316 us
[2.775s][info][gc,stats    ]   CWRF: Weak References             316 us, workers (us): 178, 139, ---, ---, ---, ---, ---, ---, 
[2.775s][info][gc,stats    ] Concurrent Weak Roots              1869 us
[2.775s][info][gc,stats    ]   Roots                            1642 us, parallelism: 1.91x
[2.775s][info][gc,stats    ]     CWR: <total>                   3131 us
[2.775s][info][gc,stats    ]     CWR: Code Cache Roots          1082 us, workers (us): 526, 556, ---, ---, ---, ---, ---, ---, 
[2.775s][info][gc,stats    ]     CWR: VM Weak Roots             2026 us, workers (us): 1007, 1019, ---, ---, ---, ---, ---, ---, 
[2.775s][info][gc,stats    ]     CWR: CLDG Roots                  22 us, workers (us):  22, ---, ---, ---, ---, ---, ---, ---, 
[2.775s][info][gc,stats    ]   Rendezvous                        205 us
[2.775s][info][gc,stats    ] Concurrent Cleanup                  139 us
[2.775s][info][gc,stats    ] Concurrent Class Unloading         3670 us
[2.775s][info][gc,stats    ]   Unlink Stale                     2174 us
[2.775s][info][gc,stats    ]     System Dictionary                35 us
[2.775s][info][gc,stats    ]     Weak Class Links                  0 us
[2.775s][info][gc,stats    ]     Code Roots                     2137 us
[2.775s][info][gc,stats    ]   Rendezvous                        335 us
[2.775s][info][gc,stats    ]   Purge Unlinked                   1137 us
[2.775s][info][gc,stats    ]     Code Roots                     1130 us
[2.775s][info][gc,stats    ]     CLDG                              7 us
[2.775s][info][gc,stats    ]     Exception Caches                  0 us
[2.775s][info][gc,stats    ] Concurrent Strong Roots            1080 us, parallelism: 0.94x
[2.775s][info][gc,stats    ]   CSR: <total>                     1012 us
[2.775s][info][gc,stats    ]   CSR: VM Strong Roots               12 us, workers (us):   9,   4, ---, ---, ---, ---, ---, ---, 
[2.775s][info][gc,stats    ]   CSR: CLDG Roots                  1000 us, workers (us): 1000, ---, ---, ---, ---, ---, ---, ---, 
[2.775s][info][gc,stats    ] Concurrent Evacuation              6898 us
[2.775s][info][gc,stats    ] Pause Init Update Refs (G)           90 us
[2.775s][info][gc,stats    ] Pause Init Update Refs (N)           40 us
[2.775s][info][gc,stats    ]   Manage GCLABs                       6 us
[2.775s][info][gc,stats    ] Concurrent Update Refs            23225 us
[2.775s][info][gc,stats    ] Concurrent Update Thread Roots      313 us
[2.775s][info][gc,stats    ] Pause Final Update Refs (G)         289 us
[2.775s][info][gc,stats    ] Pause Final Update Refs (N)         102 us
[2.775s][info][gc,stats    ]   Update Region States               36 us
[2.775s][info][gc,stats    ]   Trash Collection Set                4 us
[2.775s][info][gc,stats    ]   Rebuild Free Set                   18 us
[2.775s][info][gc,stats    ] Concurrent Cleanup                  113 us
[2.775s][info][gc,stats    ] 
[2.775s][info][gc,stats    ] Allocation pacing accrued:
[2.775s][info][gc,stats    ]       0 of  1470 ms (  0.0%): <total>
[2.775s][info][gc,stats    ]       0 of  1470 ms (  0.0%): <average total>
[2.775s][info][gc,stats    ] 
[2.775s][info][gc,metaspace] Metaspace: 37682K(38080K)->38513K(38912K) NonClass: 33506K(33728K)->34238K(34496K) Class: 4175K(4352K)->4274K(4416K)
[2.775s][info][gc,ergo     ] Pacer for Idle. Initial: 40642K, Alloc Tax Rate: 1.0x
[53.734s][info][gc          ] Trigger: Metadata GC Threshold
[53.735s][info][gc,ergo     ] Free: 1440M, Max: 512K regular, 1440M humongous, Frag: 0% external, 0% internal; Reserve: 101888K, Max: 512K
[53.735s][info][gc,start    ] GC(2) Concurrent reset
[53.735s][info][gc,task     ] GC(2) Using 2 of 8 workers for concurrent reset
[53.735s][info][gc,ergo     ] GC(2) Pacer for Reset. Non-Taxable: 1984M
[53.736s][info][gc          ] GC(2) Concurrent reset 0.909ms
[53.736s][info][gc,start    ] GC(2) Pause Init Mark (unload classes)
[53.736s][info][gc,task     ] GC(2) Using 8 of 8 workers for init marking
[53.737s][info][gc,ergo     ] GC(2) Pacer for Mark. Expected Live: 69886K, Free: 1440M, Non-Taxable: 144M, Alloc Tax Rate: 0.1x
[53.737s][info][gc          ] GC(2) Pause Init Mark (unload classes) 0.092ms
[53.737s][info][gc,start    ] GC(2) Concurrent marking roots
[53.737s][info][gc,task     ] GC(2) Using 2 of 8 workers for concurrent marking roots
[53.740s][info][gc          ] GC(2) Concurrent marking roots 3.560ms
[53.740s][info][gc,start    ] GC(2) Concurrent marking (unload classes)
[53.740s][info][gc,task     ] GC(2) Using 2 of 8 workers for concurrent marking
[53.786s][info][gc          ] GC(2) Concurrent marking (unload classes) 45.461ms
[53.786s][info][gc,start    ] GC(2) Pause Final Mark (unload classes)
[53.786s][info][gc,task     ] GC(2) Using 8 of 8 workers for final marking
[53.786s][info][gc,ergo     ] GC(2) Adaptive CSet Selection. Target Free: 281M, Actual Free: 1727M, Max CSet: 84672K, Min Garbage: 0B
[53.786s][info][gc,ergo     ] GC(2) Collectable Garbage: 359M (99%), Immediate: 203M (56%), CSet: 155M (43%)
[53.786s][info][gc,ergo     ] GC(2) Pacer for Evacuation. Used CSet: 162M, Free: 1629M, Non-Taxable: 162M, Alloc Tax Rate: 1.1x
[53.786s][info][gc          ] GC(2) Pause Final Mark (unload classes) 0.483ms
[53.786s][info][gc,start    ] GC(2) Concurrent thread roots
[53.786s][info][gc,task     ] GC(2) Using 2 of 8 workers for Concurrent thread roots
[53.787s][info][gc          ] GC(2) Concurrent thread roots 0.632ms
[53.787s][info][gc,start    ] GC(2) Concurrent weak references
[53.787s][info][gc,task     ] GC(2) Using 2 of 8 workers for concurrent weak references
[53.787s][info][gc,ref      ] GC(2) Encountered references: Soft: 4665, Weak: 4471, Final: 82, Phantom: 1094
[53.787s][info][gc,ref      ] GC(2) Discovered  references: Soft: 0, Weak: 2798, Final: 9, Phantom: 1088
[53.787s][info][gc,ref      ] GC(2) Enqueued    references: Soft: 0, Weak: 576, Final: 8, Phantom: 442
[53.788s][info][gc          ] GC(2) Concurrent weak references 0.513ms
[53.788s][info][gc,start    ] GC(2) Concurrent weak roots
[53.788s][info][gc,task     ] GC(2) Using 2 of 8 workers for concurrent weak root
[53.792s][info][gc          ] GC(2) Concurrent weak roots 4.327ms
[53.792s][info][gc,start    ] GC(2) Concurrent cleanup
[53.792s][info][gc          ] GC(2) Concurrent cleanup 458M->254M(464M) 0.115ms
[53.792s][info][gc,ergo     ] GC(2) Free: 1628M, Max: 512K regular, 1423M humongous, Frag: 13% external, 0% internal; Reserve: 100964K, Max: 512K
[53.792s][info][gc,start    ] GC(2) Concurrent class unloading
[53.792s][info][gc,task     ] GC(2) Using 2 of 8 workers for concurrent class unloading
[53.799s][info][gc          ] GC(2) Concurrent class unloading 7.471ms
[53.799s][info][gc,start    ] GC(2) Concurrent strong roots
[53.799s][info][gc,task     ] GC(2) Using 2 of 8 workers for concurrent strong root
[53.801s][info][gc          ] GC(2) Concurrent strong roots 1.402ms
[53.801s][info][gc,start    ] GC(2) Concurrent evacuation
[53.801s][info][gc,task     ] GC(2) Using 2 of 8 workers for concurrent evacuation
[53.806s][info][gc          ] GC(2) Concurrent evacuation 5.261ms
[53.806s][info][gc,start    ] GC(2) Pause Init Update Refs
[53.806s][info][gc,ergo     ] GC(2) Pacer for Update Refs. Used: 264M, Free: 1626M, Non-Taxable: 162M, Alloc Tax Rate: 1.1x
[53.806s][info][gc          ] GC(2) Pause Init Update Refs 0.046ms
[53.806s][info][gc,start    ] GC(2) Concurrent update references
[53.806s][info][gc,task     ] GC(2) Using 2 of 8 workers for concurrent reference update
[53.827s][info][gc          ] GC(2) Concurrent update references 20.431ms
[53.827s][info][gc,start    ] GC(2) Concurrent update thread roots
[53.827s][info][gc          ] GC(2) Concurrent update thread roots 0.523ms
[53.827s][info][gc,start    ] GC(2) Pause Final Update Refs
[53.827s][info][gc,task     ] GC(2) Using 8 of 8 workers for final reference update
[53.827s][info][gc          ] GC(2) Pause Final Update Refs 0.076ms
[53.827s][info][gc,start    ] GC(2) Concurrent cleanup
[53.828s][info][gc          ] GC(2) Concurrent cleanup 264M->102M(470M) 0.104ms
[53.828s][info][gc,ergo     ] Free: 1780M, Max: 512K regular, 1416M humongous, Frag: 21% external, 0% internal; Reserve: 101888K, Max: 512K
[53.828s][info][gc,stats    ] 
[53.828s][info][gc,stats    ] All times are wall-clock times, except per-root-class counters, that are sum over
[53.828s][info][gc,stats    ] all workers. Dividing the <total> over the root stage time estimates parallelism.
[53.828s][info][gc,stats    ] 
[53.828s][info][gc,stats    ] Concurrent Reset                    946 us
[53.828s][info][gc,stats    ] Pause Init Mark (G)                 337 us
[53.828s][info][gc,stats    ] Pause Init Mark (N)                 102 us
[53.828s][info][gc,stats    ]   Update Region States               32 us
[53.828s][info][gc,stats    ] Concurrent Mark Roots              3605 us, parallelism: 1.78x
[53.828s][info][gc,stats    ]   CMR: <total>                     6404 us
[53.828s][info][gc,stats    ]   CMR: Thread Roots                5626 us, workers (us): 2456, 3170, ---, ---, ---, ---, ---, ---, 
[53.828s][info][gc,stats    ]   CMR: VM Strong Roots              352 us, workers (us): 178, 174, ---, ---, ---, ---, ---, ---, 
[53.828s][info][gc,stats    ]   CMR: CLDG Roots                   426 us, workers (us): 426, ---, ---, ---, ---, ---, ---, ---, 
[53.828s][info][gc,stats    ] Concurrent Marking                45498 us
[53.828s][info][gc,stats    ] Pause Final Mark (G)                615 us
[53.828s][info][gc,stats    ] Pause Final Mark (N)                495 us
[53.828s][info][gc,stats    ]   Finish Mark                       169 us
[53.828s][info][gc,stats    ]   Update Region States               42 us
[53.828s][info][gc,stats    ]   Choose Collection Set             150 us
[53.828s][info][gc,stats    ]   Rebuild Free Set                   30 us
[53.828s][info][gc,stats    ] Concurrent Thread Roots             645 us, parallelism: 1.46x
[53.828s][info][gc,stats    ]   CTR: <total>                      942 us
[53.828s][info][gc,stats    ]   CTR: Thread Roots                 942 us, workers (us): 602, 340, ---, ---, ---, ---, ---, ---, 
[53.828s][info][gc,stats    ] Concurrent Weak References          520 us, parallelism: 1.25x
[53.828s][info][gc,stats    ]   CWRF: <total>                     648 us
[53.828s][info][gc,stats    ]   CWRF: Weak References             648 us, workers (us): 211, 437, ---, ---, ---, ---, ---, ---, 
[53.828s][info][gc,stats    ] Concurrent Weak Roots              4340 us
[53.828s][info][gc,stats    ]   Roots                            2407 us, parallelism: 1.80x
[53.828s][info][gc,stats    ]     CWR: <total>                   4326 us
[53.828s][info][gc,stats    ]     CWR: Code Cache Roots          1859 us, workers (us): 966, 893, ---, ---, ---, ---, ---, ---, 
[53.828s][info][gc,stats    ]     CWR: VM Weak Roots             2436 us, workers (us): 1350, 1086, ---, ---, ---, ---, ---, ---, 
[53.828s][info][gc,stats    ]     CWR: CLDG Roots                  31 us, workers (us): ---,  31, ---, ---, ---, ---, ---, ---, 
[53.828s][info][gc,stats    ]   Rendezvous                       1907 us
[53.828s][info][gc,stats    ] Concurrent Cleanup                  122 us
[53.828s][info][gc,stats    ] Concurrent Class Unloading         7482 us
[53.828s][info][gc,stats    ]   Unlink Stale                     3698 us
[53.828s][info][gc,stats    ]     System Dictionary                35 us
[53.828s][info][gc,stats    ]     Weak Class Links                  0 us
[53.828s][info][gc,stats    ]     Code Roots                     3661 us
[53.828s][info][gc,stats    ]   Rendezvous                         95 us
[53.828s][info][gc,stats    ]   Purge Unlinked                   3664 us
[53.828s][info][gc,stats    ]     Code Roots                     3643 us
[53.828s][info][gc,stats    ]     CLDG                             20 us
[53.828s][info][gc,stats    ]     Exception Caches                  0 us
[53.828s][info][gc,stats    ] Concurrent Strong Roots            1418 us, parallelism: 0.89x
[53.828s][info][gc,stats    ]   CSR: <total>                     1261 us
[53.828s][info][gc,stats    ]   CSR: VM Strong Roots               37 us, workers (us):  37,   0, ---, ---, ---, ---, ---, ---, 
[53.828s][info][gc,stats    ]   CSR: CLDG Roots                  1224 us, workers (us): 1224, ---, ---, ---, ---, ---, ---, ---, 
[53.828s][info][gc,stats    ] Concurrent Evacuation              5280 us
[53.828s][info][gc,stats    ] Pause Init Update Refs (G)          116 us
[53.828s][info][gc,stats    ] Pause Init Update Refs (N)           54 us
[53.828s][info][gc,stats    ]   Manage GCLABs                      12 us
[53.828s][info][gc,stats    ] Concurrent Update Refs            20462 us
[53.828s][info][gc,stats    ] Concurrent Update Thread Roots      533 us
[53.828s][info][gc,stats    ] Pause Final Update Refs (G)         119 us
[53.828s][info][gc,stats    ] Pause Final Update Refs (N)          84 us
[53.828s][info][gc,stats    ]   Update Region States               24 us
[53.828s][info][gc,stats    ]   Trash Collection Set                5 us
[53.828s][info][gc,stats    ]   Rebuild Free Set                   17 us
[53.828s][info][gc,stats    ] Concurrent Cleanup                  115 us
[53.828s][info][gc,stats    ] 
[53.828s][info][gc,stats    ] Allocation pacing accrued:
[53.828s][info][gc,stats    ]       0 of 51053 ms (  0.0%): <total>
[53.828s][info][gc,stats    ]       0 of 51053 ms (  0.0%): <average total>
[53.828s][info][gc,stats    ] 
[53.828s][info][gc,metaspace] Metaspace: 64396K(64960K)->64589K(65088K) NonClass: 57215K(57536K)->57388K(57664K) Class: 7180K(7424K)->7201K(7424K)
[53.828s][info][gc,ergo     ] Pacer for Idle. Initial: 40642K, Alloc Tax Rate: 1.0x
[66.103s][info][gc          ] Trigger: Learning 4 of 5. Free (1389M) is below initial threshold (1389M)
[66.103s][info][gc,ergo     ] Free: 1389M, Max: 512K regular, 1389M humongous, Frag: 0% external, 0% internal; Reserve: 101888K, Max: 512K
[66.103s][info][gc,start    ] GC(3) Concurrent reset
[66.103s][info][gc,task     ] GC(3) Using 2 of 8 workers for concurrent reset
[66.103s][info][gc,ergo     ] GC(3) Pacer for Reset. Non-Taxable: 1984M
[66.106s][info][gc          ] GC(3) Concurrent reset 2.838ms
[66.106s][info][gc,start    ] GC(3) Pause Init Mark (unload classes)
[66.106s][info][gc,task     ] GC(3) Using 8 of 8 workers for init marking
[66.107s][info][gc,ergo     ] GC(3) Pacer for Mark. Expected Live: 73545K, Free: 1389M, Non-Taxable: 138M, Alloc Tax Rate: 0.1x
[66.107s][info][gc          ] GC(3) Pause Init Mark (unload classes) 0.119ms
[66.107s][info][gc,start    ] GC(3) Concurrent marking roots
[66.107s][info][gc,task     ] GC(3) Using 2 of 8 workers for concurrent marking roots
[66.108s][info][gc          ] GC(3) Concurrent marking roots 1.165ms
[66.108s][info][gc,start    ] GC(3) Concurrent marking (unload classes)
[66.108s][info][gc,task     ] GC(3) Using 2 of 8 workers for concurrent marking
[66.472s][info][gc          ] GC(3) Concurrent marking (unload classes) 363.832ms
[66.472s][info][gc,start    ] GC(3) Pause Final Mark (unload classes)
[66.472s][info][gc,task     ] GC(3) Using 8 of 8 workers for final marking
[66.473s][info][gc,ergo     ] GC(3) Adaptive CSet Selection. Target Free: 281M, Actual Free: 1445M, Max CSet: 84672K, Min Garbage: 0B
[66.473s][info][gc,ergo     ] GC(3) Collectable Garbage: 398M (99%), Immediate: 20992K (5%), CSet: 377M (94%)
[66.473s][info][gc,ergo     ] GC(3) Pacer for Evacuation. Used CSet: 389M, Free: 1345M, Non-Taxable: 134M, Alloc Tax Rate: 1.1x
[66.473s][info][gc          ] GC(3) Pause Final Mark (unload classes) 0.516ms
[66.473s][info][gc,start    ] GC(3) Concurrent thread roots
[66.473s][info][gc,task     ] GC(3) Using 2 of 8 workers for Concurrent thread roots
[66.473s][info][gc          ] GC(3) Concurrent thread roots 0.573ms
[66.473s][info][gc,start    ] GC(3) Concurrent weak references
[66.473s][info][gc,task     ] GC(3) Using 2 of 8 workers for concurrent weak references
[66.484s][info][gc,ref      ] GC(3) Encountered references: Soft: 4700, Weak: 14340, Final: 74, Phantom: 891
[66.484s][info][gc,ref      ] GC(3) Discovered  references: Soft: 0, Weak: 9686, Final: 17, Phantom: 878
[66.484s][info][gc,ref      ] GC(3) Enqueued    references: Soft: 0, Weak: 7956, Final: 0, Phantom: 138
[66.484s][info][gc          ] GC(3) Concurrent weak references 10.206ms
[66.484s][info][gc,start    ] GC(3) Concurrent weak roots
[66.484s][info][gc,task     ] GC(3) Using 2 of 8 workers for concurrent weak root
[66.519s][info][gc          ] GC(3) Concurrent weak roots 35.396ms
[66.519s][info][gc,start    ] GC(3) Concurrent cleanup
[66.519s][info][gc          ] GC(3) Concurrent cleanup 569M->548M(572M) 0.159ms
[66.519s][info][gc,ergo     ] GC(3) Free: 1335M, Max: 512K regular, 1314M humongous, Frag: 2% external, 0% internal; Reserve: 100331K, Max: 512K
[66.519s][info][gc,start    ] GC(3) Concurrent class unloading
[66.519s][info][gc,task     ] GC(3) Using 2 of 8 workers for concurrent class unloading
[66.737s][info][gc          ] GC(3) Concurrent class unloading 217.922ms
[66.737s][info][gc,start    ] GC(3) Concurrent strong roots
[66.737s][info][gc,task     ] GC(3) Using 2 of 8 workers for concurrent strong root
[66.738s][info][gc          ] GC(3) Concurrent strong roots 0.968ms
[66.738s][info][gc,start    ] GC(3) Concurrent evacuation
[66.738s][info][gc,task     ] GC(3) Using 2 of 8 workers for concurrent evacuation
[66.758s][info][gc          ] GC(3) Concurrent evacuation 20.285ms
[66.759s][info][gc,start    ] GC(3) Pause Init Update Refs
[66.759s][info][gc,ergo     ] GC(3) Pacer for Update Refs. Used: 586M, Free: 1308M, Non-Taxable: 130M, Alloc Tax Rate: 1.1x
[66.759s][info][gc          ] GC(3) Pause Init Update Refs 0.079ms
[66.759s][info][gc,start    ] GC(3) Concurrent update references
[66.759s][info][gc,task     ] GC(3) Using 2 of 8 workers for concurrent reference update
[66.946s][info][gc          ] GC(3) Concurrent update references 187.799ms
[66.946s][info][gc,start    ] GC(3) Concurrent update thread roots
[66.949s][info][gc          ] GC(3) Concurrent update thread roots 2.115ms
[66.949s][info][gc,start    ] GC(3) Pause Final Update Refs
[66.949s][info][gc,task     ] GC(3) Using 8 of 8 workers for final reference update
[66.949s][info][gc          ] GC(3) Pause Final Update Refs 0.116ms
[66.949s][info][gc,start    ] GC(3) Concurrent cleanup
[66.950s][info][gc          ] GC(3) Concurrent cleanup 593M->203M(596M) 0.156ms
[66.950s][info][gc,ergo     ] Free: 1678M, Max: 512K regular, 1291M humongous, Frag: 24% external, 0% internal; Reserve: 101888K, Max: 512K
[66.950s][info][gc,stats    ] 
[66.950s][info][gc,stats    ] All times are wall-clock times, except per-root-class counters, that are sum over
[66.950s][info][gc,stats    ] all workers. Dividing the <total> over the root stage time estimates parallelism.
[66.950s][info][gc,stats    ] 
[66.950s][info][gc,stats    ] Concurrent Reset                   2857 us
[66.950s][info][gc,stats    ] Pause Init Mark (G)                1034 us
[66.950s][info][gc,stats    ] Pause Init Mark (N)                 127 us
[66.950s][info][gc,stats    ]   Update Region States               44 us
[66.950s][info][gc,stats    ] Concurrent Mark Roots              1184 us, parallelism: 1.69x
[66.950s][info][gc,stats    ]   CMR: <total>                     2003 us
[66.950s][info][gc,stats    ]   CMR: Thread Roots                1831 us, workers (us): 1000, 831, ---, ---, ---, ---, ---, ---, 
[66.950s][info][gc,stats    ]   CMR: VM Strong Roots               30 us, workers (us):  23,   7, ---, ---, ---, ---, ---, ---, 
[66.950s][info][gc,stats    ]   CMR: CLDG Roots                   142 us, workers (us): ---, 142, ---, ---, ---, ---, ---, ---, 
[66.950s][info][gc,stats    ] Concurrent Marking               363859 us
[66.950s][info][gc,stats    ] Pause Final Mark (G)               1137 us
[66.950s][info][gc,stats    ] Pause Final Mark (N)                524 us
[66.950s][info][gc,stats    ]   Finish Mark                       261 us
[66.950s][info][gc,stats    ]   Update Region States               48 us
[66.950s][info][gc,stats    ]   Choose Collection Set             138 us
[66.950s][info][gc,stats    ]   Rebuild Free Set                   15 us
[66.950s][info][gc,stats    ] Concurrent Thread Roots             585 us, parallelism: 1.74x
[66.950s][info][gc,stats    ]   CTR: <total>                     1016 us
[66.950s][info][gc,stats    ]   CTR: Thread Roots                1016 us, workers (us): 510, 506, ---, ---, ---, ---, ---, ---, 
[66.950s][info][gc,stats    ] Concurrent Weak References        10214 us, parallelism: 1.01x
[66.950s][info][gc,stats    ]   CWRF: <total>                   10309 us
[66.950s][info][gc,stats    ]   CWRF: Weak References           10309 us, workers (us): 10127, 181, ---, ---, ---, ---, ---, ---, 
[66.950s][info][gc,stats    ] Concurrent Weak Roots             35435 us
[66.950s][info][gc,stats    ]   Roots                            4034 us, parallelism: 1.91x
[66.950s][info][gc,stats    ]     CWR: <total>                   7709 us
[66.950s][info][gc,stats    ]     CWR: Code Cache Roots          5898 us, workers (us): 2999, 2899, ---, ---, ---, ---, ---, ---, 
[66.950s][info][gc,stats    ]     CWR: VM Weak Roots             1765 us, workers (us): 932, 833, ---, ---, ---, ---, ---, ---, 
[66.950s][info][gc,stats    ]     CWR: CLDG Roots                  46 us, workers (us): ---,  46, ---, ---, ---, ---, ---, ---, 
[66.950s][info][gc,stats    ]   Rendezvous                      31343 us
[66.950s][info][gc,stats    ] Concurrent Cleanup                  168 us
[66.950s][info][gc,stats    ] Concurrent Class Unloading       217947 us
[66.950s][info][gc,stats    ]   Unlink Stale                   123953 us
[66.950s][info][gc,stats    ]     System Dictionary               257 us
[66.950s][info][gc,stats    ]     Weak Class Links             102016 us
[66.950s][info][gc,stats    ]     Code Roots                    21677 us
[66.950s][info][gc,stats    ]   Rendezvous                        196 us
[66.950s][info][gc,stats    ]   Purge Unlinked                  93750 us
[66.950s][info][gc,stats    ]     Code Roots                    93640 us
[66.950s][info][gc,stats    ]     CLDG                            109 us
[66.950s][info][gc,stats    ]     Exception Caches                  0 us
[66.950s][info][gc,stats    ] Concurrent Strong Roots             988 us, parallelism: 0.61x
[66.950s][info][gc,stats    ]   CSR: <total>                      599 us
[66.950s][info][gc,stats    ]   CSR: VM Strong Roots               24 us, workers (us):  24,   1, ---, ---, ---, ---, ---, ---, 
[66.950s][info][gc,stats    ]   CSR: CLDG Roots                   575 us, workers (us): 575, ---, ---, ---, ---, ---, ---, ---, 
[66.950s][info][gc,stats    ] Concurrent Evacuation             20312 us
[66.950s][info][gc,stats    ] Pause Init Update Refs (G)          172 us
[66.950s][info][gc,stats    ] Pause Init Update Refs (N)           86 us
[66.950s][info][gc,stats    ]   Manage GCLABs                      41 us
[66.950s][info][gc,stats    ] Concurrent Update Refs           187830 us
[66.950s][info][gc,stats    ] Concurrent Update Thread Roots     2145 us
[66.950s][info][gc,stats    ] Pause Final Update Refs (G)         770 us
[66.950s][info][gc,stats    ] Pause Final Update Refs (N)         124 us
[66.950s][info][gc,stats    ]   Update Region States               53 us
[66.950s][info][gc,stats    ]   Trash Collection Set                8 us
[66.950s][info][gc,stats    ]   Rebuild Free Set                   17 us
[66.950s][info][gc,stats    ] Concurrent Cleanup                  165 us
[66.950s][info][gc,stats    ] 
[66.950s][info][gc,stats    ] Allocation pacing accrued:
[66.950s][info][gc,stats    ]       0 of 13122 ms (  0.0%): <total>
[66.950s][info][gc,stats    ]       0 of 13122 ms (  0.0%): <average total>
[66.950s][info][gc,stats    ] 
[66.950s][info][gc,metaspace] Metaspace: 70932K(71488K)->70941K(71488K) NonClass: 63445K(63744K)->63461K(63744K) Class: 7486K(7744K)->7480K(7744K)
[66.950s][info][gc,ergo     ] Pacer for Idle. Initial: 40642K, Alloc Tax Rate: 1.0x
[72.853s][info][gc          ] Trigger: Learning 5 of 5. Free (1389M) is below initial threshold (1389M)
[72.853s][info][gc,ergo     ] Free: 1389M, Max: 512K regular, 1291M humongous, Frag: 8% external, 0% internal; Reserve: 101888K, Max: 512K
[72.853s][info][gc,start    ] GC(4) Concurrent reset
[72.853s][info][gc,task     ] GC(4) Using 2 of 8 workers for concurrent reset
[72.853s][info][gc,ergo     ] GC(4) Pacer for Reset. Non-Taxable: 1984M
[72.859s][info][gc          ] GC(4) Concurrent reset 5.424ms
[72.859s][info][gc,start    ] GC(4) Pause Init Mark (unload classes)
[72.859s][info][gc,task     ] GC(4) Using 8 of 8 workers for init marking
[72.859s][info][gc,ergo     ] GC(4) Pacer for Mark. Expected Live: 78931K, Free: 1388M, Non-Taxable: 138M, Alloc Tax Rate: 0.1x
[72.859s][info][gc          ] GC(4) Pause Init Mark (unload classes) 0.108ms
[72.860s][info][gc,start    ] GC(4) Concurrent marking roots
[72.860s][info][gc,task     ] GC(4) Using 2 of 8 workers for concurrent marking roots
[72.861s][info][gc          ] GC(4) Concurrent marking roots 0.943ms
[72.861s][info][gc,start    ] GC(4) Concurrent marking (unload classes)
[72.861s][info][gc,task     ] GC(4) Using 2 of 8 workers for concurrent marking
[73.219s][info][gc          ] GC(4) Concurrent marking (unload classes) 358.648ms
[73.219s][info][gc,start    ] GC(4) Pause Final Mark (unload classes)
[73.219s][info][gc,task     ] GC(4) Using 8 of 8 workers for final marking
[73.227s][info][gc,ergo     ] GC(4) Adaptive CSet Selection. Target Free: 281M, Actual Free: 1443M, Max CSet: 84672K, Min Garbage: 0B
[73.227s][info][gc,ergo     ] GC(4) Collectable Garbage: 391M (99%), Immediate: 7680K (1%), CSet: 383M (97%)
[73.227s][info][gc,ergo     ] GC(4) Pacer for Evacuation. Used CSet: 394M, Free: 1344M, Non-Taxable: 134M, Alloc Tax Rate: 1.1x
[73.227s][info][gc          ] GC(4) Pause Final Mark (unload classes) 7.794ms
[73.227s][info][gc,start    ] GC(4) Concurrent thread roots
[73.227s][info][gc,task     ] GC(4) Using 2 of 8 workers for Concurrent thread roots
[73.229s][info][gc          ] GC(4) Concurrent thread roots 1.218ms
[73.229s][info][gc,start    ] GC(4) Concurrent weak references
[73.229s][info][gc,task     ] GC(4) Using 2 of 8 workers for concurrent weak references
[73.231s][info][gc,ref      ] GC(4) Encountered references: Soft: 4706, Weak: 14173, Final: 74, Phantom: 762
[73.231s][info][gc,ref      ] GC(4) Discovered  references: Soft: 0, Weak: 8724, Final: 0, Phantom: 748
[73.231s][info][gc,ref      ] GC(4) Enqueued    references: Soft: 0, Weak: 7733, Final: 0, Phantom: 7
[73.232s][info][gc          ] GC(4) Concurrent weak references 2.967ms
[73.232s][info][gc,start    ] GC(4) Concurrent weak roots
[73.232s][info][gc,task     ] GC(4) Using 2 of 8 workers for concurrent weak root
[73.242s][info][gc          ] GC(4) Concurrent weak roots 10.711ms
[73.242s][info][gc,start    ] GC(4) Concurrent cleanup
[73.242s][info][gc          ] GC(4) Concurrent cleanup 554M->547M(596M) 0.170ms
[73.242s][info][gc,ergo     ] GC(4) Free: 1336M, Max: 512K regular, 1291M humongous, Frag: 4% external, 0% internal; Reserve: 100721K, Max: 512K
[73.242s][info][gc,start    ] GC(4) Concurrent class unloading
[73.242s][info][gc,task     ] GC(4) Using 2 of 8 workers for concurrent class unloading
[73.286s][info][gc          ] GC(4) Concurrent class unloading 43.513ms
[73.286s][info][gc,start    ] GC(4) Concurrent strong roots
[73.286s][info][gc,task     ] GC(4) Using 2 of 8 workers for concurrent strong root
[73.287s][info][gc          ] GC(4) Concurrent strong roots 0.785ms
[73.287s][info][gc,start    ] GC(4) Concurrent evacuation
[73.287s][info][gc,task     ] GC(4) Using 2 of 8 workers for concurrent evacuation
[73.326s][info][gc          ] GC(4) Concurrent evacuation 38.867ms
[73.329s][info][gc,start    ] GC(4) Pause Init Update Refs
[73.330s][info][gc,ergo     ] GC(4) Pacer for Update Refs. Used: 567M, Free: 1326M, Non-Taxable: 132M, Alloc Tax Rate: 1.1x
[73.330s][info][gc          ] GC(4) Pause Init Update Refs 0.083ms
[73.330s][info][gc,start    ] GC(4) Concurrent update references
[73.330s][info][gc,task     ] GC(4) Using 2 of 8 workers for concurrent reference update
[73.520s][info][gc          ] GC(4) Concurrent update references 189.891ms
[73.520s][info][gc,start    ] GC(4) Concurrent update thread roots
[73.521s][info][gc          ] GC(4) Concurrent update thread roots 1.347ms
[73.535s][info][gc,start    ] GC(4) Pause Final Update Refs
[73.535s][info][gc,task     ] GC(4) Using 8 of 8 workers for final reference update
[73.535s][info][gc          ] GC(4) Pause Final Update Refs 0.132ms
[73.535s][info][gc,start    ] GC(4) Concurrent cleanup
[73.535s][info][gc          ] GC(4) Concurrent cleanup 587M->192M(606M) 0.194ms
[73.535s][info][gc,ergo     ] Free: 1689M, Max: 512K regular, 1380M humongous, Frag: 19% external, 0% internal; Reserve: 101888K, Max: 512K
[73.535s][info][gc,stats    ] 
[73.535s][info][gc,stats    ] All times are wall-clock times, except per-root-class counters, that are sum over
[73.535s][info][gc,stats    ] all workers. Dividing the <total> over the root stage time estimates parallelism.
[73.535s][info][gc,stats    ] 
[73.535s][info][gc,stats    ] Concurrent Reset                   5476 us
[73.535s][info][gc,stats    ] Pause Init Mark (G)                 986 us
[73.536s][info][gc,stats    ] Pause Init Mark (N)                 116 us
[73.536s][info][gc,stats    ]   Update Region States               47 us
[73.536s][info][gc,stats    ] Concurrent Mark Roots               979 us, parallelism: 1.52x
[73.536s][info][gc,stats    ]   CMR: <total>                     1484 us
[73.536s][info][gc,stats    ]   CMR: Thread Roots                1250 us, workers (us): 535, 715, ---, ---, ---, ---, ---, ---, 
[73.536s][info][gc,stats    ]   CMR: VM Strong Roots               41 us, workers (us):  26,  14, ---, ---, ---, ---, ---, ---, 
[73.536s][info][gc,stats    ]   CMR: CLDG Roots                   194 us, workers (us): 194, ---, ---, ---, ---, ---, ---, ---, 
[73.536s][info][gc,stats    ] Concurrent Marking               358690 us
[73.536s][info][gc,stats    ] Pause Final Mark (G)               7951 us
[73.536s][info][gc,stats    ] Pause Final Mark (N)               7802 us
[73.536s][info][gc,stats    ]   Finish Mark                      7501 us
[73.536s][info][gc,stats    ]   Update Region States               47 us
[73.536s][info][gc,stats    ]   Choose Collection Set             154 us
[73.536s][info][gc,stats    ]   Rebuild Free Set                   21 us
[73.536s][info][gc,stats    ] Concurrent Thread Roots            1237 us, parallelism: 0.79x
[73.536s][info][gc,stats    ]   CTR: <total>                      977 us
[73.536s][info][gc,stats    ]   CTR: Thread Roots                 977 us, workers (us): 977,   0, ---, ---, ---, ---, ---, ---, 
[73.536s][info][gc,stats    ] Concurrent Weak References         2974 us, parallelism: 0.97x
[73.536s][info][gc,stats    ]   CWRF: <total>                    2885 us
[73.536s][info][gc,stats    ]   CWRF: Weak References            2885 us, workers (us): 2884,   1, ---, ---, ---, ---, ---, ---, 
[73.536s][info][gc,stats    ] Concurrent Weak Roots             10746 us
[73.536s][info][gc,stats    ]   Roots                            5343 us, parallelism: 1.02x
[73.536s][info][gc,stats    ]     CWR: <total>                   5454 us
[73.536s][info][gc,stats    ]     CWR: Code Cache Roots          4167 us, workers (us): 3969, 198, ---, ---, ---, ---, ---, ---, 
[73.536s][info][gc,stats    ]     CWR: VM Weak Roots             1239 us, workers (us): 1238,   1, ---, ---, ---, ---, ---, ---, 
[73.536s][info][gc,stats    ]     CWR: CLDG Roots                  48 us, workers (us):  48, ---, ---, ---, ---, ---, ---, ---, 
[73.536s][info][gc,stats    ]   Rendezvous                       5350 us
[73.536s][info][gc,stats    ] Concurrent Cleanup                  179 us
[73.536s][info][gc,stats    ] Concurrent Class Unloading        43540 us
[73.536s][info][gc,stats    ]   Unlink Stale                    25217 us
[73.536s][info][gc,stats    ]     System Dictionary                85 us
[73.536s][info][gc,stats    ]     Weak Class Links                  0 us
[73.536s][info][gc,stats    ]     Code Roots                    25129 us
[73.536s][info][gc,stats    ]   Rendezvous                        461 us
[73.536s][info][gc,stats    ]   Purge Unlinked                  17811 us
[73.536s][info][gc,stats    ]     Code Roots                    17650 us
[73.536s][info][gc,stats    ]     CLDG                            160 us
[73.536s][info][gc,stats    ]     Exception Caches                  0 us
[73.536s][info][gc,stats    ] Concurrent Strong Roots             805 us, parallelism: 0.57x
[73.536s][info][gc,stats    ]   CSR: <total>                      457 us
[73.536s][info][gc,stats    ]   CSR: VM Strong Roots               34 us, workers (us):  34,   1, ---, ---, ---, ---, ---, ---, 
[73.536s][info][gc,stats    ]   CSR: CLDG Roots                   423 us, workers (us): 423, ---, ---, ---, ---, ---, ---, ---, 
[73.536s][info][gc,stats    ] Concurrent Evacuation             38900 us
[73.536s][info][gc,stats    ] Pause Init Update Refs (G)         4004 us
[73.536s][info][gc,stats    ] Pause Init Update Refs (N)           90 us
[73.536s][info][gc,stats    ]   Manage GCLABs                      47 us
[73.536s][info][gc,stats    ] Concurrent Update Refs           189929 us
[73.536s][info][gc,stats    ] Concurrent Update Thread Roots     1374 us
[73.536s][info][gc,stats    ] Pause Final Update Refs (G)       14145 us
[73.536s][info][gc,stats    ] Pause Final Update Refs (N)         142 us
[73.536s][info][gc,stats    ]   Update Region States               52 us
[73.536s][info][gc,stats    ]   Trash Collection Set               11 us
[73.536s][info][gc,stats    ]   Rebuild Free Set                   20 us
[73.536s][info][gc,stats    ] Concurrent Cleanup                  204 us
[73.536s][info][gc,stats    ] 
[73.536s][info][gc,stats    ] Allocation pacing accrued:
[73.536s][info][gc,stats    ]       0 of  6586 ms (  0.0%): <total>
[73.536s][info][gc,stats    ]       0 of  6586 ms (  0.0%): <average total>
[73.536s][info][gc,stats    ] 
[73.536s][info][gc,metaspace] Metaspace: 71010K(71552K)->71010K(71552K) NonClass: 63522K(63808K)->63522K(63808K) Class: 7487K(7744K)->7487K(7744K)
[73.536s][info][gc,ergo     ] Pacer for Idle. Initial: 40642K, Alloc Tax Rate: 1.0x
[99.060s][info][gc          ] Trigger: Average GC time (1093.84 ms) is above the time for average allocation rate (57749 KB/s) to deplete free headroom (63004K) (margin of error = 1.80)
[99.060s][info][gc,ergo     ] Free headroom: 240M (free) - 178M (spike) - 0B (penalties) = 63004K
[99.060s][info][gc,ergo     ] Free: 240M, Max: 512K regular, 240M humongous, Frag: 0% external, 0% internal; Reserve: 101888K, Max: 512K
[99.060s][info][gc,start    ] GC(5) Concurrent reset
[99.060s][info][gc,task     ] GC(5) Using 2 of 8 workers for concurrent reset
[99.060s][info][gc,ergo     ] GC(5) Pacer for Reset. Non-Taxable: 1984M
[99.066s][info][gc          ] GC(5) Concurrent reset 6.021ms
[99.066s][info][gc,start    ] GC(5) Pause Init Mark (unload classes)
[99.066s][info][gc,task     ] GC(5) Using 8 of 8 workers for init marking
[99.067s][info][gc,ergo     ] GC(5) Pacer for Mark. Expected Live: 83517K, Free: 240M, Non-Taxable: 24589K, Alloc Tax Rate: 0.4x
[99.067s][info][gc          ] GC(5) Pause Init Mark (unload classes) 0.119ms
[99.067s][info][gc,start    ] GC(5) Concurrent marking roots
[99.067s][info][gc,task     ] GC(5) Using 2 of 8 workers for concurrent marking roots
[99.070s][info][gc          ] GC(5) Concurrent marking roots 2.832ms
[99.070s][info][gc,start    ] GC(5) Concurrent marking (unload classes)
[99.070s][info][gc,task     ] GC(5) Using 2 of 8 workers for concurrent marking
[99.722s][info][gc          ] GC(5) Concurrent marking (unload classes) 652.444ms
[99.722s][info][gc,start    ] GC(5) Pause Final Mark (unload classes)
[99.722s][info][gc,task     ] GC(5) Using 8 of 8 workers for final marking
[99.723s][info][gc,ergo     ] GC(5) Adaptive CSet Selection. Target Free: 281M, Actual Free: 320M, Max CSet: 84672K, Min Garbage: 0B
[99.723s][info][gc,ergo     ] GC(5) Collectable Garbage: 1525M (99%), Immediate: 17920K (1%), CSet: 1508M (98%)
[99.723s][info][gc,ergo     ] GC(5) Pacer for Evacuation. Used CSet: 1540M, Free: 220M, Non-Taxable: 22579K, Alloc Tax Rate: 17.1x
[99.723s][info][gc          ] GC(5) Pause Final Mark (unload classes) 1.014ms
[99.723s][info][gc,start    ] GC(5) Concurrent thread roots
[99.723s][info][gc,task     ] GC(5) Using 2 of 8 workers for Concurrent thread roots
[99.726s][info][gc          ] GC(5) Concurrent thread roots 2.517ms
[99.726s][info][gc,start    ] GC(5) Concurrent weak references
[99.726s][info][gc,task     ] GC(5) Using 2 of 8 workers for concurrent weak references
[99.754s][info][gc,ref      ] GC(5) Encountered references: Soft: 4706, Weak: 42867, Final: 74, Phantom: 759
[99.755s][info][gc,ref      ] GC(5) Discovered  references: Soft: 0, Weak: 38408, Final: 0, Phantom: 748
[99.755s][info][gc,ref      ] GC(5) Enqueued    references: Soft: 0, Weak: 36424, Final: 0, Phantom: 4
[99.755s][info][gc          ] GC(5) Concurrent weak references 28.685ms
[99.755s][info][gc,start    ] GC(5) Concurrent weak roots
[99.755s][info][gc,task     ] GC(5) Using 2 of 8 workers for concurrent weak root
[99.767s][info][gc          ] GC(5) Concurrent weak roots 12.186ms
[99.767s][info][gc,start    ] GC(5) Concurrent cleanup
[99.767s][info][gc          ] GC(5) Concurrent cleanup 1683M->1665M(1689M) 0.149ms
[99.767s][info][gc,ergo     ] GC(5) Free: 218M, Max: 512K regular, 201M humongous, Frag: 9% external, 0% internal; Reserve: 99412K, Max: 512K
[99.767s][info][gc,start    ] GC(5) Concurrent class unloading
[99.767s][info][gc,task     ] GC(5) Using 2 of 8 workers for concurrent class unloading
[99.880s][info][gc          ] GC(5) Concurrent class unloading 113.430ms
[99.880s][info][gc,start    ] GC(5) Concurrent strong roots
[99.880s][info][gc,task     ] GC(5) Using 2 of 8 workers for concurrent strong root
[99.884s][info][gc          ] GC(5) Concurrent strong roots 3.350ms
[99.884s][info][gc,start    ] GC(5) Concurrent evacuation
[99.884s][info][gc,task     ] GC(5) Using 2 of 8 workers for concurrent evacuation
[100.169s][info][gc          ] GC(5) Concurrent evacuation 285.291ms
[100.169s][info][gc,start    ] GC(5) Pause Init Update Refs
[100.169s][info][gc,ergo     ] GC(5) Pacer for Update Refs. Used: 1715M, Free: 201M, Non-Taxable: 20584K, Alloc Tax Rate: 10.4x
[100.169s][info][gc          ] GC(5) Pause Init Update Refs 0.095ms
[100.169s][info][gc,start    ] GC(5) Concurrent update references
[100.169s][info][gc,task     ] GC(5) Using 2 of 8 workers for concurrent reference update
[100.392s][info][gc          ] GC(5) Concurrent update references 222.525ms
[100.392s][info][gc,start    ] GC(5) Concurrent update thread roots
[100.393s][info][gc          ] GC(5) Concurrent update thread roots 0.725ms
[100.393s][info][gc,start    ] GC(5) Pause Final Update Refs
[100.393s][info][gc,task     ] GC(5) Using 8 of 8 workers for final reference update
[100.393s][info][gc          ] GC(5) Pause Final Update Refs 0.130ms
[100.393s][info][gc,start    ] GC(5) Concurrent cleanup
[100.393s][info][gc          ] GC(5) Concurrent cleanup 1726M->185M(1729M) 0.266ms
[100.394s][info][gc,ergo     ] Free: 1696M, Max: 512K regular, 175M humongous, Frag: 90% external, 0% internal; Reserve: 101888K, Max: 512K
[100.394s][info][gc,stats    ] 
[100.394s][info][gc,stats    ] All times are wall-clock times, except per-root-class counters, that are sum over
[100.394s][info][gc,stats    ] all workers. Dividing the <total> over the root stage time estimates parallelism.
[100.394s][info][gc,stats    ] 
[100.394s][info][gc,stats    ] Concurrent Reset                   6057 us
[100.394s][info][gc,stats    ] Pause Init Mark (G)                 940 us
[100.394s][info][gc,stats    ] Pause Init Mark (N)                 127 us
[100.394s][info][gc,stats    ]   Update Region States               44 us
[100.394s][info][gc,stats    ] Concurrent Mark Roots              2854 us, parallelism: 1.59x
[100.394s][info][gc,stats    ]   CMR: <total>                     4540 us
[100.394s][info][gc,stats    ]   CMR: Thread Roots                4348 us, workers (us): 1898, 2451, ---, ---, ---, ---, ---, ---, 
[100.394s][info][gc,stats    ]   CMR: VM Strong Roots               25 us, workers (us):  25,   1, ---, ---, ---, ---, ---, ---, 
[100.394s][info][gc,stats    ]   CMR: CLDG Roots                   166 us, workers (us): 166, ---, ---, ---, ---, ---, ---, ---, 
[100.394s][info][gc,stats    ] Concurrent Marking               652491 us
[100.394s][info][gc,stats    ] Pause Final Mark (G)               1299 us
[100.394s][info][gc,stats    ] Pause Final Mark (N)               1022 us
[100.394s][info][gc,stats    ]   Finish Mark                       407 us
[100.394s][info][gc,stats    ]   Update Region States               49 us
[100.394s][info][gc,stats    ]   Choose Collection Set             474 us
[100.394s][info][gc,stats    ]   Rebuild Free Set                   13 us
[100.394s][info][gc,stats    ] Concurrent Thread Roots            2552 us, parallelism: 0.90x
[100.394s][info][gc,stats    ]   CTR: <total>                     2290 us
[100.394s][info][gc,stats    ]   CTR: Thread Roots                2290 us, workers (us): 2242,  48, ---, ---, ---, ---, ---, ---, 
[100.394s][info][gc,stats    ] Concurrent Weak References        28696 us, parallelism: 1.07x
[100.394s][info][gc,stats    ]   CWRF: <total>                   30729 us
[100.394s][info][gc,stats    ]   CWRF: Weak References           30729 us, workers (us): 2175, 28554, ---, ---, ---, ---, ---, ---, 
[100.394s][info][gc,stats    ] Concurrent Weak Roots             12223 us
[100.394s][info][gc,stats    ]   Roots                            3474 us, parallelism: 1.55x
[100.394s][info][gc,stats    ]     CWR: <total>                   5397 us
[100.394s][info][gc,stats    ]     CWR: Code Cache Roots          3553 us, workers (us): 1809, 1744, ---, ---, ---, ---, ---, ---, 
[100.394s][info][gc,stats    ]     CWR: VM Weak Roots             1799 us, workers (us): 928, 870, ---, ---, ---, ---, ---, ---, 
[100.394s][info][gc,stats    ]     CWR: CLDG Roots                  46 us, workers (us): ---,  46, ---, ---, ---, ---, ---, ---, 
[100.394s][info][gc,stats    ]   Rendezvous                       8689 us
[100.394s][info][gc,stats    ] Concurrent Cleanup                  157 us
[100.394s][info][gc,stats    ] Concurrent Class Unloading       113451 us
[100.394s][info][gc,stats    ]   Unlink Stale                    25845 us
[100.394s][info][gc,stats    ]     System Dictionary                97 us
[100.394s][info][gc,stats    ]     Weak Class Links                  0 us
[100.394s][info][gc,stats    ]     Code Roots                    25746 us
[100.394s][info][gc,stats    ]   Rendezvous                       3421 us
[100.394s][info][gc,stats    ]   Purge Unlinked                  84141 us
[100.394s][info][gc,stats    ]     Code Roots                    84006 us
[100.394s][info][gc,stats    ]     CLDG                            133 us
[100.394s][info][gc,stats    ]     Exception Caches                  0 us
[100.394s][info][gc,stats    ] Concurrent Strong Roots            3385 us, parallelism: 0.16x
[100.394s][info][gc,stats    ]   CSR: <total>                      545 us
[100.394s][info][gc,stats    ]   CSR: VM Strong Roots               23 us, workers (us):  23,   1, ---, ---, ---, ---, ---, ---, 
[100.394s][info][gc,stats    ]   CSR: CLDG Roots                   521 us, workers (us): 521, ---, ---, ---, ---, ---, ---, ---, 
[100.394s][info][gc,stats    ] Concurrent Evacuation            285346 us
[100.394s][info][gc,stats    ] Pause Init Update Refs (G)          238 us
[100.394s][info][gc,stats    ] Pause Init Update Refs (N)          102 us
[100.394s][info][gc,stats    ]   Manage GCLABs                      46 us
[100.394s][info][gc,stats    ] Concurrent Update Refs           222562 us
[100.394s][info][gc,stats    ] Concurrent Update Thread Roots      749 us
[100.394s][info][gc,stats    ] Pause Final Update Refs (G)         489 us
[100.394s][info][gc,stats    ] Pause Final Update Refs (N)         138 us
[100.394s][info][gc,stats    ]   Update Region States               56 us
[100.394s][info][gc,stats    ]   Trash Collection Set               21 us
[100.394s][info][gc,stats    ]   Rebuild Free Set                   16 us
[100.394s][info][gc,stats    ] Concurrent Cleanup                  275 us
[100.394s][info][gc,stats    ] 
[100.394s][info][gc,stats    ] Allocation pacing accrued:
[100.394s][info][gc,stats    ]       0 of 26858 ms (  0.0%): <total>
[100.394s][info][gc,stats    ]       0 of 26858 ms (  0.0%): <average total>
[100.394s][info][gc,stats    ] 
[100.394s][info][gc,metaspace] Metaspace: 71165K(71680K)->71165K(71680K) NonClass: 63663K(63936K)->63664K(63936K) Class: 7501K(7744K)->7501K(7744K)
[100.394s][info][gc,ergo     ] Pacer for Idle. Initial: 40642K, Alloc Tax Rate: 1.0x
