[0.011s][info][gc] Heuristics ergonomically sets -XX:+ExplicitGCInvokesConcurrent
[0.011s][info][gc] Heuristics ergonomically sets -XX:+ShenandoahImplicitGCInvokesConcurrent
[0.011s][info][gc] Using Shenandoah
[0.011s][info][gc] Heuristics ergonomically sets -XX:+ShenandoahAlwaysClearSoftRefs
[0.011s][info][gc] Heuristics ergonomically sets -XX:ShenandoahAllocationThreshold=10
[0.011s][info][gc] Heuristics ergonomically sets -XX:ShenandoahImmediateThreshold=100
[0.011s][info][gc] Heuristics ergonomically sets -XX:ShenandoahUncommitDelay=1000
[0.011s][info][gc] Heuristics ergonomically sets -XX:ShenandoahGuaranteedGCInterval=30000
[0.011s][info][gc] Heuristics ergonomically sets -XX:ShenandoahGarbageThreshold=10
[0.012s][info][gc,ergo] Pacer for Idle. Initial: 40642K, Alloc Tax Rate: 1.0x
[0.012s][info][gc,init] Version: 21.0.7+6-Ubuntu-0ubuntu122.04 (release)
[0.012s][info][gc,init] CPUs: 4 total, 4 available
[0.012s][info][gc,init] Memory: 7937M
[0.012s][info][gc,init] Large Page Support: Disabled
[0.012s][info][gc,init] NUMA Support: Disabled
[0.012s][info][gc,init] Compressed Oops: Enabled (32-bit)
[0.012s][info][gc,init] Heap Min Capacity: 6656K
[0.012s][info][gc,init] Heap Initial Capacity: 127488K
[0.012s][info][gc,init] Heap Max Capacity: 2032128K
[0.012s][info][gc,init] Pre-touch: Disabled
[0.012s][info][gc,init] Mode: Snapshot-At-The-Beginning (SATB)
[0.012s][info][gc,init] Heuristics: Compact
[0.012s][info][gc,init] Heap Region Count: 3969
[0.012s][info][gc,init] Heap Region Size: 512K
[0.012s][info][gc,init] TLAB Size Max: 512K
[0.012s][info][gc,init] Humongous Object Threshold: 512K
[0.012s][info][gc,init] Parallel Workers: 8
[0.012s][info][gc,init] Concurrent Workers: 2
[0.021s][info][gc,metaspace] CDS archive(s) mapped at: [0x00007ff24b000000-0x00007ff24bc97000-0x00007ff24bc97000), size 13201408, SharedBaseAddress: 0x00007ff24b000000, ArchiveRelocationMode: 1.
[0.021s][info][gc,metaspace] Compressed class space mapped at: 0x00007ff24c000000-0x00007ff28c000000, reserved size: 1073741824
[0.021s][info][gc,metaspace] Narrow klass base: 0x00007ff24b000000, Narrow klass shift: 0, Narrow klass range: 0x100000000
[1.043s][info][gc,start    ] Concurrent uncommit
[1.043s][info][gc          ] Concurrent uncommit 111M->111M(113M) 0.229ms
[1.222s][info][gc          ] Trigger: Metadata GC Threshold
[1.222s][info][gc,ergo     ] Free: 1745M, Max: 512K regular, 1745M humongous, Frag: 0% external, 0% internal; Reserve: 101888K, Max: 512K
[1.222s][info][gc,start    ] GC(0) Concurrent reset
[1.222s][info][gc,task     ] GC(0) Using 2 of 8 workers for concurrent reset
[1.222s][info][gc,ergo     ] GC(0) Pacer for Reset. Non-Taxable: 1984M
[1.223s][info][gc          ] GC(0) Concurrent reset 0.398ms
[1.223s][info][gc,start    ] GC(0) Pause Init Mark (unload classes)
[1.223s][info][gc,task     ] GC(0) Using 8 of 8 workers for init marking
[1.223s][info][gc,ref      ] GC(0) Clearing All SoftReferences
[1.223s][info][gc,ergo     ] GC(0) Pacer for Mark. Expected Live: 198M, Free: 1745M, Non-Taxable: 174M, Alloc Tax Rate: 0.1x
[1.223s][info][gc          ] GC(0) Pause Init Mark (unload classes) 0.560ms
[1.223s][info][gc,start    ] GC(0) Concurrent marking roots
[1.223s][info][gc,task     ] GC(0) Using 2 of 8 workers for concurrent marking roots
[1.225s][info][gc          ] GC(0) Concurrent marking roots 1.888ms
[1.225s][info][gc,start    ] GC(0) Concurrent marking (unload classes)
[1.225s][info][gc,task     ] GC(0) Using 2 of 8 workers for concurrent marking
[1.275s][info][gc          ] GC(0) Concurrent marking (unload classes) 49.591ms
[1.275s][info][gc,start    ] GC(0) Pause Final Mark (unload classes)
[1.275s][info][gc,task     ] GC(0) Using 8 of 8 workers for final marking
[1.278s][info][gc,ergo     ] GC(0) CSet Selection. Actual Free: 1846M, Max CSet: 1384M
[1.278s][info][gc,ergo     ] GC(0) Collectable Garbage: 75056K (99%), Immediate: 5359K (7%), CSet: 69697K (92%)
[1.278s][info][gc,ergo     ] GC(0) Pacer for Evacuation. Used CSet: 81920K, Free: 1747M, Non-Taxable: 174M, Alloc Tax Rate: 1.1x
[1.278s][info][gc          ] GC(0) Pause Final Mark (unload classes) 3.418ms
[1.278s][info][gc,start    ] GC(0) Concurrent thread roots
[1.278s][info][gc,task     ] GC(0) Using 2 of 8 workers for Concurrent thread roots
[1.279s][info][gc          ] GC(0) Concurrent thread roots 0.385ms
[1.279s][info][gc,start    ] GC(0) Concurrent weak references
[1.279s][info][gc,task     ] GC(0) Using 2 of 8 workers for concurrent weak references
[1.279s][info][gc,ref      ] GC(0) Encountered references: Soft: 3895, Weak: 2155, Final: 4, Phantom: 822
[1.279s][info][gc,ref      ] GC(0) Discovered  references: Soft: 1745, Weak: 1461, Final: 0, Phantom: 488
[1.279s][info][gc,ref      ] GC(0) Enqueued    references: Soft: 1595, Weak: 640, Final: 0, Phantom: 230
[1.280s][info][gc          ] GC(0) Concurrent weak references 0.675ms
[1.280s][info][gc,start    ] GC(0) Concurrent weak roots
[1.280s][info][gc,task     ] GC(0) Using 2 of 8 workers for concurrent weak root
[1.282s][info][gc          ] GC(0) Concurrent weak roots 2.619ms
[1.282s][info][gc,start    ] GC(0) Concurrent cleanup
[1.282s][info][gc          ] GC(0) Concurrent cleanup 144M->138M(147M) 0.100ms
[1.282s][info][gc,ergo     ] GC(0) Free: 1745M, Max: 512K regular, 1740M humongous, Frag: 1% external, 0% internal; Reserve: 99823K, Max: 512K
[1.282s][info][gc,start    ] GC(0) Concurrent class unloading
[1.282s][info][gc,task     ] GC(0) Using 2 of 8 workers for concurrent class unloading
[1.290s][info][gc          ] GC(0) Concurrent class unloading 7.394ms
[1.290s][info][gc,start    ] GC(0) Concurrent strong roots
[1.290s][info][gc,task     ] GC(0) Using 2 of 8 workers for concurrent strong root
[1.291s][info][gc          ] GC(0) Concurrent strong roots 1.164ms
[1.291s][info][gc,start    ] GC(0) Concurrent evacuation
[1.291s][info][gc,task     ] GC(0) Using 2 of 8 workers for concurrent evacuation
[1.298s][info][gc          ] GC(0) Concurrent evacuation 6.657ms
[1.298s][info][gc,start    ] GC(0) Pause Init Update Refs
[1.298s][info][gc,ergo     ] GC(0) Pacer for Update Refs. Used: 151M, Free: 1745M, Non-Taxable: 174M, Alloc Tax Rate: 1.1x
[1.298s][info][gc          ] GC(0) Pause Init Update Refs 0.021ms
[1.298s][info][gc,start    ] GC(0) Concurrent update references
[1.298s][info][gc,task     ] GC(0) Using 2 of 8 workers for concurrent reference update
[1.329s][info][gc          ] GC(0) Concurrent update references 30.853ms
[1.329s][info][gc,start    ] GC(0) Concurrent update thread roots
[1.329s][info][gc          ] GC(0) Concurrent update thread roots 0.444ms
[1.329s][info][gc,start    ] GC(0) Pause Final Update Refs
[1.329s][info][gc,task     ] GC(0) Using 8 of 8 workers for final reference update
[1.329s][info][gc          ] GC(0) Pause Final Update Refs 0.078ms
[1.329s][info][gc,start    ] GC(0) Concurrent cleanup
[1.329s][info][gc          ] GC(0) Concurrent cleanup 154M->74M(159M) 0.060ms
[1.329s][info][gc,ergo     ] Free: 1808M, Max: 512K regular, 1726M humongous, Frag: 5% external, 0% internal; Reserve: 101888K, Max: 512K
[1.329s][info][gc,stats    ] 
[1.329s][info][gc,stats    ] All times are wall-clock times, except per-root-class counters, that are sum over
[1.329s][info][gc,stats    ] all workers. Dividing the <total> over the root stage time estimates parallelism.
[1.329s][info][gc,stats    ] 
[1.329s][info][gc,stats    ] Concurrent Reset                    418 us
[1.329s][info][gc,stats    ] Pause Init Mark (G)                 818 us
[1.329s][info][gc,stats    ] Pause Init Mark (N)                 577 us
[1.329s][info][gc,stats    ]   Update Region States               30 us
[1.329s][info][gc,stats    ] Concurrent Mark Roots              1907 us, parallelism: 0.93x
[1.329s][info][gc,stats    ]   CMR: <total>                     1781 us
[1.329s][info][gc,stats    ]   CMR: Thread Roots                 648 us, workers (us): 648,   0, ---, ---, ---, ---, ---, ---, 
[1.329s][info][gc,stats    ]   CMR: VM Strong Roots              302 us, workers (us): 302,   0, ---, ---, ---, ---, ---, ---, 
[1.329s][info][gc,stats    ]   CMR: CLDG Roots                   830 us, workers (us): 830, ---, ---, ---, ---, ---, ---, ---, 
[1.329s][info][gc,stats    ] Concurrent Marking                49607 us
[1.329s][info][gc,stats    ] Pause Final Mark (G)               3536 us
[1.329s][info][gc,stats    ] Pause Final Mark (N)               3432 us
[1.329s][info][gc,stats    ]   Finish Mark                      3277 us
[1.329s][info][gc,stats    ]   Update Region States               40 us
[1.329s][info][gc,stats    ]   Choose Collection Set              59 us
[1.329s][info][gc,stats    ]   Rebuild Free Set                   16 us
[1.329s][info][gc,stats    ] Concurrent Thread Roots             398 us, parallelism: 1.14x
[1.329s][info][gc,stats    ]   CTR: <total>                      454 us
[1.329s][info][gc,stats    ]   CTR: Thread Roots                 454 us, workers (us): 359,  95, ---, ---, ---, ---, ---, ---, 
[1.329s][info][gc,stats    ] Concurrent Weak References          681 us, parallelism: 1.03x
[1.329s][info][gc,stats    ]   CWRF: <total>                     702 us
[1.329s][info][gc,stats    ]   CWRF: Weak References             702 us, workers (us):  86, 616, ---, ---, ---, ---, ---, ---, 
[1.329s][info][gc,stats    ] Concurrent Weak Roots              2630 us
[1.329s][info][gc,stats    ]   Roots                            2586 us, parallelism: 1.88x
[1.329s][info][gc,stats    ]     CWR: <total>                   4859 us
[1.329s][info][gc,stats    ]     CWR: Code Cache Roots          1501 us, workers (us): 791, 710, ---, ---, ---, ---, ---, ---, 
[1.329s][info][gc,stats    ]     CWR: VM Weak Roots             3338 us, workers (us): 1721, 1617, ---, ---, ---, ---, ---, ---, 
[1.329s][info][gc,stats    ]     CWR: CLDG Roots                  20 us, workers (us):  20, ---, ---, ---, ---, ---, ---, ---, 
[1.329s][info][gc,stats    ]   Rendezvous                         22 us
[1.329s][info][gc,stats    ] Concurrent Cleanup                  107 us
[1.329s][info][gc,stats    ] Concurrent Class Unloading         7405 us
[1.329s][info][gc,stats    ]   Unlink Stale                     5354 us
[1.329s][info][gc,stats    ]     System Dictionary               168 us
[1.329s][info][gc,stats    ]     Weak Class Links               2427 us
[1.329s][info][gc,stats    ]     Code Roots                     2758 us
[1.329s][info][gc,stats    ]   Rendezvous                        105 us
[1.329s][info][gc,stats    ]   Purge Unlinked                   1915 us
[1.329s][info][gc,stats    ]     Code Roots                     1785 us
[1.329s][info][gc,stats    ]     CLDG                            130 us
[1.330s][info][gc,stats    ]     Exception Caches                  0 us
[1.330s][info][gc,stats    ] Concurrent Strong Roots            1179 us, parallelism: 0.92x
[1.330s][info][gc,stats    ]   CSR: <total>                     1080 us
[1.330s][info][gc,stats    ]   CSR: VM Strong Roots               23 us, workers (us):  23,   0, ---, ---, ---, ---, ---, ---, 
[1.330s][info][gc,stats    ]   CSR: CLDG Roots                  1057 us, workers (us): 1057, ---, ---, ---, ---, ---, ---, ---, 
[1.330s][info][gc,stats    ] Concurrent Evacuation              6666 us
[1.330s][info][gc,stats    ] Pause Init Update Refs (G)          125 us
[1.330s][info][gc,stats    ] Pause Init Update Refs (N)           27 us
[1.330s][info][gc,stats    ]   Manage GCLABs                       4 us
[1.330s][info][gc,stats    ] Concurrent Update Refs            30873 us
[1.330s][info][gc,stats    ] Concurrent Update Thread Roots      457 us
[1.330s][info][gc,stats    ] Pause Final Update Refs (G)         178 us
[1.330s][info][gc,stats    ] Pause Final Update Refs (N)          84 us
[1.330s][info][gc,stats    ]   Update Region States               34 us
[1.330s][info][gc,stats    ]   Trash Collection Set                4 us
[1.330s][info][gc,stats    ]   Rebuild Free Set                   21 us
[1.330s][info][gc,stats    ] Concurrent Cleanup                   66 us
[1.330s][info][gc,stats    ] 
[1.330s][info][gc,stats    ] Allocation pacing accrued:
[1.330s][info][gc,stats    ]       0 of  1317 ms (  0.0%): <total>
[1.330s][info][gc,stats    ]       0 of  1317 ms (  0.0%): <average total>
[1.330s][info][gc,stats    ] 
[1.330s][info][gc,metaspace] Metaspace: 21203K(21568K)->22449K(22720K) NonClass: 18852K(19008K)->19971K(20096K) Class: 2351K(2560K)->2478K(2624K)
[1.330s][info][gc,ergo     ] Pacer for Idle. Initial: 40642K, Alloc Tax Rate: 1.0x
[2.600s][info][gc          ] Trigger: Metadata GC Threshold
[2.600s][info][gc,ergo     ] Free: 1702M, Max: 512K regular, 1702M humongous, Frag: 0% external, 0% internal; Reserve: 101888K, Max: 512K
[2.600s][info][gc,start    ] GC(1) Concurrent reset
[2.600s][info][gc,task     ] GC(1) Using 2 of 8 workers for concurrent reset
[2.600s][info][gc,ergo     ] GC(1) Pacer for Reset. Non-Taxable: 1984M
[2.601s][info][gc          ] GC(1) Concurrent reset 1.738ms
[2.602s][info][gc,start    ] GC(1) Pause Init Mark (unload classes)
[2.602s][info][gc,task     ] GC(1) Using 8 of 8 workers for init marking
[2.602s][info][gc,ref      ] GC(1) Clearing All SoftReferences
[2.602s][info][gc,ergo     ] GC(1) Pacer for Mark. Expected Live: 64906K, Free: 1702M, Non-Taxable: 170M, Alloc Tax Rate: 0.0x
[2.602s][info][gc          ] GC(1) Pause Init Mark (unload classes) 0.058ms
[2.602s][info][gc,start    ] GC(1) Concurrent marking roots
[2.602s][info][gc,task     ] GC(1) Using 2 of 8 workers for concurrent marking roots
[2.602s][info][gc          ] GC(1) Concurrent marking roots 0.796ms
[2.602s][info][gc,start    ] GC(1) Concurrent marking (unload classes)
[2.603s][info][gc,task     ] GC(1) Using 2 of 8 workers for concurrent marking
[2.684s][info][gc          ] GC(1) Concurrent marking (unload classes) 81.996ms
[2.685s][info][gc,start    ] GC(1) Pause Final Mark (unload classes)
[2.685s][info][gc,task     ] GC(1) Using 8 of 8 workers for final marking
[2.685s][info][gc,ergo     ] GC(1) CSet Selection. Actual Free: 1839M, Max CSet: 1379M
[2.685s][info][gc,ergo     ] GC(1) Collectable Garbage: 108M (99%), Immediate: 42835K (38%), CSet: 68744K (61%)
[2.685s][info][gc,ergo     ] GC(1) Pacer for Evacuation. Used CSet: 77868K, Free: 1741M, Non-Taxable: 174M, Alloc Tax Rate: 1.1x
[2.685s][info][gc          ] GC(1) Pause Final Mark (unload classes) 0.244ms
[2.685s][info][gc,start    ] GC(1) Concurrent thread roots
[2.685s][info][gc,task     ] GC(1) Using 2 of 8 workers for Concurrent thread roots
[2.685s][info][gc          ] GC(1) Concurrent thread roots 0.357ms
[2.685s][info][gc,start    ] GC(1) Concurrent weak references
[2.685s][info][gc,task     ] GC(1) Using 2 of 8 workers for concurrent weak references
[2.686s][info][gc,ref      ] GC(1) Encountered references: Soft: 2660, Weak: 2710, Final: 21, Phantom: 811
[2.686s][info][gc,ref      ] GC(1) Discovered  references: Soft: 489, Weak: 1539, Final: 0, Phantom: 424
[2.686s][info][gc,ref      ] GC(1) Enqueued    references: Soft: 299, Weak: 465, Final: 0, Phantom: 191
[2.686s][info][gc          ] GC(1) Concurrent weak references 0.575ms
[2.686s][info][gc,start    ] GC(1) Concurrent weak roots
[2.686s][info][gc,task     ] GC(1) Using 2 of 8 workers for concurrent weak root
[2.688s][info][gc          ] GC(1) Concurrent weak roots 2.247ms
[2.688s][info][gc,start    ] GC(1) Concurrent cleanup
[2.688s][info][gc          ] GC(1) Concurrent cleanup 184M->142M(189M) 0.124ms
[2.688s][info][gc,ergo     ] GC(1) Free: 1740M, Max: 512K regular, 1697M humongous, Frag: 3% external, 0% internal; Reserve: 100400K, Max: 512K
[2.688s][info][gc,start    ] GC(1) Concurrent class unloading
[2.688s][info][gc,task     ] GC(1) Using 2 of 8 workers for concurrent class unloading
[2.697s][info][gc          ] GC(1) Concurrent class unloading 8.376ms
[2.697s][info][gc,start    ] GC(1) Concurrent strong roots
[2.697s][info][gc,task     ] GC(1) Using 2 of 8 workers for concurrent strong root
[2.698s][info][gc          ] GC(1) Concurrent strong roots 1.575ms
[2.698s][info][gc,start    ] GC(1) Concurrent evacuation
[2.698s][info][gc,task     ] GC(1) Using 2 of 8 workers for concurrent evacuation
[2.704s][info][gc          ] GC(1) Concurrent evacuation 6.207ms
[2.705s][info][gc,start    ] GC(1) Pause Init Update Refs
[2.705s][info][gc,ergo     ] GC(1) Pacer for Update Refs. Used: 153M, Free: 1739M, Non-Taxable: 173M, Alloc Tax Rate: 1.1x
[2.705s][info][gc          ] GC(1) Pause Init Update Refs 0.028ms
[2.705s][info][gc,start    ] GC(1) Concurrent update references
[2.705s][info][gc,task     ] GC(1) Using 2 of 8 workers for concurrent reference update
[2.732s][info][gc          ] GC(1) Concurrent update references 27.807ms
[2.732s][info][gc,start    ] GC(1) Concurrent update thread roots
[2.733s][info][gc          ] GC(1) Concurrent update thread roots 0.304ms
[2.733s][info][gc,start    ] GC(1) Pause Final Update Refs
[2.733s][info][gc,task     ] GC(1) Using 8 of 8 workers for final reference update
[2.733s][info][gc          ] GC(1) Pause Final Update Refs 0.076ms
[2.733s][info][gc,start    ] GC(1) Concurrent cleanup
[2.733s][info][gc          ] GC(1) Concurrent cleanup 155M->79M(198M) 0.065ms
[2.733s][info][gc,ergo     ] Free: 1803M, Max: 512K regular, 1691M humongous, Frag: 7% external, 0% internal; Reserve: 101888K, Max: 512K
[2.733s][info][gc,stats    ] 
[2.733s][info][gc,stats    ] All times are wall-clock times, except per-root-class counters, that are sum over
[2.733s][info][gc,stats    ] all workers. Dividing the <total> over the root stage time estimates parallelism.
[2.733s][info][gc,stats    ] 
[2.733s][info][gc,stats    ] Concurrent Reset                   1761 us
[2.733s][info][gc,stats    ] Pause Init Mark (G)                 282 us
[2.733s][info][gc,stats    ] Pause Init Mark (N)                  64 us
[2.733s][info][gc,stats    ]   Update Region States               25 us
[2.733s][info][gc,stats    ] Concurrent Mark Roots               810 us, parallelism: 1.79x
[2.733s][info][gc,stats    ]   CMR: <total>                     1452 us
[2.733s][info][gc,stats    ]   CMR: Thread Roots                 652 us, workers (us): 546, 106, ---, ---, ---, ---, ---, ---, 
[2.733s][info][gc,stats    ]   CMR: VM Strong Roots              301 us, workers (us): 175, 126, ---, ---, ---, ---, ---, ---, 
[2.733s][info][gc,stats    ]   CMR: CLDG Roots                   499 us, workers (us): ---, 499, ---, ---, ---, ---, ---, ---, 
[2.733s][info][gc,stats    ] Concurrent Marking                82021 us
[2.733s][info][gc,stats    ] Pause Final Mark (G)                366 us
[2.733s][info][gc,stats    ] Pause Final Mark (N)                251 us
[2.733s][info][gc,stats    ]   Finish Mark                        97 us
[2.733s][info][gc,stats    ]   Update Region States               42 us
[2.733s][info][gc,stats    ]   Choose Collection Set              58 us
[2.733s][info][gc,stats    ]   Rebuild Free Set                   17 us
[2.733s][info][gc,stats    ] Concurrent Thread Roots             371 us, parallelism: 1.40x
[2.733s][info][gc,stats    ]   CTR: <total>                      521 us
[2.733s][info][gc,stats    ]   CTR: Thread Roots                 521 us, workers (us): 329, 191, ---, ---, ---, ---, ---, ---, 
[2.733s][info][gc,stats    ] Concurrent Weak References          582 us, parallelism: 0.96x
[2.733s][info][gc,stats    ]   CWRF: <total>                     560 us
[2.733s][info][gc,stats    ]   CWRF: Weak References             560 us, workers (us): 512,  48, ---, ---, ---, ---, ---, ---, 
[2.733s][info][gc,stats    ] Concurrent Weak Roots              2264 us
[2.733s][info][gc,stats    ]   Roots                            2126 us, parallelism: 1.77x
[2.733s][info][gc,stats    ]     CWR: <total>                   3760 us
[2.733s][info][gc,stats    ]     CWR: Code Cache Roots          1056 us, workers (us): 551, 505, ---, ---, ---, ---, ---, ---, 
[2.733s][info][gc,stats    ]     CWR: VM Weak Roots             2674 us, workers (us): 1522, 1152, ---, ---, ---, ---, ---, ---, 
[2.733s][info][gc,stats    ]     CWR: CLDG Roots                  30 us, workers (us): ---,  30, ---, ---, ---, ---, ---, ---, 
[2.733s][info][gc,stats    ]   Rendezvous                        108 us
[2.733s][info][gc,stats    ] Concurrent Cleanup                  133 us
[2.733s][info][gc,stats    ] Concurrent Class Unloading         8387 us
[2.733s][info][gc,stats    ]   Unlink Stale                     6902 us
[2.733s][info][gc,stats    ]     System Dictionary               157 us
[2.733s][info][gc,stats    ]     Weak Class Links               4709 us
[2.733s][info][gc,stats    ]     Code Roots                     2034 us
[2.733s][info][gc,stats    ]   Rendezvous                         51 us
[2.733s][info][gc,stats    ]   Purge Unlinked                   1410 us
[2.733s][info][gc,stats    ]     Code Roots                     1356 us
[2.733s][info][gc,stats    ]     CLDG                             53 us
[2.733s][info][gc,stats    ]     Exception Caches                  0 us
[2.733s][info][gc,stats    ] Concurrent Strong Roots            1591 us, parallelism: 0.97x
[2.733s][info][gc,stats    ]   CSR: <total>                     1541 us
[2.733s][info][gc,stats    ]   CSR: VM Strong Roots               44 us, workers (us):  36,   8, ---, ---, ---, ---, ---, ---, 
[2.733s][info][gc,stats    ]   CSR: CLDG Roots                  1497 us, workers (us): ---, 1497, ---, ---, ---, ---, ---, ---, 
[2.733s][info][gc,stats    ] Concurrent Evacuation              6225 us
[2.733s][info][gc,stats    ] Pause Init Update Refs (G)          129 us
[2.733s][info][gc,stats    ] Pause Init Update Refs (N)           34 us
[2.733s][info][gc,stats    ]   Manage GCLABs                       6 us
[2.733s][info][gc,stats    ] Concurrent Update Refs            27818 us
[2.733s][info][gc,stats    ] Concurrent Update Thread Roots      317 us
[2.733s][info][gc,stats    ] Pause Final Update Refs (G)         110 us
[2.733s][info][gc,stats    ] Pause Final Update Refs (N)          82 us
[2.733s][info][gc,stats    ]   Update Region States               36 us
[2.733s][info][gc,stats    ]   Trash Collection Set                4 us
[2.733s][info][gc,stats    ]   Rebuild Free Set                   20 us
[2.733s][info][gc,stats    ] Concurrent Cleanup                   70 us
[2.733s][info][gc,stats    ] 
[2.733s][info][gc,stats    ] Allocation pacing accrued:
[2.733s][info][gc,stats    ]       0 of  1404 ms (  0.0%): <total>
[2.733s][info][gc,stats    ]       0 of  1404 ms (  0.0%): <average total>
[2.733s][info][gc,stats    ] 
[2.733s][info][gc,metaspace] Metaspace: 37589K(37952K)->39189K(39488K) NonClass: 33431K(33664K)->34822K(35008K) Class: 4157K(4288K)->4367K(4480K)
[2.733s][info][gc,ergo     ] Pacer for Idle. Initial: 40642K, Alloc Tax Rate: 1.0x
[3.330s][info][gc          ] Trigger: Allocated since last cycle (198M) is larger than allocation threshold (198M)
[3.330s][info][gc,ergo     ] Free: 1612M, Max: 512K regular, 1612M humongous, Frag: 0% external, 0% internal; Reserve: 101888K, Max: 512K
[3.331s][info][gc,start    ] GC(2) Concurrent reset
[3.331s][info][gc,task     ] GC(2) Using 2 of 8 workers for concurrent reset
[3.331s][info][gc,ergo     ] GC(2) Pacer for Reset. Non-Taxable: 1984M
[3.331s][info][gc          ] GC(2) Concurrent reset 0.820ms
[3.332s][info][gc,start    ] GC(2) Pause Init Mark (unload classes)
[3.332s][info][gc,task     ] GC(2) Using 8 of 8 workers for init marking
[3.332s][info][gc,ref      ] GC(2) Clearing All SoftReferences
[3.332s][info][gc,ergo     ] GC(2) Pacer for Mark. Expected Live: 67835K, Free: 1612M, Non-Taxable: 161M, Alloc Tax Rate: 0.1x
[3.332s][info][gc          ] GC(2) Pause Init Mark (unload classes) 0.058ms
[3.332s][info][gc,start    ] GC(2) Concurrent marking roots
[3.332s][info][gc,task     ] GC(2) Using 2 of 8 workers for concurrent marking roots
[3.332s][info][gc          ] GC(2) Concurrent marking roots 0.524ms
[3.332s][info][gc,start    ] GC(2) Concurrent marking (unload classes)
[3.332s][info][gc,task     ] GC(2) Using 2 of 8 workers for concurrent marking
[3.399s][info][gc          ] GC(2) Concurrent marking (unload classes) 66.888ms
[3.399s][info][gc,start    ] GC(2) Pause Final Mark (unload classes)
[3.399s][info][gc,task     ] GC(2) Using 8 of 8 workers for final marking
[3.400s][info][gc,ergo     ] GC(2) CSet Selection. Actual Free: 1803M, Max CSet: 1352M
[3.400s][info][gc,ergo     ] GC(2) Collectable Garbage: 199M (99%), Immediate: 101M (50%), CSet: 100551K (49%)
[3.400s][info][gc,ergo     ] GC(2) Pacer for Evacuation. Used CSet: 100M, Free: 1704M, Non-Taxable: 170M, Alloc Tax Rate: 1.1x
[3.400s][info][gc          ] GC(2) Pause Final Mark (unload classes) 1.166ms
[3.400s][info][gc,start    ] GC(2) Concurrent thread roots
[3.400s][info][gc,task     ] GC(2) Using 2 of 8 workers for Concurrent thread roots
[3.407s][info][gc          ] GC(2) Concurrent thread roots 6.273ms
[3.407s][info][gc,start    ] GC(2) Concurrent weak references
[3.407s][info][gc,task     ] GC(2) Using 2 of 8 workers for concurrent weak references
[3.407s][info][gc,ref      ] GC(2) Encountered references: Soft: 2437, Weak: 2775, Final: 21, Phantom: 767
[3.407s][info][gc,ref      ] GC(2) Discovered  references: Soft: 2342, Weak: 897, Final: 0, Phantom: 378
[3.407s][info][gc,ref      ] GC(2) Enqueued    references: Soft: 88, Weak: 194, Final: 0, Phantom: 133
[3.407s][info][gc          ] GC(2) Concurrent weak references 0.378ms
[3.407s][info][gc,start    ] GC(2) Concurrent weak roots
[3.407s][info][gc,task     ] GC(2) Using 2 of 8 workers for concurrent weak root
[3.409s][info][gc          ] GC(2) Concurrent weak roots 1.609ms
[3.409s][info][gc,start    ] GC(2) Concurrent cleanup
[3.409s][info][gc          ] GC(2) Concurrent cleanup 282M->181M(288M) 0.109ms
[3.409s][info][gc,ergo     ] GC(2) Free: 1702M, Max: 512K regular, 1601M humongous, Frag: 6% external, 0% internal; Reserve: 100606K, Max: 512K
[3.409s][info][gc,start    ] GC(2) Concurrent class unloading
[3.409s][info][gc,task     ] GC(2) Using 2 of 8 workers for concurrent class unloading
[3.417s][info][gc          ] GC(2) Concurrent class unloading 8.626ms
[3.417s][info][gc,start    ] GC(2) Concurrent strong roots
[3.417s][info][gc,task     ] GC(2) Using 2 of 8 workers for concurrent strong root
[3.418s][info][gc          ] GC(2) Concurrent strong roots 0.844ms
[3.418s][info][gc,start    ] GC(2) Concurrent evacuation
[3.418s][info][gc,task     ] GC(2) Using 2 of 8 workers for concurrent evacuation
[3.420s][info][gc          ] GC(2) Concurrent evacuation 1.353ms
[3.420s][info][gc,start    ] GC(2) Pause Init Update Refs
[3.420s][info][gc,ergo     ] GC(2) Pacer for Update Refs. Used: 183M, Free: 1702M, Non-Taxable: 170M, Alloc Tax Rate: 1.1x
[3.420s][info][gc          ] GC(2) Pause Init Update Refs 0.022ms
[3.420s][info][gc,start    ] GC(2) Concurrent update references
[3.420s][info][gc,task     ] GC(2) Using 2 of 8 workers for concurrent reference update
[3.456s][info][gc          ] GC(2) Concurrent update references 36.584ms
[3.456s][info][gc,start    ] GC(2) Concurrent update thread roots
[3.457s][info][gc          ] GC(2) Concurrent update thread roots 0.163ms
[3.457s][info][gc,start    ] GC(2) Pause Final Update Refs
[3.457s][info][gc,task     ] GC(2) Using 8 of 8 workers for final reference update
[3.457s][info][gc          ] GC(2) Pause Final Update Refs 0.086ms
[3.457s][info][gc,start    ] GC(2) Concurrent cleanup
[3.457s][info][gc          ] GC(2) Concurrent cleanup 188M->87M(288M) 0.072ms
[3.457s][info][gc,ergo     ] Free: 1795M, Max: 512K regular, 1601M humongous, Frag: 11% external, 0% internal; Reserve: 101888K, Max: 512K
[3.457s][info][gc,stats    ] 
[3.457s][info][gc,stats    ] All times are wall-clock times, except per-root-class counters, that are sum over
[3.457s][info][gc,stats    ] all workers. Dividing the <total> over the root stage time estimates parallelism.
[3.457s][info][gc,stats    ] 
[3.457s][info][gc,stats    ] Concurrent Reset                    839 us
[3.457s][info][gc,stats    ] Pause Init Mark (G)                 218 us
[3.457s][info][gc,stats    ] Pause Init Mark (N)                  64 us
[3.457s][info][gc,stats    ]   Update Region States               20 us
[3.457s][info][gc,stats    ] Concurrent Mark Roots               540 us, parallelism: 1.61x
[3.457s][info][gc,stats    ]   CMR: <total>                      870 us
[3.457s][info][gc,stats    ]   CMR: Thread Roots                 448 us, workers (us): 167, 282, ---, ---, ---, ---, ---, ---, 
[3.457s][info][gc,stats    ]   CMR: VM Strong Roots              264 us, workers (us): 118, 146, ---, ---, ---, ---, ---, ---, 
[3.457s][info][gc,stats    ]   CMR: CLDG Roots                   158 us, workers (us): 158, ---, ---, ---, ---, ---, ---, ---, 
[3.457s][info][gc,stats    ] Concurrent Marking                66917 us
[3.457s][info][gc,stats    ] Pause Final Mark (G)               1274 us
[3.457s][info][gc,stats    ] Pause Final Mark (N)               1172 us
[3.457s][info][gc,stats    ]   Finish Mark                       982 us
[3.457s][info][gc,stats    ]   Update Region States               62 us
[3.457s][info][gc,stats    ]   Choose Collection Set              66 us
[3.457s][info][gc,stats    ]   Rebuild Free Set                   18 us
[3.457s][info][gc,stats    ] Concurrent Thread Roots            6294 us, parallelism: 1.02x
[3.457s][info][gc,stats    ]   CTR: <total>                     6430 us
[3.457s][info][gc,stats    ]   CTR: Thread Roots                6430 us, workers (us): 6246, 184, ---, ---, ---, ---, ---, ---, 
[3.457s][info][gc,stats    ] Concurrent Weak References          384 us, parallelism: 1.06x
[3.457s][info][gc,stats    ]   CWRF: <total>                     409 us
[3.457s][info][gc,stats    ]   CWRF: Weak References             409 us, workers (us): 326,  83, ---, ---, ---, ---, ---, ---, 
[3.457s][info][gc,stats    ] Concurrent Weak Roots              1627 us
[3.457s][info][gc,stats    ]   Roots                            1568 us, parallelism: 1.90x
[3.457s][info][gc,stats    ]     CWR: <total>                   2972 us
[3.457s][info][gc,stats    ]     CWR: Code Cache Roots          1213 us, workers (us): 653, 560, ---, ---, ---, ---, ---, ---, 
[3.457s][info][gc,stats    ]     CWR: VM Weak Roots             1739 us, workers (us): 874, 865, ---, ---, ---, ---, ---, ---, 
[3.457s][info][gc,stats    ]     CWR: CLDG Roots                  20 us, workers (us): ---,  20, ---, ---, ---, ---, ---, ---, 
[3.457s][info][gc,stats    ]   Rendezvous                         29 us
[3.457s][info][gc,stats    ] Concurrent Cleanup                  115 us
[3.457s][info][gc,stats    ] Concurrent Class Unloading         8636 us
[3.457s][info][gc,stats    ]   Unlink Stale                     8127 us
[3.457s][info][gc,stats    ]     System Dictionary               156 us
[3.457s][info][gc,stats    ]     Weak Class Links               4756 us
[3.457s][info][gc,stats    ]     Code Roots                     3214 us
[3.457s][info][gc,stats    ]   Rendezvous                        110 us
[3.457s][info][gc,stats    ]   Purge Unlinked                    375 us
[3.457s][info][gc,stats    ]     Code Roots                      324 us
[3.457s][info][gc,stats    ]     CLDG                             50 us
[3.457s][info][gc,stats    ]     Exception Caches                  0 us
[3.457s][info][gc,stats    ] Concurrent Strong Roots             858 us, parallelism: 0.75x
[3.457s][info][gc,stats    ]   CSR: <total>                      642 us
[3.457s][info][gc,stats    ]   CSR: VM Strong Roots               24 us, workers (us):  14,  10, ---, ---, ---, ---, ---, ---, 
[3.457s][info][gc,stats    ]   CSR: CLDG Roots                   619 us, workers (us): ---, 619, ---, ---, ---, ---, ---, ---, 
[3.457s][info][gc,stats    ] Concurrent Evacuation              1367 us
[3.457s][info][gc,stats    ] Pause Init Update Refs (G)          117 us
[3.457s][info][gc,stats    ] Pause Init Update Refs (N)           28 us
[3.457s][info][gc,stats    ]   Manage GCLABs                       6 us
[3.457s][info][gc,stats    ] Concurrent Update Refs            36608 us
[3.457s][info][gc,stats    ] Concurrent Update Thread Roots      171 us
[3.457s][info][gc,stats    ] Pause Final Update Refs (G)         117 us
[3.457s][info][gc,stats    ] Pause Final Update Refs (N)          93 us
[3.457s][info][gc,stats    ]   Update Region States               42 us
[3.457s][info][gc,stats    ]   Trash Collection Set                5 us
[3.457s][info][gc,stats    ]   Rebuild Free Set                   24 us
[3.457s][info][gc,stats    ] Concurrent Cleanup                   78 us
[3.457s][info][gc,stats    ] 
[3.457s][info][gc,stats    ] Allocation pacing accrued:
[3.457s][info][gc,stats    ]       0 of   724 ms (  0.0%): <total>
[3.457s][info][gc,stats    ]       0 of   724 ms (  0.0%): <average total>
[3.457s][info][gc,stats    ] 
[3.457s][info][gc,metaspace] Metaspace: 43274K(43648K)->45071K(45440K) NonClass: 38437K(38656K)->40103K(40320K) Class: 4836K(4992K)->4967K(5120K)
[3.457s][info][gc,ergo     ] Pacer for Idle. Initial: 40642K, Alloc Tax Rate: 1.0x
[3.758s][info][gc,start    ] Concurrent uncommit
[3.758s][info][gc          ] Concurrent uncommit 104M->104M(287M) 0.227ms
[4.462s][info][gc,start    ] Concurrent uncommit
[4.477s][info][gc          ] Concurrent uncommit 137M->137M(140M) 15.225ms
[33.457s][info][gc          ] Trigger: Time since last GC (30000 ms) is larger than guaranteed interval (30000 ms)
[33.457s][info][gc,ergo     ] Free: 1649M, Max: 512K regular, 1601M humongous, Frag: 3% external, 0% internal; Reserve: 101888K, Max: 512K
[33.457s][info][gc,start    ] GC(3) Concurrent reset
[33.457s][info][gc,task     ] GC(3) Using 2 of 8 workers for concurrent reset
[33.457s][info][gc,ergo     ] GC(3) Pacer for Reset. Non-Taxable: 1984M
[33.461s][info][gc          ] GC(3) Concurrent reset 3.474ms
[33.461s][info][gc,start    ] GC(3) Pause Init Mark (unload classes)
[33.461s][info][gc,task     ] GC(3) Using 8 of 8 workers for init marking
[33.461s][info][gc,ref      ] GC(3) Clearing All SoftReferences
[33.461s][info][gc,ergo     ] GC(3) Pacer for Mark. Expected Live: 69193K, Free: 1649M, Non-Taxable: 164M, Alloc Tax Rate: 0.1x
[33.461s][info][gc          ] GC(3) Pause Init Mark (unload classes) 0.191ms
[33.461s][info][gc,start    ] GC(3) Concurrent marking roots
[33.461s][info][gc,task     ] GC(3) Using 2 of 8 workers for concurrent marking roots
[33.468s][info][gc          ] GC(3) Concurrent marking roots 6.252ms
[33.468s][info][gc,start    ] GC(3) Concurrent marking (unload classes)
[33.468s][info][gc,task     ] GC(3) Using 2 of 8 workers for concurrent marking
[33.515s][info][gc          ] GC(3) Concurrent marking (unload classes) 47.499ms
[33.515s][info][gc,start    ] GC(3) Pause Final Mark (unload classes)
[33.515s][info][gc,task     ] GC(3) Using 8 of 8 workers for final marking
[33.517s][info][gc,ergo     ] GC(3) CSet Selection. Actual Free: 1775M, Max CSet: 1331M
[33.517s][info][gc,ergo     ] GC(3) Collectable Garbage: 155M (99%), Immediate: 27715K (17%), CSet: 128M (82%)
[33.517s][info][gc,ergo     ] GC(3) Pacer for Evacuation. Used CSet: 136M, Free: 1678M, Non-Taxable: 167M, Alloc Tax Rate: 1.1x
[33.517s][info][gc          ] GC(3) Pause Final Mark (unload classes) 1.441ms
[33.517s][info][gc,start    ] GC(3) Concurrent thread roots
[33.517s][info][gc,task     ] GC(3) Using 2 of 8 workers for Concurrent thread roots
[33.517s][info][gc          ] GC(3) Concurrent thread roots 0.664ms
[33.517s][info][gc,start    ] GC(3) Concurrent weak references
[33.517s][info][gc,task     ] GC(3) Using 2 of 8 workers for concurrent weak references
[33.520s][info][gc,ref      ] GC(3) Encountered references: Soft: 2716, Weak: 4066, Final: 82, Phantom: 956
[33.520s][info][gc,ref      ] GC(3) Discovered  references: Soft: 2617, Weak: 2749, Final: 57, Phantom: 899
[33.520s][info][gc,ref      ] GC(3) Enqueued    references: Soft: 320, Weak: 491, Final: 8, Phantom: 304
[33.520s][info][gc          ] GC(3) Concurrent weak references 2.182ms
[33.520s][info][gc,start    ] GC(3) Concurrent weak roots
[33.520s][info][gc,task     ] GC(3) Using 2 of 8 workers for concurrent weak root
[33.526s][info][gc          ] GC(3) Concurrent weak roots 6.335ms
[33.526s][info][gc,start    ] GC(3) Concurrent cleanup
[33.526s][info][gc          ] GC(3) Concurrent cleanup 233M->206M(239M) 0.097ms
[33.526s][info][gc,ergo     ] GC(3) Free: 1677M, Max: 512K regular, 1601M humongous, Frag: 5% external, 0% internal; Reserve: 100347K, Max: 512K
[33.526s][info][gc,start    ] GC(3) Concurrent class unloading
[33.526s][info][gc,task     ] GC(3) Using 2 of 8 workers for concurrent class unloading
[33.545s][info][gc          ] GC(3) Concurrent class unloading 19.199ms
[33.545s][info][gc,start    ] GC(3) Concurrent strong roots
[33.545s][info][gc,task     ] GC(3) Using 2 of 8 workers for concurrent strong root
[33.548s][info][gc          ] GC(3) Concurrent strong roots 2.269ms
[33.548s][info][gc,start    ] GC(3) Concurrent evacuation
[33.548s][info][gc,task     ] GC(3) Using 2 of 8 workers for concurrent evacuation
[33.555s][info][gc          ] GC(3) Concurrent evacuation 7.650ms
[33.555s][info][gc,start    ] GC(3) Pause Init Update Refs
[33.555s][info][gc,ergo     ] GC(3) Pacer for Update Refs. Used: 215M, Free: 1676M, Non-Taxable: 167M, Alloc Tax Rate: 1.1x
[33.555s][info][gc          ] GC(3) Pause Init Update Refs 0.065ms
[33.555s][info][gc,start    ] GC(3) Concurrent update references
[33.555s][info][gc,task     ] GC(3) Using 2 of 8 workers for concurrent reference update
[33.577s][info][gc          ] GC(3) Concurrent update references 21.883ms
[33.577s][info][gc,start    ] GC(3) Concurrent update thread roots
[33.578s][info][gc          ] GC(3) Concurrent update thread roots 0.903ms
[33.578s][info][gc,start    ] GC(3) Pause Final Update Refs
[33.578s][info][gc,task     ] GC(3) Using 8 of 8 workers for final reference update
[33.579s][info][gc          ] GC(3) Pause Final Update Refs 0.152ms
[33.579s][info][gc,start    ] GC(3) Concurrent cleanup
[33.579s][info][gc          ] GC(3) Concurrent cleanup 215M->78M(246M) 0.209ms
[33.579s][info][gc,ergo     ] Free: 1804M, Max: 512K regular, 1654M humongous, Frag: 9% external, 0% internal; Reserve: 101888K, Max: 512K
[33.579s][info][gc,stats    ] 
[33.579s][info][gc,stats    ] All times are wall-clock times, except per-root-class counters, that are sum over
[33.579s][info][gc,stats    ] all workers. Dividing the <total> over the root stage time estimates parallelism.
[33.579s][info][gc,stats    ] 
[33.579s][info][gc,stats    ] Concurrent Reset                   3555 us
[33.579s][info][gc,stats    ] Pause Init Mark (G)                 385 us
[33.579s][info][gc,stats    ] Pause Init Mark (N)                 210 us
[33.579s][info][gc,stats    ]   Update Region States               41 us
[33.579s][info][gc,stats    ] Concurrent Mark Roots              6307 us, parallelism: 1.65x
[33.579s][info][gc,stats    ]   CMR: <total>                    10417 us
[33.579s][info][gc,stats    ]   CMR: Thread Roots                9238 us, workers (us): 5423, 3816, ---, ---, ---, ---, ---, ---, 
[33.579s][info][gc,stats    ]   CMR: VM Strong Roots              437 us, workers (us): 253, 184, ---, ---, ---, ---, ---, ---, 
[33.579s][info][gc,stats    ]   CMR: CLDG Roots                   741 us, workers (us): ---, 741, ---, ---, ---, ---, ---, ---, 
[33.579s][info][gc,stats    ] Concurrent Marking                47522 us
[33.579s][info][gc,stats    ] Pause Final Mark (G)               1567 us
[33.579s][info][gc,stats    ] Pause Final Mark (N)               1464 us
[33.579s][info][gc,stats    ]   Finish Mark                      1049 us
[33.579s][info][gc,stats    ]   Update Region States               50 us
[33.579s][info][gc,stats    ]   Choose Collection Set             161 us
[33.579s][info][gc,stats    ]   Rebuild Free Set                   56 us
[33.579s][info][gc,stats    ] Concurrent Thread Roots             679 us, parallelism: 1.76x
[33.579s][info][gc,stats    ]   CTR: <total>                     1196 us
[33.579s][info][gc,stats    ]   CTR: Thread Roots                1196 us, workers (us): 590, 606, ---, ---, ---, ---, ---, ---, 
[33.579s][info][gc,stats    ] Concurrent Weak References         2187 us, parallelism: 0.99x
[33.579s][info][gc,stats    ]   CWRF: <total>                    2157 us
[33.579s][info][gc,stats    ]   CWRF: Weak References            2157 us, workers (us):  64, 2093, ---, ---, ---, ---, ---, ---, 
[33.579s][info][gc,stats    ] Concurrent Weak Roots              6345 us
[33.579s][info][gc,stats    ]   Roots                            6184 us, parallelism: 1.78x
[33.579s][info][gc,stats    ]     CWR: <total>                  10990 us
[33.579s][info][gc,stats    ]     CWR: Code Cache Roots          6140 us, workers (us): 3508, 2631, ---, ---, ---, ---, ---, ---, 
[33.579s][info][gc,stats    ]     CWR: VM Weak Roots             4829 us, workers (us): 2594, 2234, ---, ---, ---, ---, ---, ---, 
[33.579s][info][gc,stats    ]     CWR: CLDG Roots                  21 us, workers (us): ---,  21, ---, ---, ---, ---, ---, ---, 
[33.579s][info][gc,stats    ]   Rendezvous                        138 us
[33.579s][info][gc,stats    ] Concurrent Cleanup                  104 us
[33.579s][info][gc,stats    ] Concurrent Class Unloading        19211 us
[33.579s][info][gc,stats    ]   Unlink Stale                    17545 us
[33.579s][info][gc,stats    ]     System Dictionary               444 us
[33.579s][info][gc,stats    ]     Weak Class Links              13150 us
[33.579s][info][gc,stats    ]     Code Roots                     3948 us
[33.579s][info][gc,stats    ]   Rendezvous                        220 us
[33.579s][info][gc,stats    ]   Purge Unlinked                   1419 us
[33.579s][info][gc,stats    ]     Code Roots                     1344 us
[33.579s][info][gc,stats    ]     CLDG                             75 us
[33.579s][info][gc,stats    ]     Exception Caches                  0 us
[33.579s][info][gc,stats    ] Concurrent Strong Roots            2314 us, parallelism: 0.62x
[33.579s][info][gc,stats    ]   CSR: <total>                     1445 us
[33.579s][info][gc,stats    ]   CSR: VM Strong Roots               56 us, workers (us):  55,   1, ---, ---, ---, ---, ---, ---, 
[33.579s][info][gc,stats    ]   CSR: CLDG Roots                  1389 us, workers (us): 1389, ---, ---, ---, ---, ---, ---, ---, 
[33.579s][info][gc,stats    ] Concurrent Evacuation              7678 us
[33.579s][info][gc,stats    ] Pause Init Update Refs (G)          169 us
[33.579s][info][gc,stats    ] Pause Init Update Refs (N)           79 us
[33.579s][info][gc,stats    ]   Manage GCLABs                      13 us
[33.579s][info][gc,stats    ] Concurrent Update Refs            21919 us
[33.579s][info][gc,stats    ] Concurrent Update Thread Roots      930 us
[33.579s][info][gc,stats    ] Pause Final Update Refs (G)         250 us
[33.579s][info][gc,stats    ] Pause Final Update Refs (N)         168 us
[33.579s][info][gc,stats    ]   Update Region States               39 us
[33.579s][info][gc,stats    ]   Trash Collection Set               10 us
[33.579s][info][gc,stats    ]   Rebuild Free Set                   41 us
[33.580s][info][gc,stats    ] Concurrent Cleanup                  224 us
[33.580s][info][gc,stats    ] 
[33.580s][info][gc,stats    ] Allocation pacing accrued:
[33.580s][info][gc,stats    ]       0 of 30122 ms (  0.0%): <total>
[33.580s][info][gc,stats    ]       0 of 30122 ms (  0.0%): <average total>
[33.580s][info][gc,stats    ] 
[33.580s][info][gc,metaspace] Metaspace: 62272K(62656K)->62221K(62656K) NonClass: 55237K(55424K)->55200K(55424K) Class: 7035K(7232K)->7021K(7232K)
[33.580s][info][gc,ergo     ] Pacer for Idle. Initial: 40642K, Alloc Tax Rate: 1.0x
[34.587s][info][gc,start    ] Concurrent uncommit
[34.601s][info][gc          ] Concurrent uncommit 108M->108M(110M) 13.370ms
[63.580s][info][gc          ] Trigger: Time since last GC (30001 ms) is larger than guaranteed interval (30000 ms)
[63.580s][info][gc,ergo     ] Free: 1767M, Max: 512K regular, 1654M humongous, Frag: 7% external, 0% internal; Reserve: 101888K, Max: 512K
[63.580s][info][gc,start    ] GC(4) Concurrent reset
[63.580s][info][gc,task     ] GC(4) Using 2 of 8 workers for concurrent reset
[63.580s][info][gc,ergo     ] GC(4) Pacer for Reset. Non-Taxable: 1984M
[63.583s][info][gc          ] GC(4) Concurrent reset 2.232ms
[63.583s][info][gc,start    ] GC(4) Pause Init Mark (unload classes)
[63.583s][info][gc,task     ] GC(4) Using 8 of 8 workers for init marking
[63.583s][info][gc,ref      ] GC(4) Clearing All SoftReferences
[63.583s][info][gc,ergo     ] GC(4) Pacer for Mark. Expected Live: 70922K, Free: 1767M, Non-Taxable: 176M, Alloc Tax Rate: 0.0x
[63.583s][info][gc          ] GC(4) Pause Init Mark (unload classes) 0.077ms
[63.583s][info][gc,start    ] GC(4) Concurrent marking roots
[63.583s][info][gc,task     ] GC(4) Using 2 of 8 workers for concurrent marking roots
[63.585s][info][gc          ] GC(4) Concurrent marking roots 2.251ms
[63.585s][info][gc,start    ] GC(4) Concurrent marking (unload classes)
[63.585s][info][gc,task     ] GC(4) Using 2 of 8 workers for concurrent marking
[63.632s][info][gc          ] GC(4) Concurrent marking (unload classes) 47.239ms
[63.632s][info][gc,start    ] GC(4) Pause Final Mark (unload classes)
[63.632s][info][gc,task     ] GC(4) Using 8 of 8 workers for final marking
[63.633s][info][gc,ergo     ] GC(4) CSet Selection. Actual Free: 1870M, Max CSet: 1402M
[63.633s][info][gc,ergo     ] GC(4) Collectable Garbage: 41563K (98%), Immediate: 5120K (12%), CSet: 36443K (86%)
[63.633s][info][gc,ergo     ] GC(4) Pacer for Evacuation. Used CSet: 38366K, Free: 1771M, Non-Taxable: 177M, Alloc Tax Rate: 1.1x
[63.633s][info][gc          ] GC(4) Pause Final Mark (unload classes) 0.467ms
[63.633s][info][gc,start    ] GC(4) Concurrent thread roots
[63.633s][info][gc,task     ] GC(4) Using 2 of 8 workers for Concurrent thread roots
[63.634s][info][gc          ] GC(4) Concurrent thread roots 0.888ms
[63.634s][info][gc,start    ] GC(4) Concurrent weak references
[63.634s][info][gc,task     ] GC(4) Using 2 of 8 workers for concurrent weak references
[63.634s][info][gc,ref      ] GC(4) Encountered references: Soft: 2398, Weak: 3578, Final: 74, Phantom: 653
[63.634s][info][gc,ref      ] GC(4) Discovered  references: Soft: 205, Weak: 372, Final: 0, Phantom: 644
[63.634s][info][gc,ref      ] GC(4) Enqueued    references: Soft: 2, Weak: 2, Final: 0, Phantom: 1
[63.634s][info][gc          ] GC(4) Concurrent weak references 0.299ms
[63.634s][info][gc,start    ] GC(4) Concurrent weak roots
[63.634s][info][gc,task     ] GC(4) Using 2 of 8 workers for concurrent weak root
[63.639s][info][gc          ] GC(4) Concurrent weak roots 5.116ms
[63.639s][info][gc,start    ] GC(4) Concurrent cleanup
[63.640s][info][gc          ] GC(4) Concurrent cleanup 117M->112M(120M) 0.226ms
[63.640s][info][gc,ergo     ] GC(4) Free: 1770M, Max: 512K regular, 1654M humongous, Frag: 7% external, 0% internal; Reserve: 101408K, Max: 512K
[63.640s][info][gc,start    ] GC(4) Concurrent class unloading
[63.640s][info][gc,task     ] GC(4) Using 2 of 8 workers for concurrent class unloading
[63.645s][info][gc          ] GC(4) Concurrent class unloading 5.546ms
[63.645s][info][gc,start    ] GC(4) Concurrent strong roots
[63.645s][info][gc,task     ] GC(4) Using 2 of 8 workers for concurrent strong root
[63.646s][info][gc          ] GC(4) Concurrent strong roots 0.486ms
[63.646s][info][gc,start    ] GC(4) Concurrent evacuation
[63.646s][info][gc,task     ] GC(4) Using 2 of 8 workers for concurrent evacuation
[63.647s][info][gc          ] GC(4) Concurrent evacuation 1.450ms
[63.647s][info][gc,start    ] GC(4) Pause Init Update Refs
[63.647s][info][gc,ergo     ] GC(4) Pacer for Update Refs. Used: 115M, Free: 1769M, Non-Taxable: 176M, Alloc Tax Rate: 1.1x
[63.647s][info][gc          ] GC(4) Pause Init Update Refs 0.045ms
[63.647s][info][gc,start    ] GC(4) Concurrent update references
[63.647s][info][gc,task     ] GC(4) Using 2 of 8 workers for concurrent reference update
[63.669s][info][gc          ] GC(4) Concurrent update references 22.148ms
[63.670s][info][gc,start    ] GC(4) Concurrent update thread roots
[63.670s][info][gc          ] GC(4) Concurrent update thread roots 0.645ms
[63.670s][info][gc,start    ] GC(4) Pause Final Update Refs
[63.670s][info][gc,task     ] GC(4) Using 8 of 8 workers for final reference update
[63.670s][info][gc          ] GC(4) Pause Final Update Refs 0.091ms
[63.670s][info][gc,start    ] GC(4) Concurrent cleanup
[63.670s][info][gc          ] GC(4) Concurrent cleanup 115M->77M(122M) 0.110ms
[63.670s][info][gc,ergo     ] Free: 1804M, Max: 512K regular, 1739M humongous, Frag: 4% external, 0% internal; Reserve: 101888K, Max: 512K
[63.671s][info][gc,stats    ] 
[63.671s][info][gc,stats    ] All times are wall-clock times, except per-root-class counters, that are sum over
[63.671s][info][gc,stats    ] all workers. Dividing the <total> over the root stage time estimates parallelism.
[63.671s][info][gc,stats    ] 
[63.671s][info][gc,stats    ] Concurrent Reset                   2253 us
[63.671s][info][gc,stats    ] Pause Init Mark (G)                 150 us
[63.671s][info][gc,stats    ] Pause Init Mark (N)                  90 us
[63.671s][info][gc,stats    ]   Update Region States               19 us
[63.671s][info][gc,stats    ] Concurrent Mark Roots              2283 us, parallelism: 1.55x
[63.671s][info][gc,stats    ]   CMR: <total>                     3548 us
[63.671s][info][gc,stats    ]   CMR: Thread Roots                3121 us, workers (us): 1321, 1799, ---, ---, ---, ---, ---, ---, 
[63.671s][info][gc,stats    ]   CMR: VM Strong Roots               88 us, workers (us):  71,  17, ---, ---, ---, ---, ---, ---, 
[63.671s][info][gc,stats    ]   CMR: CLDG Roots                   338 us, workers (us): 338, ---, ---, ---, ---, ---, ---, ---, 
[63.671s][info][gc,stats    ] Concurrent Marking                47321 us
[63.671s][info][gc,stats    ] Pause Final Mark (G)                573 us
[63.671s][info][gc,stats    ] Pause Final Mark (N)                474 us
[63.671s][info][gc,stats    ]   Finish Mark                       319 us
[63.671s][info][gc,stats    ]   Update Region States               32 us
[63.671s][info][gc,stats    ]   Choose Collection Set              54 us
[63.671s][info][gc,stats    ]   Rebuild Free Set                   17 us
[63.671s][info][gc,stats    ] Concurrent Thread Roots             917 us, parallelism: 1.62x
[63.671s][info][gc,stats    ]   CTR: <total>                     1489 us
[63.671s][info][gc,stats    ]   CTR: Thread Roots                1489 us, workers (us): 759, 729, ---, ---, ---, ---, ---, ---, 
[63.671s][info][gc,stats    ] Concurrent Weak References          320 us, parallelism: 0.43x
[63.671s][info][gc,stats    ]   CWRF: <total>                     136 us
[63.671s][info][gc,stats    ]   CWRF: Weak References             136 us, workers (us): 136,   0, ---, ---, ---, ---, ---, ---, 
[63.671s][info][gc,stats    ] Concurrent Weak Roots              5152 us
[63.671s][info][gc,stats    ]   Roots                            4963 us, parallelism: 1.85x
[63.671s][info][gc,stats    ]     CWR: <total>                   9202 us
[63.671s][info][gc,stats    ]     CWR: Code Cache Roots          6648 us, workers (us): 3102, 3546, ---, ---, ---, ---, ---, ---, 
[63.671s][info][gc,stats    ]     CWR: VM Weak Roots             2531 us, workers (us): 1249, 1282, ---, ---, ---, ---, ---, ---, 
[63.671s][info][gc,stats    ]     CWR: CLDG Roots                  22 us, workers (us):  22, ---, ---, ---, ---, ---, ---, ---, 
[63.671s][info][gc,stats    ]   Rendezvous                        110 us
[63.671s][info][gc,stats    ] Concurrent Cleanup                  250 us
[63.671s][info][gc,stats    ] Concurrent Class Unloading         5556 us
[63.671s][info][gc,stats    ]   Unlink Stale                     5138 us
[63.671s][info][gc,stats    ]     System Dictionary               100 us
[63.671s][info][gc,stats    ]     Weak Class Links                  0 us
[63.671s][info][gc,stats    ]     Code Roots                     5035 us
[63.671s][info][gc,stats    ]   Rendezvous                         80 us
[63.671s][info][gc,stats    ]   Purge Unlinked                    284 us
[63.671s][info][gc,stats    ]     Code Roots                      279 us
[63.671s][info][gc,stats    ]     CLDG                              5 us
[63.671s][info][gc,stats    ]     Exception Caches                  0 us
[63.671s][info][gc,stats    ] Concurrent Strong Roots             495 us, parallelism: 0.86x
[63.671s][info][gc,stats    ]   CSR: <total>                      427 us
[63.671s][info][gc,stats    ]   CSR: VM Strong Roots               35 us, workers (us):  33,   1, ---, ---, ---, ---, ---, ---, 
[63.671s][info][gc,stats    ]   CSR: CLDG Roots                   393 us, workers (us): 393, ---, ---, ---, ---, ---, ---, ---, 
[63.671s][info][gc,stats    ] Concurrent Evacuation              1466 us
[63.671s][info][gc,stats    ] Pause Init Update Refs (G)           99 us
[63.671s][info][gc,stats    ] Pause Init Update Refs (N)           52 us
[63.671s][info][gc,stats    ]   Manage GCLABs                      26 us
[63.671s][info][gc,stats    ] Concurrent Update Refs            22175 us
[63.671s][info][gc,stats    ] Concurrent Update Thread Roots      665 us
[63.671s][info][gc,stats    ] Pause Final Update Refs (G)         148 us
[63.671s][info][gc,stats    ] Pause Final Update Refs (N)         102 us
[63.671s][info][gc,stats    ]   Update Region States               30 us
[63.671s][info][gc,stats    ]   Trash Collection Set                5 us
[63.671s][info][gc,stats    ]   Rebuild Free Set                   29 us
[63.671s][info][gc,stats    ] Concurrent Cleanup                  122 us
[63.671s][info][gc,stats    ] 
[63.671s][info][gc,stats    ] Allocation pacing accrued:
[63.671s][info][gc,stats    ]       0 of 30092 ms (  0.0%): <total>
[63.671s][info][gc,stats    ]       0 of 30092 ms (  0.0%): <average total>
[63.671s][info][gc,stats    ] 
[63.671s][info][gc,metaspace] Metaspace: 62239K(62656K)->62239K(62656K) NonClass: 55217K(55424K)->55217K(55424K) Class: 7021K(7232K)->7021K(7232K)
[63.671s][info][gc,ergo     ] Pacer for Idle. Initial: 40642K, Alloc Tax Rate: 1.0x
[64.678s][info][gc,start    ] Concurrent uncommit
[64.679s][info][gc          ] Concurrent uncommit 110M->110M(113M) 1.606ms
[81.581s][info][gc          ] Trigger: Allocated since last cycle (198M) is larger than allocation threshold (198M)
[81.581s][info][gc,ergo     ] Free: 1608M, Max: 512K regular, 1608M humongous, Frag: 0% external, 0% internal; Reserve: 101888K, Max: 512K
[81.581s][info][gc,start    ] GC(5) Concurrent reset
[81.581s][info][gc,task     ] GC(5) Using 2 of 8 workers for concurrent reset
[81.581s][info][gc,ergo     ] GC(5) Pacer for Reset. Non-Taxable: 1984M
[81.587s][info][gc          ] GC(5) Concurrent reset 5.120ms
[81.588s][info][gc,start    ] GC(5) Pause Init Mark (unload classes)
[81.588s][info][gc,task     ] GC(5) Using 8 of 8 workers for init marking
[81.588s][info][gc,ref      ] GC(5) Clearing All SoftReferences
[81.588s][info][gc,ergo     ] GC(5) Pacer for Mark. Expected Live: 71947K, Free: 1608M, Non-Taxable: 160M, Alloc Tax Rate: 0.1x
[81.588s][info][gc          ] GC(5) Pause Init Mark (unload classes) 0.134ms
[81.588s][info][gc,start    ] GC(5) Concurrent marking roots
[81.588s][info][gc,task     ] GC(5) Using 2 of 8 workers for concurrent marking roots
[81.591s][info][gc          ] GC(5) Concurrent marking roots 2.209ms
[81.591s][info][gc,start    ] GC(5) Concurrent marking (unload classes)
[81.591s][info][gc,task     ] GC(5) Using 2 of 8 workers for concurrent marking
[81.821s][info][gc          ] GC(5) Concurrent marking (unload classes) 230.559ms
[81.822s][info][gc,start    ] GC(5) Pause Final Mark (unload classes)
[81.822s][info][gc,task     ] GC(5) Using 8 of 8 workers for final marking
[81.825s][info][gc,ergo     ] GC(5) CSet Selection. Actual Free: 1675M, Max CSet: 1256M
[81.825s][info][gc,ergo     ] GC(5) Collectable Garbage: 188M (99%), Immediate: 8062K (4%), CSet: 180M (95%)
[81.825s][info][gc,ergo     ] GC(5) Pacer for Evacuation. Used CSet: 188M, Free: 1576M, Non-Taxable: 157M, Alloc Tax Rate: 1.1x
[81.825s][info][gc          ] GC(5) Pause Final Mark (unload classes) 2.926ms
[81.825s][info][gc,start    ] GC(5) Concurrent thread roots
[81.825s][info][gc,task     ] GC(5) Using 2 of 8 workers for Concurrent thread roots
[81.827s][info][gc          ] GC(5) Concurrent thread roots 1.823ms
[81.827s][info][gc,start    ] GC(5) Concurrent weak references
[81.827s][info][gc,task     ] GC(5) Using 2 of 8 workers for concurrent weak references
[81.829s][info][gc,ref      ] GC(5) Encountered references: Soft: 2470, Weak: 9397, Final: 74, Phantom: 904
[81.829s][info][gc,ref      ] GC(5) Discovered  references: Soft: 294, Weak: 6394, Final: 54, Phantom: 714
[81.829s][info][gc,ref      ] GC(5) Enqueued    references: Soft: 47, Weak: 3294, Final: 0, Phantom: 150
[81.829s][info][gc          ] GC(5) Concurrent weak references 2.102ms
[81.829s][info][gc,start    ] GC(5) Concurrent weak roots
[81.829s][info][gc,task     ] GC(5) Using 2 of 8 workers for concurrent weak root
[81.837s][info][gc          ] GC(5) Concurrent weak roots 8.043ms
[81.837s][info][gc,start    ] GC(5) Concurrent cleanup
[81.837s][info][gc          ] GC(5) Concurrent cleanup 319M->311M(323M) 0.126ms
[81.837s][info][gc,ergo     ] GC(5) Free: 1571M, Max: 512K regular, 1563M humongous, Frag: 1% external, 0% internal; Reserve: 100747K, Max: 512K
[81.837s][info][gc,start    ] GC(5) Concurrent class unloading
[81.837s][info][gc,task     ] GC(5) Using 2 of 8 workers for concurrent class unloading
[82.002s][info][gc          ] GC(5) Concurrent class unloading 164.674ms
[82.002s][info][gc,start    ] GC(5) Concurrent strong roots
[82.002s][info][gc,task     ] GC(5) Using 2 of 8 workers for concurrent strong root
[82.004s][info][gc          ] GC(5) Concurrent strong roots 1.961ms
[82.004s][info][gc,start    ] GC(5) Concurrent evacuation
[82.004s][info][gc,task     ] GC(5) Using 2 of 8 workers for concurrent evacuation
[82.024s][info][gc          ] GC(5) Concurrent evacuation 20.153ms
[82.028s][info][gc,start    ] GC(5) Pause Init Update Refs
[82.028s][info][gc,ergo     ] GC(5) Pacer for Update Refs. Used: 335M, Free: 1556M, Non-Taxable: 155M, Alloc Tax Rate: 1.1x
[82.028s][info][gc          ] GC(5) Pause Init Update Refs 0.098ms
[82.028s][info][gc,start    ] GC(5) Concurrent update references
[82.028s][info][gc,task     ] GC(5) Using 2 of 8 workers for concurrent reference update
[82.149s][info][gc          ] GC(5) Concurrent update references 121.334ms
[82.149s][info][gc,start    ] GC(5) Concurrent update thread roots
[82.153s][info][gc          ] GC(5) Concurrent update thread roots 3.233ms
[82.153s][info][gc,start    ] GC(5) Pause Final Update Refs
[82.153s][info][gc,task     ] GC(5) Using 8 of 8 workers for final reference update
[82.153s][info][gc          ] GC(5) Pause Final Update Refs 0.111ms
[82.153s][info][gc,start    ] GC(5) Concurrent cleanup
[82.153s][info][gc          ] GC(5) Concurrent cleanup 341M->152M(344M) 0.139ms
[82.153s][info][gc,ergo     ] Free: 1729M, Max: 512K regular, 1543M humongous, Frag: 11% external, 0% internal; Reserve: 101888K, Max: 512K
[82.153s][info][gc,stats    ] 
[82.153s][info][gc,stats    ] All times are wall-clock times, except per-root-class counters, that are sum over
[82.153s][info][gc,stats    ] all workers. Dividing the <total> over the root stage time estimates parallelism.
[82.153s][info][gc,stats    ] 
[82.153s][info][gc,stats    ] Concurrent Reset                   5145 us
[82.153s][info][gc,stats    ] Pause Init Mark (G)                1765 us
[82.153s][info][gc,stats    ] Pause Init Mark (N)                 142 us
[82.153s][info][gc,stats    ]   Update Region States               49 us
[82.153s][info][gc,stats    ] Concurrent Mark Roots              2232 us, parallelism: 1.65x
[82.153s][info][gc,stats    ]   CMR: <total>                     3673 us
[82.153s][info][gc,stats    ]   CMR: Thread Roots                2482 us, workers (us): 1517, 965, ---, ---, ---, ---, ---, ---, 
[82.153s][info][gc,stats    ]   CMR: VM Strong Roots              991 us, workers (us): 121, 870, ---, ---, ---, ---, ---, ---, 
[82.153s][info][gc,stats    ]   CMR: CLDG Roots                   200 us, workers (us): 200, ---, ---, ---, ---, ---, ---, ---, 
[82.153s][info][gc,stats    ] Concurrent Marking               230579 us
[82.153s][info][gc,stats    ] Pause Final Mark (G)               4043 us
[82.153s][info][gc,stats    ] Pause Final Mark (N)               2933 us
[82.153s][info][gc,stats    ]   Finish Mark                      2737 us
[82.153s][info][gc,stats    ]   Update Region States               46 us
[82.153s][info][gc,stats    ]   Choose Collection Set              72 us
[82.153s][info][gc,stats    ]   Rebuild Free Set                   18 us
[82.153s][info][gc,stats    ] Concurrent Thread Roots            1841 us, parallelism: 1.75x
[82.153s][info][gc,stats    ]   CTR: <total>                     3228 us
[82.153s][info][gc,stats    ]   CTR: Thread Roots                3228 us, workers (us): 1772, 1456, ---, ---, ---, ---, ---, ---, 
[82.153s][info][gc,stats    ] Concurrent Weak References         2109 us, parallelism: 1.01x
[82.153s][info][gc,stats    ]   CWRF: <total>                    2121 us
[82.153s][info][gc,stats    ]   CWRF: Weak References            2121 us, workers (us): 158, 1963, ---, ---, ---, ---, ---, ---, 
[82.153s][info][gc,stats    ] Concurrent Weak Roots              8060 us
[82.153s][info][gc,stats    ]   Roots                            2669 us, parallelism: 1.95x
[82.153s][info][gc,stats    ]     CWR: <total>                   5196 us
[82.153s][info][gc,stats    ]     CWR: Code Cache Roots          3409 us, workers (us): 1724, 1685, ---, ---, ---, ---, ---, ---, 
[82.153s][info][gc,stats    ]     CWR: VM Weak Roots             1760 us, workers (us): 882, 878, ---, ---, ---, ---, ---, ---, 
[82.153s][info][gc,stats    ]     CWR: CLDG Roots                  27 us, workers (us): ---,  27, ---, ---, ---, ---, ---, ---, 
[82.153s][info][gc,stats    ]   Rendezvous                       5351 us
[82.153s][info][gc,stats    ] Concurrent Cleanup                  143 us
[82.153s][info][gc,stats    ] Concurrent Class Unloading       164698 us
[82.153s][info][gc,stats    ]   Unlink Stale                   104868 us
[82.153s][info][gc,stats    ]     System Dictionary               216 us
[82.153s][info][gc,stats    ]     Weak Class Links              92458 us
[82.153s][info][gc,stats    ]     Code Roots                    12192 us
[82.153s][info][gc,stats    ]   Rendezvous                       4357 us
[82.153s][info][gc,stats    ]   Purge Unlinked                  55423 us
[82.153s][info][gc,stats    ]     Code Roots                    55320 us
[82.153s][info][gc,stats    ]     CLDG                            103 us
[82.153s][info][gc,stats    ]     Exception Caches                  0 us
[82.153s][info][gc,stats    ] Concurrent Strong Roots            1983 us, parallelism: 0.38x
[82.153s][info][gc,stats    ]   CSR: <total>                      747 us
[82.153s][info][gc,stats    ]   CSR: VM Strong Roots               54 us, workers (us):  53,   1, ---, ---, ---, ---, ---, ---, 
[82.153s][info][gc,stats    ]   CSR: CLDG Roots                   693 us, workers (us): 693, ---, ---, ---, ---, ---, ---, ---, 
[82.153s][info][gc,stats    ] Concurrent Evacuation             20180 us
[82.153s][info][gc,stats    ] Pause Init Update Refs (G)         3819 us
[82.153s][info][gc,stats    ] Pause Init Update Refs (N)          107 us
[82.153s][info][gc,stats    ]   Manage GCLABs                      51 us
[82.153s][info][gc,stats    ] Concurrent Update Refs           121364 us
[82.153s][info][gc,stats    ] Concurrent Update Thread Roots     3274 us
[82.153s][info][gc,stats    ] Pause Final Update Refs (G)         198 us
[82.153s][info][gc,stats    ] Pause Final Update Refs (N)         119 us
[82.153s][info][gc,stats    ]   Update Region States               46 us
[82.154s][info][gc,stats    ]   Trash Collection Set                6 us
[82.154s][info][gc,stats    ]   Rebuild Free Set                   21 us
[82.154s][info][gc,stats    ] Concurrent Cleanup                  149 us
[82.154s][info][gc,stats    ] 
[82.154s][info][gc,stats    ] Allocation pacing accrued:
[82.154s][info][gc,stats    ]       0 of 18482 ms (  0.0%): <total>
[82.154s][info][gc,stats    ]       0 of 18482 ms (  0.0%): <average total>
[82.154s][info][gc,stats    ] 
[82.154s][info][gc,metaspace] Metaspace: 70018K(70400K)->70389K(70784K) NonClass: 62564K(62784K)->62944K(63168K) Class: 7454K(7616K)->7445K(7616K)
[82.154s][info][gc,ergo     ] Pacer for Idle. Initial: 40642K, Alloc Tax Rate: 1.0x
[83.163s][info][gc,start    ] Concurrent uncommit
[83.223s][info][gc          ] Concurrent uncommit 198M->200M(204M) 60.619ms
[85.657s][info][gc          ] Trigger: Allocated since last cycle (198M) is larger than allocation threshold (198M)
[85.657s][info][gc,ergo     ] Free: 1597M, Max: 512K regular, 1543M humongous, Frag: 4% external, 0% internal; Reserve: 101888K, Max: 512K
[85.657s][info][gc,start    ] GC(6) Concurrent reset
[85.657s][info][gc,task     ] GC(6) Using 2 of 8 workers for concurrent reset
[85.657s][info][gc,ergo     ] GC(6) Pacer for Reset. Non-Taxable: 1984M
[85.660s][info][gc          ] GC(6) Concurrent reset 3.415ms
[85.664s][info][gc,start    ] GC(6) Pause Init Mark (unload classes)
[85.664s][info][gc,task     ] GC(6) Using 8 of 8 workers for init marking
[85.664s][info][gc,ref      ] GC(6) Clearing All SoftReferences
[85.664s][info][gc,ergo     ] GC(6) Pacer for Mark. Expected Live: 76316K, Free: 1596M, Non-Taxable: 159M, Alloc Tax Rate: 0.1x
[85.664s][info][gc          ] GC(6) Pause Init Mark (unload classes) 0.125ms
[85.664s][info][gc,start    ] GC(6) Concurrent marking roots
[85.664s][info][gc,task     ] GC(6) Using 2 of 8 workers for concurrent marking roots
[85.666s][info][gc          ] GC(6) Concurrent marking roots 1.210ms
[85.666s][info][gc,start    ] GC(6) Concurrent marking (unload classes)
[85.666s][info][gc,task     ] GC(6) Using 2 of 8 workers for concurrent marking
[85.935s][info][gc          ] GC(6) Concurrent marking (unload classes) 269.799ms
[85.936s][info][gc,start    ] GC(6) Pause Final Mark (unload classes)
[85.936s][info][gc,task     ] GC(6) Using 8 of 8 workers for final marking
[85.955s][info][gc,ergo     ] GC(6) CSet Selection. Actual Free: 1654M, Max CSet: 1240M
[85.955s][info][gc,ergo     ] GC(6) Collectable Garbage: 197M (99%), Immediate: 9214K (4%), CSet: 188M (95%)
[85.955s][info][gc,ergo     ] GC(6) Pacer for Evacuation. Used CSet: 195M, Free: 1555M, Non-Taxable: 155M, Alloc Tax Rate: 1.1x
[85.955s][info][gc          ] GC(6) Pause Final Mark (unload classes) 18.891ms
[85.955s][info][gc,start    ] GC(6) Concurrent thread roots
[85.955s][info][gc,task     ] GC(6) Using 2 of 8 workers for Concurrent thread roots
[85.956s][info][gc          ] GC(6) Concurrent thread roots 1.323ms
[85.956s][info][gc,start    ] GC(6) Concurrent weak references
[85.956s][info][gc,task     ] GC(6) Using 2 of 8 workers for concurrent weak references
[85.958s][info][gc,ref      ] GC(6) Encountered references: Soft: 2432, Weak: 9343, Final: 74, Phantom: 754
[85.958s][info][gc,ref      ] GC(6) Discovered  references: Soft: 2321, Weak: 4216, Final: 0, Phantom: 696
[85.958s][info][gc,ref      ] GC(6) Enqueued    references: Soft: 9, Weak: 3193, Final: 0, Phantom: 0
[85.958s][info][gc          ] GC(6) Concurrent weak references 1.778ms
[85.958s][info][gc,start    ] GC(6) Concurrent weak roots
[85.958s][info][gc,task     ] GC(6) Using 2 of 8 workers for concurrent weak root
[85.982s][info][gc          ] GC(6) Concurrent weak roots 23.697ms
[85.982s][info][gc,start    ] GC(6) Concurrent cleanup
[85.982s][info][gc          ] GC(6) Concurrent cleanup 340M->331M(344M) 0.138ms
[85.982s][info][gc,ergo     ] GC(6) Free: 1551M, Max: 512K regular, 1542M humongous, Frag: 1% external, 0% internal; Reserve: 100837K, Max: 512K
[85.982s][info][gc,start    ] GC(6) Concurrent class unloading
[85.982s][info][gc,task     ] GC(6) Using 2 of 8 workers for concurrent class unloading
[85.993s][info][gc          ] GC(6) Concurrent class unloading 11.728ms
[85.993s][info][gc,start    ] GC(6) Concurrent strong roots
[85.993s][info][gc,task     ] GC(6) Using 2 of 8 workers for concurrent strong root
[85.995s][info][gc          ] GC(6) Concurrent strong roots 1.340ms
[85.995s][info][gc,start    ] GC(6) Concurrent evacuation
[85.995s][info][gc,task     ] GC(6) Using 2 of 8 workers for concurrent evacuation
[86.074s][info][gc          ] GC(6) Concurrent evacuation 78.958ms
[86.075s][info][gc,start    ] GC(6) Pause Init Update Refs
[86.075s][info][gc,ergo     ] GC(6) Pacer for Update Refs. Used: 347M, Free: 1543M, Non-Taxable: 154M, Alloc Tax Rate: 1.1x
[86.075s][info][gc          ] GC(6) Pause Init Update Refs 0.075ms
[86.075s][info][gc,start    ] GC(6) Concurrent update references
[86.075s][info][gc,task     ] GC(6) Using 2 of 8 workers for concurrent reference update
[86.195s][info][gc          ] GC(6) Concurrent update references 120.381ms
[86.195s][info][gc,start    ] GC(6) Concurrent update thread roots
[86.209s][info][gc          ] GC(6) Concurrent update thread roots 14.068ms
[86.209s][info][gc,start    ] GC(6) Pause Final Update Refs
[86.209s][info][gc,task     ] GC(6) Using 8 of 8 workers for final reference update
[86.210s][info][gc          ] GC(6) Pause Final Update Refs 0.134ms
[86.210s][info][gc,start    ] GC(6) Concurrent cleanup
[86.210s][info][gc          ] GC(6) Concurrent cleanup 357M->161M(361M) 0.112ms
[86.210s][info][gc,ergo     ] Free: 1720M, Max: 512K regular, 1530M humongous, Frag: 12% external, 0% internal; Reserve: 101888K, Max: 512K
[86.210s][info][gc,stats    ] 
[86.210s][info][gc,stats    ] All times are wall-clock times, except per-root-class counters, that are sum over
[86.210s][info][gc,stats    ] all workers. Dividing the <total> over the root stage time estimates parallelism.
[86.210s][info][gc,stats    ] 
[86.210s][info][gc,stats    ] Concurrent Reset                   5238 us
[86.210s][info][gc,stats    ] Pause Init Mark (G)                2329 us
[86.210s][info][gc,stats    ] Pause Init Mark (N)                 134 us
[86.210s][info][gc,stats    ]   Update Region States               50 us
[86.210s][info][gc,stats    ] Concurrent Mark Roots              1230 us, parallelism: 1.36x
[86.210s][info][gc,stats    ]   CMR: <total>                     1676 us
[86.210s][info][gc,stats    ]   CMR: Thread Roots                1480 us, workers (us): 720, 759, ---, ---, ---, ---, ---, ---, 
[86.210s][info][gc,stats    ]   CMR: VM Strong Roots               21 us, workers (us):  21,   1, ---, ---, ---, ---, ---, ---, 
[86.210s][info][gc,stats    ]   CMR: CLDG Roots                   175 us, workers (us): 175, ---, ---, ---, ---, ---, ---, ---, 
[86.210s][info][gc,stats    ] Concurrent Marking               269827 us
[86.210s][info][gc,stats    ] Pause Final Mark (G)              19190 us
[86.210s][info][gc,stats    ] Pause Final Mark (N)              18900 us
[86.210s][info][gc,stats    ]   Finish Mark                     18688 us
[86.210s][info][gc,stats    ]   Update Region States               45 us
[86.210s][info][gc,stats    ]   Choose Collection Set              69 us
[86.210s][info][gc,stats    ]   Rebuild Free Set                   18 us
[86.210s][info][gc,stats    ] Concurrent Thread Roots            1346 us, parallelism: 1.81x
[86.210s][info][gc,stats    ]   CTR: <total>                     2439 us
[86.210s][info][gc,stats    ]   CTR: Thread Roots                2439 us, workers (us): 1215, 1224, ---, ---, ---, ---, ---, ---, 
[86.210s][info][gc,stats    ] Concurrent Weak References         1785 us, parallelism: 0.95x
[86.210s][info][gc,stats    ]   CWRF: <total>                    1688 us
[86.210s][info][gc,stats    ]   CWRF: Weak References            1688 us, workers (us): 1688,   0, ---, ---, ---, ---, ---, ---, 
[86.210s][info][gc,stats    ] Concurrent Weak Roots             23729 us
[86.210s][info][gc,stats    ]   Roots                           23508 us, parallelism: 1.98x
[86.210s][info][gc,stats    ]     CWR: <total>                  46598 us
[86.210s][info][gc,stats    ]     CWR: Code Cache Roots          3188 us, workers (us): 3187,   1, ---, ---, ---, ---, ---, ---, 
[86.210s][info][gc,stats    ]     CWR: VM Weak Roots            43371 us, workers (us): 19952, 23418, ---, ---, ---, ---, ---, ---, 
[86.210s][info][gc,stats    ]     CWR: CLDG Roots                  39 us, workers (us):  39, ---, ---, ---, ---, ---, ---, ---, 
[86.210s][info][gc,stats    ]   Rendezvous                        171 us
[86.210s][info][gc,stats    ] Concurrent Cleanup                  145 us
[86.210s][info][gc,stats    ] Concurrent Class Unloading        11750 us
[86.210s][info][gc,stats    ]   Unlink Stale                     6738 us
[86.210s][info][gc,stats    ]     System Dictionary                47 us
[86.210s][info][gc,stats    ]     Weak Class Links                  0 us
[86.210s][info][gc,stats    ]     Code Roots                     6690 us
[86.210s][info][gc,stats    ]   Rendezvous                        364 us
[86.210s][info][gc,stats    ]   Purge Unlinked                   4603 us
[86.210s][info][gc,stats    ]     Code Roots                     4586 us
[86.210s][info][gc,stats    ]     CLDG                             17 us
[86.210s][info][gc,stats    ]     Exception Caches                  0 us
[86.210s][info][gc,stats    ] Concurrent Strong Roots            1360 us, parallelism: 0.77x
[86.210s][info][gc,stats    ]   CSR: <total>                     1046 us
[86.210s][info][gc,stats    ]   CSR: VM Strong Roots               51 us, workers (us):  51,   0, ---, ---, ---, ---, ---, ---, 
[86.210s][info][gc,stats    ]   CSR: CLDG Roots                   995 us, workers (us): 995, ---, ---, ---, ---, ---, ---, ---, 
[86.210s][info][gc,stats    ] Concurrent Evacuation             78989 us
[86.210s][info][gc,stats    ] Pause Init Update Refs (G)         1077 us
[86.210s][info][gc,stats    ] Pause Init Update Refs (N)           83 us
[86.210s][info][gc,stats    ]   Manage GCLABs                      40 us
[86.210s][info][gc,stats    ] Concurrent Update Refs           120411 us
[86.210s][info][gc,stats    ] Concurrent Update Thread Roots    14100 us
[86.210s][info][gc,stats    ] Pause Final Update Refs (G)         212 us
[86.210s][info][gc,stats    ] Pause Final Update Refs (N)         143 us
[86.210s][info][gc,stats    ]   Update Region States               46 us
[86.210s][info][gc,stats    ]   Trash Collection Set                6 us
[86.210s][info][gc,stats    ]   Rebuild Free Set                   22 us
[86.210s][info][gc,stats    ] Concurrent Cleanup                  120 us
[86.210s][info][gc,stats    ] 
[86.210s][info][gc,stats    ] Allocation pacing accrued:
[86.210s][info][gc,stats    ]       0 of  4057 ms (  0.0%): <total>
[86.210s][info][gc,stats    ]       0 of  4057 ms (  0.0%): <average total>
[86.210s][info][gc,stats    ] 
[86.210s][info][gc,metaspace] Metaspace: 70712K(71040K)->70718K(71040K) NonClass: 63263K(63424K)->63269K(63424K) Class: 7449K(7616K)->7449K(7616K)
[86.210s][info][gc,ergo     ] Pacer for Idle. Initial: 40642K, Alloc Tax Rate: 1.0x
[87.215s][info][gc,start    ] Concurrent uncommit
[87.231s][info][gc          ] Concurrent uncommit 222M->222M(226M) 15.852ms
[88.890s][info][gc          ] Trigger: Allocated since last cycle (198M) is larger than allocation threshold (198M)
[88.891s][info][gc,ergo     ] Free: 1594M, Max: 512K regular, 1530M humongous, Frag: 4% external, 0% internal; Reserve: 101888K, Max: 512K
[88.891s][info][gc,start    ] GC(7) Concurrent reset
[88.891s][info][gc,task     ] GC(7) Using 2 of 8 workers for concurrent reset
[88.891s][info][gc,ergo     ] GC(7) Pacer for Reset. Non-Taxable: 1984M
[88.892s][info][gc          ] GC(7) Concurrent reset 1.790ms
[88.893s][info][gc,start    ] GC(7) Pause Init Mark (unload classes)
[88.893s][info][gc,task     ] GC(7) Using 8 of 8 workers for init marking
[88.893s][info][gc,ref      ] GC(7) Clearing All SoftReferences
[88.893s][info][gc,ergo     ] GC(7) Pacer for Mark. Expected Live: 80086K, Free: 1594M, Non-Taxable: 159M, Alloc Tax Rate: 0.1x
[88.893s][info][gc          ] GC(7) Pause Init Mark (unload classes) 0.119ms
[88.894s][info][gc,start    ] GC(7) Concurrent marking roots
[88.894s][info][gc,task     ] GC(7) Using 2 of 8 workers for concurrent marking roots
[88.896s][info][gc          ] GC(7) Concurrent marking roots 1.362ms
[88.896s][info][gc,start    ] GC(7) Concurrent marking (unload classes)
[88.896s][info][gc,task     ] GC(7) Using 2 of 8 workers for concurrent marking
[89.173s][info][gc          ] GC(7) Concurrent marking (unload classes) 277.188ms
[89.173s][info][gc,start    ] GC(7) Pause Final Mark (unload classes)
[89.173s][info][gc,task     ] GC(7) Using 8 of 8 workers for final marking
[89.175s][info][gc,ergo     ] GC(7) CSet Selection. Actual Free: 1654M, Max CSet: 1240M
[89.175s][info][gc,ergo     ] GC(7) Collectable Garbage: 196M (99%), Immediate: 4538K (2%), CSet: 192M (97%)
[89.175s][info][gc,ergo     ] GC(7) Pacer for Evacuation. Used CSet: 199M, Free: 1555M, Non-Taxable: 155M, Alloc Tax Rate: 1.1x
[89.175s][info][gc          ] GC(7) Pause Final Mark (unload classes) 2.033ms
[89.176s][info][gc,start    ] GC(7) Concurrent thread roots
[89.176s][info][gc,task     ] GC(7) Using 2 of 8 workers for Concurrent thread roots
[89.178s][info][gc          ] GC(7) Concurrent thread roots 1.891ms
[89.178s][info][gc,start    ] GC(7) Concurrent weak references
[89.178s][info][gc,task     ] GC(7) Using 2 of 8 workers for concurrent weak references
[89.180s][info][gc,ref      ] GC(7) Encountered references: Soft: 2424, Weak: 9452, Final: 74, Phantom: 754
[89.180s][info][gc,ref      ] GC(7) Discovered  references: Soft: 241, Weak: 6411, Final: 53, Phantom: 698
[89.180s][info][gc,ref      ] GC(7) Enqueued    references: Soft: 1, Weak: 3214, Final: 0, Phantom: 0
[89.180s][info][gc          ] GC(7) Concurrent weak references 1.986ms
[89.180s][info][gc,start    ] GC(7) Concurrent weak roots
[89.180s][info][gc,task     ] GC(7) Using 2 of 8 workers for concurrent weak root
[89.196s][info][gc          ] GC(7) Concurrent weak roots 16.547ms
[89.196s][info][gc,start    ] GC(7) Concurrent cleanup
[89.197s][info][gc          ] GC(7) Concurrent cleanup 336M->332M(341M) 0.139ms
[89.197s][info][gc,ergo     ] GC(7) Free: 1550M, Max: 512K regular, 1531M humongous, Frag: 2% external, 0% internal; Reserve: 100718K, Max: 512K
[89.197s][info][gc,start    ] GC(7) Concurrent class unloading
[89.197s][info][gc,task     ] GC(7) Using 2 of 8 workers for concurrent class unloading
[89.228s][info][gc          ] GC(7) Concurrent class unloading 31.080ms
[89.228s][info][gc,start    ] GC(7) Concurrent strong roots
[89.228s][info][gc,task     ] GC(7) Using 2 of 8 workers for concurrent strong root
[89.230s][info][gc          ] GC(7) Concurrent strong roots 2.151ms
[89.230s][info][gc,start    ] GC(7) Concurrent evacuation
[89.230s][info][gc,task     ] GC(7) Using 2 of 8 workers for concurrent evacuation
[89.248s][info][gc          ] GC(7) Concurrent evacuation 18.037ms
[89.248s][info][gc,start    ] GC(7) Pause Init Update Refs
[89.248s][info][gc,ergo     ] GC(7) Pacer for Update Refs. Used: 345M, Free: 1545M, Non-Taxable: 154M, Alloc Tax Rate: 1.1x
[89.248s][info][gc          ] GC(7) Pause Init Update Refs 0.079ms
[89.248s][info][gc,start    ] GC(7) Concurrent update references
[89.248s][info][gc,task     ] GC(7) Using 2 of 8 workers for concurrent reference update
[89.351s][info][gc          ] GC(7) Concurrent update references 103.081ms
[89.351s][info][gc,start    ] GC(7) Concurrent update thread roots
[89.352s][info][gc          ] GC(7) Concurrent update thread roots 1.099ms
[89.353s][info][gc,start    ] GC(7) Pause Final Update Refs
[89.353s][info][gc,task     ] GC(7) Using 8 of 8 workers for final reference update
[89.353s][info][gc          ] GC(7) Pause Final Update Refs 0.118ms
[89.353s][info][gc,start    ] GC(7) Concurrent cleanup
[89.353s][info][gc          ] GC(7) Concurrent cleanup 353M->154M(357M) 0.141ms
[89.353s][info][gc,ergo     ] Free: 1727M, Max: 512K regular, 1542M humongous, Frag: 11% external, 0% internal; Reserve: 101888K, Max: 512K
[89.353s][info][gc,stats    ] 
[89.353s][info][gc,stats    ] All times are wall-clock times, except per-root-class counters, that are sum over
[89.353s][info][gc,stats    ] all workers. Dividing the <total> over the root stage time estimates parallelism.
[89.353s][info][gc,stats    ] 
[89.353s][info][gc,stats    ] Concurrent Reset                   1810 us
[89.353s][info][gc,stats    ] Pause Init Mark (G)                1951 us
[89.353s][info][gc,stats    ] Pause Init Mark (N)                 128 us
[89.353s][info][gc,stats    ]   Update Region States               44 us
[89.353s][info][gc,stats    ] Concurrent Mark Roots              1383 us, parallelism: 0.82x
[89.353s][info][gc,stats    ]   CMR: <total>                     1134 us
[89.353s][info][gc,stats    ]   CMR: Thread Roots                1014 us, workers (us): 1014,   0, ---, ---, ---, ---, ---, ---, 
[89.353s][info][gc,stats    ]   CMR: VM Strong Roots               17 us, workers (us):  17,   0, ---, ---, ---, ---, ---, ---, 
[89.353s][info][gc,stats    ]   CMR: CLDG Roots                   103 us, workers (us): 103, ---, ---, ---, ---, ---, ---, ---, 
[89.353s][info][gc,stats    ] Concurrent Marking               277223 us
[89.353s][info][gc,stats    ] Pause Final Mark (G)               2930 us
[89.353s][info][gc,stats    ] Pause Final Mark (N)               2043 us
[89.353s][info][gc,stats    ]   Finish Mark                      1819 us
[89.353s][info][gc,stats    ]   Update Region States               48 us
[89.353s][info][gc,stats    ]   Choose Collection Set              78 us
[89.353s][info][gc,stats    ]   Rebuild Free Set                   23 us
[89.353s][info][gc,stats    ] Concurrent Thread Roots            1923 us, parallelism: 1.05x
[89.353s][info][gc,stats    ]   CTR: <total>                     2024 us
[89.353s][info][gc,stats    ]   CTR: Thread Roots                2024 us, workers (us): 970, 1054, ---, ---, ---, ---, ---, ---, 
[89.353s][info][gc,stats    ] Concurrent Weak References         1995 us, parallelism: 0.93x
[89.353s][info][gc,stats    ]   CWRF: <total>                    1852 us
[89.353s][info][gc,stats    ]   CWRF: Weak References            1852 us, workers (us): 1852,   0, ---, ---, ---, ---, ---, ---, 
[89.353s][info][gc,stats    ] Concurrent Weak Roots             16575 us
[89.353s][info][gc,stats    ]   Roots                            3283 us, parallelism: 1.67x
[89.353s][info][gc,stats    ]     CWR: <total>                   5494 us
[89.353s][info][gc,stats    ]     CWR: Code Cache Roots          3536 us, workers (us): 1731, 1805, ---, ---, ---, ---, ---, ---, 
[89.353s][info][gc,stats    ]     CWR: VM Weak Roots             1925 us, workers (us): 1398, 526, ---, ---, ---, ---, ---, ---, 
[89.353s][info][gc,stats    ]     CWR: CLDG Roots                  34 us, workers (us):  34, ---, ---, ---, ---, ---, ---, ---, 
[89.353s][info][gc,stats    ]   Rendezvous                      13243 us
[89.353s][info][gc,stats    ] Concurrent Cleanup                  148 us
[89.353s][info][gc,stats    ] Concurrent Class Unloading        31239 us
[89.353s][info][gc,stats    ]   Unlink Stale                    21690 us
[89.353s][info][gc,stats    ]     System Dictionary                62 us
[89.353s][info][gc,stats    ]     Weak Class Links                  0 us
[89.353s][info][gc,stats    ]     Code Roots                    21625 us
[89.353s][info][gc,stats    ]   Rendezvous                        347 us
[89.353s][info][gc,stats    ]   Purge Unlinked                   8998 us
[89.353s][info][gc,stats    ]     Code Roots                     8810 us
[89.353s][info][gc,stats    ]     CLDG                            187 us
[89.353s][info][gc,stats    ]     Exception Caches                  0 us
[89.353s][info][gc,stats    ] Concurrent Strong Roots            2173 us, parallelism: 0.26x
[89.353s][info][gc,stats    ]   CSR: <total>                      573 us
[89.353s][info][gc,stats    ]   CSR: VM Strong Roots               42 us, workers (us):  42,   0, ---, ---, ---, ---, ---, ---, 
[89.353s][info][gc,stats    ]   CSR: CLDG Roots                   531 us, workers (us): 531, ---, ---, ---, ---, ---, ---, ---, 
[89.353s][info][gc,stats    ] Concurrent Evacuation             18068 us
[89.354s][info][gc,stats    ] Pause Init Update Refs (G)          186 us
[89.354s][info][gc,stats    ] Pause Init Update Refs (N)           88 us
[89.354s][info][gc,stats    ]   Manage GCLABs                      23 us
[89.354s][info][gc,stats    ] Concurrent Update Refs           103117 us
[89.354s][info][gc,stats    ] Concurrent Update Thread Roots     1127 us
[89.354s][info][gc,stats    ] Pause Final Update Refs (G)         488 us
[89.354s][info][gc,stats    ] Pause Final Update Refs (N)         126 us
[89.354s][info][gc,stats    ]   Update Region States               51 us
[89.354s][info][gc,stats    ]   Trash Collection Set                6 us
[89.354s][info][gc,stats    ]   Rebuild Free Set                   21 us
[89.354s][info][gc,stats    ] Concurrent Cleanup                  149 us
[89.354s][info][gc,stats    ] 
[89.354s][info][gc,stats    ] Allocation pacing accrued:
[89.354s][info][gc,stats    ]       0 of  3143 ms (  0.0%): <total>
[89.354s][info][gc,stats    ]       0 of  3143 ms (  0.0%): <average total>
[89.354s][info][gc,stats    ] 
[89.354s][info][gc,metaspace] Metaspace: 70774K(71168K)->70774K(71168K) NonClass: 63324K(63552K)->63324K(63552K) Class: 7449K(7616K)->7449K(7616K)
[89.354s][info][gc,ergo     ] Pacer for Idle. Initial: 40642K, Alloc Tax Rate: 1.0x
[90.258s][info][gc,start    ] Concurrent uncommit
[90.258s][info][gc          ] Concurrent uncommit 213M->213M(357M) 0.241ms
[90.360s][info][gc,start    ] Concurrent uncommit
[90.387s][info][gc          ] Concurrent uncommit 218M->220M(223M) 27.353ms
[91.993s][info][gc          ] Trigger: Allocated since last cycle (198M) is larger than allocation threshold (198M)
[91.993s][info][gc,ergo     ] Free: 1591M, Max: 512K regular, 1542M humongous, Frag: 4% external, 0% internal; Reserve: 101888K, Max: 512K
[91.993s][info][gc,start    ] GC(8) Concurrent reset
[91.993s][info][gc,task     ] GC(8) Using 2 of 8 workers for concurrent reset
[91.993s][info][gc,ergo     ] GC(8) Pacer for Reset. Non-Taxable: 1984M
[91.997s][info][gc          ] GC(8) Concurrent reset 3.946ms
[91.997s][info][gc,start    ] GC(8) Pause Init Mark (unload classes)
[91.997s][info][gc,task     ] GC(8) Using 8 of 8 workers for init marking
[91.997s][info][gc,ref      ] GC(8) Clearing All SoftReferences
[91.997s][info][gc,ergo     ] GC(8) Pacer for Mark. Expected Live: 84199K, Free: 1591M, Non-Taxable: 159M, Alloc Tax Rate: 0.1x
[91.998s][info][gc          ] GC(8) Pause Init Mark (unload classes) 0.109ms
[91.998s][info][gc,start    ] GC(8) Concurrent marking roots
[91.998s][info][gc,task     ] GC(8) Using 2 of 8 workers for concurrent marking roots
[92.000s][info][gc          ] GC(8) Concurrent marking roots 2.521ms
[92.000s][info][gc,start    ] GC(8) Concurrent marking (unload classes)
[92.000s][info][gc,task     ] GC(8) Using 2 of 8 workers for concurrent marking
[92.301s][info][gc          ] GC(8) Concurrent marking (unload classes) 300.561ms
[92.301s][info][gc,start    ] GC(8) Pause Final Mark (unload classes)
[92.301s][info][gc,task     ] GC(8) Using 8 of 8 workers for final marking
[92.301s][info][gc,ergo     ] GC(8) CSet Selection. Actual Free: 1637M, Max CSet: 1227M
[92.301s][info][gc,ergo     ] GC(8) Collectable Garbage: 196M (99%), Immediate: 6144K (3%), CSet: 190M (96%)
[92.301s][info][gc,ergo     ] GC(8) Pacer for Evacuation. Used CSet: 196M, Free: 1537M, Non-Taxable: 153M, Alloc Tax Rate: 1.1x
[92.301s][info][gc          ] GC(8) Pause Final Mark (unload classes) 0.265ms
[92.301s][info][gc,start    ] GC(8) Concurrent thread roots
[92.301s][info][gc,task     ] GC(8) Using 2 of 8 workers for Concurrent thread roots
[92.302s][info][gc          ] GC(8) Concurrent thread roots 0.967ms
[92.302s][info][gc,start    ] GC(8) Concurrent weak references
[92.302s][info][gc,task     ] GC(8) Using 2 of 8 workers for concurrent weak references
[92.304s][info][gc,ref      ] GC(8) Encountered references: Soft: 2436, Weak: 9849, Final: 74, Phantom: 763
[92.304s][info][gc,ref      ] GC(8) Discovered  references: Soft: 253, Weak: 6470, Final: 35, Phantom: 704
[92.304s][info][gc,ref      ] GC(8) Enqueued    references: Soft: 8, Weak: 3517, Final: 0, Phantom: 7
[92.304s][info][gc          ] GC(8) Concurrent weak references 1.664ms
[92.304s][info][gc,start    ] GC(8) Concurrent weak roots
[92.304s][info][gc,task     ] GC(8) Using 2 of 8 workers for concurrent weak root
[92.308s][info][gc          ] GC(8) Concurrent weak roots 4.231ms
[92.308s][info][gc,start    ] GC(8) Concurrent cleanup
[92.308s][info][gc          ] GC(8) Concurrent cleanup 352M->346M(356M) 0.131ms
[92.308s][info][gc,ergo     ] GC(8) Free: 1536M, Max: 512K regular, 1530M humongous, Frag: 1% external, 0% internal; Reserve: 100835K, Max: 512K
[92.308s][info][gc,start    ] GC(8) Concurrent class unloading
[92.308s][info][gc,task     ] GC(8) Using 2 of 8 workers for concurrent class unloading
[92.324s][info][gc          ] GC(8) Concurrent class unloading 15.596ms
[92.324s][info][gc,start    ] GC(8) Concurrent strong roots
[92.324s][info][gc,task     ] GC(8) Using 2 of 8 workers for concurrent strong root
[92.325s][info][gc          ] GC(8) Concurrent strong roots 0.936ms
[92.325s][info][gc,start    ] GC(8) Concurrent evacuation
[92.325s][info][gc,task     ] GC(8) Using 2 of 8 workers for concurrent evacuation
[92.335s][info][gc          ] GC(8) Concurrent evacuation 10.110ms
[92.335s][info][gc,start    ] GC(8) Pause Init Update Refs
[92.335s][info][gc,ergo     ] GC(8) Pacer for Update Refs. Used: 357M, Free: 1532M, Non-Taxable: 153M, Alloc Tax Rate: 1.1x
[92.335s][info][gc          ] GC(8) Pause Init Update Refs 0.076ms
[92.335s][info][gc,start    ] GC(8) Concurrent update references
[92.335s][info][gc,task     ] GC(8) Using 2 of 8 workers for concurrent reference update
[92.414s][info][gc          ] GC(8) Concurrent update references 79.125ms
[92.415s][info][gc,start    ] GC(8) Concurrent update thread roots
[92.417s][info][gc          ] GC(8) Concurrent update thread roots 2.120ms
[92.417s][info][gc,start    ] GC(8) Pause Final Update Refs
[92.417s][info][gc,task     ] GC(8) Using 8 of 8 workers for final reference update
[92.417s][info][gc          ] GC(8) Pause Final Update Refs 0.118ms
[92.417s][info][gc,start    ] GC(8) Concurrent cleanup
[92.417s][info][gc          ] GC(8) Concurrent cleanup 367M->170M(371M) 0.129ms
[92.417s][info][gc,ergo     ] Free: 1711M, Max: 512K regular, 1518M humongous, Frag: 12% external, 0% internal; Reserve: 101888K, Max: 512K
[92.417s][info][gc,stats    ] 
[92.417s][info][gc,stats    ] All times are wall-clock times, except per-root-class counters, that are sum over
[92.417s][info][gc,stats    ] all workers. Dividing the <total> over the root stage time estimates parallelism.
[92.417s][info][gc,stats    ] 
[92.417s][info][gc,stats    ] Concurrent Reset                   3968 us
[92.418s][info][gc,stats    ] Pause Init Mark (G)                 205 us
[92.418s][info][gc,stats    ] Pause Init Mark (N)                 116 us
[92.418s][info][gc,stats    ]   Update Region States               38 us
[92.418s][info][gc,stats    ] Concurrent Mark Roots              2536 us, parallelism: 1.04x
[92.418s][info][gc,stats    ]   CMR: <total>                     2638 us
[92.418s][info][gc,stats    ]   CMR: Thread Roots                2503 us, workers (us): 2267, 236, ---, ---, ---, ---, ---, ---, 
[92.418s][info][gc,stats    ]   CMR: VM Strong Roots               18 us, workers (us):  18,   0, ---, ---, ---, ---, ---, ---, 
[92.418s][info][gc,stats    ]   CMR: CLDG Roots                   117 us, workers (us): 117, ---, ---, ---, ---, ---, ---, ---, 
[92.418s][info][gc,stats    ] Concurrent Marking               300595 us
[92.418s][info][gc,stats    ] Pause Final Mark (G)                429 us
[92.418s][info][gc,stats    ] Pause Final Mark (N)                272 us
[92.418s][info][gc,stats    ]   Finish Mark                        87 us
[92.418s][info][gc,stats    ]   Update Region States               45 us
[92.418s][info][gc,stats    ]   Choose Collection Set              58 us
[92.418s][info][gc,stats    ]   Rebuild Free Set                   19 us
[92.418s][info][gc,stats    ] Concurrent Thread Roots             985 us, parallelism: 1.66x
[92.418s][info][gc,stats    ]   CTR: <total>                     1635 us
[92.418s][info][gc,stats    ]   CTR: Thread Roots                1635 us, workers (us): 930, 705, ---, ---, ---, ---, ---, ---, 
[92.418s][info][gc,stats    ] Concurrent Weak References         1672 us, parallelism: 1.05x
[92.418s][info][gc,stats    ]   CWRF: <total>                    1752 us
[92.418s][info][gc,stats    ]   CWRF: Weak References            1752 us, workers (us): 182, 1570, ---, ---, ---, ---, ---, ---, 
[92.418s][info][gc,stats    ] Concurrent Weak Roots              4249 us
[92.418s][info][gc,stats    ]   Roots                            3079 us, parallelism: 1.62x
[92.418s][info][gc,stats    ]     CWR: <total>                   4984 us
[92.418s][info][gc,stats    ]     CWR: Code Cache Roots          3510 us, workers (us): 1723, 1787, ---, ---, ---, ---, ---, ---, 
[92.418s][info][gc,stats    ]     CWR: VM Weak Roots             1440 us, workers (us): 1069, 370, ---, ---, ---, ---, ---, ---, 
[92.418s][info][gc,stats    ]     CWR: CLDG Roots                  34 us, workers (us): ---,  34, ---, ---, ---, ---, ---, ---, 
[92.418s][info][gc,stats    ]   Rendezvous                       1135 us
[92.418s][info][gc,stats    ] Concurrent Cleanup                  139 us
[92.418s][info][gc,stats    ] Concurrent Class Unloading        15609 us
[92.418s][info][gc,stats    ]   Unlink Stale                    13364 us
[92.418s][info][gc,stats    ]     System Dictionary                47 us
[92.418s][info][gc,stats    ]     Weak Class Links                  0 us
[92.418s][info][gc,stats    ]     Code Roots                    13315 us
[92.418s][info][gc,stats    ]   Rendezvous                        229 us
[92.418s][info][gc,stats    ]   Purge Unlinked                   1976 us
[92.418s][info][gc,stats    ]     Code Roots                     1964 us
[92.418s][info][gc,stats    ]     CLDG                             12 us
[92.418s][info][gc,stats    ]     Exception Caches                  0 us
[92.418s][info][gc,stats    ] Concurrent Strong Roots             957 us, parallelism: 0.58x
[92.418s][info][gc,stats    ]   CSR: <total>                      553 us
[92.418s][info][gc,stats    ]   CSR: VM Strong Roots               47 us, workers (us):  47,   1, ---, ---, ---, ---, ---, ---, 
[92.418s][info][gc,stats    ]   CSR: CLDG Roots                   506 us, workers (us): 506, ---, ---, ---, ---, ---, ---, ---, 
[92.418s][info][gc,stats    ] Concurrent Evacuation             10139 us
[92.418s][info][gc,stats    ] Pause Init Update Refs (G)          461 us
[92.418s][info][gc,stats    ] Pause Init Update Refs (N)           83 us
[92.418s][info][gc,stats    ]   Manage GCLABs                      40 us
[92.418s][info][gc,stats    ] Concurrent Update Refs            79157 us
[92.418s][info][gc,stats    ] Concurrent Update Thread Roots     2147 us
[92.418s][info][gc,stats    ] Pause Final Update Refs (G)         590 us
[92.418s][info][gc,stats    ] Pause Final Update Refs (N)         126 us
[92.418s][info][gc,stats    ]   Update Region States               45 us
[92.418s][info][gc,stats    ]   Trash Collection Set                6 us
[92.418s][info][gc,stats    ]   Rebuild Free Set                   31 us
[92.418s][info][gc,stats    ] Concurrent Cleanup                  137 us
[92.418s][info][gc,stats    ] 
[92.418s][info][gc,stats    ] Allocation pacing accrued:
[92.418s][info][gc,stats    ]       0 of  3064 ms (  0.0%): <total>
[92.418s][info][gc,stats    ]       0 of  3064 ms (  0.0%): <average total>
[92.418s][info][gc,stats    ] 
[92.418s][info][gc,metaspace] Metaspace: 70820K(71168K)->70825K(71232K) NonClass: 63363K(63552K)->63369K(63616K) Class: 7456K(7616K)->7456K(7616K)
[92.418s][info][gc,ergo     ] Pacer for Idle. Initial: 40642K, Alloc Tax Rate: 1.0x
[93.425s][info][gc,start    ] Concurrent uncommit
[93.465s][info][gc          ] Concurrent uncommit 237M->239M(243M) 39.544ms
[94.727s][info][gc          ] Trigger: Allocated since last cycle (198M) is larger than allocation threshold (198M)
[94.727s][info][gc,ergo     ] Free: 1587M, Max: 512K regular, 1518M humongous, Frag: 5% external, 0% internal; Reserve: 101888K, Max: 512K
[94.727s][info][gc,start    ] GC(9) Concurrent reset
[94.727s][info][gc,task     ] GC(9) Using 2 of 8 workers for concurrent reset
[94.727s][info][gc,ergo     ] GC(9) Pacer for Reset. Non-Taxable: 1984M
[94.728s][info][gc          ] GC(9) Concurrent reset 1.793ms
[94.729s][info][gc,start    ] GC(9) Pause Init Mark (unload classes)
[94.729s][info][gc,task     ] GC(9) Using 8 of 8 workers for init marking
[94.729s][info][gc,ref      ] GC(9) Clearing All SoftReferences
[94.729s][info][gc,ergo     ] GC(9) Pacer for Mark. Expected Live: 88095K, Free: 1587M, Non-Taxable: 158M, Alloc Tax Rate: 0.1x
[94.729s][info][gc          ] GC(9) Pause Init Mark (unload classes) 0.085ms
[94.729s][info][gc,start    ] GC(9) Concurrent marking roots
[94.729s][info][gc,task     ] GC(9) Using 2 of 8 workers for concurrent marking roots
[94.730s][info][gc          ] GC(9) Concurrent marking roots 0.679ms
[94.730s][info][gc,start    ] GC(9) Concurrent marking (unload classes)
[94.730s][info][gc,task     ] GC(9) Using 2 of 8 workers for concurrent marking
[94.987s][info][gc          ] GC(9) Concurrent marking (unload classes) 257.296ms
[94.987s][info][gc,start    ] GC(9) Pause Final Mark (unload classes)
[94.987s][info][gc,task     ] GC(9) Using 8 of 8 workers for final marking
[94.992s][info][gc,ergo     ] GC(9) CSet Selection. Actual Free: 1641M, Max CSet: 1230M
[94.992s][info][gc,ergo     ] GC(9) Collectable Garbage: 196M (99%), Immediate: 2560K (1%), CSet: 194M (98%)
[94.992s][info][gc,ergo     ] GC(9) Pacer for Evacuation. Used CSet: 201M, Free: 1542M, Non-Taxable: 154M, Alloc Tax Rate: 1.1x
[94.992s][info][gc          ] GC(9) Pause Final Mark (unload classes) 4.759ms
[94.992s][info][gc,start    ] GC(9) Concurrent thread roots
[94.992s][info][gc,task     ] GC(9) Using 2 of 8 workers for Concurrent thread roots
[94.994s][info][gc          ] GC(9) Concurrent thread roots 2.395ms
[94.994s][info][gc,start    ] GC(9) Concurrent weak references
[94.994s][info][gc,task     ] GC(9) Using 2 of 8 workers for concurrent weak references
[94.996s][info][gc,ref      ] GC(9) Encountered references: Soft: 2430, Weak: 9547, Final: 74, Phantom: 756
[94.996s][info][gc,ref      ] GC(9) Discovered  references: Soft: 2314, Weak: 4740, Final: 15, Phantom: 699
[94.996s][info][gc,ref      ] GC(9) Enqueued    references: Soft: 2, Weak: 3408, Final: 0, Phantom: 0
[94.996s][info][gc          ] GC(9) Concurrent weak references 1.308ms
[94.996s][info][gc,start    ] GC(9) Concurrent weak roots
[94.996s][info][gc,task     ] GC(9) Using 2 of 8 workers for concurrent weak root
[94.999s][info][gc          ] GC(9) Concurrent weak roots 3.405ms
[94.999s][info][gc,start    ] GC(9) Concurrent cleanup
[94.999s][info][gc          ] GC(9) Concurrent cleanup 346M->343M(350M) 0.132ms
[94.999s][info][gc,ergo     ] GC(9) Free: 1539M, Max: 512K regular, 1518M humongous, Frag: 2% external, 0% internal; Reserve: 100936K, Max: 512K
[94.999s][info][gc,start    ] GC(9) Concurrent class unloading
[94.999s][info][gc,task     ] GC(9) Using 2 of 8 workers for concurrent class unloading
[95.043s][info][gc          ] GC(9) Concurrent class unloading 43.949ms
[95.043s][info][gc,start    ] GC(9) Concurrent strong roots
[95.043s][info][gc,task     ] GC(9) Using 2 of 8 workers for concurrent strong root
[95.044s][info][gc          ] GC(9) Concurrent strong roots 0.659ms
[95.044s][info][gc,start    ] GC(9) Concurrent evacuation
[95.044s][info][gc,task     ] GC(9) Using 2 of 8 workers for concurrent evacuation
[95.055s][info][gc          ] GC(9) Concurrent evacuation 10.955ms
[95.055s][info][gc,start    ] GC(9) Pause Init Update Refs
[95.055s][info][gc,ergo     ] GC(9) Pacer for Update Refs. Used: 360M, Free: 1529M, Non-Taxable: 152M, Alloc Tax Rate: 1.1x
[95.055s][info][gc          ] GC(9) Pause Init Update Refs 0.061ms
[95.055s][info][gc,start    ] GC(9) Concurrent update references
[95.055s][info][gc,task     ] GC(9) Using 2 of 8 workers for concurrent reference update
[95.193s][info][gc          ] GC(9) Concurrent update references 137.684ms
[95.193s][info][gc,start    ] GC(9) Concurrent update thread roots
[95.194s][info][gc          ] GC(9) Concurrent update thread roots 1.231ms
[95.194s][info][gc,start    ] GC(9) Pause Final Update Refs
[95.194s][info][gc,task     ] GC(9) Using 8 of 8 workers for final reference update
[95.194s][info][gc          ] GC(9) Pause Final Update Refs 0.111ms
[95.195s][info][gc,start    ] GC(9) Concurrent cleanup
[95.195s][info][gc          ] GC(9) Concurrent cleanup 372M->170M(376M) 0.155ms
[95.195s][info][gc,ergo     ] Free: 1711M, Max: 512K regular, 1513M humongous, Frag: 12% external, 0% internal; Reserve: 101888K, Max: 512K
[95.195s][info][gc,stats    ] 
[95.195s][info][gc,stats    ] All times are wall-clock times, except per-root-class counters, that are sum over
[95.195s][info][gc,stats    ] all workers. Dividing the <total> over the root stage time estimates parallelism.
[95.195s][info][gc,stats    ] 
[95.195s][info][gc,stats    ] Concurrent Reset                   1815 us
[95.195s][info][gc,stats    ] Pause Init Mark (G)                 540 us
[95.195s][info][gc,stats    ] Pause Init Mark (N)                  93 us
[95.195s][info][gc,stats    ]   Update Region States               21 us
[95.195s][info][gc,stats    ] Concurrent Mark Roots               704 us, parallelism: 1.59x
[95.195s][info][gc,stats    ]   CMR: <total>                     1116 us
[95.195s][info][gc,stats    ]   CMR: Thread Roots                 956 us, workers (us): 549, 407, ---, ---, ---, ---, ---, ---, 
[95.195s][info][gc,stats    ]   CMR: VM Strong Roots               21 us, workers (us):  11,  10, ---, ---, ---, ---, ---, ---, 
[95.195s][info][gc,stats    ]   CMR: CLDG Roots                   138 us, workers (us): ---, 138, ---, ---, ---, ---, ---, ---, 
[95.195s][info][gc,stats    ] Concurrent Marking               257334 us
[95.195s][info][gc,stats    ] Pause Final Mark (G)               4918 us
[95.195s][info][gc,stats    ] Pause Final Mark (N)               4767 us
[95.195s][info][gc,stats    ]   Finish Mark                      4573 us
[95.195s][info][gc,stats    ]   Update Region States               44 us
[95.195s][info][gc,stats    ]   Choose Collection Set              68 us
[95.195s][info][gc,stats    ]   Rebuild Free Set                   18 us
[95.195s][info][gc,stats    ] Concurrent Thread Roots            2413 us, parallelism: 0.53x
[95.195s][info][gc,stats    ]   CTR: <total>                     1287 us
[95.195s][info][gc,stats    ]   CTR: Thread Roots                1287 us, workers (us): 1287,   0, ---, ---, ---, ---, ---, ---, 
[95.195s][info][gc,stats    ] Concurrent Weak References         1316 us, parallelism: 1.25x
[95.195s][info][gc,stats    ]   CWRF: <total>                    1644 us
[95.195s][info][gc,stats    ]   CWRF: Weak References            1644 us, workers (us): 1210, 434, ---, ---, ---, ---, ---, ---, 
[95.195s][info][gc,stats    ] Concurrent Weak Roots              3427 us
[95.195s][info][gc,stats    ]   Roots                            3214 us, parallelism: 1.59x
[95.195s][info][gc,stats    ]     CWR: <total>                   5099 us
[95.195s][info][gc,stats    ]     CWR: Code Cache Roots          3408 us, workers (us): 1766, 1641, ---, ---, ---, ---, ---, ---, 
[95.195s][info][gc,stats    ]     CWR: VM Weak Roots             1658 us, workers (us): 1308, 351, ---, ---, ---, ---, ---, ---, 
[95.195s][info][gc,stats    ]     CWR: CLDG Roots                  33 us, workers (us): ---,  33, ---, ---, ---, ---, ---, ---, 
[95.195s][info][gc,stats    ]   Rendezvous                        175 us
[95.195s][info][gc,stats    ] Concurrent Cleanup                  146 us
[95.195s][info][gc,stats    ] Concurrent Class Unloading        43968 us
[95.195s][info][gc,stats    ]   Unlink Stale                    33187 us
[95.195s][info][gc,stats    ]     System Dictionary                40 us
[95.195s][info][gc,stats    ]     Weak Class Links                  0 us
[95.195s][info][gc,stats    ]     Code Roots                    33145 us
[95.195s][info][gc,stats    ]   Rendezvous                        371 us
[95.195s][info][gc,stats    ]   Purge Unlinked                  10373 us
[95.195s][info][gc,stats    ]     Code Roots                    10312 us
[95.195s][info][gc,stats    ]     CLDG                             60 us
[95.195s][info][gc,stats    ]     Exception Caches                  0 us
[95.195s][info][gc,stats    ] Concurrent Strong Roots             680 us, parallelism: 0.87x
[95.195s][info][gc,stats    ]   CSR: <total>                      594 us
[95.195s][info][gc,stats    ]   CSR: VM Strong Roots               55 us, workers (us):  32,  23, ---, ---, ---, ---, ---, ---, 
[95.195s][info][gc,stats    ]   CSR: CLDG Roots                   539 us, workers (us): ---, 539, ---, ---, ---, ---, ---, ---, 
[95.195s][info][gc,stats    ] Concurrent Evacuation             10982 us
[95.195s][info][gc,stats    ] Pause Init Update Refs (G)          228 us
[95.195s][info][gc,stats    ] Pause Init Update Refs (N)           68 us
[95.195s][info][gc,stats    ]   Manage GCLABs                      25 us
[95.195s][info][gc,stats    ] Concurrent Update Refs           137709 us
[95.195s][info][gc,stats    ] Concurrent Update Thread Roots     1288 us
[95.195s][info][gc,stats    ] Pause Final Update Refs (G)         356 us
[95.195s][info][gc,stats    ] Pause Final Update Refs (N)         119 us
[95.195s][info][gc,stats    ]   Update Region States               47 us
[95.195s][info][gc,stats    ]   Trash Collection Set                6 us
[95.195s][info][gc,stats    ]   Rebuild Free Set                   24 us
[95.195s][info][gc,stats    ] Concurrent Cleanup                  164 us
[95.195s][info][gc,stats    ] 
[95.195s][info][gc,stats    ] Allocation pacing accrued:
[95.195s][info][gc,stats    ]       0 of  2777 ms (  0.0%): <total>
[95.195s][info][gc,stats    ]       0 of  2777 ms (  0.0%): <average total>
[95.195s][info][gc,stats    ] 
[95.195s][info][gc,metaspace] Metaspace: 70838K(71232K)->70838K(71232K) NonClass: 63381K(63616K)->63381K(63616K) Class: 7457K(7616K)->7457K(7616K)
[95.195s][info][gc,ergo     ] Pacer for Idle. Initial: 40642K, Alloc Tax Rate: 1.0x
[96.201s][info][gc,start    ] Concurrent uncommit
[96.215s][info][gc          ] Concurrent uncommit 233M->233M(238M) 13.883ms
[97.769s][info][gc          ] Trigger: Allocated since last cycle (198M) is larger than allocation threshold (198M)
[97.769s][info][gc,ergo     ] Free: 1585M, Max: 512K regular, 1513M humongous, Frag: 5% external, 0% internal; Reserve: 101888K, Max: 512K
[97.769s][info][gc,start    ] GC(10) Concurrent reset
[97.769s][info][gc,task     ] GC(10) Using 2 of 8 workers for concurrent reset
[97.769s][info][gc,ergo     ] GC(10) Pacer for Reset. Non-Taxable: 1984M
[97.771s][info][gc          ] GC(10) Concurrent reset 2.299ms
[97.771s][info][gc,start    ] GC(10) Pause Init Mark (unload classes)
[97.771s][info][gc,task     ] GC(10) Using 8 of 8 workers for init marking
[97.772s][info][gc,ref      ] GC(10) Clearing All SoftReferences
[97.772s][info][gc,ergo     ] GC(10) Pacer for Mark. Expected Live: 92575K, Free: 1585M, Non-Taxable: 158M, Alloc Tax Rate: 0.1x
[97.772s][info][gc          ] GC(10) Pause Init Mark (unload classes) 0.095ms
[97.772s][info][gc,start    ] GC(10) Concurrent marking roots
[97.772s][info][gc,task     ] GC(10) Using 2 of 8 workers for concurrent marking roots
[97.773s][info][gc          ] GC(10) Concurrent marking roots 1.372ms
[97.773s][info][gc,start    ] GC(10) Concurrent marking (unload classes)
[97.773s][info][gc,task     ] GC(10) Using 2 of 8 workers for concurrent marking
[98.066s][info][gc          ] GC(10) Concurrent marking (unload classes) 293.368ms
[98.067s][info][gc,start    ] GC(10) Pause Final Mark (unload classes)
[98.067s][info][gc,task     ] GC(10) Using 8 of 8 workers for final marking
[98.068s][info][gc,ergo     ] GC(10) CSet Selection. Actual Free: 1636M, Max CSet: 1227M
[98.068s][info][gc,ergo     ] GC(10) Collectable Garbage: 196M (99%), Immediate: 6656K (3%), CSet: 189M (95%)
[98.068s][info][gc,ergo     ] GC(10) Pacer for Evacuation. Used CSet: 196M, Free: 1538M, Non-Taxable: 153M, Alloc Tax Rate: 1.1x
[98.068s][info][gc          ] GC(10) Pause Final Mark (unload classes) 1.543ms
[98.068s][info][gc,start    ] GC(10) Concurrent thread roots
[98.068s][info][gc,task     ] GC(10) Using 2 of 8 workers for Concurrent thread roots
[98.071s][info][gc          ] GC(10) Concurrent thread roots 2.943ms
[98.071s][info][gc,start    ] GC(10) Concurrent weak references
[98.071s][info][gc,task     ] GC(10) Using 2 of 8 workers for concurrent weak references
[98.073s][info][gc,ref      ] GC(10) Encountered references: Soft: 2428, Weak: 9701, Final: 74, Phantom: 756
[98.073s][info][gc,ref      ] GC(10) Discovered  references: Soft: 242, Weak: 6526, Final: 20, Phantom: 619
[98.073s][info][gc,ref      ] GC(10) Enqueued    references: Soft: 0, Weak: 3373, Final: 0, Phantom: 0
[98.073s][info][gc          ] GC(10) Concurrent weak references 1.363ms
[98.073s][info][gc,start    ] GC(10) Concurrent weak roots
[98.073s][info][gc,task     ] GC(10) Using 2 of 8 workers for concurrent weak root
[98.076s][info][gc          ] GC(10) Concurrent weak roots 3.262ms
[98.076s][info][gc,start    ] GC(10) Concurrent cleanup
[98.076s][info][gc          ] GC(10) Concurrent cleanup 353M->346M(357M) 0.167ms
[98.076s][info][gc,ergo     ] GC(10) Free: 1536M, Max: 512K regular, 1513M humongous, Frag: 2% external, 0% internal; Reserve: 100952K, Max: 512K
[98.076s][info][gc,start    ] GC(10) Concurrent class unloading
[98.076s][info][gc,task     ] GC(10) Using 2 of 8 workers for concurrent class unloading
[98.084s][info][gc          ] GC(10) Concurrent class unloading 8.026ms
[98.084s][info][gc,start    ] GC(10) Concurrent strong roots
[98.084s][info][gc,task     ] GC(10) Using 2 of 8 workers for concurrent strong root
[98.085s][info][gc          ] GC(10) Concurrent strong roots 0.877ms
[98.085s][info][gc,start    ] GC(10) Concurrent evacuation
[98.085s][info][gc,task     ] GC(10) Using 2 of 8 workers for concurrent evacuation
[98.093s][info][gc          ] GC(10) Concurrent evacuation 7.744ms
[98.093s][info][gc,start    ] GC(10) Pause Init Update Refs
[98.093s][info][gc,ergo     ] GC(10) Pacer for Update Refs. Used: 356M, Free: 1533M, Non-Taxable: 153M, Alloc Tax Rate: 1.1x
[98.093s][info][gc          ] GC(10) Pause Init Update Refs 0.061ms
[98.093s][info][gc,start    ] GC(10) Concurrent update references
[98.093s][info][gc,task     ] GC(10) Using 2 of 8 workers for concurrent reference update
[98.196s][info][gc          ] GC(10) Concurrent update references 102.285ms
[98.196s][info][gc,start    ] GC(10) Concurrent update thread roots
[98.199s][info][gc          ] GC(10) Concurrent update thread roots 3.395ms
[98.199s][info][gc,start    ] GC(10) Pause Final Update Refs
[98.199s][info][gc,task     ] GC(10) Using 8 of 8 workers for final reference update
[98.200s][info][gc          ] GC(10) Pause Final Update Refs 0.133ms
[98.200s][info][gc,start    ] GC(10) Concurrent cleanup
[98.200s][info][gc          ] GC(10) Concurrent cleanup 364M->168M(369M) 0.152ms
[98.200s][info][gc,ergo     ] Free: 1713M, Max: 512K regular, 1521M humongous, Frag: 12% external, 0% internal; Reserve: 101888K, Max: 512K
[98.200s][info][gc,stats    ] 
[98.200s][info][gc,stats    ] All times are wall-clock times, except per-root-class counters, that are sum over
[98.200s][info][gc,stats    ] all workers. Dividing the <total> over the root stage time estimates parallelism.
[98.200s][info][gc,stats    ] 
[98.200s][info][gc,stats    ] Concurrent Reset                   2325 us
[98.200s][info][gc,stats    ] Pause Init Mark (G)                 371 us
[98.200s][info][gc,stats    ] Pause Init Mark (N)                 111 us
[98.200s][info][gc,stats    ]   Update Region States               31 us
[98.200s][info][gc,stats    ] Concurrent Mark Roots              1392 us, parallelism: 0.88x
[98.200s][info][gc,stats    ]   CMR: <total>                     1220 us
[98.200s][info][gc,stats    ]   CMR: Thread Roots                1065 us, workers (us): 1065,   0, ---, ---, ---, ---, ---, ---, 
[98.200s][info][gc,stats    ]   CMR: VM Strong Roots               18 us, workers (us):  18,   0, ---, ---, ---, ---, ---, ---, 
[98.200s][info][gc,stats    ]   CMR: CLDG Roots                   137 us, workers (us): 137, ---, ---, ---, ---, ---, ---, ---, 
[98.200s][info][gc,stats    ] Concurrent Marking               293402 us
[98.200s][info][gc,stats    ] Pause Final Mark (G)               1736 us
[98.200s][info][gc,stats    ] Pause Final Mark (N)               1589 us
[98.200s][info][gc,stats    ]   Finish Mark                      1342 us
[98.200s][info][gc,stats    ]   Update Region States               46 us
[98.200s][info][gc,stats    ]   Choose Collection Set              68 us
[98.200s][info][gc,stats    ]   Rebuild Free Set                   22 us
[98.200s][info][gc,stats    ] Concurrent Thread Roots            2965 us, parallelism: 0.66x
[98.200s][info][gc,stats    ]   CTR: <total>                     1969 us
[98.200s][info][gc,stats    ]   CTR: Thread Roots                1969 us, workers (us): 1276, 693, ---, ---, ---, ---, ---, ---, 
[98.200s][info][gc,stats    ] Concurrent Weak References         1372 us, parallelism: 1.50x
[98.200s][info][gc,stats    ]   CWRF: <total>                    2063 us
[98.200s][info][gc,stats    ]   CWRF: Weak References            2063 us, workers (us): 814, 1249, ---, ---, ---, ---, ---, ---, 
[98.200s][info][gc,stats    ] Concurrent Weak Roots              3285 us
[98.200s][info][gc,stats    ]   Roots                            2533 us, parallelism: 1.94x
[98.200s][info][gc,stats    ]     CWR: <total>                   4909 us
[98.200s][info][gc,stats    ]     CWR: Code Cache Roots          3261 us, workers (us): 1641, 1620, ---, ---, ---, ---, ---, ---, 
[98.200s][info][gc,stats    ]     CWR: VM Weak Roots             1620 us, workers (us): 812, 808, ---, ---, ---, ---, ---, ---, 
[98.200s][info][gc,stats    ]     CWR: CLDG Roots                  28 us, workers (us): ---,  28, ---, ---, ---, ---, ---, ---, 
[98.200s][info][gc,stats    ]   Rendezvous                        709 us
[98.200s][info][gc,stats    ] Concurrent Cleanup                  201 us
[98.200s][info][gc,stats    ] Concurrent Class Unloading         8041 us
[98.200s][info][gc,stats    ]   Unlink Stale                     6957 us
[98.200s][info][gc,stats    ]     System Dictionary                57 us
[98.200s][info][gc,stats    ]     Weak Class Links                  0 us
[98.200s][info][gc,stats    ]     Code Roots                     6899 us
[98.200s][info][gc,stats    ]   Rendezvous                        200 us
[98.200s][info][gc,stats    ]   Purge Unlinked                    849 us
[98.200s][info][gc,stats    ]     Code Roots                      840 us
[98.200s][info][gc,stats    ]     CLDG                              8 us
[98.200s][info][gc,stats    ]     Exception Caches                  0 us
[98.200s][info][gc,stats    ] Concurrent Strong Roots             897 us, parallelism: 0.89x
[98.200s][info][gc,stats    ]   CSR: <total>                      796 us
[98.200s][info][gc,stats    ]   CSR: VM Strong Roots               48 us, workers (us):  47,   0, ---, ---, ---, ---, ---, ---, 
[98.200s][info][gc,stats    ]   CSR: CLDG Roots                   748 us, workers (us): 748, ---, ---, ---, ---, ---, ---, ---, 
[98.200s][info][gc,stats    ] Concurrent Evacuation              7778 us
[98.200s][info][gc,stats    ] Pause Init Update Refs (G)          406 us
[98.200s][info][gc,stats    ] Pause Init Update Refs (N)           68 us
[98.200s][info][gc,stats    ]   Manage GCLABs                      25 us
[98.200s][info][gc,stats    ] Concurrent Update Refs           102324 us
[98.200s][info][gc,stats    ] Concurrent Update Thread Roots     3423 us
[98.200s][info][gc,stats    ] Pause Final Update Refs (G)         676 us
[98.200s][info][gc,stats    ] Pause Final Update Refs (N)         143 us
[98.200s][info][gc,stats    ]   Update Region States               53 us
[98.200s][info][gc,stats    ]   Trash Collection Set                7 us
[98.200s][info][gc,stats    ]   Rebuild Free Set                   39 us
[98.200s][info][gc,stats    ] Concurrent Cleanup                  162 us
[98.200s][info][gc,stats    ] 
[98.200s][info][gc,stats    ] Allocation pacing accrued:
[98.200s][info][gc,stats    ]       0 of  3005 ms (  0.0%): <total>
[98.200s][info][gc,stats    ]       0 of  3005 ms (  0.0%): <average total>
[98.200s][info][gc,stats    ] 
[98.200s][info][gc,metaspace] Metaspace: 70839K(71232K)->70839K(71232K) NonClass: 63382K(63616K)->63382K(63616K) Class: 7457K(7616K)->7457K(7616K)
[98.200s][info][gc,ergo     ] Pacer for Idle. Initial: 40642K, Alloc Tax Rate: 1.0x
[99.207s][info][gc,start    ] Concurrent uncommit
[99.215s][info][gc          ] Concurrent uncommit 241M->242M(246M) 8.270ms
[100.563s][info][gc          ] Trigger: Allocated since last cycle (198M) is larger than allocation threshold (198M)
[100.563s][info][gc,ergo     ] Free: 1582M, Max: 512K regular, 1521M humongous, Frag: 4% external, 0% internal; Reserve: 101888K, Max: 512K
[100.563s][info][gc,start    ] GC(11) Concurrent reset
[100.563s][info][gc,task     ] GC(11) Using 2 of 8 workers for concurrent reset
[100.563s][info][gc,ergo     ] GC(11) Pacer for Reset. Non-Taxable: 1984M
[100.565s][info][gc          ] GC(11) Concurrent reset 1.880ms
[100.565s][info][gc,start    ] GC(11) Pause Init Mark (unload classes)
[100.565s][info][gc,task     ] GC(11) Using 8 of 8 workers for init marking
[100.565s][info][gc,ref      ] GC(11) Clearing All SoftReferences
[100.565s][info][gc,ergo     ] GC(11) Pacer for Mark. Expected Live: 95527K, Free: 1582M, Non-Taxable: 158M, Alloc Tax Rate: 0.1x
[100.565s][info][gc          ] GC(11) Pause Init Mark (unload classes) 0.100ms
[100.565s][info][gc,start    ] GC(11) Concurrent marking roots
[100.565s][info][gc,task     ] GC(11) Using 2 of 8 workers for concurrent marking roots
[100.567s][info][gc          ] GC(11) Concurrent marking roots 2.005ms
[100.567s][info][gc,start    ] GC(11) Concurrent marking (unload classes)
[100.567s][info][gc,task     ] GC(11) Using 2 of 8 workers for concurrent marking
[100.903s][info][gc          ] GC(11) Concurrent marking (unload classes) 335.848ms
[100.906s][info][gc,start    ] GC(11) Pause Final Mark (unload classes)
[100.906s][info][gc,task     ] GC(11) Using 8 of 8 workers for final marking
[100.906s][info][gc,ergo     ] GC(11) CSet Selection. Actual Free: 1629M, Max CSet: 1222M
[100.906s][info][gc,ergo     ] GC(11) Collectable Garbage: 196M (99%), Immediate: 4608K (2%), CSet: 191M (96%)
[100.906s][info][gc,ergo     ] GC(11) Pacer for Evacuation. Used CSet: 197M, Free: 1531M, Non-Taxable: 153M, Alloc Tax Rate: 1.1x
[100.906s][info][gc          ] GC(11) Pause Final Mark (unload classes) 0.287ms
[100.906s][info][gc,start    ] GC(11) Concurrent thread roots
[100.906s][info][gc,task     ] GC(11) Using 2 of 8 workers for Concurrent thread roots
[100.907s][info][gc          ] GC(11) Concurrent thread roots 0.960ms
[100.907s][info][gc,start    ] GC(11) Concurrent weak references
[100.907s][info][gc,task     ] GC(11) Using 2 of 8 workers for concurrent weak references
[100.910s][info][gc,ref      ] GC(11) Encountered references: Soft: 2428, Weak: 9819, Final: 74, Phantom: 756
[100.910s][info][gc,ref      ] GC(11) Discovered  references: Soft: 233, Weak: 4265, Final: 0, Phantom: 745
[100.910s][info][gc,ref      ] GC(11) Enqueued    references: Soft: 0, Weak: 3524, Final: 0, Phantom: 0
[100.910s][info][gc          ] GC(11) Concurrent weak references 3.186ms
[100.910s][info][gc,start    ] GC(11) Concurrent weak roots
[100.910s][info][gc,task     ] GC(11) Using 2 of 8 workers for concurrent weak root
[100.915s][info][gc          ] GC(11) Concurrent weak roots 4.182ms
[100.915s][info][gc,start    ] GC(11) Concurrent cleanup
[100.915s][info][gc          ] GC(11) Concurrent cleanup 359M->355M(364M) 0.157ms
[100.915s][info][gc,ergo     ] GC(11) Free: 1527M, Max: 512K regular, 1521M humongous, Frag: 1% external, 0% internal; Reserve: 100823K, Max: 512K
[100.915s][info][gc,start    ] GC(11) Concurrent class unloading
[100.915s][info][gc,task     ] GC(11) Using 2 of 8 workers for concurrent class unloading
[100.939s][info][gc          ] GC(11) Concurrent class unloading 24.088ms
[100.939s][info][gc,start    ] GC(11) Concurrent strong roots
[100.939s][info][gc,task     ] GC(11) Using 2 of 8 workers for concurrent strong root
[100.940s][info][gc          ] GC(11) Concurrent strong roots 0.579ms
[100.940s][info][gc,start    ] GC(11) Concurrent evacuation
[100.940s][info][gc,task     ] GC(11) Using 2 of 8 workers for concurrent evacuation
[100.953s][info][gc          ] GC(11) Concurrent evacuation 13.154ms
[100.953s][info][gc,start    ] GC(11) Pause Init Update Refs
[100.953s][info][gc,ergo     ] GC(11) Pacer for Update Refs. Used: 364M, Free: 1524M, Non-Taxable: 152M, Alloc Tax Rate: 1.1x
[100.953s][info][gc          ] GC(11) Pause Init Update Refs 0.068ms
[100.953s][info][gc,start    ] GC(11) Concurrent update references
[100.953s][info][gc,task     ] GC(11) Using 2 of 8 workers for concurrent reference update
[101.182s][info][gc          ] GC(11) Concurrent update references 228.416ms
[101.182s][info][gc,start    ] GC(11) Concurrent update thread roots
[101.183s][info][gc          ] GC(11) Concurrent update thread roots 1.101ms
[101.185s][info][gc,start    ] GC(11) Pause Final Update Refs
[101.185s][info][gc,task     ] GC(11) Using 8 of 8 workers for final reference update
[101.185s][info][gc          ] GC(11) Pause Final Update Refs 0.115ms
[101.185s][info][gc,start    ] GC(11) Concurrent cleanup
[101.185s][info][gc          ] GC(11) Concurrent cleanup 398M->200M(403M) 0.150ms
[101.185s][info][gc,ergo     ] Free: 1681M, Max: 512K regular, 1485M humongous, Frag: 12% external, 0% internal; Reserve: 101888K, Max: 512K
[101.185s][info][gc,stats    ] 
[101.185s][info][gc,stats    ] All times are wall-clock times, except per-root-class counters, that are sum over
[101.185s][info][gc,stats    ] all workers. Dividing the <total> over the root stage time estimates parallelism.
[101.185s][info][gc,stats    ] 
[101.185s][info][gc,stats    ] Concurrent Reset                   1899 us
[101.185s][info][gc,stats    ] Pause Init Mark (G)                 188 us
[101.185s][info][gc,stats    ] Pause Init Mark (N)                 107 us
[101.185s][info][gc,stats    ]   Update Region States               29 us
[101.185s][info][gc,stats    ] Concurrent Mark Roots              2024 us, parallelism: 0.49x
[101.185s][info][gc,stats    ]   CMR: <total>                      999 us
[101.185s][info][gc,stats    ]   CMR: Thread Roots                 849 us, workers (us): 486, 363, ---, ---, ---, ---, ---, ---, 
[101.185s][info][gc,stats    ]   CMR: VM Strong Roots               22 us, workers (us):  12,  10, ---, ---, ---, ---, ---, ---, 
[101.185s][info][gc,stats    ]   CMR: CLDG Roots                   128 us, workers (us): ---, 128, ---, ---, ---, ---, ---, ---, 
[101.185s][info][gc,stats    ] Concurrent Marking               335879 us
[101.185s][info][gc,stats    ] Pause Final Mark (G)               2938 us
[101.185s][info][gc,stats    ] Pause Final Mark (N)                296 us
[101.185s][info][gc,stats    ]   Finish Mark                       113 us
[101.185s][info][gc,stats    ]   Update Region States               45 us
[101.186s][info][gc,stats    ]   Choose Collection Set              52 us
[101.186s][info][gc,stats    ]   Rebuild Free Set                   17 us
[101.186s][info][gc,stats    ] Concurrent Thread Roots             979 us, parallelism: 1.67x
[101.186s][info][gc,stats    ]   CTR: <total>                     1636 us
[101.186s][info][gc,stats    ]   CTR: Thread Roots                1636 us, workers (us): 893, 743, ---, ---, ---, ---, ---, ---, 
[101.186s][info][gc,stats    ] Concurrent Weak References         3193 us, parallelism: 0.54x
[101.186s][info][gc,stats    ]   CWRF: <total>                    1714 us
[101.186s][info][gc,stats    ]   CWRF: Weak References            1714 us, workers (us): 1558, 156, ---, ---, ---, ---, ---, ---, 
[101.186s][info][gc,stats    ] Concurrent Weak Roots              4203 us
[101.186s][info][gc,stats    ]   Roots                            3290 us, parallelism: 1.82x
[101.186s][info][gc,stats    ]     CWR: <total>                   5985 us
[101.186s][info][gc,stats    ]     CWR: Code Cache Roots          4424 us, workers (us): 2181, 2243, ---, ---, ---, ---, ---, ---, 
[101.186s][info][gc,stats    ]     CWR: VM Weak Roots             1541 us, workers (us): 792, 749, ---, ---, ---, ---, ---, ---, 
[101.186s][info][gc,stats    ]     CWR: CLDG Roots                  20 us, workers (us): ---,  20, ---, ---, ---, ---, ---, ---, 
[101.186s][info][gc,stats    ]   Rendezvous                        878 us
[101.186s][info][gc,stats    ] Concurrent Cleanup                  165 us
[101.186s][info][gc,stats    ] Concurrent Class Unloading        24102 us
[101.186s][info][gc,stats    ]   Unlink Stale                    22407 us
[101.186s][info][gc,stats    ]     System Dictionary                34 us
[101.186s][info][gc,stats    ]     Weak Class Links                  0 us
[101.186s][info][gc,stats    ]     Code Roots                    22371 us
[101.186s][info][gc,stats    ]   Rendezvous                        267 us
[101.186s][info][gc,stats    ]   Purge Unlinked                   1398 us
[101.186s][info][gc,stats    ]     Code Roots                     1383 us
[101.186s][info][gc,stats    ]     CLDG                              8 us
[101.186s][info][gc,stats    ]     Exception Caches                  0 us
[101.186s][info][gc,stats    ] Concurrent Strong Roots             605 us, parallelism: 0.87x
[101.186s][info][gc,stats    ]   CSR: <total>                      524 us
[101.186s][info][gc,stats    ]   CSR: VM Strong Roots               47 us, workers (us):  24,  24, ---, ---, ---, ---, ---, ---, 
[101.186s][info][gc,stats    ]   CSR: CLDG Roots                   476 us, workers (us): 476, ---, ---, ---, ---, ---, ---, ---, 
[101.186s][info][gc,stats    ] Concurrent Evacuation             13180 us
[101.186s][info][gc,stats    ] Pause Init Update Refs (G)          362 us
[101.186s][info][gc,stats    ] Pause Init Update Refs (N)           74 us
[101.186s][info][gc,stats    ]   Manage GCLABs                      35 us
[101.186s][info][gc,stats    ] Concurrent Update Refs           228450 us
[101.186s][info][gc,stats    ] Concurrent Update Thread Roots     1131 us
[101.186s][info][gc,stats    ] Pause Final Update Refs (G)        2500 us
[101.186s][info][gc,stats    ] Pause Final Update Refs (N)         145 us
[101.186s][info][gc,stats    ]   Update Region States               46 us
[101.186s][info][gc,stats    ]   Trash Collection Set                6 us
[101.186s][info][gc,stats    ]   Rebuild Free Set                   22 us
[101.186s][info][gc,stats    ] Concurrent Cleanup                  158 us
[101.186s][info][gc,stats    ] 
[101.186s][info][gc,stats    ] Allocation pacing accrued:
[101.186s][info][gc,stats    ]       0 of  2985 ms (  0.0%): <total>
[101.186s][info][gc,stats    ]       0 of  2985 ms (  0.0%): <average total>
[101.186s][info][gc,stats    ] 
[101.186s][info][gc,metaspace] Metaspace: 70842K(71232K)->70856K(71232K) NonClass: 63384K(63616K)->63396K(63616K) Class: 7457K(7616K)->7459K(7616K)
[101.186s][info][gc,ergo     ] Pacer for Idle. Initial: 40642K, Alloc Tax Rate: 1.0x
[102.191s][info][gc,start    ] Concurrent uncommit
[102.227s][info][gc          ] Concurrent uncommit 255M->255M(260M) 36.447ms
[103.378s][info][gc          ] Trigger: Allocated since last cycle (198M) is larger than allocation threshold (198M)
[103.378s][info][gc,ergo     ] Free: 1578M, Max: 512K regular, 1485M humongous, Frag: 6% external, 0% internal; Reserve: 101888K, Max: 512K
[103.378s][info][gc,start    ] GC(12) Concurrent reset
[103.378s][info][gc,task     ] GC(12) Using 2 of 8 workers for concurrent reset
[103.378s][info][gc,ergo     ] GC(12) Pacer for Reset. Non-Taxable: 1984M
[103.384s][info][gc          ] GC(12) Concurrent reset 5.895ms
[103.384s][info][gc,start    ] GC(12) Pause Init Mark (unload classes)
[103.384s][info][gc,task     ] GC(12) Using 8 of 8 workers for init marking
[103.384s][info][gc,ref      ] GC(12) Clearing All SoftReferences
[103.384s][info][gc,ergo     ] GC(12) Pacer for Mark. Expected Live: 98514K, Free: 1578M, Non-Taxable: 157M, Alloc Tax Rate: 0.1x
[103.384s][info][gc          ] GC(12) Pause Init Mark (unload classes) 0.130ms
[103.389s][info][gc,start    ] GC(12) Concurrent marking roots
[103.389s][info][gc,task     ] GC(12) Using 2 of 8 workers for concurrent marking roots
[103.390s][info][gc          ] GC(12) Concurrent marking roots 1.453ms
[103.390s][info][gc,start    ] GC(12) Concurrent marking (unload classes)
[103.390s][info][gc,task     ] GC(12) Using 2 of 8 workers for concurrent marking
[103.740s][info][gc          ] GC(12) Concurrent marking (unload classes) 350.347ms
[103.741s][info][gc,start    ] GC(12) Pause Final Mark (unload classes)
[103.741s][info][gc,task     ] GC(12) Using 8 of 8 workers for final marking
[103.741s][info][gc,ergo     ] GC(12) CSet Selection. Actual Free: 1629M, Max CSet: 1221M
[103.741s][info][gc,ergo     ] GC(12) Collectable Garbage: 196M (99%), Immediate: 5632K (2%), CSet: 191M (96%)
[103.741s][info][gc,ergo     ] GC(12) Pacer for Evacuation. Used CSet: 197M, Free: 1530M, Non-Taxable: 153M, Alloc Tax Rate: 1.1x
[103.741s][info][gc          ] GC(12) Pause Final Mark (unload classes) 0.933ms
[103.742s][info][gc,start    ] GC(12) Concurrent thread roots
[103.742s][info][gc,task     ] GC(12) Using 2 of 8 workers for Concurrent thread roots
[103.744s][info][gc          ] GC(12) Concurrent thread roots 2.543ms
[103.744s][info][gc,start    ] GC(12) Concurrent weak references
[103.744s][info][gc,task     ] GC(12) Using 2 of 8 workers for concurrent weak references
[103.746s][info][gc,ref      ] GC(12) Encountered references: Soft: 2430, Weak: 9819, Final: 74, Phantom: 756
[103.746s][info][gc,ref      ] GC(12) Discovered  references: Soft: 2317, Weak: 5886, Final: 17, Phantom: 697
[103.746s][info][gc,ref      ] GC(12) Enqueued    references: Soft: 2, Weak: 3610, Final: 0, Phantom: 0
[103.746s][info][gc          ] GC(12) Concurrent weak references 2.004ms
[103.746s][info][gc,start    ] GC(12) Concurrent weak roots
[103.746s][info][gc,task     ] GC(12) Using 2 of 8 workers for concurrent weak root
[103.756s][info][gc          ] GC(12) Concurrent weak roots 9.987ms
[103.756s][info][gc,start    ] GC(12) Concurrent cleanup
[103.756s][info][gc          ] GC(12) Concurrent cleanup 362M->356M(366M) 0.156ms
[103.756s][info][gc,ergo     ] GC(12) Free: 1526M, Max: 512K regular, 1485M humongous, Frag: 3% external, 0% internal; Reserve: 100896K, Max: 512K
[103.756s][info][gc,start    ] GC(12) Concurrent class unloading
[103.756s][info][gc,task     ] GC(12) Using 2 of 8 workers for concurrent class unloading
[103.773s][info][gc          ] GC(12) Concurrent class unloading 16.655ms
[103.773s][info][gc,start    ] GC(12) Concurrent strong roots
[103.773s][info][gc,task     ] GC(12) Using 2 of 8 workers for concurrent strong root
[103.774s][info][gc          ] GC(12) Concurrent strong roots 0.720ms
[103.774s][info][gc,start    ] GC(12) Concurrent evacuation
[103.774s][info][gc,task     ] GC(12) Using 2 of 8 workers for concurrent evacuation
[103.790s][info][gc          ] GC(12) Concurrent evacuation 16.532ms
[103.790s][info][gc,start    ] GC(12) Pause Init Update Refs
[103.791s][info][gc,ergo     ] GC(12) Pacer for Update Refs. Used: 366M, Free: 1522M, Non-Taxable: 152M, Alloc Tax Rate: 1.1x
[103.791s][info][gc          ] GC(12) Pause Init Update Refs 0.044ms
[103.791s][info][gc,start    ] GC(12) Concurrent update references
[103.791s][info][gc,task     ] GC(12) Using 2 of 8 workers for concurrent reference update
[103.963s][info][gc          ] GC(12) Concurrent update references 172.677ms
[103.963s][info][gc,start    ] GC(12) Concurrent update thread roots
[103.967s][info][gc          ] GC(12) Concurrent update thread roots 3.302ms
[103.969s][info][gc,start    ] GC(12) Pause Final Update Refs
[103.969s][info][gc,task     ] GC(12) Using 8 of 8 workers for final reference update
[103.970s][info][gc          ] GC(12) Pause Final Update Refs 0.118ms
[103.970s][info][gc,start    ] GC(12) Concurrent cleanup
[103.970s][info][gc          ] GC(12) Concurrent cleanup 391M->194M(396M) 0.101ms
[103.970s][info][gc,ergo     ] Free: 1687M, Max: 512K regular, 1533M humongous, Frag: 10% external, 0% internal; Reserve: 101888K, Max: 512K
[103.970s][info][gc,stats    ] 
[103.970s][info][gc,stats    ] All times are wall-clock times, except per-root-class counters, that are sum over
[103.970s][info][gc,stats    ] all workers. Dividing the <total> over the root stage time estimates parallelism.
[103.970s][info][gc,stats    ] 
[103.970s][info][gc,stats    ] Concurrent Reset                   5922 us
[103.970s][info][gc,stats    ] Pause Init Mark (G)                4833 us
[103.970s][info][gc,stats    ] Pause Init Mark (N)                 138 us
[103.970s][info][gc,stats    ]   Update Region States               57 us
[103.970s][info][gc,stats    ] Concurrent Mark Roots              1474 us, parallelism: 1.38x
[103.970s][info][gc,stats    ]   CMR: <total>                     2035 us
[103.970s][info][gc,stats    ]   CMR: Thread Roots                1886 us, workers (us): 1127, 760, ---, ---, ---, ---, ---, ---, 
[103.970s][info][gc,stats    ]   CMR: VM Strong Roots               21 us, workers (us):  21,   1, ---, ---, ---, ---, ---, ---, 
[103.970s][info][gc,stats    ]   CMR: CLDG Roots                   127 us, workers (us): 127, ---, ---, ---, ---, ---, ---, ---, 
[103.970s][info][gc,stats    ] Concurrent Marking               350381 us
[103.970s][info][gc,stats    ] Pause Final Mark (G)               1114 us
[103.970s][info][gc,stats    ] Pause Final Mark (N)                940 us
[103.970s][info][gc,stats    ]   Finish Mark                       739 us
[103.970s][info][gc,stats    ]   Update Region States               57 us
[103.970s][info][gc,stats    ]   Choose Collection Set              65 us
[103.970s][info][gc,stats    ]   Rebuild Free Set                   17 us
[103.970s][info][gc,stats    ] Concurrent Thread Roots            2581 us, parallelism: 1.60x
[103.970s][info][gc,stats    ]   CTR: <total>                     4119 us
[103.970s][info][gc,stats    ]   CTR: Thread Roots                4119 us, workers (us): 2486, 1633, ---, ---, ---, ---, ---, ---, 
[103.970s][info][gc,stats    ] Concurrent Weak References         2012 us, parallelism: 0.90x
[103.970s][info][gc,stats    ]   CWRF: <total>                    1813 us
[103.970s][info][gc,stats    ]   CWRF: Weak References            1813 us, workers (us): 1812,   0, ---, ---, ---, ---, ---, ---, 
[103.970s][info][gc,stats    ] Concurrent Weak Roots             10012 us
[103.970s][info][gc,stats    ]   Roots                            9521 us, parallelism: 1.72x
[103.970s][info][gc,stats    ]     CWR: <total>                  16372 us
[103.970s][info][gc,stats    ]     CWR: Code Cache Roots          5711 us, workers (us): 4215, 1495, ---, ---, ---, ---, ---, ---, 
[103.970s][info][gc,stats    ]     CWR: VM Weak Roots            10626 us, workers (us): 5049, 5577, ---, ---, ---, ---, ---, ---, 
[103.970s][info][gc,stats    ]     CWR: CLDG Roots                  35 us, workers (us):  35, ---, ---, ---, ---, ---, ---, ---, 
[103.970s][info][gc,stats    ]   Rendezvous                        447 us
[103.970s][info][gc,stats    ] Concurrent Cleanup                  165 us
[103.970s][info][gc,stats    ] Concurrent Class Unloading        16671 us
[103.970s][info][gc,stats    ]   Unlink Stale                    14323 us
[103.970s][info][gc,stats    ]     System Dictionary                50 us
[103.970s][info][gc,stats    ]     Weak Class Links                  0 us
[103.970s][info][gc,stats    ]     Code Roots                    14270 us
[103.970s][info][gc,stats    ]   Rendezvous                        233 us
[103.970s][info][gc,stats    ]   Purge Unlinked                   2081 us
[103.970s][info][gc,stats    ]     Code Roots                     2066 us
[103.970s][info][gc,stats    ]     CLDG                             15 us
[103.970s][info][gc,stats    ]     Exception Caches                  0 us
[103.970s][info][gc,stats    ] Concurrent Strong Roots             738 us, parallelism: 0.74x
[103.970s][info][gc,stats    ]   CSR: <total>                      547 us
[103.970s][info][gc,stats    ]   CSR: VM Strong Roots               59 us, workers (us):  43,  16, ---, ---, ---, ---, ---, ---, 
[103.970s][info][gc,stats    ]   CSR: CLDG Roots                   488 us, workers (us): 488, ---, ---, ---, ---, ---, ---, ---, 
[103.970s][info][gc,stats    ] Concurrent Evacuation             16557 us
[103.970s][info][gc,stats    ] Pause Init Update Refs (G)          328 us
[103.970s][info][gc,stats    ] Pause Init Update Refs (N)           51 us
[103.970s][info][gc,stats    ]   Manage GCLABs                      19 us
[103.970s][info][gc,stats    ] Concurrent Update Refs           172703 us
[103.970s][info][gc,stats    ] Concurrent Update Thread Roots     3324 us
[103.970s][info][gc,stats    ] Pause Final Update Refs (G)        2944 us
[103.970s][info][gc,stats    ] Pause Final Update Refs (N)         127 us
[103.970s][info][gc,stats    ]   Update Region States               48 us
[103.970s][info][gc,stats    ]   Trash Collection Set                7 us
[103.970s][info][gc,stats    ]   Rebuild Free Set                   23 us
[103.970s][info][gc,stats    ] Concurrent Cleanup                  108 us
[103.970s][info][gc,stats    ] 
[103.970s][info][gc,stats    ] Allocation pacing accrued:
[103.970s][info][gc,stats    ]       0 of  2784 ms (  0.0%): <total>
[103.970s][info][gc,stats    ]       0 of  2784 ms (  0.0%): <average total>
[103.970s][info][gc,stats    ] 
[103.970s][info][gc,metaspace] Metaspace: 70860K(71232K)->70866K(71232K) NonClass: 63400K(63616K)->63406K(63616K) Class: 7459K(7616K)->7459K(7616K)
[103.970s][info][gc,ergo     ] Pacer for Idle. Initial: 40642K, Alloc Tax Rate: 1.0x
[104.774s][info][gc,start    ] Concurrent uncommit
[104.774s][info][gc          ] Concurrent uncommit 243M->243M(396M) 0.258ms
[104.975s][info][gc,start    ] Concurrent uncommit
[105.016s][info][gc          ] Concurrent uncommit 251M->251M(256M) 40.659ms
[106.212s][info][gc          ] Trigger: Allocated since last cycle (198M) is larger than allocation threshold (198M)
[106.212s][info][gc,ergo     ] Free: 1575M, Max: 512K regular, 1533M humongous, Frag: 3% external, 0% internal; Reserve: 101888K, Max: 512K
[106.212s][info][gc,start    ] GC(13) Concurrent reset
[106.212s][info][gc,task     ] GC(13) Using 2 of 8 workers for concurrent reset
[106.212s][info][gc,ergo     ] GC(13) Pacer for Reset. Non-Taxable: 1984M
[106.217s][info][gc          ] GC(13) Concurrent reset 4.792ms
[106.217s][info][gc,start    ] GC(13) Pause Init Mark (unload classes)
[106.217s][info][gc,task     ] GC(13) Using 8 of 8 workers for init marking
[106.217s][info][gc,ref      ] GC(13) Clearing All SoftReferences
[106.217s][info][gc,ergo     ] GC(13) Pacer for Mark. Expected Live: 101528K, Free: 1575M, Non-Taxable: 157M, Alloc Tax Rate: 0.1x
[106.217s][info][gc          ] GC(13) Pause Init Mark (unload classes) 0.102ms
[106.218s][info][gc,start    ] GC(13) Concurrent marking roots
[106.218s][info][gc,task     ] GC(13) Using 2 of 8 workers for concurrent marking roots
[106.219s][info][gc          ] GC(13) Concurrent marking roots 1.040ms
[106.219s][info][gc,start    ] GC(13) Concurrent marking (unload classes)
[106.219s][info][gc,task     ] GC(13) Using 2 of 8 workers for concurrent marking
[106.425s][info][gc          ] GC(13) Concurrent marking (unload classes) 206.731ms
[106.426s][info][gc,start    ] GC(13) Pause Final Mark (unload classes)
[106.426s][info][gc,task     ] GC(13) Using 8 of 8 workers for final marking
[106.431s][info][gc,ergo     ] GC(13) CSet Selection. Actual Free: 1641M, Max CSet: 1230M
[106.431s][info][gc,ergo     ] GC(13) Collectable Garbage: 207M (99%), Immediate: 2560K (1%), CSet: 204M (98%)
[106.431s][info][gc,ergo     ] GC(13) Pacer for Evacuation. Used CSet: 223M, Free: 1542M, Non-Taxable: 154M, Alloc Tax Rate: 1.1x
[106.431s][info][gc          ] GC(13) Pause Final Mark (unload classes) 5.838ms
[106.431s][info][gc,start    ] GC(13) Concurrent thread roots
[106.431s][info][gc,task     ] GC(13) Using 2 of 8 workers for Concurrent thread roots
[106.434s][info][gc          ] GC(13) Concurrent thread roots 2.410ms
[106.434s][info][gc,start    ] GC(13) Concurrent weak references
[106.434s][info][gc,task     ] GC(13) Using 2 of 8 workers for concurrent weak references
[106.435s][info][gc,ref      ] GC(13) Encountered references: Soft: 2431, Weak: 9770, Final: 74, Phantom: 760
[106.435s][info][gc,ref      ] GC(13) Discovered  references: Soft: 2320, Weak: 4732, Final: 0, Phantom: 700
[106.435s][info][gc,ref      ] GC(13) Enqueued    references: Soft: 3, Weak: 3637, Final: 0, Phantom: 4
[106.435s][info][gc          ] GC(13) Concurrent weak references 1.354ms
[106.435s][info][gc,start    ] GC(13) Concurrent weak roots
[106.435s][info][gc,task     ] GC(13) Using 2 of 8 workers for concurrent weak root
[106.439s][info][gc          ] GC(13) Concurrent weak roots 3.630ms
[106.439s][info][gc,start    ] GC(13) Concurrent cleanup
[106.439s][info][gc          ] GC(13) Concurrent cleanup 347M->344M(352M) 0.124ms
[106.439s][info][gc,ergo     ] GC(13) Free: 1538M, Max: 512K regular, 1533M humongous, Frag: 1% external, 0% internal; Reserve: 100857K, Max: 512K
[106.439s][info][gc,start    ] GC(13) Concurrent class unloading
[106.439s][info][gc,task     ] GC(13) Using 2 of 8 workers for concurrent class unloading
[106.482s][info][gc          ] GC(13) Concurrent class unloading 43.221ms
[106.482s][info][gc,start    ] GC(13) Concurrent strong roots
[106.482s][info][gc,task     ] GC(13) Using 2 of 8 workers for concurrent strong root
[106.483s][info][gc          ] GC(13) Concurrent strong roots 0.636ms
[106.483s][info][gc,start    ] GC(13) Concurrent evacuation
[106.483s][info][gc,task     ] GC(13) Using 2 of 8 workers for concurrent evacuation
[106.513s][info][gc          ] GC(13) Concurrent evacuation 30.453ms
[106.513s][info][gc,start    ] GC(13) Pause Init Update Refs
[106.513s][info][gc,ergo     ] GC(13) Pacer for Update Refs. Used: 374M, Free: 1527M, Non-Taxable: 152M, Alloc Tax Rate: 1.1x
[106.513s][info][gc          ] GC(13) Pause Init Update Refs 0.044ms
[106.514s][info][gc,start    ] GC(13) Concurrent update references
[106.514s][info][gc,task     ] GC(13) Using 2 of 8 workers for concurrent reference update
[106.781s][info][gc          ] GC(13) Concurrent update references 266.917ms
[106.781s][info][gc,start    ] GC(13) Concurrent update thread roots
[106.783s][info][gc          ] GC(13) Concurrent update thread roots 2.208ms
[106.783s][info][gc,start    ] GC(13) Pause Final Update Refs
[106.783s][info][gc,task     ] GC(13) Using 8 of 8 workers for final reference update
[106.783s][info][gc          ] GC(13) Pause Final Update Refs 0.106ms
[106.783s][info][gc,start    ] GC(13) Concurrent cleanup
[106.784s][info][gc          ] GC(13) Concurrent cleanup 404M->180M(408M) 0.101ms
[106.784s][info][gc,ergo     ] Free: 1701M, Max: 512K regular, 1503M humongous, Frag: 12% external, 0% internal; Reserve: 101888K, Max: 512K
[106.784s][info][gc,stats    ] 
[106.784s][info][gc,stats    ] All times are wall-clock times, except per-root-class counters, that are sum over
[106.784s][info][gc,stats    ] all workers. Dividing the <total> over the root stage time estimates parallelism.
[106.784s][info][gc,stats    ] 
[106.784s][info][gc,stats    ] Concurrent Reset                   4820 us
[106.784s][info][gc,stats    ] Pause Init Mark (G)                 765 us
[106.784s][info][gc,stats    ] Pause Init Mark (N)                 110 us
[106.784s][info][gc,stats    ]   Update Region States               41 us
[106.784s][info][gc,stats    ] Concurrent Mark Roots              1059 us, parallelism: 1.27x
[106.784s][info][gc,stats    ]   CMR: <total>                     1350 us
[106.784s][info][gc,stats    ]   CMR: Thread Roots                1218 us, workers (us): 561, 657, ---, ---, ---, ---, ---, ---, 
[106.784s][info][gc,stats    ]   CMR: VM Strong Roots               29 us, workers (us):  17,  12, ---, ---, ---, ---, ---, ---, 
[106.784s][info][gc,stats    ]   CMR: CLDG Roots                   102 us, workers (us): 102, ---, ---, ---, ---, ---, ---, ---, 
[106.784s][info][gc,stats    ] Concurrent Marking               206764 us
[106.784s][info][gc,stats    ] Pause Final Mark (G)               5990 us
[106.784s][info][gc,stats    ] Pause Final Mark (N)               5853 us
[106.784s][info][gc,stats    ]   Finish Mark                      5667 us
[106.784s][info][gc,stats    ]   Update Region States               44 us
[106.784s][info][gc,stats    ]   Choose Collection Set              68 us
[106.784s][info][gc,stats    ]   Rebuild Free Set                   16 us
[106.784s][info][gc,stats    ] Concurrent Thread Roots            2432 us, parallelism: 0.53x
[106.784s][info][gc,stats    ]   CTR: <total>                     1295 us
[106.784s][info][gc,stats    ]   CTR: Thread Roots                1295 us, workers (us): 644, 652, ---, ---, ---, ---, ---, ---, 
[106.784s][info][gc,stats    ] Concurrent Weak References         1360 us, parallelism: 1.24x
[106.784s][info][gc,stats    ]   CWRF: <total>                    1683 us
[106.784s][info][gc,stats    ]   CWRF: Weak References            1683 us, workers (us): 1271, 412, ---, ---, ---, ---, ---, ---, 
[106.784s][info][gc,stats    ] Concurrent Weak Roots              3648 us
[106.784s][info][gc,stats    ]   Roots                            3348 us, parallelism: 1.61x
[106.784s][info][gc,stats    ]     CWR: <total>                   5391 us
[106.784s][info][gc,stats    ]     CWR: Code Cache Roots          3441 us, workers (us): 1712, 1729, ---, ---, ---, ---, ---, ---, 
[106.784s][info][gc,stats    ]     CWR: VM Weak Roots             1920 us, workers (us): 1449, 471, ---, ---, ---, ---, ---, ---, 
[106.784s][info][gc,stats    ]     CWR: CLDG Roots                  30 us, workers (us):  30, ---, ---, ---, ---, ---, ---, ---, 
[106.784s][info][gc,stats    ]   Rendezvous                        267 us
[106.784s][info][gc,stats    ] Concurrent Cleanup                  131 us
[106.784s][info][gc,stats    ] Concurrent Class Unloading        43237 us
[106.784s][info][gc,stats    ]   Unlink Stale                    41612 us
[106.784s][info][gc,stats    ]     System Dictionary                40 us
[106.784s][info][gc,stats    ]     Weak Class Links                  0 us
[106.784s][info][gc,stats    ]     Code Roots                    41570 us
[106.784s][info][gc,stats    ]   Rendezvous                        364 us
[106.784s][info][gc,stats    ]   Purge Unlinked                   1228 us
[106.784s][info][gc,stats    ]     Code Roots                     1217 us
[106.784s][info][gc,stats    ]     CLDG                             11 us
[106.784s][info][gc,stats    ]     Exception Caches                  0 us
[106.784s][info][gc,stats    ] Concurrent Strong Roots             650 us, parallelism: 0.88x
[106.784s][info][gc,stats    ]   CSR: <total>                      571 us
[106.784s][info][gc,stats    ]   CSR: VM Strong Roots               47 us, workers (us):  30,  17, ---, ---, ---, ---, ---, ---, 
[106.784s][info][gc,stats    ]   CSR: CLDG Roots                   524 us, workers (us): 524, ---, ---, ---, ---, ---, ---, ---, 
[106.784s][info][gc,stats    ] Concurrent Evacuation             30487 us
[106.784s][info][gc,stats    ] Pause Init Update Refs (G)          199 us
[106.784s][info][gc,stats    ] Pause Init Update Refs (N)           51 us
[106.784s][info][gc,stats    ]   Manage GCLABs                      22 us
[106.784s][info][gc,stats    ] Concurrent Update Refs           266956 us
[106.784s][info][gc,stats    ] Concurrent Update Thread Roots     2235 us
[106.784s][info][gc,stats    ] Pause Final Update Refs (G)         666 us
[106.784s][info][gc,stats    ] Pause Final Update Refs (N)         113 us
[106.784s][info][gc,stats    ]   Update Region States               47 us
[106.784s][info][gc,stats    ]   Trash Collection Set                6 us
[106.784s][info][gc,stats    ]   Rebuild Free Set                   22 us
[106.784s][info][gc,stats    ] Concurrent Cleanup                  109 us
[106.784s][info][gc,stats    ] 
[106.784s][info][gc,stats    ] Allocation pacing accrued:
[106.784s][info][gc,stats    ]       0 of  2814 ms (  0.0%): <total>
[106.784s][info][gc,stats    ]       0 of  2814 ms (  0.0%): <average total>
[106.784s][info][gc,stats    ] 
[106.784s][info][gc,metaspace] Metaspace: 70953K(71296K)->70953K(71296K) NonClass: 63483K(63680K)->63483K(63680K) Class: 7470K(7616K)->7470K(7616K)
[106.784s][info][gc,ergo     ] Pacer for Idle. Initial: 40642K, Alloc Tax Rate: 1.0x
[107.791s][info][gc,start    ] Concurrent uncommit
[107.819s][info][gc          ] Concurrent uncommit 233M->234M(239M) 27.210ms
[108.959s][info][gc          ] Trigger: Allocated since last cycle (198M) is larger than allocation threshold (198M)
[108.959s][info][gc,ergo     ] Free: 1583M, Max: 512K regular, 1503M humongous, Frag: 5% external, 0% internal; Reserve: 101888K, Max: 512K
[108.959s][info][gc,start    ] GC(14) Concurrent reset
[108.959s][info][gc,task     ] GC(14) Using 2 of 8 workers for concurrent reset
[108.959s][info][gc,ergo     ] GC(14) Pacer for Reset. Non-Taxable: 1984M
[108.961s][info][gc          ] GC(14) Concurrent reset 2.229ms
[108.965s][info][gc,start    ] GC(14) Pause Init Mark (unload classes)
[108.965s][info][gc,task     ] GC(14) Using 8 of 8 workers for init marking
[108.965s][info][gc,ref      ] GC(14) Clearing All SoftReferences
[108.965s][info][gc,ergo     ] GC(14) Pacer for Mark. Expected Live: 100M, Free: 1583M, Non-Taxable: 158M, Alloc Tax Rate: 0.1x
[108.965s][info][gc          ] GC(14) Pause Init Mark (unload classes) 0.136ms
[108.965s][info][gc,start    ] GC(14) Concurrent marking roots
[108.965s][info][gc,task     ] GC(14) Using 2 of 8 workers for concurrent marking roots
[108.966s][info][gc          ] GC(14) Concurrent marking roots 0.901ms
[108.966s][info][gc,start    ] GC(14) Concurrent marking (unload classes)
[108.966s][info][gc,task     ] GC(14) Using 2 of 8 workers for concurrent marking
[109.338s][info][gc          ] GC(14) Concurrent marking (unload classes) 372.663ms
[109.339s][info][gc,start    ] GC(14) Pause Final Mark (unload classes)
[109.339s][info][gc,task     ] GC(14) Using 8 of 8 workers for final marking
[109.344s][info][gc,ergo     ] GC(14) CSet Selection. Actual Free: 1630M, Max CSet: 1222M
[109.344s][info][gc,ergo     ] GC(14) Collectable Garbage: 196M (99%), Immediate: 4096K (2%), CSet: 192M (97%)
[109.344s][info][gc,ergo     ] GC(14) Pacer for Evacuation. Used CSet: 198M, Free: 1531M, Non-Taxable: 153M, Alloc Tax Rate: 1.1x
[109.344s][info][gc          ] GC(14) Pause Final Mark (unload classes) 5.208ms
[109.344s][info][gc,start    ] GC(14) Concurrent thread roots
[109.345s][info][gc,task     ] GC(14) Using 2 of 8 workers for Concurrent thread roots
[109.346s][info][gc          ] GC(14) Concurrent thread roots 1.675ms
[109.346s][info][gc,start    ] GC(14) Concurrent weak references
[109.346s][info][gc,task     ] GC(14) Using 2 of 8 workers for concurrent weak references
[109.348s][info][gc,ref      ] GC(14) Encountered references: Soft: 2428, Weak: 9982, Final: 74, Phantom: 756
[109.348s][info][gc,ref      ] GC(14) Discovered  references: Soft: 2313, Weak: 4753, Final: 0, Phantom: 700
[109.349s][info][gc,ref      ] GC(14) Enqueued    references: Soft: 0, Weak: 3737, Final: 0, Phantom: 0
[109.349s][info][gc          ] GC(14) Concurrent weak references 2.344ms
[109.349s][info][gc,start    ] GC(14) Concurrent weak roots
[109.349s][info][gc,task     ] GC(14) Using 2 of 8 workers for concurrent weak root
[109.351s][info][gc          ] GC(14) Concurrent weak roots 2.890ms
[109.351s][info][gc,start    ] GC(14) Concurrent cleanup
[109.352s][info][gc          ] GC(14) Concurrent cleanup 360M->356M(365M) 0.166ms
[109.352s][info][gc,ergo     ] GC(14) Free: 1526M, Max: 512K regular, 1503M humongous, Frag: 2% external, 0% internal; Reserve: 100864K, Max: 512K
[109.352s][info][gc,start    ] GC(14) Concurrent class unloading
[109.352s][info][gc,task     ] GC(14) Using 2 of 8 workers for concurrent class unloading
[109.373s][info][gc          ] GC(14) Concurrent class unloading 21.026ms
[109.373s][info][gc,start    ] GC(14) Concurrent strong roots
[109.373s][info][gc,task     ] GC(14) Using 2 of 8 workers for concurrent strong root
[109.374s][info][gc          ] GC(14) Concurrent strong roots 1.268ms
[109.374s][info][gc,start    ] GC(14) Concurrent evacuation
[109.374s][info][gc,task     ] GC(14) Using 2 of 8 workers for concurrent evacuation
[109.390s][info][gc          ] GC(14) Concurrent evacuation 15.786ms
[109.390s][info][gc,start    ] GC(14) Pause Init Update Refs
[109.390s][info][gc,ergo     ] GC(14) Pacer for Update Refs. Used: 369M, Free: 1519M, Non-Taxable: 151M, Alloc Tax Rate: 1.1x
[109.390s][info][gc          ] GC(14) Pause Init Update Refs 0.080ms
[109.391s][info][gc,start    ] GC(14) Concurrent update references
[109.391s][info][gc,task     ] GC(14) Using 2 of 8 workers for concurrent reference update
[109.558s][info][gc          ] GC(14) Concurrent update references 167.466ms
[109.558s][info][gc,start    ] GC(14) Concurrent update thread roots
[109.559s][info][gc          ] GC(14) Concurrent update thread roots 0.646ms
[109.559s][info][gc,start    ] GC(14) Pause Final Update Refs
[109.559s][info][gc,task     ] GC(14) Using 8 of 8 workers for final reference update
[109.559s][info][gc          ] GC(14) Pause Final Update Refs 0.132ms
[109.559s][info][gc,start    ] GC(14) Concurrent cleanup
[109.559s][info][gc          ] GC(14) Concurrent cleanup 391M->192M(395M) 0.124ms
[109.559s][info][gc,ergo     ] Free: 1689M, Max: 512K regular, 1493M humongous, Frag: 12% external, 0% internal; Reserve: 101888K, Max: 512K
[109.559s][info][gc,stats    ] 
[109.559s][info][gc,stats    ] All times are wall-clock times, except per-root-class counters, that are sum over
[109.559s][info][gc,stats    ] all workers. Dividing the <total> over the root stage time estimates parallelism.
[109.559s][info][gc,stats    ] 
[109.559s][info][gc,stats    ] Concurrent Reset                   2265 us
[109.559s][info][gc,stats    ] Pause Init Mark (G)                3677 us
[109.559s][info][gc,stats    ] Pause Init Mark (N)                 147 us
[109.559s][info][gc,stats    ]   Update Region States               45 us
[109.559s][info][gc,stats    ] Concurrent Mark Roots               920 us, parallelism: 1.07x
[109.559s][info][gc,stats    ]   CMR: <total>                      980 us
[109.559s][info][gc,stats    ]   CMR: Thread Roots                 835 us, workers (us): 566, 269, ---, ---, ---, ---, ---, ---, 
[109.559s][info][gc,stats    ]   CMR: VM Strong Roots               19 us, workers (us):  18,   1, ---, ---, ---, ---, ---, ---, 
[109.559s][info][gc,stats    ]   CMR: CLDG Roots                   126 us, workers (us): 126, ---, ---, ---, ---, ---, ---, ---, 
[109.559s][info][gc,stats    ] Concurrent Marking               372697 us
[109.559s][info][gc,stats    ] Pause Final Mark (G)               6065 us
[109.559s][info][gc,stats    ] Pause Final Mark (N)               5216 us
[109.559s][info][gc,stats    ]   Finish Mark                      5016 us
[109.559s][info][gc,stats    ]   Update Region States               46 us
[109.559s][info][gc,stats    ]   Choose Collection Set              68 us
[109.559s][info][gc,stats    ]   Rebuild Free Set                   22 us
[109.559s][info][gc,stats    ] Concurrent Thread Roots            1695 us, parallelism: 0.88x
[109.559s][info][gc,stats    ]   CTR: <total>                     1498 us
[109.559s][info][gc,stats    ]   CTR: Thread Roots                1498 us, workers (us): 1096, 402, ---, ---, ---, ---, ---, ---, 
[109.559s][info][gc,stats    ] Concurrent Weak References         2351 us, parallelism: 0.70x
[109.559s][info][gc,stats    ]   CWRF: <total>                    1638 us
[109.559s][info][gc,stats    ]   CWRF: Weak References            1638 us, workers (us): 1635,   3, ---, ---, ---, ---, ---, ---, 
[109.559s][info][gc,stats    ] Concurrent Weak Roots              2910 us
[109.559s][info][gc,stats    ]   Roots                            2777 us, parallelism: 1.67x
[109.559s][info][gc,stats    ]     CWR: <total>                   4639 us
[109.559s][info][gc,stats    ]     CWR: Code Cache Roots          3213 us, workers (us): 1616, 1598, ---, ---, ---, ---, ---, ---, 
[109.559s][info][gc,stats    ]     CWR: VM Weak Roots             1401 us, workers (us): 1088, 313, ---, ---, ---, ---, ---, ---, 
[109.559s][info][gc,stats    ]     CWR: CLDG Roots                  25 us, workers (us): ---,  25, ---, ---, ---, ---, ---, ---, 
[109.559s][info][gc,stats    ]   Rendezvous                         96 us
[109.559s][info][gc,stats    ] Concurrent Cleanup                  174 us
[109.559s][info][gc,stats    ] Concurrent Class Unloading        21043 us
[109.559s][info][gc,stats    ]   Unlink Stale                    17632 us
[109.559s][info][gc,stats    ]     System Dictionary                41 us
[109.559s][info][gc,stats    ]     Weak Class Links                  0 us
[109.559s][info][gc,stats    ]     Code Roots                    17588 us
[109.559s][info][gc,stats    ]   Rendezvous                       3197 us
[109.559s][info][gc,stats    ]   Purge Unlinked                    177 us
[109.559s][info][gc,stats    ]     Code Roots                      169 us
[109.559s][info][gc,stats    ]     CLDG                              8 us
[109.559s][info][gc,stats    ]     Exception Caches                  0 us
[109.559s][info][gc,stats    ] Concurrent Strong Roots            1293 us, parallelism: 0.47x
[109.559s][info][gc,stats    ]   CSR: <total>                      608 us
[109.559s][info][gc,stats    ]   CSR: VM Strong Roots               49 us, workers (us):  49,   0, ---, ---, ---, ---, ---, ---, 
[109.559s][info][gc,stats    ]   CSR: CLDG Roots                   558 us, workers (us): 558, ---, ---, ---, ---, ---, ---, ---, 
[109.559s][info][gc,stats    ] Concurrent Evacuation             15819 us
[109.559s][info][gc,stats    ] Pause Init Update Refs (G)          698 us
[109.559s][info][gc,stats    ] Pause Init Update Refs (N)           87 us
[109.559s][info][gc,stats    ]   Manage GCLABs                      44 us
[109.559s][info][gc,stats    ] Concurrent Update Refs           167511 us
[109.560s][info][gc,stats    ] Concurrent Update Thread Roots      659 us
[109.560s][info][gc,stats    ] Pause Final Update Refs (G)         295 us
[109.560s][info][gc,stats    ] Pause Final Update Refs (N)         141 us
[109.560s][info][gc,stats    ]   Update Region States               58 us
[109.560s][info][gc,stats    ]   Trash Collection Set                6 us
[109.560s][info][gc,stats    ]   Rebuild Free Set                   25 us
[109.560s][info][gc,stats    ] Concurrent Cleanup                  132 us
[109.560s][info][gc,stats    ] 
[109.560s][info][gc,stats    ] Allocation pacing accrued:
[109.560s][info][gc,stats    ]       0 of  2775 ms (  0.0%): <total>
[109.560s][info][gc,stats    ]       0 of  2775 ms (  0.0%): <average total>
[109.560s][info][gc,stats    ] 
[109.560s][info][gc,metaspace] Metaspace: 70953K(71296K)->70955K(71296K) NonClass: 63483K(63680K)->63484K(63680K) Class: 7470K(7616K)->7470K(7616K)
[109.560s][info][gc,ergo     ] Pacer for Idle. Initial: 40642K, Alloc Tax Rate: 1.0x
[110.569s][info][gc,start    ] Concurrent uncommit
[110.608s][info][gc          ] Concurrent uncommit 251M->253M(258M) 38.921ms
[111.584s][info][gc          ] Trigger: Allocated since last cycle (198M) is larger than allocation threshold (198M)
[111.584s][info][gc,ergo     ] Free: 1580M, Max: 512K regular, 1493M humongous, Frag: 6% external, 0% internal; Reserve: 101888K, Max: 512K
[111.584s][info][gc,start    ] GC(15) Concurrent reset
[111.584s][info][gc,task     ] GC(15) Using 2 of 8 workers for concurrent reset
[111.584s][info][gc,ergo     ] GC(15) Pacer for Reset. Non-Taxable: 1984M
[111.586s][info][gc          ] GC(15) Concurrent reset 1.927ms
[111.587s][info][gc,start    ] GC(15) Pause Init Mark (unload classes)
[111.587s][info][gc,task     ] GC(15) Using 8 of 8 workers for init marking
[111.587s][info][gc,ref      ] GC(15) Clearing All SoftReferences
[111.587s][info][gc,ergo     ] GC(15) Pacer for Mark. Expected Live: 101M, Free: 1580M, Non-Taxable: 158M, Alloc Tax Rate: 0.1x
[111.587s][info][gc          ] GC(15) Pause Init Mark (unload classes) 0.080ms
[111.587s][info][gc,start    ] GC(15) Concurrent marking roots
[111.587s][info][gc,task     ] GC(15) Using 2 of 8 workers for concurrent marking roots
[111.588s][info][gc          ] GC(15) Concurrent marking roots 1.030ms
[111.588s][info][gc,start    ] GC(15) Concurrent marking (unload classes)
[111.588s][info][gc,task     ] GC(15) Using 2 of 8 workers for concurrent marking
[111.910s][info][gc          ] GC(15) Concurrent marking (unload classes) 321.828ms
[111.910s][info][gc,start    ] GC(15) Pause Final Mark (unload classes)
[111.910s][info][gc,task     ] GC(15) Using 8 of 8 workers for final marking
[111.913s][info][gc,ergo     ] GC(15) CSet Selection. Actual Free: 1627M, Max CSet: 1220M
[111.913s][info][gc,ergo     ] GC(15) Collectable Garbage: 195M (99%), Immediate: 2560K (1%), CSet: 193M (97%)
[111.913s][info][gc,ergo     ] GC(15) Pacer for Evacuation. Used CSet: 199M, Free: 1529M, Non-Taxable: 152M, Alloc Tax Rate: 1.1x
[111.913s][info][gc          ] GC(15) Pause Final Mark (unload classes) 2.957ms
[111.913s][info][gc,start    ] GC(15) Concurrent thread roots
[111.913s][info][gc,task     ] GC(15) Using 2 of 8 workers for Concurrent thread roots
[111.913s][info][gc          ] GC(15) Concurrent thread roots 0.705ms
[111.913s][info][gc,start    ] GC(15) Concurrent weak references
[111.913s][info][gc,task     ] GC(15) Using 2 of 8 workers for concurrent weak references
[111.915s][info][gc,ref      ] GC(15) Encountered references: Soft: 2428, Weak: 9820, Final: 74, Phantom: 756
[111.915s][info][gc,ref      ] GC(15) Discovered  references: Soft: 2326, Weak: 6080, Final: 0, Phantom: 619
[111.915s][info][gc,ref      ] GC(15) Enqueued    references: Soft: 0, Weak: 3648, Final: 0, Phantom: 0
[111.916s][info][gc          ] GC(15) Concurrent weak references 2.046ms
[111.916s][info][gc,start    ] GC(15) Concurrent weak roots
[111.916s][info][gc,task     ] GC(15) Using 2 of 8 workers for concurrent weak root
[111.923s][info][gc          ] GC(15) Concurrent weak roots 7.462ms
[111.923s][info][gc,start    ] GC(15) Concurrent cleanup
[111.923s][info][gc          ] GC(15) Concurrent cleanup 359M->357M(364M) 0.139ms
[111.923s][info][gc,ergo     ] GC(15) Free: 1525M, Max: 512K regular, 1493M humongous, Frag: 3% external, 0% internal; Reserve: 100857K, Max: 512K
[111.923s][info][gc,start    ] GC(15) Concurrent class unloading
[111.923s][info][gc,task     ] GC(15) Using 2 of 8 workers for concurrent class unloading
[111.933s][info][gc          ] GC(15) Concurrent class unloading 10.293ms
[111.933s][info][gc,start    ] GC(15) Concurrent strong roots
[111.934s][info][gc,task     ] GC(15) Using 2 of 8 workers for concurrent strong root
[111.934s][info][gc          ] GC(15) Concurrent strong roots 0.598ms
[111.934s][info][gc,start    ] GC(15) Concurrent evacuation
[111.934s][info][gc,task     ] GC(15) Using 2 of 8 workers for concurrent evacuation
[111.946s][info][gc          ] GC(15) Concurrent evacuation 12.132ms
[111.947s][info][gc,start    ] GC(15) Pause Init Update Refs
[111.947s][info][gc,ergo     ] GC(15) Pacer for Update Refs. Used: 366M, Free: 1522M, Non-Taxable: 152M, Alloc Tax Rate: 1.1x
[111.947s][info][gc          ] GC(15) Pause Init Update Refs 0.075ms
[111.947s][info][gc,start    ] GC(15) Concurrent update references
[111.947s][info][gc,task     ] GC(15) Using 2 of 8 workers for concurrent reference update
[112.108s][info][gc          ] GC(15) Concurrent update references 160.590ms
[112.108s][info][gc,start    ] GC(15) Concurrent update thread roots
[112.109s][info][gc          ] GC(15) Concurrent update thread roots 0.692ms
[112.109s][info][gc,start    ] GC(15) Pause Final Update Refs
[112.109s][info][gc,task     ] GC(15) Using 8 of 8 workers for final reference update
[112.109s][info][gc          ] GC(15) Pause Final Update Refs 0.121ms
[112.109s][info][gc,start    ] GC(15) Concurrent cleanup
[112.109s][info][gc          ] GC(15) Concurrent cleanup 384M->184M(389M) 0.132ms
[112.109s][info][gc,ergo     ] Free: 1697M, Max: 512K regular, 1506M humongous, Frag: 12% external, 0% internal; Reserve: 101888K, Max: 512K
[112.109s][info][gc,stats    ] 
[112.109s][info][gc,stats    ] All times are wall-clock times, except per-root-class counters, that are sum over
[112.109s][info][gc,stats    ] all workers. Dividing the <total> over the root stage time estimates parallelism.
[112.109s][info][gc,stats    ] 
[112.109s][info][gc,stats    ] Concurrent Reset                   1949 us
[112.109s][info][gc,stats    ] Pause Init Mark (G)                 228 us
[112.109s][info][gc,stats    ] Pause Init Mark (N)                  87 us
[112.109s][info][gc,stats    ]   Update Region States               21 us
[112.109s][info][gc,stats    ] Concurrent Mark Roots              1049 us, parallelism: 0.86x
[112.109s][info][gc,stats    ]   CMR: <total>                      906 us
[112.109s][info][gc,stats    ]   CMR: Thread Roots                 765 us, workers (us): 764,   0, ---, ---, ---, ---, ---, ---, 
[112.109s][info][gc,stats    ]   CMR: VM Strong Roots               18 us, workers (us):  18,   0, ---, ---, ---, ---, ---, ---, 
[112.109s][info][gc,stats    ]   CMR: CLDG Roots                   123 us, workers (us): 123, ---, ---, ---, ---, ---, ---, ---, 
[112.109s][info][gc,stats    ] Concurrent Marking               321861 us
[112.109s][info][gc,stats    ] Pause Final Mark (G)               3171 us
[112.109s][info][gc,stats    ] Pause Final Mark (N)               2966 us
[112.109s][info][gc,stats    ]   Finish Mark                      2738 us
[112.109s][info][gc,stats    ]   Update Region States               48 us
[112.109s][info][gc,stats    ]   Choose Collection Set              76 us
[112.109s][info][gc,stats    ]   Rebuild Free Set                   28 us
[112.109s][info][gc,stats    ] Concurrent Thread Roots             720 us, parallelism: 1.61x
[112.109s][info][gc,stats    ]   CTR: <total>                     1159 us
[112.109s][info][gc,stats    ]   CTR: Thread Roots                1159 us, workers (us): 631, 528, ---, ---, ---, ---, ---, ---, 
[112.109s][info][gc,stats    ] Concurrent Weak References         2054 us, parallelism: 1.44x
[112.109s][info][gc,stats    ]   CWRF: <total>                    2956 us
[112.109s][info][gc,stats    ]   CWRF: Weak References            2956 us, workers (us): 1960, 995, ---, ---, ---, ---, ---, ---, 
[112.109s][info][gc,stats    ] Concurrent Weak Roots              7493 us
[112.109s][info][gc,stats    ]   Roots                            6822 us, parallelism: 1.10x
[112.109s][info][gc,stats    ]     CWR: <total>                   7509 us
[112.109s][info][gc,stats    ]     CWR: Code Cache Roots          5869 us, workers (us): 4183, 1687, ---, ---, ---, ---, ---, ---, 
[112.109s][info][gc,stats    ]     CWR: VM Weak Roots             1610 us, workers (us): 1609,   1, ---, ---, ---, ---, ---, ---, 
[112.109s][info][gc,stats    ]     CWR: CLDG Roots                  29 us, workers (us):  29, ---, ---, ---, ---, ---, ---, ---, 
[112.109s][info][gc,stats    ]   Rendezvous                        623 us
[112.109s][info][gc,stats    ] Concurrent Cleanup                  146 us
[112.109s][info][gc,stats    ] Concurrent Class Unloading        10308 us
[112.109s][info][gc,stats    ]   Unlink Stale                     9026 us
[112.109s][info][gc,stats    ]     System Dictionary                47 us
[112.109s][info][gc,stats    ]     Weak Class Links                  0 us
[112.109s][info][gc,stats    ]     Code Roots                     8977 us
[112.109s][info][gc,stats    ]   Rendezvous                        260 us
[112.109s][info][gc,stats    ]   Purge Unlinked                    990 us
[112.109s][info][gc,stats    ]     Code Roots                      981 us
[112.109s][info][gc,stats    ]     CLDG                              9 us
[112.109s][info][gc,stats    ]     Exception Caches                  0 us
[112.109s][info][gc,stats    ] Concurrent Strong Roots             618 us, parallelism: 0.90x
[112.109s][info][gc,stats    ]   CSR: <total>                      557 us
[112.109s][info][gc,stats    ]   CSR: VM Strong Roots               56 us, workers (us):  28,  27, ---, ---, ---, ---, ---, ---, 
[112.109s][info][gc,stats    ]   CSR: CLDG Roots                   501 us, workers (us): 501, ---, ---, ---, ---, ---, ---, ---, 
[112.109s][info][gc,stats    ] Concurrent Evacuation             12167 us
[112.109s][info][gc,stats    ] Pause Init Update Refs (G)          982 us
[112.109s][info][gc,stats    ] Pause Init Update Refs (N)           84 us
[112.109s][info][gc,stats    ]   Manage GCLABs                      32 us
[112.109s][info][gc,stats    ] Concurrent Update Refs           160624 us
[112.109s][info][gc,stats    ] Concurrent Update Thread Roots      714 us
[112.109s][info][gc,stats    ] Pause Final Update Refs (G)         178 us
[112.109s][info][gc,stats    ] Pause Final Update Refs (N)         130 us
[112.109s][info][gc,stats    ]   Update Region States               49 us
[112.109s][info][gc,stats    ]   Trash Collection Set                7 us
[112.109s][info][gc,stats    ]   Rebuild Free Set                   23 us
[112.109s][info][gc,stats    ] Concurrent Cleanup                  140 us
[112.109s][info][gc,stats    ] 
[112.109s][info][gc,stats    ] Allocation pacing accrued:
[112.109s][info][gc,stats    ]       0 of  2550 ms (  0.0%): <total>
[112.109s][info][gc,stats    ]       0 of  2550 ms (  0.0%): <average total>
[112.109s][info][gc,stats    ] 
[112.109s][info][gc,metaspace] Metaspace: 70955K(71296K)->70955K(71296K) NonClass: 63484K(63680K)->63484K(63680K) Class: 7470K(7616K)->7470K(7616K)
[112.109s][info][gc,ergo     ] Pacer for Idle. Initial: 40642K, Alloc Tax Rate: 1.0x
[113.114s][info][gc,start    ] Concurrent uncommit
[113.139s][info][gc          ] Concurrent uncommit 248M->249M(254M) 25.044ms
[114.259s][info][gc          ] Trigger: Allocated since last cycle (198M) is larger than allocation threshold (198M)
[114.259s][info][gc,ergo     ] Free: 1576M, Max: 512K regular, 1506M humongous, Frag: 5% external, 0% internal; Reserve: 101888K, Max: 512K
[114.259s][info][gc,start    ] GC(16) Concurrent reset
[114.259s][info][gc,task     ] GC(16) Using 2 of 8 workers for concurrent reset
[114.259s][info][gc,ergo     ] GC(16) Pacer for Reset. Non-Taxable: 1984M
[114.262s][info][gc          ] GC(16) Concurrent reset 2.610ms
[114.262s][info][gc,start    ] GC(16) Pause Init Mark (unload classes)
[114.262s][info][gc,task     ] GC(16) Using 8 of 8 workers for init marking
[114.262s][info][gc,ref      ] GC(16) Clearing All SoftReferences
[114.262s][info][gc,ergo     ] GC(16) Pacer for Mark. Expected Live: 102M, Free: 1576M, Non-Taxable: 157M, Alloc Tax Rate: 0.1x
[114.262s][info][gc          ] GC(16) Pause Init Mark (unload classes) 0.093ms
[114.262s][info][gc,start    ] GC(16) Concurrent marking roots
[114.262s][info][gc,task     ] GC(16) Using 2 of 8 workers for concurrent marking roots
[114.263s][info][gc          ] GC(16) Concurrent marking roots 0.654ms
[114.263s][info][gc,start    ] GC(16) Concurrent marking (unload classes)
[114.263s][info][gc,task     ] GC(16) Using 2 of 8 workers for concurrent marking
[114.548s][info][gc          ] GC(16) Concurrent marking (unload classes) 284.968ms
[114.548s][info][gc,start    ] GC(16) Pause Final Mark (unload classes)
[114.548s][info][gc,task     ] GC(16) Using 8 of 8 workers for final marking
[114.548s][info][gc,ergo     ] GC(16) CSet Selection. Actual Free: 1633M, Max CSet: 1225M
[114.548s][info][gc,ergo     ] GC(16) Collectable Garbage: 196M (99%), Immediate: 3586K (1%), CSet: 192M (97%)
[114.548s][info][gc,ergo     ] GC(16) Pacer for Evacuation. Used CSet: 199M, Free: 1535M, Non-Taxable: 153M, Alloc Tax Rate: 1.1x
[114.548s][info][gc          ] GC(16) Pause Final Mark (unload classes) 0.354ms
[114.548s][info][gc,start    ] GC(16) Concurrent thread roots
[114.549s][info][gc,task     ] GC(16) Using 2 of 8 workers for Concurrent thread roots
[114.551s][info][gc          ] GC(16) Concurrent thread roots 2.225ms
[114.551s][info][gc,start    ] GC(16) Concurrent weak references
[114.551s][info][gc,task     ] GC(16) Using 2 of 8 workers for concurrent weak references
[114.552s][info][gc,ref      ] GC(16) Encountered references: Soft: 2430, Weak: 9709, Final: 74, Phantom: 756
[114.552s][info][gc,ref      ] GC(16) Discovered  references: Soft: 232, Weak: 4131, Final: 0, Phantom: 699
[114.552s][info][gc,ref      ] GC(16) Enqueued    references: Soft: 2, Weak: 3562, Final: 0, Phantom: 0
[114.552s][info][gc          ] GC(16) Concurrent weak references 1.483ms
[114.552s][info][gc,start    ] GC(16) Concurrent weak roots
[114.552s][info][gc,task     ] GC(16) Using 2 of 8 workers for concurrent weak root
[114.558s][info][gc          ] GC(16) Concurrent weak roots 5.367ms
[114.558s][info][gc,start    ] GC(16) Concurrent cleanup
[114.558s][info][gc          ] GC(16) Concurrent cleanup 356M->353M(361M) 0.155ms
[114.558s][info][gc,ergo     ] GC(16) Free: 1529M, Max: 512K regular, 1507M humongous, Frag: 2% external, 0% internal; Reserve: 100948K, Max: 512K
[114.558s][info][gc,start    ] GC(16) Concurrent class unloading
[114.558s][info][gc,task     ] GC(16) Using 2 of 8 workers for concurrent class unloading
[114.591s][info][gc          ] GC(16) Concurrent class unloading 33.038ms
[114.591s][info][gc,start    ] GC(16) Concurrent strong roots
[114.591s][info][gc,task     ] GC(16) Using 2 of 8 workers for concurrent strong root
[114.592s][info][gc          ] GC(16) Concurrent strong roots 1.497ms
[114.592s][info][gc,start    ] GC(16) Concurrent evacuation
[114.592s][info][gc,task     ] GC(16) Using 2 of 8 workers for concurrent evacuation
[114.597s][info][gc          ] GC(16) Concurrent evacuation 4.722ms
[114.597s][info][gc,start    ] GC(16) Pause Init Update Refs
[114.597s][info][gc,ergo     ] GC(16) Pacer for Update Refs. Used: 367M, Free: 1522M, Non-Taxable: 152M, Alloc Tax Rate: 1.1x
[114.597s][info][gc          ] GC(16) Pause Init Update Refs 0.063ms
[114.597s][info][gc,start    ] GC(16) Concurrent update references
[114.597s][info][gc,task     ] GC(16) Using 2 of 8 workers for concurrent reference update
[114.789s][info][gc          ] GC(16) Concurrent update references 192.128ms
[114.789s][info][gc,start    ] GC(16) Concurrent update thread roots
[114.791s][info][gc          ] GC(16) Concurrent update thread roots 1.135ms
[114.791s][info][gc,start    ] GC(16) Pause Final Update Refs
[114.791s][info][gc,task     ] GC(16) Using 8 of 8 workers for final reference update
[114.791s][info][gc          ] GC(16) Pause Final Update Refs 0.142ms
[114.791s][info][gc,start    ] GC(16) Concurrent cleanup
[114.791s][info][gc          ] GC(16) Concurrent cleanup 389M->189M(393M) 0.143ms
[114.791s][info][gc,ergo     ] Free: 1692M, Max: 512K regular, 1495M humongous, Frag: 12% external, 0% internal; Reserve: 101888K, Max: 512K
[114.791s][info][gc,stats    ] 
[114.791s][info][gc,stats    ] All times are wall-clock times, except per-root-class counters, that are sum over
[114.791s][info][gc,stats    ] all workers. Dividing the <total> over the root stage time estimates parallelism.
[114.791s][info][gc,stats    ] 
[114.791s][info][gc,stats    ] Concurrent Reset                   2640 us
[114.791s][info][gc,stats    ] Pause Init Mark (G)                 582 us
[114.791s][info][gc,stats    ] Pause Init Mark (N)                 100 us
[114.791s][info][gc,stats    ]   Update Region States               28 us
[114.791s][info][gc,stats    ] Concurrent Mark Roots               667 us, parallelism: 1.58x
[114.791s][info][gc,stats    ]   CMR: <total>                     1054 us
[114.791s][info][gc,stats    ]   CMR: Thread Roots                 875 us, workers (us): 516, 359, ---, ---, ---, ---, ---, ---, 
[114.791s][info][gc,stats    ]   CMR: VM Strong Roots               19 us, workers (us):  12,   7, ---, ---, ---, ---, ---, ---, 
[114.791s][info][gc,stats    ]   CMR: CLDG Roots                   160 us, workers (us): ---, 160, ---, ---, ---, ---, ---, ---, 
[114.791s][info][gc,stats    ] Concurrent Marking               285003 us
[114.791s][info][gc,stats    ] Pause Final Mark (G)                619 us
[114.791s][info][gc,stats    ] Pause Final Mark (N)                363 us
[114.791s][info][gc,stats    ]   Finish Mark                       147 us
[114.791s][info][gc,stats    ]   Update Region States               50 us
[114.791s][info][gc,stats    ]   Choose Collection Set              59 us
[114.791s][info][gc,stats    ]   Rebuild Free Set                   22 us
[114.791s][info][gc,stats    ] Concurrent Thread Roots            2246 us, parallelism: 1.19x
[114.791s][info][gc,stats    ]   CTR: <total>                     2680 us
[114.791s][info][gc,stats    ]   CTR: Thread Roots                2680 us, workers (us): 1472, 1207, ---, ---, ---, ---, ---, ---, 
[114.791s][info][gc,stats    ] Concurrent Weak References         1491 us, parallelism: 0.93x
[114.791s][info][gc,stats    ]   CWRF: <total>                    1387 us
[114.791s][info][gc,stats    ]   CWRF: Weak References            1387 us, workers (us): 1344,  43, ---, ---, ---, ---, ---, ---, 
[114.791s][info][gc,stats    ] Concurrent Weak Roots              5391 us
[114.791s][info][gc,stats    ]   Roots                            2768 us, parallelism: 1.77x
[114.791s][info][gc,stats    ]     CWR: <total>                   4907 us
[114.791s][info][gc,stats    ]     CWR: Code Cache Roots          3320 us, workers (us): 1655, 1665, ---, ---, ---, ---, ---, ---, 
[114.791s][info][gc,stats    ]     CWR: VM Weak Roots             1555 us, workers (us): 1004, 551, ---, ---, ---, ---, ---, ---, 
[114.791s][info][gc,stats    ]     CWR: CLDG Roots                  32 us, workers (us): ---,  32, ---, ---, ---, ---, ---, ---, 
[114.791s][info][gc,stats    ]   Rendezvous                       2582 us
[114.791s][info][gc,stats    ] Concurrent Cleanup                  163 us
[114.791s][info][gc,stats    ] Concurrent Class Unloading        33055 us
[114.791s][info][gc,stats    ]   Unlink Stale                    31632 us
[114.791s][info][gc,stats    ]     System Dictionary                45 us
[114.791s][info][gc,stats    ]     Weak Class Links                  0 us
[114.791s][info][gc,stats    ]     Code Roots                    31585 us
[114.791s][info][gc,stats    ]   Rendezvous                        573 us
[114.791s][info][gc,stats    ]   Purge Unlinked                    814 us
[114.791s][info][gc,stats    ]     Code Roots                      805 us
[114.791s][info][gc,stats    ]     CLDG                              9 us
[114.791s][info][gc,stats    ]     Exception Caches                  0 us
[114.791s][info][gc,stats    ] Concurrent Strong Roots            1526 us, parallelism: 0.49x
[114.791s][info][gc,stats    ]   CSR: <total>                      742 us
[114.791s][info][gc,stats    ]   CSR: VM Strong Roots              224 us, workers (us): 205,  19, ---, ---, ---, ---, ---, ---, 
[114.791s][info][gc,stats    ]   CSR: CLDG Roots                   518 us, workers (us): ---, 518, ---, ---, ---, ---, ---, ---, 
[114.791s][info][gc,stats    ] Concurrent Evacuation              4748 us
[114.791s][info][gc,stats    ] Pause Init Update Refs (G)          145 us
[114.791s][info][gc,stats    ] Pause Init Update Refs (N)           69 us
[114.791s][info][gc,stats    ]   Manage GCLABs                      20 us
[114.791s][info][gc,stats    ] Concurrent Update Refs           192168 us
[114.791s][info][gc,stats    ] Concurrent Update Thread Roots     1159 us
[114.791s][info][gc,stats    ] Pause Final Update Refs (G)         276 us
[114.791s][info][gc,stats    ] Pause Final Update Refs (N)         150 us
[114.791s][info][gc,stats    ]   Update Region States               52 us
[114.791s][info][gc,stats    ]   Trash Collection Set                9 us
[114.791s][info][gc,stats    ]   Rebuild Free Set                   24 us
[114.791s][info][gc,stats    ] Concurrent Cleanup                  153 us
[114.791s][info][gc,stats    ] 
[114.791s][info][gc,stats    ] Allocation pacing accrued:
[114.791s][info][gc,stats    ]       0 of  2682 ms (  0.0%): <total>
[114.792s][info][gc,stats    ]       0 of  2682 ms (  0.0%): <average total>
[114.792s][info][gc,stats    ] 
[114.792s][info][gc,metaspace] Metaspace: 70966K(71296K)->70966K(71296K) NonClass: 63495K(63680K)->63495K(63680K) Class: 7471K(7616K)->7471K(7616K)
[114.792s][info][gc,ergo     ] Pacer for Idle. Initial: 40642K, Alloc Tax Rate: 1.0x
[115.800s][info][gc,start    ] Concurrent uncommit
[115.824s][info][gc          ] Concurrent uncommit 255M->255M(260M) 24.032ms
[116.697s][info][gc          ] Trigger: Allocated since last cycle (198M) is larger than allocation threshold (198M)
[116.697s][info][gc,ergo     ] Free: 1573M, Max: 512K regular, 1495M humongous, Frag: 5% external, 0% internal; Reserve: 101888K, Max: 512K
[116.697s][info][gc,start    ] GC(17) Concurrent reset
[116.697s][info][gc,task     ] GC(17) Using 2 of 8 workers for concurrent reset
[116.697s][info][gc,ergo     ] GC(17) Pacer for Reset. Non-Taxable: 1984M
[116.703s][info][gc          ] GC(17) Concurrent reset 5.649ms
[116.704s][info][gc,start    ] GC(17) Pause Init Mark (unload classes)
[116.704s][info][gc,task     ] GC(17) Using 8 of 8 workers for init marking
[116.704s][info][gc,ref      ] GC(17) Clearing All SoftReferences
[116.704s][info][gc,ergo     ] GC(17) Pacer for Mark. Expected Live: 103M, Free: 1572M, Non-Taxable: 157M, Alloc Tax Rate: 0.1x
[116.704s][info][gc          ] GC(17) Pause Init Mark (unload classes) 0.116ms
[116.704s][info][gc,start    ] GC(17) Concurrent marking roots
[116.704s][info][gc,task     ] GC(17) Using 2 of 8 workers for concurrent marking roots
[116.706s][info][gc          ] GC(17) Concurrent marking roots 1.952ms
[116.706s][info][gc,start    ] GC(17) Concurrent marking (unload classes)
[116.706s][info][gc,task     ] GC(17) Using 2 of 8 workers for concurrent marking
[117.024s][info][gc          ] GC(17) Concurrent marking (unload classes) 318.019ms
[117.025s][info][gc,start    ] GC(17) Pause Final Mark (unload classes)
[117.025s][info][gc,task     ] GC(17) Using 8 of 8 workers for final marking
[117.029s][info][gc,ergo     ] GC(17) CSet Selection. Actual Free: 1624M, Max CSet: 1218M
[117.029s][info][gc,ergo     ] GC(17) Collectable Garbage: 196M (98%), Immediate: 3584K (1%), CSet: 193M (97%)
[117.029s][info][gc,ergo     ] GC(17) Pacer for Evacuation. Used CSet: 198M, Free: 1526M, Non-Taxable: 152M, Alloc Tax Rate: 1.1x
[117.029s][info][gc          ] GC(17) Pause Final Mark (unload classes) 3.673ms
[117.029s][info][gc,start    ] GC(17) Concurrent thread roots
[117.029s][info][gc,task     ] GC(17) Using 2 of 8 workers for Concurrent thread roots
[117.031s][info][gc          ] GC(17) Concurrent thread roots 2.238ms
[117.031s][info][gc,start    ] GC(17) Concurrent weak references
[117.031s][info][gc,task     ] GC(17) Using 2 of 8 workers for concurrent weak references
[117.033s][info][gc,ref      ] GC(17) Encountered references: Soft: 2429, Weak: 9892, Final: 74, Phantom: 756
[117.033s][info][gc,ref      ] GC(17) Discovered  references: Soft: 248, Weak: 6032, Final: 0, Phantom: 621
[117.033s][info][gc,ref      ] GC(17) Enqueued    references: Soft: 1, Weak: 3768, Final: 0, Phantom: 0
[117.033s][info][gc          ] GC(17) Concurrent weak references 2.110ms
[117.033s][info][gc,start    ] GC(17) Concurrent weak roots
[117.033s][info][gc,task     ] GC(17) Using 2 of 8 workers for concurrent weak root
[117.038s][info][gc          ] GC(17) Concurrent weak roots 4.633ms
[117.038s][info][gc,start    ] GC(17) Concurrent cleanup
[117.038s][info][gc          ] GC(17) Concurrent cleanup 366M->363M(371M) 0.138ms
[117.038s][info][gc,ergo     ] GC(17) Free: 1519M, Max: 512K regular, 1495M humongous, Frag: 2% external, 0% internal; Reserve: 100805K, Max: 512K
[117.038s][info][gc,start    ] GC(17) Concurrent class unloading
[117.038s][info][gc,task     ] GC(17) Using 2 of 8 workers for concurrent class unloading
[117.060s][info][gc          ] GC(17) Concurrent class unloading 22.100ms
[117.060s][info][gc,start    ] GC(17) Concurrent strong roots
[117.060s][info][gc,task     ] GC(17) Using 2 of 8 workers for concurrent strong root
[117.062s][info][gc          ] GC(17) Concurrent strong roots 1.630ms
[117.062s][info][gc,start    ] GC(17) Concurrent evacuation
[117.062s][info][gc,task     ] GC(17) Using 2 of 8 workers for concurrent evacuation
[117.069s][info][gc          ] GC(17) Concurrent evacuation 6.911ms
[117.069s][info][gc,start    ] GC(17) Pause Init Update Refs
[117.069s][info][gc,ergo     ] GC(17) Pacer for Update Refs. Used: 373M, Free: 1514M, Non-Taxable: 151M, Alloc Tax Rate: 1.1x
[117.069s][info][gc          ] GC(17) Pause Init Update Refs 0.072ms
[117.069s][info][gc,start    ] GC(17) Concurrent update references
[117.069s][info][gc,task     ] GC(17) Using 2 of 8 workers for concurrent reference update
[117.241s][info][gc          ] GC(17) Concurrent update references 171.714ms
[117.241s][info][gc,start    ] GC(17) Concurrent update thread roots
[117.241s][info][gc          ] GC(17) Concurrent update thread roots 0.736ms
[117.242s][info][gc,start    ] GC(17) Pause Final Update Refs
[117.242s][info][gc,task     ] GC(17) Using 8 of 8 workers for final reference update
[117.242s][info][gc          ] GC(17) Pause Final Update Refs 0.117ms
[117.242s][info][gc,start    ] GC(17) Concurrent cleanup
[117.242s][info][gc          ] GC(17) Concurrent cleanup 399M->200M(403M) 0.123ms
[117.242s][info][gc,ergo     ] Free: 1681M, Max: 512K regular, 1484M humongous, Frag: 12% external, 0% internal; Reserve: 101888K, Max: 512K
[117.242s][info][gc,stats    ] 
[117.242s][info][gc,stats    ] All times are wall-clock times, except per-root-class counters, that are sum over
[117.242s][info][gc,stats    ] all workers. Dividing the <total> over the root stage time estimates parallelism.
[117.242s][info][gc,stats    ] 
[117.242s][info][gc,stats    ] Concurrent Reset                   5685 us
[117.242s][info][gc,stats    ] Pause Init Mark (G)                1210 us
[117.242s][info][gc,stats    ] Pause Init Mark (N)                 124 us
[117.242s][info][gc,stats    ]   Update Region States               40 us
[117.242s][info][gc,stats    ] Concurrent Mark Roots              1971 us, parallelism: 0.63x
[117.242s][info][gc,stats    ]   CMR: <total>                     1242 us
[117.242s][info][gc,stats    ]   CMR: Thread Roots                1073 us, workers (us): 1044,  30, ---, ---, ---, ---, ---, ---, 
[117.242s][info][gc,stats    ]   CMR: VM Strong Roots               20 us, workers (us):  20,   0, ---, ---, ---, ---, ---, ---, 
[117.242s][info][gc,stats    ]   CMR: CLDG Roots                   149 us, workers (us): 149, ---, ---, ---, ---, ---, ---, ---, 
[117.242s][info][gc,stats    ] Concurrent Marking               318063 us
[117.242s][info][gc,stats    ] Pause Final Mark (G)               4473 us
[117.242s][info][gc,stats    ] Pause Final Mark (N)               3682 us
[117.242s][info][gc,stats    ]   Finish Mark                      3466 us
[117.242s][info][gc,stats    ]   Update Region States               46 us
[117.242s][info][gc,stats    ]   Choose Collection Set              74 us
[117.242s][info][gc,stats    ]   Rebuild Free Set                   22 us
[117.242s][info][gc,stats    ] Concurrent Thread Roots            2258 us, parallelism: 1.11x
[117.242s][info][gc,stats    ]   CTR: <total>                     2514 us
[117.242s][info][gc,stats    ]   CTR: Thread Roots                2514 us, workers (us): 1084, 1430, ---, ---, ---, ---, ---, ---, 
[117.242s][info][gc,stats    ] Concurrent Weak References         2117 us, parallelism: 0.92x
[117.242s][info][gc,stats    ]   CWRF: <total>                    1946 us
[117.242s][info][gc,stats    ]   CWRF: Weak References            1946 us, workers (us): 1946,   0, ---, ---, ---, ---, ---, ---, 
[117.242s][info][gc,stats    ] Concurrent Weak Roots              4655 us
[117.242s][info][gc,stats    ]   Roots                            3601 us, parallelism: 1.93x
[117.242s][info][gc,stats    ]     CWR: <total>                   6950 us
[117.242s][info][gc,stats    ]     CWR: Code Cache Roots          5438 us, workers (us): 2654, 2784, ---, ---, ---, ---, ---, ---, 
[117.242s][info][gc,stats    ]     CWR: VM Weak Roots             1486 us, workers (us): 741, 745, ---, ---, ---, ---, ---, ---, 
[117.242s][info][gc,stats    ]     CWR: CLDG Roots                  27 us, workers (us):  27, ---, ---, ---, ---, ---, ---, ---, 
[117.242s][info][gc,stats    ]   Rendezvous                       1013 us
[117.242s][info][gc,stats    ] Concurrent Cleanup                  145 us
[117.242s][info][gc,stats    ] Concurrent Class Unloading        22118 us
[117.242s][info][gc,stats    ]   Unlink Stale                    21198 us
[117.242s][info][gc,stats    ]     System Dictionary                50 us
[117.242s][info][gc,stats    ]     Weak Class Links                  0 us
[117.242s][info][gc,stats    ]     Code Roots                    21145 us
[117.242s][info][gc,stats    ]   Rendezvous                        452 us
[117.242s][info][gc,stats    ]   Purge Unlinked                    426 us
[117.242s][info][gc,stats    ]     Code Roots                      420 us
[117.242s][info][gc,stats    ]     CLDG                              6 us
[117.242s][info][gc,stats    ]     Exception Caches                  0 us
[117.242s][info][gc,stats    ] Concurrent Strong Roots            1657 us, parallelism: 0.40x
[117.242s][info][gc,stats    ]   CSR: <total>                      659 us
[117.242s][info][gc,stats    ]   CSR: VM Strong Roots               64 us, workers (us):  64,   0, ---, ---, ---, ---, ---, ---, 
[117.242s][info][gc,stats    ]   CSR: CLDG Roots                   595 us, workers (us): 595, ---, ---, ---, ---, ---, ---, ---, 
[117.242s][info][gc,stats    ] Concurrent Evacuation              6939 us
[117.242s][info][gc,stats    ] Pause Init Update Refs (G)          149 us
[117.242s][info][gc,stats    ] Pause Init Update Refs (N)           80 us
[117.242s][info][gc,stats    ]   Manage GCLABs                      20 us
[117.242s][info][gc,stats    ] Concurrent Update Refs           171770 us
[117.242s][info][gc,stats    ] Concurrent Update Thread Roots      756 us
[117.242s][info][gc,stats    ] Pause Final Update Refs (G)         412 us
[117.242s][info][gc,stats    ] Pause Final Update Refs (N)         125 us
[117.242s][info][gc,stats    ]   Update Region States               52 us
[117.242s][info][gc,stats    ]   Trash Collection Set                7 us
[117.242s][info][gc,stats    ]   Rebuild Free Set                   25 us
[117.242s][info][gc,stats    ] Concurrent Cleanup                  131 us
[117.242s][info][gc,stats    ] 
[117.242s][info][gc,stats    ] Allocation pacing accrued:
[117.242s][info][gc,stats    ]       0 of  2451 ms (  0.0%): <total>
[117.242s][info][gc,stats    ]       0 of  2451 ms (  0.0%): <average total>
[117.242s][info][gc,stats    ] 
[117.242s][info][gc,metaspace] Metaspace: 70971K(71296K)->70972K(71296K) NonClass: 63499K(63680K)->63501K(63680K) Class: 7471K(7616K)->7471K(7616K)
[117.242s][info][gc,ergo     ] Pacer for Idle. Initial: 40642K, Alloc Tax Rate: 1.0x
[118.250s][info][gc,start    ] Concurrent uncommit
[118.307s][info][gc          ] Concurrent uncommit 258M->259M(263M) 57.743ms
[119.349s][info][gc          ] Trigger: Allocated since last cycle (198M) is larger than allocation threshold (198M)
[119.349s][info][gc,ergo     ] Free: 1570M, Max: 512K regular, 1484M humongous, Frag: 6% external, 0% internal; Reserve: 101888K, Max: 512K
[119.349s][info][gc,start    ] GC(18) Concurrent reset
[119.349s][info][gc,task     ] GC(18) Using 2 of 8 workers for concurrent reset
[119.349s][info][gc,ergo     ] GC(18) Pacer for Reset. Non-Taxable: 1984M
[119.356s][info][gc          ] GC(18) Concurrent reset 7.331ms
[119.357s][info][gc,start    ] GC(18) Pause Init Mark (unload classes)
[119.357s][info][gc,task     ] GC(18) Using 8 of 8 workers for init marking
[119.357s][info][gc,ref      ] GC(18) Clearing All SoftReferences
[119.357s][info][gc,ergo     ] GC(18) Pacer for Mark. Expected Live: 104M, Free: 1570M, Non-Taxable: 157M, Alloc Tax Rate: 0.1x
[119.357s][info][gc          ] GC(18) Pause Init Mark (unload classes) 0.130ms
[119.357s][info][gc,start    ] GC(18) Concurrent marking roots
[119.357s][info][gc,task     ] GC(18) Using 2 of 8 workers for concurrent marking roots
[119.358s][info][gc          ] GC(18) Concurrent marking roots 1.358ms
[119.358s][info][gc,start    ] GC(18) Concurrent marking (unload classes)
[119.358s][info][gc,task     ] GC(18) Using 2 of 8 workers for concurrent marking
[119.828s][info][gc          ] GC(18) Concurrent marking (unload classes) 469.786ms
[119.830s][info][gc,start    ] GC(18) Pause Final Mark (unload classes)
[119.832s][info][gc,task     ] GC(18) Using 8 of 8 workers for final marking
[119.850s][info][gc,ergo     ] GC(18) CSet Selection. Actual Free: 1607M, Max CSet: 1205M
[119.850s][info][gc,ergo     ] GC(18) Collectable Garbage: 195M (98%), Immediate: 3584K (1%), CSet: 191M (97%)
[119.850s][info][gc,ergo     ] GC(18) Pacer for Evacuation. Used CSet: 197M, Free: 1508M, Non-Taxable: 150M, Alloc Tax Rate: 1.1x
[119.850s][info][gc          ] GC(18) Pause Final Mark (unload classes) 20.195ms
[119.851s][info][gc,start    ] GC(18) Concurrent thread roots
[119.851s][info][gc,task     ] GC(18) Using 2 of 8 workers for Concurrent thread roots
[119.876s][info][gc          ] GC(18) Concurrent thread roots 25.131ms
[119.876s][info][gc,start    ] GC(18) Concurrent weak references
[119.876s][info][gc,task     ] GC(18) Using 2 of 8 workers for concurrent weak references
[119.881s][info][gc,ref      ] GC(18) Encountered references: Soft: 2428, Weak: 9871, Final: 74, Phantom: 756
[119.881s][info][gc,ref      ] GC(18) Discovered  references: Soft: 241, Weak: 6042, Final: 33, Phantom: 697
[119.881s][info][gc,ref      ] GC(18) Enqueued    references: Soft: 0, Weak: 3678, Final: 0, Phantom: 0
[119.881s][info][gc          ] GC(18) Concurrent weak references 5.386ms
[119.881s][info][gc,start    ] GC(18) Concurrent weak roots
[119.881s][info][gc,task     ] GC(18) Using 2 of 8 workers for concurrent weak root
[119.903s][info][gc          ] GC(18) Concurrent weak roots 21.595ms
[119.903s][info][gc,start    ] GC(18) Concurrent cleanup
[119.903s][info][gc          ] GC(18) Concurrent cleanup 392M->389M(397M) 0.170ms
[119.903s][info][gc,ergo     ] GC(18) Free: 1494M, Max: 512K regular, 1484M humongous, Frag: 1% external, 0% internal; Reserve: 100595K, Max: 512K
[119.903s][info][gc,start    ] GC(18) Concurrent class unloading
[119.903s][info][gc,task     ] GC(18) Using 2 of 8 workers for concurrent class unloading
[119.936s][info][gc          ] GC(18) Concurrent class unloading 33.086ms
[119.936s][info][gc,start    ] GC(18) Concurrent strong roots
[119.936s][info][gc,task     ] GC(18) Using 2 of 8 workers for concurrent strong root
[119.939s][info][gc          ] GC(18) Concurrent strong roots 2.777ms
[119.939s][info][gc,start    ] GC(18) Concurrent evacuation
[119.939s][info][gc,task     ] GC(18) Using 2 of 8 workers for concurrent evacuation
[119.947s][info][gc          ] GC(18) Concurrent evacuation 7.335ms
[119.947s][info][gc,start    ] GC(18) Pause Init Update Refs
[119.948s][info][gc,ergo     ] GC(18) Pacer for Update Refs. Used: 400M, Free: 1488M, Non-Taxable: 148M, Alloc Tax Rate: 1.1x
[119.948s][info][gc          ] GC(18) Pause Init Update Refs 0.098ms
[119.949s][info][gc,start    ] GC(18) Concurrent update references
[119.949s][info][gc,task     ] GC(18) Using 2 of 8 workers for concurrent reference update
[120.085s][info][gc          ] GC(18) Concurrent update references 135.526ms
[120.085s][info][gc,start    ] GC(18) Concurrent update thread roots
[120.086s][info][gc          ] GC(18) Concurrent update thread roots 1.244ms
[120.086s][info][gc,start    ] GC(18) Pause Final Update Refs
[120.086s][info][gc,task     ] GC(18) Using 8 of 8 workers for final reference update
[120.087s][info][gc          ] GC(18) Pause Final Update Refs 0.134ms
[120.087s][info][gc,start    ] GC(18) Concurrent cleanup
[120.087s][info][gc          ] GC(18) Concurrent cleanup 416M->219M(421M) 0.094ms
[120.087s][info][gc,ergo     ] Free: 1662M, Max: 512K regular, 1466M humongous, Frag: 12% external, 0% internal; Reserve: 101888K, Max: 512K
[120.087s][info][gc,stats    ] 
[120.087s][info][gc,stats    ] All times are wall-clock times, except per-root-class counters, that are sum over
[120.087s][info][gc,stats    ] all workers. Dividing the <total> over the root stage time estimates parallelism.
[120.087s][info][gc,stats    ] 
[120.087s][info][gc,stats    ] Concurrent Reset                   7363 us
[120.087s][info][gc,stats    ] Pause Init Mark (G)                 522 us
[120.087s][info][gc,stats    ] Pause Init Mark (N)                 137 us
[120.087s][info][gc,stats    ]   Update Region States               47 us
[120.087s][info][gc,stats    ] Concurrent Mark Roots              1376 us, parallelism: 1.38x
[120.087s][info][gc,stats    ]   CMR: <total>                     1902 us
[120.087s][info][gc,stats    ]   CMR: Thread Roots                1758 us, workers (us): 1097, 662, ---, ---, ---, ---, ---, ---, 
[120.087s][info][gc,stats    ]   CMR: VM Strong Roots               27 us, workers (us):  23,   4, ---, ---, ---, ---, ---, ---, 
[120.087s][info][gc,stats    ]   CMR: CLDG Roots                   116 us, workers (us): 116, ---, ---, ---, ---, ---, ---, ---, 
[120.087s][info][gc,stats    ] Concurrent Marking               469828 us
[120.087s][info][gc,stats    ] Pause Final Mark (G)              22655 us
[120.087s][info][gc,stats    ] Pause Final Mark (N)              20202 us
[120.087s][info][gc,stats    ]   Finish Mark                     17609 us
[120.087s][info][gc,stats    ]   Update Region States               46 us
[120.087s][info][gc,stats    ]   Choose Collection Set              65 us
[120.087s][info][gc,stats    ]   Rebuild Free Set                   20 us
[120.087s][info][gc,stats    ] Concurrent Thread Roots           25164 us, parallelism: 1.52x
[120.087s][info][gc,stats    ]   CTR: <total>                    38372 us
[120.087s][info][gc,stats    ]   CTR: Thread Roots               38372 us, workers (us): 24732, 13640, ---, ---, ---, ---, ---, ---, 
[120.087s][info][gc,stats    ] Concurrent Weak References         5395 us, parallelism: 1.00x
[120.087s][info][gc,stats    ]   CWRF: <total>                    5414 us
[120.087s][info][gc,stats    ]   CWRF: Weak References            5414 us, workers (us): 211, 5203, ---, ---, ---, ---, ---, ---, 
[120.087s][info][gc,stats    ] Concurrent Weak Roots             21635 us
[120.087s][info][gc,stats    ]   Roots                           21046 us, parallelism: 1.33x
[120.087s][info][gc,stats    ]     CWR: <total>                  27934 us
[120.087s][info][gc,stats    ]     CWR: Code Cache Roots         24268 us, workers (us): 5538, 18730, ---, ---, ---, ---, ---, ---, 
[120.087s][info][gc,stats    ]     CWR: VM Weak Roots             3631 us, workers (us): 1879, 1753, ---, ---, ---, ---, ---, ---, 
[120.087s][info][gc,stats    ]     CWR: CLDG Roots                  35 us, workers (us):  35, ---, ---, ---, ---, ---, ---, ---, 
[120.087s][info][gc,stats    ]   Rendezvous                        530 us
[120.087s][info][gc,stats    ] Concurrent Cleanup                  178 us
[120.087s][info][gc,stats    ] Concurrent Class Unloading        33105 us
[120.087s][info][gc,stats    ]   Unlink Stale                    32274 us
[120.087s][info][gc,stats    ]     System Dictionary                75 us
[120.087s][info][gc,stats    ]     Weak Class Links                  0 us
[120.087s][info][gc,stats    ]     Code Roots                    32195 us
[120.087s][info][gc,stats    ]   Rendezvous                        215 us
[120.087s][info][gc,stats    ]   Purge Unlinked                    578 us
[120.087s][info][gc,stats    ]     Code Roots                      571 us
[120.087s][info][gc,stats    ]     CLDG                              7 us
[120.087s][info][gc,stats    ]     Exception Caches                  0 us
[120.087s][info][gc,stats    ] Concurrent Strong Roots            2803 us, parallelism: 0.92x
[120.087s][info][gc,stats    ]   CSR: <total>                     2576 us
[120.087s][info][gc,stats    ]   CSR: VM Strong Roots               48 us, workers (us):  47,   1, ---, ---, ---, ---, ---, ---, 
[120.087s][info][gc,stats    ]   CSR: CLDG Roots                  2528 us, workers (us): 2528, ---, ---, ---, ---, ---, ---, ---, 
[120.087s][info][gc,stats    ] Concurrent Evacuation              7365 us
[120.087s][info][gc,stats    ] Pause Init Update Refs (G)         2486 us
[120.087s][info][gc,stats    ] Pause Init Update Refs (N)          110 us
[120.087s][info][gc,stats    ]   Manage GCLABs                      51 us
[120.087s][info][gc,stats    ] Concurrent Update Refs           135558 us
[120.087s][info][gc,stats    ] Concurrent Update Thread Roots     1262 us
[120.087s][info][gc,stats    ] Pause Final Update Refs (G)         750 us
[120.087s][info][gc,stats    ] Pause Final Update Refs (N)         143 us
[120.087s][info][gc,stats    ]   Update Region States               71 us
[120.087s][info][gc,stats    ]   Trash Collection Set                7 us
[120.087s][info][gc,stats    ]   Rebuild Free Set                   28 us
[120.087s][info][gc,stats    ] Concurrent Cleanup                  101 us
[120.087s][info][gc,stats    ] 
[120.087s][info][gc,stats    ] Allocation pacing accrued:
[120.087s][info][gc,stats    ]       0 of  2845 ms (  0.0%): <total>
[120.087s][info][gc,stats    ]       0 of  2845 ms (  0.0%): <average total>
[120.087s][info][gc,stats    ] 
[120.087s][info][gc,metaspace] Metaspace: 70986K(71296K)->70991K(71296K) NonClass: 63514K(63680K)->63519K(63680K) Class: 7471K(7616K)->7471K(7616K)
[120.087s][info][gc,ergo     ] Pacer for Idle. Initial: 40642K, Alloc Tax Rate: 1.0x
[121.095s][info][gc,start    ] Concurrent uncommit
[121.194s][info][gc          ] Concurrent uncommit 276M->278M(283M) 99.233ms
[121.807s][info][gc          ] Trigger: Allocated since last cycle (198M) is larger than allocation threshold (198M)
[121.807s][info][gc,ergo     ] Free: 1566M, Max: 512K regular, 1466M humongous, Frag: 7% external, 0% internal; Reserve: 101888K, Max: 512K
[121.807s][info][gc,start    ] GC(19) Concurrent reset
[121.807s][info][gc,task     ] GC(19) Using 2 of 8 workers for concurrent reset
[121.807s][info][gc,ergo     ] GC(19) Pacer for Reset. Non-Taxable: 1984M
[121.810s][info][gc          ] GC(19) Concurrent reset 3.641ms
[121.811s][info][gc,start    ] GC(19) Pause Init Mark (unload classes)
[121.811s][info][gc,task     ] GC(19) Using 8 of 8 workers for init marking
[121.811s][info][gc,ref      ] GC(19) Clearing All SoftReferences
[121.811s][info][gc,ergo     ] GC(19) Pacer for Mark. Expected Live: 107M, Free: 1566M, Non-Taxable: 156M, Alloc Tax Rate: 0.1x
[121.811s][info][gc          ] GC(19) Pause Init Mark (unload classes) 0.140ms
[121.811s][info][gc,start    ] GC(19) Concurrent marking roots
[121.811s][info][gc,task     ] GC(19) Using 2 of 8 workers for concurrent marking roots
[121.813s][info][gc          ] GC(19) Concurrent marking roots 2.020ms
[121.813s][info][gc,start    ] GC(19) Concurrent marking (unload classes)
[121.813s][info][gc,task     ] GC(19) Using 2 of 8 workers for concurrent marking
[122.266s][info][gc          ] GC(19) Concurrent marking (unload classes) 453.210ms
[122.266s][info][gc,start    ] GC(19) Pause Final Mark (unload classes)
[122.266s][info][gc,task     ] GC(19) Using 8 of 8 workers for final marking
[122.268s][info][gc,ergo     ] GC(19) CSet Selection. Actual Free: 1602M, Max CSet: 1201M
[122.268s][info][gc,ergo     ] GC(19) Collectable Garbage: 206M (99%), Immediate: 2048K (0%), CSet: 204M (98%)
[122.268s][info][gc,ergo     ] GC(19) Pacer for Evacuation. Used CSet: 223M, Free: 1504M, Non-Taxable: 150M, Alloc Tax Rate: 1.1x
[122.268s][info][gc          ] GC(19) Pause Final Mark (unload classes) 1.822ms
[122.269s][info][gc,start    ] GC(19) Concurrent thread roots
[122.269s][info][gc,task     ] GC(19) Using 2 of 8 workers for Concurrent thread roots
[122.270s][info][gc          ] GC(19) Concurrent thread roots 0.818ms
[122.270s][info][gc,start    ] GC(19) Concurrent weak references
[122.270s][info][gc,task     ] GC(19) Using 2 of 8 workers for concurrent weak references
[122.271s][info][gc,ref      ] GC(19) Encountered references: Soft: 2428, Weak: 9755, Final: 74, Phantom: 756
[122.271s][info][gc,ref      ] GC(19) Discovered  references: Soft: 2311, Weak: 4607, Final: 14, Phantom: 622
[122.271s][info][gc,ref      ] GC(19) Enqueued    references: Soft: 0, Weak: 3568, Final: 0, Phantom: 0
[122.271s][info][gc          ] GC(19) Concurrent weak references 1.691ms
[122.271s][info][gc,start    ] GC(19) Concurrent weak roots
[122.271s][info][gc,task     ] GC(19) Using 2 of 8 workers for concurrent weak root
[122.274s][info][gc          ] GC(19) Concurrent weak roots 2.786ms
[122.274s][info][gc,start    ] GC(19) Concurrent cleanup
[122.274s][info][gc          ] GC(19) Concurrent cleanup 384M->382M(389M) 0.110ms
[122.274s][info][gc,ergo     ] GC(19) Free: 1500M, Max: 512K regular, 1466M humongous, Frag: 3% external, 0% internal; Reserve: 100864K, Max: 512K
[122.274s][info][gc,start    ] GC(19) Concurrent class unloading
[122.274s][info][gc,task     ] GC(19) Using 2 of 8 workers for concurrent class unloading
[122.294s][info][gc          ] GC(19) Concurrent class unloading 19.879ms
[122.294s][info][gc,start    ] GC(19) Concurrent strong roots
[122.294s][info][gc,task     ] GC(19) Using 2 of 8 workers for concurrent strong root
[122.295s][info][gc          ] GC(19) Concurrent strong roots 0.598ms
[122.295s][info][gc,start    ] GC(19) Concurrent evacuation
[122.295s][info][gc,task     ] GC(19) Using 2 of 8 workers for concurrent evacuation
[122.385s][info][gc          ] GC(19) Concurrent evacuation 90.373ms
[122.390s][info][gc,start    ] GC(19) Pause Init Update Refs
[122.390s][info][gc,ergo     ] GC(19) Pacer for Update Refs. Used: 411M, Free: 1490M, Non-Taxable: 149M, Alloc Tax Rate: 1.1x
[122.390s][info][gc          ] GC(19) Pause Init Update Refs 0.083ms
[122.391s][info][gc,start    ] GC(19) Concurrent update references
[122.391s][info][gc,task     ] GC(19) Using 2 of 8 workers for concurrent reference update
[122.606s][info][gc          ] GC(19) Concurrent update references 215.558ms
[122.606s][info][gc,start    ] GC(19) Concurrent update thread roots
[122.607s][info][gc          ] GC(19) Concurrent update thread roots 0.637ms
[122.607s][info][gc,start    ] GC(19) Pause Final Update Refs
[122.607s][info][gc,task     ] GC(19) Using 8 of 8 workers for final reference update
[122.607s][info][gc          ] GC(19) Pause Final Update Refs 0.114ms
[122.607s][info][gc,start    ] GC(19) Concurrent cleanup
[122.608s][info][gc          ] GC(19) Concurrent cleanup 437M->213M(442M) 0.146ms
[122.608s][info][gc,ergo     ] Free: 1668M, Max: 512K regular, 1470M humongous, Frag: 12% external, 0% internal; Reserve: 101888K, Max: 512K
[122.608s][info][gc,stats    ] 
[122.608s][info][gc,stats    ] All times are wall-clock times, except per-root-class counters, that are sum over
[122.608s][info][gc,stats    ] all workers. Dividing the <total> over the root stage time estimates parallelism.
[122.608s][info][gc,stats    ] 
[122.608s][info][gc,stats    ] Concurrent Reset                   3683 us
[122.608s][info][gc,stats    ] Pause Init Mark (G)                 253 us
[122.608s][info][gc,stats    ] Pause Init Mark (N)                 147 us
[122.608s][info][gc,stats    ]   Update Region States               36 us
[122.608s][info][gc,stats    ] Concurrent Mark Roots              2046 us, parallelism: 0.57x
[122.608s][info][gc,stats    ]   CMR: <total>                     1175 us
[122.608s][info][gc,stats    ]   CMR: Thread Roots                1048 us, workers (us): 461, 587, ---, ---, ---, ---, ---, ---, 
[122.608s][info][gc,stats    ]   CMR: VM Strong Roots               21 us, workers (us):  21,   0, ---, ---, ---, ---, ---, ---, 
[122.608s][info][gc,stats    ]   CMR: CLDG Roots                   106 us, workers (us): 106, ---, ---, ---, ---, ---, ---, ---, 
[122.608s][info][gc,stats    ] Concurrent Marking               453244 us
[122.608s][info][gc,stats    ] Pause Final Mark (G)               2871 us
[122.608s][info][gc,stats    ] Pause Final Mark (N)               1830 us
[122.608s][info][gc,stats    ]   Finish Mark                      1603 us
[122.608s][info][gc,stats    ]   Update Region States               53 us
[122.608s][info][gc,stats    ]   Choose Collection Set              88 us
[122.608s][info][gc,stats    ]   Rebuild Free Set                   23 us
[122.608s][info][gc,stats    ] Concurrent Thread Roots             836 us, parallelism: 1.64x
[122.608s][info][gc,stats    ]   CTR: <total>                     1368 us
[122.608s][info][gc,stats    ]   CTR: Thread Roots                1368 us, workers (us): 759, 609, ---, ---, ---, ---, ---, ---, 
[122.608s][info][gc,stats    ] Concurrent Weak References         1698 us, parallelism: 0.99x
[122.608s][info][gc,stats    ]   CWRF: <total>                    1673 us
[122.608s][info][gc,stats    ]   CWRF: Weak References            1673 us, workers (us): 1562, 111, ---, ---, ---, ---, ---, ---, 
[122.608s][info][gc,stats    ] Concurrent Weak Roots              2801 us
[122.608s][info][gc,stats    ]   Roots                            2690 us, parallelism: 1.89x
[122.608s][info][gc,stats    ]     CWR: <total>                   5095 us
[122.608s][info][gc,stats    ]     CWR: Code Cache Roots          3418 us, workers (us): 1713, 1705, ---, ---, ---, ---, ---, ---, 
[122.608s][info][gc,stats    ]     CWR: VM Weak Roots             1641 us, workers (us): 827, 815, ---, ---, ---, ---, ---, ---, 
[122.608s][info][gc,stats    ]     CWR: CLDG Roots                  36 us, workers (us):  36, ---, ---, ---, ---, ---, ---, ---, 
[122.608s][info][gc,stats    ]   Rendezvous                         81 us
[122.608s][info][gc,stats    ] Concurrent Cleanup                  117 us
[122.608s][info][gc,stats    ] Concurrent Class Unloading        19893 us
[122.608s][info][gc,stats    ]   Unlink Stale                    18903 us
[122.608s][info][gc,stats    ]     System Dictionary                41 us
[122.608s][info][gc,stats    ]     Weak Class Links                  0 us
[122.608s][info][gc,stats    ]     Code Roots                    18860 us
[122.608s][info][gc,stats    ]   Rendezvous                        150 us
[122.608s][info][gc,stats    ]   Purge Unlinked                    804 us
[122.608s][info][gc,stats    ]     Code Roots                      794 us
[122.608s][info][gc,stats    ]     CLDG                              9 us
[122.608s][info][gc,stats    ]     Exception Caches                  0 us
[122.608s][info][gc,stats    ] Concurrent Strong Roots             616 us, parallelism: 0.86x
[122.608s][info][gc,stats    ]   CSR: <total>                      532 us
[122.608s][info][gc,stats    ]   CSR: VM Strong Roots               45 us, workers (us):  44,   0, ---, ---, ---, ---, ---, ---, 
[122.608s][info][gc,stats    ]   CSR: CLDG Roots                   488 us, workers (us): 488, ---, ---, ---, ---, ---, ---, ---, 
[122.608s][info][gc,stats    ] Concurrent Evacuation             90398 us
[122.608s][info][gc,stats    ] Pause Init Update Refs (G)         5398 us
[122.608s][info][gc,stats    ] Pause Init Update Refs (N)           89 us
[122.608s][info][gc,stats    ]   Manage GCLABs                      46 us
[122.608s][info][gc,stats    ] Concurrent Update Refs           215593 us
[122.608s][info][gc,stats    ] Concurrent Update Thread Roots      674 us
[122.608s][info][gc,stats    ] Pause Final Update Refs (G)         374 us
[122.608s][info][gc,stats    ] Pause Final Update Refs (N)         121 us
[122.608s][info][gc,stats    ]   Update Region States               47 us
[122.608s][info][gc,stats    ]   Trash Collection Set                7 us
[122.608s][info][gc,stats    ]   Rebuild Free Set                   23 us
[122.608s][info][gc,stats    ] Concurrent Cleanup                  155 us
[122.608s][info][gc,stats    ] 
[122.608s][info][gc,stats    ] Allocation pacing accrued:
[122.608s][info][gc,stats    ]       0 of  2521 ms (  0.0%): <total>
[122.608s][info][gc,stats    ]       0 of  2521 ms (  0.0%): <average total>
[122.608s][info][gc,stats    ] 
[122.608s][info][gc,metaspace] Metaspace: 70992K(71296K)->70992K(71296K) NonClass: 63520K(63680K)->63520K(63680K) Class: 7471K(7616K)->7471K(7616K)
[122.608s][info][gc,ergo     ] Pacer for Idle. Initial: 40642K, Alloc Tax Rate: 1.0x
[123.612s][info][gc,start    ] Concurrent uncommit
[123.681s][info][gc          ] Concurrent uncommit 274M->277M(282M) 68.604ms
[124.259s][info][gc          ] Trigger: Allocated since last cycle (198M) is larger than allocation threshold (198M)
[124.259s][info][gc,ergo     ] Free: 1573M, Max: 512K regular, 1470M humongous, Frag: 7% external, 0% internal; Reserve: 101888K, Max: 512K
[124.259s][info][gc,start    ] GC(20) Concurrent reset
[124.259s][info][gc,task     ] GC(20) Using 2 of 8 workers for concurrent reset
[124.259s][info][gc,ergo     ] GC(20) Pacer for Reset. Non-Taxable: 1984M
[124.262s][info][gc          ] GC(20) Concurrent reset 3.001ms
[124.262s][info][gc,start    ] GC(20) Pause Init Mark (unload classes)
[124.262s][info][gc,task     ] GC(20) Using 8 of 8 workers for init marking
[124.262s][info][gc,ref      ] GC(20) Clearing All SoftReferences
[124.262s][info][gc,ergo     ] GC(20) Pacer for Mark. Expected Live: 108M, Free: 1573M, Non-Taxable: 157M, Alloc Tax Rate: 0.1x
[124.262s][info][gc          ] GC(20) Pause Init Mark (unload classes) 0.131ms
[124.263s][info][gc,start    ] GC(20) Concurrent marking roots
[124.263s][info][gc,task     ] GC(20) Using 2 of 8 workers for concurrent marking roots
[124.265s][info][gc          ] GC(20) Concurrent marking roots 1.813ms
[124.265s][info][gc,start    ] GC(20) Concurrent marking (unload classes)
[124.265s][info][gc,task     ] GC(20) Using 2 of 8 workers for concurrent marking
[124.652s][info][gc          ] GC(20) Concurrent marking (unload classes) 387.481ms
[124.653s][info][gc,start    ] GC(20) Pause Final Mark (unload classes)
[124.653s][info][gc,task     ] GC(20) Using 8 of 8 workers for final marking
[124.660s][info][gc,ergo     ] GC(20) CSet Selection. Actual Free: 1613M, Max CSet: 1209M
[124.660s][info][gc,ergo     ] GC(20) Collectable Garbage: 197M (99%), Immediate: 3076K (1%), CSet: 194M (97%)
[124.660s][info][gc,ergo     ] GC(20) Pacer for Evacuation. Used CSet: 201M, Free: 1515M, Non-Taxable: 151M, Alloc Tax Rate: 1.1x
[124.660s][info][gc          ] GC(20) Pause Final Mark (unload classes) 7.304ms
[124.660s][info][gc,start    ] GC(20) Concurrent thread roots
[124.660s][info][gc,task     ] GC(20) Using 2 of 8 workers for Concurrent thread roots
[124.663s][info][gc          ] GC(20) Concurrent thread roots 2.248ms
[124.663s][info][gc,start    ] GC(20) Concurrent weak references
[124.663s][info][gc,task     ] GC(20) Using 2 of 8 workers for concurrent weak references
[124.665s][info][gc,ref      ] GC(20) Encountered references: Soft: 2431, Weak: 9686, Final: 74, Phantom: 756
[124.665s][info][gc,ref      ] GC(20) Discovered  references: Soft: 246, Weak: 6275, Final: 67, Phantom: 699
[124.665s][info][gc,ref      ] GC(20) Enqueued    references: Soft: 3, Weak: 3521, Final: 0, Phantom: 0
[124.665s][info][gc          ] GC(20) Concurrent weak references 2.102ms
[124.665s][info][gc,start    ] GC(20) Concurrent weak roots
[124.665s][info][gc,task     ] GC(20) Using 2 of 8 workers for concurrent weak root
[124.673s][info][gc          ] GC(20) Concurrent weak roots 8.179ms
[124.673s][info][gc,start    ] GC(20) Concurrent cleanup
[124.675s][info][gc          ] GC(20) Concurrent cleanup 379M->376M(385M) 1.771ms
[124.675s][info][gc,ergo     ] GC(20) Free: 1506M, Max: 512K regular, 1470M humongous, Frag: 3% external, 0% internal; Reserve: 100759K, Max: 512K
[124.675s][info][gc,start    ] GC(20) Concurrent class unloading
[124.675s][info][gc,task     ] GC(20) Using 2 of 8 workers for concurrent class unloading
[124.691s][info][gc          ] GC(20) Concurrent class unloading 16.178ms
[124.691s][info][gc,start    ] GC(20) Concurrent strong roots
[124.691s][info][gc,task     ] GC(20) Using 2 of 8 workers for concurrent strong root
[124.694s][info][gc          ] GC(20) Concurrent strong roots 3.424ms
[124.694s][info][gc,start    ] GC(20) Concurrent evacuation
[124.695s][info][gc,task     ] GC(20) Using 2 of 8 workers for concurrent evacuation
[124.704s][info][gc          ] GC(20) Concurrent evacuation 9.326ms
[124.704s][info][gc,start    ] GC(20) Pause Init Update Refs
[124.704s][info][gc,ergo     ] GC(20) Pacer for Update Refs. Used: 385M, Free: 1504M, Non-Taxable: 150M, Alloc Tax Rate: 1.1x
[124.704s][info][gc          ] GC(20) Pause Init Update Refs 0.073ms
[124.704s][info][gc,start    ] GC(20) Concurrent update references
[124.704s][info][gc,task     ] GC(20) Using 2 of 8 workers for concurrent reference update
[124.923s][info][gc          ] GC(20) Concurrent update references 218.877ms
[124.923s][info][gc,start    ] GC(20) Concurrent update thread roots
[124.933s][info][gc          ] GC(20) Concurrent update thread roots 9.873ms
[124.933s][info][gc,start    ] GC(20) Pause Final Update Refs
[124.933s][info][gc,task     ] GC(20) Using 8 of 8 workers for final reference update
[124.933s][info][gc          ] GC(20) Pause Final Update Refs 0.112ms
[124.933s][info][gc,start    ] GC(20) Concurrent cleanup
[124.933s][info][gc          ] GC(20) Concurrent cleanup 415M->214M(420M) 0.109ms
[124.933s][info][gc,ergo     ] Free: 1667M, Max: 512K regular, 1472M humongous, Frag: 12% external, 0% internal; Reserve: 101888K, Max: 512K
[124.933s][info][gc,stats    ] 
[124.933s][info][gc,stats    ] All times are wall-clock times, except per-root-class counters, that are sum over
[124.933s][info][gc,stats    ] all workers. Dividing the <total> over the root stage time estimates parallelism.
[124.933s][info][gc,stats    ] 
[124.933s][info][gc,stats    ] Concurrent Reset                   3033 us
[124.933s][info][gc,stats    ] Pause Init Mark (G)                1145 us
[124.933s][info][gc,stats    ] Pause Init Mark (N)                 140 us
[124.933s][info][gc,stats    ]   Update Region States               46 us
[124.933s][info][gc,stats    ] Concurrent Mark Roots              1840 us, parallelism: 0.54x
[124.933s][info][gc,stats    ]   CMR: <total>                      999 us
[124.933s][info][gc,stats    ]   CMR: Thread Roots                 842 us, workers (us): 842,   0, ---, ---, ---, ---, ---, ---, 
[124.933s][info][gc,stats    ]   CMR: VM Strong Roots               18 us, workers (us):  18,   0, ---, ---, ---, ---, ---, ---, 
[124.933s][info][gc,stats    ]   CMR: CLDG Roots                   139 us, workers (us): 139, ---, ---, ---, ---, ---, ---, ---, 
[124.933s][info][gc,stats    ] Concurrent Marking               387524 us
[124.933s][info][gc,stats    ] Pause Final Mark (G)               7958 us
[124.933s][info][gc,stats    ] Pause Final Mark (N)               7324 us
[124.933s][info][gc,stats    ]   Finish Mark                      7083 us
[124.933s][info][gc,stats    ]   Update Region States               48 us
[124.933s][info][gc,stats    ]   Choose Collection Set              79 us
[124.933s][info][gc,stats    ]   Rebuild Free Set                   23 us
[124.933s][info][gc,stats    ] Concurrent Thread Roots            2273 us, parallelism: 1.48x
[124.933s][info][gc,stats    ]   CTR: <total>                     3357 us
[124.933s][info][gc,stats    ]   CTR: Thread Roots                3357 us, workers (us): 1183, 2174, ---, ---, ---, ---, ---, ---, 
[124.933s][info][gc,stats    ] Concurrent Weak References         2111 us, parallelism: 0.94x
[124.933s][info][gc,stats    ]   CWRF: <total>                    1984 us
[124.933s][info][gc,stats    ]   CWRF: Weak References            1984 us, workers (us): 1984,   0, ---, ---, ---, ---, ---, ---, 
[124.933s][info][gc,stats    ] Concurrent Weak Roots              8201 us
[124.933s][info][gc,stats    ]   Roots                            4953 us, parallelism: 0.98x
[124.933s][info][gc,stats    ]     CWR: <total>                   4867 us
[124.933s][info][gc,stats    ]     CWR: Code Cache Roots          3368 us, workers (us): 3368,   0, ---, ---, ---, ---, ---, ---, 
[124.933s][info][gc,stats    ]     CWR: VM Weak Roots             1468 us, workers (us): 1467,   1, ---, ---, ---, ---, ---, ---, 
[124.933s][info][gc,stats    ]     CWR: CLDG Roots                  31 us, workers (us):  31, ---, ---, ---, ---, ---, ---, ---, 
[124.933s][info][gc,stats    ]   Rendezvous                       3196 us
[124.933s][info][gc,stats    ] Concurrent Cleanup                 1793 us
[124.933s][info][gc,stats    ] Concurrent Class Unloading        16195 us
[124.933s][info][gc,stats    ]   Unlink Stale                    14239 us
[124.933s][info][gc,stats    ]     System Dictionary                69 us
[124.933s][info][gc,stats    ]     Weak Class Links                  0 us
[124.933s][info][gc,stats    ]     Code Roots                    14167 us
[124.933s][info][gc,stats    ]   Rendezvous                       1031 us
[124.933s][info][gc,stats    ]   Purge Unlinked                    861 us
[124.934s][info][gc,stats    ]     Code Roots                      850 us
[124.934s][info][gc,stats    ]     CLDG                             10 us
[124.934s][info][gc,stats    ]     Exception Caches                  0 us
[124.934s][info][gc,stats    ] Concurrent Strong Roots            3445 us, parallelism: 0.19x
[124.934s][info][gc,stats    ]   CSR: <total>                      644 us
[124.934s][info][gc,stats    ]   CSR: VM Strong Roots               61 us, workers (us):  61,   1, ---, ---, ---, ---, ---, ---, 
[124.934s][info][gc,stats    ]   CSR: CLDG Roots                   583 us, workers (us): 583, ---, ---, ---, ---, ---, ---, ---, 
[124.934s][info][gc,stats    ] Concurrent Evacuation              9356 us
[124.934s][info][gc,stats    ] Pause Init Update Refs (G)          238 us
[124.934s][info][gc,stats    ] Pause Init Update Refs (N)           81 us
[124.934s][info][gc,stats    ]   Manage GCLABs                      32 us
[124.934s][info][gc,stats    ] Concurrent Update Refs           218906 us
[124.934s][info][gc,stats    ] Concurrent Update Thread Roots     9902 us
[124.934s][info][gc,stats    ] Pause Final Update Refs (G)         181 us
[124.934s][info][gc,stats    ] Pause Final Update Refs (N)         120 us
[124.934s][info][gc,stats    ]   Update Region States               47 us
[124.934s][info][gc,stats    ]   Trash Collection Set                6 us
[124.934s][info][gc,stats    ]   Rebuild Free Set                   20 us
[124.934s][info][gc,stats    ] Concurrent Cleanup                  118 us
[124.934s][info][gc,stats    ] 
[124.934s][info][gc,stats    ] Allocation pacing accrued:
[124.934s][info][gc,stats    ]       0 of  2326 ms (  0.0%): <total>
[124.934s][info][gc,stats    ]       0 of  2326 ms (  0.0%): <average total>
[124.934s][info][gc,stats    ] 
[124.934s][info][gc,metaspace] Metaspace: 70998K(71296K)->70999K(71296K) NonClass: 63525K(63680K)->63526K(63680K) Class: 7473K(7616K)->7473K(7616K)
[124.934s][info][gc,ergo     ] Pacer for Idle. Initial: 40642K, Alloc Tax Rate: 1.0x
[125.739s][info][gc,start    ] Concurrent uncommit
[125.739s][info][gc          ] Concurrent uncommit 261M->261M(420M) 0.161ms
[125.939s][info][gc,start    ] Concurrent uncommit
[125.984s][info][gc          ] Concurrent uncommit 271M->272M(277M) 44.312ms
[126.703s][info][gc          ] Trigger: Allocated since last cycle (198M) is larger than allocation threshold (198M)
[126.703s][info][gc,ergo     ] Free: 1571M, Max: 512K regular, 1472M humongous, Frag: 7% external, 0% internal; Reserve: 101888K, Max: 512K
[126.703s][info][gc,start    ] GC(21) Concurrent reset
[126.703s][info][gc,task     ] GC(21) Using 2 of 8 workers for concurrent reset
[126.703s][info][gc,ergo     ] GC(21) Pacer for Reset. Non-Taxable: 1984M
[126.706s][info][gc          ] GC(21) Concurrent reset 2.348ms
[126.707s][info][gc,start    ] GC(21) Pause Init Mark (unload classes)
[126.707s][info][gc,task     ] GC(21) Using 8 of 8 workers for init marking
[126.707s][info][gc,ref      ] GC(21) Clearing All SoftReferences
[126.707s][info][gc,ergo     ] GC(21) Pacer for Mark. Expected Live: 109M, Free: 1571M, Non-Taxable: 157M, Alloc Tax Rate: 0.1x
[126.707s][info][gc          ] GC(21) Pause Init Mark (unload classes) 0.103ms
[126.707s][info][gc,start    ] GC(21) Concurrent marking roots
[126.707s][info][gc,task     ] GC(21) Using 2 of 8 workers for concurrent marking roots
[126.709s][info][gc          ] GC(21) Concurrent marking roots 1.592ms
[126.709s][info][gc,start    ] GC(21) Concurrent marking (unload classes)
[126.709s][info][gc,task     ] GC(21) Using 2 of 8 workers for concurrent marking
[127.091s][info][gc          ] GC(21) Concurrent marking (unload classes) 382.183ms
[127.093s][info][gc,start    ] GC(21) Pause Final Mark (unload classes)
[127.093s][info][gc,task     ] GC(21) Using 8 of 8 workers for final marking
[127.093s][info][gc,ergo     ] GC(21) CSet Selection. Actual Free: 1619M, Max CSet: 1214M
[127.093s][info][gc,ergo     ] GC(21) Collectable Garbage: 195M (99%), Immediate: 3584K (1%), CSet: 192M (97%)
[127.093s][info][gc,ergo     ] GC(21) Pacer for Evacuation. Used CSet: 198M, Free: 1521M, Non-Taxable: 152M, Alloc Tax Rate: 1.1x
[127.093s][info][gc          ] GC(21) Pause Final Mark (unload classes) 0.339ms
[127.093s][info][gc,start    ] GC(21) Concurrent thread roots
[127.093s][info][gc,task     ] GC(21) Using 2 of 8 workers for Concurrent thread roots
[127.095s][info][gc          ] GC(21) Concurrent thread roots 1.372ms
[127.095s][info][gc,start    ] GC(21) Concurrent weak references
[127.095s][info][gc,task     ] GC(21) Using 2 of 8 workers for concurrent weak references
[127.097s][info][gc,ref      ] GC(21) Encountered references: Soft: 2429, Weak: 9757, Final: 74, Phantom: 756
[127.097s][info][gc,ref      ] GC(21) Discovered  references: Soft: 513, Weak: 4620, Final: 0, Phantom: 747
[127.097s][info][gc,ref      ] GC(21) Enqueued    references: Soft: 1, Weak: 3558, Final: 0, Phantom: 0
[127.097s][info][gc          ] GC(21) Concurrent weak references 1.777ms
[127.097s][info][gc,start    ] GC(21) Concurrent weak roots
[127.097s][info][gc,task     ] GC(21) Using 2 of 8 workers for concurrent weak root
[127.100s][info][gc          ] GC(21) Concurrent weak roots 3.248ms
[127.100s][info][gc,start    ] GC(21) Concurrent cleanup
[127.100s][info][gc          ] GC(21) Concurrent cleanup 366M->363M(371M) 0.144ms
[127.100s][info][gc,ergo     ] GC(21) Free: 1519M, Max: 512K regular, 1472M humongous, Frag: 3% external, 0% internal; Reserve: 101402K, Max: 512K
[127.100s][info][gc,start    ] GC(21) Concurrent class unloading
[127.100s][info][gc,task     ] GC(21) Using 2 of 8 workers for concurrent class unloading
[127.125s][info][gc          ] GC(21) Concurrent class unloading 24.893ms
[127.125s][info][gc,start    ] GC(21) Concurrent strong roots
[127.125s][info][gc,task     ] GC(21) Using 2 of 8 workers for concurrent strong root
[127.126s][info][gc          ] GC(21) Concurrent strong roots 0.599ms
[127.126s][info][gc,start    ] GC(21) Concurrent evacuation
[127.126s][info][gc,task     ] GC(21) Using 2 of 8 workers for concurrent evacuation
[127.133s][info][gc          ] GC(21) Concurrent evacuation 7.334ms
[127.133s][info][gc,start    ] GC(21) Pause Init Update Refs
[127.133s][info][gc,ergo     ] GC(21) Pacer for Update Refs. Used: 378M, Free: 1511M, Non-Taxable: 151M, Alloc Tax Rate: 1.1x
[127.133s][info][gc          ] GC(21) Pause Init Update Refs 0.070ms
[127.133s][info][gc,start    ] GC(21) Concurrent update references
[127.133s][info][gc,task     ] GC(21) Using 2 of 8 workers for concurrent reference update
[127.235s][info][gc          ] GC(21) Concurrent update references 102.235ms
[127.235s][info][gc,start    ] GC(21) Concurrent update thread roots
[127.236s][info][gc          ] GC(21) Concurrent update thread roots 0.689ms
[127.236s][info][gc,start    ] GC(21) Pause Final Update Refs
[127.236s][info][gc,task     ] GC(21) Using 8 of 8 workers for final reference update
[127.236s][info][gc          ] GC(21) Pause Final Update Refs 0.118ms
[127.236s][info][gc,start    ] GC(21) Concurrent cleanup
[127.236s][info][gc          ] GC(21) Concurrent cleanup 381M->182M(386M) 0.111ms
[127.236s][info][gc,ergo     ] Free: 1699M, Max: 512K regular, 1525M humongous, Frag: 11% external, 0% internal; Reserve: 101888K, Max: 512K
[127.237s][info][gc,stats    ] 
[127.237s][info][gc,stats    ] All times are wall-clock times, except per-root-class counters, that are sum over
[127.237s][info][gc,stats    ] all workers. Dividing the <total> over the root stage time estimates parallelism.
[127.237s][info][gc,stats    ] 
[127.237s][info][gc,stats    ] Concurrent Reset                   2381 us
[127.237s][info][gc,stats    ] Pause Init Mark (G)                1224 us
[127.237s][info][gc,stats    ] Pause Init Mark (N)                 111 us
[127.237s][info][gc,stats    ]   Update Region States               32 us
[127.237s][info][gc,stats    ] Concurrent Mark Roots              1615 us, parallelism: 1.38x
[127.237s][info][gc,stats    ]   CMR: <total>                     2233 us
[127.237s][info][gc,stats    ]   CMR: Thread Roots                2087 us, workers (us): 1322, 765, ---, ---, ---, ---, ---, ---, 
[127.237s][info][gc,stats    ]   CMR: VM Strong Roots               25 us, workers (us):  25,   0, ---, ---, ---, ---, ---, ---, 
[127.237s][info][gc,stats    ]   CMR: CLDG Roots                   121 us, workers (us): 121, ---, ---, ---, ---, ---, ---, ---, 
[127.237s][info][gc,stats    ] Concurrent Marking               382215 us
[127.237s][info][gc,stats    ] Pause Final Mark (G)               2573 us
[127.237s][info][gc,stats    ] Pause Final Mark (N)                346 us
[127.237s][info][gc,stats    ]   Finish Mark                       148 us
[127.237s][info][gc,stats    ]   Update Region States               53 us
[127.237s][info][gc,stats    ]   Choose Collection Set              55 us
[127.237s][info][gc,stats    ]   Rebuild Free Set                   18 us
[127.237s][info][gc,stats    ] Concurrent Thread Roots            1401 us, parallelism: 1.71x
[127.237s][info][gc,stats    ]   CTR: <total>                     2389 us
[127.237s][info][gc,stats    ]   CTR: Thread Roots                2389 us, workers (us): 1063, 1326, ---, ---, ---, ---, ---, ---, 
[127.237s][info][gc,stats    ] Concurrent Weak References         1785 us, parallelism: 0.95x
[127.237s][info][gc,stats    ]   CWRF: <total>                    1687 us
[127.237s][info][gc,stats    ]   CWRF: Weak References            1687 us, workers (us): 1687,   0, ---, ---, ---, ---, ---, ---, 
[127.237s][info][gc,stats    ] Concurrent Weak Roots              3269 us
[127.237s][info][gc,stats    ]   Roots                            2898 us, parallelism: 1.66x
[127.237s][info][gc,stats    ]     CWR: <total>                   4822 us
[127.237s][info][gc,stats    ]     CWR: Code Cache Roots          3836 us, workers (us): 1921, 1916, ---, ---, ---, ---, ---, ---, 
[127.237s][info][gc,stats    ]     CWR: VM Weak Roots              953 us, workers (us): 863,  90, ---, ---, ---, ---, ---, ---, 
[127.237s][info][gc,stats    ]     CWR: CLDG Roots                  33 us, workers (us):  33, ---, ---, ---, ---, ---, ---, ---, 
[127.237s][info][gc,stats    ]   Rendezvous                        332 us
[127.237s][info][gc,stats    ] Concurrent Cleanup                  152 us
[127.237s][info][gc,stats    ] Concurrent Class Unloading        24913 us
[127.237s][info][gc,stats    ]   Unlink Stale                    22736 us
[127.237s][info][gc,stats    ]     System Dictionary                52 us
[127.237s][info][gc,stats    ]     Weak Class Links                  0 us
[127.237s][info][gc,stats    ]     Code Roots                    22682 us
[127.237s][info][gc,stats    ]   Rendezvous                        698 us
[127.237s][info][gc,stats    ]   Purge Unlinked                   1431 us
[127.237s][info][gc,stats    ]     Code Roots                     1423 us
[127.237s][info][gc,stats    ]     CLDG                              8 us
[127.237s][info][gc,stats    ]     Exception Caches                  0 us
[127.237s][info][gc,stats    ] Concurrent Strong Roots             620 us, parallelism: 0.87x
[127.237s][info][gc,stats    ]   CSR: <total>                      540 us
[127.237s][info][gc,stats    ]   CSR: VM Strong Roots               49 us, workers (us):  30,  19, ---, ---, ---, ---, ---, ---, 
[127.237s][info][gc,stats    ]   CSR: CLDG Roots                   491 us, workers (us): 491, ---, ---, ---, ---, ---, ---, ---, 
[127.237s][info][gc,stats    ] Concurrent Evacuation              7356 us
[127.237s][info][gc,stats    ] Pause Init Update Refs (G)          209 us
[127.237s][info][gc,stats    ] Pause Init Update Refs (N)           77 us
[127.237s][info][gc,stats    ]   Manage GCLABs                      24 us
[127.237s][info][gc,stats    ] Concurrent Update Refs           102265 us
[127.237s][info][gc,stats    ] Concurrent Update Thread Roots      708 us
[127.237s][info][gc,stats    ] Pause Final Update Refs (G)         192 us
[127.237s][info][gc,stats    ] Pause Final Update Refs (N)         126 us
[127.237s][info][gc,stats    ]   Update Region States               47 us
[127.237s][info][gc,stats    ]   Trash Collection Set                6 us
[127.237s][info][gc,stats    ]   Rebuild Free Set                   23 us
[127.237s][info][gc,stats    ] Concurrent Cleanup                  126 us
[127.237s][info][gc,stats    ] 
[127.237s][info][gc,stats    ] Allocation pacing accrued:
[127.237s][info][gc,stats    ]       0 of  2303 ms (  0.0%): <total>
[127.237s][info][gc,stats    ]       0 of  2303 ms (  0.0%): <average total>
[127.237s][info][gc,stats    ] 
[127.237s][info][gc,metaspace] Metaspace: 71000K(71360K)->71000K(71360K) NonClass: 63526K(63744K)->63526K(63744K) Class: 7473K(7616K)->7473K(7616K)
[127.237s][info][gc,ergo     ] Pacer for Idle. Initial: 40642K, Alloc Tax Rate: 1.0x
[128.243s][info][gc,start    ] Concurrent uncommit
[128.271s][info][gc          ] Concurrent uncommit 199M->199M(204M) 27.945ms
[149.236s][info][gc          ] Cancelling GC: Stopping VM
[149.237s][info][gc,heap,exit] Heap
[149.237s][info][gc,heap,exit] Shenandoah Heap
[149.237s][info][gc,heap,exit]  1984M max, 1984M soft max, 254M committed, 249M used
[149.237s][info][gc,heap,exit]  3969 x 512K regions
[149.237s][info][gc,heap,exit] Status: cancelled
[149.237s][info][gc,heap,exit] Reserved region:
[149.237s][info][gc,heap,exit]  - [0x0000000083f80000, 0x0000000100000000) 
[149.238s][info][gc,heap,exit] Collection set:
[149.238s][info][gc,heap,exit]  - map (vanilla): 0x000000000001107f
[149.238s][info][gc,heap,exit]  - map (biased):  0x0000000000010000
[149.238s][info][gc,heap,exit] 
[149.238s][info][gc,heap,exit]  Metaspace       used 71581K, committed 72000K, reserved 1114112K
[149.238s][info][gc,heap,exit]   class space    used 7559K, committed 7744K, reserved 1048576K
[149.238s][info][gc,stats    ] 
[149.238s][info][gc,stats    ] GC STATISTICS:
[149.238s][info][gc,stats    ]   "(G)" (gross) pauses include VM time: time to notify and block threads, do the pre-
[149.238s][info][gc,stats    ]         and post-safepoint housekeeping. Use -Xlog:safepoint+stats to dissect.
[149.238s][info][gc,stats    ]   "(N)" (net) pauses are the times spent in the actual GC code.
[149.238s][info][gc,stats    ]   "a" is average time for each phase, look at levels to see if average makes sense.
[149.238s][info][gc,stats    ]   "lvls" are quantiles: 0% (minimum), 25%, 50% (median), 75%, 100% (maximum).
[149.238s][info][gc,stats    ] 
[149.238s][info][gc,stats    ]   All times are wall-clock times, except per-root-class counters, that are sum over
[149.238s][info][gc,stats    ]   all workers. Dividing the <total> over the root stage time estimates parallelism.
[149.238s][info][gc,stats    ] 
[149.238s][info][gc,stats    ]   Pacing delays are measured from entering the pacing code till exiting it. Therefore,
[149.238s][info][gc,stats    ]   observed pacing delays may be higher than the threshold when paced thread spent more
[149.238s][info][gc,stats    ]   time in the pacing code. It usually happens when thread is de-scheduled while paced,
[149.238s][info][gc,stats    ]   OS takes longer to unblock the thread, or JVM experiences an STW pause.
[149.238s][info][gc,stats    ] 
[149.238s][info][gc,stats    ]   Higher delay would prevent application outpacing the GC, but it will hide the GC latencies
[149.238s][info][gc,stats    ]   from the STW pause times. Pacing affects the individual threads, and so it would also be
[149.238s][info][gc,stats    ]   invisible to the usual profiling tools, but would add up to end-to-end application latency.
[149.238s][info][gc,stats    ]   Raise max pacing delay with care.
[149.238s][info][gc,stats    ] 
[149.238s][info][gc,stats    ] Concurrent Reset               =    0.071 s (a =     3217 us) (n =    22) (lvls, us =      418,     1797,     2363,     3965,     7363)
[149.238s][info][gc,stats    ] Pause Init Mark (G)            =    0.024 s (a =     1075 us) (n =    22) (lvls, us =      150,      227,      539,     1191,     4833)
[149.238s][info][gc,stats    ] Pause Init Mark (N)            =    0.003 s (a =      140 us) (n =    22) (lvls, us =       64,       93,      115,      137,      577)
[149.238s][info][gc,stats    ]   Update Region States         =    0.001 s (a =       36 us) (n =    22) (lvls, us =       19,       25,       36,       44,       57)
[149.238s][info][gc,stats    ] Concurrent Mark Roots          =    0.037 s (a =     1698 us) (n =    22) (lvls, us =      539,      918,     1387,     1953,     6307)
[149.238s][info][gc,stats    ]   CMR: <total>                 =    0.044 s (a =     2018 us) (n =    22) (lvls, us =      869,      998,     1230,     1895,    10417)
[149.238s][info][gc,stats    ]   CMR: Thread Roots            =    0.037 s (a =     1675 us) (n =    22) (lvls, us =      447,      834,     1035,     1758,     9238)
[149.238s][info][gc,stats    ]   CMR: VM Strong Roots         =    0.003 s (a =      124 us) (n =    22) (lvls, us =       17,       18,       21,       29,      991)
[149.238s][info][gc,stats    ]   CMR: CLDG Roots              =    0.005 s (a =      220 us) (n =    22) (lvls, us =      102,      115,      137,      158,      830)
[149.238s][info][gc,stats    ] Concurrent Marking             =    5.806 s (a =   263900 us) (n =    22) (lvls, us =    47266,    81836,   283203,   333984,   469828)
[149.238s][info][gc,stats    ] Pause Final Mark (G)           =    0.101 s (a =     4590 us) (n =    22) (lvls, us =      365,     1113,     2910,     4473,    22655)
[149.238s][info][gc,stats    ] Pause Final Mark (N)           =    0.086 s (a =     3923 us) (n =    22) (lvls, us =      250,      361,     1816,     3672,    20202)
[149.238s][info][gc,stats    ]   Finish Mark                  =    0.079 s (a =     3604 us) (n =    22) (lvls, us =       87,      146,     1602,     3457,    18688)
[149.238s][info][gc,stats    ]   Update Region States         =    0.001 s (a =       47 us) (n =    22) (lvls, us =       32,       44,       46,       48,       62)
[149.238s][info][gc,stats    ]   Choose Collection Set        =    0.002 s (a =       71 us) (n =    22) (lvls, us =       52,       58,       67,       72,      161)
[149.238s][info][gc,stats    ]   Rebuild Free Set             =    0.000 s (a =       21 us) (n =    22) (lvls, us =       16,       17,       18,       22,       56)
[149.238s][info][gc,stats    ] Concurrent Thread Roots        =    0.063 s (a =     2851 us) (n =    22) (lvls, us =      369,      834,     1680,     2266,    25164)
[149.238s][info][gc,stats    ]   CTR: <total>                 =    0.083 s (a =     3775 us) (n =    22) (lvls, us =      453,     1270,     1621,     2500,    38372)
[149.238s][info][gc,stats    ]   CTR: Thread Roots            =    0.083 s (a =     3775 us) (n =    22) (lvls, us =      453,     1270,     1621,     2500,    38372)
[149.238s][info][gc,stats    ] Concurrent Weak References     =    0.040 s (a =     1817 us) (n =    22) (lvls, us =      318,     1309,     1777,     2090,     5395)
[149.238s][info][gc,stats    ]   CWRF: <total>                =    0.039 s (a =     1772 us) (n =    22) (lvls, us =      135,     1387,     1680,     1934,     5414)
[149.238s][info][gc,stats    ]   CWRF: Weak References        =    0.039 s (a =     1772 us) (n =    22) (lvls, us =      135,     1387,     1680,     1934,     5414)
[149.238s][info][gc,stats    ] Concurrent Weak Roots          =    0.152 s (a =     6889 us) (n =    22) (lvls, us =     1621,     2891,     4238,     7480,    23729)
[149.238s][info][gc,stats    ]   Roots                        =    0.119 s (a =     5428 us) (n =    22) (lvls, us =     1562,     2656,     3203,     4941,    23508)
[149.238s][info][gc,stats    ]     CWR: <total>               =    0.199 s (a =     9024 us) (n =    22) (lvls, us =     2969,     4844,     5098,     6934,    46598)
[149.239s][info][gc,stats    ]     CWR: Code Cache Roots      =    0.103 s (a =     4690 us) (n =    22) (lvls, us =     1055,     3203,     3418,     4414,    24268)
[149.239s][info][gc,stats    ]     CWR: VM Weak Roots         =    0.095 s (a =     4305 us) (n =    22) (lvls, us =      951,     1484,     1641,     2520,    43371)
[149.239s][info][gc,stats    ]     CWR: CLDG Roots            =    0.001 s (a =       29 us) (n =    22) (lvls, us =       20,       22,       30,       33,       39)
[149.239s][info][gc,stats    ]   Rendezvous                   =    0.031 s (a =     1420 us) (n =    22) (lvls, us =       22,      107,      332,      877,    13243)
[149.239s][info][gc,stats    ] Concurrent Cleanup             =    0.005 s (a =      226 us) (n =    22) (lvls, us =      104,      131,      145,      164,     1793)
[149.239s][info][gc,stats    ] Concurrent Class Unloading     =    0.589 s (a =    26779 us) (n =    22) (lvls, us =     5547,     8633,    19141,    24805,   164698)
[149.239s][info][gc,stats    ]   Unlink Stale                 =    0.476 s (a =    21630 us) (n =    22) (lvls, us =     5137,     6953,    17383,    22266,   104868)
[149.239s][info][gc,stats    ]     System Dictionary          =    0.002 s (a =       93 us) (n =    22) (lvls, us =       34,       41,       50,       75,      444)
[149.239s][info][gc,stats    ]     Weak Class Links           =    0.118 s (a =     5341 us) (n =    22) (lvls, us =        0,        0,        0,        0,    92458)
[149.239s][info][gc,stats    ]     Code Roots                 =    0.356 s (a =    16194 us) (n =    22) (lvls, us =     2031,     5020,    14062,    21484,    41570)
[149.239s][info][gc,stats    ]   Rendezvous                   =    0.014 s (a =      631 us) (n =    22) (lvls, us =       50,      148,      260,      371,     4357)
[149.239s][info][gc,stats    ]   Purge Unlinked               =    0.098 s (a =     4473 us) (n =    22) (lvls, us =      176,      576,     1211,     1914,    55423)
[149.239s][info][gc,stats    ]     Code Roots                 =    0.098 s (a =     4436 us) (n =    22) (lvls, us =      168,      570,     1211,     1777,    55320)
[149.239s][info][gc,stats    ]     CLDG                       =    0.001 s (a =       36 us) (n =    22) (lvls, us =        5,        8,       10,       50,      187)
[149.239s][info][gc,stats    ]     Exception Caches           =    0.000 s (a =        0 us) (n =    22) (lvls, us =        0,        0,        0,        0,        0)
[149.239s][info][gc,stats    ] Concurrent Strong Roots        =    0.029 s (a =     1321 us) (n =    22) (lvls, us =      494,      619,      957,     1582,     3445)
[149.239s][info][gc,stats    ]   CSR: <total>                 =    0.018 s (a =      816 us) (n =    22) (lvls, us =      426,      547,      607,      746,     2576)
[149.239s][info][gc,stats    ]   CSR: VM Strong Roots         =    0.001 s (a =       56 us) (n =    22) (lvls, us =       23,       44,       48,       55,      224)
[149.239s][info][gc,stats    ]   CSR: CLDG Roots              =    0.017 s (a =      760 us) (n =    22) (lvls, us =      393,      490,      537,      691,     2528)
[149.239s][info][gc,stats    ] Concurrent Evacuation          =    0.384 s (a =    17450 us) (n =    22) (lvls, us =     1348,     6660,     9355,    15625,    90398)
[149.239s][info][gc,stats    ] Pause Init Update Refs (G)     =    0.018 s (a =      819 us) (n =    22) (lvls, us =       99,      145,      227,      461,     5398)
[149.239s][info][gc,stats    ] Pause Init Update Refs (N)     =    0.002 s (a =       71 us) (n =    22) (lvls, us =       27,       51,       77,       83,      110)
[149.239s][info][gc,stats    ]   Manage GCLABs                =    0.001 s (a =       27 us) (n =    22) (lvls, us =        4,       19,       25,       35,       51)
[149.239s][info][gc,stats    ] Concurrent Update Refs         =    2.836 s (a =   128908 us) (n =    22) (lvls, us =    21875,    36523,   121094,   169922,   266956)
[149.239s][info][gc,stats    ] Concurrent Update Thread Roots =    0.050 s (a =     2292 us) (n =    22) (lvls, us =      170,      664,     1113,     2129,    14100)
[149.239s][info][gc,stats    ] Pause Final Update Refs (G)    =    0.012 s (a =      550 us) (n =    22) (lvls, us =      109,      178,      275,      486,     2944)
[149.239s][info][gc,stats    ] Pause Final Update Refs (N)    =    0.003 s (a =      125 us) (n =    22) (lvls, us =       82,      111,      125,      141,      168)
[149.239s][info][gc,stats    ]   Update Region States         =    0.001 s (a =       47 us) (n =    22) (lvls, us =       29,       42,       47,       48,       71)
[149.239s][info][gc,stats    ]   Trash Collection Set         =    0.000 s (a =        6 us) (n =    22) (lvls, us =        4,        6,        6,        7,       10)
[149.239s][info][gc,stats    ]   Rebuild Free Set             =    0.001 s (a =       25 us) (n =    22) (lvls, us =       20,       21,       23,       25,       41)
[149.239s][info][gc,stats    ] Concurrent Cleanup             =    0.003 s (a =      131 us) (n =    22) (lvls, us =       66,      107,      129,      148,      224)
[149.239s][info][gc,stats    ] Concurrent Uncommit            =    0.688 s (a =    27510 us) (n =    25) (lvls, us =      172,     1641,    24023,    38867,    99265)
[149.239s][info][gc,stats    ] 
[149.239s][info][gc,stats    ] 
[149.239s][info][gc,stats    ] Under allocation pressure, concurrent cycles may cancel, and either continue cycle
[149.239s][info][gc,stats    ] under stop-the-world pause or result in stop-the-world Full GC. Increase heap size,
[149.239s][info][gc,stats    ] tune GC heuristics, set more aggressive pacing delay, or lower allocation rate
[149.239s][info][gc,stats    ] to avoid Degenerated and Full GC cycles.
[149.239s][info][gc,stats    ] 
[149.239s][info][gc,stats    ]    22 successful concurrent GCs
[149.239s][info][gc,stats    ]       0 invoked explicitly
[149.239s][info][gc,stats    ]       0 invoked implicitly
[149.239s][info][gc,stats    ] 
[149.239s][info][gc,stats    ]     0 Degenerated GCs
[149.239s][info][gc,stats    ]       0 caused by allocation failure
[149.239s][info][gc,stats    ]       0 upgraded to Full GC
[149.239s][info][gc,stats    ] 
[149.239s][info][gc,stats    ]     0 Full GCs
[149.239s][info][gc,stats    ]       0 invoked explicitly
[149.239s][info][gc,stats    ]       0 invoked implicitly
[149.239s][info][gc,stats    ]       0 caused by allocation failure
[149.239s][info][gc,stats    ]       0 upgraded from Degenerated GC
[149.239s][info][gc,stats    ] 
[149.239s][info][gc,stats    ] 
