[0.005s][info][gc,init] Initializing The Z Garbage Collector
[0.005s][info][gc,init] Version: 21.0.7+6-Ubuntu-0ubuntu122.04 (release)
[0.005s][info][gc,init] Using legacy single-generation mode
[0.005s][info][gc,init] NUMA Support: Disabled
[0.005s][info][gc,init] CPUs: 4 total, 4 available
[0.005s][info][gc,init] Memory: 7937M
[0.005s][info][gc,init] Large Page Support: Disabled
[0.005s][info][gc,init] GC Workers: 2 (dynamic)
[0.005s][info][gc,init] Address Space Type: Contiguous/Unrestricted/Complete
[0.005s][info][gc,init] Address Space Size: 31776M x 3 = 95328M
[0.005s][info][gc,init] Heap Backing File: /memfd:java_heap
[0.005s][info][gc,init] Heap Backing Filesystem: tmpfs (0x1021994)
[0.005s][info][gc,init] Min Capacity: 8M
[0.005s][info][gc,init] Initial Capacity: 126M
[0.005s][info][gc,init] Max Capacity: 1986M
[0.005s][info][gc,init] Medium Page Size: 32M
[0.005s][info][gc,init] Pre-touch: Disabled
[0.005s][info][gc,init] Available space on backing filesystem: N/A
[0.007s][info][gc,init] Uncommit: Enabled
[0.007s][info][gc,init] Uncommit Delay: 300s
[0.265s][info][gc,init] Runtime Workers: 8
[0.265s][info][gc     ] Using The Z Garbage Collector
[0.285s][info][gc,metaspace] CDS archive(s) mapped at: [0x00007f8e2f000000-0x00007f8e2fc98000-0x00007f8e2fc98000), size 13205504, SharedBaseAddress: 0x00007f8e2f000000, ArchiveRelocationMode: 1.
[0.285s][info][gc,metaspace] Compressed class space mapped at: 0x00007f8e30000000-0x00007f8e70000000, reserved size: 1073741824
[0.285s][info][gc,metaspace] Narrow klass base: 0x00007f8e2f000000, Narrow klass shift: 0, Narrow klass range: 0x100000000
[2.359s][info][gc,start    ] GC(0) Garbage Collection (Metadata GC Threshold)
[2.359s][info][gc,task     ] GC(0) Using 2 workers
[2.359s][info][gc,phases   ] GC(0) Pause Mark Start 0.040ms
[2.383s][info][gc,phases   ] GC(0) Concurrent Mark 23.535ms
[2.383s][info][gc,phases   ] GC(0) Pause Mark End 0.024ms
[2.383s][info][gc,phases   ] GC(0) Concurrent Mark Free 0.007ms
[2.389s][info][gc,phases   ] GC(0) Concurrent Process Non-Strong References 5.636ms
[2.389s][info][gc,phases   ] GC(0) Concurrent Reset Relocation Set 0.003ms
[2.395s][info][gc,phases   ] GC(0) Concurrent Select Relocation Set 5.661ms
[2.395s][info][gc,phases   ] GC(0) Pause Relocate Start 0.022ms
[2.406s][info][gc,phases   ] GC(0) Concurrent Relocate 10.749ms
[2.406s][info][gc,load     ] GC(0) Load: 0.74/0.42/0.19
[2.406s][info][gc,mmu      ] GC(0) MMU: 2ms/98.0%, 5ms/99.2%, 10ms/99.6%, 20ms/99.8%, 50ms/99.8%, 100ms/99.9%
[2.406s][info][gc,marking  ] GC(0) Mark: 2 stripe(s), 3 proactive flush(es), 1 terminate flush(es), 0 completion(s), 0 continuation(s) 
[2.406s][info][gc,marking  ] GC(0) Mark Stack Usage: 32M
[2.406s][info][gc,nmethod  ] GC(0) NMethods: 2136 registered, 427 unregistered
[2.406s][info][gc,metaspace] GC(0) Metaspace: 20M used, 21M committed, 1088M reserved
[2.406s][info][gc,ref      ] GC(0) Soft: 3964 encountered, 0 discovered, 0 enqueued
[2.406s][info][gc,ref      ] GC(0) Weak: 2207 encountered, 1045 discovered, 482 enqueued
[2.406s][info][gc,ref      ] GC(0) Final: 5 encountered, 0 discovered, 0 enqueued
[2.406s][info][gc,ref      ] GC(0) Phantom: 765 encountered, 499 discovered, 289 enqueued
[2.406s][info][gc,reloc    ] GC(0) Small Pages: 55 / 110M, Empty: 0M, Relocated: 11M, In-Place: 0
[2.406s][info][gc,reloc    ] GC(0) Medium Pages: 1 / 32M, Empty: 0M, Relocated: 0M, In-Place: 0
[2.406s][info][gc,reloc    ] GC(0) Large Pages: 0 / 0M, Empty: 0M, Relocated: 0M, In-Place: 0
[2.406s][info][gc,reloc    ] GC(0) Forwarding Usage: 4M
[2.406s][info][gc,heap     ] GC(0) Min Capacity: 8M(0%)
[2.406s][info][gc,heap     ] GC(0) Max Capacity: 1986M(100%)
[2.406s][info][gc,heap     ] GC(0) Soft Max Capacity: 1986M(100%)
[2.406s][info][gc,heap     ] GC(0)                Mark Start          Mark End        Relocate Start      Relocate End           High               Low         
[2.406s][info][gc,heap     ] GC(0)  Capacity:      142M (7%)          144M (7%)          148M (7%)          152M (8%)          152M (8%)          142M (7%)     
[2.406s][info][gc,heap     ] GC(0)      Free:     1844M (93%)        1842M (93%)        1838M (93%)        1926M (97%)        1926M (97%)        1834M (92%)    
[2.406s][info][gc,heap     ] GC(0)      Used:      142M (7%)          144M (7%)          148M (7%)           60M (3%)          152M (8%)           60M (3%)     
[2.406s][info][gc,heap     ] GC(0)      Live:         -                22M (1%)           22M (1%)           22M (1%)             -                  -          
[2.406s][info][gc,heap     ] GC(0) Allocated:         -                 2M (0%)            6M (0%)            5M (0%)             -                  -          
[2.406s][info][gc,heap     ] GC(0)   Garbage:         -               119M (6%)          119M (6%)           31M (2%)             -                  -          
[2.406s][info][gc,heap     ] GC(0) Reclaimed:         -                  -                 0M (0%)           87M (4%)             -                  -          
[2.406s][info][gc          ] GC(0) Garbage Collection (Metadata GC Threshold) 142M(7%)->60M(3%)
[3.199s][info][gc,start    ] GC(1) Garbage Collection (Warmup)
[3.199s][info][gc,task     ] GC(1) Using 2 workers
[3.199s][info][gc,phases   ] GC(1) Pause Mark Start 0.025ms
[3.349s][info][gc,phases   ] GC(1) Concurrent Mark 149.473ms
[3.350s][info][gc,phases   ] GC(1) Pause Mark End 0.030ms
[3.350s][info][gc,phases   ] GC(1) Concurrent Mark Free 0.018ms
[3.360s][info][gc,phases   ] GC(1) Concurrent Process Non-Strong References 10.027ms
[3.360s][info][gc,phases   ] GC(1) Concurrent Reset Relocation Set 0.010ms
[3.361s][info][gc,phases   ] GC(1) Concurrent Select Relocation Set 1.801ms
[3.362s][info][gc,phases   ] GC(1) Pause Relocate Start 0.026ms
[3.400s][info][gc,phases   ] GC(1) Concurrent Relocate 37.868ms
[3.400s][info][gc,load     ] GC(1) Load: 0.74/0.42/0.19
[3.400s][info][gc,mmu      ] GC(1) MMU: 2ms/98.0%, 5ms/99.2%, 10ms/99.6%, 20ms/99.7%, 50ms/99.8%, 100ms/99.9%
[3.400s][info][gc,marking  ] GC(1) Mark: 2 stripe(s), 2 proactive flush(es), 1 terminate flush(es), 0 completion(s), 0 continuation(s) 
[3.400s][info][gc,marking  ] GC(1) Mark Stack Usage: 32M
[3.400s][info][gc,nmethod  ] GC(1) NMethods: 2676 registered, 152 unregistered
[3.400s][info][gc,metaspace] GC(1) Metaspace: 31M used, 31M committed, 1088M reserved
[3.400s][info][gc,ref      ] GC(1) Soft: 4372 encountered, 0 discovered, 0 enqueued
[3.400s][info][gc,ref      ] GC(1) Weak: 2682 encountered, 974 discovered, 381 enqueued
[3.400s][info][gc,ref      ] GC(1) Final: 5 encountered, 0 discovered, 0 enqueued
[3.400s][info][gc,ref      ] GC(1) Phantom: 597 encountered, 577 discovered, 116 enqueued
[3.400s][info][gc,reloc    ] GC(1) Small Pages: 70 / 140M, Empty: 0M, Relocated: 10M, In-Place: 0
[3.400s][info][gc,reloc    ] GC(1) Medium Pages: 2 / 64M, Empty: 0M, Relocated: 8M, In-Place: 0
[3.400s][info][gc,reloc    ] GC(1) Large Pages: 0 / 0M, Empty: 0M, Relocated: 0M, In-Place: 0
[3.400s][info][gc,reloc    ] GC(1) Forwarding Usage: 3M
[3.400s][info][gc,heap     ] GC(1) Min Capacity: 8M(0%)
[3.400s][info][gc,heap     ] GC(1) Max Capacity: 1986M(100%)
[3.400s][info][gc,heap     ] GC(1) Soft Max Capacity: 1986M(100%)
[3.400s][info][gc,heap     ] GC(1)                Mark Start          Mark End        Relocate Start      Relocate End           High               Low         
[3.400s][info][gc,heap     ] GC(1)  Capacity:      204M (10%)         216M (11%)         216M (11%)         284M (14%)         284M (14%)         204M (10%)    
[3.400s][info][gc,heap     ] GC(1)      Free:     1782M (90%)        1770M (89%)        1770M (89%)        1816M (91%)        1816M (91%)        1702M (86%)    
[3.400s][info][gc,heap     ] GC(1)      Used:      204M (10%)         216M (11%)         216M (11%)         170M (9%)          284M (14%)         170M (9%)     
[3.400s][info][gc,heap     ] GC(1)      Live:         -                95M (5%)           95M (5%)           95M (5%)             -                  -          
[3.400s][info][gc,heap     ] GC(1) Allocated:         -                12M (1%)           12M (1%)           45M (2%)             -                  -          
[3.400s][info][gc,heap     ] GC(1)   Garbage:         -               108M (5%)          108M (5%)           28M (1%)             -                  -          
[3.400s][info][gc,heap     ] GC(1) Reclaimed:         -                  -                 0M (0%)           79M (4%)             -                  -          
[3.400s][info][gc          ] GC(1) Garbage Collection (Warmup) 204M(10%)->170M(9%)
[10.303s][info][gc,stats    ] === Garbage Collection Statistics =======================================================================================================================
[10.303s][info][gc,stats    ]                                                              Last 10s              Last 10m              Last 10h                Total
[10.303s][info][gc,stats    ]                                                              Avg / Max             Avg / Max             Avg / Max             Avg / Max
[10.303s][info][gc,stats    ]   Collector: Garbage Collection Cycle                    123.657 / 200.865     123.657 / 200.865     123.657 / 200.865     123.657 / 200.865     ms
[10.303s][info][gc,stats    ]  Contention: Mark Segment Reset Contention                     0 / 1                 0 / 1                 0 / 1                 0 / 1           ops/s
[10.303s][info][gc,stats    ]  Contention: Mark SeqNum Reset Contention                      0 / 0                 0 / 0                 0 / 0                 0 / 0           ops/s
[10.303s][info][gc,stats    ]    Critical: Allocation Stall                                  0 / 0                 0 / 0                 0 / 0                 0 / 0           ops/s
[10.303s][info][gc,stats    ]    Critical: Allocation Stall                              0.000 / 0.000         0.000 / 0.000         0.000 / 0.000         0.000 / 0.000       ms
[10.303s][info][gc,stats    ]    Critical: GC Locker Stall                                   0 / 1                 0 / 1                 0 / 1                 0 / 1           ops/s
[10.303s][info][gc,stats    ]    Critical: GC Locker Stall                               0.016 / 0.016         0.016 / 0.016         0.016 / 0.016         0.016 / 0.016       ms
[10.303s][info][gc,stats    ]    Critical: Relocation Stall                                  0 / 0                 0 / 0                 0 / 0                 0 / 0           ops/s
[10.303s][info][gc,stats    ]    Critical: Relocation Stall                              0.000 / 0.000         0.000 / 0.000         0.000 / 0.000         0.000 / 0.000       ms
[10.303s][info][gc,stats    ]      Memory: Allocation Rate                                  42 / 168              42 / 168              42 / 168              42 / 168         MB/s
[10.303s][info][gc,stats    ]      Memory: Defragment                                        1 / 7                 1 / 7                 1 / 7                 1 / 7           ops/s
[10.303s][info][gc,stats    ]      Memory: Out Of Memory                                     0 / 0                 0 / 0                 0 / 0                 0 / 0           ops/s
[10.303s][info][gc,stats    ]      Memory: Page Cache Flush                                  3 / 14                3 / 14                3 / 14                3 / 14          MB/s
[10.303s][info][gc,stats    ]      Memory: Page Cache Hit L1                                 8 / 52                8 / 52                8 / 52                8 / 52          ops/s
[10.303s][info][gc,stats    ]      Memory: Page Cache Hit L2                                 0 / 0                 0 / 0                 0 / 0                 0 / 0           ops/s
[10.303s][info][gc,stats    ]      Memory: Page Cache Hit L3                                 6 / 25                6 / 25                6 / 25                6 / 25          ops/s
[10.303s][info][gc,stats    ]      Memory: Page Cache Miss                                   3 / 24                3 / 24                3 / 24                3 / 24          ops/s
[10.303s][info][gc,stats    ]      Memory: Uncommit                                          0 / 0                 0 / 0                 0 / 0                 0 / 0           MB/s
[10.303s][info][gc,stats    ]      Memory: Undo Object Allocation Failed                     0 / 0                 0 / 0                 0 / 0                 0 / 0           ops/s
[10.303s][info][gc,stats    ]      Memory: Undo Object Allocation Succeeded                  0 / 5                 0 / 5                 0 / 5                 0 / 5           ops/s
[10.303s][info][gc,stats    ]      Memory: Undo Page Allocation                              0 / 1                 0 / 1                 0 / 1                 0 / 1           ops/s
[10.303s][info][gc,stats    ]       Phase: Concurrent Mark                              86.504 / 149.473      86.504 / 149.473      86.504 / 149.473      86.504 / 149.473     ms
[10.303s][info][gc,stats    ]       Phase: Concurrent Mark Continue                      0.000 / 0.000         0.000 / 0.000         0.000 / 0.000         0.000 / 0.000       ms
[10.303s][info][gc,stats    ]       Phase: Concurrent Mark Free                          0.012 / 0.018         0.012 / 0.018         0.012 / 0.018         0.012 / 0.018       ms
[10.303s][info][gc,stats    ]       Phase: Concurrent Process Non-Strong References      7.832 / 10.027        7.832 / 10.027        7.832 / 10.027        7.832 / 10.027      ms
[10.304s][info][gc,stats    ]       Phase: Concurrent Relocate                          24.308 / 37.868       24.308 / 37.868       24.308 / 37.868       24.308 / 37.868      ms
[10.304s][info][gc,stats    ]       Phase: Concurrent Reset Relocation Set               0.006 / 0.010         0.006 / 0.010         0.006 / 0.010         0.006 / 0.010       ms
[10.304s][info][gc,stats    ]       Phase: Concurrent Select Relocation Set              3.731 / 5.661         3.731 / 5.661         3.731 / 5.661         3.731 / 5.661       ms
[10.304s][info][gc,stats    ]       Phase: Pause Mark End                                0.027 / 0.030         0.027 / 0.030         0.027 / 0.030         0.027 / 0.030       ms
[10.304s][info][gc,stats    ]       Phase: Pause Mark Start                              0.033 / 0.040         0.033 / 0.040         0.033 / 0.040         0.033 / 0.040       ms
[10.304s][info][gc,stats    ]       Phase: Pause Relocate Start                          0.024 / 0.026         0.024 / 0.026         0.024 / 0.026         0.024 / 0.026       ms
[10.304s][info][gc,stats    ]    Subphase: Concurrent Classes Purge                      1.126 / 1.628         1.126 / 1.628         1.126 / 1.628         1.126 / 1.628       ms
[10.304s][info][gc,stats    ]    Subphase: Concurrent Classes Unlink                     3.705 / 5.112         3.705 / 5.112         3.705 / 5.112         3.705 / 5.112       ms
[10.304s][info][gc,stats    ]    Subphase: Concurrent Mark                              84.321 / 147.931      84.321 / 147.931      84.321 / 147.931      84.321 / 147.931     ms
[10.304s][info][gc,stats    ]    Subphase: Concurrent Mark Try Flush                     0.614 / 3.207         0.614 / 3.207         0.614 / 3.207         0.614 / 3.207       ms
[10.304s][info][gc,stats    ]    Subphase: Concurrent Mark Try Terminate                 0.642 / 1.067         0.642 / 1.067         0.642 / 1.067         0.642 / 1.067       ms
[10.304s][info][gc,stats    ]    Subphase: Concurrent References Enqueue                 0.007 / 0.007         0.007 / 0.007         0.007 / 0.007         0.007 / 0.007       ms
[10.304s][info][gc,stats    ]    Subphase: Concurrent References Process                 0.207 / 0.285         0.207 / 0.285         0.207 / 0.285         0.207 / 0.285       ms
[10.304s][info][gc,stats    ]    Subphase: Concurrent Roots ClassLoaderDataGraph         0.342 / 0.716         0.342 / 0.716         0.342 / 0.716         0.342 / 0.716       ms
[10.304s][info][gc,stats    ]    Subphase: Concurrent Roots CodeCache                    0.000 / 0.000         0.000 / 0.000         0.000 / 0.000         0.000 / 0.000       ms
[10.304s][info][gc,stats    ]    Subphase: Concurrent Roots JavaThreads                  0.461 / 0.757         0.461 / 0.757         0.461 / 0.757         0.461 / 0.757       ms
[10.304s][info][gc,stats    ]    Subphase: Concurrent Roots OopStorageSet                0.442 / 1.277         0.442 / 1.277         0.442 / 1.277         0.442 / 1.277       ms
[10.304s][info][gc,stats    ]    Subphase: Concurrent Weak Roots OopStorageSet           1.190 / 1.877         1.190 / 1.877         1.190 / 1.877         1.190 / 1.877       ms
[10.304s][info][gc,stats    ]    Subphase: Pause Mark Try Complete                       0.000 / 0.000         0.000 / 0.000         0.000 / 0.000         0.000 / 0.000       ms
[10.304s][info][gc,stats    ]      System: Java Threads                                     20 / 22               20 / 22               20 / 22               20 / 22          threads
[10.304s][info][gc,stats    ] =========================================================================================================================================================
[20.302s][info][gc,stats    ] === Garbage Collection Statistics =======================================================================================================================
[20.302s][info][gc,stats    ]                                                              Last 10s              Last 10m              Last 10h                Total
[20.302s][info][gc,stats    ]                                                              Avg / Max             Avg / Max             Avg / Max             Avg / Max
[20.303s][info][gc,stats    ]   Collector: Garbage Collection Cycle                      0.000 / 0.000       123.657 / 200.865     123.657 / 200.865     123.657 / 200.865     ms
[20.303s][info][gc,stats    ]  Contention: Mark Segment Reset Contention                     0 / 0                 0 / 1                 0 / 1                 0 / 1           ops/s
[20.303s][info][gc,stats    ]  Contention: Mark SeqNum Reset Contention                      0 / 0                 0 / 0                 0 / 0                 0 / 0           ops/s
[20.303s][info][gc,stats    ]    Critical: Allocation Stall                                  0 / 0                 0 / 0                 0 / 0                 0 / 0           ops/s
[20.303s][info][gc,stats    ]    Critical: Allocation Stall                              0.000 / 0.000         0.000 / 0.000         0.000 / 0.000         0.000 / 0.000       ms
[20.303s][info][gc,stats    ]    Critical: GC Locker Stall                                   0 / 0                 0 / 1                 0 / 1                 0 / 1           ops/s
[20.303s][info][gc,stats    ]    Critical: GC Locker Stall                               0.000 / 0.000         0.016 / 0.016         0.016 / 0.016         0.016 / 0.016       ms
[20.303s][info][gc,stats    ]    Critical: Relocation Stall                                  0 / 0                 0 / 0                 0 / 0                 0 / 0           ops/s
[20.303s][info][gc,stats    ]    Critical: Relocation Stall                              0.000 / 0.000         0.000 / 0.000         0.000 / 0.000         0.000 / 0.000       ms
[20.303s][info][gc,stats    ]      Memory: Allocation Rate                                   2 / 14               22 / 168              22 / 168              22 / 168         MB/s
[20.303s][info][gc,stats    ]      Memory: Defragment                                        0 / 0                 0 / 7                 0 / 7                 0 / 7           ops/s
[20.303s][info][gc,stats    ]      Memory: Out Of Memory                                     0 / 0                 0 / 0                 0 / 0                 0 / 0           ops/s
[20.303s][info][gc,stats    ]      Memory: Page Cache Flush                                  0 / 0                 1 / 14                1 / 14                1 / 14          MB/s
[20.303s][info][gc,stats    ]      Memory: Page Cache Hit L1                                 0 / 0                 4 / 52                4 / 52                4 / 52          ops/s
[20.303s][info][gc,stats    ]      Memory: Page Cache Hit L2                                 0 / 0                 0 / 0                 0 / 0                 0 / 0           ops/s
[20.303s][info][gc,stats    ]      Memory: Page Cache Hit L3                                 1 / 7                 3 / 25                3 / 25                3 / 25          ops/s
[20.303s][info][gc,stats    ]      Memory: Page Cache Miss                                   0 / 0                 1 / 24                1 / 24                1 / 24          ops/s
[20.303s][info][gc,stats    ]      Memory: Uncommit                                          0 / 0                 0 / 0                 0 / 0                 0 / 0           MB/s
[20.303s][info][gc,stats    ]      Memory: Undo Object Allocation Failed                     0 / 0                 0 / 0                 0 / 0                 0 / 0           ops/s
[20.303s][info][gc,stats    ]      Memory: Undo Object Allocation Succeeded                  0 / 0                 0 / 5                 0 / 5                 0 / 5           ops/s
[20.303s][info][gc,stats    ]      Memory: Undo Page Allocation                              0 / 0                 0 / 1                 0 / 1                 0 / 1           ops/s
[20.303s][info][gc,stats    ]       Phase: Concurrent Mark                               0.000 / 0.000        86.504 / 149.473      86.504 / 149.473      86.504 / 149.473     ms
[20.303s][info][gc,stats    ]       Phase: Concurrent Mark Continue                      0.000 / 0.000         0.000 / 0.000         0.000 / 0.000         0.000 / 0.000       ms
[20.303s][info][gc,stats    ]       Phase: Concurrent Mark Free                          0.000 / 0.000         0.012 / 0.018         0.012 / 0.018         0.012 / 0.018       ms
[20.303s][info][gc,stats    ]       Phase: Concurrent Process Non-Strong References      0.000 / 0.000         7.832 / 10.027        7.832 / 10.027        7.832 / 10.027      ms
[20.303s][info][gc,stats    ]       Phase: Concurrent Relocate                           0.000 / 0.000        24.308 / 37.868       24.308 / 37.868       24.308 / 37.868      ms
[20.303s][info][gc,stats    ]       Phase: Concurrent Reset Relocation Set               0.000 / 0.000         0.006 / 0.010         0.006 / 0.010         0.006 / 0.010       ms
[20.303s][info][gc,stats    ]       Phase: Concurrent Select Relocation Set              0.000 / 0.000         3.731 / 5.661         3.731 / 5.661         3.731 / 5.661       ms
[20.303s][info][gc,stats    ]       Phase: Pause Mark End                                0.000 / 0.000         0.027 / 0.030         0.027 / 0.030         0.027 / 0.030       ms
[20.303s][info][gc,stats    ]       Phase: Pause Mark Start                              0.000 / 0.000         0.033 / 0.040         0.033 / 0.040         0.033 / 0.040       ms
[20.303s][info][gc,stats    ]       Phase: Pause Relocate Start                          0.000 / 0.000         0.024 / 0.026         0.024 / 0.026         0.024 / 0.026       ms
[20.303s][info][gc,stats    ]    Subphase: Concurrent Classes Purge                      0.000 / 0.000         1.126 / 1.628         1.126 / 1.628         1.126 / 1.628       ms
[20.303s][info][gc,stats    ]    Subphase: Concurrent Classes Unlink                     0.000 / 0.000         3.705 / 5.112         3.705 / 5.112         3.705 / 5.112       ms
[20.303s][info][gc,stats    ]    Subphase: Concurrent Mark                               0.000 / 0.000        84.321 / 147.931      84.321 / 147.931      84.321 / 147.931     ms
[20.303s][info][gc,stats    ]    Subphase: Concurrent Mark Try Flush                     0.000 / 0.000         0.614 / 3.207         0.614 / 3.207         0.614 / 3.207       ms
[20.303s][info][gc,stats    ]    Subphase: Concurrent Mark Try Terminate                 0.000 / 0.000         0.642 / 1.067         0.642 / 1.067         0.642 / 1.067       ms
[20.303s][info][gc,stats    ]    Subphase: Concurrent References Enqueue                 0.000 / 0.000         0.007 / 0.007         0.007 / 0.007         0.007 / 0.007       ms
[20.303s][info][gc,stats    ]    Subphase: Concurrent References Process                 0.000 / 0.000         0.207 / 0.285         0.207 / 0.285         0.207 / 0.285       ms
[20.303s][info][gc,stats    ]    Subphase: Concurrent Roots ClassLoaderDataGraph         0.000 / 0.000         0.342 / 0.716         0.342 / 0.716         0.342 / 0.716       ms
[20.303s][info][gc,stats    ]    Subphase: Concurrent Roots CodeCache                    0.000 / 0.000         0.000 / 0.000         0.000 / 0.000         0.000 / 0.000       ms
[20.303s][info][gc,stats    ]    Subphase: Concurrent Roots JavaThreads                  0.000 / 0.000         0.461 / 0.757         0.461 / 0.757         0.461 / 0.757       ms
[20.303s][info][gc,stats    ]    Subphase: Concurrent Roots OopStorageSet                0.000 / 0.000         0.442 / 1.277         0.442 / 1.277         0.442 / 1.277       ms
[20.303s][info][gc,stats    ]    Subphase: Concurrent Weak Roots OopStorageSet           0.000 / 0.000         1.190 / 1.877         1.190 / 1.877         1.190 / 1.877       ms
[20.303s][info][gc,stats    ]    Subphase: Pause Mark Try Complete                       0.000 / 0.000         0.000 / 0.000         0.000 / 0.000         0.000 / 0.000       ms
[20.303s][info][gc,stats    ]      System: Java Threads                                      0 / 0                20 / 22               20 / 22               20 / 22          threads
[20.304s][info][gc,stats    ] =========================================================================================================================================================
[30.303s][info][gc,stats    ] === Garbage Collection Statistics =======================================================================================================================
[30.303s][info][gc,stats    ]                                                              Last 10s              Last 10m              Last 10h                Total
[30.303s][info][gc,stats    ]                                                              Avg / Max             Avg / Max             Avg / Max             Avg / Max
[30.303s][info][gc,stats    ]   Collector: Garbage Collection Cycle                      0.000 / 0.000       123.657 / 200.865     123.657 / 200.865     123.657 / 200.865     ms
[30.303s][info][gc,stats    ]  Contention: Mark Segment Reset Contention                     0 / 0                 0 / 1                 0 / 1                 0 / 1           ops/s
[30.303s][info][gc,stats    ]  Contention: Mark SeqNum Reset Contention                      0 / 0                 0 / 0                 0 / 0                 0 / 0           ops/s
[30.303s][info][gc,stats    ]    Critical: Allocation Stall                                  0 / 0                 0 / 0                 0 / 0                 0 / 0           ops/s
[30.303s][info][gc,stats    ]    Critical: Allocation Stall                              0.000 / 0.000         0.000 / 0.000         0.000 / 0.000         0.000 / 0.000       ms
[30.303s][info][gc,stats    ]    Critical: GC Locker Stall                                   0 / 0                 0 / 1                 0 / 1                 0 / 1           ops/s
[30.303s][info][gc,stats    ]    Critical: GC Locker Stall                               0.000 / 0.000         0.016 / 0.016         0.016 / 0.016         0.016 / 0.016       ms
[30.303s][info][gc,stats    ]    Critical: Relocation Stall                                  0 / 0                 0 / 0                 0 / 0                 0 / 0           ops/s
[30.303s][info][gc,stats    ]    Critical: Relocation Stall                              0.000 / 0.000         0.000 / 0.000         0.000 / 0.000         0.000 / 0.000       ms
[30.303s][info][gc,stats    ]      Memory: Allocation Rate                                   0 / 2                14 / 168              14 / 168              14 / 168         MB/s
[30.303s][info][gc,stats    ]      Memory: Defragment                                        0 / 0                 0 / 7                 0 / 7                 0 / 7           ops/s
[30.303s][info][gc,stats    ]      Memory: Out Of Memory                                     0 / 0                 0 / 0                 0 / 0                 0 / 0           ops/s
[30.303s][info][gc,stats    ]      Memory: Page Cache Flush                                  0 / 0                 1 / 14                1 / 14                1 / 14          MB/s
[30.303s][info][gc,stats    ]      Memory: Page Cache Hit L1                                 0 / 0                 2 / 52                2 / 52                2 / 52          ops/s
[30.303s][info][gc,stats    ]      Memory: Page Cache Hit L2                                 0 / 0                 0 / 0                 0 / 0                 0 / 0           ops/s
[30.303s][info][gc,stats    ]      Memory: Page Cache Hit L3                                 0 / 1                 2 / 25                2 / 25                2 / 25          ops/s
[30.303s][info][gc,stats    ]      Memory: Page Cache Miss                                   0 / 0                 1 / 24                1 / 24                1 / 24          ops/s
[30.303s][info][gc,stats    ]      Memory: Uncommit                                          0 / 0                 0 / 0                 0 / 0                 0 / 0           MB/s
[30.303s][info][gc,stats    ]      Memory: Undo Object Allocation Failed                     0 / 0                 0 / 0                 0 / 0                 0 / 0           ops/s
[30.303s][info][gc,stats    ]      Memory: Undo Object Allocation Succeeded                  0 / 0                 0 / 5                 0 / 5                 0 / 5           ops/s
[30.303s][info][gc,stats    ]      Memory: Undo Page Allocation                              0 / 0                 0 / 1                 0 / 1                 0 / 1           ops/s
[30.303s][info][gc,stats    ]       Phase: Concurrent Mark                               0.000 / 0.000        86.504 / 149.473      86.504 / 149.473      86.504 / 149.473     ms
[30.303s][info][gc,stats    ]       Phase: Concurrent Mark Continue                      0.000 / 0.000         0.000 / 0.000         0.000 / 0.000         0.000 / 0.000       ms
[30.303s][info][gc,stats    ]       Phase: Concurrent Mark Free                          0.000 / 0.000         0.012 / 0.018         0.012 / 0.018         0.012 / 0.018       ms
[30.303s][info][gc,stats    ]       Phase: Concurrent Process Non-Strong References      0.000 / 0.000         7.832 / 10.027        7.832 / 10.027        7.832 / 10.027      ms
[30.303s][info][gc,stats    ]       Phase: Concurrent Relocate                           0.000 / 0.000        24.308 / 37.868       24.308 / 37.868       24.308 / 37.868      ms
[30.303s][info][gc,stats    ]       Phase: Concurrent Reset Relocation Set               0.000 / 0.000         0.006 / 0.010         0.006 / 0.010         0.006 / 0.010       ms
[30.303s][info][gc,stats    ]       Phase: Concurrent Select Relocation Set              0.000 / 0.000         3.731 / 5.661         3.731 / 5.661         3.731 / 5.661       ms
[30.303s][info][gc,stats    ]       Phase: Pause Mark End                                0.000 / 0.000         0.027 / 0.030         0.027 / 0.030         0.027 / 0.030       ms
[30.303s][info][gc,stats    ]       Phase: Pause Mark Start                              0.000 / 0.000         0.033 / 0.040         0.033 / 0.040         0.033 / 0.040       ms
[30.303s][info][gc,stats    ]       Phase: Pause Relocate Start                          0.000 / 0.000         0.024 / 0.026         0.024 / 0.026         0.024 / 0.026       ms
[30.303s][info][gc,stats    ]    Subphase: Concurrent Classes Purge                      0.000 / 0.000         1.126 / 1.628         1.126 / 1.628         1.126 / 1.628       ms
[30.303s][info][gc,stats    ]    Subphase: Concurrent Classes Unlink                     0.000 / 0.000         3.705 / 5.112         3.705 / 5.112         3.705 / 5.112       ms
[30.303s][info][gc,stats    ]    Subphase: Concurrent Mark                               0.000 / 0.000        84.321 / 147.931      84.321 / 147.931      84.321 / 147.931     ms
[30.303s][info][gc,stats    ]    Subphase: Concurrent Mark Try Flush                     0.000 / 0.000         0.614 / 3.207         0.614 / 3.207         0.614 / 3.207       ms
[30.304s][info][gc,stats    ]    Subphase: Concurrent Mark Try Terminate                 0.000 / 0.000         0.642 / 1.067         0.642 / 1.067         0.642 / 1.067       ms
[30.304s][info][gc,stats    ]    Subphase: Concurrent References Enqueue                 0.000 / 0.000         0.007 / 0.007         0.007 / 0.007         0.007 / 0.007       ms
[30.304s][info][gc,stats    ]    Subphase: Concurrent References Process                 0.000 / 0.000         0.207 / 0.285         0.207 / 0.285         0.207 / 0.285       ms
[30.304s][info][gc,stats    ]    Subphase: Concurrent Roots ClassLoaderDataGraph         0.000 / 0.000         0.342 / 0.716         0.342 / 0.716         0.342 / 0.716       ms
[30.304s][info][gc,stats    ]    Subphase: Concurrent Roots CodeCache                    0.000 / 0.000         0.000 / 0.000         0.000 / 0.000         0.000 / 0.000       ms
[30.304s][info][gc,stats    ]    Subphase: Concurrent Roots JavaThreads                  0.000 / 0.000         0.461 / 0.757         0.461 / 0.757         0.461 / 0.757       ms
[30.304s][info][gc,stats    ]    Subphase: Concurrent Roots OopStorageSet                0.000 / 0.000         0.442 / 1.277         0.442 / 1.277         0.442 / 1.277       ms
[30.304s][info][gc,stats    ]    Subphase: Concurrent Weak Roots OopStorageSet           0.000 / 0.000         1.190 / 1.877         1.190 / 1.877         1.190 / 1.877       ms
[30.304s][info][gc,stats    ]    Subphase: Pause Mark Try Complete                       0.000 / 0.000         0.000 / 0.000         0.000 / 0.000         0.000 / 0.000       ms
[30.304s][info][gc,stats    ]      System: Java Threads                                      0 / 0                20 / 22               20 / 22               20 / 22          threads
[30.304s][info][gc,stats    ] =========================================================================================================================================================
[31.737s][info][gc,start    ] GC(2) Garbage Collection (Metadata GC Threshold)
[31.737s][info][gc,task     ] GC(2) Using 2 workers
[31.737s][info][gc,phases   ] GC(2) Pause Mark Start 0.066ms
[31.864s][info][gc,phases   ] GC(2) Concurrent Mark 127.480ms
[31.864s][info][gc,phases   ] GC(2) Pause Mark End 0.040ms
[31.864s][info][gc,phases   ] GC(2) Concurrent Mark Free 0.006ms
[31.872s][info][gc,phases   ] GC(2) Concurrent Process Non-Strong References 7.894ms
[31.872s][info][gc,phases   ] GC(2) Concurrent Reset Relocation Set 0.012ms
[31.874s][info][gc,phases   ] GC(2) Concurrent Select Relocation Set 1.456ms
[31.875s][info][gc,phases   ] GC(2) Pause Relocate Start 0.027ms
[31.880s][info][gc,phases   ] GC(2) Concurrent Relocate 4.858ms
[31.880s][info][gc,load     ] GC(2) Load: 0.50/0.39/0.19
[31.880s][info][gc,mmu      ] GC(2) MMU: 2ms/96.7%, 5ms/98.7%, 10ms/99.3%, 20ms/99.7%, 50ms/99.8%, 100ms/99.9%
[31.880s][info][gc,marking  ] GC(2) Mark: 2 stripe(s), 7 proactive flush(es), 1 terminate flush(es), 0 completion(s), 0 continuation(s) 
[31.880s][info][gc,marking  ] GC(2) Mark Stack Usage: 32M
[31.880s][info][gc,nmethod  ] GC(2) NMethods: 3449 registered, 221 unregistered
[31.880s][info][gc,metaspace] GC(2) Metaspace: 53M used, 53M committed, 1088M reserved
[31.880s][info][gc,ref      ] GC(2) Soft: 4767 encountered, 0 discovered, 0 enqueued
[31.880s][info][gc,ref      ] GC(2) Weak: 4423 encountered, 1099 discovered, 628 enqueued
[31.880s][info][gc,ref      ] GC(2) Final: 51 encountered, 8 discovered, 8 enqueued
[31.880s][info][gc,ref      ] GC(2) Phantom: 999 encountered, 730 discovered, 476 enqueued
[31.880s][info][gc,reloc    ] GC(2) Small Pages: 111 / 222M, Empty: 16M, Relocated: 8M, In-Place: 0
[31.880s][info][gc,reloc    ] GC(2) Medium Pages: 2 / 64M, Empty: 32M, Relocated: 0M, In-Place: 0
[31.880s][info][gc,reloc    ] GC(2) Large Pages: 0 / 0M, Empty: 0M, Relocated: 0M, In-Place: 0
[31.880s][info][gc,reloc    ] GC(2) Forwarding Usage: 2M
[31.880s][info][gc,heap     ] GC(2) Min Capacity: 8M(0%)
[31.880s][info][gc,heap     ] GC(2) Max Capacity: 1986M(100%)
[31.880s][info][gc,heap     ] GC(2) Soft Max Capacity: 1986M(100%)
[31.880s][info][gc,heap     ] GC(2)                Mark Start          Mark End        Relocate Start      Relocate End           High               Low         
[31.880s][info][gc,heap     ] GC(2)  Capacity:      286M (14%)         294M (15%)         294M (15%)         294M (15%)         294M (15%)         286M (14%)    
[31.880s][info][gc,heap     ] GC(2)      Free:     1700M (86%)        1692M (85%)        1740M (88%)        1844M (93%)        1844M (93%)        1692M (85%)    
[31.880s][info][gc,heap     ] GC(2)      Used:      286M (14%)         294M (15%)         246M (12%)         142M (7%)          294M (15%)         142M (7%)     
[31.880s][info][gc,heap     ] GC(2)      Live:         -               103M (5%)          103M (5%)          103M (5%)             -                  -          
[31.880s][info][gc,heap     ] GC(2) Allocated:         -                 8M (0%)            8M (0%)            9M (0%)             -                  -          
[31.880s][info][gc,heap     ] GC(2)   Garbage:         -               182M (9%)          134M (7%)           29M (1%)             -                  -          
[31.880s][info][gc,heap     ] GC(2) Reclaimed:         -                  -                48M (2%)          153M (8%)             -                  -          
[31.880s][info][gc          ] GC(2) Garbage Collection (Metadata GC Threshold) 286M(14%)->142M(7%)
[40.302s][info][gc,stats    ] === Garbage Collection Statistics =======================================================================================================================
[40.302s][info][gc,stats    ]                                                              Last 10s              Last 10m              Last 10h                Total
[40.302s][info][gc,stats    ]                                                              Avg / Max             Avg / Max             Avg / Max             Avg / Max
[40.303s][info][gc,stats    ]   Collector: Garbage Collection Cycle                    143.542 / 143.542     130.285 / 200.865     130.285 / 200.865     130.285 / 200.865     ms
[40.303s][info][gc,stats    ]  Contention: Mark Segment Reset Contention                     0 / 0                 0 / 1                 0 / 1                 0 / 1           ops/s
[40.303s][info][gc,stats    ]  Contention: Mark SeqNum Reset Contention                      0 / 0                 0 / 0                 0 / 0                 0 / 0           ops/s
[40.303s][info][gc,stats    ]    Critical: Allocation Stall                                  0 / 0                 0 / 0                 0 / 0                 0 / 0           ops/s
[40.303s][info][gc,stats    ]    Critical: Allocation Stall                              0.000 / 0.000         0.000 / 0.000         0.000 / 0.000         0.000 / 0.000       ms
[40.303s][info][gc,stats    ]    Critical: GC Locker Stall                                   0 / 0                 0 / 1                 0 / 1                 0 / 1           ops/s
[40.303s][info][gc,stats    ]    Critical: GC Locker Stall                               0.000 / 0.000         0.016 / 0.016         0.016 / 0.016         0.016 / 0.016       ms
[40.303s][info][gc,stats    ]    Critical: Relocation Stall                                  0 / 0                 0 / 0                 0 / 0                 0 / 0           ops/s
[40.303s][info][gc,stats    ]    Critical: Relocation Stall                              0.000 / 0.000         0.000 / 0.000         0.000 / 0.000         0.000 / 0.000       ms
[40.303s][info][gc,stats    ]      Memory: Allocation Rate                                   4 / 24               12 / 168              12 / 168              12 / 168         MB/s
[40.303s][info][gc,stats    ]      Memory: Defragment                                        0 / 0                 0 / 7                 0 / 7                 0 / 7           ops/s
[40.303s][info][gc,stats    ]      Memory: Out Of Memory                                     0 / 0                 0 / 0                 0 / 0                 0 / 0           ops/s
[40.303s][info][gc,stats    ]      Memory: Page Cache Flush                                  0 / 0                 0 / 14                0 / 14                0 / 14          MB/s
[40.303s][info][gc,stats    ]      Memory: Page Cache Hit L1                                 1 / 10                2 / 52                2 / 52                2 / 52          ops/s
[40.303s][info][gc,stats    ]      Memory: Page Cache Hit L2                                 0 / 0                 0 / 0                 0 / 0                 0 / 0           ops/s
[40.303s][info][gc,stats    ]      Memory: Page Cache Hit L3                                 0 / 2                 1 / 25                1 / 25                1 / 25          ops/s
[40.303s][info][gc,stats    ]      Memory: Page Cache Miss                                   0 / 5                 1 / 24                1 / 24                1 / 24          ops/s
[40.303s][info][gc,stats    ]      Memory: Uncommit                                          0 / 0                 0 / 0                 0 / 0                 0 / 0           MB/s
[40.303s][info][gc,stats    ]      Memory: Undo Object Allocation Failed                     0 / 0                 0 / 0                 0 / 0                 0 / 0           ops/s
[40.303s][info][gc,stats    ]      Memory: Undo Object Allocation Succeeded                  0 / 1                 0 / 5                 0 / 5                 0 / 5           ops/s
[40.303s][info][gc,stats    ]      Memory: Undo Page Allocation                              0 / 0                 0 / 1                 0 / 1                 0 / 1           ops/s
[40.303s][info][gc,stats    ]       Phase: Concurrent Mark                             127.480 / 127.480     100.163 / 149.473     100.163 / 149.473     100.163 / 149.473     ms
[40.303s][info][gc,stats    ]       Phase: Concurrent Mark Continue                      0.000 / 0.000         0.000 / 0.000         0.000 / 0.000         0.000 / 0.000       ms
[40.303s][info][gc,stats    ]       Phase: Concurrent Mark Free                          0.006 / 0.006         0.010 / 0.018         0.010 / 0.018         0.010 / 0.018       ms
[40.303s][info][gc,stats    ]       Phase: Concurrent Process Non-Strong References      7.894 / 7.894         7.852 / 10.027        7.852 / 10.027        7.852 / 10.027      ms
[40.303s][info][gc,stats    ]       Phase: Concurrent Relocate                           4.858 / 4.858        17.825 / 37.868       17.825 / 37.868       17.825 / 37.868      ms
[40.303s][info][gc,stats    ]       Phase: Concurrent Reset Relocation Set               0.012 / 0.012         0.008 / 0.012         0.008 / 0.012         0.008 / 0.012       ms
[40.303s][info][gc,stats    ]       Phase: Concurrent Select Relocation Set              1.456 / 1.456         2.972 / 5.661         2.972 / 5.661         2.972 / 5.661       ms
[40.303s][info][gc,stats    ]       Phase: Pause Mark End                                0.040 / 0.040         0.032 / 0.040         0.032 / 0.040         0.032 / 0.040       ms
[40.303s][info][gc,stats    ]       Phase: Pause Mark Start                              0.066 / 0.066         0.044 / 0.066         0.044 / 0.066         0.044 / 0.066       ms
[40.303s][info][gc,stats    ]       Phase: Pause Relocate Start                          0.027 / 0.027         0.025 / 0.027         0.025 / 0.027         0.025 / 0.027       ms
[40.303s][info][gc,stats    ]    Subphase: Concurrent Classes Purge                      0.961 / 0.961         1.071 / 1.628         1.071 / 1.628         1.071 / 1.628       ms
[40.303s][info][gc,stats    ]    Subphase: Concurrent Classes Unlink                     3.913 / 3.913         3.775 / 5.112         3.775 / 5.112         3.775 / 5.112       ms
[40.303s][info][gc,stats    ]    Subphase: Concurrent Mark                             125.189 / 125.640      97.944 / 147.931      97.944 / 147.931      97.944 / 147.931     ms
[40.303s][info][gc,stats    ]    Subphase: Concurrent Mark Try Flush                     0.255 / 0.946         0.423 / 3.207         0.423 / 3.207         0.423 / 3.207       ms
[40.303s][info][gc,stats    ]    Subphase: Concurrent Mark Try Terminate                 0.760 / 1.061         0.690 / 1.067         0.690 / 1.067         0.690 / 1.067       ms
[40.303s][info][gc,stats    ]    Subphase: Concurrent References Enqueue                 0.014 / 0.014         0.009 / 0.014         0.009 / 0.014         0.009 / 0.014       ms
[40.303s][info][gc,stats    ]    Subphase: Concurrent References Process                 0.380 / 0.380         0.264 / 0.380         0.264 / 0.380         0.264 / 0.380       ms
[40.303s][info][gc,stats    ]    Subphase: Concurrent Roots ClassLoaderDataGraph         0.188 / 0.339         0.280 / 0.716         0.280 / 0.716         0.280 / 0.716       ms
[40.303s][info][gc,stats    ]    Subphase: Concurrent Roots CodeCache                    0.000 / 0.000         0.000 / 0.000         0.000 / 0.000         0.000 / 0.000       ms
[40.303s][info][gc,stats    ]    Subphase: Concurrent Roots JavaThreads                  1.260 / 1.585         0.727 / 1.585         0.727 / 1.585         0.727 / 1.585       ms
[40.303s][info][gc,stats    ]    Subphase: Concurrent Roots OopStorageSet                0.077 / 0.078         0.320 / 1.277         0.320 / 1.277         0.320 / 1.277       ms
[40.303s][info][gc,stats    ]    Subphase: Concurrent Weak Roots OopStorageSet           1.989 / 1.989         1.390 / 1.989         1.390 / 1.989         1.390 / 1.989       ms
[40.303s][info][gc,stats    ]    Subphase: Pause Mark Try Complete                       0.000 / 0.000         0.000 / 0.000         0.000 / 0.000         0.000 / 0.000       ms
[40.303s][info][gc,stats    ]      System: Java Threads                                     77 / 78               39 / 78               39 / 78               39 / 78          threads
[40.304s][info][gc,stats    ] =========================================================================================================================================================
[50.302s][info][gc,stats    ] === Garbage Collection Statistics =======================================================================================================================
[50.302s][info][gc,stats    ]                                                              Last 10s              Last 10m              Last 10h                Total
[50.302s][info][gc,stats    ]                                                              Avg / Max             Avg / Max             Avg / Max             Avg / Max
[50.302s][info][gc,stats    ]   Collector: Garbage Collection Cycle                      0.000 / 0.000       130.285 / 200.865     130.285 / 200.865     130.285 / 200.865     ms
[50.303s][info][gc,stats    ]  Contention: Mark Segment Reset Contention                     0 / 0                 0 / 1                 0 / 1                 0 / 1           ops/s
[50.303s][info][gc,stats    ]  Contention: Mark SeqNum Reset Contention                      0 / 0                 0 / 0                 0 / 0                 0 / 0           ops/s
[50.303s][info][gc,stats    ]    Critical: Allocation Stall                                  0 / 0                 0 / 0                 0 / 0                 0 / 0           ops/s
[50.303s][info][gc,stats    ]    Critical: Allocation Stall                              0.000 / 0.000         0.000 / 0.000         0.000 / 0.000         0.000 / 0.000       ms
[50.303s][info][gc,stats    ]    Critical: GC Locker Stall                                   0 / 0                 0 / 1                 0 / 1                 0 / 1           ops/s
[50.303s][info][gc,stats    ]    Critical: GC Locker Stall                               0.000 / 0.000         0.016 / 0.016         0.016 / 0.016         0.016 / 0.016       ms
[50.303s][info][gc,stats    ]    Critical: Relocation Stall                                  0 / 0                 0 / 0                 0 / 0                 0 / 0           ops/s
[50.303s][info][gc,stats    ]    Critical: Relocation Stall                              0.000 / 0.000         0.000 / 0.000         0.000 / 0.000         0.000 / 0.000       ms
[50.303s][info][gc,stats    ]      Memory: Allocation Rate                                   0 / 4                 9 / 168               9 / 168               9 / 168         MB/s
[50.303s][info][gc,stats    ]      Memory: Defragment                                        0 / 0                 0 / 7                 0 / 7                 0 / 7           ops/s
[50.303s][info][gc,stats    ]      Memory: Out Of Memory                                     0 / 0                 0 / 0                 0 / 0                 0 / 0           ops/s
[50.303s][info][gc,stats    ]      Memory: Page Cache Flush                                  0 / 0                 0 / 14                0 / 14                0 / 14          MB/s
[50.303s][info][gc,stats    ]      Memory: Page Cache Hit L1                                 0 / 2                 2 / 52                2 / 52                2 / 52          ops/s
[50.303s][info][gc,stats    ]      Memory: Page Cache Hit L2                                 0 / 0                 0 / 0                 0 / 0                 0 / 0           ops/s
[50.303s][info][gc,stats    ]      Memory: Page Cache Hit L3                                 0 / 0                 1 / 25                1 / 25                1 / 25          ops/s
[50.303s][info][gc,stats    ]      Memory: Page Cache Miss                                   0 / 0                 0 / 24                0 / 24                0 / 24          ops/s
[50.303s][info][gc,stats    ]      Memory: Uncommit                                          0 / 0                 0 / 0                 0 / 0                 0 / 0           MB/s
[50.303s][info][gc,stats    ]      Memory: Undo Object Allocation Failed                     0 / 0                 0 / 0                 0 / 0                 0 / 0           ops/s
[50.303s][info][gc,stats    ]      Memory: Undo Object Allocation Succeeded                  0 / 0                 0 / 5                 0 / 5                 0 / 5           ops/s
[50.303s][info][gc,stats    ]      Memory: Undo Page Allocation                              0 / 0                 0 / 1                 0 / 1                 0 / 1           ops/s
[50.303s][info][gc,stats    ]       Phase: Concurrent Mark                               0.000 / 0.000       100.163 / 149.473     100.163 / 149.473     100.163 / 149.473     ms
[50.303s][info][gc,stats    ]       Phase: Concurrent Mark Continue                      0.000 / 0.000         0.000 / 0.000         0.000 / 0.000         0.000 / 0.000       ms
[50.303s][info][gc,stats    ]       Phase: Concurrent Mark Free                          0.000 / 0.000         0.010 / 0.018         0.010 / 0.018         0.010 / 0.018       ms
[50.303s][info][gc,stats    ]       Phase: Concurrent Process Non-Strong References      0.000 / 0.000         7.852 / 10.027        7.852 / 10.027        7.852 / 10.027      ms
[50.303s][info][gc,stats    ]       Phase: Concurrent Relocate                           0.000 / 0.000        17.825 / 37.868       17.825 / 37.868       17.825 / 37.868      ms
[50.303s][info][gc,stats    ]       Phase: Concurrent Reset Relocation Set               0.000 / 0.000         0.008 / 0.012         0.008 / 0.012         0.008 / 0.012       ms
[50.303s][info][gc,stats    ]       Phase: Concurrent Select Relocation Set              0.000 / 0.000         2.972 / 5.661         2.972 / 5.661         2.972 / 5.661       ms
[50.303s][info][gc,stats    ]       Phase: Pause Mark End                                0.000 / 0.000         0.032 / 0.040         0.032 / 0.040         0.032 / 0.040       ms
[50.303s][info][gc,stats    ]       Phase: Pause Mark Start                              0.000 / 0.000         0.044 / 0.066         0.044 / 0.066         0.044 / 0.066       ms
[50.303s][info][gc,stats    ]       Phase: Pause Relocate Start                          0.000 / 0.000         0.025 / 0.027         0.025 / 0.027         0.025 / 0.027       ms
[50.303s][info][gc,stats    ]    Subphase: Concurrent Classes Purge                      0.000 / 0.000         1.071 / 1.628         1.071 / 1.628         1.071 / 1.628       ms
[50.303s][info][gc,stats    ]    Subphase: Concurrent Classes Unlink                     0.000 / 0.000         3.775 / 5.112         3.775 / 5.112         3.775 / 5.112       ms
[50.303s][info][gc,stats    ]    Subphase: Concurrent Mark                               0.000 / 0.000        97.944 / 147.931      97.944 / 147.931      97.944 / 147.931     ms
[50.303s][info][gc,stats    ]    Subphase: Concurrent Mark Try Flush                     0.000 / 0.000         0.423 / 3.207         0.423 / 3.207         0.423 / 3.207       ms
[50.303s][info][gc,stats    ]    Subphase: Concurrent Mark Try Terminate                 0.000 / 0.000         0.690 / 1.067         0.690 / 1.067         0.690 / 1.067       ms
[50.303s][info][gc,stats    ]    Subphase: Concurrent References Enqueue                 0.000 / 0.000         0.009 / 0.014         0.009 / 0.014         0.009 / 0.014       ms
[50.303s][info][gc,stats    ]    Subphase: Concurrent References Process                 0.000 / 0.000         0.264 / 0.380         0.264 / 0.380         0.264 / 0.380       ms
[50.303s][info][gc,stats    ]    Subphase: Concurrent Roots ClassLoaderDataGraph         0.000 / 0.000         0.280 / 0.716         0.280 / 0.716         0.280 / 0.716       ms
[50.303s][info][gc,stats    ]    Subphase: Concurrent Roots CodeCache                    0.000 / 0.000         0.000 / 0.000         0.000 / 0.000         0.000 / 0.000       ms
[50.303s][info][gc,stats    ]    Subphase: Concurrent Roots JavaThreads                  0.000 / 0.000         0.727 / 1.585         0.727 / 1.585         0.727 / 1.585       ms
[50.303s][info][gc,stats    ]    Subphase: Concurrent Roots OopStorageSet                0.000 / 0.000         0.320 / 1.277         0.320 / 1.277         0.320 / 1.277       ms
[50.303s][info][gc,stats    ]    Subphase: Concurrent Weak Roots OopStorageSet           0.000 / 0.000         1.390 / 1.989         1.390 / 1.989         1.390 / 1.989       ms
[50.304s][info][gc,stats    ]    Subphase: Pause Mark Try Complete                       0.000 / 0.000         0.000 / 0.000         0.000 / 0.000         0.000 / 0.000       ms
[50.304s][info][gc,stats    ]      System: Java Threads                                      0 / 0                39 / 78               39 / 78               39 / 78          threads
[50.304s][info][gc,stats    ] =========================================================================================================================================================
[60.303s][info][gc,stats    ] === Garbage Collection Statistics =======================================================================================================================
[60.303s][info][gc,stats    ]                                                              Last 10s              Last 10m              Last 10h                Total
[60.303s][info][gc,stats    ]                                                              Avg / Max             Avg / Max             Avg / Max             Avg / Max
[60.303s][info][gc,stats    ]   Collector: Garbage Collection Cycle                      0.000 / 0.000       130.285 / 200.865     130.285 / 200.865     130.285 / 200.865     ms
[60.303s][info][gc,stats    ]  Contention: Mark Segment Reset Contention                     0 / 0                 0 / 1                 0 / 1                 0 / 1           ops/s
[60.303s][info][gc,stats    ]  Contention: Mark SeqNum Reset Contention                      0 / 0                 0 / 0                 0 / 0                 0 / 0           ops/s
[60.303s][info][gc,stats    ]    Critical: Allocation Stall                                  0 / 0                 0 / 0                 0 / 0                 0 / 0           ops/s
[60.303s][info][gc,stats    ]    Critical: Allocation Stall                              0.000 / 0.000         0.000 / 0.000         0.000 / 0.000         0.000 / 0.000       ms
[60.303s][info][gc,stats    ]    Critical: GC Locker Stall                                   0 / 0                 0 / 1                 0 / 1                 0 / 1           ops/s
[60.303s][info][gc,stats    ]    Critical: GC Locker Stall                               0.000 / 0.000         0.016 / 0.016         0.016 / 0.016         0.016 / 0.016       ms
[60.303s][info][gc,stats    ]    Critical: Relocation Stall                                  0 / 0                 0 / 0                 0 / 0                 0 / 0           ops/s
[60.303s][info][gc,stats    ]    Critical: Relocation Stall                              0.000 / 0.000         0.000 / 0.000         0.000 / 0.000         0.000 / 0.000       ms
[60.303s][info][gc,stats    ]      Memory: Allocation Rate                                   0 / 2                 8 / 168               8 / 168               8 / 168         MB/s
[60.303s][info][gc,stats    ]      Memory: Defragment                                        0 / 0                 0 / 7                 0 / 7                 0 / 7           ops/s
[60.303s][info][gc,stats    ]      Memory: Out Of Memory                                     0 / 0                 0 / 0                 0 / 0                 0 / 0           ops/s
[60.303s][info][gc,stats    ]      Memory: Page Cache Flush                                  0 / 0                 0 / 14                0 / 14                0 / 14          MB/s
[60.303s][info][gc,stats    ]      Memory: Page Cache Hit L1                                 0 / 1                 1 / 52                1 / 52                1 / 52          ops/s
[60.303s][info][gc,stats    ]      Memory: Page Cache Hit L2                                 0 / 0                 0 / 0                 0 / 0                 0 / 0           ops/s
[60.303s][info][gc,stats    ]      Memory: Page Cache Hit L3                                 0 / 0                 1 / 25                1 / 25                1 / 25          ops/s
[60.303s][info][gc,stats    ]      Memory: Page Cache Miss                                   0 / 0                 0 / 24                0 / 24                0 / 24          ops/s
[60.303s][info][gc,stats    ]      Memory: Uncommit                                          0 / 0                 0 / 0                 0 / 0                 0 / 0           MB/s
[60.303s][info][gc,stats    ]      Memory: Undo Object Allocation Failed                     0 / 0                 0 / 0                 0 / 0                 0 / 0           ops/s
[60.303s][info][gc,stats    ]      Memory: Undo Object Allocation Succeeded                  0 / 0                 0 / 5                 0 / 5                 0 / 5           ops/s
[60.303s][info][gc,stats    ]      Memory: Undo Page Allocation                              0 / 0                 0 / 1                 0 / 1                 0 / 1           ops/s
[60.303s][info][gc,stats    ]       Phase: Concurrent Mark                               0.000 / 0.000       100.163 / 149.473     100.163 / 149.473     100.163 / 149.473     ms
[60.304s][info][gc,stats    ]       Phase: Concurrent Mark Continue                      0.000 / 0.000         0.000 / 0.000         0.000 / 0.000         0.000 / 0.000       ms
[60.304s][info][gc,stats    ]       Phase: Concurrent Mark Free                          0.000 / 0.000         0.010 / 0.018         0.010 / 0.018         0.010 / 0.018       ms
[60.304s][info][gc,stats    ]       Phase: Concurrent Process Non-Strong References      0.000 / 0.000         7.852 / 10.027        7.852 / 10.027        7.852 / 10.027      ms
[60.304s][info][gc,stats    ]       Phase: Concurrent Relocate                           0.000 / 0.000        17.825 / 37.868       17.825 / 37.868       17.825 / 37.868      ms
[60.304s][info][gc,stats    ]       Phase: Concurrent Reset Relocation Set               0.000 / 0.000         0.008 / 0.012         0.008 / 0.012         0.008 / 0.012       ms
[60.304s][info][gc,stats    ]       Phase: Concurrent Select Relocation Set              0.000 / 0.000         2.972 / 5.661         2.972 / 5.661         2.972 / 5.661       ms
[60.304s][info][gc,stats    ]       Phase: Pause Mark End                                0.000 / 0.000         0.032 / 0.040         0.032 / 0.040         0.032 / 0.040       ms
[60.304s][info][gc,stats    ]       Phase: Pause Mark Start                              0.000 / 0.000         0.044 / 0.066         0.044 / 0.066         0.044 / 0.066       ms
[60.304s][info][gc,stats    ]       Phase: Pause Relocate Start                          0.000 / 0.000         0.025 / 0.027         0.025 / 0.027         0.025 / 0.027       ms
[60.304s][info][gc,stats    ]    Subphase: Concurrent Classes Purge                      0.000 / 0.000         1.071 / 1.628         1.071 / 1.628         1.071 / 1.628       ms
[60.304s][info][gc,stats    ]    Subphase: Concurrent Classes Unlink                     0.000 / 0.000         3.775 / 5.112         3.775 / 5.112         3.775 / 5.112       ms
[60.304s][info][gc,stats    ]    Subphase: Concurrent Mark                               0.000 / 0.000        97.944 / 147.931      97.944 / 147.931      97.944 / 147.931     ms
[60.304s][info][gc,stats    ]    Subphase: Concurrent Mark Try Flush                     0.000 / 0.000         0.423 / 3.207         0.423 / 3.207         0.423 / 3.207       ms
[60.304s][info][gc,stats    ]    Subphase: Concurrent Mark Try Terminate                 0.000 / 0.000         0.690 / 1.067         0.690 / 1.067         0.690 / 1.067       ms
[60.304s][info][gc,stats    ]    Subphase: Concurrent References Enqueue                 0.000 / 0.000         0.009 / 0.014         0.009 / 0.014         0.009 / 0.014       ms
[60.304s][info][gc,stats    ]    Subphase: Concurrent References Process                 0.000 / 0.000         0.264 / 0.380         0.264 / 0.380         0.264 / 0.380       ms
[60.304s][info][gc,stats    ]    Subphase: Concurrent Roots ClassLoaderDataGraph         0.000 / 0.000         0.280 / 0.716         0.280 / 0.716         0.280 / 0.716       ms
[60.304s][info][gc,stats    ]    Subphase: Concurrent Roots CodeCache                    0.000 / 0.000         0.000 / 0.000         0.000 / 0.000         0.000 / 0.000       ms
[60.304s][info][gc,stats    ]    Subphase: Concurrent Roots JavaThreads                  0.000 / 0.000         0.727 / 1.585         0.727 / 1.585         0.727 / 1.585       ms
[60.304s][info][gc,stats    ]    Subphase: Concurrent Roots OopStorageSet                0.000 / 0.000         0.320 / 1.277         0.320 / 1.277         0.320 / 1.277       ms
[60.304s][info][gc,stats    ]    Subphase: Concurrent Weak Roots OopStorageSet           0.000 / 0.000         1.390 / 1.989         1.390 / 1.989         1.390 / 1.989       ms
[60.304s][info][gc,stats    ]    Subphase: Pause Mark Try Complete                       0.000 / 0.000         0.000 / 0.000         0.000 / 0.000         0.000 / 0.000       ms
[60.304s][info][gc,stats    ]      System: Java Threads                                      0 / 0                39 / 78               39 / 78               39 / 78          threads
[60.304s][info][gc,stats    ] =========================================================================================================================================================
[70.302s][info][gc,stats    ] === Garbage Collection Statistics =======================================================================================================================
[70.302s][info][gc,stats    ]                                                              Last 10s              Last 10m              Last 10h                Total
[70.302s][info][gc,stats    ]                                                              Avg / Max             Avg / Max             Avg / Max             Avg / Max
[70.302s][info][gc,stats    ]   Collector: Garbage Collection Cycle                      0.000 / 0.000       130.285 / 200.865     130.285 / 200.865     130.285 / 200.865     ms
[70.302s][info][gc,stats    ]  Contention: Mark Segment Reset Contention                     0 / 0                 0 / 1                 0 / 1                 0 / 1           ops/s
[70.303s][info][gc,stats    ]  Contention: Mark SeqNum Reset Contention                      0 / 0                 0 / 0                 0 / 0                 0 / 0           ops/s
[70.303s][info][gc,stats    ]    Critical: Allocation Stall                                  0 / 0                 0 / 0                 0 / 0                 0 / 0           ops/s
[70.303s][info][gc,stats    ]    Critical: Allocation Stall                              0.000 / 0.000         0.000 / 0.000         0.000 / 0.000         0.000 / 0.000       ms
[70.303s][info][gc,stats    ]    Critical: GC Locker Stall                                   0 / 0                 0 / 1                 0 / 1                 0 / 1           ops/s
[70.303s][info][gc,stats    ]    Critical: GC Locker Stall                               0.000 / 0.000         0.016 / 0.016         0.016 / 0.016         0.016 / 0.016       ms
[70.303s][info][gc,stats    ]    Critical: Relocation Stall                                  0 / 0                 0 / 0                 0 / 0                 0 / 0           ops/s
[70.303s][info][gc,stats    ]    Critical: Relocation Stall                              0.000 / 0.000         0.000 / 0.000         0.000 / 0.000         0.000 / 0.000       ms
[70.303s][info][gc,stats    ]      Memory: Allocation Rate                                   0 / 2                 7 / 168               7 / 168               7 / 168         MB/s
[70.303s][info][gc,stats    ]      Memory: Defragment                                        0 / 0                 0 / 7                 0 / 7                 0 / 7           ops/s
[70.303s][info][gc,stats    ]      Memory: Out Of Memory                                     0 / 0                 0 / 0                 0 / 0                 0 / 0           ops/s
[70.303s][info][gc,stats    ]      Memory: Page Cache Flush                                  0 / 0                 0 / 14                0 / 14                0 / 14          MB/s
[70.303s][info][gc,stats    ]      Memory: Page Cache Hit L1                                 0 / 1                 1 / 52                1 / 52                1 / 52          ops/s
[70.303s][info][gc,stats    ]      Memory: Page Cache Hit L2                                 0 / 0                 0 / 0                 0 / 0                 0 / 0           ops/s
[70.303s][info][gc,stats    ]      Memory: Page Cache Hit L3                                 0 / 0                 1 / 25                1 / 25                1 / 25          ops/s
[70.303s][info][gc,stats    ]      Memory: Page Cache Miss                                   0 / 0                 0 / 24                0 / 24                0 / 24          ops/s
[70.303s][info][gc,stats    ]      Memory: Uncommit                                          0 / 0                 0 / 0                 0 / 0                 0 / 0           MB/s
[70.303s][info][gc,stats    ]      Memory: Undo Object Allocation Failed                     0 / 0                 0 / 0                 0 / 0                 0 / 0           ops/s
[70.303s][info][gc,stats    ]      Memory: Undo Object Allocation Succeeded                  0 / 0                 0 / 5                 0 / 5                 0 / 5           ops/s
[70.303s][info][gc,stats    ]      Memory: Undo Page Allocation                              0 / 0                 0 / 1                 0 / 1                 0 / 1           ops/s
[70.303s][info][gc,stats    ]       Phase: Concurrent Mark                               0.000 / 0.000       100.163 / 149.473     100.163 / 149.473     100.163 / 149.473     ms
[70.303s][info][gc,stats    ]       Phase: Concurrent Mark Continue                      0.000 / 0.000         0.000 / 0.000         0.000 / 0.000         0.000 / 0.000       ms
[70.303s][info][gc,stats    ]       Phase: Concurrent Mark Free                          0.000 / 0.000         0.010 / 0.018         0.010 / 0.018         0.010 / 0.018       ms
[70.303s][info][gc,stats    ]       Phase: Concurrent Process Non-Strong References      0.000 / 0.000         7.852 / 10.027        7.852 / 10.027        7.852 / 10.027      ms
[70.303s][info][gc,stats    ]       Phase: Concurrent Relocate                           0.000 / 0.000        17.825 / 37.868       17.825 / 37.868       17.825 / 37.868      ms
[70.303s][info][gc,stats    ]       Phase: Concurrent Reset Relocation Set               0.000 / 0.000         0.008 / 0.012         0.008 / 0.012         0.008 / 0.012       ms
[70.303s][info][gc,stats    ]       Phase: Concurrent Select Relocation Set              0.000 / 0.000         2.972 / 5.661         2.972 / 5.661         2.972 / 5.661       ms
[70.303s][info][gc,stats    ]       Phase: Pause Mark End                                0.000 / 0.000         0.032 / 0.040         0.032 / 0.040         0.032 / 0.040       ms
[70.303s][info][gc,stats    ]       Phase: Pause Mark Start                              0.000 / 0.000         0.044 / 0.066         0.044 / 0.066         0.044 / 0.066       ms
[70.303s][info][gc,stats    ]       Phase: Pause Relocate Start                          0.000 / 0.000         0.025 / 0.027         0.025 / 0.027         0.025 / 0.027       ms
[70.303s][info][gc,stats    ]    Subphase: Concurrent Classes Purge                      0.000 / 0.000         1.071 / 1.628         1.071 / 1.628         1.071 / 1.628       ms
[70.303s][info][gc,stats    ]    Subphase: Concurrent Classes Unlink                     0.000 / 0.000         3.775 / 5.112         3.775 / 5.112         3.775 / 5.112       ms
[70.303s][info][gc,stats    ]    Subphase: Concurrent Mark                               0.000 / 0.000        97.944 / 147.931      97.944 / 147.931      97.944 / 147.931     ms
[70.303s][info][gc,stats    ]    Subphase: Concurrent Mark Try Flush                     0.000 / 0.000         0.423 / 3.207         0.423 / 3.207         0.423 / 3.207       ms
[70.303s][info][gc,stats    ]    Subphase: Concurrent Mark Try Terminate                 0.000 / 0.000         0.690 / 1.067         0.690 / 1.067         0.690 / 1.067       ms
[70.303s][info][gc,stats    ]    Subphase: Concurrent References Enqueue                 0.000 / 0.000         0.009 / 0.014         0.009 / 0.014         0.009 / 0.014       ms
[70.303s][info][gc,stats    ]    Subphase: Concurrent References Process                 0.000 / 0.000         0.264 / 0.380         0.264 / 0.380         0.264 / 0.380       ms
[70.303s][info][gc,stats    ]    Subphase: Concurrent Roots ClassLoaderDataGraph         0.000 / 0.000         0.280 / 0.716         0.280 / 0.716         0.280 / 0.716       ms
[70.303s][info][gc,stats    ]    Subphase: Concurrent Roots CodeCache                    0.000 / 0.000         0.000 / 0.000         0.000 / 0.000         0.000 / 0.000       ms
[70.304s][info][gc,stats    ]    Subphase: Concurrent Roots JavaThreads                  0.000 / 0.000         0.727 / 1.585         0.727 / 1.585         0.727 / 1.585       ms
[70.304s][info][gc,stats    ]    Subphase: Concurrent Roots OopStorageSet                0.000 / 0.000         0.320 / 1.277         0.320 / 1.277         0.320 / 1.277       ms
[70.304s][info][gc,stats    ]    Subphase: Concurrent Weak Roots OopStorageSet           0.000 / 0.000         1.390 / 1.989         1.390 / 1.989         1.390 / 1.989       ms
[70.304s][info][gc,stats    ]    Subphase: Pause Mark Try Complete                       0.000 / 0.000         0.000 / 0.000         0.000 / 0.000         0.000 / 0.000       ms
[70.304s][info][gc,stats    ]      System: Java Threads                                      0 / 0                39 / 78               39 / 78               39 / 78          threads
[70.304s][info][gc,stats    ] =========================================================================================================================================================
[80.303s][info][gc,stats    ] === Garbage Collection Statistics =======================================================================================================================
[80.303s][info][gc,stats    ]                                                              Last 10s              Last 10m              Last 10h                Total
[80.303s][info][gc,stats    ]                                                              Avg / Max             Avg / Max             Avg / Max             Avg / Max
[80.303s][info][gc,stats    ]   Collector: Garbage Collection Cycle                      0.000 / 0.000       130.285 / 200.865     130.285 / 200.865     130.285 / 200.865     ms
[80.303s][info][gc,stats    ]  Contention: Mark Segment Reset Contention                     0 / 0                 0 / 1                 0 / 1                 0 / 1           ops/s
[80.303s][info][gc,stats    ]  Contention: Mark SeqNum Reset Contention                      0 / 0                 0 / 0                 0 / 0                 0 / 0           ops/s
[80.303s][info][gc,stats    ]    Critical: Allocation Stall                                  0 / 0                 0 / 0                 0 / 0                 0 / 0           ops/s
[80.303s][info][gc,stats    ]    Critical: Allocation Stall                              0.000 / 0.000         0.000 / 0.000         0.000 / 0.000         0.000 / 0.000       ms
[80.303s][info][gc,stats    ]    Critical: GC Locker Stall                                   0 / 0                 0 / 1                 0 / 1                 0 / 1           ops/s
[80.303s][info][gc,stats    ]    Critical: GC Locker Stall                               0.000 / 0.000         0.016 / 0.016         0.016 / 0.016         0.016 / 0.016       ms
[80.303s][info][gc,stats    ]    Critical: Relocation Stall                                  0 / 0                 0 / 0                 0 / 0                 0 / 0           ops/s
[80.303s][info][gc,stats    ]    Critical: Relocation Stall                              0.000 / 0.000         0.000 / 0.000         0.000 / 0.000         0.000 / 0.000       ms
[80.303s][info][gc,stats    ]      Memory: Allocation Rate                                   0 / 2                 6 / 168               6 / 168               6 / 168         MB/s
[80.303s][info][gc,stats    ]      Memory: Defragment                                        0 / 0                 0 / 7                 0 / 7                 0 / 7           ops/s
[80.303s][info][gc,stats    ]      Memory: Out Of Memory                                     0 / 0                 0 / 0                 0 / 0                 0 / 0           ops/s
[80.303s][info][gc,stats    ]      Memory: Page Cache Flush                                  0 / 0                 0 / 14                0 / 14                0 / 14          MB/s
[80.303s][info][gc,stats    ]      Memory: Page Cache Hit L1                                 0 / 1                 1 / 52                1 / 52                1 / 52          ops/s
[80.303s][info][gc,stats    ]      Memory: Page Cache Hit L2                                 0 / 0                 0 / 0                 0 / 0                 0 / 0           ops/s
[80.303s][info][gc,stats    ]      Memory: Page Cache Hit L3                                 0 / 0                 0 / 25                0 / 25                0 / 25          ops/s
[80.303s][info][gc,stats    ]      Memory: Page Cache Miss                                   0 / 0                 0 / 24                0 / 24                0 / 24          ops/s
[80.303s][info][gc,stats    ]      Memory: Uncommit                                          0 / 0                 0 / 0                 0 / 0                 0 / 0           MB/s
[80.303s][info][gc,stats    ]      Memory: Undo Object Allocation Failed                     0 / 0                 0 / 0                 0 / 0                 0 / 0           ops/s
[80.303s][info][gc,stats    ]      Memory: Undo Object Allocation Succeeded                  0 / 0                 0 / 5                 0 / 5                 0 / 5           ops/s
[80.303s][info][gc,stats    ]      Memory: Undo Page Allocation                              0 / 0                 0 / 1                 0 / 1                 0 / 1           ops/s
[80.303s][info][gc,stats    ]       Phase: Concurrent Mark                               0.000 / 0.000       100.163 / 149.473     100.163 / 149.473     100.163 / 149.473     ms
[80.303s][info][gc,stats    ]       Phase: Concurrent Mark Continue                      0.000 / 0.000         0.000 / 0.000         0.000 / 0.000         0.000 / 0.000       ms
[80.303s][info][gc,stats    ]       Phase: Concurrent Mark Free                          0.000 / 0.000         0.010 / 0.018         0.010 / 0.018         0.010 / 0.018       ms
[80.304s][info][gc,stats    ]       Phase: Concurrent Process Non-Strong References      0.000 / 0.000         7.852 / 10.027        7.852 / 10.027        7.852 / 10.027      ms
[80.304s][info][gc,stats    ]       Phase: Concurrent Relocate                           0.000 / 0.000        17.825 / 37.868       17.825 / 37.868       17.825 / 37.868      ms
[80.304s][info][gc,stats    ]       Phase: Concurrent Reset Relocation Set               0.000 / 0.000         0.008 / 0.012         0.008 / 0.012         0.008 / 0.012       ms
[80.304s][info][gc,stats    ]       Phase: Concurrent Select Relocation Set              0.000 / 0.000         2.972 / 5.661         2.972 / 5.661         2.972 / 5.661       ms
[80.304s][info][gc,stats    ]       Phase: Pause Mark End                                0.000 / 0.000         0.032 / 0.040         0.032 / 0.040         0.032 / 0.040       ms
[80.304s][info][gc,stats    ]       Phase: Pause Mark Start                              0.000 / 0.000         0.044 / 0.066         0.044 / 0.066         0.044 / 0.066       ms
[80.304s][info][gc,stats    ]       Phase: Pause Relocate Start                          0.000 / 0.000         0.025 / 0.027         0.025 / 0.027         0.025 / 0.027       ms
[80.304s][info][gc,stats    ]    Subphase: Concurrent Classes Purge                      0.000 / 0.000         1.071 / 1.628         1.071 / 1.628         1.071 / 1.628       ms
[80.304s][info][gc,stats    ]    Subphase: Concurrent Classes Unlink                     0.000 / 0.000         3.775 / 5.112         3.775 / 5.112         3.775 / 5.112       ms
[80.304s][info][gc,stats    ]    Subphase: Concurrent Mark                               0.000 / 0.000        97.944 / 147.931      97.944 / 147.931      97.944 / 147.931     ms
[80.304s][info][gc,stats    ]    Subphase: Concurrent Mark Try Flush                     0.000 / 0.000         0.423 / 3.207         0.423 / 3.207         0.423 / 3.207       ms
[80.304s][info][gc,stats    ]    Subphase: Concurrent Mark Try Terminate                 0.000 / 0.000         0.690 / 1.067         0.690 / 1.067         0.690 / 1.067       ms
[80.304s][info][gc,stats    ]    Subphase: Concurrent References Enqueue                 0.000 / 0.000         0.009 / 0.014         0.009 / 0.014         0.009 / 0.014       ms
[80.304s][info][gc,stats    ]    Subphase: Concurrent References Process                 0.000 / 0.000         0.264 / 0.380         0.264 / 0.380         0.264 / 0.380       ms
[80.304s][info][gc,stats    ]    Subphase: Concurrent Roots ClassLoaderDataGraph         0.000 / 0.000         0.280 / 0.716         0.280 / 0.716         0.280 / 0.716       ms
[80.304s][info][gc,stats    ]    Subphase: Concurrent Roots CodeCache                    0.000 / 0.000         0.000 / 0.000         0.000 / 0.000         0.000 / 0.000       ms
[80.304s][info][gc,stats    ]    Subphase: Concurrent Roots JavaThreads                  0.000 / 0.000         0.727 / 1.585         0.727 / 1.585         0.727 / 1.585       ms
[80.304s][info][gc,stats    ]    Subphase: Concurrent Roots OopStorageSet                0.000 / 0.000         0.320 / 1.277         0.320 / 1.277         0.320 / 1.277       ms
[80.304s][info][gc,stats    ]    Subphase: Concurrent Weak Roots OopStorageSet           0.000 / 0.000         1.390 / 1.989         1.390 / 1.989         1.390 / 1.989       ms
[80.304s][info][gc,stats    ]    Subphase: Pause Mark Try Complete                       0.000 / 0.000         0.000 / 0.000         0.000 / 0.000         0.000 / 0.000       ms
[80.304s][info][gc,stats    ]      System: Java Threads                                      0 / 0                39 / 78               39 / 78               39 / 78          threads
[80.304s][info][gc,stats    ] =========================================================================================================================================================
[90.302s][info][gc,stats    ] === Garbage Collection Statistics =======================================================================================================================
[90.302s][info][gc,stats    ]                                                              Last 10s              Last 10m              Last 10h                Total
[90.302s][info][gc,stats    ]                                                              Avg / Max             Avg / Max             Avg / Max             Avg / Max
[90.302s][info][gc,stats    ]   Collector: Garbage Collection Cycle                      0.000 / 0.000       130.285 / 200.865     130.285 / 200.865     130.285 / 200.865     ms
[90.302s][info][gc,stats    ]  Contention: Mark Segment Reset Contention                     0 / 0                 0 / 1                 0 / 1                 0 / 1           ops/s
[90.302s][info][gc,stats    ]  Contention: Mark SeqNum Reset Contention                      0 / 0                 0 / 0                 0 / 0                 0 / 0           ops/s
[90.302s][info][gc,stats    ]    Critical: Allocation Stall                                  0 / 0                 0 / 0                 0 / 0                 0 / 0           ops/s
[90.302s][info][gc,stats    ]    Critical: Allocation Stall                              0.000 / 0.000         0.000 / 0.000         0.000 / 0.000         0.000 / 0.000       ms
[90.302s][info][gc,stats    ]    Critical: GC Locker Stall                                   0 / 0                 0 / 1                 0 / 1                 0 / 1           ops/s
[90.302s][info][gc,stats    ]    Critical: GC Locker Stall                               0.000 / 0.000         0.016 / 0.016         0.016 / 0.016         0.016 / 0.016       ms
[90.302s][info][gc,stats    ]    Critical: Relocation Stall                                  0 / 0                 0 / 0                 0 / 0                 0 / 0           ops/s
[90.302s][info][gc,stats    ]    Critical: Relocation Stall                              0.000 / 0.000         0.000 / 0.000         0.000 / 0.000         0.000 / 0.000       ms
[90.302s][info][gc,stats    ]      Memory: Allocation Rate                                   0 / 2                 5 / 168               5 / 168               5 / 168         MB/s
[90.303s][info][gc,stats    ]      Memory: Defragment                                        0 / 0                 0 / 7                 0 / 7                 0 / 7           ops/s
[90.303s][info][gc,stats    ]      Memory: Out Of Memory                                     0 / 0                 0 / 0                 0 / 0                 0 / 0           ops/s
[90.303s][info][gc,stats    ]      Memory: Page Cache Flush                                  0 / 0                 0 / 14                0 / 14                0 / 14          MB/s
[90.303s][info][gc,stats    ]      Memory: Page Cache Hit L1                                 0 / 1                 1 / 52                1 / 52                1 / 52          ops/s
[90.303s][info][gc,stats    ]      Memory: Page Cache Hit L2                                 0 / 0                 0 / 0                 0 / 0                 0 / 0           ops/s
[90.303s][info][gc,stats    ]      Memory: Page Cache Hit L3                                 0 / 0                 0 / 25                0 / 25                0 / 25          ops/s
[90.303s][info][gc,stats    ]      Memory: Page Cache Miss                                   0 / 0                 0 / 24                0 / 24                0 / 24          ops/s
[90.303s][info][gc,stats    ]      Memory: Uncommit                                          0 / 0                 0 / 0                 0 / 0                 0 / 0           MB/s
[90.303s][info][gc,stats    ]      Memory: Undo Object Allocation Failed                     0 / 0                 0 / 0                 0 / 0                 0 / 0           ops/s
[90.303s][info][gc,stats    ]      Memory: Undo Object Allocation Succeeded                  0 / 0                 0 / 5                 0 / 5                 0 / 5           ops/s
[90.303s][info][gc,stats    ]      Memory: Undo Page Allocation                              0 / 0                 0 / 1                 0 / 1                 0 / 1           ops/s
[90.303s][info][gc,stats    ]       Phase: Concurrent Mark                               0.000 / 0.000       100.163 / 149.473     100.163 / 149.473     100.163 / 149.473     ms
[90.303s][info][gc,stats    ]       Phase: Concurrent Mark Continue                      0.000 / 0.000         0.000 / 0.000         0.000 / 0.000         0.000 / 0.000       ms
[90.303s][info][gc,stats    ]       Phase: Concurrent Mark Free                          0.000 / 0.000         0.010 / 0.018         0.010 / 0.018         0.010 / 0.018       ms
[90.303s][info][gc,stats    ]       Phase: Concurrent Process Non-Strong References      0.000 / 0.000         7.852 / 10.027        7.852 / 10.027        7.852 / 10.027      ms
[90.303s][info][gc,stats    ]       Phase: Concurrent Relocate                           0.000 / 0.000        17.825 / 37.868       17.825 / 37.868       17.825 / 37.868      ms
[90.303s][info][gc,stats    ]       Phase: Concurrent Reset Relocation Set               0.000 / 0.000         0.008 / 0.012         0.008 / 0.012         0.008 / 0.012       ms
[90.303s][info][gc,stats    ]       Phase: Concurrent Select Relocation Set              0.000 / 0.000         2.972 / 5.661         2.972 / 5.661         2.972 / 5.661       ms
[90.303s][info][gc,stats    ]       Phase: Pause Mark End                                0.000 / 0.000         0.032 / 0.040         0.032 / 0.040         0.032 / 0.040       ms
[90.303s][info][gc,stats    ]       Phase: Pause Mark Start                              0.000 / 0.000         0.044 / 0.066         0.044 / 0.066         0.044 / 0.066       ms
[90.303s][info][gc,stats    ]       Phase: Pause Relocate Start                          0.000 / 0.000         0.025 / 0.027         0.025 / 0.027         0.025 / 0.027       ms
[90.303s][info][gc,stats    ]    Subphase: Concurrent Classes Purge                      0.000 / 0.000         1.071 / 1.628         1.071 / 1.628         1.071 / 1.628       ms
[90.303s][info][gc,stats    ]    Subphase: Concurrent Classes Unlink                     0.000 / 0.000         3.775 / 5.112         3.775 / 5.112         3.775 / 5.112       ms
[90.303s][info][gc,stats    ]    Subphase: Concurrent Mark                               0.000 / 0.000        97.944 / 147.931      97.944 / 147.931      97.944 / 147.931     ms
[90.303s][info][gc,stats    ]    Subphase: Concurrent Mark Try Flush                     0.000 / 0.000         0.423 / 3.207         0.423 / 3.207         0.423 / 3.207       ms
[90.303s][info][gc,stats    ]    Subphase: Concurrent Mark Try Terminate                 0.000 / 0.000         0.690 / 1.067         0.690 / 1.067         0.690 / 1.067       ms
[90.303s][info][gc,stats    ]    Subphase: Concurrent References Enqueue                 0.000 / 0.000         0.009 / 0.014         0.009 / 0.014         0.009 / 0.014       ms
[90.303s][info][gc,stats    ]    Subphase: Concurrent References Process                 0.000 / 0.000         0.264 / 0.380         0.264 / 0.380         0.264 / 0.380       ms
[90.303s][info][gc,stats    ]    Subphase: Concurrent Roots ClassLoaderDataGraph         0.000 / 0.000         0.280 / 0.716         0.280 / 0.716         0.280 / 0.716       ms
[90.303s][info][gc,stats    ]    Subphase: Concurrent Roots CodeCache                    0.000 / 0.000         0.000 / 0.000         0.000 / 0.000         0.000 / 0.000       ms
[90.303s][info][gc,stats    ]    Subphase: Concurrent Roots JavaThreads                  0.000 / 0.000         0.727 / 1.585         0.727 / 1.585         0.727 / 1.585       ms
[90.303s][info][gc,stats    ]    Subphase: Concurrent Roots OopStorageSet                0.000 / 0.000         0.320 / 1.277         0.320 / 1.277         0.320 / 1.277       ms
[90.303s][info][gc,stats    ]    Subphase: Concurrent Weak Roots OopStorageSet           0.000 / 0.000         1.390 / 1.989         1.390 / 1.989         1.390 / 1.989       ms
[90.303s][info][gc,stats    ]    Subphase: Pause Mark Try Complete                       0.000 / 0.000         0.000 / 0.000         0.000 / 0.000         0.000 / 0.000       ms
[90.303s][info][gc,stats    ]      System: Java Threads                                      0 / 0                39 / 78               39 / 78               39 / 78          threads
[90.303s][info][gc,stats    ] =========================================================================================================================================================
[100.302s][info][gc,stats    ] === Garbage Collection Statistics =======================================================================================================================
[100.302s][info][gc,stats    ]                                                              Last 10s              Last 10m              Last 10h                Total
[100.302s][info][gc,stats    ]                                                              Avg / Max             Avg / Max             Avg / Max             Avg / Max
[100.302s][info][gc,stats    ]   Collector: Garbage Collection Cycle                      0.000 / 0.000       130.285 / 200.865     130.285 / 200.865     130.285 / 200.865     ms
[100.303s][info][gc,stats    ]  Contention: Mark Segment Reset Contention                     0 / 0                 0 / 1                 0 / 1                 0 / 1           ops/s
[100.303s][info][gc,stats    ]  Contention: Mark SeqNum Reset Contention                      0 / 0                 0 / 0                 0 / 0                 0 / 0           ops/s
[100.303s][info][gc,stats    ]    Critical: Allocation Stall                                  0 / 0                 0 / 0                 0 / 0                 0 / 0           ops/s
[100.303s][info][gc,stats    ]    Critical: Allocation Stall                              0.000 / 0.000         0.000 / 0.000         0.000 / 0.000         0.000 / 0.000       ms
[100.303s][info][gc,stats    ]    Critical: GC Locker Stall                                   0 / 0                 0 / 1                 0 / 1                 0 / 1           ops/s
[100.303s][info][gc,stats    ]    Critical: GC Locker Stall                               0.000 / 0.000         0.016 / 0.016         0.016 / 0.016         0.016 / 0.016       ms
[100.303s][info][gc,stats    ]    Critical: Relocation Stall                                  0 / 0                 0 / 0                 0 / 0                 0 / 0           ops/s
[100.303s][info][gc,stats    ]    Critical: Relocation Stall                              0.000 / 0.000         0.000 / 0.000         0.000 / 0.000         0.000 / 0.000       ms
[100.303s][info][gc,stats    ]      Memory: Allocation Rate                                   0 / 6                 5 / 168               5 / 168               5 / 168         MB/s
[100.303s][info][gc,stats    ]      Memory: Defragment                                        0 / 0                 0 / 7                 0 / 7                 0 / 7           ops/s
[100.303s][info][gc,stats    ]      Memory: Out Of Memory                                     0 / 0                 0 / 0                 0 / 0                 0 / 0           ops/s
[100.303s][info][gc,stats    ]      Memory: Page Cache Flush                                  0 / 0                 0 / 14                0 / 14                0 / 14          MB/s
[100.303s][info][gc,stats    ]      Memory: Page Cache Hit L1                                 0 / 3                 1 / 52                1 / 52                1 / 52          ops/s
[100.303s][info][gc,stats    ]      Memory: Page Cache Hit L2                                 0 / 0                 0 / 0                 0 / 0                 0 / 0           ops/s
[100.303s][info][gc,stats    ]      Memory: Page Cache Hit L3                                 0 / 0                 0 / 25                0 / 25                0 / 25          ops/s
[100.303s][info][gc,stats    ]      Memory: Page Cache Miss                                   0 / 0                 0 / 24                0 / 24                0 / 24          ops/s
[100.303s][info][gc,stats    ]      Memory: Uncommit                                          0 / 0                 0 / 0                 0 / 0                 0 / 0           MB/s
[100.303s][info][gc,stats    ]      Memory: Undo Object Allocation Failed                     0 / 0                 0 / 0                 0 / 0                 0 / 0           ops/s
[100.303s][info][gc,stats    ]      Memory: Undo Object Allocation Succeeded                  0 / 0                 0 / 5                 0 / 5                 0 / 5           ops/s
[100.303s][info][gc,stats    ]      Memory: Undo Page Allocation                              0 / 0                 0 / 1                 0 / 1                 0 / 1           ops/s
[100.303s][info][gc,stats    ]       Phase: Concurrent Mark                               0.000 / 0.000       100.163 / 149.473     100.163 / 149.473     100.163 / 149.473     ms
[100.303s][info][gc,stats    ]       Phase: Concurrent Mark Continue                      0.000 / 0.000         0.000 / 0.000         0.000 / 0.000         0.000 / 0.000       ms
[100.303s][info][gc,stats    ]       Phase: Concurrent Mark Free                          0.000 / 0.000         0.010 / 0.018         0.010 / 0.018         0.010 / 0.018       ms
[100.303s][info][gc,stats    ]       Phase: Concurrent Process Non-Strong References      0.000 / 0.000         7.852 / 10.027        7.852 / 10.027        7.852 / 10.027      ms
[100.303s][info][gc,stats    ]       Phase: Concurrent Relocate                           0.000 / 0.000        17.825 / 37.868       17.825 / 37.868       17.825 / 37.868      ms
[100.303s][info][gc,stats    ]       Phase: Concurrent Reset Relocation Set               0.000 / 0.000         0.008 / 0.012         0.008 / 0.012         0.008 / 0.012       ms
[100.303s][info][gc,stats    ]       Phase: Concurrent Select Relocation Set              0.000 / 0.000         2.972 / 5.661         2.972 / 5.661         2.972 / 5.661       ms
[100.303s][info][gc,stats    ]       Phase: Pause Mark End                                0.000 / 0.000         0.032 / 0.040         0.032 / 0.040         0.032 / 0.040       ms
[100.303s][info][gc,stats    ]       Phase: Pause Mark Start                              0.000 / 0.000         0.044 / 0.066         0.044 / 0.066         0.044 / 0.066       ms
[100.303s][info][gc,stats    ]       Phase: Pause Relocate Start                          0.000 / 0.000         0.025 / 0.027         0.025 / 0.027         0.025 / 0.027       ms
[100.303s][info][gc,stats    ]    Subphase: Concurrent Classes Purge                      0.000 / 0.000         1.071 / 1.628         1.071 / 1.628         1.071 / 1.628       ms
[100.303s][info][gc,stats    ]    Subphase: Concurrent Classes Unlink                     0.000 / 0.000         3.775 / 5.112         3.775 / 5.112         3.775 / 5.112       ms
[100.303s][info][gc,stats    ]    Subphase: Concurrent Mark                               0.000 / 0.000        97.944 / 147.931      97.944 / 147.931      97.944 / 147.931     ms
[100.303s][info][gc,stats    ]    Subphase: Concurrent Mark Try Flush                     0.000 / 0.000         0.423 / 3.207         0.423 / 3.207         0.423 / 3.207       ms
[100.303s][info][gc,stats    ]    Subphase: Concurrent Mark Try Terminate                 0.000 / 0.000         0.690 / 1.067         0.690 / 1.067         0.690 / 1.067       ms
[100.303s][info][gc,stats    ]    Subphase: Concurrent References Enqueue                 0.000 / 0.000         0.009 / 0.014         0.009 / 0.014         0.009 / 0.014       ms
[100.303s][info][gc,stats    ]    Subphase: Concurrent References Process                 0.000 / 0.000         0.264 / 0.380         0.264 / 0.380         0.264 / 0.380       ms
[100.303s][info][gc,stats    ]    Subphase: Concurrent Roots ClassLoaderDataGraph         0.000 / 0.000         0.280 / 0.716         0.280 / 0.716         0.280 / 0.716       ms
[100.303s][info][gc,stats    ]    Subphase: Concurrent Roots CodeCache                    0.000 / 0.000         0.000 / 0.000         0.000 / 0.000         0.000 / 0.000       ms
[100.303s][info][gc,stats    ]    Subphase: Concurrent Roots JavaThreads                  0.000 / 0.000         0.727 / 1.585         0.727 / 1.585         0.727 / 1.585       ms
[100.303s][info][gc,stats    ]    Subphase: Concurrent Roots OopStorageSet                0.000 / 0.000         0.320 / 1.277         0.320 / 1.277         0.320 / 1.277       ms
[100.303s][info][gc,stats    ]    Subphase: Concurrent Weak Roots OopStorageSet           0.000 / 0.000         1.390 / 1.989         1.390 / 1.989         1.390 / 1.989       ms
[100.303s][info][gc,stats    ]    Subphase: Pause Mark Try Complete                       0.000 / 0.000         0.000 / 0.000         0.000 / 0.000         0.000 / 0.000       ms
[100.303s][info][gc,stats    ]      System: Java Threads                                      0 / 0                39 / 78               39 / 78               39 / 78          threads
[100.304s][info][gc,stats    ] =========================================================================================================================================================
[110.302s][info][gc,stats    ] === Garbage Collection Statistics =======================================================================================================================
[110.302s][info][gc,stats    ]                                                              Last 10s              Last 10m              Last 10h                Total
[110.302s][info][gc,stats    ]                                                              Avg / Max             Avg / Max             Avg / Max             Avg / Max
[110.303s][info][gc,stats    ]   Collector: Garbage Collection Cycle                      0.000 / 0.000       130.285 / 200.865     130.285 / 200.865     130.285 / 200.865     ms
[110.303s][info][gc,stats    ]  Contention: Mark Segment Reset Contention                     0 / 0                 0 / 1                 0 / 1                 0 / 1           ops/s
[110.303s][info][gc,stats    ]  Contention: Mark SeqNum Reset Contention                      0 / 0                 0 / 0                 0 / 0                 0 / 0           ops/s
[110.303s][info][gc,stats    ]    Critical: Allocation Stall                                  0 / 0                 0 / 0                 0 / 0                 0 / 0           ops/s
[110.303s][info][gc,stats    ]    Critical: Allocation Stall                              0.000 / 0.000         0.000 / 0.000         0.000 / 0.000         0.000 / 0.000       ms
[110.303s][info][gc,stats    ]    Critical: GC Locker Stall                                   0 / 0                 0 / 1                 0 / 1                 0 / 1           ops/s
[110.303s][info][gc,stats    ]    Critical: GC Locker Stall                               0.000 / 0.000         0.016 / 0.016         0.016 / 0.016         0.016 / 0.016       ms
[110.303s][info][gc,stats    ]    Critical: Relocation Stall                                  0 / 0                 0 / 0                 0 / 0                 0 / 0           ops/s
[110.303s][info][gc,stats    ]    Critical: Relocation Stall                              0.000 / 0.000         0.000 / 0.000         0.000 / 0.000         0.000 / 0.000       ms
[110.303s][info][gc,stats    ]      Memory: Allocation Rate                                   0 / 2                 4 / 168               4 / 168               4 / 168         MB/s
[110.303s][info][gc,stats    ]      Memory: Defragment                                        0 / 0                 0 / 7                 0 / 7                 0 / 7           ops/s
[110.303s][info][gc,stats    ]      Memory: Out Of Memory                                     0 / 0                 0 / 0                 0 / 0                 0 / 0           ops/s
[110.303s][info][gc,stats    ]      Memory: Page Cache Flush                                  0 / 0                 0 / 14                0 / 14                0 / 14          MB/s
[110.303s][info][gc,stats    ]      Memory: Page Cache Hit L1                                 0 / 1                 1 / 52                1 / 52                1 / 52          ops/s
[110.303s][info][gc,stats    ]      Memory: Page Cache Hit L2                                 0 / 0                 0 / 0                 0 / 0                 0 / 0           ops/s
[110.303s][info][gc,stats    ]      Memory: Page Cache Hit L3                                 0 / 0                 0 / 25                0 / 25                0 / 25          ops/s
[110.303s][info][gc,stats    ]      Memory: Page Cache Miss                                   0 / 0                 0 / 24                0 / 24                0 / 24          ops/s
[110.303s][info][gc,stats    ]      Memory: Uncommit                                          0 / 0                 0 / 0                 0 / 0                 0 / 0           MB/s
[110.303s][info][gc,stats    ]      Memory: Undo Object Allocation Failed                     0 / 0                 0 / 0                 0 / 0                 0 / 0           ops/s
[110.303s][info][gc,stats    ]      Memory: Undo Object Allocation Succeeded                  0 / 0                 0 / 5                 0 / 5                 0 / 5           ops/s
[110.303s][info][gc,stats    ]      Memory: Undo Page Allocation                              0 / 0                 0 / 1                 0 / 1                 0 / 1           ops/s
[110.303s][info][gc,stats    ]       Phase: Concurrent Mark                               0.000 / 0.000       100.163 / 149.473     100.163 / 149.473     100.163 / 149.473     ms
[110.303s][info][gc,stats    ]       Phase: Concurrent Mark Continue                      0.000 / 0.000         0.000 / 0.000         0.000 / 0.000         0.000 / 0.000       ms
[110.303s][info][gc,stats    ]       Phase: Concurrent Mark Free                          0.000 / 0.000         0.010 / 0.018         0.010 / 0.018         0.010 / 0.018       ms
[110.303s][info][gc,stats    ]       Phase: Concurrent Process Non-Strong References      0.000 / 0.000         7.852 / 10.027        7.852 / 10.027        7.852 / 10.027      ms
[110.303s][info][gc,stats    ]       Phase: Concurrent Relocate                           0.000 / 0.000        17.825 / 37.868       17.825 / 37.868       17.825 / 37.868      ms
[110.303s][info][gc,stats    ]       Phase: Concurrent Reset Relocation Set               0.000 / 0.000         0.008 / 0.012         0.008 / 0.012         0.008 / 0.012       ms
[110.303s][info][gc,stats    ]       Phase: Concurrent Select Relocation Set              0.000 / 0.000         2.972 / 5.661         2.972 / 5.661         2.972 / 5.661       ms
[110.303s][info][gc,stats    ]       Phase: Pause Mark End                                0.000 / 0.000         0.032 / 0.040         0.032 / 0.040         0.032 / 0.040       ms
[110.303s][info][gc,stats    ]       Phase: Pause Mark Start                              0.000 / 0.000         0.044 / 0.066         0.044 / 0.066         0.044 / 0.066       ms
[110.303s][info][gc,stats    ]       Phase: Pause Relocate Start                          0.000 / 0.000         0.025 / 0.027         0.025 / 0.027         0.025 / 0.027       ms
[110.303s][info][gc,stats    ]    Subphase: Concurrent Classes Purge                      0.000 / 0.000         1.071 / 1.628         1.071 / 1.628         1.071 / 1.628       ms
[110.303s][info][gc,stats    ]    Subphase: Concurrent Classes Unlink                     0.000 / 0.000         3.775 / 5.112         3.775 / 5.112         3.775 / 5.112       ms
[110.303s][info][gc,stats    ]    Subphase: Concurrent Mark                               0.000 / 0.000        97.944 / 147.931      97.944 / 147.931      97.944 / 147.931     ms
[110.303s][info][gc,stats    ]    Subphase: Concurrent Mark Try Flush                     0.000 / 0.000         0.423 / 3.207         0.423 / 3.207         0.423 / 3.207       ms
[110.303s][info][gc,stats    ]    Subphase: Concurrent Mark Try Terminate                 0.000 / 0.000         0.690 / 1.067         0.690 / 1.067         0.690 / 1.067       ms
[110.303s][info][gc,stats    ]    Subphase: Concurrent References Enqueue                 0.000 / 0.000         0.009 / 0.014         0.009 / 0.014         0.009 / 0.014       ms
[110.303s][info][gc,stats    ]    Subphase: Concurrent References Process                 0.000 / 0.000         0.264 / 0.380         0.264 / 0.380         0.264 / 0.380       ms
[110.303s][info][gc,stats    ]    Subphase: Concurrent Roots ClassLoaderDataGraph         0.000 / 0.000         0.280 / 0.716         0.280 / 0.716         0.280 / 0.716       ms
[110.303s][info][gc,stats    ]    Subphase: Concurrent Roots CodeCache                    0.000 / 0.000         0.000 / 0.000         0.000 / 0.000         0.000 / 0.000       ms
[110.303s][info][gc,stats    ]    Subphase: Concurrent Roots JavaThreads                  0.000 / 0.000         0.727 / 1.585         0.727 / 1.585         0.727 / 1.585       ms
[110.303s][info][gc,stats    ]    Subphase: Concurrent Roots OopStorageSet                0.000 / 0.000         0.320 / 1.277         0.320 / 1.277         0.320 / 1.277       ms
[110.303s][info][gc,stats    ]    Subphase: Concurrent Weak Roots OopStorageSet           0.000 / 0.000         1.390 / 1.989         1.390 / 1.989         1.390 / 1.989       ms
[110.304s][info][gc,stats    ]    Subphase: Pause Mark Try Complete                       0.000 / 0.000         0.000 / 0.000         0.000 / 0.000         0.000 / 0.000       ms
[110.304s][info][gc,stats    ]      System: Java Threads                                      0 / 0                39 / 78               39 / 78               39 / 78          threads
[110.304s][info][gc,stats    ] =========================================================================================================================================================
[120.303s][info][gc,stats    ] === Garbage Collection Statistics =======================================================================================================================
[120.303s][info][gc,stats    ]                                                              Last 10s              Last 10m              Last 10h                Total
[120.303s][info][gc,stats    ]                                                              Avg / Max             Avg / Max             Avg / Max             Avg / Max
[120.303s][info][gc,stats    ]   Collector: Garbage Collection Cycle                      0.000 / 0.000       130.285 / 200.865     130.285 / 200.865     130.285 / 200.865     ms
[120.303s][info][gc,stats    ]  Contention: Mark Segment Reset Contention                     0 / 0                 0 / 1                 0 / 1                 0 / 1           ops/s
[120.303s][info][gc,stats    ]  Contention: Mark SeqNum Reset Contention                      0 / 0                 0 / 0                 0 / 0                 0 / 0           ops/s
[120.303s][info][gc,stats    ]    Critical: Allocation Stall                                  0 / 0                 0 / 0                 0 / 0                 0 / 0           ops/s
[120.303s][info][gc,stats    ]    Critical: Allocation Stall                              0.000 / 0.000         0.000 / 0.000         0.000 / 0.000         0.000 / 0.000       ms
[120.303s][info][gc,stats    ]    Critical: GC Locker Stall                                   0 / 0                 0 / 1                 0 / 1                 0 / 1           ops/s
[120.303s][info][gc,stats    ]    Critical: GC Locker Stall                               0.000 / 0.000         0.016 / 0.016         0.016 / 0.016         0.016 / 0.016       ms
[120.303s][info][gc,stats    ]    Critical: Relocation Stall                                  0 / 0                 0 / 0                 0 / 0                 0 / 0           ops/s
[120.303s][info][gc,stats    ]    Critical: Relocation Stall                              0.000 / 0.000         0.000 / 0.000         0.000 / 0.000         0.000 / 0.000       ms
[120.303s][info][gc,stats    ]      Memory: Allocation Rate                                   0 / 2                 4 / 168               4 / 168               4 / 168         MB/s
[120.303s][info][gc,stats    ]      Memory: Defragment                                        0 / 0                 0 / 7                 0 / 7                 0 / 7           ops/s
[120.303s][info][gc,stats    ]      Memory: Out Of Memory                                     0 / 0                 0 / 0                 0 / 0                 0 / 0           ops/s
[120.303s][info][gc,stats    ]      Memory: Page Cache Flush                                  0 / 0                 0 / 14                0 / 14                0 / 14          MB/s
[120.303s][info][gc,stats    ]      Memory: Page Cache Hit L1                                 0 / 1                 0 / 52                0 / 52                0 / 52          ops/s
[120.303s][info][gc,stats    ]      Memory: Page Cache Hit L2                                 0 / 0                 0 / 0                 0 / 0                 0 / 0           ops/s
[120.303s][info][gc,stats    ]      Memory: Page Cache Hit L3                                 0 / 0                 0 / 25                0 / 25                0 / 25          ops/s
[120.303s][info][gc,stats    ]      Memory: Page Cache Miss                                   0 / 0                 0 / 24                0 / 24                0 / 24          ops/s
[120.303s][info][gc,stats    ]      Memory: Uncommit                                          0 / 0                 0 / 0                 0 / 0                 0 / 0           MB/s
[120.303s][info][gc,stats    ]      Memory: Undo Object Allocation Failed                     0 / 0                 0 / 0                 0 / 0                 0 / 0           ops/s
[120.303s][info][gc,stats    ]      Memory: Undo Object Allocation Succeeded                  0 / 0                 0 / 5                 0 / 5                 0 / 5           ops/s
[120.303s][info][gc,stats    ]      Memory: Undo Page Allocation                              0 / 0                 0 / 1                 0 / 1                 0 / 1           ops/s
[120.303s][info][gc,stats    ]       Phase: Concurrent Mark                               0.000 / 0.000       100.163 / 149.473     100.163 / 149.473     100.163 / 149.473     ms
[120.303s][info][gc,stats    ]       Phase: Concurrent Mark Continue                      0.000 / 0.000         0.000 / 0.000         0.000 / 0.000         0.000 / 0.000       ms
[120.303s][info][gc,stats    ]       Phase: Concurrent Mark Free                          0.000 / 0.000         0.010 / 0.018         0.010 / 0.018         0.010 / 0.018       ms
[120.303s][info][gc,stats    ]       Phase: Concurrent Process Non-Strong References      0.000 / 0.000         7.852 / 10.027        7.852 / 10.027        7.852 / 10.027      ms
[120.303s][info][gc,stats    ]       Phase: Concurrent Relocate                           0.000 / 0.000        17.825 / 37.868       17.825 / 37.868       17.825 / 37.868      ms
[120.303s][info][gc,stats    ]       Phase: Concurrent Reset Relocation Set               0.000 / 0.000         0.008 / 0.012         0.008 / 0.012         0.008 / 0.012       ms
[120.303s][info][gc,stats    ]       Phase: Concurrent Select Relocation Set              0.000 / 0.000         2.972 / 5.661         2.972 / 5.661         2.972 / 5.661       ms
[120.303s][info][gc,stats    ]       Phase: Pause Mark End                                0.000 / 0.000         0.032 / 0.040         0.032 / 0.040         0.032 / 0.040       ms
[120.303s][info][gc,stats    ]       Phase: Pause Mark Start                              0.000 / 0.000         0.044 / 0.066         0.044 / 0.066         0.044 / 0.066       ms
[120.303s][info][gc,stats    ]       Phase: Pause Relocate Start                          0.000 / 0.000         0.025 / 0.027         0.025 / 0.027         0.025 / 0.027       ms
[120.303s][info][gc,stats    ]    Subphase: Concurrent Classes Purge                      0.000 / 0.000         1.071 / 1.628         1.071 / 1.628         1.071 / 1.628       ms
[120.303s][info][gc,stats    ]    Subphase: Concurrent Classes Unlink                     0.000 / 0.000         3.775 / 5.112         3.775 / 5.112         3.775 / 5.112       ms
[120.303s][info][gc,stats    ]    Subphase: Concurrent Mark                               0.000 / 0.000        97.944 / 147.931      97.944 / 147.931      97.944 / 147.931     ms
[120.303s][info][gc,stats    ]    Subphase: Concurrent Mark Try Flush                     0.000 / 0.000         0.423 / 3.207         0.423 / 3.207         0.423 / 3.207       ms
[120.303s][info][gc,stats    ]    Subphase: Concurrent Mark Try Terminate                 0.000 / 0.000         0.690 / 1.067         0.690 / 1.067         0.690 / 1.067       ms
[120.304s][info][gc,stats    ]    Subphase: Concurrent References Enqueue                 0.000 / 0.000         0.009 / 0.014         0.009 / 0.014         0.009 / 0.014       ms
[120.304s][info][gc,stats    ]    Subphase: Concurrent References Process                 0.000 / 0.000         0.264 / 0.380         0.264 / 0.380         0.264 / 0.380       ms
[120.304s][info][gc,stats    ]    Subphase: Concurrent Roots ClassLoaderDataGraph         0.000 / 0.000         0.280 / 0.716         0.280 / 0.716         0.280 / 0.716       ms
[120.304s][info][gc,stats    ]    Subphase: Concurrent Roots CodeCache                    0.000 / 0.000         0.000 / 0.000         0.000 / 0.000         0.000 / 0.000       ms
[120.304s][info][gc,stats    ]    Subphase: Concurrent Roots JavaThreads                  0.000 / 0.000         0.727 / 1.585         0.727 / 1.585         0.727 / 1.585       ms
[120.304s][info][gc,stats    ]    Subphase: Concurrent Roots OopStorageSet                0.000 / 0.000         0.320 / 1.277         0.320 / 1.277         0.320 / 1.277       ms
[120.304s][info][gc,stats    ]    Subphase: Concurrent Weak Roots OopStorageSet           0.000 / 0.000         1.390 / 1.989         1.390 / 1.989         1.390 / 1.989       ms
[120.304s][info][gc,stats    ]    Subphase: Pause Mark Try Complete                       0.000 / 0.000         0.000 / 0.000         0.000 / 0.000         0.000 / 0.000       ms
[120.304s][info][gc,stats    ]      System: Java Threads                                      0 / 0                39 / 78               39 / 78               39 / 78          threads
[120.304s][info][gc,stats    ] =========================================================================================================================================================
[130.302s][info][gc,stats    ] === Garbage Collection Statistics =======================================================================================================================
[130.302s][info][gc,stats    ]                                                              Last 10s              Last 10m              Last 10h                Total
[130.302s][info][gc,stats    ]                                                              Avg / Max             Avg / Max             Avg / Max             Avg / Max
[130.302s][info][gc,stats    ]   Collector: Garbage Collection Cycle                      0.000 / 0.000       130.285 / 200.865     130.285 / 200.865     130.285 / 200.865     ms
[130.302s][info][gc,stats    ]  Contention: Mark Segment Reset Contention                     0 / 0                 0 / 1                 0 / 1                 0 / 1           ops/s
[130.302s][info][gc,stats    ]  Contention: Mark SeqNum Reset Contention                      0 / 0                 0 / 0                 0 / 0                 0 / 0           ops/s
[130.302s][info][gc,stats    ]    Critical: Allocation Stall                                  0 / 0                 0 / 0                 0 / 0                 0 / 0           ops/s
[130.302s][info][gc,stats    ]    Critical: Allocation Stall                              0.000 / 0.000         0.000 / 0.000         0.000 / 0.000         0.000 / 0.000       ms
[130.302s][info][gc,stats    ]    Critical: GC Locker Stall                                   0 / 0                 0 / 1                 0 / 1                 0 / 1           ops/s
[130.302s][info][gc,stats    ]    Critical: GC Locker Stall                               0.000 / 0.000         0.016 / 0.016         0.016 / 0.016         0.016 / 0.016       ms
[130.302s][info][gc,stats    ]    Critical: Relocation Stall                                  0 / 0                 0 / 0                 0 / 0                 0 / 0           ops/s
[130.302s][info][gc,stats    ]    Critical: Relocation Stall                              0.000 / 0.000         0.000 / 0.000         0.000 / 0.000         0.000 / 0.000       ms
[130.302s][info][gc,stats    ]      Memory: Allocation Rate                                  10 / 24                4 / 168               4 / 168               4 / 168         MB/s
[130.302s][info][gc,stats    ]      Memory: Defragment                                        1 / 9                 0 / 9                 0 / 9                 0 / 9           ops/s
[130.302s][info][gc,stats    ]      Memory: Out Of Memory                                     0 / 0                 0 / 0                 0 / 0                 0 / 0           ops/s
[130.302s][info][gc,stats    ]      Memory: Page Cache Flush                                  3 / 18                0 / 18                0 / 18                0 / 18          MB/s
[130.302s][info][gc,stats    ]      Memory: Page Cache Hit L1                                 3 / 12                1 / 52                1 / 52                1 / 52          ops/s
[130.302s][info][gc,stats    ]      Memory: Page Cache Hit L2                                 0 / 0                 0 / 0                 0 / 0                 0 / 0           ops/s
[130.302s][info][gc,stats    ]      Memory: Page Cache Hit L3                                 1 / 8                 0 / 25                0 / 25                0 / 25          ops/s
[130.302s][info][gc,stats    ]      Memory: Page Cache Miss                                   0 / 1                 0 / 24                0 / 24                0 / 24          ops/s
[130.302s][info][gc,stats    ]      Memory: Uncommit                                          0 / 0                 0 / 0                 0 / 0                 0 / 0           MB/s
[130.302s][info][gc,stats    ]      Memory: Undo Object Allocation Failed                     0 / 0                 0 / 0                 0 / 0                 0 / 0           ops/s
[130.302s][info][gc,stats    ]      Memory: Undo Object Allocation Succeeded                  0 / 0                 0 / 5                 0 / 5                 0 / 5           ops/s
[130.302s][info][gc,stats    ]      Memory: Undo Page Allocation                              0 / 0                 0 / 1                 0 / 1                 0 / 1           ops/s
[130.302s][info][gc,stats    ]       Phase: Concurrent Mark                               0.000 / 0.000       100.163 / 149.473     100.163 / 149.473     100.163 / 149.473     ms
[130.302s][info][gc,stats    ]       Phase: Concurrent Mark Continue                      0.000 / 0.000         0.000 / 0.000         0.000 / 0.000         0.000 / 0.000       ms
[130.302s][info][gc,stats    ]       Phase: Concurrent Mark Free                          0.000 / 0.000         0.010 / 0.018         0.010 / 0.018         0.010 / 0.018       ms
[130.302s][info][gc,stats    ]       Phase: Concurrent Process Non-Strong References      0.000 / 0.000         7.852 / 10.027        7.852 / 10.027        7.852 / 10.027      ms
[130.302s][info][gc,stats    ]       Phase: Concurrent Relocate                           0.000 / 0.000        17.825 / 37.868       17.825 / 37.868       17.825 / 37.868      ms
[130.303s][info][gc,stats    ]       Phase: Concurrent Reset Relocation Set               0.000 / 0.000         0.008 / 0.012         0.008 / 0.012         0.008 / 0.012       ms
[130.303s][info][gc,stats    ]       Phase: Concurrent Select Relocation Set              0.000 / 0.000         2.972 / 5.661         2.972 / 5.661         2.972 / 5.661       ms
[130.303s][info][gc,stats    ]       Phase: Pause Mark End                                0.000 / 0.000         0.032 / 0.040         0.032 / 0.040         0.032 / 0.040       ms
[130.303s][info][gc,stats    ]       Phase: Pause Mark Start                              0.000 / 0.000         0.044 / 0.066         0.044 / 0.066         0.044 / 0.066       ms
[130.303s][info][gc,stats    ]       Phase: Pause Relocate Start                          0.000 / 0.000         0.025 / 0.027         0.025 / 0.027         0.025 / 0.027       ms
[130.303s][info][gc,stats    ]    Subphase: Concurrent Classes Purge                      0.000 / 0.000         1.071 / 1.628         1.071 / 1.628         1.071 / 1.628       ms
[130.303s][info][gc,stats    ]    Subphase: Concurrent Classes Unlink                     0.000 / 0.000         3.775 / 5.112         3.775 / 5.112         3.775 / 5.112       ms
[130.303s][info][gc,stats    ]    Subphase: Concurrent Mark                               0.000 / 0.000        97.944 / 147.931      97.944 / 147.931      97.944 / 147.931     ms
[130.303s][info][gc,stats    ]    Subphase: Concurrent Mark Try Flush                     0.000 / 0.000         0.423 / 3.207         0.423 / 3.207         0.423 / 3.207       ms
[130.303s][info][gc,stats    ]    Subphase: Concurrent Mark Try Terminate                 0.000 / 0.000         0.690 / 1.067         0.690 / 1.067         0.690 / 1.067       ms
[130.303s][info][gc,stats    ]    Subphase: Concurrent References Enqueue                 0.000 / 0.000         0.009 / 0.014         0.009 / 0.014         0.009 / 0.014       ms
[130.303s][info][gc,stats    ]    Subphase: Concurrent References Process                 0.000 / 0.000         0.264 / 0.380         0.264 / 0.380         0.264 / 0.380       ms
[130.303s][info][gc,stats    ]    Subphase: Concurrent Roots ClassLoaderDataGraph         0.000 / 0.000         0.280 / 0.716         0.280 / 0.716         0.280 / 0.716       ms
[130.303s][info][gc,stats    ]    Subphase: Concurrent Roots CodeCache                    0.000 / 0.000         0.000 / 0.000         0.000 / 0.000         0.000 / 0.000       ms
[130.303s][info][gc,stats    ]    Subphase: Concurrent Roots JavaThreads                  0.000 / 0.000         0.727 / 1.585         0.727 / 1.585         0.727 / 1.585       ms
[130.303s][info][gc,stats    ]    Subphase: Concurrent Roots OopStorageSet                0.000 / 0.000         0.320 / 1.277         0.320 / 1.277         0.320 / 1.277       ms
[130.303s][info][gc,stats    ]    Subphase: Concurrent Weak Roots OopStorageSet           0.000 / 0.000         1.390 / 1.989         1.390 / 1.989         1.390 / 1.989       ms
[130.303s][info][gc,stats    ]    Subphase: Pause Mark Try Complete                       0.000 / 0.000         0.000 / 0.000         0.000 / 0.000         0.000 / 0.000       ms
[130.303s][info][gc,stats    ]      System: Java Threads                                      0 / 0                39 / 78               39 / 78               39 / 78          threads
[130.303s][info][gc,stats    ] =========================================================================================================================================================
[134.699s][info][gc,start    ] GC(3) Garbage Collection (Warmup)
[134.699s][info][gc,task     ] GC(3) Using 2 workers
[134.699s][info][gc,phases   ] GC(3) Pause Mark Start 0.076ms
[135.555s][info][gc,phases   ] GC(3) Concurrent Mark 856.140ms
[135.555s][info][gc,phases   ] GC(3) Pause Mark End 0.046ms
[135.555s][info][gc,phases   ] GC(3) Concurrent Mark Free 0.015ms
[135.792s][info][gc,phases   ] GC(3) Concurrent Process Non-Strong References 237.119ms
[135.793s][info][gc,phases   ] GC(3) Concurrent Reset Relocation Set 0.154ms
[135.822s][info][gc,phases   ] GC(3) Concurrent Select Relocation Set 29.706ms
[135.822s][info][gc,phases   ] GC(3) Pause Relocate Start 0.041ms
[135.951s][info][gc,phases   ] GC(3) Concurrent Relocate 127.733ms
[135.951s][info][gc,load     ] GC(3) Load: 3.34/1.03/0.42
[135.951s][info][gc,mmu      ] GC(3) MMU: 2ms/96.2%, 5ms/98.5%, 10ms/99.2%, 20ms/99.6%, 50ms/99.8%, 100ms/99.9%
[135.951s][info][gc,marking  ] GC(3) Mark: 2 stripe(s), 2 proactive flush(es), 1 terminate flush(es), 0 completion(s), 0 continuation(s) 
[135.951s][info][gc,marking  ] GC(3) Mark Stack Usage: 32M
[135.951s][info][gc,nmethod  ] GC(3) NMethods: 8137 registered, 1435 unregistered
[135.951s][info][gc,metaspace] GC(3) Metaspace: 62M used, 62M committed, 1088M reserved
[135.951s][info][gc,ref      ] GC(3) Soft: 4885 encountered, 0 discovered, 0 enqueued
[135.951s][info][gc,ref      ] GC(3) Weak: 5185 encountered, 1044 discovered, 394 enqueued
[135.951s][info][gc,ref      ] GC(3) Final: 47 encountered, 4 discovered, 0 enqueued
[135.951s][info][gc,ref      ] GC(3) Phantom: 908 encountered, 840 discovered, 304 enqueued
[135.951s][info][gc,reloc    ] GC(3) Small Pages: 183 / 366M, Empty: 6M, Relocated: 13M, In-Place: 0
[135.951s][info][gc,reloc    ] GC(3) Medium Pages: 1 / 32M, Empty: 0M, Relocated: 0M, In-Place: 0
[135.951s][info][gc,reloc    ] GC(3) Large Pages: 0 / 0M, Empty: 0M, Relocated: 0M, In-Place: 0
[135.951s][info][gc,reloc    ] GC(3) Forwarding Usage: 6M
[135.951s][info][gc,heap     ] GC(3) Min Capacity: 8M(0%)
[135.951s][info][gc,heap     ] GC(3) Max Capacity: 1986M(100%)
[135.951s][info][gc,heap     ] GC(3) Soft Max Capacity: 1986M(100%)
[135.951s][info][gc,heap     ] GC(3)                Mark Start          Mark End        Relocate Start      Relocate End           High               Low         
[135.951s][info][gc,heap     ] GC(3)  Capacity:      398M (20%)         436M (22%)         446M (22%)         446M (22%)         446M (22%)         398M (20%)    
[135.951s][info][gc,heap     ] GC(3)      Free:     1588M (80%)        1550M (78%)        1546M (78%)        1794M (90%)        1794M (90%)        1540M (78%)    
[135.951s][info][gc,heap     ] GC(3)      Used:      398M (20%)         436M (22%)         440M (22%)         192M (10%)         446M (22%)         192M (10%)    
[135.951s][info][gc,heap     ] GC(3)      Live:         -               113M (6%)          113M (6%)          113M (6%)             -                  -          
[135.951s][info][gc,heap     ] GC(3) Allocated:         -                38M (2%)           48M (2%)           51M (3%)             -                  -          
[135.951s][info][gc,heap     ] GC(3)   Garbage:         -               284M (14%)         278M (14%)          27M (1%)             -                  -          
[135.951s][info][gc,heap     ] GC(3) Reclaimed:         -                  -                 6M (0%)          257M (13%)            -                  -          
[135.951s][info][gc          ] GC(3) Garbage Collection (Warmup) 398M(20%)->192M(10%)
[140.303s][info][gc,stats    ] === Garbage Collection Statistics =======================================================================================================================
[140.303s][info][gc,stats    ]                                                              Last 10s              Last 10m              Last 10h                Total
[140.303s][info][gc,stats    ]                                                              Avg / Max             Avg / Max             Avg / Max             Avg / Max
[140.303s][info][gc,stats    ]   Collector: Garbage Collection Cycle                   1252.248 / 1252.248    410.776 / 1252.248    410.776 / 1252.248    410.776 / 1252.248    ms
[140.303s][info][gc,stats    ]  Contention: Mark Segment Reset Contention                     0 / 1                 0 / 1                 0 / 1                 0 / 1           ops/s
[140.303s][info][gc,stats    ]  Contention: Mark SeqNum Reset Contention                      0 / 0                 0 / 0                 0 / 0                 0 / 0           ops/s
[140.303s][info][gc,stats    ]    Critical: Allocation Stall                                  0 / 0                 0 / 0                 0 / 0                 0 / 0           ops/s
[140.303s][info][gc,stats    ]    Critical: Allocation Stall                              0.000 / 0.000         0.000 / 0.000         0.000 / 0.000         0.000 / 0.000       ms
[140.303s][info][gc,stats    ]    Critical: GC Locker Stall                                   0 / 0                 0 / 1                 0 / 1                 0 / 1           ops/s
[140.303s][info][gc,stats    ]    Critical: GC Locker Stall                               0.000 / 0.000         0.016 / 0.016         0.016 / 0.016         0.016 / 0.016       ms
[140.303s][info][gc,stats    ]    Critical: Relocation Stall                                  0 / 0                 0 / 0                 0 / 0                 0 / 0           ops/s
[140.303s][info][gc,stats    ]    Critical: Relocation Stall                              0.000 / 0.000         0.000 / 0.000         0.000 / 0.000         0.000 / 0.000       ms
[140.303s][info][gc,stats    ]      Memory: Allocation Rate                                  31 / 40                6 / 168               6 / 168               6 / 168         MB/s
[140.303s][info][gc,stats    ]      Memory: Defragment                                        0 / 0                 0 / 9                 0 / 9                 0 / 9           ops/s
[140.303s][info][gc,stats    ]      Memory: Out Of Memory                                     0 / 0                 0 / 0                 0 / 0                 0 / 0           ops/s
[140.303s][info][gc,stats    ]      Memory: Page Cache Flush                                  0 / 0                 0 / 18                0 / 18                0 / 18          MB/s
[140.303s][info][gc,stats    ]      Memory: Page Cache Hit L1                                 8 / 20                1 / 52                1 / 52                1 / 52          ops/s
[140.303s][info][gc,stats    ]      Memory: Page Cache Hit L2                                 0 / 0                 0 / 0                 0 / 0                 0 / 0           ops/s
[140.303s][info][gc,stats    ]      Memory: Page Cache Hit L3                                 0 / 0                 0 / 25                0 / 25                0 / 25          ops/s
[140.303s][info][gc,stats    ]      Memory: Page Cache Miss                                   7 / 20                0 / 24                0 / 24                0 / 24          ops/s
[140.303s][info][gc,stats    ]      Memory: Uncommit                                          0 / 0                 0 / 0                 0 / 0                 0 / 0           MB/s
[140.303s][info][gc,stats    ]      Memory: Undo Object Allocation Failed                     0 / 0                 0 / 0                 0 / 0                 0 / 0           ops/s
[140.303s][info][gc,stats    ]      Memory: Undo Object Allocation Succeeded                  0 / 0                 0 / 5                 0 / 5                 0 / 5           ops/s
[140.303s][info][gc,stats    ]      Memory: Undo Page Allocation                              0 / 1                 0 / 1                 0 / 1                 0 / 1           ops/s
[140.303s][info][gc,stats    ]       Phase: Concurrent Mark                             856.140 / 856.140     289.157 / 856.140     289.157 / 856.140     289.157 / 856.140     ms
[140.303s][info][gc,stats    ]       Phase: Concurrent Mark Continue                      0.000 / 0.000         0.000 / 0.000         0.000 / 0.000         0.000 / 0.000       ms
[140.303s][info][gc,stats    ]       Phase: Concurrent Mark Free                          0.015 / 0.015         0.011 / 0.018         0.011 / 0.018         0.011 / 0.018       ms
[140.303s][info][gc,stats    ]       Phase: Concurrent Process Non-Strong References    237.119 / 237.119      65.169 / 237.119      65.169 / 237.119      65.169 / 237.119     ms
[140.303s][info][gc,stats    ]       Phase: Concurrent Relocate                         127.733 / 127.733      45.302 / 127.733      45.302 / 127.733      45.302 / 127.733     ms
[140.303s][info][gc,stats    ]       Phase: Concurrent Reset Relocation Set               0.154 / 0.154         0.045 / 0.154         0.045 / 0.154         0.045 / 0.154       ms
[140.303s][info][gc,stats    ]       Phase: Concurrent Select Relocation Set             29.706 / 29.706        9.656 / 29.706        9.656 / 29.706        9.656 / 29.706      ms
[140.303s][info][gc,stats    ]       Phase: Pause Mark End                                0.046 / 0.046         0.035 / 0.046         0.035 / 0.046         0.035 / 0.046       ms
[140.303s][info][gc,stats    ]       Phase: Pause Mark Start                              0.076 / 0.076         0.052 / 0.076         0.052 / 0.076         0.052 / 0.076       ms
[140.303s][info][gc,stats    ]       Phase: Pause Relocate Start                          0.041 / 0.041         0.029 / 0.041         0.029 / 0.041         0.029 / 0.041       ms
[140.303s][info][gc,stats    ]    Subphase: Concurrent Classes Purge                     11.969 / 11.969        3.796 / 11.969        3.796 / 11.969        3.796 / 11.969      ms
[140.303s][info][gc,stats    ]    Subphase: Concurrent Classes Unlink                   200.720 / 200.720      53.011 / 200.720      53.011 / 200.720      53.011 / 200.720     ms
[140.303s][info][gc,stats    ]    Subphase: Concurrent Mark                             853.440 / 853.962     286.818 / 853.962     286.818 / 853.962     286.818 / 853.962     ms
[140.303s][info][gc,stats    ]    Subphase: Concurrent Mark Try Flush                     1.392 / 1.910         0.584 / 3.207         0.584 / 3.207         0.584 / 3.207       ms
[140.303s][info][gc,stats    ]    Subphase: Concurrent Mark Try Terminate                 2.980 / 6.929         1.127 / 6.929         1.127 / 6.929         1.127 / 6.929       ms
[140.303s][info][gc,stats    ]    Subphase: Concurrent References Enqueue                 4.443 / 4.443         1.118 / 4.443         1.118 / 4.443         1.118 / 4.443       ms
[140.303s][info][gc,stats    ]    Subphase: Concurrent References Process                 0.282 / 0.282         0.269 / 0.380         0.269 / 0.380         0.269 / 0.380       ms
[140.303s][info][gc,stats    ]    Subphase: Concurrent Roots ClassLoaderDataGraph         0.388 / 0.614         0.311 / 0.716         0.311 / 0.716         0.311 / 0.716       ms
[140.303s][info][gc,stats    ]    Subphase: Concurrent Roots CodeCache                    0.000 / 0.000         0.000 / 0.000         0.000 / 0.000         0.000 / 0.000       ms
[140.303s][info][gc,stats    ]    Subphase: Concurrent Roots JavaThreads                  1.257 / 1.477         0.860 / 1.585         0.860 / 1.585         0.860 / 1.585       ms
[140.303s][info][gc,stats    ]    Subphase: Concurrent Roots OopStorageSet                0.409 / 0.411         0.342 / 1.277         0.342 / 1.277         0.342 / 1.277       ms
[140.303s][info][gc,stats    ]    Subphase: Concurrent Weak Roots OopStorageSet          11.068 / 19.037        4.616 / 19.037        4.616 / 19.037        4.616 / 19.037      ms
[140.303s][info][gc,stats    ]    Subphase: Pause Mark Try Complete                       0.000 / 0.000         0.000 / 0.000         0.000 / 0.000         0.000 / 0.000       ms
[140.303s][info][gc,stats    ]      System: Java Threads                                    135 / 137              63 / 137              63 / 137              63 / 137         threads
[140.303s][info][gc,stats    ] =========================================================================================================================================================
[147.299s][info][gc,start    ] GC(4) Garbage Collection (Warmup)
[147.299s][info][gc,task     ] GC(4) Using 2 workers
[147.300s][info][gc,phases   ] GC(4) Pause Mark Start 0.060ms
[148.155s][info][gc,phases   ] GC(4) Concurrent Mark 853.103ms
[148.157s][info][gc,phases   ] GC(4) Pause Mark End 0.048ms
[148.157s][info][gc,phases   ] GC(4) Concurrent Mark Free 0.018ms
[148.214s][info][gc,phases   ] GC(4) Concurrent Process Non-Strong References 56.851ms
[148.214s][info][gc,phases   ] GC(4) Concurrent Reset Relocation Set 0.048ms
[148.227s][info][gc,phases   ] GC(4) Concurrent Select Relocation Set 12.393ms
[148.227s][info][gc,phases   ] GC(4) Pause Relocate Start 0.033ms
[148.324s][info][gc,phases   ] GC(4) Concurrent Relocate 97.197ms
[148.324s][info][gc,load     ] GC(4) Load: 5.12/1.49/0.57
[148.324s][info][gc,mmu      ] GC(4) MMU: 2ms/96.2%, 5ms/98.5%, 10ms/99.2%, 20ms/99.6%, 50ms/99.8%, 100ms/99.9%
[148.324s][info][gc,marking  ] GC(4) Mark: 2 stripe(s), 2 proactive flush(es), 1 terminate flush(es), 0 completion(s), 0 continuation(s) 
[148.324s][info][gc,marking  ] GC(4) Mark Stack Usage: 32M
[148.324s][info][gc,nmethod  ] GC(4) NMethods: 8224 registered, 2130 unregistered
[148.324s][info][gc,metaspace] GC(4) Metaspace: 62M used, 63M committed, 1088M reserved
[148.324s][info][gc,ref      ] GC(4) Soft: 4885 encountered, 0 discovered, 0 enqueued
[148.324s][info][gc,ref      ] GC(4) Weak: 4814 encountered, 1875 discovered, 2 enqueued
[148.324s][info][gc,ref      ] GC(4) Final: 47 encountered, 4 discovered, 0 enqueued
[148.324s][info][gc,ref      ] GC(4) Phantom: 611 encountered, 334 discovered, 0 enqueued
[148.324s][info][gc,reloc    ] GC(4) Small Pages: 282 / 564M, Empty: 0M, Relocated: 17M, In-Place: 0
[148.324s][info][gc,reloc    ] GC(4) Medium Pages: 1 / 32M, Empty: 0M, Relocated: 0M, In-Place: 0
[148.324s][info][gc,reloc    ] GC(4) Large Pages: 0 / 0M, Empty: 0M, Relocated: 0M, In-Place: 0
[148.324s][info][gc,reloc    ] GC(4) Forwarding Usage: 8M
[148.324s][info][gc,heap     ] GC(4) Min Capacity: 8M(0%)
[148.324s][info][gc,heap     ] GC(4) Max Capacity: 1986M(100%)
[148.324s][info][gc,heap     ] GC(4) Soft Max Capacity: 1986M(100%)
[148.324s][info][gc,heap     ] GC(4)                Mark Start          Mark End        Relocate Start      Relocate End           High               Low         
[148.324s][info][gc,heap     ] GC(4)  Capacity:      596M (30%)         634M (32%)         638M (32%)         640M (32%)         640M (32%)         596M (30%)    
[148.324s][info][gc,heap     ] GC(4)      Free:     1390M (70%)        1352M (68%)        1348M (68%)        1786M (90%)        1786M (90%)        1346M (68%)    
[148.324s][info][gc,heap     ] GC(4)      Used:      596M (30%)         634M (32%)         638M (32%)         200M (10%)         640M (32%)         200M (10%)    
[148.324s][info][gc,heap     ] GC(4)      Live:         -               126M (6%)          126M (6%)          126M (6%)             -                  -          
[148.324s][info][gc,heap     ] GC(4) Allocated:         -                38M (2%)           42M (2%)           42M (2%)             -                  -          
[148.324s][info][gc,heap     ] GC(4)   Garbage:         -               469M (24%)         469M (24%)          30M (2%)             -                  -          
[148.324s][info][gc,heap     ] GC(4) Reclaimed:         -                  -                 0M (0%)          438M (22%)            -                  -          
[148.324s][info][gc          ] GC(4) Garbage Collection (Warmup) 596M(30%)->200M(10%)
[150.302s][info][gc,stats    ] === Garbage Collection Statistics =======================================================================================================================
[150.302s][info][gc,stats    ]                                                              Last 10s              Last 10m              Last 10h                Total
[150.302s][info][gc,stats    ]                                                              Avg / Max             Avg / Max             Avg / Max             Avg / Max
[150.302s][info][gc,stats    ]   Collector: Garbage Collection Cycle                   1025.008 / 1025.008    533.622 / 1252.248    533.622 / 1252.248    533.622 / 1252.248    ms
[150.302s][info][gc,stats    ]  Contention: Mark Segment Reset Contention                     0 / 1                 0 / 1                 0 / 1                 0 / 1           ops/s
[150.302s][info][gc,stats    ]  Contention: Mark SeqNum Reset Contention                      0 / 0                 0 / 0                 0 / 0                 0 / 0           ops/s
[150.302s][info][gc,stats    ]    Critical: Allocation Stall                                  0 / 0                 0 / 0                 0 / 0                 0 / 0           ops/s
[150.302s][info][gc,stats    ]    Critical: Allocation Stall                              0.000 / 0.000         0.000 / 0.000         0.000 / 0.000         0.000 / 0.000       ms
[150.303s][info][gc,stats    ]    Critical: GC Locker Stall                                   0 / 0                 0 / 1                 0 / 1                 0 / 1           ops/s
[150.303s][info][gc,stats    ]    Critical: GC Locker Stall                               0.000 / 0.000         0.016 / 0.016         0.016 / 0.016         0.016 / 0.016       ms
[150.303s][info][gc,stats    ]    Critical: Relocation Stall                                  0 / 0                 0 / 0                 0 / 0                 0 / 0           ops/s
[150.303s][info][gc,stats    ]    Critical: Relocation Stall                              0.000 / 0.000         0.000 / 0.000         0.000 / 0.000         0.000 / 0.000       ms
[150.303s][info][gc,stats    ]      Memory: Allocation Rate                                  38 / 56                8 / 168               8 / 168               8 / 168         MB/s
[150.303s][info][gc,stats    ]      Memory: Defragment                                        0 / 0                 0 / 9                 0 / 9                 0 / 9           ops/s
[150.303s][info][gc,stats    ]      Memory: Out Of Memory                                     0 / 0                 0 / 0                 0 / 0                 0 / 0           ops/s
[150.303s][info][gc,stats    ]      Memory: Page Cache Flush                                  0 / 0                 0 / 18                0 / 18                0 / 18          MB/s
[150.303s][info][gc,stats    ]      Memory: Page Cache Hit L1                                10 / 19                2 / 52                2 / 52                2 / 52          ops/s
[150.303s][info][gc,stats    ]      Memory: Page Cache Hit L2                                 0 / 0                 0 / 0                 0 / 0                 0 / 0           ops/s
[150.303s][info][gc,stats    ]      Memory: Page Cache Hit L3                                 0 / 0                 0 / 25                0 / 25                0 / 25          ops/s
[150.303s][info][gc,stats    ]      Memory: Page Cache Miss                                   9 / 21                1 / 24                1 / 24                1 / 24          ops/s
[150.303s][info][gc,stats    ]      Memory: Uncommit                                          0 / 0                 0 / 0                 0 / 0                 0 / 0           MB/s
[150.303s][info][gc,stats    ]      Memory: Undo Object Allocation Failed                     0 / 0                 0 / 0                 0 / 0                 0 / 0           ops/s
[150.303s][info][gc,stats    ]      Memory: Undo Object Allocation Succeeded                  0 / 0                 0 / 5                 0 / 5                 0 / 5           ops/s
[150.303s][info][gc,stats    ]      Memory: Undo Page Allocation                              1 / 7                 0 / 7                 0 / 7                 0 / 7           ops/s
[150.303s][info][gc,stats    ]       Phase: Concurrent Mark                             853.103 / 853.103     401.946 / 856.140     401.946 / 856.140     401.946 / 856.140     ms
[150.303s][info][gc,stats    ]       Phase: Concurrent Mark Continue                      0.000 / 0.000         0.000 / 0.000         0.000 / 0.000         0.000 / 0.000       ms
[150.303s][info][gc,stats    ]       Phase: Concurrent Mark Free                          0.018 / 0.018         0.013 / 0.018         0.013 / 0.018         0.013 / 0.018       ms
[150.303s][info][gc,stats    ]       Phase: Concurrent Process Non-Strong References     56.851 / 56.851       63.505 / 237.119      63.505 / 237.119      63.505 / 237.119     ms
[150.303s][info][gc,stats    ]       Phase: Concurrent Relocate                          97.197 / 97.197       55.681 / 127.733      55.681 / 127.733      55.681 / 127.733     ms
[150.303s][info][gc,stats    ]       Phase: Concurrent Reset Relocation Set               0.048 / 0.048         0.046 / 0.154         0.046 / 0.154         0.046 / 0.154       ms
[150.303s][info][gc,stats    ]       Phase: Concurrent Select Relocation Set             12.393 / 12.393       10.203 / 29.706       10.203 / 29.706       10.203 / 29.706      ms
[150.303s][info][gc,stats    ]       Phase: Pause Mark End                                0.048 / 0.048         0.038 / 0.048         0.038 / 0.048         0.038 / 0.048       ms
[150.303s][info][gc,stats    ]       Phase: Pause Mark Start                              0.060 / 0.060         0.053 / 0.076         0.053 / 0.076         0.053 / 0.076       ms
[150.303s][info][gc,stats    ]       Phase: Pause Relocate Start                          0.033 / 0.033         0.030 / 0.041         0.030 / 0.041         0.030 / 0.041       ms
[150.303s][info][gc,stats    ]    Subphase: Concurrent Classes Purge                      6.795 / 6.795         4.396 / 11.969        4.396 / 11.969        4.396 / 11.969      ms
[150.303s][info][gc,stats    ]    Subphase: Concurrent Classes Unlink                    45.815 / 45.815       51.572 / 200.720      51.572 / 200.720      51.572 / 200.720     ms
[150.303s][info][gc,stats    ]    Subphase: Concurrent Mark                             845.277 / 846.394     398.510 / 853.962     398.510 / 853.962     398.510 / 853.962     ms
[150.303s][info][gc,stats    ]    Subphase: Concurrent Mark Try Flush                     0.774 / 1.704         0.611 / 3.207         0.611 / 3.207         0.611 / 3.207       ms
[150.303s][info][gc,stats    ]    Subphase: Concurrent Mark Try Terminate                 0.959 / 2.711         1.100 / 6.929         1.100 / 6.929         1.100 / 6.929       ms
[150.303s][info][gc,stats    ]    Subphase: Concurrent References Enqueue                 0.009 / 0.009         0.896 / 4.443         0.896 / 4.443         0.896 / 4.443       ms
[150.303s][info][gc,stats    ]    Subphase: Concurrent References Process                 0.448 / 0.448         0.305 / 0.448         0.305 / 0.448         0.305 / 0.448       ms
[150.303s][info][gc,stats    ]    Subphase: Concurrent Roots ClassLoaderDataGraph         0.441 / 0.441         0.327 / 0.716         0.327 / 0.716         0.327 / 0.716       ms
[150.303s][info][gc,stats    ]    Subphase: Concurrent Roots CodeCache                    0.000 / 0.000         0.000 / 0.000         0.000 / 0.000         0.000 / 0.000       ms
[150.303s][info][gc,stats    ]    Subphase: Concurrent Roots JavaThreads                  5.109 / 5.275         1.709 / 5.275         1.709 / 5.275         1.709 / 5.275       ms
[150.303s][info][gc,stats    ]    Subphase: Concurrent Roots OopStorageSet                0.192 / 0.192         0.326 / 1.277         0.326 / 1.277         0.326 / 1.277       ms
[150.303s][info][gc,stats    ]    Subphase: Concurrent Weak Roots OopStorageSet           2.186 / 2.444         4.009 / 19.037        4.009 / 19.037        4.009 / 19.037      ms
[150.303s][info][gc,stats    ]    Subphase: Pause Mark Try Complete                       0.000 / 0.000         0.000 / 0.000         0.000 / 0.000         0.000 / 0.000       ms
[150.303s][info][gc,stats    ]      System: Java Threads                                    142 / 142              79 / 142              79 / 142              79 / 142         threads
[150.303s][info][gc,stats    ] =========================================================================================================================================================
[160.302s][info][gc,stats    ] === Garbage Collection Statistics =======================================================================================================================
[160.302s][info][gc,stats    ]                                                              Last 10s              Last 10m              Last 10h                Total
[160.302s][info][gc,stats    ]                                                              Avg / Max             Avg / Max             Avg / Max             Avg / Max
[160.302s][info][gc,stats    ]   Collector: Garbage Collection Cycle                      0.000 / 0.000       533.622 / 1252.248    533.622 / 1252.248    533.622 / 1252.248    ms
[160.302s][info][gc,stats    ]  Contention: Mark Segment Reset Contention                     0 / 0                 0 / 1                 0 / 1                 0 / 1           ops/s
[160.302s][info][gc,stats    ]  Contention: Mark SeqNum Reset Contention                      0 / 0                 0 / 0                 0 / 0                 0 / 0           ops/s
[160.302s][info][gc,stats    ]    Critical: Allocation Stall                                  0 / 0                 0 / 0                 0 / 0                 0 / 0           ops/s
[160.302s][info][gc,stats    ]    Critical: Allocation Stall                              0.000 / 0.000         0.000 / 0.000         0.000 / 0.000         0.000 / 0.000       ms
[160.302s][info][gc,stats    ]    Critical: GC Locker Stall                                   0 / 0                 0 / 1                 0 / 1                 0 / 1           ops/s
[160.302s][info][gc,stats    ]    Critical: GC Locker Stall                               0.000 / 0.000         0.016 / 0.016         0.016 / 0.016         0.016 / 0.016       ms
[160.302s][info][gc,stats    ]    Critical: Relocation Stall                                  0 / 0                 0 / 0                 0 / 0                 0 / 0           ops/s
[160.302s][info][gc,stats    ]    Critical: Relocation Stall                              0.000 / 0.000         0.000 / 0.000         0.000 / 0.000         0.000 / 0.000       ms
[160.302s][info][gc,stats    ]      Memory: Allocation Rate                                  42 / 74               10 / 168              10 / 168              10 / 168         MB/s
[160.302s][info][gc,stats    ]      Memory: Defragment                                        0 / 0                 0 / 9                 0 / 9                 0 / 9           ops/s
[160.302s][info][gc,stats    ]      Memory: Out Of Memory                                     0 / 0                 0 / 0                 0 / 0                 0 / 0           ops/s
[160.302s][info][gc,stats    ]      Memory: Page Cache Flush                                  0 / 0                 0 / 18                0 / 18                0 / 18          MB/s
[160.302s][info][gc,stats    ]      Memory: Page Cache Hit L1                                18 / 21                3 / 52                3 / 52                3 / 52          ops/s
[160.302s][info][gc,stats    ]      Memory: Page Cache Hit L2                                 0 / 0                 0 / 0                 0 / 0                 0 / 0           ops/s
[160.302s][info][gc,stats    ]      Memory: Page Cache Hit L3                                 0 / 0                 0 / 25                0 / 25                0 / 25          ops/s
[160.302s][info][gc,stats    ]      Memory: Page Cache Miss                                   1 / 9                 1 / 24                1 / 24                1 / 24          ops/s
[160.302s][info][gc,stats    ]      Memory: Uncommit                                          0 / 0                 0 / 0                 0 / 0                 0 / 0           MB/s
[160.302s][info][gc,stats    ]      Memory: Undo Object Allocation Failed                     0 / 0                 0 / 0                 0 / 0                 0 / 0           ops/s
[160.302s][info][gc,stats    ]      Memory: Undo Object Allocation Succeeded                  0 / 0                 0 / 5                 0 / 5                 0 / 5           ops/s
[160.302s][info][gc,stats    ]      Memory: Undo Page Allocation                              0 / 1                 0 / 7                 0 / 7                 0 / 7           ops/s
[160.302s][info][gc,stats    ]       Phase: Concurrent Mark                               0.000 / 0.000       401.946 / 856.140     401.946 / 856.140     401.946 / 856.140     ms
[160.302s][info][gc,stats    ]       Phase: Concurrent Mark Continue                      0.000 / 0.000         0.000 / 0.000         0.000 / 0.000         0.000 / 0.000       ms
[160.302s][info][gc,stats    ]       Phase: Concurrent Mark Free                          0.000 / 0.000         0.013 / 0.018         0.013 / 0.018         0.013 / 0.018       ms
[160.302s][info][gc,stats    ]       Phase: Concurrent Process Non-Strong References      0.000 / 0.000        63.505 / 237.119      63.505 / 237.119      63.505 / 237.119     ms
[160.302s][info][gc,stats    ]       Phase: Concurrent Relocate                           0.000 / 0.000        55.681 / 127.733      55.681 / 127.733      55.681 / 127.733     ms
[160.302s][info][gc,stats    ]       Phase: Concurrent Reset Relocation Set               0.000 / 0.000         0.046 / 0.154         0.046 / 0.154         0.046 / 0.154       ms
[160.302s][info][gc,stats    ]       Phase: Concurrent Select Relocation Set              0.000 / 0.000        10.203 / 29.706       10.203 / 29.706       10.203 / 29.706      ms
[160.302s][info][gc,stats    ]       Phase: Pause Mark End                                0.000 / 0.000         0.038 / 0.048         0.038 / 0.048         0.038 / 0.048       ms
[160.302s][info][gc,stats    ]       Phase: Pause Mark Start                              0.000 / 0.000         0.053 / 0.076         0.053 / 0.076         0.053 / 0.076       ms
[160.302s][info][gc,stats    ]       Phase: Pause Relocate Start                          0.000 / 0.000         0.030 / 0.041         0.030 / 0.041         0.030 / 0.041       ms
[160.302s][info][gc,stats    ]    Subphase: Concurrent Classes Purge                      0.000 / 0.000         4.396 / 11.969        4.396 / 11.969        4.396 / 11.969      ms
[160.302s][info][gc,stats    ]    Subphase: Concurrent Classes Unlink                     0.000 / 0.000        51.572 / 200.720      51.572 / 200.720      51.572 / 200.720     ms
[160.302s][info][gc,stats    ]    Subphase: Concurrent Mark                               0.000 / 0.000       398.510 / 853.962     398.510 / 853.962     398.510 / 853.962     ms
[160.302s][info][gc,stats    ]    Subphase: Concurrent Mark Try Flush                     0.000 / 0.000         0.611 / 3.207         0.611 / 3.207         0.611 / 3.207       ms
[160.302s][info][gc,stats    ]    Subphase: Concurrent Mark Try Terminate                 0.000 / 0.000         1.100 / 6.929         1.100 / 6.929         1.100 / 6.929       ms
[160.302s][info][gc,stats    ]    Subphase: Concurrent References Enqueue                 0.000 / 0.000         0.896 / 4.443         0.896 / 4.443         0.896 / 4.443       ms
[160.302s][info][gc,stats    ]    Subphase: Concurrent References Process                 0.000 / 0.000         0.305 / 0.448         0.305 / 0.448         0.305 / 0.448       ms
[160.302s][info][gc,stats    ]    Subphase: Concurrent Roots ClassLoaderDataGraph         0.000 / 0.000         0.327 / 0.716         0.327 / 0.716         0.327 / 0.716       ms
[160.303s][info][gc,stats    ]    Subphase: Concurrent Roots CodeCache                    0.000 / 0.000         0.000 / 0.000         0.000 / 0.000         0.000 / 0.000       ms
[160.303s][info][gc,stats    ]    Subphase: Concurrent Roots JavaThreads                  0.000 / 0.000         1.709 / 5.275         1.709 / 5.275         1.709 / 5.275       ms
[160.303s][info][gc,stats    ]    Subphase: Concurrent Roots OopStorageSet                0.000 / 0.000         0.326 / 1.277         0.326 / 1.277         0.326 / 1.277       ms
[160.303s][info][gc,stats    ]    Subphase: Concurrent Weak Roots OopStorageSet           0.000 / 0.000         4.009 / 19.037        4.009 / 19.037        4.009 / 19.037      ms
[160.303s][info][gc,stats    ]    Subphase: Pause Mark Try Complete                       0.000 / 0.000         0.000 / 0.000         0.000 / 0.000         0.000 / 0.000       ms
[160.303s][info][gc,stats    ]      System: Java Threads                                      0 / 0                79 / 142              79 / 142              79 / 142         threads
[160.303s][info][gc,stats    ] =========================================================================================================================================================
[170.302s][info][gc,stats    ] === Garbage Collection Statistics =======================================================================================================================
[170.302s][info][gc,stats    ]                                                              Last 10s              Last 10m              Last 10h                Total
[170.302s][info][gc,stats    ]                                                              Avg / Max             Avg / Max             Avg / Max             Avg / Max
[170.302s][info][gc,stats    ]   Collector: Garbage Collection Cycle                      0.000 / 0.000       533.622 / 1252.248    533.622 / 1252.248    533.622 / 1252.248    ms
[170.302s][info][gc,stats    ]  Contention: Mark Segment Reset Contention                     0 / 0                 0 / 1                 0 / 1                 0 / 1           ops/s
[170.302s][info][gc,stats    ]  Contention: Mark SeqNum Reset Contention                      0 / 0                 0 / 0                 0 / 0                 0 / 0           ops/s
[170.302s][info][gc,stats    ]    Critical: Allocation Stall                                  0 / 0                 0 / 0                 0 / 0                 0 / 0           ops/s
[170.302s][info][gc,stats    ]    Critical: Allocation Stall                              0.000 / 0.000         0.000 / 0.000         0.000 / 0.000         0.000 / 0.000       ms
[170.302s][info][gc,stats    ]    Critical: GC Locker Stall                                   0 / 0                 0 / 1                 0 / 1                 0 / 1           ops/s
[170.302s][info][gc,stats    ]    Critical: GC Locker Stall                               0.000 / 0.000         0.016 / 0.016         0.016 / 0.016         0.016 / 0.016       ms
[170.302s][info][gc,stats    ]    Critical: Relocation Stall                                  0 / 0                 0 / 0                 0 / 0                 0 / 0           ops/s
[170.302s][info][gc,stats    ]    Critical: Relocation Stall                              0.000 / 0.000         0.000 / 0.000         0.000 / 0.000         0.000 / 0.000       ms
[170.302s][info][gc,stats    ]      Memory: Allocation Rate                                  46 / 56               12 / 168              12 / 168              12 / 168         MB/s
[170.302s][info][gc,stats    ]      Memory: Defragment                                        0 / 0                 0 / 9                 0 / 9                 0 / 9           ops/s
[170.302s][info][gc,stats    ]      Memory: Out Of Memory                                     0 / 0                 0 / 0                 0 / 0                 0 / 0           ops/s
[170.302s][info][gc,stats    ]      Memory: Page Cache Flush                                  0 / 0                 0 / 18                0 / 18                0 / 18          MB/s
[170.302s][info][gc,stats    ]      Memory: Page Cache Hit L1                                 0 / 1                 3 / 52                3 / 52                3 / 52          ops/s
[170.302s][info][gc,stats    ]      Memory: Page Cache Hit L2                                 0 / 0                 0 / 0                 0 / 0                 0 / 0           ops/s
[170.302s][info][gc,stats    ]      Memory: Page Cache Hit L3                                 0 / 0                 0 / 25                0 / 25                0 / 25          ops/s
[170.302s][info][gc,stats    ]      Memory: Page Cache Miss                                  23 / 28                2 / 28                2 / 28                2 / 28          ops/s
[170.302s][info][gc,stats    ]      Memory: Uncommit                                          0 / 0                 0 / 0                 0 / 0                 0 / 0           MB/s
[170.302s][info][gc,stats    ]      Memory: Undo Object Allocation Failed                     0 / 0                 0 / 0                 0 / 0                 0 / 0           ops/s
[170.302s][info][gc,stats    ]      Memory: Undo Object Allocation Succeeded                  0 / 0                 0 / 5                 0 / 5                 0 / 5           ops/s
[170.302s][info][gc,stats    ]      Memory: Undo Page Allocation                              0 / 1                 0 / 7                 0 / 7                 0 / 7           ops/s
[170.302s][info][gc,stats    ]       Phase: Concurrent Mark                               0.000 / 0.000       401.946 / 856.140     401.946 / 856.140     401.946 / 856.140     ms
[170.302s][info][gc,stats    ]       Phase: Concurrent Mark Continue                      0.000 / 0.000         0.000 / 0.000         0.000 / 0.000         0.000 / 0.000       ms
[170.302s][info][gc,stats    ]       Phase: Concurrent Mark Free                          0.000 / 0.000         0.013 / 0.018         0.013 / 0.018         0.013 / 0.018       ms
[170.302s][info][gc,stats    ]       Phase: Concurrent Process Non-Strong References      0.000 / 0.000        63.505 / 237.119      63.505 / 237.119      63.505 / 237.119     ms
[170.303s][info][gc,stats    ]       Phase: Concurrent Relocate                           0.000 / 0.000        55.681 / 127.733      55.681 / 127.733      55.681 / 127.733     ms
[170.303s][info][gc,stats    ]       Phase: Concurrent Reset Relocation Set               0.000 / 0.000         0.046 / 0.154         0.046 / 0.154         0.046 / 0.154       ms
[170.303s][info][gc,stats    ]       Phase: Concurrent Select Relocation Set              0.000 / 0.000        10.203 / 29.706       10.203 / 29.706       10.203 / 29.706      ms
[170.303s][info][gc,stats    ]       Phase: Pause Mark End                                0.000 / 0.000         0.038 / 0.048         0.038 / 0.048         0.038 / 0.048       ms
[170.303s][info][gc,stats    ]       Phase: Pause Mark Start                              0.000 / 0.000         0.053 / 0.076         0.053 / 0.076         0.053 / 0.076       ms
[170.303s][info][gc,stats    ]       Phase: Pause Relocate Start                          0.000 / 0.000         0.030 / 0.041         0.030 / 0.041         0.030 / 0.041       ms
[170.303s][info][gc,stats    ]    Subphase: Concurrent Classes Purge                      0.000 / 0.000         4.396 / 11.969        4.396 / 11.969        4.396 / 11.969      ms
[170.303s][info][gc,stats    ]    Subphase: Concurrent Classes Unlink                     0.000 / 0.000        51.572 / 200.720      51.572 / 200.720      51.572 / 200.720     ms
[170.303s][info][gc,stats    ]    Subphase: Concurrent Mark                               0.000 / 0.000       398.510 / 853.962     398.510 / 853.962     398.510 / 853.962     ms
[170.303s][info][gc,stats    ]    Subphase: Concurrent Mark Try Flush                     0.000 / 0.000         0.611 / 3.207         0.611 / 3.207         0.611 / 3.207       ms
[170.303s][info][gc,stats    ]    Subphase: Concurrent Mark Try Terminate                 0.000 / 0.000         1.100 / 6.929         1.100 / 6.929         1.100 / 6.929       ms
[170.303s][info][gc,stats    ]    Subphase: Concurrent References Enqueue                 0.000 / 0.000         0.896 / 4.443         0.896 / 4.443         0.896 / 4.443       ms
[170.303s][info][gc,stats    ]    Subphase: Concurrent References Process                 0.000 / 0.000         0.305 / 0.448         0.305 / 0.448         0.305 / 0.448       ms
[170.303s][info][gc,stats    ]    Subphase: Concurrent Roots ClassLoaderDataGraph         0.000 / 0.000         0.327 / 0.716         0.327 / 0.716         0.327 / 0.716       ms
[170.303s][info][gc,stats    ]    Subphase: Concurrent Roots CodeCache                    0.000 / 0.000         0.000 / 0.000         0.000 / 0.000         0.000 / 0.000       ms
[170.303s][info][gc,stats    ]    Subphase: Concurrent Roots JavaThreads                  0.000 / 0.000         1.709 / 5.275         1.709 / 5.275         1.709 / 5.275       ms
[170.303s][info][gc,stats    ]    Subphase: Concurrent Roots OopStorageSet                0.000 / 0.000         0.326 / 1.277         0.326 / 1.277         0.326 / 1.277       ms
[170.303s][info][gc,stats    ]    Subphase: Concurrent Weak Roots OopStorageSet           0.000 / 0.000         4.009 / 19.037        4.009 / 19.037        4.009 / 19.037      ms
[170.303s][info][gc,stats    ]    Subphase: Pause Mark Try Complete                       0.000 / 0.000         0.000 / 0.000         0.000 / 0.000         0.000 / 0.000       ms
[170.303s][info][gc,stats    ]      System: Java Threads                                      0 / 0                79 / 142              79 / 142              79 / 142         threads
[170.303s][info][gc,stats    ] =========================================================================================================================================================
[180.303s][info][gc,stats    ] === Garbage Collection Statistics =======================================================================================================================
[180.303s][info][gc,stats    ]                                                              Last 10s              Last 10m              Last 10h                Total
[180.303s][info][gc,stats    ]                                                              Avg / Max             Avg / Max             Avg / Max             Avg / Max
[180.303s][info][gc,stats    ]   Collector: Garbage Collection Cycle                      0.000 / 0.000       533.622 / 1252.248    533.622 / 1252.248    533.622 / 1252.248    ms
[180.303s][info][gc,stats    ]  Contention: Mark Segment Reset Contention                     0 / 0                 0 / 1                 0 / 1                 0 / 1           ops/s
[180.303s][info][gc,stats    ]  Contention: Mark SeqNum Reset Contention                      0 / 0                 0 / 0                 0 / 0                 0 / 0           ops/s
[180.303s][info][gc,stats    ]    Critical: Allocation Stall                                  0 / 0                 0 / 0                 0 / 0                 0 / 0           ops/s
[180.303s][info][gc,stats    ]    Critical: Allocation Stall                              0.000 / 0.000         0.000 / 0.000         0.000 / 0.000         0.000 / 0.000       ms
[180.303s][info][gc,stats    ]    Critical: GC Locker Stall                                   0 / 0                 0 / 1                 0 / 1                 0 / 1           ops/s
[180.303s][info][gc,stats    ]    Critical: GC Locker Stall                               0.000 / 0.000         0.016 / 0.016         0.016 / 0.016         0.016 / 0.016       ms
[180.303s][info][gc,stats    ]    Critical: Relocation Stall                                  0 / 0                 0 / 0                 0 / 0                 0 / 0           ops/s
[180.303s][info][gc,stats    ]    Critical: Relocation Stall                              0.000 / 0.000         0.000 / 0.000         0.000 / 0.000         0.000 / 0.000       ms
[180.303s][info][gc,stats    ]      Memory: Allocation Rate                                   0 / 2                12 / 168              12 / 168              12 / 168         MB/s
[180.303s][info][gc,stats    ]      Memory: Defragment                                        0 / 0                 0 / 9                 0 / 9                 0 / 9           ops/s
[180.303s][info][gc,stats    ]      Memory: Out Of Memory                                     0 / 0                 0 / 0                 0 / 0                 0 / 0           ops/s
[180.303s][info][gc,stats    ]      Memory: Page Cache Flush                                  0 / 0                 0 / 18                0 / 18                0 / 18          MB/s
[180.303s][info][gc,stats    ]      Memory: Page Cache Hit L1                                 0 / 0                 2 / 52                2 / 52                2 / 52          ops/s
[180.303s][info][gc,stats    ]      Memory: Page Cache Hit L2                                 0 / 0                 0 / 0                 0 / 0                 0 / 0           ops/s
[180.303s][info][gc,stats    ]      Memory: Page Cache Hit L3                                 0 / 0                 0 / 25                0 / 25                0 / 25          ops/s
[180.303s][info][gc,stats    ]      Memory: Page Cache Miss                                   0 / 1                 2 / 28                2 / 28                2 / 28          ops/s
[180.303s][info][gc,stats    ]      Memory: Uncommit                                          0 / 0                 0 / 0                 0 / 0                 0 / 0           MB/s
[180.303s][info][gc,stats    ]      Memory: Undo Object Allocation Failed                     0 / 0                 0 / 0                 0 / 0                 0 / 0           ops/s
[180.303s][info][gc,stats    ]      Memory: Undo Object Allocation Succeeded                  0 / 0                 0 / 5                 0 / 5                 0 / 5           ops/s
[180.303s][info][gc,stats    ]      Memory: Undo Page Allocation                              0 / 0                 0 / 7                 0 / 7                 0 / 7           ops/s
[180.303s][info][gc,stats    ]       Phase: Concurrent Mark                               0.000 / 0.000       401.946 / 856.140     401.946 / 856.140     401.946 / 856.140     ms
[180.303s][info][gc,stats    ]       Phase: Concurrent Mark Continue                      0.000 / 0.000         0.000 / 0.000         0.000 / 0.000         0.000 / 0.000       ms
[180.303s][info][gc,stats    ]       Phase: Concurrent Mark Free                          0.000 / 0.000         0.013 / 0.018         0.013 / 0.018         0.013 / 0.018       ms
[180.303s][info][gc,stats    ]       Phase: Concurrent Process Non-Strong References      0.000 / 0.000        63.505 / 237.119      63.505 / 237.119      63.505 / 237.119     ms
[180.303s][info][gc,stats    ]       Phase: Concurrent Relocate                           0.000 / 0.000        55.681 / 127.733      55.681 / 127.733      55.681 / 127.733     ms
[180.303s][info][gc,stats    ]       Phase: Concurrent Reset Relocation Set               0.000 / 0.000         0.046 / 0.154         0.046 / 0.154         0.046 / 0.154       ms
[180.303s][info][gc,stats    ]       Phase: Concurrent Select Relocation Set              0.000 / 0.000        10.203 / 29.706       10.203 / 29.706       10.203 / 29.706      ms
[180.303s][info][gc,stats    ]       Phase: Pause Mark End                                0.000 / 0.000         0.038 / 0.048         0.038 / 0.048         0.038 / 0.048       ms
[180.303s][info][gc,stats    ]       Phase: Pause Mark Start                              0.000 / 0.000         0.053 / 0.076         0.053 / 0.076         0.053 / 0.076       ms
[180.303s][info][gc,stats    ]       Phase: Pause Relocate Start                          0.000 / 0.000         0.030 / 0.041         0.030 / 0.041         0.030 / 0.041       ms
[180.303s][info][gc,stats    ]    Subphase: Concurrent Classes Purge                      0.000 / 0.000         4.396 / 11.969        4.396 / 11.969        4.396 / 11.969      ms
[180.304s][info][gc,stats    ]    Subphase: Concurrent Classes Unlink                     0.000 / 0.000        51.572 / 200.720      51.572 / 200.720      51.572 / 200.720     ms
[180.304s][info][gc,stats    ]    Subphase: Concurrent Mark                               0.000 / 0.000       398.510 / 853.962     398.510 / 853.962     398.510 / 853.962     ms
[180.304s][info][gc,stats    ]    Subphase: Concurrent Mark Try Flush                     0.000 / 0.000         0.611 / 3.207         0.611 / 3.207         0.611 / 3.207       ms
[180.304s][info][gc,stats    ]    Subphase: Concurrent Mark Try Terminate                 0.000 / 0.000         1.100 / 6.929         1.100 / 6.929         1.100 / 6.929       ms
[180.304s][info][gc,stats    ]    Subphase: Concurrent References Enqueue                 0.000 / 0.000         0.896 / 4.443         0.896 / 4.443         0.896 / 4.443       ms
[180.304s][info][gc,stats    ]    Subphase: Concurrent References Process                 0.000 / 0.000         0.305 / 0.448         0.305 / 0.448         0.305 / 0.448       ms
[180.304s][info][gc,stats    ]    Subphase: Concurrent Roots ClassLoaderDataGraph         0.000 / 0.000         0.327 / 0.716         0.327 / 0.716         0.327 / 0.716       ms
[180.304s][info][gc,stats    ]    Subphase: Concurrent Roots CodeCache                    0.000 / 0.000         0.000 / 0.000         0.000 / 0.000         0.000 / 0.000       ms
[180.304s][info][gc,stats    ]    Subphase: Concurrent Roots JavaThreads                  0.000 / 0.000         1.709 / 5.275         1.709 / 5.275         1.709 / 5.275       ms
[180.304s][info][gc,stats    ]    Subphase: Concurrent Roots OopStorageSet                0.000 / 0.000         0.326 / 1.277         0.326 / 1.277         0.326 / 1.277       ms
[180.304s][info][gc,stats    ]    Subphase: Concurrent Weak Roots OopStorageSet           0.000 / 0.000         4.009 / 19.037        4.009 / 19.037        4.009 / 19.037      ms
[180.304s][info][gc,stats    ]    Subphase: Pause Mark Try Complete                       0.000 / 0.000         0.000 / 0.000         0.000 / 0.000         0.000 / 0.000       ms
[180.304s][info][gc,stats    ]      System: Java Threads                                      0 / 0                79 / 142              79 / 142              79 / 142         threads
[180.304s][info][gc,stats    ] =========================================================================================================================================================
