[0.010s][info][gc,init] Initializing The Z Garbage Collector
[0.010s][info][gc,init] Version: 21.0.7+6-Ubuntu-0ubuntu122.04 (release)
[0.010s][info][gc,init] Using legacy single-generation mode
[0.010s][info][gc,init] NUMA Support: Disabled
[0.010s][info][gc,init] CPUs: 4 total, 4 available
[0.010s][info][gc,init] Memory: 7937M
[0.010s][info][gc,init] Large Page Support: Disabled
[0.010s][info][gc,init] GC Workers: 2 (dynamic)
[0.010s][info][gc,init] Address Space Type: Contiguous/Unrestricted/Complete
[0.010s][info][gc,init] Address Space Size: 31776M x 3 = 95328M
[0.010s][info][gc,init] Heap Backing File: /memfd:java_heap
[0.010s][info][gc,init] Heap Backing Filesystem: tmpfs (0x1021994)
[0.010s][info][gc,init] Min Capacity: 8M
[0.010s][info][gc,init] Initial Capacity: 126M
[0.010s][info][gc,init] Max Capacity: 1986M
[0.010s][info][gc,init] Medium Page Size: 32M
[0.010s][info][gc,init] Pre-touch: Disabled
[0.010s][info][gc,init] Available space on backing filesystem: N/A
[0.012s][info][gc,init] Uncommit: Enabled
[0.012s][info][gc,init] Uncommit Delay: 300s
[0.055s][info][gc,init] Runtime Workers: 8
[0.055s][info][gc     ] Using The Z Garbage Collector
[0.062s][info][gc,metaspace] CDS archive(s) mapped at: [0x00007f5ec7000000-0x00007f5ec7c98000-0x00007f5ec7c98000), size 13205504, SharedBaseAddress: 0x00007f5ec7000000, ArchiveRelocationMode: 1.
[0.062s][info][gc,metaspace] Compressed class space mapped at: 0x00007f5ec8000000-0x00007f5f08000000, reserved size: 1073741824
[0.062s][info][gc,metaspace] Narrow klass base: 0x00007f5ec7000000, Narrow klass shift: 0, Narrow klass range: 0x100000000
[1.255s][info][gc,start    ] GC(0) Garbage Collection (Metadata GC Threshold)
[1.255s][info][gc,task     ] GC(0) Using 2 workers
[1.255s][info][gc,phases   ] GC(0) Pause Mark Start 0.036ms
[1.316s][info][gc,phases   ] GC(0) Concurrent Mark 60.587ms
[1.316s][info][gc,phases   ] GC(0) Pause Mark End 0.017ms
[1.316s][info][gc,phases   ] GC(0) Concurrent Mark Free 0.004ms
[1.320s][info][gc,phases   ] GC(0) Concurrent Process Non-Strong References 4.412ms
[1.320s][info][gc,phases   ] GC(0) Concurrent Reset Relocation Set 0.003ms
[1.326s][info][gc,phases   ] GC(0) Concurrent Select Relocation Set 5.492ms
[1.326s][info][gc,phases   ] GC(0) Pause Relocate Start 0.012ms
[1.335s][info][gc,phases   ] GC(0) Concurrent Relocate 9.547ms
[1.335s][info][gc,load     ] GC(0) Load: 0.45/0.36/0.17
[1.335s][info][gc,mmu      ] GC(0) MMU: 2ms/98.2%, 5ms/99.3%, 10ms/99.6%, 20ms/99.8%, 50ms/99.9%, 100ms/99.9%
[1.336s][info][gc,marking  ] GC(0) Mark: 2 stripe(s), 2 proactive flush(es), 1 terminate flush(es), 0 completion(s), 0 continuation(s) 
[1.336s][info][gc,marking  ] GC(0) Mark Stack Usage: 32M
[1.336s][info][gc,nmethod  ] GC(0) NMethods: 1965 registered, 405 unregistered
[1.336s][info][gc,metaspace] GC(0) Metaspace: 21M used, 22M committed, 1088M reserved
[1.336s][info][gc,ref      ] GC(0) Soft: 3977 encountered, 0 discovered, 0 enqueued
[1.336s][info][gc,ref      ] GC(0) Weak: 2158 encountered, 623 discovered, 492 enqueued
[1.336s][info][gc,ref      ] GC(0) Final: 4 encountered, 1 discovered, 0 enqueued
[1.336s][info][gc,ref      ] GC(0) Phantom: 821 encountered, 433 discovered, 169 enqueued
[1.336s][info][gc,reloc    ] GC(0) Small Pages: 79 / 158M, Empty: 0M, Relocated: 11M, In-Place: 0
[1.336s][info][gc,reloc    ] GC(0) Medium Pages: 1 / 32M, Empty: 0M, Relocated: 0M, In-Place: 0
[1.336s][info][gc,reloc    ] GC(0) Large Pages: 0 / 0M, Empty: 0M, Relocated: 0M, In-Place: 0
[1.336s][info][gc,reloc    ] GC(0) Forwarding Usage: 4M
[1.336s][info][gc,heap     ] GC(0) Min Capacity: 8M(0%)
[1.336s][info][gc,heap     ] GC(0) Max Capacity: 1986M(100%)
[1.336s][info][gc,heap     ] GC(0) Soft Max Capacity: 1986M(100%)
[1.336s][info][gc,heap     ] GC(0)                Mark Start          Mark End        Relocate Start      Relocate End           High               Low         
[1.336s][info][gc,heap     ] GC(0)  Capacity:      190M (10%)         198M (10%)         200M (10%)         204M (10%)         204M (10%)         190M (10%)    
[1.336s][info][gc,heap     ] GC(0)      Free:     1796M (90%)        1788M (90%)        1786M (90%)        1860M (94%)        1860M (94%)        1782M (90%)    
[1.336s][info][gc,heap     ] GC(0)      Used:      190M (10%)         198M (10%)         200M (10%)         126M (6%)          204M (10%)         126M (6%)     
[1.336s][info][gc,heap     ] GC(0)      Live:         -                88M (4%)           88M (4%)           88M (4%)             -                  -          
[1.336s][info][gc,heap     ] GC(0) Allocated:         -                 8M (0%)           10M (1%)            9M (0%)             -                  -          
[1.336s][info][gc,heap     ] GC(0)   Garbage:         -               101M (5%)          101M (5%)           27M (1%)             -                  -          
[1.336s][info][gc,heap     ] GC(0) Reclaimed:         -                  -                 0M (0%)           73M (4%)             -                  -          
[1.336s][info][gc          ] GC(0) Garbage Collection (Metadata GC Threshold) 190M(10%)->126M(6%)
[1.673s][info][gc,start    ] GC(1) Garbage Collection (Warmup)
[1.673s][info][gc,task     ] GC(1) Using 2 workers
[1.693s][info][gc,phases   ] GC(1) Pause Mark Start 0.094ms
[1.785s][info][gc,phases   ] GC(1) Concurrent Mark 91.613ms
[1.785s][info][gc,phases   ] GC(1) Pause Mark End 0.027ms
[1.785s][info][gc,phases   ] GC(1) Concurrent Mark Free 0.006ms
[1.790s][info][gc,phases   ] GC(1) Concurrent Process Non-Strong References 4.838ms
[1.790s][info][gc,phases   ] GC(1) Concurrent Reset Relocation Set 0.007ms
[1.791s][info][gc,phases   ] GC(1) Concurrent Select Relocation Set 1.621ms
[1.791s][info][gc,phases   ] GC(1) Pause Relocate Start 0.021ms
[1.820s][info][gc,phases   ] GC(1) Concurrent Relocate 28.556ms
[1.820s][info][gc,load     ] GC(1) Load: 0.45/0.36/0.17
[1.820s][info][gc,mmu      ] GC(1) MMU: 2ms/95.3%, 5ms/98.1%, 10ms/99.1%, 20ms/99.5%, 50ms/99.8%, 100ms/99.9%
[1.820s][info][gc,marking  ] GC(1) Mark: 2 stripe(s), 2 proactive flush(es), 1 terminate flush(es), 0 completion(s), 0 continuation(s) 
[1.820s][info][gc,marking  ] GC(1) Mark Stack Usage: 32M
[1.820s][info][gc,nmethod  ] GC(1) NMethods: 2263 registered, 498 unregistered
[1.820s][info][gc,metaspace] GC(1) Metaspace: 27M used, 28M committed, 1088M reserved
[1.820s][info][gc,ref      ] GC(1) Soft: 4089 encountered, 0 discovered, 0 enqueued
[1.820s][info][gc,ref      ] GC(1) Weak: 1931 encountered, 625 discovered, 84 enqueued
[1.820s][info][gc,ref      ] GC(1) Final: 4 encountered, 0 discovered, 0 enqueued
[1.820s][info][gc,ref      ] GC(1) Phantom: 680 encountered, 400 discovered, 87 enqueued
[1.820s][info][gc,reloc    ] GC(1) Small Pages: 76 / 152M, Empty: 28M, Relocated: 6M, In-Place: 0
[1.820s][info][gc,reloc    ] GC(1) Medium Pages: 2 / 64M, Empty: 0M, Relocated: 9M, In-Place: 0
[1.820s][info][gc,reloc    ] GC(1) Large Pages: 0 / 0M, Empty: 0M, Relocated: 0M, In-Place: 0
[1.820s][info][gc,reloc    ] GC(1) Forwarding Usage: 2M
[1.820s][info][gc,heap     ] GC(1) Min Capacity: 8M(0%)
[1.820s][info][gc,heap     ] GC(1) Max Capacity: 1986M(100%)
[1.820s][info][gc,heap     ] GC(1) Soft Max Capacity: 1986M(100%)
[1.820s][info][gc,heap     ] GC(1)                Mark Start          Mark End        Relocate Start      Relocate End           High               Low         
[1.820s][info][gc,heap     ] GC(1)  Capacity:      236M (12%)         268M (13%)         268M (13%)         300M (15%)         300M (15%)         236M (12%)    
[1.820s][info][gc,heap     ] GC(1)      Free:     1770M (89%)        1722M (87%)        1746M (88%)        1818M (92%)        1818M (92%)        1714M (86%)    
[1.820s][info][gc,heap     ] GC(1)      Used:      216M (11%)         264M (13%)         240M (12%)         168M (8%)          272M (14%)         168M (8%)     
[1.820s][info][gc,heap     ] GC(1)      Live:         -                91M (5%)           91M (5%)           91M (5%)             -                  -          
[1.820s][info][gc,heap     ] GC(1) Allocated:         -                48M (2%)           52M (3%)           51M (3%)             -                  -          
[1.820s][info][gc,heap     ] GC(1)   Garbage:         -               124M (6%)           96M (5%)           24M (1%)             -                  -          
[1.820s][info][gc,heap     ] GC(1) Reclaimed:         -                  -                28M (1%)           99M (5%)             -                  -          
[1.820s][info][gc          ] GC(1) Garbage Collection (Warmup) 216M(11%)->168M(8%)
[3.374s][info][gc,start    ] GC(2) Garbage Collection (Warmup)
[3.374s][info][gc,task     ] GC(2) Using 2 workers
[3.375s][info][gc,phases   ] GC(2) Pause Mark Start 0.044ms
[3.492s][info][gc,phases   ] GC(2) Concurrent Mark 116.352ms
[3.492s][info][gc,phases   ] GC(2) Pause Mark End 0.034ms
[3.492s][info][gc,phases   ] GC(2) Concurrent Mark Free 0.008ms
[3.500s][info][gc,phases   ] GC(2) Concurrent Process Non-Strong References 7.831ms
[3.500s][info][gc,phases   ] GC(2) Concurrent Reset Relocation Set 0.005ms
[3.507s][info][gc,phases   ] GC(2) Concurrent Select Relocation Set 7.007ms
[3.507s][info][gc,phases   ] GC(2) Pause Relocate Start 0.012ms
[3.515s][info][gc,phases   ] GC(2) Concurrent Relocate 8.381ms
[3.515s][info][gc,load     ] GC(2) Load: 0.45/0.36/0.17
[3.515s][info][gc,mmu      ] GC(2) MMU: 2ms/95.3%, 5ms/98.1%, 10ms/99.1%, 20ms/99.5%, 50ms/99.8%, 100ms/99.9%
[3.515s][info][gc,marking  ] GC(2) Mark: 2 stripe(s), 2 proactive flush(es), 1 terminate flush(es), 0 completion(s), 0 continuation(s) 
[3.515s][info][gc,marking  ] GC(2) Mark Stack Usage: 32M
[3.515s][info][gc,nmethod  ] GC(2) NMethods: 2840 registered, 165 unregistered
[3.515s][info][gc,metaspace] GC(2) Metaspace: 42M used, 42M committed, 1088M reserved
[3.515s][info][gc,ref      ] GC(2) Soft: 4381 encountered, 0 discovered, 0 enqueued
[3.515s][info][gc,ref      ] GC(2) Weak: 3286 encountered, 1006 discovered, 475 enqueued
[3.515s][info][gc,ref      ] GC(2) Final: 21 encountered, 0 discovered, 0 enqueued
[3.515s][info][gc,ref      ] GC(2) Phantom: 932 encountered, 808 discovered, 298 enqueued
[3.515s][info][gc,reloc    ] GC(2) Small Pages: 169 / 338M, Empty: 46M, Relocated: 11M, In-Place: 0
[3.515s][info][gc,reloc    ] GC(2) Medium Pages: 2 / 64M, Empty: 32M, Relocated: 0M, In-Place: 0
[3.515s][info][gc,reloc    ] GC(2) Large Pages: 0 / 0M, Empty: 0M, Relocated: 0M, In-Place: 0
[3.515s][info][gc,reloc    ] GC(2) Forwarding Usage: 5M
[3.515s][info][gc,heap     ] GC(2) Min Capacity: 8M(0%)
[3.515s][info][gc,heap     ] GC(2) Max Capacity: 1986M(100%)
[3.515s][info][gc,heap     ] GC(2) Soft Max Capacity: 1986M(100%)
[3.515s][info][gc,heap     ] GC(2)                Mark Start          Mark End        Relocate Start      Relocate End           High               Low         
[3.515s][info][gc,heap     ] GC(2)  Capacity:      402M (20%)         432M (22%)         434M (22%)         434M (22%)         434M (22%)         402M (20%)    
[3.515s][info][gc,heap     ] GC(2)      Free:     1584M (80%)        1554M (78%)        1630M (82%)        1820M (92%)        1820M (92%)        1552M (78%)    
[3.515s][info][gc,heap     ] GC(2)      Used:      402M (20%)         432M (22%)         356M (18%)         166M (8%)          434M (22%)         166M (8%)     
[3.515s][info][gc,heap     ] GC(2)      Live:         -               100M (5%)          100M (5%)          100M (5%)             -                  -          
[3.515s][info][gc,heap     ] GC(2) Allocated:         -                30M (2%)           32M (2%)           37M (2%)             -                  -          
[3.515s][info][gc,heap     ] GC(2)   Garbage:         -               301M (15%)         223M (11%)          27M (1%)             -                  -          
[3.515s][info][gc,heap     ] GC(2) Reclaimed:         -                  -                78M (4%)          273M (14%)            -                  -          
[3.515s][info][gc          ] GC(2) Garbage Collection (Warmup) 402M(20%)->166M(8%)
[10.074s][info][gc,stats    ] === Garbage Collection Statistics =======================================================================================================================
[10.074s][info][gc,stats    ]                                                              Last 10s              Last 10m              Last 10h                Total
[10.074s][info][gc,stats    ]                                                              Avg / Max             Avg / Max             Avg / Max             Avg / Max
[10.074s][info][gc,stats    ]   Collector: Garbage Collection Cycle                    122.946 / 146.855     122.946 / 146.855     122.946 / 146.855     122.946 / 146.855     ms
[10.074s][info][gc,stats    ]  Contention: Mark Segment Reset Contention                     0 / 1                 0 / 1                 0 / 1                 0 / 1           ops/s
[10.074s][info][gc,stats    ]  Contention: Mark SeqNum Reset Contention                      0 / 0                 0 / 0                 0 / 0                 0 / 0           ops/s
[10.074s][info][gc,stats    ]    Critical: Allocation Stall                                  0 / 0                 0 / 0                 0 / 0                 0 / 0           ops/s
[10.074s][info][gc,stats    ]    Critical: Allocation Stall                              0.000 / 0.000         0.000 / 0.000         0.000 / 0.000         0.000 / 0.000       ms
[10.074s][info][gc,stats    ]    Critical: GC Locker Stall                                   0 / 0                 0 / 0                 0 / 0                 0 / 0           ops/s
[10.074s][info][gc,stats    ]    Critical: GC Locker Stall                               0.000 / 0.000         0.000 / 0.000         0.000 / 0.000         0.000 / 0.000       ms
[10.074s][info][gc,stats    ]    Critical: Relocation Stall                                  0 / 0                 0 / 0                 0 / 0                 0 / 0           ops/s
[10.074s][info][gc,stats    ]    Critical: Relocation Stall                              0.000 / 0.000         0.000 / 0.000         0.000 / 0.000         0.000 / 0.000       ms
[10.074s][info][gc,stats    ]      Memory: Allocation Rate                                  78 / 230              78 / 230              78 / 230              78 / 230         MB/s
[10.074s][info][gc,stats    ]      Memory: Defragment                                        1 / 16                1 / 16                1 / 16                1 / 16          ops/s
[10.074s][info][gc,stats    ]      Memory: Out Of Memory                                     0 / 0                 0 / 0                 0 / 0                 0 / 0           ops/s
[10.074s][info][gc,stats    ]      Memory: Page Cache Flush                                  3 / 26                3 / 26                3 / 26                3 / 26          MB/s
[10.074s][info][gc,stats    ]      Memory: Page Cache Hit L1                                16 / 56               16 / 56               16 / 56               16 / 56          ops/s
[10.074s][info][gc,stats    ]      Memory: Page Cache Hit L2                                 0 / 0                 0 / 0                 0 / 0                 0 / 0           ops/s
[10.074s][info][gc,stats    ]      Memory: Page Cache Hit L3                                 7 / 47                7 / 47                7 / 47                7 / 47          ops/s
[10.074s][info][gc,stats    ]      Memory: Page Cache Miss                                  11 / 65               11 / 65               11 / 65               11 / 65          ops/s
[10.075s][info][gc,stats    ]      Memory: Uncommit                                          0 / 0                 0 / 0                 0 / 0                 0 / 0           MB/s
[10.075s][info][gc,stats    ]      Memory: Undo Object Allocation Failed                     0 / 0                 0 / 0                 0 / 0                 0 / 0           ops/s
[10.075s][info][gc,stats    ]      Memory: Undo Object Allocation Succeeded                  0 / 0                 0 / 0                 0 / 0                 0 / 0           ops/s
[10.075s][info][gc,stats    ]      Memory: Undo Page Allocation                              1 / 8                 1 / 8                 1 / 8                 1 / 8           ops/s
[10.075s][info][gc,stats    ]       Phase: Concurrent Mark                              89.517 / 116.352      89.517 / 116.352      89.517 / 116.352      89.517 / 116.352     ms
[10.075s][info][gc,stats    ]       Phase: Concurrent Mark Continue                      0.000 / 0.000         0.000 / 0.000         0.000 / 0.000         0.000 / 0.000       ms
[10.075s][info][gc,stats    ]       Phase: Concurrent Mark Free                          0.006 / 0.008         0.006 / 0.008         0.006 / 0.008         0.006 / 0.008       ms
[10.075s][info][gc,stats    ]       Phase: Concurrent Process Non-Strong References      5.694 / 7.831         5.694 / 7.831         5.694 / 7.831         5.694 / 7.831       ms
[10.075s][info][gc,stats    ]       Phase: Concurrent Relocate                          15.494 / 28.556       15.494 / 28.556       15.494 / 28.556       15.494 / 28.556      ms
[10.075s][info][gc,stats    ]       Phase: Concurrent Reset Relocation Set               0.005 / 0.007         0.005 / 0.007         0.005 / 0.007         0.005 / 0.007       ms
[10.075s][info][gc,stats    ]       Phase: Concurrent Select Relocation Set              4.707 / 7.007         4.707 / 7.007         4.707 / 7.007         4.707 / 7.007       ms
[10.075s][info][gc,stats    ]       Phase: Pause Mark End                                0.026 / 0.034         0.026 / 0.034         0.026 / 0.034         0.026 / 0.034       ms
[10.075s][info][gc,stats    ]       Phase: Pause Mark Start                              0.058 / 0.094         0.058 / 0.094         0.058 / 0.094         0.058 / 0.094       ms
[10.075s][info][gc,stats    ]       Phase: Pause Relocate Start                          0.015 / 0.021         0.015 / 0.021         0.015 / 0.021         0.015 / 0.021       ms
[10.075s][info][gc,stats    ]    Subphase: Concurrent Classes Purge                      1.127 / 2.038         1.127 / 2.038         1.127 / 2.038         1.127 / 2.038       ms
[10.075s][info][gc,stats    ]    Subphase: Concurrent Classes Unlink                     2.501 / 3.077         2.501 / 3.077         2.501 / 3.077         2.501 / 3.077       ms
[10.075s][info][gc,stats    ]    Subphase: Concurrent Mark                              88.117 / 115.699      88.117 / 115.699      88.117 / 115.699      88.117 / 115.699     ms
[10.075s][info][gc,stats    ]    Subphase: Concurrent Mark Try Flush                     0.851 / 4.263         0.851 / 4.263         0.851 / 4.263         0.851 / 4.263       ms
[10.075s][info][gc,stats    ]    Subphase: Concurrent Mark Try Terminate                 0.745 / 1.073         0.745 / 1.073         0.745 / 1.073         0.745 / 1.073       ms
[10.075s][info][gc,stats    ]    Subphase: Concurrent References Enqueue                 0.007 / 0.007         0.007 / 0.007         0.007 / 0.007         0.007 / 0.007       ms
[10.075s][info][gc,stats    ]    Subphase: Concurrent References Process                 0.153 / 0.219         0.153 / 0.219         0.153 / 0.219         0.153 / 0.219       ms
[10.075s][info][gc,stats    ]    Subphase: Concurrent Roots ClassLoaderDataGraph         0.269 / 0.593         0.269 / 0.593         0.269 / 0.593         0.269 / 0.593       ms
[10.075s][info][gc,stats    ]    Subphase: Concurrent Roots CodeCache                    0.000 / 0.000         0.000 / 0.000         0.000 / 0.000         0.000 / 0.000       ms
[10.075s][info][gc,stats    ]    Subphase: Concurrent Roots JavaThreads                  0.458 / 0.918         0.458 / 0.918         0.458 / 0.918         0.458 / 0.918       ms
[10.075s][info][gc,stats    ]    Subphase: Concurrent Roots OopStorageSet                0.096 / 0.142         0.096 / 0.142         0.096 / 0.142         0.096 / 0.142       ms
[10.075s][info][gc,stats    ]    Subphase: Concurrent Weak Roots OopStorageSet           0.603 / 0.852         0.603 / 0.852         0.603 / 0.852         0.603 / 0.852       ms
[10.075s][info][gc,stats    ]    Subphase: Pause Mark Try Complete                       0.000 / 0.000         0.000 / 0.000         0.000 / 0.000         0.000 / 0.000       ms
[10.075s][info][gc,stats    ]      System: Java Threads                                     22 / 30               22 / 30               22 / 30               22 / 30          threads
[10.075s][info][gc,stats    ] =========================================================================================================================================================
[20.074s][info][gc,stats    ] === Garbage Collection Statistics =======================================================================================================================
[20.074s][info][gc,stats    ]                                                              Last 10s              Last 10m              Last 10h                Total
[20.074s][info][gc,stats    ]                                                              Avg / Max             Avg / Max             Avg / Max             Avg / Max
[20.074s][info][gc,stats    ]   Collector: Garbage Collection Cycle                      0.000 / 0.000       122.946 / 146.855     122.946 / 146.855     122.946 / 146.855     ms
[20.074s][info][gc,stats    ]  Contention: Mark Segment Reset Contention                     0 / 0                 0 / 1                 0 / 1                 0 / 1           ops/s
[20.074s][info][gc,stats    ]  Contention: Mark SeqNum Reset Contention                      0 / 0                 0 / 0                 0 / 0                 0 / 0           ops/s
[20.074s][info][gc,stats    ]    Critical: Allocation Stall                                  0 / 0                 0 / 0                 0 / 0                 0 / 0           ops/s
[20.074s][info][gc,stats    ]    Critical: Allocation Stall                              0.000 / 0.000         0.000 / 0.000         0.000 / 0.000         0.000 / 0.000       ms
[20.074s][info][gc,stats    ]    Critical: GC Locker Stall                                   0 / 0                 0 / 0                 0 / 0                 0 / 0           ops/s
[20.074s][info][gc,stats    ]    Critical: GC Locker Stall                               0.000 / 0.000         0.000 / 0.000         0.000 / 0.000         0.000 / 0.000       ms
[20.074s][info][gc,stats    ]    Critical: Relocation Stall                                  0 / 0                 0 / 0                 0 / 0                 0 / 0           ops/s
[20.074s][info][gc,stats    ]    Critical: Relocation Stall                              0.000 / 0.000         0.000 / 0.000         0.000 / 0.000         0.000 / 0.000       ms
[20.074s][info][gc,stats    ]      Memory: Allocation Rate                                   0 / 4                39 / 230              39 / 230              39 / 230         MB/s
[20.074s][info][gc,stats    ]      Memory: Defragment                                        0 / 0                 0 / 16                0 / 16                0 / 16          ops/s
[20.074s][info][gc,stats    ]      Memory: Out Of Memory                                     0 / 0                 0 / 0                 0 / 0                 0 / 0           ops/s
[20.074s][info][gc,stats    ]      Memory: Page Cache Flush                                  0 / 0                 1 / 26                1 / 26                1 / 26          MB/s
[20.074s][info][gc,stats    ]      Memory: Page Cache Hit L1                                 0 / 2                 8 / 56                8 / 56                8 / 56          ops/s
[20.075s][info][gc,stats    ]      Memory: Page Cache Hit L2                                 0 / 0                 0 / 0                 0 / 0                 0 / 0           ops/s
[20.075s][info][gc,stats    ]      Memory: Page Cache Hit L3                                 0 / 0                 3 / 47                3 / 47                3 / 47          ops/s
[20.075s][info][gc,stats    ]      Memory: Page Cache Miss                                   0 / 0                 5 / 65                5 / 65                5 / 65          ops/s
[20.075s][info][gc,stats    ]      Memory: Uncommit                                          0 / 0                 0 / 0                 0 / 0                 0 / 0           MB/s
[20.075s][info][gc,stats    ]      Memory: Undo Object Allocation Failed                     0 / 0                 0 / 0                 0 / 0                 0 / 0           ops/s
[20.075s][info][gc,stats    ]      Memory: Undo Object Allocation Succeeded                  0 / 0                 0 / 0                 0 / 0                 0 / 0           ops/s
[20.075s][info][gc,stats    ]      Memory: Undo Page Allocation                              0 / 0                 0 / 8                 0 / 8                 0 / 8           ops/s
[20.075s][info][gc,stats    ]       Phase: Concurrent Mark                               0.000 / 0.000        89.517 / 116.352      89.517 / 116.352      89.517 / 116.352     ms
[20.075s][info][gc,stats    ]       Phase: Concurrent Mark Continue                      0.000 / 0.000         0.000 / 0.000         0.000 / 0.000         0.000 / 0.000       ms
[20.075s][info][gc,stats    ]       Phase: Concurrent Mark Free                          0.000 / 0.000         0.006 / 0.008         0.006 / 0.008         0.006 / 0.008       ms
[20.075s][info][gc,stats    ]       Phase: Concurrent Process Non-Strong References      0.000 / 0.000         5.694 / 7.831         5.694 / 7.831         5.694 / 7.831       ms
[20.075s][info][gc,stats    ]       Phase: Concurrent Relocate                           0.000 / 0.000        15.494 / 28.556       15.494 / 28.556       15.494 / 28.556      ms
[20.075s][info][gc,stats    ]       Phase: Concurrent Reset Relocation Set               0.000 / 0.000         0.005 / 0.007         0.005 / 0.007         0.005 / 0.007       ms
[20.075s][info][gc,stats    ]       Phase: Concurrent Select Relocation Set              0.000 / 0.000         4.707 / 7.007         4.707 / 7.007         4.707 / 7.007       ms
[20.075s][info][gc,stats    ]       Phase: Pause Mark End                                0.000 / 0.000         0.026 / 0.034         0.026 / 0.034         0.026 / 0.034       ms
[20.075s][info][gc,stats    ]       Phase: Pause Mark Start                              0.000 / 0.000         0.058 / 0.094         0.058 / 0.094         0.058 / 0.094       ms
[20.075s][info][gc,stats    ]       Phase: Pause Relocate Start                          0.000 / 0.000         0.015 / 0.021         0.015 / 0.021         0.015 / 0.021       ms
[20.075s][info][gc,stats    ]    Subphase: Concurrent Classes Purge                      0.000 / 0.000         1.127 / 2.038         1.127 / 2.038         1.127 / 2.038       ms
[20.075s][info][gc,stats    ]    Subphase: Concurrent Classes Unlink                     0.000 / 0.000         2.501 / 3.077         2.501 / 3.077         2.501 / 3.077       ms
[20.075s][info][gc,stats    ]    Subphase: Concurrent Mark                               0.000 / 0.000        88.117 / 115.699      88.117 / 115.699      88.117 / 115.699     ms
[20.075s][info][gc,stats    ]    Subphase: Concurrent Mark Try Flush                     0.000 / 0.000         0.851 / 4.263         0.851 / 4.263         0.851 / 4.263       ms
[20.075s][info][gc,stats    ]    Subphase: Concurrent Mark Try Terminate                 0.000 / 0.000         0.745 / 1.073         0.745 / 1.073         0.745 / 1.073       ms
[20.075s][info][gc,stats    ]    Subphase: Concurrent References Enqueue                 0.000 / 0.000         0.007 / 0.007         0.007 / 0.007         0.007 / 0.007       ms
[20.075s][info][gc,stats    ]    Subphase: Concurrent References Process                 0.000 / 0.000         0.153 / 0.219         0.153 / 0.219         0.153 / 0.219       ms
[20.075s][info][gc,stats    ]    Subphase: Concurrent Roots ClassLoaderDataGraph         0.000 / 0.000         0.269 / 0.593         0.269 / 0.593         0.269 / 0.593       ms
[20.075s][info][gc,stats    ]    Subphase: Concurrent Roots CodeCache                    0.000 / 0.000         0.000 / 0.000         0.000 / 0.000         0.000 / 0.000       ms
[20.075s][info][gc,stats    ]    Subphase: Concurrent Roots JavaThreads                  0.000 / 0.000         0.458 / 0.918         0.458 / 0.918         0.458 / 0.918       ms
[20.075s][info][gc,stats    ]    Subphase: Concurrent Roots OopStorageSet                0.000 / 0.000         0.096 / 0.142         0.096 / 0.142         0.096 / 0.142       ms
[20.075s][info][gc,stats    ]    Subphase: Concurrent Weak Roots OopStorageSet           0.000 / 0.000         0.603 / 0.852         0.603 / 0.852         0.603 / 0.852       ms
[20.075s][info][gc,stats    ]    Subphase: Pause Mark Try Complete                       0.000 / 0.000         0.000 / 0.000         0.000 / 0.000         0.000 / 0.000       ms
[20.075s][info][gc,stats    ]      System: Java Threads                                      0 / 0                22 / 30               22 / 30               22 / 30          threads
[20.075s][info][gc,stats    ] =========================================================================================================================================================
[30.074s][info][gc,stats    ] === Garbage Collection Statistics =======================================================================================================================
[30.074s][info][gc,stats    ]                                                              Last 10s              Last 10m              Last 10h                Total
[30.074s][info][gc,stats    ]                                                              Avg / Max             Avg / Max             Avg / Max             Avg / Max
[30.074s][info][gc,stats    ]   Collector: Garbage Collection Cycle                      0.000 / 0.000       122.946 / 146.855     122.946 / 146.855     122.946 / 146.855     ms
[30.074s][info][gc,stats    ]  Contention: Mark Segment Reset Contention                     0 / 0                 0 / 1                 0 / 1                 0 / 1           ops/s
[30.074s][info][gc,stats    ]  Contention: Mark SeqNum Reset Contention                      0 / 0                 0 / 0                 0 / 0                 0 / 0           ops/s
[30.074s][info][gc,stats    ]    Critical: Allocation Stall                                  0 / 0                 0 / 0                 0 / 0                 0 / 0           ops/s
[30.074s][info][gc,stats    ]    Critical: Allocation Stall                              0.000 / 0.000         0.000 / 0.000         0.000 / 0.000         0.000 / 0.000       ms
[30.074s][info][gc,stats    ]    Critical: GC Locker Stall                                   0 / 0                 0 / 0                 0 / 0                 0 / 0           ops/s
[30.074s][info][gc,stats    ]    Critical: GC Locker Stall                               0.000 / 0.000         0.000 / 0.000         0.000 / 0.000         0.000 / 0.000       ms
[30.074s][info][gc,stats    ]    Critical: Relocation Stall                                  0 / 0                 0 / 0                 0 / 0                 0 / 0           ops/s
[30.074s][info][gc,stats    ]    Critical: Relocation Stall                              0.000 / 0.000         0.000 / 0.000         0.000 / 0.000         0.000 / 0.000       ms
[30.074s][info][gc,stats    ]      Memory: Allocation Rate                                   0 / 4                26 / 230              26 / 230              26 / 230         MB/s
[30.074s][info][gc,stats    ]      Memory: Defragment                                        0 / 0                 0 / 16                0 / 16                0 / 16          ops/s
[30.074s][info][gc,stats    ]      Memory: Out Of Memory                                     0 / 0                 0 / 0                 0 / 0                 0 / 0           ops/s
[30.074s][info][gc,stats    ]      Memory: Page Cache Flush                                  0 / 0                 1 / 26                1 / 26                1 / 26          MB/s
[30.074s][info][gc,stats    ]      Memory: Page Cache Hit L1                                 0 / 2                 5 / 56                5 / 56                5 / 56          ops/s
[30.074s][info][gc,stats    ]      Memory: Page Cache Hit L2                                 0 / 0                 0 / 0                 0 / 0                 0 / 0           ops/s
[30.074s][info][gc,stats    ]      Memory: Page Cache Hit L3                                 0 / 0                 2 / 47                2 / 47                2 / 47          ops/s
[30.074s][info][gc,stats    ]      Memory: Page Cache Miss                                   0 / 0                 3 / 65                3 / 65                3 / 65          ops/s
[30.074s][info][gc,stats    ]      Memory: Uncommit                                          0 / 0                 0 / 0                 0 / 0                 0 / 0           MB/s
[30.074s][info][gc,stats    ]      Memory: Undo Object Allocation Failed                     0 / 0                 0 / 0                 0 / 0                 0 / 0           ops/s
[30.074s][info][gc,stats    ]      Memory: Undo Object Allocation Succeeded                  0 / 0                 0 / 0                 0 / 0                 0 / 0           ops/s
[30.074s][info][gc,stats    ]      Memory: Undo Page Allocation                              0 / 0                 0 / 8                 0 / 8                 0 / 8           ops/s
[30.074s][info][gc,stats    ]       Phase: Concurrent Mark                               0.000 / 0.000        89.517 / 116.352      89.517 / 116.352      89.517 / 116.352     ms
[30.074s][info][gc,stats    ]       Phase: Concurrent Mark Continue                      0.000 / 0.000         0.000 / 0.000         0.000 / 0.000         0.000 / 0.000       ms
[30.074s][info][gc,stats    ]       Phase: Concurrent Mark Free                          0.000 / 0.000         0.006 / 0.008         0.006 / 0.008         0.006 / 0.008       ms
[30.075s][info][gc,stats    ]       Phase: Concurrent Process Non-Strong References      0.000 / 0.000         5.694 / 7.831         5.694 / 7.831         5.694 / 7.831       ms
[30.075s][info][gc,stats    ]       Phase: Concurrent Relocate                           0.000 / 0.000        15.494 / 28.556       15.494 / 28.556       15.494 / 28.556      ms
[30.075s][info][gc,stats    ]       Phase: Concurrent Reset Relocation Set               0.000 / 0.000         0.005 / 0.007         0.005 / 0.007         0.005 / 0.007       ms
[30.075s][info][gc,stats    ]       Phase: Concurrent Select Relocation Set              0.000 / 0.000         4.707 / 7.007         4.707 / 7.007         4.707 / 7.007       ms
[30.075s][info][gc,stats    ]       Phase: Pause Mark End                                0.000 / 0.000         0.026 / 0.034         0.026 / 0.034         0.026 / 0.034       ms
[30.075s][info][gc,stats    ]       Phase: Pause Mark Start                              0.000 / 0.000         0.058 / 0.094         0.058 / 0.094         0.058 / 0.094       ms
[30.075s][info][gc,stats    ]       Phase: Pause Relocate Start                          0.000 / 0.000         0.015 / 0.021         0.015 / 0.021         0.015 / 0.021       ms
[30.075s][info][gc,stats    ]    Subphase: Concurrent Classes Purge                      0.000 / 0.000         1.127 / 2.038         1.127 / 2.038         1.127 / 2.038       ms
[30.075s][info][gc,stats    ]    Subphase: Concurrent Classes Unlink                     0.000 / 0.000         2.501 / 3.077         2.501 / 3.077         2.501 / 3.077       ms
[30.075s][info][gc,stats    ]    Subphase: Concurrent Mark                               0.000 / 0.000        88.117 / 115.699      88.117 / 115.699      88.117 / 115.699     ms
[30.075s][info][gc,stats    ]    Subphase: Concurrent Mark Try Flush                     0.000 / 0.000         0.851 / 4.263         0.851 / 4.263         0.851 / 4.263       ms
[30.075s][info][gc,stats    ]    Subphase: Concurrent Mark Try Terminate                 0.000 / 0.000         0.745 / 1.073         0.745 / 1.073         0.745 / 1.073       ms
[30.075s][info][gc,stats    ]    Subphase: Concurrent References Enqueue                 0.000 / 0.000         0.007 / 0.007         0.007 / 0.007         0.007 / 0.007       ms
[30.075s][info][gc,stats    ]    Subphase: Concurrent References Process                 0.000 / 0.000         0.153 / 0.219         0.153 / 0.219         0.153 / 0.219       ms
[30.075s][info][gc,stats    ]    Subphase: Concurrent Roots ClassLoaderDataGraph         0.000 / 0.000         0.269 / 0.593         0.269 / 0.593         0.269 / 0.593       ms
[30.075s][info][gc,stats    ]    Subphase: Concurrent Roots CodeCache                    0.000 / 0.000         0.000 / 0.000         0.000 / 0.000         0.000 / 0.000       ms
[30.075s][info][gc,stats    ]    Subphase: Concurrent Roots JavaThreads                  0.000 / 0.000         0.458 / 0.918         0.458 / 0.918         0.458 / 0.918       ms
[30.075s][info][gc,stats    ]    Subphase: Concurrent Roots OopStorageSet                0.000 / 0.000         0.096 / 0.142         0.096 / 0.142         0.096 / 0.142       ms
[30.075s][info][gc,stats    ]    Subphase: Concurrent Weak Roots OopStorageSet           0.000 / 0.000         0.603 / 0.852         0.603 / 0.852         0.603 / 0.852       ms
[30.075s][info][gc,stats    ]    Subphase: Pause Mark Try Complete                       0.000 / 0.000         0.000 / 0.000         0.000 / 0.000         0.000 / 0.000       ms
[30.075s][info][gc,stats    ]      System: Java Threads                                      0 / 0                22 / 30               22 / 30               22 / 30          threads
[30.075s][info][gc,stats    ] =========================================================================================================================================================
[40.074s][info][gc,stats    ] === Garbage Collection Statistics =======================================================================================================================
[40.074s][info][gc,stats    ]                                                              Last 10s              Last 10m              Last 10h                Total
[40.074s][info][gc,stats    ]                                                              Avg / Max             Avg / Max             Avg / Max             Avg / Max
[40.074s][info][gc,stats    ]   Collector: Garbage Collection Cycle                      0.000 / 0.000       122.946 / 146.855     122.946 / 146.855     122.946 / 146.855     ms
[40.074s][info][gc,stats    ]  Contention: Mark Segment Reset Contention                     0 / 0                 0 / 1                 0 / 1                 0 / 1           ops/s
[40.074s][info][gc,stats    ]  Contention: Mark SeqNum Reset Contention                      0 / 0                 0 / 0                 0 / 0                 0 / 0           ops/s
[40.074s][info][gc,stats    ]    Critical: Allocation Stall                                  0 / 0                 0 / 0                 0 / 0                 0 / 0           ops/s
[40.074s][info][gc,stats    ]    Critical: Allocation Stall                              0.000 / 0.000         0.000 / 0.000         0.000 / 0.000         0.000 / 0.000       ms
[40.074s][info][gc,stats    ]    Critical: GC Locker Stall                                   0 / 0                 0 / 0                 0 / 0                 0 / 0           ops/s
[40.074s][info][gc,stats    ]    Critical: GC Locker Stall                               0.000 / 0.000         0.000 / 0.000         0.000 / 0.000         0.000 / 0.000       ms
[40.074s][info][gc,stats    ]    Critical: Relocation Stall                                  0 / 0                 0 / 0                 0 / 0                 0 / 0           ops/s
[40.074s][info][gc,stats    ]    Critical: Relocation Stall                              0.000 / 0.000         0.000 / 0.000         0.000 / 0.000         0.000 / 0.000       ms
[40.074s][info][gc,stats    ]      Memory: Allocation Rate                                   0 / 4                19 / 230              19 / 230              19 / 230         MB/s
[40.074s][info][gc,stats    ]      Memory: Defragment                                        0 / 0                 0 / 16                0 / 16                0 / 16          ops/s
[40.074s][info][gc,stats    ]      Memory: Out Of Memory                                     0 / 0                 0 / 0                 0 / 0                 0 / 0           ops/s
[40.074s][info][gc,stats    ]      Memory: Page Cache Flush                                  0 / 0                 0 / 26                0 / 26                0 / 26          MB/s
[40.075s][info][gc,stats    ]      Memory: Page Cache Hit L1                                 0 / 2                 4 / 56                4 / 56                4 / 56          ops/s
[40.075s][info][gc,stats    ]      Memory: Page Cache Hit L2                                 0 / 0                 0 / 0                 0 / 0                 0 / 0           ops/s
[40.075s][info][gc,stats    ]      Memory: Page Cache Hit L3                                 0 / 0                 1 / 47                1 / 47                1 / 47          ops/s
[40.075s][info][gc,stats    ]      Memory: Page Cache Miss                                   0 / 0                 2 / 65                2 / 65                2 / 65          ops/s
[40.075s][info][gc,stats    ]      Memory: Uncommit                                          0 / 0                 0 / 0                 0 / 0                 0 / 0           MB/s
[40.075s][info][gc,stats    ]      Memory: Undo Object Allocation Failed                     0 / 0                 0 / 0                 0 / 0                 0 / 0           ops/s
[40.075s][info][gc,stats    ]      Memory: Undo Object Allocation Succeeded                  0 / 0                 0 / 0                 0 / 0                 0 / 0           ops/s
[40.075s][info][gc,stats    ]      Memory: Undo Page Allocation                              0 / 0                 0 / 8                 0 / 8                 0 / 8           ops/s
[40.075s][info][gc,stats    ]       Phase: Concurrent Mark                               0.000 / 0.000        89.517 / 116.352      89.517 / 116.352      89.517 / 116.352     ms
[40.075s][info][gc,stats    ]       Phase: Concurrent Mark Continue                      0.000 / 0.000         0.000 / 0.000         0.000 / 0.000         0.000 / 0.000       ms
[40.075s][info][gc,stats    ]       Phase: Concurrent Mark Free                          0.000 / 0.000         0.006 / 0.008         0.006 / 0.008         0.006 / 0.008       ms
[40.075s][info][gc,stats    ]       Phase: Concurrent Process Non-Strong References      0.000 / 0.000         5.694 / 7.831         5.694 / 7.831         5.694 / 7.831       ms
[40.075s][info][gc,stats    ]       Phase: Concurrent Relocate                           0.000 / 0.000        15.494 / 28.556       15.494 / 28.556       15.494 / 28.556      ms
[40.075s][info][gc,stats    ]       Phase: Concurrent Reset Relocation Set               0.000 / 0.000         0.005 / 0.007         0.005 / 0.007         0.005 / 0.007       ms
[40.075s][info][gc,stats    ]       Phase: Concurrent Select Relocation Set              0.000 / 0.000         4.707 / 7.007         4.707 / 7.007         4.707 / 7.007       ms
[40.075s][info][gc,stats    ]       Phase: Pause Mark End                                0.000 / 0.000         0.026 / 0.034         0.026 / 0.034         0.026 / 0.034       ms
[40.075s][info][gc,stats    ]       Phase: Pause Mark Start                              0.000 / 0.000         0.058 / 0.094         0.058 / 0.094         0.058 / 0.094       ms
[40.075s][info][gc,stats    ]       Phase: Pause Relocate Start                          0.000 / 0.000         0.015 / 0.021         0.015 / 0.021         0.015 / 0.021       ms
[40.075s][info][gc,stats    ]    Subphase: Concurrent Classes Purge                      0.000 / 0.000         1.127 / 2.038         1.127 / 2.038         1.127 / 2.038       ms
[40.075s][info][gc,stats    ]    Subphase: Concurrent Classes Unlink                     0.000 / 0.000         2.501 / 3.077         2.501 / 3.077         2.501 / 3.077       ms
[40.075s][info][gc,stats    ]    Subphase: Concurrent Mark                               0.000 / 0.000        88.117 / 115.699      88.117 / 115.699      88.117 / 115.699     ms
[40.075s][info][gc,stats    ]    Subphase: Concurrent Mark Try Flush                     0.000 / 0.000         0.851 / 4.263         0.851 / 4.263         0.851 / 4.263       ms
[40.075s][info][gc,stats    ]    Subphase: Concurrent Mark Try Terminate                 0.000 / 0.000         0.745 / 1.073         0.745 / 1.073         0.745 / 1.073       ms
[40.075s][info][gc,stats    ]    Subphase: Concurrent References Enqueue                 0.000 / 0.000         0.007 / 0.007         0.007 / 0.007         0.007 / 0.007       ms
[40.075s][info][gc,stats    ]    Subphase: Concurrent References Process                 0.000 / 0.000         0.153 / 0.219         0.153 / 0.219         0.153 / 0.219       ms
[40.075s][info][gc,stats    ]    Subphase: Concurrent Roots ClassLoaderDataGraph         0.000 / 0.000         0.269 / 0.593         0.269 / 0.593         0.269 / 0.593       ms
[40.075s][info][gc,stats    ]    Subphase: Concurrent Roots CodeCache                    0.000 / 0.000         0.000 / 0.000         0.000 / 0.000         0.000 / 0.000       ms
[40.075s][info][gc,stats    ]    Subphase: Concurrent Roots JavaThreads                  0.000 / 0.000         0.458 / 0.918         0.458 / 0.918         0.458 / 0.918       ms
[40.075s][info][gc,stats    ]    Subphase: Concurrent Roots OopStorageSet                0.000 / 0.000         0.096 / 0.142         0.096 / 0.142         0.096 / 0.142       ms
[40.075s][info][gc,stats    ]    Subphase: Concurrent Weak Roots OopStorageSet           0.000 / 0.000         0.603 / 0.852         0.603 / 0.852         0.603 / 0.852       ms
[40.075s][info][gc,stats    ]    Subphase: Pause Mark Try Complete                       0.000 / 0.000         0.000 / 0.000         0.000 / 0.000         0.000 / 0.000       ms
[40.075s][info][gc,stats    ]      System: Java Threads                                      0 / 0                22 / 30               22 / 30               22 / 30          threads
[40.075s][info][gc,stats    ] =========================================================================================================================================================
[50.074s][info][gc,stats    ] === Garbage Collection Statistics =======================================================================================================================
[50.074s][info][gc,stats    ]                                                              Last 10s              Last 10m              Last 10h                Total
[50.074s][info][gc,stats    ]                                                              Avg / Max             Avg / Max             Avg / Max             Avg / Max
[50.074s][info][gc,stats    ]   Collector: Garbage Collection Cycle                      0.000 / 0.000       122.946 / 146.855     122.946 / 146.855     122.946 / 146.855     ms
[50.074s][info][gc,stats    ]  Contention: Mark Segment Reset Contention                     0 / 0                 0 / 1                 0 / 1                 0 / 1           ops/s
[50.074s][info][gc,stats    ]  Contention: Mark SeqNum Reset Contention                      0 / 0                 0 / 0                 0 / 0                 0 / 0           ops/s
[50.074s][info][gc,stats    ]    Critical: Allocation Stall                                  0 / 0                 0 / 0                 0 / 0                 0 / 0           ops/s
[50.074s][info][gc,stats    ]    Critical: Allocation Stall                              0.000 / 0.000         0.000 / 0.000         0.000 / 0.000         0.000 / 0.000       ms
[50.074s][info][gc,stats    ]    Critical: GC Locker Stall                                   0 / 0                 0 / 0                 0 / 0                 0 / 0           ops/s
[50.074s][info][gc,stats    ]    Critical: GC Locker Stall                               0.000 / 0.000         0.000 / 0.000         0.000 / 0.000         0.000 / 0.000       ms
[50.074s][info][gc,stats    ]    Critical: Relocation Stall                                  0 / 0                 0 / 0                 0 / 0                 0 / 0           ops/s
[50.074s][info][gc,stats    ]    Critical: Relocation Stall                              0.000 / 0.000         0.000 / 0.000         0.000 / 0.000         0.000 / 0.000       ms
[50.074s][info][gc,stats    ]      Memory: Allocation Rate                                   0 / 4                16 / 230              16 / 230              16 / 230         MB/s
[50.074s][info][gc,stats    ]      Memory: Defragment                                        0 / 0                 0 / 16                0 / 16                0 / 16          ops/s
[50.074s][info][gc,stats    ]      Memory: Out Of Memory                                     0 / 0                 0 / 0                 0 / 0                 0 / 0           ops/s
[50.074s][info][gc,stats    ]      Memory: Page Cache Flush                                  0 / 0                 0 / 26                0 / 26                0 / 26          MB/s
[50.074s][info][gc,stats    ]      Memory: Page Cache Hit L1                                 0 / 2                 3 / 56                3 / 56                3 / 56          ops/s
[50.074s][info][gc,stats    ]      Memory: Page Cache Hit L2                                 0 / 0                 0 / 0                 0 / 0                 0 / 0           ops/s
[50.074s][info][gc,stats    ]      Memory: Page Cache Hit L3                                 0 / 0                 1 / 47                1 / 47                1 / 47          ops/s
[50.074s][info][gc,stats    ]      Memory: Page Cache Miss                                   0 / 0                 2 / 65                2 / 65                2 / 65          ops/s
[50.074s][info][gc,stats    ]      Memory: Uncommit                                          0 / 0                 0 / 0                 0 / 0                 0 / 0           MB/s
[50.074s][info][gc,stats    ]      Memory: Undo Object Allocation Failed                     0 / 0                 0 / 0                 0 / 0                 0 / 0           ops/s
[50.074s][info][gc,stats    ]      Memory: Undo Object Allocation Succeeded                  0 / 0                 0 / 0                 0 / 0                 0 / 0           ops/s
[50.074s][info][gc,stats    ]      Memory: Undo Page Allocation                              0 / 0                 0 / 8                 0 / 8                 0 / 8           ops/s
[50.074s][info][gc,stats    ]       Phase: Concurrent Mark                               0.000 / 0.000        89.517 / 116.352      89.517 / 116.352      89.517 / 116.352     ms
[50.074s][info][gc,stats    ]       Phase: Concurrent Mark Continue                      0.000 / 0.000         0.000 / 0.000         0.000 / 0.000         0.000 / 0.000       ms
[50.074s][info][gc,stats    ]       Phase: Concurrent Mark Free                          0.000 / 0.000         0.006 / 0.008         0.006 / 0.008         0.006 / 0.008       ms
[50.074s][info][gc,stats    ]       Phase: Concurrent Process Non-Strong References      0.000 / 0.000         5.694 / 7.831         5.694 / 7.831         5.694 / 7.831       ms
[50.074s][info][gc,stats    ]       Phase: Concurrent Relocate                           0.000 / 0.000        15.494 / 28.556       15.494 / 28.556       15.494 / 28.556      ms
[50.074s][info][gc,stats    ]       Phase: Concurrent Reset Relocation Set               0.000 / 0.000         0.005 / 0.007         0.005 / 0.007         0.005 / 0.007       ms
[50.074s][info][gc,stats    ]       Phase: Concurrent Select Relocation Set              0.000 / 0.000         4.707 / 7.007         4.707 / 7.007         4.707 / 7.007       ms
[50.074s][info][gc,stats    ]       Phase: Pause Mark End                                0.000 / 0.000         0.026 / 0.034         0.026 / 0.034         0.026 / 0.034       ms
[50.074s][info][gc,stats    ]       Phase: Pause Mark Start                              0.000 / 0.000         0.058 / 0.094         0.058 / 0.094         0.058 / 0.094       ms
[50.074s][info][gc,stats    ]       Phase: Pause Relocate Start                          0.000 / 0.000         0.015 / 0.021         0.015 / 0.021         0.015 / 0.021       ms
[50.074s][info][gc,stats    ]    Subphase: Concurrent Classes Purge                      0.000 / 0.000         1.127 / 2.038         1.127 / 2.038         1.127 / 2.038       ms
[50.074s][info][gc,stats    ]    Subphase: Concurrent Classes Unlink                     0.000 / 0.000         2.501 / 3.077         2.501 / 3.077         2.501 / 3.077       ms
[50.074s][info][gc,stats    ]    Subphase: Concurrent Mark                               0.000 / 0.000        88.117 / 115.699      88.117 / 115.699      88.117 / 115.699     ms
[50.074s][info][gc,stats    ]    Subphase: Concurrent Mark Try Flush                     0.000 / 0.000         0.851 / 4.263         0.851 / 4.263         0.851 / 4.263       ms
[50.074s][info][gc,stats    ]    Subphase: Concurrent Mark Try Terminate                 0.000 / 0.000         0.745 / 1.073         0.745 / 1.073         0.745 / 1.073       ms
[50.074s][info][gc,stats    ]    Subphase: Concurrent References Enqueue                 0.000 / 0.000         0.007 / 0.007         0.007 / 0.007         0.007 / 0.007       ms
[50.074s][info][gc,stats    ]    Subphase: Concurrent References Process                 0.000 / 0.000         0.153 / 0.219         0.153 / 0.219         0.153 / 0.219       ms
[50.074s][info][gc,stats    ]    Subphase: Concurrent Roots ClassLoaderDataGraph         0.000 / 0.000         0.269 / 0.593         0.269 / 0.593         0.269 / 0.593       ms
[50.075s][info][gc,stats    ]    Subphase: Concurrent Roots CodeCache                    0.000 / 0.000         0.000 / 0.000         0.000 / 0.000         0.000 / 0.000       ms
[50.075s][info][gc,stats    ]    Subphase: Concurrent Roots JavaThreads                  0.000 / 0.000         0.458 / 0.918         0.458 / 0.918         0.458 / 0.918       ms
[50.075s][info][gc,stats    ]    Subphase: Concurrent Roots OopStorageSet                0.000 / 0.000         0.096 / 0.142         0.096 / 0.142         0.096 / 0.142       ms
[50.075s][info][gc,stats    ]    Subphase: Concurrent Weak Roots OopStorageSet           0.000 / 0.000         0.603 / 0.852         0.603 / 0.852         0.603 / 0.852       ms
[50.075s][info][gc,stats    ]    Subphase: Pause Mark Try Complete                       0.000 / 0.000         0.000 / 0.000         0.000 / 0.000         0.000 / 0.000       ms
[50.075s][info][gc,stats    ]      System: Java Threads                                      0 / 0                22 / 30               22 / 30               22 / 30          threads
[50.075s][info][gc,stats    ] =========================================================================================================================================================
[60.074s][info][gc,stats    ] === Garbage Collection Statistics =======================================================================================================================
[60.074s][info][gc,stats    ]                                                              Last 10s              Last 10m              Last 10h                Total
[60.074s][info][gc,stats    ]                                                              Avg / Max             Avg / Max             Avg / Max             Avg / Max
[60.074s][info][gc,stats    ]   Collector: Garbage Collection Cycle                      0.000 / 0.000       122.946 / 146.855     122.946 / 146.855     122.946 / 146.855     ms
[60.074s][info][gc,stats    ]  Contention: Mark Segment Reset Contention                     0 / 0                 0 / 1                 0 / 1                 0 / 1           ops/s
[60.074s][info][gc,stats    ]  Contention: Mark SeqNum Reset Contention                      0 / 0                 0 / 0                 0 / 0                 0 / 0           ops/s
[60.074s][info][gc,stats    ]    Critical: Allocation Stall                                  0 / 0                 0 / 0                 0 / 0                 0 / 0           ops/s
[60.074s][info][gc,stats    ]    Critical: Allocation Stall                              0.000 / 0.000         0.000 / 0.000         0.000 / 0.000         0.000 / 0.000       ms
[60.074s][info][gc,stats    ]    Critical: GC Locker Stall                                   0 / 0                 0 / 0                 0 / 0                 0 / 0           ops/s
[60.074s][info][gc,stats    ]    Critical: GC Locker Stall                               0.000 / 0.000         0.000 / 0.000         0.000 / 0.000         0.000 / 0.000       ms
[60.074s][info][gc,stats    ]    Critical: Relocation Stall                                  0 / 0                 0 / 0                 0 / 0                 0 / 0           ops/s
[60.074s][info][gc,stats    ]    Critical: Relocation Stall                              0.000 / 0.000         0.000 / 0.000         0.000 / 0.000         0.000 / 0.000       ms
[60.074s][info][gc,stats    ]      Memory: Allocation Rate                                   0 / 2                13 / 230              13 / 230              13 / 230         MB/s
[60.074s][info][gc,stats    ]      Memory: Defragment                                        0 / 0                 0 / 16                0 / 16                0 / 16          ops/s
[60.074s][info][gc,stats    ]      Memory: Out Of Memory                                     0 / 0                 0 / 0                 0 / 0                 0 / 0           ops/s
[60.074s][info][gc,stats    ]      Memory: Page Cache Flush                                  0 / 0                 0 / 26                0 / 26                0 / 26          MB/s
[60.074s][info][gc,stats    ]      Memory: Page Cache Hit L1                                 0 / 1                 2 / 56                2 / 56                2 / 56          ops/s
[60.074s][info][gc,stats    ]      Memory: Page Cache Hit L2                                 0 / 0                 0 / 0                 0 / 0                 0 / 0           ops/s
[60.074s][info][gc,stats    ]      Memory: Page Cache Hit L3                                 0 / 0                 1 / 47                1 / 47                1 / 47          ops/s
[60.074s][info][gc,stats    ]      Memory: Page Cache Miss                                   0 / 0                 1 / 65                1 / 65                1 / 65          ops/s
[60.074s][info][gc,stats    ]      Memory: Uncommit                                          0 / 0                 0 / 0                 0 / 0                 0 / 0           MB/s
[60.074s][info][gc,stats    ]      Memory: Undo Object Allocation Failed                     0 / 0                 0 / 0                 0 / 0                 0 / 0           ops/s
[60.074s][info][gc,stats    ]      Memory: Undo Object Allocation Succeeded                  0 / 0                 0 / 0                 0 / 0                 0 / 0           ops/s
[60.074s][info][gc,stats    ]      Memory: Undo Page Allocation                              0 / 0                 0 / 8                 0 / 8                 0 / 8           ops/s
[60.074s][info][gc,stats    ]       Phase: Concurrent Mark                               0.000 / 0.000        89.517 / 116.352      89.517 / 116.352      89.517 / 116.352     ms
[60.074s][info][gc,stats    ]       Phase: Concurrent Mark Continue                      0.000 / 0.000         0.000 / 0.000         0.000 / 0.000         0.000 / 0.000       ms
[60.074s][info][gc,stats    ]       Phase: Concurrent Mark Free                          0.000 / 0.000         0.006 / 0.008         0.006 / 0.008         0.006 / 0.008       ms
[60.074s][info][gc,stats    ]       Phase: Concurrent Process Non-Strong References      0.000 / 0.000         5.694 / 7.831         5.694 / 7.831         5.694 / 7.831       ms
[60.074s][info][gc,stats    ]       Phase: Concurrent Relocate                           0.000 / 0.000        15.494 / 28.556       15.494 / 28.556       15.494 / 28.556      ms
[60.074s][info][gc,stats    ]       Phase: Concurrent Reset Relocation Set               0.000 / 0.000         0.005 / 0.007         0.005 / 0.007         0.005 / 0.007       ms
[60.075s][info][gc,stats    ]       Phase: Concurrent Select Relocation Set              0.000 / 0.000         4.707 / 7.007         4.707 / 7.007         4.707 / 7.007       ms
[60.075s][info][gc,stats    ]       Phase: Pause Mark End                                0.000 / 0.000         0.026 / 0.034         0.026 / 0.034         0.026 / 0.034       ms
[60.075s][info][gc,stats    ]       Phase: Pause Mark Start                              0.000 / 0.000         0.058 / 0.094         0.058 / 0.094         0.058 / 0.094       ms
[60.075s][info][gc,stats    ]       Phase: Pause Relocate Start                          0.000 / 0.000         0.015 / 0.021         0.015 / 0.021         0.015 / 0.021       ms
[60.075s][info][gc,stats    ]    Subphase: Concurrent Classes Purge                      0.000 / 0.000         1.127 / 2.038         1.127 / 2.038         1.127 / 2.038       ms
[60.075s][info][gc,stats    ]    Subphase: Concurrent Classes Unlink                     0.000 / 0.000         2.501 / 3.077         2.501 / 3.077         2.501 / 3.077       ms
[60.075s][info][gc,stats    ]    Subphase: Concurrent Mark                               0.000 / 0.000        88.117 / 115.699      88.117 / 115.699      88.117 / 115.699     ms
[60.075s][info][gc,stats    ]    Subphase: Concurrent Mark Try Flush                     0.000 / 0.000         0.851 / 4.263         0.851 / 4.263         0.851 / 4.263       ms
[60.075s][info][gc,stats    ]    Subphase: Concurrent Mark Try Terminate                 0.000 / 0.000         0.745 / 1.073         0.745 / 1.073         0.745 / 1.073       ms
[60.075s][info][gc,stats    ]    Subphase: Concurrent References Enqueue                 0.000 / 0.000         0.007 / 0.007         0.007 / 0.007         0.007 / 0.007       ms
[60.075s][info][gc,stats    ]    Subphase: Concurrent References Process                 0.000 / 0.000         0.153 / 0.219         0.153 / 0.219         0.153 / 0.219       ms
[60.075s][info][gc,stats    ]    Subphase: Concurrent Roots ClassLoaderDataGraph         0.000 / 0.000         0.269 / 0.593         0.269 / 0.593         0.269 / 0.593       ms
[60.075s][info][gc,stats    ]    Subphase: Concurrent Roots CodeCache                    0.000 / 0.000         0.000 / 0.000         0.000 / 0.000         0.000 / 0.000       ms
[60.075s][info][gc,stats    ]    Subphase: Concurrent Roots JavaThreads                  0.000 / 0.000         0.458 / 0.918         0.458 / 0.918         0.458 / 0.918       ms
[60.075s][info][gc,stats    ]    Subphase: Concurrent Roots OopStorageSet                0.000 / 0.000         0.096 / 0.142         0.096 / 0.142         0.096 / 0.142       ms
[60.075s][info][gc,stats    ]    Subphase: Concurrent Weak Roots OopStorageSet           0.000 / 0.000         0.603 / 0.852         0.603 / 0.852         0.603 / 0.852       ms
[60.075s][info][gc,stats    ]    Subphase: Pause Mark Try Complete                       0.000 / 0.000         0.000 / 0.000         0.000 / 0.000         0.000 / 0.000       ms
[60.075s][info][gc,stats    ]      System: Java Threads                                      0 / 0                22 / 30               22 / 30               22 / 30          threads
[60.075s][info][gc,stats    ] =========================================================================================================================================================
[70.073s][info][gc,stats    ] === Garbage Collection Statistics =======================================================================================================================
[70.073s][info][gc,stats    ]                                                              Last 10s              Last 10m              Last 10h                Total
[70.073s][info][gc,stats    ]                                                              Avg / Max             Avg / Max             Avg / Max             Avg / Max
[70.074s][info][gc,stats    ]   Collector: Garbage Collection Cycle                      0.000 / 0.000       122.946 / 146.855     122.946 / 146.855     122.946 / 146.855     ms
[70.074s][info][gc,stats    ]  Contention: Mark Segment Reset Contention                     0 / 0                 0 / 1                 0 / 1                 0 / 1           ops/s
[70.074s][info][gc,stats    ]  Contention: Mark SeqNum Reset Contention                      0 / 0                 0 / 0                 0 / 0                 0 / 0           ops/s
[70.074s][info][gc,stats    ]    Critical: Allocation Stall                                  0 / 0                 0 / 0                 0 / 0                 0 / 0           ops/s
[70.074s][info][gc,stats    ]    Critical: Allocation Stall                              0.000 / 0.000         0.000 / 0.000         0.000 / 0.000         0.000 / 0.000       ms
[70.074s][info][gc,stats    ]    Critical: GC Locker Stall                                   0 / 0                 0 / 0                 0 / 0                 0 / 0           ops/s
[70.074s][info][gc,stats    ]    Critical: GC Locker Stall                               0.000 / 0.000         0.000 / 0.000         0.000 / 0.000         0.000 / 0.000       ms
[70.074s][info][gc,stats    ]    Critical: Relocation Stall                                  0 / 0                 0 / 0                 0 / 0                 0 / 0           ops/s
[70.074s][info][gc,stats    ]    Critical: Relocation Stall                              0.000 / 0.000         0.000 / 0.000         0.000 / 0.000         0.000 / 0.000       ms
[70.074s][info][gc,stats    ]      Memory: Allocation Rate                                   0 / 6                11 / 230              11 / 230              11 / 230         MB/s
[70.074s][info][gc,stats    ]      Memory: Defragment                                        0 / 0                 0 / 16                0 / 16                0 / 16          ops/s
[70.074s][info][gc,stats    ]      Memory: Out Of Memory                                     0 / 0                 0 / 0                 0 / 0                 0 / 0           ops/s
[70.074s][info][gc,stats    ]      Memory: Page Cache Flush                                  0 / 0                 0 / 26                0 / 26                0 / 26          MB/s
[70.074s][info][gc,stats    ]      Memory: Page Cache Hit L1                                 0 / 3                 2 / 56                2 / 56                2 / 56          ops/s
[70.074s][info][gc,stats    ]      Memory: Page Cache Hit L2                                 0 / 0                 0 / 0                 0 / 0                 0 / 0           ops/s
[70.074s][info][gc,stats    ]      Memory: Page Cache Hit L3                                 0 / 0                 1 / 47                1 / 47                1 / 47          ops/s
[70.074s][info][gc,stats    ]      Memory: Page Cache Miss                                   0 / 0                 1 / 65                1 / 65                1 / 65          ops/s
[70.074s][info][gc,stats    ]      Memory: Uncommit                                          0 / 0                 0 / 0                 0 / 0                 0 / 0           MB/s
[70.074s][info][gc,stats    ]      Memory: Undo Object Allocation Failed                     0 / 0                 0 / 0                 0 / 0                 0 / 0           ops/s
[70.074s][info][gc,stats    ]      Memory: Undo Object Allocation Succeeded                  0 / 0                 0 / 0                 0 / 0                 0 / 0           ops/s
[70.074s][info][gc,stats    ]      Memory: Undo Page Allocation                              0 / 0                 0 / 8                 0 / 8                 0 / 8           ops/s
[70.074s][info][gc,stats    ]       Phase: Concurrent Mark                               0.000 / 0.000        89.517 / 116.352      89.517 / 116.352      89.517 / 116.352     ms
[70.074s][info][gc,stats    ]       Phase: Concurrent Mark Continue                      0.000 / 0.000         0.000 / 0.000         0.000 / 0.000         0.000 / 0.000       ms
[70.074s][info][gc,stats    ]       Phase: Concurrent Mark Free                          0.000 / 0.000         0.006 / 0.008         0.006 / 0.008         0.006 / 0.008       ms
[70.074s][info][gc,stats    ]       Phase: Concurrent Process Non-Strong References      0.000 / 0.000         5.694 / 7.831         5.694 / 7.831         5.694 / 7.831       ms
[70.074s][info][gc,stats    ]       Phase: Concurrent Relocate                           0.000 / 0.000        15.494 / 28.556       15.494 / 28.556       15.494 / 28.556      ms
[70.074s][info][gc,stats    ]       Phase: Concurrent Reset Relocation Set               0.000 / 0.000         0.005 / 0.007         0.005 / 0.007         0.005 / 0.007       ms
[70.074s][info][gc,stats    ]       Phase: Concurrent Select Relocation Set              0.000 / 0.000         4.707 / 7.007         4.707 / 7.007         4.707 / 7.007       ms
[70.074s][info][gc,stats    ]       Phase: Pause Mark End                                0.000 / 0.000         0.026 / 0.034         0.026 / 0.034         0.026 / 0.034       ms
[70.074s][info][gc,stats    ]       Phase: Pause Mark Start                              0.000 / 0.000         0.058 / 0.094         0.058 / 0.094         0.058 / 0.094       ms
[70.074s][info][gc,stats    ]       Phase: Pause Relocate Start                          0.000 / 0.000         0.015 / 0.021         0.015 / 0.021         0.015 / 0.021       ms
[70.074s][info][gc,stats    ]    Subphase: Concurrent Classes Purge                      0.000 / 0.000         1.127 / 2.038         1.127 / 2.038         1.127 / 2.038       ms
[70.074s][info][gc,stats    ]    Subphase: Concurrent Classes Unlink                     0.000 / 0.000         2.501 / 3.077         2.501 / 3.077         2.501 / 3.077       ms
[70.074s][info][gc,stats    ]    Subphase: Concurrent Mark                               0.000 / 0.000        88.117 / 115.699      88.117 / 115.699      88.117 / 115.699     ms
[70.074s][info][gc,stats    ]    Subphase: Concurrent Mark Try Flush                     0.000 / 0.000         0.851 / 4.263         0.851 / 4.263         0.851 / 4.263       ms
[70.074s][info][gc,stats    ]    Subphase: Concurrent Mark Try Terminate                 0.000 / 0.000         0.745 / 1.073         0.745 / 1.073         0.745 / 1.073       ms
[70.074s][info][gc,stats    ]    Subphase: Concurrent References Enqueue                 0.000 / 0.000         0.007 / 0.007         0.007 / 0.007         0.007 / 0.007       ms
[70.074s][info][gc,stats    ]    Subphase: Concurrent References Process                 0.000 / 0.000         0.153 / 0.219         0.153 / 0.219         0.153 / 0.219       ms
[70.074s][info][gc,stats    ]    Subphase: Concurrent Roots ClassLoaderDataGraph         0.000 / 0.000         0.269 / 0.593         0.269 / 0.593         0.269 / 0.593       ms
[70.075s][info][gc,stats    ]    Subphase: Concurrent Roots CodeCache                    0.000 / 0.000         0.000 / 0.000         0.000 / 0.000         0.000 / 0.000       ms
[70.075s][info][gc,stats    ]    Subphase: Concurrent Roots JavaThreads                  0.000 / 0.000         0.458 / 0.918         0.458 / 0.918         0.458 / 0.918       ms
[70.075s][info][gc,stats    ]    Subphase: Concurrent Roots OopStorageSet                0.000 / 0.000         0.096 / 0.142         0.096 / 0.142         0.096 / 0.142       ms
[70.075s][info][gc,stats    ]    Subphase: Concurrent Weak Roots OopStorageSet           0.000 / 0.000         0.603 / 0.852         0.603 / 0.852         0.603 / 0.852       ms
[70.075s][info][gc,stats    ]    Subphase: Pause Mark Try Complete                       0.000 / 0.000         0.000 / 0.000         0.000 / 0.000         0.000 / 0.000       ms
[70.075s][info][gc,stats    ]      System: Java Threads                                      0 / 0                22 / 30               22 / 30               22 / 30          threads
[70.075s][info][gc,stats    ] =========================================================================================================================================================
[80.074s][info][gc,stats    ] === Garbage Collection Statistics =======================================================================================================================
[80.074s][info][gc,stats    ]                                                              Last 10s              Last 10m              Last 10h                Total
[80.074s][info][gc,stats    ]                                                              Avg / Max             Avg / Max             Avg / Max             Avg / Max
[80.074s][info][gc,stats    ]   Collector: Garbage Collection Cycle                      0.000 / 0.000       122.946 / 146.855     122.946 / 146.855     122.946 / 146.855     ms
[80.074s][info][gc,stats    ]  Contention: Mark Segment Reset Contention                     0 / 0                 0 / 1                 0 / 1                 0 / 1           ops/s
[80.074s][info][gc,stats    ]  Contention: Mark SeqNum Reset Contention                      0 / 0                 0 / 0                 0 / 0                 0 / 0           ops/s
[80.074s][info][gc,stats    ]    Critical: Allocation Stall                                  0 / 0                 0 / 0                 0 / 0                 0 / 0           ops/s
[80.074s][info][gc,stats    ]    Critical: Allocation Stall                              0.000 / 0.000         0.000 / 0.000         0.000 / 0.000         0.000 / 0.000       ms
[80.074s][info][gc,stats    ]    Critical: GC Locker Stall                                   0 / 0                 0 / 0                 0 / 0                 0 / 0           ops/s
[80.074s][info][gc,stats    ]    Critical: GC Locker Stall                               0.000 / 0.000         0.000 / 0.000         0.000 / 0.000         0.000 / 0.000       ms
[80.074s][info][gc,stats    ]    Critical: Relocation Stall                                  0 / 0                 0 / 0                 0 / 0                 0 / 0           ops/s
[80.074s][info][gc,stats    ]    Critical: Relocation Stall                              0.000 / 0.000         0.000 / 0.000         0.000 / 0.000         0.000 / 0.000       ms
[80.074s][info][gc,stats    ]      Memory: Allocation Rate                                   0 / 2                10 / 230              10 / 230              10 / 230         MB/s
[80.074s][info][gc,stats    ]      Memory: Defragment                                        0 / 0                 0 / 16                0 / 16                0 / 16          ops/s
[80.074s][info][gc,stats    ]      Memory: Out Of Memory                                     0 / 0                 0 / 0                 0 / 0                 0 / 0           ops/s
[80.074s][info][gc,stats    ]      Memory: Page Cache Flush                                  0 / 0                 0 / 26                0 / 26                0 / 26          MB/s
[80.074s][info][gc,stats    ]      Memory: Page Cache Hit L1                                 0 / 1                 2 / 56                2 / 56                2 / 56          ops/s
[80.074s][info][gc,stats    ]      Memory: Page Cache Hit L2                                 0 / 0                 0 / 0                 0 / 0                 0 / 0           ops/s
[80.074s][info][gc,stats    ]      Memory: Page Cache Hit L3                                 0 / 0                 0 / 47                0 / 47                0 / 47          ops/s
[80.075s][info][gc,stats    ]      Memory: Page Cache Miss                                   0 / 0                 1 / 65                1 / 65                1 / 65          ops/s
[80.075s][info][gc,stats    ]      Memory: Uncommit                                          0 / 0                 0 / 0                 0 / 0                 0 / 0           MB/s
[80.075s][info][gc,stats    ]      Memory: Undo Object Allocation Failed                     0 / 0                 0 / 0                 0 / 0                 0 / 0           ops/s
[80.075s][info][gc,stats    ]      Memory: Undo Object Allocation Succeeded                  0 / 0                 0 / 0                 0 / 0                 0 / 0           ops/s
[80.075s][info][gc,stats    ]      Memory: Undo Page Allocation                              0 / 0                 0 / 8                 0 / 8                 0 / 8           ops/s
[80.075s][info][gc,stats    ]       Phase: Concurrent Mark                               0.000 / 0.000        89.517 / 116.352      89.517 / 116.352      89.517 / 116.352     ms
[80.075s][info][gc,stats    ]       Phase: Concurrent Mark Continue                      0.000 / 0.000         0.000 / 0.000         0.000 / 0.000         0.000 / 0.000       ms
[80.075s][info][gc,stats    ]       Phase: Concurrent Mark Free                          0.000 / 0.000         0.006 / 0.008         0.006 / 0.008         0.006 / 0.008       ms
[80.075s][info][gc,stats    ]       Phase: Concurrent Process Non-Strong References      0.000 / 0.000         5.694 / 7.831         5.694 / 7.831         5.694 / 7.831       ms
[80.075s][info][gc,stats    ]       Phase: Concurrent Relocate                           0.000 / 0.000        15.494 / 28.556       15.494 / 28.556       15.494 / 28.556      ms
[80.075s][info][gc,stats    ]       Phase: Concurrent Reset Relocation Set               0.000 / 0.000         0.005 / 0.007         0.005 / 0.007         0.005 / 0.007       ms
[80.075s][info][gc,stats    ]       Phase: Concurrent Select Relocation Set              0.000 / 0.000         4.707 / 7.007         4.707 / 7.007         4.707 / 7.007       ms
[80.075s][info][gc,stats    ]       Phase: Pause Mark End                                0.000 / 0.000         0.026 / 0.034         0.026 / 0.034         0.026 / 0.034       ms
[80.075s][info][gc,stats    ]       Phase: Pause Mark Start                              0.000 / 0.000         0.058 / 0.094         0.058 / 0.094         0.058 / 0.094       ms
[80.075s][info][gc,stats    ]       Phase: Pause Relocate Start                          0.000 / 0.000         0.015 / 0.021         0.015 / 0.021         0.015 / 0.021       ms
[80.075s][info][gc,stats    ]    Subphase: Concurrent Classes Purge                      0.000 / 0.000         1.127 / 2.038         1.127 / 2.038         1.127 / 2.038       ms
[80.075s][info][gc,stats    ]    Subphase: Concurrent Classes Unlink                     0.000 / 0.000         2.501 / 3.077         2.501 / 3.077         2.501 / 3.077       ms
[80.075s][info][gc,stats    ]    Subphase: Concurrent Mark                               0.000 / 0.000        88.117 / 115.699      88.117 / 115.699      88.117 / 115.699     ms
[80.075s][info][gc,stats    ]    Subphase: Concurrent Mark Try Flush                     0.000 / 0.000         0.851 / 4.263         0.851 / 4.263         0.851 / 4.263       ms
[80.075s][info][gc,stats    ]    Subphase: Concurrent Mark Try Terminate                 0.000 / 0.000         0.745 / 1.073         0.745 / 1.073         0.745 / 1.073       ms
[80.075s][info][gc,stats    ]    Subphase: Concurrent References Enqueue                 0.000 / 0.000         0.007 / 0.007         0.007 / 0.007         0.007 / 0.007       ms
[80.075s][info][gc,stats    ]    Subphase: Concurrent References Process                 0.000 / 0.000         0.153 / 0.219         0.153 / 0.219         0.153 / 0.219       ms
[80.075s][info][gc,stats    ]    Subphase: Concurrent Roots ClassLoaderDataGraph         0.000 / 0.000         0.269 / 0.593         0.269 / 0.593         0.269 / 0.593       ms
[80.075s][info][gc,stats    ]    Subphase: Concurrent Roots CodeCache                    0.000 / 0.000         0.000 / 0.000         0.000 / 0.000         0.000 / 0.000       ms
[80.075s][info][gc,stats    ]    Subphase: Concurrent Roots JavaThreads                  0.000 / 0.000         0.458 / 0.918         0.458 / 0.918         0.458 / 0.918       ms
[80.075s][info][gc,stats    ]    Subphase: Concurrent Roots OopStorageSet                0.000 / 0.000         0.096 / 0.142         0.096 / 0.142         0.096 / 0.142       ms
[80.075s][info][gc,stats    ]    Subphase: Concurrent Weak Roots OopStorageSet           0.000 / 0.000         0.603 / 0.852         0.603 / 0.852         0.603 / 0.852       ms
[80.075s][info][gc,stats    ]    Subphase: Pause Mark Try Complete                       0.000 / 0.000         0.000 / 0.000         0.000 / 0.000         0.000 / 0.000       ms
[80.075s][info][gc,stats    ]      System: Java Threads                                      0 / 0                22 / 30               22 / 30               22 / 30          threads
[80.075s][info][gc,stats    ] =========================================================================================================================================================
[90.073s][info][gc,stats    ] === Garbage Collection Statistics =======================================================================================================================
[90.073s][info][gc,stats    ]                                                              Last 10s              Last 10m              Last 10h                Total
[90.073s][info][gc,stats    ]                                                              Avg / Max             Avg / Max             Avg / Max             Avg / Max
[90.073s][info][gc,stats    ]   Collector: Garbage Collection Cycle                      0.000 / 0.000       122.946 / 146.855     122.946 / 146.855     122.946 / 146.855     ms
[90.073s][info][gc,stats    ]  Contention: Mark Segment Reset Contention                     0 / 0                 0 / 1                 0 / 1                 0 / 1           ops/s
[90.073s][info][gc,stats    ]  Contention: Mark SeqNum Reset Contention                      0 / 0                 0 / 0                 0 / 0                 0 / 0           ops/s
[90.073s][info][gc,stats    ]    Critical: Allocation Stall                                  0 / 0                 0 / 0                 0 / 0                 0 / 0           ops/s
[90.073s][info][gc,stats    ]    Critical: Allocation Stall                              0.000 / 0.000         0.000 / 0.000         0.000 / 0.000         0.000 / 0.000       ms
[90.073s][info][gc,stats    ]    Critical: GC Locker Stall                                   0 / 0                 0 / 0                 0 / 0                 0 / 0           ops/s
[90.074s][info][gc,stats    ]    Critical: GC Locker Stall                               0.000 / 0.000         0.000 / 0.000         0.000 / 0.000         0.000 / 0.000       ms
[90.074s][info][gc,stats    ]    Critical: Relocation Stall                                  0 / 0                 0 / 0                 0 / 0                 0 / 0           ops/s
[90.074s][info][gc,stats    ]    Critical: Relocation Stall                              0.000 / 0.000         0.000 / 0.000         0.000 / 0.000         0.000 / 0.000       ms
[90.074s][info][gc,stats    ]      Memory: Allocation Rate                                   0 / 6                 9 / 230               9 / 230               9 / 230         MB/s
[90.074s][info][gc,stats    ]      Memory: Defragment                                        0 / 0                 0 / 16                0 / 16                0 / 16          ops/s
[90.074s][info][gc,stats    ]      Memory: Out Of Memory                                     0 / 0                 0 / 0                 0 / 0                 0 / 0           ops/s
[90.074s][info][gc,stats    ]      Memory: Page Cache Flush                                  0 / 0                 0 / 26                0 / 26                0 / 26          MB/s
[90.074s][info][gc,stats    ]      Memory: Page Cache Hit L1                                 0 / 3                 2 / 56                2 / 56                2 / 56          ops/s
[90.074s][info][gc,stats    ]      Memory: Page Cache Hit L2                                 0 / 0                 0 / 0                 0 / 0                 0 / 0           ops/s
[90.074s][info][gc,stats    ]      Memory: Page Cache Hit L3                                 0 / 0                 0 / 47                0 / 47                0 / 47          ops/s
[90.074s][info][gc,stats    ]      Memory: Page Cache Miss                                   0 / 0                 1 / 65                1 / 65                1 / 65          ops/s
[90.074s][info][gc,stats    ]      Memory: Uncommit                                          0 / 0                 0 / 0                 0 / 0                 0 / 0           MB/s
[90.074s][info][gc,stats    ]      Memory: Undo Object Allocation Failed                     0 / 0                 0 / 0                 0 / 0                 0 / 0           ops/s
[90.074s][info][gc,stats    ]      Memory: Undo Object Allocation Succeeded                  0 / 0                 0 / 0                 0 / 0                 0 / 0           ops/s
[90.074s][info][gc,stats    ]      Memory: Undo Page Allocation                              0 / 0                 0 / 8                 0 / 8                 0 / 8           ops/s
[90.074s][info][gc,stats    ]       Phase: Concurrent Mark                               0.000 / 0.000        89.517 / 116.352      89.517 / 116.352      89.517 / 116.352     ms
[90.074s][info][gc,stats    ]       Phase: Concurrent Mark Continue                      0.000 / 0.000         0.000 / 0.000         0.000 / 0.000         0.000 / 0.000       ms
[90.074s][info][gc,stats    ]       Phase: Concurrent Mark Free                          0.000 / 0.000         0.006 / 0.008         0.006 / 0.008         0.006 / 0.008       ms
[90.074s][info][gc,stats    ]       Phase: Concurrent Process Non-Strong References      0.000 / 0.000         5.694 / 7.831         5.694 / 7.831         5.694 / 7.831       ms
[90.074s][info][gc,stats    ]       Phase: Concurrent Relocate                           0.000 / 0.000        15.494 / 28.556       15.494 / 28.556       15.494 / 28.556      ms
[90.074s][info][gc,stats    ]       Phase: Concurrent Reset Relocation Set               0.000 / 0.000         0.005 / 0.007         0.005 / 0.007         0.005 / 0.007       ms
[90.074s][info][gc,stats    ]       Phase: Concurrent Select Relocation Set              0.000 / 0.000         4.707 / 7.007         4.707 / 7.007         4.707 / 7.007       ms
[90.074s][info][gc,stats    ]       Phase: Pause Mark End                                0.000 / 0.000         0.026 / 0.034         0.026 / 0.034         0.026 / 0.034       ms
[90.074s][info][gc,stats    ]       Phase: Pause Mark Start                              0.000 / 0.000         0.058 / 0.094         0.058 / 0.094         0.058 / 0.094       ms
[90.074s][info][gc,stats    ]       Phase: Pause Relocate Start                          0.000 / 0.000         0.015 / 0.021         0.015 / 0.021         0.015 / 0.021       ms
[90.074s][info][gc,stats    ]    Subphase: Concurrent Classes Purge                      0.000 / 0.000         1.127 / 2.038         1.127 / 2.038         1.127 / 2.038       ms
[90.074s][info][gc,stats    ]    Subphase: Concurrent Classes Unlink                     0.000 / 0.000         2.501 / 3.077         2.501 / 3.077         2.501 / 3.077       ms
[90.074s][info][gc,stats    ]    Subphase: Concurrent Mark                               0.000 / 0.000        88.117 / 115.699      88.117 / 115.699      88.117 / 115.699     ms
[90.074s][info][gc,stats    ]    Subphase: Concurrent Mark Try Flush                     0.000 / 0.000         0.851 / 4.263         0.851 / 4.263         0.851 / 4.263       ms
[90.074s][info][gc,stats    ]    Subphase: Concurrent Mark Try Terminate                 0.000 / 0.000         0.745 / 1.073         0.745 / 1.073         0.745 / 1.073       ms
[90.074s][info][gc,stats    ]    Subphase: Concurrent References Enqueue                 0.000 / 0.000         0.007 / 0.007         0.007 / 0.007         0.007 / 0.007       ms
[90.074s][info][gc,stats    ]    Subphase: Concurrent References Process                 0.000 / 0.000         0.153 / 0.219         0.153 / 0.219         0.153 / 0.219       ms
[90.074s][info][gc,stats    ]    Subphase: Concurrent Roots ClassLoaderDataGraph         0.000 / 0.000         0.269 / 0.593         0.269 / 0.593         0.269 / 0.593       ms
[90.074s][info][gc,stats    ]    Subphase: Concurrent Roots CodeCache                    0.000 / 0.000         0.000 / 0.000         0.000 / 0.000         0.000 / 0.000       ms
[90.074s][info][gc,stats    ]    Subphase: Concurrent Roots JavaThreads                  0.000 / 0.000         0.458 / 0.918         0.458 / 0.918         0.458 / 0.918       ms
[90.074s][info][gc,stats    ]    Subphase: Concurrent Roots OopStorageSet                0.000 / 0.000         0.096 / 0.142         0.096 / 0.142         0.096 / 0.142       ms
[90.074s][info][gc,stats    ]    Subphase: Concurrent Weak Roots OopStorageSet           0.000 / 0.000         0.603 / 0.852         0.603 / 0.852         0.603 / 0.852       ms
[90.075s][info][gc,stats    ]    Subphase: Pause Mark Try Complete                       0.000 / 0.000         0.000 / 0.000         0.000 / 0.000         0.000 / 0.000       ms
[90.075s][info][gc,stats    ]      System: Java Threads                                      0 / 0                22 / 30               22 / 30               22 / 30          threads
[90.075s][info][gc,stats    ] =========================================================================================================================================================
[100.074s][info][gc,stats    ] === Garbage Collection Statistics =======================================================================================================================
[100.074s][info][gc,stats    ]                                                              Last 10s              Last 10m              Last 10h                Total
[100.074s][info][gc,stats    ]                                                              Avg / Max             Avg / Max             Avg / Max             Avg / Max
[100.074s][info][gc,stats    ]   Collector: Garbage Collection Cycle                      0.000 / 0.000       122.946 / 146.855     122.946 / 146.855     122.946 / 146.855     ms
[100.074s][info][gc,stats    ]  Contention: Mark Segment Reset Contention                     0 / 0                 0 / 1                 0 / 1                 0 / 1           ops/s
[100.074s][info][gc,stats    ]  Contention: Mark SeqNum Reset Contention                      0 / 0                 0 / 0                 0 / 0                 0 / 0           ops/s
[100.074s][info][gc,stats    ]    Critical: Allocation Stall                                  0 / 0                 0 / 0                 0 / 0                 0 / 0           ops/s
[100.074s][info][gc,stats    ]    Critical: Allocation Stall                              0.000 / 0.000         0.000 / 0.000         0.000 / 0.000         0.000 / 0.000       ms
[100.074s][info][gc,stats    ]    Critical: GC Locker Stall                                   0 / 0                 0 / 0                 0 / 0                 0 / 0           ops/s
[100.074s][info][gc,stats    ]    Critical: GC Locker Stall                               0.000 / 0.000         0.000 / 0.000         0.000 / 0.000         0.000 / 0.000       ms
[100.074s][info][gc,stats    ]    Critical: Relocation Stall                                  0 / 0                 0 / 0                 0 / 0                 0 / 0           ops/s
[100.074s][info][gc,stats    ]    Critical: Relocation Stall                              0.000 / 0.000         0.000 / 0.000         0.000 / 0.000         0.000 / 0.000       ms
[100.074s][info][gc,stats    ]      Memory: Allocation Rate                                   0 / 2                 8 / 230               8 / 230               8 / 230         MB/s
[100.074s][info][gc,stats    ]      Memory: Defragment                                        0 / 0                 0 / 16                0 / 16                0 / 16          ops/s
[100.074s][info][gc,stats    ]      Memory: Out Of Memory                                     0 / 0                 0 / 0                 0 / 0                 0 / 0           ops/s
[100.074s][info][gc,stats    ]      Memory: Page Cache Flush                                  0 / 0                 0 / 26                0 / 26                0 / 26          MB/s
[100.074s][info][gc,stats    ]      Memory: Page Cache Hit L1                                 0 / 1                 1 / 56                1 / 56                1 / 56          ops/s
[100.074s][info][gc,stats    ]      Memory: Page Cache Hit L2                                 0 / 0                 0 / 0                 0 / 0                 0 / 0           ops/s
[100.074s][info][gc,stats    ]      Memory: Page Cache Hit L3                                 0 / 0                 0 / 47                0 / 47                0 / 47          ops/s
[100.074s][info][gc,stats    ]      Memory: Page Cache Miss                                   0 / 0                 1 / 65                1 / 65                1 / 65          ops/s
[100.074s][info][gc,stats    ]      Memory: Uncommit                                          0 / 0                 0 / 0                 0 / 0                 0 / 0           MB/s
[100.074s][info][gc,stats    ]      Memory: Undo Object Allocation Failed                     0 / 0                 0 / 0                 0 / 0                 0 / 0           ops/s
[100.074s][info][gc,stats    ]      Memory: Undo Object Allocation Succeeded                  0 / 0                 0 / 0                 0 / 0                 0 / 0           ops/s
[100.074s][info][gc,stats    ]      Memory: Undo Page Allocation                              0 / 0                 0 / 8                 0 / 8                 0 / 8           ops/s
[100.074s][info][gc,stats    ]       Phase: Concurrent Mark                               0.000 / 0.000        89.517 / 116.352      89.517 / 116.352      89.517 / 116.352     ms
[100.074s][info][gc,stats    ]       Phase: Concurrent Mark Continue                      0.000 / 0.000         0.000 / 0.000         0.000 / 0.000         0.000 / 0.000       ms
[100.074s][info][gc,stats    ]       Phase: Concurrent Mark Free                          0.000 / 0.000         0.006 / 0.008         0.006 / 0.008         0.006 / 0.008       ms
[100.074s][info][gc,stats    ]       Phase: Concurrent Process Non-Strong References      0.000 / 0.000         5.694 / 7.831         5.694 / 7.831         5.694 / 7.831       ms
[100.074s][info][gc,stats    ]       Phase: Concurrent Relocate                           0.000 / 0.000        15.494 / 28.556       15.494 / 28.556       15.494 / 28.556      ms
[100.074s][info][gc,stats    ]       Phase: Concurrent Reset Relocation Set               0.000 / 0.000         0.005 / 0.007         0.005 / 0.007         0.005 / 0.007       ms
[100.074s][info][gc,stats    ]       Phase: Concurrent Select Relocation Set              0.000 / 0.000         4.707 / 7.007         4.707 / 7.007         4.707 / 7.007       ms
[100.074s][info][gc,stats    ]       Phase: Pause Mark End                                0.000 / 0.000         0.026 / 0.034         0.026 / 0.034         0.026 / 0.034       ms
[100.075s][info][gc,stats    ]       Phase: Pause Mark Start                              0.000 / 0.000         0.058 / 0.094         0.058 / 0.094         0.058 / 0.094       ms
[100.075s][info][gc,stats    ]       Phase: Pause Relocate Start                          0.000 / 0.000         0.015 / 0.021         0.015 / 0.021         0.015 / 0.021       ms
[100.075s][info][gc,stats    ]    Subphase: Concurrent Classes Purge                      0.000 / 0.000         1.127 / 2.038         1.127 / 2.038         1.127 / 2.038       ms
[100.075s][info][gc,stats    ]    Subphase: Concurrent Classes Unlink                     0.000 / 0.000         2.501 / 3.077         2.501 / 3.077         2.501 / 3.077       ms
[100.075s][info][gc,stats    ]    Subphase: Concurrent Mark                               0.000 / 0.000        88.117 / 115.699      88.117 / 115.699      88.117 / 115.699     ms
[100.075s][info][gc,stats    ]    Subphase: Concurrent Mark Try Flush                     0.000 / 0.000         0.851 / 4.263         0.851 / 4.263         0.851 / 4.263       ms
[100.075s][info][gc,stats    ]    Subphase: Concurrent Mark Try Terminate                 0.000 / 0.000         0.745 / 1.073         0.745 / 1.073         0.745 / 1.073       ms
[100.075s][info][gc,stats    ]    Subphase: Concurrent References Enqueue                 0.000 / 0.000         0.007 / 0.007         0.007 / 0.007         0.007 / 0.007       ms
[100.075s][info][gc,stats    ]    Subphase: Concurrent References Process                 0.000 / 0.000         0.153 / 0.219         0.153 / 0.219         0.153 / 0.219       ms
[100.075s][info][gc,stats    ]    Subphase: Concurrent Roots ClassLoaderDataGraph         0.000 / 0.000         0.269 / 0.593         0.269 / 0.593         0.269 / 0.593       ms
[100.075s][info][gc,stats    ]    Subphase: Concurrent Roots CodeCache                    0.000 / 0.000         0.000 / 0.000         0.000 / 0.000         0.000 / 0.000       ms
[100.075s][info][gc,stats    ]    Subphase: Concurrent Roots JavaThreads                  0.000 / 0.000         0.458 / 0.918         0.458 / 0.918         0.458 / 0.918       ms
[100.075s][info][gc,stats    ]    Subphase: Concurrent Roots OopStorageSet                0.000 / 0.000         0.096 / 0.142         0.096 / 0.142         0.096 / 0.142       ms
[100.075s][info][gc,stats    ]    Subphase: Concurrent Weak Roots OopStorageSet           0.000 / 0.000         0.603 / 0.852         0.603 / 0.852         0.603 / 0.852       ms
[100.075s][info][gc,stats    ]    Subphase: Pause Mark Try Complete                       0.000 / 0.000         0.000 / 0.000         0.000 / 0.000         0.000 / 0.000       ms
[100.075s][info][gc,stats    ]      System: Java Threads                                      0 / 0                22 / 30               22 / 30               22 / 30          threads
[100.075s][info][gc,stats    ] =========================================================================================================================================================
[110.074s][info][gc,stats    ] === Garbage Collection Statistics =======================================================================================================================
[110.074s][info][gc,stats    ]                                                              Last 10s              Last 10m              Last 10h                Total
[110.074s][info][gc,stats    ]                                                              Avg / Max             Avg / Max             Avg / Max             Avg / Max
[110.074s][info][gc,stats    ]   Collector: Garbage Collection Cycle                      0.000 / 0.000       122.946 / 146.855     122.946 / 146.855     122.946 / 146.855     ms
[110.074s][info][gc,stats    ]  Contention: Mark Segment Reset Contention                     0 / 0                 0 / 1                 0 / 1                 0 / 1           ops/s
[110.074s][info][gc,stats    ]  Contention: Mark SeqNum Reset Contention                      0 / 0                 0 / 0                 0 / 0                 0 / 0           ops/s
[110.074s][info][gc,stats    ]    Critical: Allocation Stall                                  0 / 0                 0 / 0                 0 / 0                 0 / 0           ops/s
[110.074s][info][gc,stats    ]    Critical: Allocation Stall                              0.000 / 0.000         0.000 / 0.000         0.000 / 0.000         0.000 / 0.000       ms
[110.074s][info][gc,stats    ]    Critical: GC Locker Stall                                   0 / 0                 0 / 0                 0 / 0                 0 / 0           ops/s
[110.074s][info][gc,stats    ]    Critical: GC Locker Stall                               0.000 / 0.000         0.000 / 0.000         0.000 / 0.000         0.000 / 0.000       ms
[110.074s][info][gc,stats    ]    Critical: Relocation Stall                                  0 / 0                 0 / 0                 0 / 0                 0 / 0           ops/s
[110.074s][info][gc,stats    ]    Critical: Relocation Stall                              0.000 / 0.000         0.000 / 0.000         0.000 / 0.000         0.000 / 0.000       ms
[110.074s][info][gc,stats    ]      Memory: Allocation Rate                                   0 / 4                 7 / 230               7 / 230               7 / 230         MB/s
[110.074s][info][gc,stats    ]      Memory: Defragment                                        0 / 0                 0 / 16                0 / 16                0 / 16          ops/s
[110.074s][info][gc,stats    ]      Memory: Out Of Memory                                     0 / 0                 0 / 0                 0 / 0                 0 / 0           ops/s
[110.074s][info][gc,stats    ]      Memory: Page Cache Flush                                  0 / 0                 0 / 26                0 / 26                0 / 26          MB/s
[110.074s][info][gc,stats    ]      Memory: Page Cache Hit L1                                 0 / 2                 1 / 56                1 / 56                1 / 56          ops/s
[110.074s][info][gc,stats    ]      Memory: Page Cache Hit L2                                 0 / 0                 0 / 0                 0 / 0                 0 / 0           ops/s
[110.074s][info][gc,stats    ]      Memory: Page Cache Hit L3                                 0 / 0                 0 / 47                0 / 47                0 / 47          ops/s
[110.074s][info][gc,stats    ]      Memory: Page Cache Miss                                   0 / 0                 1 / 65                1 / 65                1 / 65          ops/s
[110.074s][info][gc,stats    ]      Memory: Uncommit                                          0 / 0                 0 / 0                 0 / 0                 0 / 0           MB/s
[110.074s][info][gc,stats    ]      Memory: Undo Object Allocation Failed                     0 / 0                 0 / 0                 0 / 0                 0 / 0           ops/s
[110.074s][info][gc,stats    ]      Memory: Undo Object Allocation Succeeded                  0 / 0                 0 / 0                 0 / 0                 0 / 0           ops/s
[110.074s][info][gc,stats    ]      Memory: Undo Page Allocation                              0 / 0                 0 / 8                 0 / 8                 0 / 8           ops/s
[110.074s][info][gc,stats    ]       Phase: Concurrent Mark                               0.000 / 0.000        89.517 / 116.352      89.517 / 116.352      89.517 / 116.352     ms
[110.074s][info][gc,stats    ]       Phase: Concurrent Mark Continue                      0.000 / 0.000         0.000 / 0.000         0.000 / 0.000         0.000 / 0.000       ms
[110.074s][info][gc,stats    ]       Phase: Concurrent Mark Free                          0.000 / 0.000         0.006 / 0.008         0.006 / 0.008         0.006 / 0.008       ms
[110.074s][info][gc,stats    ]       Phase: Concurrent Process Non-Strong References      0.000 / 0.000         5.694 / 7.831         5.694 / 7.831         5.694 / 7.831       ms
[110.074s][info][gc,stats    ]       Phase: Concurrent Relocate                           0.000 / 0.000        15.494 / 28.556       15.494 / 28.556       15.494 / 28.556      ms
[110.074s][info][gc,stats    ]       Phase: Concurrent Reset Relocation Set               0.000 / 0.000         0.005 / 0.007         0.005 / 0.007         0.005 / 0.007       ms
[110.074s][info][gc,stats    ]       Phase: Concurrent Select Relocation Set              0.000 / 0.000         4.707 / 7.007         4.707 / 7.007         4.707 / 7.007       ms
[110.074s][info][gc,stats    ]       Phase: Pause Mark End                                0.000 / 0.000         0.026 / 0.034         0.026 / 0.034         0.026 / 0.034       ms
[110.074s][info][gc,stats    ]       Phase: Pause Mark Start                              0.000 / 0.000         0.058 / 0.094         0.058 / 0.094         0.058 / 0.094       ms
[110.074s][info][gc,stats    ]       Phase: Pause Relocate Start                          0.000 / 0.000         0.015 / 0.021         0.015 / 0.021         0.015 / 0.021       ms
[110.074s][info][gc,stats    ]    Subphase: Concurrent Classes Purge                      0.000 / 0.000         1.127 / 2.038         1.127 / 2.038         1.127 / 2.038       ms
[110.074s][info][gc,stats    ]    Subphase: Concurrent Classes Unlink                     0.000 / 0.000         2.501 / 3.077         2.501 / 3.077         2.501 / 3.077       ms
[110.074s][info][gc,stats    ]    Subphase: Concurrent Mark                               0.000 / 0.000        88.117 / 115.699      88.117 / 115.699      88.117 / 115.699     ms
[110.074s][info][gc,stats    ]    Subphase: Concurrent Mark Try Flush                     0.000 / 0.000         0.851 / 4.263         0.851 / 4.263         0.851 / 4.263       ms
[110.074s][info][gc,stats    ]    Subphase: Concurrent Mark Try Terminate                 0.000 / 0.000         0.745 / 1.073         0.745 / 1.073         0.745 / 1.073       ms
[110.074s][info][gc,stats    ]    Subphase: Concurrent References Enqueue                 0.000 / 0.000         0.007 / 0.007         0.007 / 0.007         0.007 / 0.007       ms
[110.074s][info][gc,stats    ]    Subphase: Concurrent References Process                 0.000 / 0.000         0.153 / 0.219         0.153 / 0.219         0.153 / 0.219       ms
[110.074s][info][gc,stats    ]    Subphase: Concurrent Roots ClassLoaderDataGraph         0.000 / 0.000         0.269 / 0.593         0.269 / 0.593         0.269 / 0.593       ms
[110.074s][info][gc,stats    ]    Subphase: Concurrent Roots CodeCache                    0.000 / 0.000         0.000 / 0.000         0.000 / 0.000         0.000 / 0.000       ms
[110.074s][info][gc,stats    ]    Subphase: Concurrent Roots JavaThreads                  0.000 / 0.000         0.458 / 0.918         0.458 / 0.918         0.458 / 0.918       ms
[110.074s][info][gc,stats    ]    Subphase: Concurrent Roots OopStorageSet                0.000 / 0.000         0.096 / 0.142         0.096 / 0.142         0.096 / 0.142       ms
[110.074s][info][gc,stats    ]    Subphase: Concurrent Weak Roots OopStorageSet           0.000 / 0.000         0.603 / 0.852         0.603 / 0.852         0.603 / 0.852       ms
[110.074s][info][gc,stats    ]    Subphase: Pause Mark Try Complete                       0.000 / 0.000         0.000 / 0.000         0.000 / 0.000         0.000 / 0.000       ms
[110.074s][info][gc,stats    ]      System: Java Threads                                      0 / 0                22 / 30               22 / 30               22 / 30          threads
[110.074s][info][gc,stats    ] =========================================================================================================================================================
[120.073s][info][gc,stats    ] === Garbage Collection Statistics =======================================================================================================================
[120.073s][info][gc,stats    ]                                                              Last 10s              Last 10m              Last 10h                Total
[120.074s][info][gc,stats    ]                                                              Avg / Max             Avg / Max             Avg / Max             Avg / Max
[120.074s][info][gc,stats    ]   Collector: Garbage Collection Cycle                      0.000 / 0.000       122.946 / 146.855     122.946 / 146.855     122.946 / 146.855     ms
[120.074s][info][gc,stats    ]  Contention: Mark Segment Reset Contention                     0 / 0                 0 / 1                 0 / 1                 0 / 1           ops/s
[120.074s][info][gc,stats    ]  Contention: Mark SeqNum Reset Contention                      0 / 0                 0 / 0                 0 / 0                 0 / 0           ops/s
[120.074s][info][gc,stats    ]    Critical: Allocation Stall                                  0 / 0                 0 / 0                 0 / 0                 0 / 0           ops/s
[120.074s][info][gc,stats    ]    Critical: Allocation Stall                              0.000 / 0.000         0.000 / 0.000         0.000 / 0.000         0.000 / 0.000       ms
[120.074s][info][gc,stats    ]    Critical: GC Locker Stall                                   0 / 0                 0 / 0                 0 / 0                 0 / 0           ops/s
[120.074s][info][gc,stats    ]    Critical: GC Locker Stall                               0.000 / 0.000         0.000 / 0.000         0.000 / 0.000         0.000 / 0.000       ms
[120.074s][info][gc,stats    ]    Critical: Relocation Stall                                  0 / 0                 0 / 0                 0 / 0                 0 / 0           ops/s
[120.074s][info][gc,stats    ]    Critical: Relocation Stall                              0.000 / 0.000         0.000 / 0.000         0.000 / 0.000         0.000 / 0.000       ms
[120.074s][info][gc,stats    ]      Memory: Allocation Rate                                   0 / 4                 6 / 230               6 / 230               6 / 230         MB/s
[120.074s][info][gc,stats    ]      Memory: Defragment                                        0 / 0                 0 / 16                0 / 16                0 / 16          ops/s
[120.074s][info][gc,stats    ]      Memory: Out Of Memory                                     0 / 0                 0 / 0                 0 / 0                 0 / 0           ops/s
[120.074s][info][gc,stats    ]      Memory: Page Cache Flush                                  0 / 0                 0 / 26                0 / 26                0 / 26          MB/s
[120.074s][info][gc,stats    ]      Memory: Page Cache Hit L1                                 0 / 2                 1 / 56                1 / 56                1 / 56          ops/s
[120.074s][info][gc,stats    ]      Memory: Page Cache Hit L2                                 0 / 0                 0 / 0                 0 / 0                 0 / 0           ops/s
[120.074s][info][gc,stats    ]      Memory: Page Cache Hit L3                                 0 / 0                 0 / 47                0 / 47                0 / 47          ops/s
[120.074s][info][gc,stats    ]      Memory: Page Cache Miss                                   0 / 0                 0 / 65                0 / 65                0 / 65          ops/s
[120.074s][info][gc,stats    ]      Memory: Uncommit                                          0 / 0                 0 / 0                 0 / 0                 0 / 0           MB/s
[120.074s][info][gc,stats    ]      Memory: Undo Object Allocation Failed                     0 / 0                 0 / 0                 0 / 0                 0 / 0           ops/s
[120.074s][info][gc,stats    ]      Memory: Undo Object Allocation Succeeded                  0 / 0                 0 / 0                 0 / 0                 0 / 0           ops/s
[120.074s][info][gc,stats    ]      Memory: Undo Page Allocation                              0 / 0                 0 / 8                 0 / 8                 0 / 8           ops/s
[120.074s][info][gc,stats    ]       Phase: Concurrent Mark                               0.000 / 0.000        89.517 / 116.352      89.517 / 116.352      89.517 / 116.352     ms
[120.074s][info][gc,stats    ]       Phase: Concurrent Mark Continue                      0.000 / 0.000         0.000 / 0.000         0.000 / 0.000         0.000 / 0.000       ms
[120.074s][info][gc,stats    ]       Phase: Concurrent Mark Free                          0.000 / 0.000         0.006 / 0.008         0.006 / 0.008         0.006 / 0.008       ms
[120.074s][info][gc,stats    ]       Phase: Concurrent Process Non-Strong References      0.000 / 0.000         5.694 / 7.831         5.694 / 7.831         5.694 / 7.831       ms
[120.074s][info][gc,stats    ]       Phase: Concurrent Relocate                           0.000 / 0.000        15.494 / 28.556       15.494 / 28.556       15.494 / 28.556      ms
[120.074s][info][gc,stats    ]       Phase: Concurrent Reset Relocation Set               0.000 / 0.000         0.005 / 0.007         0.005 / 0.007         0.005 / 0.007       ms
[120.074s][info][gc,stats    ]       Phase: Concurrent Select Relocation Set              0.000 / 0.000         4.707 / 7.007         4.707 / 7.007         4.707 / 7.007       ms
[120.074s][info][gc,stats    ]       Phase: Pause Mark End                                0.000 / 0.000         0.026 / 0.034         0.026 / 0.034         0.026 / 0.034       ms
[120.074s][info][gc,stats    ]       Phase: Pause Mark Start                              0.000 / 0.000         0.058 / 0.094         0.058 / 0.094         0.058 / 0.094       ms
[120.074s][info][gc,stats    ]       Phase: Pause Relocate Start                          0.000 / 0.000         0.015 / 0.021         0.015 / 0.021         0.015 / 0.021       ms
[120.074s][info][gc,stats    ]    Subphase: Concurrent Classes Purge                      0.000 / 0.000         1.127 / 2.038         1.127 / 2.038         1.127 / 2.038       ms
[120.075s][info][gc,stats    ]    Subphase: Concurrent Classes Unlink                     0.000 / 0.000         2.501 / 3.077         2.501 / 3.077         2.501 / 3.077       ms
[120.075s][info][gc,stats    ]    Subphase: Concurrent Mark                               0.000 / 0.000        88.117 / 115.699      88.117 / 115.699      88.117 / 115.699     ms
[120.075s][info][gc,stats    ]    Subphase: Concurrent Mark Try Flush                     0.000 / 0.000         0.851 / 4.263         0.851 / 4.263         0.851 / 4.263       ms
[120.075s][info][gc,stats    ]    Subphase: Concurrent Mark Try Terminate                 0.000 / 0.000         0.745 / 1.073         0.745 / 1.073         0.745 / 1.073       ms
[120.075s][info][gc,stats    ]    Subphase: Concurrent References Enqueue                 0.000 / 0.000         0.007 / 0.007         0.007 / 0.007         0.007 / 0.007       ms
[120.075s][info][gc,stats    ]    Subphase: Concurrent References Process                 0.000 / 0.000         0.153 / 0.219         0.153 / 0.219         0.153 / 0.219       ms
[120.075s][info][gc,stats    ]    Subphase: Concurrent Roots ClassLoaderDataGraph         0.000 / 0.000         0.269 / 0.593         0.269 / 0.593         0.269 / 0.593       ms
[120.075s][info][gc,stats    ]    Subphase: Concurrent Roots CodeCache                    0.000 / 0.000         0.000 / 0.000         0.000 / 0.000         0.000 / 0.000       ms
[120.075s][info][gc,stats    ]    Subphase: Concurrent Roots JavaThreads                  0.000 / 0.000         0.458 / 0.918         0.458 / 0.918         0.458 / 0.918       ms
[120.075s][info][gc,stats    ]    Subphase: Concurrent Roots OopStorageSet                0.000 / 0.000         0.096 / 0.142         0.096 / 0.142         0.096 / 0.142       ms
[120.075s][info][gc,stats    ]    Subphase: Concurrent Weak Roots OopStorageSet           0.000 / 0.000         0.603 / 0.852         0.603 / 0.852         0.603 / 0.852       ms
[120.075s][info][gc,stats    ]    Subphase: Pause Mark Try Complete                       0.000 / 0.000         0.000 / 0.000         0.000 / 0.000         0.000 / 0.000       ms
[120.075s][info][gc,stats    ]      System: Java Threads                                      0 / 0                22 / 30               22 / 30               22 / 30          threads
[120.075s][info][gc,stats    ] =========================================================================================================================================================
[130.074s][info][gc,stats    ] === Garbage Collection Statistics =======================================================================================================================
[130.074s][info][gc,stats    ]                                                              Last 10s              Last 10m              Last 10h                Total
[130.074s][info][gc,stats    ]                                                              Avg / Max             Avg / Max             Avg / Max             Avg / Max
[130.074s][info][gc,stats    ]   Collector: Garbage Collection Cycle                      0.000 / 0.000       122.946 / 146.855     122.946 / 146.855     122.946 / 146.855     ms
[130.074s][info][gc,stats    ]  Contention: Mark Segment Reset Contention                     0 / 0                 0 / 1                 0 / 1                 0 / 1           ops/s
[130.074s][info][gc,stats    ]  Contention: Mark SeqNum Reset Contention                      0 / 0                 0 / 0                 0 / 0                 0 / 0           ops/s
[130.074s][info][gc,stats    ]    Critical: Allocation Stall                                  0 / 0                 0 / 0                 0 / 0                 0 / 0           ops/s
[130.074s][info][gc,stats    ]    Critical: Allocation Stall                              0.000 / 0.000         0.000 / 0.000         0.000 / 0.000         0.000 / 0.000       ms
[130.074s][info][gc,stats    ]    Critical: GC Locker Stall                                   0 / 0                 0 / 0                 0 / 0                 0 / 0           ops/s
[130.074s][info][gc,stats    ]    Critical: GC Locker Stall                               0.000 / 0.000         0.000 / 0.000         0.000 / 0.000         0.000 / 0.000       ms
[130.074s][info][gc,stats    ]    Critical: Relocation Stall                                  0 / 0                 0 / 0                 0 / 0                 0 / 0           ops/s
[130.074s][info][gc,stats    ]    Critical: Relocation Stall                              0.000 / 0.000         0.000 / 0.000         0.000 / 0.000         0.000 / 0.000       ms
[130.074s][info][gc,stats    ]      Memory: Allocation Rate                                   4 / 16                6 / 230               6 / 230               6 / 230         MB/s
[130.074s][info][gc,stats    ]      Memory: Defragment                                        0 / 0                 0 / 16                0 / 16                0 / 16          ops/s
[130.074s][info][gc,stats    ]      Memory: Out Of Memory                                     0 / 0                 0 / 0                 0 / 0                 0 / 0           ops/s
[130.074s][info][gc,stats    ]      Memory: Page Cache Flush                                  0 / 0                 0 / 26                0 / 26                0 / 26          MB/s
[130.074s][info][gc,stats    ]      Memory: Page Cache Hit L1                                 1 / 7                 1 / 56                1 / 56                1 / 56          ops/s
[130.074s][info][gc,stats    ]      Memory: Page Cache Hit L2                                 0 / 0                 0 / 0                 0 / 0                 0 / 0           ops/s
[130.074s][info][gc,stats    ]      Memory: Page Cache Hit L3                                 0 / 0                 0 / 47                0 / 47                0 / 47          ops/s
[130.074s][info][gc,stats    ]      Memory: Page Cache Miss                                   0 / 1                 0 / 65                0 / 65                0 / 65          ops/s
[130.074s][info][gc,stats    ]      Memory: Uncommit                                          0 / 0                 0 / 0                 0 / 0                 0 / 0           MB/s
[130.074s][info][gc,stats    ]      Memory: Undo Object Allocation Failed                     0 / 0                 0 / 0                 0 / 0                 0 / 0           ops/s
[130.074s][info][gc,stats    ]      Memory: Undo Object Allocation Succeeded                  0 / 0                 0 / 0                 0 / 0                 0 / 0           ops/s
[130.074s][info][gc,stats    ]      Memory: Undo Page Allocation                              0 / 0                 0 / 8                 0 / 8                 0 / 8           ops/s
[130.074s][info][gc,stats    ]       Phase: Concurrent Mark                               0.000 / 0.000        89.517 / 116.352      89.517 / 116.352      89.517 / 116.352     ms
[130.074s][info][gc,stats    ]       Phase: Concurrent Mark Continue                      0.000 / 0.000         0.000 / 0.000         0.000 / 0.000         0.000 / 0.000       ms
[130.074s][info][gc,stats    ]       Phase: Concurrent Mark Free                          0.000 / 0.000         0.006 / 0.008         0.006 / 0.008         0.006 / 0.008       ms
[130.074s][info][gc,stats    ]       Phase: Concurrent Process Non-Strong References      0.000 / 0.000         5.694 / 7.831         5.694 / 7.831         5.694 / 7.831       ms
[130.074s][info][gc,stats    ]       Phase: Concurrent Relocate                           0.000 / 0.000        15.494 / 28.556       15.494 / 28.556       15.494 / 28.556      ms
[130.074s][info][gc,stats    ]       Phase: Concurrent Reset Relocation Set               0.000 / 0.000         0.005 / 0.007         0.005 / 0.007         0.005 / 0.007       ms
[130.074s][info][gc,stats    ]       Phase: Concurrent Select Relocation Set              0.000 / 0.000         4.707 / 7.007         4.707 / 7.007         4.707 / 7.007       ms
[130.074s][info][gc,stats    ]       Phase: Pause Mark End                                0.000 / 0.000         0.026 / 0.034         0.026 / 0.034         0.026 / 0.034       ms
[130.074s][info][gc,stats    ]       Phase: Pause Mark Start                              0.000 / 0.000         0.058 / 0.094         0.058 / 0.094         0.058 / 0.094       ms
[130.074s][info][gc,stats    ]       Phase: Pause Relocate Start                          0.000 / 0.000         0.015 / 0.021         0.015 / 0.021         0.015 / 0.021       ms
[130.074s][info][gc,stats    ]    Subphase: Concurrent Classes Purge                      0.000 / 0.000         1.127 / 2.038         1.127 / 2.038         1.127 / 2.038       ms
[130.074s][info][gc,stats    ]    Subphase: Concurrent Classes Unlink                     0.000 / 0.000         2.501 / 3.077         2.501 / 3.077         2.501 / 3.077       ms
[130.074s][info][gc,stats    ]    Subphase: Concurrent Mark                               0.000 / 0.000        88.117 / 115.699      88.117 / 115.699      88.117 / 115.699     ms
[130.074s][info][gc,stats    ]    Subphase: Concurrent Mark Try Flush                     0.000 / 0.000         0.851 / 4.263         0.851 / 4.263         0.851 / 4.263       ms
[130.074s][info][gc,stats    ]    Subphase: Concurrent Mark Try Terminate                 0.000 / 0.000         0.745 / 1.073         0.745 / 1.073         0.745 / 1.073       ms
[130.074s][info][gc,stats    ]    Subphase: Concurrent References Enqueue                 0.000 / 0.000         0.007 / 0.007         0.007 / 0.007         0.007 / 0.007       ms
[130.074s][info][gc,stats    ]    Subphase: Concurrent References Process                 0.000 / 0.000         0.153 / 0.219         0.153 / 0.219         0.153 / 0.219       ms
[130.074s][info][gc,stats    ]    Subphase: Concurrent Roots ClassLoaderDataGraph         0.000 / 0.000         0.269 / 0.593         0.269 / 0.593         0.269 / 0.593       ms
[130.074s][info][gc,stats    ]    Subphase: Concurrent Roots CodeCache                    0.000 / 0.000         0.000 / 0.000         0.000 / 0.000         0.000 / 0.000       ms
[130.074s][info][gc,stats    ]    Subphase: Concurrent Roots JavaThreads                  0.000 / 0.000         0.458 / 0.918         0.458 / 0.918         0.458 / 0.918       ms
[130.074s][info][gc,stats    ]    Subphase: Concurrent Roots OopStorageSet                0.000 / 0.000         0.096 / 0.142         0.096 / 0.142         0.096 / 0.142       ms
[130.074s][info][gc,stats    ]    Subphase: Concurrent Weak Roots OopStorageSet           0.000 / 0.000         0.603 / 0.852         0.603 / 0.852         0.603 / 0.852       ms
[130.074s][info][gc,stats    ]    Subphase: Pause Mark Try Complete                       0.000 / 0.000         0.000 / 0.000         0.000 / 0.000         0.000 / 0.000       ms
[130.074s][info][gc,stats    ]      System: Java Threads                                      0 / 0                22 / 30               22 / 30               22 / 30          threads
[130.074s][info][gc,stats    ] =========================================================================================================================================================
[136.075s][info][gc,start    ] GC(3) Garbage Collection (Warmup)
[136.075s][info][gc,task     ] GC(3) Using 2 workers
[136.076s][info][gc,phases   ] GC(3) Pause Mark Start 0.060ms
[136.838s][info][gc,phases   ] GC(3) Concurrent Mark 762.249ms
[136.839s][info][gc,phases   ] GC(3) Pause Mark End 0.276ms
[136.839s][info][gc,phases   ] GC(3) Concurrent Mark Free 0.020ms
[137.031s][info][gc,phases   ] GC(3) Concurrent Process Non-Strong References 191.708ms
[137.031s][info][gc,phases   ] GC(3) Concurrent Reset Relocation Set 0.041ms
[137.083s][info][gc,phases   ] GC(3) Concurrent Select Relocation Set 52.269ms
[137.085s][info][gc,phases   ] GC(3) Pause Relocate Start 0.029ms
[137.134s][info][gc,phases   ] GC(3) Concurrent Relocate 47.257ms
[137.134s][info][gc,load     ] GC(3) Load: 2.15/0.76/0.33
[137.134s][info][gc,mmu      ] GC(3) MMU: 2ms/86.2%, 5ms/94.5%, 10ms/97.2%, 20ms/98.6%, 50ms/99.4%, 100ms/99.7%
[137.134s][info][gc,marking  ] GC(3) Mark: 2 stripe(s), 3 proactive flush(es), 1 terminate flush(es), 0 completion(s), 0 continuation(s) 
[137.134s][info][gc,marking  ] GC(3) Mark Stack Usage: 32M
[137.134s][info][gc,nmethod  ] GC(3) NMethods: 7572 registered, 1459 unregistered
[137.134s][info][gc,metaspace] GC(3) Metaspace: 69M used, 69M committed, 1088M reserved
[137.134s][info][gc,ref      ] GC(3) Soft: 4699 encountered, 0 discovered, 0 enqueued
[137.134s][info][gc,ref      ] GC(3) Weak: 10804 encountered, 4350 discovered, 3716 enqueued
[137.134s][info][gc,ref      ] GC(3) Final: 82 encountered, 9 discovered, 8 enqueued
[137.134s][info][gc,ref      ] GC(3) Phantom: 1198 encountered, 1039 discovered, 442 enqueued
[137.134s][info][gc,reloc    ] GC(3) Small Pages: 263 / 526M, Empty: 66M, Relocated: 17M, In-Place: 0
[137.134s][info][gc,reloc    ] GC(3) Medium Pages: 2 / 64M, Empty: 32M, Relocated: 0M, In-Place: 0
[137.134s][info][gc,reloc    ] GC(3) Large Pages: 1 / 6M, Empty: 0M, Relocated: 0M, In-Place: 0
[137.134s][info][gc,reloc    ] GC(3) Forwarding Usage: 5M
[137.134s][info][gc,heap     ] GC(3) Min Capacity: 8M(0%)
[137.134s][info][gc,heap     ] GC(3) Max Capacity: 1986M(100%)
[137.134s][info][gc,heap     ] GC(3) Soft Max Capacity: 1986M(100%)
[137.134s][info][gc,heap     ] GC(3)                Mark Start          Mark End        Relocate Start      Relocate End           High               Low         
[137.134s][info][gc,heap     ] GC(3)  Capacity:      596M (30%)         648M (33%)         652M (33%)         652M (33%)         652M (33%)         596M (30%)    
[137.134s][info][gc,heap     ] GC(3)      Free:     1390M (70%)        1338M (67%)        1430M (72%)        1776M (89%)        1776M (89%)        1334M (67%)    
[137.134s][info][gc,heap     ] GC(3)      Used:      596M (30%)         648M (33%)         556M (28%)         210M (11%)         652M (33%)         210M (11%)    
[137.134s][info][gc,heap     ] GC(3)      Live:         -               121M (6%)          121M (6%)          121M (6%)             -                  -          
[137.134s][info][gc,heap     ] GC(3) Allocated:         -                52M (3%)           58M (3%)           59M (3%)             -                  -          
[137.134s][info][gc,heap     ] GC(3)   Garbage:         -               474M (24%)         376M (19%)          28M (1%)             -                  -          
[137.134s][info][gc,heap     ] GC(3) Reclaimed:         -                  -                98M (5%)          445M (22%)            -                  -          
[137.134s][info][gc          ] GC(3) Garbage Collection (Warmup) 596M(30%)->210M(11%)
[140.074s][info][gc,stats    ] === Garbage Collection Statistics =======================================================================================================================
[140.074s][info][gc,stats    ]                                                              Last 10s              Last 10m              Last 10h                Total
[140.074s][info][gc,stats    ]                                                              Avg / Max             Avg / Max             Avg / Max             Avg / Max
[140.074s][info][gc,stats    ]   Collector: Garbage Collection Cycle                   1059.042 / 1059.042    356.970 / 1059.042    356.970 / 1059.042    356.970 / 1059.042    ms
[140.074s][info][gc,stats    ]  Contention: Mark Segment Reset Contention                     0 / 1                 0 / 1                 0 / 1                 0 / 1           ops/s
[140.074s][info][gc,stats    ]  Contention: Mark SeqNum Reset Contention                      0 / 0                 0 / 0                 0 / 0                 0 / 0           ops/s
[140.074s][info][gc,stats    ]    Critical: Allocation Stall                                  0 / 0                 0 / 0                 0 / 0                 0 / 0           ops/s
[140.074s][info][gc,stats    ]    Critical: Allocation Stall                              0.000 / 0.000         0.000 / 0.000         0.000 / 0.000         0.000 / 0.000       ms
[140.074s][info][gc,stats    ]    Critical: GC Locker Stall                                   0 / 0                 0 / 0                 0 / 0                 0 / 0           ops/s
[140.074s][info][gc,stats    ]    Critical: GC Locker Stall                               0.000 / 0.000         0.000 / 0.000         0.000 / 0.000         0.000 / 0.000       ms
[140.074s][info][gc,stats    ]    Critical: Relocation Stall                                  0 / 0                 0 / 0                 0 / 0                 0 / 0           ops/s
[140.074s][info][gc,stats    ]    Critical: Relocation Stall                              0.000 / 0.000         0.000 / 0.000         0.000 / 0.000         0.000 / 0.000       ms
[140.074s][info][gc,stats    ]      Memory: Allocation Rate                                  41 / 62                9 / 230               9 / 230               9 / 230         MB/s
[140.074s][info][gc,stats    ]      Memory: Defragment                                        0 / 0                 0 / 16                0 / 16                0 / 16          ops/s
[140.074s][info][gc,stats    ]      Memory: Out Of Memory                                     0 / 0                 0 / 0                 0 / 0                 0 / 0           ops/s
[140.074s][info][gc,stats    ]      Memory: Page Cache Flush                                  0 / 0                 0 / 26                0 / 26                0 / 26          MB/s
[140.074s][info][gc,stats    ]      Memory: Page Cache Hit L1                                11 / 33                2 / 56                2 / 56                2 / 56          ops/s
[140.074s][info][gc,stats    ]      Memory: Page Cache Hit L2                                 0 / 0                 0 / 0                 0 / 0                 0 / 0           ops/s
[140.074s][info][gc,stats    ]      Memory: Page Cache Hit L3                                 0 / 0                 0 / 47                0 / 47                0 / 47          ops/s
[140.074s][info][gc,stats    ]      Memory: Page Cache Miss                                  10 / 28                1 / 65                1 / 65                1 / 65          ops/s
[140.074s][info][gc,stats    ]      Memory: Uncommit                                          0 / 0                 0 / 0                 0 / 0                 0 / 0           MB/s
[140.074s][info][gc,stats    ]      Memory: Undo Object Allocation Failed                     0 / 0                 0 / 0                 0 / 0                 0 / 0           ops/s
[140.074s][info][gc,stats    ]      Memory: Undo Object Allocation Succeeded                  0 / 0                 0 / 0                 0 / 0                 0 / 0           ops/s
[140.074s][info][gc,stats    ]      Memory: Undo Page Allocation                              0 / 2                 0 / 8                 0 / 8                 0 / 8           ops/s
[140.074s][info][gc,stats    ]       Phase: Concurrent Mark                             762.249 / 762.249     257.700 / 762.249     257.700 / 762.249     257.700 / 762.249     ms
[140.074s][info][gc,stats    ]       Phase: Concurrent Mark Continue                      0.000 / 0.000         0.000 / 0.000         0.000 / 0.000         0.000 / 0.000       ms
[140.074s][info][gc,stats    ]       Phase: Concurrent Mark Free                          0.020 / 0.020         0.010 / 0.020         0.010 / 0.020         0.010 / 0.020       ms
[140.074s][info][gc,stats    ]       Phase: Concurrent Process Non-Strong References    191.708 / 191.708      52.197 / 191.708      52.197 / 191.708      52.197 / 191.708     ms
[140.074s][info][gc,stats    ]       Phase: Concurrent Relocate                          47.257 / 47.257       23.435 / 47.257       23.435 / 47.257       23.435 / 47.257      ms
[140.074s][info][gc,stats    ]       Phase: Concurrent Reset Relocation Set               0.041 / 0.041         0.014 / 0.041         0.014 / 0.041         0.014 / 0.041       ms
[140.074s][info][gc,stats    ]       Phase: Concurrent Select Relocation Set             52.269 / 52.269       16.597 / 52.269       16.597 / 52.269       16.597 / 52.269      ms
[140.074s][info][gc,stats    ]       Phase: Pause Mark End                                0.276 / 0.276         0.089 / 0.276         0.089 / 0.276         0.089 / 0.276       ms
[140.074s][info][gc,stats    ]       Phase: Pause Mark Start                              0.060 / 0.060         0.058 / 0.094         0.058 / 0.094         0.058 / 0.094       ms
[140.074s][info][gc,stats    ]       Phase: Pause Relocate Start                          0.029 / 0.029         0.019 / 0.029         0.019 / 0.029         0.019 / 0.029       ms
[140.074s][info][gc,stats    ]    Subphase: Concurrent Classes Purge                     36.458 / 36.458        9.960 / 36.458        9.960 / 36.458        9.960 / 36.458      ms
[140.074s][info][gc,stats    ]    Subphase: Concurrent Classes Unlink                   138.448 / 138.448      36.488 / 138.448      36.488 / 138.448      36.488 / 138.448     ms
[140.074s][info][gc,stats    ]    Subphase: Concurrent Mark                             752.750 / 754.933     254.275 / 754.933     254.275 / 754.933     254.275 / 754.933     ms
[140.074s][info][gc,stats    ]    Subphase: Concurrent Mark Try Flush                     2.298 / 6.692         1.296 / 6.692         1.296 / 6.692         1.296 / 6.692       ms
[140.074s][info][gc,stats    ]    Subphase: Concurrent Mark Try Terminate                 1.541 / 2.227         0.977 / 2.227         0.977 / 2.227         0.977 / 2.227       ms
[140.074s][info][gc,stats    ]    Subphase: Concurrent References Enqueue                 0.009 / 0.009         0.007 / 0.009         0.007 / 0.009         0.007 / 0.009       ms
[140.074s][info][gc,stats    ]    Subphase: Concurrent References Process                 3.267 / 3.267         0.932 / 3.267         0.932 / 3.267         0.932 / 3.267       ms
[140.074s][info][gc,stats    ]    Subphase: Concurrent Roots ClassLoaderDataGraph         0.521 / 0.910         0.332 / 0.910         0.332 / 0.910         0.332 / 0.910       ms
[140.074s][info][gc,stats    ]    Subphase: Concurrent Roots CodeCache                    0.000 / 0.000         0.000 / 0.000         0.000 / 0.000         0.000 / 0.000       ms
[140.074s][info][gc,stats    ]    Subphase: Concurrent Roots JavaThreads                  5.580 / 5.899         1.739 / 5.899         1.739 / 5.899         1.739 / 5.899       ms
[140.074s][info][gc,stats    ]    Subphase: Concurrent Roots OopStorageSet                0.314 / 0.356         0.151 / 0.356         0.151 / 0.356         0.151 / 0.356       ms
[140.074s][info][gc,stats    ]    Subphase: Concurrent Weak Roots OopStorageSet          10.949 / 12.430        3.190 / 12.430        3.190 / 12.430        3.190 / 12.430      ms
[140.074s][info][gc,stats    ]    Subphase: Pause Mark Try Complete                       0.000 / 0.000         0.000 / 0.000         0.000 / 0.000         0.000 / 0.000       ms
[140.074s][info][gc,stats    ]      System: Java Threads                                    173 / 173              59 / 173              59 / 173              59 / 173         threads
[140.074s][info][gc,stats    ] =========================================================================================================================================================
[150.073s][info][gc,stats    ] === Garbage Collection Statistics =======================================================================================================================
[150.073s][info][gc,stats    ]                                                              Last 10s              Last 10m              Last 10h                Total
[150.073s][info][gc,stats    ]                                                              Avg / Max             Avg / Max             Avg / Max             Avg / Max
[150.073s][info][gc,stats    ]   Collector: Garbage Collection Cycle                      0.000 / 0.000       356.970 / 1059.042    356.970 / 1059.042    356.970 / 1059.042    ms
[150.073s][info][gc,stats    ]  Contention: Mark Segment Reset Contention                     0 / 0                 0 / 1                 0 / 1                 0 / 1           ops/s
[150.073s][info][gc,stats    ]  Contention: Mark SeqNum Reset Contention                      0 / 0                 0 / 0                 0 / 0                 0 / 0           ops/s
[150.073s][info][gc,stats    ]    Critical: Allocation Stall                                  0 / 0                 0 / 0                 0 / 0                 0 / 0           ops/s
[150.073s][info][gc,stats    ]    Critical: Allocation Stall                              0.000 / 0.000         0.000 / 0.000         0.000 / 0.000         0.000 / 0.000       ms
[150.073s][info][gc,stats    ]    Critical: GC Locker Stall                                   0 / 0                 0 / 0                 0 / 0                 0 / 0           ops/s
[150.074s][info][gc,stats    ]    Critical: GC Locker Stall                               0.000 / 0.000         0.000 / 0.000         0.000 / 0.000         0.000 / 0.000       ms
[150.074s][info][gc,stats    ]    Critical: Relocation Stall                                  0 / 0                 0 / 0                 0 / 0                 0 / 0           ops/s
[150.074s][info][gc,stats    ]    Critical: Relocation Stall                              0.000 / 0.000         0.000 / 0.000         0.000 / 0.000         0.000 / 0.000       ms
[150.074s][info][gc,stats    ]      Memory: Allocation Rate                                  69 / 76               13 / 230              13 / 230              13 / 230         MB/s
[150.074s][info][gc,stats    ]      Memory: Defragment                                        1 / 14                0 / 16                0 / 16                0 / 16          ops/s
[150.074s][info][gc,stats    ]      Memory: Out Of Memory                                     0 / 0                 0 / 0                 0 / 0                 0 / 0           ops/s
[150.074s][info][gc,stats    ]      Memory: Page Cache Flush                                  3 / 28                0 / 28                0 / 28                0 / 28          MB/s
[150.074s][info][gc,stats    ]      Memory: Page Cache Hit L1                                14 / 36                3 / 56                3 / 56                3 / 56          ops/s
[150.074s][info][gc,stats    ]      Memory: Page Cache Hit L2                                 0 / 0                 0 / 0                 0 / 0                 0 / 0           ops/s
[150.074s][info][gc,stats    ]      Memory: Page Cache Hit L3                                 1 / 13                0 / 47                0 / 47                0 / 47          ops/s
[150.074s][info][gc,stats    ]      Memory: Page Cache Miss                                  18 / 36                2 / 65                2 / 65                2 / 65          ops/s
[150.074s][info][gc,stats    ]      Memory: Uncommit                                          0 / 0                 0 / 0                 0 / 0                 0 / 0           MB/s
[150.074s][info][gc,stats    ]      Memory: Undo Object Allocation Failed                     0 / 0                 0 / 0                 0 / 0                 0 / 0           ops/s
[150.074s][info][gc,stats    ]      Memory: Undo Object Allocation Succeeded                  0 / 0                 0 / 0                 0 / 0                 0 / 0           ops/s
[150.074s][info][gc,stats    ]      Memory: Undo Page Allocation                              1 / 8                 0 / 8                 0 / 8                 0 / 8           ops/s
[150.074s][info][gc,stats    ]       Phase: Concurrent Mark                               0.000 / 0.000       257.700 / 762.249     257.700 / 762.249     257.700 / 762.249     ms
[150.074s][info][gc,stats    ]       Phase: Concurrent Mark Continue                      0.000 / 0.000         0.000 / 0.000         0.000 / 0.000         0.000 / 0.000       ms
[150.074s][info][gc,stats    ]       Phase: Concurrent Mark Free                          0.000 / 0.000         0.010 / 0.020         0.010 / 0.020         0.010 / 0.020       ms
[150.074s][info][gc,stats    ]       Phase: Concurrent Process Non-Strong References      0.000 / 0.000        52.197 / 191.708      52.197 / 191.708      52.197 / 191.708     ms
[150.074s][info][gc,stats    ]       Phase: Concurrent Relocate                           0.000 / 0.000        23.435 / 47.257       23.435 / 47.257       23.435 / 47.257      ms
[150.074s][info][gc,stats    ]       Phase: Concurrent Reset Relocation Set               0.000 / 0.000         0.014 / 0.041         0.014 / 0.041         0.014 / 0.041       ms
[150.074s][info][gc,stats    ]       Phase: Concurrent Select Relocation Set              0.000 / 0.000        16.597 / 52.269       16.597 / 52.269       16.597 / 52.269      ms
[150.075s][info][gc,stats    ]       Phase: Pause Mark End                                0.000 / 0.000         0.089 / 0.276         0.089 / 0.276         0.089 / 0.276       ms
[150.075s][info][gc,stats    ]       Phase: Pause Mark Start                              0.000 / 0.000         0.058 / 0.094         0.058 / 0.094         0.058 / 0.094       ms
[150.075s][info][gc,stats    ]       Phase: Pause Relocate Start                          0.000 / 0.000         0.019 / 0.029         0.019 / 0.029         0.019 / 0.029       ms
[150.075s][info][gc,stats    ]    Subphase: Concurrent Classes Purge                      0.000 / 0.000         9.960 / 36.458        9.960 / 36.458        9.960 / 36.458      ms
[150.075s][info][gc,stats    ]    Subphase: Concurrent Classes Unlink                     0.000 / 0.000        36.488 / 138.448      36.488 / 138.448      36.488 / 138.448     ms
[150.075s][info][gc,stats    ]    Subphase: Concurrent Mark                               0.000 / 0.000       254.275 / 754.933     254.275 / 754.933     254.275 / 754.933     ms
[150.075s][info][gc,stats    ]    Subphase: Concurrent Mark Try Flush                     0.000 / 0.000         1.296 / 6.692         1.296 / 6.692         1.296 / 6.692       ms
[150.075s][info][gc,stats    ]    Subphase: Concurrent Mark Try Terminate                 0.000 / 0.000         0.977 / 2.227         0.977 / 2.227         0.977 / 2.227       ms
[150.075s][info][gc,stats    ]    Subphase: Concurrent References Enqueue                 0.000 / 0.000         0.007 / 0.009         0.007 / 0.009         0.007 / 0.009       ms
[150.075s][info][gc,stats    ]    Subphase: Concurrent References Process                 0.000 / 0.000         0.932 / 3.267         0.932 / 3.267         0.932 / 3.267       ms
[150.075s][info][gc,stats    ]    Subphase: Concurrent Roots ClassLoaderDataGraph         0.000 / 0.000         0.332 / 0.910         0.332 / 0.910         0.332 / 0.910       ms
[150.075s][info][gc,stats    ]    Subphase: Concurrent Roots CodeCache                    0.000 / 0.000         0.000 / 0.000         0.000 / 0.000         0.000 / 0.000       ms
[150.075s][info][gc,stats    ]    Subphase: Concurrent Roots JavaThreads                  0.000 / 0.000         1.739 / 5.899         1.739 / 5.899         1.739 / 5.899       ms
[150.075s][info][gc,stats    ]    Subphase: Concurrent Roots OopStorageSet                0.000 / 0.000         0.151 / 0.356         0.151 / 0.356         0.151 / 0.356       ms
[150.075s][info][gc,stats    ]    Subphase: Concurrent Weak Roots OopStorageSet           0.000 / 0.000         3.190 / 12.430        3.190 / 12.430        3.190 / 12.430      ms
[150.075s][info][gc,stats    ]    Subphase: Pause Mark Try Complete                       0.000 / 0.000         0.000 / 0.000         0.000 / 0.000         0.000 / 0.000       ms
[150.075s][info][gc,stats    ]      System: Java Threads                                      0 / 0                59 / 173              59 / 173              59 / 173         threads
[150.075s][info][gc,stats    ] =========================================================================================================================================================
[157.974s][info][gc,start    ] GC(4) Garbage Collection (Allocation Rate)
[157.974s][info][gc,task     ] GC(4) Using 1 workers
[157.974s][info][gc,phases   ] GC(4) Pause Mark Start 0.058ms
[159.460s][info][gc,phases   ] GC(4) Concurrent Mark 1481.096ms
[159.461s][info][gc,phases   ] GC(4) Pause Mark End 0.041ms
[159.461s][info][gc,phases   ] GC(4) Concurrent Mark Free 0.018ms
[159.631s][info][gc,phases   ] GC(4) Concurrent Process Non-Strong References 170.120ms
[159.631s][info][gc,phases   ] GC(4) Concurrent Reset Relocation Set 0.034ms
[159.671s][info][gc,phases   ] GC(4) Concurrent Select Relocation Set 39.876ms
[159.674s][info][gc,phases   ] GC(4) Pause Relocate Start 0.030ms
[160.074s][info][gc,stats    ] === Garbage Collection Statistics =======================================================================================================================
[160.074s][info][gc,stats    ]                                                              Last 10s              Last 10m              Last 10h                Total
[160.074s][info][gc,stats    ]                                                              Avg / Max             Avg / Max             Avg / Max             Avg / Max
[160.074s][info][gc,stats    ]   Collector: Garbage Collection Cycle                      0.000 / 0.000       356.970 / 1059.042    356.970 / 1059.042    356.970 / 1059.042    ms
[160.074s][info][gc,stats    ]  Contention: Mark Segment Reset Contention                     0 / 0                 0 / 1                 0 / 1                 0 / 1           ops/s
[160.074s][info][gc,stats    ]  Contention: Mark SeqNum Reset Contention                      0 / 0                 0 / 0                 0 / 0                 0 / 0           ops/s
[160.074s][info][gc,stats    ]    Critical: Allocation Stall                                  0 / 0                 0 / 0                 0 / 0                 0 / 0           ops/s
[160.074s][info][gc,stats    ]    Critical: Allocation Stall                              0.000 / 0.000         0.000 / 0.000         0.000 / 0.000         0.000 / 0.000       ms
[160.074s][info][gc,stats    ]    Critical: GC Locker Stall                                   0 / 0                 0 / 0                 0 / 0                 0 / 0           ops/s
[160.074s][info][gc,stats    ]    Critical: GC Locker Stall                               0.000 / 0.000         0.000 / 0.000         0.000 / 0.000         0.000 / 0.000       ms
[160.074s][info][gc,stats    ]    Critical: Relocation Stall                                  0 / 0                 0 / 0                 0 / 0                 0 / 0           ops/s
[160.074s][info][gc,stats    ]    Critical: Relocation Stall                              0.000 / 0.000         0.000 / 0.000         0.000 / 0.000         0.000 / 0.000       ms
[160.074s][info][gc,stats    ]      Memory: Allocation Rate                                  86 / 114              17 / 230              17 / 230              17 / 230         MB/s
[160.074s][info][gc,stats    ]      Memory: Defragment                                        0 / 1                 0 / 16                0 / 16                0 / 16          ops/s
[160.074s][info][gc,stats    ]      Memory: Out Of Memory                                     0 / 0                 0 / 0                 0 / 0                 0 / 0           ops/s
[160.074s][info][gc,stats    ]      Memory: Page Cache Flush                                  0 / 2                 0 / 28                0 / 28                0 / 28          MB/s
[160.074s][info][gc,stats    ]      Memory: Page Cache Hit L1                                 6 / 31                3 / 56                3 / 56                3 / 56          ops/s
[160.074s][info][gc,stats    ]      Memory: Page Cache Hit L2                                 0 / 0                 0 / 0                 0 / 0                 0 / 0           ops/s
[160.074s][info][gc,stats    ]      Memory: Page Cache Hit L3                                 0 / 1                 0 / 47                0 / 47                0 / 47          ops/s
[160.074s][info][gc,stats    ]      Memory: Page Cache Miss                                  34 / 42                4 / 65                4 / 65                4 / 65          ops/s
[160.074s][info][gc,stats    ]      Memory: Uncommit                                          0 / 0                 0 / 0                 0 / 0                 0 / 0           MB/s
[160.074s][info][gc,stats    ]      Memory: Undo Object Allocation Failed                     0 / 0                 0 / 0                 0 / 0                 0 / 0           ops/s
[160.074s][info][gc,stats    ]      Memory: Undo Object Allocation Succeeded                  0 / 2                 0 / 2                 0 / 2                 0 / 2           ops/s
[160.074s][info][gc,stats    ]      Memory: Undo Page Allocation                              3 / 7                 0 / 8                 0 / 8                 0 / 8           ops/s
[160.074s][info][gc,stats    ]       Phase: Concurrent Mark                            1481.096 / 1481.096    502.379 / 1481.096    502.379 / 1481.096    502.379 / 1481.096    ms
[160.074s][info][gc,stats    ]       Phase: Concurrent Mark Continue                      0.000 / 0.000         0.000 / 0.000         0.000 / 0.000         0.000 / 0.000       ms
[160.074s][info][gc,stats    ]       Phase: Concurrent Mark Free                          0.018 / 0.018         0.011 / 0.020         0.011 / 0.020         0.011 / 0.020       ms
[160.074s][info][gc,stats    ]       Phase: Concurrent Process Non-Strong References    170.120 / 170.120      75.782 / 191.708      75.782 / 191.708      75.782 / 191.708     ms
[160.074s][info][gc,stats    ]       Phase: Concurrent Relocate                           0.000 / 0.000        23.435 / 47.257       23.435 / 47.257       23.435 / 47.257      ms
[160.074s][info][gc,stats    ]       Phase: Concurrent Reset Relocation Set               0.034 / 0.034         0.018 / 0.041         0.018 / 0.041         0.018 / 0.041       ms
[160.074s][info][gc,stats    ]       Phase: Concurrent Select Relocation Set             39.876 / 39.876       21.253 / 52.269       21.253 / 52.269       21.253 / 52.269      ms
[160.074s][info][gc,stats    ]       Phase: Pause Mark End                                0.041 / 0.041         0.079 / 0.276         0.079 / 0.276         0.079 / 0.276       ms
[160.074s][info][gc,stats    ]       Phase: Pause Mark Start                              0.058 / 0.058         0.058 / 0.094         0.058 / 0.094         0.058 / 0.094       ms
[160.074s][info][gc,stats    ]       Phase: Pause Relocate Start                          0.030 / 0.030         0.021 / 0.030         0.021 / 0.030         0.021 / 0.030       ms
[160.074s][info][gc,stats    ]    Subphase: Concurrent Classes Purge                     15.062 / 15.062       10.980 / 36.458       10.980 / 36.458       10.980 / 36.458      ms
[160.074s][info][gc,stats    ]    Subphase: Concurrent Classes Unlink                   139.570 / 139.570      57.104 / 139.570      57.104 / 139.570      57.104 / 139.570     ms
[160.074s][info][gc,stats    ]    Subphase: Concurrent Mark                            1467.820 / 1467.820    389.114 / 1467.820    389.114 / 1467.820    389.114 / 1467.820    ms
[160.074s][info][gc,stats    ]    Subphase: Concurrent Mark Try Flush                     6.935 / 25.159        2.623 / 25.159        2.623 / 25.159        2.623 / 25.159      ms
[160.074s][info][gc,stats    ]    Subphase: Concurrent Mark Try Terminate                 0.576 / 1.151         0.947 / 2.227         0.947 / 2.227         0.947 / 2.227       ms
[160.074s][info][gc,stats    ]    Subphase: Concurrent References Enqueue                 0.009 / 0.009         0.008 / 0.009         0.008 / 0.009         0.008 / 0.009       ms
[160.074s][info][gc,stats    ]    Subphase: Concurrent References Process                10.562 / 10.562        2.858 / 10.562        2.858 / 10.562        2.858 / 10.562      ms
[160.074s][info][gc,stats    ]    Subphase: Concurrent Roots ClassLoaderDataGraph         0.811 / 0.811         0.385 / 0.910         0.385 / 0.910         0.385 / 0.910       ms
[160.074s][info][gc,stats    ]    Subphase: Concurrent Roots CodeCache                    0.000 / 0.000         0.000 / 0.000         0.000 / 0.000         0.000 / 0.000       ms
[160.074s][info][gc,stats    ]    Subphase: Concurrent Roots JavaThreads                 11.750 / 11.750        2.851 / 11.750        2.851 / 11.750        2.851 / 11.750      ms
[160.074s][info][gc,stats    ]    Subphase: Concurrent Roots OopStorageSet                0.558 / 0.558         0.196 / 0.558         0.196 / 0.558         0.196 / 0.558       ms
[160.074s][info][gc,stats    ]    Subphase: Concurrent Weak Roots OopStorageSet           3.016 / 3.016         3.170 / 12.430        3.170 / 12.430        3.170 / 12.430      ms
[160.074s][info][gc,stats    ]    Subphase: Pause Mark Try Complete                       0.000 / 0.000         0.000 / 0.000         0.000 / 0.000         0.000 / 0.000       ms
[160.074s][info][gc,stats    ]      System: Java Threads                                    173 / 173              82 / 173              82 / 173              82 / 173         threads
[160.074s][info][gc,stats    ] =========================================================================================================================================================
[160.079s][info][gc,phases   ] GC(4) Concurrent Relocate 404.432ms
[160.079s][info][gc,load     ] GC(4) Load: 6.11/1.82/0.69
[160.079s][info][gc,mmu      ] GC(4) MMU: 2ms/86.2%, 5ms/94.5%, 10ms/97.2%, 20ms/98.6%, 50ms/99.4%, 100ms/99.7%
[160.079s][info][gc,marking  ] GC(4) Mark: 1 stripe(s), 3 proactive flush(es), 1 terminate flush(es), 0 completion(s), 0 continuation(s) 
[160.079s][info][gc,marking  ] GC(4) Mark Stack Usage: 32M
[160.079s][info][gc,nmethod  ] GC(4) NMethods: 7768 registered, 2687 unregistered
[160.079s][info][gc,metaspace] GC(4) Metaspace: 69M used, 70M committed, 1088M reserved
[160.079s][info][gc,ref      ] GC(4) Soft: 4705 encountered, 0 discovered, 0 enqueued
[160.079s][info][gc,ref      ] GC(4) Weak: 34113 encountered, 27939 discovered, 24586 enqueued
[160.079s][info][gc,ref      ] GC(4) Final: 74 encountered, 0 discovered, 0 enqueued
[160.079s][info][gc,ref      ] GC(4) Phantom: 773 encountered, 467 discovered, 15 enqueued
[160.079s][info][gc,reloc    ] GC(4) Small Pages: 766 / 1532M, Empty: 0M, Relocated: 26M, In-Place: 0
[160.079s][info][gc,reloc    ] GC(4) Medium Pages: 2 / 64M, Empty: 0M, Relocated: 9M, In-Place: 0
[160.079s][info][gc,reloc    ] GC(4) Large Pages: 1 / 6M, Empty: 0M, Relocated: 0M, In-Place: 0
[160.079s][info][gc,reloc    ] GC(4) Forwarding Usage: 8M
[160.079s][info][gc,heap     ] GC(4) Min Capacity: 8M(0%)
[160.079s][info][gc,heap     ] GC(4) Max Capacity: 1986M(100%)
[160.079s][info][gc,heap     ] GC(4) Soft Max Capacity: 1986M(100%)
[160.079s][info][gc,heap     ] GC(4)                Mark Start          Mark End        Relocate Start      Relocate End           High               Low         
[160.079s][info][gc,heap     ] GC(4)  Capacity:     1602M (81%)        1726M (87%)        1738M (88%)        1802M (91%)        1802M (91%)        1602M (81%)    
[160.079s][info][gc,heap     ] GC(4)      Free:      384M (19%)         260M (13%)         248M (12%)        1618M (81%)        1618M (81%)         184M (9%)     
[160.079s][info][gc,heap     ] GC(4)      Used:     1602M (81%)        1726M (87%)        1738M (88%)         368M (19%)        1802M (91%)         368M (19%)    
[160.079s][info][gc,heap     ] GC(4)      Live:         -               139M (7%)          139M (7%)          139M (7%)             -                  -          
[160.079s][info][gc,heap     ] GC(4) Allocated:         -               124M (6%)          136M (7%)          201M (10%)            -                  -          
[160.079s][info][gc,heap     ] GC(4)   Garbage:         -              1462M (74%)        1462M (74%)          27M (1%)             -                  -          
[160.079s][info][gc,heap     ] GC(4) Reclaimed:         -                  -                 0M (0%)         1435M (72%)            -                  -          
[160.079s][info][gc          ] GC(4) Garbage Collection (Allocation Rate) 1602M(81%)->368M(19%)
[170.074s][info][gc,stats    ] === Garbage Collection Statistics =======================================================================================================================
[170.074s][info][gc,stats    ]                                                              Last 10s              Last 10m              Last 10h                Total
[170.074s][info][gc,stats    ]                                                              Avg / Max             Avg / Max             Avg / Max             Avg / Max
[170.074s][info][gc,stats    ]   Collector: Garbage Collection Cycle                   2104.995 / 2104.995    706.575 / 2104.995    706.575 / 2104.995    706.575 / 2104.995    ms
[170.074s][info][gc,stats    ]  Contention: Mark Segment Reset Contention                     0 / 0                 0 / 1                 0 / 1                 0 / 1           ops/s
[170.074s][info][gc,stats    ]  Contention: Mark SeqNum Reset Contention                      0 / 0                 0 / 0                 0 / 0                 0 / 0           ops/s
[170.074s][info][gc,stats    ]    Critical: Allocation Stall                                  0 / 0                 0 / 0                 0 / 0                 0 / 0           ops/s
[170.074s][info][gc,stats    ]    Critical: Allocation Stall                              0.000 / 0.000         0.000 / 0.000         0.000 / 0.000         0.000 / 0.000       ms
[170.074s][info][gc,stats    ]    Critical: GC Locker Stall                                   0 / 0                 0 / 0                 0 / 0                 0 / 0           ops/s
[170.074s][info][gc,stats    ]    Critical: GC Locker Stall                               0.000 / 0.000         0.000 / 0.000         0.000 / 0.000         0.000 / 0.000       ms
[170.074s][info][gc,stats    ]    Critical: Relocation Stall                                  0 / 0                 0 / 0                 0 / 0                 0 / 0           ops/s
[170.074s][info][gc,stats    ]    Critical: Relocation Stall                              0.000 / 0.000         0.000 / 0.000         0.000 / 0.000         0.000 / 0.000       ms
[170.074s][info][gc,stats    ]      Memory: Allocation Rate                                  89 / 104              21 / 230              21 / 230              21 / 230         MB/s
[170.074s][info][gc,stats    ]      Memory: Defragment                                        0 / 0                 0 / 16                0 / 16                0 / 16          ops/s
[170.074s][info][gc,stats    ]      Memory: Out Of Memory                                     0 / 0                 0 / 0                 0 / 0                 0 / 0           ops/s
[170.074s][info][gc,stats    ]      Memory: Page Cache Flush                                  0 / 0                 0 / 28                0 / 28                0 / 28          MB/s
[170.074s][info][gc,stats    ]      Memory: Page Cache Hit L1                                44 / 52                5 / 56                5 / 56                5 / 56          ops/s
[170.074s][info][gc,stats    ]      Memory: Page Cache Hit L2                                 0 / 0                 0 / 0                 0 / 0                 0 / 0           ops/s
[170.074s][info][gc,stats    ]      Memory: Page Cache Hit L3                                 0 / 0                 0 / 47                0 / 47                0 / 47          ops/s
[170.074s][info][gc,stats    ]      Memory: Page Cache Miss                                   0 / 0                 4 / 65                4 / 65                4 / 65          ops/s
[170.074s][info][gc,stats    ]      Memory: Uncommit                                          0 / 0                 0 / 0                 0 / 0                 0 / 0           MB/s
[170.074s][info][gc,stats    ]      Memory: Undo Object Allocation Failed                     0 / 0                 0 / 0                 0 / 0                 0 / 0           ops/s
[170.074s][info][gc,stats    ]      Memory: Undo Object Allocation Succeeded                  0 / 0                 0 / 2                 0 / 2                 0 / 2           ops/s
[170.074s][info][gc,stats    ]      Memory: Undo Page Allocation                              0 / 0                 0 / 8                 0 / 8                 0 / 8           ops/s
[170.074s][info][gc,stats    ]       Phase: Concurrent Mark                               0.000 / 0.000       502.379 / 1481.096    502.379 / 1481.096    502.379 / 1481.096    ms
[170.074s][info][gc,stats    ]       Phase: Concurrent Mark Continue                      0.000 / 0.000         0.000 / 0.000         0.000 / 0.000         0.000 / 0.000       ms
[170.074s][info][gc,stats    ]       Phase: Concurrent Mark Free                          0.000 / 0.000         0.011 / 0.020         0.011 / 0.020         0.011 / 0.020       ms
[170.074s][info][gc,stats    ]       Phase: Concurrent Process Non-Strong References      0.000 / 0.000        75.782 / 191.708      75.782 / 191.708      75.782 / 191.708     ms
[170.074s][info][gc,stats    ]       Phase: Concurrent Relocate                         404.432 / 404.432      99.634 / 404.432      99.634 / 404.432      99.634 / 404.432     ms
[170.074s][info][gc,stats    ]       Phase: Concurrent Reset Relocation Set               0.000 / 0.000         0.018 / 0.041         0.018 / 0.041         0.018 / 0.041       ms
[170.074s][info][gc,stats    ]       Phase: Concurrent Select Relocation Set              0.000 / 0.000        21.253 / 52.269       21.253 / 52.269       21.253 / 52.269      ms
[170.074s][info][gc,stats    ]       Phase: Pause Mark End                                0.000 / 0.000         0.079 / 0.276         0.079 / 0.276         0.079 / 0.276       ms
[170.074s][info][gc,stats    ]       Phase: Pause Mark Start                              0.000 / 0.000         0.058 / 0.094         0.058 / 0.094         0.058 / 0.094       ms
[170.074s][info][gc,stats    ]       Phase: Pause Relocate Start                          0.000 / 0.000         0.021 / 0.030         0.021 / 0.030         0.021 / 0.030       ms
[170.074s][info][gc,stats    ]    Subphase: Concurrent Classes Purge                      0.000 / 0.000        10.980 / 36.458       10.980 / 36.458       10.980 / 36.458      ms
[170.074s][info][gc,stats    ]    Subphase: Concurrent Classes Unlink                     0.000 / 0.000        57.104 / 139.570      57.104 / 139.570      57.104 / 139.570     ms
[170.074s][info][gc,stats    ]    Subphase: Concurrent Mark                               0.000 / 0.000       389.114 / 1467.820    389.114 / 1467.820    389.114 / 1467.820    ms
[170.074s][info][gc,stats    ]    Subphase: Concurrent Mark Try Flush                     0.000 / 0.000         2.623 / 25.159        2.623 / 25.159        2.623 / 25.159      ms
[170.074s][info][gc,stats    ]    Subphase: Concurrent Mark Try Terminate                 0.000 / 0.000         0.947 / 2.227         0.947 / 2.227         0.947 / 2.227       ms
[170.074s][info][gc,stats    ]    Subphase: Concurrent References Enqueue                 0.000 / 0.000         0.008 / 0.009         0.008 / 0.009         0.008 / 0.009       ms
[170.074s][info][gc,stats    ]    Subphase: Concurrent References Process                 0.000 / 0.000         2.858 / 10.562        2.858 / 10.562        2.858 / 10.562      ms
[170.075s][info][gc,stats    ]    Subphase: Concurrent Roots ClassLoaderDataGraph         0.000 / 0.000         0.385 / 0.910         0.385 / 0.910         0.385 / 0.910       ms
[170.075s][info][gc,stats    ]    Subphase: Concurrent Roots CodeCache                    0.000 / 0.000         0.000 / 0.000         0.000 / 0.000         0.000 / 0.000       ms
[170.075s][info][gc,stats    ]    Subphase: Concurrent Roots JavaThreads                  0.000 / 0.000         2.851 / 11.750        2.851 / 11.750        2.851 / 11.750      ms
[170.075s][info][gc,stats    ]    Subphase: Concurrent Roots OopStorageSet                0.000 / 0.000         0.196 / 0.558         0.196 / 0.558         0.196 / 0.558       ms
[170.075s][info][gc,stats    ]    Subphase: Concurrent Weak Roots OopStorageSet           0.000 / 0.000         3.170 / 12.430        3.170 / 12.430        3.170 / 12.430      ms
[170.075s][info][gc,stats    ]    Subphase: Pause Mark Try Complete                       0.000 / 0.000         0.000 / 0.000         0.000 / 0.000         0.000 / 0.000       ms
[170.075s][info][gc,stats    ]      System: Java Threads                                      0 / 0                82 / 173              82 / 173              82 / 173         threads
[170.075s][info][gc,stats    ] =========================================================================================================================================================
[172.873s][info][gc,start    ] GC(5) Garbage Collection (Allocation Rate)
[172.873s][info][gc,task     ] GC(5) Using 1 workers
[172.874s][info][gc,phases   ] GC(5) Pause Mark Start 0.046ms
[174.504s][info][gc,phases   ] GC(5) Concurrent Mark 1629.910ms
[174.504s][info][gc,phases   ] GC(5) Pause Mark End 0.075ms
[174.504s][info][gc,phases   ] GC(5) Concurrent Mark Free 0.010ms
[174.558s][info][gc,phases   ] GC(5) Concurrent Process Non-Strong References 53.921ms
[174.558s][info][gc,phases   ] GC(5) Concurrent Reset Relocation Set 0.135ms
[174.561s][info][gc,phases   ] GC(5) Concurrent Select Relocation Set 2.862ms
[174.561s][info][gc,phases   ] GC(5) Pause Relocate Start 0.030ms
[174.637s][info][gc,phases   ] GC(5) Concurrent Relocate 76.228ms
[174.637s][info][gc,load     ] GC(5) Load: 7.23/2.28/0.86
[174.637s][info][gc,mmu      ] GC(5) MMU: 2ms/86.2%, 5ms/94.5%, 10ms/97.2%, 20ms/98.6%, 50ms/99.4%, 100ms/99.7%
[174.637s][info][gc,marking  ] GC(5) Mark: 1 stripe(s), 2 proactive flush(es), 1 terminate flush(es), 0 completion(s), 0 continuation(s) 
[174.637s][info][gc,marking  ] GC(5) Mark Stack Usage: 32M
[174.637s][info][gc,nmethod  ] GC(5) NMethods: 7778 registered, 3066 unregistered
[174.637s][info][gc,metaspace] GC(5) Metaspace: 69M used, 70M committed, 1088M reserved
[174.637s][info][gc,ref      ] GC(5) Soft: 4706 encountered, 0 discovered, 0 enqueued
[174.637s][info][gc,ref      ] GC(5) Weak: 36394 encountered, 30481 discovered, 26891 enqueued
[174.637s][info][gc,ref      ] GC(5) Final: 74 encountered, 0 discovered, 0 enqueued
[174.637s][info][gc,ref      ] GC(5) Phantom: 758 encountered, 449 discovered, 0 enqueued
[174.637s][info][gc,reloc    ] GC(5) Small Pages: 737 / 1474M, Empty: 0M, Relocated: 29M, In-Place: 0
[174.637s][info][gc,reloc    ] GC(5) Medium Pages: 2 / 64M, Empty: 32M, Relocated: 0M, In-Place: 0
[174.637s][info][gc,reloc    ] GC(5) Large Pages: 1 / 6M, Empty: 0M, Relocated: 0M, In-Place: 0
[174.637s][info][gc,reloc    ] GC(5) Forwarding Usage: 7M
[174.637s][info][gc,heap     ] GC(5) Min Capacity: 8M(0%)
[174.637s][info][gc,heap     ] GC(5) Max Capacity: 1986M(100%)
[174.637s][info][gc,heap     ] GC(5) Soft Max Capacity: 1986M(100%)
[174.637s][info][gc,heap     ] GC(5)                Mark Start          Mark End        Relocate Start      Relocate End           High               Low         
[174.637s][info][gc,heap     ] GC(5)  Capacity:     1802M (91%)        1802M (91%)        1802M (91%)        1802M (91%)        1802M (91%)        1802M (91%)    
[174.637s][info][gc,heap     ] GC(5)      Free:      442M (22%)         298M (15%)         330M (17%)        1654M (83%)        1654M (83%)         298M (15%)    
[174.637s][info][gc,heap     ] GC(5)      Used:     1544M (78%)        1688M (85%)        1656M (83%)         332M (17%)        1688M (85%)         332M (17%)    
[174.637s][info][gc,heap     ] GC(5)      Live:         -               153M (8%)          153M (8%)          153M (8%)             -                  -          
[174.637s][info][gc,heap     ] GC(5) Allocated:         -               144M (7%)          144M (7%)          145M (7%)             -                  -          
[174.637s][info][gc,heap     ] GC(5)   Garbage:         -              1390M (70%)        1358M (68%)          32M (2%)             -                  -          
[174.637s][info][gc,heap     ] GC(5) Reclaimed:         -                  -                32M (2%)         1357M (68%)            -                  -          
[174.638s][info][gc          ] GC(5) Garbage Collection (Allocation Rate) 1544M(78%)->332M(17%)
[180.073s][info][gc,stats    ] === Garbage Collection Statistics =======================================================================================================================
[180.073s][info][gc,stats    ]                                                              Last 10s              Last 10m              Last 10h                Total
[180.073s][info][gc,stats    ]                                                              Avg / Max             Avg / Max             Avg / Max             Avg / Max
[180.073s][info][gc,stats    ]   Collector: Garbage Collection Cycle                   1763.967 / 1763.967    882.807 / 2104.995    882.807 / 2104.995    882.807 / 2104.995    ms
[180.073s][info][gc,stats    ]  Contention: Mark Segment Reset Contention                     0 / 0                 0 / 1                 0 / 1                 0 / 1           ops/s
[180.073s][info][gc,stats    ]  Contention: Mark SeqNum Reset Contention                      0 / 0                 0 / 0                 0 / 0                 0 / 0           ops/s
[180.073s][info][gc,stats    ]    Critical: Allocation Stall                                  0 / 0                 0 / 0                 0 / 0                 0 / 0           ops/s
[180.073s][info][gc,stats    ]    Critical: Allocation Stall                              0.000 / 0.000         0.000 / 0.000         0.000 / 0.000         0.000 / 0.000       ms
[180.073s][info][gc,stats    ]    Critical: GC Locker Stall                                   0 / 0                 0 / 0                 0 / 0                 0 / 0           ops/s
[180.073s][info][gc,stats    ]    Critical: GC Locker Stall                               0.000 / 0.000         0.000 / 0.000         0.000 / 0.000         0.000 / 0.000       ms
[180.073s][info][gc,stats    ]    Critical: Relocation Stall                                  0 / 0                 0 / 0                 0 / 0                 0 / 0           ops/s
[180.073s][info][gc,stats    ]    Critical: Relocation Stall                              0.000 / 0.000         0.000 / 0.000         0.000 / 0.000         0.000 / 0.000       ms
[180.074s][info][gc,stats    ]      Memory: Allocation Rate                                  43 / 130              23 / 230              23 / 230              23 / 230         MB/s
[180.074s][info][gc,stats    ]      Memory: Defragment                                        0 / 0                 0 / 16                0 / 16                0 / 16          ops/s
[180.074s][info][gc,stats    ]      Memory: Out Of Memory                                     0 / 0                 0 / 0                 0 / 0                 0 / 0           ops/s
[180.074s][info][gc,stats    ]      Memory: Page Cache Flush                                  0 / 0                 0 / 28                0 / 28                0 / 28          MB/s
[180.074s][info][gc,stats    ]      Memory: Page Cache Hit L1                                23 / 65                6 / 65                6 / 65                6 / 65          ops/s
[180.074s][info][gc,stats    ]      Memory: Page Cache Hit L2                                 0 / 0                 0 / 0                 0 / 0                 0 / 0           ops/s
[180.074s][info][gc,stats    ]      Memory: Page Cache Hit L3                                 0 / 0                 0 / 47                0 / 47                0 / 47          ops/s
[180.074s][info][gc,stats    ]      Memory: Page Cache Miss                                   0 / 0                 4 / 65                4 / 65                4 / 65          ops/s
[180.074s][info][gc,stats    ]      Memory: Uncommit                                          0 / 0                 0 / 0                 0 / 0                 0 / 0           MB/s
[180.074s][info][gc,stats    ]      Memory: Undo Object Allocation Failed                     0 / 0                 0 / 0                 0 / 0                 0 / 0           ops/s
[180.074s][info][gc,stats    ]      Memory: Undo Object Allocation Succeeded                  0 / 0                 0 / 2                 0 / 2                 0 / 2           ops/s
[180.074s][info][gc,stats    ]      Memory: Undo Page Allocation                              0 / 0                 0 / 8                 0 / 8                 0 / 8           ops/s
[180.074s][info][gc,stats    ]       Phase: Concurrent Mark                            1629.910 / 1629.910    690.301 / 1629.910    690.301 / 1629.910    690.301 / 1629.910    ms
[180.074s][info][gc,stats    ]       Phase: Concurrent Mark Continue                      0.000 / 0.000         0.000 / 0.000         0.000 / 0.000         0.000 / 0.000       ms
[180.074s][info][gc,stats    ]       Phase: Concurrent Mark Free                          0.010 / 0.010         0.011 / 0.020         0.011 / 0.020         0.011 / 0.020       ms
[180.074s][info][gc,stats    ]       Phase: Concurrent Process Non-Strong References     53.921 / 53.921       72.138 / 191.708      72.138 / 191.708      72.138 / 191.708     ms
[180.074s][info][gc,stats    ]       Phase: Concurrent Relocate                          76.228 / 76.228       95.733 / 404.432      95.733 / 404.432      95.733 / 404.432     ms
[180.074s][info][gc,stats    ]       Phase: Concurrent Reset Relocation Set               0.135 / 0.135         0.038 / 0.135         0.038 / 0.135         0.038 / 0.135       ms
[180.074s][info][gc,stats    ]       Phase: Concurrent Select Relocation Set              2.862 / 2.862        18.188 / 52.269       18.188 / 52.269       18.188 / 52.269      ms
[180.074s][info][gc,stats    ]       Phase: Pause Mark End                                0.075 / 0.075         0.079 / 0.276         0.079 / 0.276         0.079 / 0.276       ms
[180.074s][info][gc,stats    ]       Phase: Pause Mark Start                              0.046 / 0.046         0.056 / 0.094         0.056 / 0.094         0.056 / 0.094       ms
[180.074s][info][gc,stats    ]       Phase: Pause Relocate Start                          0.030 / 0.030         0.022 / 0.030         0.022 / 0.030         0.022 / 0.030       ms
[180.074s][info][gc,stats    ]    Subphase: Concurrent Classes Purge                      2.084 / 2.084         9.497 / 36.458        9.497 / 36.458        9.497 / 36.458      ms
[180.074s][info][gc,stats    ]    Subphase: Concurrent Classes Unlink                    39.882 / 39.882       54.234 / 139.570      54.234 / 139.570      54.234 / 139.570     ms
[180.074s][info][gc,stats    ]    Subphase: Concurrent Mark                            1627.600 / 1627.600    512.962 / 1627.600    512.962 / 1627.600    512.962 / 1627.600    ms
[180.074s][info][gc,stats    ]    Subphase: Concurrent Mark Try Flush                     0.490 / 1.326         2.303 / 25.159        2.303 / 25.159        2.303 / 25.159      ms
[180.074s][info][gc,stats    ]    Subphase: Concurrent Mark Try Terminate                 0.014 / 0.028         0.880 / 2.227         0.880 / 2.227         0.880 / 2.227       ms
[180.074s][info][gc,stats    ]    Subphase: Concurrent References Enqueue                 0.008 / 0.008         0.008 / 0.009         0.008 / 0.009         0.008 / 0.009       ms
[180.074s][info][gc,stats    ]    Subphase: Concurrent References Process                 9.280 / 9.280         3.928 / 10.562        3.928 / 10.562        3.928 / 10.562      ms
[180.074s][info][gc,stats    ]    Subphase: Concurrent Roots ClassLoaderDataGraph         0.350 / 0.350         0.382 / 0.910         0.382 / 0.910         0.382 / 0.910       ms
[180.074s][info][gc,stats    ]    Subphase: Concurrent Roots CodeCache                    0.000 / 0.000         0.000 / 0.000         0.000 / 0.000         0.000 / 0.000       ms
[180.074s][info][gc,stats    ]    Subphase: Concurrent Roots JavaThreads                  1.614 / 1.614         2.727 / 11.750        2.727 / 11.750        2.727 / 11.750      ms
[180.074s][info][gc,stats    ]    Subphase: Concurrent Roots OopStorageSet                0.183 / 0.183         0.195 / 0.558         0.195 / 0.558         0.195 / 0.558       ms
[180.074s][info][gc,stats    ]    Subphase: Concurrent Weak Roots OopStorageSet           2.302 / 2.302         3.084 / 12.430        3.084 / 12.430        3.084 / 12.430      ms
[180.075s][info][gc,stats    ]    Subphase: Pause Mark Try Complete                       0.000 / 0.000         0.000 / 0.000         0.000 / 0.000         0.000 / 0.000       ms
[180.075s][info][gc,stats    ]      System: Java Threads                                    173 / 173              97 / 173              97 / 173              97 / 173         threads
[180.075s][info][gc,stats    ] =========================================================================================================================================================
