[0.005s][info][gc,init] Initializing The Z Garbage Collector
[0.005s][info][gc,init] Version: 21.0.7+6-Ubuntu-0ubuntu122.04 (release)
[0.005s][info][gc,init] Using legacy single-generation mode
[0.005s][info][gc,init] NUMA Support: Disabled
[0.005s][info][gc,init] CPUs: 4 total, 4 available
[0.005s][info][gc,init] Memory: 7937M
[0.005s][info][gc,init] Large Page Support: Disabled
[0.005s][info][gc,init] GC Workers: 2 (dynamic)
[0.006s][info][gc,init] Address Space Type: Contiguous/Unrestricted/Complete
[0.006s][info][gc,init] Address Space Size: 31776M x 3 = 95328M
[0.006s][info][gc,init] Heap Backing File: /memfd:java_heap
[0.006s][info][gc,init] Heap Backing Filesystem: tmpfs (0x1021994)
[0.006s][info][gc,init] Min Capacity: 8M
[0.006s][info][gc,init] Initial Capacity: 126M
[0.006s][info][gc,init] Max Capacity: 1986M
[0.006s][info][gc,init] Medium Page Size: 32M
[0.006s][info][gc,init] Pre-touch: Disabled
[0.006s][info][gc,init] Available space on backing filesystem: N/A
[0.007s][info][gc,init] Uncommit: Enabled
[0.007s][info][gc,init] Uncommit Delay: 300s
[0.057s][info][gc,init] Runtime Workers: 8
[0.058s][info][gc     ] Using The Z Garbage Collector
[0.066s][info][gc,metaspace] CDS archive(s) mapped at: [0x00007f97e7000000-0x00007f97e7c98000-0x00007f97e7c98000), size 13205504, SharedBaseAddress: 0x00007f97e7000000, ArchiveRelocationMode: 1.
[0.066s][info][gc,metaspace] Compressed class space mapped at: 0x00007f97e8000000-0x00007f9828000000, reserved size: 1073741824
[0.066s][info][gc,metaspace] Narrow klass base: 0x00007f97e7000000, Narrow klass shift: 0, Narrow klass range: 0x100000000
[1.679s][info][gc,start    ] GC(0) Garbage Collection (Metadata GC Threshold)
[1.680s][info][gc,task     ] GC(0) Using 2 workers
[1.680s][info][gc,phases   ] GC(0) Pause Mark Start 0.148ms
[1.704s][info][gc,phases   ] GC(0) Concurrent Mark 24.133ms
[1.705s][info][gc,phases   ] GC(0) Pause Mark End 0.033ms
[1.705s][info][gc,phases   ] GC(0) Concurrent Mark Free 0.006ms
[1.709s][info][gc,phases   ] GC(0) Concurrent Process Non-Strong References 4.674ms
[1.709s][info][gc,phases   ] GC(0) Concurrent Reset Relocation Set 0.003ms
[1.714s][info][gc,phases   ] GC(0) Concurrent Select Relocation Set 4.989ms
[1.715s][info][gc,phases   ] GC(0) Pause Relocate Start 0.027ms
[1.722s][info][gc,phases   ] GC(0) Concurrent Relocate 7.843ms
[1.722s][info][gc,load     ] GC(0) Load: 0.09/0.29/0.15
[1.723s][info][gc,mmu      ] GC(0) MMU: 2ms/92.6%, 5ms/97.0%, 10ms/98.5%, 20ms/99.3%, 50ms/99.6%, 100ms/99.8%
[1.723s][info][gc,marking  ] GC(0) Mark: 2 stripe(s), 2 proactive flush(es), 1 terminate flush(es), 0 completion(s), 0 continuation(s) 
[1.723s][info][gc,marking  ] GC(0) Mark Stack Usage: 32M
[1.723s][info][gc,nmethod  ] GC(0) NMethods: 2197 registered, 453 unregistered
[1.723s][info][gc,metaspace] GC(0) Metaspace: 21M used, 22M committed, 1088M reserved
[1.723s][info][gc,ref      ] GC(0) Soft: 4036 encountered, 0 discovered, 0 enqueued
[1.723s][info][gc,ref      ] GC(0) Weak: 2217 encountered, 874 discovered, 512 enqueued
[1.723s][info][gc,ref      ] GC(0) Final: 5 encountered, 0 discovered, 0 enqueued
[1.723s][info][gc,ref      ] GC(0) Phantom: 741 encountered, 518 discovered, 254 enqueued
[1.723s][info][gc,reloc    ] GC(0) Small Pages: 57 / 114M, Empty: 2M, Relocated: 13M, In-Place: 0
[1.723s][info][gc,reloc    ] GC(0) Medium Pages: 1 / 32M, Empty: 0M, Relocated: 0M, In-Place: 0
[1.723s][info][gc,reloc    ] GC(0) Large Pages: 0 / 0M, Empty: 0M, Relocated: 0M, In-Place: 0
[1.723s][info][gc,reloc    ] GC(0) Forwarding Usage: 5M
[1.723s][info][gc,heap     ] GC(0) Min Capacity: 8M(0%)
[1.723s][info][gc,heap     ] GC(0) Max Capacity: 1986M(100%)
[1.723s][info][gc,heap     ] GC(0) Soft Max Capacity: 1986M(100%)
[1.723s][info][gc,heap     ] GC(0)                Mark Start          Mark End        Relocate Start      Relocate End           High               Low         
[1.723s][info][gc,heap     ] GC(0)  Capacity:      146M (7%)          148M (7%)          154M (8%)          154M (8%)          154M (8%)          146M (7%)     
[1.723s][info][gc,heap     ] GC(0)      Free:     1840M (93%)        1838M (93%)        1834M (92%)        1926M (97%)        1926M (97%)        1832M (92%)    
[1.723s][info][gc,heap     ] GC(0)      Used:      146M (7%)          148M (7%)          152M (8%)           60M (3%)          154M (8%)           60M (3%)     
[1.723s][info][gc,heap     ] GC(0)      Live:         -                20M (1%)           20M (1%)           20M (1%)             -                  -          
[1.723s][info][gc,heap     ] GC(0) Allocated:         -                 2M (0%)            8M (0%)            7M (0%)             -                  -          
[1.723s][info][gc,heap     ] GC(0)   Garbage:         -               125M (6%)          123M (6%)           31M (2%)             -                  -          
[1.723s][info][gc,heap     ] GC(0) Reclaimed:         -                  -                 2M (0%)           93M (5%)             -                  -          
[1.723s][info][gc          ] GC(0) Garbage Collection (Metadata GC Threshold) 146M(7%)->60M(3%)
[2.580s][info][gc,start    ] GC(1) Garbage Collection (Warmup)
[2.580s][info][gc,task     ] GC(1) Using 2 workers
[2.581s][info][gc,phases   ] GC(1) Pause Mark Start 0.049ms
[2.677s][info][gc,phases   ] GC(1) Concurrent Mark 96.220ms
[2.677s][info][gc,phases   ] GC(1) Pause Mark End 0.031ms
[2.677s][info][gc,phases   ] GC(1) Concurrent Mark Free 0.006ms
[2.690s][info][gc,phases   ] GC(1) Concurrent Process Non-Strong References 13.124ms
[2.690s][info][gc,phases   ] GC(1) Concurrent Reset Relocation Set 0.009ms
[2.692s][info][gc,phases   ] GC(1) Concurrent Select Relocation Set 1.591ms
[2.746s][info][gc,phases   ] GC(1) Pause Relocate Start 0.059ms
[2.811s][info][gc,phases   ] GC(1) Concurrent Relocate 65.668ms
[2.811s][info][gc,load     ] GC(1) Load: 0.09/0.29/0.15
[2.811s][info][gc,mmu      ] GC(1) MMU: 2ms/92.6%, 5ms/97.0%, 10ms/98.5%, 20ms/99.3%, 50ms/99.6%, 100ms/99.8%
[2.811s][info][gc,marking  ] GC(1) Mark: 2 stripe(s), 2 proactive flush(es), 1 terminate flush(es), 0 completion(s), 0 continuation(s) 
[2.811s][info][gc,marking  ] GC(1) Mark Stack Usage: 32M
[2.811s][info][gc,nmethod  ] GC(1) NMethods: 2803 registered, 95 unregistered
[2.811s][info][gc,metaspace] GC(1) Metaspace: 36M used, 37M committed, 1088M reserved
[2.811s][info][gc,ref      ] GC(1) Soft: 4359 encountered, 0 discovered, 0 enqueued
[2.811s][info][gc,ref      ] GC(1) Weak: 3015 encountered, 1295 discovered, 411 enqueued
[2.811s][info][gc,ref      ] GC(1) Final: 21 encountered, 18 discovered, 0 enqueued
[2.811s][info][gc,ref      ] GC(1) Phantom: 759 encountered, 669 discovered, 253 enqueued
[2.811s][info][gc,reloc    ] GC(1) Small Pages: 72 / 144M, Empty: 0M, Relocated: 8M, In-Place: 0
[2.811s][info][gc,reloc    ] GC(1) Medium Pages: 2 / 64M, Empty: 0M, Relocated: 5M, In-Place: 0
[2.811s][info][gc,reloc    ] GC(1) Large Pages: 0 / 0M, Empty: 0M, Relocated: 0M, In-Place: 0
[2.811s][info][gc,reloc    ] GC(1) Forwarding Usage: 2M
[2.811s][info][gc,heap     ] GC(1) Min Capacity: 8M(0%)
[2.811s][info][gc,heap     ] GC(1) Max Capacity: 1986M(100%)
[2.812s][info][gc,heap     ] GC(1) Soft Max Capacity: 1986M(100%)
[2.812s][info][gc,heap     ] GC(1)                Mark Start          Mark End        Relocate Start      Relocate End           High               Low         
[2.812s][info][gc,heap     ] GC(1)  Capacity:      208M (10%)         218M (11%)         252M (13%)         288M (15%)         288M (15%)         208M (10%)    
[2.812s][info][gc,heap     ] GC(1)      Free:     1778M (90%)        1768M (89%)        1734M (87%)        1820M (92%)        1822M (92%)        1698M (85%)    
[2.812s][info][gc,heap     ] GC(1)      Used:      208M (10%)         218M (11%)         252M (13%)         166M (8%)          288M (15%)         164M (8%)     
[2.812s][info][gc,heap     ] GC(1)      Live:         -                86M (4%)           86M (4%)           86M (4%)             -                  -          
[2.812s][info][gc,heap     ] GC(1) Allocated:         -                10M (1%)           44M (2%)           49M (3%)             -                  -          
[2.812s][info][gc,heap     ] GC(1)   Garbage:         -               121M (6%)          121M (6%)           29M (1%)             -                  -          
[2.812s][info][gc,heap     ] GC(1) Reclaimed:         -                  -                 0M (0%)           91M (5%)             -                  -          
[2.812s][info][gc          ] GC(1) Garbage Collection (Warmup) 208M(10%)->166M(8%)
[10.081s][info][gc,stats    ] === Garbage Collection Statistics =======================================================================================================================
[10.081s][info][gc,stats    ]                                                              Last 10s              Last 10m              Last 10h                Total
[10.081s][info][gc,stats    ]                                                              Avg / Max             Avg / Max             Avg / Max             Avg / Max
[10.081s][info][gc,stats    ]   Collector: Garbage Collection Cycle                    137.016 / 230.934     137.016 / 230.934     137.016 / 230.934     137.016 / 230.934     ms
[10.081s][info][gc,stats    ]  Contention: Mark Segment Reset Contention                     0 / 3                 0 / 3                 0 / 3                 0 / 3           ops/s
[10.081s][info][gc,stats    ]  Contention: Mark SeqNum Reset Contention                      0 / 0                 0 / 0                 0 / 0                 0 / 0           ops/s
[10.081s][info][gc,stats    ]    Critical: Allocation Stall                                  0 / 0                 0 / 0                 0 / 0                 0 / 0           ops/s
[10.081s][info][gc,stats    ]    Critical: Allocation Stall                              0.000 / 0.000         0.000 / 0.000         0.000 / 0.000         0.000 / 0.000       ms
[10.081s][info][gc,stats    ]    Critical: GC Locker Stall                                   0 / 0                 0 / 0                 0 / 0                 0 / 0           ops/s
[10.081s][info][gc,stats    ]    Critical: GC Locker Stall                               0.000 / 0.000         0.000 / 0.000         0.000 / 0.000         0.000 / 0.000       ms
[10.081s][info][gc,stats    ]    Critical: Relocation Stall                                  0 / 0                 0 / 0                 0 / 0                 0 / 0           ops/s
[10.081s][info][gc,stats    ]    Critical: Relocation Stall                              0.000 / 0.000         0.000 / 0.000         0.000 / 0.000         0.000 / 0.000       ms
[10.081s][info][gc,stats    ]      Memory: Allocation Rate                                  54 / 188              54 / 188              54 / 188              54 / 188         MB/s
[10.081s][info][gc,stats    ]      Memory: Defragment                                        1 / 10                1 / 10                1 / 10                1 / 10          ops/s
[10.081s][info][gc,stats    ]      Memory: Out Of Memory                                     0 / 0                 0 / 0                 0 / 0                 0 / 0           ops/s
[10.081s][info][gc,stats    ]      Memory: Page Cache Flush                                  3 / 20                3 / 20                3 / 20                3 / 20          MB/s
[10.081s][info][gc,stats    ]      Memory: Page Cache Hit L1                                 9 / 48                9 / 48                9 / 48                9 / 48          ops/s
[10.081s][info][gc,stats    ]      Memory: Page Cache Hit L2                                 0 / 0                 0 / 0                 0 / 0                 0 / 0           ops/s
[10.081s][info][gc,stats    ]      Memory: Page Cache Hit L3                                 7 / 47                7 / 47                7 / 47                7 / 47          ops/s
[10.081s][info][gc,stats    ]      Memory: Page Cache Miss                                   7 / 24                7 / 24                7 / 24                7 / 24          ops/s
[10.081s][info][gc,stats    ]      Memory: Uncommit                                          0 / 0                 0 / 0                 0 / 0                 0 / 0           MB/s
[10.081s][info][gc,stats    ]      Memory: Undo Object Allocation Failed                     0 / 0                 0 / 0                 0 / 0                 0 / 0           ops/s
[10.081s][info][gc,stats    ]      Memory: Undo Object Allocation Succeeded                  0 / 0                 0 / 0                 0 / 0                 0 / 0           ops/s
[10.081s][info][gc,stats    ]      Memory: Undo Page Allocation                              1 / 12                1 / 12                1 / 12                1 / 12          ops/s
[10.081s][info][gc,stats    ]       Phase: Concurrent Mark                              60.176 / 96.220       60.176 / 96.220       60.176 / 96.220       60.176 / 96.220      ms
[10.081s][info][gc,stats    ]       Phase: Concurrent Mark Continue                      0.000 / 0.000         0.000 / 0.000         0.000 / 0.000         0.000 / 0.000       ms
[10.081s][info][gc,stats    ]       Phase: Concurrent Mark Free                          0.006 / 0.006         0.006 / 0.006         0.006 / 0.006         0.006 / 0.006       ms
[10.081s][info][gc,stats    ]       Phase: Concurrent Process Non-Strong References      8.899 / 13.124        8.899 / 13.124        8.899 / 13.124        8.899 / 13.124      ms
[10.081s][info][gc,stats    ]       Phase: Concurrent Relocate                          36.756 / 65.668       36.756 / 65.668       36.756 / 65.668       36.756 / 65.668      ms
[10.081s][info][gc,stats    ]       Phase: Concurrent Reset Relocation Set               0.006 / 0.009         0.006 / 0.009         0.006 / 0.009         0.006 / 0.009       ms
[10.081s][info][gc,stats    ]       Phase: Concurrent Select Relocation Set              3.290 / 4.989         3.290 / 4.989         3.290 / 4.989         3.290 / 4.989       ms
[10.081s][info][gc,stats    ]       Phase: Pause Mark End                                0.032 / 0.033         0.032 / 0.033         0.032 / 0.033         0.032 / 0.033       ms
[10.081s][info][gc,stats    ]       Phase: Pause Mark Start                              0.099 / 0.148         0.099 / 0.148         0.099 / 0.148         0.099 / 0.148       ms
[10.081s][info][gc,stats    ]       Phase: Pause Relocate Start                          0.043 / 0.059         0.043 / 0.059         0.043 / 0.059         0.043 / 0.059       ms
[10.081s][info][gc,stats    ]    Subphase: Concurrent Classes Purge                      1.081 / 1.721         1.081 / 1.721         1.081 / 1.721         1.081 / 1.721       ms
[10.081s][info][gc,stats    ]    Subphase: Concurrent Classes Unlink                     3.064 / 4.072         3.064 / 4.072         3.064 / 4.072         3.064 / 4.072       ms
[10.081s][info][gc,stats    ]    Subphase: Concurrent Mark                              58.672 / 95.483       58.672 / 95.483       58.672 / 95.483       58.672 / 95.483      ms
[10.081s][info][gc,stats    ]    Subphase: Concurrent Mark Try Flush                     0.868 / 4.785         0.868 / 4.785         0.868 / 4.785         0.868 / 4.785       ms
[10.081s][info][gc,stats    ]    Subphase: Concurrent Mark Try Terminate                 1.144 / 4.787         1.144 / 4.787         1.144 / 4.787         1.144 / 4.787       ms
[10.081s][info][gc,stats    ]    Subphase: Concurrent References Enqueue                 0.007 / 0.007         0.007 / 0.007         0.007 / 0.007         0.007 / 0.007       ms
[10.081s][info][gc,stats    ]    Subphase: Concurrent References Process                 0.229 / 0.336         0.229 / 0.336         0.229 / 0.336         0.229 / 0.336       ms
[10.081s][info][gc,stats    ]    Subphase: Concurrent Roots ClassLoaderDataGraph         0.229 / 0.457         0.229 / 0.457         0.229 / 0.457         0.229 / 0.457       ms
[10.081s][info][gc,stats    ]    Subphase: Concurrent Roots CodeCache                    0.000 / 0.000         0.000 / 0.000         0.000 / 0.000         0.000 / 0.000       ms
[10.081s][info][gc,stats    ]    Subphase: Concurrent Roots JavaThreads                  0.565 / 1.188         0.565 / 1.188         0.565 / 1.188         0.565 / 1.188       ms
[10.081s][info][gc,stats    ]    Subphase: Concurrent Roots OopStorageSet                0.136 / 0.311         0.136 / 0.311         0.136 / 0.311         0.136 / 0.311       ms
[10.081s][info][gc,stats    ]    Subphase: Concurrent Weak Roots OopStorageSet           1.118 / 2.583         1.118 / 2.583         1.118 / 2.583         1.118 / 2.583       ms
[10.081s][info][gc,stats    ]    Subphase: Pause Mark Try Complete                       0.000 / 0.000         0.000 / 0.000         0.000 / 0.000         0.000 / 0.000       ms
[10.081s][info][gc,stats    ]      System: Java Threads                                     20 / 27               20 / 27               20 / 27               20 / 27          threads
[10.081s][info][gc,stats    ] =========================================================================================================================================================
[20.081s][info][gc,stats    ] === Garbage Collection Statistics =======================================================================================================================
[20.082s][info][gc,stats    ]                                                              Last 10s              Last 10m              Last 10h                Total
[20.082s][info][gc,stats    ]                                                              Avg / Max             Avg / Max             Avg / Max             Avg / Max
[20.082s][info][gc,stats    ]   Collector: Garbage Collection Cycle                      0.000 / 0.000       137.016 / 230.934     137.016 / 230.934     137.016 / 230.934     ms
[20.082s][info][gc,stats    ]  Contention: Mark Segment Reset Contention                     0 / 0                 0 / 3                 0 / 3                 0 / 3           ops/s
[20.082s][info][gc,stats    ]  Contention: Mark SeqNum Reset Contention                      0 / 0                 0 / 0                 0 / 0                 0 / 0           ops/s
[20.082s][info][gc,stats    ]    Critical: Allocation Stall                                  0 / 0                 0 / 0                 0 / 0                 0 / 0           ops/s
[20.082s][info][gc,stats    ]    Critical: Allocation Stall                              0.000 / 0.000         0.000 / 0.000         0.000 / 0.000         0.000 / 0.000       ms
[20.082s][info][gc,stats    ]    Critical: GC Locker Stall                                   0 / 0                 0 / 0                 0 / 0                 0 / 0           ops/s
[20.082s][info][gc,stats    ]    Critical: GC Locker Stall                               0.000 / 0.000         0.000 / 0.000         0.000 / 0.000         0.000 / 0.000       ms
[20.082s][info][gc,stats    ]    Critical: Relocation Stall                                  0 / 0                 0 / 0                 0 / 0                 0 / 0           ops/s
[20.082s][info][gc,stats    ]    Critical: Relocation Stall                              0.000 / 0.000         0.000 / 0.000         0.000 / 0.000         0.000 / 0.000       ms
[20.082s][info][gc,stats    ]      Memory: Allocation Rate                                   0 / 4                27 / 188              27 / 188              27 / 188         MB/s
[20.082s][info][gc,stats    ]      Memory: Defragment                                        0 / 0                 0 / 10                0 / 10                0 / 10          ops/s
[20.082s][info][gc,stats    ]      Memory: Out Of Memory                                     0 / 0                 0 / 0                 0 / 0                 0 / 0           ops/s
[20.082s][info][gc,stats    ]      Memory: Page Cache Flush                                  0 / 0                 1 / 20                1 / 20                1 / 20          MB/s
[20.082s][info][gc,stats    ]      Memory: Page Cache Hit L1                                 0 / 2                 5 / 48                5 / 48                5 / 48          ops/s
[20.082s][info][gc,stats    ]      Memory: Page Cache Hit L2                                 0 / 0                 0 / 0                 0 / 0                 0 / 0           ops/s
[20.082s][info][gc,stats    ]      Memory: Page Cache Hit L3                                 0 / 0                 3 / 47                3 / 47                3 / 47          ops/s
[20.082s][info][gc,stats    ]      Memory: Page Cache Miss                                   0 / 0                 3 / 24                3 / 24                3 / 24          ops/s
[20.082s][info][gc,stats    ]      Memory: Uncommit                                          0 / 0                 0 / 0                 0 / 0                 0 / 0           MB/s
[20.082s][info][gc,stats    ]      Memory: Undo Object Allocation Failed                     0 / 0                 0 / 0                 0 / 0                 0 / 0           ops/s
[20.082s][info][gc,stats    ]      Memory: Undo Object Allocation Succeeded                  0 / 0                 0 / 0                 0 / 0                 0 / 0           ops/s
[20.082s][info][gc,stats    ]      Memory: Undo Page Allocation                              0 / 0                 0 / 12                0 / 12                0 / 12          ops/s
[20.082s][info][gc,stats    ]       Phase: Concurrent Mark                               0.000 / 0.000        60.176 / 96.220       60.176 / 96.220       60.176 / 96.220      ms
[20.083s][info][gc,stats    ]       Phase: Concurrent Mark Continue                      0.000 / 0.000         0.000 / 0.000         0.000 / 0.000         0.000 / 0.000       ms
[20.083s][info][gc,stats    ]       Phase: Concurrent Mark Free                          0.000 / 0.000         0.006 / 0.006         0.006 / 0.006         0.006 / 0.006       ms
[20.083s][info][gc,stats    ]       Phase: Concurrent Process Non-Strong References      0.000 / 0.000         8.899 / 13.124        8.899 / 13.124        8.899 / 13.124      ms
[20.083s][info][gc,stats    ]       Phase: Concurrent Relocate                           0.000 / 0.000        36.756 / 65.668       36.756 / 65.668       36.756 / 65.668      ms
[20.083s][info][gc,stats    ]       Phase: Concurrent Reset Relocation Set               0.000 / 0.000         0.006 / 0.009         0.006 / 0.009         0.006 / 0.009       ms
[20.083s][info][gc,stats    ]       Phase: Concurrent Select Relocation Set              0.000 / 0.000         3.290 / 4.989         3.290 / 4.989         3.290 / 4.989       ms
[20.083s][info][gc,stats    ]       Phase: Pause Mark End                                0.000 / 0.000         0.032 / 0.033         0.032 / 0.033         0.032 / 0.033       ms
[20.083s][info][gc,stats    ]       Phase: Pause Mark Start                              0.000 / 0.000         0.099 / 0.148         0.099 / 0.148         0.099 / 0.148       ms
[20.083s][info][gc,stats    ]       Phase: Pause Relocate Start                          0.000 / 0.000         0.043 / 0.059         0.043 / 0.059         0.043 / 0.059       ms
[20.083s][info][gc,stats    ]    Subphase: Concurrent Classes Purge                      0.000 / 0.000         1.081 / 1.721         1.081 / 1.721         1.081 / 1.721       ms
[20.083s][info][gc,stats    ]    Subphase: Concurrent Classes Unlink                     0.000 / 0.000         3.064 / 4.072         3.064 / 4.072         3.064 / 4.072       ms
[20.083s][info][gc,stats    ]    Subphase: Concurrent Mark                               0.000 / 0.000        58.672 / 95.483       58.672 / 95.483       58.672 / 95.483      ms
[20.083s][info][gc,stats    ]    Subphase: Concurrent Mark Try Flush                     0.000 / 0.000         0.868 / 4.785         0.868 / 4.785         0.868 / 4.785       ms
[20.083s][info][gc,stats    ]    Subphase: Concurrent Mark Try Terminate                 0.000 / 0.000         1.144 / 4.787         1.144 / 4.787         1.144 / 4.787       ms
[20.083s][info][gc,stats    ]    Subphase: Concurrent References Enqueue                 0.000 / 0.000         0.007 / 0.007         0.007 / 0.007         0.007 / 0.007       ms
[20.083s][info][gc,stats    ]    Subphase: Concurrent References Process                 0.000 / 0.000         0.229 / 0.336         0.229 / 0.336         0.229 / 0.336       ms
[20.083s][info][gc,stats    ]    Subphase: Concurrent Roots ClassLoaderDataGraph         0.000 / 0.000         0.229 / 0.457         0.229 / 0.457         0.229 / 0.457       ms
[20.083s][info][gc,stats    ]    Subphase: Concurrent Roots CodeCache                    0.000 / 0.000         0.000 / 0.000         0.000 / 0.000         0.000 / 0.000       ms
[20.083s][info][gc,stats    ]    Subphase: Concurrent Roots JavaThreads                  0.000 / 0.000         0.565 / 1.188         0.565 / 1.188         0.565 / 1.188       ms
[20.083s][info][gc,stats    ]    Subphase: Concurrent Roots OopStorageSet                0.000 / 0.000         0.136 / 0.311         0.136 / 0.311         0.136 / 0.311       ms
[20.083s][info][gc,stats    ]    Subphase: Concurrent Weak Roots OopStorageSet           0.000 / 0.000         1.118 / 2.583         1.118 / 2.583         1.118 / 2.583       ms
[20.083s][info][gc,stats    ]    Subphase: Pause Mark Try Complete                       0.000 / 0.000         0.000 / 0.000         0.000 / 0.000         0.000 / 0.000       ms
[20.083s][info][gc,stats    ]      System: Java Threads                                      0 / 0                20 / 27               20 / 27               20 / 27          threads
[20.083s][info][gc,stats    ] =========================================================================================================================================================
[30.081s][info][gc,stats    ] === Garbage Collection Statistics =======================================================================================================================
[30.081s][info][gc,stats    ]                                                              Last 10s              Last 10m              Last 10h                Total
[30.081s][info][gc,stats    ]                                                              Avg / Max             Avg / Max             Avg / Max             Avg / Max
[30.081s][info][gc,stats    ]   Collector: Garbage Collection Cycle                      0.000 / 0.000       137.016 / 230.934     137.016 / 230.934     137.016 / 230.934     ms
[30.081s][info][gc,stats    ]  Contention: Mark Segment Reset Contention                     0 / 0                 0 / 3                 0 / 3                 0 / 3           ops/s
[30.081s][info][gc,stats    ]  Contention: Mark SeqNum Reset Contention                      0 / 0                 0 / 0                 0 / 0                 0 / 0           ops/s
[30.081s][info][gc,stats    ]    Critical: Allocation Stall                                  0 / 0                 0 / 0                 0 / 0                 0 / 0           ops/s
[30.081s][info][gc,stats    ]    Critical: Allocation Stall                              0.000 / 0.000         0.000 / 0.000         0.000 / 0.000         0.000 / 0.000       ms
[30.081s][info][gc,stats    ]    Critical: GC Locker Stall                                   0 / 0                 0 / 0                 0 / 0                 0 / 0           ops/s
[30.081s][info][gc,stats    ]    Critical: GC Locker Stall                               0.000 / 0.000         0.000 / 0.000         0.000 / 0.000         0.000 / 0.000       ms
[30.081s][info][gc,stats    ]    Critical: Relocation Stall                                  0 / 0                 0 / 0                 0 / 0                 0 / 0           ops/s
[30.081s][info][gc,stats    ]    Critical: Relocation Stall                              0.000 / 0.000         0.000 / 0.000         0.000 / 0.000         0.000 / 0.000       ms
[30.081s][info][gc,stats    ]      Memory: Allocation Rate                                   2 / 6                19 / 188              19 / 188              19 / 188         MB/s
[30.081s][info][gc,stats    ]      Memory: Defragment                                        0 / 0                 0 / 10                0 / 10                0 / 10          ops/s
[30.081s][info][gc,stats    ]      Memory: Out Of Memory                                     0 / 0                 0 / 0                 0 / 0                 0 / 0           ops/s
[30.081s][info][gc,stats    ]      Memory: Page Cache Flush                                  0 / 0                 1 / 20                1 / 20                1 / 20          MB/s
[30.081s][info][gc,stats    ]      Memory: Page Cache Hit L1                                 0 / 3                 3 / 48                3 / 48                3 / 48          ops/s
[30.081s][info][gc,stats    ]      Memory: Page Cache Hit L2                                 0 / 0                 0 / 0                 0 / 0                 0 / 0           ops/s
[30.081s][info][gc,stats    ]      Memory: Page Cache Hit L3                                 0 / 0                 2 / 47                2 / 47                2 / 47          ops/s
[30.081s][info][gc,stats    ]      Memory: Page Cache Miss                                   0 / 3                 2 / 24                2 / 24                2 / 24          ops/s
[30.082s][info][gc,stats    ]      Memory: Uncommit                                          0 / 0                 0 / 0                 0 / 0                 0 / 0           MB/s
[30.082s][info][gc,stats    ]      Memory: Undo Object Allocation Failed                     0 / 0                 0 / 0                 0 / 0                 0 / 0           ops/s
[30.082s][info][gc,stats    ]      Memory: Undo Object Allocation Succeeded                  0 / 0                 0 / 0                 0 / 0                 0 / 0           ops/s
[30.082s][info][gc,stats    ]      Memory: Undo Page Allocation                              0 / 0                 0 / 12                0 / 12                0 / 12          ops/s
[30.082s][info][gc,stats    ]       Phase: Concurrent Mark                               0.000 / 0.000        60.176 / 96.220       60.176 / 96.220       60.176 / 96.220      ms
[30.082s][info][gc,stats    ]       Phase: Concurrent Mark Continue                      0.000 / 0.000         0.000 / 0.000         0.000 / 0.000         0.000 / 0.000       ms
[30.082s][info][gc,stats    ]       Phase: Concurrent Mark Free                          0.000 / 0.000         0.006 / 0.006         0.006 / 0.006         0.006 / 0.006       ms
[30.082s][info][gc,stats    ]       Phase: Concurrent Process Non-Strong References      0.000 / 0.000         8.899 / 13.124        8.899 / 13.124        8.899 / 13.124      ms
[30.082s][info][gc,stats    ]       Phase: Concurrent Relocate                           0.000 / 0.000        36.756 / 65.668       36.756 / 65.668       36.756 / 65.668      ms
[30.082s][info][gc,stats    ]       Phase: Concurrent Reset Relocation Set               0.000 / 0.000         0.006 / 0.009         0.006 / 0.009         0.006 / 0.009       ms
[30.082s][info][gc,stats    ]       Phase: Concurrent Select Relocation Set              0.000 / 0.000         3.290 / 4.989         3.290 / 4.989         3.290 / 4.989       ms
[30.082s][info][gc,stats    ]       Phase: Pause Mark End                                0.000 / 0.000         0.032 / 0.033         0.032 / 0.033         0.032 / 0.033       ms
[30.082s][info][gc,stats    ]       Phase: Pause Mark Start                              0.000 / 0.000         0.099 / 0.148         0.099 / 0.148         0.099 / 0.148       ms
[30.082s][info][gc,stats    ]       Phase: Pause Relocate Start                          0.000 / 0.000         0.043 / 0.059         0.043 / 0.059         0.043 / 0.059       ms
[30.082s][info][gc,stats    ]    Subphase: Concurrent Classes Purge                      0.000 / 0.000         1.081 / 1.721         1.081 / 1.721         1.081 / 1.721       ms
[30.082s][info][gc,stats    ]    Subphase: Concurrent Classes Unlink                     0.000 / 0.000         3.064 / 4.072         3.064 / 4.072         3.064 / 4.072       ms
[30.082s][info][gc,stats    ]    Subphase: Concurrent Mark                               0.000 / 0.000        58.672 / 95.483       58.672 / 95.483       58.672 / 95.483      ms
[30.082s][info][gc,stats    ]    Subphase: Concurrent Mark Try Flush                     0.000 / 0.000         0.868 / 4.785         0.868 / 4.785         0.868 / 4.785       ms
[30.082s][info][gc,stats    ]    Subphase: Concurrent Mark Try Terminate                 0.000 / 0.000         1.144 / 4.787         1.144 / 4.787         1.144 / 4.787       ms
[30.082s][info][gc,stats    ]    Subphase: Concurrent References Enqueue                 0.000 / 0.000         0.007 / 0.007         0.007 / 0.007         0.007 / 0.007       ms
[30.082s][info][gc,stats    ]    Subphase: Concurrent References Process                 0.000 / 0.000         0.229 / 0.336         0.229 / 0.336         0.229 / 0.336       ms
[30.082s][info][gc,stats    ]    Subphase: Concurrent Roots ClassLoaderDataGraph         0.000 / 0.000         0.229 / 0.457         0.229 / 0.457         0.229 / 0.457       ms
[30.082s][info][gc,stats    ]    Subphase: Concurrent Roots CodeCache                    0.000 / 0.000         0.000 / 0.000         0.000 / 0.000         0.000 / 0.000       ms
[30.082s][info][gc,stats    ]    Subphase: Concurrent Roots JavaThreads                  0.000 / 0.000         0.565 / 1.188         0.565 / 1.188         0.565 / 1.188       ms
[30.082s][info][gc,stats    ]    Subphase: Concurrent Roots OopStorageSet                0.000 / 0.000         0.136 / 0.311         0.136 / 0.311         0.136 / 0.311       ms
[30.082s][info][gc,stats    ]    Subphase: Concurrent Weak Roots OopStorageSet           0.000 / 0.000         1.118 / 2.583         1.118 / 2.583         1.118 / 2.583       ms
[30.082s][info][gc,stats    ]    Subphase: Pause Mark Try Complete                       0.000 / 0.000         0.000 / 0.000         0.000 / 0.000         0.000 / 0.000       ms
[30.082s][info][gc,stats    ]      System: Java Threads                                      0 / 0                20 / 27               20 / 27               20 / 27          threads
[30.082s][info][gc,stats    ] =========================================================================================================================================================
[40.080s][info][gc,stats    ] === Garbage Collection Statistics =======================================================================================================================
[40.080s][info][gc,stats    ]                                                              Last 10s              Last 10m              Last 10h                Total
[40.080s][info][gc,stats    ]                                                              Avg / Max             Avg / Max             Avg / Max             Avg / Max
[40.080s][info][gc,stats    ]   Collector: Garbage Collection Cycle                      0.000 / 0.000       137.016 / 230.934     137.016 / 230.934     137.016 / 230.934     ms
[40.080s][info][gc,stats    ]  Contention: Mark Segment Reset Contention                     0 / 0                 0 / 3                 0 / 3                 0 / 3           ops/s
[40.080s][info][gc,stats    ]  Contention: Mark SeqNum Reset Contention                      0 / 0                 0 / 0                 0 / 0                 0 / 0           ops/s
[40.080s][info][gc,stats    ]    Critical: Allocation Stall                                  0 / 0                 0 / 0                 0 / 0                 0 / 0           ops/s
[40.080s][info][gc,stats    ]    Critical: Allocation Stall                              0.000 / 0.000         0.000 / 0.000         0.000 / 0.000         0.000 / 0.000       ms
[40.080s][info][gc,stats    ]    Critical: GC Locker Stall                                   0 / 0                 0 / 0                 0 / 0                 0 / 0           ops/s
[40.080s][info][gc,stats    ]    Critical: GC Locker Stall                               0.000 / 0.000         0.000 / 0.000         0.000 / 0.000         0.000 / 0.000       ms
[40.080s][info][gc,stats    ]    Critical: Relocation Stall                                  0 / 0                 0 / 0                 0 / 0                 0 / 0           ops/s
[40.080s][info][gc,stats    ]    Critical: Relocation Stall                              0.000 / 0.000         0.000 / 0.000         0.000 / 0.000         0.000 / 0.000       ms
[40.080s][info][gc,stats    ]      Memory: Allocation Rate                                   0 / 4                14 / 188              14 / 188              14 / 188         MB/s
[40.080s][info][gc,stats    ]      Memory: Defragment                                        0 / 0                 0 / 10                0 / 10                0 / 10          ops/s
[40.080s][info][gc,stats    ]      Memory: Out Of Memory                                     0 / 0                 0 / 0                 0 / 0                 0 / 0           ops/s
[40.080s][info][gc,stats    ]      Memory: Page Cache Flush                                  0 / 0                 0 / 20                0 / 20                0 / 20          MB/s
[40.080s][info][gc,stats    ]      Memory: Page Cache Hit L1                                 0 / 0                 2 / 48                2 / 48                2 / 48          ops/s
[40.080s][info][gc,stats    ]      Memory: Page Cache Hit L2                                 0 / 0                 0 / 0                 0 / 0                 0 / 0           ops/s
[40.080s][info][gc,stats    ]      Memory: Page Cache Hit L3                                 0 / 0                 1 / 47                1 / 47                1 / 47          ops/s
[40.080s][info][gc,stats    ]      Memory: Page Cache Miss                                   0 / 2                 2 / 24                2 / 24                2 / 24          ops/s
[40.080s][info][gc,stats    ]      Memory: Uncommit                                          0 / 0                 0 / 0                 0 / 0                 0 / 0           MB/s
[40.080s][info][gc,stats    ]      Memory: Undo Object Allocation Failed                     0 / 0                 0 / 0                 0 / 0                 0 / 0           ops/s
[40.080s][info][gc,stats    ]      Memory: Undo Object Allocation Succeeded                  0 / 0                 0 / 0                 0 / 0                 0 / 0           ops/s
[40.080s][info][gc,stats    ]      Memory: Undo Page Allocation                              0 / 0                 0 / 12                0 / 12                0 / 12          ops/s
[40.080s][info][gc,stats    ]       Phase: Concurrent Mark                               0.000 / 0.000        60.176 / 96.220       60.176 / 96.220       60.176 / 96.220      ms
[40.080s][info][gc,stats    ]       Phase: Concurrent Mark Continue                      0.000 / 0.000         0.000 / 0.000         0.000 / 0.000         0.000 / 0.000       ms
[40.080s][info][gc,stats    ]       Phase: Concurrent Mark Free                          0.000 / 0.000         0.006 / 0.006         0.006 / 0.006         0.006 / 0.006       ms
[40.080s][info][gc,stats    ]       Phase: Concurrent Process Non-Strong References      0.000 / 0.000         8.899 / 13.124        8.899 / 13.124        8.899 / 13.124      ms
[40.080s][info][gc,stats    ]       Phase: Concurrent Relocate                           0.000 / 0.000        36.756 / 65.668       36.756 / 65.668       36.756 / 65.668      ms
[40.080s][info][gc,stats    ]       Phase: Concurrent Reset Relocation Set               0.000 / 0.000         0.006 / 0.009         0.006 / 0.009         0.006 / 0.009       ms
[40.080s][info][gc,stats    ]       Phase: Concurrent Select Relocation Set              0.000 / 0.000         3.290 / 4.989         3.290 / 4.989         3.290 / 4.989       ms
[40.080s][info][gc,stats    ]       Phase: Pause Mark End                                0.000 / 0.000         0.032 / 0.033         0.032 / 0.033         0.032 / 0.033       ms
[40.080s][info][gc,stats    ]       Phase: Pause Mark Start                              0.000 / 0.000         0.099 / 0.148         0.099 / 0.148         0.099 / 0.148       ms
[40.080s][info][gc,stats    ]       Phase: Pause Relocate Start                          0.000 / 0.000         0.043 / 0.059         0.043 / 0.059         0.043 / 0.059       ms
[40.080s][info][gc,stats    ]    Subphase: Concurrent Classes Purge                      0.000 / 0.000         1.081 / 1.721         1.081 / 1.721         1.081 / 1.721       ms
[40.080s][info][gc,stats    ]    Subphase: Concurrent Classes Unlink                     0.000 / 0.000         3.064 / 4.072         3.064 / 4.072         3.064 / 4.072       ms
[40.080s][info][gc,stats    ]    Subphase: Concurrent Mark                               0.000 / 0.000        58.672 / 95.483       58.672 / 95.483       58.672 / 95.483      ms
[40.080s][info][gc,stats    ]    Subphase: Concurrent Mark Try Flush                     0.000 / 0.000         0.868 / 4.785         0.868 / 4.785         0.868 / 4.785       ms
[40.081s][info][gc,stats    ]    Subphase: Concurrent Mark Try Terminate                 0.000 / 0.000         1.144 / 4.787         1.144 / 4.787         1.144 / 4.787       ms
[40.081s][info][gc,stats    ]    Subphase: Concurrent References Enqueue                 0.000 / 0.000         0.007 / 0.007         0.007 / 0.007         0.007 / 0.007       ms
[40.081s][info][gc,stats    ]    Subphase: Concurrent References Process                 0.000 / 0.000         0.229 / 0.336         0.229 / 0.336         0.229 / 0.336       ms
[40.081s][info][gc,stats    ]    Subphase: Concurrent Roots ClassLoaderDataGraph         0.000 / 0.000         0.229 / 0.457         0.229 / 0.457         0.229 / 0.457       ms
[40.081s][info][gc,stats    ]    Subphase: Concurrent Roots CodeCache                    0.000 / 0.000         0.000 / 0.000         0.000 / 0.000         0.000 / 0.000       ms
[40.081s][info][gc,stats    ]    Subphase: Concurrent Roots JavaThreads                  0.000 / 0.000         0.565 / 1.188         0.565 / 1.188         0.565 / 1.188       ms
[40.081s][info][gc,stats    ]    Subphase: Concurrent Roots OopStorageSet                0.000 / 0.000         0.136 / 0.311         0.136 / 0.311         0.136 / 0.311       ms
[40.081s][info][gc,stats    ]    Subphase: Concurrent Weak Roots OopStorageSet           0.000 / 0.000         1.118 / 2.583         1.118 / 2.583         1.118 / 2.583       ms
[40.081s][info][gc,stats    ]    Subphase: Pause Mark Try Complete                       0.000 / 0.000         0.000 / 0.000         0.000 / 0.000         0.000 / 0.000       ms
[40.081s][info][gc,stats    ]      System: Java Threads                                      0 / 0                20 / 27               20 / 27               20 / 27          threads
[40.081s][info][gc,stats    ] =========================================================================================================================================================
[50.081s][info][gc,stats    ] === Garbage Collection Statistics =======================================================================================================================
[50.081s][info][gc,stats    ]                                                              Last 10s              Last 10m              Last 10h                Total
[50.081s][info][gc,stats    ]                                                              Avg / Max             Avg / Max             Avg / Max             Avg / Max
[50.081s][info][gc,stats    ]   Collector: Garbage Collection Cycle                      0.000 / 0.000       137.016 / 230.934     137.016 / 230.934     137.016 / 230.934     ms
[50.081s][info][gc,stats    ]  Contention: Mark Segment Reset Contention                     0 / 0                 0 / 3                 0 / 3                 0 / 3           ops/s
[50.081s][info][gc,stats    ]  Contention: Mark SeqNum Reset Contention                      0 / 0                 0 / 0                 0 / 0                 0 / 0           ops/s
[50.081s][info][gc,stats    ]    Critical: Allocation Stall                                  0 / 0                 0 / 0                 0 / 0                 0 / 0           ops/s
[50.081s][info][gc,stats    ]    Critical: Allocation Stall                              0.000 / 0.000         0.000 / 0.000         0.000 / 0.000         0.000 / 0.000       ms
[50.081s][info][gc,stats    ]    Critical: GC Locker Stall                                   0 / 0                 0 / 0                 0 / 0                 0 / 0           ops/s
[50.081s][info][gc,stats    ]    Critical: GC Locker Stall                               0.000 / 0.000         0.000 / 0.000         0.000 / 0.000         0.000 / 0.000       ms
[50.081s][info][gc,stats    ]    Critical: Relocation Stall                                  0 / 0                 0 / 0                 0 / 0                 0 / 0           ops/s
[50.081s][info][gc,stats    ]    Critical: Relocation Stall                              0.000 / 0.000         0.000 / 0.000         0.000 / 0.000         0.000 / 0.000       ms
[50.081s][info][gc,stats    ]      Memory: Allocation Rate                                   1 / 10               11 / 188              11 / 188              11 / 188         MB/s
[50.081s][info][gc,stats    ]      Memory: Defragment                                        0 / 0                 0 / 10                0 / 10                0 / 10          ops/s
[50.081s][info][gc,stats    ]      Memory: Out Of Memory                                     0 / 0                 0 / 0                 0 / 0                 0 / 0           ops/s
[50.081s][info][gc,stats    ]      Memory: Page Cache Flush                                  0 / 0                 0 / 20                0 / 20                0 / 20          MB/s
[50.081s][info][gc,stats    ]      Memory: Page Cache Hit L1                                 0 / 0                 2 / 48                2 / 48                2 / 48          ops/s
[50.081s][info][gc,stats    ]      Memory: Page Cache Hit L2                                 0 / 0                 0 / 0                 0 / 0                 0 / 0           ops/s
[50.081s][info][gc,stats    ]      Memory: Page Cache Hit L3                                 0 / 0                 1 / 47                1 / 47                1 / 47          ops/s
[50.081s][info][gc,stats    ]      Memory: Page Cache Miss                                   0 / 5                 1 / 24                1 / 24                1 / 24          ops/s
[50.081s][info][gc,stats    ]      Memory: Uncommit                                          0 / 0                 0 / 0                 0 / 0                 0 / 0           MB/s
[50.081s][info][gc,stats    ]      Memory: Undo Object Allocation Failed                     0 / 0                 0 / 0                 0 / 0                 0 / 0           ops/s
[50.081s][info][gc,stats    ]      Memory: Undo Object Allocation Succeeded                  0 / 0                 0 / 0                 0 / 0                 0 / 0           ops/s
[50.081s][info][gc,stats    ]      Memory: Undo Page Allocation                              0 / 0                 0 / 12                0 / 12                0 / 12          ops/s
[50.082s][info][gc,stats    ]       Phase: Concurrent Mark                               0.000 / 0.000        60.176 / 96.220       60.176 / 96.220       60.176 / 96.220      ms
[50.082s][info][gc,stats    ]       Phase: Concurrent Mark Continue                      0.000 / 0.000         0.000 / 0.000         0.000 / 0.000         0.000 / 0.000       ms
[50.082s][info][gc,stats    ]       Phase: Concurrent Mark Free                          0.000 / 0.000         0.006 / 0.006         0.006 / 0.006         0.006 / 0.006       ms
[50.082s][info][gc,stats    ]       Phase: Concurrent Process Non-Strong References      0.000 / 0.000         8.899 / 13.124        8.899 / 13.124        8.899 / 13.124      ms
[50.082s][info][gc,stats    ]       Phase: Concurrent Relocate                           0.000 / 0.000        36.756 / 65.668       36.756 / 65.668       36.756 / 65.668      ms
[50.082s][info][gc,stats    ]       Phase: Concurrent Reset Relocation Set               0.000 / 0.000         0.006 / 0.009         0.006 / 0.009         0.006 / 0.009       ms
[50.082s][info][gc,stats    ]       Phase: Concurrent Select Relocation Set              0.000 / 0.000         3.290 / 4.989         3.290 / 4.989         3.290 / 4.989       ms
[50.082s][info][gc,stats    ]       Phase: Pause Mark End                                0.000 / 0.000         0.032 / 0.033         0.032 / 0.033         0.032 / 0.033       ms
[50.082s][info][gc,stats    ]       Phase: Pause Mark Start                              0.000 / 0.000         0.099 / 0.148         0.099 / 0.148         0.099 / 0.148       ms
[50.082s][info][gc,stats    ]       Phase: Pause Relocate Start                          0.000 / 0.000         0.043 / 0.059         0.043 / 0.059         0.043 / 0.059       ms
[50.082s][info][gc,stats    ]    Subphase: Concurrent Classes Purge                      0.000 / 0.000         1.081 / 1.721         1.081 / 1.721         1.081 / 1.721       ms
[50.082s][info][gc,stats    ]    Subphase: Concurrent Classes Unlink                     0.000 / 0.000         3.064 / 4.072         3.064 / 4.072         3.064 / 4.072       ms
[50.082s][info][gc,stats    ]    Subphase: Concurrent Mark                               0.000 / 0.000        58.672 / 95.483       58.672 / 95.483       58.672 / 95.483      ms
[50.082s][info][gc,stats    ]    Subphase: Concurrent Mark Try Flush                     0.000 / 0.000         0.868 / 4.785         0.868 / 4.785         0.868 / 4.785       ms
[50.082s][info][gc,stats    ]    Subphase: Concurrent Mark Try Terminate                 0.000 / 0.000         1.144 / 4.787         1.144 / 4.787         1.144 / 4.787       ms
[50.082s][info][gc,stats    ]    Subphase: Concurrent References Enqueue                 0.000 / 0.000         0.007 / 0.007         0.007 / 0.007         0.007 / 0.007       ms
[50.082s][info][gc,stats    ]    Subphase: Concurrent References Process                 0.000 / 0.000         0.229 / 0.336         0.229 / 0.336         0.229 / 0.336       ms
[50.082s][info][gc,stats    ]    Subphase: Concurrent Roots ClassLoaderDataGraph         0.000 / 0.000         0.229 / 0.457         0.229 / 0.457         0.229 / 0.457       ms
[50.082s][info][gc,stats    ]    Subphase: Concurrent Roots CodeCache                    0.000 / 0.000         0.000 / 0.000         0.000 / 0.000         0.000 / 0.000       ms
[50.082s][info][gc,stats    ]    Subphase: Concurrent Roots JavaThreads                  0.000 / 0.000         0.565 / 1.188         0.565 / 1.188         0.565 / 1.188       ms
[50.082s][info][gc,stats    ]    Subphase: Concurrent Roots OopStorageSet                0.000 / 0.000         0.136 / 0.311         0.136 / 0.311         0.136 / 0.311       ms
[50.082s][info][gc,stats    ]    Subphase: Concurrent Weak Roots OopStorageSet           0.000 / 0.000         1.118 / 2.583         1.118 / 2.583         1.118 / 2.583       ms
[50.082s][info][gc,stats    ]    Subphase: Pause Mark Try Complete                       0.000 / 0.000         0.000 / 0.000         0.000 / 0.000         0.000 / 0.000       ms
[50.082s][info][gc,stats    ]      System: Java Threads                                      0 / 0                20 / 27               20 / 27               20 / 27          threads
[50.082s][info][gc,stats    ] =========================================================================================================================================================
[56.781s][info][gc,start    ] GC(2) Garbage Collection (Warmup)
[56.781s][info][gc,task     ] GC(2) Using 2 workers
[56.781s][info][gc,phases   ] GC(2) Pause Mark Start 0.119ms
[56.893s][info][gc,phases   ] GC(2) Concurrent Mark 111.888ms
[56.893s][info][gc,phases   ] GC(2) Pause Mark End 0.078ms
[56.893s][info][gc,phases   ] GC(2) Concurrent Mark Free 0.010ms
[56.907s][info][gc,phases   ] GC(2) Concurrent Process Non-Strong References 13.911ms
[56.907s][info][gc,phases   ] GC(2) Concurrent Reset Relocation Set 0.009ms
[56.913s][info][gc,phases   ] GC(2) Concurrent Select Relocation Set 5.394ms
[56.913s][info][gc,phases   ] GC(2) Pause Relocate Start 0.062ms
[56.933s][info][gc,phases   ] GC(2) Concurrent Relocate 19.687ms
[56.933s][info][gc,load     ] GC(2) Load: 0.42/0.38/0.19
[56.933s][info][gc,mmu      ] GC(2) MMU: 2ms/92.6%, 5ms/97.0%, 10ms/98.5%, 20ms/99.3%, 50ms/99.6%, 100ms/99.8%
[56.933s][info][gc,marking  ] GC(2) Mark: 2 stripe(s), 2 proactive flush(es), 1 terminate flush(es), 0 completion(s), 0 continuation(s) 
[56.933s][info][gc,marking  ] GC(2) Mark Stack Usage: 32M
[56.933s][info][gc,nmethod  ] GC(2) NMethods: 3999 registered, 433 unregistered
[56.933s][info][gc,metaspace] GC(2) Metaspace: 56M used, 57M committed, 1088M reserved
[56.933s][info][gc,ref      ] GC(2) Soft: 4872 encountered, 0 discovered, 0 enqueued
[56.933s][info][gc,ref      ] GC(2) Weak: 5279 encountered, 2039 discovered, 710 enqueued
[56.933s][info][gc,ref      ] GC(2) Final: 50 encountered, 10 discovered, 8 enqueued
[56.933s][info][gc,ref      ] GC(2) Phantom: 1014 encountered, 819 discovered, 446 enqueued
[56.933s][info][gc,reloc    ] GC(2) Small Pages: 168 / 336M, Empty: 16M, Relocated: 8M, In-Place: 0
[56.933s][info][gc,reloc    ] GC(2) Medium Pages: 2 / 64M, Empty: 0M, Relocated: 8M, In-Place: 0
[56.933s][info][gc,reloc    ] GC(2) Large Pages: 0 / 0M, Empty: 0M, Relocated: 0M, In-Place: 0
[56.933s][info][gc,reloc    ] GC(2) Forwarding Usage: 3M
[56.933s][info][gc,heap     ] GC(2) Min Capacity: 8M(0%)
[56.933s][info][gc,heap     ] GC(2) Max Capacity: 1986M(100%)
[56.933s][info][gc,heap     ] GC(2) Soft Max Capacity: 1986M(100%)
[56.933s][info][gc,heap     ] GC(2)                Mark Start          Mark End        Relocate Start      Relocate End           High               Low         
[56.933s][info][gc,heap     ] GC(2)  Capacity:      400M (20%)         420M (21%)         420M (21%)         452M (23%)         452M (23%)         400M (20%)    
[56.933s][info][gc,heap     ] GC(2)      Free:     1586M (80%)        1566M (79%)        1582M (80%)        1832M (92%)        1832M (92%)        1550M (78%)    
[56.933s][info][gc,heap     ] GC(2)      Used:      400M (20%)         420M (21%)         404M (20%)         154M (8%)          436M (22%)         154M (8%)     
[56.933s][info][gc,heap     ] GC(2)      Live:         -               105M (5%)          105M (5%)          105M (5%)             -                  -          
[56.933s][info][gc,heap     ] GC(2) Allocated:         -                20M (1%)           20M (1%)           19M (1%)             -                  -          
[56.933s][info][gc,heap     ] GC(2)   Garbage:         -               294M (15%)         278M (14%)          28M (1%)             -                  -          
[56.933s][info][gc,heap     ] GC(2) Reclaimed:         -                  -                16M (1%)          265M (13%)            -                  -          
[56.933s][info][gc          ] GC(2) Garbage Collection (Warmup) 400M(20%)->154M(8%)
[60.080s][info][gc,stats    ] === Garbage Collection Statistics =======================================================================================================================
[60.080s][info][gc,stats    ]                                                              Last 10s              Last 10m              Last 10h                Total
[60.080s][info][gc,stats    ]                                                              Avg / Max             Avg / Max             Avg / Max             Avg / Max
[60.080s][info][gc,stats    ]   Collector: Garbage Collection Cycle                    152.256 / 152.256     142.096 / 230.934     142.096 / 230.934     142.096 / 230.934     ms
[60.080s][info][gc,stats    ]  Contention: Mark Segment Reset Contention                     0 / 1                 0 / 3                 0 / 3                 0 / 3           ops/s
[60.080s][info][gc,stats    ]  Contention: Mark SeqNum Reset Contention                      0 / 0                 0 / 0                 0 / 0                 0 / 0           ops/s
[60.080s][info][gc,stats    ]    Critical: Allocation Stall                                  0 / 0                 0 / 0                 0 / 0                 0 / 0           ops/s
[60.080s][info][gc,stats    ]    Critical: Allocation Stall                              0.000 / 0.000         0.000 / 0.000         0.000 / 0.000         0.000 / 0.000       ms
[60.081s][info][gc,stats    ]    Critical: GC Locker Stall                                   0 / 0                 0 / 0                 0 / 0                 0 / 0           ops/s
[60.081s][info][gc,stats    ]    Critical: GC Locker Stall                               0.000 / 0.000         0.000 / 0.000         0.000 / 0.000         0.000 / 0.000       ms
[60.081s][info][gc,stats    ]    Critical: Relocation Stall                                  0 / 0                 0 / 0                 0 / 0                 0 / 0           ops/s
[60.081s][info][gc,stats    ]    Critical: Relocation Stall                              0.000 / 0.000         0.000 / 0.000         0.000 / 0.000         0.000 / 0.000       ms
[60.081s][info][gc,stats    ]      Memory: Allocation Rate                                  10 / 64               11 / 188              11 / 188              11 / 188         MB/s
[60.081s][info][gc,stats    ]      Memory: Defragment                                        0 / 0                 0 / 10                0 / 10                0 / 10          ops/s
[60.081s][info][gc,stats    ]      Memory: Out Of Memory                                     0 / 0                 0 / 0                 0 / 0                 0 / 0           ops/s
[60.081s][info][gc,stats    ]      Memory: Page Cache Flush                                  0 / 0                 0 / 20                0 / 20                0 / 20          MB/s
[60.081s][info][gc,stats    ]      Memory: Page Cache Hit L1                                 4 / 32                2 / 48                2 / 48                2 / 48          ops/s
[60.081s][info][gc,stats    ]      Memory: Page Cache Hit L2                                 0 / 0                 0 / 0                 0 / 0                 0 / 0           ops/s
[60.081s][info][gc,stats    ]      Memory: Page Cache Hit L3                                 0 / 0                 1 / 47                1 / 47                1 / 47          ops/s
[60.081s][info][gc,stats    ]      Memory: Page Cache Miss                                   1 / 13                1 / 24                1 / 24                1 / 24          ops/s
[60.081s][info][gc,stats    ]      Memory: Uncommit                                          0 / 0                 0 / 0                 0 / 0                 0 / 0           MB/s
[60.081s][info][gc,stats    ]      Memory: Undo Object Allocation Failed                     0 / 0                 0 / 0                 0 / 0                 0 / 0           ops/s
[60.081s][info][gc,stats    ]      Memory: Undo Object Allocation Succeeded                  0 / 0                 0 / 0                 0 / 0                 0 / 0           ops/s
[60.081s][info][gc,stats    ]      Memory: Undo Page Allocation                              0 / 3                 0 / 12                0 / 12                0 / 12          ops/s
[60.081s][info][gc,stats    ]       Phase: Concurrent Mark                             111.888 / 111.888      77.414 / 111.888      77.414 / 111.888      77.414 / 111.888     ms
[60.081s][info][gc,stats    ]       Phase: Concurrent Mark Continue                      0.000 / 0.000         0.000 / 0.000         0.000 / 0.000         0.000 / 0.000       ms
[60.081s][info][gc,stats    ]       Phase: Concurrent Mark Free                          0.010 / 0.010         0.007 / 0.010         0.007 / 0.010         0.007 / 0.010       ms
[60.081s][info][gc,stats    ]       Phase: Concurrent Process Non-Strong References     13.911 / 13.911       10.570 / 13.911       10.570 / 13.911       10.570 / 13.911      ms
[60.081s][info][gc,stats    ]       Phase: Concurrent Relocate                          19.687 / 19.687       31.066 / 65.668       31.066 / 65.668       31.066 / 65.668      ms
[60.081s][info][gc,stats    ]       Phase: Concurrent Reset Relocation Set               0.009 / 0.009         0.007 / 0.009         0.007 / 0.009         0.007 / 0.009       ms
[60.081s][info][gc,stats    ]       Phase: Concurrent Select Relocation Set              5.394 / 5.394         3.991 / 5.394         3.991 / 5.394         3.991 / 5.394       ms
[60.081s][info][gc,stats    ]       Phase: Pause Mark End                                0.078 / 0.078         0.047 / 0.078         0.047 / 0.078         0.047 / 0.078       ms
[60.081s][info][gc,stats    ]       Phase: Pause Mark Start                              0.119 / 0.119         0.106 / 0.148         0.106 / 0.148         0.106 / 0.148       ms
[60.081s][info][gc,stats    ]       Phase: Pause Relocate Start                          0.062 / 0.062         0.049 / 0.062         0.049 / 0.062         0.049 / 0.062       ms
[60.081s][info][gc,stats    ]    Subphase: Concurrent Classes Purge                      2.217 / 2.217         1.459 / 2.217         1.459 / 2.217         1.459 / 2.217       ms
[60.081s][info][gc,stats    ]    Subphase: Concurrent Classes Unlink                     9.475 / 9.475         5.201 / 9.475         5.201 / 9.475         5.201 / 9.475       ms
[60.081s][info][gc,stats    ]    Subphase: Concurrent Mark                              99.508 / 99.551       72.284 / 99.551       72.284 / 99.551       72.284 / 99.551      ms
[60.081s][info][gc,stats    ]    Subphase: Concurrent Mark Try Flush                     0.277 / 0.468         0.671 / 4.785         0.671 / 4.785         0.671 / 4.785       ms
[60.081s][info][gc,stats    ]    Subphase: Concurrent Mark Try Terminate                 0.416 / 1.061         0.976 / 4.787         0.976 / 4.787         0.976 / 4.787       ms
[60.081s][info][gc,stats    ]    Subphase: Concurrent References Enqueue                 0.007 / 0.007         0.007 / 0.007         0.007 / 0.007         0.007 / 0.007       ms
[60.081s][info][gc,stats    ]    Subphase: Concurrent References Process                 0.319 / 0.319         0.259 / 0.336         0.259 / 0.336         0.259 / 0.336       ms
[60.081s][info][gc,stats    ]    Subphase: Concurrent Roots ClassLoaderDataGraph         2.159 / 3.582         0.872 / 3.582         0.872 / 3.582         0.872 / 3.582       ms
[60.081s][info][gc,stats    ]    Subphase: Concurrent Roots CodeCache                    0.000 / 0.000         0.000 / 0.000         0.000 / 0.000         0.000 / 0.000       ms
[60.081s][info][gc,stats    ]    Subphase: Concurrent Roots JavaThreads                  9.083 / 10.480        3.405 / 10.480        3.405 / 10.480        3.405 / 10.480      ms
[60.081s][info][gc,stats    ]    Subphase: Concurrent Roots OopStorageSet                0.842 / 0.910         0.371 / 0.910         0.371 / 0.910         0.371 / 0.910       ms
[60.082s][info][gc,stats    ]    Subphase: Concurrent Weak Roots OopStorageSet           1.244 / 1.252         1.160 / 2.583         1.160 / 2.583         1.160 / 2.583       ms
[60.082s][info][gc,stats    ]    Subphase: Pause Mark Try Complete                       0.000 / 0.000         0.000 / 0.000         0.000 / 0.000         0.000 / 0.000       ms
[60.082s][info][gc,stats    ]      System: Java Threads                                    382 / 383             141 / 383             141 / 383             141 / 383         threads
[60.082s][info][gc,stats    ] =========================================================================================================================================================
[70.081s][info][gc,stats    ] === Garbage Collection Statistics =======================================================================================================================
[70.081s][info][gc,stats    ]                                                              Last 10s              Last 10m              Last 10h                Total
[70.081s][info][gc,stats    ]                                                              Avg / Max             Avg / Max             Avg / Max             Avg / Max
[70.081s][info][gc,stats    ]   Collector: Garbage Collection Cycle                      0.000 / 0.000       142.096 / 230.934     142.096 / 230.934     142.096 / 230.934     ms
[70.081s][info][gc,stats    ]  Contention: Mark Segment Reset Contention                     0 / 0                 0 / 3                 0 / 3                 0 / 3           ops/s
[70.081s][info][gc,stats    ]  Contention: Mark SeqNum Reset Contention                      0 / 0                 0 / 0                 0 / 0                 0 / 0           ops/s
[70.081s][info][gc,stats    ]    Critical: Allocation Stall                                  0 / 0                 0 / 0                 0 / 0                 0 / 0           ops/s
[70.081s][info][gc,stats    ]    Critical: Allocation Stall                              0.000 / 0.000         0.000 / 0.000         0.000 / 0.000         0.000 / 0.000       ms
[70.081s][info][gc,stats    ]    Critical: GC Locker Stall                                   0 / 0                 0 / 0                 0 / 0                 0 / 0           ops/s
[70.081s][info][gc,stats    ]    Critical: GC Locker Stall                               0.000 / 0.000         0.000 / 0.000         0.000 / 0.000         0.000 / 0.000       ms
[70.081s][info][gc,stats    ]    Critical: Relocation Stall                                  0 / 0                 0 / 0                 0 / 0                 0 / 0           ops/s
[70.081s][info][gc,stats    ]    Critical: Relocation Stall                              0.000 / 0.000         0.000 / 0.000         0.000 / 0.000         0.000 / 0.000       ms
[70.081s][info][gc,stats    ]      Memory: Allocation Rate                                   1 / 8                10 / 188              10 / 188              10 / 188         MB/s
[70.081s][info][gc,stats    ]      Memory: Defragment                                        0 / 0                 0 / 10                0 / 10                0 / 10          ops/s
[70.081s][info][gc,stats    ]      Memory: Out Of Memory                                     0 / 0                 0 / 0                 0 / 0                 0 / 0           ops/s
[70.081s][info][gc,stats    ]      Memory: Page Cache Flush                                  0 / 0                 0 / 20                0 / 20                0 / 20          MB/s
[70.081s][info][gc,stats    ]      Memory: Page Cache Hit L1                                 0 / 4                 2 / 48                2 / 48                2 / 48          ops/s
[70.081s][info][gc,stats    ]      Memory: Page Cache Hit L2                                 0 / 0                 0 / 0                 0 / 0                 0 / 0           ops/s
[70.081s][info][gc,stats    ]      Memory: Page Cache Hit L3                                 0 / 0                 1 / 47                1 / 47                1 / 47          ops/s
[70.081s][info][gc,stats    ]      Memory: Page Cache Miss                                   0 / 0                 1 / 24                1 / 24                1 / 24          ops/s
[70.081s][info][gc,stats    ]      Memory: Uncommit                                          0 / 0                 0 / 0                 0 / 0                 0 / 0           MB/s
[70.081s][info][gc,stats    ]      Memory: Undo Object Allocation Failed                     0 / 0                 0 / 0                 0 / 0                 0 / 0           ops/s
[70.081s][info][gc,stats    ]      Memory: Undo Object Allocation Succeeded                  0 / 0                 0 / 0                 0 / 0                 0 / 0           ops/s
[70.081s][info][gc,stats    ]      Memory: Undo Page Allocation                              0 / 0                 0 / 12                0 / 12                0 / 12          ops/s
[70.081s][info][gc,stats    ]       Phase: Concurrent Mark                               0.000 / 0.000        77.414 / 111.888      77.414 / 111.888      77.414 / 111.888     ms
[70.081s][info][gc,stats    ]       Phase: Concurrent Mark Continue                      0.000 / 0.000         0.000 / 0.000         0.000 / 0.000         0.000 / 0.000       ms
[70.081s][info][gc,stats    ]       Phase: Concurrent Mark Free                          0.000 / 0.000         0.007 / 0.010         0.007 / 0.010         0.007 / 0.010       ms
[70.081s][info][gc,stats    ]       Phase: Concurrent Process Non-Strong References      0.000 / 0.000        10.570 / 13.911       10.570 / 13.911       10.570 / 13.911      ms
[70.082s][info][gc,stats    ]       Phase: Concurrent Relocate                           0.000 / 0.000        31.066 / 65.668       31.066 / 65.668       31.066 / 65.668      ms
[70.082s][info][gc,stats    ]       Phase: Concurrent Reset Relocation Set               0.000 / 0.000         0.007 / 0.009         0.007 / 0.009         0.007 / 0.009       ms
[70.082s][info][gc,stats    ]       Phase: Concurrent Select Relocation Set              0.000 / 0.000         3.991 / 5.394         3.991 / 5.394         3.991 / 5.394       ms
[70.082s][info][gc,stats    ]       Phase: Pause Mark End                                0.000 / 0.000         0.047 / 0.078         0.047 / 0.078         0.047 / 0.078       ms
[70.082s][info][gc,stats    ]       Phase: Pause Mark Start                              0.000 / 0.000         0.106 / 0.148         0.106 / 0.148         0.106 / 0.148       ms
[70.082s][info][gc,stats    ]       Phase: Pause Relocate Start                          0.000 / 0.000         0.049 / 0.062         0.049 / 0.062         0.049 / 0.062       ms
[70.082s][info][gc,stats    ]    Subphase: Concurrent Classes Purge                      0.000 / 0.000         1.459 / 2.217         1.459 / 2.217         1.459 / 2.217       ms
[70.082s][info][gc,stats    ]    Subphase: Concurrent Classes Unlink                     0.000 / 0.000         5.201 / 9.475         5.201 / 9.475         5.201 / 9.475       ms
[70.082s][info][gc,stats    ]    Subphase: Concurrent Mark                               0.000 / 0.000        72.284 / 99.551       72.284 / 99.551       72.284 / 99.551      ms
[70.082s][info][gc,stats    ]    Subphase: Concurrent Mark Try Flush                     0.000 / 0.000         0.671 / 4.785         0.671 / 4.785         0.671 / 4.785       ms
[70.082s][info][gc,stats    ]    Subphase: Concurrent Mark Try Terminate                 0.000 / 0.000         0.976 / 4.787         0.976 / 4.787         0.976 / 4.787       ms
[70.082s][info][gc,stats    ]    Subphase: Concurrent References Enqueue                 0.000 / 0.000         0.007 / 0.007         0.007 / 0.007         0.007 / 0.007       ms
[70.082s][info][gc,stats    ]    Subphase: Concurrent References Process                 0.000 / 0.000         0.259 / 0.336         0.259 / 0.336         0.259 / 0.336       ms
[70.082s][info][gc,stats    ]    Subphase: Concurrent Roots ClassLoaderDataGraph         0.000 / 0.000         0.872 / 3.582         0.872 / 3.582         0.872 / 3.582       ms
[70.082s][info][gc,stats    ]    Subphase: Concurrent Roots CodeCache                    0.000 / 0.000         0.000 / 0.000         0.000 / 0.000         0.000 / 0.000       ms
[70.082s][info][gc,stats    ]    Subphase: Concurrent Roots JavaThreads                  0.000 / 0.000         3.405 / 10.480        3.405 / 10.480        3.405 / 10.480      ms
[70.082s][info][gc,stats    ]    Subphase: Concurrent Roots OopStorageSet                0.000 / 0.000         0.371 / 0.910         0.371 / 0.910         0.371 / 0.910       ms
[70.082s][info][gc,stats    ]    Subphase: Concurrent Weak Roots OopStorageSet           0.000 / 0.000         1.160 / 2.583         1.160 / 2.583         1.160 / 2.583       ms
[70.082s][info][gc,stats    ]    Subphase: Pause Mark Try Complete                       0.000 / 0.000         0.000 / 0.000         0.000 / 0.000         0.000 / 0.000       ms
[70.082s][info][gc,stats    ]      System: Java Threads                                      0 / 0               141 / 383             141 / 383             141 / 383         threads
[70.082s][info][gc,stats    ] =========================================================================================================================================================
[80.080s][info][gc,stats    ] === Garbage Collection Statistics =======================================================================================================================
[80.080s][info][gc,stats    ]                                                              Last 10s              Last 10m              Last 10h                Total
[80.080s][info][gc,stats    ]                                                              Avg / Max             Avg / Max             Avg / Max             Avg / Max
[80.081s][info][gc,stats    ]   Collector: Garbage Collection Cycle                      0.000 / 0.000       142.096 / 230.934     142.096 / 230.934     142.096 / 230.934     ms
[80.081s][info][gc,stats    ]  Contention: Mark Segment Reset Contention                     0 / 0                 0 / 3                 0 / 3                 0 / 3           ops/s
[80.081s][info][gc,stats    ]  Contention: Mark SeqNum Reset Contention                      0 / 0                 0 / 0                 0 / 0                 0 / 0           ops/s
[80.081s][info][gc,stats    ]    Critical: Allocation Stall                                  0 / 0                 0 / 0                 0 / 0                 0 / 0           ops/s
[80.081s][info][gc,stats    ]    Critical: Allocation Stall                              0.000 / 0.000         0.000 / 0.000         0.000 / 0.000         0.000 / 0.000       ms
[80.081s][info][gc,stats    ]    Critical: GC Locker Stall                                   0 / 0                 0 / 0                 0 / 0                 0 / 0           ops/s
[80.081s][info][gc,stats    ]    Critical: GC Locker Stall                               0.000 / 0.000         0.000 / 0.000         0.000 / 0.000         0.000 / 0.000       ms
[80.081s][info][gc,stats    ]    Critical: Relocation Stall                                  0 / 0                 0 / 0                 0 / 0                 0 / 0           ops/s
[80.081s][info][gc,stats    ]    Critical: Relocation Stall                              0.000 / 0.000         0.000 / 0.000         0.000 / 0.000         0.000 / 0.000       ms
[80.081s][info][gc,stats    ]      Memory: Allocation Rate                                   0 / 2                 8 / 188               8 / 188               8 / 188         MB/s
[80.081s][info][gc,stats    ]      Memory: Defragment                                        0 / 0                 0 / 10                0 / 10                0 / 10          ops/s
[80.081s][info][gc,stats    ]      Memory: Out Of Memory                                     0 / 0                 0 / 0                 0 / 0                 0 / 0           ops/s
[80.081s][info][gc,stats    ]      Memory: Page Cache Flush                                  0 / 0                 0 / 20                0 / 20                0 / 20          MB/s
[80.081s][info][gc,stats    ]      Memory: Page Cache Hit L1                                 0 / 1                 1 / 48                1 / 48                1 / 48          ops/s
[80.081s][info][gc,stats    ]      Memory: Page Cache Hit L2                                 0 / 0                 0 / 0                 0 / 0                 0 / 0           ops/s
[80.081s][info][gc,stats    ]      Memory: Page Cache Hit L3                                 0 / 0                 0 / 47                0 / 47                0 / 47          ops/s
[80.081s][info][gc,stats    ]      Memory: Page Cache Miss                                   0 / 0                 1 / 24                1 / 24                1 / 24          ops/s
[80.081s][info][gc,stats    ]      Memory: Uncommit                                          0 / 0                 0 / 0                 0 / 0                 0 / 0           MB/s
[80.081s][info][gc,stats    ]      Memory: Undo Object Allocation Failed                     0 / 0                 0 / 0                 0 / 0                 0 / 0           ops/s
[80.081s][info][gc,stats    ]      Memory: Undo Object Allocation Succeeded                  0 / 0                 0 / 0                 0 / 0                 0 / 0           ops/s
[80.081s][info][gc,stats    ]      Memory: Undo Page Allocation                              0 / 0                 0 / 12                0 / 12                0 / 12          ops/s
[80.081s][info][gc,stats    ]       Phase: Concurrent Mark                               0.000 / 0.000        77.414 / 111.888      77.414 / 111.888      77.414 / 111.888     ms
[80.081s][info][gc,stats    ]       Phase: Concurrent Mark Continue                      0.000 / 0.000         0.000 / 0.000         0.000 / 0.000         0.000 / 0.000       ms
[80.081s][info][gc,stats    ]       Phase: Concurrent Mark Free                          0.000 / 0.000         0.007 / 0.010         0.007 / 0.010         0.007 / 0.010       ms
[80.081s][info][gc,stats    ]       Phase: Concurrent Process Non-Strong References      0.000 / 0.000        10.570 / 13.911       10.570 / 13.911       10.570 / 13.911      ms
[80.081s][info][gc,stats    ]       Phase: Concurrent Relocate                           0.000 / 0.000        31.066 / 65.668       31.066 / 65.668       31.066 / 65.668      ms
[80.081s][info][gc,stats    ]       Phase: Concurrent Reset Relocation Set               0.000 / 0.000         0.007 / 0.009         0.007 / 0.009         0.007 / 0.009       ms
[80.081s][info][gc,stats    ]       Phase: Concurrent Select Relocation Set              0.000 / 0.000         3.991 / 5.394         3.991 / 5.394         3.991 / 5.394       ms
[80.081s][info][gc,stats    ]       Phase: Pause Mark End                                0.000 / 0.000         0.047 / 0.078         0.047 / 0.078         0.047 / 0.078       ms
[80.081s][info][gc,stats    ]       Phase: Pause Mark Start                              0.000 / 0.000         0.106 / 0.148         0.106 / 0.148         0.106 / 0.148       ms
[80.081s][info][gc,stats    ]       Phase: Pause Relocate Start                          0.000 / 0.000         0.049 / 0.062         0.049 / 0.062         0.049 / 0.062       ms
[80.081s][info][gc,stats    ]    Subphase: Concurrent Classes Purge                      0.000 / 0.000         1.459 / 2.217         1.459 / 2.217         1.459 / 2.217       ms
[80.081s][info][gc,stats    ]    Subphase: Concurrent Classes Unlink                     0.000 / 0.000         5.201 / 9.475         5.201 / 9.475         5.201 / 9.475       ms
[80.081s][info][gc,stats    ]    Subphase: Concurrent Mark                               0.000 / 0.000        72.284 / 99.551       72.284 / 99.551       72.284 / 99.551      ms
[80.081s][info][gc,stats    ]    Subphase: Concurrent Mark Try Flush                     0.000 / 0.000         0.671 / 4.785         0.671 / 4.785         0.671 / 4.785       ms
[80.082s][info][gc,stats    ]    Subphase: Concurrent Mark Try Terminate                 0.000 / 0.000         0.976 / 4.787         0.976 / 4.787         0.976 / 4.787       ms
[80.082s][info][gc,stats    ]    Subphase: Concurrent References Enqueue                 0.000 / 0.000         0.007 / 0.007         0.007 / 0.007         0.007 / 0.007       ms
[80.082s][info][gc,stats    ]    Subphase: Concurrent References Process                 0.000 / 0.000         0.259 / 0.336         0.259 / 0.336         0.259 / 0.336       ms
[80.082s][info][gc,stats    ]    Subphase: Concurrent Roots ClassLoaderDataGraph         0.000 / 0.000         0.872 / 3.582         0.872 / 3.582         0.872 / 3.582       ms
[80.082s][info][gc,stats    ]    Subphase: Concurrent Roots CodeCache                    0.000 / 0.000         0.000 / 0.000         0.000 / 0.000         0.000 / 0.000       ms
[80.082s][info][gc,stats    ]    Subphase: Concurrent Roots JavaThreads                  0.000 / 0.000         3.405 / 10.480        3.405 / 10.480        3.405 / 10.480      ms
[80.082s][info][gc,stats    ]    Subphase: Concurrent Roots OopStorageSet                0.000 / 0.000         0.371 / 0.910         0.371 / 0.910         0.371 / 0.910       ms
[80.082s][info][gc,stats    ]    Subphase: Concurrent Weak Roots OopStorageSet           0.000 / 0.000         1.160 / 2.583         1.160 / 2.583         1.160 / 2.583       ms
[80.082s][info][gc,stats    ]    Subphase: Pause Mark Try Complete                       0.000 / 0.000         0.000 / 0.000         0.000 / 0.000         0.000 / 0.000       ms
[80.082s][info][gc,stats    ]      System: Java Threads                                      0 / 0               141 / 383             141 / 383             141 / 383         threads
[80.082s][info][gc,stats    ] =========================================================================================================================================================
[90.081s][info][gc,stats    ] === Garbage Collection Statistics =======================================================================================================================
[90.081s][info][gc,stats    ]                                                              Last 10s              Last 10m              Last 10h                Total
[90.081s][info][gc,stats    ]                                                              Avg / Max             Avg / Max             Avg / Max             Avg / Max
[90.081s][info][gc,stats    ]   Collector: Garbage Collection Cycle                      0.000 / 0.000       142.096 / 230.934     142.096 / 230.934     142.096 / 230.934     ms
[90.081s][info][gc,stats    ]  Contention: Mark Segment Reset Contention                     0 / 0                 0 / 3                 0 / 3                 0 / 3           ops/s
[90.081s][info][gc,stats    ]  Contention: Mark SeqNum Reset Contention                      0 / 0                 0 / 0                 0 / 0                 0 / 0           ops/s
[90.081s][info][gc,stats    ]    Critical: Allocation Stall                                  0 / 0                 0 / 0                 0 / 0                 0 / 0           ops/s
[90.081s][info][gc,stats    ]    Critical: Allocation Stall                              0.000 / 0.000         0.000 / 0.000         0.000 / 0.000         0.000 / 0.000       ms
[90.081s][info][gc,stats    ]    Critical: GC Locker Stall                                   0 / 0                 0 / 0                 0 / 0                 0 / 0           ops/s
[90.081s][info][gc,stats    ]    Critical: GC Locker Stall                               0.000 / 0.000         0.000 / 0.000         0.000 / 0.000         0.000 / 0.000       ms
[90.081s][info][gc,stats    ]    Critical: Relocation Stall                                  0 / 0                 0 / 0                 0 / 0                 0 / 0           ops/s
[90.081s][info][gc,stats    ]    Critical: Relocation Stall                              0.000 / 0.000         0.000 / 0.000         0.000 / 0.000         0.000 / 0.000       ms
[90.081s][info][gc,stats    ]      Memory: Allocation Rate                                   1 / 4                 8 / 188               8 / 188               8 / 188         MB/s
[90.081s][info][gc,stats    ]      Memory: Defragment                                        0 / 0                 0 / 10                0 / 10                0 / 10          ops/s
[90.081s][info][gc,stats    ]      Memory: Out Of Memory                                     0 / 0                 0 / 0                 0 / 0                 0 / 0           ops/s
[90.081s][info][gc,stats    ]      Memory: Page Cache Flush                                  0 / 0                 0 / 20                0 / 20                0 / 20          MB/s
[90.081s][info][gc,stats    ]      Memory: Page Cache Hit L1                                 0 / 2                 1 / 48                1 / 48                1 / 48          ops/s
[90.081s][info][gc,stats    ]      Memory: Page Cache Hit L2                                 0 / 0                 0 / 0                 0 / 0                 0 / 0           ops/s
[90.081s][info][gc,stats    ]      Memory: Page Cache Hit L3                                 0 / 0                 0 / 47                0 / 47                0 / 47          ops/s
[90.081s][info][gc,stats    ]      Memory: Page Cache Miss                                   0 / 0                 1 / 24                1 / 24                1 / 24          ops/s
[90.081s][info][gc,stats    ]      Memory: Uncommit                                          0 / 0                 0 / 0                 0 / 0                 0 / 0           MB/s
[90.081s][info][gc,stats    ]      Memory: Undo Object Allocation Failed                     0 / 0                 0 / 0                 0 / 0                 0 / 0           ops/s
[90.081s][info][gc,stats    ]      Memory: Undo Object Allocation Succeeded                  0 / 0                 0 / 0                 0 / 0                 0 / 0           ops/s
[90.081s][info][gc,stats    ]      Memory: Undo Page Allocation                              0 / 0                 0 / 12                0 / 12                0 / 12          ops/s
[90.081s][info][gc,stats    ]       Phase: Concurrent Mark                               0.000 / 0.000        77.414 / 111.888      77.414 / 111.888      77.414 / 111.888     ms
[90.081s][info][gc,stats    ]       Phase: Concurrent Mark Continue                      0.000 / 0.000         0.000 / 0.000         0.000 / 0.000         0.000 / 0.000       ms
[90.081s][info][gc,stats    ]       Phase: Concurrent Mark Free                          0.000 / 0.000         0.007 / 0.010         0.007 / 0.010         0.007 / 0.010       ms
[90.081s][info][gc,stats    ]       Phase: Concurrent Process Non-Strong References      0.000 / 0.000        10.570 / 13.911       10.570 / 13.911       10.570 / 13.911      ms
[90.082s][info][gc,stats    ]       Phase: Concurrent Relocate                           0.000 / 0.000        31.066 / 65.668       31.066 / 65.668       31.066 / 65.668      ms
[90.082s][info][gc,stats    ]       Phase: Concurrent Reset Relocation Set               0.000 / 0.000         0.007 / 0.009         0.007 / 0.009         0.007 / 0.009       ms
[90.082s][info][gc,stats    ]       Phase: Concurrent Select Relocation Set              0.000 / 0.000         3.991 / 5.394         3.991 / 5.394         3.991 / 5.394       ms
[90.082s][info][gc,stats    ]       Phase: Pause Mark End                                0.000 / 0.000         0.047 / 0.078         0.047 / 0.078         0.047 / 0.078       ms
[90.082s][info][gc,stats    ]       Phase: Pause Mark Start                              0.000 / 0.000         0.106 / 0.148         0.106 / 0.148         0.106 / 0.148       ms
[90.082s][info][gc,stats    ]       Phase: Pause Relocate Start                          0.000 / 0.000         0.049 / 0.062         0.049 / 0.062         0.049 / 0.062       ms
[90.082s][info][gc,stats    ]    Subphase: Concurrent Classes Purge                      0.000 / 0.000         1.459 / 2.217         1.459 / 2.217         1.459 / 2.217       ms
[90.082s][info][gc,stats    ]    Subphase: Concurrent Classes Unlink                     0.000 / 0.000         5.201 / 9.475         5.201 / 9.475         5.201 / 9.475       ms
[90.082s][info][gc,stats    ]    Subphase: Concurrent Mark                               0.000 / 0.000        72.284 / 99.551       72.284 / 99.551       72.284 / 99.551      ms
[90.082s][info][gc,stats    ]    Subphase: Concurrent Mark Try Flush                     0.000 / 0.000         0.671 / 4.785         0.671 / 4.785         0.671 / 4.785       ms
[90.082s][info][gc,stats    ]    Subphase: Concurrent Mark Try Terminate                 0.000 / 0.000         0.976 / 4.787         0.976 / 4.787         0.976 / 4.787       ms
[90.082s][info][gc,stats    ]    Subphase: Concurrent References Enqueue                 0.000 / 0.000         0.007 / 0.007         0.007 / 0.007         0.007 / 0.007       ms
[90.082s][info][gc,stats    ]    Subphase: Concurrent References Process                 0.000 / 0.000         0.259 / 0.336         0.259 / 0.336         0.259 / 0.336       ms
[90.082s][info][gc,stats    ]    Subphase: Concurrent Roots ClassLoaderDataGraph         0.000 / 0.000         0.872 / 3.582         0.872 / 3.582         0.872 / 3.582       ms
[90.082s][info][gc,stats    ]    Subphase: Concurrent Roots CodeCache                    0.000 / 0.000         0.000 / 0.000         0.000 / 0.000         0.000 / 0.000       ms
[90.082s][info][gc,stats    ]    Subphase: Concurrent Roots JavaThreads                  0.000 / 0.000         3.405 / 10.480        3.405 / 10.480        3.405 / 10.480      ms
[90.082s][info][gc,stats    ]    Subphase: Concurrent Roots OopStorageSet                0.000 / 0.000         0.371 / 0.910         0.371 / 0.910         0.371 / 0.910       ms
[90.082s][info][gc,stats    ]    Subphase: Concurrent Weak Roots OopStorageSet           0.000 / 0.000         1.160 / 2.583         1.160 / 2.583         1.160 / 2.583       ms
[90.082s][info][gc,stats    ]    Subphase: Pause Mark Try Complete                       0.000 / 0.000         0.000 / 0.000         0.000 / 0.000         0.000 / 0.000       ms
[90.082s][info][gc,stats    ]      System: Java Threads                                      0 / 0               141 / 383             141 / 383             141 / 383         threads
[90.082s][info][gc,stats    ] =========================================================================================================================================================
[100.081s][info][gc,stats    ] === Garbage Collection Statistics =======================================================================================================================
[100.081s][info][gc,stats    ]                                                              Last 10s              Last 10m              Last 10h                Total
[100.081s][info][gc,stats    ]                                                              Avg / Max             Avg / Max             Avg / Max             Avg / Max
[100.081s][info][gc,stats    ]   Collector: Garbage Collection Cycle                      0.000 / 0.000       142.096 / 230.934     142.096 / 230.934     142.096 / 230.934     ms
[100.081s][info][gc,stats    ]  Contention: Mark Segment Reset Contention                     0 / 0                 0 / 3                 0 / 3                 0 / 3           ops/s
[100.081s][info][gc,stats    ]  Contention: Mark SeqNum Reset Contention                      0 / 0                 0 / 0                 0 / 0                 0 / 0           ops/s
[100.081s][info][gc,stats    ]    Critical: Allocation Stall                                  0 / 0                 0 / 0                 0 / 0                 0 / 0           ops/s
[100.081s][info][gc,stats    ]    Critical: Allocation Stall                              0.000 / 0.000         0.000 / 0.000         0.000 / 0.000         0.000 / 0.000       ms
[100.081s][info][gc,stats    ]    Critical: GC Locker Stall                                   0 / 0                 0 / 0                 0 / 0                 0 / 0           ops/s
[100.081s][info][gc,stats    ]    Critical: GC Locker Stall                               0.000 / 0.000         0.000 / 0.000         0.000 / 0.000         0.000 / 0.000       ms
[100.081s][info][gc,stats    ]    Critical: Relocation Stall                                  0 / 0                 0 / 0                 0 / 0                 0 / 0           ops/s
[100.081s][info][gc,stats    ]    Critical: Relocation Stall                              0.000 / 0.000         0.000 / 0.000         0.000 / 0.000         0.000 / 0.000       ms
[100.081s][info][gc,stats    ]      Memory: Allocation Rate                                   0 / 4                 7 / 188               7 / 188               7 / 188         MB/s
[100.081s][info][gc,stats    ]      Memory: Defragment                                        0 / 0                 0 / 10                0 / 10                0 / 10          ops/s
[100.081s][info][gc,stats    ]      Memory: Out Of Memory                                     0 / 0                 0 / 0                 0 / 0                 0 / 0           ops/s
[100.081s][info][gc,stats    ]      Memory: Page Cache Flush                                  0 / 0                 0 / 20                0 / 20                0 / 20          MB/s
[100.081s][info][gc,stats    ]      Memory: Page Cache Hit L1                                 0 / 2                 1 / 48                1 / 48                1 / 48          ops/s
[100.081s][info][gc,stats    ]      Memory: Page Cache Hit L2                                 0 / 0                 0 / 0                 0 / 0                 0 / 0           ops/s
[100.081s][info][gc,stats    ]      Memory: Page Cache Hit L3                                 0 / 0                 0 / 47                0 / 47                0 / 47          ops/s
[100.081s][info][gc,stats    ]      Memory: Page Cache Miss                                   0 / 0                 1 / 24                1 / 24                1 / 24          ops/s
[100.081s][info][gc,stats    ]      Memory: Uncommit                                          0 / 0                 0 / 0                 0 / 0                 0 / 0           MB/s
[100.082s][info][gc,stats    ]      Memory: Undo Object Allocation Failed                     0 / 0                 0 / 0                 0 / 0                 0 / 0           ops/s
[100.082s][info][gc,stats    ]      Memory: Undo Object Allocation Succeeded                  0 / 0                 0 / 0                 0 / 0                 0 / 0           ops/s
[100.082s][info][gc,stats    ]      Memory: Undo Page Allocation                              0 / 0                 0 / 12                0 / 12                0 / 12          ops/s
[100.082s][info][gc,stats    ]       Phase: Concurrent Mark                               0.000 / 0.000        77.414 / 111.888      77.414 / 111.888      77.414 / 111.888     ms
[100.082s][info][gc,stats    ]       Phase: Concurrent Mark Continue                      0.000 / 0.000         0.000 / 0.000         0.000 / 0.000         0.000 / 0.000       ms
[100.082s][info][gc,stats    ]       Phase: Concurrent Mark Free                          0.000 / 0.000         0.007 / 0.010         0.007 / 0.010         0.007 / 0.010       ms
[100.082s][info][gc,stats    ]       Phase: Concurrent Process Non-Strong References      0.000 / 0.000        10.570 / 13.911       10.570 / 13.911       10.570 / 13.911      ms
[100.082s][info][gc,stats    ]       Phase: Concurrent Relocate                           0.000 / 0.000        31.066 / 65.668       31.066 / 65.668       31.066 / 65.668      ms
[100.082s][info][gc,stats    ]       Phase: Concurrent Reset Relocation Set               0.000 / 0.000         0.007 / 0.009         0.007 / 0.009         0.007 / 0.009       ms
[100.082s][info][gc,stats    ]       Phase: Concurrent Select Relocation Set              0.000 / 0.000         3.991 / 5.394         3.991 / 5.394         3.991 / 5.394       ms
[100.082s][info][gc,stats    ]       Phase: Pause Mark End                                0.000 / 0.000         0.047 / 0.078         0.047 / 0.078         0.047 / 0.078       ms
[100.082s][info][gc,stats    ]       Phase: Pause Mark Start                              0.000 / 0.000         0.106 / 0.148         0.106 / 0.148         0.106 / 0.148       ms
[100.082s][info][gc,stats    ]       Phase: Pause Relocate Start                          0.000 / 0.000         0.049 / 0.062         0.049 / 0.062         0.049 / 0.062       ms
[100.082s][info][gc,stats    ]    Subphase: Concurrent Classes Purge                      0.000 / 0.000         1.459 / 2.217         1.459 / 2.217         1.459 / 2.217       ms
[100.082s][info][gc,stats    ]    Subphase: Concurrent Classes Unlink                     0.000 / 0.000         5.201 / 9.475         5.201 / 9.475         5.201 / 9.475       ms
[100.082s][info][gc,stats    ]    Subphase: Concurrent Mark                               0.000 / 0.000        72.284 / 99.551       72.284 / 99.551       72.284 / 99.551      ms
[100.082s][info][gc,stats    ]    Subphase: Concurrent Mark Try Flush                     0.000 / 0.000         0.671 / 4.785         0.671 / 4.785         0.671 / 4.785       ms
[100.082s][info][gc,stats    ]    Subphase: Concurrent Mark Try Terminate                 0.000 / 0.000         0.976 / 4.787         0.976 / 4.787         0.976 / 4.787       ms
[100.082s][info][gc,stats    ]    Subphase: Concurrent References Enqueue                 0.000 / 0.000         0.007 / 0.007         0.007 / 0.007         0.007 / 0.007       ms
[100.082s][info][gc,stats    ]    Subphase: Concurrent References Process                 0.000 / 0.000         0.259 / 0.336         0.259 / 0.336         0.259 / 0.336       ms
[100.082s][info][gc,stats    ]    Subphase: Concurrent Roots ClassLoaderDataGraph         0.000 / 0.000         0.872 / 3.582         0.872 / 3.582         0.872 / 3.582       ms
[100.082s][info][gc,stats    ]    Subphase: Concurrent Roots CodeCache                    0.000 / 0.000         0.000 / 0.000         0.000 / 0.000         0.000 / 0.000       ms
[100.082s][info][gc,stats    ]    Subphase: Concurrent Roots JavaThreads                  0.000 / 0.000         3.405 / 10.480        3.405 / 10.480        3.405 / 10.480      ms
[100.082s][info][gc,stats    ]    Subphase: Concurrent Roots OopStorageSet                0.000 / 0.000         0.371 / 0.910         0.371 / 0.910         0.371 / 0.910       ms
[100.082s][info][gc,stats    ]    Subphase: Concurrent Weak Roots OopStorageSet           0.000 / 0.000         1.160 / 2.583         1.160 / 2.583         1.160 / 2.583       ms
[100.082s][info][gc,stats    ]    Subphase: Pause Mark Try Complete                       0.000 / 0.000         0.000 / 0.000         0.000 / 0.000         0.000 / 0.000       ms
[100.082s][info][gc,stats    ]      System: Java Threads                                      0 / 0               141 / 383             141 / 383             141 / 383         threads
[100.082s][info][gc,stats    ] =========================================================================================================================================================
[110.080s][info][gc,stats    ] === Garbage Collection Statistics =======================================================================================================================
[110.080s][info][gc,stats    ]                                                              Last 10s              Last 10m              Last 10h                Total
[110.080s][info][gc,stats    ]                                                              Avg / Max             Avg / Max             Avg / Max             Avg / Max
[110.080s][info][gc,stats    ]   Collector: Garbage Collection Cycle                      0.000 / 0.000       142.096 / 230.934     142.096 / 230.934     142.096 / 230.934     ms
[110.080s][info][gc,stats    ]  Contention: Mark Segment Reset Contention                     0 / 0                 0 / 3                 0 / 3                 0 / 3           ops/s
[110.080s][info][gc,stats    ]  Contention: Mark SeqNum Reset Contention                      0 / 0                 0 / 0                 0 / 0                 0 / 0           ops/s
[110.080s][info][gc,stats    ]    Critical: Allocation Stall                                  0 / 0                 0 / 0                 0 / 0                 0 / 0           ops/s
[110.080s][info][gc,stats    ]    Critical: Allocation Stall                              0.000 / 0.000         0.000 / 0.000         0.000 / 0.000         0.000 / 0.000       ms
[110.080s][info][gc,stats    ]    Critical: GC Locker Stall                                   0 / 0                 0 / 0                 0 / 0                 0 / 0           ops/s
[110.081s][info][gc,stats    ]    Critical: GC Locker Stall                               0.000 / 0.000         0.000 / 0.000         0.000 / 0.000         0.000 / 0.000       ms
[110.081s][info][gc,stats    ]    Critical: Relocation Stall                                  0 / 0                 0 / 0                 0 / 0                 0 / 0           ops/s
[110.081s][info][gc,stats    ]    Critical: Relocation Stall                              0.000 / 0.000         0.000 / 0.000         0.000 / 0.000         0.000 / 0.000       ms
[110.081s][info][gc,stats    ]      Memory: Allocation Rate                                   0 / 2                 6 / 188               6 / 188               6 / 188         MB/s
[110.081s][info][gc,stats    ]      Memory: Defragment                                        0 / 0                 0 / 10                0 / 10                0 / 10          ops/s
[110.081s][info][gc,stats    ]      Memory: Out Of Memory                                     0 / 0                 0 / 0                 0 / 0                 0 / 0           ops/s
[110.081s][info][gc,stats    ]      Memory: Page Cache Flush                                  0 / 0                 0 / 20                0 / 20                0 / 20          MB/s
[110.081s][info][gc,stats    ]      Memory: Page Cache Hit L1                                 0 / 1                 1 / 48                1 / 48                1 / 48          ops/s
[110.081s][info][gc,stats    ]      Memory: Page Cache Hit L2                                 0 / 0                 0 / 0                 0 / 0                 0 / 0           ops/s
[110.081s][info][gc,stats    ]      Memory: Page Cache Hit L3                                 0 / 0                 0 / 47                0 / 47                0 / 47          ops/s
[110.081s][info][gc,stats    ]      Memory: Page Cache Miss                                   0 / 0                 0 / 24                0 / 24                0 / 24          ops/s
[110.081s][info][gc,stats    ]      Memory: Uncommit                                          0 / 0                 0 / 0                 0 / 0                 0 / 0           MB/s
[110.081s][info][gc,stats    ]      Memory: Undo Object Allocation Failed                     0 / 0                 0 / 0                 0 / 0                 0 / 0           ops/s
[110.081s][info][gc,stats    ]      Memory: Undo Object Allocation Succeeded                  0 / 0                 0 / 0                 0 / 0                 0 / 0           ops/s
[110.081s][info][gc,stats    ]      Memory: Undo Page Allocation                              0 / 0                 0 / 12                0 / 12                0 / 12          ops/s
[110.081s][info][gc,stats    ]       Phase: Concurrent Mark                               0.000 / 0.000        77.414 / 111.888      77.414 / 111.888      77.414 / 111.888     ms
[110.081s][info][gc,stats    ]       Phase: Concurrent Mark Continue                      0.000 / 0.000         0.000 / 0.000         0.000 / 0.000         0.000 / 0.000       ms
[110.081s][info][gc,stats    ]       Phase: Concurrent Mark Free                          0.000 / 0.000         0.007 / 0.010         0.007 / 0.010         0.007 / 0.010       ms
[110.081s][info][gc,stats    ]       Phase: Concurrent Process Non-Strong References      0.000 / 0.000        10.570 / 13.911       10.570 / 13.911       10.570 / 13.911      ms
[110.081s][info][gc,stats    ]       Phase: Concurrent Relocate                           0.000 / 0.000        31.066 / 65.668       31.066 / 65.668       31.066 / 65.668      ms
[110.081s][info][gc,stats    ]       Phase: Concurrent Reset Relocation Set               0.000 / 0.000         0.007 / 0.009         0.007 / 0.009         0.007 / 0.009       ms
[110.081s][info][gc,stats    ]       Phase: Concurrent Select Relocation Set              0.000 / 0.000         3.991 / 5.394         3.991 / 5.394         3.991 / 5.394       ms
[110.081s][info][gc,stats    ]       Phase: Pause Mark End                                0.000 / 0.000         0.047 / 0.078         0.047 / 0.078         0.047 / 0.078       ms
[110.081s][info][gc,stats    ]       Phase: Pause Mark Start                              0.000 / 0.000         0.106 / 0.148         0.106 / 0.148         0.106 / 0.148       ms
[110.081s][info][gc,stats    ]       Phase: Pause Relocate Start                          0.000 / 0.000         0.049 / 0.062         0.049 / 0.062         0.049 / 0.062       ms
[110.081s][info][gc,stats    ]    Subphase: Concurrent Classes Purge                      0.000 / 0.000         1.459 / 2.217         1.459 / 2.217         1.459 / 2.217       ms
[110.081s][info][gc,stats    ]    Subphase: Concurrent Classes Unlink                     0.000 / 0.000         5.201 / 9.475         5.201 / 9.475         5.201 / 9.475       ms
[110.081s][info][gc,stats    ]    Subphase: Concurrent Mark                               0.000 / 0.000        72.284 / 99.551       72.284 / 99.551       72.284 / 99.551      ms
[110.081s][info][gc,stats    ]    Subphase: Concurrent Mark Try Flush                     0.000 / 0.000         0.671 / 4.785         0.671 / 4.785         0.671 / 4.785       ms
[110.081s][info][gc,stats    ]    Subphase: Concurrent Mark Try Terminate                 0.000 / 0.000         0.976 / 4.787         0.976 / 4.787         0.976 / 4.787       ms
[110.081s][info][gc,stats    ]    Subphase: Concurrent References Enqueue                 0.000 / 0.000         0.007 / 0.007         0.007 / 0.007         0.007 / 0.007       ms
[110.081s][info][gc,stats    ]    Subphase: Concurrent References Process                 0.000 / 0.000         0.259 / 0.336         0.259 / 0.336         0.259 / 0.336       ms
[110.081s][info][gc,stats    ]    Subphase: Concurrent Roots ClassLoaderDataGraph         0.000 / 0.000         0.872 / 3.582         0.872 / 3.582         0.872 / 3.582       ms
[110.081s][info][gc,stats    ]    Subphase: Concurrent Roots CodeCache                    0.000 / 0.000         0.000 / 0.000         0.000 / 0.000         0.000 / 0.000       ms
[110.081s][info][gc,stats    ]    Subphase: Concurrent Roots JavaThreads                  0.000 / 0.000         3.405 / 10.480        3.405 / 10.480        3.405 / 10.480      ms
[110.081s][info][gc,stats    ]    Subphase: Concurrent Roots OopStorageSet                0.000 / 0.000         0.371 / 0.910         0.371 / 0.910         0.371 / 0.910       ms
[110.081s][info][gc,stats    ]    Subphase: Concurrent Weak Roots OopStorageSet           0.000 / 0.000         1.160 / 2.583         1.160 / 2.583         1.160 / 2.583       ms
[110.081s][info][gc,stats    ]    Subphase: Pause Mark Try Complete                       0.000 / 0.000         0.000 / 0.000         0.000 / 0.000         0.000 / 0.000       ms
[110.081s][info][gc,stats    ]      System: Java Threads                                      0 / 0               141 / 383             141 / 383             141 / 383         threads
[110.081s][info][gc,stats    ] =========================================================================================================================================================
[120.081s][info][gc,stats    ] === Garbage Collection Statistics =======================================================================================================================
[120.081s][info][gc,stats    ]                                                              Last 10s              Last 10m              Last 10h                Total
[120.081s][info][gc,stats    ]                                                              Avg / Max             Avg / Max             Avg / Max             Avg / Max
[120.081s][info][gc,stats    ]   Collector: Garbage Collection Cycle                      0.000 / 0.000       142.096 / 230.934     142.096 / 230.934     142.096 / 230.934     ms
[120.081s][info][gc,stats    ]  Contention: Mark Segment Reset Contention                     0 / 0                 0 / 3                 0 / 3                 0 / 3           ops/s
[120.081s][info][gc,stats    ]  Contention: Mark SeqNum Reset Contention                      0 / 0                 0 / 0                 0 / 0                 0 / 0           ops/s
[120.081s][info][gc,stats    ]    Critical: Allocation Stall                                  0 / 0                 0 / 0                 0 / 0                 0 / 0           ops/s
[120.081s][info][gc,stats    ]    Critical: Allocation Stall                              0.000 / 0.000         0.000 / 0.000         0.000 / 0.000         0.000 / 0.000       ms
[120.081s][info][gc,stats    ]    Critical: GC Locker Stall                                   0 / 0                 0 / 0                 0 / 0                 0 / 0           ops/s
[120.081s][info][gc,stats    ]    Critical: GC Locker Stall                               0.000 / 0.000         0.000 / 0.000         0.000 / 0.000         0.000 / 0.000       ms
[120.081s][info][gc,stats    ]    Critical: Relocation Stall                                  0 / 0                 0 / 0                 0 / 0                 0 / 0           ops/s
[120.081s][info][gc,stats    ]    Critical: Relocation Stall                              0.000 / 0.000         0.000 / 0.000         0.000 / 0.000         0.000 / 0.000       ms
[120.081s][info][gc,stats    ]      Memory: Allocation Rate                                   1 / 6                 6 / 188               6 / 188               6 / 188         MB/s
[120.081s][info][gc,stats    ]      Memory: Defragment                                        0 / 0                 0 / 10                0 / 10                0 / 10          ops/s
[120.081s][info][gc,stats    ]      Memory: Out Of Memory                                     0 / 0                 0 / 0                 0 / 0                 0 / 0           ops/s
[120.081s][info][gc,stats    ]      Memory: Page Cache Flush                                  0 / 0                 0 / 20                0 / 20                0 / 20          MB/s
[120.081s][info][gc,stats    ]      Memory: Page Cache Hit L1                                 0 / 3                 1 / 48                1 / 48                1 / 48          ops/s
[120.081s][info][gc,stats    ]      Memory: Page Cache Hit L2                                 0 / 0                 0 / 0                 0 / 0                 0 / 0           ops/s
[120.081s][info][gc,stats    ]      Memory: Page Cache Hit L3                                 0 / 0                 0 / 47                0 / 47                0 / 47          ops/s
[120.081s][info][gc,stats    ]      Memory: Page Cache Miss                                   0 / 0                 0 / 24                0 / 24                0 / 24          ops/s
[120.081s][info][gc,stats    ]      Memory: Uncommit                                          0 / 0                 0 / 0                 0 / 0                 0 / 0           MB/s
[120.081s][info][gc,stats    ]      Memory: Undo Object Allocation Failed                     0 / 0                 0 / 0                 0 / 0                 0 / 0           ops/s
[120.081s][info][gc,stats    ]      Memory: Undo Object Allocation Succeeded                  0 / 0                 0 / 0                 0 / 0                 0 / 0           ops/s
[120.081s][info][gc,stats    ]      Memory: Undo Page Allocation                              0 / 0                 0 / 12                0 / 12                0 / 12          ops/s
[120.081s][info][gc,stats    ]       Phase: Concurrent Mark                               0.000 / 0.000        77.414 / 111.888      77.414 / 111.888      77.414 / 111.888     ms
[120.081s][info][gc,stats    ]       Phase: Concurrent Mark Continue                      0.000 / 0.000         0.000 / 0.000         0.000 / 0.000         0.000 / 0.000       ms
[120.081s][info][gc,stats    ]       Phase: Concurrent Mark Free                          0.000 / 0.000         0.007 / 0.010         0.007 / 0.010         0.007 / 0.010       ms
[120.081s][info][gc,stats    ]       Phase: Concurrent Process Non-Strong References      0.000 / 0.000        10.570 / 13.911       10.570 / 13.911       10.570 / 13.911      ms
[120.081s][info][gc,stats    ]       Phase: Concurrent Relocate                           0.000 / 0.000        31.066 / 65.668       31.066 / 65.668       31.066 / 65.668      ms
[120.081s][info][gc,stats    ]       Phase: Concurrent Reset Relocation Set               0.000 / 0.000         0.007 / 0.009         0.007 / 0.009         0.007 / 0.009       ms
[120.081s][info][gc,stats    ]       Phase: Concurrent Select Relocation Set              0.000 / 0.000         3.991 / 5.394         3.991 / 5.394         3.991 / 5.394       ms
[120.082s][info][gc,stats    ]       Phase: Pause Mark End                                0.000 / 0.000         0.047 / 0.078         0.047 / 0.078         0.047 / 0.078       ms
[120.082s][info][gc,stats    ]       Phase: Pause Mark Start                              0.000 / 0.000         0.106 / 0.148         0.106 / 0.148         0.106 / 0.148       ms
[120.082s][info][gc,stats    ]       Phase: Pause Relocate Start                          0.000 / 0.000         0.049 / 0.062         0.049 / 0.062         0.049 / 0.062       ms
[120.082s][info][gc,stats    ]    Subphase: Concurrent Classes Purge                      0.000 / 0.000         1.459 / 2.217         1.459 / 2.217         1.459 / 2.217       ms
[120.082s][info][gc,stats    ]    Subphase: Concurrent Classes Unlink                     0.000 / 0.000         5.201 / 9.475         5.201 / 9.475         5.201 / 9.475       ms
[120.082s][info][gc,stats    ]    Subphase: Concurrent Mark                               0.000 / 0.000        72.284 / 99.551       72.284 / 99.551       72.284 / 99.551      ms
[120.082s][info][gc,stats    ]    Subphase: Concurrent Mark Try Flush                     0.000 / 0.000         0.671 / 4.785         0.671 / 4.785         0.671 / 4.785       ms
[120.082s][info][gc,stats    ]    Subphase: Concurrent Mark Try Terminate                 0.000 / 0.000         0.976 / 4.787         0.976 / 4.787         0.976 / 4.787       ms
[120.082s][info][gc,stats    ]    Subphase: Concurrent References Enqueue                 0.000 / 0.000         0.007 / 0.007         0.007 / 0.007         0.007 / 0.007       ms
[120.082s][info][gc,stats    ]    Subphase: Concurrent References Process                 0.000 / 0.000         0.259 / 0.336         0.259 / 0.336         0.259 / 0.336       ms
[120.082s][info][gc,stats    ]    Subphase: Concurrent Roots ClassLoaderDataGraph         0.000 / 0.000         0.872 / 3.582         0.872 / 3.582         0.872 / 3.582       ms
[120.082s][info][gc,stats    ]    Subphase: Concurrent Roots CodeCache                    0.000 / 0.000         0.000 / 0.000         0.000 / 0.000         0.000 / 0.000       ms
[120.082s][info][gc,stats    ]    Subphase: Concurrent Roots JavaThreads                  0.000 / 0.000         3.405 / 10.480        3.405 / 10.480        3.405 / 10.480      ms
[120.082s][info][gc,stats    ]    Subphase: Concurrent Roots OopStorageSet                0.000 / 0.000         0.371 / 0.910         0.371 / 0.910         0.371 / 0.910       ms
[120.082s][info][gc,stats    ]    Subphase: Concurrent Weak Roots OopStorageSet           0.000 / 0.000         1.160 / 2.583         1.160 / 2.583         1.160 / 2.583       ms
[120.082s][info][gc,stats    ]    Subphase: Pause Mark Try Complete                       0.000 / 0.000         0.000 / 0.000         0.000 / 0.000         0.000 / 0.000       ms
[120.082s][info][gc,stats    ]      System: Java Threads                                      0 / 0               141 / 383             141 / 383             141 / 383         threads
[120.082s][info][gc,stats    ] =========================================================================================================================================================
[130.080s][info][gc,stats    ] === Garbage Collection Statistics =======================================================================================================================
[130.080s][info][gc,stats    ]                                                              Last 10s              Last 10m              Last 10h                Total
[130.080s][info][gc,stats    ]                                                              Avg / Max             Avg / Max             Avg / Max             Avg / Max
[130.080s][info][gc,stats    ]   Collector: Garbage Collection Cycle                      0.000 / 0.000       142.096 / 230.934     142.096 / 230.934     142.096 / 230.934     ms
[130.080s][info][gc,stats    ]  Contention: Mark Segment Reset Contention                     0 / 0                 0 / 3                 0 / 3                 0 / 3           ops/s
[130.080s][info][gc,stats    ]  Contention: Mark SeqNum Reset Contention                      0 / 0                 0 / 0                 0 / 0                 0 / 0           ops/s
[130.080s][info][gc,stats    ]    Critical: Allocation Stall                                  0 / 0                 0 / 0                 0 / 0                 0 / 0           ops/s
[130.080s][info][gc,stats    ]    Critical: Allocation Stall                              0.000 / 0.000         0.000 / 0.000         0.000 / 0.000         0.000 / 0.000       ms
[130.080s][info][gc,stats    ]    Critical: GC Locker Stall                                   0 / 0                 0 / 0                 0 / 0                 0 / 0           ops/s
[130.080s][info][gc,stats    ]    Critical: GC Locker Stall                               0.000 / 0.000         0.000 / 0.000         0.000 / 0.000         0.000 / 0.000       ms
[130.080s][info][gc,stats    ]    Critical: Relocation Stall                                  0 / 0                 0 / 0                 0 / 0                 0 / 0           ops/s
[130.080s][info][gc,stats    ]    Critical: Relocation Stall                              0.000 / 0.000         0.000 / 0.000         0.000 / 0.000         0.000 / 0.000       ms
[130.080s][info][gc,stats    ]      Memory: Allocation Rate                                   1 / 4                 5 / 188               5 / 188               5 / 188         MB/s
[130.080s][info][gc,stats    ]      Memory: Defragment                                        0 / 0                 0 / 10                0 / 10                0 / 10          ops/s
[130.081s][info][gc,stats    ]      Memory: Out Of Memory                                     0 / 0                 0 / 0                 0 / 0                 0 / 0           ops/s
[130.081s][info][gc,stats    ]      Memory: Page Cache Flush                                  0 / 0                 0 / 20                0 / 20                0 / 20          MB/s
[130.081s][info][gc,stats    ]      Memory: Page Cache Hit L1                                 0 / 2                 1 / 48                1 / 48                1 / 48          ops/s
[130.081s][info][gc,stats    ]      Memory: Page Cache Hit L2                                 0 / 0                 0 / 0                 0 / 0                 0 / 0           ops/s
[130.081s][info][gc,stats    ]      Memory: Page Cache Hit L3                                 0 / 0                 0 / 47                0 / 47                0 / 47          ops/s
[130.081s][info][gc,stats    ]      Memory: Page Cache Miss                                   0 / 0                 0 / 24                0 / 24                0 / 24          ops/s
[130.081s][info][gc,stats    ]      Memory: Uncommit                                          0 / 0                 0 / 0                 0 / 0                 0 / 0           MB/s
[130.081s][info][gc,stats    ]      Memory: Undo Object Allocation Failed                     0 / 0                 0 / 0                 0 / 0                 0 / 0           ops/s
[130.081s][info][gc,stats    ]      Memory: Undo Object Allocation Succeeded                  0 / 0                 0 / 0                 0 / 0                 0 / 0           ops/s
[130.081s][info][gc,stats    ]      Memory: Undo Page Allocation                              0 / 0                 0 / 12                0 / 12                0 / 12          ops/s
[130.081s][info][gc,stats    ]       Phase: Concurrent Mark                               0.000 / 0.000        77.414 / 111.888      77.414 / 111.888      77.414 / 111.888     ms
[130.081s][info][gc,stats    ]       Phase: Concurrent Mark Continue                      0.000 / 0.000         0.000 / 0.000         0.000 / 0.000         0.000 / 0.000       ms
[130.081s][info][gc,stats    ]       Phase: Concurrent Mark Free                          0.000 / 0.000         0.007 / 0.010         0.007 / 0.010         0.007 / 0.010       ms
[130.081s][info][gc,stats    ]       Phase: Concurrent Process Non-Strong References      0.000 / 0.000        10.570 / 13.911       10.570 / 13.911       10.570 / 13.911      ms
[130.081s][info][gc,stats    ]       Phase: Concurrent Relocate                           0.000 / 0.000        31.066 / 65.668       31.066 / 65.668       31.066 / 65.668      ms
[130.081s][info][gc,stats    ]       Phase: Concurrent Reset Relocation Set               0.000 / 0.000         0.007 / 0.009         0.007 / 0.009         0.007 / 0.009       ms
[130.081s][info][gc,stats    ]       Phase: Concurrent Select Relocation Set              0.000 / 0.000         3.991 / 5.394         3.991 / 5.394         3.991 / 5.394       ms
[130.081s][info][gc,stats    ]       Phase: Pause Mark End                                0.000 / 0.000         0.047 / 0.078         0.047 / 0.078         0.047 / 0.078       ms
[130.081s][info][gc,stats    ]       Phase: Pause Mark Start                              0.000 / 0.000         0.106 / 0.148         0.106 / 0.148         0.106 / 0.148       ms
[130.081s][info][gc,stats    ]       Phase: Pause Relocate Start                          0.000 / 0.000         0.049 / 0.062         0.049 / 0.062         0.049 / 0.062       ms
[130.081s][info][gc,stats    ]    Subphase: Concurrent Classes Purge                      0.000 / 0.000         1.459 / 2.217         1.459 / 2.217         1.459 / 2.217       ms
[130.081s][info][gc,stats    ]    Subphase: Concurrent Classes Unlink                     0.000 / 0.000         5.201 / 9.475         5.201 / 9.475         5.201 / 9.475       ms
[130.081s][info][gc,stats    ]    Subphase: Concurrent Mark                               0.000 / 0.000        72.284 / 99.551       72.284 / 99.551       72.284 / 99.551      ms
[130.081s][info][gc,stats    ]    Subphase: Concurrent Mark Try Flush                     0.000 / 0.000         0.671 / 4.785         0.671 / 4.785         0.671 / 4.785       ms
[130.081s][info][gc,stats    ]    Subphase: Concurrent Mark Try Terminate                 0.000 / 0.000         0.976 / 4.787         0.976 / 4.787         0.976 / 4.787       ms
[130.081s][info][gc,stats    ]    Subphase: Concurrent References Enqueue                 0.000 / 0.000         0.007 / 0.007         0.007 / 0.007         0.007 / 0.007       ms
[130.081s][info][gc,stats    ]    Subphase: Concurrent References Process                 0.000 / 0.000         0.259 / 0.336         0.259 / 0.336         0.259 / 0.336       ms
[130.081s][info][gc,stats    ]    Subphase: Concurrent Roots ClassLoaderDataGraph         0.000 / 0.000         0.872 / 3.582         0.872 / 3.582         0.872 / 3.582       ms
[130.081s][info][gc,stats    ]    Subphase: Concurrent Roots CodeCache                    0.000 / 0.000         0.000 / 0.000         0.000 / 0.000         0.000 / 0.000       ms
[130.081s][info][gc,stats    ]    Subphase: Concurrent Roots JavaThreads                  0.000 / 0.000         3.405 / 10.480        3.405 / 10.480        3.405 / 10.480      ms
[130.081s][info][gc,stats    ]    Subphase: Concurrent Roots OopStorageSet                0.000 / 0.000         0.371 / 0.910         0.371 / 0.910         0.371 / 0.910       ms
[130.081s][info][gc,stats    ]    Subphase: Concurrent Weak Roots OopStorageSet           0.000 / 0.000         1.160 / 2.583         1.160 / 2.583         1.160 / 2.583       ms
[130.081s][info][gc,stats    ]    Subphase: Pause Mark Try Complete                       0.000 / 0.000         0.000 / 0.000         0.000 / 0.000         0.000 / 0.000       ms
[130.081s][info][gc,stats    ]      System: Java Threads                                      0 / 0               141 / 383             141 / 383             141 / 383         threads
[130.081s][info][gc,stats    ] =========================================================================================================================================================
[140.081s][info][gc,stats    ] === Garbage Collection Statistics =======================================================================================================================
[140.081s][info][gc,stats    ]                                                              Last 10s              Last 10m              Last 10h                Total
[140.081s][info][gc,stats    ]                                                              Avg / Max             Avg / Max             Avg / Max             Avg / Max
[140.081s][info][gc,stats    ]   Collector: Garbage Collection Cycle                      0.000 / 0.000       142.096 / 230.934     142.096 / 230.934     142.096 / 230.934     ms
[140.081s][info][gc,stats    ]  Contention: Mark Segment Reset Contention                     0 / 0                 0 / 3                 0 / 3                 0 / 3           ops/s
[140.081s][info][gc,stats    ]  Contention: Mark SeqNum Reset Contention                      0 / 0                 0 / 0                 0 / 0                 0 / 0           ops/s
[140.081s][info][gc,stats    ]    Critical: Allocation Stall                                  0 / 0                 0 / 0                 0 / 0                 0 / 0           ops/s
[140.081s][info][gc,stats    ]    Critical: Allocation Stall                              0.000 / 0.000         0.000 / 0.000         0.000 / 0.000         0.000 / 0.000       ms
[140.081s][info][gc,stats    ]    Critical: GC Locker Stall                                   0 / 0                 0 / 0                 0 / 0                 0 / 0           ops/s
[140.081s][info][gc,stats    ]    Critical: GC Locker Stall                               0.000 / 0.000         0.000 / 0.000         0.000 / 0.000         0.000 / 0.000       ms
[140.081s][info][gc,stats    ]    Critical: Relocation Stall                                  0 / 0                 0 / 0                 0 / 0                 0 / 0           ops/s
[140.081s][info][gc,stats    ]    Critical: Relocation Stall                              0.000 / 0.000         0.000 / 0.000         0.000 / 0.000         0.000 / 0.000       ms
[140.081s][info][gc,stats    ]      Memory: Allocation Rate                                   0 / 4                 5 / 188               5 / 188               5 / 188         MB/s
[140.081s][info][gc,stats    ]      Memory: Defragment                                        0 / 0                 0 / 10                0 / 10                0 / 10          ops/s
[140.081s][info][gc,stats    ]      Memory: Out Of Memory                                     0 / 0                 0 / 0                 0 / 0                 0 / 0           ops/s
[140.081s][info][gc,stats    ]      Memory: Page Cache Flush                                  0 / 0                 0 / 20                0 / 20                0 / 20          MB/s
[140.081s][info][gc,stats    ]      Memory: Page Cache Hit L1                                 0 / 2                 1 / 48                1 / 48                1 / 48          ops/s
[140.081s][info][gc,stats    ]      Memory: Page Cache Hit L2                                 0 / 0                 0 / 0                 0 / 0                 0 / 0           ops/s
[140.081s][info][gc,stats    ]      Memory: Page Cache Hit L3                                 0 / 0                 0 / 47                0 / 47                0 / 47          ops/s
[140.081s][info][gc,stats    ]      Memory: Page Cache Miss                                   0 / 0                 0 / 24                0 / 24                0 / 24          ops/s
[140.081s][info][gc,stats    ]      Memory: Uncommit                                          0 / 0                 0 / 0                 0 / 0                 0 / 0           MB/s
[140.081s][info][gc,stats    ]      Memory: Undo Object Allocation Failed                     0 / 0                 0 / 0                 0 / 0                 0 / 0           ops/s
[140.081s][info][gc,stats    ]      Memory: Undo Object Allocation Succeeded                  0 / 0                 0 / 0                 0 / 0                 0 / 0           ops/s
[140.082s][info][gc,stats    ]      Memory: Undo Page Allocation                              0 / 0                 0 / 12                0 / 12                0 / 12          ops/s
[140.082s][info][gc,stats    ]       Phase: Concurrent Mark                               0.000 / 0.000        77.414 / 111.888      77.414 / 111.888      77.414 / 111.888     ms
[140.082s][info][gc,stats    ]       Phase: Concurrent Mark Continue                      0.000 / 0.000         0.000 / 0.000         0.000 / 0.000         0.000 / 0.000       ms
[140.082s][info][gc,stats    ]       Phase: Concurrent Mark Free                          0.000 / 0.000         0.007 / 0.010         0.007 / 0.010         0.007 / 0.010       ms
[140.082s][info][gc,stats    ]       Phase: Concurrent Process Non-Strong References      0.000 / 0.000        10.570 / 13.911       10.570 / 13.911       10.570 / 13.911      ms
[140.082s][info][gc,stats    ]       Phase: Concurrent Relocate                           0.000 / 0.000        31.066 / 65.668       31.066 / 65.668       31.066 / 65.668      ms
[140.082s][info][gc,stats    ]       Phase: Concurrent Reset Relocation Set               0.000 / 0.000         0.007 / 0.009         0.007 / 0.009         0.007 / 0.009       ms
[140.082s][info][gc,stats    ]       Phase: Concurrent Select Relocation Set              0.000 / 0.000         3.991 / 5.394         3.991 / 5.394         3.991 / 5.394       ms
[140.082s][info][gc,stats    ]       Phase: Pause Mark End                                0.000 / 0.000         0.047 / 0.078         0.047 / 0.078         0.047 / 0.078       ms
[140.082s][info][gc,stats    ]       Phase: Pause Mark Start                              0.000 / 0.000         0.106 / 0.148         0.106 / 0.148         0.106 / 0.148       ms
[140.082s][info][gc,stats    ]       Phase: Pause Relocate Start                          0.000 / 0.000         0.049 / 0.062         0.049 / 0.062         0.049 / 0.062       ms
[140.082s][info][gc,stats    ]    Subphase: Concurrent Classes Purge                      0.000 / 0.000         1.459 / 2.217         1.459 / 2.217         1.459 / 2.217       ms
[140.082s][info][gc,stats    ]    Subphase: Concurrent Classes Unlink                     0.000 / 0.000         5.201 / 9.475         5.201 / 9.475         5.201 / 9.475       ms
[140.082s][info][gc,stats    ]    Subphase: Concurrent Mark                               0.000 / 0.000        72.284 / 99.551       72.284 / 99.551       72.284 / 99.551      ms
[140.082s][info][gc,stats    ]    Subphase: Concurrent Mark Try Flush                     0.000 / 0.000         0.671 / 4.785         0.671 / 4.785         0.671 / 4.785       ms
[140.082s][info][gc,stats    ]    Subphase: Concurrent Mark Try Terminate                 0.000 / 0.000         0.976 / 4.787         0.976 / 4.787         0.976 / 4.787       ms
[140.082s][info][gc,stats    ]    Subphase: Concurrent References Enqueue                 0.000 / 0.000         0.007 / 0.007         0.007 / 0.007         0.007 / 0.007       ms
[140.082s][info][gc,stats    ]    Subphase: Concurrent References Process                 0.000 / 0.000         0.259 / 0.336         0.259 / 0.336         0.259 / 0.336       ms
[140.082s][info][gc,stats    ]    Subphase: Concurrent Roots ClassLoaderDataGraph         0.000 / 0.000         0.872 / 3.582         0.872 / 3.582         0.872 / 3.582       ms
[140.082s][info][gc,stats    ]    Subphase: Concurrent Roots CodeCache                    0.000 / 0.000         0.000 / 0.000         0.000 / 0.000         0.000 / 0.000       ms
[140.082s][info][gc,stats    ]    Subphase: Concurrent Roots JavaThreads                  0.000 / 0.000         3.405 / 10.480        3.405 / 10.480        3.405 / 10.480      ms
[140.082s][info][gc,stats    ]    Subphase: Concurrent Roots OopStorageSet                0.000 / 0.000         0.371 / 0.910         0.371 / 0.910         0.371 / 0.910       ms
[140.082s][info][gc,stats    ]    Subphase: Concurrent Weak Roots OopStorageSet           0.000 / 0.000         1.160 / 2.583         1.160 / 2.583         1.160 / 2.583       ms
[140.082s][info][gc,stats    ]    Subphase: Pause Mark Try Complete                       0.000 / 0.000         0.000 / 0.000         0.000 / 0.000         0.000 / 0.000       ms
[140.082s][info][gc,stats    ]      System: Java Threads                                      0 / 0               141 / 383             141 / 383             141 / 383         threads
[140.082s][info][gc,stats    ] =========================================================================================================================================================
[150.082s][info][gc,stats    ] === Garbage Collection Statistics =======================================================================================================================
[150.082s][info][gc,stats    ]                                                              Last 10s              Last 10m              Last 10h                Total
[150.082s][info][gc,stats    ]                                                              Avg / Max             Avg / Max             Avg / Max             Avg / Max
[150.082s][info][gc,stats    ]   Collector: Garbage Collection Cycle                      0.000 / 0.000       142.096 / 230.934     142.096 / 230.934     142.096 / 230.934     ms
[150.082s][info][gc,stats    ]  Contention: Mark Segment Reset Contention                     0 / 0                 0 / 3                 0 / 3                 0 / 3           ops/s
[150.082s][info][gc,stats    ]  Contention: Mark SeqNum Reset Contention                      0 / 0                 0 / 0                 0 / 0                 0 / 0           ops/s
[150.082s][info][gc,stats    ]    Critical: Allocation Stall                                  0 / 0                 0 / 0                 0 / 0                 0 / 0           ops/s
[150.082s][info][gc,stats    ]    Critical: Allocation Stall                              0.000 / 0.000         0.000 / 0.000         0.000 / 0.000         0.000 / 0.000       ms
[150.082s][info][gc,stats    ]    Critical: GC Locker Stall                                   0 / 0                 0 / 0                 0 / 0                 0 / 0           ops/s
[150.082s][info][gc,stats    ]    Critical: GC Locker Stall                               0.000 / 0.000         0.000 / 0.000         0.000 / 0.000         0.000 / 0.000       ms
[150.082s][info][gc,stats    ]    Critical: Relocation Stall                                  0 / 0                 0 / 0                 0 / 0                 0 / 0           ops/s
[150.082s][info][gc,stats    ]    Critical: Relocation Stall                              0.000 / 0.000         0.000 / 0.000         0.000 / 0.000         0.000 / 0.000       ms
[150.082s][info][gc,stats    ]      Memory: Allocation Rate                                   3 / 10                5 / 188               5 / 188               5 / 188         MB/s
[150.082s][info][gc,stats    ]      Memory: Defragment                                        0 / 0                 0 / 10                0 / 10                0 / 10          ops/s
[150.082s][info][gc,stats    ]      Memory: Out Of Memory                                     0 / 0                 0 / 0                 0 / 0                 0 / 0           ops/s
[150.082s][info][gc,stats    ]      Memory: Page Cache Flush                                  0 / 0                 0 / 20                0 / 20                0 / 20          MB/s
[150.082s][info][gc,stats    ]      Memory: Page Cache Hit L1                                 1 / 5                 1 / 48                1 / 48                1 / 48          ops/s
[150.082s][info][gc,stats    ]      Memory: Page Cache Hit L2                                 0 / 0                 0 / 0                 0 / 0                 0 / 0           ops/s
[150.082s][info][gc,stats    ]      Memory: Page Cache Hit L3                                 0 / 0                 0 / 47                0 / 47                0 / 47          ops/s
[150.082s][info][gc,stats    ]      Memory: Page Cache Miss                                   0 / 0                 0 / 24                0 / 24                0 / 24          ops/s
[150.082s][info][gc,stats    ]      Memory: Uncommit                                          0 / 0                 0 / 0                 0 / 0                 0 / 0           MB/s
[150.082s][info][gc,stats    ]      Memory: Undo Object Allocation Failed                     0 / 0                 0 / 0                 0 / 0                 0 / 0           ops/s
[150.082s][info][gc,stats    ]      Memory: Undo Object Allocation Succeeded                  0 / 0                 0 / 0                 0 / 0                 0 / 0           ops/s
[150.082s][info][gc,stats    ]      Memory: Undo Page Allocation                              0 / 0                 0 / 12                0 / 12                0 / 12          ops/s
[150.082s][info][gc,stats    ]       Phase: Concurrent Mark                               0.000 / 0.000        77.414 / 111.888      77.414 / 111.888      77.414 / 111.888     ms
[150.082s][info][gc,stats    ]       Phase: Concurrent Mark Continue                      0.000 / 0.000         0.000 / 0.000         0.000 / 0.000         0.000 / 0.000       ms
[150.082s][info][gc,stats    ]       Phase: Concurrent Mark Free                          0.000 / 0.000         0.007 / 0.010         0.007 / 0.010         0.007 / 0.010       ms
[150.082s][info][gc,stats    ]       Phase: Concurrent Process Non-Strong References      0.000 / 0.000        10.570 / 13.911       10.570 / 13.911       10.570 / 13.911      ms
[150.082s][info][gc,stats    ]       Phase: Concurrent Relocate                           0.000 / 0.000        31.066 / 65.668       31.066 / 65.668       31.066 / 65.668      ms
[150.082s][info][gc,stats    ]       Phase: Concurrent Reset Relocation Set               0.000 / 0.000         0.007 / 0.009         0.007 / 0.009         0.007 / 0.009       ms
[150.082s][info][gc,stats    ]       Phase: Concurrent Select Relocation Set              0.000 / 0.000         3.991 / 5.394         3.991 / 5.394         3.991 / 5.394       ms
[150.082s][info][gc,stats    ]       Phase: Pause Mark End                                0.000 / 0.000         0.047 / 0.078         0.047 / 0.078         0.047 / 0.078       ms
[150.082s][info][gc,stats    ]       Phase: Pause Mark Start                              0.000 / 0.000         0.106 / 0.148         0.106 / 0.148         0.106 / 0.148       ms
[150.082s][info][gc,stats    ]       Phase: Pause Relocate Start                          0.000 / 0.000         0.049 / 0.062         0.049 / 0.062         0.049 / 0.062       ms
[150.082s][info][gc,stats    ]    Subphase: Concurrent Classes Purge                      0.000 / 0.000         1.459 / 2.217         1.459 / 2.217         1.459 / 2.217       ms
[150.082s][info][gc,stats    ]    Subphase: Concurrent Classes Unlink                     0.000 / 0.000         5.201 / 9.475         5.201 / 9.475         5.201 / 9.475       ms
[150.082s][info][gc,stats    ]    Subphase: Concurrent Mark                               0.000 / 0.000        72.284 / 99.551       72.284 / 99.551       72.284 / 99.551      ms
[150.082s][info][gc,stats    ]    Subphase: Concurrent Mark Try Flush                     0.000 / 0.000         0.671 / 4.785         0.671 / 4.785         0.671 / 4.785       ms
[150.082s][info][gc,stats    ]    Subphase: Concurrent Mark Try Terminate                 0.000 / 0.000         0.976 / 4.787         0.976 / 4.787         0.976 / 4.787       ms
[150.083s][info][gc,stats    ]    Subphase: Concurrent References Enqueue                 0.000 / 0.000         0.007 / 0.007         0.007 / 0.007         0.007 / 0.007       ms
[150.083s][info][gc,stats    ]    Subphase: Concurrent References Process                 0.000 / 0.000         0.259 / 0.336         0.259 / 0.336         0.259 / 0.336       ms
[150.083s][info][gc,stats    ]    Subphase: Concurrent Roots ClassLoaderDataGraph         0.000 / 0.000         0.872 / 3.582         0.872 / 3.582         0.872 / 3.582       ms
[150.083s][info][gc,stats    ]    Subphase: Concurrent Roots CodeCache                    0.000 / 0.000         0.000 / 0.000         0.000 / 0.000         0.000 / 0.000       ms
[150.083s][info][gc,stats    ]    Subphase: Concurrent Roots JavaThreads                  0.000 / 0.000         3.405 / 10.480        3.405 / 10.480        3.405 / 10.480      ms
[150.083s][info][gc,stats    ]    Subphase: Concurrent Roots OopStorageSet                0.000 / 0.000         0.371 / 0.910         0.371 / 0.910         0.371 / 0.910       ms
[150.083s][info][gc,stats    ]    Subphase: Concurrent Weak Roots OopStorageSet           0.000 / 0.000         1.160 / 2.583         1.160 / 2.583         1.160 / 2.583       ms
[150.083s][info][gc,stats    ]    Subphase: Pause Mark Try Complete                       0.000 / 0.000         0.000 / 0.000         0.000 / 0.000         0.000 / 0.000       ms
[150.083s][info][gc,stats    ]      System: Java Threads                                      0 / 0               141 / 383             141 / 383             141 / 383         threads
[150.083s][info][gc,stats    ] =========================================================================================================================================================
[160.080s][info][gc,stats    ] === Garbage Collection Statistics =======================================================================================================================
[160.081s][info][gc,stats    ]                                                              Last 10s              Last 10m              Last 10h                Total
[160.081s][info][gc,stats    ]                                                              Avg / Max             Avg / Max             Avg / Max             Avg / Max
[160.081s][info][gc,stats    ]   Collector: Garbage Collection Cycle                      0.000 / 0.000       142.096 / 230.934     142.096 / 230.934     142.096 / 230.934     ms
[160.081s][info][gc,stats    ]  Contention: Mark Segment Reset Contention                     0 / 0                 0 / 3                 0 / 3                 0 / 3           ops/s
[160.081s][info][gc,stats    ]  Contention: Mark SeqNum Reset Contention                      0 / 0                 0 / 0                 0 / 0                 0 / 0           ops/s
[160.081s][info][gc,stats    ]    Critical: Allocation Stall                                  0 / 0                 0 / 0                 0 / 0                 0 / 0           ops/s
[160.081s][info][gc,stats    ]    Critical: Allocation Stall                              0.000 / 0.000         0.000 / 0.000         0.000 / 0.000         0.000 / 0.000       ms
[160.081s][info][gc,stats    ]    Critical: GC Locker Stall                                   0 / 0                 0 / 0                 0 / 0                 0 / 0           ops/s
[160.081s][info][gc,stats    ]    Critical: GC Locker Stall                               0.000 / 0.000         0.000 / 0.000         0.000 / 0.000         0.000 / 0.000       ms
[160.081s][info][gc,stats    ]    Critical: Relocation Stall                                  0 / 0                 0 / 0                 0 / 0                 0 / 0           ops/s
[160.081s][info][gc,stats    ]    Critical: Relocation Stall                              0.000 / 0.000         0.000 / 0.000         0.000 / 0.000         0.000 / 0.000       ms
[160.081s][info][gc,stats    ]      Memory: Allocation Rate                                   4 / 12                5 / 188               5 / 188               5 / 188         MB/s
[160.081s][info][gc,stats    ]      Memory: Defragment                                        0 / 0                 0 / 10                0 / 10                0 / 10          ops/s
[160.081s][info][gc,stats    ]      Memory: Out Of Memory                                     0 / 0                 0 / 0                 0 / 0                 0 / 0           ops/s
[160.081s][info][gc,stats    ]      Memory: Page Cache Flush                                  0 / 0                 0 / 20                0 / 20                0 / 20          MB/s
[160.081s][info][gc,stats    ]      Memory: Page Cache Hit L1                                 2 / 6                 1 / 48                1 / 48                1 / 48          ops/s
[160.081s][info][gc,stats    ]      Memory: Page Cache Hit L2                                 0 / 0                 0 / 0                 0 / 0                 0 / 0           ops/s
[160.081s][info][gc,stats    ]      Memory: Page Cache Hit L3                                 0 / 0                 0 / 47                0 / 47                0 / 47          ops/s
[160.081s][info][gc,stats    ]      Memory: Page Cache Miss                                   0 / 0                 0 / 24                0 / 24                0 / 24          ops/s
[160.081s][info][gc,stats    ]      Memory: Uncommit                                          0 / 0                 0 / 0                 0 / 0                 0 / 0           MB/s
[160.081s][info][gc,stats    ]      Memory: Undo Object Allocation Failed                     0 / 0                 0 / 0                 0 / 0                 0 / 0           ops/s
[160.081s][info][gc,stats    ]      Memory: Undo Object Allocation Succeeded                  0 / 0                 0 / 0                 0 / 0                 0 / 0           ops/s
[160.081s][info][gc,stats    ]      Memory: Undo Page Allocation                              0 / 0                 0 / 12                0 / 12                0 / 12          ops/s
[160.081s][info][gc,stats    ]       Phase: Concurrent Mark                               0.000 / 0.000        77.414 / 111.888      77.414 / 111.888      77.414 / 111.888     ms
[160.081s][info][gc,stats    ]       Phase: Concurrent Mark Continue                      0.000 / 0.000         0.000 / 0.000         0.000 / 0.000         0.000 / 0.000       ms
[160.081s][info][gc,stats    ]       Phase: Concurrent Mark Free                          0.000 / 0.000         0.007 / 0.010         0.007 / 0.010         0.007 / 0.010       ms
[160.081s][info][gc,stats    ]       Phase: Concurrent Process Non-Strong References      0.000 / 0.000        10.570 / 13.911       10.570 / 13.911       10.570 / 13.911      ms
[160.081s][info][gc,stats    ]       Phase: Concurrent Relocate                           0.000 / 0.000        31.066 / 65.668       31.066 / 65.668       31.066 / 65.668      ms
[160.081s][info][gc,stats    ]       Phase: Concurrent Reset Relocation Set               0.000 / 0.000         0.007 / 0.009         0.007 / 0.009         0.007 / 0.009       ms
[160.081s][info][gc,stats    ]       Phase: Concurrent Select Relocation Set              0.000 / 0.000         3.991 / 5.394         3.991 / 5.394         3.991 / 5.394       ms
[160.081s][info][gc,stats    ]       Phase: Pause Mark End                                0.000 / 0.000         0.047 / 0.078         0.047 / 0.078         0.047 / 0.078       ms
[160.081s][info][gc,stats    ]       Phase: Pause Mark Start                              0.000 / 0.000         0.106 / 0.148         0.106 / 0.148         0.106 / 0.148       ms
[160.081s][info][gc,stats    ]       Phase: Pause Relocate Start                          0.000 / 0.000         0.049 / 0.062         0.049 / 0.062         0.049 / 0.062       ms
[160.081s][info][gc,stats    ]    Subphase: Concurrent Classes Purge                      0.000 / 0.000         1.459 / 2.217         1.459 / 2.217         1.459 / 2.217       ms
[160.081s][info][gc,stats    ]    Subphase: Concurrent Classes Unlink                     0.000 / 0.000         5.201 / 9.475         5.201 / 9.475         5.201 / 9.475       ms
[160.081s][info][gc,stats    ]    Subphase: Concurrent Mark                               0.000 / 0.000        72.284 / 99.551       72.284 / 99.551       72.284 / 99.551      ms
[160.081s][info][gc,stats    ]    Subphase: Concurrent Mark Try Flush                     0.000 / 0.000         0.671 / 4.785         0.671 / 4.785         0.671 / 4.785       ms
[160.081s][info][gc,stats    ]    Subphase: Concurrent Mark Try Terminate                 0.000 / 0.000         0.976 / 4.787         0.976 / 4.787         0.976 / 4.787       ms
[160.081s][info][gc,stats    ]    Subphase: Concurrent References Enqueue                 0.000 / 0.000         0.007 / 0.007         0.007 / 0.007         0.007 / 0.007       ms
[160.081s][info][gc,stats    ]    Subphase: Concurrent References Process                 0.000 / 0.000         0.259 / 0.336         0.259 / 0.336         0.259 / 0.336       ms
[160.081s][info][gc,stats    ]    Subphase: Concurrent Roots ClassLoaderDataGraph         0.000 / 0.000         0.872 / 3.582         0.872 / 3.582         0.872 / 3.582       ms
[160.081s][info][gc,stats    ]    Subphase: Concurrent Roots CodeCache                    0.000 / 0.000         0.000 / 0.000         0.000 / 0.000         0.000 / 0.000       ms
[160.081s][info][gc,stats    ]    Subphase: Concurrent Roots JavaThreads                  0.000 / 0.000         3.405 / 10.480        3.405 / 10.480        3.405 / 10.480      ms
[160.081s][info][gc,stats    ]    Subphase: Concurrent Roots OopStorageSet                0.000 / 0.000         0.371 / 0.910         0.371 / 0.910         0.371 / 0.910       ms
[160.081s][info][gc,stats    ]    Subphase: Concurrent Weak Roots OopStorageSet           0.000 / 0.000         1.160 / 2.583         1.160 / 2.583         1.160 / 2.583       ms
[160.081s][info][gc,stats    ]    Subphase: Pause Mark Try Complete                       0.000 / 0.000         0.000 / 0.000         0.000 / 0.000         0.000 / 0.000       ms
[160.081s][info][gc,stats    ]      System: Java Threads                                      0 / 0               141 / 383             141 / 383             141 / 383         threads
[160.081s][info][gc,stats    ] =========================================================================================================================================================
[170.080s][info][gc,stats    ] === Garbage Collection Statistics =======================================================================================================================
[170.080s][info][gc,stats    ]                                                              Last 10s              Last 10m              Last 10h                Total
[170.080s][info][gc,stats    ]                                                              Avg / Max             Avg / Max             Avg / Max             Avg / Max
[170.080s][info][gc,stats    ]   Collector: Garbage Collection Cycle                      0.000 / 0.000       142.096 / 230.934     142.096 / 230.934     142.096 / 230.934     ms
[170.080s][info][gc,stats    ]  Contention: Mark Segment Reset Contention                     0 / 0                 0 / 3                 0 / 3                 0 / 3           ops/s
[170.080s][info][gc,stats    ]  Contention: Mark SeqNum Reset Contention                      0 / 0                 0 / 0                 0 / 0                 0 / 0           ops/s
[170.080s][info][gc,stats    ]    Critical: Allocation Stall                                  0 / 0                 0 / 0                 0 / 0                 0 / 0           ops/s
[170.080s][info][gc,stats    ]    Critical: Allocation Stall                              0.000 / 0.000         0.000 / 0.000         0.000 / 0.000         0.000 / 0.000       ms
[170.080s][info][gc,stats    ]    Critical: GC Locker Stall                                   0 / 0                 0 / 0                 0 / 0                 0 / 0           ops/s
[170.080s][info][gc,stats    ]    Critical: GC Locker Stall                               0.000 / 0.000         0.000 / 0.000         0.000 / 0.000         0.000 / 0.000       ms
[170.080s][info][gc,stats    ]    Critical: Relocation Stall                                  0 / 0                 0 / 0                 0 / 0                 0 / 0           ops/s
[170.080s][info][gc,stats    ]    Critical: Relocation Stall                              0.000 / 0.000         0.000 / 0.000         0.000 / 0.000         0.000 / 0.000       ms
[170.080s][info][gc,stats    ]      Memory: Allocation Rate                                   5 / 12                5 / 188               5 / 188               5 / 188         MB/s
[170.080s][info][gc,stats    ]      Memory: Defragment                                        1 / 4                 0 / 10                0 / 10                0 / 10          ops/s
[170.080s][info][gc,stats    ]      Memory: Out Of Memory                                     0 / 0                 0 / 0                 0 / 0                 0 / 0           ops/s
[170.080s][info][gc,stats    ]      Memory: Page Cache Flush                                  2 / 8                 0 / 20                0 / 20                0 / 20          MB/s
[170.080s][info][gc,stats    ]      Memory: Page Cache Hit L1                                 1 / 6                 1 / 48                1 / 48                1 / 48          ops/s
[170.080s][info][gc,stats    ]      Memory: Page Cache Hit L2                                 0 / 0                 0 / 0                 0 / 0                 0 / 0           ops/s
[170.080s][info][gc,stats    ]      Memory: Page Cache Hit L3                                 1 / 4                 0 / 47                0 / 47                0 / 47          ops/s
[170.080s][info][gc,stats    ]      Memory: Page Cache Miss                                   0 / 0                 0 / 24                0 / 24                0 / 24          ops/s
[170.080s][info][gc,stats    ]      Memory: Uncommit                                          0 / 0                 0 / 0                 0 / 0                 0 / 0           MB/s
[170.080s][info][gc,stats    ]      Memory: Undo Object Allocation Failed                     0 / 0                 0 / 0                 0 / 0                 0 / 0           ops/s
[170.080s][info][gc,stats    ]      Memory: Undo Object Allocation Succeeded                  0 / 0                 0 / 0                 0 / 0                 0 / 0           ops/s
[170.080s][info][gc,stats    ]      Memory: Undo Page Allocation                              0 / 0                 0 / 12                0 / 12                0 / 12          ops/s
[170.080s][info][gc,stats    ]       Phase: Concurrent Mark                               0.000 / 0.000        77.414 / 111.888      77.414 / 111.888      77.414 / 111.888     ms
[170.080s][info][gc,stats    ]       Phase: Concurrent Mark Continue                      0.000 / 0.000         0.000 / 0.000         0.000 / 0.000         0.000 / 0.000       ms
[170.080s][info][gc,stats    ]       Phase: Concurrent Mark Free                          0.000 / 0.000         0.007 / 0.010         0.007 / 0.010         0.007 / 0.010       ms
[170.080s][info][gc,stats    ]       Phase: Concurrent Process Non-Strong References      0.000 / 0.000        10.570 / 13.911       10.570 / 13.911       10.570 / 13.911      ms
[170.080s][info][gc,stats    ]       Phase: Concurrent Relocate                           0.000 / 0.000        31.066 / 65.668       31.066 / 65.668       31.066 / 65.668      ms
[170.080s][info][gc,stats    ]       Phase: Concurrent Reset Relocation Set               0.000 / 0.000         0.007 / 0.009         0.007 / 0.009         0.007 / 0.009       ms
[170.080s][info][gc,stats    ]       Phase: Concurrent Select Relocation Set              0.000 / 0.000         3.991 / 5.394         3.991 / 5.394         3.991 / 5.394       ms
[170.080s][info][gc,stats    ]       Phase: Pause Mark End                                0.000 / 0.000         0.047 / 0.078         0.047 / 0.078         0.047 / 0.078       ms
[170.080s][info][gc,stats    ]       Phase: Pause Mark Start                              0.000 / 0.000         0.106 / 0.148         0.106 / 0.148         0.106 / 0.148       ms
[170.080s][info][gc,stats    ]       Phase: Pause Relocate Start                          0.000 / 0.000         0.049 / 0.062         0.049 / 0.062         0.049 / 0.062       ms
[170.080s][info][gc,stats    ]    Subphase: Concurrent Classes Purge                      0.000 / 0.000         1.459 / 2.217         1.459 / 2.217         1.459 / 2.217       ms
[170.080s][info][gc,stats    ]    Subphase: Concurrent Classes Unlink                     0.000 / 0.000         5.201 / 9.475         5.201 / 9.475         5.201 / 9.475       ms
[170.080s][info][gc,stats    ]    Subphase: Concurrent Mark                               0.000 / 0.000        72.284 / 99.551       72.284 / 99.551       72.284 / 99.551      ms
[170.080s][info][gc,stats    ]    Subphase: Concurrent Mark Try Flush                     0.000 / 0.000         0.671 / 4.785         0.671 / 4.785         0.671 / 4.785       ms
[170.080s][info][gc,stats    ]    Subphase: Concurrent Mark Try Terminate                 0.000 / 0.000         0.976 / 4.787         0.976 / 4.787         0.976 / 4.787       ms
[170.080s][info][gc,stats    ]    Subphase: Concurrent References Enqueue                 0.000 / 0.000         0.007 / 0.007         0.007 / 0.007         0.007 / 0.007       ms
[170.080s][info][gc,stats    ]    Subphase: Concurrent References Process                 0.000 / 0.000         0.259 / 0.336         0.259 / 0.336         0.259 / 0.336       ms
[170.080s][info][gc,stats    ]    Subphase: Concurrent Roots ClassLoaderDataGraph         0.000 / 0.000         0.872 / 3.582         0.872 / 3.582         0.872 / 3.582       ms
[170.080s][info][gc,stats    ]    Subphase: Concurrent Roots CodeCache                    0.000 / 0.000         0.000 / 0.000         0.000 / 0.000         0.000 / 0.000       ms
[170.081s][info][gc,stats    ]    Subphase: Concurrent Roots JavaThreads                  0.000 / 0.000         3.405 / 10.480        3.405 / 10.480        3.405 / 10.480      ms
[170.081s][info][gc,stats    ]    Subphase: Concurrent Roots OopStorageSet                0.000 / 0.000         0.371 / 0.910         0.371 / 0.910         0.371 / 0.910       ms
[170.081s][info][gc,stats    ]    Subphase: Concurrent Weak Roots OopStorageSet           0.000 / 0.000         1.160 / 2.583         1.160 / 2.583         1.160 / 2.583       ms
[170.081s][info][gc,stats    ]    Subphase: Pause Mark Try Complete                       0.000 / 0.000         0.000 / 0.000         0.000 / 0.000         0.000 / 0.000       ms
[170.081s][info][gc,stats    ]      System: Java Threads                                      0 / 0               141 / 383             141 / 383             141 / 383         threads
[170.081s][info][gc,stats    ] =========================================================================================================================================================
[180.081s][info][gc,stats    ] === Garbage Collection Statistics =======================================================================================================================
[180.081s][info][gc,stats    ]                                                              Last 10s              Last 10m              Last 10h                Total
[180.081s][info][gc,stats    ]                                                              Avg / Max             Avg / Max             Avg / Max             Avg / Max
[180.081s][info][gc,stats    ]   Collector: Garbage Collection Cycle                      0.000 / 0.000       142.096 / 230.934     142.096 / 230.934     142.096 / 230.934     ms
[180.081s][info][gc,stats    ]  Contention: Mark Segment Reset Contention                     0 / 0                 0 / 3                 0 / 3                 0 / 3           ops/s
[180.081s][info][gc,stats    ]  Contention: Mark SeqNum Reset Contention                      0 / 0                 0 / 0                 0 / 0                 0 / 0           ops/s
[180.081s][info][gc,stats    ]    Critical: Allocation Stall                                  0 / 0                 0 / 0                 0 / 0                 0 / 0           ops/s
[180.081s][info][gc,stats    ]    Critical: Allocation Stall                              0.000 / 0.000         0.000 / 0.000         0.000 / 0.000         0.000 / 0.000       ms
[180.081s][info][gc,stats    ]    Critical: GC Locker Stall                                   0 / 0                 0 / 0                 0 / 0                 0 / 0           ops/s
[180.081s][info][gc,stats    ]    Critical: GC Locker Stall                               0.000 / 0.000         0.000 / 0.000         0.000 / 0.000         0.000 / 0.000       ms
[180.081s][info][gc,stats    ]    Critical: Relocation Stall                                  0 / 0                 0 / 0                 0 / 0                 0 / 0           ops/s
[180.081s][info][gc,stats    ]    Critical: Relocation Stall                              0.000 / 0.000         0.000 / 0.000         0.000 / 0.000         0.000 / 0.000       ms
[180.081s][info][gc,stats    ]      Memory: Allocation Rate                                   6 / 12                5 / 188               5 / 188               5 / 188         MB/s
[180.081s][info][gc,stats    ]      Memory: Defragment                                        2 / 6                 0 / 10                0 / 10                0 / 10          ops/s
[180.081s][info][gc,stats    ]      Memory: Out Of Memory                                     0 / 0                 0 / 0                 0 / 0                 0 / 0           ops/s
[180.081s][info][gc,stats    ]      Memory: Page Cache Flush                                  4 / 12                0 / 20                0 / 20                0 / 20          MB/s
[180.081s][info][gc,stats    ]      Memory: Page Cache Hit L1                                 0 / 1                 1 / 48                1 / 48                1 / 48          ops/s
[180.081s][info][gc,stats    ]      Memory: Page Cache Hit L2                                 0 / 0                 0 / 0                 0 / 0                 0 / 0           ops/s
[180.081s][info][gc,stats    ]      Memory: Page Cache Hit L3                                 1 / 6                 0 / 47                0 / 47                0 / 47          ops/s
[180.081s][info][gc,stats    ]      Memory: Page Cache Miss                                   1 / 4                 0 / 24                0 / 24                0 / 24          ops/s
[180.081s][info][gc,stats    ]      Memory: Uncommit                                          0 / 0                 0 / 0                 0 / 0                 0 / 0           MB/s
[180.081s][info][gc,stats    ]      Memory: Undo Object Allocation Failed                     0 / 0                 0 / 0                 0 / 0                 0 / 0           ops/s
[180.081s][info][gc,stats    ]      Memory: Undo Object Allocation Succeeded                  0 / 0                 0 / 0                 0 / 0                 0 / 0           ops/s
[180.081s][info][gc,stats    ]      Memory: Undo Page Allocation                              0 / 0                 0 / 12                0 / 12                0 / 12          ops/s
[180.081s][info][gc,stats    ]       Phase: Concurrent Mark                               0.000 / 0.000        77.414 / 111.888      77.414 / 111.888      77.414 / 111.888     ms
[180.081s][info][gc,stats    ]       Phase: Concurrent Mark Continue                      0.000 / 0.000         0.000 / 0.000         0.000 / 0.000         0.000 / 0.000       ms
[180.081s][info][gc,stats    ]       Phase: Concurrent Mark Free                          0.000 / 0.000         0.007 / 0.010         0.007 / 0.010         0.007 / 0.010       ms
[180.081s][info][gc,stats    ]       Phase: Concurrent Process Non-Strong References      0.000 / 0.000        10.570 / 13.911       10.570 / 13.911       10.570 / 13.911      ms
[180.081s][info][gc,stats    ]       Phase: Concurrent Relocate                           0.000 / 0.000        31.066 / 65.668       31.066 / 65.668       31.066 / 65.668      ms
[180.081s][info][gc,stats    ]       Phase: Concurrent Reset Relocation Set               0.000 / 0.000         0.007 / 0.009         0.007 / 0.009         0.007 / 0.009       ms
[180.081s][info][gc,stats    ]       Phase: Concurrent Select Relocation Set              0.000 / 0.000         3.991 / 5.394         3.991 / 5.394         3.991 / 5.394       ms
[180.081s][info][gc,stats    ]       Phase: Pause Mark End                                0.000 / 0.000         0.047 / 0.078         0.047 / 0.078         0.047 / 0.078       ms
[180.081s][info][gc,stats    ]       Phase: Pause Mark Start                              0.000 / 0.000         0.106 / 0.148         0.106 / 0.148         0.106 / 0.148       ms
[180.081s][info][gc,stats    ]       Phase: Pause Relocate Start                          0.000 / 0.000         0.049 / 0.062         0.049 / 0.062         0.049 / 0.062       ms
[180.081s][info][gc,stats    ]    Subphase: Concurrent Classes Purge                      0.000 / 0.000         1.459 / 2.217         1.459 / 2.217         1.459 / 2.217       ms
[180.081s][info][gc,stats    ]    Subphase: Concurrent Classes Unlink                     0.000 / 0.000         5.201 / 9.475         5.201 / 9.475         5.201 / 9.475       ms
[180.081s][info][gc,stats    ]    Subphase: Concurrent Mark                               0.000 / 0.000        72.284 / 99.551       72.284 / 99.551       72.284 / 99.551      ms
[180.081s][info][gc,stats    ]    Subphase: Concurrent Mark Try Flush                     0.000 / 0.000         0.671 / 4.785         0.671 / 4.785         0.671 / 4.785       ms
[180.081s][info][gc,stats    ]    Subphase: Concurrent Mark Try Terminate                 0.000 / 0.000         0.976 / 4.787         0.976 / 4.787         0.976 / 4.787       ms
[180.081s][info][gc,stats    ]    Subphase: Concurrent References Enqueue                 0.000 / 0.000         0.007 / 0.007         0.007 / 0.007         0.007 / 0.007       ms
[180.081s][info][gc,stats    ]    Subphase: Concurrent References Process                 0.000 / 0.000         0.259 / 0.336         0.259 / 0.336         0.259 / 0.336       ms
[180.081s][info][gc,stats    ]    Subphase: Concurrent Roots ClassLoaderDataGraph         0.000 / 0.000         0.872 / 3.582         0.872 / 3.582         0.872 / 3.582       ms
[180.081s][info][gc,stats    ]    Subphase: Concurrent Roots CodeCache                    0.000 / 0.000         0.000 / 0.000         0.000 / 0.000         0.000 / 0.000       ms
[180.081s][info][gc,stats    ]    Subphase: Concurrent Roots JavaThreads                  0.000 / 0.000         3.405 / 10.480        3.405 / 10.480        3.405 / 10.480      ms
[180.081s][info][gc,stats    ]    Subphase: Concurrent Roots OopStorageSet                0.000 / 0.000         0.371 / 0.910         0.371 / 0.910         0.371 / 0.910       ms
[180.081s][info][gc,stats    ]    Subphase: Concurrent Weak Roots OopStorageSet           0.000 / 0.000         1.160 / 2.583         1.160 / 2.583         1.160 / 2.583       ms
[180.081s][info][gc,stats    ]    Subphase: Pause Mark Try Complete                       0.000 / 0.000         0.000 / 0.000         0.000 / 0.000         0.000 / 0.000       ms
[180.081s][info][gc,stats    ]      System: Java Threads                                      0 / 0               141 / 383             141 / 383             141 / 383         threads
[180.081s][info][gc,stats    ] =========================================================================================================================================================
[190.081s][info][gc,stats    ] === Garbage Collection Statistics =======================================================================================================================
[190.081s][info][gc,stats    ]                                                              Last 10s              Last 10m              Last 10h                Total
[190.081s][info][gc,stats    ]                                                              Avg / Max             Avg / Max             Avg / Max             Avg / Max
[190.081s][info][gc,stats    ]   Collector: Garbage Collection Cycle                      0.000 / 0.000       142.096 / 230.934     142.096 / 230.934     142.096 / 230.934     ms
[190.081s][info][gc,stats    ]  Contention: Mark Segment Reset Contention                     0 / 0                 0 / 3                 0 / 3                 0 / 3           ops/s
[190.081s][info][gc,stats    ]  Contention: Mark SeqNum Reset Contention                      0 / 0                 0 / 0                 0 / 0                 0 / 0           ops/s
[190.081s][info][gc,stats    ]    Critical: Allocation Stall                                  0 / 0                 0 / 0                 0 / 0                 0 / 0           ops/s
[190.081s][info][gc,stats    ]    Critical: Allocation Stall                              0.000 / 0.000         0.000 / 0.000         0.000 / 0.000         0.000 / 0.000       ms
[190.081s][info][gc,stats    ]    Critical: GC Locker Stall                                   0 / 0                 0 / 0                 0 / 0                 0 / 0           ops/s
[190.081s][info][gc,stats    ]    Critical: GC Locker Stall                               0.000 / 0.000         0.000 / 0.000         0.000 / 0.000         0.000 / 0.000       ms
[190.081s][info][gc,stats    ]    Critical: Relocation Stall                                  0 / 0                 0 / 0                 0 / 0                 0 / 0           ops/s
[190.081s][info][gc,stats    ]    Critical: Relocation Stall                              0.000 / 0.000         0.000 / 0.000         0.000 / 0.000         0.000 / 0.000       ms
[190.081s][info][gc,stats    ]      Memory: Allocation Rate                                   3 / 10                5 / 188               5 / 188               5 / 188         MB/s
[190.081s][info][gc,stats    ]      Memory: Defragment                                        0 / 0                 0 / 10                0 / 10                0 / 10          ops/s
[190.081s][info][gc,stats    ]      Memory: Out Of Memory                                     0 / 0                 0 / 0                 0 / 0                 0 / 0           ops/s
[190.081s][info][gc,stats    ]      Memory: Page Cache Flush                                  0 / 0                 0 / 20                0 / 20                0 / 20          MB/s
[190.081s][info][gc,stats    ]      Memory: Page Cache Hit L1                                 0 / 1                 1 / 48                1 / 48                1 / 48          ops/s
[190.082s][info][gc,stats    ]      Memory: Page Cache Hit L2                                 0 / 0                 0 / 0                 0 / 0                 0 / 0           ops/s
[190.082s][info][gc,stats    ]      Memory: Page Cache Hit L3                                 0 / 0                 0 / 47                0 / 47                0 / 47          ops/s
[190.082s][info][gc,stats    ]      Memory: Page Cache Miss                                   1 / 5                 0 / 24                0 / 24                0 / 24          ops/s
[190.082s][info][gc,stats    ]      Memory: Uncommit                                          0 / 0                 0 / 0                 0 / 0                 0 / 0           MB/s
[190.082s][info][gc,stats    ]      Memory: Undo Object Allocation Failed                     0 / 0                 0 / 0                 0 / 0                 0 / 0           ops/s
[190.082s][info][gc,stats    ]      Memory: Undo Object Allocation Succeeded                  0 / 0                 0 / 0                 0 / 0                 0 / 0           ops/s
[190.082s][info][gc,stats    ]      Memory: Undo Page Allocation                              0 / 1                 0 / 12                0 / 12                0 / 12          ops/s
[190.082s][info][gc,stats    ]       Phase: Concurrent Mark                               0.000 / 0.000        77.414 / 111.888      77.414 / 111.888      77.414 / 111.888     ms
[190.082s][info][gc,stats    ]       Phase: Concurrent Mark Continue                      0.000 / 0.000         0.000 / 0.000         0.000 / 0.000         0.000 / 0.000       ms
[190.082s][info][gc,stats    ]       Phase: Concurrent Mark Free                          0.000 / 0.000         0.007 / 0.010         0.007 / 0.010         0.007 / 0.010       ms
[190.082s][info][gc,stats    ]       Phase: Concurrent Process Non-Strong References      0.000 / 0.000        10.570 / 13.911       10.570 / 13.911       10.570 / 13.911      ms
[190.082s][info][gc,stats    ]       Phase: Concurrent Relocate                           0.000 / 0.000        31.066 / 65.668       31.066 / 65.668       31.066 / 65.668      ms
[190.082s][info][gc,stats    ]       Phase: Concurrent Reset Relocation Set               0.000 / 0.000         0.007 / 0.009         0.007 / 0.009         0.007 / 0.009       ms
[190.082s][info][gc,stats    ]       Phase: Concurrent Select Relocation Set              0.000 / 0.000         3.991 / 5.394         3.991 / 5.394         3.991 / 5.394       ms
[190.082s][info][gc,stats    ]       Phase: Pause Mark End                                0.000 / 0.000         0.047 / 0.078         0.047 / 0.078         0.047 / 0.078       ms
[190.082s][info][gc,stats    ]       Phase: Pause Mark Start                              0.000 / 0.000         0.106 / 0.148         0.106 / 0.148         0.106 / 0.148       ms
[190.082s][info][gc,stats    ]       Phase: Pause Relocate Start                          0.000 / 0.000         0.049 / 0.062         0.049 / 0.062         0.049 / 0.062       ms
[190.082s][info][gc,stats    ]    Subphase: Concurrent Classes Purge                      0.000 / 0.000         1.459 / 2.217         1.459 / 2.217         1.459 / 2.217       ms
[190.082s][info][gc,stats    ]    Subphase: Concurrent Classes Unlink                     0.000 / 0.000         5.201 / 9.475         5.201 / 9.475         5.201 / 9.475       ms
[190.082s][info][gc,stats    ]    Subphase: Concurrent Mark                               0.000 / 0.000        72.284 / 99.551       72.284 / 99.551       72.284 / 99.551      ms
[190.082s][info][gc,stats    ]    Subphase: Concurrent Mark Try Flush                     0.000 / 0.000         0.671 / 4.785         0.671 / 4.785         0.671 / 4.785       ms
[190.082s][info][gc,stats    ]    Subphase: Concurrent Mark Try Terminate                 0.000 / 0.000         0.976 / 4.787         0.976 / 4.787         0.976 / 4.787       ms
[190.082s][info][gc,stats    ]    Subphase: Concurrent References Enqueue                 0.000 / 0.000         0.007 / 0.007         0.007 / 0.007         0.007 / 0.007       ms
[190.082s][info][gc,stats    ]    Subphase: Concurrent References Process                 0.000 / 0.000         0.259 / 0.336         0.259 / 0.336         0.259 / 0.336       ms
[190.082s][info][gc,stats    ]    Subphase: Concurrent Roots ClassLoaderDataGraph         0.000 / 0.000         0.872 / 3.582         0.872 / 3.582         0.872 / 3.582       ms
[190.082s][info][gc,stats    ]    Subphase: Concurrent Roots CodeCache                    0.000 / 0.000         0.000 / 0.000         0.000 / 0.000         0.000 / 0.000       ms
[190.082s][info][gc,stats    ]    Subphase: Concurrent Roots JavaThreads                  0.000 / 0.000         3.405 / 10.480        3.405 / 10.480        3.405 / 10.480      ms
[190.082s][info][gc,stats    ]    Subphase: Concurrent Roots OopStorageSet                0.000 / 0.000         0.371 / 0.910         0.371 / 0.910         0.371 / 0.910       ms
[190.082s][info][gc,stats    ]    Subphase: Concurrent Weak Roots OopStorageSet           0.000 / 0.000         1.160 / 2.583         1.160 / 2.583         1.160 / 2.583       ms
[190.082s][info][gc,stats    ]    Subphase: Pause Mark Try Complete                       0.000 / 0.000         0.000 / 0.000         0.000 / 0.000         0.000 / 0.000       ms
[190.082s][info][gc,stats    ]      System: Java Threads                                      0 / 0               141 / 383             141 / 383             141 / 383         threads
[190.082s][info][gc,stats    ] =========================================================================================================================================================
