[0.006s][info][gc] Heuristics ergonomically sets -XX:+ExplicitGCInvokesConcurrent
[0.006s][info][gc] Heuristics ergonomically sets -XX:+ShenandoahImplicitGCInvokesConcurrent
[0.006s][info][gc] Using Shenandoah
[0.007s][info][gc,ergo] Pacer for Idle. Initial: 40642K, Alloc Tax Rate: 1.0x
[0.008s][info][gc,init] Version: 21.0.7+6-Ubuntu-0ubuntu122.04 (release)
[0.008s][info][gc,init] CPUs: 4 total, 4 available
[0.008s][info][gc,init] Memory: 7937M
[0.008s][info][gc,init] Large Page Support: Disabled
[0.008s][info][gc,init] NUMA Support: Disabled
[0.008s][info][gc,init] Compressed Oops: Enabled (32-bit)
[0.008s][info][gc,init] Heap Min Capacity: 6656K
[0.008s][info][gc,init] Heap Initial Capacity: 127488K
[0.008s][info][gc,init] Heap Max Capacity: 2032128K
[0.008s][info][gc,init] Pre-touch: Disabled
[0.008s][info][gc,init] Mode: Snapshot-At-The-Beginning (SATB)
[0.008s][info][gc,init] Heuristics: Adaptive
[0.008s][info][gc,init] Heap Region Count: 3969
[0.008s][info][gc,init] Heap Region Size: 512K
[0.008s][info][gc,init] TLAB Size Max: 512K
[0.008s][info][gc,init] Humongous Object Threshold: 512K
[0.008s][info][gc,init] Parallel Workers: 8
[0.008s][info][gc,init] Concurrent Workers: 2
[0.015s][info][gc,metaspace] CDS archive(s) mapped at: [0x00007f8bdf000000-0x00007f8bdfc97000-0x00007f8bdfc97000), size 13201408, SharedBaseAddress: 0x00007f8bdf000000, ArchiveRelocationMode: 1.
[0.015s][info][gc,metaspace] Compressed class space mapped at: 0x00007f8be0000000-0x00007f8c20000000, reserved size: 1073741824
[0.015s][info][gc,metaspace] Narrow klass base: 0x00007f8bdf000000, Narrow klass shift: 0, Narrow klass range: 0x100000000
[1.869s][info][gc          ] Trigger: Metadata GC Threshold
[1.869s][info][gc,ergo     ] Free: 1776M, Max: 512K regular, 1776M humongous, Frag: 0% external, 0% internal; Reserve: 101888K, Max: 512K
[1.869s][info][gc,start    ] GC(0) Concurrent reset
[1.869s][info][gc,task     ] GC(0) Using 2 of 8 workers for concurrent reset
[1.870s][info][gc,ergo     ] GC(0) Pacer for Reset. Non-Taxable: 1984M
[1.870s][info][gc          ] GC(0) Concurrent reset 0.753ms
[1.870s][info][gc,start    ] GC(0) Pause Init Mark (unload classes)
[1.871s][info][gc,task     ] GC(0) Using 8 of 8 workers for init marking
[1.871s][info][gc,ergo     ] GC(0) Pacer for Mark. Expected Live: 198M, Free: 1776M, Non-Taxable: 177M, Alloc Tax Rate: 0.1x
[1.871s][info][gc          ] GC(0) Pause Init Mark (unload classes) 0.707ms
[1.871s][info][gc,start    ] GC(0) Concurrent marking roots
[1.871s][info][gc,task     ] GC(0) Using 2 of 8 workers for concurrent marking roots
[1.876s][info][gc          ] GC(0) Concurrent marking roots 5.135ms
[1.876s][info][gc,start    ] GC(0) Concurrent marking (unload classes)
[1.876s][info][gc,task     ] GC(0) Using 2 of 8 workers for concurrent marking
[1.895s][info][gc          ] GC(0) Concurrent marking (unload classes) 19.048ms
[1.895s][info][gc,start    ] GC(0) Pause Final Mark (unload classes)
[1.895s][info][gc,task     ] GC(0) Using 8 of 8 workers for final marking
[1.897s][info][gc,ergo     ] GC(0) Adaptive CSet Selection. Target Free: 281M, Actual Free: 1884M, Max CSet: 84672K, Min Garbage: 0B
[1.898s][info][gc,ergo     ] GC(0) Collectable Garbage: 90329K (98%), Immediate: 9794K (10%), CSet: 80535K (88%)
[1.898s][info][gc,ergo     ] GC(0) Pacer for Evacuation. Used CSet: 91648K, Free: 1786M, Non-Taxable: 178M, Alloc Tax Rate: 1.1x
[1.898s][info][gc          ] GC(0) Pause Final Mark (unload classes) 2.377ms
[1.898s][info][gc,start    ] GC(0) Concurrent thread roots
[1.898s][info][gc,task     ] GC(0) Using 2 of 8 workers for Concurrent thread roots
[1.898s][info][gc          ] GC(0) Concurrent thread roots 0.168ms
[1.898s][info][gc,start    ] GC(0) Concurrent weak references
[1.898s][info][gc,task     ] GC(0) Using 2 of 8 workers for concurrent weak references
[1.898s][info][gc,ref      ] GC(0) Encountered references: Soft: 4036, Weak: 2267, Final: 5, Phantom: 741
[1.898s][info][gc,ref      ] GC(0) Discovered  references: Soft: 0, Weak: 1193, Final: 1, Phantom: 657
[1.898s][info][gc,ref      ] GC(0) Enqueued    references: Soft: 0, Weak: 512, Final: 0, Phantom: 254
[1.898s][info][gc          ] GC(0) Concurrent weak references 0.447ms
[1.898s][info][gc,start    ] GC(0) Concurrent weak roots
[1.898s][info][gc,task     ] GC(0) Using 2 of 8 workers for concurrent weak root
[1.901s][info][gc          ] GC(0) Concurrent weak roots 2.414ms
[1.901s][info][gc,start    ] GC(0) Concurrent cleanup
[1.901s][info][gc          ] GC(0) Concurrent cleanup 109M->99M(126M) 0.090ms
[1.901s][info][gc,ergo     ] GC(0) Free: 1786M, Max: 512K regular, 1775M humongous, Frag: 1% external, 0% internal; Reserve: 100857K, Max: 512K
[1.901s][info][gc,start    ] GC(0) Concurrent class unloading
[1.901s][info][gc,task     ] GC(0) Using 2 of 8 workers for concurrent class unloading
[1.907s][info][gc          ] GC(0) Concurrent class unloading 6.017ms
[1.907s][info][gc,start    ] GC(0) Concurrent strong roots
[1.907s][info][gc,task     ] GC(0) Using 2 of 8 workers for concurrent strong root
[1.909s][info][gc          ] GC(0) Concurrent strong roots 1.913ms
[1.909s][info][gc,start    ] GC(0) Concurrent evacuation
[1.909s][info][gc,task     ] GC(0) Using 2 of 8 workers for concurrent evacuation
[1.920s][info][gc          ] GC(0) Concurrent evacuation 11.053ms
[1.920s][info][gc,start    ] GC(0) Pause Init Update Refs
[1.920s][info][gc,ergo     ] GC(0) Pacer for Update Refs. Used: 111M, Free: 1785M, Non-Taxable: 178M, Alloc Tax Rate: 1.1x
[1.920s][info][gc          ] GC(0) Pause Init Update Refs 0.066ms
[1.920s][info][gc,start    ] GC(0) Concurrent update references
[1.920s][info][gc,task     ] GC(0) Using 2 of 8 workers for concurrent reference update
[1.928s][info][gc          ] GC(0) Concurrent update references 8.023ms
[1.928s][info][gc,start    ] GC(0) Concurrent update thread roots
[1.929s][info][gc          ] GC(0) Concurrent update thread roots 0.553ms
[1.929s][info][gc,start    ] GC(0) Pause Final Update Refs
[1.929s][info][gc,task     ] GC(0) Using 8 of 8 workers for final reference update
[1.929s][info][gc          ] GC(0) Pause Final Update Refs 0.088ms
[1.929s][info][gc,start    ] GC(0) Concurrent cleanup
[1.929s][info][gc          ] GC(0) Concurrent cleanup 112M->23M(137M) 0.094ms
[1.929s][info][gc,ergo     ] Free: 1861M, Max: 512K regular, 1762M humongous, Frag: 6% external, 0% internal; Reserve: 101888K, Max: 512K
[1.929s][info][gc,stats    ] 
[1.929s][info][gc,stats    ] All times are wall-clock times, except per-root-class counters, that are sum over
[1.929s][info][gc,stats    ] all workers. Dividing the <total> over the root stage time estimates parallelism.
[1.929s][info][gc,stats    ] 
[1.929s][info][gc,stats    ] Concurrent Reset                    822 us
[1.929s][info][gc,stats    ] Pause Init Mark (G)                 846 us
[1.929s][info][gc,stats    ] Pause Init Mark (N)                 717 us
[1.929s][info][gc,stats    ]   Update Region States               42 us
[1.929s][info][gc,stats    ] Concurrent Mark Roots              5194 us, parallelism: 1.15x
[1.929s][info][gc,stats    ]   CMR: <total>                     5962 us
[1.929s][info][gc,stats    ]   CMR: Thread Roots                1022 us, workers (us):   0, 1021, ---, ---, ---, ---, ---, ---, 
[1.929s][info][gc,stats    ]   CMR: VM Strong Roots             1043 us, workers (us): 1042,   1, ---, ---, ---, ---, ---, ---, 
[1.929s][info][gc,stats    ]   CMR: CLDG Roots                  3897 us, workers (us): 3897, ---, ---, ---, ---, ---, ---, ---, 
[1.929s][info][gc,stats    ] Concurrent Marking                19073 us
[1.929s][info][gc,stats    ] Pause Final Mark (G)               2513 us
[1.929s][info][gc,stats    ] Pause Final Mark (N)               2387 us
[1.929s][info][gc,stats    ]   Finish Mark                      2127 us
[1.929s][info][gc,stats    ]   Update Region States               38 us
[1.929s][info][gc,stats    ]   Choose Collection Set             113 us
[1.929s][info][gc,stats    ]   Rebuild Free Set                   29 us
[1.929s][info][gc,stats    ] Concurrent Thread Roots             178 us, parallelism: 1.31x
[1.929s][info][gc,stats    ]   CTR: <total>                      234 us
[1.929s][info][gc,stats    ]   CTR: Thread Roots                 234 us, workers (us): 134, 100, ---, ---, ---, ---, ---, ---, 
[1.929s][info][gc,stats    ] Concurrent Weak References          453 us, parallelism: 0.79x
[1.929s][info][gc,stats    ]   CWRF: <total>                     357 us
[1.929s][info][gc,stats    ]   CWRF: Weak References             357 us, workers (us): 357,   0, ---, ---, ---, ---, ---, ---, 
[1.929s][info][gc,stats    ] Concurrent Weak Roots              2425 us
[1.929s][info][gc,stats    ]   Roots                            2018 us, parallelism: 1.68x
[1.929s][info][gc,stats    ]     CWR: <total>                   3396 us
[1.929s][info][gc,stats    ]     CWR: Code Cache Roots           933 us, workers (us): 455, 478, ---, ---, ---, ---, ---, ---, 
[1.929s][info][gc,stats    ]     CWR: VM Weak Roots             2451 us, workers (us): 1232, 1219, ---, ---, ---, ---, ---, ---, 
[1.929s][info][gc,stats    ]     CWR: CLDG Roots                  12 us, workers (us): ---,  12, ---, ---, ---, ---, ---, ---, 
[1.929s][info][gc,stats    ]   Rendezvous                        383 us
[1.929s][info][gc,stats    ] Concurrent Cleanup                   97 us
[1.929s][info][gc,stats    ] Concurrent Class Unloading         6030 us
[1.929s][info][gc,stats    ]   Unlink Stale                     2903 us
[1.929s][info][gc,stats    ]     System Dictionary                30 us
[1.929s][info][gc,stats    ]     Weak Class Links                  0 us
[1.929s][info][gc,stats    ]     Code Roots                     2872 us
[1.929s][info][gc,stats    ]   Rendezvous                        147 us
[1.929s][info][gc,stats    ]   Purge Unlinked                   2952 us
[1.929s][info][gc,stats    ]     Code Roots                     2937 us
[1.929s][info][gc,stats    ]     CLDG                             14 us
[1.929s][info][gc,stats    ]     Exception Caches                  0 us
[1.929s][info][gc,stats    ] Concurrent Strong Roots            1922 us, parallelism: 0.97x
[1.929s][info][gc,stats    ]   CSR: <total>                     1862 us
[1.929s][info][gc,stats    ]   CSR: VM Strong Roots               30 us, workers (us):  26,   3, ---, ---, ---, ---, ---, ---, 
[1.929s][info][gc,stats    ]   CSR: CLDG Roots                  1833 us, workers (us): ---, 1833, ---, ---, ---, ---, ---, ---, 
[1.929s][info][gc,stats    ] Concurrent Evacuation             11074 us
[1.929s][info][gc,stats    ] Pause Init Update Refs (G)          263 us
[1.929s][info][gc,stats    ] Pause Init Update Refs (N)           81 us
[1.929s][info][gc,stats    ]   Manage GCLABs                       8 us
[1.929s][info][gc,stats    ] Concurrent Update Refs             8050 us
[1.929s][info][gc,stats    ] Concurrent Update Thread Roots      581 us
[1.929s][info][gc,stats    ] Pause Final Update Refs (G)         261 us
[1.929s][info][gc,stats    ] Pause Final Update Refs (N)          96 us
[1.929s][info][gc,stats    ]   Update Region States               33 us
[1.929s][info][gc,stats    ]   Trash Collection Set                5 us
[1.929s][info][gc,stats    ]   Rebuild Free Set                   21 us
[1.929s][info][gc,stats    ] Concurrent Cleanup                  111 us
[1.929s][info][gc,stats    ] 
[1.929s][info][gc,stats    ] Allocation pacing accrued:
[1.930s][info][gc,stats    ]       0 of  1922 ms (  0.0%): <total>
[1.930s][info][gc,stats    ]       0 of  1922 ms (  0.0%): <average total>
[1.930s][info][gc,stats    ] 
[1.930s][info][gc,metaspace] Metaspace: 21313K(21568K)->22113K(22336K) NonClass: 19026K(19136K)->19745K(19840K) Class: 2286K(2432K)->2367K(2496K)
[1.930s][info][gc,ergo     ] Pacer for Idle. Initial: 40642K, Alloc Tax Rate: 1.0x
[3.223s][info][gc          ] Trigger: Metadata GC Threshold
[3.224s][info][gc,ergo     ] Free: 1763M, Max: 512K regular, 1762M humongous, Frag: 1% external, 0% internal; Reserve: 101888K, Max: 512K
[3.224s][info][gc,start    ] GC(1) Concurrent reset
[3.224s][info][gc,task     ] GC(1) Using 2 of 8 workers for concurrent reset
[3.224s][info][gc,ergo     ] GC(1) Pacer for Reset. Non-Taxable: 1984M
[3.225s][info][gc          ] GC(1) Concurrent reset 1.247ms
[3.225s][info][gc,start    ] GC(1) Pause Init Mark (unload classes)
[3.225s][info][gc,task     ] GC(1) Using 8 of 8 workers for init marking
[3.225s][info][gc,ergo     ] GC(1) Pacer for Mark. Expected Live: 17764K, Free: 1763M, Non-Taxable: 176M, Alloc Tax Rate: 0.0x
[3.225s][info][gc          ] GC(1) Pause Init Mark (unload classes) 0.109ms
[3.225s][info][gc,start    ] GC(1) Concurrent marking roots
[3.225s][info][gc,task     ] GC(1) Using 2 of 8 workers for concurrent marking roots
[3.226s][info][gc          ] GC(1) Concurrent marking roots 0.809ms
[3.226s][info][gc,start    ] GC(1) Concurrent marking (unload classes)
[3.226s][info][gc,task     ] GC(1) Using 2 of 8 workers for concurrent marking
[3.307s][info][gc          ] GC(1) Concurrent marking (unload classes) 80.743ms
[3.307s][info][gc,start    ] GC(1) Pause Final Mark (unload classes)
[3.307s][info][gc,task     ] GC(1) Using 8 of 8 workers for final marking
[3.307s][info][gc,ergo     ] GC(1) Adaptive CSet Selection. Target Free: 281M, Actual Free: 1850M, Max CSet: 84672K, Min Garbage: 0B
[3.307s][info][gc,ergo     ] GC(1) Collectable Garbage: 57192K (97%), Immediate: 512K (0%), CSet: 56680K (96%)
[3.307s][info][gc,ergo     ] GC(1) Pacer for Evacuation. Used CSet: 61831K, Free: 1751M, Non-Taxable: 175M, Alloc Tax Rate: 1.1x
[3.307s][info][gc          ] GC(1) Pause Final Mark (unload classes) 0.348ms
[3.307s][info][gc,start    ] GC(1) Concurrent thread roots
[3.307s][info][gc,task     ] GC(1) Using 2 of 8 workers for Concurrent thread roots
[3.307s][info][gc          ] GC(1) Concurrent thread roots 0.178ms
[3.307s][info][gc,start    ] GC(1) Concurrent weak references
[3.307s][info][gc,task     ] GC(1) Using 2 of 8 workers for concurrent weak references
[3.308s][info][gc,ref      ] GC(1) Encountered references: Soft: 4442, Weak: 3110, Final: 21, Phantom: 762
[3.308s][info][gc,ref      ] GC(1) Discovered  references: Soft: 0, Weak: 1884, Final: 0, Phantom: 448
[3.308s][info][gc,ref      ] GC(1) Enqueued    references: Soft: 0, Weak: 470, Final: 0, Phantom: 257
[3.308s][info][gc          ] GC(1) Concurrent weak references 0.405ms
[3.308s][info][gc,start    ] GC(1) Concurrent weak roots
[3.308s][info][gc,task     ] GC(1) Using 2 of 8 workers for concurrent weak root
[3.311s][info][gc          ] GC(1) Concurrent weak roots 3.208ms
[3.311s][info][gc,start    ] GC(1) Concurrent cleanup
[3.311s][info][gc          ] GC(1) Concurrent cleanup 132M->132M(138M) 0.127ms
[3.311s][info][gc,ergo     ] GC(1) Free: 1750M, Max: 512K regular, 1750M humongous, Frag: 1% external, 0% internal; Reserve: 101373K, Max: 512K
[3.311s][info][gc,start    ] GC(1) Concurrent class unloading
[3.311s][info][gc,task     ] GC(1) Using 2 of 8 workers for concurrent class unloading
[3.314s][info][gc          ] GC(1) Concurrent class unloading 3.305ms
[3.314s][info][gc,start    ] GC(1) Concurrent strong roots
[3.314s][info][gc,task     ] GC(1) Using 2 of 8 workers for concurrent strong root
[3.317s][info][gc          ] GC(1) Concurrent strong roots 2.389ms
[3.317s][info][gc,start    ] GC(1) Concurrent evacuation
[3.317s][info][gc,task     ] GC(1) Using 2 of 8 workers for concurrent evacuation
[3.321s][info][gc          ] GC(1) Concurrent evacuation 4.130ms
[3.321s][info][gc,start    ] GC(1) Pause Init Update Refs
[3.321s][info][gc,ergo     ] GC(1) Pacer for Update Refs. Used: 138M, Free: 1750M, Non-Taxable: 175M, Alloc Tax Rate: 1.1x
[3.321s][info][gc          ] GC(1) Pause Init Update Refs 0.029ms
[3.321s][info][gc,start    ] GC(1) Concurrent update references
[3.321s][info][gc,task     ] GC(1) Using 2 of 8 workers for concurrent reference update
[3.355s][info][gc          ] GC(1) Concurrent update references 33.359ms
[3.355s][info][gc,start    ] GC(1) Concurrent update thread roots
[3.355s][info][gc          ] GC(1) Concurrent update thread roots 0.170ms
[3.355s][info][gc,start    ] GC(1) Pause Final Update Refs
[3.355s][info][gc,task     ] GC(1) Using 8 of 8 workers for final reference update
[3.355s][info][gc          ] GC(1) Pause Final Update Refs 0.093ms
[3.355s][info][gc,start    ] GC(1) Concurrent cleanup
[3.355s][info][gc          ] GC(1) Concurrent cleanup 140M->80M(143M) 0.126ms
[3.355s][info][gc,ergo     ] Free: 1802M, Max: 512K regular, 1744M humongous, Frag: 4% external, 0% internal; Reserve: 101888K, Max: 512K
[3.355s][info][gc,stats    ] 
[3.355s][info][gc,stats    ] All times are wall-clock times, except per-root-class counters, that are sum over
[3.355s][info][gc,stats    ] all workers. Dividing the <total> over the root stage time estimates parallelism.
[3.355s][info][gc,stats    ] 
[3.355s][info][gc,stats    ] Concurrent Reset                   1267 us
[3.355s][info][gc,stats    ] Pause Init Mark (G)                 181 us
[3.355s][info][gc,stats    ] Pause Init Mark (N)                 116 us
[3.355s][info][gc,stats    ]   Update Region States               24 us
[3.355s][info][gc,stats    ] Concurrent Mark Roots               829 us, parallelism: 1.47x
[3.355s][info][gc,stats    ]   CMR: <total>                     1221 us
[3.355s][info][gc,stats    ]   CMR: Thread Roots                 862 us, workers (us): 318, 544, ---, ---, ---, ---, ---, ---, 
[3.355s][info][gc,stats    ]   CMR: VM Strong Roots               81 us, workers (us):  80,   0, ---, ---, ---, ---, ---, ---, 
[3.355s][info][gc,stats    ]   CMR: CLDG Roots                   278 us, workers (us): 278, ---, ---, ---, ---, ---, ---, ---, 
[3.355s][info][gc,stats    ] Concurrent Marking                80770 us
[3.355s][info][gc,stats    ] Pause Final Mark (G)                473 us
[3.355s][info][gc,stats    ] Pause Final Mark (N)                355 us
[3.355s][info][gc,stats    ]   Finish Mark                       182 us
[3.355s][info][gc,stats    ]   Update Region States               43 us
[3.355s][info][gc,stats    ]   Choose Collection Set              67 us
[3.355s][info][gc,stats    ]   Rebuild Free Set                   16 us
[3.355s][info][gc,stats    ] Concurrent Thread Roots             199 us, parallelism: 1.23x
[3.355s][info][gc,stats    ]   CTR: <total>                      246 us
[3.355s][info][gc,stats    ]   CTR: Thread Roots                 246 us, workers (us): 122, 123, ---, ---, ---, ---, ---, ---, 
[3.355s][info][gc,stats    ] Concurrent Weak References          411 us, parallelism: 1.33x
[3.355s][info][gc,stats    ]   CWRF: <total>                     545 us
[3.355s][info][gc,stats    ]   CWRF: Weak References             545 us, workers (us): 192, 353, ---, ---, ---, ---, ---, ---, 
[3.355s][info][gc,stats    ] Concurrent Weak Roots              3230 us
[3.355s][info][gc,stats    ]   Roots                            1738 us, parallelism: 1.73x
[3.355s][info][gc,stats    ]     CWR: <total>                   3004 us
[3.355s][info][gc,stats    ]     CWR: Code Cache Roots          1288 us, workers (us): 623, 665, ---, ---, ---, ---, ---, ---, 
[3.355s][info][gc,stats    ]     CWR: VM Weak Roots             1685 us, workers (us): 1002, 683, ---, ---, ---, ---, ---, ---, 
[3.355s][info][gc,stats    ]     CWR: CLDG Roots                  31 us, workers (us):  31, ---, ---, ---, ---, ---, ---, ---, 
[3.355s][info][gc,stats    ]   Rendezvous                       1455 us
[3.355s][info][gc,stats    ] Concurrent Cleanup                  134 us
[3.355s][info][gc,stats    ] Concurrent Class Unloading         3316 us
[3.355s][info][gc,stats    ]   Unlink Stale                     2172 us
[3.355s][info][gc,stats    ]     System Dictionary                43 us
[3.355s][info][gc,stats    ]     Weak Class Links                  0 us
[3.355s][info][gc,stats    ]     Code Roots                     2127 us
[3.355s][info][gc,stats    ]   Rendezvous                        307 us
[3.355s][info][gc,stats    ]   Purge Unlinked                    808 us
[3.355s][info][gc,stats    ]     Code Roots                      801 us
[3.355s][info][gc,stats    ]     CLDG                              6 us
[3.355s][info][gc,stats    ]     Exception Caches                  0 us
[3.355s][info][gc,stats    ] Concurrent Strong Roots            2409 us, parallelism: 0.98x
[3.355s][info][gc,stats    ]   CSR: <total>                     2350 us
[3.355s][info][gc,stats    ]   CSR: VM Strong Roots               41 us, workers (us):  20,  21, ---, ---, ---, ---, ---, ---, 
[3.355s][info][gc,stats    ]   CSR: CLDG Roots                  2310 us, workers (us): 2310, ---, ---, ---, ---, ---, ---, ---, 
[3.355s][info][gc,stats    ] Concurrent Evacuation              4149 us
[3.355s][info][gc,stats    ] Pause Init Update Refs (G)          153 us
[3.355s][info][gc,stats    ] Pause Init Update Refs (N)           36 us
[3.355s][info][gc,stats    ]   Manage GCLABs                       6 us
[3.355s][info][gc,stats    ] Concurrent Update Refs            33385 us
[3.355s][info][gc,stats    ] Concurrent Update Thread Roots      179 us
[3.355s][info][gc,stats    ] Pause Final Update Refs (G)         232 us
[3.355s][info][gc,stats    ] Pause Final Update Refs (N)         111 us
[3.355s][info][gc,stats    ]   Update Region States               41 us
[3.355s][info][gc,stats    ]   Trash Collection Set                4 us
[3.355s][info][gc,stats    ]   Rebuild Free Set                   19 us
[3.356s][info][gc,stats    ] Concurrent Cleanup                  141 us
[3.356s][info][gc,stats    ] 
[3.356s][info][gc,stats    ] Allocation pacing accrued:
[3.356s][info][gc,stats    ]       0 of  1426 ms (  0.0%): <total>
[3.356s][info][gc,stats    ]       0 of  1426 ms (  0.0%): <average total>
[3.356s][info][gc,stats    ] 
[3.356s][info][gc,metaspace] Metaspace: 36892K(37312K)->37647K(38080K) NonClass: 32622K(32832K)->33275K(33536K) Class: 4269K(4480K)->4372K(4544K)
[3.356s][info][gc,ergo     ] Pacer for Idle. Initial: 40642K, Alloc Tax Rate: 1.0x
[83.616s][info][gc          ] Trigger: Learning 3 of 5. Free (1389M) is below initial threshold (1389M)
[83.616s][info][gc,ergo     ] Free: 1389M, Max: 512K regular, 1389M humongous, Frag: 0% external, 0% internal; Reserve: 101888K, Max: 512K
[83.616s][info][gc,start    ] GC(2) Concurrent reset
[83.616s][info][gc,task     ] GC(2) Using 2 of 8 workers for concurrent reset
[83.616s][info][gc,ergo     ] GC(2) Pacer for Reset. Non-Taxable: 1984M
[83.618s][info][gc          ] GC(2) Concurrent reset 1.792ms
[83.618s][info][gc,start    ] GC(2) Pause Init Mark (unload classes)
[83.618s][info][gc,task     ] GC(2) Using 8 of 8 workers for init marking
[83.618s][info][gc,ergo     ] GC(2) Pacer for Mark. Expected Live: 41214K, Free: 1389M, Non-Taxable: 138M, Alloc Tax Rate: 0.0x
[83.619s][info][gc          ] GC(2) Pause Init Mark (unload classes) 0.110ms
[83.619s][info][gc,start    ] GC(2) Concurrent marking roots
[83.619s][info][gc,task     ] GC(2) Using 2 of 8 workers for concurrent marking roots
[83.626s][info][gc          ] GC(2) Concurrent marking roots 7.933ms
[83.627s][info][gc,start    ] GC(2) Concurrent marking (unload classes)
[83.627s][info][gc,task     ] GC(2) Using 2 of 8 workers for concurrent marking
[83.867s][info][gc          ] GC(2) Concurrent marking (unload classes) 240.490ms
[83.867s][info][gc,start    ] GC(2) Pause Final Mark (unload classes)
[83.867s][info][gc,task     ] GC(2) Using 8 of 8 workers for final marking
[83.868s][info][gc,ergo     ] GC(2) Adaptive CSet Selection. Target Free: 281M, Actual Free: 1524M, Max CSet: 84672K, Min Garbage: 0B
[83.868s][info][gc,ergo     ] GC(2) Collectable Garbage: 410M (99%), Immediate: 83587K (19%), CSet: 329M (79%)
[83.868s][info][gc,ergo     ] GC(2) Pacer for Evacuation. Used CSet: 338M, Free: 1426M, Non-Taxable: 142M, Alloc Tax Rate: 1.1x
[83.868s][info][gc          ] GC(2) Pause Final Mark (unload classes) 1.231ms
[83.869s][info][gc,start    ] GC(2) Concurrent thread roots
[83.869s][info][gc,task     ] GC(2) Using 2 of 8 workers for Concurrent thread roots
[83.875s][info][gc          ] GC(2) Concurrent thread roots 6.228ms
[83.875s][info][gc,start    ] GC(2) Concurrent weak references
[83.875s][info][gc,task     ] GC(2) Using 2 of 8 workers for concurrent weak references
[83.876s][info][gc,ref      ] GC(2) Encountered references: Soft: 4912, Weak: 6954, Final: 50, Phantom: 1134
[83.876s][info][gc,ref      ] GC(2) Discovered  references: Soft: 0, Weak: 1288, Final: 8, Phantom: 1123
[83.876s][info][gc,ref      ] GC(2) Enqueued    references: Soft: 0, Weak: 679, Final: 8, Phantom: 462
[83.876s][info][gc          ] GC(2) Concurrent weak references 1.163ms
[83.876s][info][gc,start    ] GC(2) Concurrent weak roots
[83.876s][info][gc,task     ] GC(2) Using 2 of 8 workers for concurrent weak root
[83.892s][info][gc          ] GC(2) Concurrent weak roots 15.713ms
[83.892s][info][gc,start    ] GC(2) Concurrent cleanup
[83.892s][info][gc          ] GC(2) Concurrent cleanup 544M->463M(550M) 0.207ms
[83.892s][info][gc,ergo     ] GC(2) Free: 1420M, Max: 512K regular, 1337M humongous, Frag: 6% external, 0% internal; Reserve: 100843K, Max: 512K
[83.892s][info][gc,start    ] GC(2) Concurrent class unloading
[83.892s][info][gc,task     ] GC(2) Using 2 of 8 workers for concurrent class unloading
[84.035s][info][gc          ] GC(2) Concurrent class unloading 143.449ms
[84.036s][info][gc,start    ] GC(2) Concurrent strong roots
[84.036s][info][gc,task     ] GC(2) Using 2 of 8 workers for concurrent strong root
[84.040s][info][gc          ] GC(2) Concurrent strong roots 4.270ms
[84.040s][info][gc,start    ] GC(2) Concurrent evacuation
[84.040s][info][gc,task     ] GC(2) Using 2 of 8 workers for concurrent evacuation
[84.088s][info][gc          ] GC(2) Concurrent evacuation 48.467ms
[84.089s][info][gc,start    ] GC(2) Pause Init Update Refs
[84.089s][info][gc,ergo     ] GC(2) Pacer for Update Refs. Used: 509M, Free: 1383M, Non-Taxable: 138M, Alloc Tax Rate: 1.1x
[84.089s][info][gc          ] GC(2) Pause Init Update Refs 0.084ms
[84.089s][info][gc,start    ] GC(2) Concurrent update references
[84.089s][info][gc,task     ] GC(2) Using 2 of 8 workers for concurrent reference update
[84.190s][info][gc          ] GC(2) Concurrent update references 101.075ms
[84.190s][info][gc,start    ] GC(2) Concurrent update thread roots
[84.191s][info][gc          ] GC(2) Concurrent update thread roots 1.274ms
[84.193s][info][gc,start    ] GC(2) Pause Final Update Refs
[84.193s][info][gc,task     ] GC(2) Using 8 of 8 workers for final reference update
[84.193s][info][gc          ] GC(2) Pause Final Update Refs 0.111ms
[84.193s][info][gc,start    ] GC(2) Concurrent cleanup
[84.194s][info][gc          ] GC(2) Concurrent cleanup 540M->202M(558M) 0.228ms
[84.194s][info][gc,ergo     ] Free: 1679M, Max: 512K regular, 1328M humongous, Frag: 21% external, 0% internal; Reserve: 101888K, Max: 512K
[84.194s][info][gc,stats    ] 
[84.194s][info][gc,stats    ] All times are wall-clock times, except per-root-class counters, that are sum over
[84.194s][info][gc,stats    ] all workers. Dividing the <total> over the root stage time estimates parallelism.
[84.194s][info][gc,stats    ] 
[84.194s][info][gc,stats    ] Concurrent Reset                   1819 us
[84.194s][info][gc,stats    ] Pause Init Mark (G)                 446 us
[84.194s][info][gc,stats    ] Pause Init Mark (N)                 120 us
[84.194s][info][gc,stats    ]   Update Region States               33 us
[84.194s][info][gc,stats    ] Concurrent Mark Roots              7965 us, parallelism: 1.88x
[84.194s][info][gc,stats    ]   CMR: <total>                    14956 us
[84.194s][info][gc,stats    ]   CMR: Thread Roots               12232 us, workers (us): 5422, 6810, ---, ---, ---, ---, ---, ---, 
[84.194s][info][gc,stats    ]   CMR: VM Strong Roots             2206 us, workers (us): 2046, 159, ---, ---, ---, ---, ---, ---, 
[84.194s][info][gc,stats    ]   CMR: CLDG Roots                   519 us, workers (us): ---, 519, ---, ---, ---, ---, ---, ---, 
[84.194s][info][gc,stats    ] Concurrent Marking               240537 us
[84.194s][info][gc,stats    ] Pause Final Mark (G)               1538 us
[84.194s][info][gc,stats    ] Pause Final Mark (N)               1238 us
[84.194s][info][gc,stats    ]   Finish Mark                       580 us
[84.194s][info][gc,stats    ]   Update Region States               46 us
[84.194s][info][gc,stats    ]   Choose Collection Set             490 us
[84.194s][info][gc,stats    ]   Rebuild Free Set                   50 us
[84.194s][info][gc,stats    ] Concurrent Thread Roots            6247 us, parallelism: 1.21x
[84.194s][info][gc,stats    ]   CTR: <total>                     7584 us
[84.194s][info][gc,stats    ]   CTR: Thread Roots                7584 us, workers (us): 5859, 1725, ---, ---, ---, ---, ---, ---, 
[84.194s][info][gc,stats    ] Concurrent Weak References         1172 us, parallelism: 0.99x
[84.194s][info][gc,stats    ]   CWRF: <total>                    1159 us
[84.194s][info][gc,stats    ]   CWRF: Weak References            1159 us, workers (us): 1011, 148, ---, ---, ---, ---, ---, ---, 
[84.194s][info][gc,stats    ] Concurrent Weak Roots             15747 us
[84.194s][info][gc,stats    ]   Roots                            6182 us, parallelism: 1.56x
[84.194s][info][gc,stats    ]     CWR: <total>                   9671 us
[84.194s][info][gc,stats    ]     CWR: Code Cache Roots          6630 us, workers (us): 3593, 3036, ---, ---, ---, ---, ---, ---, 
[84.194s][info][gc,stats    ]     CWR: VM Weak Roots             2973 us, workers (us): 1490, 1483, ---, ---, ---, ---, ---, ---, 
[84.194s][info][gc,stats    ]     CWR: CLDG Roots                  68 us, workers (us):  68, ---, ---, ---, ---, ---, ---, ---, 
[84.194s][info][gc,stats    ]   Rendezvous                       9508 us
[84.194s][info][gc,stats    ] Concurrent Cleanup                  218 us
[84.194s][info][gc,stats    ] Concurrent Class Unloading       143477 us
[84.194s][info][gc,stats    ]   Unlink Stale                    86334 us
[84.194s][info][gc,stats    ]     System Dictionary               354 us
[84.194s][info][gc,stats    ]     Weak Class Links              72347 us
[84.194s][info][gc,stats    ]     Code Roots                    13629 us
[84.194s][info][gc,stats    ]   Rendezvous                        350 us
[84.194s][info][gc,stats    ]   Purge Unlinked                  56716 us
[84.194s][info][gc,stats    ]     Code Roots                    56609 us
[84.194s][info][gc,stats    ]     CLDG                            105 us
[84.194s][info][gc,stats    ]     Exception Caches                  0 us
[84.194s][info][gc,stats    ] Concurrent Strong Roots            4503 us, parallelism: 0.45x
[84.194s][info][gc,stats    ]   CSR: <total>                     2013 us
[84.194s][info][gc,stats    ]   CSR: VM Strong Roots               79 us, workers (us):  78,   1, ---, ---, ---, ---, ---, ---, 
[84.194s][info][gc,stats    ]   CSR: CLDG Roots                  1934 us, workers (us): 1934, ---, ---, ---, ---, ---, ---, ---, 
[84.194s][info][gc,stats    ] Concurrent Evacuation             48505 us
[84.194s][info][gc,stats    ] Pause Init Update Refs (G)          258 us
[84.194s][info][gc,stats    ] Pause Init Update Refs (N)           92 us
[84.194s][info][gc,stats    ]   Manage GCLABs                      46 us
[84.194s][info][gc,stats    ] Concurrent Update Refs           101112 us
[84.194s][info][gc,stats    ] Concurrent Update Thread Roots     1298 us
[84.194s][info][gc,stats    ] Pause Final Update Refs (G)        2201 us
[84.194s][info][gc,stats    ] Pause Final Update Refs (N)         119 us
[84.194s][info][gc,stats    ]   Update Region States               48 us
[84.194s][info][gc,stats    ]   Trash Collection Set                9 us
[84.194s][info][gc,stats    ]   Rebuild Free Set                   19 us
[84.194s][info][gc,stats    ] Concurrent Cleanup                  240 us
[84.194s][info][gc,stats    ] 
[84.194s][info][gc,stats    ] Allocation pacing accrued:
[84.194s][info][gc,stats    ]       0 of 80839 ms (  0.0%): <total>
[84.194s][info][gc,stats    ]       0 of 80839 ms (  0.0%): <average total>
[84.194s][info][gc,stats    ] 
[84.194s][info][gc,metaspace] Metaspace: 60066K(60672K)->60048K(60672K) NonClass: 53283K(53632K)->53273K(53632K) Class: 6782K(7040K)->6775K(7040K)
[84.194s][info][gc,ergo     ] Pacer for Idle. Initial: 40642K, Alloc Tax Rate: 1.0x
