[0.004s][info][gc] Heuristics ergonomically sets -XX:+ExplicitGCInvokesConcurrent
[0.004s][info][gc] Heuristics ergonomically sets -XX:+ShenandoahImplicitGCInvokesConcurrent
[0.004s][info][gc] Using Shenandoah
[0.004s][info][gc] Heuristics ergonomically sets -XX:+ShenandoahAlwaysClearSoftRefs
[0.004s][info][gc] Heuristics ergonomically sets -XX:ShenandoahAllocationThreshold=10
[0.004s][info][gc] Heuristics ergonomically sets -XX:ShenandoahImmediateThreshold=100
[0.004s][info][gc] Heuristics ergonomically sets -XX:ShenandoahUncommitDelay=1000
[0.004s][info][gc] Heuristics ergonomically sets -XX:ShenandoahGuaranteedGCInterval=30000
[0.004s][info][gc] Heuristics ergonomically sets -XX:ShenandoahGarbageThreshold=10
[0.005s][info][gc,ergo] Pacer for Idle. Initial: 40642K, Alloc Tax Rate: 1.0x
[0.005s][info][gc,init] Version: 21.0.7+6-Ubuntu-0ubuntu122.04 (release)
[0.005s][info][gc,init] CPUs: 4 total, 4 available
[0.005s][info][gc,init] Memory: 7937M
[0.005s][info][gc,init] Large Page Support: Disabled
[0.005s][info][gc,init] NUMA Support: Disabled
[0.005s][info][gc,init] Compressed Oops: Enabled (32-bit)
[0.005s][info][gc,init] Heap Min Capacity: 6656K
[0.005s][info][gc,init] Heap Initial Capacity: 127488K
[0.005s][info][gc,init] Heap Max Capacity: 2032128K
[0.005s][info][gc,init] Pre-touch: Disabled
[0.005s][info][gc,init] Mode: Incremental-Update (IU)
[0.005s][info][gc,init] Heuristics: Compact
[0.005s][info][gc,init] Heap Region Count: 3969
[0.005s][info][gc,init] Heap Region Size: 512K
[0.005s][info][gc,init] TLAB Size Max: 512K
[0.005s][info][gc,init] Humongous Object Threshold: 512K
[0.005s][info][gc,init] Parallel Workers: 8
[0.005s][info][gc,init] Concurrent Workers: 2
[0.013s][info][gc,metaspace] CDS archive(s) mapped at: [0x00007f9d37000000-0x00007f9d37c97000-0x00007f9d37c97000), size 13201408, SharedBaseAddress: 0x00007f9d37000000, ArchiveRelocationMode: 1.
[0.013s][info][gc,metaspace] Compressed class space mapped at: 0x00007f9d38000000-0x00007f9d78000000, reserved size: 1073741824
[0.013s][info][gc,metaspace] Narrow klass base: 0x00007f9d37000000, Narrow klass shift: 0, Narrow klass range: 0x100000000
[1.034s][info][gc,start    ] Concurrent uncommit
[1.035s][info][gc          ] Concurrent uncommit 62M->62M(64M) 0.560ms
[1.360s][info][gc          ] Trigger: Metadata GC Threshold
[1.360s][info][gc,ergo     ] Free: 1746M, Max: 512K regular, 1746M humongous, Frag: 0% external, 0% internal; Reserve: 101888K, Max: 512K
[1.360s][info][gc,start    ] GC(0) Concurrent reset
[1.360s][info][gc,task     ] GC(0) Using 2 of 8 workers for concurrent reset
[1.360s][info][gc,ergo     ] GC(0) Pacer for Reset. Non-Taxable: 1984M
[1.360s][info][gc          ] GC(0) Concurrent reset 0.426ms
[1.361s][info][gc,start    ] GC(0) Pause Init Mark (unload classes)
[1.361s][info][gc,task     ] GC(0) Using 8 of 8 workers for init marking
[1.361s][info][gc,ref      ] GC(0) Clearing All SoftReferences
[1.361s][info][gc,ergo     ] GC(0) Pacer for Mark. Expected Live: 198M, Free: 1746M, Non-Taxable: 174M, Alloc Tax Rate: 0.1x
[1.361s][info][gc          ] GC(0) Pause Init Mark (unload classes) 0.480ms
[1.361s][info][gc,start    ] GC(0) Concurrent marking roots
[1.361s][info][gc,task     ] GC(0) Using 2 of 8 workers for concurrent marking roots
[1.364s][info][gc          ] GC(0) Concurrent marking roots 2.469ms
[1.364s][info][gc,start    ] GC(0) Concurrent marking (unload classes)
[1.364s][info][gc,task     ] GC(0) Using 2 of 8 workers for concurrent marking
[1.417s][info][gc          ] GC(0) Concurrent marking (unload classes) 53.496ms
[1.417s][info][gc,start    ] GC(0) Pause Final Mark (unload classes)
[1.417s][info][gc,task     ] GC(0) Using 8 of 8 workers for final marking
[1.422s][info][gc,ergo     ] GC(0) CSet Selection. Actual Free: 1847M, Max CSet: 1385M
[1.422s][info][gc,ergo     ] GC(0) Collectable Garbage: 74010K (99%), Immediate: 5359K (7%), CSet: 68651K (92%)
[1.422s][info][gc,ergo     ] GC(0) Pacer for Evacuation. Used CSet: 79872K, Free: 1748M, Non-Taxable: 174M, Alloc Tax Rate: 1.1x
[1.422s][info][gc          ] GC(0) Pause Final Mark (unload classes) 5.093ms
[1.422s][info][gc,start    ] GC(0) Concurrent thread roots
[1.422s][info][gc,task     ] GC(0) Using 2 of 8 workers for Concurrent thread roots
[1.423s][info][gc          ] GC(0) Concurrent thread roots 0.216ms
[1.423s][info][gc,start    ] GC(0) Concurrent weak references
[1.423s][info][gc,task     ] GC(0) Using 2 of 8 workers for concurrent weak references
[1.423s][info][gc,ref      ] GC(0) Encountered references: Soft: 3897, Weak: 2153, Final: 4, Phantom: 821
[1.424s][info][gc,ref      ] GC(0) Discovered  references: Soft: 1742, Weak: 1314, Final: 0, Phantom: 432
[1.424s][info][gc,ref      ] GC(0) Enqueued    references: Soft: 1613, Weak: 641, Final: 0, Phantom: 230
[1.424s][info][gc          ] GC(0) Concurrent weak references 0.845ms
[1.424s][info][gc,start    ] GC(0) Concurrent weak roots
[1.424s][info][gc,task     ] GC(0) Using 2 of 8 workers for concurrent weak root
[1.427s][info][gc          ] GC(0) Concurrent weak roots 3.760ms
[1.427s][info][gc,start    ] GC(0) Concurrent cleanup
[1.427s][info][gc          ] GC(0) Concurrent cleanup 141M->137M(145M) 0.137ms
[1.427s][info][gc,ergo     ] GC(0) Free: 1747M, Max: 512K regular, 1742M humongous, Frag: 1% external, 0% internal; Reserve: 99835K, Max: 512K
[1.427s][info][gc,start    ] GC(0) Concurrent class unloading
[1.427s][info][gc,task     ] GC(0) Using 2 of 8 workers for concurrent class unloading
[1.440s][info][gc          ] GC(0) Concurrent class unloading 12.676ms
[1.440s][info][gc,start    ] GC(0) Concurrent strong roots
[1.440s][info][gc,task     ] GC(0) Using 2 of 8 workers for concurrent strong root
[1.441s][info][gc          ] GC(0) Concurrent strong roots 1.217ms
[1.441s][info][gc,start    ] GC(0) Concurrent evacuation
[1.441s][info][gc,task     ] GC(0) Using 2 of 8 workers for concurrent evacuation
[1.450s][info][gc          ] GC(0) Concurrent evacuation 8.353ms
[1.450s][info][gc,start    ] GC(0) Pause Init Update Refs
[1.450s][info][gc,ergo     ] GC(0) Pacer for Update Refs. Used: 149M, Free: 1746M, Non-Taxable: 174M, Alloc Tax Rate: 1.1x
[1.450s][info][gc          ] GC(0) Pause Init Update Refs 0.039ms
[1.450s][info][gc,start    ] GC(0) Concurrent update references
[1.450s][info][gc,task     ] GC(0) Using 2 of 8 workers for concurrent reference update
[1.470s][info][gc          ] GC(0) Concurrent update references 20.388ms
[1.470s][info][gc,start    ] GC(0) Concurrent update thread roots
[1.471s][info][gc          ] GC(0) Concurrent update thread roots 0.285ms
[1.471s][info][gc,start    ] GC(0) Pause Final Update Refs
[1.471s][info][gc,task     ] GC(0) Using 8 of 8 workers for final reference update
[1.471s][info][gc          ] GC(0) Pause Final Update Refs 0.087ms
[1.471s][info][gc,start    ] GC(0) Concurrent cleanup
[1.471s][info][gc          ] GC(0) Concurrent cleanup 150M->72M(155M) 0.089ms
[1.471s][info][gc,ergo     ] Free: 1810M, Max: 512K regular, 1729M humongous, Frag: 5% external, 0% internal; Reserve: 101888K, Max: 512K
[1.471s][info][gc,stats    ] 
[1.471s][info][gc,stats    ] All times are wall-clock times, except per-root-class counters, that are sum over
[1.471s][info][gc,stats    ] all workers. Dividing the <total> over the root stage time estimates parallelism.
[1.471s][info][gc,stats    ] 
[1.471s][info][gc,stats    ] Concurrent Reset                    448 us
[1.471s][info][gc,stats    ] Pause Init Mark (G)                 691 us
[1.471s][info][gc,stats    ] Pause Init Mark (N)                 490 us
[1.471s][info][gc,stats    ]   Update Region States               27 us
[1.471s][info][gc,stats    ] Concurrent Mark Roots              2493 us, parallelism: 1.73x
[1.471s][info][gc,stats    ]   CMR: <total>                     4313 us
[1.471s][info][gc,stats    ]   CMR: Thread Roots                1576 us, workers (us): 573, 1003, ---, ---, ---, ---, ---, ---, 
[1.471s][info][gc,stats    ]   CMR: VM Strong Roots             1597 us, workers (us): 1433, 164, ---, ---, ---, ---, ---, ---, 
[1.471s][info][gc,stats    ]   CMR: CLDG Roots                  1140 us, workers (us): ---, 1140, ---, ---, ---, ---, ---, ---, 
[1.471s][info][gc,stats    ] Concurrent Marking                53520 us
[1.471s][info][gc,stats    ] Pause Final Mark (G)               5251 us
[1.471s][info][gc,stats    ] Pause Final Mark (N)               5118 us
[1.471s][info][gc,stats    ]   Finish Mark                      4911 us
[1.471s][info][gc,stats    ]   Update Region States               41 us
[1.471s][info][gc,stats    ]   Choose Collection Set              79 us
[1.471s][info][gc,stats    ]   Rebuild Free Set                   20 us
[1.471s][info][gc,stats    ] Concurrent Thread Roots             228 us, parallelism: 0.99x
[1.471s][info][gc,stats    ]   CTR: <total>                      225 us
[1.471s][info][gc,stats    ]   CTR: Thread Roots                 225 us, workers (us): 160,  65, ---, ---, ---, ---, ---, ---, 
[1.471s][info][gc,stats    ] Concurrent Weak References          852 us, parallelism: 1.15x
[1.471s][info][gc,stats    ]   CWRF: <total>                     980 us
[1.471s][info][gc,stats    ]   CWRF: Weak References             980 us, workers (us): 200, 780, ---, ---, ---, ---, ---, ---, 
[1.471s][info][gc,stats    ] Concurrent Weak Roots              3774 us
[1.471s][info][gc,stats    ]   Roots                            3608 us, parallelism: 0.98x
[1.471s][info][gc,stats    ]     CWR: <total>                   3547 us
[1.471s][info][gc,stats    ]     CWR: Code Cache Roots          1098 us, workers (us): 1097,   0, ---, ---, ---, ---, ---, ---, 
[1.471s][info][gc,stats    ]     CWR: VM Weak Roots             2433 us, workers (us): 2432,   1, ---, ---, ---, ---, ---, ---, 
[1.471s][info][gc,stats    ]     CWR: CLDG Roots                  16 us, workers (us):  16, ---, ---, ---, ---, ---, ---, ---, 
[1.471s][info][gc,stats    ]   Rendezvous                        137 us
[1.471s][info][gc,stats    ] Concurrent Cleanup                  146 us
[1.471s][info][gc,stats    ] Concurrent Class Unloading        12689 us
[1.471s][info][gc,stats    ]   Unlink Stale                    10668 us
[1.471s][info][gc,stats    ]     System Dictionary               198 us
[1.471s][info][gc,stats    ]     Weak Class Links               6434 us
[1.471s][info][gc,stats    ]     Code Roots                     4035 us
[1.471s][info][gc,stats    ]   Rendezvous                         64 us
[1.471s][info][gc,stats    ]   Purge Unlinked                   1928 us
[1.471s][info][gc,stats    ]     Code Roots                     1776 us
[1.471s][info][gc,stats    ]     CLDG                            151 us
[1.471s][info][gc,stats    ]     Exception Caches                  0 us
[1.471s][info][gc,stats    ] Concurrent Strong Roots            1235 us, parallelism: 0.95x
[1.471s][info][gc,stats    ]   CSR: <total>                     1169 us
[1.471s][info][gc,stats    ]   CSR: VM Strong Roots               32 us, workers (us):  32,   0, ---, ---, ---, ---, ---, ---, 
[1.471s][info][gc,stats    ]   CSR: CLDG Roots                  1137 us, workers (us): 1137, ---, ---, ---, ---, ---, ---, ---, 
[1.471s][info][gc,stats    ] Concurrent Evacuation              8374 us
[1.471s][info][gc,stats    ] Pause Init Update Refs (G)          133 us
[1.471s][info][gc,stats    ] Pause Init Update Refs (N)           46 us
[1.471s][info][gc,stats    ]   Manage GCLABs                      10 us
[1.471s][info][gc,stats    ] Concurrent Update Refs            20403 us
[1.471s][info][gc,stats    ] Concurrent Update Thread Roots      292 us
[1.471s][info][gc,stats    ] Pause Final Update Refs (G)         204 us
[1.471s][info][gc,stats    ] Pause Final Update Refs (N)          94 us
[1.471s][info][gc,stats    ]   Update Region States               35 us
[1.471s][info][gc,stats    ]   Trash Collection Set                4 us
[1.471s][info][gc,stats    ]   Rebuild Free Set                   17 us
[1.471s][info][gc,stats    ] Concurrent Cleanup                   95 us
[1.471s][info][gc,stats    ] 
[1.471s][info][gc,stats    ] Allocation pacing accrued:
[1.471s][info][gc,stats    ]       0 of  1466 ms (  0.0%): <total>
[1.471s][info][gc,stats    ]       0 of  1466 ms (  0.0%): <average total>
[1.471s][info][gc,stats    ] 
[1.471s][info][gc,metaspace] Metaspace: 21236K(21632K)->22347K(22656K) NonClass: 18883K(19072K)->19887K(20032K) Class: 2352K(2560K)->2459K(2624K)
[1.471s][info][gc,ergo     ] Pacer for Idle. Initial: 40642K, Alloc Tax Rate: 1.0x
[2.964s][info][gc          ] Trigger: Metadata GC Threshold
[2.964s][info][gc,ergo     ] Free: 1705M, Max: 512K regular, 1705M humongous, Frag: 0% external, 0% internal; Reserve: 101888K, Max: 512K
[2.964s][info][gc,start    ] GC(1) Concurrent reset
[2.964s][info][gc,task     ] GC(1) Using 2 of 8 workers for concurrent reset
[2.964s][info][gc,ergo     ] GC(1) Pacer for Reset. Non-Taxable: 1984M
[2.967s][info][gc          ] GC(1) Concurrent reset 2.871ms
[2.967s][info][gc,start    ] GC(1) Pause Init Mark (unload classes)
[2.967s][info][gc,task     ] GC(1) Using 8 of 8 workers for init marking
[2.967s][info][gc,ref      ] GC(1) Clearing All SoftReferences
[2.967s][info][gc,ergo     ] GC(1) Pacer for Mark. Expected Live: 64863K, Free: 1705M, Non-Taxable: 170M, Alloc Tax Rate: 0.0x
[2.967s][info][gc          ] GC(1) Pause Init Mark (unload classes) 0.052ms
[2.967s][info][gc,start    ] GC(1) Concurrent marking roots
[2.967s][info][gc,task     ] GC(1) Using 2 of 8 workers for concurrent marking roots
[2.968s][info][gc          ] GC(1) Concurrent marking roots 0.826ms
[2.968s][info][gc,start    ] GC(1) Concurrent marking (unload classes)
[2.968s][info][gc,task     ] GC(1) Using 2 of 8 workers for concurrent marking
[3.042s][info][gc          ] GC(1) Concurrent marking (unload classes) 74.433ms
[3.042s][info][gc,start    ] GC(1) Pause Final Mark (unload classes)
[3.042s][info][gc,task     ] GC(1) Using 8 of 8 workers for final marking
[3.045s][info][gc,ergo     ] GC(1) CSet Selection. Actual Free: 1840M, Max CSet: 1380M
[3.045s][info][gc,ergo     ] GC(1) Collectable Garbage: 106M (99%), Immediate: 42851K (39%), CSet: 66411K (60%)
[3.045s][info][gc,ergo     ] GC(1) Pacer for Evacuation. Used CSet: 75531K, Free: 1742M, Non-Taxable: 174M, Alloc Tax Rate: 1.1x
[3.045s][info][gc          ] GC(1) Pause Final Mark (unload classes) 2.920ms
[3.045s][info][gc,start    ] GC(1) Concurrent thread roots
[3.045s][info][gc,task     ] GC(1) Using 2 of 8 workers for Concurrent thread roots
[3.046s][info][gc          ] GC(1) Concurrent thread roots 0.236ms
[3.046s][info][gc,start    ] GC(1) Concurrent weak references
[3.046s][info][gc,task     ] GC(1) Using 2 of 8 workers for concurrent weak references
[3.046s][info][gc,ref      ] GC(1) Encountered references: Soft: 2656, Weak: 2691, Final: 21, Phantom: 798
[3.046s][info][gc,ref      ] GC(1) Discovered  references: Soft: 488, Weak: 1652, Final: 0, Phantom: 656
[3.046s][info][gc,ref      ] GC(1) Enqueued    references: Soft: 310, Weak: 459, Final: 0, Phantom: 179
[3.046s][info][gc          ] GC(1) Concurrent weak references 0.435ms
[3.046s][info][gc,start    ] GC(1) Concurrent weak roots
[3.046s][info][gc,task     ] GC(1) Using 2 of 8 workers for concurrent weak root
[3.049s][info][gc          ] GC(1) Concurrent weak roots 3.302ms
[3.049s][info][gc,start    ] GC(1) Concurrent cleanup
[3.049s][info][gc          ] GC(1) Concurrent cleanup 184M->142M(188M) 0.137ms
[3.050s][info][gc,ergo     ] GC(1) Free: 1741M, Max: 512K regular, 1698M humongous, Frag: 3% external, 0% internal; Reserve: 100352K, Max: 512K
[3.050s][info][gc,start    ] GC(1) Concurrent class unloading
[3.050s][info][gc,task     ] GC(1) Using 2 of 8 workers for concurrent class unloading
[3.062s][info][gc          ] GC(1) Concurrent class unloading 12.147ms
[3.062s][info][gc,start    ] GC(1) Concurrent strong roots
[3.062s][info][gc,task     ] GC(1) Using 2 of 8 workers for concurrent strong root
[3.064s][info][gc          ] GC(1) Concurrent strong roots 1.804ms
[3.064s][info][gc,start    ] GC(1) Concurrent evacuation
[3.064s][info][gc,task     ] GC(1) Using 2 of 8 workers for concurrent evacuation
[3.082s][info][gc          ] GC(1) Concurrent evacuation 18.444ms
[3.082s][info][gc,start    ] GC(1) Pause Init Update Refs
[3.082s][info][gc,ergo     ] GC(1) Pacer for Update Refs. Used: 153M, Free: 1739M, Non-Taxable: 173M, Alloc Tax Rate: 1.1x
[3.082s][info][gc          ] GC(1) Pause Init Update Refs 0.047ms
[3.082s][info][gc,start    ] GC(1) Concurrent update references
[3.082s][info][gc,task     ] GC(1) Using 2 of 8 workers for concurrent reference update
[3.104s][info][gc          ] GC(1) Concurrent update references 22.011ms
[3.104s][info][gc,start    ] GC(1) Concurrent update thread roots
[3.105s][info][gc          ] GC(1) Concurrent update thread roots 1.039ms
[3.105s][info][gc,start    ] GC(1) Pause Final Update Refs
[3.105s][info][gc,task     ] GC(1) Using 8 of 8 workers for final reference update
[3.106s][info][gc          ] GC(1) Pause Final Update Refs 0.080ms
[3.106s][info][gc,start    ] GC(1) Concurrent cleanup
[3.106s][info][gc          ] GC(1) Concurrent cleanup 154M->80M(197M) 0.058ms
[3.106s][info][gc,ergo     ] Free: 1802M, Max: 512K regular, 1692M humongous, Frag: 7% external, 0% internal; Reserve: 101888K, Max: 512K
[3.106s][info][gc,stats    ] 
[3.106s][info][gc,stats    ] All times are wall-clock times, except per-root-class counters, that are sum over
[3.106s][info][gc,stats    ] all workers. Dividing the <total> over the root stage time estimates parallelism.
[3.106s][info][gc,stats    ] 
[3.106s][info][gc,stats    ] Concurrent Reset                   2892 us
[3.106s][info][gc,stats    ] Pause Init Mark (G)                 182 us
[3.106s][info][gc,stats    ] Pause Init Mark (N)                  73 us
[3.106s][info][gc,stats    ]   Update Region States               19 us
[3.106s][info][gc,stats    ] Concurrent Mark Roots               840 us, parallelism: 1.81x
[3.106s][info][gc,stats    ]   CMR: <total>                     1522 us
[3.106s][info][gc,stats    ]   CMR: Thread Roots                 721 us, workers (us): 615, 107, ---, ---, ---, ---, ---, ---, 
[3.106s][info][gc,stats    ]   CMR: VM Strong Roots              227 us, workers (us): 148,  80, ---, ---, ---, ---, ---, ---, 
[3.106s][info][gc,stats    ]   CMR: CLDG Roots                   573 us, workers (us): ---, 573, ---, ---, ---, ---, ---, ---, 
[3.106s][info][gc,stats    ] Concurrent Marking                74456 us
[3.106s][info][gc,stats    ] Pause Final Mark (G)               2985 us
[3.106s][info][gc,stats    ] Pause Final Mark (N)               2927 us
[3.106s][info][gc,stats    ]   Finish Mark                      2769 us
[3.106s][info][gc,stats    ]   Update Region States               42 us
[3.106s][info][gc,stats    ]   Choose Collection Set              62 us
[3.106s][info][gc,stats    ]   Rebuild Free Set                   17 us
[3.106s][info][gc,stats    ] Concurrent Thread Roots             249 us, parallelism: 1.24x
[3.106s][info][gc,stats    ]   CTR: <total>                      309 us
[3.106s][info][gc,stats    ]   CTR: Thread Roots                 309 us, workers (us): 194, 115, ---, ---, ---, ---, ---, ---, 
[3.106s][info][gc,stats    ] Concurrent Weak References          442 us, parallelism: 1.53x
[3.106s][info][gc,stats    ]   CWRF: <total>                     678 us
[3.106s][info][gc,stats    ]   CWRF: Weak References             678 us, workers (us): 299, 379, ---, ---, ---, ---, ---, ---, 
[3.106s][info][gc,stats    ] Concurrent Weak Roots              3322 us
[3.106s][info][gc,stats    ]   Roots                            3259 us, parallelism: 1.78x
[3.106s][info][gc,stats    ]     CWR: <total>                   5816 us
[3.106s][info][gc,stats    ]     CWR: Code Cache Roots          1745 us, workers (us): 747, 998, ---, ---, ---, ---, ---, ---, 
[3.106s][info][gc,stats    ]     CWR: VM Weak Roots             4054 us, workers (us): 2207, 1847, ---, ---, ---, ---, ---, ---, 
[3.106s][info][gc,stats    ]     CWR: CLDG Roots                  17 us, workers (us):  17, ---, ---, ---, ---, ---, ---, ---, 
[3.106s][info][gc,stats    ]   Rendezvous                         31 us
[3.106s][info][gc,stats    ] Concurrent Cleanup                  143 us
[3.106s][info][gc,stats    ] Concurrent Class Unloading        12439 us
[3.106s][info][gc,stats    ]   Unlink Stale                    10319 us
[3.106s][info][gc,stats    ]     System Dictionary               189 us
[3.106s][info][gc,stats    ]     Weak Class Links               6082 us
[3.106s][info][gc,stats    ]     Code Roots                     4046 us
[3.106s][info][gc,stats    ]   Rendezvous                         48 us
[3.106s][info][gc,stats    ]   Purge Unlinked                   1764 us
[3.106s][info][gc,stats    ]     Code Roots                     1450 us
[3.106s][info][gc,stats    ]     CLDG                            313 us
[3.106s][info][gc,stats    ]     Exception Caches                  0 us
[3.106s][info][gc,stats    ] Concurrent Strong Roots            1824 us, parallelism: 0.78x
[3.106s][info][gc,stats    ]   CSR: <total>                     1421 us
[3.106s][info][gc,stats    ]   CSR: VM Strong Roots               21 us, workers (us):  12,   9, ---, ---, ---, ---, ---, ---, 
[3.106s][info][gc,stats    ]   CSR: CLDG Roots                  1400 us, workers (us): ---, 1400, ---, ---, ---, ---, ---, ---, 
[3.106s][info][gc,stats    ] Concurrent Evacuation             18467 us
[3.106s][info][gc,stats    ] Pause Init Update Refs (G)           86 us
[3.106s][info][gc,stats    ] Pause Init Update Refs (N)           53 us
[3.106s][info][gc,stats    ]   Manage GCLABs                       7 us
[3.106s][info][gc,stats    ] Concurrent Update Refs            22035 us
[3.106s][info][gc,stats    ] Concurrent Update Thread Roots     1056 us
[3.106s][info][gc,stats    ] Pause Final Update Refs (G)         117 us
[3.106s][info][gc,stats    ] Pause Final Update Refs (N)          86 us
[3.106s][info][gc,stats    ]   Update Region States               41 us
[3.106s][info][gc,stats    ]   Trash Collection Set                3 us
[3.106s][info][gc,stats    ]   Rebuild Free Set                   18 us
[3.106s][info][gc,stats    ] Concurrent Cleanup                   63 us
[3.106s][info][gc,stats    ] 
[3.106s][info][gc,stats    ] Allocation pacing accrued:
[3.106s][info][gc,stats    ]       0 of  1635 ms (  0.0%): <total>
[3.106s][info][gc,stats    ]       0 of  1635 ms (  0.0%): <average total>
[3.106s][info][gc,stats    ] 
[3.106s][info][gc,metaspace] Metaspace: 37481K(37824K)->39276K(39552K) NonClass: 33338K(33536K)->34905K(35072K) Class: 4143K(4288K)->4370K(4480K)
[3.106s][info][gc,ergo     ] Pacer for Idle. Initial: 40642K, Alloc Tax Rate: 1.0x
[3.827s][info][gc          ] Trigger: Allocated since last cycle (198M) is larger than allocation threshold (198M)
[3.827s][info][gc,ergo     ] Free: 1612M, Max: 512K regular, 1612M humongous, Frag: 0% external, 0% internal; Reserve: 101888K, Max: 512K
[3.827s][info][gc,start    ] GC(2) Concurrent reset
[3.827s][info][gc,task     ] GC(2) Using 2 of 8 workers for concurrent reset
[3.827s][info][gc,ergo     ] GC(2) Pacer for Reset. Non-Taxable: 1984M
[3.828s][info][gc          ] GC(2) Concurrent reset 1.173ms
[3.829s][info][gc,start    ] GC(2) Pause Init Mark
[3.829s][info][gc,task     ] GC(2) Using 8 of 8 workers for init marking
[3.829s][info][gc,ref      ] GC(2) Clearing All SoftReferences
[3.829s][info][gc,ergo     ] GC(2) Pacer for Mark. Expected Live: 67796K, Free: 1612M, Non-Taxable: 161M, Alloc Tax Rate: 0.1x
[3.829s][info][gc          ] GC(2) Pause Init Mark 0.079ms
[3.829s][info][gc,start    ] GC(2) Concurrent marking roots
[3.829s][info][gc,task     ] GC(2) Using 2 of 8 workers for concurrent marking roots
[3.833s][info][gc          ] GC(2) Concurrent marking roots 3.298ms
[3.833s][info][gc,start    ] GC(2) Concurrent marking
[3.833s][info][gc,task     ] GC(2) Using 2 of 8 workers for concurrent marking
[3.897s][info][gc          ] GC(2) Concurrent marking 64.444ms
[3.903s][info][gc,start    ] GC(2) Pause Final Mark
[3.903s][info][gc,task     ] GC(2) Using 8 of 8 workers for final marking
[3.904s][info][gc,ergo     ] GC(2) CSet Selection. Actual Free: 1804M, Max CSet: 1353M
[3.904s][info][gc,ergo     ] GC(2) Collectable Garbage: 199M (99%), Immediate: 102M (51%), CSet: 99095K (48%)
[3.904s][info][gc,ergo     ] GC(2) Pacer for Evacuation. Used CSet: 101256K, Free: 1705M, Non-Taxable: 170M, Alloc Tax Rate: 1.1x
[3.904s][info][gc          ] GC(2) Pause Final Mark 0.371ms
[3.904s][info][gc,start    ] GC(2) Concurrent thread roots
[3.904s][info][gc,task     ] GC(2) Using 2 of 8 workers for Concurrent thread roots
[3.904s][info][gc          ] GC(2) Concurrent thread roots 0.187ms
[3.904s][info][gc,start    ] GC(2) Concurrent weak references
[3.904s][info][gc,task     ] GC(2) Using 2 of 8 workers for concurrent weak references
[3.904s][info][gc,ref      ] GC(2) Encountered references: Soft: 2452, Weak: 2782, Final: 21, Phantom: 778
[3.904s][info][gc,ref      ] GC(2) Discovered  references: Soft: 272, Weak: 1483, Final: 1, Phantom: 403
[3.904s][info][gc,ref      ] GC(2) Enqueued    references: Soft: 81, Weak: 202, Final: 0, Phantom: 145
[3.904s][info][gc          ] GC(2) Concurrent weak references 0.349ms
[3.904s][info][gc,start    ] GC(2) Concurrent weak roots
[3.904s][info][gc,task     ] GC(2) Using 2 of 8 workers for concurrent weak root
[3.906s][info][gc          ] GC(2) Concurrent weak roots 2.320ms
[3.906s][info][gc,start    ] GC(2) Concurrent cleanup
[3.907s][info][gc          ] GC(2) Concurrent cleanup 281M->178M(287M) 0.113ms
[3.907s][info][gc,ergo     ] GC(2) Free: 1704M, Max: 512K regular, 1602M humongous, Frag: 7% external, 0% internal; Reserve: 100864K, Max: 512K
[3.907s][info][gc,start    ] GC(2) Concurrent strong roots
[3.907s][info][gc,task     ] GC(2) Using 2 of 8 workers for concurrent strong root
[3.909s][info][gc          ] GC(2) Concurrent strong roots 2.702ms
[3.909s][info][gc,start    ] GC(2) Concurrent evacuation
[3.909s][info][gc,task     ] GC(2) Using 2 of 8 workers for concurrent evacuation
[3.911s][info][gc          ] GC(2) Concurrent evacuation 1.356ms
[3.911s][info][gc,start    ] GC(2) Pause Init Update Refs
[3.911s][info][gc,ergo     ] GC(2) Pacer for Update Refs. Used: 181M, Free: 1704M, Non-Taxable: 170M, Alloc Tax Rate: 1.1x
[3.911s][info][gc          ] GC(2) Pause Init Update Refs 0.022ms
[3.911s][info][gc,start    ] GC(2) Concurrent update references
[3.911s][info][gc,task     ] GC(2) Using 2 of 8 workers for concurrent reference update
[3.940s][info][gc          ] GC(2) Concurrent update references 29.111ms
[3.940s][info][gc,start    ] GC(2) Concurrent update thread roots
[3.940s][info][gc          ] GC(2) Concurrent update thread roots 0.192ms
[3.940s][info][gc,start    ] GC(2) Pause Final Update Refs
[3.940s][info][gc,task     ] GC(2) Using 8 of 8 workers for final reference update
[3.940s][info][gc          ] GC(2) Pause Final Update Refs 0.083ms
[3.940s][info][gc,start    ] GC(2) Concurrent cleanup
[3.940s][info][gc          ] GC(2) Concurrent cleanup 182M->83M(287M) 0.057ms
[3.940s][info][gc,ergo     ] Free: 1798M, Max: 512K regular, 1602M humongous, Frag: 11% external, 0% internal; Reserve: 101888K, Max: 512K
[3.940s][info][gc,stats    ] 
[3.940s][info][gc,stats    ] All times are wall-clock times, except per-root-class counters, that are sum over
[3.940s][info][gc,stats    ] all workers. Dividing the <total> over the root stage time estimates parallelism.
[3.940s][info][gc,stats    ] 
[3.940s][info][gc,stats    ] Concurrent Reset                   1195 us
[3.940s][info][gc,stats    ] Pause Init Mark (G)                 762 us
[3.940s][info][gc,stats    ] Pause Init Mark (N)                  86 us
[3.940s][info][gc,stats    ]   Update Region States               31 us
[3.940s][info][gc,stats    ] Concurrent Mark Roots              3319 us, parallelism: 0.96x
[3.940s][info][gc,stats    ]   CMR: <total>                     3201 us
[3.940s][info][gc,stats    ]   CMR: Thread Roots                 431 us, workers (us): 431,   0, ---, ---, ---, ---, ---, ---, 
[3.941s][info][gc,stats    ]   CMR: Code Cache Roots            1990 us, workers (us): 1990,   0, ---, ---, ---, ---, ---, ---, 
[3.941s][info][gc,stats    ]   CMR: VM Strong Roots              165 us, workers (us): 165,   0, ---, ---, ---, ---, ---, ---, 
[3.941s][info][gc,stats    ]   CMR: CLDG Roots                   615 us, workers (us): 615, ---, ---, ---, ---, ---, ---, ---, 
[3.941s][info][gc,stats    ] Concurrent Marking                64467 us
[3.941s][info][gc,stats    ] Pause Final Mark (G)               6600 us
[3.941s][info][gc,stats    ] Pause Final Mark (N)                393 us
[3.941s][info][gc,stats    ]   Finish Mark                       197 us
[3.941s][info][gc,stats    ]   Update Region States               58 us
[3.941s][info][gc,stats    ]   Choose Collection Set              55 us
[3.941s][info][gc,stats    ]   Rebuild Free Set                   17 us
[3.941s][info][gc,stats    ] Concurrent Thread Roots             194 us, parallelism: 0.79x
[3.941s][info][gc,stats    ]   CTR: <total>                      154 us
[3.941s][info][gc,stats    ]   CTR: Thread Roots                 154 us, workers (us): 153,   0, ---, ---, ---, ---, ---, ---, 
[3.941s][info][gc,stats    ] Concurrent Weak References          355 us, parallelism: 1.16x
[3.941s][info][gc,stats    ]   CWRF: <total>                     412 us
[3.941s][info][gc,stats    ]   CWRF: Weak References             412 us, workers (us): 304, 107, ---, ---, ---, ---, ---, ---, 
[3.941s][info][gc,stats    ] Concurrent Weak Roots              2339 us
[3.941s][info][gc,stats    ]   Roots                            1481 us, parallelism: 0.86x
[3.941s][info][gc,stats    ]     CWR: <total>                   1281 us
[3.941s][info][gc,stats    ]     CWR: VM Weak Roots             1281 us, workers (us): 1280,   0, ---, ---, ---, ---, ---, ---, 
[3.941s][info][gc,stats    ]   Rendezvous                        827 us
[3.941s][info][gc,stats    ] Concurrent Cleanup                  119 us
[3.941s][info][gc,stats    ] Concurrent Strong Roots            2719 us, parallelism: 0.97x
[3.941s][info][gc,stats    ]   CSR: <total>                     2640 us
[3.941s][info][gc,stats    ]   CSR: Code Cache Roots            2150 us, workers (us): 2150,   0, ---, ---, ---, ---, ---, ---, 
[3.941s][info][gc,stats    ]   CSR: VM Strong Roots               19 us, workers (us):  19,   0, ---, ---, ---, ---, ---, ---, 
[3.941s][info][gc,stats    ]   CSR: CLDG Roots                   472 us, workers (us): 472, ---, ---, ---, ---, ---, ---, ---, 
[3.941s][info][gc,stats    ] Concurrent Evacuation              1372 us
[3.941s][info][gc,stats    ] Pause Init Update Refs (G)          126 us
[3.941s][info][gc,stats    ] Pause Init Update Refs (N)           29 us
[3.941s][info][gc,stats    ]   Manage GCLABs                       6 us
[3.941s][info][gc,stats    ] Concurrent Update Refs            29146 us
[3.941s][info][gc,stats    ] Concurrent Update Thread Roots      203 us
[3.941s][info][gc,stats    ] Pause Final Update Refs (G)         112 us
[3.941s][info][gc,stats    ] Pause Final Update Refs (N)          90 us
[3.941s][info][gc,stats    ]   Update Region States               43 us
[3.941s][info][gc,stats    ]   Trash Collection Set                5 us
[3.941s][info][gc,stats    ]   Rebuild Free Set                   20 us
[3.941s][info][gc,stats    ] Concurrent Cleanup                   81 us
[3.941s][info][gc,stats    ] 
[3.941s][info][gc,stats    ] Allocation pacing accrued:
[3.941s][info][gc,stats    ]       0 of   835 ms (  0.0%): <total>
[3.941s][info][gc,stats    ]       0 of   835 ms (  0.0%): <average total>
[3.941s][info][gc,stats    ] 
[3.941s][info][gc,metaspace] Metaspace: 43268K(43648K)->44086K(44480K) NonClass: 38434K(38656K)->39198K(39424K) Class: 4833K(4992K)->4887K(5056K)
[3.941s][info][gc,ergo     ] Pacer for Idle. Initial: 40642K, Alloc Tax Rate: 1.0x
[4.142s][info][gc,start    ] Concurrent uncommit
[4.142s][info][gc          ] Concurrent uncommit 94M->94M(286M) 0.264ms
[4.947s][info][gc,start    ] Concurrent uncommit
[4.956s][info][gc          ] Concurrent uncommit 137M->137M(140M) 9.496ms
[33.947s][info][gc          ] Trigger: Time since last GC (30006 ms) is larger than guaranteed interval (30000 ms)
[33.947s][info][gc,ergo     ] Free: 1651M, Max: 512K regular, 1602M humongous, Frag: 3% external, 0% internal; Reserve: 101888K, Max: 512K
[33.947s][info][gc,start    ] GC(3) Concurrent reset
[33.947s][info][gc,task     ] GC(3) Using 2 of 8 workers for concurrent reset
[33.947s][info][gc,ergo     ] GC(3) Pacer for Reset. Non-Taxable: 1984M
[33.953s][info][gc          ] GC(3) Concurrent reset 6.623ms
[33.953s][info][gc,start    ] GC(3) Pause Init Mark
[33.953s][info][gc,task     ] GC(3) Using 8 of 8 workers for init marking
[33.953s][info][gc,ref      ] GC(3) Clearing All SoftReferences
[33.953s][info][gc,ergo     ] GC(3) Pacer for Mark. Expected Live: 69148K, Free: 1651M, Non-Taxable: 165M, Alloc Tax Rate: 0.0x
[33.953s][info][gc          ] GC(3) Pause Init Mark 0.059ms
[33.954s][info][gc,start    ] GC(3) Concurrent marking roots
[33.954s][info][gc,task     ] GC(3) Using 2 of 8 workers for concurrent marking roots
[33.965s][info][gc          ] GC(3) Concurrent marking roots 10.977ms
[33.965s][info][gc,start    ] GC(3) Concurrent marking
[33.965s][info][gc,task     ] GC(3) Using 2 of 8 workers for concurrent marking
[34.012s][info][gc          ] GC(3) Concurrent marking 47.433ms
[34.012s][info][gc,start    ] GC(3) Pause Final Mark
[34.012s][info][gc,task     ] GC(3) Using 8 of 8 workers for final marking
[34.014s][info][gc,ergo     ] GC(3) CSet Selection. Actual Free: 1777M, Max CSet: 1333M
[34.014s][info][gc,ergo     ] GC(3) Collectable Garbage: 154M (99%), Immediate: 28803K (18%), CSet: 126M (81%)
[34.014s][info][gc,ergo     ] GC(3) Pacer for Evacuation. Used CSet: 134M, Free: 1680M, Non-Taxable: 168M, Alloc Tax Rate: 1.1x
[34.014s][info][gc          ] GC(3) Pause Final Mark 2.328ms
[34.014s][info][gc,start    ] GC(3) Concurrent thread roots
[34.014s][info][gc,task     ] GC(3) Using 2 of 8 workers for Concurrent thread roots
[34.015s][info][gc          ] GC(3) Concurrent thread roots 0.520ms
[34.015s][info][gc,start    ] GC(3) Concurrent weak references
[34.015s][info][gc,task     ] GC(3) Using 2 of 8 workers for concurrent weak references
[34.016s][info][gc,ref      ] GC(3) Encountered references: Soft: 2760, Weak: 4066, Final: 82, Phantom: 955
[34.016s][info][gc,ref      ] GC(3) Discovered  references: Soft: 571, Weak: 2515, Final: 74, Phantom: 937
[34.016s][info][gc,ref      ] GC(3) Enqueued    references: Soft: 314, Weak: 491, Final: 8, Phantom: 304
[34.016s][info][gc          ] GC(3) Concurrent weak references 0.673ms
[34.016s][info][gc,start    ] GC(3) Concurrent weak roots
[34.016s][info][gc,task     ] GC(3) Using 2 of 8 workers for concurrent weak root
[34.017s][info][gc          ] GC(3) Concurrent weak roots 1.573ms
[34.017s][info][gc,start    ] GC(3) Concurrent cleanup
[34.017s][info][gc          ] GC(3) Concurrent cleanup 231M->203M(236M) 0.102ms
[34.017s][info][gc,ergo     ] GC(3) Free: 1680M, Max: 512K regular, 1602M humongous, Frag: 5% external, 0% internal; Reserve: 100861K, Max: 512K
[34.017s][info][gc,start    ] GC(3) Concurrent strong roots
[34.017s][info][gc,task     ] GC(3) Using 2 of 8 workers for concurrent strong root
[34.025s][info][gc          ] GC(3) Concurrent strong roots 7.821ms
[34.025s][info][gc,start    ] GC(3) Concurrent evacuation
[34.025s][info][gc,task     ] GC(3) Using 2 of 8 workers for concurrent evacuation
[34.032s][info][gc          ] GC(3) Concurrent evacuation 6.533ms
[34.032s][info][gc,start    ] GC(3) Pause Init Update Refs
[34.032s][info][gc,ergo     ] GC(3) Pacer for Update Refs. Used: 211M, Free: 1679M, Non-Taxable: 167M, Alloc Tax Rate: 1.1x
[34.032s][info][gc          ] GC(3) Pause Init Update Refs 0.028ms
[34.032s][info][gc,start    ] GC(3) Concurrent update references
[34.032s][info][gc,task     ] GC(3) Using 2 of 8 workers for concurrent reference update
[34.053s][info][gc          ] GC(3) Concurrent update references 20.793ms
[34.053s][info][gc,start    ] GC(3) Concurrent update thread roots
[34.053s][info][gc          ] GC(3) Concurrent update thread roots 0.595ms
[34.053s][info][gc,start    ] GC(3) Pause Final Update Refs
[34.053s][info][gc,task     ] GC(3) Using 8 of 8 workers for final reference update
[34.053s][info][gc          ] GC(3) Pause Final Update Refs 0.093ms
[34.053s][info][gc,start    ] GC(3) Concurrent cleanup
[34.053s][info][gc          ] GC(3) Concurrent cleanup 211M->77M(244M) 0.060ms
[34.054s][info][gc,ergo     ] Free: 1805M, Max: 512K regular, 1656M humongous, Frag: 9% external, 0% internal; Reserve: 101888K, Max: 512K
[34.054s][info][gc,stats    ] 
[34.054s][info][gc,stats    ] All times are wall-clock times, except per-root-class counters, that are sum over
[34.054s][info][gc,stats    ] all workers. Dividing the <total> over the root stage time estimates parallelism.
[34.054s][info][gc,stats    ] 
[34.054s][info][gc,stats    ] Concurrent Reset                   6649 us
[34.054s][info][gc,stats    ] Pause Init Mark (G)                 148 us
[34.054s][info][gc,stats    ] Pause Init Mark (N)                  70 us
[34.054s][info][gc,stats    ]   Update Region States               18 us
[34.054s][info][gc,stats    ] Concurrent Mark Roots             11002 us, parallelism: 1.47x
[34.054s][info][gc,stats    ]   CMR: <total>                    16212 us
[34.054s][info][gc,stats    ]   CMR: Thread Roots                5763 us, workers (us): 2614, 3149, ---, ---, ---, ---, ---, ---, 
[34.054s][info][gc,stats    ]   CMR: Code Cache Roots            6929 us, workers (us): 3920, 3010, ---, ---, ---, ---, ---, ---, 
[34.054s][info][gc,stats    ]   CMR: VM Strong Roots              295 us, workers (us): 294,   1, ---, ---, ---, ---, ---, ---, 
[34.054s][info][gc,stats    ]   CMR: CLDG Roots                  3224 us, workers (us): 3224, ---, ---, ---, ---, ---, ---, ---, 
[34.054s][info][gc,stats    ] Concurrent Marking                47487 us
[34.054s][info][gc,stats    ] Pause Final Mark (G)               2399 us
[34.054s][info][gc,stats    ] Pause Final Mark (N)               2349 us
[34.054s][info][gc,stats    ]   Finish Mark                      2152 us
[34.054s][info][gc,stats    ]   Update Region States               41 us
[34.054s][info][gc,stats    ]   Choose Collection Set              81 us
[34.054s][info][gc,stats    ]   Rebuild Free Set                   18 us
[34.054s][info][gc,stats    ] Concurrent Thread Roots             536 us, parallelism: 1.70x
[34.054s][info][gc,stats    ]   CTR: <total>                      913 us
[34.054s][info][gc,stats    ]   CTR: Thread Roots                 913 us, workers (us): 456, 456, ---, ---, ---, ---, ---, ---, 
[34.054s][info][gc,stats    ] Concurrent Weak References          679 us, parallelism: 1.13x
[34.054s][info][gc,stats    ]   CWRF: <total>                     766 us
[34.054s][info][gc,stats    ]   CWRF: Weak References             766 us, workers (us): 600, 166, ---, ---, ---, ---, ---, ---, 
[34.054s][info][gc,stats    ] Concurrent Weak Roots              1582 us
[34.054s][info][gc,stats    ]   Roots                            1495 us, parallelism: 1.68x
[34.054s][info][gc,stats    ]     CWR: <total>                   2515 us
[34.054s][info][gc,stats    ]     CWR: VM Weak Roots             2515 us, workers (us): 1417, 1097, ---, ---, ---, ---, ---, ---, 
[34.054s][info][gc,stats    ]   Rendezvous                         66 us
[34.054s][info][gc,stats    ] Concurrent Cleanup                  108 us
[34.054s][info][gc,stats    ] Concurrent Strong Roots            7837 us, parallelism: 1.05x
[34.054s][info][gc,stats    ]   CSR: <total>                     8199 us
[34.054s][info][gc,stats    ]   CSR: Code Cache Roots            6697 us, workers (us): 3016, 3680, ---, ---, ---, ---, ---, ---, 
[34.054s][info][gc,stats    ]   CSR: VM Strong Roots               45 us, workers (us):  45,   0, ---, ---, ---, ---, ---, ---, 
[34.054s][info][gc,stats    ]   CSR: CLDG Roots                  1457 us, workers (us): 1457, ---, ---, ---, ---, ---, ---, ---, 
[34.054s][info][gc,stats    ] Concurrent Evacuation              6554 us
[34.054s][info][gc,stats    ] Pause Init Update Refs (G)           88 us
[34.054s][info][gc,stats    ] Pause Init Update Refs (N)           34 us
[34.054s][info][gc,stats    ]   Manage GCLABs                      11 us
[34.054s][info][gc,stats    ] Concurrent Update Refs            20831 us
[34.054s][info][gc,stats    ] Concurrent Update Thread Roots      611 us
[34.054s][info][gc,stats    ] Pause Final Update Refs (G)         139 us
[34.054s][info][gc,stats    ] Pause Final Update Refs (N)         101 us
[34.054s][info][gc,stats    ]   Update Region States               50 us
[34.054s][info][gc,stats    ]   Trash Collection Set                5 us
[34.054s][info][gc,stats    ]   Rebuild Free Set                   20 us
[34.054s][info][gc,stats    ] Concurrent Cleanup                   66 us
[34.054s][info][gc,stats    ] 
[34.054s][info][gc,stats    ] Allocation pacing accrued:
[34.054s][info][gc,stats    ]       0 of 30113 ms (  0.0%): <total>
[34.054s][info][gc,stats    ]       0 of 30113 ms (  0.0%): <average total>
[34.054s][info][gc,stats    ] 
[34.054s][info][gc,metaspace] Metaspace: 62402K(62848K)->62403K(62848K) NonClass: 55357K(55616K)->55358K(55616K) Class: 7044K(7232K)->7044K(7232K)
[34.054s][info][gc,ergo     ] Pacer for Idle. Initial: 40642K, Alloc Tax Rate: 1.0x
[35.060s][info][gc,start    ] Concurrent uncommit
[35.075s][info][gc          ] Concurrent uncommit 108M->108M(110M) 15.660ms
[47.721s][info][gc          ] Trigger: Metadata GC Threshold
[47.721s][info][gc,ergo     ] Free: 1753M, Max: 512K regular, 1656M humongous, Frag: 6% external, 0% internal; Reserve: 101888K, Max: 512K
[47.721s][info][gc,start    ] GC(4) Concurrent reset
[47.721s][info][gc,task     ] GC(4) Using 2 of 8 workers for concurrent reset
[47.721s][info][gc,ergo     ] GC(4) Pacer for Reset. Non-Taxable: 1984M
[47.722s][info][gc          ] GC(4) Concurrent reset 1.124ms
[47.724s][info][gc,start    ] GC(4) Pause Init Mark (unload classes)
[47.724s][info][gc,task     ] GC(4) Using 8 of 8 workers for init marking
[47.724s][info][gc,ref      ] GC(4) Clearing All SoftReferences
[47.724s][info][gc,ergo     ] GC(4) Pacer for Mark. Expected Live: 70899K, Free: 1753M, Non-Taxable: 175M, Alloc Tax Rate: 0.0x
[47.724s][info][gc          ] GC(4) Pause Init Mark (unload classes) 0.107ms
[47.725s][info][gc,start    ] GC(4) Concurrent marking roots
[47.725s][info][gc,task     ] GC(4) Using 2 of 8 workers for concurrent marking roots
[47.727s][info][gc          ] GC(4) Concurrent marking roots 2.572ms
[47.727s][info][gc,start    ] GC(4) Concurrent marking (unload classes)
[47.727s][info][gc,task     ] GC(4) Using 2 of 8 workers for concurrent marking
[47.859s][info][gc          ] GC(4) Concurrent marking (unload classes) 132.340ms
[47.860s][info][gc,start    ] GC(4) Pause Final Mark (unload classes)
[47.860s][info][gc,task     ] GC(4) Using 8 of 8 workers for final marking
[47.861s][info][gc,ergo     ] GC(4) CSet Selection. Actual Free: 1799M, Max CSet: 1349M
[47.861s][info][gc,ergo     ] GC(4) Collectable Garbage: 54128K (98%), Immediate: 4541K (8%), CSet: 49587K (90%)
[47.861s][info][gc,ergo     ] GC(4) Pacer for Evacuation. Used CSet: 54235K, Free: 1700M, Non-Taxable: 170M, Alloc Tax Rate: 1.1x
[47.861s][info][gc          ] GC(4) Pause Final Mark (unload classes) 0.635ms
[47.861s][info][gc,start    ] GC(4) Concurrent thread roots
[47.861s][info][gc,task     ] GC(4) Using 2 of 8 workers for Concurrent thread roots
[47.863s][info][gc          ] GC(4) Concurrent thread roots 1.874ms
[47.863s][info][gc,start    ] GC(4) Concurrent weak references
[47.863s][info][gc,task     ] GC(4) Using 2 of 8 workers for concurrent weak references
[47.864s][info][gc,ref      ] GC(4) Encountered references: Soft: 2471, Weak: 4554, Final: 74, Phantom: 777
[47.864s][info][gc,ref      ] GC(4) Discovered  references: Soft: 2370, Weak: 2048, Final: 49, Phantom: 766
[47.864s][info][gc,ref      ] GC(4) Enqueued    references: Soft: 52, Weak: 156, Final: 0, Phantom: 92
[47.864s][info][gc          ] GC(4) Concurrent weak references 0.932ms
[47.864s][info][gc,start    ] GC(4) Concurrent weak roots
[47.864s][info][gc,task     ] GC(4) Using 2 of 8 workers for concurrent weak root
[47.912s][info][gc          ] GC(4) Concurrent weak roots 48.591ms
[47.912s][info][gc,start    ] GC(4) Concurrent cleanup
[47.912s][info][gc          ] GC(4) Concurrent cleanup 201M->196M(204M) 0.130ms
[47.912s][info][gc,ergo     ] GC(4) Free: 1687M, Max: 512K regular, 1684M humongous, Frag: 1% external, 0% internal; Reserve: 100191K, Max: 512K
[47.912s][info][gc,start    ] GC(4) Concurrent class unloading
[47.912s][info][gc,task     ] GC(4) Using 2 of 8 workers for concurrent class unloading
[47.982s][info][gc          ] GC(4) Concurrent class unloading 69.860ms
[47.982s][info][gc,start    ] GC(4) Concurrent strong roots
[47.982s][info][gc,task     ] GC(4) Using 2 of 8 workers for concurrent strong root
[47.983s][info][gc          ] GC(4) Concurrent strong roots 0.568ms
[47.983s][info][gc,start    ] GC(4) Concurrent evacuation
[47.983s][info][gc,task     ] GC(4) Using 2 of 8 workers for concurrent evacuation
[47.987s][info][gc          ] GC(4) Concurrent evacuation 4.610ms
[47.989s][info][gc,start    ] GC(4) Pause Init Update Refs
[47.989s][info][gc,ergo     ] GC(4) Pacer for Update Refs. Used: 218M, Free: 1669M, Non-Taxable: 166M, Alloc Tax Rate: 1.1x
[47.989s][info][gc          ] GC(4) Pause Init Update Refs 0.078ms
[47.989s][info][gc,start    ] GC(4) Concurrent update references
[47.989s][info][gc,task     ] GC(4) Using 2 of 8 workers for concurrent reference update
[48.054s][info][gc          ] GC(4) Concurrent update references 65.354ms
[48.054s][info][gc,start    ] GC(4) Concurrent update thread roots
[48.055s][info][gc          ] GC(4) Concurrent update thread roots 1.184ms
[48.055s][info][gc,start    ] GC(4) Pause Final Update Refs
[48.055s][info][gc,task     ] GC(4) Using 8 of 8 workers for final reference update
[48.055s][info][gc          ] GC(4) Pause Final Update Refs 0.106ms
[48.055s][info][gc,start    ] GC(4) Concurrent cleanup
[48.056s][info][gc          ] GC(4) Concurrent cleanup 226M->173M(230M) 0.097ms
[48.056s][info][gc,ergo     ] Free: 1709M, Max: 512K regular, 1660M humongous, Frag: 3% external, 0% internal; Reserve: 101888K, Max: 512K
[48.056s][info][gc,stats    ] 
[48.056s][info][gc,stats    ] All times are wall-clock times, except per-root-class counters, that are sum over
[48.056s][info][gc,stats    ] all workers. Dividing the <total> over the root stage time estimates parallelism.
[48.056s][info][gc,stats    ] 
[48.056s][info][gc,stats    ] Concurrent Reset                   1146 us
[48.056s][info][gc,stats    ] Pause Init Mark (G)                2248 us
[48.056s][info][gc,stats    ] Pause Init Mark (N)                 114 us
[48.056s][info][gc,stats    ]   Update Region States               44 us
[48.056s][info][gc,stats    ] Concurrent Mark Roots              2603 us, parallelism: 1.82x
[48.056s][info][gc,stats    ]   CMR: <total>                     4727 us
[48.056s][info][gc,stats    ]   CMR: Thread Roots                4134 us, workers (us): 2164, 1970, ---, ---, ---, ---, ---, ---, 
[48.056s][info][gc,stats    ]   CMR: VM Strong Roots              464 us, workers (us): 254, 210, ---, ---, ---, ---, ---, ---, 
[48.056s][info][gc,stats    ]   CMR: CLDG Roots                   129 us, workers (us): ---, 129, ---, ---, ---, ---, ---, ---, 
[48.056s][info][gc,stats    ] Concurrent Marking               132370 us
[48.056s][info][gc,stats    ] Pause Final Mark (G)               1258 us
[48.056s][info][gc,stats    ] Pause Final Mark (N)                642 us
[48.056s][info][gc,stats    ]   Finish Mark                       461 us
[48.056s][info][gc,stats    ]   Update Region States               43 us
[48.056s][info][gc,stats    ]   Choose Collection Set              56 us
[48.056s][info][gc,stats    ]   Rebuild Free Set                   17 us
[48.056s][info][gc,stats    ] Concurrent Thread Roots            1893 us, parallelism: 0.86x
[48.056s][info][gc,stats    ]   CTR: <total>                     1624 us
[48.056s][info][gc,stats    ]   CTR: Thread Roots                1624 us, workers (us): 1623,   0, ---, ---, ---, ---, ---, ---, 
[48.056s][info][gc,stats    ] Concurrent Weak References          939 us, parallelism: 0.85x
[48.056s][info][gc,stats    ]   CWRF: <total>                     800 us
[48.056s][info][gc,stats    ]   CWRF: Weak References             800 us, workers (us): 799,   1, ---, ---, ---, ---, ---, ---, 
[48.056s][info][gc,stats    ] Concurrent Weak Roots             48617 us
[48.056s][info][gc,stats    ]   Roots                           33258 us, parallelism: 1.72x
[48.056s][info][gc,stats    ]     CWR: <total>                  57194 us
[48.056s][info][gc,stats    ]     CWR: Code Cache Roots         13369 us, workers (us): 1857, 11513, ---, ---, ---, ---, ---, ---, 
[48.056s][info][gc,stats    ]     CWR: VM Weak Roots            43773 us, workers (us): 22165, 21609, ---, ---, ---, ---, ---, ---, 
[48.056s][info][gc,stats    ]     CWR: CLDG Roots                  51 us, workers (us): ---,  51, ---, ---, ---, ---, ---, ---, 
[48.056s][info][gc,stats    ]   Rendezvous                      15316 us
[48.056s][info][gc,stats    ] Concurrent Cleanup                  137 us
[48.056s][info][gc,stats    ] Concurrent Class Unloading        69884 us
[48.056s][info][gc,stats    ]   Unlink Stale                    56874 us
[48.056s][info][gc,stats    ]     System Dictionary               284 us
[48.056s][info][gc,stats    ]     Weak Class Links              48179 us
[48.056s][info][gc,stats    ]     Code Roots                     8408 us
[48.056s][info][gc,stats    ]   Rendezvous                       8580 us
[48.056s][info][gc,stats    ]   Purge Unlinked                   4357 us
[48.056s][info][gc,stats    ]     Code Roots                     4172 us
[48.056s][info][gc,stats    ]     CLDG                            184 us
[48.056s][info][gc,stats    ]     Exception Caches                  0 us
[48.056s][info][gc,stats    ] Concurrent Strong Roots             583 us, parallelism: 0.80x
[48.056s][info][gc,stats    ]   CSR: <total>                      466 us
[48.056s][info][gc,stats    ]   CSR: VM Strong Roots               33 us, workers (us):  32,   1, ---, ---, ---, ---, ---, ---, 
[48.056s][info][gc,stats    ]   CSR: CLDG Roots                   433 us, workers (us): 433, ---, ---, ---, ---, ---, ---, ---, 
[48.056s][info][gc,stats    ] Concurrent Evacuation              4627 us
[48.056s][info][gc,stats    ] Pause Init Update Refs (G)         1171 us
[48.056s][info][gc,stats    ] Pause Init Update Refs (N)           85 us
[48.056s][info][gc,stats    ]   Manage GCLABs                      45 us
[48.056s][info][gc,stats    ] Concurrent Update Refs            65379 us
[48.056s][info][gc,stats    ] Concurrent Update Thread Roots     1202 us
[48.056s][info][gc,stats    ] Pause Final Update Refs (G)         257 us
[48.056s][info][gc,stats    ] Pause Final Update Refs (N)         115 us
[48.056s][info][gc,stats    ]   Update Region States               43 us
[48.056s][info][gc,stats    ]   Trash Collection Set                3 us
[48.056s][info][gc,stats    ]   Rebuild Free Set                   18 us
[48.056s][info][gc,stats    ] Concurrent Cleanup                  105 us
[48.056s][info][gc,stats    ] 
[48.056s][info][gc,stats    ] Allocation pacing accrued:
[48.056s][info][gc,stats    ]       0 of 14002 ms (  0.0%): <total>
[48.056s][info][gc,stats    ]       0 of 14002 ms (  0.0%): <average total>
[48.056s][info][gc,stats    ] 
[48.056s][info][gc,metaspace] Metaspace: 65482K(65984K)->66067K(66496K) NonClass: 58147K(58432K)->58723K(58944K) Class: 7334K(7552K)->7344K(7552K)
[48.056s][info][gc,ergo     ] Pacer for Idle. Initial: 40642K, Alloc Tax Rate: 1.0x
[48.967s][info][gc,start    ] Concurrent uncommit
[48.967s][info][gc          ] Concurrent uncommit 178M->178M(229M) 0.215ms
[49.068s][info][gc,start    ] Concurrent uncommit
[49.071s][info][gc          ] Concurrent uncommit 178M->178M(181M) 3.042ms
[54.395s][info][gc          ] Trigger: Allocated since last cycle (198M) is larger than allocation threshold (198M)
[54.395s][info][gc,ergo     ] Free: 1606M, Max: 512K regular, 1606M humongous, Frag: 0% external, 0% internal; Reserve: 101888K, Max: 512K
[54.395s][info][gc,start    ] GC(5) Concurrent reset
[54.395s][info][gc,task     ] GC(5) Using 2 of 8 workers for concurrent reset
[54.395s][info][gc,ergo     ] GC(5) Pacer for Reset. Non-Taxable: 1984M
[54.400s][info][gc          ] GC(5) Concurrent reset 5.220ms
[54.401s][info][gc,start    ] GC(5) Pause Init Mark
[54.401s][info][gc,task     ] GC(5) Using 8 of 8 workers for init marking
[54.401s][info][gc,ref      ] GC(5) Clearing All SoftReferences
[54.401s][info][gc,ergo     ] GC(5) Pacer for Mark. Expected Live: 72276K, Free: 1606M, Non-Taxable: 160M, Alloc Tax Rate: 0.1x
[54.401s][info][gc          ] GC(5) Pause Init Mark 0.125ms
[54.401s][info][gc,start    ] GC(5) Concurrent marking roots
[54.401s][info][gc,task     ] GC(5) Using 2 of 8 workers for concurrent marking roots
[54.405s][info][gc          ] GC(5) Concurrent marking roots 4.510ms
[54.405s][info][gc,start    ] GC(5) Concurrent marking
[54.405s][info][gc,task     ] GC(5) Using 2 of 8 workers for concurrent marking
[54.674s][info][gc          ] GC(5) Concurrent marking 269.118ms
[54.675s][info][gc,start    ] GC(5) Pause Final Mark
[54.675s][info][gc,task     ] GC(5) Using 8 of 8 workers for final marking
[54.679s][info][gc,ergo     ] GC(5) CSet Selection. Actual Free: 1678M, Max CSet: 1258M
[54.679s][info][gc,ergo     ] GC(5) Collectable Garbage: 190M (99%), Immediate: 7680K (3%), CSet: 183M (95%)
[54.679s][info][gc,ergo     ] GC(5) Pacer for Evacuation. Used CSet: 188M, Free: 1578M, Non-Taxable: 157M, Alloc Tax Rate: 1.1x
[54.679s][info][gc          ] GC(5) Pause Final Mark 4.281ms
[54.679s][info][gc,start    ] GC(5) Concurrent thread roots
[54.679s][info][gc,task     ] GC(5) Using 2 of 8 workers for Concurrent thread roots
[54.691s][info][gc          ] GC(5) Concurrent thread roots 11.964ms
[54.691s][info][gc,start    ] GC(5) Concurrent weak references
[54.691s][info][gc,task     ] GC(5) Using 2 of 8 workers for concurrent weak references
[54.693s][info][gc,ref      ] GC(5) Encountered references: Soft: 2448, Weak: 8702, Final: 74, Phantom: 797
[54.693s][info][gc,ref      ] GC(5) Discovered  references: Soft: 269, Weak: 4542, Final: 0, Phantom: 696
[54.693s][info][gc,ref      ] GC(5) Enqueued    references: Soft: 24, Weak: 2649, Final: 0, Phantom: 43
[54.693s][info][gc          ] GC(5) Concurrent weak references 1.747ms
[54.693s][info][gc,start    ] GC(5) Concurrent weak roots
[54.693s][info][gc,task     ] GC(5) Using 2 of 8 workers for concurrent weak root
[54.701s][info][gc          ] GC(5) Concurrent weak roots 8.842ms
[54.701s][info][gc,start    ] GC(5) Concurrent cleanup
[54.702s][info][gc          ] GC(5) Concurrent cleanup 314M->307M(318M) 0.136ms
[54.702s][info][gc,ergo     ] GC(5) Free: 1575M, Max: 512K regular, 1568M humongous, Frag: 1% external, 0% internal; Reserve: 101230K, Max: 512K
[54.702s][info][gc,start    ] GC(5) Concurrent strong roots
[54.702s][info][gc,task     ] GC(5) Using 2 of 8 workers for concurrent strong root
[54.709s][info][gc          ] GC(5) Concurrent strong roots 7.573ms
[54.709s][info][gc,start    ] GC(5) Concurrent evacuation
[54.709s][info][gc,task     ] GC(5) Using 2 of 8 workers for concurrent evacuation
[54.740s][info][gc          ] GC(5) Concurrent evacuation 31.010ms
[54.741s][info][gc,start    ] GC(5) Pause Init Update Refs
[54.741s][info][gc,ergo     ] GC(5) Pacer for Update Refs. Used: 319M, Free: 1569M, Non-Taxable: 156M, Alloc Tax Rate: 1.1x
[54.741s][info][gc          ] GC(5) Pause Init Update Refs 0.071ms
[54.742s][info][gc,start    ] GC(5) Concurrent update references
[54.742s][info][gc,task     ] GC(5) Using 2 of 8 workers for concurrent reference update
[54.919s][info][gc          ] GC(5) Concurrent update references 176.907ms
[54.919s][info][gc,start    ] GC(5) Concurrent update thread roots
[54.922s][info][gc          ] GC(5) Concurrent update thread roots 3.215ms
[54.923s][info][gc,start    ] GC(5) Pause Final Update Refs
[54.923s][info][gc,task     ] GC(5) Using 8 of 8 workers for final reference update
[54.923s][info][gc          ] GC(5) Pause Final Update Refs 0.114ms
[54.923s][info][gc,start    ] GC(5) Concurrent cleanup
[54.923s][info][gc          ] GC(5) Concurrent cleanup 333M->144M(336M) 0.128ms
[54.923s][info][gc,ergo     ] Free: 1737M, Max: 512K regular, 1551M humongous, Frag: 11% external, 0% internal; Reserve: 101888K, Max: 512K
[54.923s][info][gc,stats    ] 
[54.923s][info][gc,stats    ] All times are wall-clock times, except per-root-class counters, that are sum over
[54.923s][info][gc,stats    ] all workers. Dividing the <total> over the root stage time estimates parallelism.
[54.923s][info][gc,stats    ] 
[54.923s][info][gc,stats    ] Concurrent Reset                   5244 us
[54.923s][info][gc,stats    ] Pause Init Mark (G)                 389 us
[54.923s][info][gc,stats    ] Pause Init Mark (N)                 133 us
[54.923s][info][gc,stats    ]   Update Region States               42 us
[54.923s][info][gc,stats    ] Concurrent Mark Roots              4535 us, parallelism: 1.85x
[54.923s][info][gc,stats    ]   CMR: <total>                     8405 us
[54.923s][info][gc,stats    ]   CMR: Thread Roots                2155 us, workers (us): 1004, 1151, ---, ---, ---, ---, ---, ---, 
[54.923s][info][gc,stats    ]   CMR: Code Cache Roots            5451 us, workers (us): 3084, 2368, ---, ---, ---, ---, ---, ---, 
[54.923s][info][gc,stats    ]   CMR: VM Strong Roots               41 us, workers (us):  36,   5, ---, ---, ---, ---, ---, ---, 
[54.923s][info][gc,stats    ]   CMR: CLDG Roots                   757 us, workers (us): ---, 757, ---, ---, ---, ---, ---, ---, 
[54.923s][info][gc,stats    ] Concurrent Marking               269147 us
[54.923s][info][gc,stats    ] Pause Final Mark (G)               4460 us
[54.923s][info][gc,stats    ] Pause Final Mark (N)               4288 us
[54.923s][info][gc,stats    ]   Finish Mark                      4070 us
[54.923s][info][gc,stats    ]   Update Region States               42 us
[54.923s][info][gc,stats    ]   Choose Collection Set              83 us
[54.923s][info][gc,stats    ]   Rebuild Free Set                   20 us
[54.923s][info][gc,stats    ] Concurrent Thread Roots           11983 us, parallelism: 1.78x
[54.923s][info][gc,stats    ]   CTR: <total>                    21372 us
[54.923s][info][gc,stats    ]   CTR: Thread Roots               21372 us, workers (us): 9946, 11426, ---, ---, ---, ---, ---, ---, 
[54.923s][info][gc,stats    ] Concurrent Weak References         1754 us, parallelism: 0.93x
[54.923s][info][gc,stats    ]   CWRF: <total>                    1637 us
[54.923s][info][gc,stats    ]   CWRF: Weak References            1637 us, workers (us): 1492, 145, ---, ---, ---, ---, ---, ---, 
[54.923s][info][gc,stats    ] Concurrent Weak Roots              8866 us
[54.923s][info][gc,stats    ]   Roots                            1837 us, parallelism: 0.78x
[54.923s][info][gc,stats    ]     CWR: <total>                   1424 us
[54.923s][info][gc,stats    ]     CWR: VM Weak Roots             1424 us, workers (us): 1237, 186, ---, ---, ---, ---, ---, ---, 
[54.923s][info][gc,stats    ]   Rendezvous                       6988 us
[54.923s][info][gc,stats    ] Concurrent Cleanup                  143 us
[54.923s][info][gc,stats    ] Concurrent Strong Roots            7598 us, parallelism: 1.90x
[54.924s][info][gc,stats    ]   CSR: <total>                    14409 us
[54.924s][info][gc,stats    ]   CSR: Code Cache Roots            8042 us, workers (us): 989, 7052, ---, ---, ---, ---, ---, ---, 
[54.924s][info][gc,stats    ]   CSR: VM Strong Roots               38 us, workers (us):  38,   0, ---, ---, ---, ---, ---, ---, 
[54.924s][info][gc,stats    ]   CSR: CLDG Roots                  6329 us, workers (us): 6329, ---, ---, ---, ---, ---, ---, ---, 
[54.924s][info][gc,stats    ] Concurrent Evacuation             31036 us
[54.924s][info][gc,stats    ] Pause Init Update Refs (G)         1870 us
[54.924s][info][gc,stats    ] Pause Init Update Refs (N)           79 us
[54.924s][info][gc,stats    ]   Manage GCLABs                      35 us
[54.924s][info][gc,stats    ] Concurrent Update Refs           176932 us
[54.924s][info][gc,stats    ] Concurrent Update Thread Roots     3237 us
[54.924s][info][gc,stats    ] Pause Final Update Refs (G)         768 us
[54.924s][info][gc,stats    ] Pause Final Update Refs (N)         122 us
[54.924s][info][gc,stats    ]   Update Region States               45 us
[54.924s][info][gc,stats    ]   Trash Collection Set                5 us
[54.924s][info][gc,stats    ]   Rebuild Free Set                   19 us
[54.924s][info][gc,stats    ] Concurrent Cleanup                  136 us
[54.924s][info][gc,stats    ] 
[54.924s][info][gc,stats    ] Allocation pacing accrued:
[54.924s][info][gc,stats    ]       0 of  6868 ms (  0.0%): <total>
[54.924s][info][gc,stats    ]       0 of  6868 ms (  0.0%): <average total>
[54.924s][info][gc,stats    ] 
[54.924s][info][gc,metaspace] Metaspace: 69757K(70144K)->69916K(70272K) NonClass: 62322K(62528K)->62481K(62656K) Class: 7434K(7616K)->7435K(7616K)
[54.924s][info][gc,ergo     ] Pacer for Idle. Initial: 40642K, Alloc Tax Rate: 1.0x
[55.930s][info][gc,start    ] Concurrent uncommit
[55.949s][info][gc          ] Concurrent uncommit 186M->186M(189M) 18.963ms
[59.065s][info][gc          ] Trigger: Allocated since last cycle (198M) is larger than allocation threshold (198M)
[59.066s][info][gc,ergo     ] Free: 1597M, Max: 512K regular, 1551M humongous, Frag: 3% external, 0% internal; Reserve: 101888K, Max: 512K
[59.066s][info][gc,start    ] GC(6) Concurrent reset
[59.066s][info][gc,task     ] GC(6) Using 2 of 8 workers for concurrent reset
[59.066s][info][gc,ergo     ] GC(6) Pacer for Reset. Non-Taxable: 1984M
[59.067s][info][gc          ] GC(6) Concurrent reset 1.636ms
[59.067s][info][gc,start    ] GC(6) Pause Init Mark
[59.067s][info][gc,task     ] GC(6) Using 8 of 8 workers for init marking
[59.067s][info][gc,ref      ] GC(6) Clearing All SoftReferences
[59.067s][info][gc,ergo     ] GC(6) Pacer for Mark. Expected Live: 76574K, Free: 1597M, Non-Taxable: 159M, Alloc Tax Rate: 0.1x
[59.067s][info][gc          ] GC(6) Pause Init Mark 0.087ms
[59.068s][info][gc,start    ] GC(6) Concurrent marking roots
[59.068s][info][gc,task     ] GC(6) Using 2 of 8 workers for concurrent marking roots
[59.083s][info][gc          ] GC(6) Concurrent marking roots 15.884ms
[59.083s][info][gc,start    ] GC(6) Concurrent marking
[59.083s][info][gc,task     ] GC(6) Using 2 of 8 workers for concurrent marking
[59.370s][info][gc          ] GC(6) Concurrent marking 286.389ms
[59.371s][info][gc,start    ] GC(6) Pause Final Mark
[59.371s][info][gc,task     ] GC(6) Using 8 of 8 workers for final marking
[59.372s][info][gc,ergo     ] GC(6) CSet Selection. Actual Free: 1661M, Max CSet: 1245M
[59.372s][info][gc,ergo     ] GC(6) Collectable Garbage: 196M (99%), Immediate: 7680K (3%), CSet: 189M (95%)
[59.372s][info][gc,ergo     ] GC(6) Pacer for Evacuation. Used CSet: 198M, Free: 1561M, Non-Taxable: 156M, Alloc Tax Rate: 1.1x
[59.372s][info][gc          ] GC(6) Pause Final Mark 1.108ms
[59.372s][info][gc,start    ] GC(6) Concurrent thread roots
[59.372s][info][gc,task     ] GC(6) Using 2 of 8 workers for Concurrent thread roots
[59.377s][info][gc          ] GC(6) Concurrent thread roots 4.937ms
[59.377s][info][gc,start    ] GC(6) Concurrent weak references
[59.377s][info][gc,task     ] GC(6) Using 2 of 8 workers for concurrent weak references
[59.379s][info][gc,ref      ] GC(6) Encountered references: Soft: 2432, Weak: 9419, Final: 74, Phantom: 756
[59.379s][info][gc,ref      ] GC(6) Discovered  references: Soft: 2306, Weak: 6306, Final: 0, Phantom: 746
[59.379s][info][gc,ref      ] GC(6) Enqueued    references: Soft: 9, Weak: 3363, Final: 0, Phantom: 0
[59.379s][info][gc          ] GC(6) Concurrent weak references 2.295ms
[59.379s][info][gc,start    ] GC(6) Concurrent weak roots
[59.379s][info][gc,task     ] GC(6) Using 2 of 8 workers for concurrent weak root
[59.382s][info][gc          ] GC(6) Concurrent weak roots 2.494ms
[59.382s][info][gc,start    ] GC(6) Concurrent cleanup
[59.382s][info][gc          ] GC(6) Concurrent cleanup 332M->324M(335M) 0.167ms
[59.382s][info][gc,ergo     ] GC(6) Free: 1558M, Max: 512K regular, 1551M humongous, Frag: 1% external, 0% internal; Reserve: 100817K, Max: 512K
[59.382s][info][gc,start    ] GC(6) Concurrent strong roots
[59.382s][info][gc,task     ] GC(6) Using 2 of 8 workers for concurrent strong root
[59.387s][info][gc          ] GC(6) Concurrent strong roots 4.513ms
[59.387s][info][gc,start    ] GC(6) Concurrent evacuation
[59.387s][info][gc,task     ] GC(6) Using 2 of 8 workers for concurrent evacuation
[59.425s][info][gc          ] GC(6) Concurrent evacuation 38.001ms
[59.425s][info][gc,start    ] GC(6) Pause Init Update Refs
[59.425s][info][gc,ergo     ] GC(6) Pacer for Update Refs. Used: 340M, Free: 1551M, Non-Taxable: 155M, Alloc Tax Rate: 1.1x
[59.425s][info][gc          ] GC(6) Pause Init Update Refs 0.090ms
[59.426s][info][gc,start    ] GC(6) Concurrent update references
[59.426s][info][gc,task     ] GC(6) Using 2 of 8 workers for concurrent reference update
[59.572s][info][gc          ] GC(6) Concurrent update references 146.266ms
[59.572s][info][gc,start    ] GC(6) Concurrent update thread roots
[59.578s][info][gc          ] GC(6) Concurrent update thread roots 5.807ms
[59.578s][info][gc,start    ] GC(6) Pause Final Update Refs
[59.578s][info][gc,task     ] GC(6) Using 8 of 8 workers for final reference update
[59.578s][info][gc          ] GC(6) Pause Final Update Refs 0.119ms
[59.578s][info][gc,start    ] GC(6) Concurrent cleanup
[59.578s][info][gc          ] GC(6) Concurrent cleanup 353M->155M(356M) 0.160ms
[59.578s][info][gc,ergo     ] Free: 1726M, Max: 512K regular, 1535M humongous, Frag: 12% external, 0% internal; Reserve: 101888K, Max: 512K
[59.578s][info][gc,stats    ] 
[59.578s][info][gc,stats    ] All times are wall-clock times, except per-root-class counters, that are sum over
[59.578s][info][gc,stats    ] all workers. Dividing the <total> over the root stage time estimates parallelism.
[59.578s][info][gc,stats    ] 
[59.578s][info][gc,stats    ] Concurrent Reset                   1653 us
[59.578s][info][gc,stats    ] Pause Init Mark (G)                 252 us
[59.578s][info][gc,stats    ] Pause Init Mark (N)                  93 us
[59.578s][info][gc,stats    ]   Update Region States               26 us
[59.578s][info][gc,stats    ] Concurrent Mark Roots             15908 us, parallelism: 1.69x
[59.578s][info][gc,stats    ]   CMR: <total>                    26940 us
[59.578s][info][gc,stats    ]   CMR: Thread Roots                1559 us, workers (us): 1559,   0, ---, ---, ---, ---, ---, ---, 
[59.578s][info][gc,stats    ]   CMR: Code Cache Roots           24868 us, workers (us): 11772, 13096, ---, ---, ---, ---, ---, ---, 
[59.578s][info][gc,stats    ]   CMR: VM Strong Roots               18 us, workers (us):  18,   1, ---, ---, ---, ---, ---, ---, 
[59.578s][info][gc,stats    ]   CMR: CLDG Roots                   495 us, workers (us): 495, ---, ---, ---, ---, ---, ---, ---, 
[59.578s][info][gc,stats    ] Concurrent Marking               286438 us
[59.578s][info][gc,stats    ] Pause Final Mark (G)               2198 us
[59.578s][info][gc,stats    ] Pause Final Mark (N)               1116 us
[59.578s][info][gc,stats    ]   Finish Mark                       919 us
[59.578s][info][gc,stats    ]   Update Region States               44 us
[59.578s][info][gc,stats    ]   Choose Collection Set              65 us
[59.578s][info][gc,stats    ]   Rebuild Free Set                   19 us
[59.578s][info][gc,stats    ] Concurrent Thread Roots            4959 us, parallelism: 1.17x
[59.578s][info][gc,stats    ]   CTR: <total>                     5778 us
[59.578s][info][gc,stats    ]   CTR: Thread Roots                5778 us, workers (us): 899, 4878, ---, ---, ---, ---, ---, ---, 
[59.578s][info][gc,stats    ] Concurrent Weak References         2302 us, parallelism: 0.98x
[59.578s][info][gc,stats    ]   CWRF: <total>                    2257 us
[59.578s][info][gc,stats    ]   CWRF: Weak References            2257 us, workers (us):  64, 2193, ---, ---, ---, ---, ---, ---, 
[59.578s][info][gc,stats    ] Concurrent Weak Roots              2516 us
[59.578s][info][gc,stats    ]   Roots                            1562 us, parallelism: 0.91x
[59.578s][info][gc,stats    ]     CWR: <total>                   1421 us
[59.578s][info][gc,stats    ]     CWR: VM Weak Roots             1421 us, workers (us): 1117, 305, ---, ---, ---, ---, ---, ---, 
[59.578s][info][gc,stats    ]   Rendezvous                        915 us
[59.578s][info][gc,stats    ] Concurrent Cleanup                  176 us
[59.578s][info][gc,stats    ] Concurrent Strong Roots            4535 us, parallelism: 1.64x
[59.578s][info][gc,stats    ]   CSR: <total>                     7446 us
[59.579s][info][gc,stats    ]   CSR: Code Cache Roots            6694 us, workers (us): 2836, 3857, ---, ---, ---, ---, ---, ---, 
[59.579s][info][gc,stats    ]   CSR: VM Strong Roots               59 us, workers (us):  58,   1, ---, ---, ---, ---, ---, ---, 
[59.579s][info][gc,stats    ]   CSR: CLDG Roots                   694 us, workers (us): 694, ---, ---, ---, ---, ---, ---, ---, 
[59.579s][info][gc,stats    ] Concurrent Evacuation             38032 us
[59.579s][info][gc,stats    ] Pause Init Update Refs (G)          960 us
[59.579s][info][gc,stats    ] Pause Init Update Refs (N)           97 us
[59.579s][info][gc,stats    ]   Manage GCLABs                      37 us
[59.579s][info][gc,stats    ] Concurrent Update Refs           146293 us
[59.579s][info][gc,stats    ] Concurrent Update Thread Roots     5851 us
[59.579s][info][gc,stats    ] Pause Final Update Refs (G)         266 us
[59.579s][info][gc,stats    ] Pause Final Update Refs (N)         128 us
[59.579s][info][gc,stats    ]   Update Region States               46 us
[59.579s][info][gc,stats    ]   Trash Collection Set                7 us
[59.579s][info][gc,stats    ]   Rebuild Free Set                   21 us
[59.579s][info][gc,stats    ] Concurrent Cleanup                  172 us
[59.579s][info][gc,stats    ] 
[59.579s][info][gc,stats    ] Allocation pacing accrued:
[59.579s][info][gc,stats    ]       0 of  4655 ms (  0.0%): <total>
[59.579s][info][gc,stats    ]       0 of  4655 ms (  0.0%): <average total>
[59.579s][info][gc,stats    ] 
[59.579s][info][gc,metaspace] Metaspace: 70695K(71104K)->70704K(71104K) NonClass: 63256K(63488K)->63265K(63488K) Class: 7438K(7616K)->7438K(7616K)
[59.579s][info][gc,ergo     ] Pacer for Idle. Initial: 40642K, Alloc Tax Rate: 1.0x
[60.587s][info][gc,start    ] Concurrent uncommit
[60.647s][info][gc          ] Concurrent uncommit 207M->210M(213M) 60.242ms
[62.930s][info][gc          ] Trigger: Allocated since last cycle (198M) is larger than allocation threshold (198M)
[62.930s][info][gc,ergo     ] Free: 1594M, Max: 512K regular, 1535M humongous, Frag: 4% external, 0% internal; Reserve: 101888K, Max: 512K
[62.930s][info][gc,start    ] GC(7) Concurrent reset
[62.930s][info][gc,task     ] GC(7) Using 2 of 8 workers for concurrent reset
[62.930s][info][gc,ergo     ] GC(7) Pacer for Reset. Non-Taxable: 1984M
[62.933s][info][gc          ] GC(7) Concurrent reset 2.942ms
[62.936s][info][gc,start    ] GC(7) Pause Init Mark
[62.936s][info][gc,task     ] GC(7) Using 8 of 8 workers for init marking
[62.936s][info][gc,ref      ] GC(7) Clearing All SoftReferences
[62.936s][info][gc,ergo     ] GC(7) Pacer for Mark. Expected Live: 80295K, Free: 1594M, Non-Taxable: 159M, Alloc Tax Rate: 0.1x
[62.936s][info][gc          ] GC(7) Pause Init Mark 0.124ms
[62.938s][info][gc,start    ] GC(7) Concurrent marking roots
[62.938s][info][gc,task     ] GC(7) Using 2 of 8 workers for concurrent marking roots
[62.946s][info][gc          ] GC(7) Concurrent marking roots 8.271ms
[62.946s][info][gc,start    ] GC(7) Concurrent marking
[62.946s][info][gc,task     ] GC(7) Using 2 of 8 workers for concurrent marking
[63.241s][info][gc          ] GC(7) Concurrent marking 294.612ms
[63.241s][info][gc,start    ] GC(7) Pause Final Mark
[63.241s][info][gc,task     ] GC(7) Using 8 of 8 workers for final marking
[63.241s][info][gc,ergo     ] GC(7) CSet Selection. Actual Free: 1652M, Max CSet: 1239M
[63.241s][info][gc,ergo     ] GC(7) Collectable Garbage: 196M (99%), Immediate: 4096K (2%), CSet: 192M (97%)
[63.241s][info][gc,ergo     ] GC(7) Pacer for Evacuation. Used CSet: 199M, Free: 1553M, Non-Taxable: 155M, Alloc Tax Rate: 1.1x
[63.241s][info][gc          ] GC(7) Pause Final Mark 0.450ms
[63.241s][info][gc,start    ] GC(7) Concurrent thread roots
[63.241s][info][gc,task     ] GC(7) Using 2 of 8 workers for Concurrent thread roots
[63.242s][info][gc          ] GC(7) Concurrent thread roots 0.705ms
[63.242s][info][gc,start    ] GC(7) Concurrent weak references
[63.242s][info][gc,task     ] GC(7) Using 2 of 8 workers for concurrent weak references
[63.244s][info][gc,ref      ] GC(7) Encountered references: Soft: 2427, Weak: 9397, Final: 74, Phantom: 756
[63.244s][info][gc,ref      ] GC(7) Discovered  references: Soft: 245, Weak: 4102, Final: 0, Phantom: 742
[63.244s][info][gc,ref      ] GC(7) Enqueued    references: Soft: 4, Weak: 3342, Final: 0, Phantom: 1
[63.244s][info][gc          ] GC(7) Concurrent weak references 1.687ms
[63.244s][info][gc,start    ] GC(7) Concurrent weak roots
[63.244s][info][gc,task     ] GC(7) Using 2 of 8 workers for concurrent weak root
[63.250s][info][gc          ] GC(7) Concurrent weak roots 5.770ms
[63.250s][info][gc,start    ] GC(7) Concurrent cleanup
[63.250s][info][gc          ] GC(7) Concurrent cleanup 336M->332M(339M) 0.132ms
[63.250s][info][gc,ergo     ] GC(7) Free: 1550M, Max: 512K regular, 1535M humongous, Frag: 1% external, 0% internal; Reserve: 101172K, Max: 512K
[63.250s][info][gc,start    ] GC(7) Concurrent strong roots
[63.250s][info][gc,task     ] GC(7) Using 2 of 8 workers for concurrent strong root
[63.255s][info][gc          ] GC(7) Concurrent strong roots 5.048ms
[63.255s][info][gc,start    ] GC(7) Concurrent evacuation
[63.255s][info][gc,task     ] GC(7) Using 2 of 8 workers for concurrent evacuation
[63.283s][info][gc          ] GC(7) Concurrent evacuation 28.401ms
[63.283s][info][gc,start    ] GC(7) Pause Init Update Refs
[63.284s][info][gc,ergo     ] GC(7) Pacer for Update Refs. Used: 340M, Free: 1548M, Non-Taxable: 154M, Alloc Tax Rate: 1.1x
[63.284s][info][gc          ] GC(7) Pause Init Update Refs 0.065ms
[63.284s][info][gc,start    ] GC(7) Concurrent update references
[63.284s][info][gc,task     ] GC(7) Using 2 of 8 workers for concurrent reference update
[63.441s][info][gc          ] GC(7) Concurrent update references 157.544ms
[63.441s][info][gc,start    ] GC(7) Concurrent update thread roots
[63.442s][info][gc          ] GC(7) Concurrent update thread roots 0.884ms
[63.453s][info][gc,start    ] GC(7) Pause Final Update Refs
[63.453s][info][gc,task     ] GC(7) Using 8 of 8 workers for final reference update
[63.453s][info][gc          ] GC(7) Pause Final Update Refs 0.115ms
[63.453s][info][gc,start    ] GC(7) Concurrent cleanup
[63.453s][info][gc          ] GC(7) Concurrent cleanup 359M->160M(363M) 0.121ms
[63.453s][info][gc,ergo     ] Free: 1722M, Max: 512K regular, 1526M humongous, Frag: 12% external, 0% internal; Reserve: 101888K, Max: 512K
[63.453s][info][gc,stats    ] 
[63.453s][info][gc,stats    ] All times are wall-clock times, except per-root-class counters, that are sum over
[63.453s][info][gc,stats    ] all workers. Dividing the <total> over the root stage time estimates parallelism.
[63.453s][info][gc,stats    ] 
[63.453s][info][gc,stats    ] Concurrent Reset                   2969 us
[63.453s][info][gc,stats    ] Pause Init Mark (G)                4399 us
[63.453s][info][gc,stats    ] Pause Init Mark (N)                 131 us
[63.453s][info][gc,stats    ]   Update Region States               42 us
[63.453s][info][gc,stats    ] Concurrent Mark Roots              8302 us, parallelism: 1.63x
[63.453s][info][gc,stats    ]   CMR: <total>                    13523 us
[63.453s][info][gc,stats    ]   CMR: Thread Roots                5631 us, workers (us): 3912, 1720, ---, ---, ---, ---, ---, ---, 
[63.453s][info][gc,stats    ]   CMR: Code Cache Roots            7076 us, workers (us): 3230, 3845, ---, ---, ---, ---, ---, ---, 
[63.453s][info][gc,stats    ]   CMR: VM Strong Roots               23 us, workers (us):  22,   1, ---, ---, ---, ---, ---, ---, 
[63.453s][info][gc,stats    ]   CMR: CLDG Roots                   793 us, workers (us): 793, ---, ---, ---, ---, ---, ---, ---, 
[63.453s][info][gc,stats    ] Concurrent Marking               294645 us
[63.453s][info][gc,stats    ] Pause Final Mark (G)                743 us
[63.453s][info][gc,stats    ] Pause Final Mark (N)                467 us
[63.453s][info][gc,stats    ]   Finish Mark                       267 us
[63.453s][info][gc,stats    ]   Update Region States               42 us
[63.453s][info][gc,stats    ]   Choose Collection Set              57 us
[63.454s][info][gc,stats    ]   Rebuild Free Set                   18 us
[63.454s][info][gc,stats    ] Concurrent Thread Roots             723 us, parallelism: 1.49x
[63.454s][info][gc,stats    ]   CTR: <total>                     1079 us
[63.454s][info][gc,stats    ]   CTR: Thread Roots                1079 us, workers (us): 623, 455, ---, ---, ---, ---, ---, ---, 
[63.454s][info][gc,stats    ] Concurrent Weak References         1694 us, parallelism: 0.94x
[63.454s][info][gc,stats    ]   CWRF: <total>                    1597 us
[63.454s][info][gc,stats    ]   CWRF: Weak References            1597 us, workers (us):  59, 1539, ---, ---, ---, ---, ---, ---, 
[63.454s][info][gc,stats    ] Concurrent Weak Roots              5794 us
[63.454s][info][gc,stats    ]   Roots                            1316 us, parallelism: 0.91x
[63.454s][info][gc,stats    ]     CWR: <total>                   1195 us
[63.454s][info][gc,stats    ]     CWR: VM Weak Roots             1195 us, workers (us): 1195,   0, ---, ---, ---, ---, ---, ---, 
[63.454s][info][gc,stats    ]   Rendezvous                       4438 us
[63.454s][info][gc,stats    ] Concurrent Cleanup                  140 us
[63.454s][info][gc,stats    ] Concurrent Strong Roots            5070 us, parallelism: 1.86x
[63.454s][info][gc,stats    ]   CSR: <total>                     9450 us
[63.454s][info][gc,stats    ]   CSR: Code Cache Roots            9183 us, workers (us): 4700, 4483, ---, ---, ---, ---, ---, ---, 
[63.454s][info][gc,stats    ]   CSR: VM Strong Roots               30 us, workers (us):  30,   0, ---, ---, ---, ---, ---, ---, 
[63.454s][info][gc,stats    ]   CSR: CLDG Roots                   237 us, workers (us): 237, ---, ---, ---, ---, ---, ---, ---, 
[63.454s][info][gc,stats    ] Concurrent Evacuation             28438 us
[63.454s][info][gc,stats    ] Pause Init Update Refs (G)          426 us
[63.454s][info][gc,stats    ] Pause Init Update Refs (N)           73 us
[63.454s][info][gc,stats    ]   Manage GCLABs                      18 us
[63.454s][info][gc,stats    ] Concurrent Update Refs           157581 us
[63.454s][info][gc,stats    ] Concurrent Update Thread Roots      909 us
[63.454s][info][gc,stats    ] Pause Final Update Refs (G)       10931 us
[63.454s][info][gc,stats    ] Pause Final Update Refs (N)         124 us
[63.454s][info][gc,stats    ]   Update Region States               47 us
[63.454s][info][gc,stats    ]   Trash Collection Set                6 us
[63.454s][info][gc,stats    ]   Rebuild Free Set                   19 us
[63.454s][info][gc,stats    ] Concurrent Cleanup                  130 us
[63.454s][info][gc,stats    ] 
[63.454s][info][gc,stats    ] Allocation pacing accrued:
[63.454s][info][gc,stats    ]       0 of  3875 ms (  0.0%): <total>
[63.454s][info][gc,stats    ]       0 of  3875 ms (  0.0%): <average total>
[63.454s][info][gc,stats    ] 
[63.454s][info][gc,metaspace] Metaspace: 70775K(71168K)->70776K(71168K) NonClass: 63334K(63552K)->63334K(63552K) Class: 7441K(7616K)->7441K(7616K)
[63.454s][info][gc,ergo     ] Pacer for Idle. Initial: 40642K, Alloc Tax Rate: 1.0x
[64.460s][info][gc,start    ] Concurrent uncommit
[64.497s][info][gc          ] Concurrent uncommit 221M->221M(225M) 37.021ms
[66.318s][info][gc          ] Trigger: Allocated since last cycle (198M) is larger than allocation threshold (198M)
[66.318s][info][gc,ergo     ] Free: 1592M, Max: 512K regular, 1526M humongous, Frag: 5% external, 0% internal; Reserve: 101888K, Max: 512K
[66.318s][info][gc,start    ] GC(8) Concurrent reset
[66.318s][info][gc,task     ] GC(8) Using 2 of 8 workers for concurrent reset
[66.318s][info][gc,ergo     ] GC(8) Pacer for Reset. Non-Taxable: 1984M
[66.327s][info][gc          ] GC(8) Concurrent reset 8.722ms
[66.327s][info][gc,start    ] GC(8) Pause Init Mark
[66.327s][info][gc,task     ] GC(8) Using 8 of 8 workers for init marking
[66.327s][info][gc,ref      ] GC(8) Clearing All SoftReferences
[66.327s][info][gc,ergo     ] GC(8) Pacer for Mark. Expected Live: 84375K, Free: 1592M, Non-Taxable: 159M, Alloc Tax Rate: 0.1x
[66.327s][info][gc          ] GC(8) Pause Init Mark 0.131ms
[66.327s][info][gc,start    ] GC(8) Concurrent marking roots
[66.327s][info][gc,task     ] GC(8) Using 2 of 8 workers for concurrent marking roots
[66.341s][info][gc          ] GC(8) Concurrent marking roots 14.212ms
[66.341s][info][gc,start    ] GC(8) Concurrent marking
[66.341s][info][gc,task     ] GC(8) Using 2 of 8 workers for concurrent marking
[66.812s][info][gc          ] GC(8) Concurrent marking 470.718ms
[66.812s][info][gc,start    ] GC(8) Pause Final Mark
[66.812s][info][gc,task     ] GC(8) Using 8 of 8 workers for final marking
[66.819s][info][gc,ergo     ] GC(8) CSet Selection. Actual Free: 1631M, Max CSet: 1223M
[66.819s][info][gc,ergo     ] GC(8) Collectable Garbage: 196M (99%), Immediate: 5122K (2%), CSet: 190M (96%)
[66.819s][info][gc,ergo     ] GC(8) Pacer for Evacuation. Used CSet: 198M, Free: 1532M, Non-Taxable: 153M, Alloc Tax Rate: 1.1x
[66.819s][info][gc          ] GC(8) Pause Final Mark 6.430ms
[66.819s][info][gc,start    ] GC(8) Concurrent thread roots
[66.819s][info][gc,task     ] GC(8) Using 2 of 8 workers for Concurrent thread roots
[66.820s][info][gc          ] GC(8) Concurrent thread roots 1.263ms
[66.820s][info][gc,start    ] GC(8) Concurrent weak references
[66.820s][info][gc,task     ] GC(8) Using 2 of 8 workers for concurrent weak references
[66.822s][info][gc,ref      ] GC(8) Encountered references: Soft: 2440, Weak: 9359, Final: 74, Phantom: 762
[66.822s][info][gc,ref      ] GC(8) Discovered  references: Soft: 261, Weak: 5656, Final: 37, Phantom: 712
[66.822s][info][gc,ref      ] GC(8) Enqueued    references: Soft: 12, Weak: 3286, Final: 0, Phantom: 7
[66.822s][info][gc          ] GC(8) Concurrent weak references 2.376ms
[66.822s][info][gc,start    ] GC(8) Concurrent weak roots
[66.822s][info][gc,task     ] GC(8) Using 2 of 8 workers for concurrent weak root
[66.835s][info][gc          ] GC(8) Concurrent weak roots 12.507ms
[66.835s][info][gc,start    ] GC(8) Concurrent cleanup
[66.835s][info][gc          ] GC(8) Concurrent cleanup 359M->354M(363M) 0.135ms
[66.835s][info][gc,ergo     ] GC(8) Free: 1528M, Max: 512K regular, 1523M humongous, Frag: 1% external, 0% internal; Reserve: 101216K, Max: 512K
[66.835s][info][gc,start    ] GC(8) Concurrent strong roots
[66.835s][info][gc,task     ] GC(8) Using 2 of 8 workers for concurrent strong root
[66.849s][info][gc          ] GC(8) Concurrent strong roots 13.581ms
[66.849s][info][gc,start    ] GC(8) Concurrent evacuation
[66.849s][info][gc,task     ] GC(8) Using 2 of 8 workers for concurrent evacuation
[66.872s][info][gc          ] GC(8) Concurrent evacuation 23.535ms
[66.875s][info][gc,start    ] GC(8) Pause Init Update Refs
[66.875s][info][gc,ergo     ] GC(8) Pacer for Update Refs. Used: 368M, Free: 1521M, Non-Taxable: 152M, Alloc Tax Rate: 1.1x
[66.875s][info][gc          ] GC(8) Pause Init Update Refs 0.121ms
[66.875s][info][gc,start    ] GC(8) Concurrent update references
[66.875s][info][gc,task     ] GC(8) Using 2 of 8 workers for concurrent reference update
[67.034s][info][gc          ] GC(8) Concurrent update references 159.067ms
[67.034s][info][gc,start    ] GC(8) Concurrent update thread roots
[67.035s][info][gc          ] GC(8) Concurrent update thread roots 0.720ms
[67.037s][info][gc,start    ] GC(8) Pause Final Update Refs
[67.037s][info][gc,task     ] GC(8) Using 8 of 8 workers for final reference update
[67.037s][info][gc          ] GC(8) Pause Final Update Refs 0.125ms
[67.037s][info][gc,start    ] GC(8) Concurrent cleanup
[67.037s][info][gc          ] GC(8) Concurrent cleanup 383M->185M(386M) 0.195ms
[67.038s][info][gc,ergo     ] Free: 1696M, Max: 512K regular, 1502M humongous, Frag: 12% external, 0% internal; Reserve: 101888K, Max: 512K
[67.038s][info][gc,stats    ] 
[67.038s][info][gc,stats    ] All times are wall-clock times, except per-root-class counters, that are sum over
[67.038s][info][gc,stats    ] all workers. Dividing the <total> over the root stage time estimates parallelism.
[67.038s][info][gc,stats    ] 
[67.038s][info][gc,stats    ] Concurrent Reset                   8755 us
[67.038s][info][gc,stats    ] Pause Init Mark (G)                 344 us
[67.038s][info][gc,stats    ] Pause Init Mark (N)                 138 us
[67.038s][info][gc,stats    ]   Update Region States               42 us
[67.038s][info][gc,stats    ] Concurrent Mark Roots             14248 us, parallelism: 1.64x
[67.038s][info][gc,stats    ]   CMR: <total>                    23314 us
[67.038s][info][gc,stats    ]   CMR: Thread Roots                4431 us, workers (us): 1121, 3311, ---, ---, ---, ---, ---, ---, 
[67.038s][info][gc,stats    ]   CMR: Code Cache Roots           17960 us, workers (us): 9088, 8872, ---, ---, ---, ---, ---, ---, 
[67.038s][info][gc,stats    ]   CMR: VM Strong Roots               19 us, workers (us):  19,   1, ---, ---, ---, ---, ---, ---, 
[67.038s][info][gc,stats    ]   CMR: CLDG Roots                   904 us, workers (us): 904, ---, ---, ---, ---, ---, ---, ---, 
[67.038s][info][gc,stats    ] Concurrent Marking               470752 us
[67.038s][info][gc,stats    ] Pause Final Mark (G)               6646 us
[67.038s][info][gc,stats    ] Pause Final Mark (N)               6438 us
[67.038s][info][gc,stats    ]   Finish Mark                      6186 us
[67.038s][info][gc,stats    ]   Update Region States               67 us
[67.038s][info][gc,stats    ]   Choose Collection Set              81 us
[67.038s][info][gc,stats    ]   Rebuild Free Set                   24 us
[67.038s][info][gc,stats    ] Concurrent Thread Roots            1281 us, parallelism: 1.51x
[67.038s][info][gc,stats    ]   CTR: <total>                     1931 us
[67.038s][info][gc,stats    ]   CTR: Thread Roots                1931 us, workers (us): 1215, 716, ---, ---, ---, ---, ---, ---, 
[67.038s][info][gc,stats    ] Concurrent Weak References         2385 us, parallelism: 0.62x
[67.038s][info][gc,stats    ]   CWRF: <total>                    1480 us
[67.038s][info][gc,stats    ]   CWRF: Weak References            1480 us, workers (us): 1377, 103, ---, ---, ---, ---, ---, ---, 
[67.038s][info][gc,stats    ] Concurrent Weak Roots             12537 us
[67.038s][info][gc,stats    ]   Roots                            2769 us, parallelism: 0.99x
[67.038s][info][gc,stats    ]     CWR: <total>                   2733 us
[67.038s][info][gc,stats    ]     CWR: VM Weak Roots             2733 us, workers (us): 2695,  38, ---, ---, ---, ---, ---, ---, 
[67.038s][info][gc,stats    ]   Rendezvous                       9718 us
[67.038s][info][gc,stats    ] Concurrent Cleanup                  143 us
[67.038s][info][gc,stats    ] Concurrent Strong Roots           13615 us, parallelism: 1.71x
[67.038s][info][gc,stats    ]   CSR: <total>                    23274 us
[67.038s][info][gc,stats    ]   CSR: Code Cache Roots           22955 us, workers (us): 13078, 9876, ---, ---, ---, ---, ---, ---, 
[67.038s][info][gc,stats    ]   CSR: VM Strong Roots               31 us, workers (us):  31,   1, ---, ---, ---, ---, ---, ---, 
[67.038s][info][gc,stats    ]   CSR: CLDG Roots                   288 us, workers (us): 288, ---, ---, ---, ---, ---, ---, ---, 
[67.038s][info][gc,stats    ] Concurrent Evacuation             23571 us
[67.038s][info][gc,stats    ] Pause Init Update Refs (G)         2527 us
[67.038s][info][gc,stats    ] Pause Init Update Refs (N)          129 us
[67.038s][info][gc,stats    ]   Manage GCLABs                      74 us
[67.038s][info][gc,stats    ] Concurrent Update Refs           159120 us
[67.038s][info][gc,stats    ] Concurrent Update Thread Roots      745 us
[67.038s][info][gc,stats    ] Pause Final Update Refs (G)        2477 us
[67.038s][info][gc,stats    ] Pause Final Update Refs (N)         135 us
[67.038s][info][gc,stats    ]   Update Region States               50 us
[67.038s][info][gc,stats    ]   Trash Collection Set                7 us
[67.038s][info][gc,stats    ]   Rebuild Free Set                   23 us
[67.038s][info][gc,stats    ] Concurrent Cleanup                  207 us
[67.038s][info][gc,stats    ] 
[67.038s][info][gc,stats    ] Allocation pacing accrued:
[67.038s][info][gc,stats    ]       0 of  3584 ms (  0.0%): <total>
[67.038s][info][gc,stats    ]       0 of  3584 ms (  0.0%): <average total>
[67.038s][info][gc,stats    ] 
[67.038s][info][gc,metaspace] Metaspace: 70841K(71232K)->70848K(71232K) NonClass: 63392K(63616K)->63397K(63616K) Class: 7449K(7616K)->7451K(7616K)
[67.038s][info][gc,ergo     ] Pacer for Idle. Initial: 40642K, Alloc Tax Rate: 1.0x
[68.044s][info][gc,start    ] Concurrent uncommit
[68.092s][info][gc          ] Concurrent uncommit 239M->241M(245M) 47.851ms
[69.586s][info][gc          ] Trigger: Allocated since last cycle (198M) is larger than allocation threshold (198M)
[69.586s][info][gc,ergo     ] Free: 1588M, Max: 512K regular, 1502M humongous, Frag: 6% external, 0% internal; Reserve: 101888K, Max: 512K
[69.586s][info][gc,start    ] GC(9) Concurrent reset
[69.586s][info][gc,task     ] GC(9) Using 2 of 8 workers for concurrent reset
[69.586s][info][gc,ergo     ] GC(9) Pacer for Reset. Non-Taxable: 1984M
[69.601s][info][gc          ] GC(9) Concurrent reset 14.976ms
[69.601s][info][gc,start    ] GC(9) Pause Init Mark
[69.601s][info][gc,task     ] GC(9) Using 8 of 8 workers for init marking
[69.601s][info][gc,ref      ] GC(9) Clearing All SoftReferences
[69.601s][info][gc,ergo     ] GC(9) Pacer for Mark. Expected Live: 88157K, Free: 1588M, Non-Taxable: 158M, Alloc Tax Rate: 0.1x
[69.601s][info][gc          ] GC(9) Pause Init Mark 0.138ms
[69.602s][info][gc,start    ] GC(9) Concurrent marking roots
[69.602s][info][gc,task     ] GC(9) Using 2 of 8 workers for concurrent marking roots
[69.613s][info][gc          ] GC(9) Concurrent marking roots 11.384ms
[69.613s][info][gc,start    ] GC(9) Concurrent marking
[69.613s][info][gc,task     ] GC(9) Using 2 of 8 workers for concurrent marking
[69.890s][info][gc          ] GC(9) Concurrent marking 276.996ms
[69.892s][info][gc,start    ] GC(9) Pause Final Mark
[69.892s][info][gc,task     ] GC(9) Using 8 of 8 workers for final marking
[69.902s][info][gc,ergo     ] GC(9) CSet Selection. Actual Free: 1648M, Max CSet: 1236M
[69.903s][info][gc,ergo     ] GC(9) Collectable Garbage: 196M (99%), Immediate: 4096K (2%), CSet: 192M (97%)
[69.903s][info][gc,ergo     ] GC(9) Pacer for Evacuation. Used CSet: 197M, Free: 1548M, Non-Taxable: 154M, Alloc Tax Rate: 1.1x
[69.903s][info][gc          ] GC(9) Pause Final Mark 10.325ms
[69.903s][info][gc,start    ] GC(9) Concurrent thread roots
[69.903s][info][gc,task     ] GC(9) Using 2 of 8 workers for Concurrent thread roots
[69.907s][info][gc          ] GC(9) Concurrent thread roots 4.293ms
[69.907s][info][gc,start    ] GC(9) Concurrent weak references
[69.907s][info][gc,task     ] GC(9) Using 2 of 8 workers for concurrent weak references
[69.909s][info][gc,ref      ] GC(9) Encountered references: Soft: 2432, Weak: 9335, Final: 74, Phantom: 759
[69.909s][info][gc,ref      ] GC(9) Discovered  references: Soft: 2304, Weak: 5673, Final: 0, Phantom: 747
[69.909s][info][gc,ref      ] GC(9) Enqueued    references: Soft: 4, Weak: 3254, Final: 0, Phantom: 5
[69.909s][info][gc          ] GC(9) Concurrent weak references 1.675ms
[69.909s][info][gc,start    ] GC(9) Concurrent weak roots
[69.909s][info][gc,task     ] GC(9) Using 2 of 8 workers for concurrent weak root
[69.910s][info][gc          ] GC(9) Concurrent weak roots 1.423ms
[69.910s][info][gc,start    ] GC(9) Concurrent cleanup
[69.910s][info][gc          ] GC(9) Concurrent cleanup 343M->339M(347M) 0.151ms
[69.910s][info][gc,ergo     ] GC(9) Free: 1543M, Max: 512K regular, 1502M humongous, Frag: 3% external, 0% internal; Reserve: 101247K, Max: 512K
[69.910s][info][gc,start    ] GC(9) Concurrent strong roots
[69.910s][info][gc,task     ] GC(9) Using 2 of 8 workers for concurrent strong root
[69.948s][info][gc          ] GC(9) Concurrent strong roots 37.954ms
[69.948s][info][gc,start    ] GC(9) Concurrent evacuation
[69.948s][info][gc,task     ] GC(9) Using 2 of 8 workers for concurrent evacuation
[69.954s][info][gc          ] GC(9) Concurrent evacuation 5.844ms
[69.954s][info][gc,start    ] GC(9) Pause Init Update Refs
[69.954s][info][gc,ergo     ] GC(9) Pacer for Update Refs. Used: 348M, Free: 1538M, Non-Taxable: 153M, Alloc Tax Rate: 1.1x
[69.954s][info][gc          ] GC(9) Pause Init Update Refs 0.076ms
[69.954s][info][gc,start    ] GC(9) Concurrent update references
[69.954s][info][gc,task     ] GC(9) Using 2 of 8 workers for concurrent reference update
[70.069s][info][gc          ] GC(9) Concurrent update references 114.117ms
[70.069s][info][gc,start    ] GC(9) Concurrent update thread roots
[70.070s][info][gc          ] GC(9) Concurrent update thread roots 1.020ms
[70.070s][info][gc,start    ] GC(9) Pause Final Update Refs
[70.070s][info][gc,task     ] GC(9) Using 8 of 8 workers for final reference update
[70.070s][info][gc          ] GC(9) Pause Final Update Refs 0.119ms
[70.070s][info][gc,start    ] GC(9) Concurrent cleanup
[70.070s][info][gc          ] GC(9) Concurrent cleanup 359M->162M(363M) 0.094ms
[70.070s][info][gc,ergo     ] Free: 1720M, Max: 512K regular, 1558M humongous, Frag: 10% external, 0% internal; Reserve: 101888K, Max: 512K
[70.070s][info][gc,stats    ] 
[70.070s][info][gc,stats    ] All times are wall-clock times, except per-root-class counters, that are sum over
[70.070s][info][gc,stats    ] all workers. Dividing the <total> over the root stage time estimates parallelism.
[70.070s][info][gc,stats    ] 
[70.070s][info][gc,stats    ] Concurrent Reset                  15005 us
[70.070s][info][gc,stats    ] Pause Init Mark (G)                 907 us
[70.070s][info][gc,stats    ] Pause Init Mark (N)                 146 us
[70.070s][info][gc,stats    ]   Update Region States               60 us
[70.070s][info][gc,stats    ] Concurrent Mark Roots             11414 us, parallelism: 1.68x
[70.070s][info][gc,stats    ]   CMR: <total>                    19153 us
[70.070s][info][gc,stats    ]   CMR: Thread Roots                1187 us, workers (us): 1187,   0, ---, ---, ---, ---, ---, ---, 
[70.070s][info][gc,stats    ]   CMR: Code Cache Roots           17254 us, workers (us): 9239, 8015, ---, ---, ---, ---, ---, ---, 
[70.070s][info][gc,stats    ]   CMR: VM Strong Roots               32 us, workers (us):  31,   1, ---, ---, ---, ---, ---, ---, 
[70.070s][info][gc,stats    ]   CMR: CLDG Roots                   679 us, workers (us): 679, ---, ---, ---, ---, ---, ---, ---, 
[70.070s][info][gc,stats    ] Concurrent Marking               277027 us
[70.070s][info][gc,stats    ] Pause Final Mark (G)              12542 us
[70.070s][info][gc,stats    ] Pause Final Mark (N)              10333 us
[70.070s][info][gc,stats    ]   Finish Mark                     10114 us
[70.070s][info][gc,stats    ]   Update Region States               47 us
[70.070s][info][gc,stats    ]   Choose Collection Set              92 us
[70.070s][info][gc,stats    ]   Rebuild Free Set                   20 us
[70.070s][info][gc,stats    ] Concurrent Thread Roots            4314 us, parallelism: 1.12x
[70.070s][info][gc,stats    ]   CTR: <total>                     4818 us
[70.070s][info][gc,stats    ]   CTR: Thread Roots                4818 us, workers (us): 4191, 628, ---, ---, ---, ---, ---, ---, 
[70.070s][info][gc,stats    ] Concurrent Weak References         1682 us, parallelism: 1.02x
[70.070s][info][gc,stats    ]   CWRF: <total>                    1722 us
[70.070s][info][gc,stats    ]   CWRF: Weak References            1722 us, workers (us): 135, 1587, ---, ---, ---, ---, ---, ---, 
[70.070s][info][gc,stats    ] Concurrent Weak Roots              1439 us
[70.070s][info][gc,stats    ]   Roots                            1290 us, parallelism: 1.59x
[70.070s][info][gc,stats    ]     CWR: <total>                   2057 us
[70.070s][info][gc,stats    ]     CWR: VM Weak Roots             2057 us, workers (us): 887, 1171, ---, ---, ---, ---, ---, ---, 
[70.070s][info][gc,stats    ]   Rendezvous                        118 us
[70.070s][info][gc,stats    ] Concurrent Cleanup                  160 us
[70.070s][info][gc,stats    ] Concurrent Strong Roots           38002 us, parallelism: 1.17x
[70.070s][info][gc,stats    ]   CSR: <total>                    44631 us
[70.070s][info][gc,stats    ]   CSR: Code Cache Roots           44334 us, workers (us): 6693, 37641, ---, ---, ---, ---, ---, ---, 
[70.070s][info][gc,stats    ]   CSR: VM Strong Roots               43 us, workers (us):  43,   0, ---, ---, ---, ---, ---, ---, 
[70.070s][info][gc,stats    ]   CSR: CLDG Roots                   254 us, workers (us): 254, ---, ---, ---, ---, ---, ---, ---, 
[70.070s][info][gc,stats    ] Concurrent Evacuation              5875 us
[70.070s][info][gc,stats    ] Pause Init Update Refs (G)          256 us
[70.070s][info][gc,stats    ] Pause Init Update Refs (N)           88 us
[70.070s][info][gc,stats    ]   Manage GCLABs                      35 us
[70.070s][info][gc,stats    ] Concurrent Update Refs           114149 us
[70.070s][info][gc,stats    ] Concurrent Update Thread Roots     1045 us
[70.070s][info][gc,stats    ] Pause Final Update Refs (G)         306 us
[70.070s][info][gc,stats    ] Pause Final Update Refs (N)         128 us
[70.070s][info][gc,stats    ]   Update Region States               54 us
[70.070s][info][gc,stats    ]   Trash Collection Set                6 us
[70.070s][info][gc,stats    ]   Rebuild Free Set                   23 us
[70.070s][info][gc,stats    ] Concurrent Cleanup                  102 us
[70.070s][info][gc,stats    ] 
[70.070s][info][gc,stats    ] Allocation pacing accrued:
[70.070s][info][gc,stats    ]       0 of  3033 ms (  0.0%): <total>
[70.070s][info][gc,stats    ]       0 of  3033 ms (  0.0%): <average total>
[70.070s][info][gc,stats    ] 
[70.071s][info][gc,metaspace] Metaspace: 70874K(71232K)->70874K(71232K) NonClass: 63420K(63616K)->63420K(63616K) Class: 7453K(7616K)->7453K(7616K)
[70.071s][info][gc,ergo     ] Pacer for Idle. Initial: 40642K, Alloc Tax Rate: 1.0x
[70.976s][info][gc,start    ] Concurrent uncommit
[70.976s][info][gc          ] Concurrent uncommit 217M->217M(362M) 0.256ms
[71.078s][info][gc,start    ] Concurrent uncommit
[71.106s][info][gc          ] Concurrent uncommit 220M->221M(224M) 28.104ms
[72.864s][info][gc          ] Trigger: Allocated since last cycle (198M) is larger than allocation threshold (198M)
[72.864s][info][gc,ergo     ] Free: 1586M, Max: 512K regular, 1558M humongous, Frag: 2% external, 0% internal; Reserve: 101888K, Max: 512K
[72.864s][info][gc,start    ] GC(10) Concurrent reset
[72.864s][info][gc,task     ] GC(10) Using 2 of 8 workers for concurrent reset
[72.864s][info][gc,ergo     ] GC(10) Pacer for Reset. Non-Taxable: 1984M
[72.870s][info][gc          ] GC(10) Concurrent reset 6.575ms
[72.871s][info][gc,start    ] GC(10) Pause Init Mark
[72.871s][info][gc,task     ] GC(10) Using 8 of 8 workers for init marking
[72.871s][info][gc,ref      ] GC(10) Clearing All SoftReferences
[72.871s][info][gc,ergo     ] GC(10) Pacer for Mark. Expected Live: 92187K, Free: 1585M, Non-Taxable: 158M, Alloc Tax Rate: 0.1x
[72.871s][info][gc          ] GC(10) Pause Init Mark 0.111ms
[72.871s][info][gc,start    ] GC(10) Concurrent marking roots
[72.871s][info][gc,task     ] GC(10) Using 2 of 8 workers for concurrent marking roots
[72.884s][info][gc          ] GC(10) Concurrent marking roots 12.794ms
[72.884s][info][gc,start    ] GC(10) Concurrent marking
[72.884s][info][gc,task     ] GC(10) Using 2 of 8 workers for concurrent marking
[73.209s][info][gc          ] GC(10) Concurrent marking 324.995ms
[73.210s][info][gc,start    ] GC(10) Pause Final Mark
[73.210s][info][gc,task     ] GC(10) Using 8 of 8 workers for final marking
[73.213s][info][gc,ergo     ] GC(10) CSet Selection. Actual Free: 1631M, Max CSet: 1223M
[73.213s][info][gc,ergo     ] GC(10) Collectable Garbage: 196M (99%), Immediate: 4606K (2%), CSet: 191M (96%)
[73.213s][info][gc,ergo     ] GC(10) Pacer for Evacuation. Used CSet: 197M, Free: 1532M, Non-Taxable: 153M, Alloc Tax Rate: 1.1x
[73.213s][info][gc          ] GC(10) Pause Final Mark 3.846ms
[73.214s][info][gc,start    ] GC(10) Concurrent thread roots
[73.214s][info][gc,task     ] GC(10) Using 2 of 8 workers for Concurrent thread roots
[73.216s][info][gc          ] GC(10) Concurrent thread roots 2.241ms
[73.216s][info][gc,start    ] GC(10) Concurrent weak references
[73.216s][info][gc,task     ] GC(10) Using 2 of 8 workers for concurrent weak references
[73.217s][info][gc,ref      ] GC(10) Encountered references: Soft: 2430, Weak: 9679, Final: 74, Phantom: 755
[73.217s][info][gc,ref      ] GC(10) Discovered  references: Soft: 255, Weak: 5961, Final: 18, Phantom: 748
[73.217s][info][gc,ref      ] GC(10) Enqueued    references: Soft: 2, Weak: 3596, Final: 0, Phantom: 1
[73.217s][info][gc          ] GC(10) Concurrent weak references 1.317ms
[73.217s][info][gc,start    ] GC(10) Concurrent weak roots
[73.217s][info][gc,task     ] GC(10) Using 2 of 8 workers for concurrent weak root
[73.220s][info][gc          ] GC(10) Concurrent weak roots 2.569ms
[73.220s][info][gc,start    ] GC(10) Concurrent cleanup
[73.220s][info][gc          ] GC(10) Concurrent cleanup 358M->353M(361M) 0.132ms
[73.220s][info][gc,ergo     ] GC(10) Free: 1529M, Max: 512K regular, 1524M humongous, Frag: 1% external, 0% internal; Reserve: 101182K, Max: 512K
[73.220s][info][gc,start    ] GC(10) Concurrent strong roots
[73.220s][info][gc,task     ] GC(10) Using 2 of 8 workers for concurrent strong root
[73.228s][info][gc          ] GC(10) Concurrent strong roots 8.297ms
[73.228s][info][gc,start    ] GC(10) Concurrent evacuation
[73.228s][info][gc,task     ] GC(10) Using 2 of 8 workers for concurrent evacuation
[73.265s][info][gc          ] GC(10) Concurrent evacuation 36.472ms
[73.265s][info][gc,start    ] GC(10) Pause Init Update Refs
[73.265s][info][gc,ergo     ] GC(10) Pacer for Update Refs. Used: 365M, Free: 1523M, Non-Taxable: 152M, Alloc Tax Rate: 1.1x
[73.265s][info][gc          ] GC(10) Pause Init Update Refs 0.042ms
[73.265s][info][gc,start    ] GC(10) Concurrent update references
[73.265s][info][gc,task     ] GC(10) Using 2 of 8 workers for concurrent reference update
[73.372s][info][gc          ] GC(10) Concurrent update references 106.780ms
[73.372s][info][gc,start    ] GC(10) Concurrent update thread roots
[73.375s][info][gc          ] GC(10) Concurrent update thread roots 3.317ms
[73.378s][info][gc,start    ] GC(10) Pause Final Update Refs
[73.378s][info][gc,task     ] GC(10) Using 8 of 8 workers for final reference update
[73.378s][info][gc          ] GC(10) Pause Final Update Refs 0.127ms
[73.378s][info][gc,start    ] GC(10) Concurrent cleanup
[73.379s][info][gc          ] GC(10) Concurrent cleanup 377M->180M(380M) 0.076ms
[73.379s][info][gc,ergo     ] Free: 1702M, Max: 512K regular, 1507M humongous, Frag: 12% external, 0% internal; Reserve: 101888K, Max: 512K
[73.379s][info][gc,stats    ] 
[73.379s][info][gc,stats    ] All times are wall-clock times, except per-root-class counters, that are sum over
[73.379s][info][gc,stats    ] all workers. Dividing the <total> over the root stage time estimates parallelism.
[73.379s][info][gc,stats    ] 
[73.379s][info][gc,stats    ] Concurrent Reset                   6608 us
[73.379s][info][gc,stats    ] Pause Init Mark (G)                 827 us
[73.379s][info][gc,stats    ] Pause Init Mark (N)                 118 us
[73.379s][info][gc,stats    ]   Update Region States               47 us
[73.379s][info][gc,stats    ] Concurrent Mark Roots             12822 us, parallelism: 1.85x
[73.379s][info][gc,stats    ]   CMR: <total>                    23739 us
[73.379s][info][gc,stats    ]   CMR: Thread Roots                3414 us, workers (us): 2450, 964, ---, ---, ---, ---, ---, ---, 
[73.379s][info][gc,stats    ]   CMR: Code Cache Roots           12003 us, workers (us): 10155, 1848, ---, ---, ---, ---, ---, ---, 
[73.379s][info][gc,stats    ]   CMR: VM Strong Roots               25 us, workers (us):  13,  11, ---, ---, ---, ---, ---, ---, 
[73.379s][info][gc,stats    ]   CMR: CLDG Roots                  8296 us, workers (us): ---, 8296, ---, ---, ---, ---, ---, ---, 
[73.379s][info][gc,stats    ] Concurrent Marking               325028 us
[73.379s][info][gc,stats    ] Pause Final Mark (G)               4494 us
[73.379s][info][gc,stats    ] Pause Final Mark (N)               3855 us
[73.379s][info][gc,stats    ]   Finish Mark                      3598 us
[73.379s][info][gc,stats    ]   Update Region States               45 us
[73.379s][info][gc,stats    ]   Choose Collection Set             114 us
[73.379s][info][gc,stats    ]   Rebuild Free Set                   26 us
[73.379s][info][gc,stats    ] Concurrent Thread Roots            2263 us, parallelism: 1.68x
[73.379s][info][gc,stats    ]   CTR: <total>                     3813 us
[73.379s][info][gc,stats    ]   CTR: Thread Roots                3813 us, workers (us): 2036, 1776, ---, ---, ---, ---, ---, ---, 
[73.379s][info][gc,stats    ] Concurrent Weak References         1324 us, parallelism: 1.24x
[73.379s][info][gc,stats    ]   CWRF: <total>                    1637 us
[73.379s][info][gc,stats    ]   CWRF: Weak References            1637 us, workers (us): 1232, 405, ---, ---, ---, ---, ---, ---, 
[73.379s][info][gc,stats    ] Concurrent Weak Roots              2587 us
[73.379s][info][gc,stats    ]   Roots                            2365 us, parallelism: 1.19x
[73.379s][info][gc,stats    ]     CWR: <total>                   2817 us
[73.379s][info][gc,stats    ]     CWR: VM Weak Roots             2817 us, workers (us): 1913, 904, ---, ---, ---, ---, ---, ---, 
[73.379s][info][gc,stats    ]   Rendezvous                        190 us
[73.379s][info][gc,stats    ] Concurrent Cleanup                  139 us
[73.379s][info][gc,stats    ] Concurrent Strong Roots            8321 us, parallelism: 1.18x
[73.379s][info][gc,stats    ]   CSR: <total>                     9783 us
[73.379s][info][gc,stats    ]   CSR: Code Cache Roots            9475 us, workers (us): 7703, 1773, ---, ---, ---, ---, ---, ---, 
[73.379s][info][gc,stats    ]   CSR: VM Strong Roots               35 us, workers (us):  34,   1, ---, ---, ---, ---, ---, ---, 
[73.379s][info][gc,stats    ]   CSR: CLDG Roots                   273 us, workers (us): 273, ---, ---, ---, ---, ---, ---, ---, 
[73.379s][info][gc,stats    ] Concurrent Evacuation             36505 us
[73.379s][info][gc,stats    ] Pause Init Update Refs (G)          107 us
[73.379s][info][gc,stats    ] Pause Init Update Refs (N)           49 us
[73.379s][info][gc,stats    ]   Manage GCLABs                      22 us
[73.379s][info][gc,stats    ] Concurrent Update Refs           106816 us
[73.379s][info][gc,stats    ] Concurrent Update Thread Roots     3347 us
[73.379s][info][gc,stats    ] Pause Final Update Refs (G)        3491 us
[73.379s][info][gc,stats    ] Pause Final Update Refs (N)         136 us
[73.379s][info][gc,stats    ]   Update Region States               46 us
[73.379s][info][gc,stats    ]   Trash Collection Set                6 us
[73.379s][info][gc,stats    ]   Rebuild Free Set                   20 us
[73.379s][info][gc,stats    ] Concurrent Cleanup                   84 us
[73.379s][info][gc,stats    ] 
[73.379s][info][gc,stats    ] Allocation pacing accrued:
[73.379s][info][gc,stats    ]       0 of  3308 ms (  0.0%): <total>
[73.379s][info][gc,stats    ]       0 of  3308 ms (  0.0%): <average total>
[73.379s][info][gc,stats    ] 
[73.379s][info][gc,metaspace] Metaspace: 70881K(71232K)->70881K(71232K) NonClass: 63427K(63616K)->63427K(63616K) Class: 7454K(7616K)->7454K(7616K)
[73.379s][info][gc,ergo     ] Pacer for Idle. Initial: 40642K, Alloc Tax Rate: 1.0x
[74.384s][info][gc,start    ] Concurrent uncommit
[74.466s][info][gc          ] Concurrent uncommit 242M->244M(247M) 81.872ms
[75.862s][info][gc          ] Trigger: Allocated since last cycle (198M) is larger than allocation threshold (198M)
[75.862s][info][gc,ergo     ] Free: 1583M, Max: 512K regular, 1507M humongous, Frag: 5% external, 0% internal; Reserve: 101888K, Max: 512K
[75.862s][info][gc,start    ] GC(11) Concurrent reset
[75.862s][info][gc,task     ] GC(11) Using 2 of 8 workers for concurrent reset
[75.862s][info][gc,ergo     ] GC(11) Pacer for Reset. Non-Taxable: 1984M
[75.868s][info][gc          ] GC(11) Concurrent reset 6.208ms
[75.868s][info][gc,start    ] GC(11) Pause Init Mark
[75.868s][info][gc,task     ] GC(11) Using 8 of 8 workers for init marking
[75.868s][info][gc,ref      ] GC(11) Clearing All SoftReferences
[75.868s][info][gc,ergo     ] GC(11) Pacer for Mark. Expected Live: 95135K, Free: 1583M, Non-Taxable: 158M, Alloc Tax Rate: 0.1x
[75.868s][info][gc          ] GC(11) Pause Init Mark 0.120ms
[75.869s][info][gc,start    ] GC(11) Concurrent marking roots
[75.869s][info][gc,task     ] GC(11) Using 2 of 8 workers for concurrent marking roots
[75.881s][info][gc          ] GC(11) Concurrent marking roots 12.797ms
[75.881s][info][gc,start    ] GC(11) Concurrent marking
[75.881s][info][gc,task     ] GC(11) Using 2 of 8 workers for concurrent marking
[76.111s][info][gc          ] GC(11) Concurrent marking 229.409ms
[76.111s][info][gc,start    ] GC(11) Pause Final Mark
[76.111s][info][gc,task     ] GC(11) Using 8 of 8 workers for final marking
[76.113s][info][gc,ergo     ] GC(11) CSet Selection. Actual Free: 1641M, Max CSet: 1230M
[76.113s][info][gc,ergo     ] GC(11) Collectable Garbage: 195M (99%), Immediate: 5120K (2%), CSet: 190M (96%)
[76.113s][info][gc,ergo     ] GC(11) Pacer for Evacuation. Used CSet: 197M, Free: 1541M, Non-Taxable: 154M, Alloc Tax Rate: 1.1x
[76.113s][info][gc          ] GC(11) Pause Final Mark 2.137ms
[76.113s][info][gc,start    ] GC(11) Concurrent thread roots
[76.113s][info][gc,task     ] GC(11) Using 2 of 8 workers for Concurrent thread roots
[76.114s][info][gc          ] GC(11) Concurrent thread roots 0.825ms
[76.114s][info][gc,start    ] GC(11) Concurrent weak references
[76.114s][info][gc,task     ] GC(11) Using 2 of 8 workers for concurrent weak references
[76.116s][info][gc,ref      ] GC(11) Encountered references: Soft: 2433, Weak: 9360, Final: 74, Phantom: 755
[76.116s][info][gc,ref      ] GC(11) Discovered  references: Soft: 248, Weak: 4416, Final: 1, Phantom: 742
[76.116s][info][gc,ref      ] GC(11) Enqueued    references: Soft: 5, Weak: 3281, Final: 0, Phantom: 0
[76.116s][info][gc          ] GC(11) Concurrent weak references 1.855ms
[76.116s][info][gc,start    ] GC(11) Concurrent weak roots
[76.116s][info][gc,task     ] GC(11) Using 2 of 8 workers for concurrent weak root
[76.119s][info][gc          ] GC(11) Concurrent weak roots 2.891ms
[76.119s][info][gc,start    ] GC(11) Concurrent cleanup
[76.119s][info][gc          ] GC(11) Concurrent cleanup 346M->341M(350M) 0.139ms
[76.119s][info][gc,ergo     ] GC(11) Free: 1540M, Max: 512K regular, 1507M humongous, Frag: 3% external, 0% internal; Reserve: 101355K, Max: 512K
[76.119s][info][gc,start    ] GC(11) Concurrent strong roots
[76.119s][info][gc,task     ] GC(11) Using 2 of 8 workers for concurrent strong root
[76.159s][info][gc          ] GC(11) Concurrent strong roots 40.483ms
[76.159s][info][gc,start    ] GC(11) Concurrent evacuation
[76.159s][info][gc,task     ] GC(11) Using 2 of 8 workers for concurrent evacuation
[76.172s][info][gc          ] GC(11) Concurrent evacuation 13.029ms
[76.173s][info][gc,start    ] GC(11) Pause Init Update Refs
[76.173s][info][gc,ergo     ] GC(11) Pacer for Update Refs. Used: 362M, Free: 1527M, Non-Taxable: 152M, Alloc Tax Rate: 1.1x
[76.173s][info][gc          ] GC(11) Pause Init Update Refs 0.115ms
[76.174s][info][gc,start    ] GC(11) Concurrent update references
[76.174s][info][gc,task     ] GC(11) Using 2 of 8 workers for concurrent reference update
[76.351s][info][gc          ] GC(11) Concurrent update references 177.091ms
[76.351s][info][gc,start    ] GC(11) Concurrent update thread roots
[76.353s][info][gc          ] GC(11) Concurrent update thread roots 2.451ms
[76.354s][info][gc,start    ] GC(11) Pause Final Update Refs
[76.354s][info][gc,task     ] GC(11) Using 8 of 8 workers for final reference update
[76.354s][info][gc          ] GC(11) Pause Final Update Refs 0.120ms
[76.354s][info][gc,start    ] GC(11) Concurrent cleanup
[76.354s][info][gc          ] GC(11) Concurrent cleanup 381M->183M(385M) 0.184ms
[76.354s][info][gc,ergo     ] Free: 1698M, Max: 512K regular, 1551M humongous, Frag: 9% external, 0% internal; Reserve: 101888K, Max: 512K
[76.354s][info][gc,stats    ] 
[76.354s][info][gc,stats    ] All times are wall-clock times, except per-root-class counters, that are sum over
[76.354s][info][gc,stats    ] all workers. Dividing the <total> over the root stage time estimates parallelism.
[76.354s][info][gc,stats    ] 
[76.354s][info][gc,stats    ] Concurrent Reset                   6243 us
[76.354s][info][gc,stats    ] Pause Init Mark (G)                 343 us
[76.354s][info][gc,stats    ] Pause Init Mark (N)                 128 us
[76.354s][info][gc,stats    ]   Update Region States               41 us
[76.354s][info][gc,stats    ] Concurrent Mark Roots             12831 us, parallelism: 1.94x
[76.354s][info][gc,stats    ]   CMR: <total>                    24872 us
[76.354s][info][gc,stats    ]   CMR: Thread Roots                5252 us, workers (us): 4520, 733, ---, ---, ---, ---, ---, ---, 
[76.354s][info][gc,stats    ]   CMR: Code Cache Roots           19103 us, workers (us): 7617, 11487, ---, ---, ---, ---, ---, ---, 
[76.354s][info][gc,stats    ]   CMR: VM Strong Roots               18 us, workers (us):  17,   1, ---, ---, ---, ---, ---, ---, 
[76.354s][info][gc,stats    ]   CMR: CLDG Roots                   498 us, workers (us): 498, ---, ---, ---, ---, ---, ---, ---, 
[76.354s][info][gc,stats    ] Concurrent Marking               229441 us
[76.354s][info][gc,stats    ] Pause Final Mark (G)               2305 us
[76.354s][info][gc,stats    ] Pause Final Mark (N)               2144 us
[76.354s][info][gc,stats    ]   Finish Mark                      1932 us
[76.354s][info][gc,stats    ]   Update Region States               51 us
[76.354s][info][gc,stats    ]   Choose Collection Set              65 us
[76.354s][info][gc,stats    ]   Rebuild Free Set                   20 us
[76.354s][info][gc,stats    ] Concurrent Thread Roots             845 us, parallelism: 1.77x
[76.354s][info][gc,stats    ]   CTR: <total>                     1492 us
[76.354s][info][gc,stats    ]   CTR: Thread Roots                1492 us, workers (us): 753, 739, ---, ---, ---, ---, ---, ---, 
[76.354s][info][gc,stats    ] Concurrent Weak References         1863 us, parallelism: 0.94x
[76.354s][info][gc,stats    ]   CWRF: <total>                    1755 us
[76.354s][info][gc,stats    ]   CWRF: Weak References            1755 us, workers (us): 1754,   1, ---, ---, ---, ---, ---, ---, 
[76.354s][info][gc,stats    ] Concurrent Weak Roots              2912 us
[76.355s][info][gc,stats    ]   Roots                            1640 us, parallelism: 0.80x
[76.355s][info][gc,stats    ]     CWR: <total>                   1305 us
[76.355s][info][gc,stats    ]     CWR: VM Weak Roots             1305 us, workers (us): 1305,   0, ---, ---, ---, ---, ---, ---, 
[76.355s][info][gc,stats    ]   Rendezvous                       1236 us
[76.355s][info][gc,stats    ] Concurrent Cleanup                  147 us
[76.355s][info][gc,stats    ] Concurrent Strong Roots           40522 us, parallelism: 1.74x
[76.355s][info][gc,stats    ]   CSR: <total>                    70354 us
[76.355s][info][gc,stats    ]   CSR: Code Cache Roots           70063 us, workers (us): 38266, 31797, ---, ---, ---, ---, ---, ---, 
[76.355s][info][gc,stats    ]   CSR: VM Strong Roots               38 us, workers (us):  37,   1, ---, ---, ---, ---, ---, ---, 
[76.355s][info][gc,stats    ]   CSR: CLDG Roots                   253 us, workers (us): 253, ---, ---, ---, ---, ---, ---, ---, 
[76.355s][info][gc,stats    ] Concurrent Evacuation             13094 us
[76.355s][info][gc,stats    ] Pause Init Update Refs (G)          977 us
[76.355s][info][gc,stats    ] Pause Init Update Refs (N)          124 us
[76.355s][info][gc,stats    ]   Manage GCLABs                      48 us
[76.355s][info][gc,stats    ] Concurrent Update Refs           177125 us
[76.355s][info][gc,stats    ] Concurrent Update Thread Roots     2498 us
[76.355s][info][gc,stats    ] Pause Final Update Refs (G)         846 us
[76.355s][info][gc,stats    ] Pause Final Update Refs (N)         130 us
[76.355s][info][gc,stats    ]   Update Region States               51 us
[76.355s][info][gc,stats    ]   Trash Collection Set                6 us
[76.355s][info][gc,stats    ]   Rebuild Free Set                   22 us
[76.355s][info][gc,stats    ] Concurrent Cleanup                  197 us
[76.355s][info][gc,stats    ] 
[76.355s][info][gc,stats    ] Allocation pacing accrued:
[76.355s][info][gc,stats    ]       0 of  2976 ms (  0.0%): <total>
[76.355s][info][gc,stats    ]       0 of  2976 ms (  0.0%): <average total>
[76.355s][info][gc,stats    ] 
[76.355s][info][gc,metaspace] Metaspace: 70911K(71296K)->70911K(71296K) NonClass: 63455K(63680K)->63455K(63680K) Class: 7456K(7616K)->7456K(7616K)
[76.355s][info][gc,ergo     ] Pacer for Idle. Initial: 40642K, Alloc Tax Rate: 1.0x
[77.159s][info][gc,start    ] Concurrent uncommit
[77.159s][info][gc          ] Concurrent uncommit 232M->232M(384M) 0.270ms
[77.360s][info][gc,start    ] Concurrent uncommit
[77.394s][info][gc          ] Concurrent uncommit 240M->240M(243M) 33.547ms
[78.729s][info][gc          ] Trigger: Allocated since last cycle (198M) is larger than allocation threshold (198M)
[78.729s][info][gc,ergo     ] Free: 1579M, Max: 512K regular, 1551M humongous, Frag: 2% external, 0% internal; Reserve: 101888K, Max: 512K
[78.729s][info][gc,start    ] GC(12) Concurrent reset
[78.729s][info][gc,task     ] GC(12) Using 2 of 8 workers for concurrent reset
[78.729s][info][gc,ergo     ] GC(12) Pacer for Reset. Non-Taxable: 1984M
[78.734s][info][gc          ] GC(12) Concurrent reset 5.302ms
[78.734s][info][gc,start    ] GC(12) Pause Init Mark
[78.734s][info][gc,task     ] GC(12) Using 8 of 8 workers for init marking
[78.734s][info][gc,ref      ] GC(12) Clearing All SoftReferences
[78.734s][info][gc,ergo     ] GC(12) Pacer for Mark. Expected Live: 98047K, Free: 1578M, Non-Taxable: 157M, Alloc Tax Rate: 0.1x
[78.734s][info][gc          ] GC(12) Pause Init Mark 0.127ms
[78.735s][info][gc,start    ] GC(12) Concurrent marking roots
[78.735s][info][gc,task     ] GC(12) Using 2 of 8 workers for concurrent marking roots
[78.749s][info][gc          ] GC(12) Concurrent marking roots 13.712ms
[78.749s][info][gc,start    ] GC(12) Concurrent marking
[78.749s][info][gc,task     ] GC(12) Using 2 of 8 workers for concurrent marking
[79.129s][info][gc          ] GC(12) Concurrent marking 380.921ms
[79.130s][info][gc,start    ] GC(12) Pause Final Mark
[79.130s][info][gc,task     ] GC(12) Using 8 of 8 workers for final marking
[79.131s][info][gc,ergo     ] GC(12) CSet Selection. Actual Free: 1627M, Max CSet: 1220M
[79.131s][info][gc,ergo     ] GC(12) Collectable Garbage: 197M (99%), Immediate: 4608K (2%), CSet: 192M (96%)
[79.131s][info][gc,ergo     ] GC(12) Pacer for Evacuation. Used CSet: 199M, Free: 1528M, Non-Taxable: 152M, Alloc Tax Rate: 1.1x
[79.131s][info][gc          ] GC(12) Pause Final Mark 1.608ms
[79.132s][info][gc,start    ] GC(12) Concurrent thread roots
[79.132s][info][gc,task     ] GC(12) Using 2 of 8 workers for Concurrent thread roots
[79.134s][info][gc          ] GC(12) Concurrent thread roots 1.952ms
[79.134s][info][gc,start    ] GC(12) Concurrent weak references
[79.134s][info][gc,task     ] GC(12) Using 2 of 8 workers for concurrent weak references
[79.136s][info][gc,ref      ] GC(12) Encountered references: Soft: 2430, Weak: 9625, Final: 74, Phantom: 755
[79.136s][info][gc,ref      ] GC(12) Discovered  references: Soft: 252, Weak: 4998, Final: 30, Phantom: 736
[79.136s][info][gc,ref      ] GC(12) Enqueued    references: Soft: 2, Weak: 3544, Final: 0, Phantom: 1
[79.136s][info][gc          ] GC(12) Concurrent weak references 1.682ms
[79.136s][info][gc,start    ] GC(12) Concurrent weak roots
[79.136s][info][gc,task     ] GC(12) Using 2 of 8 workers for concurrent weak root
[79.148s][info][gc          ] GC(12) Concurrent weak roots 12.030ms
[79.148s][info][gc,start    ] GC(12) Concurrent cleanup
[79.148s][info][gc          ] GC(12) Concurrent cleanup 365M->361M(369M) 0.143ms
[79.148s][info][gc,ergo     ] GC(12) Free: 1521M, Max: 512K regular, 1517M humongous, Frag: 1% external, 0% internal; Reserve: 101138K, Max: 512K
[79.148s][info][gc,start    ] GC(12) Concurrent strong roots
[79.148s][info][gc,task     ] GC(12) Using 2 of 8 workers for concurrent strong root
[79.152s][info][gc          ] GC(12) Concurrent strong roots 3.831ms
[79.152s][info][gc,start    ] GC(12) Concurrent evacuation
[79.152s][info][gc,task     ] GC(12) Using 2 of 8 workers for concurrent evacuation
[79.164s][info][gc          ] GC(12) Concurrent evacuation 11.385ms
[79.164s][info][gc,start    ] GC(12) Pause Init Update Refs
[79.164s][info][gc,ergo     ] GC(12) Pacer for Update Refs. Used: 370M, Free: 1518M, Non-Taxable: 151M, Alloc Tax Rate: 1.1x
[79.164s][info][gc          ] GC(12) Pause Init Update Refs 0.063ms
[79.164s][info][gc,start    ] GC(12) Concurrent update references
[79.164s][info][gc,task     ] GC(12) Using 2 of 8 workers for concurrent reference update
[79.451s][info][gc          ] GC(12) Concurrent update references 287.010ms
[79.451s][info][gc,start    ] GC(12) Concurrent update thread roots
[79.455s][info][gc          ] GC(12) Concurrent update thread roots 4.055ms
[79.455s][info][gc,start    ] GC(12) Pause Final Update Refs
[79.455s][info][gc,task     ] GC(12) Using 8 of 8 workers for final reference update
[79.455s][info][gc          ] GC(12) Pause Final Update Refs 0.135ms
[79.455s][info][gc,start    ] GC(12) Concurrent cleanup
[79.455s][info][gc          ] GC(12) Concurrent cleanup 401M->202M(404M) 0.154ms
[79.456s][info][gc,ergo     ] Free: 1679M, Max: 512K regular, 1484M humongous, Frag: 12% external, 0% internal; Reserve: 101888K, Max: 512K
[79.456s][info][gc,stats    ] 
[79.456s][info][gc,stats    ] All times are wall-clock times, except per-root-class counters, that are sum over
[79.456s][info][gc,stats    ] all workers. Dividing the <total> over the root stage time estimates parallelism.
[79.456s][info][gc,stats    ] 
[79.456s][info][gc,stats    ] Concurrent Reset                   5351 us
[79.456s][info][gc,stats    ] Pause Init Mark (G)                 628 us
[79.456s][info][gc,stats    ] Pause Init Mark (N)                 136 us
[79.456s][info][gc,stats    ]   Update Region States               48 us
[79.456s][info][gc,stats    ] Concurrent Mark Roots             13742 us, parallelism: 1.67x
[79.456s][info][gc,stats    ]   CMR: <total>                    22900 us
[79.456s][info][gc,stats    ]   CMR: Thread Roots                7320 us, workers (us): 799, 6522, ---, ---, ---, ---, ---, ---, 
[79.456s][info][gc,stats    ]   CMR: Code Cache Roots           15121 us, workers (us): 11365, 3755, ---, ---, ---, ---, ---, ---, 
[79.456s][info][gc,stats    ]   CMR: VM Strong Roots               16 us, workers (us):  16,   1, ---, ---, ---, ---, ---, ---, 
[79.456s][info][gc,stats    ]   CMR: CLDG Roots                   443 us, workers (us): 443, ---, ---, ---, ---, ---, ---, ---, 
[79.456s][info][gc,stats    ] Concurrent Marking               380959 us
[79.456s][info][gc,stats    ] Pause Final Mark (G)               2925 us
[79.456s][info][gc,stats    ] Pause Final Mark (N)               1617 us
[79.456s][info][gc,stats    ]   Finish Mark                      1379 us
[79.456s][info][gc,stats    ]   Update Region States               45 us
[79.456s][info][gc,stats    ]   Choose Collection Set              79 us
[79.456s][info][gc,stats    ]   Rebuild Free Set                   18 us
[79.456s][info][gc,stats    ] Concurrent Thread Roots            1976 us, parallelism: 0.47x
[79.456s][info][gc,stats    ]   CTR: <total>                      936 us
[79.456s][info][gc,stats    ]   CTR: Thread Roots                 936 us, workers (us): 936,   0, ---, ---, ---, ---, ---, ---, 
[79.456s][info][gc,stats    ] Concurrent Weak References         1689 us, parallelism: 1.22x
[79.456s][info][gc,stats    ]   CWRF: <total>                    2063 us
[79.456s][info][gc,stats    ]   CWRF: Weak References            2063 us, workers (us): 1591, 472, ---, ---, ---, ---, ---, ---, 
[79.456s][info][gc,stats    ] Concurrent Weak Roots             12055 us
[79.456s][info][gc,stats    ]   Roots                            6715 us, parallelism: 1.73x
[79.456s][info][gc,stats    ]     CWR: <total>                  11630 us
[79.456s][info][gc,stats    ]     CWR: VM Weak Roots            11630 us, workers (us): 6326, 5304, ---, ---, ---, ---, ---, ---, 
[79.456s][info][gc,stats    ]   Rendezvous                       5296 us
[79.456s][info][gc,stats    ] Concurrent Cleanup                  151 us
[79.456s][info][gc,stats    ] Concurrent Strong Roots            3876 us, parallelism: 1.89x
[79.456s][info][gc,stats    ]   CSR: <total>                     7344 us
[79.456s][info][gc,stats    ]   CSR: Code Cache Roots            7050 us, workers (us): 3367, 3683, ---, ---, ---, ---, ---, ---, 
[79.456s][info][gc,stats    ]   CSR: VM Strong Roots               36 us, workers (us):  36,   1, ---, ---, ---, ---, ---, ---, 
[79.456s][info][gc,stats    ]   CSR: CLDG Roots                   258 us, workers (us): 258, ---, ---, ---, ---, ---, ---, ---, 
[79.456s][info][gc,stats    ] Concurrent Evacuation             11416 us
[79.456s][info][gc,stats    ] Pause Init Update Refs (G)          153 us
[79.456s][info][gc,stats    ] Pause Init Update Refs (N)           70 us
[79.456s][info][gc,stats    ]   Manage GCLABs                      24 us
[79.456s][info][gc,stats    ] Concurrent Update Refs           287043 us
[79.456s][info][gc,stats    ] Concurrent Update Thread Roots     4084 us
[79.456s][info][gc,stats    ] Pause Final Update Refs (G)         405 us
[79.456s][info][gc,stats    ] Pause Final Update Refs (N)         144 us
[79.456s][info][gc,stats    ]   Update Region States               53 us
[79.456s][info][gc,stats    ]   Trash Collection Set                7 us
[79.456s][info][gc,stats    ]   Rebuild Free Set                   32 us
[79.456s][info][gc,stats    ] Concurrent Cleanup                  162 us
[79.456s][info][gc,stats    ] 
[79.456s][info][gc,stats    ] Allocation pacing accrued:
[79.456s][info][gc,stats    ]       0 of  3101 ms (  0.0%): <total>
[79.456s][info][gc,stats    ]       0 of  3101 ms (  0.0%): <average total>
[79.456s][info][gc,stats    ] 
[79.456s][info][gc,metaspace] Metaspace: 70921K(71296K)->70924K(71296K) NonClass: 63464K(63680K)->63466K(63680K) Class: 7457K(7616K)->7457K(7616K)
[79.456s][info][gc,ergo     ] Pacer for Idle. Initial: 40642K, Alloc Tax Rate: 1.0x
[80.461s][info][gc,start    ] Concurrent uncommit
[80.535s][info][gc          ] Concurrent uncommit 254M->256M(260M) 74.282ms
[81.464s][info][gc          ] Trigger: Allocated since last cycle (198M) is larger than allocation threshold (198M)
[81.464s][info][gc,ergo     ] Free: 1577M, Max: 512K regular, 1484M humongous, Frag: 6% external, 0% internal; Reserve: 101888K, Max: 512K
[81.464s][info][gc,start    ] GC(13) Concurrent reset
[81.464s][info][gc,task     ] GC(13) Using 2 of 8 workers for concurrent reset
[81.464s][info][gc,ergo     ] GC(13) Pacer for Reset. Non-Taxable: 1984M
[81.468s][info][gc          ] GC(13) Concurrent reset 3.647ms
[81.468s][info][gc,start    ] GC(13) Pause Init Mark
[81.468s][info][gc,task     ] GC(13) Using 8 of 8 workers for init marking
[81.468s][info][gc,ref      ] GC(13) Clearing All SoftReferences
[81.468s][info][gc,ergo     ] GC(13) Pacer for Mark. Expected Live: 100997K, Free: 1577M, Non-Taxable: 157M, Alloc Tax Rate: 0.1x
[81.468s][info][gc          ] GC(13) Pause Init Mark 0.103ms
[81.468s][info][gc,start    ] GC(13) Concurrent marking roots
[81.468s][info][gc,task     ] GC(13) Using 2 of 8 workers for concurrent marking roots
[81.474s][info][gc          ] GC(13) Concurrent marking roots 5.695ms
[81.474s][info][gc,start    ] GC(13) Concurrent marking
[81.474s][info][gc,task     ] GC(13) Using 2 of 8 workers for concurrent marking
[81.904s][info][gc          ] GC(13) Concurrent marking 429.927ms
[81.907s][info][gc,start    ] GC(13) Pause Final Mark
[81.907s][info][gc,task     ] GC(13) Using 8 of 8 workers for final marking
[81.907s][info][gc,ergo     ] GC(13) CSet Selection. Actual Free: 1624M, Max CSet: 1218M
[81.907s][info][gc,ergo     ] GC(13) Collectable Garbage: 195M (98%), Immediate: 4095K (2%), CSet: 191M (96%)
[81.908s][info][gc,ergo     ] GC(13) Pacer for Evacuation. Used CSet: 196M, Free: 1525M, Non-Taxable: 152M, Alloc Tax Rate: 1.1x
[81.908s][info][gc          ] GC(13) Pause Final Mark 0.718ms
[81.908s][info][gc,start    ] GC(13) Concurrent thread roots
[81.908s][info][gc,task     ] GC(13) Using 2 of 8 workers for Concurrent thread roots
[81.914s][info][gc          ] GC(13) Concurrent thread roots 5.974ms
[81.914s][info][gc,start    ] GC(13) Concurrent weak references
[81.914s][info][gc,task     ] GC(13) Using 2 of 8 workers for concurrent weak references
[81.915s][info][gc,ref      ] GC(13) Encountered references: Soft: 2430, Weak: 9583, Final: 74, Phantom: 755
[81.915s][info][gc,ref      ] GC(13) Discovered  references: Soft: 242, Weak: 5919, Final: 36, Phantom: 743
[81.915s][info][gc,ref      ] GC(13) Enqueued    references: Soft: 2, Weak: 3502, Final: 0, Phantom: 0
[81.915s][info][gc          ] GC(13) Concurrent weak references 1.532ms
[81.915s][info][gc,start    ] GC(13) Concurrent weak roots
[81.915s][info][gc,task     ] GC(13) Using 2 of 8 workers for concurrent weak root
[81.920s][info][gc          ] GC(13) Concurrent weak roots 4.961ms
[81.920s][info][gc,start    ] GC(13) Concurrent cleanup
[81.921s][info][gc          ] GC(13) Concurrent cleanup 366M->362M(369M) 0.128ms
[81.921s][info][gc,ergo     ] GC(13) Free: 1520M, Max: 512K regular, 1484M humongous, Frag: 3% external, 0% internal; Reserve: 101224K, Max: 512K
[81.921s][info][gc,start    ] GC(13) Concurrent strong roots
[81.921s][info][gc,task     ] GC(13) Using 2 of 8 workers for concurrent strong root
[81.924s][info][gc          ] GC(13) Concurrent strong roots 3.831ms
[81.924s][info][gc,start    ] GC(13) Concurrent evacuation
[81.924s][info][gc,task     ] GC(13) Using 2 of 8 workers for concurrent evacuation
[81.943s][info][gc          ] GC(13) Concurrent evacuation 18.303ms
[81.943s][info][gc,start    ] GC(13) Pause Init Update Refs
[81.943s][info][gc,ergo     ] GC(13) Pacer for Update Refs. Used: 370M, Free: 1517M, Non-Taxable: 151M, Alloc Tax Rate: 1.1x
[81.943s][info][gc          ] GC(13) Pause Init Update Refs 0.064ms
[81.943s][info][gc,start    ] GC(13) Concurrent update references
[81.943s][info][gc,task     ] GC(13) Using 2 of 8 workers for concurrent reference update
[82.036s][info][gc          ] GC(13) Concurrent update references 92.692ms
[82.036s][info][gc,start    ] GC(13) Concurrent update thread roots
[82.036s][info][gc          ] GC(13) Concurrent update thread roots 0.731ms
[82.038s][info][gc,start    ] GC(13) Pause Final Update Refs
[82.038s][info][gc,task     ] GC(13) Using 8 of 8 workers for final reference update
[82.038s][info][gc          ] GC(13) Pause Final Update Refs 0.135ms
[82.038s][info][gc,start    ] GC(13) Concurrent cleanup
[82.038s][info][gc          ] GC(13) Concurrent cleanup 381M->184M(386M) 0.163ms
[82.038s][info][gc,ergo     ] Free: 1697M, Max: 512K regular, 1568M humongous, Frag: 8% external, 0% internal; Reserve: 101888K, Max: 512K
[82.038s][info][gc,stats    ] 
[82.038s][info][gc,stats    ] All times are wall-clock times, except per-root-class counters, that are sum over
[82.038s][info][gc,stats    ] all workers. Dividing the <total> over the root stage time estimates parallelism.
[82.038s][info][gc,stats    ] 
[82.038s][info][gc,stats    ] Concurrent Reset                   3677 us
[82.038s][info][gc,stats    ] Pause Init Mark (G)                 679 us
[82.038s][info][gc,stats    ] Pause Init Mark (N)                 111 us
[82.038s][info][gc,stats    ]   Update Region States               32 us
[82.038s][info][gc,stats    ] Concurrent Mark Roots              5724 us, parallelism: 1.60x
[82.038s][info][gc,stats    ]   CMR: <total>                     9155 us
[82.038s][info][gc,stats    ]   CMR: Thread Roots                1155 us, workers (us): 458, 696, ---, ---, ---, ---, ---, ---, 
[82.038s][info][gc,stats    ]   CMR: Code Cache Roots            7506 us, workers (us): 4084, 3422, ---, ---, ---, ---, ---, ---, 
[82.038s][info][gc,stats    ]   CMR: VM Strong Roots               18 us, workers (us):  18,   1, ---, ---, ---, ---, ---, ---, 
[82.038s][info][gc,stats    ]   CMR: CLDG Roots                   476 us, workers (us): 476, ---, ---, ---, ---, ---, ---, ---, 
[82.038s][info][gc,stats    ] Concurrent Marking               429962 us
[82.038s][info][gc,stats    ] Pause Final Mark (G)               3854 us
[82.038s][info][gc,stats    ] Pause Final Mark (N)                726 us
[82.038s][info][gc,stats    ]   Finish Mark                       521 us
[82.038s][info][gc,stats    ]   Update Region States               49 us
[82.038s][info][gc,stats    ]   Choose Collection Set              63 us
[82.038s][info][gc,stats    ]   Rebuild Free Set                   17 us
[82.038s][info][gc,stats    ] Concurrent Thread Roots            6006 us, parallelism: 1.09x
[82.038s][info][gc,stats    ]   CTR: <total>                     6518 us
[82.038s][info][gc,stats    ]   CTR: Thread Roots                6518 us, workers (us): 5911, 607, ---, ---, ---, ---, ---, ---, 
[82.038s][info][gc,stats    ] Concurrent Weak References         1539 us, parallelism: 1.20x
[82.038s][info][gc,stats    ]   CWRF: <total>                    1846 us
[82.038s][info][gc,stats    ]   CWRF: Weak References            1846 us, workers (us): 1420, 426, ---, ---, ---, ---, ---, ---, 
[82.038s][info][gc,stats    ] Concurrent Weak Roots              4988 us
[82.038s][info][gc,stats    ]   Roots                            1291 us, parallelism: 0.94x
[82.038s][info][gc,stats    ]     CWR: <total>                   1213 us
[82.038s][info][gc,stats    ]     CWR: VM Weak Roots             1213 us, workers (us): 1213,   0, ---, ---, ---, ---, ---, ---, 
[82.038s][info][gc,stats    ]   Rendezvous                       3652 us
[82.038s][info][gc,stats    ] Concurrent Cleanup                  135 us
[82.038s][info][gc,stats    ] Concurrent Strong Roots            3854 us, parallelism: 1.91x
[82.038s][info][gc,stats    ]   CSR: <total>                     7353 us
[82.038s][info][gc,stats    ]   CSR: Code Cache Roots            7058 us, workers (us): 3448, 3610, ---, ---, ---, ---, ---, ---, 
[82.038s][info][gc,stats    ]   CSR: VM Strong Roots               31 us, workers (us):  17,  14, ---, ---, ---, ---, ---, ---, 
[82.038s][info][gc,stats    ]   CSR: CLDG Roots                   264 us, workers (us): 264, ---, ---, ---, ---, ---, ---, ---, 
[82.038s][info][gc,stats    ] Concurrent Evacuation             18335 us
[82.038s][info][gc,stats    ] Pause Init Update Refs (G)          148 us
[82.038s][info][gc,stats    ] Pause Init Update Refs (N)           73 us
[82.038s][info][gc,stats    ]   Manage GCLABs                      19 us
[82.039s][info][gc,stats    ] Concurrent Update Refs            92730 us
[82.039s][info][gc,stats    ] Concurrent Update Thread Roots      753 us
[82.039s][info][gc,stats    ] Pause Final Update Refs (G)        1457 us
[82.039s][info][gc,stats    ] Pause Final Update Refs (N)         146 us
[82.039s][info][gc,stats    ]   Update Region States               62 us
[82.039s][info][gc,stats    ]   Trash Collection Set                7 us
[82.039s][info][gc,stats    ]   Rebuild Free Set                   21 us
[82.039s][info][gc,stats    ] Concurrent Cleanup                  174 us
[82.039s][info][gc,stats    ] 
[82.039s][info][gc,stats    ] Allocation pacing accrued:
[82.039s][info][gc,stats    ]       0 of  2583 ms (  0.0%): <total>
[82.039s][info][gc,stats    ]       0 of  2583 ms (  0.0%): <average total>
[82.039s][info][gc,stats    ] 
[82.039s][info][gc,metaspace] Metaspace: 70951K(71424K)->71039K(71488K) NonClass: 63492K(63744K)->63569K(63808K) Class: 7459K(7680K)->7470K(7680K)
[82.039s][info][gc,ergo     ] Pacer for Idle. Initial: 40642K, Alloc Tax Rate: 1.0x
[82.944s][info][gc,start    ] Concurrent uncommit
[82.945s][info][gc          ] Concurrent uncommit 240M->240M(384M) 0.310ms
[83.046s][info][gc,start    ] Concurrent uncommit
[83.084s][info][gc          ] Concurrent uncommit 244M->244M(248M) 38.495ms
[84.404s][info][gc          ] Trigger: Allocated since last cycle (198M) is larger than allocation threshold (198M)
[84.405s][info][gc,ergo     ] Free: 1572M, Max: 512K regular, 1568M humongous, Frag: 1% external, 0% internal; Reserve: 101888K, Max: 512K
[84.405s][info][gc,start    ] GC(14) Concurrent reset
[84.405s][info][gc,task     ] GC(14) Using 2 of 8 workers for concurrent reset
[84.405s][info][gc,ergo     ] GC(14) Pacer for Reset. Non-Taxable: 1984M
[84.416s][info][gc          ] GC(14) Concurrent reset 10.986ms
[84.418s][info][gc,start    ] GC(14) Pause Init Mark
[84.418s][info][gc,task     ] GC(14) Using 8 of 8 workers for init marking
[84.418s][info][gc,ref      ] GC(14) Clearing All SoftReferences
[84.418s][info][gc,ergo     ] GC(14) Pacer for Mark. Expected Live: 101M, Free: 1570M, Non-Taxable: 157M, Alloc Tax Rate: 0.1x
[84.418s][info][gc          ] GC(14) Pause Init Mark 0.133ms
[84.418s][info][gc,start    ] GC(14) Concurrent marking roots
[84.418s][info][gc,task     ] GC(14) Using 2 of 8 workers for concurrent marking roots
[84.428s][info][gc          ] GC(14) Concurrent marking roots 9.313ms
[84.428s][info][gc,start    ] GC(14) Concurrent marking
[84.428s][info][gc,task     ] GC(14) Using 2 of 8 workers for concurrent marking
[84.678s][info][gc          ] GC(14) Concurrent marking 250.163ms
[84.678s][info][gc,start    ] GC(14) Pause Final Mark
[84.678s][info][gc,task     ] GC(14) Using 8 of 8 workers for final marking
[84.682s][info][gc,ergo     ] GC(14) CSet Selection. Actual Free: 1631M, Max CSet: 1223M
[84.682s][info][gc,ergo     ] GC(14) Collectable Garbage: 209M (99%), Immediate: 2560K (1%), CSet: 207M (98%)
[84.682s][info][gc,ergo     ] GC(14) Pacer for Evacuation. Used CSet: 227M, Free: 1531M, Non-Taxable: 153M, Alloc Tax Rate: 1.1x
[84.682s][info][gc          ] GC(14) Pause Final Mark 3.860ms
[84.682s][info][gc,start    ] GC(14) Concurrent thread roots
[84.682s][info][gc,task     ] GC(14) Using 2 of 8 workers for Concurrent thread roots
[84.687s][info][gc          ] GC(14) Concurrent thread roots 4.425ms
[84.687s][info][gc,start    ] GC(14) Concurrent weak references
[84.687s][info][gc,task     ] GC(14) Using 2 of 8 workers for concurrent weak references
[84.689s][info][gc,ref      ] GC(14) Encountered references: Soft: 2433, Weak: 9636, Final: 74, Phantom: 759
[84.689s][info][gc,ref      ] GC(14) Discovered  references: Soft: 247, Weak: 6065, Final: 54, Phantom: 750
[84.689s][info][gc,ref      ] GC(14) Enqueued    references: Soft: 5, Weak: 3544, Final: 0, Phantom: 4
[84.689s][info][gc          ] GC(14) Concurrent weak references 1.956ms
[84.689s][info][gc,start    ] GC(14) Concurrent weak roots
[84.689s][info][gc,task     ] GC(14) Using 2 of 8 workers for concurrent weak root
[84.692s][info][gc          ] GC(14) Concurrent weak roots 3.916ms
[84.693s][info][gc,start    ] GC(14) Concurrent cleanup
[84.693s][info][gc          ] GC(14) Concurrent cleanup 359M->357M(363M) 0.132ms
[84.693s][info][gc,ergo     ] GC(14) Free: 1525M, Max: 512K regular, 1523M humongous, Frag: 1% external, 0% internal; Reserve: 100944K, Max: 512K
[84.693s][info][gc,start    ] GC(14) Concurrent strong roots
[84.693s][info][gc,task     ] GC(14) Using 2 of 8 workers for concurrent strong root
[84.699s][info][gc          ] GC(14) Concurrent strong roots 5.878ms
[84.699s][info][gc,start    ] GC(14) Concurrent evacuation
[84.699s][info][gc,task     ] GC(14) Using 2 of 8 workers for concurrent evacuation
[84.812s][info][gc          ] GC(14) Concurrent evacuation 112.911ms
[84.812s][info][gc,start    ] GC(14) Pause Init Update Refs
[84.812s][info][gc,ergo     ] GC(14) Pacer for Update Refs. Used: 392M, Free: 1510M, Non-Taxable: 151M, Alloc Tax Rate: 1.1x
[84.812s][info][gc          ] GC(14) Pause Init Update Refs 0.072ms
[84.812s][info][gc,start    ] GC(14) Concurrent update references
[84.812s][info][gc,task     ] GC(14) Using 2 of 8 workers for concurrent reference update
[85.037s][info][gc          ] GC(14) Concurrent update references 225.166ms
[85.037s][info][gc,start    ] GC(14) Concurrent update thread roots
[85.040s][info][gc          ] GC(14) Concurrent update thread roots 2.575ms
[85.040s][info][gc,start    ] GC(14) Pause Final Update Refs
[85.040s][info][gc,task     ] GC(14) Using 8 of 8 workers for final reference update
[85.040s][info][gc          ] GC(14) Pause Final Update Refs 0.150ms
[85.040s][info][gc,start    ] GC(14) Concurrent cleanup
[85.040s][info][gc          ] GC(14) Concurrent cleanup 414M->187M(418M) 0.142ms
[85.040s][info][gc,ergo     ] Free: 1694M, Max: 512K regular, 1495M humongous, Frag: 12% external, 0% internal; Reserve: 101888K, Max: 512K
[85.040s][info][gc,stats    ] 
[85.040s][info][gc,stats    ] All times are wall-clock times, except per-root-class counters, that are sum over
[85.040s][info][gc,stats    ] all workers. Dividing the <total> over the root stage time estimates parallelism.
[85.040s][info][gc,stats    ] 
[85.040s][info][gc,stats    ] Concurrent Reset                  11020 us
[85.040s][info][gc,stats    ] Pause Init Mark (G)                2325 us
[85.040s][info][gc,stats    ] Pause Init Mark (N)                 141 us
[85.040s][info][gc,stats    ]   Update Region States               51 us
[85.040s][info][gc,stats    ] Concurrent Mark Roots              9340 us, parallelism: 1.67x
[85.040s][info][gc,stats    ]   CMR: <total>                    15622 us
[85.040s][info][gc,stats    ]   CMR: Thread Roots                1873 us, workers (us): 1873,   0, ---, ---, ---, ---, ---, ---, 
[85.040s][info][gc,stats    ]   CMR: Code Cache Roots           13242 us, workers (us): 4582, 8660, ---, ---, ---, ---, ---, ---, 
[85.040s][info][gc,stats    ]   CMR: VM Strong Roots               50 us, workers (us):  25,  25, ---, ---, ---, ---, ---, ---, 
[85.040s][info][gc,stats    ]   CMR: CLDG Roots                   457 us, workers (us): ---, 457, ---, ---, ---, ---, ---, ---, 
[85.040s][info][gc,stats    ] Concurrent Marking               250198 us
[85.040s][info][gc,stats    ] Pause Final Mark (G)               4206 us
[85.040s][info][gc,stats    ] Pause Final Mark (N)               3869 us
[85.040s][info][gc,stats    ]   Finish Mark                      3612 us
[85.040s][info][gc,stats    ]   Update Region States               60 us
[85.040s][info][gc,stats    ]   Choose Collection Set             100 us
[85.040s][info][gc,stats    ]   Rebuild Free Set                   23 us
[85.041s][info][gc,stats    ] Concurrent Thread Roots            4451 us, parallelism: 1.46x
[85.041s][info][gc,stats    ]   CTR: <total>                     6505 us
[85.041s][info][gc,stats    ]   CTR: Thread Roots                6505 us, workers (us): 3621, 2884, ---, ---, ---, ---, ---, ---, 
[85.041s][info][gc,stats    ] Concurrent Weak References         1964 us, parallelism: 0.95x
[85.041s][info][gc,stats    ]   CWRF: <total>                    1871 us
[85.041s][info][gc,stats    ]   CWRF: Weak References            1871 us, workers (us): 1871,   0, ---, ---, ---, ---, ---, ---, 
[85.041s][info][gc,stats    ] Concurrent Weak Roots              3939 us
[85.041s][info][gc,stats    ]   Roots                            1636 us, parallelism: 0.82x
[85.041s][info][gc,stats    ]     CWR: <total>                   1350 us
[85.041s][info][gc,stats    ]     CWR: VM Weak Roots             1350 us, workers (us): 1349,   0, ---, ---, ---, ---, ---, ---, 
[85.041s][info][gc,stats    ]   Rendezvous                       2262 us
[85.041s][info][gc,stats    ] Concurrent Cleanup                  139 us
[85.041s][info][gc,stats    ] Concurrent Strong Roots            5916 us, parallelism: 1.74x
[85.041s][info][gc,stats    ]   CSR: <total>                    10311 us
[85.041s][info][gc,stats    ]   CSR: Code Cache Roots            9811 us, workers (us): 5000, 4811, ---, ---, ---, ---, ---, ---, 
[85.041s][info][gc,stats    ]   CSR: VM Strong Roots               37 us, workers (us):  37,   0, ---, ---, ---, ---, ---, ---, 
[85.041s][info][gc,stats    ]   CSR: CLDG Roots                   462 us, workers (us): 462, ---, ---, ---, ---, ---, ---, ---, 
[85.041s][info][gc,stats    ] Concurrent Evacuation            112948 us
[85.041s][info][gc,stats    ] Pause Init Update Refs (G)          230 us
[85.041s][info][gc,stats    ] Pause Init Update Refs (N)           79 us
[85.041s][info][gc,stats    ]   Manage GCLABs                      33 us
[85.041s][info][gc,stats    ] Concurrent Update Refs           225202 us
[85.041s][info][gc,stats    ] Concurrent Update Thread Roots     2606 us
[85.041s][info][gc,stats    ] Pause Final Update Refs (G)         563 us
[85.041s][info][gc,stats    ] Pause Final Update Refs (N)         163 us
[85.041s][info][gc,stats    ]   Update Region States               59 us
[85.041s][info][gc,stats    ]   Trash Collection Set                6 us
[85.041s][info][gc,stats    ]   Rebuild Free Set                   45 us
[85.041s][info][gc,stats    ] Concurrent Cleanup                  158 us
[85.041s][info][gc,stats    ] 
[85.041s][info][gc,stats    ] Allocation pacing accrued:
[85.041s][info][gc,stats    ]       0 of  3002 ms (  0.0%): <total>
[85.041s][info][gc,stats    ]       0 of  3002 ms (  0.0%): <average total>
[85.041s][info][gc,stats    ] 
[85.041s][info][gc,metaspace] Metaspace: 71055K(71488K)->71060K(71488K) NonClass: 63584K(63808K)->63588K(63808K) Class: 7471K(7680K)->7472K(7680K)
[85.041s][info][gc,ergo     ] Pacer for Idle. Initial: 40642K, Alloc Tax Rate: 1.0x
[86.048s][info][gc,start    ] Concurrent uncommit
[86.077s][info][gc          ] Concurrent uncommit 241M->241M(245M) 29.398ms
[87.339s][info][gc          ] Trigger: Allocated since last cycle (198M) is larger than allocation threshold (198M)
[87.339s][info][gc,ergo     ] Free: 1582M, Max: 512K regular, 1495M humongous, Frag: 6% external, 0% internal; Reserve: 101888K, Max: 512K
[87.339s][info][gc,start    ] GC(15) Concurrent reset
[87.339s][info][gc,task     ] GC(15) Using 2 of 8 workers for concurrent reset
[87.339s][info][gc,ergo     ] GC(15) Pacer for Reset. Non-Taxable: 1984M
[87.348s][info][gc          ] GC(15) Concurrent reset 8.776ms
[87.348s][info][gc,start    ] GC(15) Pause Init Mark
[87.348s][info][gc,task     ] GC(15) Using 8 of 8 workers for init marking
[87.348s][info][gc,ref      ] GC(15) Clearing All SoftReferences
[87.348s][info][gc,ergo     ] GC(15) Pacer for Mark. Expected Live: 102M, Free: 1582M, Non-Taxable: 158M, Alloc Tax Rate: 0.1x
[87.348s][info][gc          ] GC(15) Pause Init Mark 0.115ms
[87.348s][info][gc,start    ] GC(15) Concurrent marking roots
[87.348s][info][gc,task     ] GC(15) Using 2 of 8 workers for concurrent marking roots
[87.358s][info][gc          ] GC(15) Concurrent marking roots 9.163ms
[87.358s][info][gc,start    ] GC(15) Concurrent marking
[87.358s][info][gc,task     ] GC(15) Using 2 of 8 workers for concurrent marking
[87.770s][info][gc          ] GC(15) Concurrent marking 412.214ms
[87.770s][info][gc,start    ] GC(15) Pause Final Mark
[87.770s][info][gc,task     ] GC(15) Using 8 of 8 workers for final marking
[87.770s][info][gc,ergo     ] GC(15) CSet Selection. Actual Free: 1634M, Max CSet: 1226M
[87.770s][info][gc,ergo     ] GC(15) Collectable Garbage: 194M (99%), Immediate: 6142K (3%), CSet: 188M (96%)
[87.770s][info][gc,ergo     ] GC(15) Pacer for Evacuation. Used CSet: 195M, Free: 1535M, Non-Taxable: 153M, Alloc Tax Rate: 1.1x
[87.770s][info][gc          ] GC(15) Pause Final Mark 0.554ms
[87.772s][info][gc,start    ] GC(15) Concurrent thread roots
[87.772s][info][gc,task     ] GC(15) Using 2 of 8 workers for Concurrent thread roots
[87.773s][info][gc          ] GC(15) Concurrent thread roots 0.853ms
[87.773s][info][gc,start    ] GC(15) Concurrent weak references
[87.773s][info][gc,task     ] GC(15) Using 2 of 8 workers for concurrent weak references
[87.775s][info][gc,ref      ] GC(15) Encountered references: Soft: 2430, Weak: 9706, Final: 74, Phantom: 755
[87.775s][info][gc,ref      ] GC(15) Discovered  references: Soft: 251, Weak: 6004, Final: 18, Phantom: 690
[87.775s][info][gc,ref      ] GC(15) Enqueued    references: Soft: 2, Weak: 3616, Final: 0, Phantom: 3
[87.775s][info][gc          ] GC(15) Concurrent weak references 1.777ms
[87.775s][info][gc,start    ] GC(15) Concurrent weak roots
[87.775s][info][gc,task     ] GC(15) Using 2 of 8 workers for concurrent weak root
[87.781s][info][gc          ] GC(15) Concurrent weak roots 5.553ms
[87.781s][info][gc,start    ] GC(15) Concurrent cleanup
[87.781s][info][gc          ] GC(15) Concurrent cleanup 357M->351M(361M) 0.132ms
[87.781s][info][gc,ergo     ] GC(15) Free: 1531M, Max: 512K regular, 1495M humongous, Frag: 3% external, 0% internal; Reserve: 100963K, Max: 512K
[87.781s][info][gc,start    ] GC(15) Concurrent strong roots
[87.781s][info][gc,task     ] GC(15) Using 2 of 8 workers for concurrent strong root
[87.785s][info][gc          ] GC(15) Concurrent strong roots 4.496ms
[87.785s][info][gc,start    ] GC(15) Concurrent evacuation
[87.785s][info][gc,task     ] GC(15) Using 2 of 8 workers for concurrent evacuation
[87.818s][info][gc          ] GC(15) Concurrent evacuation 32.916ms
[87.827s][info][gc,start    ] GC(15) Pause Init Update Refs
[87.828s][info][gc,ergo     ] GC(15) Pacer for Update Refs. Used: 363M, Free: 1526M, Non-Taxable: 152M, Alloc Tax Rate: 1.1x
[87.828s][info][gc          ] GC(15) Pause Init Update Refs 0.129ms
[87.828s][info][gc,start    ] GC(15) Concurrent update references
[87.828s][info][gc,task     ] GC(15) Using 2 of 8 workers for concurrent reference update
[88.018s][info][gc          ] GC(15) Concurrent update references 190.301ms
[88.018s][info][gc,start    ] GC(15) Concurrent update thread roots
[88.020s][info][gc          ] GC(15) Concurrent update thread roots 2.168ms
[88.020s][info][gc,start    ] GC(15) Pause Final Update Refs
[88.020s][info][gc,task     ] GC(15) Using 8 of 8 workers for final reference update
[88.021s][info][gc          ] GC(15) Pause Final Update Refs 0.107ms
[88.021s][info][gc,start    ] GC(15) Concurrent cleanup
[88.021s][info][gc          ] GC(15) Concurrent cleanup 384M->188M(393M) 0.112ms
[88.021s][info][gc,ergo     ] Free: 1693M, Max: 512K regular, 1578M humongous, Frag: 7% external, 0% internal; Reserve: 101888K, Max: 512K
[88.021s][info][gc,stats    ] 
[88.021s][info][gc,stats    ] All times are wall-clock times, except per-root-class counters, that are sum over
[88.021s][info][gc,stats    ] all workers. Dividing the <total> over the root stage time estimates parallelism.
[88.021s][info][gc,stats    ] 
[88.021s][info][gc,stats    ] Concurrent Reset                   8811 us
[88.021s][info][gc,stats    ] Pause Init Mark (G)                 227 us
[88.021s][info][gc,stats    ] Pause Init Mark (N)                 122 us
[88.021s][info][gc,stats    ]   Update Region States               50 us
[88.021s][info][gc,stats    ] Concurrent Mark Roots              9202 us, parallelism: 1.59x
[88.021s][info][gc,stats    ]   CMR: <total>                    14640 us
[88.021s][info][gc,stats    ]   CMR: Thread Roots                1334 us, workers (us):  36, 1298, ---, ---, ---, ---, ---, ---, 
[88.021s][info][gc,stats    ]   CMR: Code Cache Roots           12754 us, workers (us): 6745, 6008, ---, ---, ---, ---, ---, ---, 
[88.021s][info][gc,stats    ]   CMR: VM Strong Roots               29 us, workers (us):  15,  13, ---, ---, ---, ---, ---, ---, 
[88.021s][info][gc,stats    ]   CMR: CLDG Roots                   523 us, workers (us): 523, ---, ---, ---, ---, ---, ---, ---, 
[88.021s][info][gc,stats    ] Concurrent Marking               412256 us
[88.021s][info][gc,stats    ] Pause Final Mark (G)               2605 us
[88.021s][info][gc,stats    ] Pause Final Mark (N)                562 us
[88.021s][info][gc,stats    ]   Finish Mark                       346 us
[88.021s][info][gc,stats    ]   Update Region States               45 us
[88.021s][info][gc,stats    ]   Choose Collection Set              75 us
[88.021s][info][gc,stats    ]   Rebuild Free Set                   22 us
[88.021s][info][gc,stats    ] Concurrent Thread Roots             884 us, parallelism: 1.21x
[88.021s][info][gc,stats    ]   CTR: <total>                     1070 us
[88.021s][info][gc,stats    ]   CTR: Thread Roots                1070 us, workers (us): 544, 526, ---, ---, ---, ---, ---, ---, 
[88.021s][info][gc,stats    ] Concurrent Weak References         1784 us, parallelism: 1.12x
[88.021s][info][gc,stats    ]   CWRF: <total>                    2001 us
[88.021s][info][gc,stats    ]   CWRF: Weak References            2001 us, workers (us): 428, 1573, ---, ---, ---, ---, ---, ---, 
[88.021s][info][gc,stats    ] Concurrent Weak Roots              5575 us
[88.021s][info][gc,stats    ]   Roots                            1183 us, parallelism: 1.08x
[88.021s][info][gc,stats    ]     CWR: <total>                   1273 us
[88.021s][info][gc,stats    ]     CWR: VM Weak Roots             1273 us, workers (us): 984, 288, ---, ---, ---, ---, ---, ---, 
[88.021s][info][gc,stats    ]   Rendezvous                       4331 us
[88.021s][info][gc,stats    ] Concurrent Cleanup                  139 us
[88.021s][info][gc,stats    ] Concurrent Strong Roots            4526 us, parallelism: 1.91x
[88.021s][info][gc,stats    ]   CSR: <total>                     8658 us
[88.021s][info][gc,stats    ]   CSR: Code Cache Roots            8128 us, workers (us): 3757, 4371, ---, ---, ---, ---, ---, ---, 
[88.021s][info][gc,stats    ]   CSR: VM Strong Roots               33 us, workers (us):  17,  16, ---, ---, ---, ---, ---, ---, 
[88.021s][info][gc,stats    ]   CSR: CLDG Roots                   498 us, workers (us): 498, ---, ---, ---, ---, ---, ---, ---, 
[88.021s][info][gc,stats    ] Concurrent Evacuation             32949 us
[88.021s][info][gc,stats    ] Pause Init Update Refs (G)         9454 us
[88.021s][info][gc,stats    ] Pause Init Update Refs (N)          137 us
[88.021s][info][gc,stats    ]   Manage GCLABs                      61 us
[88.021s][info][gc,stats    ] Concurrent Update Refs           190340 us
[88.021s][info][gc,stats    ] Concurrent Update Thread Roots     2205 us
[88.021s][info][gc,stats    ] Pause Final Update Refs (G)         257 us
[88.021s][info][gc,stats    ] Pause Final Update Refs (N)         115 us
[88.021s][info][gc,stats    ]   Update Region States               46 us
[88.021s][info][gc,stats    ]   Trash Collection Set                5 us
[88.021s][info][gc,stats    ]   Rebuild Free Set                   17 us
[88.021s][info][gc,stats    ] Concurrent Cleanup                  120 us
[88.021s][info][gc,stats    ] 
[88.021s][info][gc,stats    ] Allocation pacing accrued:
[88.021s][info][gc,stats    ]       0 of  2980 ms (  0.0%): <total>
[88.021s][info][gc,stats    ]       0 of  2980 ms (  0.0%): <average total>
[88.021s][info][gc,stats    ] 
[88.021s][info][gc,metaspace] Metaspace: 71067K(71488K)->71067K(71488K) NonClass: 63595K(63808K)->63595K(63808K) Class: 7472K(7680K)->7472K(7680K)
[88.021s][info][gc,ergo     ] Pacer for Idle. Initial: 40642K, Alloc Tax Rate: 1.0x
[88.830s][info][gc,start    ] Concurrent uncommit
[88.831s][info][gc          ] Concurrent uncommit 237M->237M(388M) 0.486ms
[89.032s][info][gc,start    ] Concurrent uncommit
[89.072s][info][gc          ] Concurrent uncommit 246M->248M(252M) 40.589ms
[90.213s][info][gc          ] Trigger: Allocated since last cycle (198M) is larger than allocation threshold (198M)
[90.213s][info][gc,ergo     ] Free: 1578M, Max: 512K regular, 1577M humongous, Frag: 0% external, 0% internal; Reserve: 101888K, Max: 512K
[90.213s][info][gc,start    ] GC(16) Concurrent reset
[90.213s][info][gc,task     ] GC(16) Using 2 of 8 workers for concurrent reset
[90.213s][info][gc,ergo     ] GC(16) Pacer for Reset. Non-Taxable: 1984M
[90.215s][info][gc          ] GC(16) Concurrent reset 2.257ms
[90.216s][info][gc,start    ] GC(16) Pause Init Mark
[90.216s][info][gc,task     ] GC(16) Using 8 of 8 workers for init marking
[90.216s][info][gc,ref      ] GC(16) Clearing All SoftReferences
[90.216s][info][gc,ergo     ] GC(16) Pacer for Mark. Expected Live: 103M, Free: 1578M, Non-Taxable: 157M, Alloc Tax Rate: 0.1x
[90.216s][info][gc          ] GC(16) Pause Init Mark 0.154ms
[90.218s][info][gc,start    ] GC(16) Concurrent marking roots
[90.218s][info][gc,task     ] GC(16) Using 2 of 8 workers for concurrent marking roots
[90.227s][info][gc          ] GC(16) Concurrent marking roots 8.621ms
[90.227s][info][gc,start    ] GC(16) Concurrent marking
[90.227s][info][gc,task     ] GC(16) Using 2 of 8 workers for concurrent marking
[90.517s][info][gc          ] GC(16) Concurrent marking 289.787ms
[90.518s][info][gc,start    ] GC(16) Pause Final Mark
[90.518s][info][gc,task     ] GC(16) Using 8 of 8 workers for final marking
[90.529s][info][gc,ergo     ] GC(16) CSet Selection. Actual Free: 1633M, Max CSet: 1224M
[90.529s][info][gc,ergo     ] GC(16) Collectable Garbage: 195M (99%), Immediate: 4608K (2%), CSet: 190M (96%)
[90.529s][info][gc,ergo     ] GC(16) Pacer for Evacuation. Used CSet: 196M, Free: 1534M, Non-Taxable: 153M, Alloc Tax Rate: 1.1x
[90.529s][info][gc          ] GC(16) Pause Final Mark 11.369ms
[90.529s][info][gc,start    ] GC(16) Concurrent thread roots
[90.529s][info][gc,task     ] GC(16) Using 2 of 8 workers for Concurrent thread roots
[90.530s][info][gc          ] GC(16) Concurrent thread roots 0.765ms
[90.530s][info][gc,start    ] GC(16) Concurrent weak references
[90.530s][info][gc,task     ] GC(16) Using 2 of 8 workers for concurrent weak references
[90.533s][info][gc,ref      ] GC(16) Encountered references: Soft: 2430, Weak: 9728, Final: 74, Phantom: 755
[90.533s][info][gc,ref      ] GC(16) Discovered  references: Soft: 249, Weak: 6491, Final: 1, Phantom: 740
[90.533s][info][gc,ref      ] GC(16) Enqueued    references: Soft: 2, Weak: 3639, Final: 0, Phantom: 0
[90.533s][info][gc          ] GC(16) Concurrent weak references 2.970ms
[90.533s][info][gc,start    ] GC(16) Concurrent weak roots
[90.533s][info][gc,task     ] GC(16) Using 2 of 8 workers for concurrent weak root
[90.536s][info][gc          ] GC(16) Concurrent weak roots 2.622ms
[90.536s][info][gc,start    ] GC(16) Concurrent cleanup
[90.536s][info][gc          ] GC(16) Concurrent cleanup 359M->355M(363M) 0.145ms
[90.536s][info][gc,ergo     ] GC(16) Free: 1527M, Max: 512K regular, 1523M humongous, Frag: 1% external, 0% internal; Reserve: 101033K, Max: 512K
[90.536s][info][gc,start    ] GC(16) Concurrent strong roots
[90.536s][info][gc,task     ] GC(16) Using 2 of 8 workers for concurrent strong root
[90.544s][info][gc          ] GC(16) Concurrent strong roots 8.290ms
[90.544s][info][gc,start    ] GC(16) Concurrent evacuation
[90.544s][info][gc,task     ] GC(16) Using 2 of 8 workers for concurrent evacuation
[90.553s][info][gc          ] GC(16) Concurrent evacuation 8.543ms
[90.553s][info][gc,start    ] GC(16) Pause Init Update Refs
[90.553s][info][gc,ergo     ] GC(16) Pacer for Update Refs. Used: 365M, Free: 1523M, Non-Taxable: 152M, Alloc Tax Rate: 1.1x
[90.553s][info][gc          ] GC(16) Pause Init Update Refs 0.054ms
[90.553s][info][gc,start    ] GC(16) Concurrent update references
[90.553s][info][gc,task     ] GC(16) Using 2 of 8 workers for concurrent reference update
[90.688s][info][gc          ] GC(16) Concurrent update references 134.770ms
[90.688s][info][gc,start    ] GC(16) Concurrent update thread roots
[90.689s][info][gc          ] GC(16) Concurrent update thread roots 1.545ms
[90.690s][info][gc,start    ] GC(16) Pause Final Update Refs
[90.690s][info][gc,task     ] GC(16) Using 8 of 8 workers for final reference update
[90.690s][info][gc          ] GC(16) Pause Final Update Refs 0.117ms
[90.690s][info][gc,start    ] GC(16) Concurrent cleanup
[90.690s][info][gc          ] GC(16) Concurrent cleanup 379M->183M(382M) 0.150ms
[90.691s][info][gc,ergo     ] Free: 1699M, Max: 512K regular, 1505M humongous, Frag: 12% external, 0% internal; Reserve: 101888K, Max: 512K
[90.691s][info][gc,stats    ] 
[90.691s][info][gc,stats    ] All times are wall-clock times, except per-root-class counters, that are sum over
[90.691s][info][gc,stats    ] all workers. Dividing the <total> over the root stage time estimates parallelism.
[90.691s][info][gc,stats    ] 
[90.691s][info][gc,stats    ] Concurrent Reset                   2281 us
[90.691s][info][gc,stats    ] Pause Init Mark (G)                2658 us
[90.691s][info][gc,stats    ] Pause Init Mark (N)                 162 us
[90.691s][info][gc,stats    ]   Update Region States               36 us
[90.691s][info][gc,stats    ] Concurrent Mark Roots              8649 us, parallelism: 1.59x
[90.691s][info][gc,stats    ]   CMR: <total>                    13716 us
[90.691s][info][gc,stats    ]   CMR: Thread Roots                6567 us, workers (us): 4253, 2315, ---, ---, ---, ---, ---, ---, 
[90.691s][info][gc,stats    ]   CMR: Code Cache Roots            6633 us, workers (us): 3039, 3594, ---, ---, ---, ---, ---, ---, 
[90.691s][info][gc,stats    ]   CMR: VM Strong Roots               25 us, workers (us):  12,  13, ---, ---, ---, ---, ---, ---, 
[90.691s][info][gc,stats    ]   CMR: CLDG Roots                   491 us, workers (us): 491, ---, ---, ---, ---, ---, ---, ---, 
[90.691s][info][gc,stats    ] Concurrent Marking               289824 us
[90.691s][info][gc,stats    ] Pause Final Mark (G)              12719 us
[90.691s][info][gc,stats    ] Pause Final Mark (N)              11378 us
[90.691s][info][gc,stats    ]   Finish Mark                     11133 us
[90.691s][info][gc,stats    ]   Update Region States               47 us
[90.691s][info][gc,stats    ]   Choose Collection Set              89 us
[90.691s][info][gc,stats    ]   Rebuild Free Set                   21 us
[90.691s][info][gc,stats    ] Concurrent Thread Roots             781 us, parallelism: 1.68x
[90.691s][info][gc,stats    ]   CTR: <total>                     1309 us
[90.691s][info][gc,stats    ]   CTR: Thread Roots                1309 us, workers (us): 613, 696, ---, ---, ---, ---, ---, ---, 
[90.691s][info][gc,stats    ] Concurrent Weak References         2977 us, parallelism: 0.64x
[90.691s][info][gc,stats    ]   CWRF: <total>                    1893 us
[90.691s][info][gc,stats    ]   CWRF: Weak References            1893 us, workers (us): 1891,   1, ---, ---, ---, ---, ---, ---, 
[90.691s][info][gc,stats    ] Concurrent Weak Roots              2646 us
[90.691s][info][gc,stats    ]   Roots                            2237 us, parallelism: 0.73x
[90.691s][info][gc,stats    ]     CWR: <total>                   1636 us
[90.691s][info][gc,stats    ]     CWR: VM Weak Roots             1636 us, workers (us): 1635,   0, ---, ---, ---, ---, ---, ---, 
[90.691s][info][gc,stats    ]   Rendezvous                        368 us
[90.691s][info][gc,stats    ] Concurrent Cleanup                  153 us
[90.691s][info][gc,stats    ] Concurrent Strong Roots            8359 us, parallelism: 1.85x
[90.691s][info][gc,stats    ]   CSR: <total>                    15498 us
[90.691s][info][gc,stats    ]   CSR: Code Cache Roots           14951 us, workers (us): 6940, 8012, ---, ---, ---, ---, ---, ---, 
[90.691s][info][gc,stats    ]   CSR: VM Strong Roots               33 us, workers (us):  29,   5, ---, ---, ---, ---, ---, ---, 
[90.691s][info][gc,stats    ]   CSR: CLDG Roots                   513 us, workers (us): 513, ---, ---, ---, ---, ---, ---, ---, 
[90.691s][info][gc,stats    ] Concurrent Evacuation              8573 us
[90.691s][info][gc,stats    ] Pause Init Update Refs (G)          158 us
[90.691s][info][gc,stats    ] Pause Init Update Refs (N)           62 us
[90.691s][info][gc,stats    ]   Manage GCLABs                      17 us
[90.691s][info][gc,stats    ] Concurrent Update Refs           134802 us
[90.691s][info][gc,stats    ] Concurrent Update Thread Roots     1571 us
[90.691s][info][gc,stats    ] Pause Final Update Refs (G)         884 us
[90.691s][info][gc,stats    ] Pause Final Update Refs (N)         127 us
[90.691s][info][gc,stats    ]   Update Region States               48 us
[90.691s][info][gc,stats    ]   Trash Collection Set                6 us
[90.691s][info][gc,stats    ]   Rebuild Free Set                   22 us
[90.691s][info][gc,stats    ] Concurrent Cleanup                  160 us
[90.691s][info][gc,stats    ] 
[90.691s][info][gc,stats    ] Allocation pacing accrued:
[90.691s][info][gc,stats    ]       0 of  2670 ms (  0.0%): <total>
[90.691s][info][gc,stats    ]       0 of  2670 ms (  0.0%): <average total>
[90.691s][info][gc,stats    ] 
[90.691s][info][gc,metaspace] Metaspace: 71074K(71552K)->71075K(71552K) NonClass: 63601K(63872K)->63601K(63872K) Class: 7473K(7680K)->7473K(7680K)
[90.691s][info][gc,ergo     ] Pacer for Idle. Initial: 40642K, Alloc Tax Rate: 1.0x
[91.701s][info][gc,start    ] Concurrent uncommit
[91.733s][info][gc          ] Concurrent uncommit 252M->253M(256M) 31.686ms
[92.782s][info][gc          ] Trigger: Allocated since last cycle (198M) is larger than allocation threshold (198M)
[92.782s][info][gc,ergo     ] Free: 1574M, Max: 512K regular, 1505M humongous, Frag: 5% external, 0% internal; Reserve: 101888K, Max: 512K
[92.783s][info][gc,start    ] GC(17) Concurrent reset
[92.783s][info][gc,task     ] GC(17) Using 2 of 8 workers for concurrent reset
[92.783s][info][gc,ergo     ] GC(17) Pacer for Reset. Non-Taxable: 1984M
[92.784s][info][gc          ] GC(17) Concurrent reset 1.759ms
[92.784s][info][gc,start    ] GC(17) Pause Init Mark
[92.784s][info][gc,task     ] GC(17) Using 8 of 8 workers for init marking
[92.784s][info][gc,ref      ] GC(17) Clearing All SoftReferences
[92.784s][info][gc,ergo     ] GC(17) Pacer for Mark. Expected Live: 104M, Free: 1574M, Non-Taxable: 157M, Alloc Tax Rate: 0.1x
[92.785s][info][gc          ] GC(17) Pause Init Mark 0.100ms
[92.785s][info][gc,start    ] GC(17) Concurrent marking roots
[92.785s][info][gc,task     ] GC(17) Using 2 of 8 workers for concurrent marking roots
[92.789s][info][gc          ] GC(17) Concurrent marking roots 4.408ms
[92.789s][info][gc,start    ] GC(17) Concurrent marking
[92.789s][info][gc,task     ] GC(17) Using 2 of 8 workers for concurrent marking
[93.112s][info][gc          ] GC(17) Concurrent marking 322.612ms
[93.112s][info][gc,start    ] GC(17) Pause Final Mark
[93.112s][info][gc,task     ] GC(17) Using 8 of 8 workers for final marking
[93.113s][info][gc,ergo     ] GC(17) CSet Selection. Actual Free: 1623M, Max CSet: 1217M
[93.113s][info][gc,ergo     ] GC(17) Collectable Garbage: 195M (99%), Immediate: 5118K (2%), CSet: 190M (96%)
[93.113s][info][gc,ergo     ] GC(17) Pacer for Evacuation. Used CSet: 197M, Free: 1524M, Non-Taxable: 152M, Alloc Tax Rate: 1.1x
[93.113s][info][gc          ] GC(17) Pause Final Mark 1.765ms
[93.114s][info][gc,start    ] GC(17) Concurrent thread roots
[93.114s][info][gc,task     ] GC(17) Using 2 of 8 workers for Concurrent thread roots
[93.117s][info][gc          ] GC(17) Concurrent thread roots 3.074ms
[93.117s][info][gc,start    ] GC(17) Concurrent weak references
[93.117s][info][gc,task     ] GC(17) Using 2 of 8 workers for concurrent weak references
[93.119s][info][gc,ref      ] GC(17) Encountered references: Soft: 2431, Weak: 9688, Final: 74, Phantom: 755
[93.119s][info][gc,ref      ] GC(17) Discovered  references: Soft: 244, Weak: 5002, Final: 30, Phantom: 741
[93.119s][info][gc,ref      ] GC(17) Enqueued    references: Soft: 3, Weak: 3594, Final: 0, Phantom: 0
[93.119s][info][gc          ] GC(17) Concurrent weak references 2.856ms
[93.120s][info][gc,start    ] GC(17) Concurrent weak roots
[93.120s][info][gc,task     ] GC(17) Using 2 of 8 workers for concurrent weak root
[93.138s][info][gc          ] GC(17) Concurrent weak roots 17.992ms
[93.138s][info][gc,start    ] GC(17) Concurrent cleanup
[93.138s][info][gc          ] GC(17) Concurrent cleanup 368M->363M(371M) 0.145ms
[93.138s][info][gc,ergo     ] GC(17) Free: 1519M, Max: 512K regular, 1505M humongous, Frag: 1% external, 0% internal; Reserve: 101053K, Max: 512K
[93.138s][info][gc,start    ] GC(17) Concurrent strong roots
[93.138s][info][gc,task     ] GC(17) Using 2 of 8 workers for concurrent strong root
[93.145s][info][gc          ] GC(17) Concurrent strong roots 7.448ms
[93.145s][info][gc,start    ] GC(17) Concurrent evacuation
[93.145s][info][gc,task     ] GC(17) Using 2 of 8 workers for concurrent evacuation
[93.176s][info][gc          ] GC(17) Concurrent evacuation 30.778ms
[93.182s][info][gc,start    ] GC(17) Pause Init Update Refs
[93.182s][info][gc,ergo     ] GC(17) Pacer for Update Refs. Used: 376M, Free: 1512M, Non-Taxable: 151M, Alloc Tax Rate: 1.1x
[93.182s][info][gc          ] GC(17) Pause Init Update Refs 0.112ms
[93.182s][info][gc,start    ] GC(17) Concurrent update references
[93.182s][info][gc,task     ] GC(17) Using 2 of 8 workers for concurrent reference update
[93.363s][info][gc          ] GC(17) Concurrent update references 181.065ms
[93.363s][info][gc,start    ] GC(17) Concurrent update thread roots
[93.364s][info][gc          ] GC(17) Concurrent update thread roots 0.736ms
[93.367s][info][gc,start    ] GC(17) Pause Final Update Refs
[93.367s][info][gc,task     ] GC(17) Using 8 of 8 workers for final reference update
[93.367s][info][gc          ] GC(17) Pause Final Update Refs 0.131ms
[93.368s][info][gc,start    ] GC(17) Concurrent cleanup
[93.368s][info][gc          ] GC(17) Concurrent cleanup 402M->205M(406M) 0.158ms
[93.368s][info][gc,ergo     ] Free: 1676M, Max: 512K regular, 1482M humongous, Frag: 12% external, 0% internal; Reserve: 101888K, Max: 512K
[93.368s][info][gc,stats    ] 
[93.368s][info][gc,stats    ] All times are wall-clock times, except per-root-class counters, that are sum over
[93.368s][info][gc,stats    ] all workers. Dividing the <total> over the root stage time estimates parallelism.
[93.368s][info][gc,stats    ] 
[93.368s][info][gc,stats    ] Concurrent Reset                   1780 us
[93.368s][info][gc,stats    ] Pause Init Mark (G)                 262 us
[93.368s][info][gc,stats    ] Pause Init Mark (N)                 107 us
[93.368s][info][gc,stats    ]   Update Region States               27 us
[93.368s][info][gc,stats    ] Concurrent Mark Roots              4427 us, parallelism: 1.93x
[93.368s][info][gc,stats    ]   CMR: <total>                     8532 us
[93.368s][info][gc,stats    ]   CMR: Thread Roots                 969 us, workers (us): 497, 472, ---, ---, ---, ---, ---, ---, 
[93.368s][info][gc,stats    ]   CMR: Code Cache Roots            7045 us, workers (us): 3266, 3779, ---, ---, ---, ---, ---, ---, 
[93.368s][info][gc,stats    ]   CMR: VM Strong Roots               20 us, workers (us):  16,   4, ---, ---, ---, ---, ---, ---, 
[93.368s][info][gc,stats    ]   CMR: CLDG Roots                   498 us, workers (us): 498, ---, ---, ---, ---, ---, ---, ---, 
[93.368s][info][gc,stats    ] Concurrent Marking               322638 us
[93.368s][info][gc,stats    ] Pause Final Mark (G)               1923 us
[93.368s][info][gc,stats    ] Pause Final Mark (N)               1773 us
[93.368s][info][gc,stats    ]   Finish Mark                      1528 us
[93.368s][info][gc,stats    ]   Update Region States               48 us
[93.368s][info][gc,stats    ]   Choose Collection Set              98 us
[93.368s][info][gc,stats    ]   Rebuild Free Set                   20 us
[93.368s][info][gc,stats    ] Concurrent Thread Roots            3098 us, parallelism: 1.19x
[93.368s][info][gc,stats    ]   CTR: <total>                     3674 us
[93.368s][info][gc,stats    ]   CTR: Thread Roots                3674 us, workers (us): 2685, 989, ---, ---, ---, ---, ---, ---, 
[93.368s][info][gc,stats    ] Concurrent Weak References         2864 us, parallelism: 0.74x
[93.368s][info][gc,stats    ]   CWRF: <total>                    2111 us
[93.368s][info][gc,stats    ]   CWRF: Weak References            2111 us, workers (us): 2110,   1, ---, ---, ---, ---, ---, ---, 
[93.368s][info][gc,stats    ] Concurrent Weak Roots             18026 us
[93.368s][info][gc,stats    ]   Roots                            2283 us, parallelism: 1.15x
[93.368s][info][gc,stats    ]     CWR: <total>                   2636 us
[93.368s][info][gc,stats    ]     CWR: VM Weak Roots             2636 us, workers (us): 2098, 539, ---, ---, ---, ---, ---, ---, 
[93.368s][info][gc,stats    ]   Rendezvous                      15690 us
[93.368s][info][gc,stats    ] Concurrent Cleanup                  154 us
[93.368s][info][gc,stats    ] Concurrent Strong Roots            7474 us, parallelism: 1.71x
[93.368s][info][gc,stats    ]   CSR: <total>                    12785 us
[93.368s][info][gc,stats    ]   CSR: Code Cache Roots           12210 us, workers (us): 5485, 6724, ---, ---, ---, ---, ---, ---, 
[93.368s][info][gc,stats    ]   CSR: VM Strong Roots               48 us, workers (us):  25,  23, ---, ---, ---, ---, ---, ---, 
[93.368s][info][gc,stats    ]   CSR: CLDG Roots                   527 us, workers (us): ---, 527, ---, ---, ---, ---, ---, ---, 
[93.368s][info][gc,stats    ] Concurrent Evacuation             30812 us
[93.368s][info][gc,stats    ] Pause Init Update Refs (G)         6270 us
[93.368s][info][gc,stats    ] Pause Init Update Refs (N)          121 us
[93.368s][info][gc,stats    ]   Manage GCLABs                      52 us
[93.368s][info][gc,stats    ] Concurrent Update Refs           181091 us
[93.368s][info][gc,stats    ] Concurrent Update Thread Roots      756 us
[93.368s][info][gc,stats    ] Pause Final Update Refs (G)        3462 us
[93.368s][info][gc,stats    ] Pause Final Update Refs (N)         148 us
[93.368s][info][gc,stats    ]   Update Region States               64 us
[93.368s][info][gc,stats    ]   Trash Collection Set                7 us
[93.368s][info][gc,stats    ]   Rebuild Free Set                   21 us
[93.368s][info][gc,stats    ] Concurrent Cleanup                  167 us
[93.368s][info][gc,stats    ] 
[93.368s][info][gc,stats    ] Allocation pacing accrued:
[93.368s][info][gc,stats    ]       0 of  2677 ms (  0.0%): <total>
[93.368s][info][gc,stats    ]       0 of  2677 ms (  0.0%): <average total>
[93.368s][info][gc,stats    ] 
[93.368s][info][gc,metaspace] Metaspace: 71082K(71552K)->71082K(71552K) NonClass: 63607K(63872K)->63607K(63872K) Class: 7474K(7680K)->7474K(7680K)
[93.368s][info][gc,ergo     ] Pacer for Idle. Initial: 40642K, Alloc Tax Rate: 1.0x
[94.374s][info][gc,start    ] Concurrent uncommit
[94.403s][info][gc          ] Concurrent uncommit 258M->259M(263M) 28.628ms
[95.450s][info][gc          ] Trigger: Allocated since last cycle (198M) is larger than allocation threshold (198M)
[95.450s][info][gc,ergo     ] Free: 1570M, Max: 512K regular, 1482M humongous, Frag: 6% external, 0% internal; Reserve: 101888K, Max: 512K
[95.450s][info][gc,start    ] GC(18) Concurrent reset
[95.450s][info][gc,task     ] GC(18) Using 2 of 8 workers for concurrent reset
[95.450s][info][gc,ergo     ] GC(18) Pacer for Reset. Non-Taxable: 1984M
[95.452s][info][gc          ] GC(18) Concurrent reset 2.145ms
[95.453s][info][gc,start    ] GC(18) Pause Init Mark
[95.453s][info][gc,task     ] GC(18) Using 8 of 8 workers for init marking
[95.453s][info][gc,ref      ] GC(18) Clearing All SoftReferences
[95.453s][info][gc,ergo     ] GC(18) Pacer for Mark. Expected Live: 105M, Free: 1570M, Non-Taxable: 157M, Alloc Tax Rate: 0.1x
[95.453s][info][gc          ] GC(18) Pause Init Mark 0.100ms
[95.453s][info][gc,start    ] GC(18) Concurrent marking roots
[95.453s][info][gc,task     ] GC(18) Using 2 of 8 workers for concurrent marking roots
[95.458s][info][gc          ] GC(18) Concurrent marking roots 5.637ms
[95.458s][info][gc,start    ] GC(18) Concurrent marking
[95.458s][info][gc,task     ] GC(18) Using 2 of 8 workers for concurrent marking
[95.879s][info][gc          ] GC(18) Concurrent marking 421.009ms
[95.880s][info][gc,start    ] GC(18) Pause Final Mark
[95.880s][info][gc,task     ] GC(18) Using 8 of 8 workers for final marking
[95.883s][info][gc,ergo     ] GC(18) CSet Selection. Actual Free: 1629M, Max CSet: 1221M
[95.883s][info][gc,ergo     ] GC(18) Collectable Garbage: 196M (98%), Immediate: 6147K (3%), CSet: 190M (95%)
[95.883s][info][gc,ergo     ] GC(18) Pacer for Evacuation. Used CSet: 197M, Free: 1530M, Non-Taxable: 153M, Alloc Tax Rate: 1.1x
[95.883s][info][gc          ] GC(18) Pause Final Mark 3.249ms
[95.883s][info][gc,start    ] GC(18) Concurrent thread roots
[95.883s][info][gc,task     ] GC(18) Using 2 of 8 workers for Concurrent thread roots
[95.886s][info][gc          ] GC(18) Concurrent thread roots 2.771ms
[95.886s][info][gc,start    ] GC(18) Concurrent weak references
[95.886s][info][gc,task     ] GC(18) Using 2 of 8 workers for concurrent weak references
[95.888s][info][gc,ref      ] GC(18) Encountered references: Soft: 2431, Weak: 9616, Final: 74, Phantom: 755
[95.888s][info][gc,ref      ] GC(18) Discovered  references: Soft: 240, Weak: 4125, Final: 18, Phantom: 742
[95.888s][info][gc,ref      ] GC(18) Enqueued    references: Soft: 3, Weak: 3520, Final: 0, Phantom: 2
[95.888s][info][gc          ] GC(18) Concurrent weak references 1.813ms
[95.888s][info][gc,start    ] GC(18) Concurrent weak roots
[95.888s][info][gc,task     ] GC(18) Using 2 of 8 workers for concurrent weak root
[95.889s][info][gc          ] GC(18) Concurrent weak roots 1.780ms
[95.889s][info][gc,start    ] GC(18) Concurrent cleanup
[95.890s][info][gc          ] GC(18) Concurrent cleanup 361M->355M(365M) 0.179ms
[95.890s][info][gc,ergo     ] GC(18) Free: 1527M, Max: 512K regular, 1482M humongous, Frag: 3% external, 0% internal; Reserve: 101120K, Max: 512K
[95.890s][info][gc,start    ] GC(18) Concurrent strong roots
[95.890s][info][gc,task     ] GC(18) Using 2 of 8 workers for concurrent strong root
[95.895s][info][gc          ] GC(18) Concurrent strong roots 5.355ms
[95.895s][info][gc,start    ] GC(18) Concurrent evacuation
[95.895s][info][gc,task     ] GC(18) Using 2 of 8 workers for concurrent evacuation
[95.913s][info][gc          ] GC(18) Concurrent evacuation 17.666ms
[95.913s][info][gc,start    ] GC(18) Pause Init Update Refs
[95.913s][info][gc,ergo     ] GC(18) Pacer for Update Refs. Used: 366M, Free: 1524M, Non-Taxable: 152M, Alloc Tax Rate: 1.1x
[95.913s][info][gc          ] GC(18) Pause Init Update Refs 0.078ms
[95.913s][info][gc,start    ] GC(18) Concurrent update references
[95.913s][info][gc,task     ] GC(18) Using 2 of 8 workers for concurrent reference update
[96.097s][info][gc          ] GC(18) Concurrent update references 183.685ms
[96.097s][info][gc,start    ] GC(18) Concurrent update thread roots
[96.100s][info][gc          ] GC(18) Concurrent update thread roots 2.542ms
[96.100s][info][gc,start    ] GC(18) Pause Final Update Refs
[96.100s][info][gc,task     ] GC(18) Using 8 of 8 workers for final reference update
[96.100s][info][gc          ] GC(18) Pause Final Update Refs 0.124ms
[96.100s][info][gc,start    ] GC(18) Concurrent cleanup
[96.100s][info][gc          ] GC(18) Concurrent cleanup 383M->185M(386M) 0.159ms
[96.101s][info][gc,ergo     ] Free: 1696M, Max: 512K regular, 1524M humongous, Frag: 11% external, 0% internal; Reserve: 101888K, Max: 512K
[96.101s][info][gc,stats    ] 
[96.101s][info][gc,stats    ] All times are wall-clock times, except per-root-class counters, that are sum over
[96.101s][info][gc,stats    ] all workers. Dividing the <total> over the root stage time estimates parallelism.
[96.101s][info][gc,stats    ] 
[96.101s][info][gc,stats    ] Concurrent Reset                   2165 us
[96.101s][info][gc,stats    ] Pause Init Mark (G)                 476 us
[96.101s][info][gc,stats    ] Pause Init Mark (N)                 107 us
[96.101s][info][gc,stats    ]   Update Region States               32 us
[96.101s][info][gc,stats    ] Concurrent Mark Roots              5664 us, parallelism: 1.86x
[96.101s][info][gc,stats    ]   CMR: <total>                    10531 us
[96.101s][info][gc,stats    ]   CMR: Thread Roots                3252 us, workers (us): 1729, 1524, ---, ---, ---, ---, ---, ---, 
[96.101s][info][gc,stats    ]   CMR: Code Cache Roots            6781 us, workers (us): 3246, 3535, ---, ---, ---, ---, ---, ---, 
[96.101s][info][gc,stats    ]   CMR: VM Strong Roots               27 us, workers (us):  27,   1, ---, ---, ---, ---, ---, ---, 
[96.101s][info][gc,stats    ]   CMR: CLDG Roots                   470 us, workers (us): 470, ---, ---, ---, ---, ---, ---, ---, 
[96.101s][info][gc,stats    ] Concurrent Marking               421047 us
[96.101s][info][gc,stats    ] Pause Final Mark (G)               3592 us
[96.101s][info][gc,stats    ] Pause Final Mark (N)               3259 us
[96.101s][info][gc,stats    ]   Finish Mark                      3006 us
[96.101s][info][gc,stats    ]   Update Region States               52 us
[96.101s][info][gc,stats    ]   Choose Collection Set              91 us
[96.101s][info][gc,stats    ]   Rebuild Free Set                   22 us
[96.101s][info][gc,stats    ] Concurrent Thread Roots            2797 us, parallelism: 0.86x
[96.101s][info][gc,stats    ]   CTR: <total>                     2394 us
[96.101s][info][gc,stats    ]   CTR: Thread Roots                2394 us, workers (us): 1148, 1247, ---, ---, ---, ---, ---, ---, 
[96.101s][info][gc,stats    ] Concurrent Weak References         1821 us, parallelism: 0.94x
[96.101s][info][gc,stats    ]   CWRF: <total>                    1704 us
[96.101s][info][gc,stats    ]   CWRF: Weak References            1704 us, workers (us): 1703,   0, ---, ---, ---, ---, ---, ---, 
[96.101s][info][gc,stats    ] Concurrent Weak Roots              1802 us
[96.101s][info][gc,stats    ]   Roots                             898 us, parallelism: 1.68x
[96.101s][info][gc,stats    ]     CWR: <total>                   1511 us
[96.101s][info][gc,stats    ]     CWR: VM Weak Roots             1511 us, workers (us): 756, 755, ---, ---, ---, ---, ---, ---, 
[96.101s][info][gc,stats    ]   Rendezvous                        864 us
[96.101s][info][gc,stats    ] Concurrent Cleanup                  198 us
[96.101s][info][gc,stats    ] Concurrent Strong Roots            5386 us, parallelism: 1.83x
[96.101s][info][gc,stats    ]   CSR: <total>                     9842 us
[96.101s][info][gc,stats    ]   CSR: Code Cache Roots            9255 us, workers (us): 4024, 5231, ---, ---, ---, ---, ---, ---, 
[96.101s][info][gc,stats    ]   CSR: VM Strong Roots               44 us, workers (us):  33,  11, ---, ---, ---, ---, ---, ---, 
[96.101s][info][gc,stats    ]   CSR: CLDG Roots                   543 us, workers (us): 543, ---, ---, ---, ---, ---, ---, ---, 
[96.101s][info][gc,stats    ] Concurrent Evacuation             17703 us
[96.101s][info][gc,stats    ] Pause Init Update Refs (G)          516 us
[96.101s][info][gc,stats    ] Pause Init Update Refs (N)           87 us
[96.101s][info][gc,stats    ]   Manage GCLABs                      30 us
[96.101s][info][gc,stats    ] Concurrent Update Refs           183721 us
[96.101s][info][gc,stats    ] Concurrent Update Thread Roots     2586 us
[96.101s][info][gc,stats    ] Pause Final Update Refs (G)         656 us
[96.101s][info][gc,stats    ] Pause Final Update Refs (N)         134 us
[96.101s][info][gc,stats    ]   Update Region States               52 us
[96.101s][info][gc,stats    ]   Trash Collection Set                6 us
[96.101s][info][gc,stats    ]   Rebuild Free Set                   23 us
[96.101s][info][gc,stats    ] Concurrent Cleanup                  169 us
[96.101s][info][gc,stats    ] 
[96.101s][info][gc,stats    ] Allocation pacing accrued:
[96.101s][info][gc,stats    ]       0 of  2733 ms (  0.0%): <total>
[96.101s][info][gc,stats    ]       0 of  2733 ms (  0.0%): <average total>
[96.101s][info][gc,stats    ] 
[96.101s][info][gc,metaspace] Metaspace: 71090K(71552K)->71091K(71552K) NonClass: 63615K(63872K)->63615K(63872K) Class: 7475K(7680K)->7475K(7680K)
[96.101s][info][gc,ergo     ] Pacer for Idle. Initial: 40642K, Alloc Tax Rate: 1.0x
[97.106s][info][gc,start    ] Concurrent uncommit
[97.164s][info][gc          ] Concurrent uncommit 246M->247M(250M) 58.183ms
[98.694s][info][gc          ] Trigger: Allocated since last cycle (198M) is larger than allocation threshold (198M)
[98.694s][info][gc,ergo     ] Free: 1567M, Max: 512K regular, 1524M humongous, Frag: 3% external, 0% internal; Reserve: 101888K, Max: 512K
[98.694s][info][gc,start    ] GC(19) Concurrent reset
[98.694s][info][gc,task     ] GC(19) Using 2 of 8 workers for concurrent reset
[98.694s][info][gc,ergo     ] GC(19) Pacer for Reset. Non-Taxable: 1984M
[98.696s][info][gc          ] GC(19) Concurrent reset 2.419ms
[98.696s][info][gc,start    ] GC(19) Pause Init Mark
[98.697s][info][gc,task     ] GC(19) Using 8 of 8 workers for init marking
[98.697s][info][gc,ref      ] GC(19) Clearing All SoftReferences
[98.697s][info][gc,ergo     ] GC(19) Pacer for Mark. Expected Live: 107M, Free: 1567M, Non-Taxable: 156M, Alloc Tax Rate: 0.1x
[98.697s][info][gc          ] GC(19) Pause Init Mark 0.107ms
[98.697s][info][gc,start    ] GC(19) Concurrent marking roots
[98.697s][info][gc,task     ] GC(19) Using 2 of 8 workers for concurrent marking roots
[98.714s][info][gc          ] GC(19) Concurrent marking roots 17.721ms
[98.714s][info][gc,start    ] GC(19) Concurrent marking
[98.714s][info][gc,task     ] GC(19) Using 2 of 8 workers for concurrent marking
[99.065s][info][gc          ] GC(19) Concurrent marking 350.810ms
[99.066s][info][gc,start    ] GC(19) Pause Final Mark
[99.066s][info][gc,task     ] GC(19) Using 8 of 8 workers for final marking
[99.079s][info][gc,ergo     ] GC(19) CSet Selection. Actual Free: 1615M, Max CSet: 1211M
[99.079s][info][gc,ergo     ] GC(19) Collectable Garbage: 206M (99%), Immediate: 4096K (1%), CSet: 202M (97%)
[99.079s][info][gc,ergo     ] GC(19) Pacer for Evacuation. Used CSet: 222M, Free: 1515M, Non-Taxable: 151M, Alloc Tax Rate: 1.1x
[99.079s][info][gc          ] GC(19) Pause Final Mark 13.009ms
[99.080s][info][gc,start    ] GC(19) Concurrent thread roots
[99.081s][info][gc,task     ] GC(19) Using 2 of 8 workers for Concurrent thread roots
[99.082s][info][gc          ] GC(19) Concurrent thread roots 1.450ms
[99.082s][info][gc,start    ] GC(19) Concurrent weak references
[99.082s][info][gc,task     ] GC(19) Using 2 of 8 workers for concurrent weak references
[99.088s][info][gc,ref      ] GC(19) Encountered references: Soft: 2431, Weak: 9844, Final: 74, Phantom: 755
[99.088s][info][gc,ref      ] GC(19) Discovered  references: Soft: 242, Weak: 5165, Final: 18, Phantom: 494
[99.088s][info][gc,ref      ] GC(19) Enqueued    references: Soft: 3, Weak: 3757, Final: 0, Phantom: 0
[99.088s][info][gc          ] GC(19) Concurrent weak references 6.139ms
[99.088s][info][gc,start    ] GC(19) Concurrent weak roots
[99.088s][info][gc,task     ] GC(19) Using 2 of 8 workers for concurrent weak root
[99.100s][info][gc          ] GC(19) Concurrent weak roots 11.555ms
[99.100s][info][gc,start    ] GC(19) Concurrent cleanup
[99.100s][info][gc          ] GC(19) Concurrent cleanup 379M->375M(383M) 0.409ms
[99.100s][info][gc,ergo     ] GC(19) Free: 1507M, Max: 512K regular, 1503M humongous, Frag: 1% external, 0% internal; Reserve: 100789K, Max: 512K
[99.100s][info][gc,start    ] GC(19) Concurrent strong roots
[99.100s][info][gc,task     ] GC(19) Using 2 of 8 workers for concurrent strong root
[99.105s][info][gc          ] GC(19) Concurrent strong roots 4.719ms
[99.105s][info][gc,start    ] GC(19) Concurrent evacuation
[99.105s][info][gc,task     ] GC(19) Using 2 of 8 workers for concurrent evacuation
[99.162s][info][gc          ] GC(19) Concurrent evacuation 57.306ms
[99.162s][info][gc,start    ] GC(19) Pause Init Update Refs
[99.162s][info][gc,ergo     ] GC(19) Pacer for Update Refs. Used: 401M, Free: 1501M, Non-Taxable: 150M, Alloc Tax Rate: 1.1x
[99.162s][info][gc          ] GC(19) Pause Init Update Refs 0.063ms
[99.162s][info][gc,start    ] GC(19) Concurrent update references
[99.162s][info][gc,task     ] GC(19) Using 2 of 8 workers for concurrent reference update
[99.330s][info][gc          ] GC(19) Concurrent update references 167.903ms
[99.330s][info][gc,start    ] GC(19) Concurrent update thread roots
[99.331s][info][gc          ] GC(19) Concurrent update thread roots 0.661ms
[99.331s][info][gc,start    ] GC(19) Pause Final Update Refs
[99.331s][info][gc,task     ] GC(19) Using 8 of 8 workers for final reference update
[99.331s][info][gc          ] GC(19) Pause Final Update Refs 0.103ms
[99.331s][info][gc,start    ] GC(19) Concurrent cleanup
[99.331s][info][gc          ] GC(19) Concurrent cleanup 423M->200M(426M) 0.111ms
[99.331s][info][gc,ergo     ] Free: 1681M, Max: 512K regular, 1486M humongous, Frag: 12% external, 0% internal; Reserve: 101888K, Max: 512K
[99.331s][info][gc,stats    ] 
[99.331s][info][gc,stats    ] All times are wall-clock times, except per-root-class counters, that are sum over
[99.331s][info][gc,stats    ] all workers. Dividing the <total> over the root stage time estimates parallelism.
[99.331s][info][gc,stats    ] 
[99.331s][info][gc,stats    ] Concurrent Reset                   2442 us
[99.331s][info][gc,stats    ] Pause Init Mark (G)                 286 us
[99.331s][info][gc,stats    ] Pause Init Mark (N)                 114 us
[99.331s][info][gc,stats    ]   Update Region States               27 us
[99.331s][info][gc,stats    ] Concurrent Mark Roots             17757 us, parallelism: 1.23x
[99.331s][info][gc,stats    ]   CMR: <total>                    21872 us
[99.331s][info][gc,stats    ]   CMR: Thread Roots               14503 us, workers (us): 778, 13725, ---, ---, ---, ---, ---, ---, 
[99.331s][info][gc,stats    ]   CMR: Code Cache Roots            6848 us, workers (us): 3163, 3685, ---, ---, ---, ---, ---, ---, 
[99.331s][info][gc,stats    ]   CMR: VM Strong Roots               22 us, workers (us):  21,   1, ---, ---, ---, ---, ---, ---, 
[99.331s][info][gc,stats    ]   CMR: CLDG Roots                   500 us, workers (us): 500, ---, ---, ---, ---, ---, ---, ---, 
[99.331s][info][gc,stats    ] Concurrent Marking               350845 us
[99.331s][info][gc,stats    ] Pause Final Mark (G)              15159 us
[99.331s][info][gc,stats    ] Pause Final Mark (N)              13017 us
[99.331s][info][gc,stats    ]   Finish Mark                     12756 us
[99.331s][info][gc,stats    ]   Update Region States               55 us
[99.331s][info][gc,stats    ]   Choose Collection Set              93 us
[99.331s][info][gc,stats    ]   Rebuild Free Set                   31 us
[99.331s][info][gc,stats    ] Concurrent Thread Roots            1471 us, parallelism: 0.85x
[99.331s][info][gc,stats    ]   CTR: <total>                     1253 us
[99.331s][info][gc,stats    ]   CTR: Thread Roots                1253 us, workers (us): 1253,   0, ---, ---, ---, ---, ---, ---, 
[99.331s][info][gc,stats    ] Concurrent Weak References         6147 us, parallelism: 0.99x
[99.331s][info][gc,stats    ]   CWRF: <total>                    6080 us
[99.332s][info][gc,stats    ]   CWRF: Weak References            6080 us, workers (us): 1120, 4960, ---, ---, ---, ---, ---, ---, 
[99.332s][info][gc,stats    ] Concurrent Weak Roots             11579 us
[99.332s][info][gc,stats    ]   Roots                            7140 us, parallelism: 1.79x
[99.332s][info][gc,stats    ]     CWR: <total>                  12773 us
[99.332s][info][gc,stats    ]     CWR: VM Weak Roots            12773 us, workers (us): 6353, 6420, ---, ---, ---, ---, ---, ---, 
[99.332s][info][gc,stats    ]   Rendezvous                       4397 us
[99.332s][info][gc,stats    ] Concurrent Cleanup                  422 us
[99.332s][info][gc,stats    ] Concurrent Strong Roots            4741 us, parallelism: 1.81x
[99.332s][info][gc,stats    ]   CSR: <total>                     8575 us
[99.332s][info][gc,stats    ]   CSR: Code Cache Roots            8077 us, workers (us): 3577, 4500, ---, ---, ---, ---, ---, ---, 
[99.332s][info][gc,stats    ]   CSR: VM Strong Roots               32 us, workers (us):  31,   1, ---, ---, ---, ---, ---, ---, 
[99.332s][info][gc,stats    ]   CSR: CLDG Roots                   466 us, workers (us): 466, ---, ---, ---, ---, ---, ---, ---, 
[99.332s][info][gc,stats    ] Concurrent Evacuation             57335 us
[99.332s][info][gc,stats    ] Pause Init Update Refs (G)          163 us
[99.332s][info][gc,stats    ] Pause Init Update Refs (N)           72 us
[99.332s][info][gc,stats    ]   Manage GCLABs                      21 us
[99.332s][info][gc,stats    ] Concurrent Update Refs           167936 us
[99.332s][info][gc,stats    ] Concurrent Update Thread Roots      688 us
[99.332s][info][gc,stats    ] Pause Final Update Refs (G)         163 us
[99.332s][info][gc,stats    ] Pause Final Update Refs (N)         110 us
[99.332s][info][gc,stats    ]   Update Region States               45 us
[99.332s][info][gc,stats    ]   Trash Collection Set                6 us
[99.332s][info][gc,stats    ]   Rebuild Free Set                   18 us
[99.332s][info][gc,stats    ] Concurrent Cleanup                  119 us
[99.332s][info][gc,stats    ] 
[99.332s][info][gc,stats    ] Allocation pacing accrued:
[99.332s][info][gc,stats    ]       0 of  3231 ms (  0.0%): <total>
[99.332s][info][gc,stats    ]       0 of  3231 ms (  0.0%): <average total>
[99.332s][info][gc,stats    ] 
[99.332s][info][gc,metaspace] Metaspace: 71103K(71552K)->71103K(71552K) NonClass: 63625K(63872K)->63625K(63872K) Class: 7477K(7680K)->7477K(7680K)
[99.332s][info][gc,ergo     ] Pacer for Idle. Initial: 40642K, Alloc Tax Rate: 1.0x
[100.337s][info][gc,start    ] Concurrent uncommit
[100.425s][info][gc          ] Concurrent uncommit 264M->266M(270M) 88.433ms
[101.179s][info][gc          ] Trigger: Allocated since last cycle (199M) is larger than allocation threshold (198M)
[101.179s][info][gc,ergo     ] Free: 1574M, Max: 512K regular, 1486M humongous, Frag: 6% external, 0% internal; Reserve: 101888K, Max: 512K
[101.179s][info][gc,start    ] GC(20) Concurrent reset
[101.179s][info][gc,task     ] GC(20) Using 2 of 8 workers for concurrent reset
[101.179s][info][gc,ergo     ] GC(20) Pacer for Reset. Non-Taxable: 1984M
[101.182s][info][gc          ] GC(20) Concurrent reset 2.283ms
[101.182s][info][gc,start    ] GC(20) Pause Init Mark
[101.183s][info][gc,task     ] GC(20) Using 8 of 8 workers for init marking
[101.183s][info][gc,ref      ] GC(20) Clearing All SoftReferences
[101.183s][info][gc,ergo     ] GC(20) Pacer for Mark. Expected Live: 108M, Free: 1574M, Non-Taxable: 157M, Alloc Tax Rate: 0.1x
[101.183s][info][gc          ] GC(20) Pause Init Mark 0.169ms
[101.184s][info][gc,start    ] GC(20) Concurrent marking roots
[101.184s][info][gc,task     ] GC(20) Using 2 of 8 workers for concurrent marking roots
[101.189s][info][gc          ] GC(20) Concurrent marking roots 5.688ms
[101.189s][info][gc,start    ] GC(20) Concurrent marking
[101.189s][info][gc,task     ] GC(20) Using 2 of 8 workers for concurrent marking
[101.465s][info][gc          ] GC(20) Concurrent marking 275.964ms
[101.466s][info][gc,start    ] GC(20) Pause Final Mark
[101.466s][info][gc,task     ] GC(20) Using 8 of 8 workers for final marking
[101.476s][info][gc,ergo     ] GC(20) CSet Selection. Actual Free: 1629M, Max CSet: 1222M
[101.476s][info][gc,ergo     ] GC(20) Collectable Garbage: 196M (99%), Immediate: 3070K (1%), CSet: 193M (97%)
[101.476s][info][gc,ergo     ] GC(20) Pacer for Evacuation. Used CSet: 198M, Free: 1530M, Non-Taxable: 153M, Alloc Tax Rate: 1.1x
[101.476s][info][gc          ] GC(20) Pause Final Mark 10.269ms
[101.476s][info][gc,start    ] GC(20) Concurrent thread roots
[101.476s][info][gc,task     ] GC(20) Using 2 of 8 workers for Concurrent thread roots
[101.478s][info][gc          ] GC(20) Concurrent thread roots 1.793ms
[101.478s][info][gc,start    ] GC(20) Concurrent weak references
[101.478s][info][gc,task     ] GC(20) Using 2 of 8 workers for concurrent weak references
[101.516s][info][gc,ref      ] GC(20) Encountered references: Soft: 2430, Weak: 9798, Final: 74, Phantom: 755
[101.516s][info][gc,ref      ] GC(20) Discovered  references: Soft: 246, Weak: 6171, Final: 32, Phantom: 743
[101.516s][info][gc,ref      ] GC(20) Enqueued    references: Soft: 2, Weak: 3708, Final: 0, Phantom: 2
[101.516s][info][gc          ] GC(20) Concurrent weak references 38.301ms
[101.516s][info][gc,start    ] GC(20) Concurrent weak roots
[101.516s][info][gc,task     ] GC(20) Using 2 of 8 workers for concurrent weak root
[101.522s][info][gc          ] GC(20) Concurrent weak roots 6.035ms
[101.522s][info][gc,start    ] GC(20) Concurrent cleanup
[101.522s][info][gc          ] GC(20) Concurrent cleanup 368M->365M(372M) 0.164ms
[101.522s][info][gc,ergo     ] GC(20) Free: 1517M, Max: 512K regular, 1486M humongous, Frag: 3% external, 0% internal; Reserve: 100864K, Max: 512K
[101.522s][info][gc,start    ] GC(20) Concurrent strong roots
[101.522s][info][gc,task     ] GC(20) Using 2 of 8 workers for concurrent strong root
[101.533s][info][gc          ] GC(20) Concurrent strong roots 10.872ms
[101.533s][info][gc,start    ] GC(20) Concurrent evacuation
[101.533s][info][gc,task     ] GC(20) Using 2 of 8 workers for concurrent evacuation
[101.547s][info][gc          ] GC(20) Concurrent evacuation 13.626ms
[101.554s][info][gc,start    ] GC(20) Pause Init Update Refs
[101.554s][info][gc,ergo     ] GC(20) Pacer for Update Refs. Used: 373M, Free: 1515M, Non-Taxable: 151M, Alloc Tax Rate: 1.1x
[101.554s][info][gc          ] GC(20) Pause Init Update Refs 0.084ms
[101.554s][info][gc,start    ] GC(20) Concurrent update references
[101.554s][info][gc,task     ] GC(20) Using 2 of 8 workers for concurrent reference update
[101.696s][info][gc          ] GC(20) Concurrent update references 141.331ms
[101.696s][info][gc,start    ] GC(20) Concurrent update thread roots
[101.698s][info][gc          ] GC(20) Concurrent update thread roots 2.512ms
[101.703s][info][gc,start    ] GC(20) Pause Final Update Refs
[101.703s][info][gc,task     ] GC(20) Using 8 of 8 workers for final reference update
[101.703s][info][gc          ] GC(20) Pause Final Update Refs 0.135ms
[101.704s][info][gc,start    ] GC(20) Concurrent cleanup
[101.704s][info][gc          ] GC(20) Concurrent cleanup 392M->193M(396M) 0.082ms
[101.704s][info][gc,ergo     ] Free: 1689M, Max: 512K regular, 1537M humongous, Frag: 9% external, 0% internal; Reserve: 101888K, Max: 512K
[101.704s][info][gc,stats    ] 
[101.704s][info][gc,stats    ] All times are wall-clock times, except per-root-class counters, that are sum over
[101.704s][info][gc,stats    ] all workers. Dividing the <total> over the root stage time estimates parallelism.
[101.704s][info][gc,stats    ] 
[101.704s][info][gc,stats    ] Concurrent Reset                   2311 us
[101.704s][info][gc,stats    ] Pause Init Mark (G)                2030 us
[101.704s][info][gc,stats    ] Pause Init Mark (N)                 176 us
[101.704s][info][gc,stats    ]   Update Region States               43 us
[101.704s][info][gc,stats    ] Concurrent Mark Roots              5716 us, parallelism: 1.76x
[101.704s][info][gc,stats    ]   CMR: <total>                    10066 us
[101.704s][info][gc,stats    ]   CMR: Thread Roots                1309 us, workers (us): 817, 492, ---, ---, ---, ---, ---, ---, 
[101.704s][info][gc,stats    ]   CMR: Code Cache Roots            8250 us, workers (us): 4180, 4070, ---, ---, ---, ---, ---, ---, 
[101.704s][info][gc,stats    ]   CMR: VM Strong Roots               20 us, workers (us):  20,   1, ---, ---, ---, ---, ---, ---, 
[101.704s][info][gc,stats    ]   CMR: CLDG Roots                   487 us, workers (us): 487, ---, ---, ---, ---, ---, ---, ---, 
[101.704s][info][gc,stats    ] Concurrent Marking               276001 us
[101.704s][info][gc,stats    ] Pause Final Mark (G)              10439 us
[101.704s][info][gc,stats    ] Pause Final Mark (N)              10276 us
[101.704s][info][gc,stats    ]   Finish Mark                     10076 us
[101.704s][info][gc,stats    ]   Update Region States               46 us
[101.704s][info][gc,stats    ]   Choose Collection Set              76 us
[101.704s][info][gc,stats    ]   Rebuild Free Set                   21 us
[101.704s][info][gc,stats    ] Concurrent Thread Roots            1828 us, parallelism: 1.18x
[101.704s][info][gc,stats    ]   CTR: <total>                     2158 us
[101.704s][info][gc,stats    ]   CTR: Thread Roots                2158 us, workers (us): 1264, 894, ---, ---, ---, ---, ---, ---, 
[101.704s][info][gc,stats    ] Concurrent Weak References        38312 us, parallelism: 1.13x
[101.704s][info][gc,stats    ]   CWRF: <total>                   43219 us
[101.704s][info][gc,stats    ]   CWRF: Weak References           43219 us, workers (us): 38197, 5022, ---, ---, ---, ---, ---, ---, 
[101.704s][info][gc,stats    ] Concurrent Weak Roots              6051 us
[101.704s][info][gc,stats    ]   Roots                            2299 us, parallelism: 1.56x
[101.704s][info][gc,stats    ]     CWR: <total>                   3581 us
[101.704s][info][gc,stats    ]     CWR: VM Weak Roots             3581 us, workers (us): 2047, 1535, ---, ---, ---, ---, ---, ---, 
[101.704s][info][gc,stats    ]   Rendezvous                       3717 us
[101.704s][info][gc,stats    ] Concurrent Cleanup                  174 us
[101.704s][info][gc,stats    ] Concurrent Strong Roots           10900 us, parallelism: 1.56x
[101.704s][info][gc,stats    ]   CSR: <total>                    16968 us
[101.704s][info][gc,stats    ]   CSR: Code Cache Roots           16609 us, workers (us): 9677, 6931, ---, ---, ---, ---, ---, ---, 
[101.704s][info][gc,stats    ]   CSR: VM Strong Roots               31 us, workers (us):  30,   1, ---, ---, ---, ---, ---, ---, 
[101.704s][info][gc,stats    ]   CSR: CLDG Roots                   329 us, workers (us): 329, ---, ---, ---, ---, ---, ---, ---, 
[101.704s][info][gc,stats    ] Concurrent Evacuation             13657 us
[101.704s][info][gc,stats    ] Pause Init Update Refs (G)         7567 us
[101.704s][info][gc,stats    ] Pause Init Update Refs (N)           91 us
[101.704s][info][gc,stats    ]   Manage GCLABs                      49 us
[101.704s][info][gc,stats    ] Concurrent Update Refs           141362 us
[101.704s][info][gc,stats    ] Concurrent Update Thread Roots     2539 us
[101.704s][info][gc,stats    ] Pause Final Update Refs (G)        5190 us
[101.704s][info][gc,stats    ] Pause Final Update Refs (N)         144 us
[101.704s][info][gc,stats    ]   Update Region States               48 us
[101.704s][info][gc,stats    ]   Trash Collection Set                6 us
[101.704s][info][gc,stats    ]   Rebuild Free Set                   20 us
[101.704s][info][gc,stats    ] Concurrent Cleanup                   90 us
[101.704s][info][gc,stats    ] 
[101.704s][info][gc,stats    ] Allocation pacing accrued:
[101.704s][info][gc,stats    ]       0 of  2372 ms (  0.0%): <total>
[101.704s][info][gc,stats    ]       0 of  2372 ms (  0.0%): <average total>
[101.704s][info][gc,stats    ] 
[101.704s][info][gc,metaspace] Metaspace: 71109K(71552K)->71110K(71552K) NonClass: 63631K(63872K)->63632K(63872K) Class: 7478K(7680K)->7478K(7680K)
[101.704s][info][gc,ergo     ] Pacer for Idle. Initial: 40642K, Alloc Tax Rate: 1.0x
[102.610s][info][gc,start    ] Concurrent uncommit
[102.610s][info][gc          ] Concurrent uncommit 256M->256M(395M) 0.337ms
[102.711s][info][gc,start    ] Concurrent uncommit
[102.741s][info][gc          ] Concurrent uncommit 263M->265M(268M) 29.846ms
[103.534s][info][gc          ] Trigger: Allocated since last cycle (198M) is larger than allocation threshold (198M)
[103.534s][info][gc,ergo     ] Free: 1571M, Max: 512K regular, 1537M humongous, Frag: 3% external, 0% internal; Reserve: 101888K, Max: 512K
[103.534s][info][gc,start    ] GC(21) Concurrent reset
[103.534s][info][gc,task     ] GC(21) Using 2 of 8 workers for concurrent reset
[103.534s][info][gc,ergo     ] GC(21) Pacer for Reset. Non-Taxable: 1984M
[103.536s][info][gc          ] GC(21) Concurrent reset 2.060ms
[103.537s][info][gc,start    ] GC(21) Pause Init Mark
[103.537s][info][gc,task     ] GC(21) Using 8 of 8 workers for init marking
[103.537s][info][gc,ref      ] GC(21) Clearing All SoftReferences
[103.537s][info][gc,ergo     ] GC(21) Pacer for Mark. Expected Live: 109M, Free: 1571M, Non-Taxable: 157M, Alloc Tax Rate: 0.1x
[103.537s][info][gc          ] GC(21) Pause Init Mark 0.085ms
[103.537s][info][gc,start    ] GC(21) Concurrent marking roots
[103.537s][info][gc,task     ] GC(21) Using 2 of 8 workers for concurrent marking roots
[103.542s][info][gc          ] GC(21) Concurrent marking roots 5.441ms
[103.542s][info][gc,start    ] GC(21) Concurrent marking
[103.542s][info][gc,task     ] GC(21) Using 2 of 8 workers for concurrent marking
[104.028s][info][gc          ] GC(21) Concurrent marking 486.058ms
[104.028s][info][gc,start    ] GC(21) Pause Final Mark
[104.028s][info][gc,task     ] GC(21) Using 8 of 8 workers for final marking
[104.029s][info][gc,ergo     ] GC(21) CSet Selection. Actual Free: 1608M, Max CSet: 1206M
[104.029s][info][gc,ergo     ] GC(21) Collectable Garbage: 196M (99%), Immediate: 4096K (2%), CSet: 192M (97%)
[104.029s][info][gc,ergo     ] GC(21) Pacer for Evacuation. Used CSet: 197M, Free: 1509M, Non-Taxable: 150M, Alloc Tax Rate: 1.1x
[104.029s][info][gc          ] GC(21) Pause Final Mark 0.458ms
[104.029s][info][gc,start    ] GC(21) Concurrent thread roots
[104.029s][info][gc,task     ] GC(21) Using 2 of 8 workers for Concurrent thread roots
[104.031s][info][gc          ] GC(21) Concurrent thread roots 1.979ms
[104.031s][info][gc,start    ] GC(21) Concurrent weak references
[104.031s][info][gc,task     ] GC(21) Using 2 of 8 workers for concurrent weak references
[104.035s][info][gc,ref      ] GC(21) Encountered references: Soft: 2431, Weak: 9795, Final: 74, Phantom: 755
[104.035s][info][gc,ref      ] GC(21) Discovered  references: Soft: 249, Weak: 6118, Final: 12, Phantom: 743
[104.035s][info][gc,ref      ] GC(21) Enqueued    references: Soft: 3, Weak: 3699, Final: 0, Phantom: 5
[104.035s][info][gc          ] GC(21) Concurrent weak references 4.065ms
[104.035s][info][gc,start    ] GC(21) Concurrent weak roots
[104.035s][info][gc,task     ] GC(21) Using 2 of 8 workers for concurrent weak root
[104.037s][info][gc          ] GC(21) Concurrent weak roots 1.564ms
[104.037s][info][gc,start    ] GC(21) Concurrent cleanup
[104.037s][info][gc          ] GC(21) Concurrent cleanup 383M->379M(386M) 0.128ms
[104.037s][info][gc,ergo     ] GC(21) Free: 1503M, Max: 512K regular, 1499M humongous, Frag: 1% external, 0% internal; Reserve: 101081K, Max: 512K
[104.037s][info][gc,start    ] GC(21) Concurrent strong roots
[104.037s][info][gc,task     ] GC(21) Using 2 of 8 workers for concurrent strong root
[104.041s][info][gc          ] GC(21) Concurrent strong roots 4.238ms
[104.041s][info][gc,start    ] GC(21) Concurrent evacuation
[104.041s][info][gc,task     ] GC(21) Using 2 of 8 workers for concurrent evacuation
[104.052s][info][gc          ] GC(21) Concurrent evacuation 11.074ms
[104.053s][info][gc,start    ] GC(21) Pause Init Update Refs
[104.053s][info][gc,ergo     ] GC(21) Pacer for Update Refs. Used: 385M, Free: 1502M, Non-Taxable: 150M, Alloc Tax Rate: 1.1x
[104.053s][info][gc          ] GC(21) Pause Init Update Refs 0.056ms
[104.053s][info][gc,start    ] GC(21) Concurrent update references
[104.053s][info][gc,task     ] GC(21) Using 2 of 8 workers for concurrent reference update
[104.234s][info][gc          ] GC(21) Concurrent update references 180.976ms
[104.234s][info][gc,start    ] GC(21) Concurrent update thread roots
[104.234s][info][gc          ] GC(21) Concurrent update thread roots 0.699ms
[104.234s][info][gc,start    ] GC(21) Pause Final Update Refs
[104.235s][info][gc,task     ] GC(21) Using 8 of 8 workers for final reference update
[104.235s][info][gc          ] GC(21) Pause Final Update Refs 0.125ms
[104.235s][info][gc,start    ] GC(21) Concurrent cleanup
[104.235s][info][gc          ] GC(21) Concurrent cleanup 412M->214M(415M) 0.122ms
[104.235s][info][gc,ergo     ] Free: 1667M, Max: 512K regular, 1472M humongous, Frag: 12% external, 0% internal; Reserve: 101888K, Max: 512K
[104.235s][info][gc,stats    ] 
[104.235s][info][gc,stats    ] All times are wall-clock times, except per-root-class counters, that are sum over
[104.235s][info][gc,stats    ] all workers. Dividing the <total> over the root stage time estimates parallelism.
[104.235s][info][gc,stats    ] 
[104.235s][info][gc,stats    ] Concurrent Reset                   2087 us
[104.235s][info][gc,stats    ] Pause Init Mark (G)                 282 us
[104.235s][info][gc,stats    ] Pause Init Mark (N)                  92 us
[104.235s][info][gc,stats    ]   Update Region States               27 us
[104.235s][info][gc,stats    ] Concurrent Mark Roots              5476 us, parallelism: 1.91x
[104.235s][info][gc,stats    ]   CMR: <total>                    10432 us
[104.235s][info][gc,stats    ]   CMR: Thread Roots                1328 us, workers (us): 719, 609, ---, ---, ---, ---, ---, ---, 
[104.235s][info][gc,stats    ]   CMR: Code Cache Roots            8437 us, workers (us): 3830, 4607, ---, ---, ---, ---, ---, ---, 
[104.235s][info][gc,stats    ]   CMR: VM Strong Roots               20 us, workers (us):  15,   6, ---, ---, ---, ---, ---, ---, 
[104.235s][info][gc,stats    ]   CMR: CLDG Roots                   647 us, workers (us): 647, ---, ---, ---, ---, ---, ---, ---, 
[104.235s][info][gc,stats    ] Concurrent Marking               486095 us
[104.235s][info][gc,stats    ] Pause Final Mark (G)                603 us
[104.235s][info][gc,stats    ] Pause Final Mark (N)                466 us
[104.235s][info][gc,stats    ]   Finish Mark                       273 us
[104.235s][info][gc,stats    ]   Update Region States               46 us
[104.235s][info][gc,stats    ]   Choose Collection Set              64 us
[104.235s][info][gc,stats    ]   Rebuild Free Set                   19 us
[104.235s][info][gc,stats    ] Concurrent Thread Roots            2001 us, parallelism: 1.33x
[104.235s][info][gc,stats    ]   CTR: <total>                     2668 us
[104.235s][info][gc,stats    ]   CTR: Thread Roots                2668 us, workers (us): 738, 1931, ---, ---, ---, ---, ---, ---, 
[104.235s][info][gc,stats    ] Concurrent Weak References         4088 us, parallelism: 0.99x
[104.235s][info][gc,stats    ]   CWRF: <total>                    4039 us
[104.235s][info][gc,stats    ]   CWRF: Weak References            4039 us, workers (us):  46, 3993, ---, ---, ---, ---, ---, ---, 
[104.235s][info][gc,stats    ] Concurrent Weak Roots              1584 us
[104.235s][info][gc,stats    ]   Roots                            1272 us, parallelism: 1.19x
[104.235s][info][gc,stats    ]     CWR: <total>                   1510 us
[104.235s][info][gc,stats    ]     CWR: VM Weak Roots             1510 us, workers (us): 1196, 314, ---, ---, ---, ---, ---, ---, 
[104.235s][info][gc,stats    ]   Rendezvous                        275 us
[104.235s][info][gc,stats    ] Concurrent Cleanup                  135 us
[104.235s][info][gc,stats    ] Concurrent Strong Roots            4257 us, parallelism: 1.94x
[104.235s][info][gc,stats    ]   CSR: <total>                     8244 us
[104.235s][info][gc,stats    ]   CSR: Code Cache Roots            7927 us, workers (us): 4068, 3858, ---, ---, ---, ---, ---, ---, 
[104.235s][info][gc,stats    ]   CSR: VM Strong Roots               29 us, workers (us):  18,  12, ---, ---, ---, ---, ---, ---, 
[104.235s][info][gc,stats    ]   CSR: CLDG Roots                   288 us, workers (us): ---, 288, ---, ---, ---, ---, ---, ---, 
[104.235s][info][gc,stats    ] Concurrent Evacuation             11107 us
[104.235s][info][gc,stats    ] Pause Init Update Refs (G)          546 us
[104.235s][info][gc,stats    ] Pause Init Update Refs (N)           63 us
[104.235s][info][gc,stats    ]   Manage GCLABs                      17 us
[104.235s][info][gc,stats    ] Concurrent Update Refs           181011 us
[104.235s][info][gc,stats    ] Concurrent Update Thread Roots      723 us
[104.235s][info][gc,stats    ] Pause Final Update Refs (G)         324 us
[104.235s][info][gc,stats    ] Pause Final Update Refs (N)         148 us
[104.235s][info][gc,stats    ]   Update Region States               46 us
[104.235s][info][gc,stats    ]   Trash Collection Set                6 us
[104.235s][info][gc,stats    ]   Rebuild Free Set                   18 us
[104.235s][info][gc,stats    ] Concurrent Cleanup                  130 us
[104.235s][info][gc,stats    ] 
[104.235s][info][gc,stats    ] Allocation pacing accrued:
[104.235s][info][gc,stats    ]       0 of  2531 ms (  0.0%): <total>
[104.235s][info][gc,stats    ]       0 of  2531 ms (  0.0%): <average total>
[104.235s][info][gc,stats    ] 
[104.235s][info][gc,metaspace] Metaspace: 71118K(71552K)->71118K(71552K) NonClass: 63638K(63872K)->63638K(63872K) Class: 7479K(7680K)->7479K(7680K)
[104.235s][info][gc,ergo     ] Pacer for Idle. Initial: 40642K, Alloc Tax Rate: 1.0x
[105.243s][info][gc,start    ] Concurrent uncommit
[105.253s][info][gc          ] Concurrent uncommit 240M->240M(244M) 10.651ms
[118.599s][info][gc          ] Cancelling GC: Stopping VM
[118.600s][info][gc,heap,exit] Heap
[118.600s][info][gc,heap,exit] Shenandoah Heap
[118.600s][info][gc,heap,exit]  1984M max, 1984M soft max, 290M committed, 286M used
[118.600s][info][gc,heap,exit]  3969 x 512K regions
[118.600s][info][gc,heap,exit] Status: cancelled
[118.600s][info][gc,heap,exit] Reserved region:
[118.600s][info][gc,heap,exit]  - [0x0000000083f80000, 0x0000000100000000) 
[118.600s][info][gc,heap,exit] Collection set:
[118.600s][info][gc,heap,exit]  - map (vanilla): 0x000000000001107f
[118.600s][info][gc,heap,exit]  - map (biased):  0x0000000000010000
[118.600s][info][gc,heap,exit] 
[118.600s][info][gc,heap,exit]  Metaspace       used 71718K, committed 72128K, reserved 1114112K
[118.600s][info][gc,heap,exit]   class space    used 7568K, committed 7744K, reserved 1048576K
[118.600s][info][gc,stats    ] 
[118.600s][info][gc,stats    ] GC STATISTICS:
[118.600s][info][gc,stats    ]   "(G)" (gross) pauses include VM time: time to notify and block threads, do the pre-
[118.600s][info][gc,stats    ]         and post-safepoint housekeeping. Use -Xlog:safepoint+stats to dissect.
[118.600s][info][gc,stats    ]   "(N)" (net) pauses are the times spent in the actual GC code.
[118.600s][info][gc,stats    ]   "a" is average time for each phase, look at levels to see if average makes sense.
[118.600s][info][gc,stats    ]   "lvls" are quantiles: 0% (minimum), 25%, 50% (median), 75%, 100% (maximum).
[118.600s][info][gc,stats    ] 
[118.600s][info][gc,stats    ]   All times are wall-clock times, except per-root-class counters, that are sum over
[118.600s][info][gc,stats    ]   all workers. Dividing the <total> over the root stage time estimates parallelism.
[118.600s][info][gc,stats    ] 
[118.600s][info][gc,stats    ]   Pacing delays are measured from entering the pacing code till exiting it. Therefore,
[118.600s][info][gc,stats    ]   observed pacing delays may be higher than the threshold when paced thread spent more
[118.600s][info][gc,stats    ]   time in the pacing code. It usually happens when thread is de-scheduled while paced,
[118.600s][info][gc,stats    ]   OS takes longer to unblock the thread, or JVM experiences an STW pause.
[118.600s][info][gc,stats    ] 
[118.600s][info][gc,stats    ]   Higher delay would prevent application outpacing the GC, but it will hide the GC latencies
[118.600s][info][gc,stats    ]   from the STW pause times. Pacing affects the individual threads, and so it would also be
[118.600s][info][gc,stats    ]   invisible to the usual profiling tools, but would add up to end-to-end application latency.
[118.600s][info][gc,stats    ]   Raise max pacing delay with care.
[118.600s][info][gc,stats    ] 
[118.600s][info][gc,stats    ] Concurrent Reset               =    0.101 s (a =     4579 us) (n =    22) (lvls, us =      447,     1777,     2891,     6230,    15005)
[118.600s][info][gc,stats    ] Pause Init Mark (G)            =    0.021 s (a =      970 us) (n =    22) (lvls, us =      146,      262,      475,      826,     4399)
[118.600s][info][gc,stats    ] Pause Init Mark (N)            =    0.003 s (a =      136 us) (n =    22) (lvls, us =       70,       93,      117,      135,      490)
[118.600s][info][gc,stats    ]   Update Region States         =    0.001 s (a =       37 us) (n =    22) (lvls, us =       18,       27,       36,       43,       60)
[118.600s][info][gc,stats    ] Concurrent Mark Roots          =    0.186 s (a =     8455 us) (n =    22) (lvls, us =      838,     4414,     8301,    11328,    17757)
[118.600s][info][gc,stats    ]   CMR: <total>                 =    0.307 s (a =    13972 us) (n =    22) (lvls, us =     1504,     8398,    13477,    19141,    26940)
[118.600s][info][gc,stats    ]   CMR: Thread Roots            =    0.076 s (a =     3449 us) (n =    22) (lvls, us =      430,     1172,     1855,     4414,    14503)
[118.600s][info][gc,stats    ]   CMR: Code Cache Roots        =    0.205 s (a =    10803 us) (n =    19) (lvls, us =     1973,     6777,     7500,    13086,    24868)
[118.600s][info][gc,stats    ]   CMR: VM Strong Roots         =    0.003 s (a =      144 us) (n =    22) (lvls, us =       16,       19,       24,       41,     1597)
[118.600s][info][gc,stats    ]   CMR: CLDG Roots              =    0.023 s (a =     1050 us) (n =    22) (lvls, us =      127,      475,      500,      678,     8296)
[118.600s][info][gc,stats    ] Concurrent Marking             =    6.145 s (a =   279300 us) (n =    22) (lvls, us =    47461,   130859,   285156,   349609,   486095)
[118.600s][info][gc,stats    ] Pause Final Mark (G)           =    0.110 s (a =     4996 us) (n =    22) (lvls, us =      602,     2188,     3574,     5234,    15159)
[118.600s][info][gc,stats    ] Pause Final Mark (N)           =    0.087 s (a =     3955 us) (n =    22) (lvls, us =      393,      641,     2344,     4277,    13017)
[118.600s][info][gc,stats    ]   Finish Mark                  =    0.082 s (a =     3737 us) (n =    22) (lvls, us =      195,      461,     2148,     4062,    12756)
[118.600s][info][gc,stats    ]   Update Region States         =    0.001 s (a =       48 us) (n =    22) (lvls, us =       41,       42,       46,       49,       67)
[118.600s][info][gc,stats    ]   Choose Collection Set        =    0.002 s (a =       78 us) (n =    22) (lvls, us =       55,       63,       79,       89,      114)
[118.600s][info][gc,stats    ]   Rebuild Free Set             =    0.000 s (a =       20 us) (n =    22) (lvls, us =       17,       18,       20,       21,       31)
[118.600s][info][gc,stats    ] Concurrent Thread Roots        =    0.055 s (a =     2489 us) (n =    22) (lvls, us =      193,      723,     1816,     2793,    11983)
[118.600s][info][gc,stats    ]   CTR: <total>                 =    0.072 s (a =     3272 us) (n =    22) (lvls, us =      152,      936,     1621,     3672,    21372)
[118.600s][info][gc,stats    ]   CTR: Thread Roots            =    0.072 s (a =     3272 us) (n =    22) (lvls, us =      152,      936,     1621,     3672,    21372)
[118.600s][info][gc,stats    ] Concurrent Weak References     =    0.079 s (a =     3612 us) (n =    22) (lvls, us =      354,      938,     1738,     2285,    38312)
[118.600s][info][gc,stats    ]   CWRF: <total>                =    0.083 s (a =     3752 us) (n =    22) (lvls, us =      410,      979,     1719,     1992,    43219)
[118.600s][info][gc,stats    ]   CWRF: Weak References        =    0.083 s (a =     3752 us) (n =    22) (lvls, us =      410,      979,     1719,     1992,    43219)
[118.600s][info][gc,stats    ] Concurrent Weak Roots          =    0.165 s (a =     7479 us) (n =    22) (lvls, us =     1426,     2324,     3770,     6035,    48617)
[118.600s][info][gc,stats    ]   Roots                        =    0.083 s (a =     3765 us) (n =    22) (lvls, us =      896,     1289,     1621,     2363,    33258)
[118.600s][info][gc,stats    ]     CWR: <total>               =    0.122 s (a =     5564 us) (n =    22) (lvls, us =     1191,     1289,     1621,     2812,    57194)
[118.600s][info][gc,stats    ]     CWR: Code Cache Roots      =    0.016 s (a =     5404 us) (n =     3) (lvls, us =     1094,     1094,     1094,     1738,    13369)
[118.600s][info][gc,stats    ]     CWR: VM Weak Roots         =    0.106 s (a =     4824 us) (n =    22) (lvls, us =     1191,     1289,     1621,     2715,    43773)
[118.600s][info][gc,stats    ]     CWR: CLDG Roots            =    0.000 s (a =       28 us) (n =     3) (lvls, us =       16,       16,       16,       17,       51)
[118.600s][info][gc,stats    ]   Rendezvous                   =    0.081 s (a =     3674 us) (n =    22) (lvls, us =       31,      189,     1230,     4395,    15690)
[118.600s][info][gc,stats    ] Concurrent Cleanup             =    0.003 s (a =      159 us) (n =    22) (lvls, us =      107,      137,      143,      152,      422)
[118.600s][info][gc,stats    ] Concurrent Class Unloading     =    0.095 s (a =    31671 us) (n =     3) (lvls, us =    12305,    12305,    12305,    12500,    69884)
[118.600s][info][gc,stats    ]   Unlink Stale                 =    0.078 s (a =    25954 us) (n =     3) (lvls, us =    10156,    10156,    10156,    10547,    56874)
[118.600s][info][gc,stats    ]     System Dictionary          =    0.001 s (a =      224 us) (n =     3) (lvls, us =      188,      188,      188,      197,      284)
[118.600s][info][gc,stats    ]     Weak Class Links           =    0.061 s (a =    20232 us) (n =     3) (lvls, us =     6074,     6074,     6074,     6426,    48179)
[118.600s][info][gc,stats    ]     Code Roots                 =    0.016 s (a =     5496 us) (n =     3) (lvls, us =     4023,     4023,     4023,     4043,     8408)
[118.600s][info][gc,stats    ]   Rendezvous                   =    0.009 s (a =     2897 us) (n =     3) (lvls, us =       48,       48,       48,       63,     8580)
[118.600s][info][gc,stats    ]   Purge Unlinked               =    0.008 s (a =     2683 us) (n =     3) (lvls, us =     1758,     1758,     1758,     1914,     4357)
[118.600s][info][gc,stats    ]     Code Roots                 =    0.007 s (a =     2466 us) (n =     3) (lvls, us =     1445,     1445,     1445,     1758,     4172)
[118.600s][info][gc,stats    ]     CLDG                       =    0.001 s (a =      216 us) (n =     3) (lvls, us =      150,      150,      150,      184,      313)
[118.600s][info][gc,stats    ]     Exception Caches           =    0.000 s (a =        0 us) (n =     3) (lvls, us =        0,        0,        0,        0,        0)
[118.600s][info][gc,stats    ] Concurrent Strong Roots        =    0.191 s (a =     8689 us) (n =    22) (lvls, us =      582,     3848,     5059,     7832,    40522)
[118.600s][info][gc,stats    ]   CSR: <total>                 =    0.299 s (a =    13583 us) (n =    22) (lvls, us =      465,     7344,     8652,    12695,    70354)
[118.600s][info][gc,stats    ]   CSR: Code Cache Roots        =    0.281 s (a =    14772 us) (n =    19) (lvls, us =     2148,     7031,     8125,    12109,    70063)
[118.600s][info][gc,stats    ]   CSR: VM Strong Roots         =    0.001 s (a =       35 us) (n =    22) (lvls, us =       19,       31,       33,       38,       59)
[118.600s][info][gc,stats    ]   CSR: CLDG Roots              =    0.017 s (a =      790 us) (n =    22) (lvls, us =      236,      264,      461,      527,     6329)
[118.600s][info][gc,stats    ] Concurrent Evacuation          =    0.531 s (a =    24126 us) (n =    22) (lvls, us =     1367,     8359,    17578,    30664,   112948)
[118.600s][info][gc,stats    ] Pause Init Update Refs (G)     =    0.034 s (a =     1542 us) (n =    22) (lvls, us =       86,      131,      254,      977,     9454)
[118.600s][info][gc,stats    ] Pause Init Update Refs (N)     =    0.002 s (a =       79 us) (n =    22) (lvls, us =       29,       53,       73,       88,      137)
[118.600s][info][gc,stats    ]   Manage GCLABs                =    0.001 s (a =       30 us) (n =    22) (lvls, us =        6,       17,       24,       37,       74)
[118.600s][info][gc,stats    ] Concurrent Update Refs         =    2.981 s (a =   135502 us) (n =    22) (lvls, us =    20312,    65234,   144531,   175781,   287043)
[118.600s][info][gc,stats    ] Concurrent Update Thread Roots =    0.040 s (a =     1796 us) (n =    22) (lvls, us =      201,      723,     1055,     2539,     5851)
[118.600s][info][gc,stats    ] Pause Final Update Refs (G)    =    0.033 s (a =     1512 us) (n =    22) (lvls, us =      111,      203,      404,      883,    10931)
[118.600s][info][gc,stats    ] Pause Final Update Refs (N)    =    0.003 s (a =      126 us) (n =    22) (lvls, us =       86,      109,      127,      135,      163)
[118.600s][info][gc,stats    ]   Update Region States         =    0.001 s (a =       49 us) (n =    22) (lvls, us =       35,       45,       46,       51,       64)
[118.600s][info][gc,stats    ]   Trash Collection Set         =    0.000 s (a =        6 us) (n =    22) (lvls, us =        3,        5,        6,        6,        7)
[118.600s][info][gc,stats    ]   Rebuild Free Set             =    0.000 s (a =       22 us) (n =    22) (lvls, us =       17,       18,       20,       21,       45)
[118.600s][info][gc,stats    ] Concurrent Cleanup             =    0.003 s (a =      131 us) (n =    22) (lvls, us =       63,       90,      129,      160,      207)
[118.600s][info][gc,stats    ] Concurrent Uncommit            =    0.770 s (a =    27489 us) (n =    28) (lvls, us =      227,      500,    28125,    38672,    88495)
[118.600s][info][gc,stats    ] 
[118.600s][info][gc,stats    ] 
[118.600s][info][gc,stats    ] Under allocation pressure, concurrent cycles may cancel, and either continue cycle
[118.600s][info][gc,stats    ] under stop-the-world pause or result in stop-the-world Full GC. Increase heap size,
[118.600s][info][gc,stats    ] tune GC heuristics, set more aggressive pacing delay, or lower allocation rate
[118.600s][info][gc,stats    ] to avoid Degenerated and Full GC cycles.
[118.600s][info][gc,stats    ] 
[118.600s][info][gc,stats    ]    22 successful concurrent GCs
[118.600s][info][gc,stats    ]       0 invoked explicitly
[118.600s][info][gc,stats    ]       0 invoked implicitly
[118.600s][info][gc,stats    ] 
[118.600s][info][gc,stats    ]     0 Degenerated GCs
[118.600s][info][gc,stats    ]       0 caused by allocation failure
[118.600s][info][gc,stats    ]       0 upgraded to Full GC
[118.600s][info][gc,stats    ] 
[118.600s][info][gc,stats    ]     0 Full GCs
[118.600s][info][gc,stats    ]       0 invoked explicitly
[118.600s][info][gc,stats    ]       0 invoked implicitly
[118.600s][info][gc,stats    ]       0 caused by allocation failure
[118.600s][info][gc,stats    ]       0 upgraded from Degenerated GC
[118.600s][info][gc,stats    ] 
[118.600s][info][gc,stats    ] 
