[0.005s][info][gc] Heuristics ergonomically sets -XX:+ExplicitGCInvokesConcurrent
[0.005s][info][gc] Heuristics ergonomically sets -XX:+ShenandoahImplicitGCInvokesConcurrent
[0.005s][info][gc] Using Shenandoah
[0.005s][info][gc] Heuristics ergonomically sets -XX:ShenandoahImmediateThreshold=100
[0.006s][info][gc,ergo] Pacer for Idle. Initial: 40642K, Alloc Tax Rate: 1.0x
[0.007s][info][gc,init] Version: 21.0.7+6-Ubuntu-0ubuntu122.04 (release)
[0.007s][info][gc,init] CPUs: 4 total, 4 available
[0.007s][info][gc,init] Memory: 7937M
[0.007s][info][gc,init] Large Page Support: Disabled
[0.007s][info][gc,init] NUMA Support: Disabled
[0.007s][info][gc,init] Compressed Oops: Enabled (32-bit)
[0.007s][info][gc,init] Heap Min Capacity: 6656K
[0.007s][info][gc,init] Heap Initial Capacity: 127488K
[0.007s][info][gc,init] Heap Max Capacity: 2032128K
[0.007s][info][gc,init] Pre-touch: Disabled
[0.007s][info][gc,init] Mode: Snapshot-At-The-Beginning (SATB)
[0.007s][info][gc,init] Heuristics: Aggressive
[0.007s][info][gc,init] Heap Region Count: 3969
[0.007s][info][gc,init] Heap Region Size: 512K
[0.007s][info][gc,init] TLAB Size Max: 512K
[0.007s][info][gc,init] Humongous Object Threshold: 512K
[0.007s][info][gc,init] Parallel Workers: 8
[0.007s][info][gc,init] Concurrent Workers: 2
[0.039s][info][gc,metaspace] CDS archive(s) mapped at: [0x00007fb843000000-0x00007fb843c97000-0x00007fb843c97000), size 13201408, SharedBaseAddress: 0x00007fb843000000, ArchiveRelocationMode: 1.
[0.039s][info][gc,metaspace] Compressed class space mapped at: 0x00007fb844000000-0x00007fb884000000, reserved size: 1073741824
[0.039s][info][gc,metaspace] Narrow klass base: 0x00007fb843000000, Narrow klass shift: 0, Narrow klass range: 0x100000000
[0.053s][info][gc          ] Trigger: Start next cycle immediately
[0.053s][info][gc,ergo     ] Free: 1884M, Max: 512K regular, 1884M humongous, Frag: 0% external, 0% internal; Reserve: 101888K, Max: 512K
[0.053s][info][gc,start    ] GC(0) Concurrent reset
[0.053s][info][gc,task     ] GC(0) Using 2 of 8 workers for concurrent reset
[0.053s][info][gc,ergo     ] GC(0) Pacer for Reset. Non-Taxable: 1984M
[0.054s][info][gc          ] GC(0) Concurrent reset 0.294ms
[0.054s][info][gc,start    ] GC(0) Pause Init Mark (unload classes)
[0.066s][info][gc,task     ] GC(0) Using 8 of 8 workers for init marking
[0.066s][info][gc,ergo     ] GC(0) Pacer for Mark. Expected Live: 198M, Free: 1884M, Non-Taxable: 188M, Alloc Tax Rate: 0.1x
[0.066s][info][gc          ] GC(0) Pause Init Mark (unload classes) 11.392ms
[0.066s][info][gc,start    ] GC(0) Concurrent marking roots
[0.066s][info][gc,task     ] GC(0) Using 2 of 8 workers for concurrent marking roots
[0.066s][info][gc          ] GC(0) Concurrent marking roots 0.192ms
[0.066s][info][gc,start    ] GC(0) Concurrent marking (unload classes)
[0.066s][info][gc,task     ] GC(0) Using 2 of 8 workers for concurrent marking
[0.066s][info][gc          ] GC(0) Concurrent marking (unload classes) 0.465ms
[0.073s][info][gc,start    ] GC(0) Pause Final Mark (unload classes)
[0.073s][info][gc,task     ] GC(0) Using 8 of 8 workers for final marking
[0.073s][info][gc,ergo     ] GC(0) Collectable Garbage: 875K (100%), Immediate: 0B (0%), CSet: 875K (100%)
[0.073s][info][gc,ergo     ] GC(0) Pacer for Evacuation. Used CSet: 1024K, Free: 1883M, Non-Taxable: 188M, Alloc Tax Rate: 1.1x
[0.073s][info][gc          ] GC(0) Pause Final Mark (unload classes) 0.319ms
[0.073s][info][gc,start    ] GC(0) Concurrent thread roots
[0.073s][info][gc,task     ] GC(0) Using 2 of 8 workers for Concurrent thread roots
[0.074s][info][gc          ] GC(0) Concurrent thread roots 0.109ms
[0.074s][info][gc,start    ] GC(0) Concurrent weak references
[0.074s][info][gc,task     ] GC(0) Using 2 of 8 workers for concurrent weak references
[0.074s][info][gc,ref      ] GC(0) Encountered references: Soft: 0, Weak: 0, Final: 0, Phantom: 0
[0.074s][info][gc,ref      ] GC(0) Discovered  references: Soft: 0, Weak: 0, Final: 0, Phantom: 0
[0.074s][info][gc,ref      ] GC(0) Enqueued    references: Soft: 0, Weak: 0, Final: 0, Phantom: 0
[0.074s][info][gc          ] GC(0) Concurrent weak references 0.087ms
[0.074s][info][gc,start    ] GC(0) Concurrent weak roots
[0.074s][info][gc,task     ] GC(0) Using 2 of 8 workers for concurrent weak root
[0.087s][info][gc          ] GC(0) Concurrent weak roots 13.305ms
[0.087s][info][gc,start    ] GC(0) Concurrent cleanup
[0.087s][info][gc          ] GC(0) Concurrent cleanup 2M->2M(125M) 0.131ms
[0.087s][info][gc,ergo     ] GC(0) Free: 1882M, Max: 512K regular, 1882M humongous, Frag: 0% external, 0% internal; Reserve: 101815K, Max: 512K
[0.087s][info][gc,start    ] GC(0) Concurrent class unloading
[0.087s][info][gc,task     ] GC(0) Using 2 of 8 workers for concurrent class unloading
[0.097s][info][gc          ] GC(0) Concurrent class unloading 9.381ms
[0.097s][info][gc,start    ] GC(0) Concurrent strong roots
[0.097s][info][gc,task     ] GC(0) Using 2 of 8 workers for concurrent strong root
[0.097s][info][gc          ] GC(0) Concurrent strong roots 0.122ms
[0.097s][info][gc,start    ] GC(0) Concurrent evacuation
[0.097s][info][gc,task     ] GC(0) Using 2 of 8 workers for concurrent evacuation
[0.097s][info][gc          ] GC(0) Concurrent evacuation 0.207ms
[0.099s][info][gc,start    ] GC(0) Pause Init Update Refs
[0.099s][info][gc,ergo     ] GC(0) Pacer for Update Refs. Used: 2788K, Free: 1882M, Non-Taxable: 188M, Alloc Tax Rate: 1.1x
[0.099s][info][gc          ] GC(0) Pause Init Update Refs 0.040ms
[0.099s][info][gc,start    ] GC(0) Concurrent update references
[0.099s][info][gc,task     ] GC(0) Using 2 of 8 workers for concurrent reference update
[0.099s][info][gc          ] GC(0) Concurrent update references 0.270ms
[0.099s][info][gc,start    ] GC(0) Concurrent update thread roots
[0.101s][info][gc          ] GC(0) Concurrent update thread roots 1.266ms
[0.105s][info][gc,start    ] GC(0) Pause Final Update Refs
[0.105s][info][gc,task     ] GC(0) Using 8 of 8 workers for final reference update
[0.105s][info][gc          ] GC(0) Pause Final Update Refs 0.081ms
[0.105s][info][gc,start    ] GC(0) Concurrent cleanup
[0.105s][info][gc          ] GC(0) Concurrent cleanup 2M->1M(125M) 0.095ms
[0.105s][info][gc,ergo     ] Free: 1883M, Max: 512K regular, 1882M humongous, Frag: 1% external, 0% internal; Reserve: 101888K, Max: 512K
[0.105s][info][gc,stats    ] 
[0.105s][info][gc,stats    ] All times are wall-clock times, except per-root-class counters, that are sum over
[0.105s][info][gc,stats    ] all workers. Dividing the <total> over the root stage time estimates parallelism.
[0.105s][info][gc,stats    ] 
[0.105s][info][gc,stats    ] Concurrent Reset                    318 us
[0.105s][info][gc,stats    ] Pause Init Mark (G)               12243 us
[0.105s][info][gc,stats    ] Pause Init Mark (N)               11410 us
[0.105s][info][gc,stats    ]   Update Region States               39 us
[0.105s][info][gc,stats    ] Concurrent Mark Roots               204 us, parallelism: 0.70x
[0.105s][info][gc,stats    ]   CMR: <total>                      143 us
[0.105s][info][gc,stats    ]   CMR: Thread Roots                  85 us, workers (us):  57,  28, ---, ---, ---, ---, ---, ---, 
[0.105s][info][gc,stats    ]   CMR: VM Strong Roots               24 us, workers (us):  23,   0, ---, ---, ---, ---, ---, ---, 
[0.105s][info][gc,stats    ]   CMR: CLDG Roots                    34 us, workers (us):  34, ---, ---, ---, ---, ---, ---, ---, 
[0.105s][info][gc,stats    ] Concurrent Marking                  483 us
[0.105s][info][gc,stats    ] Pause Final Mark (G)               6980 us
[0.105s][info][gc,stats    ] Pause Final Mark (N)                332 us
[0.105s][info][gc,stats    ]   Finish Mark                       137 us
[0.105s][info][gc,stats    ]   Update Region States               30 us
[0.105s][info][gc,stats    ]   Choose Collection Set              49 us
[0.105s][info][gc,stats    ]   Rebuild Free Set                   22 us
[0.105s][info][gc,stats    ] Concurrent Thread Roots             119 us, parallelism: 0.33x
[0.105s][info][gc,stats    ]   CTR: <total>                       39 us
[0.105s][info][gc,stats    ]   CTR: Thread Roots                  39 us, workers (us):  39,   0, ---, ---, ---, ---, ---, ---, 
[0.105s][info][gc,stats    ] Concurrent Weak References          130 us, parallelism: 0.01x
[0.105s][info][gc,stats    ]   CWRF: <total>                       1 us
[0.105s][info][gc,stats    ]   CWRF: Weak References               1 us, workers (us):   1,   0, ---, ---, ---, ---, ---, ---, 
[0.105s][info][gc,stats    ] Concurrent Weak Roots             13337 us
[0.105s][info][gc,stats    ]   Roots                              66 us, parallelism: 0.61x
[0.105s][info][gc,stats    ]     CWR: <total>                     40 us
[0.105s][info][gc,stats    ]     CWR: Code Cache Roots             8 us, workers (us):   8,   0, ---, ---, ---, ---, ---, ---, 
[0.105s][info][gc,stats    ]     CWR: VM Weak Roots               32 us, workers (us):  31,   0, ---, ---, ---, ---, ---, ---, 
[0.105s][info][gc,stats    ]     CWR: CLDG Roots                   1 us, workers (us):   1, ---, ---, ---, ---, ---, ---, ---, 
[0.105s][info][gc,stats    ]   Rendezvous                      13216 us
[0.105s][info][gc,stats    ] Concurrent Cleanup                  144 us
[0.105s][info][gc,stats    ] Concurrent Class Unloading         9407 us
[0.105s][info][gc,stats    ]   Unlink Stale                       97 us
[0.105s][info][gc,stats    ]     System Dictionary                36 us
[0.105s][info][gc,stats    ]     Weak Class Links                  0 us
[0.105s][info][gc,stats    ]     Code Roots                       60 us
[0.105s][info][gc,stats    ]   Rendezvous                       9240 us
[0.105s][info][gc,stats    ]   Purge Unlinked                      7 us
[0.105s][info][gc,stats    ]     Code Roots                        1 us
[0.105s][info][gc,stats    ]     CLDG                              6 us
[0.105s][info][gc,stats    ]     Exception Caches                  0 us
[0.105s][info][gc,stats    ] Concurrent Strong Roots             133 us, parallelism: 0.57x
[0.105s][info][gc,stats    ]   CSR: <total>                       75 us
[0.105s][info][gc,stats    ]   CSR: VM Strong Roots                7 us, workers (us):   6,   0, ---, ---, ---, ---, ---, ---, 
[0.105s][info][gc,stats    ]   CSR: CLDG Roots                    69 us, workers (us):  69, ---, ---, ---, ---, ---, ---, ---, 
[0.105s][info][gc,stats    ] Concurrent Evacuation               226 us
[0.105s][info][gc,stats    ] Pause Init Update Refs (G)         2230 us
[0.105s][info][gc,stats    ] Pause Init Update Refs (N)           50 us
[0.105s][info][gc,stats    ]   Manage GCLABs                       4 us
[0.105s][info][gc,stats    ] Concurrent Update Refs              287 us
[0.105s][info][gc,stats    ] Concurrent Update Thread Roots     1287 us
[0.105s][info][gc,stats    ] Pause Final Update Refs (G)        4103 us
[0.105s][info][gc,stats    ] Pause Final Update Refs (N)          93 us
[0.105s][info][gc,stats    ]   Update Region States               29 us
[0.106s][info][gc,stats    ]   Trash Collection Set                2 us
[0.106s][info][gc,stats    ]   Rebuild Free Set                   21 us
[0.106s][info][gc,stats    ] Concurrent Cleanup                  112 us
[0.106s][info][gc,stats    ] 
[0.106s][info][gc,stats    ] Allocation pacing accrued:
[0.106s][info][gc,stats    ]       0 of    99 ms (  0.0%): <total>
[0.106s][info][gc,stats    ]       0 of    99 ms (  0.0%): <average total>
[0.106s][info][gc,stats    ] 
[0.106s][info][gc,metaspace] Metaspace: 30K(128K)->71K(192K) NonClass: 28K(64K)->69K(128K) Class: 1K(64K)->1K(64K)
[0.106s][info][gc,ergo     ] Pacer for Idle. Initial: 40642K, Alloc Tax Rate: 1.0x
[0.107s][info][gc          ] Trigger: Start next cycle immediately
[0.107s][info][gc,ergo     ] Free: 1883M, Max: 512K regular, 1882M humongous, Frag: 1% external, 0% internal; Reserve: 101888K, Max: 512K
[0.107s][info][gc,start    ] GC(1) Concurrent reset
[0.107s][info][gc,task     ] GC(1) Using 2 of 8 workers for concurrent reset
[0.107s][info][gc,ergo     ] GC(1) Pacer for Reset. Non-Taxable: 1984M
[0.110s][info][gc          ] GC(1) Concurrent reset 2.842ms
[0.110s][info][gc,start    ] GC(1) Pause Init Mark
[0.110s][info][gc,task     ] GC(1) Using 8 of 8 workers for init marking
[0.110s][info][gc,ergo     ] GC(1) Pacer for Mark. Expected Live: 148K, Free: 1883M, Non-Taxable: 188M, Alloc Tax Rate: 0.0x
[0.110s][info][gc          ] GC(1) Pause Init Mark 0.064ms
[0.110s][info][gc,start    ] GC(1) Concurrent marking roots
[0.110s][info][gc,task     ] GC(1) Using 2 of 8 workers for concurrent marking roots
[0.110s][info][gc          ] GC(1) Concurrent marking roots 0.193ms
[0.110s][info][gc,start    ] GC(1) Concurrent marking
[0.110s][info][gc,task     ] GC(1) Using 2 of 8 workers for concurrent marking
[0.111s][info][gc          ] GC(1) Concurrent marking 0.708ms
[0.111s][info][gc,start    ] GC(1) Pause Final Mark
[0.111s][info][gc,task     ] GC(1) Using 8 of 8 workers for final marking
[0.112s][info][gc,ergo     ] GC(1) Collectable Garbage: 1394K (100%), Immediate: 0B (0%), CSet: 1394K (100%)
[0.112s][info][gc,ergo     ] GC(1) Pacer for Evacuation. Used CSet: 1764K, Free: 1882M, Non-Taxable: 188M, Alloc Tax Rate: 1.1x
[0.112s][info][gc          ] GC(1) Pause Final Mark 0.849ms
[0.112s][info][gc,start    ] GC(1) Concurrent thread roots
[0.112s][info][gc,task     ] GC(1) Using 2 of 8 workers for Concurrent thread roots
[0.112s][info][gc          ] GC(1) Concurrent thread roots 0.093ms
[0.112s][info][gc,start    ] GC(1) Concurrent weak references
[0.112s][info][gc,task     ] GC(1) Using 2 of 8 workers for concurrent weak references
[0.112s][info][gc,ref      ] GC(1) Encountered references: Soft: 0, Weak: 4, Final: 0, Phantom: 0
[0.112s][info][gc,ref      ] GC(1) Discovered  references: Soft: 0, Weak: 0, Final: 0, Phantom: 0
[0.112s][info][gc,ref      ] GC(1) Enqueued    references: Soft: 0, Weak: 0, Final: 0, Phantom: 0
[0.112s][info][gc          ] GC(1) Concurrent weak references 0.098ms
[0.112s][info][gc,start    ] GC(1) Concurrent weak roots
[0.112s][info][gc,task     ] GC(1) Using 2 of 8 workers for concurrent weak root
[0.112s][info][gc          ] GC(1) Concurrent weak roots 0.177ms
[0.112s][info][gc,start    ] GC(1) Concurrent cleanup
[0.112s][info][gc          ] GC(1) Concurrent cleanup 2M->2M(125M) 0.064ms
[0.112s][info][gc,ergo     ] GC(1) Free: 1882M, Max: 512K regular, 1882M humongous, Frag: 0% external, 0% internal; Reserve: 101793K, Max: 512K
[0.112s][info][gc,start    ] GC(1) Concurrent strong roots
[0.112s][info][gc,task     ] GC(1) Using 2 of 8 workers for concurrent strong root
[0.113s][info][gc          ] GC(1) Concurrent strong roots 0.223ms
[0.113s][info][gc,start    ] GC(1) Concurrent evacuation
[0.113s][info][gc,task     ] GC(1) Using 2 of 8 workers for concurrent evacuation
[0.113s][info][gc          ] GC(1) Concurrent evacuation 0.383ms
[0.113s][info][gc,start    ] GC(1) Pause Init Update Refs
[0.113s][info][gc,ergo     ] GC(1) Pacer for Update Refs. Used: 3557K, Free: 1882M, Non-Taxable: 188M, Alloc Tax Rate: 1.1x
[0.113s][info][gc          ] GC(1) Pause Init Update Refs 0.032ms
[0.113s][info][gc,start    ] GC(1) Concurrent update references
[0.113s][info][gc,task     ] GC(1) Using 2 of 8 workers for concurrent reference update
[0.114s][info][gc          ] GC(1) Concurrent update references 1.147ms
[0.115s][info][gc,start    ] GC(1) Concurrent update thread roots
[0.121s][info][gc          ] GC(1) Concurrent update thread roots 6.415ms
[0.121s][info][gc,start    ] GC(1) Pause Final Update Refs
[0.121s][info][gc,task     ] GC(1) Using 8 of 8 workers for final reference update
[0.121s][info][gc          ] GC(1) Pause Final Update Refs 0.079ms
[0.121s][info][gc,start    ] GC(1) Concurrent cleanup
[0.122s][info][gc          ] GC(1) Concurrent cleanup 3M->1M(126M) 0.077ms
[0.122s][info][gc,ergo     ] Free: 1883M, Max: 512K regular, 1883M humongous, Frag: 0% external, 0% internal; Reserve: 101888K, Max: 512K
[0.122s][info][gc,stats    ] 
[0.122s][info][gc,stats    ] All times are wall-clock times, except per-root-class counters, that are sum over
[0.122s][info][gc,stats    ] all workers. Dividing the <total> over the root stage time estimates parallelism.
[0.122s][info][gc,stats    ] 
[0.122s][info][gc,stats    ] Concurrent Reset                   2867 us
[0.122s][info][gc,stats    ] Pause Init Mark (G)                 244 us
[0.122s][info][gc,stats    ] Pause Init Mark (N)                  76 us
[0.122s][info][gc,stats    ]   Update Region States               17 us
[0.122s][info][gc,stats    ] Concurrent Mark Roots               212 us, parallelism: 0.73x
[0.122s][info][gc,stats    ]   CMR: <total>                      155 us
[0.122s][info][gc,stats    ]   CMR: Thread Roots                  96 us, workers (us):  67,  29, ---, ---, ---, ---, ---, ---, 
[0.122s][info][gc,stats    ]   CMR: Code Cache Roots               9 us, workers (us):   9,   0, ---, ---, ---, ---, ---, ---, 
[0.122s][info][gc,stats    ]   CMR: VM Strong Roots               23 us, workers (us):  23,   0, ---, ---, ---, ---, ---, ---, 
[0.122s][info][gc,stats    ]   CMR: CLDG Roots                    27 us, workers (us):  27, ---, ---, ---, ---, ---, ---, ---, 
[0.122s][info][gc,stats    ] Concurrent Marking                  736 us
[0.122s][info][gc,stats    ] Pause Final Mark (G)                976 us
[0.122s][info][gc,stats    ] Pause Final Mark (N)                858 us
[0.122s][info][gc,stats    ]   Finish Mark                       732 us
[0.122s][info][gc,stats    ]   Update Region States               12 us
[0.122s][info][gc,stats    ]   Choose Collection Set              39 us
[0.122s][info][gc,stats    ]   Rebuild Free Set                   24 us
[0.122s][info][gc,stats    ] Concurrent Thread Roots             107 us, parallelism: 0.60x
[0.122s][info][gc,stats    ]   CTR: <total>                       64 us
[0.122s][info][gc,stats    ]   CTR: Thread Roots                  64 us, workers (us):  40,  24, ---, ---, ---, ---, ---, ---, 
[0.122s][info][gc,stats    ] Concurrent Weak References          110 us, parallelism: 0.01x
[0.122s][info][gc,stats    ]   CWRF: <total>                       1 us
[0.122s][info][gc,stats    ]   CWRF: Weak References               1 us, workers (us):   1,   0, ---, ---, ---, ---, ---, ---, 
[0.122s][info][gc,stats    ] Concurrent Weak Roots               190 us
[0.122s][info][gc,stats    ]   Roots                             130 us, parallelism: 0.82x
[0.122s][info][gc,stats    ]     CWR: <total>                    107 us
[0.122s][info][gc,stats    ]     CWR: VM Weak Roots              107 us, workers (us): 107,   0, ---, ---, ---, ---, ---, ---, 
[0.122s][info][gc,stats    ]   Rendezvous                         24 us
[0.122s][info][gc,stats    ] Concurrent Cleanup                   78 us
[0.122s][info][gc,stats    ] Concurrent Strong Roots             236 us, parallelism: 0.87x
[0.122s][info][gc,stats    ]   CSR: <total>                      204 us
[0.122s][info][gc,stats    ]   CSR: Code Cache Roots              65 us, workers (us):  33,  32, ---, ---, ---, ---, ---, ---, 
[0.122s][info][gc,stats    ]   CSR: VM Strong Roots               12 us, workers (us):  12,   0, ---, ---, ---, ---, ---, ---, 
[0.122s][info][gc,stats    ]   CSR: CLDG Roots                   127 us, workers (us): 127, ---, ---, ---, ---, ---, ---, ---, 
[0.122s][info][gc,stats    ] Concurrent Evacuation               403 us
[0.122s][info][gc,stats    ] Pause Init Update Refs (G)           74 us
[0.122s][info][gc,stats    ] Pause Init Update Refs (N)           44 us
[0.122s][info][gc,stats    ]   Manage GCLABs                       2 us
[0.122s][info][gc,stats    ] Concurrent Update Refs             1718 us
[0.122s][info][gc,stats    ] Concurrent Update Thread Roots     6439 us
[0.122s][info][gc,stats    ] Pause Final Update Refs (G)         184 us
[0.122s][info][gc,stats    ] Pause Final Update Refs (N)          91 us
[0.122s][info][gc,stats    ]   Update Region States               16 us
[0.122s][info][gc,stats    ]   Trash Collection Set                2 us
[0.122s][info][gc,stats    ]   Rebuild Free Set                   29 us
[0.122s][info][gc,stats    ] Concurrent Cleanup                   91 us
[0.122s][info][gc,stats    ] 
[0.122s][info][gc,stats    ] Allocation pacing accrued:
[0.122s][info][gc,stats    ]       0 of    17 ms (  0.0%): <total>
[0.122s][info][gc,stats    ]       0 of    17 ms (  0.0%): <average total>
[0.122s][info][gc,stats    ] 
[0.122s][info][gc,metaspace] Metaspace: 71K(192K)->78K(192K) NonClass: 69K(128K)->76K(128K) Class: 1K(64K)->1K(64K)
[0.122s][info][gc,ergo     ] Pacer for Idle. Initial: 40642K, Alloc Tax Rate: 1.0x
[0.123s][info][gc          ] Trigger: Start next cycle immediately
[0.123s][info][gc,ergo     ] Free: 1883M, Max: 512K regular, 1883M humongous, Frag: 0% external, 0% internal; Reserve: 101888K, Max: 512K
[0.123s][info][gc,start    ] GC(2) Concurrent reset
[0.123s][info][gc,task     ] GC(2) Using 2 of 8 workers for concurrent reset
[0.123s][info][gc,ergo     ] GC(2) Pacer for Reset. Non-Taxable: 1984M
[0.124s][info][gc          ] GC(2) Concurrent reset 0.246ms
[0.125s][info][gc,start    ] GC(2) Pause Init Mark (unload classes)
[0.125s][info][gc,task     ] GC(2) Using 8 of 8 workers for init marking
[0.125s][info][gc,ergo     ] GC(2) Pacer for Mark. Expected Live: 259K, Free: 1883M, Non-Taxable: 188M, Alloc Tax Rate: 0.0x
[0.125s][info][gc          ] GC(2) Pause Init Mark (unload classes) 0.064ms
[0.125s][info][gc,start    ] GC(2) Concurrent marking roots
[0.125s][info][gc,task     ] GC(2) Using 2 of 8 workers for concurrent marking roots
[0.129s][info][gc          ] GC(2) Concurrent marking roots 3.206ms
[0.129s][info][gc,start    ] GC(2) Concurrent marking (unload classes)
[0.129s][info][gc,task     ] GC(2) Using 2 of 8 workers for concurrent marking
[0.129s][info][gc          ] GC(2) Concurrent marking (unload classes) 0.467ms
[0.138s][info][gc,start    ] GC(2) Pause Final Mark (unload classes)
[0.138s][info][gc,task     ] GC(2) Using 8 of 8 workers for final marking
[0.138s][info][gc,ergo     ] GC(2) Collectable Garbage: 1372K (100%), Immediate: 0B (0%), CSet: 1372K (100%)
[0.138s][info][gc,ergo     ] GC(2) Pacer for Evacuation. Used CSet: 1792K, Free: 1882M, Non-Taxable: 188M, Alloc Tax Rate: 1.1x
[0.138s][info][gc          ] GC(2) Pause Final Mark (unload classes) 0.346ms
[0.138s][info][gc,start    ] GC(2) Concurrent thread roots
[0.138s][info][gc,task     ] GC(2) Using 2 of 8 workers for Concurrent thread roots
[0.138s][info][gc          ] GC(2) Concurrent thread roots 0.117ms
[0.138s][info][gc,start    ] GC(2) Concurrent weak references
[0.138s][info][gc,task     ] GC(2) Using 2 of 8 workers for concurrent weak references
[0.138s][info][gc,ref      ] GC(2) Encountered references: Soft: 1, Weak: 7, Final: 0, Phantom: 0
[0.138s][info][gc,ref      ] GC(2) Discovered  references: Soft: 0, Weak: 0, Final: 0, Phantom: 0
[0.138s][info][gc,ref      ] GC(2) Enqueued    references: Soft: 0, Weak: 0, Final: 0, Phantom: 0
[0.138s][info][gc          ] GC(2) Concurrent weak references 0.072ms
[0.138s][info][gc,start    ] GC(2) Concurrent weak roots
[0.138s][info][gc,task     ] GC(2) Using 2 of 8 workers for concurrent weak root
[0.139s][info][gc          ] GC(2) Concurrent weak roots 0.429ms
[0.139s][info][gc,start    ] GC(2) Concurrent cleanup
[0.139s][info][gc          ] GC(2) Concurrent cleanup 3M->3M(126M) 0.107ms
[0.139s][info][gc,ergo     ] GC(2) Free: 1881M, Max: 512K regular, 1881M humongous, Frag: 0% external, 0% internal; Reserve: 101805K, Max: 512K
[0.139s][info][gc,start    ] GC(2) Concurrent class unloading
[0.139s][info][gc,task     ] GC(2) Using 2 of 8 workers for concurrent class unloading
[0.139s][info][gc          ] GC(2) Concurrent class unloading 0.188ms
[0.139s][info][gc,start    ] GC(2) Concurrent strong roots
[0.139s][info][gc,task     ] GC(2) Using 2 of 8 workers for concurrent strong root
[0.139s][info][gc          ] GC(2) Concurrent strong roots 0.118ms
[0.139s][info][gc,start    ] GC(2) Concurrent evacuation
[0.139s][info][gc,task     ] GC(2) Using 2 of 8 workers for concurrent evacuation
[0.140s][info][gc          ] GC(2) Concurrent evacuation 0.622ms
[0.140s][info][gc,start    ] GC(2) Pause Init Update Refs
[0.140s][info][gc,ergo     ] GC(2) Pacer for Update Refs. Used: 3840K, Free: 1881M, Non-Taxable: 188M, Alloc Tax Rate: 1.1x
[0.140s][info][gc          ] GC(2) Pause Init Update Refs 0.039ms
[0.140s][info][gc,start    ] GC(2) Concurrent update references
[0.140s][info][gc,task     ] GC(2) Using 2 of 8 workers for concurrent reference update
[0.141s][info][gc          ] GC(2) Concurrent update references 1.300ms
[0.141s][info][gc,start    ] GC(2) Concurrent update thread roots
[0.144s][info][gc          ] GC(2) Concurrent update thread roots 2.431ms
[0.144s][info][gc,start    ] GC(2) Pause Final Update Refs
[0.144s][info][gc,task     ] GC(2) Using 8 of 8 workers for final reference update
[0.144s][info][gc          ] GC(2) Pause Final Update Refs 0.070ms
[0.144s][info][gc,start    ] GC(2) Concurrent cleanup
[0.144s][info][gc          ] GC(2) Concurrent cleanup 3M->1M(126M) 0.071ms
[0.144s][info][gc,ergo     ] Free: 1883M, Max: 512K regular, 1882M humongous, Frag: 1% external, 0% internal; Reserve: 101888K, Max: 512K
[0.145s][info][gc,stats    ] 
[0.145s][info][gc,stats    ] All times are wall-clock times, except per-root-class counters, that are sum over
[0.145s][info][gc,stats    ] all workers. Dividing the <total> over the root stage time estimates parallelism.
[0.145s][info][gc,stats    ] 
[0.145s][info][gc,stats    ] Concurrent Reset                    278 us
[0.145s][info][gc,stats    ] Pause Init Mark (G)                1716 us
[0.145s][info][gc,stats    ] Pause Init Mark (N)                  73 us
[0.145s][info][gc,stats    ]   Update Region States               18 us
[0.145s][info][gc,stats    ] Concurrent Mark Roots              3227 us, parallelism: 0.10x
[0.145s][info][gc,stats    ]   CMR: <total>                      333 us
[0.145s][info][gc,stats    ]   CMR: Thread Roots                 301 us, workers (us): 301,   0, ---, ---, ---, ---, ---, ---, 
[0.145s][info][gc,stats    ]   CMR: VM Strong Roots               15 us, workers (us):  15,   0, ---, ---, ---, ---, ---, ---, 
[0.145s][info][gc,stats    ]   CMR: CLDG Roots                    18 us, workers (us):  18, ---, ---, ---, ---, ---, ---, ---, 
[0.145s][info][gc,stats    ] Concurrent Marking                  485 us
[0.145s][info][gc,stats    ] Pause Final Mark (G)               8992 us
[0.145s][info][gc,stats    ] Pause Final Mark (N)                356 us
[0.145s][info][gc,stats    ]   Finish Mark                       177 us
[0.145s][info][gc,stats    ]   Update Region States               32 us
[0.145s][info][gc,stats    ]   Choose Collection Set              61 us
[0.145s][info][gc,stats    ]   Rebuild Free Set                   19 us
[0.145s][info][gc,stats    ] Concurrent Thread Roots             132 us, parallelism: 0.39x
[0.145s][info][gc,stats    ]   CTR: <total>                       51 us
[0.145s][info][gc,stats    ]   CTR: Thread Roots                  51 us, workers (us):  51,   0, ---, ---, ---, ---, ---, ---, 
[0.145s][info][gc,stats    ] Concurrent Weak References           81 us, parallelism: 0.01x
[0.145s][info][gc,stats    ]   CWRF: <total>                       1 us
[0.145s][info][gc,stats    ]   CWRF: Weak References               1 us, workers (us):   1,   0, ---, ---, ---, ---, ---, ---, 
[0.145s][info][gc,stats    ] Concurrent Weak Roots               442 us
[0.145s][info][gc,stats    ]   Roots                             128 us, parallelism: 0.70x
[0.145s][info][gc,stats    ]     CWR: <total>                     90 us
[0.145s][info][gc,stats    ]     CWR: Code Cache Roots            15 us, workers (us):  15,   0, ---, ---, ---, ---, ---, ---, 
[0.145s][info][gc,stats    ]     CWR: VM Weak Roots               74 us, workers (us):  74,   0, ---, ---, ---, ---, ---, ---, 
[0.145s][info][gc,stats    ]     CWR: CLDG Roots                   0 us, workers (us):   0, ---, ---, ---, ---, ---, ---, ---, 
[0.145s][info][gc,stats    ]   Rendezvous                        281 us
[0.145s][info][gc,stats    ] Concurrent Cleanup                  121 us
[0.145s][info][gc,stats    ] Concurrent Class Unloading          197 us
[0.145s][info][gc,stats    ]   Unlink Stale                       89 us
[0.145s][info][gc,stats    ]     System Dictionary                28 us
[0.145s][info][gc,stats    ]     Weak Class Links                  0 us
[0.145s][info][gc,stats    ]     Code Roots                       60 us
[0.145s][info][gc,stats    ]   Rendezvous                         33 us
[0.145s][info][gc,stats    ]   Purge Unlinked                     43 us
[0.145s][info][gc,stats    ]     Code Roots                       39 us
[0.145s][info][gc,stats    ]     CLDG                              3 us
[0.145s][info][gc,stats    ]     Exception Caches                  0 us
[0.145s][info][gc,stats    ] Concurrent Strong Roots             127 us, parallelism: 0.64x
[0.145s][info][gc,stats    ]   CSR: <total>                       82 us
[0.145s][info][gc,stats    ]   CSR: VM Strong Roots                6 us, workers (us):   5,   0, ---, ---, ---, ---, ---, ---, 
[0.145s][info][gc,stats    ]   CSR: CLDG Roots                    76 us, workers (us):  76, ---, ---, ---, ---, ---, ---, ---, 
[0.145s][info][gc,stats    ] Concurrent Evacuation               632 us
[0.145s][info][gc,stats    ] Pause Init Update Refs (G)          227 us
[0.145s][info][gc,stats    ] Pause Init Update Refs (N)           54 us
[0.145s][info][gc,stats    ]   Manage GCLABs                       3 us
[0.145s][info][gc,stats    ] Concurrent Update Refs             1321 us
[0.145s][info][gc,stats    ] Concurrent Update Thread Roots     2446 us
[0.145s][info][gc,stats    ] Pause Final Update Refs (G)         429 us
[0.145s][info][gc,stats    ] Pause Final Update Refs (N)          80 us
[0.145s][info][gc,stats    ]   Update Region States               15 us
[0.145s][info][gc,stats    ]   Trash Collection Set                2 us
[0.145s][info][gc,stats    ]   Rebuild Free Set                   19 us
[0.145s][info][gc,stats    ] Concurrent Cleanup                   81 us
[0.145s][info][gc,stats    ] 
[0.145s][info][gc,stats    ] Allocation pacing accrued:
[0.145s][info][gc,stats    ]       0 of    23 ms (  0.0%): <total>
[0.145s][info][gc,stats    ]       0 of    23 ms (  0.0%): <average total>
[0.145s][info][gc,stats    ] 
[0.145s][info][gc,metaspace] Metaspace: 84K(192K)->106K(192K) NonClass: 82K(128K)->104K(128K) Class: 1K(64K)->1K(64K)
[0.145s][info][gc,ergo     ] Pacer for Idle. Initial: 40642K, Alloc Tax Rate: 1.0x
[0.146s][info][gc          ] Trigger: Start next cycle immediately
[0.146s][info][gc,ergo     ] Free: 1883M, Max: 512K regular, 1882M humongous, Frag: 1% external, 0% internal; Reserve: 101888K, Max: 512K
[0.146s][info][gc,start    ] GC(3) Concurrent reset
[0.146s][info][gc,task     ] GC(3) Using 2 of 8 workers for concurrent reset
[0.146s][info][gc,ergo     ] GC(3) Pacer for Reset. Non-Taxable: 1984M
[0.147s][info][gc          ] GC(3) Concurrent reset 0.187ms
[0.149s][info][gc,start    ] GC(3) Pause Init Mark (unload classes)
[0.149s][info][gc,task     ] GC(3) Using 8 of 8 workers for init marking
[0.149s][info][gc,ergo     ] GC(3) Pacer for Mark. Expected Live: 313K, Free: 1883M, Non-Taxable: 188M, Alloc Tax Rate: 0.0x
[0.149s][info][gc          ] GC(3) Pause Init Mark (unload classes) 0.071ms
[0.149s][info][gc,start    ] GC(3) Concurrent marking roots
[0.149s][info][gc,task     ] GC(3) Using 2 of 8 workers for concurrent marking roots
[0.149s][info][gc          ] GC(3) Concurrent marking roots 0.251ms
[0.149s][info][gc,start    ] GC(3) Concurrent marking (unload classes)
[0.149s][info][gc,task     ] GC(3) Using 2 of 8 workers for concurrent marking
[0.152s][info][gc          ] GC(3) Concurrent marking (unload classes) 2.831ms
[0.153s][info][gc,start    ] GC(3) Pause Final Mark (unload classes)
[0.153s][info][gc,task     ] GC(3) Using 8 of 8 workers for final marking
[0.153s][info][gc,ergo     ] GC(3) Collectable Garbage: 1571K (100%), Immediate: 0B (0%), CSet: 1571K (100%)
[0.153s][info][gc,ergo     ] GC(3) Pacer for Evacuation. Used CSet: 2047K, Free: 1882M, Non-Taxable: 188M, Alloc Tax Rate: 1.1x
[0.153s][info][gc          ] GC(3) Pause Final Mark (unload classes) 0.245ms
[0.153s][info][gc,start    ] GC(3) Concurrent thread roots
[0.153s][info][gc,task     ] GC(3) Using 2 of 8 workers for Concurrent thread roots
[0.153s][info][gc          ] GC(3) Concurrent thread roots 0.311ms
[0.153s][info][gc,start    ] GC(3) Concurrent weak references
[0.153s][info][gc,task     ] GC(3) Using 2 of 8 workers for concurrent weak references
[0.153s][info][gc,ref      ] GC(3) Encountered references: Soft: 8, Weak: 40, Final: 0, Phantom: 0
[0.153s][info][gc,ref      ] GC(3) Discovered  references: Soft: 0, Weak: 3, Final: 0, Phantom: 0
[0.153s][info][gc,ref      ] GC(3) Enqueued    references: Soft: 0, Weak: 2, Final: 0, Phantom: 0
[0.153s][info][gc          ] GC(3) Concurrent weak references 0.074ms
[0.153s][info][gc,start    ] GC(3) Concurrent weak roots
[0.153s][info][gc,task     ] GC(3) Using 2 of 8 workers for concurrent weak root
[0.153s][info][gc          ] GC(3) Concurrent weak roots 0.133ms
[0.153s][info][gc,start    ] GC(3) Concurrent cleanup
[0.153s][info][gc          ] GC(3) Concurrent cleanup 3M->3M(126M) 0.058ms
[0.153s][info][gc,ergo     ] GC(3) Free: 1882M, Max: 512K regular, 1882M humongous, Frag: 0% external, 0% internal; Reserve: 101801K, Max: 512K
[0.153s][info][gc,start    ] GC(3) Concurrent class unloading
[0.153s][info][gc,task     ] GC(3) Using 2 of 8 workers for concurrent class unloading
[0.154s][info][gc          ] GC(3) Concurrent class unloading 0.158ms
[0.154s][info][gc,start    ] GC(3) Concurrent strong roots
[0.154s][info][gc,task     ] GC(3) Using 2 of 8 workers for concurrent strong root
[0.154s][info][gc          ] GC(3) Concurrent strong roots 0.092ms
[0.154s][info][gc,start    ] GC(3) Concurrent evacuation
[0.154s][info][gc,task     ] GC(3) Using 2 of 8 workers for concurrent evacuation
[0.154s][info][gc          ] GC(3) Concurrent evacuation 0.406ms
[0.154s][info][gc,start    ] GC(3) Pause Init Update Refs
[0.154s][info][gc,ergo     ] GC(3) Pacer for Update Refs. Used: 3840K, Free: 1882M, Non-Taxable: 188M, Alloc Tax Rate: 1.1x
[0.154s][info][gc          ] GC(3) Pause Init Update Refs 0.037ms
[0.154s][info][gc,start    ] GC(3) Concurrent update references
[0.154s][info][gc,task     ] GC(3) Using 2 of 8 workers for concurrent reference update
[0.155s][info][gc          ] GC(3) Concurrent update references 0.548ms
[0.155s][info][gc,start    ] GC(3) Concurrent update thread roots
[0.158s][info][gc          ] GC(3) Concurrent update thread roots 3.187ms
[0.158s][info][gc,start    ] GC(3) Pause Final Update Refs
[0.158s][info][gc,task     ] GC(3) Using 8 of 8 workers for final reference update
[0.158s][info][gc          ] GC(3) Pause Final Update Refs 0.069ms
[0.158s][info][gc,start    ] GC(3) Concurrent cleanup
[0.158s][info][gc          ] GC(3) Concurrent cleanup 3M->1M(126M) 0.070ms
[0.158s][info][gc,ergo     ] Free: 1883M, Max: 512K regular, 1883M humongous, Frag: 0% external, 0% internal; Reserve: 101888K, Max: 512K
[0.158s][info][gc,stats    ] 
[0.158s][info][gc,stats    ] All times are wall-clock times, except per-root-class counters, that are sum over
[0.158s][info][gc,stats    ] all workers. Dividing the <total> over the root stage time estimates parallelism.
[0.158s][info][gc,stats    ] 
[0.158s][info][gc,stats    ] Concurrent Reset                    206 us
[0.158s][info][gc,stats    ] Pause Init Mark (G)                2608 us
[0.158s][info][gc,stats    ] Pause Init Mark (N)                  80 us
[0.158s][info][gc,stats    ]   Update Region States               18 us
[0.159s][info][gc,stats    ] Concurrent Mark Roots               260 us, parallelism: 0.72x
[0.159s][info][gc,stats    ]   CMR: <total>                      187 us
[0.159s][info][gc,stats    ]   CMR: Thread Roots                 156 us, workers (us): 156,   0, ---, ---, ---, ---, ---, ---, 
[0.159s][info][gc,stats    ]   CMR: VM Strong Roots                3 us, workers (us):   3,   0, ---, ---, ---, ---, ---, ---, 
[0.159s][info][gc,stats    ]   CMR: CLDG Roots                    28 us, workers (us):  28, ---, ---, ---, ---, ---, ---, ---, 
[0.159s][info][gc,stats    ] Concurrent Marking                 3009 us
[0.159s][info][gc,stats    ] Pause Final Mark (G)                348 us
[0.159s][info][gc,stats    ] Pause Final Mark (N)                254 us
[0.159s][info][gc,stats    ]   Finish Mark                       135 us
[0.159s][info][gc,stats    ]   Update Region States               15 us
[0.159s][info][gc,stats    ]   Choose Collection Set              33 us
[0.159s][info][gc,stats    ]   Rebuild Free Set                   15 us
[0.159s][info][gc,stats    ] Concurrent Thread Roots             338 us, parallelism: 0.88x
[0.159s][info][gc,stats    ]   CTR: <total>                      298 us
[0.159s][info][gc,stats    ]   CTR: Thread Roots                 298 us, workers (us): 264,  34, ---, ---, ---, ---, ---, ---, 
[0.159s][info][gc,stats    ] Concurrent Weak References           85 us, parallelism: 0.02x
[0.159s][info][gc,stats    ]   CWRF: <total>                       2 us
[0.159s][info][gc,stats    ]   CWRF: Weak References               2 us, workers (us):   2,   0, ---, ---, ---, ---, ---, ---, 
[0.159s][info][gc,stats    ] Concurrent Weak Roots               146 us
[0.159s][info][gc,stats    ]   Roots                              82 us, parallelism: 1.32x
[0.159s][info][gc,stats    ]     CWR: <total>                    109 us
[0.159s][info][gc,stats    ]     CWR: Code Cache Roots            12 us, workers (us):  12,   0, ---, ---, ---, ---, ---, ---, 
[0.159s][info][gc,stats    ]     CWR: VM Weak Roots               96 us, workers (us):  42,  54, ---, ---, ---, ---, ---, ---, 
[0.159s][info][gc,stats    ]     CWR: CLDG Roots                   0 us, workers (us):   0, ---, ---, ---, ---, ---, ---, ---, 
[0.159s][info][gc,stats    ]   Rendezvous                         27 us
[0.159s][info][gc,stats    ] Concurrent Cleanup                   72 us
[0.159s][info][gc,stats    ] Concurrent Class Unloading          167 us
[0.159s][info][gc,stats    ]   Unlink Stale                      104 us
[0.159s][info][gc,stats    ]     System Dictionary                32 us
[0.159s][info][gc,stats    ]     Weak Class Links                  0 us
[0.159s][info][gc,stats    ]     Code Roots                       71 us
[0.159s][info][gc,stats    ]   Rendezvous                         18 us
[0.159s][info][gc,stats    ]   Purge Unlinked                     15 us
[0.159s][info][gc,stats    ]     Code Roots                       12 us
[0.159s][info][gc,stats    ]     CLDG                              3 us
[0.159s][info][gc,stats    ]     Exception Caches                  0 us
[0.159s][info][gc,stats    ] Concurrent Strong Roots             100 us, parallelism: 0.56x
[0.159s][info][gc,stats    ]   CSR: <total>                       56 us
[0.159s][info][gc,stats    ]   CSR: VM Strong Roots                4 us, workers (us):   4,   0, ---, ---, ---, ---, ---, ---, 
[0.159s][info][gc,stats    ]   CSR: CLDG Roots                    52 us, workers (us):  52, ---, ---, ---, ---, ---, ---, ---, 
[0.159s][info][gc,stats    ] Concurrent Evacuation               431 us
[0.159s][info][gc,stats    ] Pause Init Update Refs (G)          135 us
[0.159s][info][gc,stats    ] Pause Init Update Refs (N)           45 us
[0.159s][info][gc,stats    ]   Manage GCLABs                       3 us
[0.159s][info][gc,stats    ] Concurrent Update Refs              563 us
[0.159s][info][gc,stats    ] Concurrent Update Thread Roots     3213 us
[0.159s][info][gc,stats    ] Pause Final Update Refs (G)         176 us
[0.159s][info][gc,stats    ] Pause Final Update Refs (N)          83 us
[0.159s][info][gc,stats    ]   Update Region States               14 us
[0.159s][info][gc,stats    ]   Trash Collection Set                2 us
[0.159s][info][gc,stats    ]   Rebuild Free Set                   17 us
[0.159s][info][gc,stats    ] Concurrent Cleanup                   85 us
[0.159s][info][gc,stats    ] 
[0.159s][info][gc,stats    ] Allocation pacing accrued:
[0.159s][info][gc,stats    ]       0 of    14 ms (  0.0%): <total>
[0.159s][info][gc,stats    ]       0 of    14 ms (  0.0%): <average total>
[0.159s][info][gc,stats    ] 
[0.159s][info][gc,metaspace] Metaspace: 114K(192K)->126K(320K) NonClass: 113K(128K)->124K(192K) Class: 1K(64K)->2K(128K)
[0.159s][info][gc,ergo     ] Pacer for Idle. Initial: 40642K, Alloc Tax Rate: 1.0x
[0.160s][info][gc          ] Trigger: Start next cycle immediately
[0.160s][info][gc,ergo     ] Free: 1883M, Max: 512K regular, 1883M humongous, Frag: 0% external, 0% internal; Reserve: 101888K, Max: 512K
[0.160s][info][gc,start    ] GC(4) Concurrent reset
[0.160s][info][gc,task     ] GC(4) Using 2 of 8 workers for concurrent reset
[0.160s][info][gc,ergo     ] GC(4) Pacer for Reset. Non-Taxable: 1984M
[0.160s][info][gc          ] GC(4) Concurrent reset 0.163ms
[0.161s][info][gc,start    ] GC(4) Pause Init Mark (unload classes)
[0.161s][info][gc,task     ] GC(4) Using 8 of 8 workers for init marking
[0.161s][info][gc,ergo     ] GC(4) Pacer for Mark. Expected Live: 353K, Free: 1883M, Non-Taxable: 188M, Alloc Tax Rate: 0.0x
[0.161s][info][gc          ] GC(4) Pause Init Mark (unload classes) 0.066ms
[0.161s][info][gc,start    ] GC(4) Concurrent marking roots
[0.161s][info][gc,task     ] GC(4) Using 2 of 8 workers for concurrent marking roots
[0.161s][info][gc          ] GC(4) Concurrent marking roots 0.224ms
[0.161s][info][gc,start    ] GC(4) Concurrent marking (unload classes)
[0.161s][info][gc,task     ] GC(4) Using 2 of 8 workers for concurrent marking
[0.167s][info][gc          ] GC(4) Concurrent marking (unload classes) 5.693ms
[0.167s][info][gc,start    ] GC(4) Pause Final Mark (unload classes)
[0.167s][info][gc,task     ] GC(4) Using 8 of 8 workers for final marking
[0.167s][info][gc,ergo     ] GC(4) Collectable Garbage: 1311K (100%), Immediate: 0B (0%), CSet: 1311K (100%)
[0.167s][info][gc,ergo     ] GC(4) Pacer for Evacuation. Used CSet: 1792K, Free: 1882M, Non-Taxable: 188M, Alloc Tax Rate: 1.1x
[0.167s][info][gc          ] GC(4) Pause Final Mark (unload classes) 0.218ms
[0.167s][info][gc,start    ] GC(4) Concurrent thread roots
[0.167s][info][gc,task     ] GC(4) Using 2 of 8 workers for Concurrent thread roots
[0.168s][info][gc          ] GC(4) Concurrent thread roots 0.969ms
[0.168s][info][gc,start    ] GC(4) Concurrent weak references
[0.168s][info][gc,task     ] GC(4) Using 2 of 8 workers for concurrent weak references
[0.168s][info][gc,ref      ] GC(4) Encountered references: Soft: 13, Weak: 59, Final: 0, Phantom: 0
[0.168s][info][gc,ref      ] GC(4) Discovered  references: Soft: 0, Weak: 11, Final: 0, Phantom: 0
[0.168s][info][gc,ref      ] GC(4) Enqueued    references: Soft: 0, Weak: 4, Final: 0, Phantom: 0
[0.168s][info][gc          ] GC(4) Concurrent weak references 0.068ms
[0.168s][info][gc,start    ] GC(4) Concurrent weak roots
[0.168s][info][gc,task     ] GC(4) Using 2 of 8 workers for concurrent weak root
[0.169s][info][gc          ] GC(4) Concurrent weak roots 1.160ms
[0.169s][info][gc,start    ] GC(4) Concurrent cleanup
[0.169s][info][gc          ] GC(4) Concurrent cleanup 2M->2M(126M) 0.066ms
[0.169s][info][gc,ergo     ] GC(4) Free: 1882M, Max: 512K regular, 1882M humongous, Frag: 0% external, 0% internal; Reserve: 101787K, Max: 512K
[0.169s][info][gc,start    ] GC(4) Concurrent class unloading
[0.169s][info][gc,task     ] GC(4) Using 2 of 8 workers for concurrent class unloading
[0.178s][info][gc          ] GC(4) Concurrent class unloading 8.370ms
[0.178s][info][gc,start    ] GC(4) Concurrent strong roots
[0.178s][info][gc,task     ] GC(4) Using 2 of 8 workers for concurrent strong root
[0.178s][info][gc          ] GC(4) Concurrent strong roots 0.106ms
[0.178s][info][gc,start    ] GC(4) Concurrent evacuation
[0.178s][info][gc,task     ] GC(4) Using 2 of 8 workers for concurrent evacuation
[0.178s][info][gc          ] GC(4) Concurrent evacuation 0.391ms
[0.178s][info][gc,start    ] GC(4) Pause Init Update Refs
[0.179s][info][gc,ergo     ] GC(4) Pacer for Update Refs. Used: 4480K, Free: 1881M, Non-Taxable: 188M, Alloc Tax Rate: 1.1x
[0.179s][info][gc          ] GC(4) Pause Init Update Refs 0.041ms
[0.179s][info][gc,start    ] GC(4) Concurrent update references
[0.179s][info][gc,task     ] GC(4) Using 2 of 8 workers for concurrent reference update
[0.179s][info][gc          ] GC(4) Concurrent update references 0.568ms
[0.179s][info][gc,start    ] GC(4) Concurrent update thread roots
[0.179s][info][gc          ] GC(4) Concurrent update thread roots 0.245ms
[0.179s][info][gc,start    ] GC(4) Pause Final Update Refs
[0.180s][info][gc,task     ] GC(4) Using 8 of 8 workers for final reference update
[0.180s][info][gc          ] GC(4) Pause Final Update Refs 0.068ms
[0.180s][info][gc,start    ] GC(4) Concurrent cleanup
[0.180s][info][gc          ] GC(4) Concurrent cleanup 4M->2M(126M) 0.062ms
[0.180s][info][gc,ergo     ] Free: 1882M, Max: 512K regular, 1881M humongous, Frag: 1% external, 0% internal; Reserve: 101888K, Max: 512K
[0.180s][info][gc,stats    ] 
[0.180s][info][gc,stats    ] All times are wall-clock times, except per-root-class counters, that are sum over
[0.180s][info][gc,stats    ] all workers. Dividing the <total> over the root stage time estimates parallelism.
[0.180s][info][gc,stats    ] 
[0.180s][info][gc,stats    ] Concurrent Reset                    179 us
[0.180s][info][gc,stats    ] Pause Init Mark (G)                 383 us
[0.180s][info][gc,stats    ] Pause Init Mark (N)                  72 us
[0.180s][info][gc,stats    ]   Update Region States               19 us
[0.180s][info][gc,stats    ] Concurrent Mark Roots               234 us, parallelism: 0.89x
[0.180s][info][gc,stats    ]   CMR: <total>                      208 us
[0.180s][info][gc,stats    ]   CMR: Thread Roots                 184 us, workers (us): 174,  10, ---, ---, ---, ---, ---, ---, 
[0.180s][info][gc,stats    ]   CMR: VM Strong Roots                5 us, workers (us):   3,   2, ---, ---, ---, ---, ---, ---, 
[0.180s][info][gc,stats    ]   CMR: CLDG Roots                    19 us, workers (us): ---,  19, ---, ---, ---, ---, ---, ---, 
[0.180s][info][gc,stats    ] Concurrent Marking                 5710 us
[0.180s][info][gc,stats    ] Pause Final Mark (G)                331 us
[0.180s][info][gc,stats    ] Pause Final Mark (N)                225 us
[0.180s][info][gc,stats    ]   Finish Mark                       109 us
[0.180s][info][gc,stats    ]   Update Region States               12 us
[0.180s][info][gc,stats    ]   Choose Collection Set              34 us
[0.180s][info][gc,stats    ]   Rebuild Free Set                   15 us
[0.180s][info][gc,stats    ] Concurrent Thread Roots             983 us, parallelism: 1.62x
[0.180s][info][gc,stats    ]   CTR: <total>                     1590 us
[0.180s][info][gc,stats    ]   CTR: Thread Roots                1590 us, workers (us): 676, 914, ---, ---, ---, ---, ---, ---, 
[0.180s][info][gc,stats    ] Concurrent Weak References           76 us, parallelism: 0.04x
[0.180s][info][gc,stats    ]   CWRF: <total>                       3 us
[0.180s][info][gc,stats    ]   CWRF: Weak References               3 us, workers (us):   3,   0, ---, ---, ---, ---, ---, ---, 
[0.180s][info][gc,stats    ] Concurrent Weak Roots              1171 us
[0.180s][info][gc,stats    ]   Roots                              73 us, parallelism: 1.21x
[0.180s][info][gc,stats    ]     CWR: <total>                     88 us
[0.180s][info][gc,stats    ]     CWR: Code Cache Roots            12 us, workers (us):  10,   1, ---, ---, ---, ---, ---, ---, 
[0.180s][info][gc,stats    ]     CWR: VM Weak Roots               76 us, workers (us):  42,  34, ---, ---, ---, ---, ---, ---, 
[0.180s][info][gc,stats    ]     CWR: CLDG Roots                   0 us, workers (us): ---,   0, ---, ---, ---, ---, ---, ---, 
[0.180s][info][gc,stats    ]   Rendezvous                       1070 us
[0.180s][info][gc,stats    ] Concurrent Cleanup                   84 us
[0.180s][info][gc,stats    ] Concurrent Class Unloading         8398 us
[0.180s][info][gc,stats    ]   Unlink Stale                       94 us
[0.180s][info][gc,stats    ]     System Dictionary                29 us
[0.180s][info][gc,stats    ]     Weak Class Links                  0 us
[0.180s][info][gc,stats    ]     Code Roots                       65 us
[0.180s][info][gc,stats    ]   Rendezvous                       8248 us
[0.180s][info][gc,stats    ]   Purge Unlinked                      5 us
[0.180s][info][gc,stats    ]     Code Roots                        1 us
[0.180s][info][gc,stats    ]     CLDG                              4 us
[0.180s][info][gc,stats    ]     Exception Caches                  0 us
[0.180s][info][gc,stats    ] Concurrent Strong Roots             120 us, parallelism: 0.50x
[0.180s][info][gc,stats    ]   CSR: <total>                       59 us
[0.180s][info][gc,stats    ]   CSR: VM Strong Roots                4 us, workers (us):   4,   0, ---, ---, ---, ---, ---, ---, 
[0.180s][info][gc,stats    ]   CSR: CLDG Roots                    56 us, workers (us):  56, ---, ---, ---, ---, ---, ---, ---, 
[0.180s][info][gc,stats    ] Concurrent Evacuation               412 us
[0.180s][info][gc,stats    ] Pause Init Update Refs (G)          157 us
[0.180s][info][gc,stats    ] Pause Init Update Refs (N)           49 us
[0.180s][info][gc,stats    ]   Manage GCLABs                       4 us
[0.180s][info][gc,stats    ] Concurrent Update Refs              582 us
[0.180s][info][gc,stats    ] Concurrent Update Thread Roots      271 us
[0.180s][info][gc,stats    ] Pause Final Update Refs (G)         172 us
[0.180s][info][gc,stats    ] Pause Final Update Refs (N)          79 us
[0.180s][info][gc,stats    ]   Update Region States               12 us
[0.180s][info][gc,stats    ]   Trash Collection Set                2 us
[0.180s][info][gc,stats    ]   Rebuild Free Set                   15 us
[0.180s][info][gc,stats    ] Concurrent Cleanup                   72 us
[0.180s][info][gc,stats    ] 
[0.180s][info][gc,stats    ] Allocation pacing accrued:
[0.180s][info][gc,stats    ]       0 of    21 ms (  0.0%): <total>
[0.180s][info][gc,stats    ]       0 of    21 ms (  0.0%): <average total>
[0.180s][info][gc,stats    ] 
[0.180s][info][gc,metaspace] Metaspace: 126K(320K)->153K(384K) NonClass: 124K(192K)->150K(256K) Class: 2K(128K)->3K(128K)
[0.180s][info][gc,ergo     ] Pacer for Idle. Initial: 40642K, Alloc Tax Rate: 1.0x
[0.182s][info][gc          ] Trigger: Start next cycle immediately
[0.182s][info][gc,ergo     ] Free: 1882M, Max: 512K regular, 1881M humongous, Frag: 1% external, 0% internal; Reserve: 101888K, Max: 512K
[0.182s][info][gc,start    ] GC(5) Concurrent reset
[0.182s][info][gc,task     ] GC(5) Using 2 of 8 workers for concurrent reset
[0.182s][info][gc,ergo     ] GC(5) Pacer for Reset. Non-Taxable: 1984M
[0.182s][info][gc          ] GC(5) Concurrent reset 0.160ms
[0.193s][info][gc,start    ] GC(5) Pause Init Mark
[0.193s][info][gc,task     ] GC(5) Using 8 of 8 workers for init marking
[0.193s][info][gc,ergo     ] GC(5) Pacer for Mark. Expected Live: 379K, Free: 1882M, Non-Taxable: 188M, Alloc Tax Rate: 0.0x
[0.193s][info][gc          ] GC(5) Pause Init Mark 0.089ms
[0.193s][info][gc,start    ] GC(5) Concurrent marking roots
[0.194s][info][gc,task     ] GC(5) Using 2 of 8 workers for concurrent marking roots
[0.194s][info][gc          ] GC(5) Concurrent marking roots 0.219ms
[0.194s][info][gc,start    ] GC(5) Concurrent marking
[0.194s][info][gc,task     ] GC(5) Using 2 of 8 workers for concurrent marking
[0.195s][info][gc          ] GC(5) Concurrent marking 1.158ms
[0.195s][info][gc,start    ] GC(5) Pause Final Mark
[0.195s][info][gc,task     ] GC(5) Using 8 of 8 workers for final marking
[0.195s][info][gc,ergo     ] GC(5) Collectable Garbage: 2187K (100%), Immediate: 0B (0%), CSet: 2187K (100%)
[0.195s][info][gc,ergo     ] GC(5) Pacer for Evacuation. Used CSet: 2687K, Free: 1881M, Non-Taxable: 188M, Alloc Tax Rate: 1.1x
[0.195s][info][gc          ] GC(5) Pause Final Mark 0.233ms
[0.195s][info][gc,start    ] GC(5) Concurrent thread roots
[0.195s][info][gc,task     ] GC(5) Using 2 of 8 workers for Concurrent thread roots
[0.195s][info][gc          ] GC(5) Concurrent thread roots 0.083ms
[0.195s][info][gc,start    ] GC(5) Concurrent weak references
[0.195s][info][gc,task     ] GC(5) Using 2 of 8 workers for concurrent weak references
[0.195s][info][gc,ref      ] GC(5) Encountered references: Soft: 23, Weak: 82, Final: 0, Phantom: 4
[0.195s][info][gc,ref      ] GC(5) Discovered  references: Soft: 0, Weak: 24, Final: 0, Phantom: 4
[0.195s][info][gc,ref      ] GC(5) Enqueued    references: Soft: 0, Weak: 10, Final: 0, Phantom: 3
[0.195s][info][gc          ] GC(5) Concurrent weak references 0.102ms
[0.195s][info][gc,start    ] GC(5) Concurrent weak roots
[0.195s][info][gc,task     ] GC(5) Using 2 of 8 workers for concurrent weak root
[0.196s][info][gc          ] GC(5) Concurrent weak roots 0.224ms
[0.196s][info][gc,start    ] GC(5) Concurrent cleanup
[0.196s][info][gc          ] GC(5) Concurrent cleanup 4M->4M(126M) 0.166ms
[0.196s][info][gc,ergo     ] GC(5) Free: 1880M, Max: 512K regular, 1880M humongous, Frag: 0% external, 0% internal; Reserve: 101764K, Max: 512K
[0.196s][info][gc,start    ] GC(5) Concurrent strong roots
[0.196s][info][gc,task     ] GC(5) Using 2 of 8 workers for concurrent strong root
[0.196s][info][gc          ] GC(5) Concurrent strong roots 0.179ms
[0.196s][info][gc,start    ] GC(5) Concurrent evacuation
[0.196s][info][gc,task     ] GC(5) Using 2 of 8 workers for concurrent evacuation
[0.196s][info][gc          ] GC(5) Concurrent evacuation 0.245ms
[0.197s][info][gc,start    ] GC(5) Pause Init Update Refs
[0.197s][info][gc,ergo     ] GC(5) Pacer for Update Refs. Used: 5374K, Free: 1880M, Non-Taxable: 188M, Alloc Tax Rate: 1.1x
[0.197s][info][gc          ] GC(5) Pause Init Update Refs 0.038ms
[0.197s][info][gc,start    ] GC(5) Concurrent update references
[0.197s][info][gc,task     ] GC(5) Using 2 of 8 workers for concurrent reference update
[0.197s][info][gc          ] GC(5) Concurrent update references 0.556ms
[0.197s][info][gc,start    ] GC(5) Concurrent update thread roots
[0.204s][info][gc          ] GC(5) Concurrent update thread roots 6.604ms
[0.204s][info][gc,start    ] GC(5) Pause Final Update Refs
[0.204s][info][gc,task     ] GC(5) Using 8 of 8 workers for final reference update
[0.204s][info][gc          ] GC(5) Pause Final Update Refs 0.071ms
[0.204s][info][gc,start    ] GC(5) Concurrent cleanup
[0.204s][info][gc          ] GC(5) Concurrent cleanup 5M->2M(126M) 0.074ms
[0.204s][info][gc,ergo     ] Free: 1882M, Max: 512K regular, 1880M humongous, Frag: 1% external, 0% internal; Reserve: 101888K, Max: 512K
[0.204s][info][gc,stats    ] 
[0.204s][info][gc,stats    ] All times are wall-clock times, except per-root-class counters, that are sum over
[0.204s][info][gc,stats    ] all workers. Dividing the <total> over the root stage time estimates parallelism.
[0.204s][info][gc,stats    ] 
[0.204s][info][gc,stats    ] Concurrent Reset                    174 us
[0.204s][info][gc,stats    ] Pause Init Mark (G)               11726 us
[0.204s][info][gc,stats    ] Pause Init Mark (N)                  98 us
[0.204s][info][gc,stats    ]   Update Region States               28 us
[0.204s][info][gc,stats    ] Concurrent Mark Roots               254 us, parallelism: 0.46x
[0.204s][info][gc,stats    ]   CMR: <total>                      117 us
[0.204s][info][gc,stats    ]   CMR: Thread Roots                  40 us, workers (us):  40,   0, ---, ---, ---, ---, ---, ---, 
[0.204s][info][gc,stats    ]   CMR: Code Cache Roots              25 us, workers (us):  25,   0, ---, ---, ---, ---, ---, ---, 
[0.204s][info][gc,stats    ]   CMR: VM Strong Roots                5 us, workers (us):   4,   0, ---, ---, ---, ---, ---, ---, 
[0.204s][info][gc,stats    ]   CMR: CLDG Roots                    46 us, workers (us):  46, ---, ---, ---, ---, ---, ---, ---, 
[0.204s][info][gc,stats    ] Concurrent Marking                 1172 us
[0.204s][info][gc,stats    ] Pause Final Mark (G)                343 us
[0.204s][info][gc,stats    ] Pause Final Mark (N)                241 us
[0.204s][info][gc,stats    ]   Finish Mark                       111 us
[0.204s][info][gc,stats    ]   Update Region States               17 us
[0.204s][info][gc,stats    ]   Choose Collection Set              40 us
[0.204s][info][gc,stats    ]   Rebuild Free Set                   16 us
[0.204s][info][gc,stats    ] Concurrent Thread Roots              95 us, parallelism: 0.65x
[0.204s][info][gc,stats    ]   CTR: <total>                       62 us
[0.204s][info][gc,stats    ]   CTR: Thread Roots                  62 us, workers (us):  17,  45, ---, ---, ---, ---, ---, ---, 
[0.204s][info][gc,stats    ] Concurrent Weak References          113 us, parallelism: 0.04x
[0.204s][info][gc,stats    ]   CWRF: <total>                       5 us
[0.204s][info][gc,stats    ]   CWRF: Weak References               5 us, workers (us):   5,   0, ---, ---, ---, ---, ---, ---, 
[0.204s][info][gc,stats    ] Concurrent Weak Roots               257 us
[0.205s][info][gc,stats    ]   Roots                             171 us, parallelism: 0.60x
[0.205s][info][gc,stats    ]     CWR: <total>                    103 us
[0.205s][info][gc,stats    ]     CWR: VM Weak Roots              103 us, workers (us):  66,  37, ---, ---, ---, ---, ---, ---, 
[0.205s][info][gc,stats    ]   Rendezvous                         30 us
[0.205s][info][gc,stats    ] Concurrent Cleanup                  190 us
[0.205s][info][gc,stats    ] Concurrent Strong Roots             191 us, parallelism: 0.99x
[0.205s][info][gc,stats    ]   CSR: <total>                      188 us
[0.205s][info][gc,stats    ]   CSR: Code Cache Roots             116 us, workers (us):  59,  57, ---, ---, ---, ---, ---, ---, 
[0.205s][info][gc,stats    ]   CSR: VM Strong Roots                6 us, workers (us):   6,   0, ---, ---, ---, ---, ---, ---, 
[0.205s][info][gc,stats    ]   CSR: CLDG Roots                    67 us, workers (us):  67, ---, ---, ---, ---, ---, ---, ---, 
[0.205s][info][gc,stats    ] Concurrent Evacuation               257 us
[0.205s][info][gc,stats    ] Pause Init Update Refs (G)          256 us
[0.205s][info][gc,stats    ] Pause Init Update Refs (N)           47 us
[0.205s][info][gc,stats    ]   Manage GCLABs                       3 us
[0.205s][info][gc,stats    ] Concurrent Update Refs              569 us
[0.205s][info][gc,stats    ] Concurrent Update Thread Roots     6641 us
[0.205s][info][gc,stats    ] Pause Final Update Refs (G)         173 us
[0.205s][info][gc,stats    ] Pause Final Update Refs (N)          81 us
[0.205s][info][gc,stats    ]   Update Region States               15 us
[0.205s][info][gc,stats    ]   Trash Collection Set                3 us
[0.205s][info][gc,stats    ]   Rebuild Free Set                   18 us
[0.205s][info][gc,stats    ] Concurrent Cleanup                   89 us
[0.205s][info][gc,stats    ] 
[0.205s][info][gc,stats    ] Allocation pacing accrued:
[0.205s][info][gc,stats    ]       0 of    24 ms (  0.0%): <total>
[0.205s][info][gc,stats    ]       0 of    24 ms (  0.0%): <average total>
[0.205s][info][gc,stats    ] 
[0.205s][info][gc,metaspace] Metaspace: 154K(384K)->174K(384K) NonClass: 151K(256K)->170K(256K) Class: 3K(128K)->3K(128K)
[0.205s][info][gc,ergo     ] Pacer for Idle. Initial: 40642K, Alloc Tax Rate: 1.0x
[0.206s][info][gc          ] Trigger: Start next cycle immediately
[0.206s][info][gc,ergo     ] Free: 1882M, Max: 512K regular, 1880M humongous, Frag: 1% external, 0% internal; Reserve: 101888K, Max: 512K
[0.206s][info][gc,start    ] GC(6) Concurrent reset
[0.206s][info][gc,task     ] GC(6) Using 2 of 8 workers for concurrent reset
[0.206s][info][gc,ergo     ] GC(6) Pacer for Reset. Non-Taxable: 1984M
[0.206s][info][gc          ] GC(6) Concurrent reset 0.243ms
[0.206s][info][gc,start    ] GC(6) Pause Init Mark
[0.206s][info][gc,task     ] GC(6) Using 8 of 8 workers for init marking
[0.206s][info][gc,ergo     ] GC(6) Pacer for Mark. Expected Live: 449K, Free: 1882M, Non-Taxable: 188M, Alloc Tax Rate: 0.0x
[0.206s][info][gc          ] GC(6) Pause Init Mark 0.061ms
[0.207s][info][gc,start    ] GC(6) Concurrent marking roots
[0.207s][info][gc,task     ] GC(6) Using 2 of 8 workers for concurrent marking roots
[0.207s][info][gc          ] GC(6) Concurrent marking roots 0.358ms
[0.207s][info][gc,start    ] GC(6) Concurrent marking
[0.207s][info][gc,task     ] GC(6) Using 2 of 8 workers for concurrent marking
[0.214s][info][gc          ] GC(6) Concurrent marking 6.785ms
[0.214s][info][gc,start    ] GC(6) Pause Final Mark
[0.214s][info][gc,task     ] GC(6) Using 8 of 8 workers for final marking
[0.219s][info][gc,ergo     ] GC(6) Collectable Garbage: 2159K (100%), Immediate: 0B (0%), CSet: 2159K (100%)
[0.219s][info][gc,ergo     ] GC(6) Pacer for Evacuation. Used CSet: 2686K, Free: 1881M, Non-Taxable: 188M, Alloc Tax Rate: 1.1x
[0.219s][info][gc          ] GC(6) Pause Final Mark 5.561ms
[0.219s][info][gc,start    ] GC(6) Concurrent thread roots
[0.219s][info][gc,task     ] GC(6) Using 2 of 8 workers for Concurrent thread roots
[0.223s][info][gc          ] GC(6) Concurrent thread roots 3.814ms
[0.223s][info][gc,start    ] GC(6) Concurrent weak references
[0.223s][info][gc,task     ] GC(6) Using 2 of 8 workers for concurrent weak references
[0.226s][info][gc,ref      ] GC(6) Encountered references: Soft: 28, Weak: 106, Final: 0, Phantom: 11
[0.226s][info][gc,ref      ] GC(6) Discovered  references: Soft: 0, Weak: 18, Final: 0, Phantom: 11
[0.226s][info][gc,ref      ] GC(6) Enqueued    references: Soft: 0, Weak: 18, Final: 0, Phantom: 10
[0.226s][info][gc          ] GC(6) Concurrent weak references 2.607ms
[0.226s][info][gc,start    ] GC(6) Concurrent weak roots
[0.226s][info][gc,task     ] GC(6) Using 2 of 8 workers for concurrent weak root
[0.227s][info][gc          ] GC(6) Concurrent weak roots 0.828ms
[0.227s][info][gc,start    ] GC(6) Concurrent cleanup
[0.227s][info][gc          ] GC(6) Concurrent cleanup 4M->4M(126M) 0.098ms
[0.227s][info][gc,ergo     ] GC(6) Free: 1880M, Max: 512K regular, 1880M humongous, Frag: 1% external, 0% internal; Reserve: 101682K, Max: 512K
[0.227s][info][gc,start    ] GC(6) Concurrent strong roots
[0.227s][info][gc,task     ] GC(6) Using 2 of 8 workers for concurrent strong root
[0.227s][info][gc          ] GC(6) Concurrent strong roots 0.171ms
[0.228s][info][gc,start    ] GC(6) Concurrent evacuation
[0.228s][info][gc,task     ] GC(6) Using 2 of 8 workers for concurrent evacuation
[0.228s][info][gc          ] GC(6) Concurrent evacuation 0.413ms
[0.228s][info][gc,start    ] GC(6) Pause Init Update Refs
[0.228s][info][gc,ergo     ] GC(6) Pacer for Update Refs. Used: 4991K, Free: 1880M, Non-Taxable: 188M, Alloc Tax Rate: 1.1x
[0.228s][info][gc          ] GC(6) Pause Init Update Refs 0.037ms
[0.228s][info][gc,start    ] GC(6) Concurrent update references
[0.228s][info][gc,task     ] GC(6) Using 2 of 8 workers for concurrent reference update
[0.230s][info][gc          ] GC(6) Concurrent update references 1.862ms
[0.230s][info][gc,start    ] GC(6) Concurrent update thread roots
[0.233s][info][gc          ] GC(6) Concurrent update thread roots 3.217ms
[0.233s][info][gc,start    ] GC(6) Pause Final Update Refs
[0.233s][info][gc,task     ] GC(6) Using 8 of 8 workers for final reference update
[0.234s][info][gc          ] GC(6) Pause Final Update Refs 0.084ms
[0.234s][info][gc,start    ] GC(6) Concurrent cleanup
[0.234s][info][gc          ] GC(6) Concurrent cleanup 4M->2M(126M) 0.098ms
[0.234s][info][gc,ergo     ] Free: 1882M, Max: 512K regular, 1881M humongous, Frag: 1% external, 0% internal; Reserve: 101888K, Max: 512K
[0.234s][info][gc,stats    ] 
[0.234s][info][gc,stats    ] All times are wall-clock times, except per-root-class counters, that are sum over
[0.234s][info][gc,stats    ] all workers. Dividing the <total> over the root stage time estimates parallelism.
[0.234s][info][gc,stats    ] 
[0.234s][info][gc,stats    ] Concurrent Reset                    275 us
[0.234s][info][gc,stats    ] Pause Init Mark (G)                 168 us
[0.234s][info][gc,stats    ] Pause Init Mark (N)                  72 us
[0.234s][info][gc,stats    ]   Update Region States               17 us
[0.234s][info][gc,stats    ] Concurrent Mark Roots               406 us, parallelism: 0.81x
[0.234s][info][gc,stats    ]   CMR: <total>                      328 us
[0.234s][info][gc,stats    ]   CMR: Thread Roots                 264 us, workers (us): 221,  42, ---, ---, ---, ---, ---, ---, 
[0.234s][info][gc,stats    ]   CMR: Code Cache Roots              20 us, workers (us):  20,   0, ---, ---, ---, ---, ---, ---, 
[0.234s][info][gc,stats    ]   CMR: VM Strong Roots                3 us, workers (us):   3,   0, ---, ---, ---, ---, ---, ---, 
[0.234s][info][gc,stats    ]   CMR: CLDG Roots                    42 us, workers (us):  42, ---, ---, ---, ---, ---, ---, ---, 
[0.234s][info][gc,stats    ] Concurrent Marking                 6802 us
[0.234s][info][gc,stats    ] Pause Final Mark (G)               5669 us
[0.234s][info][gc,stats    ] Pause Final Mark (N)               5573 us
[0.234s][info][gc,stats    ]   Finish Mark                      5408 us
[0.234s][info][gc,stats    ]   Update Region States               21 us
[0.234s][info][gc,stats    ]   Choose Collection Set              54 us
[0.234s][info][gc,stats    ]   Rebuild Free Set                   18 us
[0.234s][info][gc,stats    ] Concurrent Thread Roots            3867 us, parallelism: 0.01x
[0.234s][info][gc,stats    ]   CTR: <total>                       44 us
[0.234s][info][gc,stats    ]   CTR: Thread Roots                  44 us, workers (us):  44,   0, ---, ---, ---, ---, ---, ---, 
[0.234s][info][gc,stats    ] Concurrent Weak References         2636 us, parallelism: 0.00x
[0.234s][info][gc,stats    ]   CWRF: <total>                       7 us
[0.234s][info][gc,stats    ]   CWRF: Weak References               7 us, workers (us):   7,   0, ---, ---, ---, ---, ---, ---, 
[0.234s][info][gc,stats    ] Concurrent Weak Roots              1288 us
[0.234s][info][gc,stats    ]   Roots                              97 us, parallelism: 0.77x
[0.234s][info][gc,stats    ]     CWR: <total>                     75 us
[0.234s][info][gc,stats    ]     CWR: VM Weak Roots               75 us, workers (us):  74,   0, ---, ---, ---, ---, ---, ---, 
[0.234s][info][gc,stats    ]   Rendezvous                        111 us
[0.234s][info][gc,stats    ] Concurrent Cleanup                  111 us
[0.234s][info][gc,stats    ] Concurrent Strong Roots             188 us, parallelism: 0.64x
[0.234s][info][gc,stats    ]   CSR: <total>                      121 us
[0.234s][info][gc,stats    ]   CSR: Code Cache Roots              51 us, workers (us):  51,   0, ---, ---, ---, ---, ---, ---, 
[0.234s][info][gc,stats    ]   CSR: VM Strong Roots                7 us, workers (us):   7,   0, ---, ---, ---, ---, ---, ---, 
[0.234s][info][gc,stats    ]   CSR: CLDG Roots                    63 us, workers (us):  63, ---, ---, ---, ---, ---, ---, ---, 
[0.234s][info][gc,stats    ] Concurrent Evacuation               436 us
[0.234s][info][gc,stats    ] Pause Init Update Refs (G)          318 us
[0.234s][info][gc,stats    ] Pause Init Update Refs (N)           45 us
[0.234s][info][gc,stats    ]   Manage GCLABs                       3 us
[0.234s][info][gc,stats    ] Concurrent Update Refs             1888 us
[0.234s][info][gc,stats    ] Concurrent Update Thread Roots     3234 us
[0.234s][info][gc,stats    ] Pause Final Update Refs (G)         133 us
[0.234s][info][gc,stats    ] Pause Final Update Refs (N)          94 us
[0.234s][info][gc,stats    ]   Update Region States               17 us
[0.234s][info][gc,stats    ]   Trash Collection Set                2 us
[0.234s][info][gc,stats    ]   Rebuild Free Set                   16 us
[0.234s][info][gc,stats    ] Concurrent Cleanup                  109 us
[0.234s][info][gc,stats    ] 
[0.234s][info][gc,stats    ] Allocation pacing accrued:
[0.234s][info][gc,stats    ]       0 of    30 ms (  0.0%): <total>
[0.234s][info][gc,stats    ]       0 of    30 ms (  0.0%): <average total>
[0.234s][info][gc,stats    ] 
[0.234s][info][gc,metaspace] Metaspace: 179K(384K)->209K(448K) NonClass: 173K(256K)->203K(320K) Class: 5K(128K)->5K(128K)
[0.234s][info][gc,ergo     ] Pacer for Idle. Initial: 40642K, Alloc Tax Rate: 1.0x
[0.235s][info][gc          ] Trigger: Start next cycle immediately
[0.235s][info][gc,ergo     ] Free: 1882M, Max: 512K regular, 1881M humongous, Frag: 1% external, 0% internal; Reserve: 101888K, Max: 512K
[0.235s][info][gc,start    ] GC(7) Concurrent reset
[0.236s][info][gc,task     ] GC(7) Using 2 of 8 workers for concurrent reset
[0.236s][info][gc,ergo     ] GC(7) Pacer for Reset. Non-Taxable: 1984M
[0.236s][info][gc          ] GC(7) Concurrent reset 0.225ms
[0.236s][info][gc,start    ] GC(7) Pause Init Mark
[0.236s][info][gc,task     ] GC(7) Using 8 of 8 workers for init marking
[0.236s][info][gc,ergo     ] GC(7) Pacer for Mark. Expected Live: 481K, Free: 1882M, Non-Taxable: 188M, Alloc Tax Rate: 0.0x
[0.236s][info][gc          ] GC(7) Pause Init Mark 0.086ms
[0.236s][info][gc,start    ] GC(7) Concurrent marking roots
[0.236s][info][gc,task     ] GC(7) Using 2 of 8 workers for concurrent marking roots
[0.236s][info][gc          ] GC(7) Concurrent marking roots 0.382ms
[0.236s][info][gc,start    ] GC(7) Concurrent marking
[0.236s][info][gc,task     ] GC(7) Using 2 of 8 workers for concurrent marking
[0.237s][info][gc          ] GC(7) Concurrent marking 0.936ms
[0.238s][info][gc,start    ] GC(7) Pause Final Mark
[0.238s][info][gc,task     ] GC(7) Using 8 of 8 workers for final marking
[0.238s][info][gc,ergo     ] GC(7) Collectable Garbage: 1734K (100%), Immediate: 0B (0%), CSet: 1734K (100%)
[0.238s][info][gc,ergo     ] GC(7) Pacer for Evacuation. Used CSet: 2304K, Free: 1882M, Non-Taxable: 188M, Alloc Tax Rate: 1.1x
[0.238s][info][gc          ] GC(7) Pause Final Mark 0.316ms
[0.238s][info][gc,start    ] GC(7) Concurrent thread roots
[0.238s][info][gc,task     ] GC(7) Using 2 of 8 workers for Concurrent thread roots
[0.238s][info][gc          ] GC(7) Concurrent thread roots 0.129ms
[0.238s][info][gc,start    ] GC(7) Concurrent weak references
[0.238s][info][gc,task     ] GC(7) Using 2 of 8 workers for concurrent weak references
[0.238s][info][gc,ref      ] GC(7) Encountered references: Soft: 28, Weak: 88, Final: 0, Phantom: 1
[0.238s][info][gc,ref      ] GC(7) Discovered  references: Soft: 0, Weak: 35, Final: 0, Phantom: 1
[0.238s][info][gc,ref      ] GC(7) Enqueued    references: Soft: 0, Weak: 0, Final: 0, Phantom: 0
[0.238s][info][gc          ] GC(7) Concurrent weak references 0.057ms
[0.238s][info][gc,start    ] GC(7) Concurrent weak roots
[0.238s][info][gc,task     ] GC(7) Using 2 of 8 workers for concurrent weak root
[0.238s][info][gc          ] GC(7) Concurrent weak roots 0.244ms
[0.238s][info][gc,start    ] GC(7) Concurrent cleanup
[0.238s][info][gc          ] GC(7) Concurrent cleanup 3M->3M(126M) 0.061ms
[0.238s][info][gc,ergo     ] GC(7) Free: 1881M, Max: 512K regular, 1881M humongous, Frag: 0% external, 0% internal; Reserve: 101803K, Max: 512K
[0.238s][info][gc,start    ] GC(7) Concurrent strong roots
[0.238s][info][gc,task     ] GC(7) Using 2 of 8 workers for concurrent strong root
[0.239s][info][gc          ] GC(7) Concurrent strong roots 0.135ms
[0.239s][info][gc,start    ] GC(7) Concurrent evacuation
[0.239s][info][gc,task     ] GC(7) Using 2 of 8 workers for concurrent evacuation
[0.239s][info][gc          ] GC(7) Concurrent evacuation 0.406ms
[0.239s][info][gc,start    ] GC(7) Pause Init Update Refs
[0.239s][info][gc,ergo     ] GC(7) Pacer for Update Refs. Used: 4350K, Free: 1881M, Non-Taxable: 188M, Alloc Tax Rate: 1.1x
[0.239s][info][gc          ] GC(7) Pause Init Update Refs 0.206ms
[0.239s][info][gc,start    ] GC(7) Concurrent update references
[0.239s][info][gc,task     ] GC(7) Using 2 of 8 workers for concurrent reference update
[0.240s][info][gc          ] GC(7) Concurrent update references 0.552ms
[0.240s][info][gc,start    ] GC(7) Concurrent update thread roots
[0.240s][info][gc          ] GC(7) Concurrent update thread roots 0.419ms
[0.241s][info][gc,start    ] GC(7) Pause Final Update Refs
[0.241s][info][gc,task     ] GC(7) Using 8 of 8 workers for final reference update
[0.241s][info][gc          ] GC(7) Pause Final Update Refs 0.073ms
[0.241s][info][gc,start    ] GC(7) Concurrent cleanup
[0.241s][info][gc          ] GC(7) Concurrent cleanup 4M->1M(126M) 0.099ms
[0.241s][info][gc,ergo     ] Free: 1883M, Max: 512K regular, 1883M humongous, Frag: 0% external, 0% internal; Reserve: 101888K, Max: 512K
[0.241s][info][gc,stats    ] 
[0.241s][info][gc,stats    ] All times are wall-clock times, except per-root-class counters, that are sum over
[0.241s][info][gc,stats    ] all workers. Dividing the <total> over the root stage time estimates parallelism.
[0.241s][info][gc,stats    ] 
[0.241s][info][gc,stats    ] Concurrent Reset                    236 us
[0.241s][info][gc,stats    ] Pause Init Mark (G)                 290 us
[0.241s][info][gc,stats    ] Pause Init Mark (N)                  96 us
[0.241s][info][gc,stats    ]   Update Region States               20 us
[0.241s][info][gc,stats    ] Concurrent Mark Roots               393 us, parallelism: 0.80x
[0.241s][info][gc,stats    ]   CMR: <total>                      313 us
[0.241s][info][gc,stats    ]   CMR: Thread Roots                 241 us, workers (us): 241,   0, ---, ---, ---, ---, ---, ---, 
[0.241s][info][gc,stats    ]   CMR: Code Cache Roots              36 us, workers (us):  36,   0, ---, ---, ---, ---, ---, ---, 
[0.241s][info][gc,stats    ]   CMR: VM Strong Roots                4 us, workers (us):   4,   0, ---, ---, ---, ---, ---, ---, 
[0.241s][info][gc,stats    ]   CMR: CLDG Roots                    33 us, workers (us):  33, ---, ---, ---, ---, ---, ---, ---, 
[0.241s][info][gc,stats    ] Concurrent Marking                 1055 us
[0.241s][info][gc,stats    ] Pause Final Mark (G)                416 us
[0.241s][info][gc,stats    ] Pause Final Mark (N)                324 us
[0.241s][info][gc,stats    ]   Finish Mark                       200 us
[0.241s][info][gc,stats    ]   Update Region States               13 us
[0.241s][info][gc,stats    ]   Choose Collection Set              36 us
[0.241s][info][gc,stats    ]   Rebuild Free Set                   18 us
[0.241s][info][gc,stats    ] Concurrent Thread Roots             139 us, parallelism: 0.61x
[0.241s][info][gc,stats    ]   CTR: <total>                       84 us
[0.241s][info][gc,stats    ]   CTR: Thread Roots                  84 us, workers (us):  84,   0, ---, ---, ---, ---, ---, ---, 
[0.241s][info][gc,stats    ] Concurrent Weak References           81 us, parallelism: 0.05x
[0.241s][info][gc,stats    ]   CWRF: <total>                       4 us
[0.241s][info][gc,stats    ]   CWRF: Weak References               4 us, workers (us):   4,   0, ---, ---, ---, ---, ---, ---, 
[0.241s][info][gc,stats    ] Concurrent Weak Roots               261 us
[0.241s][info][gc,stats    ]   Roots                             104 us, parallelism: 0.72x
[0.241s][info][gc,stats    ]     CWR: <total>                     75 us
[0.241s][info][gc,stats    ]     CWR: VM Weak Roots               75 us, workers (us):  75,   0, ---, ---, ---, ---, ---, ---, 
[0.241s][info][gc,stats    ]   Rendezvous                        119 us
[0.241s][info][gc,stats    ] Concurrent Cleanup                   71 us
[0.241s][info][gc,stats    ] Concurrent Strong Roots             143 us, parallelism: 0.61x
[0.241s][info][gc,stats    ]   CSR: <total>                       87 us
[0.241s][info][gc,stats    ]   CSR: Code Cache Roots              44 us, workers (us):  44,   0, ---, ---, ---, ---, ---, ---, 
[0.241s][info][gc,stats    ]   CSR: VM Strong Roots                5 us, workers (us):   5,   0, ---, ---, ---, ---, ---, ---, 
[0.241s][info][gc,stats    ]   CSR: CLDG Roots                    39 us, workers (us):  39, ---, ---, ---, ---, ---, ---, ---, 
[0.241s][info][gc,stats    ] Concurrent Evacuation               415 us
[0.241s][info][gc,stats    ] Pause Init Update Refs (G)          314 us
[0.241s][info][gc,stats    ] Pause Init Update Refs (N)          214 us
[0.241s][info][gc,stats    ]   Manage GCLABs                       5 us
[0.241s][info][gc,stats    ] Concurrent Update Refs              564 us
[0.241s][info][gc,stats    ] Concurrent Update Thread Roots      431 us
[0.241s][info][gc,stats    ] Pause Final Update Refs (G)         352 us
[0.241s][info][gc,stats    ] Pause Final Update Refs (N)          85 us
[0.241s][info][gc,stats    ]   Update Region States               15 us
[0.241s][info][gc,stats    ]   Trash Collection Set                2 us
[0.241s][info][gc,stats    ]   Rebuild Free Set                   18 us
[0.241s][info][gc,stats    ] Concurrent Cleanup                  113 us
[0.241s][info][gc,stats    ] 
[0.241s][info][gc,stats    ] Allocation pacing accrued:
[0.241s][info][gc,stats    ]       0 of     7 ms (  0.0%): <total>
[0.241s][info][gc,stats    ]       0 of     7 ms (  0.0%): <average total>
[0.241s][info][gc,stats    ] 
[0.241s][info][gc,metaspace] Metaspace: 212K(448K)->212K(448K) NonClass: 206K(320K)->206K(320K) Class: 5K(128K)->5K(128K)
[0.241s][info][gc,ergo     ] Pacer for Idle. Initial: 40642K, Alloc Tax Rate: 1.0x
[0.242s][info][gc          ] Trigger: Start next cycle immediately
[0.242s][info][gc,ergo     ] Free: 1883M, Max: 512K regular, 1883M humongous, Frag: 0% external, 0% internal; Reserve: 101888K, Max: 512K
[0.242s][info][gc,start    ] GC(8) Concurrent reset
[0.242s][info][gc,task     ] GC(8) Using 2 of 8 workers for concurrent reset
[0.243s][info][gc,ergo     ] GC(8) Pacer for Reset. Non-Taxable: 1984M
[0.246s][info][gc          ] GC(8) Concurrent reset 3.109ms
[0.246s][info][gc,start    ] GC(8) Pause Init Mark
[0.246s][info][gc,task     ] GC(8) Using 8 of 8 workers for init marking
[0.246s][info][gc,ergo     ] GC(8) Pacer for Mark. Expected Live: 511K, Free: 1883M, Non-Taxable: 188M, Alloc Tax Rate: 0.0x
[0.246s][info][gc          ] GC(8) Pause Init Mark 0.058ms
[0.246s][info][gc,start    ] GC(8) Concurrent marking roots
[0.246s][info][gc,task     ] GC(8) Using 2 of 8 workers for concurrent marking roots
[0.246s][info][gc          ] GC(8) Concurrent marking roots 0.133ms
[0.246s][info][gc,start    ] GC(8) Concurrent marking
[0.246s][info][gc,task     ] GC(8) Using 2 of 8 workers for concurrent marking
[0.252s][info][gc          ] GC(8) Concurrent marking 5.616ms
[0.252s][info][gc,start    ] GC(8) Pause Final Mark
[0.252s][info][gc,task     ] GC(8) Using 8 of 8 workers for final marking
[0.252s][info][gc,ergo     ] GC(8) Collectable Garbage: 1474K (100%), Immediate: 0B (0%), CSet: 1474K (100%)
[0.252s][info][gc,ergo     ] GC(8) Pacer for Evacuation. Used CSet: 2046K, Free: 1882M, Non-Taxable: 188M, Alloc Tax Rate: 1.1x
[0.252s][info][gc          ] GC(8) Pause Final Mark 0.513ms
[0.252s][info][gc,start    ] GC(8) Concurrent thread roots
[0.252s][info][gc,task     ] GC(8) Using 2 of 8 workers for Concurrent thread roots
[0.253s][info][gc          ] GC(8) Concurrent thread roots 0.406ms
[0.253s][info][gc,start    ] GC(8) Concurrent weak references
[0.253s][info][gc,task     ] GC(8) Using 2 of 8 workers for concurrent weak references
[0.253s][info][gc,ref      ] GC(8) Encountered references: Soft: 28, Weak: 88, Final: 0, Phantom: 1
[0.253s][info][gc,ref      ] GC(8) Discovered  references: Soft: 0, Weak: 35, Final: 0, Phantom: 1
[0.253s][info][gc,ref      ] GC(8) Enqueued    references: Soft: 0, Weak: 0, Final: 0, Phantom: 0
[0.253s][info][gc          ] GC(8) Concurrent weak references 0.075ms
[0.253s][info][gc,start    ] GC(8) Concurrent weak roots
[0.253s][info][gc,task     ] GC(8) Using 2 of 8 workers for concurrent weak root
[0.254s][info][gc          ] GC(8) Concurrent weak roots 1.064ms
[0.254s][info][gc,start    ] GC(8) Concurrent cleanup
[0.254s][info][gc          ] GC(8) Concurrent cleanup 3M->3M(126M) 0.083ms
[0.254s][info][gc,ergo     ] GC(8) Free: 1882M, Max: 512K regular, 1882M humongous, Frag: 0% external, 0% internal; Reserve: 101779K, Max: 512K
[0.254s][info][gc,start    ] GC(8) Concurrent strong roots
[0.254s][info][gc,task     ] GC(8) Using 2 of 8 workers for concurrent strong root
[0.254s][info][gc          ] GC(8) Concurrent strong roots 0.128ms
[0.254s][info][gc,start    ] GC(8) Concurrent evacuation
[0.254s][info][gc,task     ] GC(8) Using 2 of 8 workers for concurrent evacuation
[0.255s][info][gc          ] GC(8) Concurrent evacuation 0.365ms
[0.259s][info][gc,start    ] GC(8) Pause Init Update Refs
[0.259s][info][gc,ergo     ] GC(8) Pacer for Update Refs. Used: 3839K, Free: 1882M, Non-Taxable: 188M, Alloc Tax Rate: 1.1x
[0.259s][info][gc          ] GC(8) Pause Init Update Refs 0.041ms
[0.259s][info][gc,start    ] GC(8) Concurrent update references
[0.259s][info][gc,task     ] GC(8) Using 2 of 8 workers for concurrent reference update
[0.260s][info][gc          ] GC(8) Concurrent update references 1.178ms
[0.260s][info][gc,start    ] GC(8) Concurrent update thread roots
[0.261s][info][gc          ] GC(8) Concurrent update thread roots 0.217ms
[0.261s][info][gc,start    ] GC(8) Pause Final Update Refs
[0.261s][info][gc,task     ] GC(8) Using 8 of 8 workers for final reference update
[0.261s][info][gc          ] GC(8) Pause Final Update Refs 0.088ms
[0.261s][info][gc,start    ] GC(8) Concurrent cleanup
[0.261s][info][gc          ] GC(8) Concurrent cleanup 3M->1M(126M) 0.079ms
[0.261s][info][gc,ergo     ] Free: 1883M, Max: 512K regular, 1882M humongous, Frag: 1% external, 0% internal; Reserve: 101888K, Max: 512K
[0.261s][info][gc,stats    ] 
[0.261s][info][gc,stats    ] All times are wall-clock times, except per-root-class counters, that are sum over
[0.261s][info][gc,stats    ] all workers. Dividing the <total> over the root stage time estimates parallelism.
[0.261s][info][gc,stats    ] 
[0.261s][info][gc,stats    ] Concurrent Reset                   3132 us
[0.261s][info][gc,stats    ] Pause Init Mark (G)                 173 us
[0.261s][info][gc,stats    ] Pause Init Mark (N)                  67 us
[0.261s][info][gc,stats    ]   Update Region States               18 us
[0.261s][info][gc,stats    ] Concurrent Mark Roots               142 us, parallelism: 0.57x
[0.261s][info][gc,stats    ]   CMR: <total>                       80 us
[0.261s][info][gc,stats    ]   CMR: Thread Roots                  30 us, workers (us):  29,   0, ---, ---, ---, ---, ---, ---, 
[0.261s][info][gc,stats    ]   CMR: Code Cache Roots              33 us, workers (us):  33,   0, ---, ---, ---, ---, ---, ---, 
[0.261s][info][gc,stats    ]   CMR: VM Strong Roots                3 us, workers (us):   2,   0, ---, ---, ---, ---, ---, ---, 
[0.261s][info][gc,stats    ]   CMR: CLDG Roots                    16 us, workers (us):  16, ---, ---, ---, ---, ---, ---, ---, 
[0.261s][info][gc,stats    ] Concurrent Marking                 5669 us
[0.261s][info][gc,stats    ] Pause Final Mark (G)                634 us
[0.261s][info][gc,stats    ] Pause Final Mark (N)                524 us
[0.261s][info][gc,stats    ]   Finish Mark                       395 us
[0.261s][info][gc,stats    ]   Update Region States               16 us
[0.261s][info][gc,stats    ]   Choose Collection Set              40 us
[0.261s][info][gc,stats    ]   Rebuild Free Set                   18 us
[0.261s][info][gc,stats    ] Concurrent Thread Roots             421 us, parallelism: 0.91x
[0.261s][info][gc,stats    ]   CTR: <total>                      382 us
[0.261s][info][gc,stats    ]   CTR: Thread Roots                 382 us, workers (us): 344,  38, ---, ---, ---, ---, ---, ---, 
[0.261s][info][gc,stats    ] Concurrent Weak References           84 us, parallelism: 0.06x
[0.261s][info][gc,stats    ]   CWRF: <total>                       5 us
[0.261s][info][gc,stats    ]   CWRF: Weak References               5 us, workers (us):   5,   0, ---, ---, ---, ---, ---, ---, 
[0.261s][info][gc,stats    ] Concurrent Weak Roots              1087 us
[0.261s][info][gc,stats    ]   Roots                             606 us, parallelism: 0.14x
[0.261s][info][gc,stats    ]     CWR: <total>                     88 us
[0.261s][info][gc,stats    ]     CWR: VM Weak Roots               88 us, workers (us):  87,   0, ---, ---, ---, ---, ---, ---, 
[0.261s][info][gc,stats    ]   Rendezvous                        424 us
[0.261s][info][gc,stats    ] Concurrent Cleanup                   93 us
[0.261s][info][gc,stats    ] Concurrent Strong Roots             296 us, parallelism: 0.31x
[0.261s][info][gc,stats    ]   CSR: <total>                       92 us
[0.261s][info][gc,stats    ]   CSR: Code Cache Roots              51 us, workers (us):  51,   0, ---, ---, ---, ---, ---, ---, 
[0.261s][info][gc,stats    ]   CSR: VM Strong Roots                4 us, workers (us):   4,   0, ---, ---, ---, ---, ---, ---, 
[0.261s][info][gc,stats    ]   CSR: CLDG Roots                    36 us, workers (us):  36, ---, ---, ---, ---, ---, ---, ---, 
[0.261s][info][gc,stats    ] Concurrent Evacuation               386 us
[0.261s][info][gc,stats    ] Pause Init Update Refs (G)         4494 us
[0.261s][info][gc,stats    ] Pause Init Update Refs (N)           49 us
[0.261s][info][gc,stats    ]   Manage GCLABs                       3 us
[0.261s][info][gc,stats    ] Concurrent Update Refs             1199 us
[0.261s][info][gc,stats    ] Concurrent Update Thread Roots      309 us
[0.261s][info][gc,stats    ] Pause Final Update Refs (G)         187 us
[0.261s][info][gc,stats    ] Pause Final Update Refs (N)          99 us
[0.261s][info][gc,stats    ]   Update Region States               14 us
[0.261s][info][gc,stats    ]   Trash Collection Set                3 us
[0.261s][info][gc,stats    ]   Rebuild Free Set                   18 us
[0.261s][info][gc,stats    ] Concurrent Cleanup                  103 us
[0.261s][info][gc,stats    ] 
[0.261s][info][gc,stats    ] Allocation pacing accrued:
[0.261s][info][gc,stats    ]       0 of    20 ms (  0.0%): <total>
[0.261s][info][gc,stats    ]       0 of    20 ms (  0.0%): <average total>
[0.261s][info][gc,stats    ] 
[0.261s][info][gc,metaspace] Metaspace: 212K(448K)->287K(512K) NonClass: 206K(320K)->275K(384K) Class: 5K(128K)->12K(128K)
[0.261s][info][gc,ergo     ] Pacer for Idle. Initial: 40642K, Alloc Tax Rate: 1.0x
[0.263s][info][gc          ] Trigger: Start next cycle immediately
[0.263s][info][gc,ergo     ] Free: 1883M, Max: 512K regular, 1882M humongous, Frag: 1% external, 0% internal; Reserve: 101888K, Max: 512K
[0.263s][info][gc,start    ] GC(9) Concurrent reset
[0.263s][info][gc,task     ] GC(9) Using 2 of 8 workers for concurrent reset
[0.263s][info][gc,ergo     ] GC(9) Pacer for Reset. Non-Taxable: 1984M
[0.263s][info][gc          ] GC(9) Concurrent reset 0.162ms
[0.264s][info][gc,start    ] GC(9) Pause Init Mark
[0.264s][info][gc,task     ] GC(9) Using 8 of 8 workers for init marking
[0.264s][info][gc,ergo     ] GC(9) Pacer for Mark. Expected Live: 530K, Free: 1883M, Non-Taxable: 188M, Alloc Tax Rate: 0.0x
[0.264s][info][gc          ] GC(9) Pause Init Mark 0.096ms
[0.264s][info][gc,start    ] GC(9) Concurrent marking roots
[0.264s][info][gc,task     ] GC(9) Using 2 of 8 workers for concurrent marking roots
[0.264s][info][gc          ] GC(9) Concurrent marking roots 0.384ms
[0.264s][info][gc,start    ] GC(9) Concurrent marking
[0.264s][info][gc,task     ] GC(9) Using 2 of 8 workers for concurrent marking
[0.266s][info][gc          ] GC(9) Concurrent marking 1.910ms
[0.268s][info][gc,start    ] GC(9) Pause Final Mark
[0.269s][info][gc,task     ] GC(9) Using 8 of 8 workers for final marking
[0.269s][info][gc,ergo     ] GC(9) Collectable Garbage: 1111K (100%), Immediate: 0B (0%), CSet: 1111K (100%)
[0.269s][info][gc,ergo     ] GC(9) Pacer for Evacuation. Used CSet: 1792K, Free: 1882M, Non-Taxable: 188M, Alloc Tax Rate: 1.1x
[0.269s][info][gc          ] GC(9) Pause Final Mark 0.727ms
[0.269s][info][gc,start    ] GC(9) Concurrent thread roots
[0.269s][info][gc,task     ] GC(9) Using 2 of 8 workers for Concurrent thread roots
[0.269s][info][gc          ] GC(9) Concurrent thread roots 0.124ms
[0.269s][info][gc,start    ] GC(9) Concurrent weak references
[0.269s][info][gc,task     ] GC(9) Using 2 of 8 workers for concurrent weak references
[0.269s][info][gc,ref      ] GC(9) Encountered references: Soft: 29, Weak: 102, Final: 0, Phantom: 4
[0.269s][info][gc,ref      ] GC(9) Discovered  references: Soft: 0, Weak: 39, Final: 0, Phantom: 4
[0.269s][info][gc,ref      ] GC(9) Enqueued    references: Soft: 0, Weak: 5, Final: 0, Phantom: 3
[0.269s][info][gc          ] GC(9) Concurrent weak references 0.059ms
[0.269s][info][gc,start    ] GC(9) Concurrent weak roots
[0.269s][info][gc,task     ] GC(9) Using 2 of 8 workers for concurrent weak root
[0.269s][info][gc          ] GC(9) Concurrent weak roots 0.230ms
[0.269s][info][gc,start    ] GC(9) Concurrent cleanup
[0.269s][info][gc          ] GC(9) Concurrent cleanup 3M->3M(126M) 0.089ms
[0.270s][info][gc,ergo     ] GC(9) Free: 1881M, Max: 512K regular, 1881M humongous, Frag: 0% external, 0% internal; Reserve: 101781K, Max: 512K
[0.270s][info][gc,start    ] GC(9) Concurrent strong roots
[0.270s][info][gc,task     ] GC(9) Using 2 of 8 workers for concurrent strong root
[0.270s][info][gc          ] GC(9) Concurrent strong roots 0.195ms
[0.270s][info][gc,start    ] GC(9) Concurrent evacuation
[0.270s][info][gc,task     ] GC(9) Using 2 of 8 workers for concurrent evacuation
[0.271s][info][gc          ] GC(9) Concurrent evacuation 1.766ms
[0.272s][info][gc,start    ] GC(9) Pause Init Update Refs
[0.272s][info][gc,ergo     ] GC(9) Pacer for Update Refs. Used: 4351K, Free: 1881M, Non-Taxable: 188M, Alloc Tax Rate: 1.1x
[0.272s][info][gc          ] GC(9) Pause Init Update Refs 0.057ms
[0.272s][info][gc,start    ] GC(9) Concurrent update references
[0.272s][info][gc,task     ] GC(9) Using 2 of 8 workers for concurrent reference update
[0.273s][info][gc          ] GC(9) Concurrent update references 0.692ms
[0.273s][info][gc,start    ] GC(9) Concurrent update thread roots
[0.273s][info][gc          ] GC(9) Concurrent update thread roots 0.146ms
[0.273s][info][gc,start    ] GC(9) Pause Final Update Refs
[0.273s][info][gc,task     ] GC(9) Using 8 of 8 workers for final reference update
[0.273s][info][gc          ] GC(9) Pause Final Update Refs 0.070ms
[0.273s][info][gc,start    ] GC(9) Concurrent cleanup
[0.273s][info][gc          ] GC(9) Concurrent cleanup 4M->2M(126M) 0.079ms
[0.273s][info][gc,ergo     ] Free: 1882M, Max: 512K regular, 1881M humongous, Frag: 1% external, 0% internal; Reserve: 101888K, Max: 512K
[0.273s][info][gc,stats    ] 
[0.273s][info][gc,stats    ] All times are wall-clock times, except per-root-class counters, that are sum over
[0.273s][info][gc,stats    ] all workers. Dividing the <total> over the root stage time estimates parallelism.
[0.273s][info][gc,stats    ] 
[0.273s][info][gc,stats    ] Concurrent Reset                    181 us
[0.273s][info][gc,stats    ] Pause Init Mark (G)                 290 us
[0.273s][info][gc,stats    ] Pause Init Mark (N)                 104 us
[0.273s][info][gc,stats    ]   Update Region States               20 us
[0.273s][info][gc,stats    ] Concurrent Mark Roots               402 us, parallelism: 0.66x
[0.273s][info][gc,stats    ]   CMR: <total>                      266 us
[0.273s][info][gc,stats    ]   CMR: Thread Roots                 196 us, workers (us): 196,   0, ---, ---, ---, ---, ---, ---, 
[0.273s][info][gc,stats    ]   CMR: Code Cache Roots              41 us, workers (us):  41,   0, ---, ---, ---, ---, ---, ---, 
[0.273s][info][gc,stats    ]   CMR: VM Strong Roots                4 us, workers (us):   4,   0, ---, ---, ---, ---, ---, ---, 
[0.273s][info][gc,stats    ]   CMR: CLDG Roots                    24 us, workers (us):  24, ---, ---, ---, ---, ---, ---, ---, 
[0.273s][info][gc,stats    ] Concurrent Marking                 1935 us
[0.273s][info][gc,stats    ] Pause Final Mark (G)               2879 us
[0.273s][info][gc,stats    ] Pause Final Mark (N)                736 us
[0.273s][info][gc,stats    ]   Finish Mark                        81 us
[0.273s][info][gc,stats    ]   Update Region States               14 us
[0.273s][info][gc,stats    ]   Choose Collection Set              32 us
[0.273s][info][gc,stats    ]   Rebuild Free Set                   16 us
[0.273s][info][gc,stats    ] Concurrent Thread Roots             134 us, parallelism: 0.25x
[0.273s][info][gc,stats    ]   CTR: <total>                       34 us
[0.273s][info][gc,stats    ]   CTR: Thread Roots                  34 us, workers (us):  33,   0, ---, ---, ---, ---, ---, ---, 
[0.273s][info][gc,stats    ] Concurrent Weak References           67 us, parallelism: 0.09x
[0.273s][info][gc,stats    ]   CWRF: <total>                       6 us
[0.273s][info][gc,stats    ]   CWRF: Weak References               6 us, workers (us):   6,   0, ---, ---, ---, ---, ---, ---, 
[0.273s][info][gc,stats    ] Concurrent Weak Roots               245 us
[0.273s][info][gc,stats    ]   Roots                              98 us, parallelism: 0.82x
[0.273s][info][gc,stats    ]     CWR: <total>                     80 us
[0.273s][info][gc,stats    ]     CWR: VM Weak Roots               80 us, workers (us):  80,   0, ---, ---, ---, ---, ---, ---, 
[0.273s][info][gc,stats    ]   Rendezvous                        102 us
[0.273s][info][gc,stats    ] Concurrent Cleanup                  100 us
[0.273s][info][gc,stats    ] Concurrent Strong Roots             207 us, parallelism: 1.01x
[0.273s][info][gc,stats    ]   CSR: <total>                      209 us
[0.273s][info][gc,stats    ]   CSR: Code Cache Roots             155 us, workers (us):  78,  77, ---, ---, ---, ---, ---, ---, 
[0.273s][info][gc,stats    ]   CSR: VM Strong Roots                7 us, workers (us):   6,   0, ---, ---, ---, ---, ---, ---, 
[0.273s][info][gc,stats    ]   CSR: CLDG Roots                    47 us, workers (us):  47, ---, ---, ---, ---, ---, ---, ---, 
[0.273s][info][gc,stats    ] Concurrent Evacuation              2012 us
[0.273s][info][gc,stats    ] Pause Init Update Refs (G)          122 us
[0.274s][info][gc,stats    ] Pause Init Update Refs (N)           66 us
[0.274s][info][gc,stats    ]   Manage GCLABs                       3 us
[0.274s][info][gc,stats    ] Concurrent Update Refs              713 us
[0.274s][info][gc,stats    ] Concurrent Update Thread Roots      160 us
[0.274s][info][gc,stats    ] Pause Final Update Refs (G)         101 us
[0.274s][info][gc,stats    ] Pause Final Update Refs (N)          81 us
[0.274s][info][gc,stats    ]   Update Region States               14 us
[0.274s][info][gc,stats    ]   Trash Collection Set                2 us
[0.274s][info][gc,stats    ]   Rebuild Free Set                   18 us
[0.274s][info][gc,stats    ] Concurrent Cleanup                   91 us
[0.274s][info][gc,stats    ] 
[0.274s][info][gc,stats    ] Allocation pacing accrued:
[0.274s][info][gc,stats    ]       0 of    12 ms (  0.0%): <total>
[0.274s][info][gc,stats    ]       0 of    12 ms (  0.0%): <average total>
[0.274s][info][gc,stats    ] 
[0.274s][info][gc,metaspace] Metaspace: 300K(512K)->306K(512K) NonClass: 287K(384K)->293K(384K) Class: 13K(128K)->13K(128K)
[0.274s][info][gc,ergo     ] Pacer for Idle. Initial: 40642K, Alloc Tax Rate: 1.0x
[0.275s][info][gc          ] Trigger: Start next cycle immediately
[0.275s][info][gc,ergo     ] Free: 1882M, Max: 512K regular, 1881M humongous, Frag: 1% external, 0% internal; Reserve: 101888K, Max: 512K
[0.275s][info][gc,start    ] GC(10) Concurrent reset
[0.275s][info][gc,task     ] GC(10) Using 2 of 8 workers for concurrent reset
[0.275s][info][gc,ergo     ] GC(10) Pacer for Reset. Non-Taxable: 1984M
[0.275s][info][gc          ] GC(10) Concurrent reset 0.208ms
[0.282s][info][gc,start    ] GC(10) Pause Init Mark (unload classes)
[0.282s][info][gc,task     ] GC(10) Using 8 of 8 workers for init marking
[0.282s][info][gc,ergo     ] GC(10) Pacer for Mark. Expected Live: 570K, Free: 1882M, Non-Taxable: 188M, Alloc Tax Rate: 0.0x
[0.282s][info][gc          ] GC(10) Pause Init Mark (unload classes) 0.071ms
[0.282s][info][gc,start    ] GC(10) Concurrent marking roots
[0.282s][info][gc,task     ] GC(10) Using 2 of 8 workers for concurrent marking roots
[0.283s][info][gc          ] GC(10) Concurrent marking roots 0.965ms
[0.283s][info][gc,start    ] GC(10) Concurrent marking (unload classes)
[0.283s][info][gc,task     ] GC(10) Using 2 of 8 workers for concurrent marking
[0.284s][info][gc          ] GC(10) Concurrent marking (unload classes) 1.198ms
[0.284s][info][gc,start    ] GC(10) Pause Final Mark (unload classes)
[0.284s][info][gc,task     ] GC(10) Using 8 of 8 workers for final marking
[0.284s][info][gc,ergo     ] GC(10) Collectable Garbage: 1875K (100%), Immediate: 0B (0%), CSet: 1875K (100%)
[0.284s][info][gc,ergo     ] GC(10) Pacer for Evacuation. Used CSet: 2558K, Free: 1882M, Non-Taxable: 188M, Alloc Tax Rate: 1.1x
[0.284s][info][gc          ] GC(10) Pause Final Mark (unload classes) 0.241ms
[0.284s][info][gc,start    ] GC(10) Concurrent thread roots
[0.284s][info][gc,task     ] GC(10) Using 2 of 8 workers for Concurrent thread roots
[0.284s][info][gc          ] GC(10) Concurrent thread roots 0.265ms
[0.284s][info][gc,start    ] GC(10) Concurrent weak references
[0.285s][info][gc,task     ] GC(10) Using 2 of 8 workers for concurrent weak references
[0.285s][info][gc,ref      ] GC(10) Encountered references: Soft: 30, Weak: 97, Final: 0, Phantom: 1
[0.285s][info][gc,ref      ] GC(10) Discovered  references: Soft: 0, Weak: 40, Final: 0, Phantom: 1
[0.285s][info][gc,ref      ] GC(10) Enqueued    references: Soft: 0, Weak: 0, Final: 0, Phantom: 0
[0.285s][info][gc          ] GC(10) Concurrent weak references 0.112ms
[0.285s][info][gc,start    ] GC(10) Concurrent weak roots
[0.285s][info][gc,task     ] GC(10) Using 2 of 8 workers for concurrent weak root
[0.291s][info][gc          ] GC(10) Concurrent weak roots 6.638ms
[0.291s][info][gc,start    ] GC(10) Concurrent cleanup
[0.291s][info][gc          ] GC(10) Concurrent cleanup 3M->3M(126M) 0.072ms
[0.291s][info][gc,ergo     ] GC(10) Free: 1881M, Max: 512K regular, 1881M humongous, Frag: 0% external, 0% internal; Reserve: 101795K, Max: 512K
[0.291s][info][gc,start    ] GC(10) Concurrent class unloading
[0.291s][info][gc,task     ] GC(10) Using 2 of 8 workers for concurrent class unloading
[0.292s][info][gc          ] GC(10) Concurrent class unloading 0.411ms
[0.292s][info][gc,start    ] GC(10) Concurrent strong roots
[0.292s][info][gc,task     ] GC(10) Using 2 of 8 workers for concurrent strong root
[0.292s][info][gc          ] GC(10) Concurrent strong roots 0.109ms
[0.292s][info][gc,start    ] GC(10) Concurrent evacuation
[0.292s][info][gc,task     ] GC(10) Using 2 of 8 workers for concurrent evacuation
[0.293s][info][gc          ] GC(10) Concurrent evacuation 0.717ms
[0.293s][info][gc,start    ] GC(10) Pause Init Update Refs
[0.293s][info][gc,ergo     ] GC(10) Pacer for Update Refs. Used: 4605K, Free: 1881M, Non-Taxable: 188M, Alloc Tax Rate: 1.1x
[0.293s][info][gc          ] GC(10) Pause Init Update Refs 0.034ms
[0.293s][info][gc,start    ] GC(10) Concurrent update references
[0.293s][info][gc,task     ] GC(10) Using 2 of 8 workers for concurrent reference update
[0.294s][info][gc          ] GC(10) Concurrent update references 0.740ms
[0.294s][info][gc,start    ] GC(10) Concurrent update thread roots
[0.295s][info][gc          ] GC(10) Concurrent update thread roots 0.612ms
[0.298s][info][gc,start    ] GC(10) Pause Final Update Refs
[0.298s][info][gc,task     ] GC(10) Using 8 of 8 workers for final reference update
[0.298s][info][gc          ] GC(10) Pause Final Update Refs 0.061ms
[0.298s][info][gc,start    ] GC(10) Concurrent cleanup
[0.298s][info][gc          ] GC(10) Concurrent cleanup 4M->2M(126M) 0.084ms
[0.298s][info][gc,ergo     ] Free: 1882M, Max: 512K regular, 1881M humongous, Frag: 1% external, 0% internal; Reserve: 101888K, Max: 512K
[0.298s][info][gc,stats    ] 
[0.298s][info][gc,stats    ] All times are wall-clock times, except per-root-class counters, that are sum over
[0.298s][info][gc,stats    ] all workers. Dividing the <total> over the root stage time estimates parallelism.
[0.298s][info][gc,stats    ] 
[0.298s][info][gc,stats    ] Concurrent Reset                    220 us
[0.298s][info][gc,stats    ] Pause Init Mark (G)                6580 us
[0.298s][info][gc,stats    ] Pause Init Mark (N)                  79 us
[0.298s][info][gc,stats    ]   Update Region States               22 us
[0.298s][info][gc,stats    ] Concurrent Mark Roots               978 us, parallelism: 0.06x
[0.298s][info][gc,stats    ]   CMR: <total>                       63 us
[0.298s][info][gc,stats    ]   CMR: Thread Roots                  27 us, workers (us):  27,   0, ---, ---, ---, ---, ---, ---, 
[0.298s][info][gc,stats    ]   CMR: VM Strong Roots                3 us, workers (us):   3,   0, ---, ---, ---, ---, ---, ---, 
[0.298s][info][gc,stats    ]   CMR: CLDG Roots                    33 us, workers (us):  33, ---, ---, ---, ---, ---, ---, ---, 
[0.298s][info][gc,stats    ] Concurrent Marking                 1221 us
[0.298s][info][gc,stats    ] Pause Final Mark (G)                343 us
[0.298s][info][gc,stats    ] Pause Final Mark (N)                251 us
[0.298s][info][gc,stats    ]   Finish Mark                       127 us
[0.298s][info][gc,stats    ]   Update Region States               16 us
[0.298s][info][gc,stats    ]   Choose Collection Set              34 us
[0.298s][info][gc,stats    ]   Rebuild Free Set                   18 us
[0.298s][info][gc,stats    ] Concurrent Thread Roots             328 us, parallelism: 0.69x
[0.298s][info][gc,stats    ]   CTR: <total>                      226 us
[0.298s][info][gc,stats    ]   CTR: Thread Roots                 226 us, workers (us): 194,  32, ---, ---, ---, ---, ---, ---, 
[0.298s][info][gc,stats    ] Concurrent Weak References          122 us, parallelism: 0.04x
[0.298s][info][gc,stats    ]   CWRF: <total>                       5 us
[0.298s][info][gc,stats    ]   CWRF: Weak References               5 us, workers (us):   5,   0, ---, ---, ---, ---, ---, ---, 
[0.298s][info][gc,stats    ] Concurrent Weak Roots              6662 us
[0.298s][info][gc,stats    ]   Roots                             154 us, parallelism: 0.86x
[0.298s][info][gc,stats    ]     CWR: <total>                    133 us
[0.298s][info][gc,stats    ]     CWR: Code Cache Roots            40 us, workers (us):  40,   0, ---, ---, ---, ---, ---, ---, 
[0.298s][info][gc,stats    ]     CWR: VM Weak Roots               92 us, workers (us):  92,   0, ---, ---, ---, ---, ---, ---, 
[0.298s][info][gc,stats    ]     CWR: CLDG Roots                   1 us, workers (us):   1, ---, ---, ---, ---, ---, ---, ---, 
[0.298s][info][gc,stats    ]   Rendezvous                       6460 us
[0.298s][info][gc,stats    ] Concurrent Cleanup                   83 us
[0.298s][info][gc,stats    ] Concurrent Class Unloading          437 us
[0.298s][info][gc,stats    ]   Unlink Stale                      195 us
[0.298s][info][gc,stats    ]     System Dictionary                48 us
[0.298s][info][gc,stats    ]     Weak Class Links                  0 us
[0.298s][info][gc,stats    ]     Code Roots                      146 us
[0.298s][info][gc,stats    ]   Rendezvous                         21 us
[0.298s][info][gc,stats    ]   Purge Unlinked                    171 us
[0.298s][info][gc,stats    ]     Code Roots                      165 us
[0.298s][info][gc,stats    ]     CLDG                              6 us
[0.298s][info][gc,stats    ]     Exception Caches                  0 us
[0.298s][info][gc,stats    ] Concurrent Strong Roots             120 us, parallelism: 0.58x
[0.298s][info][gc,stats    ]   CSR: <total>                       70 us
[0.298s][info][gc,stats    ]   CSR: VM Strong Roots                6 us, workers (us):   6,   0, ---, ---, ---, ---, ---, ---, 
[0.298s][info][gc,stats    ]   CSR: CLDG Roots                    64 us, workers (us):  64, ---, ---, ---, ---, ---, ---, ---, 
[0.298s][info][gc,stats    ] Concurrent Evacuation               739 us
[0.298s][info][gc,stats    ] Pause Init Update Refs (G)          460 us
[0.298s][info][gc,stats    ] Pause Init Update Refs (N)           43 us
[0.298s][info][gc,stats    ]   Manage GCLABs                       3 us
[0.298s][info][gc,stats    ] Concurrent Update Refs              775 us
[0.298s][info][gc,stats    ] Concurrent Update Thread Roots      635 us
[0.298s][info][gc,stats    ] Pause Final Update Refs (G)        3243 us
[0.298s][info][gc,stats    ] Pause Final Update Refs (N)          72 us
[0.299s][info][gc,stats    ]   Update Region States               15 us
[0.299s][info][gc,stats    ]   Trash Collection Set                2 us
[0.299s][info][gc,stats    ]   Rebuild Free Set                   16 us
[0.299s][info][gc,stats    ] Concurrent Cleanup                   97 us
[0.299s][info][gc,stats    ] 
[0.299s][info][gc,stats    ] Allocation pacing accrued:
[0.299s][info][gc,stats    ]       0 of    25 ms (  0.0%): <total>
[0.299s][info][gc,stats    ]       0 of    25 ms (  0.0%): <average total>
[0.299s][info][gc,stats    ] 
[0.299s][info][gc,metaspace] Metaspace: 306K(512K)->353K(576K) NonClass: 293K(384K)->336K(448K) Class: 13K(128K)->16K(128K)
[0.299s][info][gc,ergo     ] Pacer for Idle. Initial: 40642K, Alloc Tax Rate: 1.0x
[0.300s][info][gc          ] Trigger: Start next cycle immediately
[0.300s][info][gc,ergo     ] Free: 1882M, Max: 512K regular, 1881M humongous, Frag: 1% external, 0% internal; Reserve: 101888K, Max: 512K
[0.300s][info][gc,start    ] GC(11) Concurrent reset
[0.300s][info][gc,task     ] GC(11) Using 2 of 8 workers for concurrent reset
[0.300s][info][gc,ergo     ] GC(11) Pacer for Reset. Non-Taxable: 1984M
[0.301s][info][gc          ] GC(11) Concurrent reset 1.335ms
[0.302s][info][gc,start    ] GC(11) Pause Init Mark
[0.302s][info][gc,task     ] GC(11) Using 8 of 8 workers for init marking
[0.302s][info][gc,ergo     ] GC(11) Pacer for Mark. Expected Live: 606K, Free: 1882M, Non-Taxable: 188M, Alloc Tax Rate: 0.0x
[0.302s][info][gc          ] GC(11) Pause Init Mark 0.285ms
[0.302s][info][gc,start    ] GC(11) Concurrent marking roots
[0.302s][info][gc,task     ] GC(11) Using 2 of 8 workers for concurrent marking roots
[0.302s][info][gc          ] GC(11) Concurrent marking roots 0.289ms
[0.302s][info][gc,start    ] GC(11) Concurrent marking
[0.302s][info][gc,task     ] GC(11) Using 2 of 8 workers for concurrent marking
[0.307s][info][gc          ] GC(11) Concurrent marking 4.310ms
[0.307s][info][gc,start    ] GC(11) Pause Final Mark
[0.307s][info][gc,task     ] GC(11) Using 8 of 8 workers for final marking
[0.307s][info][gc,ergo     ] GC(11) Collectable Garbage: 1475K (100%), Immediate: 0B (0%), CSet: 1475K (100%)
[0.307s][info][gc,ergo     ] GC(11) Pacer for Evacuation. Used CSet: 2558K, Free: 1882M, Non-Taxable: 188M, Alloc Tax Rate: 1.1x
[0.307s][info][gc          ] GC(11) Pause Final Mark 0.233ms
[0.307s][info][gc,start    ] GC(11) Concurrent thread roots
[0.307s][info][gc,task     ] GC(11) Using 2 of 8 workers for Concurrent thread roots
[0.307s][info][gc          ] GC(11) Concurrent thread roots 0.156ms
[0.307s][info][gc,start    ] GC(11) Concurrent weak references
[0.307s][info][gc,task     ] GC(11) Using 2 of 8 workers for concurrent weak references
[0.307s][info][gc,ref      ] GC(11) Encountered references: Soft: 31, Weak: 99, Final: 0, Phantom: 43
[0.307s][info][gc,ref      ] GC(11) Discovered  references: Soft: 0, Weak: 40, Final: 0, Phantom: 42
[0.307s][info][gc,ref      ] GC(11) Enqueued    references: Soft: 0, Weak: 0, Final: 0, Phantom: 0
[0.307s][info][gc          ] GC(11) Concurrent weak references 0.070ms
[0.307s][info][gc,start    ] GC(11) Concurrent weak roots
[0.307s][info][gc,task     ] GC(11) Using 2 of 8 workers for concurrent weak root
[0.312s][info][gc          ] GC(11) Concurrent weak roots 4.424ms
[0.313s][info][gc,start    ] GC(11) Concurrent cleanup
[0.314s][info][gc          ] GC(11) Concurrent cleanup 3M->3M(126M) 0.085ms
[0.314s][info][gc,ergo     ] GC(11) Free: 1881M, Max: 512K regular, 1881M humongous, Frag: 1% external, 0% internal; Reserve: 101698K, Max: 512K
[0.314s][info][gc,start    ] GC(11) Concurrent strong roots
[0.314s][info][gc,task     ] GC(11) Using 2 of 8 workers for concurrent strong root
[0.314s][info][gc          ] GC(11) Concurrent strong roots 0.250ms
[0.314s][info][gc,start    ] GC(11) Concurrent evacuation
[0.314s][info][gc,task     ] GC(11) Using 2 of 8 workers for concurrent evacuation
[0.315s][info][gc          ] GC(11) Concurrent evacuation 1.021ms
[0.317s][info][gc,start    ] GC(11) Pause Init Update Refs
[0.317s][info][gc,ergo     ] GC(11) Pacer for Update Refs. Used: 5106K, Free: 1881M, Non-Taxable: 188M, Alloc Tax Rate: 1.1x
[0.317s][info][gc          ] GC(11) Pause Init Update Refs 0.047ms
[0.317s][info][gc,start    ] GC(11) Concurrent update references
[0.317s][info][gc,task     ] GC(11) Using 2 of 8 workers for concurrent reference update
[0.318s][info][gc          ] GC(11) Concurrent update references 0.900ms
[0.318s][info][gc,start    ] GC(11) Concurrent update thread roots
[0.326s][info][gc          ] GC(11) Concurrent update thread roots 7.688ms
[0.326s][info][gc,start    ] GC(11) Pause Final Update Refs
[0.326s][info][gc,task     ] GC(11) Using 8 of 8 workers for final reference update
[0.326s][info][gc          ] GC(11) Pause Final Update Refs 0.072ms
[0.326s][info][gc,start    ] GC(11) Concurrent cleanup
[0.326s][info][gc          ] GC(11) Concurrent cleanup 4M->2M(127M) 0.083ms
[0.326s][info][gc,ergo     ] Free: 1882M, Max: 512K regular, 1882M humongous, Frag: 0% external, 0% internal; Reserve: 101888K, Max: 512K
[0.326s][info][gc,stats    ] 
[0.326s][info][gc,stats    ] All times are wall-clock times, except per-root-class counters, that are sum over
[0.326s][info][gc,stats    ] all workers. Dividing the <total> over the root stage time estimates parallelism.
[0.326s][info][gc,stats    ] 
[0.326s][info][gc,stats    ] Concurrent Reset                   1364 us
[0.326s][info][gc,stats    ] Pause Init Mark (G)                 745 us
[0.326s][info][gc,stats    ] Pause Init Mark (N)                 295 us
[0.326s][info][gc,stats    ]   Update Region States               19 us
[0.326s][info][gc,stats    ] Concurrent Mark Roots               303 us, parallelism: 0.76x
[0.326s][info][gc,stats    ]   CMR: <total>                      230 us
[0.326s][info][gc,stats    ]   CMR: Thread Roots                 151 us, workers (us): 151,   0, ---, ---, ---, ---, ---, ---, 
[0.326s][info][gc,stats    ]   CMR: Code Cache Roots              51 us, workers (us):  51,   0, ---, ---, ---, ---, ---, ---, 
[0.326s][info][gc,stats    ]   CMR: VM Strong Roots                3 us, workers (us):   3,   0, ---, ---, ---, ---, ---, ---, 
[0.326s][info][gc,stats    ]   CMR: CLDG Roots                    25 us, workers (us):  25, ---, ---, ---, ---, ---, ---, ---, 
[0.326s][info][gc,stats    ] Concurrent Marking                 4331 us
[0.326s][info][gc,stats    ] Pause Final Mark (G)                388 us
[0.326s][info][gc,stats    ] Pause Final Mark (N)                241 us
[0.326s][info][gc,stats    ]   Finish Mark                       115 us
[0.326s][info][gc,stats    ]   Update Region States               16 us
[0.326s][info][gc,stats    ]   Choose Collection Set              33 us
[0.326s][info][gc,stats    ]   Rebuild Free Set                   15 us
[0.326s][info][gc,stats    ] Concurrent Thread Roots             168 us, parallelism: 0.97x
[0.326s][info][gc,stats    ]   CTR: <total>                      162 us
[0.326s][info][gc,stats    ]   CTR: Thread Roots                 162 us, workers (us):  91,  71, ---, ---, ---, ---, ---, ---, 
[0.326s][info][gc,stats    ] Concurrent Weak References           78 us, parallelism: 0.14x
[0.326s][info][gc,stats    ]   CWRF: <total>                      11 us
[0.326s][info][gc,stats    ]   CWRF: Weak References              11 us, workers (us):  11,   0, ---, ---, ---, ---, ---, ---, 
[0.326s][info][gc,stats    ] Concurrent Weak Roots              6309 us
[0.326s][info][gc,stats    ]   Roots                             106 us, parallelism: 0.82x
[0.326s][info][gc,stats    ]     CWR: <total>                     87 us
[0.326s][info][gc,stats    ]     CWR: VM Weak Roots               87 us, workers (us):  87,   0, ---, ---, ---, ---, ---, ---, 
[0.326s][info][gc,stats    ]   Rendezvous                       4272 us
[0.326s][info][gc,stats    ] Concurrent Cleanup                   94 us
[0.326s][info][gc,stats    ] Concurrent Strong Roots             264 us, parallelism: 0.65x
[0.326s][info][gc,stats    ]   CSR: <total>                      172 us
[0.326s][info][gc,stats    ]   CSR: Code Cache Roots              88 us, workers (us):  88,   0, ---, ---, ---, ---, ---, ---, 
[0.327s][info][gc,stats    ]   CSR: VM Strong Roots                7 us, workers (us):   7,   0, ---, ---, ---, ---, ---, ---, 
[0.327s][info][gc,stats    ]   CSR: CLDG Roots                    77 us, workers (us):  77, ---, ---, ---, ---, ---, ---, ---, 
[0.327s][info][gc,stats    ] Concurrent Evacuation              1041 us
[0.327s][info][gc,stats    ] Pause Init Update Refs (G)         2215 us
[0.327s][info][gc,stats    ] Pause Init Update Refs (N)           55 us
[0.327s][info][gc,stats    ]   Manage GCLABs                       4 us
[0.327s][info][gc,stats    ] Concurrent Update Refs              923 us
[0.327s][info][gc,stats    ] Concurrent Update Thread Roots     7716 us
[0.327s][info][gc,stats    ] Pause Final Update Refs (G)         182 us
[0.327s][info][gc,stats    ] Pause Final Update Refs (N)          82 us
[0.327s][info][gc,stats    ]   Update Region States               20 us
[0.327s][info][gc,stats    ]   Trash Collection Set                2 us
[0.327s][info][gc,stats    ]   Rebuild Free Set                   16 us
[0.327s][info][gc,stats    ] Concurrent Cleanup                   95 us
[0.327s][info][gc,stats    ] 
[0.327s][info][gc,stats    ] Allocation pacing accrued:
[0.327s][info][gc,stats    ]       0 of    28 ms (  0.0%): <total>
[0.327s][info][gc,stats    ]       0 of    28 ms (  0.0%): <average total>
[0.327s][info][gc,stats    ] 
[0.327s][info][gc,metaspace] Metaspace: 353K(576K)->359K(576K) NonClass: 336K(448K)->343K(448K) Class: 16K(128K)->16K(128K)
[0.327s][info][gc,ergo     ] Pacer for Idle. Initial: 40642K, Alloc Tax Rate: 1.0x
[0.328s][info][gc          ] Trigger: Start next cycle immediately
[0.328s][info][gc,ergo     ] Free: 1882M, Max: 512K regular, 1882M humongous, Frag: 0% external, 0% internal; Reserve: 101888K, Max: 512K
[0.328s][info][gc,start    ] GC(12) Concurrent reset
[0.328s][info][gc,task     ] GC(12) Using 2 of 8 workers for concurrent reset
[0.328s][info][gc,ergo     ] GC(12) Pacer for Reset. Non-Taxable: 1984M
[0.328s][info][gc          ] GC(12) Concurrent reset 0.192ms
[0.330s][info][gc,start    ] GC(12) Pause Init Mark
[0.330s][info][gc,task     ] GC(12) Using 8 of 8 workers for init marking
[0.330s][info][gc,ergo     ] GC(12) Pacer for Mark. Expected Live: 717K, Free: 1882M, Non-Taxable: 188M, Alloc Tax Rate: 0.0x
[0.330s][info][gc          ] GC(12) Pause Init Mark 0.073ms
[0.330s][info][gc,start    ] GC(12) Concurrent marking roots
[0.330s][info][gc,task     ] GC(12) Using 2 of 8 workers for concurrent marking roots
[0.331s][info][gc          ] GC(12) Concurrent marking roots 0.323ms
[0.331s][info][gc,start    ] GC(12) Concurrent marking
[0.331s][info][gc,task     ] GC(12) Using 2 of 8 workers for concurrent marking
[0.332s][info][gc          ] GC(12) Concurrent marking 1.575ms
[0.335s][info][gc,start    ] GC(12) Pause Final Mark
[0.335s][info][gc,task     ] GC(12) Using 8 of 8 workers for final marking
[0.335s][info][gc,ergo     ] GC(12) Collectable Garbage: 1246K (100%), Immediate: 511K (41%), CSet: 734K (58%)
[0.335s][info][gc,ergo     ] GC(12) Pacer for Evacuation. Used CSet: 2036K, Free: 1882M, Non-Taxable: 188M, Alloc Tax Rate: 1.1x
[0.335s][info][gc          ] GC(12) Pause Final Mark 0.221ms
[0.335s][info][gc,start    ] GC(12) Concurrent thread roots
[0.335s][info][gc,task     ] GC(12) Using 2 of 8 workers for Concurrent thread roots
[0.340s][info][gc          ] GC(12) Concurrent thread roots 5.309ms
[0.340s][info][gc,start    ] GC(12) Concurrent weak references
[0.340s][info][gc,task     ] GC(12) Using 2 of 8 workers for concurrent weak references
[0.340s][info][gc,ref      ] GC(12) Encountered references: Soft: 31, Weak: 99, Final: 0, Phantom: 69
[0.341s][info][gc,ref      ] GC(12) Discovered  references: Soft: 0, Weak: 35, Final: 0, Phantom: 68
[0.341s][info][gc,ref      ] GC(12) Enqueued    references: Soft: 0, Weak: 0, Final: 0, Phantom: 0
[0.341s][info][gc          ] GC(12) Concurrent weak references 0.480ms
[0.341s][info][gc,start    ] GC(12) Concurrent weak roots
[0.341s][info][gc,task     ] GC(12) Using 2 of 8 workers for concurrent weak root
[0.342s][info][gc          ] GC(12) Concurrent weak roots 0.984ms
[0.342s][info][gc,start    ] GC(12) Concurrent cleanup
[0.342s][info][gc          ] GC(12) Concurrent cleanup 4M->3M(127M) 0.079ms
[0.342s][info][gc,ergo     ] GC(12) Free: 1881M, Max: 512K regular, 1881M humongous, Frag: 1% external, 0% internal; Reserve: 101791K, Max: 512K
[0.342s][info][gc,start    ] GC(12) Concurrent strong roots
[0.342s][info][gc,task     ] GC(12) Using 2 of 8 workers for concurrent strong root
[0.342s][info][gc          ] GC(12) Concurrent strong roots 0.196ms
[0.342s][info][gc,start    ] GC(12) Concurrent evacuation
[0.342s][info][gc,task     ] GC(12) Using 2 of 8 workers for concurrent evacuation
[0.343s][info][gc          ] GC(12) Concurrent evacuation 0.774ms
[0.343s][info][gc,start    ] GC(12) Pause Init Update Refs
[0.343s][info][gc,ergo     ] GC(12) Pacer for Update Refs. Used: 5365K, Free: 1881M, Non-Taxable: 188M, Alloc Tax Rate: 1.1x
[0.343s][info][gc          ] GC(12) Pause Init Update Refs 0.041ms
[0.343s][info][gc,start    ] GC(12) Concurrent update references
[0.343s][info][gc,task     ] GC(12) Using 2 of 8 workers for concurrent reference update
[0.344s][info][gc          ] GC(12) Concurrent update references 0.729ms
[0.344s][info][gc,start    ] GC(12) Concurrent update thread roots
[0.344s][info][gc          ] GC(12) Concurrent update thread roots 0.167ms
[0.344s][info][gc,start    ] GC(12) Pause Final Update Refs
[0.344s][info][gc,task     ] GC(12) Using 8 of 8 workers for final reference update
[0.344s][info][gc          ] GC(12) Pause Final Update Refs 0.075ms
[0.344s][info][gc,start    ] GC(12) Concurrent cleanup
[0.344s][info][gc          ] GC(12) Concurrent cleanup 5M->3M(128M) 0.105ms
[0.344s][info][gc,ergo     ] Free: 1881M, Max: 512K regular, 1880M humongous, Frag: 1% external, 0% internal; Reserve: 101888K, Max: 512K
[0.344s][info][gc,stats    ] 
[0.344s][info][gc,stats    ] All times are wall-clock times, except per-root-class counters, that are sum over
[0.344s][info][gc,stats    ] all workers. Dividing the <total> over the root stage time estimates parallelism.
[0.344s][info][gc,stats    ] 
[0.344s][info][gc,stats    ] Concurrent Reset                    206 us
[0.344s][info][gc,stats    ] Pause Init Mark (G)                2251 us
[0.344s][info][gc,stats    ] Pause Init Mark (N)                  82 us
[0.344s][info][gc,stats    ]   Update Region States               20 us
[0.344s][info][gc,stats    ] Concurrent Mark Roots               334 us, parallelism: 0.74x
[0.344s][info][gc,stats    ]   CMR: <total>                      248 us
[0.344s][info][gc,stats    ]   CMR: Thread Roots                 152 us, workers (us): 152,   0, ---, ---, ---, ---, ---, ---, 
[0.344s][info][gc,stats    ]   CMR: Code Cache Roots              67 us, workers (us):  67,   0, ---, ---, ---, ---, ---, ---, 
[0.344s][info][gc,stats    ]   CMR: VM Strong Roots                4 us, workers (us):   4,   0, ---, ---, ---, ---, ---, ---, 
[0.344s][info][gc,stats    ]   CMR: CLDG Roots                    26 us, workers (us):  26, ---, ---, ---, ---, ---, ---, ---, 
[0.344s][info][gc,stats    ] Concurrent Marking                 1741 us
[0.344s][info][gc,stats    ] Pause Final Mark (G)               2371 us
[0.344s][info][gc,stats    ] Pause Final Mark (N)                229 us
[0.344s][info][gc,stats    ]   Finish Mark                        99 us
[0.344s][info][gc,stats    ]   Update Region States               16 us
[0.344s][info][gc,stats    ]   Choose Collection Set              38 us
[0.344s][info][gc,stats    ]   Rebuild Free Set                   15 us
[0.344s][info][gc,stats    ] Concurrent Thread Roots            5335 us, parallelism: 0.02x
[0.344s][info][gc,stats    ]   CTR: <total>                       94 us
[0.344s][info][gc,stats    ]   CTR: Thread Roots                  94 us, workers (us):  67,  26, ---, ---, ---, ---, ---, ---, 
[0.344s][info][gc,stats    ] Concurrent Weak References          490 us, parallelism: 0.03x
[0.344s][info][gc,stats    ]   CWRF: <total>                      16 us
[0.344s][info][gc,stats    ]   CWRF: Weak References              16 us, workers (us):  15,   1, ---, ---, ---, ---, ---, ---, 
[0.344s][info][gc,stats    ] Concurrent Weak Roots              1005 us
[0.344s][info][gc,stats    ]   Roots                             916 us, parallelism: 0.10x
[0.345s][info][gc,stats    ]     CWR: <total>                     92 us
[0.345s][info][gc,stats    ]     CWR: VM Weak Roots               92 us, workers (us):  92,   0, ---, ---, ---, ---, ---, ---, 
[0.345s][info][gc,stats    ]   Rendezvous                         44 us
[0.345s][info][gc,stats    ] Concurrent Cleanup                   91 us
[0.345s][info][gc,stats    ] Concurrent Strong Roots             209 us, parallelism: 0.75x
[0.345s][info][gc,stats    ]   CSR: <total>                      158 us
[0.345s][info][gc,stats    ]   CSR: Code Cache Roots              97 us, workers (us):  97,   0, ---, ---, ---, ---, ---, ---, 
[0.345s][info][gc,stats    ]   CSR: VM Strong Roots                6 us, workers (us):   6,   0, ---, ---, ---, ---, ---, ---, 
[0.345s][info][gc,stats    ]   CSR: CLDG Roots                    55 us, workers (us):  55, ---, ---, ---, ---, ---, ---, ---, 
[0.345s][info][gc,stats    ] Concurrent Evacuation               796 us
[0.345s][info][gc,stats    ] Pause Init Update Refs (G)           86 us
[0.345s][info][gc,stats    ] Pause Init Update Refs (N)           60 us
[0.345s][info][gc,stats    ]   Manage GCLABs                       3 us
[0.345s][info][gc,stats    ] Concurrent Update Refs              746 us
[0.345s][info][gc,stats    ] Concurrent Update Thread Roots      181 us
[0.345s][info][gc,stats    ] Pause Final Update Refs (G)         206 us
[0.345s][info][gc,stats    ] Pause Final Update Refs (N)          86 us
[0.345s][info][gc,stats    ]   Update Region States               15 us
[0.345s][info][gc,stats    ]   Trash Collection Set                3 us
[0.345s][info][gc,stats    ]   Rebuild Free Set                   18 us
[0.345s][info][gc,stats    ] Concurrent Cleanup                  118 us
[0.345s][info][gc,stats    ] 
[0.345s][info][gc,stats    ] Allocation pacing accrued:
[0.345s][info][gc,stats    ]       0 of    18 ms (  0.0%): <total>
[0.345s][info][gc,stats    ]       0 of    18 ms (  0.0%): <average total>
[0.345s][info][gc,stats    ] 
[0.345s][info][gc,metaspace] Metaspace: 359K(576K)->366K(576K) NonClass: 343K(448K)->349K(448K) Class: 16K(128K)->16K(128K)
[0.345s][info][gc,ergo     ] Pacer for Idle. Initial: 40642K, Alloc Tax Rate: 1.0x
[0.346s][info][gc          ] Trigger: Start next cycle immediately
[0.346s][info][gc,ergo     ] Free: 1881M, Max: 512K regular, 1880M humongous, Frag: 1% external, 0% internal; Reserve: 101888K, Max: 512K
[0.346s][info][gc,start    ] GC(13) Concurrent reset
[0.346s][info][gc,task     ] GC(13) Using 2 of 8 workers for concurrent reset
[0.346s][info][gc,ergo     ] GC(13) Pacer for Reset. Non-Taxable: 1984M
[0.346s][info][gc          ] GC(13) Concurrent reset 0.251ms
[0.346s][info][gc,start    ] GC(13) Pause Init Mark (unload classes)
[0.347s][info][gc,task     ] GC(13) Using 8 of 8 workers for init marking
[0.347s][info][gc,ergo     ] GC(13) Pacer for Mark. Expected Live: 864K, Free: 1881M, Non-Taxable: 188M, Alloc Tax Rate: 0.0x
[0.347s][info][gc          ] GC(13) Pause Init Mark (unload classes) 0.068ms
[0.347s][info][gc,start    ] GC(13) Concurrent marking roots
[0.347s][info][gc,task     ] GC(13) Using 2 of 8 workers for concurrent marking roots
[0.347s][info][gc          ] GC(13) Concurrent marking roots 0.221ms
[0.347s][info][gc,start    ] GC(13) Concurrent marking (unload classes)
[0.347s][info][gc,task     ] GC(13) Using 2 of 8 workers for concurrent marking
[0.354s][info][gc          ] GC(13) Concurrent marking (unload classes) 7.020ms
[0.354s][info][gc,start    ] GC(13) Pause Final Mark (unload classes)
[0.354s][info][gc,task     ] GC(13) Using 8 of 8 workers for final marking
[0.354s][info][gc,ergo     ] GC(13) Collectable Garbage: 1571K (100%), Immediate: 0B (0%), CSet: 1571K (100%)
[0.354s][info][gc,ergo     ] GC(13) Pacer for Evacuation. Used CSet: 3328K, Free: 1881M, Non-Taxable: 188M, Alloc Tax Rate: 1.1x
[0.354s][info][gc          ] GC(13) Pause Final Mark (unload classes) 0.337ms
[0.354s][info][gc,start    ] GC(13) Concurrent thread roots
[0.354s][info][gc,task     ] GC(13) Using 2 of 8 workers for Concurrent thread roots
[0.354s][info][gc          ] GC(13) Concurrent thread roots 0.171ms
[0.354s][info][gc,start    ] GC(13) Concurrent weak references
[0.354s][info][gc,task     ] GC(13) Using 2 of 8 workers for concurrent weak references
[0.355s][info][gc,ref      ] GC(13) Encountered references: Soft: 31, Weak: 99, Final: 0, Phantom: 79
[0.355s][info][gc,ref      ] GC(13) Discovered  references: Soft: 0, Weak: 36, Final: 0, Phantom: 78
[0.355s][info][gc,ref      ] GC(13) Enqueued    references: Soft: 0, Weak: 0, Final: 0, Phantom: 0
[0.355s][info][gc          ] GC(13) Concurrent weak references 0.100ms
[0.355s][info][gc,start    ] GC(13) Concurrent weak roots
[0.355s][info][gc,task     ] GC(13) Using 2 of 8 workers for concurrent weak root
[0.361s][info][gc          ] GC(13) Concurrent weak roots 6.565ms
[0.361s][info][gc,start    ] GC(13) Concurrent cleanup
[0.361s][info][gc          ] GC(13) Concurrent cleanup 5M->5M(128M) 0.094ms
[0.361s][info][gc,ergo     ] GC(13) Free: 1880M, Max: 512K regular, 1880M humongous, Frag: 0% external, 0% internal; Reserve: 101469K, Max: 512K
[0.361s][info][gc,start    ] GC(13) Concurrent class unloading
[0.361s][info][gc,task     ] GC(13) Using 2 of 8 workers for concurrent class unloading
[0.363s][info][gc          ] GC(13) Concurrent class unloading 1.779ms
[0.363s][info][gc,start    ] GC(13) Concurrent strong roots
[0.363s][info][gc,task     ] GC(13) Using 2 of 8 workers for concurrent strong root
[0.363s][info][gc          ] GC(13) Concurrent strong roots 0.134ms
[0.363s][info][gc,start    ] GC(13) Concurrent evacuation
[0.363s][info][gc,task     ] GC(13) Using 2 of 8 workers for concurrent evacuation
[0.365s][info][gc          ] GC(13) Concurrent evacuation 1.796ms
[0.365s][info][gc,start    ] GC(13) Pause Init Update Refs
[0.365s][info][gc,ergo     ] GC(13) Pacer for Update Refs. Used: 6910K, Free: 1880M, Non-Taxable: 188M, Alloc Tax Rate: 1.1x
[0.365s][info][gc          ] GC(13) Pause Init Update Refs 0.043ms
[0.366s][info][gc,start    ] GC(13) Concurrent update references
[0.366s][info][gc,task     ] GC(13) Using 2 of 8 workers for concurrent reference update
[0.367s][info][gc          ] GC(13) Concurrent update references 0.868ms
[0.367s][info][gc,start    ] GC(13) Concurrent update thread roots
[0.367s][info][gc          ] GC(13) Concurrent update thread roots 0.106ms
[0.367s][info][gc,start    ] GC(13) Pause Final Update Refs
[0.367s][info][gc,task     ] GC(13) Using 8 of 8 workers for final reference update
[0.367s][info][gc          ] GC(13) Pause Final Update Refs 0.069ms
[0.367s][info][gc,start    ] GC(13) Concurrent cleanup
[0.367s][info][gc          ] GC(13) Concurrent cleanup 6M->3M(128M) 0.077ms
[0.367s][info][gc,ergo     ] Free: 1881M, Max: 512K regular, 1880M humongous, Frag: 1% external, 0% internal; Reserve: 101888K, Max: 512K
[0.367s][info][gc,stats    ] 
[0.367s][info][gc,stats    ] All times are wall-clock times, except per-root-class counters, that are sum over
[0.367s][info][gc,stats    ] all workers. Dividing the <total> over the root stage time estimates parallelism.
[0.367s][info][gc,stats    ] 
[0.367s][info][gc,stats    ] Concurrent Reset                    273 us
[0.367s][info][gc,stats    ] Pause Init Mark (G)                 302 us
[0.367s][info][gc,stats    ] Pause Init Mark (N)                  77 us
[0.367s][info][gc,stats    ]   Update Region States               19 us
[0.367s][info][gc,stats    ] Concurrent Mark Roots               239 us, parallelism: 0.66x
[0.367s][info][gc,stats    ]   CMR: <total>                      159 us
[0.367s][info][gc,stats    ]   CMR: Thread Roots                 132 us, workers (us): 132,   0, ---, ---, ---, ---, ---, ---, 
[0.367s][info][gc,stats    ]   CMR: VM Strong Roots                3 us, workers (us):   3,   0, ---, ---, ---, ---, ---, ---, 
[0.368s][info][gc,stats    ]   CMR: CLDG Roots                    23 us, workers (us):  23, ---, ---, ---, ---, ---, ---, ---, 
[0.368s][info][gc,stats    ] Concurrent Marking                 7043 us
[0.368s][info][gc,stats    ] Pause Final Mark (G)                439 us
[0.368s][info][gc,stats    ] Pause Final Mark (N)                346 us
[0.368s][info][gc,stats    ]   Finish Mark                       213 us
[0.368s][info][gc,stats    ]   Update Region States               16 us
[0.368s][info][gc,stats    ]   Choose Collection Set              42 us
[0.368s][info][gc,stats    ]   Rebuild Free Set                   15 us
[0.368s][info][gc,stats    ] Concurrent Thread Roots             184 us, parallelism: 0.71x
[0.368s][info][gc,stats    ]   CTR: <total>                      130 us
[0.368s][info][gc,stats    ]   CTR: Thread Roots                 130 us, workers (us): 130,   0, ---, ---, ---, ---, ---, ---, 
[0.368s][info][gc,stats    ] Concurrent Weak References          109 us, parallelism: 0.15x
[0.368s][info][gc,stats    ]   CWRF: <total>                      16 us
[0.368s][info][gc,stats    ]   CWRF: Weak References              16 us, workers (us):  14,   2, ---, ---, ---, ---, ---, ---, 
[0.368s][info][gc,stats    ] Concurrent Weak Roots              6592 us
[0.368s][info][gc,stats    ]   Roots                             168 us, parallelism: 0.87x
[0.368s][info][gc,stats    ]     CWR: <total>                    146 us
[0.368s][info][gc,stats    ]     CWR: Code Cache Roots            58 us, workers (us):  58,   0, ---, ---, ---, ---, ---, ---, 
[0.368s][info][gc,stats    ]     CWR: VM Weak Roots               87 us, workers (us):  87,   0, ---, ---, ---, ---, ---, ---, 
[0.368s][info][gc,stats    ]     CWR: CLDG Roots                   1 us, workers (us):   1, ---, ---, ---, ---, ---, ---, ---, 
[0.368s][info][gc,stats    ]   Rendezvous                       6354 us
[0.368s][info][gc,stats    ] Concurrent Cleanup                  103 us
[0.368s][info][gc,stats    ] Concurrent Class Unloading         1797 us
[0.368s][info][gc,stats    ]   Unlink Stale                     1497 us
[0.368s][info][gc,stats    ]     System Dictionary                43 us
[0.368s][info][gc,stats    ]     Weak Class Links                  0 us
[0.368s][info][gc,stats    ]     Code Roots                     1453 us
[0.368s][info][gc,stats    ]   Rendezvous                        190 us
[0.368s][info][gc,stats    ]   Purge Unlinked                     73 us
[0.368s][info][gc,stats    ]     Code Roots                       68 us
[0.368s][info][gc,stats    ]     CLDG                              4 us
[0.368s][info][gc,stats    ]     Exception Caches                  0 us
[0.368s][info][gc,stats    ] Concurrent Strong Roots             145 us, parallelism: 0.49x
[0.368s][info][gc,stats    ]   CSR: <total>                       71 us
[0.368s][info][gc,stats    ]   CSR: VM Strong Roots                9 us, workers (us):   6,   3, ---, ---, ---, ---, ---, ---, 
[0.368s][info][gc,stats    ]   CSR: CLDG Roots                    62 us, workers (us): ---,  62, ---, ---, ---, ---, ---, ---, 
[0.368s][info][gc,stats    ] Concurrent Evacuation              2035 us
[0.368s][info][gc,stats    ] Pause Init Update Refs (G)          833 us
[0.368s][info][gc,stats    ] Pause Init Update Refs (N)           52 us
[0.368s][info][gc,stats    ]   Manage GCLABs                       3 us
[0.368s][info][gc,stats    ] Concurrent Update Refs              889 us
[0.368s][info][gc,stats    ] Concurrent Update Thread Roots      116 us
[0.368s][info][gc,stats    ] Pause Final Update Refs (G)          97 us
[0.368s][info][gc,stats    ] Pause Final Update Refs (N)          79 us
[0.368s][info][gc,stats    ]   Update Region States               16 us
[0.368s][info][gc,stats    ]   Trash Collection Set                2 us
[0.368s][info][gc,stats    ]   Rebuild Free Set                   16 us
[0.368s][info][gc,stats    ] Concurrent Cleanup                   87 us
[0.368s][info][gc,stats    ] 
[0.368s][info][gc,stats    ] Allocation pacing accrued:
[0.368s][info][gc,stats    ]       0 of    23 ms (  0.0%): <total>
[0.368s][info][gc,stats    ]       0 of    23 ms (  0.0%): <average total>
[0.368s][info][gc,stats    ] 
[0.368s][info][gc,metaspace] Metaspace: 368K(576K)->375K(576K) NonClass: 351K(448K)->358K(448K) Class: 16K(128K)->16K(128K)
[0.368s][info][gc,ergo     ] Pacer for Idle. Initial: 40642K, Alloc Tax Rate: 1.0x
[0.369s][info][gc          ] Trigger: Start next cycle immediately
[0.369s][info][gc,ergo     ] Free: 1881M, Max: 512K regular, 1880M humongous, Frag: 1% external, 0% internal; Reserve: 101888K, Max: 512K
[0.369s][info][gc,start    ] GC(14) Concurrent reset
[0.369s][info][gc,task     ] GC(14) Using 2 of 8 workers for concurrent reset
[0.369s][info][gc,ergo     ] GC(14) Pacer for Reset. Non-Taxable: 1984M
[0.370s][info][gc          ] GC(14) Concurrent reset 0.190ms
[0.370s][info][gc,start    ] GC(14) Pause Init Mark (unload classes)
[0.370s][info][gc,task     ] GC(14) Using 8 of 8 workers for init marking
[0.370s][info][gc,ergo     ] GC(14) Pacer for Mark. Expected Live: 1101K, Free: 1881M, Non-Taxable: 188M, Alloc Tax Rate: 0.0x
[0.370s][info][gc          ] GC(14) Pause Init Mark (unload classes) 0.076ms
[0.370s][info][gc,start    ] GC(14) Concurrent marking roots
[0.370s][info][gc,task     ] GC(14) Using 2 of 8 workers for concurrent marking roots
[0.370s][info][gc          ] GC(14) Concurrent marking roots 0.134ms
[0.370s][info][gc,start    ] GC(14) Concurrent marking (unload classes)
[0.370s][info][gc,task     ] GC(14) Using 2 of 8 workers for concurrent marking
[0.371s][info][gc          ] GC(14) Concurrent marking (unload classes) 0.678ms
[0.371s][info][gc,start    ] GC(14) Pause Final Mark (unload classes)
[0.371s][info][gc,task     ] GC(14) Using 8 of 8 workers for final marking
[0.371s][info][gc,ergo     ] GC(14) Collectable Garbage: 1174K (100%), Immediate: 0B (0%), CSet: 1174K (100%)
[0.371s][info][gc,ergo     ] GC(14) Pacer for Evacuation. Used CSet: 3581K, Free: 1881M, Non-Taxable: 188M, Alloc Tax Rate: 1.1x
[0.371s][info][gc          ] GC(14) Pause Final Mark (unload classes) 0.168ms
[0.371s][info][gc,start    ] GC(14) Concurrent thread roots
[0.371s][info][gc,task     ] GC(14) Using 2 of 8 workers for Concurrent thread roots
[0.371s][info][gc          ] GC(14) Concurrent thread roots 0.115ms
[0.371s][info][gc,start    ] GC(14) Concurrent weak references
[0.371s][info][gc,task     ] GC(14) Using 2 of 8 workers for concurrent weak references
[0.371s][info][gc,ref      ] GC(14) Encountered references: Soft: 31, Weak: 99, Final: 0, Phantom: 118
[0.371s][info][gc,ref      ] GC(14) Discovered  references: Soft: 0, Weak: 36, Final: 0, Phantom: 98
[0.371s][info][gc,ref      ] GC(14) Enqueued    references: Soft: 0, Weak: 0, Final: 0, Phantom: 0
[0.371s][info][gc          ] GC(14) Concurrent weak references 0.066ms
[0.371s][info][gc,start    ] GC(14) Concurrent weak roots
[0.371s][info][gc,task     ] GC(14) Using 2 of 8 workers for concurrent weak root
[0.371s][info][gc          ] GC(14) Concurrent weak roots 0.153ms
[0.371s][info][gc,start    ] GC(14) Concurrent cleanup
[0.371s][info][gc          ] GC(14) Concurrent cleanup 4M->4M(128M) 0.075ms
[0.371s][info][gc,ergo     ] GC(14) Free: 1881M, Max: 512K regular, 1880M humongous, Frag: 1% external, 0% internal; Reserve: 101783K, Max: 512K
[0.371s][info][gc,start    ] GC(14) Concurrent class unloading
[0.371s][info][gc,task     ] GC(14) Using 2 of 8 workers for concurrent class unloading
[0.372s][info][gc          ] GC(14) Concurrent class unloading 0.413ms
[0.372s][info][gc,start    ] GC(14) Concurrent strong roots
[0.372s][info][gc,task     ] GC(14) Using 2 of 8 workers for concurrent strong root
[0.372s][info][gc          ] GC(14) Concurrent strong roots 0.114ms
[0.372s][info][gc,start    ] GC(14) Concurrent evacuation
[0.372s][info][gc,task     ] GC(14) Using 2 of 8 workers for concurrent evacuation
[0.374s][info][gc          ] GC(14) Concurrent evacuation 2.179ms
[0.378s][info][gc,start    ] GC(14) Pause Init Update Refs
[0.378s][info][gc,ergo     ] GC(14) Pacer for Update Refs. Used: 8162K, Free: 1880M, Non-Taxable: 188M, Alloc Tax Rate: 1.1x
[0.378s][info][gc          ] GC(14) Pause Init Update Refs 0.034ms
[0.378s][info][gc,start    ] GC(14) Concurrent update references
[0.378s][info][gc,task     ] GC(14) Using 2 of 8 workers for concurrent reference update
[0.378s][info][gc          ] GC(14) Concurrent update references 0.735ms
[0.378s][info][gc,start    ] GC(14) Concurrent update thread roots
[0.379s][info][gc          ] GC(14) Concurrent update thread roots 0.203ms
[0.379s][info][gc,start    ] GC(14) Pause Final Update Refs
[0.379s][info][gc,task     ] GC(14) Using 8 of 8 workers for final reference update
[0.379s][info][gc          ] GC(14) Pause Final Update Refs 0.053ms
[0.379s][info][gc,start    ] GC(14) Concurrent cleanup
[0.379s][info][gc          ] GC(14) Concurrent cleanup 8M->4M(129M) 0.054ms
[0.379s][info][gc,ergo     ] Free: 1880M, Max: 512K regular, 1878M humongous, Frag: 1% external, 0% internal; Reserve: 101888K, Max: 512K
[0.379s][info][gc,stats    ] 
[0.379s][info][gc,stats    ] All times are wall-clock times, except per-root-class counters, that are sum over
[0.379s][info][gc,stats    ] all workers. Dividing the <total> over the root stage time estimates parallelism.
[0.379s][info][gc,stats    ] 
[0.379s][info][gc,stats    ] Concurrent Reset                    210 us
[0.379s][info][gc,stats    ] Pause Init Mark (G)                 196 us
[0.379s][info][gc,stats    ] Pause Init Mark (N)                  84 us
[0.379s][info][gc,stats    ]   Update Region States               18 us
[0.379s][info][gc,stats    ] Concurrent Mark Roots               145 us, parallelism: 0.93x
[0.379s][info][gc,stats    ]   CMR: <total>                      135 us
[0.379s][info][gc,stats    ]   CMR: Thread Roots                  96 us, workers (us):  18,  78, ---, ---, ---, ---, ---, ---, 
[0.379s][info][gc,stats    ]   CMR: VM Strong Roots                4 us, workers (us):   3,   1, ---, ---, ---, ---, ---, ---, 
[0.379s][info][gc,stats    ]   CMR: CLDG Roots                    35 us, workers (us):  35, ---, ---, ---, ---, ---, ---, ---, 
[0.379s][info][gc,stats    ] Concurrent Marking                  699 us
[0.379s][info][gc,stats    ] Pause Final Mark (G)                263 us
[0.379s][info][gc,stats    ] Pause Final Mark (N)                177 us
[0.379s][info][gc,stats    ]   Finish Mark                        65 us
[0.379s][info][gc,stats    ]   Update Region States               13 us
[0.379s][info][gc,stats    ]   Choose Collection Set              29 us
[0.379s][info][gc,stats    ]   Rebuild Free Set                   15 us
[0.379s][info][gc,stats    ] Concurrent Thread Roots             126 us, parallelism: 0.65x
[0.379s][info][gc,stats    ]   CTR: <total>                       82 us
[0.379s][info][gc,stats    ]   CTR: Thread Roots                  82 us, workers (us):  58,  23, ---, ---, ---, ---, ---, ---, 
[0.379s][info][gc,stats    ] Concurrent Weak References           74 us, parallelism: 0.27x
[0.379s][info][gc,stats    ]   CWRF: <total>                      20 us
[0.379s][info][gc,stats    ]   CWRF: Weak References              20 us, workers (us):  14,   5, ---, ---, ---, ---, ---, ---, 
[0.379s][info][gc,stats    ] Concurrent Weak Roots               165 us
[0.379s][info][gc,stats    ]   Roots                             117 us, parallelism: 1.31x
[0.379s][info][gc,stats    ]     CWR: <total>                    153 us
[0.379s][info][gc,stats    ]     CWR: Code Cache Roots            65 us, workers (us):   8,  57, ---, ---, ---, ---, ---, ---, 
[0.379s][info][gc,stats    ]     CWR: VM Weak Roots               88 us, workers (us):  45,  43, ---, ---, ---, ---, ---, ---, 
[0.379s][info][gc,stats    ]     CWR: CLDG Roots                   1 us, workers (us): ---,   1, ---, ---, ---, ---, ---, ---, 
[0.379s][info][gc,stats    ]   Rendezvous                         19 us
[0.379s][info][gc,stats    ] Concurrent Cleanup                   85 us
[0.379s][info][gc,stats    ] Concurrent Class Unloading          451 us
[0.379s][info][gc,stats    ]   Unlink Stale                      174 us
[0.379s][info][gc,stats    ]     System Dictionary                20 us
[0.379s][info][gc,stats    ]     Weak Class Links                  0 us
[0.379s][info][gc,stats    ]     Code Roots                      153 us
[0.379s][info][gc,stats    ]   Rendezvous                        191 us
[0.379s][info][gc,stats    ]   Purge Unlinked                     33 us
[0.379s][info][gc,stats    ]     Code Roots                       29 us
[0.379s][info][gc,stats    ]     CLDG                              4 us
[0.379s][info][gc,stats    ]     Exception Caches                  0 us
[0.379s][info][gc,stats    ] Concurrent Strong Roots             126 us, parallelism: 0.45x
[0.379s][info][gc,stats    ]   CSR: <total>                       57 us
[0.379s][info][gc,stats    ]   CSR: VM Strong Roots                6 us, workers (us):   5,   0, ---, ---, ---, ---, ---, ---, 
[0.379s][info][gc,stats    ]   CSR: CLDG Roots                    51 us, workers (us):  51, ---, ---, ---, ---, ---, ---, ---, 
[0.379s][info][gc,stats    ] Concurrent Evacuation              2202 us
[0.379s][info][gc,stats    ] Pause Init Update Refs (G)         3572 us
[0.379s][info][gc,stats    ] Pause Init Update Refs (N)           40 us
[0.379s][info][gc,stats    ]   Manage GCLABs                       3 us
[0.379s][info][gc,stats    ] Concurrent Update Refs              756 us
[0.379s][info][gc,stats    ] Concurrent Update Thread Roots      331 us
[0.379s][info][gc,stats    ] Pause Final Update Refs (G)         147 us
[0.379s][info][gc,stats    ] Pause Final Update Refs (N)          62 us
[0.379s][info][gc,stats    ]   Update Region States               12 us
[0.379s][info][gc,stats    ]   Trash Collection Set                2 us
[0.379s][info][gc,stats    ]   Rebuild Free Set                   16 us
[0.379s][info][gc,stats    ] Concurrent Cleanup                   62 us
[0.379s][info][gc,stats    ] 
[0.380s][info][gc,stats    ] Allocation pacing accrued:
[0.380s][info][gc,stats    ]       0 of    11 ms (  0.0%): <total>
[0.380s][info][gc,stats    ]       0 of    11 ms (  0.0%): <average total>
[0.380s][info][gc,stats    ] 
[0.380s][info][gc,metaspace] Metaspace: 375K(576K)->379K(576K) NonClass: 358K(448K)->362K(448K) Class: 16K(128K)->16K(128K)
[0.380s][info][gc,ergo     ] Pacer for Idle. Initial: 40642K, Alloc Tax Rate: 1.0x
[0.381s][info][gc          ] Trigger: Start next cycle immediately
[0.381s][info][gc,ergo     ] Free: 1880M, Max: 512K regular, 1878M humongous, Frag: 1% external, 0% internal; Reserve: 101888K, Max: 512K
[0.381s][info][gc,start    ] GC(15) Concurrent reset
[0.381s][info][gc,task     ] GC(15) Using 2 of 8 workers for concurrent reset
[0.381s][info][gc,ergo     ] GC(15) Pacer for Reset. Non-Taxable: 1984M
[0.381s][info][gc          ] GC(15) Concurrent reset 0.479ms
[0.381s][info][gc,start    ] GC(15) Pause Init Mark (unload classes)
[0.381s][info][gc,task     ] GC(15) Using 8 of 8 workers for init marking
[0.381s][info][gc,ergo     ] GC(15) Pacer for Mark. Expected Live: 1446K, Free: 1879M, Non-Taxable: 187M, Alloc Tax Rate: 0.0x
[0.381s][info][gc          ] GC(15) Pause Init Mark (unload classes) 0.042ms
[0.381s][info][gc,start    ] GC(15) Concurrent marking roots
[0.381s][info][gc,task     ] GC(15) Using 2 of 8 workers for concurrent marking roots
[0.381s][info][gc          ] GC(15) Concurrent marking roots 0.162ms
[0.381s][info][gc,start    ] GC(15) Concurrent marking (unload classes)
[0.381s][info][gc,task     ] GC(15) Using 2 of 8 workers for concurrent marking
[0.384s][info][gc          ] GC(15) Concurrent marking (unload classes) 2.648ms
[0.385s][info][gc,start    ] GC(15) Pause Final Mark (unload classes)
[0.385s][info][gc,task     ] GC(15) Using 8 of 8 workers for final marking
[0.385s][info][gc,ergo     ] GC(15) Collectable Garbage: 1198K (100%), Immediate: 0B (0%), CSet: 1198K (100%)
[0.385s][info][gc,ergo     ] GC(15) Pacer for Evacuation. Used CSet: 4095K, Free: 1879M, Non-Taxable: 187M, Alloc Tax Rate: 1.1x
[0.385s][info][gc          ] GC(15) Pause Final Mark (unload classes) 0.228ms
[0.385s][info][gc,start    ] GC(15) Concurrent thread roots
[0.385s][info][gc,task     ] GC(15) Using 2 of 8 workers for Concurrent thread roots
[0.385s][info][gc          ] GC(15) Concurrent thread roots 0.107ms
[0.385s][info][gc,start    ] GC(15) Concurrent weak references
[0.385s][info][gc,task     ] GC(15) Using 2 of 8 workers for concurrent weak references
[0.385s][info][gc,ref      ] GC(15) Encountered references: Soft: 31, Weak: 99, Final: 0, Phantom: 166
[0.385s][info][gc,ref      ] GC(15) Discovered  references: Soft: 0, Weak: 36, Final: 0, Phantom: 139
[0.385s][info][gc,ref      ] GC(15) Enqueued    references: Soft: 0, Weak: 0, Final: 0, Phantom: 0
[0.385s][info][gc          ] GC(15) Concurrent weak references 0.073ms
[0.385s][info][gc,start    ] GC(15) Concurrent weak roots
[0.385s][info][gc,task     ] GC(15) Using 2 of 8 workers for concurrent weak root
[0.395s][info][gc          ] GC(15) Concurrent weak roots 9.870ms
[0.395s][info][gc,start    ] GC(15) Concurrent cleanup
[0.395s][info][gc          ] GC(15) Concurrent cleanup 6M->6M(129M) 0.075ms
[0.395s][info][gc,ergo     ] GC(15) Free: 1878M, Max: 512K regular, 1878M humongous, Frag: 0% external, 0% internal; Reserve: 101770K, Max: 512K
[0.395s][info][gc,start    ] GC(15) Concurrent class unloading
[0.395s][info][gc,task     ] GC(15) Using 2 of 8 workers for concurrent class unloading
[0.396s][info][gc          ] GC(15) Concurrent class unloading 0.978ms
[0.396s][info][gc,start    ] GC(15) Concurrent strong roots
[0.396s][info][gc,task     ] GC(15) Using 2 of 8 workers for concurrent strong root
[0.396s][info][gc          ] GC(15) Concurrent strong roots 0.101ms
[0.396s][info][gc,start    ] GC(15) Concurrent evacuation
[0.396s][info][gc,task     ] GC(15) Using 2 of 8 workers for concurrent evacuation
[0.397s][info][gc          ] GC(15) Concurrent evacuation 1.328ms
[0.397s][info][gc,start    ] GC(15) Pause Init Update Refs
[0.397s][info][gc,ergo     ] GC(15) Pacer for Update Refs. Used: 10130K, Free: 1878M, Non-Taxable: 187M, Alloc Tax Rate: 1.1x
[0.398s][info][gc          ] GC(15) Pause Init Update Refs 0.023ms
[0.398s][info][gc,start    ] GC(15) Concurrent update references
[0.398s][info][gc,task     ] GC(15) Using 2 of 8 workers for concurrent reference update
[0.398s][info][gc          ] GC(15) Concurrent update references 0.903ms
[0.398s][info][gc,start    ] GC(15) Concurrent update thread roots
[0.399s][info][gc          ] GC(15) Concurrent update thread roots 0.125ms
[0.399s][info][gc,start    ] GC(15) Pause Final Update Refs
[0.399s][info][gc,task     ] GC(15) Using 8 of 8 workers for final reference update
[0.399s][info][gc          ] GC(15) Pause Final Update Refs 0.058ms
[0.399s][info][gc,start    ] GC(15) Concurrent cleanup
[0.399s][info][gc          ] GC(15) Concurrent cleanup 9M->5M(131M) 0.057ms
[0.399s][info][gc,ergo     ] Free: 1879M, Max: 512K regular, 1878M humongous, Frag: 1% external, 0% internal; Reserve: 101888K, Max: 512K
[0.399s][info][gc,stats    ] 
[0.399s][info][gc,stats    ] All times are wall-clock times, except per-root-class counters, that are sum over
[0.399s][info][gc,stats    ] all workers. Dividing the <total> over the root stage time estimates parallelism.
[0.399s][info][gc,stats    ] 
[0.399s][info][gc,stats    ] Concurrent Reset                    497 us
[0.399s][info][gc,stats    ] Pause Init Mark (G)                  70 us
[0.399s][info][gc,stats    ] Pause Init Mark (N)                  50 us
[0.399s][info][gc,stats    ]   Update Region States               13 us
[0.399s][info][gc,stats    ] Concurrent Mark Roots               184 us, parallelism: 0.90x
[0.399s][info][gc,stats    ]   CMR: <total>                      165 us
[0.399s][info][gc,stats    ]   CMR: Thread Roots                 135 us, workers (us):  16, 120, ---, ---, ---, ---, ---, ---, 
[0.399s][info][gc,stats    ]   CMR: VM Strong Roots                5 us, workers (us):   3,   2, ---, ---, ---, ---, ---, ---, 
[0.399s][info][gc,stats    ]   CMR: CLDG Roots                    25 us, workers (us):  25, ---, ---, ---, ---, ---, ---, ---, 
[0.399s][info][gc,stats    ] Concurrent Marking                 2669 us
[0.399s][info][gc,stats    ] Pause Final Mark (G)                664 us
[0.399s][info][gc,stats    ] Pause Final Mark (N)                238 us
[0.399s][info][gc,stats    ]   Finish Mark                       121 us
[0.399s][info][gc,stats    ]   Update Region States               13 us
[0.399s][info][gc,stats    ]   Choose Collection Set              31 us
[0.399s][info][gc,stats    ]   Rebuild Free Set                   18 us
[0.400s][info][gc,stats    ] Concurrent Thread Roots             119 us, parallelism: 0.65x
[0.400s][info][gc,stats    ]   CTR: <total>                       77 us
[0.400s][info][gc,stats    ]   CTR: Thread Roots                  77 us, workers (us):  77,   0, ---, ---, ---, ---, ---, ---, 
[0.400s][info][gc,stats    ] Concurrent Weak References           82 us, parallelism: 0.23x
[0.400s][info][gc,stats    ]   CWRF: <total>                      19 us
[0.400s][info][gc,stats    ]   CWRF: Weak References              19 us, workers (us):  19,   0, ---, ---, ---, ---, ---, ---, 
[0.400s][info][gc,stats    ] Concurrent Weak Roots              9892 us
[0.400s][info][gc,stats    ]   Roots                             138 us, parallelism: 1.44x
[0.400s][info][gc,stats    ]     CWR: <total>                    198 us
[0.400s][info][gc,stats    ]     CWR: Code Cache Roots            46 us, workers (us):   2,  45, ---, ---, ---, ---, ---, ---, 
[0.400s][info][gc,stats    ]     CWR: VM Weak Roots              151 us, workers (us):  76,  75, ---, ---, ---, ---, ---, ---, 
[0.400s][info][gc,stats    ]     CWR: CLDG Roots                   0 us, workers (us):   0, ---, ---, ---, ---, ---, ---, ---, 
[0.400s][info][gc,stats    ]   Rendezvous                       9714 us
[0.400s][info][gc,stats    ] Concurrent Cleanup                   90 us
[0.400s][info][gc,stats    ] Concurrent Class Unloading          991 us
[0.400s][info][gc,stats    ]   Unlink Stale                      241 us
[0.400s][info][gc,stats    ]     System Dictionary                22 us
[0.400s][info][gc,stats    ]     Weak Class Links                  0 us
[0.400s][info][gc,stats    ]     Code Roots                      218 us
[0.400s][info][gc,stats    ]   Rendezvous                        669 us
[0.400s][info][gc,stats    ]   Purge Unlinked                     51 us
[0.400s][info][gc,stats    ]     Code Roots                       46 us
[0.400s][info][gc,stats    ]     CLDG                              4 us
[0.400s][info][gc,stats    ]     Exception Caches                  0 us
[0.400s][info][gc,stats    ] Concurrent Strong Roots             111 us, parallelism: 0.58x
[0.400s][info][gc,stats    ]   CSR: <total>                       64 us
[0.400s][info][gc,stats    ]   CSR: VM Strong Roots                7 us, workers (us):   7,   0, ---, ---, ---, ---, ---, ---, 
[0.400s][info][gc,stats    ]   CSR: CLDG Roots                    57 us, workers (us):  57, ---, ---, ---, ---, ---, ---, ---, 
[0.400s][info][gc,stats    ] Concurrent Evacuation              1358 us
[0.400s][info][gc,stats    ] Pause Init Update Refs (G)           49 us
[0.400s][info][gc,stats    ] Pause Init Update Refs (N)           31 us
[0.400s][info][gc,stats    ]   Manage GCLABs                       3 us
[0.400s][info][gc,stats    ] Concurrent Update Refs              918 us
[0.400s][info][gc,stats    ] Concurrent Update Thread Roots      140 us
[0.400s][info][gc,stats    ] Pause Final Update Refs (G)          84 us
[0.400s][info][gc,stats    ] Pause Final Update Refs (N)          72 us
[0.400s][info][gc,stats    ]   Update Region States               14 us
[0.400s][info][gc,stats    ]   Trash Collection Set                2 us
[0.400s][info][gc,stats    ]   Rebuild Free Set                   16 us
[0.400s][info][gc,stats    ] Concurrent Cleanup                   69 us
[0.400s][info][gc,stats    ] 
[0.400s][info][gc,stats    ] Allocation pacing accrued:
[0.400s][info][gc,stats    ]       0 of    20 ms (  0.0%): <total>
[0.400s][info][gc,stats    ]       0 of    20 ms (  0.0%): <average total>
[0.400s][info][gc,stats    ] 
[0.400s][info][gc,metaspace] Metaspace: 380K(576K)->402K(576K) NonClass: 363K(448K)->385K(448K) Class: 16K(128K)->16K(128K)
[0.400s][info][gc,ergo     ] Pacer for Idle. Initial: 40642K, Alloc Tax Rate: 1.0x
[0.401s][info][gc          ] Trigger: Start next cycle immediately
[0.401s][info][gc,ergo     ] Free: 1878M, Max: 512K regular, 1878M humongous, Frag: 0% external, 0% internal; Reserve: 101888K, Max: 512K
[0.401s][info][gc,start    ] GC(16) Concurrent reset
[0.401s][info][gc,task     ] GC(16) Using 2 of 8 workers for concurrent reset
[0.401s][info][gc,ergo     ] GC(16) Pacer for Reset. Non-Taxable: 1984M
[0.401s][info][gc          ] GC(16) Concurrent reset 0.222ms
[0.401s][info][gc,start    ] GC(16) Pause Init Mark (unload classes)
[0.401s][info][gc,task     ] GC(16) Using 8 of 8 workers for init marking
[0.402s][info][gc,ergo     ] GC(16) Pacer for Mark. Expected Live: 2129K, Free: 1878M, Non-Taxable: 187M, Alloc Tax Rate: 0.0x
[0.402s][info][gc          ] GC(16) Pause Init Mark (unload classes) 0.045ms
[0.402s][info][gc,start    ] GC(16) Concurrent marking roots
[0.402s][info][gc,task     ] GC(16) Using 2 of 8 workers for concurrent marking roots
[0.402s][info][gc          ] GC(16) Concurrent marking roots 0.168ms
[0.402s][info][gc,start    ] GC(16) Concurrent marking (unload classes)
[0.402s][info][gc,task     ] GC(16) Using 2 of 8 workers for concurrent marking
[0.403s][info][gc          ] GC(16) Concurrent marking (unload classes) 1.190ms
[0.403s][info][gc,start    ] GC(16) Pause Final Mark (unload classes)
[0.403s][info][gc,task     ] GC(16) Using 8 of 8 workers for final marking
[0.403s][info][gc,ergo     ] GC(16) Collectable Garbage: 2157K (100%), Immediate: 0B (0%), CSet: 2157K (100%)
[0.403s][info][gc,ergo     ] GC(16) Pacer for Evacuation. Used CSet: 6061K, Free: 1877M, Non-Taxable: 187M, Alloc Tax Rate: 1.1x
[0.403s][info][gc          ] GC(16) Pause Final Mark (unload classes) 0.193ms
[0.403s][info][gc,start    ] GC(16) Concurrent thread roots
[0.403s][info][gc,task     ] GC(16) Using 2 of 8 workers for Concurrent thread roots
[0.403s][info][gc          ] GC(16) Concurrent thread roots 0.083ms
[0.403s][info][gc,start    ] GC(16) Concurrent weak references
[0.403s][info][gc,task     ] GC(16) Using 2 of 8 workers for concurrent weak references
[0.403s][info][gc,ref      ] GC(16) Encountered references: Soft: 31, Weak: 100, Final: 0, Phantom: 236
[0.403s][info][gc,ref      ] GC(16) Discovered  references: Soft: 0, Weak: 36, Final: 0, Phantom: 170
[0.403s][info][gc,ref      ] GC(16) Enqueued    references: Soft: 0, Weak: 0, Final: 0, Phantom: 0
[0.403s][info][gc          ] GC(16) Concurrent weak references 0.070ms
[0.403s][info][gc,start    ] GC(16) Concurrent weak roots
[0.403s][info][gc,task     ] GC(16) Using 2 of 8 workers for concurrent weak root
[0.404s][info][gc          ] GC(16) Concurrent weak roots 0.175ms
[0.404s][info][gc,start    ] GC(16) Concurrent cleanup
[0.404s][info][gc          ] GC(16) Concurrent cleanup 7M->7M(131M) 0.055ms
[0.404s][info][gc,ergo     ] GC(16) Free: 1877M, Max: 512K regular, 1877M humongous, Frag: 0% external, 0% internal; Reserve: 101779K, Max: 512K
[0.404s][info][gc,start    ] GC(16) Concurrent class unloading
[0.404s][info][gc,task     ] GC(16) Using 2 of 8 workers for concurrent class unloading
[0.404s][info][gc          ] GC(16) Concurrent class unloading 0.353ms
[0.404s][info][gc,start    ] GC(16) Concurrent strong roots
[0.404s][info][gc,task     ] GC(16) Using 2 of 8 workers for concurrent strong root
[0.404s][info][gc          ] GC(16) Concurrent strong roots 0.128ms
[0.404s][info][gc,start    ] GC(16) Concurrent evacuation
[0.404s][info][gc,task     ] GC(16) Using 2 of 8 workers for concurrent evacuation
[0.406s][info][gc          ] GC(16) Concurrent evacuation 1.986ms
[0.406s][info][gc,start    ] GC(16) Pause Init Update Refs
[0.406s][info][gc,ergo     ] GC(16) Pacer for Update Refs. Used: 12626K, Free: 1877M, Non-Taxable: 187M, Alloc Tax Rate: 1.1x
[0.406s][info][gc          ] GC(16) Pause Init Update Refs 0.024ms
[0.406s][info][gc,start    ] GC(16) Concurrent update references
[0.406s][info][gc,task     ] GC(16) Using 2 of 8 workers for concurrent reference update
[0.407s][info][gc          ] GC(16) Concurrent update references 0.942ms
[0.407s][info][gc,start    ] GC(16) Concurrent update thread roots
[0.408s][info][gc          ] GC(16) Concurrent update thread roots 0.706ms
[0.408s][info][gc,start    ] GC(16) Pause Final Update Refs
[0.408s][info][gc,task     ] GC(16) Using 8 of 8 workers for final reference update
[0.408s][info][gc          ] GC(16) Pause Final Update Refs 0.062ms
[0.408s][info][gc,start    ] GC(16) Concurrent cleanup
[0.408s][info][gc          ] GC(16) Concurrent cleanup 12M->6M(132M) 0.063ms
[0.408s][info][gc,ergo     ] Free: 1878M, Max: 512K regular, 1876M humongous, Frag: 1% external, 0% internal; Reserve: 101888K, Max: 512K
[0.408s][info][gc,stats    ] 
[0.408s][info][gc,stats    ] All times are wall-clock times, except per-root-class counters, that are sum over
[0.408s][info][gc,stats    ] all workers. Dividing the <total> over the root stage time estimates parallelism.
[0.408s][info][gc,stats    ] 
[0.408s][info][gc,stats    ] Concurrent Reset                    239 us
[0.408s][info][gc,stats    ] Pause Init Mark (G)                  89 us
[0.408s][info][gc,stats    ] Pause Init Mark (N)                  53 us
[0.408s][info][gc,stats    ]   Update Region States               13 us
[0.408s][info][gc,stats    ] Concurrent Mark Roots               182 us, parallelism: 0.75x
[0.408s][info][gc,stats    ]   CMR: <total>                      137 us
[0.408s][info][gc,stats    ]   CMR: Thread Roots                 104 us, workers (us):  83,  21, ---, ---, ---, ---, ---, ---, 
[0.408s][info][gc,stats    ]   CMR: VM Strong Roots                3 us, workers (us):   3,   0, ---, ---, ---, ---, ---, ---, 
[0.408s][info][gc,stats    ]   CMR: CLDG Roots                    31 us, workers (us):  31, ---, ---, ---, ---, ---, ---, ---, 
[0.408s][info][gc,stats    ] Concurrent Marking                 1212 us
[0.408s][info][gc,stats    ] Pause Final Mark (G)                284 us
[0.408s][info][gc,stats    ] Pause Final Mark (N)                201 us
[0.408s][info][gc,stats    ]   Finish Mark                        98 us
[0.408s][info][gc,stats    ]   Update Region States               11 us
[0.408s][info][gc,stats    ]   Choose Collection Set              35 us
[0.408s][info][gc,stats    ]   Rebuild Free Set                   15 us
[0.408s][info][gc,stats    ] Concurrent Thread Roots              94 us, parallelism: 1.11x
[0.409s][info][gc,stats    ]   CTR: <total>                      104 us
[0.409s][info][gc,stats    ]   CTR: Thread Roots                 104 us, workers (us):  57,  46, ---, ---, ---, ---, ---, ---, 
[0.409s][info][gc,stats    ] Concurrent Weak References           77 us, parallelism: 0.35x
[0.409s][info][gc,stats    ]   CWRF: <total>                      27 us
[0.409s][info][gc,stats    ]   CWRF: Weak References              27 us, workers (us):   8,  19, ---, ---, ---, ---, ---, ---, 
[0.409s][info][gc,stats    ] Concurrent Weak Roots               188 us
[0.409s][info][gc,stats    ]   Roots                             146 us, parallelism: 1.21x
[0.409s][info][gc,stats    ]     CWR: <total>                    177 us
[0.409s][info][gc,stats    ]     CWR: Code Cache Roots            87 us, workers (us):   6,  81, ---, ---, ---, ---, ---, ---, 
[0.409s][info][gc,stats    ]     CWR: VM Weak Roots               90 us, workers (us):  49,  41, ---, ---, ---, ---, ---, ---, 
[0.409s][info][gc,stats    ]     CWR: CLDG Roots                   1 us, workers (us): ---,   1, ---, ---, ---, ---, ---, ---, 
[0.409s][info][gc,stats    ]   Rendezvous                         14 us
[0.409s][info][gc,stats    ] Concurrent Cleanup                   64 us
[0.409s][info][gc,stats    ] Concurrent Class Unloading          371 us
[0.409s][info][gc,stats    ]   Unlink Stale                      271 us
[0.409s][info][gc,stats    ]     System Dictionary                30 us
[0.409s][info][gc,stats    ]     Weak Class Links                  0 us
[0.409s][info][gc,stats    ]     Code Roots                      240 us
[0.409s][info][gc,stats    ]   Rendezvous                         18 us
[0.409s][info][gc,stats    ]   Purge Unlinked                     47 us
[0.409s][info][gc,stats    ]     Code Roots                       43 us
[0.409s][info][gc,stats    ]     CLDG                              4 us
[0.409s][info][gc,stats    ]     Exception Caches                  0 us
[0.409s][info][gc,stats    ] Concurrent Strong Roots             144 us, parallelism: 0.63x
[0.409s][info][gc,stats    ]   CSR: <total>                       90 us
[0.409s][info][gc,stats    ]   CSR: VM Strong Roots                6 us, workers (us):   2,   4, ---, ---, ---, ---, ---, ---, 
[0.409s][info][gc,stats    ]   CSR: CLDG Roots                    84 us, workers (us):  84, ---, ---, ---, ---, ---, ---, ---, 
[0.409s][info][gc,stats    ] Concurrent Evacuation              2012 us
[0.409s][info][gc,stats    ] Pause Init Update Refs (G)           54 us
[0.409s][info][gc,stats    ] Pause Init Update Refs (N)           34 us
[0.409s][info][gc,stats    ]   Manage GCLABs                       2 us
[0.409s][info][gc,stats    ] Concurrent Update Refs              967 us
[0.409s][info][gc,stats    ] Concurrent Update Thread Roots      728 us
[0.409s][info][gc,stats    ] Pause Final Update Refs (G)         167 us
[0.409s][info][gc,stats    ] Pause Final Update Refs (N)          77 us
[0.409s][info][gc,stats    ]   Update Region States               11 us
[0.409s][info][gc,stats    ]   Trash Collection Set                2 us
[0.409s][info][gc,stats    ]   Rebuild Free Set                   17 us
[0.409s][info][gc,stats    ] Concurrent Cleanup                   76 us
[0.409s][info][gc,stats    ] 
[0.409s][info][gc,stats    ] Allocation pacing accrued:
[0.409s][info][gc,stats    ]       0 of     9 ms (  0.0%): <total>
[0.409s][info][gc,stats    ]       0 of     9 ms (  0.0%): <average total>
[0.409s][info][gc,stats    ] 
[0.409s][info][gc,metaspace] Metaspace: 403K(640K)->413K(640K) NonClass: 387K(512K)->396K(512K) Class: 16K(128K)->16K(128K)
[0.409s][info][gc,ergo     ] Pacer for Idle. Initial: 40642K, Alloc Tax Rate: 1.0x
[0.411s][info][gc          ] Trigger: Start next cycle immediately
[0.411s][info][gc,ergo     ] Free: 1878M, Max: 512K regular, 1876M humongous, Frag: 1% external, 0% internal; Reserve: 101888K, Max: 512K
[0.411s][info][gc,start    ] GC(17) Concurrent reset
[0.411s][info][gc,task     ] GC(17) Using 2 of 8 workers for concurrent reset
[0.411s][info][gc,ergo     ] GC(17) Pacer for Reset. Non-Taxable: 1984M
[0.411s][info][gc          ] GC(17) Concurrent reset 0.296ms
[0.411s][info][gc,start    ] GC(17) Pause Init Mark (unload classes)
[0.411s][info][gc,task     ] GC(17) Using 8 of 8 workers for init marking
[0.411s][info][gc,ergo     ] GC(17) Pacer for Mark. Expected Live: 2892K, Free: 1878M, Non-Taxable: 187M, Alloc Tax Rate: 0.0x
[0.411s][info][gc          ] GC(17) Pause Init Mark (unload classes) 0.047ms
[0.411s][info][gc,start    ] GC(17) Concurrent marking roots
[0.411s][info][gc,task     ] GC(17) Using 2 of 8 workers for concurrent marking roots
[0.411s][info][gc          ] GC(17) Concurrent marking roots 0.070ms
[0.412s][info][gc,start    ] GC(17) Concurrent marking (unload classes)
[0.412s][info][gc,task     ] GC(17) Using 2 of 8 workers for concurrent marking
[0.412s][info][gc          ] GC(17) Concurrent marking (unload classes) 0.765ms
[0.412s][info][gc,start    ] GC(17) Pause Final Mark (unload classes)
[0.412s][info][gc,task     ] GC(17) Using 8 of 8 workers for final marking
[0.413s][info][gc,ergo     ] GC(17) Collectable Garbage: 1560K (100%), Immediate: 0B (0%), CSet: 1560K (100%)
[0.413s][info][gc,ergo     ] GC(17) Pacer for Evacuation. Used CSet: 6079K, Free: 1877M, Non-Taxable: 187M, Alloc Tax Rate: 1.1x
[0.413s][info][gc          ] GC(17) Pause Final Mark (unload classes) 0.192ms
[0.413s][info][gc,start    ] GC(17) Concurrent thread roots
[0.413s][info][gc,task     ] GC(17) Using 2 of 8 workers for Concurrent thread roots
[0.413s][info][gc          ] GC(17) Concurrent thread roots 0.109ms
[0.413s][info][gc,start    ] GC(17) Concurrent weak references
[0.413s][info][gc,task     ] GC(17) Using 2 of 8 workers for concurrent weak references
[0.413s][info][gc,ref      ] GC(17) Encountered references: Soft: 31, Weak: 99, Final: 0, Phantom: 290
[0.413s][info][gc,ref      ] GC(17) Discovered  references: Soft: 0, Weak: 36, Final: 0, Phantom: 196
[0.413s][info][gc,ref      ] GC(17) Enqueued    references: Soft: 0, Weak: 0, Final: 0, Phantom: 0
[0.413s][info][gc          ] GC(17) Concurrent weak references 0.067ms
[0.413s][info][gc,start    ] GC(17) Concurrent weak roots
[0.413s][info][gc,task     ] GC(17) Using 2 of 8 workers for concurrent weak root
[0.419s][info][gc          ] GC(17) Concurrent weak roots 6.542ms
[0.419s][info][gc,start    ] GC(17) Concurrent cleanup
[0.419s][info][gc          ] GC(17) Concurrent cleanup 9M->9M(132M) 0.060ms
[0.419s][info][gc,ergo     ] GC(17) Free: 1875M, Max: 512K regular, 1875M humongous, Frag: 0% external, 0% internal; Reserve: 101726K, Max: 512K
[0.419s][info][gc,start    ] GC(17) Concurrent class unloading
[0.419s][info][gc,task     ] GC(17) Using 2 of 8 workers for concurrent class unloading
[0.420s][info][gc          ] GC(17) Concurrent class unloading 0.296ms
[0.420s][info][gc,start    ] GC(17) Concurrent strong roots
[0.420s][info][gc,task     ] GC(17) Using 2 of 8 workers for concurrent strong root
[0.420s][info][gc          ] GC(17) Concurrent strong roots 0.087ms
[0.420s][info][gc,start    ] GC(17) Concurrent evacuation
[0.420s][info][gc,task     ] GC(17) Using 2 of 8 workers for concurrent evacuation
[0.422s][info][gc          ] GC(17) Concurrent evacuation 2.123ms
[0.424s][info][gc,start    ] GC(17) Pause Init Update Refs
[0.424s][info][gc,ergo     ] GC(17) Pacer for Update Refs. Used: 15181K, Free: 1875M, Non-Taxable: 187M, Alloc Tax Rate: 1.1x
[0.424s][info][gc          ] GC(17) Pause Init Update Refs 0.038ms
[0.424s][info][gc,start    ] GC(17) Concurrent update references
[0.424s][info][gc,task     ] GC(17) Using 2 of 8 workers for concurrent reference update
[0.425s][info][gc          ] GC(17) Concurrent update references 0.729ms
[0.425s][info][gc,start    ] GC(17) Concurrent update thread roots
[0.430s][info][gc          ] GC(17) Concurrent update thread roots 5.357ms
[0.433s][info][gc,start    ] GC(17) Pause Final Update Refs
[0.438s][info][gc,task     ] GC(17) Using 8 of 8 workers for final reference update
[0.438s][info][gc          ] GC(17) Pause Final Update Refs 4.663ms
[0.438s][info][gc,start    ] GC(17) Concurrent cleanup
[0.438s][info][gc          ] GC(17) Concurrent cleanup 16M->10M(134M) 0.069ms
[0.443s][info][gc,ergo     ] Free: 1873M, Max: 512K regular, 1871M humongous, Frag: 1% external, 0% internal; Reserve: 101888K, Max: 512K
[0.443s][info][gc,stats    ] 
[0.443s][info][gc,stats    ] All times are wall-clock times, except per-root-class counters, that are sum over
[0.443s][info][gc,stats    ] all workers. Dividing the <total> over the root stage time estimates parallelism.
[0.443s][info][gc,stats    ] 
[0.444s][info][gc,stats    ] Concurrent Reset                    314 us
[0.444s][info][gc,stats    ] Pause Init Mark (G)                 153 us
[0.444s][info][gc,stats    ] Pause Init Mark (N)                  55 us
[0.444s][info][gc,stats    ]   Update Region States               15 us
[0.444s][info][gc,stats    ] Concurrent Mark Roots                80 us, parallelism: 0.82x
[0.444s][info][gc,stats    ]   CMR: <total>                       65 us
[0.444s][info][gc,stats    ]   CMR: Thread Roots                  42 us, workers (us):  13,  29, ---, ---, ---, ---, ---, ---, 
[0.444s][info][gc,stats    ]   CMR: VM Strong Roots                3 us, workers (us):   2,   0, ---, ---, ---, ---, ---, ---, 
[0.444s][info][gc,stats    ]   CMR: CLDG Roots                    21 us, workers (us):  21, ---, ---, ---, ---, ---, ---, ---, 
[0.444s][info][gc,stats    ] Concurrent Marking                  786 us
[0.444s][info][gc,stats    ] Pause Final Mark (G)                287 us
[0.444s][info][gc,stats    ] Pause Final Mark (N)                201 us
[0.444s][info][gc,stats    ]   Finish Mark                       102 us
[0.444s][info][gc,stats    ]   Update Region States               11 us
[0.444s][info][gc,stats    ]   Choose Collection Set              29 us
[0.444s][info][gc,stats    ]   Rebuild Free Set                   16 us
[0.444s][info][gc,stats    ] Concurrent Thread Roots             120 us, parallelism: 0.86x
[0.444s][info][gc,stats    ]   CTR: <total>                      103 us
[0.444s][info][gc,stats    ]   CTR: Thread Roots                 103 us, workers (us):  82,  21, ---, ---, ---, ---, ---, ---, 
[0.444s][info][gc,stats    ] Concurrent Weak References           75 us, parallelism: 0.38x
[0.444s][info][gc,stats    ]   CWRF: <total>                      28 us
[0.444s][info][gc,stats    ]   CWRF: Weak References              28 us, workers (us):  10,  18, ---, ---, ---, ---, ---, ---, 
[0.444s][info][gc,stats    ] Concurrent Weak Roots              6562 us
[0.444s][info][gc,stats    ]   Roots                             112 us, parallelism: 1.41x
[0.444s][info][gc,stats    ]     CWR: <total>                    158 us
[0.444s][info][gc,stats    ]     CWR: Code Cache Roots            61 us, workers (us):  13,  49, ---, ---, ---, ---, ---, ---, 
[0.444s][info][gc,stats    ]     CWR: VM Weak Roots               96 us, workers (us):  49,  47, ---, ---, ---, ---, ---, ---, 
[0.444s][info][gc,stats    ]     CWR: CLDG Roots                   1 us, workers (us): ---,   1, ---, ---, ---, ---, ---, ---, 
[0.444s][info][gc,stats    ]   Rendezvous                       6412 us
[0.444s][info][gc,stats    ] Concurrent Cleanup                   68 us
[0.444s][info][gc,stats    ] Concurrent Class Unloading          354 us
[0.444s][info][gc,stats    ]   Unlink Stale                      223 us
[0.444s][info][gc,stats    ]     System Dictionary                17 us
[0.444s][info][gc,stats    ]     Weak Class Links                  0 us
[0.444s][info][gc,stats    ]     Code Roots                      206 us
[0.444s][info][gc,stats    ]   Rendezvous                         14 us
[0.444s][info][gc,stats    ]   Purge Unlinked                     29 us
[0.444s][info][gc,stats    ]     Code Roots                       26 us
[0.444s][info][gc,stats    ]     CLDG                              3 us
[0.444s][info][gc,stats    ]     Exception Caches                  0 us
[0.444s][info][gc,stats    ] Concurrent Strong Roots              98 us, parallelism: 0.58x
[0.444s][info][gc,stats    ]   CSR: <total>                       57 us
[0.444s][info][gc,stats    ]   CSR: VM Strong Roots                6 us, workers (us):   6,   0, ---, ---, ---, ---, ---, ---, 
[0.444s][info][gc,stats    ]   CSR: CLDG Roots                    50 us, workers (us):  50, ---, ---, ---, ---, ---, ---, ---, 
[0.444s][info][gc,stats    ] Concurrent Evacuation              2145 us
[0.444s][info][gc,stats    ] Pause Init Update Refs (G)         2183 us
[0.444s][info][gc,stats    ] Pause Init Update Refs (N)           47 us
[0.444s][info][gc,stats    ]   Manage GCLABs                       3 us
[0.444s][info][gc,stats    ] Concurrent Update Refs              771 us
[0.444s][info][gc,stats    ] Concurrent Update Thread Roots     5388 us
[0.444s][info][gc,stats    ] Pause Final Update Refs (G)        7538 us
[0.444s][info][gc,stats    ] Pause Final Update Refs (N)        4743 us
[0.444s][info][gc,stats    ]   Update Region States               21 us
[0.444s][info][gc,stats    ]   Trash Collection Set                2 us
[0.444s][info][gc,stats    ]   Rebuild Free Set                   16 us
[0.444s][info][gc,stats    ] Concurrent Cleanup                 5456 us
[0.444s][info][gc,stats    ] 
[0.444s][info][gc,stats    ] Allocation pacing accrued:
[0.444s][info][gc,stats    ]       0 of    35 ms (  0.0%): <total>
[0.444s][info][gc,stats    ]       0 of    35 ms (  0.0%): <average total>
[0.444s][info][gc,stats    ] 
[0.444s][info][gc,metaspace] Metaspace: 418K(640K)->435K(640K) NonClass: 401K(512K)->418K(512K) Class: 16K(128K)->16K(128K)
[0.444s][info][gc,ergo     ] Pacer for Idle. Initial: 40642K, Alloc Tax Rate: 1.0x
[0.445s][info][gc          ] Trigger: Start next cycle immediately
[0.445s][info][gc,ergo     ] Free: 1872M, Max: 512K regular, 1871M humongous, Frag: 1% external, 0% internal; Reserve: 101888K, Max: 512K
[0.445s][info][gc,start    ] GC(18) Concurrent reset
[0.445s][info][gc,task     ] GC(18) Using 2 of 8 workers for concurrent reset
[0.445s][info][gc,ergo     ] GC(18) Pacer for Reset. Non-Taxable: 1984M
[0.445s][info][gc          ] GC(18) Concurrent reset 0.238ms
[0.446s][info][gc,start    ] GC(18) Pause Init Mark
[0.446s][info][gc,task     ] GC(18) Using 8 of 8 workers for init marking
[0.446s][info][gc,ergo     ] GC(18) Pacer for Mark. Expected Live: 3735K, Free: 1872M, Non-Taxable: 187M, Alloc Tax Rate: 0.0x
[0.446s][info][gc          ] GC(18) Pause Init Mark 0.050ms
[0.446s][info][gc,start    ] GC(18) Concurrent marking roots
[0.446s][info][gc,task     ] GC(18) Using 2 of 8 workers for concurrent marking roots
[0.446s][info][gc          ] GC(18) Concurrent marking roots 0.249ms
[0.446s][info][gc,start    ] GC(18) Concurrent marking
[0.446s][info][gc,task     ] GC(18) Using 2 of 8 workers for concurrent marking
[0.447s][info][gc          ] GC(18) Concurrent marking 1.109ms
[0.447s][info][gc,start    ] GC(18) Pause Final Mark
[0.447s][info][gc,task     ] GC(18) Using 8 of 8 workers for final marking
[0.447s][info][gc,ergo     ] GC(18) Collectable Garbage: 4075K (100%), Immediate: 766K (18%), CSet: 3309K (81%)
[0.447s][info][gc,ergo     ] GC(18) Pacer for Evacuation. Used CSet: 9401K, Free: 1872M, Non-Taxable: 187M, Alloc Tax Rate: 1.1x
[0.447s][info][gc          ] GC(18) Pause Final Mark 0.212ms
[0.447s][info][gc,start    ] GC(18) Concurrent thread roots
[0.447s][info][gc,task     ] GC(18) Using 2 of 8 workers for Concurrent thread roots
[0.448s][info][gc          ] GC(18) Concurrent thread roots 0.135ms
[0.448s][info][gc,start    ] GC(18) Concurrent weak references
[0.448s][info][gc,task     ] GC(18) Using 2 of 8 workers for concurrent weak references
[0.448s][info][gc,ref      ] GC(18) Encountered references: Soft: 31, Weak: 100, Final: 0, Phantom: 446
[0.448s][info][gc,ref      ] GC(18) Discovered  references: Soft: 0, Weak: 37, Final: 0, Phantom: 310
[0.448s][info][gc,ref      ] GC(18) Enqueued    references: Soft: 0, Weak: 0, Final: 0, Phantom: 0
[0.448s][info][gc          ] GC(18) Concurrent weak references 0.098ms
[0.448s][info][gc,start    ] GC(18) Concurrent weak roots
[0.448s][info][gc,task     ] GC(18) Using 2 of 8 workers for concurrent weak root
[0.454s][info][gc          ] GC(18) Concurrent weak roots 6.449ms
[0.454s][info][gc,start    ] GC(18) Concurrent cleanup
[0.454s][info][gc          ] GC(18) Concurrent cleanup 12M->12M(134M) 0.060ms
[0.454s][info][gc,ergo     ] GC(18) Free: 1872M, Max: 512K regular, 1870M humongous, Frag: 1% external, 0% internal; Reserve: 101768K, Max: 512K
[0.454s][info][gc,start    ] GC(18) Concurrent strong roots
[0.454s][info][gc,task     ] GC(18) Using 2 of 8 workers for concurrent strong root
[0.454s][info][gc          ] GC(18) Concurrent strong roots 0.226ms
[0.454s][info][gc,start    ] GC(18) Concurrent evacuation
[0.454s][info][gc,task     ] GC(18) Using 2 of 8 workers for concurrent evacuation
[0.457s][info][gc          ] GC(18) Concurrent evacuation 2.698ms
[0.457s][info][gc,start    ] GC(18) Pause Init Update Refs
[0.457s][info][gc,ergo     ] GC(18) Pacer for Update Refs. Used: 19722K, Free: 1872M, Non-Taxable: 187M, Alloc Tax Rate: 1.1x
[0.457s][info][gc          ] GC(18) Pause Init Update Refs 0.026ms
[0.457s][info][gc,start    ] GC(18) Concurrent update references
[0.457s][info][gc,task     ] GC(18) Using 2 of 8 workers for concurrent reference update
[0.458s][info][gc          ] GC(18) Concurrent update references 0.905ms
[0.458s][info][gc,start    ] GC(18) Concurrent update thread roots
[0.458s][info][gc          ] GC(18) Concurrent update thread roots 0.127ms
[0.458s][info][gc,start    ] GC(18) Pause Final Update Refs
[0.458s][info][gc,task     ] GC(18) Using 8 of 8 workers for final reference update
[0.458s][info][gc          ] GC(18) Pause Final Update Refs 0.049ms
[0.458s][info][gc,start    ] GC(18) Concurrent cleanup
[0.459s][info][gc          ] GC(18) Concurrent cleanup 19M->10M(137M) 0.054ms
[0.459s][info][gc,ergo     ] Free: 1874M, Max: 512K regular, 1868M humongous, Frag: 1% external, 0% internal; Reserve: 101888K, Max: 512K
[0.459s][info][gc,stats    ] 
[0.459s][info][gc,stats    ] All times are wall-clock times, except per-root-class counters, that are sum over
[0.459s][info][gc,stats    ] all workers. Dividing the <total> over the root stage time estimates parallelism.
[0.459s][info][gc,stats    ] 
[0.459s][info][gc,stats    ] Concurrent Reset                    268 us
[0.459s][info][gc,stats    ] Pause Init Mark (G)                 157 us
[0.459s][info][gc,stats    ] Pause Init Mark (N)                  58 us
[0.459s][info][gc,stats    ]   Update Region States               15 us
[0.459s][info][gc,stats    ] Concurrent Mark Roots               267 us, parallelism: 1.22x
[0.459s][info][gc,stats    ]   CMR: <total>                      327 us
[0.459s][info][gc,stats    ]   CMR: Thread Roots                 166 us, workers (us): 143,  23, ---, ---, ---, ---, ---, ---, 
[0.459s][info][gc,stats    ]   CMR: Code Cache Roots             122 us, workers (us):  26,  95, ---, ---, ---, ---, ---, ---, 
[0.459s][info][gc,stats    ]   CMR: VM Strong Roots                7 us, workers (us):   3,   4, ---, ---, ---, ---, ---, ---, 
[0.459s][info][gc,stats    ]   CMR: CLDG Roots                    32 us, workers (us):  32, ---, ---, ---, ---, ---, ---, ---, 
[0.459s][info][gc,stats    ] Concurrent Marking                 1129 us
[0.459s][info][gc,stats    ] Pause Final Mark (G)                389 us
[0.459s][info][gc,stats    ] Pause Final Mark (N)                221 us
[0.459s][info][gc,stats    ]   Finish Mark                       103 us
[0.459s][info][gc,stats    ]   Update Region States               11 us
[0.459s][info][gc,stats    ]   Choose Collection Set              38 us
[0.459s][info][gc,stats    ]   Rebuild Free Set                   15 us
[0.459s][info][gc,stats    ] Concurrent Thread Roots             150 us, parallelism: 1.02x
[0.459s][info][gc,stats    ]   CTR: <total>                      153 us
[0.459s][info][gc,stats    ]   CTR: Thread Roots                 153 us, workers (us): 102,  51, ---, ---, ---, ---, ---, ---, 
[0.459s][info][gc,stats    ] Concurrent Weak References          108 us, parallelism: 0.46x
[0.459s][info][gc,stats    ]   CWRF: <total>                      50 us
[0.459s][info][gc,stats    ]   CWRF: Weak References              50 us, workers (us):  22,  28, ---, ---, ---, ---, ---, ---, 
[0.459s][info][gc,stats    ] Concurrent Weak Roots              6466 us
[0.459s][info][gc,stats    ]   Roots                              70 us, parallelism: 1.43x
[0.459s][info][gc,stats    ]     CWR: <total>                     99 us
[0.459s][info][gc,stats    ]     CWR: VM Weak Roots               99 us, workers (us):  46,  53, ---, ---, ---, ---, ---, ---, 
[0.459s][info][gc,stats    ]   Rendezvous                       6360 us
[0.459s][info][gc,stats    ] Concurrent Cleanup                   68 us
[0.459s][info][gc,stats    ] Concurrent Strong Roots             239 us, parallelism: 0.82x
[0.459s][info][gc,stats    ]   CSR: <total>                      196 us
[0.459s][info][gc,stats    ]   CSR: Code Cache Roots             134 us, workers (us): 134,   1, ---, ---, ---, ---, ---, ---, 
[0.459s][info][gc,stats    ]   CSR: VM Strong Roots                7 us, workers (us):   6,   1, ---, ---, ---, ---, ---, ---, 
[0.459s][info][gc,stats    ]   CSR: CLDG Roots                    56 us, workers (us):  56, ---, ---, ---, ---, ---, ---, ---, 
[0.459s][info][gc,stats    ] Concurrent Evacuation              2720 us
[0.459s][info][gc,stats    ] Pause Init Update Refs (G)          116 us
[0.459s][info][gc,stats    ] Pause Init Update Refs (N)           32 us
[0.459s][info][gc,stats    ]   Manage GCLABs                       3 us
[0.459s][info][gc,stats    ] Concurrent Update Refs              921 us
[0.459s][info][gc,stats    ] Concurrent Update Thread Roots      137 us
[0.459s][info][gc,stats    ] Pause Final Update Refs (G)         138 us
[0.459s][info][gc,stats    ] Pause Final Update Refs (N)          58 us
[0.459s][info][gc,stats    ]   Update Region States               11 us
[0.459s][info][gc,stats    ]   Trash Collection Set                2 us
[0.459s][info][gc,stats    ]   Rebuild Free Set                   16 us
[0.459s][info][gc,stats    ] Concurrent Cleanup                   62 us
[0.459s][info][gc,stats    ] 
[0.459s][info][gc,stats    ] Allocation pacing accrued:
[0.459s][info][gc,stats    ]       0 of    15 ms (  0.0%): <total>
[0.459s][info][gc,stats    ]       0 of    15 ms (  0.0%): <average total>
[0.459s][info][gc,stats    ] 
[0.459s][info][gc,metaspace] Metaspace: 435K(640K)->438K(640K) NonClass: 418K(512K)->421K(512K) Class: 16K(128K)->16K(128K)
[0.459s][info][gc,ergo     ] Pacer for Idle. Initial: 40642K, Alloc Tax Rate: 1.0x
[0.460s][info][gc          ] Trigger: Start next cycle immediately
[0.460s][info][gc,ergo     ] Free: 1873M, Max: 512K regular, 1868M humongous, Frag: 1% external, 0% internal; Reserve: 101888K, Max: 512K
[0.460s][info][gc,start    ] GC(19) Concurrent reset
[0.460s][info][gc,task     ] GC(19) Using 2 of 8 workers for concurrent reset
[0.460s][info][gc,ergo     ] GC(19) Pacer for Reset. Non-Taxable: 1984M
[0.460s][info][gc          ] GC(19) Concurrent reset 0.287ms
[0.461s][info][gc,start    ] GC(19) Pause Init Mark (unload classes)
[0.461s][info][gc,task     ] GC(19) Using 8 of 8 workers for init marking
[0.461s][info][gc,ergo     ] GC(19) Pacer for Mark. Expected Live: 4983K, Free: 1873M, Non-Taxable: 187M, Alloc Tax Rate: 0.0x
[0.461s][info][gc          ] GC(19) Pause Init Mark (unload classes) 0.060ms
[0.461s][info][gc,start    ] GC(19) Concurrent marking roots
[0.461s][info][gc,task     ] GC(19) Using 2 of 8 workers for concurrent marking roots
[0.461s][info][gc          ] GC(19) Concurrent marking roots 0.081ms
[0.461s][info][gc,start    ] GC(19) Concurrent marking (unload classes)
[0.461s][info][gc,task     ] GC(19) Using 2 of 8 workers for concurrent marking
[0.462s][info][gc          ] GC(19) Concurrent marking (unload classes) 1.425ms
[0.463s][info][gc,start    ] GC(19) Pause Final Mark (unload classes)
[0.463s][info][gc,task     ] GC(19) Using 8 of 8 workers for final marking
[0.464s][info][gc,ergo     ] GC(19) Collectable Garbage: 2428K (100%), Immediate: 0B (0%), CSet: 2428K (100%)
[0.464s][info][gc,ergo     ] GC(19) Pacer for Evacuation. Used CSet: 8926K, Free: 1873M, Non-Taxable: 187M, Alloc Tax Rate: 1.1x
[0.464s][info][gc          ] GC(19) Pause Final Mark (unload classes) 0.523ms
[0.464s][info][gc,start    ] GC(19) Concurrent thread roots
[0.464s][info][gc,task     ] GC(19) Using 2 of 8 workers for Concurrent thread roots
[0.471s][info][gc          ] GC(19) Concurrent thread roots 6.937ms
[0.471s][info][gc,start    ] GC(19) Concurrent weak references
[0.471s][info][gc,task     ] GC(19) Using 2 of 8 workers for concurrent weak references
[0.471s][info][gc,ref      ] GC(19) Encountered references: Soft: 31, Weak: 99, Final: 0, Phantom: 518
[0.471s][info][gc,ref      ] GC(19) Discovered  references: Soft: 0, Weak: 42, Final: 0, Phantom: 475
[0.471s][info][gc,ref      ] GC(19) Enqueued    references: Soft: 0, Weak: 0, Final: 0, Phantom: 0
[0.471s][info][gc          ] GC(19) Concurrent weak references 0.118ms
[0.471s][info][gc,start    ] GC(19) Concurrent weak roots
[0.471s][info][gc,task     ] GC(19) Using 2 of 8 workers for concurrent weak root
[0.471s][info][gc          ] GC(19) Concurrent weak roots 0.186ms
[0.471s][info][gc,start    ] GC(19) Concurrent cleanup
[0.471s][info][gc          ] GC(19) Concurrent cleanup 11M->11M(137M) 0.062ms
[0.471s][info][gc,ergo     ] GC(19) Free: 1872M, Max: 512K regular, 1868M humongous, Frag: 1% external, 0% internal; Reserve: 101752K, Max: 512K
[0.471s][info][gc,start    ] GC(19) Concurrent class unloading
[0.471s][info][gc,task     ] GC(19) Using 2 of 8 workers for concurrent class unloading
[0.471s][info][gc          ] GC(19) Concurrent class unloading 0.333ms
[0.471s][info][gc,start    ] GC(19) Concurrent strong roots
[0.471s][info][gc,task     ] GC(19) Using 2 of 8 workers for concurrent strong root
[0.471s][info][gc          ] GC(19) Concurrent strong roots 0.089ms
[0.472s][info][gc,start    ] GC(19) Concurrent evacuation
[0.472s][info][gc,task     ] GC(19) Using 2 of 8 workers for concurrent evacuation
[0.476s][info][gc          ] GC(19) Concurrent evacuation 4.321ms
[0.476s][info][gc,start    ] GC(19) Pause Init Update Refs
[0.476s][info][gc,ergo     ] GC(19) Pacer for Update Refs. Used: 20043K, Free: 1872M, Non-Taxable: 187M, Alloc Tax Rate: 1.1x
[0.476s][info][gc          ] GC(19) Pause Init Update Refs 0.026ms
[0.476s][info][gc,start    ] GC(19) Concurrent update references
[0.476s][info][gc,task     ] GC(19) Using 2 of 8 workers for concurrent reference update
[0.477s][info][gc          ] GC(19) Concurrent update references 0.880ms
[0.477s][info][gc,start    ] GC(19) Concurrent update thread roots
[0.477s][info][gc          ] GC(19) Concurrent update thread roots 0.122ms
[0.477s][info][gc,start    ] GC(19) Pause Final Update Refs
[0.477s][info][gc,task     ] GC(19) Using 8 of 8 workers for final reference update
[0.477s][info][gc          ] GC(19) Pause Final Update Refs 0.074ms
[0.477s][info][gc,start    ] GC(19) Concurrent cleanup
[0.477s][info][gc          ] GC(19) Concurrent cleanup 20M->11M(140M) 0.056ms
[0.477s][info][gc,ergo     ] Free: 1873M, Max: 512K regular, 1870M humongous, Frag: 1% external, 0% internal; Reserve: 101888K, Max: 512K
[0.477s][info][gc,stats    ] 
[0.477s][info][gc,stats    ] All times are wall-clock times, except per-root-class counters, that are sum over
[0.477s][info][gc,stats    ] all workers. Dividing the <total> over the root stage time estimates parallelism.
[0.477s][info][gc,stats    ] 
[0.477s][info][gc,stats    ] Concurrent Reset                    307 us
[0.477s][info][gc,stats    ] Pause Init Mark (G)                 164 us
[0.477s][info][gc,stats    ] Pause Init Mark (N)                  70 us
[0.477s][info][gc,stats    ]   Update Region States               15 us
[0.477s][info][gc,stats    ] Concurrent Mark Roots                94 us, parallelism: 0.64x
[0.477s][info][gc,stats    ]   CMR: <total>                       61 us
[0.477s][info][gc,stats    ]   CMR: Thread Roots                  34 us, workers (us):   9,  25, ---, ---, ---, ---, ---, ---, 
[0.477s][info][gc,stats    ]   CMR: VM Strong Roots                3 us, workers (us):   2,   1, ---, ---, ---, ---, ---, ---, 
[0.477s][info][gc,stats    ]   CMR: CLDG Roots                    23 us, workers (us):  23, ---, ---, ---, ---, ---, ---, ---, 
[0.477s][info][gc,stats    ] Concurrent Marking                 1447 us
[0.477s][info][gc,stats    ] Pause Final Mark (G)               1425 us
[0.477s][info][gc,stats    ] Pause Final Mark (N)                533 us
[0.477s][info][gc,stats    ]   Finish Mark                       387 us
[0.477s][info][gc,stats    ]   Update Region States               11 us
[0.477s][info][gc,stats    ]   Choose Collection Set              33 us
[0.477s][info][gc,stats    ]   Rebuild Free Set                   15 us
[0.477s][info][gc,stats    ] Concurrent Thread Roots            6959 us, parallelism: 1.97x
[0.477s][info][gc,stats    ]   CTR: <total>                    13699 us
[0.477s][info][gc,stats    ]   CTR: Thread Roots               13699 us, workers (us): 6902, 6797, ---, ---, ---, ---, ---, ---, 
[0.477s][info][gc,stats    ] Concurrent Weak References          130 us, parallelism: 0.40x
[0.477s][info][gc,stats    ]   CWRF: <total>                      52 us
[0.477s][info][gc,stats    ]   CWRF: Weak References              52 us, workers (us):  52,   0, ---, ---, ---, ---, ---, ---, 
[0.477s][info][gc,stats    ] Concurrent Weak Roots               202 us
[0.477s][info][gc,stats    ]   Roots                             128 us, parallelism: 1.33x
[0.477s][info][gc,stats    ]     CWR: <total>                    171 us
[0.477s][info][gc,stats    ]     CWR: Code Cache Roots            76 us, workers (us):  14,  62, ---, ---, ---, ---, ---, ---, 
[0.478s][info][gc,stats    ]     CWR: VM Weak Roots               94 us, workers (us):  50,  43, ---, ---, ---, ---, ---, ---, 
[0.478s][info][gc,stats    ]     CWR: CLDG Roots                   1 us, workers (us): ---,   1, ---, ---, ---, ---, ---, ---, 
[0.478s][info][gc,stats    ]   Rendezvous                         34 us
[0.478s][info][gc,stats    ] Concurrent Cleanup                   75 us
[0.478s][info][gc,stats    ] Concurrent Class Unloading          349 us
[0.478s][info][gc,stats    ]   Unlink Stale                      268 us
[0.478s][info][gc,stats    ]     System Dictionary                30 us
[0.478s][info][gc,stats    ]     Weak Class Links                  0 us
[0.478s][info][gc,stats    ]     Code Roots                      237 us
[0.478s][info][gc,stats    ]   Rendezvous                         18 us
[0.478s][info][gc,stats    ]   Purge Unlinked                     24 us
[0.478s][info][gc,stats    ]     Code Roots                       21 us
[0.478s][info][gc,stats    ]     CLDG                              3 us
[0.478s][info][gc,stats    ]     Exception Caches                  0 us
[0.478s][info][gc,stats    ] Concurrent Strong Roots             101 us, parallelism: 0.56x
[0.478s][info][gc,stats    ]   CSR: <total>                       56 us
[0.478s][info][gc,stats    ]   CSR: VM Strong Roots                5 us, workers (us):   5,   0, ---, ---, ---, ---, ---, ---, 
[0.478s][info][gc,stats    ]   CSR: CLDG Roots                    51 us, workers (us):  51, ---, ---, ---, ---, ---, ---, ---, 
[0.478s][info][gc,stats    ] Concurrent Evacuation              4351 us
[0.478s][info][gc,stats    ] Pause Init Update Refs (G)           56 us
[0.478s][info][gc,stats    ] Pause Init Update Refs (N)           35 us
[0.478s][info][gc,stats    ]   Manage GCLABs                       3 us
[0.478s][info][gc,stats    ] Concurrent Update Refs              907 us
[0.478s][info][gc,stats    ] Concurrent Update Thread Roots      136 us
[0.478s][info][gc,stats    ] Pause Final Update Refs (G)         168 us
[0.478s][info][gc,stats    ] Pause Final Update Refs (N)          88 us
[0.478s][info][gc,stats    ]   Update Region States               12 us
[0.478s][info][gc,stats    ]   Trash Collection Set                3 us
[0.478s][info][gc,stats    ]   Rebuild Free Set                   16 us
[0.478s][info][gc,stats    ] Concurrent Cleanup                   69 us
[0.478s][info][gc,stats    ] 
[0.478s][info][gc,stats    ] Allocation pacing accrued:
[0.478s][info][gc,stats    ]       0 of    19 ms (  0.0%): <total>
[0.478s][info][gc,stats    ]       0 of    19 ms (  0.0%): <average total>
[0.478s][info][gc,stats    ] 
[0.478s][info][gc,metaspace] Metaspace: 440K(640K)->441K(640K) NonClass: 423K(512K)->424K(512K) Class: 16K(128K)->16K(128K)
[0.478s][info][gc,ergo     ] Pacer for Idle. Initial: 40642K, Alloc Tax Rate: 1.0x
[0.479s][info][gc          ] Trigger: Start next cycle immediately
[0.479s][info][gc,ergo     ] Free: 1873M, Max: 512K regular, 1870M humongous, Frag: 1% external, 0% internal; Reserve: 101888K, Max: 512K
[0.479s][info][gc,start    ] GC(20) Concurrent reset
[0.479s][info][gc,task     ] GC(20) Using 2 of 8 workers for concurrent reset
[0.479s][info][gc,ergo     ] GC(20) Pacer for Reset. Non-Taxable: 1984M
[0.479s][info][gc          ] GC(20) Concurrent reset 0.248ms
[0.479s][info][gc,start    ] GC(20) Pause Init Mark (unload classes)
[0.479s][info][gc,task     ] GC(20) Using 8 of 8 workers for init marking
[0.479s][info][gc,ergo     ] GC(20) Pacer for Mark. Expected Live: 6183K, Free: 1873M, Non-Taxable: 187M, Alloc Tax Rate: 0.0x
[0.479s][info][gc          ] GC(20) Pause Init Mark (unload classes) 0.052ms
[0.479s][info][gc,start    ] GC(20) Concurrent marking roots
[0.479s][info][gc,task     ] GC(20) Using 2 of 8 workers for concurrent marking roots
[0.479s][info][gc          ] GC(20) Concurrent marking roots 0.066ms
[0.480s][info][gc,start    ] GC(20) Concurrent marking (unload classes)
[0.480s][info][gc,task     ] GC(20) Using 2 of 8 workers for concurrent marking
[0.481s][info][gc          ] GC(20) Concurrent marking (unload classes) 1.064ms
[0.481s][info][gc,start    ] GC(20) Pause Final Mark (unload classes)
[0.481s][info][gc,task     ] GC(20) Using 8 of 8 workers for final marking
[0.481s][info][gc,ergo     ] GC(20) Collectable Garbage: 2524K (100%), Immediate: 0B (0%), CSet: 2524K (100%)
[0.481s][info][gc,ergo     ] GC(20) Pacer for Evacuation. Used CSet: 9722K, Free: 1872M, Non-Taxable: 187M, Alloc Tax Rate: 1.1x
[0.481s][info][gc          ] GC(20) Pause Final Mark (unload classes) 0.202ms
[0.481s][info][gc,start    ] GC(20) Concurrent thread roots
[0.481s][info][gc,task     ] GC(20) Using 2 of 8 workers for Concurrent thread roots
[0.481s][info][gc          ] GC(20) Concurrent thread roots 0.086ms
[0.481s][info][gc,start    ] GC(20) Concurrent weak references
[0.481s][info][gc,task     ] GC(20) Using 2 of 8 workers for concurrent weak references
[0.481s][info][gc,ref      ] GC(20) Encountered references: Soft: 32, Weak: 99, Final: 0, Phantom: 577
[0.481s][info][gc,ref      ] GC(20) Discovered  references: Soft: 0, Weak: 42, Final: 0, Phantom: 577
[0.481s][info][gc,ref      ] GC(20) Enqueued    references: Soft: 0, Weak: 0, Final: 0, Phantom: 0
[0.481s][info][gc          ] GC(20) Concurrent weak references 0.141ms
[0.481s][info][gc,start    ] GC(20) Concurrent weak roots
[0.481s][info][gc,task     ] GC(20) Using 2 of 8 workers for concurrent weak root
[0.481s][info][gc          ] GC(20) Concurrent weak roots 0.320ms
[0.481s][info][gc,start    ] GC(20) Concurrent cleanup
[0.482s][info][gc          ] GC(20) Concurrent cleanup 11M->11M(140M) 0.064ms
[0.482s][info][gc,ergo     ] GC(20) Free: 1872M, Max: 512K regular, 1870M humongous, Frag: 1% external, 0% internal; Reserve: 101740K, Max: 512K
[0.482s][info][gc,start    ] GC(20) Concurrent class unloading
[0.482s][info][gc,task     ] GC(20) Using 2 of 8 workers for concurrent class unloading
[0.482s][info][gc          ] GC(20) Concurrent class unloading 0.337ms
[0.482s][info][gc,start    ] GC(20) Concurrent strong roots
[0.482s][info][gc,task     ] GC(20) Using 2 of 8 workers for concurrent strong root
[0.482s][info][gc          ] GC(20) Concurrent strong roots 0.111ms
[0.482s][info][gc,start    ] GC(20) Concurrent evacuation
[0.482s][info][gc,task     ] GC(20) Using 2 of 8 workers for concurrent evacuation
[0.484s][info][gc          ] GC(20) Concurrent evacuation 1.517ms
[0.484s][info][gc,start    ] GC(20) Pause Init Update Refs
[0.484s][info][gc,ergo     ] GC(20) Pacer for Update Refs. Used: 21233K, Free: 1872M, Non-Taxable: 187M, Alloc Tax Rate: 1.1x
[0.484s][info][gc          ] GC(20) Pause Init Update Refs 0.024ms
[0.484s][info][gc,start    ] GC(20) Concurrent update references
[0.484s][info][gc,task     ] GC(20) Using 2 of 8 workers for concurrent reference update
[0.485s][info][gc          ] GC(20) Concurrent update references 0.835ms
[0.485s][info][gc,start    ] GC(20) Concurrent update thread roots
[0.485s][info][gc          ] GC(20) Concurrent update thread roots 0.196ms
[0.485s][info][gc,start    ] GC(20) Pause Final Update Refs
[0.485s][info][gc,task     ] GC(20) Using 8 of 8 workers for final reference update
[0.485s][info][gc          ] GC(20) Pause Final Update Refs 0.050ms
[0.485s][info][gc,start    ] GC(20) Concurrent cleanup
[0.485s][info][gc          ] GC(20) Concurrent cleanup 20M->11M(141M) 0.054ms
[0.485s][info][gc,ergo     ] Free: 1873M, Max: 512K regular, 1869M humongous, Frag: 1% external, 0% internal; Reserve: 101888K, Max: 512K
[0.485s][info][gc,stats    ] 
[0.485s][info][gc,stats    ] All times are wall-clock times, except per-root-class counters, that are sum over
[0.485s][info][gc,stats    ] all workers. Dividing the <total> over the root stage time estimates parallelism.
[0.485s][info][gc,stats    ] 
[0.485s][info][gc,stats    ] Concurrent Reset                    270 us
[0.485s][info][gc,stats    ] Pause Init Mark (G)                 156 us
[0.485s][info][gc,stats    ] Pause Init Mark (N)                  62 us
[0.485s][info][gc,stats    ]   Update Region States               15 us
[0.485s][info][gc,stats    ] Concurrent Mark Roots                76 us, parallelism: 0.60x
[0.485s][info][gc,stats    ]   CMR: <total>                       45 us
[0.485s][info][gc,stats    ]   CMR: Thread Roots                  17 us, workers (us):   0,  17, ---, ---, ---, ---, ---, ---, 
[0.485s][info][gc,stats    ]   CMR: VM Strong Roots                4 us, workers (us):   3,   2, ---, ---, ---, ---, ---, ---, 
[0.485s][info][gc,stats    ]   CMR: CLDG Roots                    23 us, workers (us):  23, ---, ---, ---, ---, ---, ---, ---, 
[0.485s][info][gc,stats    ] Concurrent Marking                 1091 us
[0.485s][info][gc,stats    ] Pause Final Mark (G)                297 us
[0.485s][info][gc,stats    ] Pause Final Mark (N)                212 us
[0.485s][info][gc,stats    ]   Finish Mark                        99 us
[0.485s][info][gc,stats    ]   Update Region States               11 us
[0.485s][info][gc,stats    ]   Choose Collection Set              32 us
[0.485s][info][gc,stats    ]   Rebuild Free Set                   15 us
[0.485s][info][gc,stats    ] Concurrent Thread Roots             101 us, parallelism: 0.77x
[0.485s][info][gc,stats    ]   CTR: <total>                       78 us
[0.485s][info][gc,stats    ]   CTR: Thread Roots                  78 us, workers (us):  54,  24, ---, ---, ---, ---, ---, ---, 
[0.485s][info][gc,stats    ] Concurrent Weak References          150 us, parallelism: 0.35x
[0.485s][info][gc,stats    ]   CWRF: <total>                      52 us
[0.485s][info][gc,stats    ]   CWRF: Weak References              52 us, workers (us):   4,  48, ---, ---, ---, ---, ---, ---, 
[0.485s][info][gc,stats    ] Concurrent Weak Roots               337 us
[0.485s][info][gc,stats    ]   Roots                             128 us, parallelism: 1.30x
[0.485s][info][gc,stats    ]     CWR: <total>                    167 us
[0.485s][info][gc,stats    ]     CWR: Code Cache Roots            74 us, workers (us):  22,  52, ---, ---, ---, ---, ---, ---, 
[0.485s][info][gc,stats    ]     CWR: VM Weak Roots               93 us, workers (us):  55,  38, ---, ---, ---, ---, ---, ---, 
[0.485s][info][gc,stats    ]     CWR: CLDG Roots                   1 us, workers (us): ---,   1, ---, ---, ---, ---, ---, ---, 
[0.485s][info][gc,stats    ]   Rendezvous                        173 us
[0.485s][info][gc,stats    ] Concurrent Cleanup                   73 us
[0.485s][info][gc,stats    ] Concurrent Class Unloading          346 us
[0.485s][info][gc,stats    ]   Unlink Stale                      282 us
[0.486s][info][gc,stats    ]     System Dictionary                19 us
[0.486s][info][gc,stats    ]     Weak Class Links                  0 us
[0.486s][info][gc,stats    ]     Code Roots                      258 us
[0.486s][info][gc,stats    ]   Rendezvous                         17 us
[0.486s][info][gc,stats    ]   Purge Unlinked                     21 us
[0.486s][info][gc,stats    ]     Code Roots                       17 us
[0.486s][info][gc,stats    ]     CLDG                              3 us
[0.486s][info][gc,stats    ]     Exception Caches                  0 us
[0.486s][info][gc,stats    ] Concurrent Strong Roots             121 us, parallelism: 0.48x
[0.486s][info][gc,stats    ]   CSR: <total>                       57 us
[0.486s][info][gc,stats    ]   CSR: VM Strong Roots                6 us, workers (us):   3,   3, ---, ---, ---, ---, ---, ---, 
[0.486s][info][gc,stats    ]   CSR: CLDG Roots                    51 us, workers (us):  51, ---, ---, ---, ---, ---, ---, ---, 
[0.486s][info][gc,stats    ] Concurrent Evacuation              1539 us
[0.486s][info][gc,stats    ] Pause Init Update Refs (G)          119 us
[0.486s][info][gc,stats    ] Pause Init Update Refs (N)           30 us
[0.486s][info][gc,stats    ]   Manage GCLABs                       3 us
[0.486s][info][gc,stats    ] Concurrent Update Refs              857 us
[0.486s][info][gc,stats    ] Concurrent Update Thread Roots      206 us
[0.486s][info][gc,stats    ] Pause Final Update Refs (G)         331 us
[0.486s][info][gc,stats    ] Pause Final Update Refs (N)          59 us
[0.486s][info][gc,stats    ]   Update Region States               12 us
[0.486s][info][gc,stats    ]   Trash Collection Set                2 us
[0.486s][info][gc,stats    ]   Rebuild Free Set                   16 us
[0.486s][info][gc,stats    ] Concurrent Cleanup                   62 us
[0.486s][info][gc,stats    ] 
[0.486s][info][gc,stats    ] Allocation pacing accrued:
[0.486s][info][gc,stats    ]       0 of     8 ms (  0.0%): <total>
[0.486s][info][gc,stats    ]       0 of     8 ms (  0.0%): <average total>
[0.486s][info][gc,stats    ] 
[0.486s][info][gc,metaspace] Metaspace: 443K(640K)->536K(704K) NonClass: 426K(512K)->509K(576K) Class: 16K(128K)->26K(128K)
[0.486s][info][gc,ergo     ] Pacer for Idle. Initial: 40642K, Alloc Tax Rate: 1.0x
[0.487s][info][gc          ] Trigger: Start next cycle immediately
[0.487s][info][gc,ergo     ] Free: 1873M, Max: 512K regular, 1869M humongous, Frag: 1% external, 0% internal; Reserve: 101888K, Max: 512K
[0.487s][info][gc,start    ] GC(21) Concurrent reset
[0.487s][info][gc,task     ] GC(21) Using 2 of 8 workers for concurrent reset
[0.487s][info][gc,ergo     ] GC(21) Pacer for Reset. Non-Taxable: 1984M
[0.487s][info][gc          ] GC(21) Concurrent reset 0.304ms
[0.488s][info][gc,start    ] GC(21) Pause Init Mark
[0.488s][info][gc,task     ] GC(21) Using 8 of 8 workers for init marking
[0.488s][info][gc,ergo     ] GC(21) Pacer for Mark. Expected Live: 7185K, Free: 1873M, Non-Taxable: 187M, Alloc Tax Rate: 0.0x
[0.488s][info][gc          ] GC(21) Pause Init Mark 0.058ms
[0.488s][info][gc,start    ] GC(21) Concurrent marking roots
[0.488s][info][gc,task     ] GC(21) Using 2 of 8 workers for concurrent marking roots
[0.488s][info][gc          ] GC(21) Concurrent marking roots 0.187ms
[0.488s][info][gc,start    ] GC(21) Concurrent marking
[0.488s][info][gc,task     ] GC(21) Using 2 of 8 workers for concurrent marking
[0.489s][info][gc          ] GC(21) Concurrent marking 0.726ms
[0.489s][info][gc,start    ] GC(21) Pause Final Mark
[0.489s][info][gc,task     ] GC(21) Using 8 of 8 workers for final marking
[0.489s][info][gc,ergo     ] GC(21) Collectable Garbage: 2398K (100%), Immediate: 0B (0%), CSet: 2398K (100%)
[0.489s][info][gc,ergo     ] GC(21) Pacer for Evacuation. Used CSet: 9604K, Free: 1872M, Non-Taxable: 187M, Alloc Tax Rate: 1.1x
[0.489s][info][gc          ] GC(21) Pause Final Mark 0.146ms
[0.489s][info][gc,start    ] GC(21) Concurrent thread roots
[0.489s][info][gc,task     ] GC(21) Using 2 of 8 workers for Concurrent thread roots
[0.489s][info][gc          ] GC(21) Concurrent thread roots 0.075ms
[0.489s][info][gc,start    ] GC(21) Concurrent weak references
[0.489s][info][gc,task     ] GC(21) Using 2 of 8 workers for concurrent weak references
[0.489s][info][gc,ref      ] GC(21) Encountered references: Soft: 34, Weak: 104, Final: 0, Phantom: 577
[0.489s][info][gc,ref      ] GC(21) Discovered  references: Soft: 0, Weak: 44, Final: 0, Phantom: 576
[0.489s][info][gc,ref      ] GC(21) Enqueued    references: Soft: 0, Weak: 1, Final: 0, Phantom: 0
[0.489s][info][gc          ] GC(21) Concurrent weak references 0.097ms
[0.489s][info][gc,start    ] GC(21) Concurrent weak roots
[0.489s][info][gc,task     ] GC(21) Using 2 of 8 workers for concurrent weak root
[0.489s][info][gc          ] GC(21) Concurrent weak roots 0.099ms
[0.489s][info][gc,start    ] GC(21) Concurrent cleanup
[0.489s][info][gc          ] GC(21) Concurrent cleanup 12M->12M(141M) 0.055ms
[0.489s][info][gc,ergo     ] GC(21) Free: 1872M, Max: 512K regular, 1869M humongous, Frag: 1% external, 0% internal; Reserve: 101754K, Max: 512K
[0.489s][info][gc,start    ] GC(21) Concurrent strong roots
[0.489s][info][gc,task     ] GC(21) Using 2 of 8 workers for concurrent strong root
[0.490s][info][gc          ] GC(21) Concurrent strong roots 0.215ms
[0.490s][info][gc,start    ] GC(21) Concurrent evacuation
[0.490s][info][gc,task     ] GC(21) Using 2 of 8 workers for concurrent evacuation
[0.491s][info][gc          ] GC(21) Concurrent evacuation 1.458ms
[0.491s][info][gc,start    ] GC(21) Pause Init Update Refs
[0.491s][info][gc,ergo     ] GC(21) Pacer for Update Refs. Used: 21193K, Free: 1872M, Non-Taxable: 187M, Alloc Tax Rate: 1.1x
[0.491s][info][gc          ] GC(21) Pause Init Update Refs 0.025ms
[0.491s][info][gc,start    ] GC(21) Concurrent update references
[0.491s][info][gc,task     ] GC(21) Using 2 of 8 workers for concurrent reference update
[0.492s][info][gc          ] GC(21) Concurrent update references 0.863ms
[0.492s][info][gc,start    ] GC(21) Concurrent update thread roots
[0.492s][info][gc          ] GC(21) Concurrent update thread roots 0.138ms
[0.493s][info][gc,start    ] GC(21) Pause Final Update Refs
[0.493s][info][gc,task     ] GC(21) Using 8 of 8 workers for final reference update
[0.493s][info][gc          ] GC(21) Pause Final Update Refs 0.058ms
[0.493s][info][gc,start    ] GC(21) Concurrent cleanup
[0.493s][info][gc          ] GC(21) Concurrent cleanup 20M->11M(142M) 0.058ms
[0.493s][info][gc,ergo     ] Free: 1873M, Max: 512K regular, 1869M humongous, Frag: 1% external, 0% internal; Reserve: 101888K, Max: 512K
[0.493s][info][gc,stats    ] 
[0.493s][info][gc,stats    ] All times are wall-clock times, except per-root-class counters, that are sum over
[0.493s][info][gc,stats    ] all workers. Dividing the <total> over the root stage time estimates parallelism.
[0.493s][info][gc,stats    ] 
[0.493s][info][gc,stats    ] Concurrent Reset                    318 us
[0.493s][info][gc,stats    ] Pause Init Mark (G)                 598 us
[0.493s][info][gc,stats    ] Pause Init Mark (N)                  66 us
[0.493s][info][gc,stats    ]   Update Region States               16 us
[0.493s][info][gc,stats    ] Concurrent Mark Roots               198 us, parallelism: 1.19x
[0.493s][info][gc,stats    ]   CMR: <total>                      236 us
[0.493s][info][gc,stats    ]   CMR: Thread Roots                 116 us, workers (us):  97,  18, ---, ---, ---, ---, ---, ---, 
[0.493s][info][gc,stats    ]   CMR: Code Cache Roots              95 us, workers (us):  28,  66, ---, ---, ---, ---, ---, ---, 
[0.493s][info][gc,stats    ]   CMR: VM Strong Roots                3 us, workers (us):   3,   0, ---, ---, ---, ---, ---, ---, 
[0.493s][info][gc,stats    ]   CMR: CLDG Roots                    23 us, workers (us):  23, ---, ---, ---, ---, ---, ---, ---, 
[0.493s][info][gc,stats    ] Concurrent Marking                  741 us
[0.493s][info][gc,stats    ] Pause Final Mark (G)                235 us
[0.493s][info][gc,stats    ] Pause Final Mark (N)                153 us
[0.493s][info][gc,stats    ]   Finish Mark                        62 us
[0.493s][info][gc,stats    ]   Update Region States               12 us
[0.493s][info][gc,stats    ]   Choose Collection Set              27 us
[0.493s][info][gc,stats    ]   Rebuild Free Set                   15 us
[0.493s][info][gc,stats    ] Concurrent Thread Roots              84 us, parallelism: 1.09x
[0.493s][info][gc,stats    ]   CTR: <total>                       92 us
[0.493s][info][gc,stats    ]   CTR: Thread Roots                  92 us, workers (us):  51,  40, ---, ---, ---, ---, ---, ---, 
[0.493s][info][gc,stats    ] Concurrent Weak References          105 us, parallelism: 0.44x
[0.493s][info][gc,stats    ]   CWRF: <total>                      46 us
[0.493s][info][gc,stats    ]   CWRF: Weak References              46 us, workers (us):   4,  42, ---, ---, ---, ---, ---, ---, 
[0.493s][info][gc,stats    ] Concurrent Weak Roots               108 us
[0.493s][info][gc,stats    ]   Roots                              72 us, parallelism: 1.40x
[0.493s][info][gc,stats    ]     CWR: <total>                    101 us
[0.493s][info][gc,stats    ]     CWR: VM Weak Roots              101 us, workers (us):  57,  44, ---, ---, ---, ---, ---, ---, 
[0.493s][info][gc,stats    ]   Rendezvous                         11 us
[0.493s][info][gc,stats    ] Concurrent Cleanup                   63 us
[0.493s][info][gc,stats    ] Concurrent Strong Roots             227 us, parallelism: 0.80x
[0.493s][info][gc,stats    ]   CSR: <total>                      182 us
[0.493s][info][gc,stats    ]   CSR: Code Cache Roots             114 us, workers (us): 114,   0, ---, ---, ---, ---, ---, ---, 
[0.493s][info][gc,stats    ]   CSR: VM Strong Roots                6 us, workers (us):   6,   0, ---, ---, ---, ---, ---, ---, 
[0.493s][info][gc,stats    ]   CSR: CLDG Roots                    62 us, workers (us):  62, ---, ---, ---, ---, ---, ---, ---, 
[0.493s][info][gc,stats    ] Concurrent Evacuation              1478 us
[0.493s][info][gc,stats    ] Pause Init Update Refs (G)          186 us
[0.493s][info][gc,stats    ] Pause Init Update Refs (N)           37 us
[0.493s][info][gc,stats    ]   Manage GCLABs                       3 us
[0.493s][info][gc,stats    ] Concurrent Update Refs              885 us
[0.493s][info][gc,stats    ] Concurrent Update Thread Roots      155 us
[0.493s][info][gc,stats    ] Pause Final Update Refs (G)         409 us
[0.493s][info][gc,stats    ] Pause Final Update Refs (N)          72 us
[0.493s][info][gc,stats    ]   Update Region States               11 us
[0.493s][info][gc,stats    ]   Trash Collection Set                3 us
[0.493s][info][gc,stats    ]   Rebuild Free Set                   16 us
[0.493s][info][gc,stats    ] Concurrent Cleanup                   71 us
[0.493s][info][gc,stats    ] 
[0.493s][info][gc,stats    ] Allocation pacing accrued:
[0.493s][info][gc,stats    ]       0 of     8 ms (  0.0%): <total>
[0.493s][info][gc,stats    ]       0 of     8 ms (  0.0%): <average total>
[0.493s][info][gc,stats    ] 
[0.493s][info][gc,metaspace] Metaspace: 536K(704K)->715K(896K) NonClass: 509K(576K)->671K(768K) Class: 26K(128K)->43K(128K)
[0.493s][info][gc,ergo     ] Pacer for Idle. Initial: 40642K, Alloc Tax Rate: 1.0x
[0.494s][info][gc          ] Trigger: Start next cycle immediately
[0.494s][info][gc,ergo     ] Free: 1873M, Max: 512K regular, 1869M humongous, Frag: 1% external, 0% internal; Reserve: 101888K, Max: 512K
[0.494s][info][gc,start    ] GC(22) Concurrent reset
[0.494s][info][gc,task     ] GC(22) Using 2 of 8 workers for concurrent reset
[0.494s][info][gc,ergo     ] GC(22) Pacer for Reset. Non-Taxable: 1984M
[0.495s][info][gc          ] GC(22) Concurrent reset 0.274ms
[0.495s][info][gc,start    ] GC(22) Pause Init Mark (unload classes)
[0.495s][info][gc,task     ] GC(22) Using 8 of 8 workers for init marking
[0.495s][info][gc,ergo     ] GC(22) Pacer for Mark. Expected Live: 8027K, Free: 1873M, Non-Taxable: 187M, Alloc Tax Rate: 0.0x
[0.495s][info][gc          ] GC(22) Pause Init Mark (unload classes) 0.041ms
[0.495s][info][gc,start    ] GC(22) Concurrent marking roots
[0.495s][info][gc,task     ] GC(22) Using 2 of 8 workers for concurrent marking roots
[0.495s][info][gc          ] GC(22) Concurrent marking roots 0.106ms
[0.495s][info][gc,start    ] GC(22) Concurrent marking (unload classes)
[0.495s][info][gc,task     ] GC(22) Using 2 of 8 workers for concurrent marking
[0.496s][info][gc          ] GC(22) Concurrent marking (unload classes) 0.999ms
[0.496s][info][gc,start    ] GC(22) Pause Final Mark (unload classes)
[0.496s][info][gc,task     ] GC(22) Using 8 of 8 workers for final marking
[0.496s][info][gc,ergo     ] GC(22) Collectable Garbage: 2462K (100%), Immediate: 0B (0%), CSet: 2462K (100%)
[0.496s][info][gc,ergo     ] GC(22) Pacer for Evacuation. Used CSet: 9682K, Free: 1872M, Non-Taxable: 187M, Alloc Tax Rate: 1.1x
[0.496s][info][gc          ] GC(22) Pause Final Mark (unload classes) 0.250ms
[0.496s][info][gc,start    ] GC(22) Concurrent thread roots
[0.496s][info][gc,task     ] GC(22) Using 2 of 8 workers for Concurrent thread roots
[0.497s][info][gc          ] GC(22) Concurrent thread roots 0.155ms
[0.497s][info][gc,start    ] GC(22) Concurrent weak references
[0.497s][info][gc,task     ] GC(22) Using 2 of 8 workers for concurrent weak references
[0.497s][info][gc,ref      ] GC(22) Encountered references: Soft: 35, Weak: 108, Final: 0, Phantom: 578
[0.497s][info][gc,ref      ] GC(22) Discovered  references: Soft: 0, Weak: 41, Final: 0, Phantom: 578
[0.497s][info][gc,ref      ] GC(22) Enqueued    references: Soft: 0, Weak: 3, Final: 0, Phantom: 1
[0.497s][info][gc          ] GC(22) Concurrent weak references 0.087ms
[0.497s][info][gc,start    ] GC(22) Concurrent weak roots
[0.497s][info][gc,task     ] GC(22) Using 2 of 8 workers for concurrent weak root
[0.497s][info][gc          ] GC(22) Concurrent weak roots 0.246ms
[0.497s][info][gc,start    ] GC(22) Concurrent cleanup
[0.497s][info][gc          ] GC(22) Concurrent cleanup 12M->12M(142M) 0.054ms
[0.497s][info][gc,ergo     ] GC(22) Free: 1872M, Max: 512K regular, 1869M humongous, Frag: 1% external, 0% internal; Reserve: 101766K, Max: 512K
[0.497s][info][gc,start    ] GC(22) Concurrent class unloading
[0.497s][info][gc,task     ] GC(22) Using 2 of 8 workers for concurrent class unloading
[0.497s][info][gc          ] GC(22) Concurrent class unloading 0.343ms
[0.497s][info][gc,start    ] GC(22) Concurrent strong roots
[0.497s][info][gc,task     ] GC(22) Using 2 of 8 workers for concurrent strong root
[0.498s][info][gc          ] GC(22) Concurrent strong roots 0.147ms
[0.498s][info][gc,start    ] GC(22) Concurrent evacuation
[0.498s][info][gc,task     ] GC(22) Using 2 of 8 workers for concurrent evacuation
[0.498s][info][gc          ] GC(22) Concurrent evacuation 0.938ms
[0.499s][info][gc,start    ] GC(22) Pause Init Update Refs
[0.499s][info][gc,ergo     ] GC(22) Pacer for Update Refs. Used: 21059K, Free: 1871M, Non-Taxable: 187M, Alloc Tax Rate: 1.1x
[0.499s][info][gc          ] GC(22) Pause Init Update Refs 0.023ms
[0.499s][info][gc,start    ] GC(22) Concurrent update references
[0.499s][info][gc,task     ] GC(22) Using 2 of 8 workers for concurrent reference update
[0.500s][info][gc          ] GC(22) Concurrent update references 1.029ms
[0.500s][info][gc,start    ] GC(22) Concurrent update thread roots
[0.500s][info][gc          ] GC(22) Concurrent update thread roots 0.238ms
[0.500s][info][gc,start    ] GC(22) Pause Final Update Refs
[0.500s][info][gc,task     ] GC(22) Using 8 of 8 workers for final reference update
[0.500s][info][gc          ] GC(22) Pause Final Update Refs 0.046ms
[0.500s][info][gc,start    ] GC(22) Concurrent cleanup
[0.500s][info][gc          ] GC(22) Concurrent cleanup 20M->11M(142M) 0.053ms
[0.500s][info][gc,ergo     ] Free: 1873M, Max: 512K regular, 1870M humongous, Frag: 1% external, 0% internal; Reserve: 101888K, Max: 512K
[0.500s][info][gc,stats    ] 
[0.500s][info][gc,stats    ] All times are wall-clock times, except per-root-class counters, that are sum over
[0.500s][info][gc,stats    ] all workers. Dividing the <total> over the root stage time estimates parallelism.
[0.500s][info][gc,stats    ] 
[0.500s][info][gc,stats    ] Concurrent Reset                    291 us
[0.500s][info][gc,stats    ] Pause Init Mark (G)                 224 us
[0.500s][info][gc,stats    ] Pause Init Mark (N)                  49 us
[0.500s][info][gc,stats    ]   Update Region States               13 us
[0.500s][info][gc,stats    ] Concurrent Mark Roots               115 us, parallelism: 0.52x
[0.500s][info][gc,stats    ]   CMR: <total>                       60 us
[0.500s][info][gc,stats    ]   CMR: Thread Roots                  33 us, workers (us):  33,   0, ---, ---, ---, ---, ---, ---, 
[0.500s][info][gc,stats    ]   CMR: VM Strong Roots                3 us, workers (us):   3,   0, ---, ---, ---, ---, ---, ---, 
[0.500s][info][gc,stats    ]   CMR: CLDG Roots                    24 us, workers (us):  24, ---, ---, ---, ---, ---, ---, ---, 
[0.500s][info][gc,stats    ] Concurrent Marking                 1020 us
[0.500s][info][gc,stats    ] Pause Final Mark (G)                340 us
[0.500s][info][gc,stats    ] Pause Final Mark (N)                259 us
[0.500s][info][gc,stats    ]   Finish Mark                       164 us
[0.500s][info][gc,stats    ]   Update Region States               11 us
[0.500s][info][gc,stats    ]   Choose Collection Set              30 us
[0.500s][info][gc,stats    ]   Rebuild Free Set                   15 us
[0.500s][info][gc,stats    ] Concurrent Thread Roots             166 us, parallelism: 0.93x
[0.500s][info][gc,stats    ]   CTR: <total>                      154 us
[0.500s][info][gc,stats    ]   CTR: Thread Roots                 154 us, workers (us): 132,  21, ---, ---, ---, ---, ---, ---, 
[0.500s][info][gc,stats    ] Concurrent Weak References           95 us, parallelism: 0.44x
[0.500s][info][gc,stats    ]   CWRF: <total>                      42 us
[0.500s][info][gc,stats    ]   CWRF: Weak References              42 us, workers (us):  40,   2, ---, ---, ---, ---, ---, ---, 
[0.500s][info][gc,stats    ] Concurrent Weak Roots               256 us
[0.500s][info][gc,stats    ]   Roots                             210 us, parallelism: 0.73x
[0.500s][info][gc,stats    ]     CWR: <total>                    153 us
[0.500s][info][gc,stats    ]     CWR: Code Cache Roots            51 us, workers (us):  51,   0, ---, ---, ---, ---, ---, ---, 
[0.500s][info][gc,stats    ]     CWR: VM Weak Roots              101 us, workers (us): 101,   0, ---, ---, ---, ---, ---, ---, 
[0.500s][info][gc,stats    ]     CWR: CLDG Roots                   1 us, workers (us):   1, ---, ---, ---, ---, ---, ---, ---, 
[0.500s][info][gc,stats    ]   Rendezvous                         21 us
[0.500s][info][gc,stats    ] Concurrent Cleanup                   63 us
[0.500s][info][gc,stats    ] Concurrent Class Unloading          351 us
[0.500s][info][gc,stats    ]   Unlink Stale                      298 us
[0.500s][info][gc,stats    ]     System Dictionary                19 us
[0.500s][info][gc,stats    ]     Weak Class Links                  0 us
[0.500s][info][gc,stats    ]     Code Roots                      279 us
[0.500s][info][gc,stats    ]   Rendezvous                         12 us
[0.500s][info][gc,stats    ]   Purge Unlinked                     16 us
[0.500s][info][gc,stats    ]     Code Roots                       13 us
[0.501s][info][gc,stats    ]     CLDG                              3 us
[0.501s][info][gc,stats    ]     Exception Caches                  0 us
[0.501s][info][gc,stats    ] Concurrent Strong Roots             157 us, parallelism: 0.34x
[0.501s][info][gc,stats    ]   CSR: <total>                       53 us
[0.501s][info][gc,stats    ]   CSR: VM Strong Roots                4 us, workers (us):   4,   0, ---, ---, ---, ---, ---, ---, 
[0.501s][info][gc,stats    ]   CSR: CLDG Roots                    49 us, workers (us):  49, ---, ---, ---, ---, ---, ---, ---, 
[0.501s][info][gc,stats    ] Concurrent Evacuation               966 us
[0.501s][info][gc,stats    ] Pause Init Update Refs (G)          141 us
[0.501s][info][gc,stats    ] Pause Init Update Refs (N)           30 us
[0.501s][info][gc,stats    ]   Manage GCLABs                       2 us
[0.501s][info][gc,stats    ] Concurrent Update Refs             1038 us
[0.501s][info][gc,stats    ] Concurrent Update Thread Roots      248 us
[0.501s][info][gc,stats    ] Pause Final Update Refs (G)         152 us
[0.501s][info][gc,stats    ] Pause Final Update Refs (N)          55 us
[0.501s][info][gc,stats    ]   Update Region States               12 us
[0.501s][info][gc,stats    ]   Trash Collection Set                2 us
[0.501s][info][gc,stats    ]   Rebuild Free Set                   16 us
[0.501s][info][gc,stats    ] Concurrent Cleanup                   61 us
[0.501s][info][gc,stats    ] 
[0.501s][info][gc,stats    ] Allocation pacing accrued:
[0.501s][info][gc,stats    ]       0 of     7 ms (  0.0%): <total>
[0.501s][info][gc,stats    ]       0 of     7 ms (  0.0%): <average total>
[0.501s][info][gc,stats    ] 
[0.501s][info][gc,metaspace] Metaspace: 800K(960K)->965K(1152K) NonClass: 749K(832K)->896K(960K) Class: 51K(128K)->69K(192K)
[0.501s][info][gc,ergo     ] Pacer for Idle. Initial: 40642K, Alloc Tax Rate: 1.0x
[0.502s][info][gc          ] Trigger: Start next cycle immediately
[0.502s][info][gc,ergo     ] Free: 1873M, Max: 512K regular, 1870M humongous, Frag: 1% external, 0% internal; Reserve: 101888K, Max: 512K
[0.502s][info][gc,start    ] GC(23) Concurrent reset
[0.502s][info][gc,task     ] GC(23) Using 2 of 8 workers for concurrent reset
[0.502s][info][gc,ergo     ] GC(23) Pacer for Reset. Non-Taxable: 1984M
[0.506s][info][gc          ] GC(23) Concurrent reset 3.843ms
[0.513s][info][gc,start    ] GC(23) Pause Init Mark (unload classes)
[0.513s][info][gc,task     ] GC(23) Using 8 of 8 workers for init marking
[0.513s][info][gc,ergo     ] GC(23) Pacer for Mark. Expected Live: 8749K, Free: 1873M, Non-Taxable: 187M, Alloc Tax Rate: 0.0x
[0.513s][info][gc          ] GC(23) Pause Init Mark (unload classes) 0.149ms
[0.513s][info][gc,start    ] GC(23) Concurrent marking roots
[0.513s][info][gc,task     ] GC(23) Using 2 of 8 workers for concurrent marking roots
[0.513s][info][gc          ] GC(23) Concurrent marking roots 0.129ms
[0.513s][info][gc,start    ] GC(23) Concurrent marking (unload classes)
[0.513s][info][gc,task     ] GC(23) Using 2 of 8 workers for concurrent marking
[0.524s][info][gc          ] GC(23) Concurrent marking (unload classes) 10.965ms
[0.524s][info][gc,start    ] GC(23) Pause Final Mark (unload classes)
[0.524s][info][gc,task     ] GC(23) Using 8 of 8 workers for final marking
[0.525s][info][gc,ergo     ] GC(23) Collectable Garbage: 2210K (100%), Immediate: 0B (0%), CSet: 2210K (100%)
[0.525s][info][gc,ergo     ] GC(23) Pacer for Evacuation. Used CSet: 9470K, Free: 1872M, Non-Taxable: 187M, Alloc Tax Rate: 1.1x
[0.525s][info][gc          ] GC(23) Pause Final Mark (unload classes) 0.272ms
[0.525s][info][gc,start    ] GC(23) Concurrent thread roots
[0.525s][info][gc,task     ] GC(23) Using 2 of 8 workers for Concurrent thread roots
[0.525s][info][gc          ] GC(23) Concurrent thread roots 0.137ms
[0.525s][info][gc,start    ] GC(23) Concurrent weak references
[0.525s][info][gc,task     ] GC(23) Using 2 of 8 workers for concurrent weak references
[0.525s][info][gc,ref      ] GC(23) Encountered references: Soft: 37, Weak: 118, Final: 0, Phantom: 579
[0.525s][info][gc,ref      ] GC(23) Discovered  references: Soft: 0, Weak: 47, Final: 0, Phantom: 579
[0.525s][info][gc,ref      ] GC(23) Enqueued    references: Soft: 0, Weak: 5, Final: 0, Phantom: 2
[0.525s][info][gc          ] GC(23) Concurrent weak references 0.127ms
[0.525s][info][gc,start    ] GC(23) Concurrent weak roots
[0.525s][info][gc,task     ] GC(23) Using 2 of 8 workers for concurrent weak root
[0.525s][info][gc          ] GC(23) Concurrent weak roots 0.270ms
[0.525s][info][gc,start    ] GC(23) Concurrent cleanup
[0.525s][info][gc          ] GC(23) Concurrent cleanup 12M->12M(142M) 0.064ms
[0.525s][info][gc,ergo     ] GC(23) Free: 1872M, Max: 512K regular, 1870M humongous, Frag: 1% external, 0% internal; Reserve: 101777K, Max: 512K
[0.525s][info][gc,start    ] GC(23) Concurrent class unloading
[0.525s][info][gc,task     ] GC(23) Using 2 of 8 workers for concurrent class unloading
[0.526s][info][gc          ] GC(23) Concurrent class unloading 0.305ms
[0.526s][info][gc,start    ] GC(23) Concurrent strong roots
[0.526s][info][gc,task     ] GC(23) Using 2 of 8 workers for concurrent strong root
[0.526s][info][gc          ] GC(23) Concurrent strong roots 0.191ms
[0.526s][info][gc,start    ] GC(23) Concurrent evacuation
[0.526s][info][gc,task     ] GC(23) Using 2 of 8 workers for concurrent evacuation
[0.527s][info][gc          ] GC(23) Concurrent evacuation 1.084ms
[0.527s][info][gc,start    ] GC(23) Pause Init Update Refs
[0.527s][info][gc,ergo     ] GC(23) Pacer for Update Refs. Used: 20593K, Free: 1872M, Non-Taxable: 187M, Alloc Tax Rate: 1.1x
[0.527s][info][gc          ] GC(23) Pause Init Update Refs 0.116ms
[0.527s][info][gc,start    ] GC(23) Concurrent update references
[0.527s][info][gc,task     ] GC(23) Using 2 of 8 workers for concurrent reference update
[0.529s][info][gc          ] GC(23) Concurrent update references 1.256ms
[0.529s][info][gc,start    ] GC(23) Concurrent update thread roots
[0.529s][info][gc          ] GC(23) Concurrent update thread roots 0.613ms
[0.529s][info][gc,start    ] GC(23) Pause Final Update Refs
[0.529s][info][gc,task     ] GC(23) Using 8 of 8 workers for final reference update
[0.529s][info][gc          ] GC(23) Pause Final Update Refs 0.132ms
[0.530s][info][gc,start    ] GC(23) Concurrent cleanup
[0.530s][info][gc          ] GC(23) Concurrent cleanup 20M->10M(142M) 0.063ms
[0.530s][info][gc,ergo     ] Free: 1873M, Max: 512K regular, 1870M humongous, Frag: 1% external, 0% internal; Reserve: 101888K, Max: 512K
[0.530s][info][gc,stats    ] 
[0.530s][info][gc,stats    ] All times are wall-clock times, except per-root-class counters, that are sum over
[0.530s][info][gc,stats    ] all workers. Dividing the <total> over the root stage time estimates parallelism.
[0.530s][info][gc,stats    ] 
[0.530s][info][gc,stats    ] Concurrent Reset                   3867 us
[0.530s][info][gc,stats    ] Pause Init Mark (G)                7468 us
[0.530s][info][gc,stats    ] Pause Init Mark (N)                 174 us
[0.530s][info][gc,stats    ]   Update Region States               21 us
[0.530s][info][gc,stats    ] Concurrent Mark Roots               140 us, parallelism: 0.47x
[0.530s][info][gc,stats    ]   CMR: <total>                       65 us
[0.530s][info][gc,stats    ]   CMR: Thread Roots                  35 us, workers (us):  35,   0, ---, ---, ---, ---, ---, ---, 
[0.530s][info][gc,stats    ]   CMR: VM Strong Roots                3 us, workers (us):   3,   0, ---, ---, ---, ---, ---, ---, 
[0.530s][info][gc,stats    ]   CMR: CLDG Roots                    26 us, workers (us):  26, ---, ---, ---, ---, ---, ---, ---, 
[0.530s][info][gc,stats    ] Concurrent Marking                10993 us
[0.530s][info][gc,stats    ] Pause Final Mark (G)                389 us
[0.530s][info][gc,stats    ] Pause Final Mark (N)                282 us
[0.530s][info][gc,stats    ]   Finish Mark                       114 us
[0.530s][info][gc,stats    ]   Update Region States               18 us
[0.530s][info][gc,stats    ]   Choose Collection Set              39 us
[0.530s][info][gc,stats    ]   Rebuild Free Set                   21 us
[0.530s][info][gc,stats    ] Concurrent Thread Roots             151 us, parallelism: 0.93x
[0.530s][info][gc,stats    ]   CTR: <total>                      141 us
[0.530s][info][gc,stats    ]   CTR: Thread Roots                 141 us, workers (us): 104,  37, ---, ---, ---, ---, ---, ---, 
[0.530s][info][gc,stats    ] Concurrent Weak References          134 us, parallelism: 0.42x
[0.530s][info][gc,stats    ]   CWRF: <total>                      57 us
[0.530s][info][gc,stats    ]   CWRF: Weak References              57 us, workers (us):  56,   1, ---, ---, ---, ---, ---, ---, 
[0.530s][info][gc,stats    ] Concurrent Weak Roots               280 us
[0.530s][info][gc,stats    ]   Roots                             232 us, parallelism: 0.87x
[0.530s][info][gc,stats    ]     CWR: <total>                    203 us
[0.530s][info][gc,stats    ]     CWR: Code Cache Roots            86 us, workers (us):  86,   0, ---, ---, ---, ---, ---, ---, 
[0.530s][info][gc,stats    ]     CWR: VM Weak Roots              115 us, workers (us): 115,   0, ---, ---, ---, ---, ---, ---, 
[0.530s][info][gc,stats    ]     CWR: CLDG Roots                   1 us, workers (us):   1, ---, ---, ---, ---, ---, ---, ---, 
[0.530s][info][gc,stats    ]   Rendezvous                         22 us
[0.530s][info][gc,stats    ] Concurrent Cleanup                   72 us
[0.530s][info][gc,stats    ] Concurrent Class Unloading          318 us
[0.530s][info][gc,stats    ]   Unlink Stale                      234 us
[0.530s][info][gc,stats    ]     System Dictionary                20 us
[0.530s][info][gc,stats    ]     Weak Class Links                  0 us
[0.530s][info][gc,stats    ]     Code Roots                      213 us
[0.530s][info][gc,stats    ]   Rendezvous                         25 us
[0.530s][info][gc,stats    ]   Purge Unlinked                     29 us
[0.530s][info][gc,stats    ]     Code Roots                       25 us
[0.530s][info][gc,stats    ]     CLDG                              4 us
[0.530s][info][gc,stats    ]     Exception Caches                  0 us
[0.530s][info][gc,stats    ] Concurrent Strong Roots             201 us, parallelism: 0.43x
[0.530s][info][gc,stats    ]   CSR: <total>                       87 us
[0.530s][info][gc,stats    ]   CSR: VM Strong Roots                7 us, workers (us):   4,   2, ---, ---, ---, ---, ---, ---, 
[0.530s][info][gc,stats    ]   CSR: CLDG Roots                    80 us, workers (us): ---,  80, ---, ---, ---, ---, ---, ---, 
[0.530s][info][gc,stats    ] Concurrent Evacuation              1094 us
[0.530s][info][gc,stats    ] Pause Init Update Refs (G)          297 us
[0.530s][info][gc,stats    ] Pause Init Update Refs (N)          147 us
[0.530s][info][gc,stats    ]   Manage GCLABs                       4 us
[0.530s][info][gc,stats    ] Concurrent Update Refs             1266 us
[0.530s][info][gc,stats    ] Concurrent Update Thread Roots      625 us
[0.530s][info][gc,stats    ] Pause Final Update Refs (G)         379 us
[0.530s][info][gc,stats    ] Pause Final Update Refs (N)         197 us
[0.530s][info][gc,stats    ]   Update Region States               14 us
[0.530s][info][gc,stats    ]   Trash Collection Set                3 us
[0.530s][info][gc,stats    ]   Rebuild Free Set                   19 us
[0.530s][info][gc,stats    ] Concurrent Cleanup                   72 us
[0.530s][info][gc,stats    ] 
[0.530s][info][gc,stats    ] Allocation pacing accrued:
[0.530s][info][gc,stats    ]       0 of    29 ms (  0.0%): <total>
[0.530s][info][gc,stats    ]       0 of    29 ms (  0.0%): <average total>
[0.530s][info][gc,stats    ] 
[0.530s][info][gc,metaspace] Metaspace: 967K(1152K)->1428K(1600K) NonClass: 898K(960K)->1312K(1408K) Class: 69K(192K)->116K(192K)
[0.530s][info][gc,ergo     ] Pacer for Idle. Initial: 40642K, Alloc Tax Rate: 1.0x
[0.531s][info][gc          ] Trigger: Start next cycle immediately
[0.531s][info][gc,ergo     ] Free: 1873M, Max: 512K regular, 1870M humongous, Frag: 1% external, 0% internal; Reserve: 101888K, Max: 512K
[0.531s][info][gc,start    ] GC(24) Concurrent reset
[0.531s][info][gc,task     ] GC(24) Using 2 of 8 workers for concurrent reset
[0.531s][info][gc,ergo     ] GC(24) Pacer for Reset. Non-Taxable: 1984M
[0.532s][info][gc          ] GC(24) Concurrent reset 0.224ms
[0.532s][info][gc,start    ] GC(24) Pause Init Mark (unload classes)
[0.532s][info][gc,task     ] GC(24) Using 8 of 8 workers for init marking
[0.532s][info][gc,ergo     ] GC(24) Pacer for Mark. Expected Live: 8982K, Free: 1873M, Non-Taxable: 187M, Alloc Tax Rate: 0.0x
[0.532s][info][gc          ] GC(24) Pause Init Mark (unload classes) 0.073ms
[0.532s][info][gc,start    ] GC(24) Concurrent marking roots
[0.532s][info][gc,task     ] GC(24) Using 2 of 8 workers for concurrent marking roots
[0.533s][info][gc          ] GC(24) Concurrent marking roots 0.341ms
[0.533s][info][gc,start    ] GC(24) Concurrent marking (unload classes)
[0.533s][info][gc,task     ] GC(24) Using 2 of 8 workers for concurrent marking
[0.534s][info][gc          ] GC(24) Concurrent marking (unload classes) 0.934ms
[0.534s][info][gc,start    ] GC(24) Pause Final Mark (unload classes)
[0.534s][info][gc,task     ] GC(24) Using 8 of 8 workers for final marking
[0.534s][info][gc,ergo     ] GC(24) Collectable Garbage: 1924K (100%), Immediate: 0B (0%), CSet: 1924K (100%)
[0.534s][info][gc,ergo     ] GC(24) Pacer for Evacuation. Used CSet: 9216K, Free: 1873M, Non-Taxable: 187M, Alloc Tax Rate: 1.1x
[0.534s][info][gc          ] GC(24) Pause Final Mark (unload classes) 0.175ms
[0.534s][info][gc,start    ] GC(24) Concurrent thread roots
[0.534s][info][gc,task     ] GC(24) Using 2 of 8 workers for Concurrent thread roots
[0.534s][info][gc          ] GC(24) Concurrent thread roots 0.102ms
[0.534s][info][gc,start    ] GC(24) Concurrent weak references
[0.534s][info][gc,task     ] GC(24) Using 2 of 8 workers for concurrent weak references
[0.534s][info][gc,ref      ] GC(24) Encountered references: Soft: 48, Weak: 143, Final: 0, Phantom: 581
[0.534s][info][gc,ref      ] GC(24) Discovered  references: Soft: 0, Weak: 56, Final: 0, Phantom: 581
[0.534s][info][gc,ref      ] GC(24) Enqueued    references: Soft: 0, Weak: 11, Final: 0, Phantom: 4
[0.534s][info][gc          ] GC(24) Concurrent weak references 0.116ms
[0.534s][info][gc,start    ] GC(24) Concurrent weak roots
[0.534s][info][gc,task     ] GC(24) Using 2 of 8 workers for concurrent weak root
[0.535s][info][gc          ] GC(24) Concurrent weak roots 0.468ms
[0.535s][info][gc,start    ] GC(24) Concurrent cleanup
[0.535s][info][gc          ] GC(24) Concurrent cleanup 12M->12M(142M) 0.059ms
[0.535s][info][gc,ergo     ] GC(24) Free: 1872M, Max: 512K regular, 1870M humongous, Frag: 1% external, 0% internal; Reserve: 101700K, Max: 512K
[0.535s][info][gc,start    ] GC(24) Concurrent class unloading
[0.535s][info][gc,task     ] GC(24) Using 2 of 8 workers for concurrent class unloading
[0.535s][info][gc          ] GC(24) Concurrent class unloading 0.266ms
[0.535s][info][gc,start    ] GC(24) Concurrent strong roots
[0.535s][info][gc,task     ] GC(24) Using 2 of 8 workers for concurrent strong root
[0.535s][info][gc          ] GC(24) Concurrent strong roots 0.088ms
[0.535s][info][gc,start    ] GC(24) Concurrent evacuation
[0.535s][info][gc,task     ] GC(24) Using 2 of 8 workers for concurrent evacuation
[0.536s][info][gc          ] GC(24) Concurrent evacuation 1.074ms
[0.536s][info][gc,start    ] GC(24) Pause Init Update Refs
[0.536s][info][gc,ergo     ] GC(24) Pacer for Update Refs. Used: 20710K, Free: 1872M, Non-Taxable: 187M, Alloc Tax Rate: 1.1x
[0.536s][info][gc          ] GC(24) Pause Init Update Refs 0.039ms
[0.536s][info][gc,start    ] GC(24) Concurrent update references
[0.537s][info][gc,task     ] GC(24) Using 2 of 8 workers for concurrent reference update
[0.537s][info][gc          ] GC(24) Concurrent update references 0.908ms
[0.537s][info][gc,start    ] GC(24) Concurrent update thread roots
[0.538s][info][gc          ] GC(24) Concurrent update thread roots 0.716ms
[0.538s][info][gc,start    ] GC(24) Pause Final Update Refs
[0.538s][info][gc,task     ] GC(24) Using 8 of 8 workers for final reference update
[0.538s][info][gc          ] GC(24) Pause Final Update Refs 0.117ms
[0.538s][info][gc,start    ] GC(24) Concurrent cleanup
[0.538s][info][gc          ] GC(24) Concurrent cleanup 20M->11M(142M) 0.064ms
[0.539s][info][gc,ergo     ] Free: 1873M, Max: 512K regular, 1869M humongous, Frag: 1% external, 0% internal; Reserve: 101888K, Max: 512K
[0.539s][info][gc,stats    ] 
[0.539s][info][gc,stats    ] All times are wall-clock times, except per-root-class counters, that are sum over
[0.539s][info][gc,stats    ] all workers. Dividing the <total> over the root stage time estimates parallelism.
[0.539s][info][gc,stats    ] 
[0.539s][info][gc,stats    ] Concurrent Reset                    237 us
[0.539s][info][gc,stats    ] Pause Init Mark (G)                 775 us
[0.539s][info][gc,stats    ] Pause Init Mark (N)                  83 us
[0.539s][info][gc,stats    ]   Update Region States               23 us
[0.539s][info][gc,stats    ] Concurrent Mark Roots               355 us, parallelism: 0.93x
[0.539s][info][gc,stats    ]   CMR: <total>                      329 us
[0.539s][info][gc,stats    ]   CMR: Thread Roots                 298 us, workers (us):  16, 282, ---, ---, ---, ---, ---, ---, 
[0.539s][info][gc,stats    ]   CMR: VM Strong Roots                4 us, workers (us):   3,   1, ---, ---, ---, ---, ---, ---, 
[0.539s][info][gc,stats    ]   CMR: CLDG Roots                    27 us, workers (us):  27, ---, ---, ---, ---, ---, ---, ---, 
[0.539s][info][gc,stats    ] Concurrent Marking                  952 us
[0.539s][info][gc,stats    ] Pause Final Mark (G)                278 us
[0.539s][info][gc,stats    ] Pause Final Mark (N)                184 us
[0.539s][info][gc,stats    ]   Finish Mark                        71 us
[0.539s][info][gc,stats    ]   Update Region States               13 us
[0.539s][info][gc,stats    ]   Choose Collection Set              32 us
[0.539s][info][gc,stats    ]   Rebuild Free Set                   17 us
[0.539s][info][gc,stats    ] Concurrent Thread Roots             116 us, parallelism: 0.82x
[0.539s][info][gc,stats    ]   CTR: <total>                       95 us
[0.539s][info][gc,stats    ]   CTR: Thread Roots                  95 us, workers (us):  70,  25, ---, ---, ---, ---, ---, ---, 
[0.539s][info][gc,stats    ] Concurrent Weak References          177 us, parallelism: 0.26x
[0.539s][info][gc,stats    ]   CWRF: <total>                      46 us
[0.539s][info][gc,stats    ]   CWRF: Weak References              46 us, workers (us):  43,   2, ---, ---, ---, ---, ---, ---, 
[0.539s][info][gc,stats    ] Concurrent Weak Roots               488 us
[0.539s][info][gc,stats    ]   Roots                             107 us, parallelism: 1.61x
[0.539s][info][gc,stats    ]     CWR: <total>                    172 us
[0.539s][info][gc,stats    ]     CWR: Code Cache Roots            70 us, workers (us):  44,  25, ---, ---, ---, ---, ---, ---, 
[0.539s][info][gc,stats    ]     CWR: VM Weak Roots              102 us, workers (us):  50,  51, ---, ---, ---, ---, ---, ---, 
[0.539s][info][gc,stats    ]     CWR: CLDG Roots                   0 us, workers (us):   0, ---, ---, ---, ---, ---, ---, ---, 
[0.539s][info][gc,stats    ]   Rendezvous                        341 us
[0.539s][info][gc,stats    ] Concurrent Cleanup                   73 us
[0.539s][info][gc,stats    ] Concurrent Class Unloading          281 us
[0.539s][info][gc,stats    ]   Unlink Stale                      221 us
[0.539s][info][gc,stats    ]     System Dictionary                26 us
[0.539s][info][gc,stats    ]     Weak Class Links                  0 us
[0.539s][info][gc,stats    ]     Code Roots                      194 us
[0.539s][info][gc,stats    ]   Rendezvous                         17 us
[0.539s][info][gc,stats    ]   Purge Unlinked                      4 us
[0.539s][info][gc,stats    ]     Code Roots                        1 us
[0.539s][info][gc,stats    ]     CLDG                              3 us
[0.539s][info][gc,stats    ]     Exception Caches                  0 us
[0.539s][info][gc,stats    ] Concurrent Strong Roots              97 us, parallelism: 0.66x
[0.539s][info][gc,stats    ]   CSR: <total>                       64 us
[0.539s][info][gc,stats    ]   CSR: VM Strong Roots                4 us, workers (us):   2,   2, ---, ---, ---, ---, ---, ---, 
[0.539s][info][gc,stats    ]   CSR: CLDG Roots                    59 us, workers (us):  59, ---, ---, ---, ---, ---, ---, ---, 
[0.539s][info][gc,stats    ] Concurrent Evacuation              1098 us
[0.539s][info][gc,stats    ] Pause Init Update Refs (G)          197 us
[0.539s][info][gc,stats    ] Pause Init Update Refs (N)           73 us
[0.539s][info][gc,stats    ]   Manage GCLABs                       4 us
[0.539s][info][gc,stats    ] Concurrent Update Refs              929 us
[0.539s][info][gc,stats    ] Concurrent Update Thread Roots      734 us
[0.539s][info][gc,stats    ] Pause Final Update Refs (G)         269 us
[0.539s][info][gc,stats    ] Pause Final Update Refs (N)         160 us
[0.539s][info][gc,stats    ]   Update Region States               14 us
[0.539s][info][gc,stats    ]   Trash Collection Set                3 us
[0.539s][info][gc,stats    ]   Rebuild Free Set                   16 us
[0.539s][info][gc,stats    ] Concurrent Cleanup                   74 us
[0.539s][info][gc,stats    ] 
[0.539s][info][gc,stats    ] Allocation pacing accrued:
[0.539s][info][gc,stats    ]       0 of     9 ms (  0.0%): <total>
[0.539s][info][gc,stats    ]       0 of     9 ms (  0.0%): <average total>
[0.539s][info][gc,stats    ] 
[0.539s][info][gc,metaspace] Metaspace: 1432K(1600K)->1453K(1600K) NonClass: 1314K(1408K)->1335K(1408K) Class: 117K(192K)->118K(192K)
[0.539s][info][gc,ergo     ] Pacer for Idle. Initial: 40642K, Alloc Tax Rate: 1.0x
[0.540s][info][gc          ] Trigger: Start next cycle immediately
[0.540s][info][gc,ergo     ] Free: 1873M, Max: 512K regular, 1869M humongous, Frag: 1% external, 0% internal; Reserve: 101888K, Max: 512K
[0.540s][info][gc,start    ] GC(25) Concurrent reset
[0.540s][info][gc,task     ] GC(25) Using 2 of 8 workers for concurrent reset
[0.540s][info][gc,ergo     ] GC(25) Pacer for Reset. Non-Taxable: 1984M
[0.540s][info][gc          ] GC(25) Concurrent reset 0.247ms
[0.541s][info][gc,start    ] GC(25) Pause Init Mark (unload classes)
[0.541s][info][gc,task     ] GC(25) Using 8 of 8 workers for init marking
[0.541s][info][gc,ergo     ] GC(25) Pacer for Mark. Expected Live: 9141K, Free: 1873M, Non-Taxable: 187M, Alloc Tax Rate: 0.0x
[0.541s][info][gc          ] GC(25) Pause Init Mark (unload classes) 0.062ms
[0.541s][info][gc,start    ] GC(25) Concurrent marking roots
[0.541s][info][gc,task     ] GC(25) Using 2 of 8 workers for concurrent marking roots
[0.541s][info][gc          ] GC(25) Concurrent marking roots 0.136ms
[0.541s][info][gc,start    ] GC(25) Concurrent marking (unload classes)
[0.541s][info][gc,task     ] GC(25) Using 2 of 8 workers for concurrent marking
[0.542s][info][gc          ] GC(25) Concurrent marking (unload classes) 0.816ms
[0.542s][info][gc,start    ] GC(25) Pause Final Mark (unload classes)
[0.542s][info][gc,task     ] GC(25) Using 8 of 8 workers for final marking
[0.542s][info][gc,ergo     ] GC(25) Collectable Garbage: 2276K (100%), Immediate: 0B (0%), CSet: 2276K (100%)
[0.542s][info][gc,ergo     ] GC(25) Pacer for Evacuation. Used CSet: 9590K, Free: 1872M, Non-Taxable: 187M, Alloc Tax Rate: 1.1x
[0.542s][info][gc          ] GC(25) Pause Final Mark (unload classes) 0.195ms
[0.542s][info][gc,start    ] GC(25) Concurrent thread roots
[0.542s][info][gc,task     ] GC(25) Using 2 of 8 workers for Concurrent thread roots
[0.542s][info][gc          ] GC(25) Concurrent thread roots 0.205ms
[0.542s][info][gc,start    ] GC(25) Concurrent weak references
[0.542s][info][gc,task     ] GC(25) Using 2 of 8 workers for concurrent weak references
[0.542s][info][gc,ref      ] GC(25) Encountered references: Soft: 62, Weak: 187, Final: 0, Phantom: 577
[0.542s][info][gc,ref      ] GC(25) Discovered  references: Soft: 0, Weak: 46, Final: 0, Phantom: 577
[0.542s][info][gc,ref      ] GC(25) Enqueued    references: Soft: 0, Weak: 1, Final: 0, Phantom: 0
[0.542s][info][gc          ] GC(25) Concurrent weak references 0.104ms
[0.542s][info][gc,start    ] GC(25) Concurrent weak roots
[0.542s][info][gc,task     ] GC(25) Using 2 of 8 workers for concurrent weak root
[0.543s][info][gc          ] GC(25) Concurrent weak roots 0.246ms
[0.543s][info][gc,start    ] GC(25) Concurrent cleanup
[0.543s][info][gc          ] GC(25) Concurrent cleanup 11M->11M(142M) 0.059ms
[0.543s][info][gc,ergo     ] GC(25) Free: 1872M, Max: 512K regular, 1869M humongous, Frag: 1% external, 0% internal; Reserve: 101734K, Max: 512K
[0.543s][info][gc,start    ] GC(25) Concurrent class unloading
[0.543s][info][gc,task     ] GC(25) Using 2 of 8 workers for concurrent class unloading
[0.543s][info][gc          ] GC(25) Concurrent class unloading 0.347ms
[0.543s][info][gc,start    ] GC(25) Concurrent strong roots
[0.543s][info][gc,task     ] GC(25) Using 2 of 8 workers for concurrent strong root
[0.543s][info][gc          ] GC(25) Concurrent strong roots 0.088ms
[0.543s][info][gc,start    ] GC(25) Concurrent evacuation
[0.543s][info][gc,task     ] GC(25) Using 2 of 8 workers for concurrent evacuation
[0.544s][info][gc          ] GC(25) Concurrent evacuation 1.200ms
[0.545s][info][gc,start    ] GC(25) Pause Init Update Refs
[0.545s][info][gc,ergo     ] GC(25) Pacer for Update Refs. Used: 21122K, Free: 1872M, Non-Taxable: 187M, Alloc Tax Rate: 1.1x
[0.545s][info][gc          ] GC(25) Pause Init Update Refs 0.090ms
[0.545s][info][gc,start    ] GC(25) Concurrent update references
[0.545s][info][gc,task     ] GC(25) Using 2 of 8 workers for concurrent reference update
[0.546s][info][gc          ] GC(25) Concurrent update references 0.923ms
[0.546s][info][gc,start    ] GC(25) Concurrent update thread roots
[0.546s][info][gc          ] GC(25) Concurrent update thread roots 0.301ms
[0.546s][info][gc,start    ] GC(25) Pause Final Update Refs
[0.546s][info][gc,task     ] GC(25) Using 8 of 8 workers for final reference update
[0.546s][info][gc          ] GC(25) Pause Final Update Refs 0.113ms
[0.546s][info][gc,start    ] GC(25) Concurrent cleanup
[0.546s][info][gc          ] GC(25) Concurrent cleanup 20M->11M(142M) 0.065ms
[0.546s][info][gc,ergo     ] Free: 1873M, Max: 512K regular, 1869M humongous, Frag: 1% external, 0% internal; Reserve: 101888K, Max: 512K
[0.546s][info][gc,stats    ] 
[0.546s][info][gc,stats    ] All times are wall-clock times, except per-root-class counters, that are sum over
[0.546s][info][gc,stats    ] all workers. Dividing the <total> over the root stage time estimates parallelism.
[0.546s][info][gc,stats    ] 
[0.546s][info][gc,stats    ] Concurrent Reset                    270 us
[0.546s][info][gc,stats    ] Pause Init Mark (G)                 169 us
[0.546s][info][gc,stats    ] Pause Init Mark (N)                  68 us
[0.546s][info][gc,stats    ]   Update Region States               21 us
[0.546s][info][gc,stats    ] Concurrent Mark Roots               153 us, parallelism: 0.90x
[0.546s][info][gc,stats    ]   CMR: <total>                      138 us
[0.546s][info][gc,stats    ]   CMR: Thread Roots                 102 us, workers (us):  21,  81, ---, ---, ---, ---, ---, ---, 
[0.546s][info][gc,stats    ]   CMR: VM Strong Roots                3 us, workers (us):   2,   1, ---, ---, ---, ---, ---, ---, 
[0.546s][info][gc,stats    ]   CMR: CLDG Roots                    33 us, workers (us):  33, ---, ---, ---, ---, ---, ---, ---, 
[0.546s][info][gc,stats    ] Concurrent Marking                  843 us
[0.546s][info][gc,stats    ] Pause Final Mark (G)                335 us
[0.546s][info][gc,stats    ] Pause Final Mark (N)                203 us
[0.546s][info][gc,stats    ]   Finish Mark                        93 us
[0.546s][info][gc,stats    ]   Update Region States               13 us
[0.546s][info][gc,stats    ]   Choose Collection Set              31 us
[0.546s][info][gc,stats    ]   Rebuild Free Set                   18 us
[0.546s][info][gc,stats    ] Concurrent Thread Roots             221 us, parallelism: 0.95x
[0.546s][info][gc,stats    ]   CTR: <total>                      209 us
[0.546s][info][gc,stats    ]   CTR: Thread Roots                 209 us, workers (us): 151,  58, ---, ---, ---, ---, ---, ---, 
[0.546s][info][gc,stats    ] Concurrent Weak References          127 us, parallelism: 0.33x
[0.546s][info][gc,stats    ]   CWRF: <total>                      42 us
[0.546s][info][gc,stats    ]   CWRF: Weak References              42 us, workers (us):  40,   3, ---, ---, ---, ---, ---, ---, 
[0.547s][info][gc,stats    ] Concurrent Weak Roots               266 us
[0.547s][info][gc,stats    ]   Roots                             122 us, parallelism: 1.45x
[0.547s][info][gc,stats    ]     CWR: <total>                    177 us
[0.547s][info][gc,stats    ]     CWR: Code Cache Roots            66 us, workers (us):  24,  41, ---, ---, ---, ---, ---, ---, 
[0.547s][info][gc,stats    ]     CWR: VM Weak Roots              110 us, workers (us):  63,  47, ---, ---, ---, ---, ---, ---, 
[0.547s][info][gc,stats    ]     CWR: CLDG Roots                   1 us, workers (us): ---,   1, ---, ---, ---, ---, ---, ---, 
[0.547s][info][gc,stats    ]   Rendezvous                        102 us
[0.547s][info][gc,stats    ] Concurrent Cleanup                   71 us
[0.547s][info][gc,stats    ] Concurrent Class Unloading          370 us
[0.547s][info][gc,stats    ]   Unlink Stale                      296 us
[0.547s][info][gc,stats    ]     System Dictionary                33 us
[0.547s][info][gc,stats    ]     Weak Class Links                  0 us
[0.547s][info][gc,stats    ]     Code Roots                      263 us
[0.547s][info][gc,stats    ]   Rendezvous                         22 us
[0.547s][info][gc,stats    ]   Purge Unlinked                      4 us
[0.547s][info][gc,stats    ]     Code Roots                        0 us
[0.547s][info][gc,stats    ]     CLDG                              3 us
[0.547s][info][gc,stats    ]     Exception Caches                  0 us
[0.547s][info][gc,stats    ] Concurrent Strong Roots             101 us, parallelism: 0.57x
[0.547s][info][gc,stats    ]   CSR: <total>                       58 us
[0.547s][info][gc,stats    ]   CSR: VM Strong Roots                5 us, workers (us):   3,   2, ---, ---, ---, ---, ---, ---, 
[0.547s][info][gc,stats    ]   CSR: CLDG Roots                    54 us, workers (us): ---,  54, ---, ---, ---, ---, ---, ---, 
[0.547s][info][gc,stats    ] Concurrent Evacuation              1222 us
[0.547s][info][gc,stats    ] Pause Init Update Refs (G)          219 us
[0.547s][info][gc,stats    ] Pause Init Update Refs (N)          116 us
[0.547s][info][gc,stats    ]   Manage GCLABs                       3 us
[0.547s][info][gc,stats    ] Concurrent Update Refs              940 us
[0.547s][info][gc,stats    ] Concurrent Update Thread Roots      314 us
[0.547s][info][gc,stats    ] Pause Final Update Refs (G)         258 us
[0.547s][info][gc,stats    ] Pause Final Update Refs (N)         153 us
[0.547s][info][gc,stats    ]   Update Region States               13 us
[0.547s][info][gc,stats    ]   Trash Collection Set                3 us
[0.547s][info][gc,stats    ]   Rebuild Free Set                   17 us
[0.547s][info][gc,stats    ] Concurrent Cleanup                   75 us
[0.547s][info][gc,stats    ] 
[0.547s][info][gc,stats    ] Allocation pacing accrued:
[0.547s][info][gc,stats    ]       0 of     8 ms (  0.0%): <total>
[0.547s][info][gc,stats    ]       0 of     8 ms (  0.0%): <average total>
[0.547s][info][gc,stats    ] 
[0.547s][info][gc,metaspace] Metaspace: 1483K(1664K)->1580K(1792K) NonClass: 1359K(1472K)->1438K(1536K) Class: 123K(192K)->142K(256K)
[0.547s][info][gc,ergo     ] Pacer for Idle. Initial: 40642K, Alloc Tax Rate: 1.0x
[0.548s][info][gc          ] Trigger: Start next cycle immediately
[0.548s][info][gc,ergo     ] Free: 1873M, Max: 512K regular, 1869M humongous, Frag: 1% external, 0% internal; Reserve: 101888K, Max: 512K
[0.548s][info][gc,start    ] GC(26) Concurrent reset
[0.548s][info][gc,task     ] GC(26) Using 2 of 8 workers for concurrent reset
[0.548s][info][gc,ergo     ] GC(26) Pacer for Reset. Non-Taxable: 1984M
[0.548s][info][gc          ] GC(26) Concurrent reset 0.171ms
[0.548s][info][gc,start    ] GC(26) Pause Init Mark
[0.548s][info][gc,task     ] GC(26) Using 8 of 8 workers for init marking
[0.548s][info][gc,ergo     ] GC(26) Pacer for Mark. Expected Live: 9164K, Free: 1873M, Non-Taxable: 187M, Alloc Tax Rate: 0.0x
[0.548s][info][gc          ] GC(26) Pause Init Mark 0.111ms
[0.548s][info][gc,start    ] GC(26) Concurrent marking roots
[0.548s][info][gc,task     ] GC(26) Using 2 of 8 workers for concurrent marking roots
[0.549s][info][gc          ] GC(26) Concurrent marking roots 0.307ms
[0.549s][info][gc,start    ] GC(26) Concurrent marking
[0.549s][info][gc,task     ] GC(26) Using 2 of 8 workers for concurrent marking
[0.549s][info][gc          ] GC(26) Concurrent marking 0.787ms
[0.550s][info][gc,start    ] GC(26) Pause Final Mark
[0.550s][info][gc,task     ] GC(26) Using 8 of 8 workers for final marking
[0.550s][info][gc,ergo     ] GC(26) Collectable Garbage: 2301K (100%), Immediate: 0B (0%), CSet: 2301K (100%)
[0.550s][info][gc,ergo     ] GC(26) Pacer for Evacuation. Used CSet: 9628K, Free: 1872M, Non-Taxable: 187M, Alloc Tax Rate: 1.1x
[0.550s][info][gc          ] GC(26) Pause Final Mark 0.327ms
[0.550s][info][gc,start    ] GC(26) Concurrent thread roots
[0.550s][info][gc,task     ] GC(26) Using 2 of 8 workers for Concurrent thread roots
[0.550s][info][gc          ] GC(26) Concurrent thread roots 0.099ms
[0.550s][info][gc,start    ] GC(26) Concurrent weak references
[0.550s][info][gc,task     ] GC(26) Using 2 of 8 workers for concurrent weak references
[0.550s][info][gc,ref      ] GC(26) Encountered references: Soft: 71, Weak: 200, Final: 0, Phantom: 577
[0.550s][info][gc,ref      ] GC(26) Discovered  references: Soft: 0, Weak: 46, Final: 0, Phantom: 576
[0.550s][info][gc,ref      ] GC(26) Enqueued    references: Soft: 0, Weak: 2, Final: 0, Phantom: 0
[0.550s][info][gc          ] GC(26) Concurrent weak references 0.086ms
[0.550s][info][gc,start    ] GC(26) Concurrent weak roots
[0.550s][info][gc,task     ] GC(26) Using 2 of 8 workers for concurrent weak root
[0.550s][info][gc          ] GC(26) Concurrent weak roots 0.116ms
[0.550s][info][gc,start    ] GC(26) Concurrent cleanup
[0.550s][info][gc          ] GC(26) Concurrent cleanup 11M->11M(142M) 0.056ms
[0.550s][info][gc,ergo     ] GC(26) Free: 1872M, Max: 512K regular, 1869M humongous, Frag: 1% external, 0% internal; Reserve: 101702K, Max: 512K
[0.550s][info][gc,start    ] GC(26) Concurrent strong roots
[0.550s][info][gc,task     ] GC(26) Using 2 of 8 workers for concurrent strong root
[0.551s][info][gc          ] GC(26) Concurrent strong roots 0.217ms
[0.551s][info][gc,start    ] GC(26) Concurrent evacuation
[0.551s][info][gc,task     ] GC(26) Using 2 of 8 workers for concurrent evacuation
[0.552s][info][gc          ] GC(26) Concurrent evacuation 0.929ms
[0.552s][info][gc,start    ] GC(26) Pause Init Update Refs
[0.552s][info][gc,ergo     ] GC(26) Pacer for Update Refs. Used: 21241K, Free: 1872M, Non-Taxable: 187M, Alloc Tax Rate: 1.1x
[0.552s][info][gc          ] GC(26) Pause Init Update Refs 0.094ms
[0.552s][info][gc,start    ] GC(26) Concurrent update references
[0.552s][info][gc,task     ] GC(26) Using 2 of 8 workers for concurrent reference update
[0.553s][info][gc          ] GC(26) Concurrent update references 0.781ms
[0.553s][info][gc,start    ] GC(26) Concurrent update thread roots
[0.553s][info][gc          ] GC(26) Concurrent update thread roots 0.596ms
[0.555s][info][gc,start    ] GC(26) Pause Final Update Refs
[0.555s][info][gc,task     ] GC(26) Using 8 of 8 workers for final reference update
[0.555s][info][gc          ] GC(26) Pause Final Update Refs 0.153ms
[0.555s][info][gc,start    ] GC(26) Concurrent cleanup
[0.555s][info][gc          ] GC(26) Concurrent cleanup 20M->11M(142M) 0.073ms
[0.555s][info][gc,ergo     ] Free: 1873M, Max: 512K regular, 1869M humongous, Frag: 1% external, 0% internal; Reserve: 101888K, Max: 512K
[0.555s][info][gc,stats    ] 
[0.555s][info][gc,stats    ] All times are wall-clock times, except per-root-class counters, that are sum over
[0.555s][info][gc,stats    ] all workers. Dividing the <total> over the root stage time estimates parallelism.
[0.555s][info][gc,stats    ] 
[0.555s][info][gc,stats    ] Concurrent Reset                    188 us
[0.555s][info][gc,stats    ] Pause Init Mark (G)                 244 us
[0.555s][info][gc,stats    ] Pause Init Mark (N)                 122 us
[0.555s][info][gc,stats    ]   Update Region States               20 us
[0.555s][info][gc,stats    ] Concurrent Mark Roots               320 us, parallelism: 1.17x
[0.555s][info][gc,stats    ]   CMR: <total>                      374 us
[0.555s][info][gc,stats    ]   CMR: Thread Roots                 251 us, workers (us):  49, 202, ---, ---, ---, ---, ---, ---, 
[0.555s][info][gc,stats    ]   CMR: Code Cache Roots              94 us, workers (us):  36,  58, ---, ---, ---, ---, ---, ---, 
[0.555s][info][gc,stats    ]   CMR: VM Strong Roots                3 us, workers (us):   3,   0, ---, ---, ---, ---, ---, ---, 
[0.555s][info][gc,stats    ]   CMR: CLDG Roots                    26 us, workers (us):  26, ---, ---, ---, ---, ---, ---, ---, 
[0.555s][info][gc,stats    ] Concurrent Marking                  806 us
[0.555s][info][gc,stats    ] Pause Final Mark (G)                514 us
[0.555s][info][gc,stats    ] Pause Final Mark (N)                396 us
[0.555s][info][gc,stats    ]   Finish Mark                       104 us
[0.555s][info][gc,stats    ]   Update Region States               13 us
[0.555s][info][gc,stats    ]   Choose Collection Set              68 us
[0.555s][info][gc,stats    ]   Rebuild Free Set                   18 us
[0.555s][info][gc,stats    ] Concurrent Thread Roots             109 us, parallelism: 0.82x
[0.555s][info][gc,stats    ]   CTR: <total>                       90 us
[0.555s][info][gc,stats    ]   CTR: Thread Roots                  90 us, workers (us):  64,  26, ---, ---, ---, ---, ---, ---, 
[0.555s][info][gc,stats    ] Concurrent Weak References           94 us, parallelism: 0.42x
[0.555s][info][gc,stats    ]   CWRF: <total>                      39 us
[0.555s][info][gc,stats    ]   CWRF: Weak References              39 us, workers (us):  38,   2, ---, ---, ---, ---, ---, ---, 
[0.555s][info][gc,stats    ] Concurrent Weak Roots               125 us
[0.555s][info][gc,stats    ]   Roots                              81 us, parallelism: 1.43x
[0.555s][info][gc,stats    ]     CWR: <total>                    116 us
[0.555s][info][gc,stats    ]     CWR: VM Weak Roots              116 us, workers (us):  63,  53, ---, ---, ---, ---, ---, ---, 
[0.555s][info][gc,stats    ]   Rendezvous                         19 us
[0.555s][info][gc,stats    ] Concurrent Cleanup                   65 us
[0.555s][info][gc,stats    ] Concurrent Strong Roots             231 us, parallelism: 0.78x
[0.555s][info][gc,stats    ]   CSR: <total>                      181 us
[0.555s][info][gc,stats    ]   CSR: Code Cache Roots             118 us, workers (us): 118,   0, ---, ---, ---, ---, ---, ---, 
[0.555s][info][gc,stats    ]   CSR: VM Strong Roots                5 us, workers (us):   5,   0, ---, ---, ---, ---, ---, ---, 
[0.555s][info][gc,stats    ]   CSR: CLDG Roots                    58 us, workers (us):  58, ---, ---, ---, ---, ---, ---, ---, 
[0.555s][info][gc,stats    ] Concurrent Evacuation               947 us
[0.555s][info][gc,stats    ] Pause Init Update Refs (G)          233 us
[0.555s][info][gc,stats    ] Pause Init Update Refs (N)          124 us
[0.555s][info][gc,stats    ]   Manage GCLABs                       3 us
[0.555s][info][gc,stats    ] Concurrent Update Refs              803 us
[0.555s][info][gc,stats    ] Concurrent Update Thread Roots      612 us
[0.555s][info][gc,stats    ] Pause Final Update Refs (G)        1596 us
[0.555s][info][gc,stats    ] Pause Final Update Refs (N)         195 us
[0.555s][info][gc,stats    ]   Update Region States               14 us
[0.555s][info][gc,stats    ]   Trash Collection Set                2 us
[0.555s][info][gc,stats    ]   Rebuild Free Set                   17 us
[0.555s][info][gc,stats    ] Concurrent Cleanup                   84 us
[0.555s][info][gc,stats    ] 
[0.555s][info][gc,stats    ] Allocation pacing accrued:
[0.555s][info][gc,stats    ]       0 of     9 ms (  0.0%): <total>
[0.555s][info][gc,stats    ]       0 of     9 ms (  0.0%): <average total>
[0.556s][info][gc,stats    ] 
[0.556s][info][gc,metaspace] Metaspace: 1583K(1792K)->1589K(1792K) NonClass: 1441K(1536K)->1446K(1536K) Class: 142K(256K)->143K(256K)
[0.556s][info][gc,ergo     ] Pacer for Idle. Initial: 40642K, Alloc Tax Rate: 1.0x
[0.557s][info][gc          ] Trigger: Start next cycle immediately
[0.557s][info][gc,ergo     ] Free: 1873M, Max: 512K regular, 1869M humongous, Frag: 1% external, 0% internal; Reserve: 101888K, Max: 512K
[0.557s][info][gc,start    ] GC(27) Concurrent reset
[0.557s][info][gc,task     ] GC(27) Using 2 of 8 workers for concurrent reset
[0.557s][info][gc,ergo     ] GC(27) Pacer for Reset. Non-Taxable: 1984M
[0.557s][info][gc          ] GC(27) Concurrent reset 0.214ms
[0.557s][info][gc,start    ] GC(27) Pause Init Mark (unload classes)
[0.557s][info][gc,task     ] GC(27) Using 8 of 8 workers for init marking
[0.557s][info][gc,ergo     ] GC(27) Pacer for Mark. Expected Live: 9188K, Free: 1873M, Non-Taxable: 187M, Alloc Tax Rate: 0.0x
[0.557s][info][gc          ] GC(27) Pause Init Mark (unload classes) 0.064ms
[0.557s][info][gc,start    ] GC(27) Concurrent marking roots
[0.557s][info][gc,task     ] GC(27) Using 2 of 8 workers for concurrent marking roots
[0.557s][info][gc          ] GC(27) Concurrent marking roots 0.197ms
[0.557s][info][gc,start    ] GC(27) Concurrent marking (unload classes)
[0.557s][info][gc,task     ] GC(27) Using 2 of 8 workers for concurrent marking
[0.558s][info][gc          ] GC(27) Concurrent marking (unload classes) 0.955ms
[0.558s][info][gc,start    ] GC(27) Pause Final Mark (unload classes)
[0.558s][info][gc,task     ] GC(27) Using 8 of 8 workers for final marking
[0.559s][info][gc,ergo     ] GC(27) Collectable Garbage: 2372K (100%), Immediate: 0B (0%), CSet: 2372K (100%)
[0.559s][info][gc,ergo     ] GC(27) Pacer for Evacuation. Used CSet: 9705K, Free: 1872M, Non-Taxable: 187M, Alloc Tax Rate: 1.1x
[0.559s][info][gc          ] GC(27) Pause Final Mark (unload classes) 0.205ms
[0.559s][info][gc,start    ] GC(27) Concurrent thread roots
[0.559s][info][gc,task     ] GC(27) Using 2 of 8 workers for Concurrent thread roots
[0.559s][info][gc          ] GC(27) Concurrent thread roots 0.131ms
[0.559s][info][gc,start    ] GC(27) Concurrent weak references
[0.559s][info][gc,task     ] GC(27) Using 2 of 8 workers for concurrent weak references
[0.559s][info][gc,ref      ] GC(27) Encountered references: Soft: 76, Weak: 211, Final: 0, Phantom: 577
[0.559s][info][gc,ref      ] GC(27) Discovered  references: Soft: 0, Weak: 44, Final: 0, Phantom: 577
[0.559s][info][gc,ref      ] GC(27) Enqueued    references: Soft: 0, Weak: 1, Final: 0, Phantom: 0
[0.559s][info][gc          ] GC(27) Concurrent weak references 0.104ms
[0.559s][info][gc,start    ] GC(27) Concurrent weak roots
[0.559s][info][gc,task     ] GC(27) Using 2 of 8 workers for concurrent weak root
[0.559s][info][gc          ] GC(27) Concurrent weak roots 0.173ms
[0.559s][info][gc,start    ] GC(27) Concurrent cleanup
[0.559s][info][gc          ] GC(27) Concurrent cleanup 12M->12M(142M) 0.059ms
[0.559s][info][gc,ergo     ] GC(27) Free: 1872M, Max: 512K regular, 1869M humongous, Frag: 1% external, 0% internal; Reserve: 101728K, Max: 512K
[0.559s][info][gc,start    ] GC(27) Concurrent class unloading
[0.559s][info][gc,task     ] GC(27) Using 2 of 8 workers for concurrent class unloading
[0.560s][info][gc          ] GC(27) Concurrent class unloading 0.495ms
[0.560s][info][gc,start    ] GC(27) Concurrent strong roots
[0.560s][info][gc,task     ] GC(27) Using 2 of 8 workers for concurrent strong root
[0.560s][info][gc          ] GC(27) Concurrent strong roots 0.100ms
[0.560s][info][gc,start    ] GC(27) Concurrent evacuation
[0.560s][info][gc,task     ] GC(27) Using 2 of 8 workers for concurrent evacuation
[0.562s][info][gc          ] GC(27) Concurrent evacuation 1.864ms
[0.563s][info][gc,start    ] GC(27) Pause Init Update Refs
[0.563s][info][gc,ergo     ] GC(27) Pacer for Update Refs. Used: 20699K, Free: 1872M, Non-Taxable: 187M, Alloc Tax Rate: 1.1x
[0.563s][info][gc          ] GC(27) Pause Init Update Refs 0.037ms
[0.563s][info][gc,start    ] GC(27) Concurrent update references
[0.563s][info][gc,task     ] GC(27) Using 2 of 8 workers for concurrent reference update
[0.564s][info][gc          ] GC(27) Concurrent update references 0.918ms
[0.564s][info][gc,start    ] GC(27) Concurrent update thread roots
[0.565s][info][gc          ] GC(27) Concurrent update thread roots 0.220ms
[0.565s][info][gc,start    ] GC(27) Pause Final Update Refs
[0.565s][info][gc,task     ] GC(27) Using 8 of 8 workers for final reference update
[0.565s][info][gc          ] GC(27) Pause Final Update Refs 0.065ms
[0.565s][info][gc,start    ] GC(27) Concurrent cleanup
[0.565s][info][gc          ] GC(27) Concurrent cleanup 20M->10M(142M) 0.067ms
[0.565s][info][gc,ergo     ] Free: 1873M, Max: 512K regular, 1870M humongous, Frag: 1% external, 0% internal; Reserve: 101888K, Max: 512K
[0.565s][info][gc,stats    ] 
[0.565s][info][gc,stats    ] All times are wall-clock times, except per-root-class counters, that are sum over
[0.565s][info][gc,stats    ] all workers. Dividing the <total> over the root stage time estimates parallelism.
[0.565s][info][gc,stats    ] 
[0.565s][info][gc,stats    ] Concurrent Reset                    228 us
[0.565s][info][gc,stats    ] Pause Init Mark (G)                 179 us
[0.565s][info][gc,stats    ] Pause Init Mark (N)                  72 us
[0.565s][info][gc,stats    ]   Update Region States               22 us
[0.565s][info][gc,stats    ] Concurrent Mark Roots               213 us, parallelism: 0.72x
[0.565s][info][gc,stats    ]   CMR: <total>                      153 us
[0.565s][info][gc,stats    ]   CMR: Thread Roots                 117 us, workers (us):  98,  19, ---, ---, ---, ---, ---, ---, 
[0.565s][info][gc,stats    ]   CMR: VM Strong Roots                3 us, workers (us):   3,   0, ---, ---, ---, ---, ---, ---, 
[0.565s][info][gc,stats    ]   CMR: CLDG Roots                    33 us, workers (us):  33, ---, ---, ---, ---, ---, ---, ---, 
[0.565s][info][gc,stats    ] Concurrent Marking                  976 us
[0.565s][info][gc,stats    ] Pause Final Mark (G)                307 us
[0.565s][info][gc,stats    ] Pause Final Mark (N)                214 us
[0.565s][info][gc,stats    ]   Finish Mark                        98 us
[0.565s][info][gc,stats    ]   Update Region States               14 us
[0.565s][info][gc,stats    ]   Choose Collection Set              33 us
[0.565s][info][gc,stats    ]   Rebuild Free Set                   18 us
[0.565s][info][gc,stats    ] Concurrent Thread Roots             146 us, parallelism: 0.80x
[0.565s][info][gc,stats    ]   CTR: <total>                      117 us
[0.565s][info][gc,stats    ]   CTR: Thread Roots                 117 us, workers (us):  94,  23, ---, ---, ---, ---, ---, ---, 
[0.565s][info][gc,stats    ] Concurrent Weak References          129 us, parallelism: 0.35x
[0.565s][info][gc,stats    ]   CWRF: <total>                      45 us
[0.565s][info][gc,stats    ]   CWRF: Weak References              45 us, workers (us):  44,   1, ---, ---, ---, ---, ---, ---, 
[0.565s][info][gc,stats    ] Concurrent Weak Roots               189 us
[0.565s][info][gc,stats    ]   Roots                             123 us, parallelism: 1.47x
[0.565s][info][gc,stats    ]     CWR: <total>                    181 us
[0.565s][info][gc,stats    ]     CWR: Code Cache Roots            66 us, workers (us):  42,  25, ---, ---, ---, ---, ---, ---, 
[0.565s][info][gc,stats    ]     CWR: VM Weak Roots              113 us, workers (us):  59,  54, ---, ---, ---, ---, ---, ---, 
[0.565s][info][gc,stats    ]     CWR: CLDG Roots                   1 us, workers (us):   1, ---, ---, ---, ---, ---, ---, ---, 
[0.565s][info][gc,stats    ]   Rendezvous                         25 us
[0.565s][info][gc,stats    ] Concurrent Cleanup                   94 us
[0.565s][info][gc,stats    ] Concurrent Class Unloading          515 us
[0.565s][info][gc,stats    ]   Unlink Stale                      299 us
[0.565s][info][gc,stats    ]     System Dictionary                40 us
[0.565s][info][gc,stats    ]     Weak Class Links                  0 us
[0.565s][info][gc,stats    ]     Code Roots                      259 us
[0.565s][info][gc,stats    ]   Rendezvous                        154 us
[0.565s][info][gc,stats    ]   Purge Unlinked                      4 us
[0.565s][info][gc,stats    ]     Code Roots                        1 us
[0.565s][info][gc,stats    ]     CLDG                              3 us
[0.565s][info][gc,stats    ]     Exception Caches                  0 us
[0.565s][info][gc,stats    ] Concurrent Strong Roots             112 us, parallelism: 0.60x
[0.565s][info][gc,stats    ]   CSR: <total>                       68 us
[0.565s][info][gc,stats    ]   CSR: VM Strong Roots                4 us, workers (us):   3,   2, ---, ---, ---, ---, ---, ---, 
[0.565s][info][gc,stats    ]   CSR: CLDG Roots                    63 us, workers (us): ---,  63, ---, ---, ---, ---, ---, ---, 
[0.565s][info][gc,stats    ] Concurrent Evacuation              1887 us
[0.565s][info][gc,stats    ] Pause Init Update Refs (G)         1749 us
[0.565s][info][gc,stats    ] Pause Init Update Refs (N)           45 us
[0.565s][info][gc,stats    ]   Manage GCLABs                       3 us
[0.565s][info][gc,stats    ] Concurrent Update Refs              944 us
[0.566s][info][gc,stats    ] Concurrent Update Thread Roots      238 us
[0.566s][info][gc,stats    ] Pause Final Update Refs (G)         174 us
[0.566s][info][gc,stats    ] Pause Final Update Refs (N)          75 us
[0.566s][info][gc,stats    ]   Update Region States               18 us
[0.566s][info][gc,stats    ]   Trash Collection Set                2 us
[0.566s][info][gc,stats    ]   Rebuild Free Set                   16 us
[0.566s][info][gc,stats    ] Concurrent Cleanup                   82 us
[0.566s][info][gc,stats    ] 
[0.566s][info][gc,stats    ] Allocation pacing accrued:
[0.566s][info][gc,stats    ]       0 of    10 ms (  0.0%): <total>
[0.566s][info][gc,stats    ]       0 of    10 ms (  0.0%): <average total>
[0.566s][info][gc,stats    ] 
[0.566s][info][gc,metaspace] Metaspace: 1596K(1792K)->1605K(1792K) NonClass: 1453K(1536K)->1461K(1536K) Class: 143K(256K)->143K(256K)
[0.566s][info][gc,ergo     ] Pacer for Idle. Initial: 40642K, Alloc Tax Rate: 1.0x
[0.567s][info][gc          ] Trigger: Start next cycle immediately
[0.567s][info][gc,ergo     ] Free: 1873M, Max: 512K regular, 1870M humongous, Frag: 1% external, 0% internal; Reserve: 101888K, Max: 512K
[0.567s][info][gc,start    ] GC(28) Concurrent reset
[0.567s][info][gc,task     ] GC(28) Using 2 of 8 workers for concurrent reset
[0.567s][info][gc,ergo     ] GC(28) Pacer for Reset. Non-Taxable: 1984M
[0.567s][info][gc          ] GC(28) Concurrent reset 0.257ms
[0.570s][info][gc,start    ] GC(28) Pause Init Mark
[0.570s][info][gc,task     ] GC(28) Using 8 of 8 workers for init marking
[0.570s][info][gc,ergo     ] GC(28) Pacer for Mark. Expected Live: 9211K, Free: 1873M, Non-Taxable: 187M, Alloc Tax Rate: 0.0x
[0.570s][info][gc          ] GC(28) Pause Init Mark 0.074ms
[0.570s][info][gc,start    ] GC(28) Concurrent marking roots
[0.570s][info][gc,task     ] GC(28) Using 2 of 8 workers for concurrent marking roots
[0.570s][info][gc          ] GC(28) Concurrent marking roots 0.339ms
[0.570s][info][gc,start    ] GC(28) Concurrent marking
[0.570s][info][gc,task     ] GC(28) Using 2 of 8 workers for concurrent marking
[0.571s][info][gc          ] GC(28) Concurrent marking 0.900ms
[0.571s][info][gc,start    ] GC(28) Pause Final Mark
[0.571s][info][gc,task     ] GC(28) Using 8 of 8 workers for final marking
[0.571s][info][gc,ergo     ] GC(28) Collectable Garbage: 1731K (100%), Immediate: 0B (0%), CSet: 1731K (100%)
[0.571s][info][gc,ergo     ] GC(28) Pacer for Evacuation. Used CSet: 9087K, Free: 1873M, Non-Taxable: 187M, Alloc Tax Rate: 1.1x
[0.571s][info][gc          ] GC(28) Pause Final Mark 0.205ms
[0.571s][info][gc,start    ] GC(28) Concurrent thread roots
[0.571s][info][gc,task     ] GC(28) Using 2 of 8 workers for Concurrent thread roots
[0.572s][info][gc          ] GC(28) Concurrent thread roots 0.274ms
[0.572s][info][gc,start    ] GC(28) Concurrent weak references
[0.572s][info][gc,task     ] GC(28) Using 2 of 8 workers for concurrent weak references
[0.572s][info][gc,ref      ] GC(28) Encountered references: Soft: 89, Weak: 240, Final: 0, Phantom: 577
[0.572s][info][gc,ref      ] GC(28) Discovered  references: Soft: 0, Weak: 57, Final: 0, Phantom: 576
[0.572s][info][gc,ref      ] GC(28) Enqueued    references: Soft: 0, Weak: 5, Final: 0, Phantom: 0
[0.572s][info][gc          ] GC(28) Concurrent weak references 0.103ms
[0.572s][info][gc,start    ] GC(28) Concurrent weak roots
[0.572s][info][gc,task     ] GC(28) Using 2 of 8 workers for concurrent weak root
[0.572s][info][gc          ] GC(28) Concurrent weak roots 0.125ms
[0.572s][info][gc,start    ] GC(28) Concurrent cleanup
[0.572s][info][gc          ] GC(28) Concurrent cleanup 11M->11M(142M) 0.059ms
[0.572s][info][gc,ergo     ] GC(28) Free: 1873M, Max: 512K regular, 1870M humongous, Frag: 1% external, 0% internal; Reserve: 101700K, Max: 512K
[0.572s][info][gc,start    ] GC(28) Concurrent strong roots
[0.572s][info][gc,task     ] GC(28) Using 2 of 8 workers for concurrent strong root
[0.572s][info][gc          ] GC(28) Concurrent strong roots 0.284ms
[0.572s][info][gc,start    ] GC(28) Concurrent evacuation
[0.572s][info][gc,task     ] GC(28) Using 2 of 8 workers for concurrent evacuation
[0.573s][info][gc          ] GC(28) Concurrent evacuation 1.057ms
[0.573s][info][gc,start    ] GC(28) Pause Init Update Refs
[0.573s][info][gc,ergo     ] GC(28) Pacer for Update Refs. Used: 20718K, Free: 1872M, Non-Taxable: 187M, Alloc Tax Rate: 1.1x
[0.573s][info][gc          ] GC(28) Pause Init Update Refs 0.037ms
[0.573s][info][gc,start    ] GC(28) Concurrent update references
[0.574s][info][gc,task     ] GC(28) Using 2 of 8 workers for concurrent reference update
[0.574s][info][gc          ] GC(28) Concurrent update references 0.958ms
[0.574s][info][gc,start    ] GC(28) Concurrent update thread roots
[0.575s][info][gc          ] GC(28) Concurrent update thread roots 0.316ms
[0.575s][info][gc,start    ] GC(28) Pause Final Update Refs
[0.575s][info][gc,task     ] GC(28) Using 8 of 8 workers for final reference update
[0.575s][info][gc          ] GC(28) Pause Final Update Refs 0.067ms
[0.575s][info][gc,start    ] GC(28) Concurrent cleanup
[0.575s][info][gc          ] GC(28) Concurrent cleanup 20M->11M(142M) 0.071ms
[0.575s][info][gc,ergo     ] Free: 1873M, Max: 512K regular, 1869M humongous, Frag: 1% external, 0% internal; Reserve: 101888K, Max: 512K
[0.575s][info][gc,stats    ] 
[0.575s][info][gc,stats    ] All times are wall-clock times, except per-root-class counters, that are sum over
[0.575s][info][gc,stats    ] all workers. Dividing the <total> over the root stage time estimates parallelism.
[0.575s][info][gc,stats    ] 
[0.575s][info][gc,stats    ] Concurrent Reset                    283 us
[0.575s][info][gc,stats    ] Pause Init Mark (G)                2596 us
[0.575s][info][gc,stats    ] Pause Init Mark (N)                  82 us
[0.575s][info][gc,stats    ]   Update Region States               20 us
[0.575s][info][gc,stats    ] Concurrent Mark Roots               356 us, parallelism: 1.10x
[0.575s][info][gc,stats    ]   CMR: <total>                      392 us
[0.575s][info][gc,stats    ]   CMR: Thread Roots                 233 us, workers (us):  35, 198, ---, ---, ---, ---, ---, ---, 
[0.575s][info][gc,stats    ]   CMR: Code Cache Roots             113 us, workers (us):  48,  65, ---, ---, ---, ---, ---, ---, 
[0.575s][info][gc,stats    ]   CMR: VM Strong Roots                4 us, workers (us):   3,   0, ---, ---, ---, ---, ---, ---, 
[0.575s][info][gc,stats    ]   CMR: CLDG Roots                    42 us, workers (us):  42, ---, ---, ---, ---, ---, ---, ---, 
[0.575s][info][gc,stats    ] Concurrent Marking                  926 us
[0.575s][info][gc,stats    ] Pause Final Mark (G)                320 us
[0.575s][info][gc,stats    ] Pause Final Mark (N)                213 us
[0.575s][info][gc,stats    ]   Finish Mark                        95 us
[0.575s][info][gc,stats    ]   Update Region States               14 us
[0.575s][info][gc,stats    ]   Choose Collection Set              32 us
[0.575s][info][gc,stats    ]   Rebuild Free Set                   18 us
[0.575s][info][gc,stats    ] Concurrent Thread Roots             303 us, parallelism: 0.39x
[0.575s][info][gc,stats    ]   CTR: <total>                      119 us
[0.575s][info][gc,stats    ]   CTR: Thread Roots                 119 us, workers (us):  79,  39, ---, ---, ---, ---, ---, ---, 
[0.575s][info][gc,stats    ] Concurrent Weak References          131 us, parallelism: 0.34x
[0.575s][info][gc,stats    ]   CWRF: <total>                      44 us
[0.575s][info][gc,stats    ]   CWRF: Weak References              44 us, workers (us):  42,   2, ---, ---, ---, ---, ---, ---, 
[0.575s][info][gc,stats    ] Concurrent Weak Roots               139 us
[0.575s][info][gc,stats    ]   Roots                              83 us, parallelism: 1.51x
[0.575s][info][gc,stats    ]     CWR: <total>                    125 us
[0.575s][info][gc,stats    ]     CWR: VM Weak Roots              125 us, workers (us):  66,  58, ---, ---, ---, ---, ---, ---, 
[0.575s][info][gc,stats    ]   Rendezvous                         22 us
[0.575s][info][gc,stats    ] Concurrent Cleanup                   71 us
[0.575s][info][gc,stats    ] Concurrent Strong Roots             300 us, parallelism: 0.77x
[0.575s][info][gc,stats    ]   CSR: <total>                      231 us
[0.575s][info][gc,stats    ]   CSR: Code Cache Roots             170 us, workers (us): 170,   0, ---, ---, ---, ---, ---, ---, 
[0.575s][info][gc,stats    ]   CSR: VM Strong Roots                5 us, workers (us):   5,   0, ---, ---, ---, ---, ---, ---, 
[0.575s][info][gc,stats    ]   CSR: CLDG Roots                    56 us, workers (us):  56, ---, ---, ---, ---, ---, ---, ---, 
[0.575s][info][gc,stats    ] Concurrent Evacuation              1082 us
[0.575s][info][gc,stats    ] Pause Init Update Refs (G)          182 us
[0.575s][info][gc,stats    ] Pause Init Update Refs (N)           46 us
[0.575s][info][gc,stats    ]   Manage GCLABs                       4 us
[0.575s][info][gc,stats    ] Concurrent Update Refs              986 us
[0.575s][info][gc,stats    ] Concurrent Update Thread Roots      337 us
[0.575s][info][gc,stats    ] Pause Final Update Refs (G)         177 us
[0.575s][info][gc,stats    ] Pause Final Update Refs (N)          76 us
[0.575s][info][gc,stats    ]   Update Region States               15 us
[0.575s][info][gc,stats    ]   Trash Collection Set                2 us
[0.575s][info][gc,stats    ]   Rebuild Free Set                   17 us
[0.576s][info][gc,stats    ] Concurrent Cleanup                   81 us
[0.576s][info][gc,stats    ] 
[0.576s][info][gc,stats    ] Allocation pacing accrued:
[0.576s][info][gc,stats    ]       0 of    10 ms (  0.0%): <total>
[0.576s][info][gc,stats    ]       0 of    10 ms (  0.0%): <average total>
[0.576s][info][gc,stats    ] 
[0.576s][info][gc,metaspace] Metaspace: 1610K(1792K)->1623K(1792K) NonClass: 1466K(1536K)->1477K(1536K) Class: 144K(256K)->145K(256K)
[0.576s][info][gc,ergo     ] Pacer for Idle. Initial: 40642K, Alloc Tax Rate: 1.0x
[0.578s][info][gc          ] Trigger: Start next cycle immediately
[0.579s][info][gc,ergo     ] Free: 1872M, Max: 512K regular, 1869M humongous, Frag: 1% external, 0% internal; Reserve: 101888K, Max: 512K
[0.579s][info][gc,start    ] GC(29) Concurrent reset
[0.579s][info][gc,task     ] GC(29) Using 2 of 8 workers for concurrent reset
[0.579s][info][gc,ergo     ] GC(29) Pacer for Reset. Non-Taxable: 1984M
[0.579s][info][gc          ] GC(29) Concurrent reset 0.167ms
[0.586s][info][gc,start    ] GC(29) Pause Init Mark (unload classes)
[0.586s][info][gc,task     ] GC(29) Using 8 of 8 workers for init marking
[0.586s][info][gc,ergo     ] GC(29) Pacer for Mark. Expected Live: 9230K, Free: 1872M, Non-Taxable: 187M, Alloc Tax Rate: 0.0x
[0.586s][info][gc          ] GC(29) Pause Init Mark (unload classes) 0.075ms
[0.589s][info][gc,start    ] GC(29) Concurrent marking roots
[0.589s][info][gc,task     ] GC(29) Using 2 of 8 workers for concurrent marking roots
[0.589s][info][gc          ] GC(29) Concurrent marking roots 0.150ms
[0.590s][info][gc,start    ] GC(29) Concurrent marking (unload classes)
[0.590s][info][gc,task     ] GC(29) Using 2 of 8 workers for concurrent marking
[0.593s][info][gc          ] GC(29) Concurrent marking (unload classes) 3.431ms
[0.593s][info][gc,start    ] GC(29) Pause Final Mark (unload classes)
[0.593s][info][gc,task     ] GC(29) Using 8 of 8 workers for final marking
[0.594s][info][gc,ergo     ] GC(29) Collectable Garbage: 2859K (100%), Immediate: 0B (0%), CSet: 2859K (100%)
[0.594s][info][gc,ergo     ] GC(29) Pacer for Evacuation. Used CSet: 10236K, Free: 1872M, Non-Taxable: 187M, Alloc Tax Rate: 1.1x
[0.594s][info][gc          ] GC(29) Pause Final Mark (unload classes) 0.948ms
[0.594s][info][gc,start    ] GC(29) Concurrent thread roots
[0.599s][info][gc,task     ] GC(29) Using 2 of 8 workers for Concurrent thread roots
[0.599s][info][gc          ] GC(29) Concurrent thread roots 5.190ms
[0.599s][info][gc,start    ] GC(29) Concurrent weak references
[0.599s][info][gc,task     ] GC(29) Using 2 of 8 workers for concurrent weak references
[0.599s][info][gc,ref      ] GC(29) Encountered references: Soft: 96, Weak: 251, Final: 0, Phantom: 577
[0.599s][info][gc,ref      ] GC(29) Discovered  references: Soft: 0, Weak: 66, Final: 0, Phantom: 195
[0.599s][info][gc,ref      ] GC(29) Enqueued    references: Soft: 0, Weak: 5, Final: 0, Phantom: 0
[0.600s][info][gc          ] GC(29) Concurrent weak references 0.144ms
[0.600s][info][gc,start    ] GC(29) Concurrent weak roots
[0.600s][info][gc,task     ] GC(29) Using 2 of 8 workers for concurrent weak root
[0.600s][info][gc          ] GC(29) Concurrent weak roots 0.755ms
[0.600s][info][gc,start    ] GC(29) Concurrent cleanup
[0.600s][info][gc          ] GC(29) Concurrent cleanup 13M->13M(142M) 0.072ms
[0.600s][info][gc,ergo     ] GC(29) Free: 1871M, Max: 512K regular, 1869M humongous, Frag: 1% external, 0% internal; Reserve: 101704K, Max: 512K
[0.600s][info][gc,start    ] GC(29) Concurrent class unloading
[0.600s][info][gc,task     ] GC(29) Using 2 of 8 workers for concurrent class unloading
[0.602s][info][gc          ] GC(29) Concurrent class unloading 1.054ms
[0.602s][info][gc,start    ] GC(29) Concurrent strong roots
[0.602s][info][gc,task     ] GC(29) Using 2 of 8 workers for concurrent strong root
[0.602s][info][gc          ] GC(29) Concurrent strong roots 0.123ms
[0.602s][info][gc,start    ] GC(29) Concurrent evacuation
[0.602s][info][gc,task     ] GC(29) Using 2 of 8 workers for concurrent evacuation
[0.603s][info][gc          ] GC(29) Concurrent evacuation 1.529ms
[0.603s][info][gc,start    ] GC(29) Pause Init Update Refs
[0.603s][info][gc,ergo     ] GC(29) Pacer for Update Refs. Used: 21810K, Free: 1871M, Non-Taxable: 187M, Alloc Tax Rate: 1.1x
[0.603s][info][gc          ] GC(29) Pause Init Update Refs 0.041ms
[0.603s][info][gc,start    ] GC(29) Concurrent update references
[0.603s][info][gc,task     ] GC(29) Using 2 of 8 workers for concurrent reference update
[0.605s][info][gc          ] GC(29) Concurrent update references 1.152ms
[0.605s][info][gc,start    ] GC(29) Concurrent update thread roots
[0.605s][info][gc          ] GC(29) Concurrent update thread roots 0.243ms
[0.605s][info][gc,start    ] GC(29) Pause Final Update Refs
[0.605s][info][gc,task     ] GC(29) Using 8 of 8 workers for final reference update
[0.605s][info][gc          ] GC(29) Pause Final Update Refs 0.086ms
[0.605s][info][gc,start    ] GC(29) Concurrent cleanup
[0.605s][info][gc          ] GC(29) Concurrent cleanup 21M->11M(142M) 0.065ms
[0.605s][info][gc,ergo     ] Free: 1873M, Max: 512K regular, 1869M humongous, Frag: 1% external, 0% internal; Reserve: 101888K, Max: 512K
[0.605s][info][gc,stats    ] 
[0.605s][info][gc,stats    ] All times are wall-clock times, except per-root-class counters, that are sum over
[0.605s][info][gc,stats    ] all workers. Dividing the <total> over the root stage time estimates parallelism.
[0.605s][info][gc,stats    ] 
[0.605s][info][gc,stats    ] Concurrent Reset                    176 us
[0.605s][info][gc,stats    ] Pause Init Mark (G)               10597 us
[0.605s][info][gc,stats    ] Pause Init Mark (N)                  84 us
[0.605s][info][gc,stats    ]   Update Region States               21 us
[0.605s][info][gc,stats    ] Concurrent Mark Roots               179 us, parallelism: 0.42x
[0.605s][info][gc,stats    ]   CMR: <total>                       75 us
[0.605s][info][gc,stats    ]   CMR: Thread Roots                  42 us, workers (us):  42,   0, ---, ---, ---, ---, ---, ---, 
[0.605s][info][gc,stats    ]   CMR: VM Strong Roots                3 us, workers (us):   3,   0, ---, ---, ---, ---, ---, ---, 
[0.605s][info][gc,stats    ]   CMR: CLDG Roots                    30 us, workers (us):  30, ---, ---, ---, ---, ---, ---, ---, 
[0.605s][info][gc,stats    ] Concurrent Marking                 3467 us
[0.605s][info][gc,stats    ] Pause Final Mark (G)               1188 us
[0.605s][info][gc,stats    ] Pause Final Mark (N)                957 us
[0.605s][info][gc,stats    ]   Finish Mark                       816 us
[0.605s][info][gc,stats    ]   Update Region States               15 us
[0.605s][info][gc,stats    ]   Choose Collection Set              46 us
[0.605s][info][gc,stats    ]   Rebuild Free Set                   19 us
[0.605s][info][gc,stats    ] Concurrent Thread Roots            5208 us, parallelism: 0.01x
[0.605s][info][gc,stats    ]   CTR: <total>                       53 us
[0.605s][info][gc,stats    ]   CTR: Thread Roots                  53 us, workers (us):  38,  15, ---, ---, ---, ---, ---, ---, 
[0.605s][info][gc,stats    ] Concurrent Weak References          174 us, parallelism: 0.17x
[0.605s][info][gc,stats    ]   CWRF: <total>                      29 us
[0.605s][info][gc,stats    ]   CWRF: Weak References              29 us, workers (us):  26,   3, ---, ---, ---, ---, ---, ---, 
[0.605s][info][gc,stats    ] Concurrent Weak Roots               785 us
[0.605s][info][gc,stats    ]   Roots                             639 us, parallelism: 0.33x
[0.605s][info][gc,stats    ]     CWR: <total>                    209 us
[0.605s][info][gc,stats    ]     CWR: Code Cache Roots            94 us, workers (us):  37,  56, ---, ---, ---, ---, ---, ---, 
[0.605s][info][gc,stats    ]     CWR: VM Weak Roots              113 us, workers (us):  60,  53, ---, ---, ---, ---, ---, ---, 
[0.605s][info][gc,stats    ]     CWR: CLDG Roots                   2 us, workers (us): ---,   2, ---, ---, ---, ---, ---, ---, 
[0.605s][info][gc,stats    ]   Rendezvous                         89 us
[0.605s][info][gc,stats    ] Concurrent Cleanup                   86 us
[0.605s][info][gc,stats    ] Concurrent Class Unloading         1077 us
[0.605s][info][gc,stats    ]   Unlink Stale                      995 us
[0.605s][info][gc,stats    ]     System Dictionary                28 us
[0.605s][info][gc,stats    ]     Weak Class Links                  0 us
[0.605s][info][gc,stats    ]     Code Roots                      966 us
[0.606s][info][gc,stats    ]   Rendezvous                         33 us
[0.606s][info][gc,stats    ]   Purge Unlinked                      4 us
[0.606s][info][gc,stats    ]     Code Roots                        1 us
[0.606s][info][gc,stats    ]     CLDG                              3 us
[0.606s][info][gc,stats    ]     Exception Caches                  0 us
[0.606s][info][gc,stats    ] Concurrent Strong Roots             134 us, parallelism: 0.62x
[0.606s][info][gc,stats    ]   CSR: <total>                       82 us
[0.606s][info][gc,stats    ]   CSR: VM Strong Roots                7 us, workers (us):   5,   2, ---, ---, ---, ---, ---, ---, 
[0.606s][info][gc,stats    ]   CSR: CLDG Roots                    75 us, workers (us): ---,  75, ---, ---, ---, ---, ---, ---, 
[0.606s][info][gc,stats    ] Concurrent Evacuation              1550 us
[0.606s][info][gc,stats    ] Pause Init Update Refs (G)          183 us
[0.606s][info][gc,stats    ] Pause Init Update Refs (N)           50 us
[0.606s][info][gc,stats    ]   Manage GCLABs                       5 us
[0.606s][info][gc,stats    ] Concurrent Update Refs             1177 us
[0.606s][info][gc,stats    ] Concurrent Update Thread Roots      257 us
[0.606s][info][gc,stats    ] Pause Final Update Refs (G)         195 us
[0.606s][info][gc,stats    ] Pause Final Update Refs (N)          97 us
[0.606s][info][gc,stats    ]   Update Region States               14 us
[0.606s][info][gc,stats    ]   Trash Collection Set                2 us
[0.606s][info][gc,stats    ]   Rebuild Free Set                   16 us
[0.606s][info][gc,stats    ] Concurrent Cleanup                   75 us
[0.606s][info][gc,stats    ] 
[0.606s][info][gc,stats    ] Allocation pacing accrued:
[0.606s][info][gc,stats    ]       0 of    30 ms (  0.0%): <total>
[0.606s][info][gc,stats    ]       0 of    30 ms (  0.0%): <average total>
[0.606s][info][gc,stats    ] 
[0.606s][info][gc,metaspace] Metaspace: 1657K(1856K)->1849K(2048K) NonClass: 1511K(1600K)->1686K(1792K) Class: 145K(256K)->162K(256K)
[0.606s][info][gc,ergo     ] Pacer for Idle. Initial: 40642K, Alloc Tax Rate: 1.0x
[0.607s][info][gc          ] Trigger: Start next cycle immediately
[0.607s][info][gc,ergo     ] Free: 1873M, Max: 512K regular, 1869M humongous, Frag: 1% external, 0% internal; Reserve: 101888K, Max: 512K
[0.607s][info][gc,start    ] GC(30) Concurrent reset
[0.607s][info][gc,task     ] GC(30) Using 2 of 8 workers for concurrent reset
[0.607s][info][gc,ergo     ] GC(30) Pacer for Reset. Non-Taxable: 1984M
[0.607s][info][gc          ] GC(30) Concurrent reset 0.198ms
[0.607s][info][gc,start    ] GC(30) Pause Init Mark
[0.607s][info][gc,task     ] GC(30) Using 8 of 8 workers for init marking
[0.607s][info][gc,ergo     ] GC(30) Pacer for Mark. Expected Live: 9247K, Free: 1873M, Non-Taxable: 187M, Alloc Tax Rate: 0.0x
[0.607s][info][gc          ] GC(30) Pause Init Mark 0.066ms
[0.607s][info][gc,start    ] GC(30) Concurrent marking roots
[0.607s][info][gc,task     ] GC(30) Using 2 of 8 workers for concurrent marking roots
[0.607s][info][gc          ] GC(30) Concurrent marking roots 0.163ms
[0.607s][info][gc,start    ] GC(30) Concurrent marking
[0.607s][info][gc,task     ] GC(30) Using 2 of 8 workers for concurrent marking
[0.609s][info][gc          ] GC(30) Concurrent marking 1.088ms
[0.609s][info][gc,start    ] GC(30) Pause Final Mark
[0.609s][info][gc,task     ] GC(30) Using 8 of 8 workers for final marking
[0.614s][info][gc,ergo     ] GC(30) Collectable Garbage: 2249K (100%), Immediate: 0B (0%), CSet: 2249K (100%)
[0.614s][info][gc,ergo     ] GC(30) Pacer for Evacuation. Used CSet: 9667K, Free: 1872M, Non-Taxable: 187M, Alloc Tax Rate: 1.1x
[0.614s][info][gc          ] GC(30) Pause Final Mark 4.919ms
[0.614s][info][gc,start    ] GC(30) Concurrent thread roots
[0.614s][info][gc,task     ] GC(30) Using 2 of 8 workers for Concurrent thread roots
[0.614s][info][gc          ] GC(30) Concurrent thread roots 0.225ms
[0.614s][info][gc,start    ] GC(30) Concurrent weak references
[0.614s][info][gc,task     ] GC(30) Using 2 of 8 workers for concurrent weak references
[0.614s][info][gc,ref      ] GC(30) Encountered references: Soft: 109, Weak: 281, Final: 0, Phantom: 580
[0.614s][info][gc,ref      ] GC(30) Discovered  references: Soft: 0, Weak: 156, Final: 0, Phantom: 579
[0.614s][info][gc,ref      ] GC(30) Enqueued    references: Soft: 0, Weak: 1, Final: 0, Phantom: 3
[0.614s][info][gc          ] GC(30) Concurrent weak references 0.117ms
[0.614s][info][gc,start    ] GC(30) Concurrent weak roots
[0.614s][info][gc,task     ] GC(30) Using 2 of 8 workers for concurrent weak root
[0.614s][info][gc          ] GC(30) Concurrent weak roots 0.311ms
[0.614s][info][gc,start    ] GC(30) Concurrent cleanup
[0.614s][info][gc          ] GC(30) Concurrent cleanup 12M->12M(142M) 0.092ms
[0.614s][info][gc,ergo     ] GC(30) Free: 1872M, Max: 512K regular, 1869M humongous, Frag: 1% external, 0% internal; Reserve: 101658K, Max: 512K
[0.615s][info][gc,start    ] GC(30) Concurrent strong roots
[0.615s][info][gc,task     ] GC(30) Using 2 of 8 workers for concurrent strong root
[0.615s][info][gc          ] GC(30) Concurrent strong roots 0.214ms
[0.615s][info][gc,start    ] GC(30) Concurrent evacuation
[0.615s][info][gc,task     ] GC(30) Using 2 of 8 workers for concurrent evacuation
[0.616s][info][gc          ] GC(30) Concurrent evacuation 1.204ms
[0.616s][info][gc,start    ] GC(30) Pause Init Update Refs
[0.616s][info][gc,ergo     ] GC(30) Pacer for Update Refs. Used: 21298K, Free: 1871M, Non-Taxable: 187M, Alloc Tax Rate: 1.1x
[0.616s][info][gc          ] GC(30) Pause Init Update Refs 0.041ms
[0.616s][info][gc,start    ] GC(30) Concurrent update references
[0.616s][info][gc,task     ] GC(30) Using 2 of 8 workers for concurrent reference update
[0.617s][info][gc          ] GC(30) Concurrent update references 0.955ms
[0.617s][info][gc,start    ] GC(30) Concurrent update thread roots
[0.617s][info][gc          ] GC(30) Concurrent update thread roots 0.226ms
[0.617s][info][gc,start    ] GC(30) Pause Final Update Refs
[0.617s][info][gc,task     ] GC(30) Using 8 of 8 workers for final reference update
[0.617s][info][gc          ] GC(30) Pause Final Update Refs 0.079ms
[0.618s][info][gc,start    ] GC(30) Concurrent cleanup
[0.618s][info][gc          ] GC(30) Concurrent cleanup 20M->11M(142M) 0.064ms
[0.618s][info][gc,ergo     ] Free: 1873M, Max: 512K regular, 1870M humongous, Frag: 1% external, 0% internal; Reserve: 101888K, Max: 512K
[0.618s][info][gc,stats    ] 
[0.618s][info][gc,stats    ] All times are wall-clock times, except per-root-class counters, that are sum over
[0.618s][info][gc,stats    ] all workers. Dividing the <total> over the root stage time estimates parallelism.
[0.618s][info][gc,stats    ] 
[0.618s][info][gc,stats    ] Concurrent Reset                    213 us
[0.618s][info][gc,stats    ] Pause Init Mark (G)                 183 us
[0.618s][info][gc,stats    ] Pause Init Mark (N)                  75 us
[0.618s][info][gc,stats    ]   Update Region States               18 us
[0.618s][info][gc,stats    ] Concurrent Mark Roots               173 us, parallelism: 1.24x
[0.618s][info][gc,stats    ]   CMR: <total>                      216 us
[0.618s][info][gc,stats    ]   CMR: Thread Roots                  33 us, workers (us):   0,  32, ---, ---, ---, ---, ---, ---, 
[0.618s][info][gc,stats    ]   CMR: Code Cache Roots             133 us, workers (us):  66,  67, ---, ---, ---, ---, ---, ---, 
[0.618s][info][gc,stats    ]   CMR: VM Strong Roots                4 us, workers (us):   4,   0, ---, ---, ---, ---, ---, ---, 
[0.618s][info][gc,stats    ]   CMR: CLDG Roots                    46 us, workers (us):  46, ---, ---, ---, ---, ---, ---, ---, 
[0.618s][info][gc,stats    ] Concurrent Marking                 1132 us
[0.618s][info][gc,stats    ] Pause Final Mark (G)               5053 us
[0.618s][info][gc,stats    ] Pause Final Mark (N)               4928 us
[0.618s][info][gc,stats    ]   Finish Mark                      4800 us
[0.618s][info][gc,stats    ]   Update Region States               15 us
[0.618s][info][gc,stats    ]   Choose Collection Set              38 us
[0.618s][info][gc,stats    ]   Rebuild Free Set                   18 us
[0.618s][info][gc,stats    ] Concurrent Thread Roots             237 us, parallelism: 0.83x
[0.618s][info][gc,stats    ]   CTR: <total>                      197 us
[0.618s][info][gc,stats    ]   CTR: Thread Roots                 197 us, workers (us): 157,  40, ---, ---, ---, ---, ---, ---, 
[0.618s][info][gc,stats    ] Concurrent Weak References          143 us, parallelism: 0.42x
[0.618s][info][gc,stats    ]   CWRF: <total>                      60 us
[0.618s][info][gc,stats    ]   CWRF: Weak References              60 us, workers (us):  59,   1, ---, ---, ---, ---, ---, ---, 
[0.618s][info][gc,stats    ] Concurrent Weak Roots               331 us
[0.618s][info][gc,stats    ]   Roots                             248 us, parallelism: 0.45x
[0.618s][info][gc,stats    ]     CWR: <total>                    112 us
[0.618s][info][gc,stats    ]     CWR: VM Weak Roots              112 us, workers (us): 111,   1, ---, ---, ---, ---, ---, ---, 
[0.618s][info][gc,stats    ]   Rendezvous                         45 us
[0.618s][info][gc,stats    ] Concurrent Cleanup                  127 us
[0.618s][info][gc,stats    ] Concurrent Strong Roots             231 us, parallelism: 1.06x
[0.618s][info][gc,stats    ]   CSR: <total>                      244 us
[0.618s][info][gc,stats    ]   CSR: Code Cache Roots             167 us, workers (us):  90,  76, ---, ---, ---, ---, ---, ---, 
[0.618s][info][gc,stats    ]   CSR: VM Strong Roots                8 us, workers (us):   5,   3, ---, ---, ---, ---, ---, ---, 
[0.618s][info][gc,stats    ]   CSR: CLDG Roots                    70 us, workers (us): ---,  70, ---, ---, ---, ---, ---, ---, 
[0.618s][info][gc,stats    ] Concurrent Evacuation              1233 us
[0.618s][info][gc,stats    ] Pause Init Update Refs (G)          147 us
[0.618s][info][gc,stats    ] Pause Init Update Refs (N)           50 us
[0.618s][info][gc,stats    ]   Manage GCLABs                       3 us
[0.618s][info][gc,stats    ] Concurrent Update Refs              982 us
[0.618s][info][gc,stats    ] Concurrent Update Thread Roots      238 us
[0.618s][info][gc,stats    ] Pause Final Update Refs (G)         177 us
[0.618s][info][gc,stats    ] Pause Final Update Refs (N)          89 us
[0.618s][info][gc,stats    ]   Update Region States               14 us
[0.618s][info][gc,stats    ]   Trash Collection Set                2 us
[0.618s][info][gc,stats    ]   Rebuild Free Set                   16 us
[0.618s][info][gc,stats    ] Concurrent Cleanup                   74 us
[0.618s][info][gc,stats    ] 
[0.618s][info][gc,stats    ] Allocation pacing accrued:
[0.618s][info][gc,stats    ]       0 of    12 ms (  0.0%): <total>
[0.618s][info][gc,stats    ]       0 of    12 ms (  0.0%): <average total>
[0.618s][info][gc,stats    ] 
[0.618s][info][gc,metaspace] Metaspace: 1863K(2048K)->1879K(2048K) NonClass: 1698K(1792K)->1711K(1792K) Class: 165K(256K)->168K(256K)
[0.618s][info][gc,ergo     ] Pacer for Idle. Initial: 40642K, Alloc Tax Rate: 1.0x
[0.619s][info][gc          ] Trigger: Start next cycle immediately
[0.619s][info][gc,ergo     ] Free: 1873M, Max: 512K regular, 1870M humongous, Frag: 1% external, 0% internal; Reserve: 101888K, Max: 512K
[0.619s][info][gc,start    ] GC(31) Concurrent reset
[0.619s][info][gc,task     ] GC(31) Using 2 of 8 workers for concurrent reset
[0.619s][info][gc,ergo     ] GC(31) Pacer for Reset. Non-Taxable: 1984M
[0.619s][info][gc          ] GC(31) Concurrent reset 0.241ms
[0.620s][info][gc,start    ] GC(31) Pause Init Mark
[0.620s][info][gc,task     ] GC(31) Using 8 of 8 workers for init marking
[0.620s][info][gc,ergo     ] GC(31) Pacer for Mark. Expected Live: 9268K, Free: 1873M, Non-Taxable: 187M, Alloc Tax Rate: 0.0x
[0.620s][info][gc          ] GC(31) Pause Init Mark 0.068ms
[0.620s][info][gc,start    ] GC(31) Concurrent marking roots
[0.620s][info][gc,task     ] GC(31) Using 2 of 8 workers for concurrent marking roots
[0.620s][info][gc          ] GC(31) Concurrent marking roots 0.243ms
[0.620s][info][gc,start    ] GC(31) Concurrent marking
[0.620s][info][gc,task     ] GC(31) Using 2 of 8 workers for concurrent marking
[0.621s][info][gc          ] GC(31) Concurrent marking 0.968ms
[0.621s][info][gc,start    ] GC(31) Pause Final Mark
[0.621s][info][gc,task     ] GC(31) Using 8 of 8 workers for final marking
[0.621s][info][gc,ergo     ] GC(31) Collectable Garbage: 2277K (100%), Immediate: 0B (0%), CSet: 2277K (100%)
[0.621s][info][gc,ergo     ] GC(31) Pacer for Evacuation. Used CSet: 9724K, Free: 1872M, Non-Taxable: 187M, Alloc Tax Rate: 1.1x
[0.621s][info][gc          ] GC(31) Pause Final Mark 0.205ms
[0.621s][info][gc,start    ] GC(31) Concurrent thread roots
[0.621s][info][gc,task     ] GC(31) Using 2 of 8 workers for Concurrent thread roots
[0.622s][info][gc          ] GC(31) Concurrent thread roots 0.172ms
[0.622s][info][gc,start    ] GC(31) Concurrent weak references
[0.622s][info][gc,task     ] GC(31) Using 2 of 8 workers for concurrent weak references
[0.622s][info][gc,ref      ] GC(31) Encountered references: Soft: 128, Weak: 323, Final: 0, Phantom: 577
[0.622s][info][gc,ref      ] GC(31) Discovered  references: Soft: 0, Weak: 76, Final: 0, Phantom: 576
[0.622s][info][gc,ref      ] GC(31) Enqueued    references: Soft: 0, Weak: 5, Final: 0, Phantom: 0
[0.622s][info][gc          ] GC(31) Concurrent weak references 0.248ms
[0.622s][info][gc,start    ] GC(31) Concurrent weak roots
[0.622s][info][gc,task     ] GC(31) Using 2 of 8 workers for concurrent weak root
[0.622s][info][gc          ] GC(31) Concurrent weak roots 0.118ms
[0.622s][info][gc,start    ] GC(31) Concurrent cleanup
[0.622s][info][gc          ] GC(31) Concurrent cleanup 12M->12M(142M) 0.059ms
[0.622s][info][gc,ergo     ] GC(31) Free: 1872M, Max: 512K regular, 1870M humongous, Frag: 1% external, 0% internal; Reserve: 101704K, Max: 512K
[0.622s][info][gc,start    ] GC(31) Concurrent strong roots
[0.622s][info][gc,task     ] GC(31) Using 2 of 8 workers for concurrent strong root
[0.622s][info][gc          ] GC(31) Concurrent strong roots 0.200ms
[0.622s][info][gc,start    ] GC(31) Concurrent evacuation
[0.622s][info][gc,task     ] GC(31) Using 2 of 8 workers for concurrent evacuation
[0.623s][info][gc          ] GC(31) Concurrent evacuation 1.095ms
[0.624s][info][gc,start    ] GC(31) Pause Init Update Refs
[0.624s][info][gc,ergo     ] GC(31) Pacer for Update Refs. Used: 21833K, Free: 1872M, Non-Taxable: 187M, Alloc Tax Rate: 1.1x
[0.624s][info][gc          ] GC(31) Pause Init Update Refs 0.050ms
[0.624s][info][gc,start    ] GC(31) Concurrent update references
[0.624s][info][gc,task     ] GC(31) Using 2 of 8 workers for concurrent reference update
[0.625s][info][gc          ] GC(31) Concurrent update references 1.054ms
[0.625s][info][gc,start    ] GC(31) Concurrent update thread roots
[0.625s][info][gc          ] GC(31) Concurrent update thread roots 0.217ms
[0.625s][info][gc,start    ] GC(31) Pause Final Update Refs
[0.625s][info][gc,task     ] GC(31) Using 8 of 8 workers for final reference update
[0.625s][info][gc          ] GC(31) Pause Final Update Refs 0.066ms
[0.625s][info][gc,start    ] GC(31) Concurrent cleanup
[0.625s][info][gc          ] GC(31) Concurrent cleanup 21M->11M(142M) 0.072ms
[0.625s][info][gc,ergo     ] Free: 1872M, Max: 512K regular, 1869M humongous, Frag: 1% external, 0% internal; Reserve: 101888K, Max: 512K
[0.625s][info][gc,stats    ] 
[0.625s][info][gc,stats    ] All times are wall-clock times, except per-root-class counters, that are sum over
[0.625s][info][gc,stats    ] all workers. Dividing the <total> over the root stage time estimates parallelism.
[0.625s][info][gc,stats    ] 
[0.625s][info][gc,stats    ] Concurrent Reset                    262 us
[0.625s][info][gc,stats    ] Pause Init Mark (G)                 211 us
[0.625s][info][gc,stats    ] Pause Init Mark (N)                  77 us
[0.625s][info][gc,stats    ]   Update Region States               19 us
[0.634s][info][gc,stats    ] Concurrent Mark Roots               255 us, parallelism: 0.79x
[0.634s][info][gc,stats    ]   CMR: <total>                      201 us
[0.634s][info][gc,stats    ]   CMR: Thread Roots                  43 us, workers (us):  27,  16, ---, ---, ---, ---, ---, ---, 
[0.634s][info][gc,stats    ]   CMR: Code Cache Roots             122 us, workers (us): 122,   0, ---, ---, ---, ---, ---, ---, 
[0.634s][info][gc,stats    ]   CMR: VM Strong Roots                3 us, workers (us):   3,   0, ---, ---, ---, ---, ---, ---, 
[0.634s][info][gc,stats    ]   CMR: CLDG Roots                    32 us, workers (us):  32, ---, ---, ---, ---, ---, ---, ---, 
[0.634s][info][gc,stats    ] Concurrent Marking                  990 us
[0.634s][info][gc,stats    ] Pause Final Mark (G)                434 us
[0.634s][info][gc,stats    ] Pause Final Mark (N)                213 us
[0.634s][info][gc,stats    ]   Finish Mark                        88 us
[0.634s][info][gc,stats    ]   Update Region States               13 us
[0.634s][info][gc,stats    ]   Choose Collection Set              29 us
[0.634s][info][gc,stats    ]   Rebuild Free Set                   15 us
[0.634s][info][gc,stats    ] Concurrent Thread Roots             183 us, parallelism: 0.57x
[0.634s][info][gc,stats    ]   CTR: <total>                      104 us
[0.634s][info][gc,stats    ]   CTR: Thread Roots                 104 us, workers (us):  81,  23, ---, ---, ---, ---, ---, ---, 
[0.634s][info][gc,stats    ] Concurrent Weak References          259 us, parallelism: 0.22x
[0.634s][info][gc,stats    ]   CWRF: <total>                      56 us
[0.634s][info][gc,stats    ]   CWRF: Weak References              56 us, workers (us):   9,  48, ---, ---, ---, ---, ---, ---, 
[0.634s][info][gc,stats    ] Concurrent Weak Roots               132 us
[0.634s][info][gc,stats    ]   Roots                              78 us, parallelism: 1.55x
[0.634s][info][gc,stats    ]     CWR: <total>                    121 us
[0.634s][info][gc,stats    ]     CWR: VM Weak Roots              121 us, workers (us):  62,  60, ---, ---, ---, ---, ---, ---, 
[0.634s][info][gc,stats    ]   Rendezvous                         20 us
[0.634s][info][gc,stats    ] Concurrent Cleanup                   71 us
[0.634s][info][gc,stats    ] Concurrent Strong Roots             217 us, parallelism: 1.16x
[0.634s][info][gc,stats    ]   CSR: <total>                      252 us
[0.634s][info][gc,stats    ]   CSR: Code Cache Roots             158 us, workers (us): 158,   1, ---, ---, ---, ---, ---, ---, 
[0.634s][info][gc,stats    ]   CSR: VM Strong Roots                7 us, workers (us):   4,   3, ---, ---, ---, ---, ---, ---, 
[0.634s][info][gc,stats    ]   CSR: CLDG Roots                    87 us, workers (us): ---,  87, ---, ---, ---, ---, ---, ---, 
[0.634s][info][gc,stats    ] Concurrent Evacuation              1122 us
[0.634s][info][gc,stats    ] Pause Init Update Refs (G)          156 us
[0.634s][info][gc,stats    ] Pause Init Update Refs (N)           59 us
[0.634s][info][gc,stats    ]   Manage GCLABs                       3 us
[0.634s][info][gc,stats    ] Concurrent Update Refs             1084 us
[0.634s][info][gc,stats    ] Concurrent Update Thread Roots      240 us
[0.634s][info][gc,stats    ] Pause Final Update Refs (G)         164 us
[0.634s][info][gc,stats    ] Pause Final Update Refs (N)          76 us
[0.634s][info][gc,stats    ]   Update Region States               14 us
[0.634s][info][gc,stats    ]   Trash Collection Set                3 us
[0.634s][info][gc,stats    ]   Rebuild Free Set                   16 us
[0.634s][info][gc,stats    ] Concurrent Cleanup                   86 us
[0.634s][info][gc,stats    ] 
[0.634s][info][gc,stats    ] Allocation pacing accrued:
[0.634s][info][gc,stats    ]       0 of    16 ms (  0.0%): <total>
[0.634s][info][gc,stats    ]       0 of    16 ms (  0.0%): <average total>
[0.634s][info][gc,stats    ] 
[0.634s][info][gc,metaspace] Metaspace: 1888K(2048K)->1969K(2112K) NonClass: 1719K(1792K)->1791K(1856K) Class: 169K(256K)->177K(256K)
[0.634s][info][gc,ergo     ] Pacer for Idle. Initial: 40642K, Alloc Tax Rate: 1.0x
[0.635s][info][gc          ] Trigger: Start next cycle immediately
[0.635s][info][gc,ergo     ] Free: 1872M, Max: 512K regular, 1869M humongous, Frag: 1% external, 0% internal; Reserve: 101888K, Max: 512K
[0.635s][info][gc,start    ] GC(32) Concurrent reset
[0.635s][info][gc,task     ] GC(32) Using 2 of 8 workers for concurrent reset
[0.635s][info][gc,ergo     ] GC(32) Pacer for Reset. Non-Taxable: 1984M
[0.636s][info][gc          ] GC(32) Concurrent reset 0.219ms
[0.636s][info][gc,start    ] GC(32) Pause Init Mark (unload classes)
[0.636s][info][gc,task     ] GC(32) Using 8 of 8 workers for init marking
[0.636s][info][gc,ergo     ] GC(32) Pacer for Mark. Expected Live: 9292K, Free: 1872M, Non-Taxable: 187M, Alloc Tax Rate: 0.0x
[0.636s][info][gc          ] GC(32) Pause Init Mark (unload classes) 0.088ms
[0.636s][info][gc,start    ] GC(32) Concurrent marking roots
[0.636s][info][gc,task     ] GC(32) Using 2 of 8 workers for concurrent marking roots
[0.636s][info][gc          ] GC(32) Concurrent marking roots 0.325ms
[0.636s][info][gc,start    ] GC(32) Concurrent marking (unload classes)
[0.636s][info][gc,task     ] GC(32) Using 2 of 8 workers for concurrent marking
[0.637s][info][gc          ] GC(32) Concurrent marking (unload classes) 1.205ms
[0.637s][info][gc,start    ] GC(32) Pause Final Mark (unload classes)
[0.637s][info][gc,task     ] GC(32) Using 8 of 8 workers for final marking
[0.638s][info][gc,ergo     ] GC(32) Collectable Garbage: 2738K (100%), Immediate: 0B (0%), CSet: 2738K (100%)
[0.638s][info][gc,ergo     ] GC(32) Pacer for Evacuation. Used CSet: 10202K, Free: 1872M, Non-Taxable: 187M, Alloc Tax Rate: 1.1x
[0.638s][info][gc          ] GC(32) Pause Final Mark (unload classes) 0.220ms
[0.638s][info][gc,start    ] GC(32) Concurrent thread roots
[0.638s][info][gc,task     ] GC(32) Using 2 of 8 workers for Concurrent thread roots
[0.638s][info][gc          ] GC(32) Concurrent thread roots 0.207ms
[0.638s][info][gc,start    ] GC(32) Concurrent weak references
[0.638s][info][gc,task     ] GC(32) Using 2 of 8 workers for concurrent weak references
[0.638s][info][gc,ref      ] GC(32) Encountered references: Soft: 133, Weak: 355, Final: 0, Phantom: 581
[0.638s][info][gc,ref      ] GC(32) Discovered  references: Soft: 0, Weak: 119, Final: 0, Phantom: 581
[0.638s][info][gc,ref      ] GC(32) Enqueued    references: Soft: 0, Weak: 10, Final: 0, Phantom: 4
[0.638s][info][gc          ] GC(32) Concurrent weak references 0.126ms
[0.638s][info][gc,start    ] GC(32) Concurrent weak roots
[0.638s][info][gc,task     ] GC(32) Using 2 of 8 workers for concurrent weak root
[0.638s][info][gc          ] GC(32) Concurrent weak roots 0.379ms
[0.638s][info][gc,start    ] GC(32) Concurrent cleanup
[0.639s][info][gc          ] GC(32) Concurrent cleanup 13M->13M(142M) 0.059ms
[0.639s][info][gc,ergo     ] GC(32) Free: 1871M, Max: 512K regular, 1869M humongous, Frag: 1% external, 0% internal; Reserve: 101676K, Max: 512K
[0.639s][info][gc,start    ] GC(32) Concurrent class unloading
[0.639s][info][gc,task     ] GC(32) Using 2 of 8 workers for concurrent class unloading
[0.639s][info][gc          ] GC(32) Concurrent class unloading 0.519ms
[0.639s][info][gc,start    ] GC(32) Concurrent strong roots
[0.639s][info][gc,task     ] GC(32) Using 2 of 8 workers for concurrent strong root
[0.639s][info][gc          ] GC(32) Concurrent strong roots 0.146ms
[0.639s][info][gc,start    ] GC(32) Concurrent evacuation
[0.639s][info][gc,task     ] GC(32) Using 2 of 8 workers for concurrent evacuation
[0.641s][info][gc          ] GC(32) Concurrent evacuation 1.511ms
[0.641s][info][gc,start    ] GC(32) Pause Init Update Refs
[0.641s][info][gc,ergo     ] GC(32) Pacer for Update Refs. Used: 22345K, Free: 1871M, Non-Taxable: 187M, Alloc Tax Rate: 1.1x
[0.641s][info][gc          ] GC(32) Pause Init Update Refs 0.051ms
[0.641s][info][gc,start    ] GC(32) Concurrent update references
[0.641s][info][gc,task     ] GC(32) Using 2 of 8 workers for concurrent reference update
[0.642s][info][gc          ] GC(32) Concurrent update references 1.224ms
[0.642s][info][gc,start    ] GC(32) Concurrent update thread roots
[0.643s][info][gc          ] GC(32) Concurrent update thread roots 0.474ms
[0.643s][info][gc,start    ] GC(32) Pause Final Update Refs
[0.643s][info][gc,task     ] GC(32) Using 8 of 8 workers for final reference update
[0.643s][info][gc          ] GC(32) Pause Final Update Refs 0.066ms
[0.643s][info][gc,start    ] GC(32) Concurrent cleanup
[0.643s][info][gc          ] GC(32) Concurrent cleanup 21M->11M(142M) 0.070ms
[0.643s][info][gc,ergo     ] Free: 1872M, Max: 512K regular, 1869M humongous, Frag: 1% external, 0% internal; Reserve: 101888K, Max: 512K
[0.643s][info][gc,stats    ] 
[0.643s][info][gc,stats    ] All times are wall-clock times, except per-root-class counters, that are sum over
[0.643s][info][gc,stats    ] all workers. Dividing the <total> over the root stage time estimates parallelism.
[0.643s][info][gc,stats    ] 
[0.643s][info][gc,stats    ] Concurrent Reset                    315 us
[0.643s][info][gc,stats    ] Pause Init Mark (G)                 212 us
[0.643s][info][gc,stats    ] Pause Init Mark (N)                  98 us
[0.643s][info][gc,stats    ]   Update Region States               22 us
[0.643s][info][gc,stats    ] Concurrent Mark Roots               338 us, parallelism: 0.69x
[0.643s][info][gc,stats    ]   CMR: <total>                      233 us
[0.643s][info][gc,stats    ]   CMR: Thread Roots                 187 us, workers (us): 187,   0, ---, ---, ---, ---, ---, ---, 
[0.643s][info][gc,stats    ]   CMR: VM Strong Roots                4 us, workers (us):   3,   0, ---, ---, ---, ---, ---, ---, 
[0.643s][info][gc,stats    ]   CMR: CLDG Roots                    42 us, workers (us):  42, ---, ---, ---, ---, ---, ---, ---, 
[0.643s][info][gc,stats    ] Concurrent Marking                 1220 us
[0.643s][info][gc,stats    ] Pause Final Mark (G)                329 us
[0.643s][info][gc,stats    ] Pause Final Mark (N)                228 us
[0.643s][info][gc,stats    ]   Finish Mark                       107 us
[0.643s][info][gc,stats    ]   Update Region States               15 us
[0.643s][info][gc,stats    ]   Choose Collection Set              36 us
[0.643s][info][gc,stats    ]   Rebuild Free Set                   15 us
[0.643s][info][gc,stats    ] Concurrent Thread Roots             220 us, parallelism: 0.89x
[0.643s][info][gc,stats    ]   CTR: <total>                      196 us
[0.643s][info][gc,stats    ]   CTR: Thread Roots                 196 us, workers (us): 169,  27, ---, ---, ---, ---, ---, ---, 
[0.643s][info][gc,stats    ] Concurrent Weak References          177 us, parallelism: 0.32x
[0.643s][info][gc,stats    ]   CWRF: <total>                      57 us
[0.643s][info][gc,stats    ]   CWRF: Weak References              57 us, workers (us):  52,   5, ---, ---, ---, ---, ---, ---, 
[0.643s][info][gc,stats    ] Concurrent Weak Roots               393 us
[0.643s][info][gc,stats    ]   Roots                             166 us, parallelism: 1.71x
[0.643s][info][gc,stats    ]     CWR: <total>                    283 us
[0.643s][info][gc,stats    ]     CWR: Code Cache Roots           146 us, workers (us):  71,  74, ---, ---, ---, ---, ---, ---, 
[0.643s][info][gc,stats    ]     CWR: VM Weak Roots              135 us, workers (us):  70,  64, ---, ---, ---, ---, ---, ---, 
[0.643s][info][gc,stats    ]     CWR: CLDG Roots                   2 us, workers (us): ---,   2, ---, ---, ---, ---, ---, ---, 
[0.643s][info][gc,stats    ]   Rendezvous                        109 us
[0.643s][info][gc,stats    ] Concurrent Cleanup                   73 us
[0.643s][info][gc,stats    ] Concurrent Class Unloading          530 us
[0.643s][info][gc,stats    ]   Unlink Stale                      415 us
[0.643s][info][gc,stats    ]     System Dictionary                29 us
[0.643s][info][gc,stats    ]     Weak Class Links                  0 us
[0.643s][info][gc,stats    ]     Code Roots                      385 us
[0.643s][info][gc,stats    ]   Rendezvous                         46 us
[0.643s][info][gc,stats    ]   Purge Unlinked                     35 us
[0.643s][info][gc,stats    ]     Code Roots                       31 us
[0.643s][info][gc,stats    ]     CLDG                              4 us
[0.643s][info][gc,stats    ]     Exception Caches                  0 us
[0.643s][info][gc,stats    ] Concurrent Strong Roots             158 us, parallelism: 0.55x
[0.643s][info][gc,stats    ]   CSR: <total>                       88 us
[0.643s][info][gc,stats    ]   CSR: VM Strong Roots                5 us, workers (us):   4,   0, ---, ---, ---, ---, ---, ---, 
[0.643s][info][gc,stats    ]   CSR: CLDG Roots                    83 us, workers (us):  83, ---, ---, ---, ---, ---, ---, ---, 
[0.643s][info][gc,stats    ] Concurrent Evacuation              1527 us
[0.643s][info][gc,stats    ] Pause Init Update Refs (G)          156 us
[0.643s][info][gc,stats    ] Pause Init Update Refs (N)           59 us
[0.643s][info][gc,stats    ]   Manage GCLABs                       4 us
[0.643s][info][gc,stats    ] Concurrent Update Refs             1236 us
[0.643s][info][gc,stats    ] Concurrent Update Thread Roots      497 us
[0.644s][info][gc,stats    ] Pause Final Update Refs (G)         179 us
[0.644s][info][gc,stats    ] Pause Final Update Refs (N)          76 us
[0.644s][info][gc,stats    ]   Update Region States               14 us
[0.644s][info][gc,stats    ]   Trash Collection Set                2 us
[0.644s][info][gc,stats    ]   Rebuild Free Set                   16 us
[0.644s][info][gc,stats    ] Concurrent Cleanup                   83 us
[0.644s][info][gc,stats    ] 
[0.644s][info][gc,stats    ] Allocation pacing accrued:
[0.644s][info][gc,stats    ]       0 of    10 ms (  0.0%): <total>
[0.644s][info][gc,stats    ]       0 of    10 ms (  0.0%): <average total>
[0.644s][info][gc,stats    ] 
[0.644s][info][gc,metaspace] Metaspace: 1973K(2112K)->2012K(2176K) NonClass: 1794K(1856K)->1830K(1920K) Class: 179K(256K)->181K(256K)
[0.644s][info][gc,ergo     ] Pacer for Idle. Initial: 40642K, Alloc Tax Rate: 1.0x
[0.645s][info][gc          ] Trigger: Start next cycle immediately
[0.645s][info][gc,ergo     ] Free: 1872M, Max: 512K regular, 1869M humongous, Frag: 1% external, 0% internal; Reserve: 101888K, Max: 512K
[0.645s][info][gc,start    ] GC(33) Concurrent reset
[0.645s][info][gc,task     ] GC(33) Using 2 of 8 workers for concurrent reset
[0.645s][info][gc,ergo     ] GC(33) Pacer for Reset. Non-Taxable: 1984M
[0.645s][info][gc          ] GC(33) Concurrent reset 0.367ms
[0.647s][info][gc,start    ] GC(33) Pause Init Mark
[0.647s][info][gc,task     ] GC(33) Using 8 of 8 workers for init marking
[0.647s][info][gc,ergo     ] GC(33) Pacer for Mark. Expected Live: 9318K, Free: 1872M, Non-Taxable: 187M, Alloc Tax Rate: 0.0x
[0.647s][info][gc          ] GC(33) Pause Init Mark 0.067ms
[0.648s][info][gc,start    ] GC(33) Concurrent marking roots
[0.648s][info][gc,task     ] GC(33) Using 2 of 8 workers for concurrent marking roots
[0.648s][info][gc          ] GC(33) Concurrent marking roots 0.242ms
[0.648s][info][gc,start    ] GC(33) Concurrent marking
[0.648s][info][gc,task     ] GC(33) Using 2 of 8 workers for concurrent marking
[0.651s][info][gc          ] GC(33) Concurrent marking 3.269ms
[0.651s][info][gc,start    ] GC(33) Pause Final Mark
[0.651s][info][gc,task     ] GC(33) Using 8 of 8 workers for final marking
[0.651s][info][gc,ergo     ] GC(33) Collectable Garbage: 2765K (100%), Immediate: 0B (0%), CSet: 2765K (100%)
[0.651s][info][gc,ergo     ] GC(33) Pacer for Evacuation. Used CSet: 10236K, Free: 1872M, Non-Taxable: 187M, Alloc Tax Rate: 1.1x
[0.651s][info][gc          ] GC(33) Pause Final Mark 0.206ms
[0.651s][info][gc,start    ] GC(33) Concurrent thread roots
[0.651s][info][gc,task     ] GC(33) Using 2 of 8 workers for Concurrent thread roots
[0.652s][info][gc          ] GC(33) Concurrent thread roots 0.171ms
[0.652s][info][gc,start    ] GC(33) Concurrent weak references
[0.652s][info][gc,task     ] GC(33) Using 2 of 8 workers for concurrent weak references
[0.652s][info][gc,ref      ] GC(33) Encountered references: Soft: 135, Weak: 359, Final: 0, Phantom: 580
[0.652s][info][gc,ref      ] GC(33) Discovered  references: Soft: 0, Weak: 139, Final: 0, Phantom: 579
[0.652s][info][gc,ref      ] GC(33) Enqueued    references: Soft: 0, Weak: 5, Final: 0, Phantom: 3
[0.652s][info][gc          ] GC(33) Concurrent weak references 0.130ms
[0.652s][info][gc,start    ] GC(33) Concurrent weak roots
[0.652s][info][gc,task     ] GC(33) Using 2 of 8 workers for concurrent weak root
[0.652s][info][gc          ] GC(33) Concurrent weak roots 0.208ms
[0.652s][info][gc,start    ] GC(33) Concurrent cleanup
[0.652s][info][gc          ] GC(33) Concurrent cleanup 13M->13M(142M) 0.059ms
[0.652s][info][gc,ergo     ] GC(33) Free: 1871M, Max: 512K regular, 1869M humongous, Frag: 1% external, 0% internal; Reserve: 101674K, Max: 512K
[0.652s][info][gc,start    ] GC(33) Concurrent strong roots
[0.652s][info][gc,task     ] GC(33) Using 2 of 8 workers for concurrent strong root
[0.652s][info][gc          ] GC(33) Concurrent strong roots 0.344ms
[0.652s][info][gc,start    ] GC(33) Concurrent evacuation
[0.653s][info][gc,task     ] GC(33) Using 2 of 8 workers for concurrent evacuation
[0.654s][info][gc          ] GC(33) Concurrent evacuation 1.292ms
[0.654s][info][gc,start    ] GC(33) Pause Init Update Refs
[0.654s][info][gc,ergo     ] GC(33) Pacer for Update Refs. Used: 21750K, Free: 1871M, Non-Taxable: 187M, Alloc Tax Rate: 1.1x
[0.654s][info][gc          ] GC(33) Pause Init Update Refs 0.065ms
[0.654s][info][gc,start    ] GC(33) Concurrent update references
[0.654s][info][gc,task     ] GC(33) Using 2 of 8 workers for concurrent reference update
[0.655s][info][gc          ] GC(33) Concurrent update references 1.191ms
[0.655s][info][gc,start    ] GC(33) Concurrent update thread roots
[0.655s][info][gc          ] GC(33) Concurrent update thread roots 0.297ms
[0.656s][info][gc,start    ] GC(33) Pause Final Update Refs
[0.656s][info][gc,task     ] GC(33) Using 8 of 8 workers for final reference update
[0.656s][info][gc          ] GC(33) Pause Final Update Refs 0.084ms
[0.656s][info][gc,start    ] GC(33) Concurrent cleanup
[0.656s][info][gc          ] GC(33) Concurrent cleanup 21M->11M(142M) 0.080ms
[0.656s][info][gc,ergo     ] Free: 1873M, Max: 512K regular, 1870M humongous, Frag: 1% external, 0% internal; Reserve: 101888K, Max: 512K
[0.656s][info][gc,stats    ] 
[0.656s][info][gc,stats    ] All times are wall-clock times, except per-root-class counters, that are sum over
[0.656s][info][gc,stats    ] all workers. Dividing the <total> over the root stage time estimates parallelism.
[0.656s][info][gc,stats    ] 
[0.656s][info][gc,stats    ] Concurrent Reset                    382 us
[0.656s][info][gc,stats    ] Pause Init Mark (G)                2356 us
[0.656s][info][gc,stats    ] Pause Init Mark (N)                  75 us
[0.656s][info][gc,stats    ]   Update Region States               20 us
[0.656s][info][gc,stats    ] Concurrent Mark Roots               255 us, parallelism: 1.29x
[0.656s][info][gc,stats    ]   CMR: <total>                      329 us
[0.656s][info][gc,stats    ]   CMR: Thread Roots                  90 us, workers (us):  20,  71, ---, ---, ---, ---, ---, ---, 
[0.656s][info][gc,stats    ]   CMR: Code Cache Roots             195 us, workers (us): 101,  94, ---, ---, ---, ---, ---, ---, 
[0.656s][info][gc,stats    ]   CMR: VM Strong Roots                4 us, workers (us):   4,   0, ---, ---, ---, ---, ---, ---, 
[0.656s][info][gc,stats    ]   CMR: CLDG Roots                    40 us, workers (us):  40, ---, ---, ---, ---, ---, ---, ---, 
[0.656s][info][gc,stats    ] Concurrent Marking                 3292 us
[0.656s][info][gc,stats    ] Pause Final Mark (G)                304 us
[0.656s][info][gc,stats    ] Pause Final Mark (N)                214 us
[0.656s][info][gc,stats    ]   Finish Mark                        98 us
[0.656s][info][gc,stats    ]   Update Region States               14 us
[0.656s][info][gc,stats    ]   Choose Collection Set              33 us
[0.656s][info][gc,stats    ]   Rebuild Free Set                   15 us
[0.656s][info][gc,stats    ] Concurrent Thread Roots             185 us, parallelism: 0.80x
[0.656s][info][gc,stats    ]   CTR: <total>                      149 us
[0.656s][info][gc,stats    ]   CTR: Thread Roots                 149 us, workers (us): 125,  23, ---, ---, ---, ---, ---, ---, 
[0.656s][info][gc,stats    ] Concurrent Weak References          142 us, parallelism: 0.38x
[0.656s][info][gc,stats    ]   CWRF: <total>                      54 us
[0.656s][info][gc,stats    ]   CWRF: Weak References              54 us, workers (us):  51,   4, ---, ---, ---, ---, ---, ---, 
[0.656s][info][gc,stats    ] Concurrent Weak Roots               221 us
[0.656s][info][gc,stats    ]   Roots                              85 us, parallelism: 1.42x
[0.656s][info][gc,stats    ]     CWR: <total>                    121 us
[0.656s][info][gc,stats    ]     CWR: VM Weak Roots              121 us, workers (us):  65,  56, ---, ---, ---, ---, ---, ---, 
[0.656s][info][gc,stats    ]   Rendezvous                        101 us
[0.656s][info][gc,stats    ] Concurrent Cleanup                   89 us
[0.656s][info][gc,stats    ] Concurrent Strong Roots             362 us, parallelism: 0.84x
[0.656s][info][gc,stats    ]   CSR: <total>                      305 us
[0.656s][info][gc,stats    ]   CSR: Code Cache Roots             222 us, workers (us): 222,   0, ---, ---, ---, ---, ---, ---, 
[0.656s][info][gc,stats    ]   CSR: VM Strong Roots                7 us, workers (us):   7,   0, ---, ---, ---, ---, ---, ---, 
[0.656s][info][gc,stats    ]   CSR: CLDG Roots                    75 us, workers (us):  75, ---, ---, ---, ---, ---, ---, ---, 
[0.656s][info][gc,stats    ] Concurrent Evacuation              1319 us
[0.656s][info][gc,stats    ] Pause Init Update Refs (G)          169 us
[0.656s][info][gc,stats    ] Pause Init Update Refs (N)           73 us
[0.656s][info][gc,stats    ]   Manage GCLABs                      26 us
[0.656s][info][gc,stats    ] Concurrent Update Refs             1214 us
[0.656s][info][gc,stats    ] Concurrent Update Thread Roots      315 us
[0.656s][info][gc,stats    ] Pause Final Update Refs (G)         180 us
[0.656s][info][gc,stats    ] Pause Final Update Refs (N)          94 us
[0.656s][info][gc,stats    ]   Update Region States               14 us
[0.656s][info][gc,stats    ]   Trash Collection Set                3 us
[0.656s][info][gc,stats    ]   Rebuild Free Set                   16 us
[0.656s][info][gc,stats    ] Concurrent Cleanup                   95 us
[0.656s][info][gc,stats    ] 
[0.656s][info][gc,stats    ] Allocation pacing accrued:
[0.656s][info][gc,stats    ]       0 of    13 ms (  0.0%): <total>
[0.656s][info][gc,stats    ]       0 of    13 ms (  0.0%): <average total>
[0.656s][info][gc,stats    ] 
[0.656s][info][gc,metaspace] Metaspace: 2096K(2240K)->2282K(2496K) NonClass: 1904K(1984K)->2075K(2176K) Class: 191K(256K)->207K(320K)
[0.656s][info][gc,ergo     ] Pacer for Idle. Initial: 40642K, Alloc Tax Rate: 1.0x
[0.658s][info][gc          ] Trigger: Start next cycle immediately
[0.658s][info][gc,ergo     ] Free: 1873M, Max: 512K regular, 1870M humongous, Frag: 1% external, 0% internal; Reserve: 101888K, Max: 512K
[0.658s][info][gc,start    ] GC(34) Concurrent reset
[0.658s][info][gc,task     ] GC(34) Using 2 of 8 workers for concurrent reset
[0.658s][info][gc,ergo     ] GC(34) Pacer for Reset. Non-Taxable: 1984M
[0.658s][info][gc          ] GC(34) Concurrent reset 0.267ms
[0.658s][info][gc,start    ] GC(34) Pause Init Mark (unload classes)
[0.658s][info][gc,task     ] GC(34) Using 8 of 8 workers for init marking
[0.658s][info][gc,ergo     ] GC(34) Pacer for Mark. Expected Live: 9341K, Free: 1873M, Non-Taxable: 187M, Alloc Tax Rate: 0.0x
[0.658s][info][gc          ] GC(34) Pause Init Mark (unload classes) 0.065ms
[0.658s][info][gc,start    ] GC(34) Concurrent marking roots
[0.658s][info][gc,task     ] GC(34) Using 2 of 8 workers for concurrent marking roots
[0.658s][info][gc          ] GC(34) Concurrent marking roots 0.241ms
[0.658s][info][gc,start    ] GC(34) Concurrent marking (unload classes)
[0.658s][info][gc,task     ] GC(34) Using 2 of 8 workers for concurrent marking
[0.659s][info][gc          ] GC(34) Concurrent marking (unload classes) 1.047ms
[0.660s][info][gc,start    ] GC(34) Pause Final Mark (unload classes)
[0.660s][info][gc,task     ] GC(34) Using 8 of 8 workers for final marking
[0.660s][info][gc,ergo     ] GC(34) Collectable Garbage: 2100K (100%), Immediate: 0B (0%), CSet: 2100K (100%)
[0.660s][info][gc,ergo     ] GC(34) Pacer for Evacuation. Used CSet: 9608K, Free: 1872M, Non-Taxable: 187M, Alloc Tax Rate: 1.1x
[0.660s][info][gc          ] GC(34) Pause Final Mark (unload classes) 0.219ms
[0.660s][info][gc,start    ] GC(34) Concurrent thread roots
[0.660s][info][gc,task     ] GC(34) Using 2 of 8 workers for Concurrent thread roots
[0.660s][info][gc          ] GC(34) Concurrent thread roots 0.131ms
[0.660s][info][gc,start    ] GC(34) Concurrent weak references
[0.660s][info][gc,task     ] GC(34) Using 2 of 8 workers for concurrent weak references
[0.660s][info][gc,ref      ] GC(34) Encountered references: Soft: 135, Weak: 355, Final: 0, Phantom: 579
[0.660s][info][gc,ref      ] GC(34) Discovered  references: Soft: 0, Weak: 126, Final: 0, Phantom: 578
[0.660s][info][gc,ref      ] GC(34) Enqueued    references: Soft: 0, Weak: 0, Final: 0, Phantom: 0
[0.660s][info][gc          ] GC(34) Concurrent weak references 0.112ms
[0.660s][info][gc,start    ] GC(34) Concurrent weak roots
[0.660s][info][gc,task     ] GC(34) Using 2 of 8 workers for concurrent weak root
[0.660s][info][gc          ] GC(34) Concurrent weak roots 0.313ms
[0.660s][info][gc,start    ] GC(34) Concurrent cleanup
[0.660s][info][gc          ] GC(34) Concurrent cleanup 12M->12M(142M) 0.056ms
[0.660s][info][gc,ergo     ] GC(34) Free: 1872M, Max: 512K regular, 1870M humongous, Frag: 1% external, 0% internal; Reserve: 101615K, Max: 512K
[0.660s][info][gc,start    ] GC(34) Concurrent class unloading
[0.660s][info][gc,task     ] GC(34) Using 2 of 8 workers for concurrent class unloading
[0.661s][info][gc          ] GC(34) Concurrent class unloading 0.507ms
[0.661s][info][gc,start    ] GC(34) Concurrent strong roots
[0.661s][info][gc,task     ] GC(34) Using 2 of 8 workers for concurrent strong root
[0.661s][info][gc          ] GC(34) Concurrent strong roots 0.121ms
[0.661s][info][gc,start    ] GC(34) Concurrent evacuation
[0.661s][info][gc,task     ] GC(34) Using 2 of 8 workers for concurrent evacuation
[0.662s][info][gc          ] GC(34) Concurrent evacuation 1.365ms
[0.663s][info][gc,start    ] GC(34) Pause Init Update Refs
[0.663s][info][gc,ergo     ] GC(34) Pacer for Update Refs. Used: 21751K, Free: 1872M, Non-Taxable: 187M, Alloc Tax Rate: 1.1x
[0.663s][info][gc          ] GC(34) Pause Init Update Refs 0.040ms
[0.663s][info][gc,start    ] GC(34) Concurrent update references
[0.663s][info][gc,task     ] GC(34) Using 2 of 8 workers for concurrent reference update
[0.665s][info][gc          ] GC(34) Concurrent update references 2.443ms
[0.665s][info][gc,start    ] GC(34) Concurrent update thread roots
[0.669s][info][gc          ] GC(34) Concurrent update thread roots 4.382ms
[0.673s][info][gc,start    ] GC(34) Pause Final Update Refs
[0.673s][info][gc,task     ] GC(34) Using 8 of 8 workers for final reference update
[0.673s][info][gc          ] GC(34) Pause Final Update Refs 0.081ms
[0.673s][info][gc,start    ] GC(34) Concurrent cleanup
[0.673s][info][gc          ] GC(34) Concurrent cleanup 21M->11M(142M) 0.082ms
[0.673s][info][gc,ergo     ] Free: 1872M, Max: 512K regular, 1869M humongous, Frag: 1% external, 0% internal; Reserve: 101888K, Max: 512K
[0.673s][info][gc,stats    ] 
[0.673s][info][gc,stats    ] All times are wall-clock times, except per-root-class counters, that are sum over
[0.673s][info][gc,stats    ] all workers. Dividing the <total> over the root stage time estimates parallelism.
[0.673s][info][gc,stats    ] 
[0.673s][info][gc,stats    ] Concurrent Reset                    286 us
[0.673s][info][gc,stats    ] Pause Init Mark (G)                 186 us
[0.673s][info][gc,stats    ] Pause Init Mark (N)                  74 us
[0.673s][info][gc,stats    ]   Update Region States               17 us
[0.673s][info][gc,stats    ] Concurrent Mark Roots               255 us, parallelism: 0.79x
[0.673s][info][gc,stats    ]   CMR: <total>                      202 us
[0.673s][info][gc,stats    ]   CMR: Thread Roots                 163 us, workers (us): 144,  19, ---, ---, ---, ---, ---, ---, 
[0.673s][info][gc,stats    ]   CMR: VM Strong Roots                4 us, workers (us):   4,   0, ---, ---, ---, ---, ---, ---, 
[0.673s][info][gc,stats    ]   CMR: CLDG Roots                    35 us, workers (us):  35, ---, ---, ---, ---, ---, ---, ---, 
[0.673s][info][gc,stats    ] Concurrent Marking                 1072 us
[0.673s][info][gc,stats    ] Pause Final Mark (G)                340 us
[0.673s][info][gc,stats    ] Pause Final Mark (N)                228 us
[0.673s][info][gc,stats    ]   Finish Mark                       101 us
[0.673s][info][gc,stats    ]   Update Region States               13 us
[0.673s][info][gc,stats    ]   Choose Collection Set              33 us
[0.673s][info][gc,stats    ]   Rebuild Free Set                   15 us
[0.673s][info][gc,stats    ] Concurrent Thread Roots             141 us, parallelism: 0.55x
[0.673s][info][gc,stats    ]   CTR: <total>                       78 us
[0.673s][info][gc,stats    ]   CTR: Thread Roots                  78 us, workers (us):  77,   0, ---, ---, ---, ---, ---, ---, 
[0.673s][info][gc,stats    ] Concurrent Weak References          120 us, parallelism: 0.46x
[0.673s][info][gc,stats    ]   CWRF: <total>                      56 us
[0.673s][info][gc,stats    ]   CWRF: Weak References              56 us, workers (us):  55,   1, ---, ---, ---, ---, ---, ---, 
[0.673s][info][gc,stats    ] Concurrent Weak Roots               322 us
[0.673s][info][gc,stats    ]   Roots                             273 us, parallelism: 0.91x
[0.673s][info][gc,stats    ]     CWR: <total>                    248 us
[0.673s][info][gc,stats    ]     CWR: Code Cache Roots           133 us, workers (us): 133,   0, ---, ---, ---, ---, ---, ---, 
[0.673s][info][gc,stats    ]     CWR: VM Weak Roots              113 us, workers (us): 112,   0, ---, ---, ---, ---, ---, ---, 
[0.673s][info][gc,stats    ]     CWR: CLDG Roots                   2 us, workers (us):   2, ---, ---, ---, ---, ---, ---, ---, 
[0.673s][info][gc,stats    ]   Rendezvous                         24 us
[0.673s][info][gc,stats    ] Concurrent Cleanup                   65 us
[0.673s][info][gc,stats    ] Concurrent Class Unloading          516 us
[0.673s][info][gc,stats    ]   Unlink Stale                      466 us
[0.673s][info][gc,stats    ]     System Dictionary                23 us
[0.673s][info][gc,stats    ]     Weak Class Links                  0 us
[0.673s][info][gc,stats    ]     Code Roots                      442 us
[0.673s][info][gc,stats    ]   Rendezvous                         20 us
[0.673s][info][gc,stats    ]   Purge Unlinked                      4 us
[0.673s][info][gc,stats    ]     Code Roots                        1 us
[0.673s][info][gc,stats    ]     CLDG                              3 us
[0.673s][info][gc,stats    ]     Exception Caches                  0 us
[0.673s][info][gc,stats    ] Concurrent Strong Roots             134 us, parallelism: 0.62x
[0.673s][info][gc,stats    ]   CSR: <total>                       84 us
[0.673s][info][gc,stats    ]   CSR: VM Strong Roots                5 us, workers (us):   5,   0, ---, ---, ---, ---, ---, ---, 
[0.673s][info][gc,stats    ]   CSR: CLDG Roots                    78 us, workers (us):  78, ---, ---, ---, ---, ---, ---, ---, 
[0.673s][info][gc,stats    ] Concurrent Evacuation              1380 us
[0.673s][info][gc,stats    ] Pause Init Update Refs (G)          145 us
[0.673s][info][gc,stats    ] Pause Init Update Refs (N)           49 us
[0.673s][info][gc,stats    ]   Manage GCLABs                       4 us
[0.673s][info][gc,stats    ] Concurrent Update Refs             2460 us
[0.673s][info][gc,stats    ] Concurrent Update Thread Roots     4409 us
[0.673s][info][gc,stats    ] Pause Final Update Refs (G)        3268 us
[0.673s][info][gc,stats    ] Pause Final Update Refs (N)          91 us
[0.673s][info][gc,stats    ]   Update Region States               22 us
[0.673s][info][gc,stats    ]   Trash Collection Set                2 us
[0.673s][info][gc,stats    ]   Rebuild Free Set                   18 us
[0.673s][info][gc,stats    ] Concurrent Cleanup                   98 us
[0.673s][info][gc,stats    ] 
[0.673s][info][gc,stats    ] Allocation pacing accrued:
[0.673s][info][gc,stats    ]       0 of    17 ms (  0.0%): <total>
[0.674s][info][gc,stats    ]       0 of    17 ms (  0.0%): <average total>
[0.674s][info][gc,stats    ] 
[0.674s][info][gc,metaspace] Metaspace: 2297K(2496K)->2333K(2496K) NonClass: 2088K(2176K)->2119K(2176K) Class: 209K(320K)->213K(320K)
[0.674s][info][gc,ergo     ] Pacer for Idle. Initial: 40642K, Alloc Tax Rate: 1.0x
[0.675s][info][gc          ] Trigger: Start next cycle immediately
[0.675s][info][gc,ergo     ] Free: 1872M, Max: 512K regular, 1869M humongous, Frag: 1% external, 0% internal; Reserve: 101888K, Max: 512K
[0.675s][info][gc,start    ] GC(35) Concurrent reset
[0.675s][info][gc,task     ] GC(35) Using 2 of 8 workers for concurrent reset
[0.675s][info][gc,ergo     ] GC(35) Pacer for Reset. Non-Taxable: 1984M
[0.675s][info][gc          ] GC(35) Concurrent reset 0.224ms
[0.675s][info][gc,start    ] GC(35) Pause Init Mark
[0.675s][info][gc,task     ] GC(35) Using 8 of 8 workers for init marking
[0.675s][info][gc,ergo     ] GC(35) Pacer for Mark. Expected Live: 9367K, Free: 1872M, Non-Taxable: 187M, Alloc Tax Rate: 0.0x
[0.675s][info][gc          ] GC(35) Pause Init Mark 0.065ms
[0.675s][info][gc,start    ] GC(35) Concurrent marking roots
[0.675s][info][gc,task     ] GC(35) Using 2 of 8 workers for concurrent marking roots
[0.676s][info][gc          ] GC(35) Concurrent marking roots 0.336ms
[0.676s][info][gc,start    ] GC(35) Concurrent marking
[0.676s][info][gc,task     ] GC(35) Using 2 of 8 workers for concurrent marking
[0.678s][info][gc          ] GC(35) Concurrent marking 1.923ms
[0.678s][info][gc,start    ] GC(35) Pause Final Mark
[0.678s][info][gc,task     ] GC(35) Using 8 of 8 workers for final marking
[0.678s][info][gc,ergo     ] GC(35) Collectable Garbage: 2743K (100%), Immediate: 0B (0%), CSet: 2743K (100%)
[0.678s][info][gc,ergo     ] GC(35) Pacer for Evacuation. Used CSet: 10240K, Free: 1872M, Non-Taxable: 187M, Alloc Tax Rate: 1.1x
[0.678s][info][gc          ] GC(35) Pause Final Mark 0.208ms
[0.678s][info][gc,start    ] GC(35) Concurrent thread roots
[0.678s][info][gc,task     ] GC(35) Using 2 of 8 workers for Concurrent thread roots
[0.678s][info][gc          ] GC(35) Concurrent thread roots 0.209ms
[0.678s][info][gc,start    ] GC(35) Concurrent weak references
[0.678s][info][gc,task     ] GC(35) Using 2 of 8 workers for concurrent weak references
[0.678s][info][gc,ref      ] GC(35) Encountered references: Soft: 141, Weak: 371, Final: 0, Phantom: 583
[0.678s][info][gc,ref      ] GC(35) Discovered  references: Soft: 0, Weak: 128, Final: 0, Phantom: 582
[0.678s][info][gc,ref      ] GC(35) Enqueued    references: Soft: 0, Weak: 7, Final: 0, Phantom: 5
[0.678s][info][gc          ] GC(35) Concurrent weak references 0.126ms
[0.678s][info][gc,start    ] GC(35) Concurrent weak roots
[0.678s][info][gc,task     ] GC(35) Using 2 of 8 workers for concurrent weak root
[0.678s][info][gc          ] GC(35) Concurrent weak roots 0.148ms
[0.678s][info][gc,start    ] GC(35) Concurrent cleanup
[0.679s][info][gc          ] GC(35) Concurrent cleanup 13M->13M(142M) 0.059ms
[0.679s][info][gc,ergo     ] GC(35) Free: 1871M, Max: 512K regular, 1869M humongous, Frag: 1% external, 0% internal; Reserve: 101698K, Max: 512K
[0.679s][info][gc,start    ] GC(35) Concurrent strong roots
[0.679s][info][gc,task     ] GC(35) Using 2 of 8 workers for concurrent strong root
[0.679s][info][gc          ] GC(35) Concurrent strong roots 0.292ms
[0.679s][info][gc,start    ] GC(35) Concurrent evacuation
[0.679s][info][gc,task     ] GC(35) Using 2 of 8 workers for concurrent evacuation
[0.681s][info][gc          ] GC(35) Concurrent evacuation 1.702ms
[0.681s][info][gc,start    ] GC(35) Pause Init Update Refs
[0.681s][info][gc,ergo     ] GC(35) Pacer for Update Refs. Used: 23362K, Free: 1871M, Non-Taxable: 187M, Alloc Tax Rate: 1.1x
[0.681s][info][gc          ] GC(35) Pause Init Update Refs 0.030ms
[0.681s][info][gc,start    ] GC(35) Concurrent update references
[0.681s][info][gc,task     ] GC(35) Using 2 of 8 workers for concurrent reference update
[0.682s][info][gc          ] GC(35) Concurrent update references 1.159ms
[0.682s][info][gc,start    ] GC(35) Concurrent update thread roots
[0.682s][info][gc          ] GC(35) Concurrent update thread roots 0.226ms
[0.682s][info][gc,start    ] GC(35) Pause Final Update Refs
[0.682s][info][gc,task     ] GC(35) Using 8 of 8 workers for final reference update
[0.682s][info][gc          ] GC(35) Pause Final Update Refs 0.082ms
[0.682s][info][gc,start    ] GC(35) Concurrent cleanup
[0.682s][info][gc          ] GC(35) Concurrent cleanup 22M->12M(143M) 0.062ms
[0.682s][info][gc,ergo     ] Free: 1871M, Max: 512K regular, 1868M humongous, Frag: 1% external, 0% internal; Reserve: 101888K, Max: 512K
[0.683s][info][gc,stats    ] 
[0.683s][info][gc,stats    ] All times are wall-clock times, except per-root-class counters, that are sum over
[0.683s][info][gc,stats    ] all workers. Dividing the <total> over the root stage time estimates parallelism.
[0.683s][info][gc,stats    ] 
[0.683s][info][gc,stats    ] Concurrent Reset                    239 us
[0.683s][info][gc,stats    ] Pause Init Mark (G)                 193 us
[0.683s][info][gc,stats    ] Pause Init Mark (N)                  73 us
[0.683s][info][gc,stats    ]   Update Region States               19 us
[0.683s][info][gc,stats    ] Concurrent Mark Roots               345 us, parallelism: 1.27x
[0.683s][info][gc,stats    ]   CMR: <total>                      440 us
[0.683s][info][gc,stats    ]   CMR: Thread Roots                 197 us, workers (us):  20, 177, ---, ---, ---, ---, ---, ---, 
[0.683s][info][gc,stats    ]   CMR: Code Cache Roots             184 us, workers (us):  90,  94, ---, ---, ---, ---, ---, ---, 
[0.683s][info][gc,stats    ]   CMR: VM Strong Roots                7 us, workers (us):   6,   0, ---, ---, ---, ---, ---, ---, 
[0.683s][info][gc,stats    ]   CMR: CLDG Roots                    52 us, workers (us):  52, ---, ---, ---, ---, ---, ---, ---, 
[0.683s][info][gc,stats    ] Concurrent Marking                 1945 us
[0.683s][info][gc,stats    ] Pause Final Mark (G)                344 us
[0.683s][info][gc,stats    ] Pause Final Mark (N)                216 us
[0.683s][info][gc,stats    ]   Finish Mark                        94 us
[0.683s][info][gc,stats    ]   Update Region States               14 us
[0.683s][info][gc,stats    ]   Choose Collection Set              34 us
[0.683s][info][gc,stats    ]   Rebuild Free Set                   18 us
[0.683s][info][gc,stats    ] Concurrent Thread Roots             221 us, parallelism: 0.85x
[0.683s][info][gc,stats    ]   CTR: <total>                      187 us
[0.683s][info][gc,stats    ]   CTR: Thread Roots                 187 us, workers (us): 163,  23, ---, ---, ---, ---, ---, ---, 
[0.683s][info][gc,stats    ] Concurrent Weak References          133 us, parallelism: 0.38x
[0.683s][info][gc,stats    ]   CWRF: <total>                      50 us
[0.683s][info][gc,stats    ]   CWRF: Weak References              50 us, workers (us):  47,   3, ---, ---, ---, ---, ---, ---, 
[0.683s][info][gc,stats    ] Concurrent Weak Roots               159 us
[0.683s][info][gc,stats    ]   Roots                             113 us, parallelism: 1.05x
[0.683s][info][gc,stats    ]     CWR: <total>                    119 us
[0.683s][info][gc,stats    ]     CWR: VM Weak Roots              119 us, workers (us):  81,  38, ---, ---, ---, ---, ---, ---, 
[0.683s][info][gc,stats    ]   Rendezvous                         19 us
[0.683s][info][gc,stats    ] Concurrent Cleanup                   69 us
[0.683s][info][gc,stats    ] Concurrent Strong Roots             309 us, parallelism: 1.32x
[0.683s][info][gc,stats    ]   CSR: <total>                      408 us
[0.683s][info][gc,stats    ]   CSR: Code Cache Roots             327 us, workers (us): 121, 206, ---, ---, ---, ---, ---, ---, 
[0.683s][info][gc,stats    ]   CSR: VM Strong Roots                6 us, workers (us):   6,   0, ---, ---, ---, ---, ---, ---, 
[0.683s][info][gc,stats    ]   CSR: CLDG Roots                    75 us, workers (us):  75, ---, ---, ---, ---, ---, ---, ---, 
[0.683s][info][gc,stats    ] Concurrent Evacuation              1733 us
[0.683s][info][gc,stats    ] Pause Init Update Refs (G)          146 us
[0.683s][info][gc,stats    ] Pause Init Update Refs (N)           38 us
[0.683s][info][gc,stats    ]   Manage GCLABs                       5 us
[0.683s][info][gc,stats    ] Concurrent Update Refs             1180 us
[0.683s][info][gc,stats    ] Concurrent Update Thread Roots      238 us
[0.683s][info][gc,stats    ] Pause Final Update Refs (G)         203 us
[0.683s][info][gc,stats    ] Pause Final Update Refs (N)          92 us
[0.683s][info][gc,stats    ]   Update Region States               14 us
[0.683s][info][gc,stats    ]   Trash Collection Set                2 us
[0.683s][info][gc,stats    ]   Rebuild Free Set                   16 us
[0.683s][info][gc,stats    ] Concurrent Cleanup                   71 us
[0.683s][info][gc,stats    ] 
[0.683s][info][gc,stats    ] Allocation pacing accrued:
[0.683s][info][gc,stats    ]       0 of     9 ms (  0.0%): <total>
[0.683s][info][gc,stats    ]       0 of     9 ms (  0.0%): <average total>
[0.683s][info][gc,stats    ] 
[0.683s][info][gc,metaspace] Metaspace: 2370K(2560K)->2478K(2624K) NonClass: 2151K(2240K)->2250K(2304K) Class: 218K(320K)->228K(320K)
[0.683s][info][gc,ergo     ] Pacer for Idle. Initial: 40642K, Alloc Tax Rate: 1.0x
[0.684s][info][gc          ] Trigger: Start next cycle immediately
[0.684s][info][gc,ergo     ] Free: 1871M, Max: 512K regular, 1868M humongous, Frag: 1% external, 0% internal; Reserve: 101888K, Max: 512K
[0.684s][info][gc,start    ] GC(36) Concurrent reset
[0.684s][info][gc,task     ] GC(36) Using 2 of 8 workers for concurrent reset
[0.684s][info][gc,ergo     ] GC(36) Pacer for Reset. Non-Taxable: 1984M
[0.685s][info][gc          ] GC(36) Concurrent reset 0.698ms
[0.685s][info][gc,start    ] GC(36) Pause Init Mark (unload classes)
[0.685s][info][gc,task     ] GC(36) Using 8 of 8 workers for init marking
[0.685s][info][gc,ergo     ] GC(36) Pacer for Mark. Expected Live: 9383K, Free: 1871M, Non-Taxable: 187M, Alloc Tax Rate: 0.0x
[0.685s][info][gc          ] GC(36) Pause Init Mark (unload classes) 0.052ms
[0.685s][info][gc,start    ] GC(36) Concurrent marking roots
[0.685s][info][gc,task     ] GC(36) Using 2 of 8 workers for concurrent marking roots
[0.685s][info][gc          ] GC(36) Concurrent marking roots 0.218ms
[0.685s][info][gc,start    ] GC(36) Concurrent marking (unload classes)
[0.685s][info][gc,task     ] GC(36) Using 2 of 8 workers for concurrent marking
[0.686s][info][gc          ] GC(36) Concurrent marking (unload classes) 1.118ms
[0.686s][info][gc,start    ] GC(36) Pause Final Mark (unload classes)
[0.686s][info][gc,task     ] GC(36) Using 8 of 8 workers for final marking
[0.687s][info][gc,ergo     ] GC(36) Collectable Garbage: 3678K (100%), Immediate: 0B (0%), CSet: 3678K (100%)
[0.687s][info][gc,ergo     ] GC(36) Pacer for Evacuation. Used CSet: 11216K, Free: 1871M, Non-Taxable: 187M, Alloc Tax Rate: 1.1x
[0.687s][info][gc          ] GC(36) Pause Final Mark (unload classes) 0.177ms
[0.687s][info][gc,start    ] GC(36) Concurrent thread roots
[0.687s][info][gc,task     ] GC(36) Using 2 of 8 workers for Concurrent thread roots
[0.687s][info][gc          ] GC(36) Concurrent thread roots 0.109ms
[0.687s][info][gc,start    ] GC(36) Concurrent weak references
[0.687s][info][gc,task     ] GC(36) Using 2 of 8 workers for concurrent weak references
[0.687s][info][gc,ref      ] GC(36) Encountered references: Soft: 145, Weak: 389, Final: 0, Phantom: 584
[0.687s][info][gc,ref      ] GC(36) Discovered  references: Soft: 0, Weak: 128, Final: 0, Phantom: 583
[0.687s][info][gc,ref      ] GC(36) Enqueued    references: Soft: 0, Weak: 10, Final: 0, Phantom: 6
[0.687s][info][gc          ] GC(36) Concurrent weak references 0.125ms
[0.687s][info][gc,start    ] GC(36) Concurrent weak roots
[0.687s][info][gc,task     ] GC(36) Using 2 of 8 workers for concurrent weak root
[0.687s][info][gc          ] GC(36) Concurrent weak roots 0.216ms
[0.687s][info][gc,start    ] GC(36) Concurrent cleanup
[0.687s][info][gc          ] GC(36) Concurrent cleanup 13M->13M(143M) 0.060ms
[0.687s][info][gc,ergo     ] GC(36) Free: 1870M, Max: 512K regular, 1868M humongous, Frag: 1% external, 0% internal; Reserve: 101706K, Max: 512K
[0.687s][info][gc,start    ] GC(36) Concurrent class unloading
[0.687s][info][gc,task     ] GC(36) Using 2 of 8 workers for concurrent class unloading
[0.688s][info][gc          ] GC(36) Concurrent class unloading 0.544ms
[0.688s][info][gc,start    ] GC(36) Concurrent strong roots
[0.688s][info][gc,task     ] GC(36) Using 2 of 8 workers for concurrent strong root
[0.688s][info][gc          ] GC(36) Concurrent strong roots 0.128ms
[0.688s][info][gc,start    ] GC(36) Concurrent evacuation
[0.688s][info][gc,task     ] GC(36) Using 2 of 8 workers for concurrent evacuation
[0.689s][info][gc          ] GC(36) Concurrent evacuation 1.293ms
[0.689s][info][gc,start    ] GC(36) Pause Init Update Refs
[0.689s][info][gc,ergo     ] GC(36) Pacer for Update Refs. Used: 23068K, Free: 1870M, Non-Taxable: 187M, Alloc Tax Rate: 1.1x
[0.689s][info][gc          ] GC(36) Pause Init Update Refs 0.031ms
[0.689s][info][gc,start    ] GC(36) Concurrent update references
[0.689s][info][gc,task     ] GC(36) Using 2 of 8 workers for concurrent reference update
[0.690s][info][gc          ] GC(36) Concurrent update references 1.064ms
[0.691s][info][gc,start    ] GC(36) Concurrent update thread roots
[0.691s][info][gc          ] GC(36) Concurrent update thread roots 0.124ms
[0.691s][info][gc,start    ] GC(36) Pause Final Update Refs
[0.691s][info][gc,task     ] GC(36) Using 8 of 8 workers for final reference update
[0.691s][info][gc          ] GC(36) Pause Final Update Refs 0.058ms
[0.691s][info][gc,start    ] GC(36) Concurrent cleanup
[0.691s][info][gc          ] GC(36) Concurrent cleanup 22M->11M(143M) 0.061ms
[0.691s][info][gc,ergo     ] Free: 1872M, Max: 512K regular, 1869M humongous, Frag: 1% external, 0% internal; Reserve: 101888K, Max: 512K
[0.691s][info][gc,stats    ] 
[0.691s][info][gc,stats    ] All times are wall-clock times, except per-root-class counters, that are sum over
[0.691s][info][gc,stats    ] all workers. Dividing the <total> over the root stage time estimates parallelism.
[0.691s][info][gc,stats    ] 
[0.691s][info][gc,stats    ] Concurrent Reset                    716 us
[0.691s][info][gc,stats    ] Pause Init Mark (G)                 170 us
[0.691s][info][gc,stats    ] Pause Init Mark (N)                  60 us
[0.691s][info][gc,stats    ]   Update Region States               17 us
[0.691s][info][gc,stats    ] Concurrent Mark Roots               231 us, parallelism: 0.86x
[0.691s][info][gc,stats    ]   CMR: <total>                      199 us
[0.691s][info][gc,stats    ]   CMR: Thread Roots                 149 us, workers (us): 130,  20, ---, ---, ---, ---, ---, ---, 
[0.691s][info][gc,stats    ]   CMR: VM Strong Roots                4 us, workers (us):   3,   0, ---, ---, ---, ---, ---, ---, 
[0.691s][info][gc,stats    ]   CMR: CLDG Roots                    46 us, workers (us):  46, ---, ---, ---, ---, ---, ---, ---, 
[0.691s][info][gc,stats    ] Concurrent Marking                 1139 us
[0.691s][info][gc,stats    ] Pause Final Mark (G)                294 us
[0.691s][info][gc,stats    ] Pause Final Mark (N)                183 us
[0.691s][info][gc,stats    ]   Finish Mark                        73 us
[0.691s][info][gc,stats    ]   Update Region States               14 us
[0.691s][info][gc,stats    ]   Choose Collection Set              37 us
[0.691s][info][gc,stats    ]   Rebuild Free Set                   18 us
[0.691s][info][gc,stats    ] Concurrent Thread Roots             121 us, parallelism: 0.53x
[0.691s][info][gc,stats    ]   CTR: <total>                       64 us
[0.691s][info][gc,stats    ]   CTR: Thread Roots                  64 us, workers (us):  64,   0, ---, ---, ---, ---, ---, ---, 
[0.691s][info][gc,stats    ] Concurrent Weak References          133 us, parallelism: 0.69x
[0.691s][info][gc,stats    ]   CWRF: <total>                      92 us
[0.691s][info][gc,stats    ]   CWRF: Weak References              92 us, workers (us):  31,  61, ---, ---, ---, ---, ---, ---, 
[0.691s][info][gc,stats    ] Concurrent Weak Roots               230 us
[0.691s][info][gc,stats    ]   Roots                             185 us, parallelism: 1.30x
[0.691s][info][gc,stats    ]     CWR: <total>                    241 us
[0.691s][info][gc,stats    ]     CWR: Code Cache Roots           114 us, workers (us):  61,  53, ---, ---, ---, ---, ---, ---, 
[0.691s][info][gc,stats    ]     CWR: VM Weak Roots              125 us, workers (us):  87,  38, ---, ---, ---, ---, ---, ---, 
[0.691s][info][gc,stats    ]     CWR: CLDG Roots                   2 us, workers (us): ---,   2, ---, ---, ---, ---, ---, ---, 
[0.691s][info][gc,stats    ]   Rendezvous                         15 us
[0.691s][info][gc,stats    ] Concurrent Cleanup                   69 us
[0.691s][info][gc,stats    ] Concurrent Class Unloading          559 us
[0.691s][info][gc,stats    ]   Unlink Stale                      445 us
[0.691s][info][gc,stats    ]     System Dictionary                22 us
[0.691s][info][gc,stats    ]     Weak Class Links                  0 us
[0.691s][info][gc,stats    ]     Code Roots                      421 us
[0.691s][info][gc,stats    ]   Rendezvous                         19 us
[0.691s][info][gc,stats    ]   Purge Unlinked                     59 us
[0.691s][info][gc,stats    ]     Code Roots                       18 us
[0.691s][info][gc,stats    ]     CLDG                             40 us
[0.691s][info][gc,stats    ]     Exception Caches                  0 us
[0.691s][info][gc,stats    ] Concurrent Strong Roots             140 us, parallelism: 0.55x
[0.691s][info][gc,stats    ]   CSR: <total>                       77 us
[0.691s][info][gc,stats    ]   CSR: VM Strong Roots                4 us, workers (us):   4,   0, ---, ---, ---, ---, ---, ---, 
[0.691s][info][gc,stats    ]   CSR: CLDG Roots                    72 us, workers (us):  72, ---, ---, ---, ---, ---, ---, ---, 
[0.691s][info][gc,stats    ] Concurrent Evacuation              1315 us
[0.691s][info][gc,stats    ] Pause Init Update Refs (G)          178 us
[0.691s][info][gc,stats    ] Pause Init Update Refs (N)           39 us
[0.691s][info][gc,stats    ]   Manage GCLABs                       5 us
[0.691s][info][gc,stats    ] Concurrent Update Refs             1090 us
[0.692s][info][gc,stats    ] Concurrent Update Thread Roots      136 us
[0.692s][info][gc,stats    ] Pause Final Update Refs (G)         200 us
[0.692s][info][gc,stats    ] Pause Final Update Refs (N)          67 us
[0.692s][info][gc,stats    ]   Update Region States               14 us
[0.692s][info][gc,stats    ]   Trash Collection Set                2 us
[0.692s][info][gc,stats    ]   Rebuild Free Set                   17 us
[0.692s][info][gc,stats    ] Concurrent Cleanup                   70 us
[0.692s][info][gc,stats    ] 
[0.692s][info][gc,stats    ] Allocation pacing accrued:
[0.692s][info][gc,stats    ]       0 of     9 ms (  0.0%): <total>
[0.692s][info][gc,stats    ]       0 of     9 ms (  0.0%): <average total>
[0.692s][info][gc,stats    ] 
[0.692s][info][gc,metaspace] Metaspace: 2513K(2688K)->2545K(2688K) NonClass: 2281K(2368K)->2310K(2368K) Class: 231K(320K)->235K(320K)
[0.692s][info][gc,ergo     ] Pacer for Idle. Initial: 40642K, Alloc Tax Rate: 1.0x
[0.693s][info][gc          ] Trigger: Start next cycle immediately
[0.693s][info][gc,ergo     ] Free: 1872M, Max: 512K regular, 1869M humongous, Frag: 1% external, 0% internal; Reserve: 101888K, Max: 512K
[0.693s][info][gc,start    ] GC(37) Concurrent reset
[0.693s][info][gc,task     ] GC(37) Using 2 of 8 workers for concurrent reset
[0.693s][info][gc,ergo     ] GC(37) Pacer for Reset. Non-Taxable: 1984M
[0.693s][info][gc          ] GC(37) Concurrent reset 0.282ms
[0.698s][info][gc,start    ] GC(37) Pause Init Mark (unload classes)
[0.698s][info][gc,task     ] GC(37) Using 8 of 8 workers for init marking
[0.698s][info][gc,ergo     ] GC(37) Pacer for Mark. Expected Live: 9401K, Free: 1872M, Non-Taxable: 187M, Alloc Tax Rate: 0.0x
[0.698s][info][gc          ] GC(37) Pause Init Mark (unload classes) 0.071ms
[0.698s][info][gc,start    ] GC(37) Concurrent marking roots
[0.698s][info][gc,task     ] GC(37) Using 2 of 8 workers for concurrent marking roots
[0.699s][info][gc          ] GC(37) Concurrent marking roots 0.205ms
[0.699s][info][gc,start    ] GC(37) Concurrent marking (unload classes)
[0.699s][info][gc,task     ] GC(37) Using 2 of 8 workers for concurrent marking
[0.700s][info][gc          ] GC(37) Concurrent marking (unload classes) 1.167ms
[0.700s][info][gc,start    ] GC(37) Pause Final Mark (unload classes)
[0.700s][info][gc,task     ] GC(37) Using 8 of 8 workers for final marking
[0.700s][info][gc,ergo     ] GC(37) Collectable Garbage: 2390K (100%), Immediate: 0B (0%), CSet: 2390K (100%)
[0.700s][info][gc,ergo     ] GC(37) Pacer for Evacuation. Used CSet: 9945K, Free: 1872M, Non-Taxable: 187M, Alloc Tax Rate: 1.1x
[0.700s][info][gc          ] GC(37) Pause Final Mark (unload classes) 0.199ms
[0.700s][info][gc,start    ] GC(37) Concurrent thread roots
[0.700s][info][gc,task     ] GC(37) Using 2 of 8 workers for Concurrent thread roots
[0.700s][info][gc          ] GC(37) Concurrent thread roots 0.101ms
[0.700s][info][gc,start    ] GC(37) Concurrent weak references
[0.700s][info][gc,task     ] GC(37) Using 2 of 8 workers for concurrent weak references
[0.700s][info][gc,ref      ] GC(37) Encountered references: Soft: 148, Weak: 384, Final: 0, Phantom: 578
[0.700s][info][gc,ref      ] GC(37) Discovered  references: Soft: 0, Weak: 118, Final: 0, Phantom: 577
[0.700s][info][gc,ref      ] GC(37) Enqueued    references: Soft: 0, Weak: 2, Final: 0, Phantom: 0
[0.700s][info][gc          ] GC(37) Concurrent weak references 0.123ms
[0.700s][info][gc,start    ] GC(37) Concurrent weak roots
[0.700s][info][gc,task     ] GC(37) Using 2 of 8 workers for concurrent weak root
[0.701s][info][gc          ] GC(37) Concurrent weak roots 0.306ms
[0.701s][info][gc,start    ] GC(37) Concurrent cleanup
[0.701s][info][gc          ] GC(37) Concurrent cleanup 12M->12M(143M) 0.059ms
[0.701s][info][gc,ergo     ] GC(37) Free: 1871M, Max: 512K regular, 1869M humongous, Frag: 1% external, 0% internal; Reserve: 101613K, Max: 512K
[0.701s][info][gc,start    ] GC(37) Concurrent class unloading
[0.701s][info][gc,task     ] GC(37) Using 2 of 8 workers for concurrent class unloading
[0.701s][info][gc          ] GC(37) Concurrent class unloading 0.519ms
[0.701s][info][gc,start    ] GC(37) Concurrent strong roots
[0.701s][info][gc,task     ] GC(37) Using 2 of 8 workers for concurrent strong root
[0.702s][info][gc          ] GC(37) Concurrent strong roots 0.125ms
[0.702s][info][gc,start    ] GC(37) Concurrent evacuation
[0.702s][info][gc,task     ] GC(37) Using 2 of 8 workers for concurrent evacuation
[0.703s][info][gc          ] GC(37) Concurrent evacuation 1.163ms
[0.703s][info][gc,start    ] GC(37) Pause Init Update Refs
[0.703s][info][gc,ergo     ] GC(37) Pacer for Update Refs. Used: 21517K, Free: 1871M, Non-Taxable: 187M, Alloc Tax Rate: 1.1x
[0.703s][info][gc          ] GC(37) Pause Init Update Refs 0.031ms
[0.703s][info][gc,start    ] GC(37) Concurrent update references
[0.703s][info][gc,task     ] GC(37) Using 2 of 8 workers for concurrent reference update
[0.704s][info][gc          ] GC(37) Concurrent update references 0.925ms
[0.704s][info][gc,start    ] GC(37) Concurrent update thread roots
[0.705s][info][gc          ] GC(37) Concurrent update thread roots 1.095ms
[0.705s][info][gc,start    ] GC(37) Pause Final Update Refs
[0.705s][info][gc,task     ] GC(37) Using 8 of 8 workers for final reference update
[0.705s][info][gc          ] GC(37) Pause Final Update Refs 0.062ms
[0.705s][info][gc,start    ] GC(37) Concurrent cleanup
[0.705s][info][gc          ] GC(37) Concurrent cleanup 21M->11M(143M) 0.061ms
[0.705s][info][gc,ergo     ] Free: 1873M, Max: 512K regular, 1869M humongous, Frag: 1% external, 0% internal; Reserve: 101888K, Max: 512K
[0.705s][info][gc,stats    ] 
[0.705s][info][gc,stats    ] All times are wall-clock times, except per-root-class counters, that are sum over
[0.705s][info][gc,stats    ] all workers. Dividing the <total> over the root stage time estimates parallelism.
[0.705s][info][gc,stats    ] 
[0.705s][info][gc,stats    ] Concurrent Reset                    298 us
[0.705s][info][gc,stats    ] Pause Init Mark (G)                5415 us
[0.705s][info][gc,stats    ] Pause Init Mark (N)                  77 us
[0.705s][info][gc,stats    ]   Update Region States               23 us
[0.705s][info][gc,stats    ] Concurrent Mark Roots               218 us, parallelism: 0.63x
[0.705s][info][gc,stats    ]   CMR: <total>                      137 us
[0.705s][info][gc,stats    ]   CMR: Thread Roots                 101 us, workers (us): 101,   0, ---, ---, ---, ---, ---, ---, 
[0.705s][info][gc,stats    ]   CMR: VM Strong Roots                3 us, workers (us):   3,   0, ---, ---, ---, ---, ---, ---, 
[0.705s][info][gc,stats    ]   CMR: CLDG Roots                    33 us, workers (us):  33, ---, ---, ---, ---, ---, ---, ---, 
[0.705s][info][gc,stats    ] Concurrent Marking                 1181 us
[0.705s][info][gc,stats    ] Pause Final Mark (G)                320 us
[0.705s][info][gc,stats    ] Pause Final Mark (N)                207 us
[0.705s][info][gc,stats    ]   Finish Mark                        98 us
[0.705s][info][gc,stats    ]   Update Region States               14 us
[0.705s][info][gc,stats    ]   Choose Collection Set              34 us
[0.705s][info][gc,stats    ]   Rebuild Free Set                   18 us
[0.705s][info][gc,stats    ] Concurrent Thread Roots             111 us, parallelism: 0.87x
[0.705s][info][gc,stats    ]   CTR: <total>                       96 us
[0.705s][info][gc,stats    ]   CTR: Thread Roots                  96 us, workers (us):  65,  31, ---, ---, ---, ---, ---, ---, 
[0.705s][info][gc,stats    ] Concurrent Weak References          130 us, parallelism: 0.39x
[0.705s][info][gc,stats    ]   CWRF: <total>                      51 us
[0.705s][info][gc,stats    ]   CWRF: Weak References              51 us, workers (us):  48,   2, ---, ---, ---, ---, ---, ---, 
[0.705s][info][gc,stats    ] Concurrent Weak Roots               323 us
[0.705s][info][gc,stats    ]   Roots                             258 us, parallelism: 0.97x
[0.705s][info][gc,stats    ]     CWR: <total>                    250 us
[0.706s][info][gc,stats    ]     CWR: Code Cache Roots           123 us, workers (us):  57,  66, ---, ---, ---, ---, ---, ---, 
[0.706s][info][gc,stats    ]     CWR: VM Weak Roots              125 us, workers (us):  64,  61, ---, ---, ---, ---, ---, ---, 
[0.706s][info][gc,stats    ]     CWR: CLDG Roots                   2 us, workers (us): ---,   2, ---, ---, ---, ---, ---, ---, 
[0.706s][info][gc,stats    ]   Rendezvous                         32 us
[0.706s][info][gc,stats    ] Concurrent Cleanup                   68 us
[0.706s][info][gc,stats    ] Concurrent Class Unloading          537 us
[0.706s][info][gc,stats    ]   Unlink Stale                      474 us
[0.706s][info][gc,stats    ]     System Dictionary                24 us
[0.706s][info][gc,stats    ]     Weak Class Links                  0 us
[0.706s][info][gc,stats    ]     Code Roots                      450 us
[0.706s][info][gc,stats    ]   Rendezvous                         14 us
[0.706s][info][gc,stats    ]   Purge Unlinked                     13 us
[0.706s][info][gc,stats    ]     Code Roots                        1 us
[0.706s][info][gc,stats    ]     CLDG                             13 us
[0.706s][info][gc,stats    ]     Exception Caches                  0 us
[0.706s][info][gc,stats    ] Concurrent Strong Roots             136 us, parallelism: 0.64x
[0.706s][info][gc,stats    ]   CSR: <total>                       87 us
[0.706s][info][gc,stats    ]   CSR: VM Strong Roots                6 us, workers (us):   3,   3, ---, ---, ---, ---, ---, ---, 
[0.706s][info][gc,stats    ]   CSR: CLDG Roots                    81 us, workers (us): ---,  81, ---, ---, ---, ---, ---, ---, 
[0.706s][info][gc,stats    ] Concurrent Evacuation              1194 us
[0.706s][info][gc,stats    ] Pause Init Update Refs (G)          151 us
[0.706s][info][gc,stats    ] Pause Init Update Refs (N)           39 us
[0.706s][info][gc,stats    ]   Manage GCLABs                       6 us
[0.706s][info][gc,stats    ] Concurrent Update Refs              946 us
[0.706s][info][gc,stats    ] Concurrent Update Thread Roots     1110 us
[0.706s][info][gc,stats    ] Pause Final Update Refs (G)         121 us
[0.706s][info][gc,stats    ] Pause Final Update Refs (N)          73 us
[0.706s][info][gc,stats    ]   Update Region States               14 us
[0.706s][info][gc,stats    ]   Trash Collection Set                2 us
[0.706s][info][gc,stats    ]   Rebuild Free Set                   26 us
[0.706s][info][gc,stats    ] Concurrent Cleanup                   70 us
[0.706s][info][gc,stats    ] 
[0.706s][info][gc,stats    ] Allocation pacing accrued:
[0.706s][info][gc,stats    ]       0 of    15 ms (  0.0%): <total>
[0.706s][info][gc,stats    ]       0 of    15 ms (  0.0%): <average total>
[0.706s][info][gc,stats    ] 
[0.706s][info][gc,metaspace] Metaspace: 2545K(2688K)->2584K(2752K) NonClass: 2310K(2368K)->2341K(2432K) Class: 235K(320K)->242K(320K)
[0.706s][info][gc,ergo     ] Pacer for Idle. Initial: 40642K, Alloc Tax Rate: 1.0x
[0.708s][info][gc          ] Trigger: Start next cycle immediately
[0.708s][info][gc,ergo     ] Free: 1873M, Max: 512K regular, 1869M humongous, Frag: 1% external, 0% internal; Reserve: 101888K, Max: 512K
[0.708s][info][gc,start    ] GC(38) Concurrent reset
[0.708s][info][gc,task     ] GC(38) Using 2 of 8 workers for concurrent reset
[0.708s][info][gc,ergo     ] GC(38) Pacer for Reset. Non-Taxable: 1984M
[0.708s][info][gc          ] GC(38) Concurrent reset 0.234ms
[0.708s][info][gc,start    ] GC(38) Pause Init Mark
[0.708s][info][gc,task     ] GC(38) Using 8 of 8 workers for init marking
[0.708s][info][gc,ergo     ] GC(38) Pacer for Mark. Expected Live: 9419K, Free: 1873M, Non-Taxable: 187M, Alloc Tax Rate: 0.0x
[0.708s][info][gc          ] GC(38) Pause Init Mark 0.053ms
[0.708s][info][gc,start    ] GC(38) Concurrent marking roots
[0.708s][info][gc,task     ] GC(38) Using 2 of 8 workers for concurrent marking roots
[0.708s][info][gc          ] GC(38) Concurrent marking roots 0.283ms
[0.708s][info][gc,start    ] GC(38) Concurrent marking
[0.709s][info][gc,task     ] GC(38) Using 2 of 8 workers for concurrent marking
[0.713s][info][gc          ] GC(38) Concurrent marking 4.564ms
[0.713s][info][gc,start    ] GC(38) Pause Final Mark
[0.713s][info][gc,task     ] GC(38) Using 8 of 8 workers for final marking
[0.713s][info][gc,ergo     ] GC(38) Collectable Garbage: 2121K (100%), Immediate: 512K (24%), CSet: 1609K (75%)
[0.713s][info][gc,ergo     ] GC(38) Pacer for Evacuation. Used CSet: 9153K, Free: 1873M, Non-Taxable: 187M, Alloc Tax Rate: 1.1x
[0.713s][info][gc          ] GC(38) Pause Final Mark 0.210ms
[0.713s][info][gc,start    ] GC(38) Concurrent thread roots
[0.713s][info][gc,task     ] GC(38) Using 2 of 8 workers for Concurrent thread roots
[0.714s][info][gc          ] GC(38) Concurrent thread roots 0.211ms
[0.714s][info][gc,start    ] GC(38) Concurrent weak references
[0.714s][info][gc,task     ] GC(38) Using 2 of 8 workers for concurrent weak references
[0.714s][info][gc,ref      ] GC(38) Encountered references: Soft: 152, Weak: 415, Final: 0, Phantom: 584
[0.714s][info][gc,ref      ] GC(38) Discovered  references: Soft: 0, Weak: 171, Final: 0, Phantom: 526
[0.714s][info][gc,ref      ] GC(38) Enqueued    references: Soft: 0, Weak: 11, Final: 0, Phantom: 6
[0.714s][info][gc          ] GC(38) Concurrent weak references 0.146ms
[0.714s][info][gc,start    ] GC(38) Concurrent weak roots
[0.714s][info][gc,task     ] GC(38) Using 2 of 8 workers for concurrent weak root
[0.714s][info][gc          ] GC(38) Concurrent weak roots 0.140ms
[0.714s][info][gc,start    ] GC(38) Concurrent cleanup
[0.714s][info][gc          ] GC(38) Concurrent cleanup 12M->11M(143M) 0.060ms
[0.714s][info][gc,ergo     ] GC(38) Free: 1872M, Max: 512K regular, 1869M humongous, Frag: 1% external, 0% internal; Reserve: 101688K, Max: 512K
[0.714s][info][gc,start    ] GC(38) Concurrent strong roots
[0.714s][info][gc,task     ] GC(38) Using 2 of 8 workers for concurrent strong root
[0.714s][info][gc          ] GC(38) Concurrent strong roots 0.198ms
[0.714s][info][gc,start    ] GC(38) Concurrent evacuation
[0.714s][info][gc,task     ] GC(38) Using 2 of 8 workers for concurrent evacuation
[0.715s][info][gc          ] GC(38) Concurrent evacuation 1.218ms
[0.716s][info][gc,start    ] GC(38) Pause Init Update Refs
[0.716s][info][gc,ergo     ] GC(38) Pacer for Update Refs. Used: 20767K, Free: 1872M, Non-Taxable: 187M, Alloc Tax Rate: 1.1x
[0.716s][info][gc          ] GC(38) Pause Init Update Refs 0.028ms
[0.716s][info][gc,start    ] GC(38) Concurrent update references
[0.716s][info][gc,task     ] GC(38) Using 2 of 8 workers for concurrent reference update
[0.717s][info][gc          ] GC(38) Concurrent update references 1.552ms
[0.717s][info][gc,start    ] GC(38) Concurrent update thread roots
[0.718s][info][gc          ] GC(38) Concurrent update thread roots 0.325ms
[0.718s][info][gc,start    ] GC(38) Pause Final Update Refs
[0.718s][info][gc,task     ] GC(38) Using 8 of 8 workers for final reference update
[0.718s][info][gc          ] GC(38) Pause Final Update Refs 0.056ms
[0.718s][info][gc,start    ] GC(38) Concurrent cleanup
[0.718s][info][gc          ] GC(38) Concurrent cleanup 20M->11M(143M) 0.062ms
[0.718s][info][gc,ergo     ] Free: 1873M, Max: 512K regular, 1869M humongous, Frag: 1% external, 0% internal; Reserve: 101888K, Max: 512K
[0.718s][info][gc,stats    ] 
[0.718s][info][gc,stats    ] All times are wall-clock times, except per-root-class counters, that are sum over
[0.718s][info][gc,stats    ] all workers. Dividing the <total> over the root stage time estimates parallelism.
[0.718s][info][gc,stats    ] 
[0.718s][info][gc,stats    ] Concurrent Reset                    275 us
[0.718s][info][gc,stats    ] Pause Init Mark (G)                 195 us
[0.718s][info][gc,stats    ] Pause Init Mark (N)                  61 us
[0.718s][info][gc,stats    ]   Update Region States               18 us
[0.718s][info][gc,stats    ] Concurrent Mark Roots               296 us, parallelism: 0.83x
[0.718s][info][gc,stats    ]   CMR: <total>                      247 us
[0.718s][info][gc,stats    ]   CMR: Thread Roots                  35 us, workers (us):  15,  20, ---, ---, ---, ---, ---, ---, 
[0.718s][info][gc,stats    ]   CMR: Code Cache Roots             158 us, workers (us): 134,  24, ---, ---, ---, ---, ---, ---, 
[0.718s][info][gc,stats    ]   CMR: VM Strong Roots                4 us, workers (us):   3,   0, ---, ---, ---, ---, ---, ---, 
[0.718s][info][gc,stats    ]   CMR: CLDG Roots                    51 us, workers (us):  51, ---, ---, ---, ---, ---, ---, ---, 
[0.718s][info][gc,stats    ] Concurrent Marking                 4586 us
[0.718s][info][gc,stats    ] Pause Final Mark (G)                347 us
[0.718s][info][gc,stats    ] Pause Final Mark (N)                218 us
[0.718s][info][gc,stats    ]   Finish Mark                       108 us
[0.718s][info][gc,stats    ]   Update Region States               15 us
[0.718s][info][gc,stats    ]   Choose Collection Set              32 us
[0.718s][info][gc,stats    ]   Rebuild Free Set                   18 us
[0.718s][info][gc,stats    ] Concurrent Thread Roots             224 us, parallelism: 0.86x
[0.718s][info][gc,stats    ]   CTR: <total>                      191 us
[0.718s][info][gc,stats    ]   CTR: Thread Roots                 191 us, workers (us): 169,  23, ---, ---, ---, ---, ---, ---, 
[0.718s][info][gc,stats    ] Concurrent Weak References          153 us, parallelism: 0.37x
[0.719s][info][gc,stats    ]   CWRF: <total>                      57 us
[0.719s][info][gc,stats    ]   CWRF: Weak References              57 us, workers (us):  56,   0, ---, ---, ---, ---, ---, ---, 
[0.719s][info][gc,stats    ] Concurrent Weak Roots               151 us
[0.719s][info][gc,stats    ]   Roots                             109 us, parallelism: 1.14x
[0.719s][info][gc,stats    ]     CWR: <total>                    125 us
[0.719s][info][gc,stats    ]     CWR: VM Weak Roots              125 us, workers (us):  78,  47, ---, ---, ---, ---, ---, ---, 
[0.719s][info][gc,stats    ]   Rendezvous                         15 us
[0.719s][info][gc,stats    ] Concurrent Cleanup                   68 us
[0.719s][info][gc,stats    ] Concurrent Strong Roots             211 us, parallelism: 1.39x
[0.719s][info][gc,stats    ]   CSR: <total>                      294 us
[0.719s][info][gc,stats    ]   CSR: Code Cache Roots             211 us, workers (us):  87, 124, ---, ---, ---, ---, ---, ---, 
[0.719s][info][gc,stats    ]   CSR: VM Strong Roots                8 us, workers (us):   3,   5, ---, ---, ---, ---, ---, ---, 
[0.719s][info][gc,stats    ]   CSR: CLDG Roots                    75 us, workers (us):  75, ---, ---, ---, ---, ---, ---, ---, 
[0.719s][info][gc,stats    ] Concurrent Evacuation              1275 us
[0.719s][info][gc,stats    ] Pause Init Update Refs (G)          183 us
[0.719s][info][gc,stats    ] Pause Init Update Refs (N)           36 us
[0.719s][info][gc,stats    ]   Manage GCLABs                       5 us
[0.719s][info][gc,stats    ] Concurrent Update Refs             1572 us
[0.719s][info][gc,stats    ] Concurrent Update Thread Roots      339 us
[0.719s][info][gc,stats    ] Pause Final Update Refs (G)         189 us
[0.719s][info][gc,stats    ] Pause Final Update Refs (N)          66 us
[0.719s][info][gc,stats    ]   Update Region States               14 us
[0.719s][info][gc,stats    ]   Trash Collection Set                2 us
[0.719s][info][gc,stats    ]   Rebuild Free Set                   17 us
[0.719s][info][gc,stats    ] Concurrent Cleanup                   70 us
[0.719s][info][gc,stats    ] 
[0.719s][info][gc,stats    ] Allocation pacing accrued:
[0.719s][info][gc,stats    ]       0 of    13 ms (  0.0%): <total>
[0.719s][info][gc,stats    ]       0 of    13 ms (  0.0%): <average total>
[0.719s][info][gc,stats    ] 
[0.719s][info][gc,metaspace] Metaspace: 2592K(2752K)->2667K(2880K) NonClass: 2346K(2432K)->2412K(2560K) Class: 245K(320K)->254K(320K)
[0.719s][info][gc,ergo     ] Pacer for Idle. Initial: 40642K, Alloc Tax Rate: 1.0x
[0.720s][info][gc          ] Trigger: Start next cycle immediately
[0.720s][info][gc,ergo     ] Free: 1873M, Max: 512K regular, 1869M humongous, Frag: 1% external, 0% internal; Reserve: 101888K, Max: 512K
[0.720s][info][gc,start    ] GC(39) Concurrent reset
[0.720s][info][gc,task     ] GC(39) Using 2 of 8 workers for concurrent reset
[0.720s][info][gc,ergo     ] GC(39) Pacer for Reset. Non-Taxable: 1984M
[0.721s][info][gc          ] GC(39) Concurrent reset 0.244ms
[0.721s][info][gc,start    ] GC(39) Pause Init Mark
[0.721s][info][gc,task     ] GC(39) Using 8 of 8 workers for init marking
[0.721s][info][gc,ergo     ] GC(39) Pacer for Mark. Expected Live: 9434K, Free: 1873M, Non-Taxable: 187M, Alloc Tax Rate: 0.0x
[0.721s][info][gc          ] GC(39) Pause Init Mark 0.052ms
[0.721s][info][gc,start    ] GC(39) Concurrent marking roots
[0.721s][info][gc,task     ] GC(39) Using 2 of 8 workers for concurrent marking roots
[0.721s][info][gc          ] GC(39) Concurrent marking roots 0.370ms
[0.721s][info][gc,start    ] GC(39) Concurrent marking
[0.721s][info][gc,task     ] GC(39) Using 2 of 8 workers for concurrent marking
[0.723s][info][gc          ] GC(39) Concurrent marking 1.369ms
[0.723s][info][gc,start    ] GC(39) Pause Final Mark
[0.723s][info][gc,task     ] GC(39) Using 8 of 8 workers for final marking
[0.723s][info][gc,ergo     ] GC(39) Collectable Garbage: 2131K (100%), Immediate: 0B (0%), CSet: 2131K (100%)
[0.723s][info][gc,ergo     ] GC(39) Pacer for Evacuation. Used CSet: 9709K, Free: 1872M, Non-Taxable: 187M, Alloc Tax Rate: 1.1x
[0.723s][info][gc          ] GC(39) Pause Final Mark 0.201ms
[0.723s][info][gc,start    ] GC(39) Concurrent thread roots
[0.723s][info][gc,task     ] GC(39) Using 2 of 8 workers for Concurrent thread roots
[0.723s][info][gc          ] GC(39) Concurrent thread roots 0.142ms
[0.723s][info][gc,start    ] GC(39) Concurrent weak references
[0.723s][info][gc,task     ] GC(39) Using 2 of 8 workers for concurrent weak references
[0.723s][info][gc,ref      ] GC(39) Encountered references: Soft: 176, Weak: 435, Final: 0, Phantom: 582
[0.723s][info][gc,ref      ] GC(39) Discovered  references: Soft: 0, Weak: 143, Final: 0, Phantom: 533
[0.723s][info][gc,ref      ] GC(39) Enqueued    references: Soft: 0, Weak: 5, Final: 0, Phantom: 4
[0.723s][info][gc          ] GC(39) Concurrent weak references 0.156ms
[0.723s][info][gc,start    ] GC(39) Concurrent weak roots
[0.723s][info][gc,task     ] GC(39) Using 2 of 8 workers for concurrent weak root
[0.723s][info][gc          ] GC(39) Concurrent weak roots 0.146ms
[0.723s][info][gc,start    ] GC(39) Concurrent cleanup
[0.724s][info][gc          ] GC(39) Concurrent cleanup 12M->12M(143M) 0.093ms
[0.724s][info][gc,ergo     ] GC(39) Free: 1872M, Max: 512K regular, 1869M humongous, Frag: 1% external, 0% internal; Reserve: 101654K, Max: 512K
[0.724s][info][gc,start    ] GC(39) Concurrent strong roots
[0.724s][info][gc,task     ] GC(39) Using 2 of 8 workers for concurrent strong root
[0.724s][info][gc          ] GC(39) Concurrent strong roots 0.455ms
[0.724s][info][gc,start    ] GC(39) Concurrent evacuation
[0.724s][info][gc,task     ] GC(39) Using 2 of 8 workers for concurrent evacuation
[0.725s][info][gc          ] GC(39) Concurrent evacuation 1.198ms
[0.725s][info][gc,start    ] GC(39) Pause Init Update Refs
[0.725s][info][gc,ergo     ] GC(39) Pacer for Update Refs. Used: 21340K, Free: 1872M, Non-Taxable: 187M, Alloc Tax Rate: 1.1x
[0.725s][info][gc          ] GC(39) Pause Init Update Refs 0.027ms
[0.725s][info][gc,start    ] GC(39) Concurrent update references
[0.725s][info][gc,task     ] GC(39) Using 2 of 8 workers for concurrent reference update
[0.727s][info][gc          ] GC(39) Concurrent update references 1.499ms
[0.727s][info][gc,start    ] GC(39) Concurrent update thread roots
[0.727s][info][gc          ] GC(39) Concurrent update thread roots 0.251ms
[0.727s][info][gc,start    ] GC(39) Pause Final Update Refs
[0.727s][info][gc,task     ] GC(39) Using 8 of 8 workers for final reference update
[0.727s][info][gc          ] GC(39) Pause Final Update Refs 0.057ms
[0.727s][info][gc,start    ] GC(39) Concurrent cleanup
[0.728s][info][gc          ] GC(39) Concurrent cleanup 21M->11M(143M) 0.092ms
[0.728s][info][gc,ergo     ] Free: 1872M, Max: 512K regular, 1869M humongous, Frag: 1% external, 0% internal; Reserve: 101888K, Max: 512K
[0.728s][info][gc,stats    ] 
[0.728s][info][gc,stats    ] All times are wall-clock times, except per-root-class counters, that are sum over
[0.728s][info][gc,stats    ] all workers. Dividing the <total> over the root stage time estimates parallelism.
[0.728s][info][gc,stats    ] 
[0.728s][info][gc,stats    ] Concurrent Reset                    256 us
[0.728s][info][gc,stats    ] Pause Init Mark (G)                 200 us
[0.728s][info][gc,stats    ] Pause Init Mark (N)                  59 us
[0.728s][info][gc,stats    ]   Update Region States               17 us
[0.728s][info][gc,stats    ] Concurrent Mark Roots               388 us, parallelism: 0.72x
[0.728s][info][gc,stats    ]   CMR: <total>                      278 us
[0.728s][info][gc,stats    ]   CMR: Thread Roots                  70 us, workers (us):  70,   0, ---, ---, ---, ---, ---, ---, 
[0.728s][info][gc,stats    ]   CMR: Code Cache Roots             156 us, workers (us): 156,   0, ---, ---, ---, ---, ---, ---, 
[0.728s][info][gc,stats    ]   CMR: VM Strong Roots                4 us, workers (us):   3,   0, ---, ---, ---, ---, ---, ---, 
[0.728s][info][gc,stats    ]   CMR: CLDG Roots                    49 us, workers (us):  49, ---, ---, ---, ---, ---, ---, ---, 
[0.728s][info][gc,stats    ] Concurrent Marking                 1390 us
[0.728s][info][gc,stats    ] Pause Final Mark (G)                345 us
[0.728s][info][gc,stats    ] Pause Final Mark (N)                209 us
[0.728s][info][gc,stats    ]   Finish Mark                        99 us
[0.728s][info][gc,stats    ]   Update Region States               14 us
[0.728s][info][gc,stats    ]   Choose Collection Set              33 us
[0.728s][info][gc,stats    ]   Rebuild Free Set                   18 us
[0.728s][info][gc,stats    ] Concurrent Thread Roots             152 us, parallelism: 0.77x
[0.728s][info][gc,stats    ]   CTR: <total>                      117 us
[0.728s][info][gc,stats    ]   CTR: Thread Roots                 117 us, workers (us):  98,  18, ---, ---, ---, ---, ---, ---, 
[0.728s][info][gc,stats    ] Concurrent Weak References          164 us, parallelism: 0.28x
[0.728s][info][gc,stats    ]   CWRF: <total>                      46 us
[0.728s][info][gc,stats    ]   CWRF: Weak References              46 us, workers (us):  46,   0, ---, ---, ---, ---, ---, ---, 
[0.728s][info][gc,stats    ] Concurrent Weak Roots               157 us
[0.728s][info][gc,stats    ]   Roots                             111 us, parallelism: 1.15x
[0.728s][info][gc,stats    ]     CWR: <total>                    128 us
[0.728s][info][gc,stats    ]     CWR: VM Weak Roots              128 us, workers (us):  77,  51, ---, ---, ---, ---, ---, ---, 
[0.728s][info][gc,stats    ]   Rendezvous                         19 us
[0.728s][info][gc,stats    ] Concurrent Cleanup                  104 us
[0.729s][info][gc,stats    ] Concurrent Strong Roots             474 us, parallelism: 0.72x
[0.729s][info][gc,stats    ]   CSR: <total>                      339 us
[0.729s][info][gc,stats    ]   CSR: Code Cache Roots             230 us, workers (us): 230,   0, ---, ---, ---, ---, ---, ---, 
[0.729s][info][gc,stats    ]   CSR: VM Strong Roots                7 us, workers (us):   6,   0, ---, ---, ---, ---, ---, ---, 
[0.729s][info][gc,stats    ]   CSR: CLDG Roots                   103 us, workers (us): 103, ---, ---, ---, ---, ---, ---, ---, 
[0.729s][info][gc,stats    ] Concurrent Evacuation              1210 us
[0.729s][info][gc,stats    ] Pause Init Update Refs (G)          171 us
[0.729s][info][gc,stats    ] Pause Init Update Refs (N)           35 us
[0.729s][info][gc,stats    ]   Manage GCLABs                       5 us
[0.729s][info][gc,stats    ] Concurrent Update Refs             1519 us
[0.729s][info][gc,stats    ] Concurrent Update Thread Roots      264 us
[0.729s][info][gc,stats    ] Pause Final Update Refs (G)         196 us
[0.729s][info][gc,stats    ] Pause Final Update Refs (N)          67 us
[0.729s][info][gc,stats    ]   Update Region States               14 us
[0.729s][info][gc,stats    ]   Trash Collection Set                3 us
[0.729s][info][gc,stats    ]   Rebuild Free Set                   17 us
[0.729s][info][gc,stats    ] Concurrent Cleanup                  104 us
[0.729s][info][gc,stats    ] 
[0.729s][info][gc,stats    ] Allocation pacing accrued:
[0.729s][info][gc,stats    ]       0 of    10 ms (  0.0%): <total>
[0.729s][info][gc,stats    ]       0 of    10 ms (  0.0%): <average total>
[0.729s][info][gc,stats    ] 
[0.729s][info][gc,metaspace] Metaspace: 2697K(2880K)->2744K(2944K) NonClass: 2439K(2560K)->2478K(2624K) Class: 258K(320K)->265K(320K)
[0.729s][info][gc,ergo     ] Pacer for Idle. Initial: 40642K, Alloc Tax Rate: 1.0x
[0.730s][info][gc          ] Trigger: Start next cycle immediately
[0.730s][info][gc,ergo     ] Free: 1872M, Max: 512K regular, 1869M humongous, Frag: 1% external, 0% internal; Reserve: 101888K, Max: 512K
[0.731s][info][gc,start    ] GC(40) Concurrent reset
[0.731s][info][gc,task     ] GC(40) Using 2 of 8 workers for concurrent reset
[0.731s][info][gc,ergo     ] GC(40) Pacer for Reset. Non-Taxable: 1984M
[0.731s][info][gc          ] GC(40) Concurrent reset 0.253ms
[0.739s][info][gc,start    ] GC(40) Pause Init Mark (unload classes)
[0.739s][info][gc,task     ] GC(40) Using 8 of 8 workers for init marking
[0.739s][info][gc,ergo     ] GC(40) Pacer for Mark. Expected Live: 9448K, Free: 1872M, Non-Taxable: 187M, Alloc Tax Rate: 0.0x
[0.739s][info][gc          ] GC(40) Pause Init Mark (unload classes) 0.067ms
[0.739s][info][gc,start    ] GC(40) Concurrent marking roots
[0.739s][info][gc,task     ] GC(40) Using 2 of 8 workers for concurrent marking roots
[0.740s][info][gc          ] GC(40) Concurrent marking roots 1.146ms
[0.740s][info][gc,start    ] GC(40) Concurrent marking (unload classes)
[0.741s][info][gc,task     ] GC(40) Using 2 of 8 workers for concurrent marking
[0.742s][info][gc          ] GC(40) Concurrent marking (unload classes) 1.130ms
[0.742s][info][gc,start    ] GC(40) Pause Final Mark (unload classes)
[0.742s][info][gc,task     ] GC(40) Using 8 of 8 workers for final marking
[0.742s][info][gc,ergo     ] GC(40) Collectable Garbage: 2606K (100%), Immediate: 0B (0%), CSet: 2606K (100%)
[0.742s][info][gc,ergo     ] GC(40) Pacer for Evacuation. Used CSet: 10233K, Free: 1872M, Non-Taxable: 187M, Alloc Tax Rate: 1.1x
[0.742s][info][gc          ] GC(40) Pause Final Mark (unload classes) 0.232ms
[0.742s][info][gc,start    ] GC(40) Concurrent thread roots
[0.742s][info][gc,task     ] GC(40) Using 2 of 8 workers for Concurrent thread roots
[0.742s][info][gc          ] GC(40) Concurrent thread roots 0.110ms
[0.742s][info][gc,start    ] GC(40) Concurrent weak references
[0.742s][info][gc,task     ] GC(40) Using 2 of 8 workers for concurrent weak references
[0.742s][info][gc,ref      ] GC(40) Encountered references: Soft: 182, Weak: 488, Final: 0, Phantom: 584
[0.742s][info][gc,ref      ] GC(40) Discovered  references: Soft: 0, Weak: 186, Final: 0, Phantom: 583
[0.742s][info][gc,ref      ] GC(40) Enqueued    references: Soft: 0, Weak: 6, Final: 0, Phantom: 6
[0.742s][info][gc          ] GC(40) Concurrent weak references 0.103ms
[0.742s][info][gc,start    ] GC(40) Concurrent weak roots
[0.742s][info][gc,task     ] GC(40) Using 2 of 8 workers for concurrent weak root
[0.743s][info][gc          ] GC(40) Concurrent weak roots 0.471ms
[0.743s][info][gc,start    ] GC(40) Concurrent cleanup
[0.743s][info][gc          ] GC(40) Concurrent cleanup 13M->13M(143M) 0.081ms
[0.743s][info][gc,ergo     ] GC(40) Free: 1871M, Max: 512K regular, 1869M humongous, Frag: 1% external, 0% internal; Reserve: 101686K, Max: 512K
[0.743s][info][gc,start    ] GC(40) Concurrent class unloading
[0.743s][info][gc,task     ] GC(40) Using 2 of 8 workers for concurrent class unloading
[0.743s][info][gc          ] GC(40) Concurrent class unloading 0.595ms
[0.743s][info][gc,start    ] GC(40) Concurrent strong roots
[0.743s][info][gc,task     ] GC(40) Using 2 of 8 workers for concurrent strong root
[0.744s][info][gc          ] GC(40) Concurrent strong roots 0.115ms
[0.744s][info][gc,start    ] GC(40) Concurrent evacuation
[0.744s][info][gc,task     ] GC(40) Using 2 of 8 workers for concurrent evacuation
[0.745s][info][gc          ] GC(40) Concurrent evacuation 1.166ms
[0.745s][info][gc,start    ] GC(40) Pause Init Update Refs
[0.745s][info][gc,ergo     ] GC(40) Pacer for Update Refs. Used: 21355K, Free: 1871M, Non-Taxable: 187M, Alloc Tax Rate: 1.1x
[0.745s][info][gc          ] GC(40) Pause Init Update Refs 0.041ms
[0.745s][info][gc,start    ] GC(40) Concurrent update references
[0.745s][info][gc,task     ] GC(40) Using 2 of 8 workers for concurrent reference update
[0.746s][info][gc          ] GC(40) Concurrent update references 1.262ms
[0.746s][info][gc,start    ] GC(40) Concurrent update thread roots
[0.746s][info][gc          ] GC(40) Concurrent update thread roots 0.152ms
[0.747s][info][gc,start    ] GC(40) Pause Final Update Refs
[0.747s][info][gc,task     ] GC(40) Using 8 of 8 workers for final reference update
[0.747s][info][gc          ] GC(40) Pause Final Update Refs 0.060ms
[0.749s][info][gc,start    ] GC(40) Concurrent cleanup
[0.750s][info][gc          ] GC(40) Concurrent cleanup 21M->11M(143M) 0.076ms
[0.750s][info][gc,ergo     ] Free: 1873M, Max: 512K regular, 1870M humongous, Frag: 1% external, 0% internal; Reserve: 101888K, Max: 512K
[0.750s][info][gc,stats    ] 
[0.750s][info][gc,stats    ] All times are wall-clock times, except per-root-class counters, that are sum over
[0.750s][info][gc,stats    ] all workers. Dividing the <total> over the root stage time estimates parallelism.
[0.750s][info][gc,stats    ] 
[0.750s][info][gc,stats    ] Concurrent Reset                    267 us
[0.750s][info][gc,stats    ] Pause Init Mark (G)                8560 us
[0.750s][info][gc,stats    ] Pause Init Mark (N)                  73 us
[0.750s][info][gc,stats    ]   Update Region States               20 us
[0.750s][info][gc,stats    ] Concurrent Mark Roots              1165 us, parallelism: 0.98x
[0.750s][info][gc,stats    ]   CMR: <total>                     1140 us
[0.750s][info][gc,stats    ]   CMR: Thread Roots                1084 us, workers (us): 1056,  28, ---, ---, ---, ---, ---, ---, 
[0.750s][info][gc,stats    ]   CMR: VM Strong Roots                3 us, workers (us):   3,   0, ---, ---, ---, ---, ---, ---, 
[0.750s][info][gc,stats    ]   CMR: CLDG Roots                    53 us, workers (us):  53, ---, ---, ---, ---, ---, ---, ---, 
[0.750s][info][gc,stats    ] Concurrent Marking                 1143 us
[0.750s][info][gc,stats    ] Pause Final Mark (G)                354 us
[0.750s][info][gc,stats    ] Pause Final Mark (N)                240 us
[0.750s][info][gc,stats    ]   Finish Mark                       112 us
[0.750s][info][gc,stats    ]   Update Region States               15 us
[0.750s][info][gc,stats    ]   Choose Collection Set              33 us
[0.750s][info][gc,stats    ]   Rebuild Free Set                   18 us
[0.750s][info][gc,stats    ] Concurrent Thread Roots             121 us, parallelism: 0.78x
[0.750s][info][gc,stats    ]   CTR: <total>                       94 us
[0.750s][info][gc,stats    ]   CTR: Thread Roots                  94 us, workers (us):  72,  22, ---, ---, ---, ---, ---, ---, 
[0.750s][info][gc,stats    ] Concurrent Weak References          111 us, parallelism: 0.50x
[0.750s][info][gc,stats    ]   CWRF: <total>                      55 us
[0.750s][info][gc,stats    ]   CWRF: Weak References              55 us, workers (us):  43,  12, ---, ---, ---, ---, ---, ---, 
[0.750s][info][gc,stats    ] Concurrent Weak Roots               487 us
[0.750s][info][gc,stats    ]   Roots                             174 us, parallelism: 1.45x
[0.750s][info][gc,stats    ]     CWR: <total>                    252 us
[0.750s][info][gc,stats    ]     CWR: Code Cache Roots           118 us, workers (us):  50,  68, ---, ---, ---, ---, ---, ---, 
[0.750s][info][gc,stats    ]     CWR: VM Weak Roots              131 us, workers (us):  84,  47, ---, ---, ---, ---, ---, ---, 
[0.750s][info][gc,stats    ]     CWR: CLDG Roots                   3 us, workers (us): ---,   3, ---, ---, ---, ---, ---, ---, 
[0.750s][info][gc,stats    ]   Rendezvous                        282 us
[0.750s][info][gc,stats    ] Concurrent Cleanup                   91 us
[0.750s][info][gc,stats    ] Concurrent Class Unloading          608 us
[0.750s][info][gc,stats    ]   Unlink Stale                      356 us
[0.750s][info][gc,stats    ]     System Dictionary                23 us
[0.750s][info][gc,stats    ]     Weak Class Links                  0 us
[0.750s][info][gc,stats    ]     Code Roots                      332 us
[0.750s][info][gc,stats    ]   Rendezvous                        178 us
[0.750s][info][gc,stats    ]   Purge Unlinked                     44 us
[0.750s][info][gc,stats    ]     Code Roots                       42 us
[0.750s][info][gc,stats    ]     CLDG                              2 us
[0.750s][info][gc,stats    ]     Exception Caches                  0 us
[0.750s][info][gc,stats    ] Concurrent Strong Roots             125 us, parallelism: 0.64x
[0.750s][info][gc,stats    ]   CSR: <total>                       79 us
[0.750s][info][gc,stats    ]   CSR: VM Strong Roots                5 us, workers (us):   5,   0, ---, ---, ---, ---, ---, ---, 
[0.750s][info][gc,stats    ]   CSR: CLDG Roots                    74 us, workers (us):  74, ---, ---, ---, ---, ---, ---, ---, 
[0.750s][info][gc,stats    ] Concurrent Evacuation              1186 us
[0.750s][info][gc,stats    ] Pause Init Update Refs (G)          159 us
[0.750s][info][gc,stats    ] Pause Init Update Refs (N)           49 us
[0.750s][info][gc,stats    ]   Manage GCLABs                       6 us
[0.750s][info][gc,stats    ] Concurrent Update Refs             1284 us
[0.750s][info][gc,stats    ] Concurrent Update Thread Roots      163 us
[0.750s][info][gc,stats    ] Pause Final Update Refs (G)        3103 us
[0.750s][info][gc,stats    ] Pause Final Update Refs (N)          70 us
[0.750s][info][gc,stats    ]   Update Region States               14 us
[0.750s][info][gc,stats    ]   Trash Collection Set                2 us
[0.750s][info][gc,stats    ]   Rebuild Free Set                   17 us
[0.750s][info][gc,stats    ] Concurrent Cleanup                   87 us
[0.750s][info][gc,stats    ] 
[0.750s][info][gc,stats    ] Allocation pacing accrued:
[0.750s][info][gc,stats    ]       0 of    21 ms (  0.0%): <total>
[0.750s][info][gc,stats    ]       0 of    21 ms (  0.0%): <average total>
[0.750s][info][gc,stats    ] 
[0.750s][info][gc,metaspace] Metaspace: 2746K(2944K)->2841K(3072K) NonClass: 2480K(2624K)->2566K(2688K) Class: 265K(320K)->274K(384K)
[0.750s][info][gc,ergo     ] Pacer for Idle. Initial: 40642K, Alloc Tax Rate: 1.0x
[0.755s][info][gc          ] Trigger: Start next cycle immediately
[0.755s][info][gc,ergo     ] Free: 1873M, Max: 512K regular, 1870M humongous, Frag: 1% external, 0% internal; Reserve: 101888K, Max: 512K
[0.755s][info][gc,start    ] GC(41) Concurrent reset
[0.755s][info][gc,task     ] GC(41) Using 2 of 8 workers for concurrent reset
[0.755s][info][gc,ergo     ] GC(41) Pacer for Reset. Non-Taxable: 1984M
[0.755s][info][gc          ] GC(41) Concurrent reset 0.260ms
[0.755s][info][gc,start    ] GC(41) Pause Init Mark (unload classes)
[0.755s][info][gc,task     ] GC(41) Using 8 of 8 workers for init marking
[0.755s][info][gc,ergo     ] GC(41) Pacer for Mark. Expected Live: 9474K, Free: 1873M, Non-Taxable: 187M, Alloc Tax Rate: 0.0x
[0.755s][info][gc          ] GC(41) Pause Init Mark (unload classes) 0.067ms
[0.755s][info][gc,start    ] GC(41) Concurrent marking roots
[0.755s][info][gc,task     ] GC(41) Using 2 of 8 workers for concurrent marking roots
[0.756s][info][gc          ] GC(41) Concurrent marking roots 0.179ms
[0.756s][info][gc,start    ] GC(41) Concurrent marking (unload classes)
[0.756s][info][gc,task     ] GC(41) Using 2 of 8 workers for concurrent marking
[0.757s][info][gc          ] GC(41) Concurrent marking (unload classes) 1.407ms
[0.757s][info][gc,start    ] GC(41) Pause Final Mark (unload classes)
[0.757s][info][gc,task     ] GC(41) Using 8 of 8 workers for final marking
[0.757s][info][gc,ergo     ] GC(41) Collectable Garbage: 2013K (100%), Immediate: 0B (0%), CSet: 2013K (100%)
[0.757s][info][gc,ergo     ] GC(41) Pacer for Evacuation. Used CSet: 9724K, Free: 1872M, Non-Taxable: 187M, Alloc Tax Rate: 1.1x
[0.757s][info][gc          ] GC(41) Pause Final Mark (unload classes) 0.186ms
[0.757s][info][gc,start    ] GC(41) Concurrent thread roots
[0.757s][info][gc,task     ] GC(41) Using 2 of 8 workers for Concurrent thread roots
[0.757s][info][gc          ] GC(41) Concurrent thread roots 0.111ms
[0.757s][info][gc,start    ] GC(41) Concurrent weak references
[0.757s][info][gc,task     ] GC(41) Using 2 of 8 workers for concurrent weak references
[0.758s][info][gc,ref      ] GC(41) Encountered references: Soft: 194, Weak: 515, Final: 0, Phantom: 582
[0.758s][info][gc,ref      ] GC(41) Discovered  references: Soft: 0, Weak: 163, Final: 0, Phantom: 581
[0.758s][info][gc,ref      ] GC(41) Enqueued    references: Soft: 0, Weak: 3, Final: 0, Phantom: 4
[0.758s][info][gc          ] GC(41) Concurrent weak references 0.123ms
[0.758s][info][gc,start    ] GC(41) Concurrent weak roots
[0.758s][info][gc,task     ] GC(41) Using 2 of 8 workers for concurrent weak root
[0.758s][info][gc          ] GC(41) Concurrent weak roots 0.225ms
[0.758s][info][gc,start    ] GC(41) Concurrent cleanup
[0.758s][info][gc          ] GC(41) Concurrent cleanup 12M->12M(143M) 0.075ms
[0.758s][info][gc,ergo     ] GC(41) Free: 1872M, Max: 512K regular, 1870M humongous, Frag: 1% external, 0% internal; Reserve: 101674K, Max: 512K
[0.758s][info][gc,start    ] GC(41) Concurrent class unloading
[0.758s][info][gc,task     ] GC(41) Using 2 of 8 workers for concurrent class unloading
[0.759s][info][gc          ] GC(41) Concurrent class unloading 0.415ms
[0.759s][info][gc,start    ] GC(41) Concurrent strong roots
[0.759s][info][gc,task     ] GC(41) Using 2 of 8 workers for concurrent strong root
[0.759s][info][gc          ] GC(41) Concurrent strong roots 0.138ms
[0.759s][info][gc,start    ] GC(41) Concurrent evacuation
[0.759s][info][gc,task     ] GC(41) Using 2 of 8 workers for concurrent evacuation
[0.760s][info][gc          ] GC(41) Concurrent evacuation 1.256ms
[0.760s][info][gc,start    ] GC(41) Pause Init Update Refs
[0.760s][info][gc,ergo     ] GC(41) Pacer for Update Refs. Used: 21358K, Free: 1872M, Non-Taxable: 187M, Alloc Tax Rate: 1.1x
[0.760s][info][gc          ] GC(41) Pause Init Update Refs 0.040ms
[0.760s][info][gc,start    ] GC(41) Concurrent update references
[0.760s][info][gc,task     ] GC(41) Using 2 of 8 workers for concurrent reference update
[0.761s][info][gc          ] GC(41) Concurrent update references 1.214ms
[0.761s][info][gc,start    ] GC(41) Concurrent update thread roots
[0.762s][info][gc          ] GC(41) Concurrent update thread roots 0.186ms
[0.762s][info][gc,start    ] GC(41) Pause Final Update Refs
[0.762s][info][gc,task     ] GC(41) Using 8 of 8 workers for final reference update
[0.762s][info][gc          ] GC(41) Pause Final Update Refs 0.068ms
[0.762s][info][gc,start    ] GC(41) Concurrent cleanup
[0.762s][info][gc          ] GC(41) Concurrent cleanup 20M->11M(143M) 0.081ms
[0.762s][info][gc,ergo     ] Free: 1873M, Max: 512K regular, 1869M humongous, Frag: 1% external, 0% internal; Reserve: 101888K, Max: 512K
[0.762s][info][gc,stats    ] 
[0.762s][info][gc,stats    ] All times are wall-clock times, except per-root-class counters, that are sum over
[0.762s][info][gc,stats    ] all workers. Dividing the <total> over the root stage time estimates parallelism.
[0.762s][info][gc,stats    ] 
[0.762s][info][gc,stats    ] Concurrent Reset                    272 us
[0.762s][info][gc,stats    ] Pause Init Mark (G)                 359 us
[0.762s][info][gc,stats    ] Pause Init Mark (N)                  76 us
[0.762s][info][gc,stats    ]   Update Region States               19 us
[0.762s][info][gc,stats    ] Concurrent Mark Roots               190 us, parallelism: 0.88x
[0.762s][info][gc,stats    ]   CMR: <total>                      166 us
[0.762s][info][gc,stats    ]   CMR: Thread Roots                 120 us, workers (us):  16, 104, ---, ---, ---, ---, ---, ---, 
[0.762s][info][gc,stats    ]   CMR: VM Strong Roots                4 us, workers (us):   4,   0, ---, ---, ---, ---, ---, ---, 
[0.762s][info][gc,stats    ]   CMR: CLDG Roots                    43 us, workers (us):  43, ---, ---, ---, ---, ---, ---, ---, 
[0.762s][info][gc,stats    ] Concurrent Marking                 1427 us
[0.762s][info][gc,stats    ] Pause Final Mark (G)                288 us
[0.762s][info][gc,stats    ] Pause Final Mark (N)                195 us
[0.762s][info][gc,stats    ]   Finish Mark                        75 us
[0.762s][info][gc,stats    ]   Update Region States               14 us
[0.762s][info][gc,stats    ]   Choose Collection Set              32 us
[0.762s][info][gc,stats    ]   Rebuild Free Set                   18 us
[0.762s][info][gc,stats    ] Concurrent Thread Roots             122 us, parallelism: 0.60x
[0.762s][info][gc,stats    ]   CTR: <total>                       73 us
[0.762s][info][gc,stats    ]   CTR: Thread Roots                  73 us, workers (us):  51,  22, ---, ---, ---, ---, ---, ---, 
[0.762s][info][gc,stats    ] Concurrent Weak References          131 us, parallelism: 0.54x
[0.762s][info][gc,stats    ]   CWRF: <total>                      71 us
[0.762s][info][gc,stats    ]   CWRF: Weak References              71 us, workers (us):  62,   9, ---, ---, ---, ---, ---, ---, 
[0.762s][info][gc,stats    ] Concurrent Weak Roots               238 us
[0.762s][info][gc,stats    ]   Roots                             180 us, parallelism: 1.50x
[0.762s][info][gc,stats    ]     CWR: <total>                    269 us
[0.762s][info][gc,stats    ]     CWR: Code Cache Roots           130 us, workers (us):  76,  54, ---, ---, ---, ---, ---, ---, 
[0.762s][info][gc,stats    ]     CWR: VM Weak Roots              137 us, workers (us):  67,  70, ---, ---, ---, ---, ---, ---, 
[0.762s][info][gc,stats    ]     CWR: CLDG Roots                   2 us, workers (us):   2, ---, ---, ---, ---, ---, ---, ---, 
[0.762s][info][gc,stats    ]   Rendezvous                         23 us
[0.762s][info][gc,stats    ] Concurrent Cleanup                   85 us
[0.762s][info][gc,stats    ] Concurrent Class Unloading          430 us
[0.762s][info][gc,stats    ]   Unlink Stale                      352 us
[0.762s][info][gc,stats    ]     System Dictionary                28 us
[0.762s][info][gc,stats    ]     Weak Class Links                  0 us
[0.762s][info][gc,stats    ]     Code Roots                      323 us
[0.762s][info][gc,stats    ]   Rendezvous                         24 us
[0.762s][info][gc,stats    ]   Purge Unlinked                     21 us
[0.762s][info][gc,stats    ]     Code Roots                       18 us
[0.762s][info][gc,stats    ]     CLDG                              3 us
[0.762s][info][gc,stats    ]     Exception Caches                  0 us
[0.762s][info][gc,stats    ] Concurrent Strong Roots             150 us, parallelism: 0.70x
[0.762s][info][gc,stats    ]   CSR: <total>                      105 us
[0.762s][info][gc,stats    ]   CSR: VM Strong Roots               22 us, workers (us):  22,   0, ---, ---, ---, ---, ---, ---, 
[0.762s][info][gc,stats    ]   CSR: CLDG Roots                    83 us, workers (us): ---,  83, ---, ---, ---, ---, ---, ---, 
[0.762s][info][gc,stats    ] Concurrent Evacuation              1278 us
[0.762s][info][gc,stats    ] Pause Init Update Refs (G)          164 us
[0.762s][info][gc,stats    ] Pause Init Update Refs (N)           49 us
[0.762s][info][gc,stats    ]   Manage GCLABs                       6 us
[0.762s][info][gc,stats    ] Concurrent Update Refs             1235 us
[0.762s][info][gc,stats    ] Concurrent Update Thread Roots      198 us
[0.762s][info][gc,stats    ] Pause Final Update Refs (G)         168 us
[0.762s][info][gc,stats    ] Pause Final Update Refs (N)          78 us
[0.762s][info][gc,stats    ]   Update Region States               14 us
[0.762s][info][gc,stats    ]   Trash Collection Set                3 us
[0.763s][info][gc,stats    ]   Rebuild Free Set                   16 us
[0.763s][info][gc,stats    ] Concurrent Cleanup                   93 us
[0.763s][info][gc,stats    ] 
[0.763s][info][gc,stats    ] Allocation pacing accrued:
[0.763s][info][gc,stats    ]       0 of    12 ms (  0.0%): <total>
[0.763s][info][gc,stats    ]       0 of    12 ms (  0.0%): <average total>
[0.763s][info][gc,stats    ] 
[0.763s][info][gc,metaspace] Metaspace: 2945K(3136K)->2958K(3200K) NonClass: 2661K(2752K)->2671K(2816K) Class: 284K(384K)->286K(384K)
[0.763s][info][gc,ergo     ] Pacer for Idle. Initial: 40642K, Alloc Tax Rate: 1.0x
[0.764s][info][gc          ] Trigger: Start next cycle immediately
[0.764s][info][gc,ergo     ] Free: 1873M, Max: 512K regular, 1869M humongous, Frag: 1% external, 0% internal; Reserve: 101888K, Max: 512K
[0.764s][info][gc,start    ] GC(42) Concurrent reset
[0.764s][info][gc,task     ] GC(42) Using 2 of 8 workers for concurrent reset
[0.764s][info][gc,ergo     ] GC(42) Pacer for Reset. Non-Taxable: 1984M
[0.764s][info][gc          ] GC(42) Concurrent reset 0.272ms
[0.764s][info][gc,start    ] GC(42) Pause Init Mark (unload classes)
[0.764s][info][gc,task     ] GC(42) Using 8 of 8 workers for init marking
[0.764s][info][gc,ergo     ] GC(42) Pacer for Mark. Expected Live: 9509K, Free: 1873M, Non-Taxable: 187M, Alloc Tax Rate: 0.0x
[0.764s][info][gc          ] GC(42) Pause Init Mark (unload classes) 0.069ms
[0.764s][info][gc,start    ] GC(42) Concurrent marking roots
[0.764s][info][gc,task     ] GC(42) Using 2 of 8 workers for concurrent marking roots
[0.764s][info][gc          ] GC(42) Concurrent marking roots 0.142ms
[0.764s][info][gc,start    ] GC(42) Concurrent marking (unload classes)
[0.764s][info][gc,task     ] GC(42) Using 2 of 8 workers for concurrent marking
[0.766s][info][gc          ] GC(42) Concurrent marking (unload classes) 1.208ms
[0.766s][info][gc,start    ] GC(42) Pause Final Mark (unload classes)
[0.766s][info][gc,task     ] GC(42) Using 8 of 8 workers for final marking
[0.766s][info][gc,ergo     ] GC(42) Collectable Garbage: 2007K (100%), Immediate: 0B (0%), CSet: 2007K (100%)
[0.766s][info][gc,ergo     ] GC(42) Pacer for Evacuation. Used CSet: 9728K, Free: 1872M, Non-Taxable: 187M, Alloc Tax Rate: 1.1x
[0.766s][info][gc          ] GC(42) Pause Final Mark (unload classes) 0.391ms
[0.766s][info][gc,start    ] GC(42) Concurrent thread roots
[0.766s][info][gc,task     ] GC(42) Using 2 of 8 workers for Concurrent thread roots
[0.766s][info][gc          ] GC(42) Concurrent thread roots 0.275ms
[0.766s][info][gc,start    ] GC(42) Concurrent weak references
[0.766s][info][gc,task     ] GC(42) Using 2 of 8 workers for concurrent weak references
[0.769s][info][gc,ref      ] GC(42) Encountered references: Soft: 195, Weak: 517, Final: 0, Phantom: 579
[0.769s][info][gc,ref      ] GC(42) Discovered  references: Soft: 0, Weak: 165, Final: 0, Phantom: 579
[0.769s][info][gc,ref      ] GC(42) Enqueued    references: Soft: 0, Weak: 2, Final: 0, Phantom: 1
[0.770s][info][gc          ] GC(42) Concurrent weak references 3.118ms
[0.770s][info][gc,start    ] GC(42) Concurrent weak roots
[0.770s][info][gc,task     ] GC(42) Using 2 of 8 workers for concurrent weak root
[0.774s][info][gc          ] GC(42) Concurrent weak roots 4.951ms
[0.774s][info][gc,start    ] GC(42) Concurrent cleanup
[0.775s][info][gc          ] GC(42) Concurrent cleanup 12M->12M(143M) 0.077ms
[0.775s][info][gc,ergo     ] GC(42) Free: 1872M, Max: 512K regular, 1869M humongous, Frag: 1% external, 0% internal; Reserve: 101617K, Max: 512K
[0.775s][info][gc,start    ] GC(42) Concurrent class unloading
[0.775s][info][gc,task     ] GC(42) Using 2 of 8 workers for concurrent class unloading
[0.775s][info][gc          ] GC(42) Concurrent class unloading 0.631ms
[0.775s][info][gc,start    ] GC(42) Concurrent strong roots
[0.775s][info][gc,task     ] GC(42) Using 2 of 8 workers for concurrent strong root
[0.775s][info][gc          ] GC(42) Concurrent strong roots 0.120ms
[0.775s][info][gc,start    ] GC(42) Concurrent evacuation
[0.775s][info][gc,task     ] GC(42) Using 2 of 8 workers for concurrent evacuation
[0.778s][info][gc          ] GC(42) Concurrent evacuation 2.221ms
[0.778s][info][gc,start    ] GC(42) Pause Init Update Refs
[0.778s][info][gc,ergo     ] GC(42) Pacer for Update Refs. Used: 20926K, Free: 1872M, Non-Taxable: 187M, Alloc Tax Rate: 1.1x
[0.778s][info][gc          ] GC(42) Pause Init Update Refs 0.030ms
[0.778s][info][gc,start    ] GC(42) Concurrent update references
[0.778s][info][gc,task     ] GC(42) Using 2 of 8 workers for concurrent reference update
[0.779s][info][gc          ] GC(42) Concurrent update references 1.666ms
[0.780s][info][gc,start    ] GC(42) Concurrent update thread roots
[0.780s][info][gc          ] GC(42) Concurrent update thread roots 0.144ms
[0.780s][info][gc,start    ] GC(42) Pause Final Update Refs
[0.780s][info][gc,task     ] GC(42) Using 8 of 8 workers for final reference update
[0.780s][info][gc          ] GC(42) Pause Final Update Refs 0.058ms
[0.780s][info][gc,start    ] GC(42) Concurrent cleanup
[0.780s][info][gc          ] GC(42) Concurrent cleanup 20M->10M(143M) 0.054ms
[0.780s][info][gc,ergo     ] Free: 1873M, Max: 512K regular, 1869M humongous, Frag: 1% external, 0% internal; Reserve: 101888K, Max: 512K
[0.780s][info][gc,stats    ] 
[0.780s][info][gc,stats    ] All times are wall-clock times, except per-root-class counters, that are sum over
[0.780s][info][gc,stats    ] all workers. Dividing the <total> over the root stage time estimates parallelism.
[0.780s][info][gc,stats    ] 
[0.780s][info][gc,stats    ] Concurrent Reset                    284 us
[0.780s][info][gc,stats    ] Pause Init Mark (G)                 198 us
[0.780s][info][gc,stats    ] Pause Init Mark (N)                  77 us
[0.780s][info][gc,stats    ]   Update Region States               19 us
[0.780s][info][gc,stats    ] Concurrent Mark Roots               154 us, parallelism: 1.13x
[0.780s][info][gc,stats    ]   CMR: <total>                      174 us
[0.780s][info][gc,stats    ]   CMR: Thread Roots                 104 us, workers (us):  18,  86, ---, ---, ---, ---, ---, ---, 
[0.780s][info][gc,stats    ]   CMR: VM Strong Roots                4 us, workers (us):   3,   0, ---, ---, ---, ---, ---, ---, 
[0.780s][info][gc,stats    ]   CMR: CLDG Roots                    66 us, workers (us):  66, ---, ---, ---, ---, ---, ---, ---, 
[0.780s][info][gc,stats    ] Concurrent Marking                 1218 us
[0.780s][info][gc,stats    ] Pause Final Mark (G)                495 us
[0.780s][info][gc,stats    ] Pause Final Mark (N)                400 us
[0.780s][info][gc,stats    ]   Finish Mark                       262 us
[0.780s][info][gc,stats    ]   Update Region States               14 us
[0.780s][info][gc,stats    ]   Choose Collection Set              33 us
[0.780s][info][gc,stats    ]   Rebuild Free Set                   18 us
[0.780s][info][gc,stats    ] Concurrent Thread Roots             290 us, parallelism: 0.22x
[0.780s][info][gc,stats    ]   CTR: <total>                       62 us
[0.780s][info][gc,stats    ]   CTR: Thread Roots                  62 us, workers (us):  32,  30, ---, ---, ---, ---, ---, ---, 
[0.780s][info][gc,stats    ] Concurrent Weak References         3127 us, parallelism: 0.02x
[0.780s][info][gc,stats    ]   CWRF: <total>                      49 us
[0.780s][info][gc,stats    ]   CWRF: Weak References              49 us, workers (us):  49,   0, ---, ---, ---, ---, ---, ---, 
[0.780s][info][gc,stats    ] Concurrent Weak Roots              4974 us
[0.780s][info][gc,stats    ]   Roots                             253 us, parallelism: 0.93x
[0.780s][info][gc,stats    ]     CWR: <total>                    235 us
[0.780s][info][gc,stats    ]     CWR: Code Cache Roots           104 us, workers (us): 104,   0, ---, ---, ---, ---, ---, ---, 
[0.780s][info][gc,stats    ]     CWR: VM Weak Roots              130 us, workers (us): 130,   0, ---, ---, ---, ---, ---, ---, 
[0.780s][info][gc,stats    ]     CWR: CLDG Roots                   1 us, workers (us):   1, ---, ---, ---, ---, ---, ---, ---, 
[0.780s][info][gc,stats    ]   Rendezvous                       4681 us
[0.780s][info][gc,stats    ] Concurrent Cleanup                   87 us
[0.780s][info][gc,stats    ] Concurrent Class Unloading          644 us
[0.780s][info][gc,stats    ]   Unlink Stale                      489 us
[0.780s][info][gc,stats    ]     System Dictionary                20 us
[0.780s][info][gc,stats    ]     Weak Class Links                  0 us
[0.780s][info][gc,stats    ]     Code Roots                      468 us
[0.780s][info][gc,stats    ]   Rendezvous                        100 us
[0.780s][info][gc,stats    ]   Purge Unlinked                     23 us
[0.780s][info][gc,stats    ]     Code Roots                       20 us
[0.780s][info][gc,stats    ]     CLDG                              2 us
[0.780s][info][gc,stats    ]     Exception Caches                  0 us
[0.780s][info][gc,stats    ] Concurrent Strong Roots             130 us, parallelism: 0.63x
[0.780s][info][gc,stats    ]   CSR: <total>                       81 us
[0.780s][info][gc,stats    ]   CSR: VM Strong Roots                7 us, workers (us):   5,   1, ---, ---, ---, ---, ---, ---, 
[0.780s][info][gc,stats    ]   CSR: CLDG Roots                    74 us, workers (us): ---,  74, ---, ---, ---, ---, ---, ---, 
[0.780s][info][gc,stats    ] Concurrent Evacuation              2238 us
[0.780s][info][gc,stats    ] Pause Init Update Refs (G)          146 us
[0.780s][info][gc,stats    ] Pause Init Update Refs (N)           39 us
[0.780s][info][gc,stats    ]   Manage GCLABs                       5 us
[0.780s][info][gc,stats    ] Concurrent Update Refs             1729 us
[0.780s][info][gc,stats    ] Concurrent Update Thread Roots      157 us
[0.780s][info][gc,stats    ] Pause Final Update Refs (G)         165 us
[0.780s][info][gc,stats    ] Pause Final Update Refs (N)          68 us
[0.780s][info][gc,stats    ]   Update Region States               15 us
[0.780s][info][gc,stats    ]   Trash Collection Set                2 us
[0.780s][info][gc,stats    ]   Rebuild Free Set                   16 us
[0.780s][info][gc,stats    ] Concurrent Cleanup                   62 us
[0.780s][info][gc,stats    ] 
[0.780s][info][gc,stats    ] Allocation pacing accrued:
[0.780s][info][gc,stats    ]       0 of    18 ms (  0.0%): <total>
[0.780s][info][gc,stats    ]       0 of    18 ms (  0.0%): <average total>
[0.780s][info][gc,stats    ] 
[0.780s][info][gc,metaspace] Metaspace: 3001K(3200K)->3029K(3264K) NonClass: 2710K(2816K)->2737K(2880K) Class: 290K(384K)->292K(384K)
[0.780s][info][gc,ergo     ] Pacer for Idle. Initial: 40642K, Alloc Tax Rate: 1.0x
[0.782s][info][gc          ] Trigger: Start next cycle immediately
[0.782s][info][gc,ergo     ] Free: 1873M, Max: 512K regular, 1869M humongous, Frag: 1% external, 0% internal; Reserve: 101888K, Max: 512K
[0.782s][info][gc,start    ] GC(43) Concurrent reset
[0.782s][info][gc,task     ] GC(43) Using 2 of 8 workers for concurrent reset
[0.782s][info][gc,ergo     ] GC(43) Pacer for Reset. Non-Taxable: 1984M
[0.782s][info][gc          ] GC(43) Concurrent reset 0.221ms
[0.786s][info][gc,start    ] GC(43) Pause Init Mark (unload classes)
[0.786s][info][gc,task     ] GC(43) Using 8 of 8 workers for init marking
[0.786s][info][gc,ergo     ] GC(43) Pacer for Mark. Expected Live: 9542K, Free: 1873M, Non-Taxable: 187M, Alloc Tax Rate: 0.0x
[0.786s][info][gc          ] GC(43) Pause Init Mark (unload classes) 0.070ms
[0.786s][info][gc,start    ] GC(43) Concurrent marking roots
[0.786s][info][gc,task     ] GC(43) Using 2 of 8 workers for concurrent marking roots
[0.786s][info][gc          ] GC(43) Concurrent marking roots 0.134ms
[0.786s][info][gc,start    ] GC(43) Concurrent marking (unload classes)
[0.786s][info][gc,task     ] GC(43) Using 2 of 8 workers for concurrent marking
[0.800s][info][gc          ] GC(43) Concurrent marking (unload classes) 13.654ms
[0.800s][info][gc,start    ] GC(43) Pause Final Mark (unload classes)
[0.800s][info][gc,task     ] GC(43) Using 8 of 8 workers for final marking
[0.800s][info][gc,ergo     ] GC(43) Collectable Garbage: 1964K (100%), Immediate: 0B (0%), CSet: 1964K (100%)
[0.800s][info][gc,ergo     ] GC(43) Pacer for Evacuation. Used CSet: 9803K, Free: 1872M, Non-Taxable: 187M, Alloc Tax Rate: 1.1x
[0.800s][info][gc          ] GC(43) Pause Final Mark (unload classes) 0.224ms
[0.800s][info][gc,start    ] GC(43) Concurrent thread roots
[0.800s][info][gc,task     ] GC(43) Using 2 of 8 workers for Concurrent thread roots
[0.800s][info][gc          ] GC(43) Concurrent thread roots 0.167ms
[0.801s][info][gc,start    ] GC(43) Concurrent weak references
[0.801s][info][gc,task     ] GC(43) Using 2 of 8 workers for concurrent weak references
[0.802s][info][gc,ref      ] GC(43) Encountered references: Soft: 195, Weak: 520, Final: 0, Phantom: 579
[0.802s][info][gc,ref      ] GC(43) Discovered  references: Soft: 0, Weak: 162, Final: 0, Phantom: 578
[0.802s][info][gc,ref      ] GC(43) Enqueued    references: Soft: 0, Weak: 1, Final: 0, Phantom: 1
[0.802s][info][gc          ] GC(43) Concurrent weak references 1.600ms
[0.802s][info][gc,start    ] GC(43) Concurrent weak roots
[0.802s][info][gc,task     ] GC(43) Using 2 of 8 workers for concurrent weak root
[0.803s][info][gc          ] GC(43) Concurrent weak roots 0.373ms
[0.803s][info][gc,start    ] GC(43) Concurrent cleanup
[0.803s][info][gc          ] GC(43) Concurrent cleanup 13M->13M(143M) 0.079ms
[0.803s][info][gc,ergo     ] GC(43) Free: 1871M, Max: 512K regular, 1869M humongous, Frag: 1% external, 0% internal; Reserve: 101599K, Max: 512K
[0.803s][info][gc,start    ] GC(43) Concurrent class unloading
[0.803s][info][gc,task     ] GC(43) Using 2 of 8 workers for concurrent class unloading
[0.803s][info][gc          ] GC(43) Concurrent class unloading 0.733ms
[0.803s][info][gc,start    ] GC(43) Concurrent strong roots
[0.803s][info][gc,task     ] GC(43) Using 2 of 8 workers for concurrent strong root
[0.804s][info][gc          ] GC(43) Concurrent strong roots 0.163ms
[0.804s][info][gc,start    ] GC(43) Concurrent evacuation
[0.804s][info][gc,task     ] GC(43) Using 2 of 8 workers for concurrent evacuation
[0.805s][info][gc          ] GC(43) Concurrent evacuation 1.347ms
[0.805s][info][gc,start    ] GC(43) Pause Init Update Refs
[0.805s][info][gc,ergo     ] GC(43) Pacer for Update Refs. Used: 21906K, Free: 1871M, Non-Taxable: 187M, Alloc Tax Rate: 1.1x
[0.805s][info][gc          ] GC(43) Pause Init Update Refs 0.055ms
[0.805s][info][gc,start    ] GC(43) Concurrent update references
[0.805s][info][gc,task     ] GC(43) Using 2 of 8 workers for concurrent reference update
[0.806s][info][gc          ] GC(43) Concurrent update references 1.266ms
[0.806s][info][gc,start    ] GC(43) Concurrent update thread roots
[0.807s][info][gc          ] GC(43) Concurrent update thread roots 0.557ms
[0.807s][info][gc,start    ] GC(43) Pause Final Update Refs
[0.807s][info][gc,task     ] GC(43) Using 8 of 8 workers for final reference update
[0.807s][info][gc          ] GC(43) Pause Final Update Refs 0.070ms
[0.807s][info][gc,start    ] GC(43) Concurrent cleanup
[0.807s][info][gc          ] GC(43) Concurrent cleanup 21M->11M(143M) 0.078ms
[0.807s][info][gc,ergo     ] Free: 1872M, Max: 512K regular, 1869M humongous, Frag: 1% external, 0% internal; Reserve: 101888K, Max: 512K
[0.807s][info][gc,stats    ] 
[0.807s][info][gc,stats    ] All times are wall-clock times, except per-root-class counters, that are sum over
[0.807s][info][gc,stats    ] all workers. Dividing the <total> over the root stage time estimates parallelism.
[0.807s][info][gc,stats    ] 
[0.807s][info][gc,stats    ] Concurrent Reset                    234 us
[0.807s][info][gc,stats    ] Pause Init Mark (G)                4332 us
[0.807s][info][gc,stats    ] Pause Init Mark (N)                  79 us
[0.807s][info][gc,stats    ]   Update Region States               20 us
[0.807s][info][gc,stats    ] Concurrent Mark Roots               144 us, parallelism: 1.13x
[0.807s][info][gc,stats    ]   CMR: <total>                      163 us
[0.807s][info][gc,stats    ]   CMR: Thread Roots                 100 us, workers (us):  80,  20, ---, ---, ---, ---, ---, ---, 
[0.807s][info][gc,stats    ]   CMR: VM Strong Roots                6 us, workers (us):   3,   2, ---, ---, ---, ---, ---, ---, 
[0.807s][info][gc,stats    ]   CMR: CLDG Roots                    58 us, workers (us): ---,  58, ---, ---, ---, ---, ---, ---, 
[0.807s][info][gc,stats    ] Concurrent Marking                13675 us
[0.807s][info][gc,stats    ] Pause Final Mark (G)                360 us
[0.807s][info][gc,stats    ] Pause Final Mark (N)                233 us
[0.808s][info][gc,stats    ]   Finish Mark                        95 us
[0.808s][info][gc,stats    ]   Update Region States               20 us
[0.808s][info][gc,stats    ]   Choose Collection Set              42 us
[0.808s][info][gc,stats    ]   Rebuild Free Set                   16 us
[0.808s][info][gc,stats    ] Concurrent Thread Roots             181 us, parallelism: 0.90x
[0.808s][info][gc,stats    ]   CTR: <total>                      163 us
[0.808s][info][gc,stats    ]   CTR: Thread Roots                 163 us, workers (us): 101,  62, ---, ---, ---, ---, ---, ---, 
[0.808s][info][gc,stats    ] Concurrent Weak References         1633 us, parallelism: 0.04x
[0.808s][info][gc,stats    ]   CWRF: <total>                      69 us
[0.808s][info][gc,stats    ]   CWRF: Weak References              69 us, workers (us):   6,  62, ---, ---, ---, ---, ---, ---, 
[0.808s][info][gc,stats    ] Concurrent Weak Roots               390 us
[0.808s][info][gc,stats    ]   Roots                             214 us, parallelism: 1.29x
[0.808s][info][gc,stats    ]     CWR: <total>                    276 us
[0.808s][info][gc,stats    ]     CWR: Code Cache Roots           136 us, workers (us):  56,  81, ---, ---, ---, ---, ---, ---, 
[0.808s][info][gc,stats    ]     CWR: VM Weak Roots              136 us, workers (us): 114,  23, ---, ---, ---, ---, ---, ---, 
[0.808s][info][gc,stats    ]     CWR: CLDG Roots                   3 us, workers (us): ---,   3, ---, ---, ---, ---, ---, ---, 
[0.808s][info][gc,stats    ]   Rendezvous                        137 us
[0.808s][info][gc,stats    ] Concurrent Cleanup                   88 us
[0.808s][info][gc,stats    ] Concurrent Class Unloading          747 us
[0.808s][info][gc,stats    ]   Unlink Stale                      558 us
[0.808s][info][gc,stats    ]     System Dictionary                24 us
[0.808s][info][gc,stats    ]     Weak Class Links                  0 us
[0.808s][info][gc,stats    ]     Code Roots                      533 us
[0.808s][info][gc,stats    ]   Rendezvous                        124 us
[0.808s][info][gc,stats    ]   Purge Unlinked                     33 us
[0.808s][info][gc,stats    ]     Code Roots                       30 us
[0.808s][info][gc,stats    ]     CLDG                              3 us
[0.808s][info][gc,stats    ]     Exception Caches                  0 us
[0.808s][info][gc,stats    ] Concurrent Strong Roots             177 us, parallelism: 0.51x
[0.808s][info][gc,stats    ]   CSR: <total>                       90 us
[0.808s][info][gc,stats    ]   CSR: VM Strong Roots                7 us, workers (us):   7,   0, ---, ---, ---, ---, ---, ---, 
[0.808s][info][gc,stats    ]   CSR: CLDG Roots                    83 us, workers (us):  83, ---, ---, ---, ---, ---, ---, ---, 
[0.808s][info][gc,stats    ] Concurrent Evacuation              1368 us
[0.808s][info][gc,stats    ] Pause Init Update Refs (G)          174 us
[0.808s][info][gc,stats    ] Pause Init Update Refs (N)           64 us
[0.808s][info][gc,stats    ]   Manage GCLABs                       3 us
[0.808s][info][gc,stats    ] Concurrent Update Refs             1288 us
[0.808s][info][gc,stats    ] Concurrent Update Thread Roots      574 us
[0.808s][info][gc,stats    ] Pause Final Update Refs (G)         252 us
[0.808s][info][gc,stats    ] Pause Final Update Refs (N)          80 us
[0.808s][info][gc,stats    ]   Update Region States               13 us
[0.808s][info][gc,stats    ]   Trash Collection Set                2 us
[0.808s][info][gc,stats    ]   Rebuild Free Set                   20 us
[0.808s][info][gc,stats    ] Concurrent Cleanup                   89 us
[0.808s][info][gc,stats    ] 
[0.808s][info][gc,stats    ] Allocation pacing accrued:
[0.808s][info][gc,stats    ]       0 of    28 ms (  0.0%): <total>
[0.808s][info][gc,stats    ]       0 of    28 ms (  0.0%): <average total>
[0.808s][info][gc,stats    ] 
[0.808s][info][gc,metaspace] Metaspace: 3029K(3264K)->3097K(3264K) NonClass: 2737K(2880K)->2798K(2880K) Class: 292K(384K)->299K(384K)
[0.808s][info][gc,ergo     ] Pacer for Idle. Initial: 40642K, Alloc Tax Rate: 1.0x
[0.809s][info][gc          ] Trigger: Start next cycle immediately
[0.809s][info][gc,ergo     ] Free: 1872M, Max: 512K regular, 1869M humongous, Frag: 1% external, 0% internal; Reserve: 101888K, Max: 512K
[0.809s][info][gc,start    ] GC(44) Concurrent reset
[0.809s][info][gc,task     ] GC(44) Using 2 of 8 workers for concurrent reset
[0.809s][info][gc,ergo     ] GC(44) Pacer for Reset. Non-Taxable: 1984M
[0.809s][info][gc          ] GC(44) Concurrent reset 0.193ms
[0.810s][info][gc,start    ] GC(44) Pause Init Mark
[0.810s][info][gc,task     ] GC(44) Using 8 of 8 workers for init marking
[0.810s][info][gc,ergo     ] GC(44) Pacer for Mark. Expected Live: 9600K, Free: 1872M, Non-Taxable: 187M, Alloc Tax Rate: 0.0x
[0.810s][info][gc          ] GC(44) Pause Init Mark 0.070ms
[0.810s][info][gc,start    ] GC(44) Concurrent marking roots
[0.810s][info][gc,task     ] GC(44) Using 2 of 8 workers for concurrent marking roots
[0.810s][info][gc          ] GC(44) Concurrent marking roots 0.248ms
[0.810s][info][gc,start    ] GC(44) Concurrent marking
[0.810s][info][gc,task     ] GC(44) Using 2 of 8 workers for concurrent marking
[0.812s][info][gc          ] GC(44) Concurrent marking 1.461ms
[0.812s][info][gc,start    ] GC(44) Pause Final Mark
[0.812s][info][gc,task     ] GC(44) Using 8 of 8 workers for final marking
[0.812s][info][gc,ergo     ] GC(44) Collectable Garbage: 2435K (100%), Immediate: 0B (0%), CSet: 2435K (100%)
[0.812s][info][gc,ergo     ] GC(44) Pacer for Evacuation. Used CSet: 10196K, Free: 1871M, Non-Taxable: 187M, Alloc Tax Rate: 1.1x
[0.812s][info][gc          ] GC(44) Pause Final Mark 0.188ms
[0.812s][info][gc,start    ] GC(44) Concurrent thread roots
[0.812s][info][gc,task     ] GC(44) Using 2 of 8 workers for Concurrent thread roots
[0.812s][info][gc          ] GC(44) Concurrent thread roots 0.125ms
[0.812s][info][gc,start    ] GC(44) Concurrent weak references
[0.812s][info][gc,task     ] GC(44) Using 2 of 8 workers for concurrent weak references
[0.812s][info][gc,ref      ] GC(44) Encountered references: Soft: 202, Weak: 568, Final: 0, Phantom: 584
[0.812s][info][gc,ref      ] GC(44) Discovered  references: Soft: 0, Weak: 224, Final: 0, Phantom: 201
[0.812s][info][gc,ref      ] GC(44) Enqueued    references: Soft: 0, Weak: 13, Final: 0, Phantom: 6
[0.812s][info][gc          ] GC(44) Concurrent weak references 0.106ms
[0.813s][info][gc,start    ] GC(44) Concurrent weak roots
[0.813s][info][gc,task     ] GC(44) Using 2 of 8 workers for concurrent weak root
[0.813s][info][gc          ] GC(44) Concurrent weak roots 0.234ms
[0.813s][info][gc,start    ] GC(44) Concurrent cleanup
[0.813s][info][gc          ] GC(44) Concurrent cleanup 12M->12M(143M) 0.061ms
[0.813s][info][gc,ergo     ] GC(44) Free: 1871M, Max: 512K regular, 1869M humongous, Frag: 1% external, 0% internal; Reserve: 101700K, Max: 512K
[0.813s][info][gc,start    ] GC(44) Concurrent strong roots
[0.813s][info][gc,task     ] GC(44) Using 2 of 8 workers for concurrent strong root
[0.813s][info][gc          ] GC(44) Concurrent strong roots 0.453ms
[0.813s][info][gc,start    ] GC(44) Concurrent evacuation
[0.813s][info][gc,task     ] GC(44) Using 2 of 8 workers for concurrent evacuation
[0.815s][info][gc          ] GC(44) Concurrent evacuation 1.553ms
[0.815s][info][gc,start    ] GC(44) Pause Init Update Refs
[0.815s][info][gc,ergo     ] GC(44) Pacer for Update Refs. Used: 22324K, Free: 1870M, Non-Taxable: 187M, Alloc Tax Rate: 1.1x
[0.815s][info][gc          ] GC(44) Pause Init Update Refs 0.038ms
[0.815s][info][gc,start    ] GC(44) Concurrent update references
[0.815s][info][gc,task     ] GC(44) Using 2 of 8 workers for concurrent reference update
[0.817s][info][gc          ] GC(44) Concurrent update references 1.775ms
[0.817s][info][gc,start    ] GC(44) Concurrent update thread roots
[0.817s][info][gc          ] GC(44) Concurrent update thread roots 0.300ms
[0.817s][info][gc,start    ] GC(44) Pause Final Update Refs
[0.817s][info][gc,task     ] GC(44) Using 8 of 8 workers for final reference update
[0.817s][info][gc          ] GC(44) Pause Final Update Refs 0.065ms
[0.817s][info][gc,start    ] GC(44) Concurrent cleanup
[0.817s][info][gc          ] GC(44) Concurrent cleanup 21M->11M(143M) 0.069ms
[0.817s][info][gc,ergo     ] Free: 1872M, Max: 512K regular, 1869M humongous, Frag: 1% external, 0% internal; Reserve: 101888K, Max: 512K
[0.817s][info][gc,stats    ] 
[0.817s][info][gc,stats    ] All times are wall-clock times, except per-root-class counters, that are sum over
[0.817s][info][gc,stats    ] all workers. Dividing the <total> over the root stage time estimates parallelism.
[0.817s][info][gc,stats    ] 
[0.818s][info][gc,stats    ] Concurrent Reset                    206 us
[0.818s][info][gc,stats    ] Pause Init Mark (G)                 639 us
[0.818s][info][gc,stats    ] Pause Init Mark (N)                  79 us
[0.818s][info][gc,stats    ]   Update Region States               18 us
[0.818s][info][gc,stats    ] Concurrent Mark Roots               262 us, parallelism: 1.22x
[0.818s][info][gc,stats    ]   CMR: <total>                      321 us
[0.818s][info][gc,stats    ]   CMR: Thread Roots                  45 us, workers (us):  16,  29, ---, ---, ---, ---, ---, ---, 
[0.818s][info][gc,stats    ]   CMR: Code Cache Roots             207 us, workers (us):  80, 126, ---, ---, ---, ---, ---, ---, 
[0.818s][info][gc,stats    ]   CMR: VM Strong Roots                4 us, workers (us):   4,   0, ---, ---, ---, ---, ---, ---, 
[0.818s][info][gc,stats    ]   CMR: CLDG Roots                    65 us, workers (us):  65, ---, ---, ---, ---, ---, ---, ---, 
[0.818s][info][gc,stats    ] Concurrent Marking                 1481 us
[0.818s][info][gc,stats    ] Pause Final Mark (G)                489 us
[0.818s][info][gc,stats    ] Pause Final Mark (N)                199 us
[0.818s][info][gc,stats    ]   Finish Mark                        87 us
[0.818s][info][gc,stats    ]   Update Region States               12 us
[0.818s][info][gc,stats    ]   Choose Collection Set              28 us
[0.818s][info][gc,stats    ]   Rebuild Free Set                   15 us
[0.818s][info][gc,stats    ] Concurrent Thread Roots             137 us, parallelism: 0.81x
[0.818s][info][gc,stats    ]   CTR: <total>                      110 us
[0.818s][info][gc,stats    ]   CTR: Thread Roots                 110 us, workers (us):  63,  48, ---, ---, ---, ---, ---, ---, 
[0.818s][info][gc,stats    ] Concurrent Weak References          114 us, parallelism: 0.30x
[0.818s][info][gc,stats    ]   CWRF: <total>                      34 us
[0.818s][info][gc,stats    ]   CWRF: Weak References              34 us, workers (us):  30,   3, ---, ---, ---, ---, ---, ---, 
[0.818s][info][gc,stats    ] Concurrent Weak Roots               246 us
[0.818s][info][gc,stats    ]   Roots                             113 us, parallelism: 1.26x
[0.818s][info][gc,stats    ]     CWR: <total>                    143 us
[0.818s][info][gc,stats    ]     CWR: VM Weak Roots              143 us, workers (us):  74,  69, ---, ---, ---, ---, ---, ---, 
[0.818s][info][gc,stats    ]   Rendezvous                        105 us
[0.818s][info][gc,stats    ] Concurrent Cleanup                   69 us
[0.818s][info][gc,stats    ] Concurrent Strong Roots             471 us, parallelism: 0.82x
[0.818s][info][gc,stats    ]   CSR: <total>                      384 us
[0.818s][info][gc,stats    ]   CSR: Code Cache Roots             277 us, workers (us): 277,   0, ---, ---, ---, ---, ---, ---, 
[0.818s][info][gc,stats    ]   CSR: VM Strong Roots                8 us, workers (us):   8,   0, ---, ---, ---, ---, ---, ---, 
[0.818s][info][gc,stats    ]   CSR: CLDG Roots                   100 us, workers (us): 100, ---, ---, ---, ---, ---, ---, ---, 
[0.818s][info][gc,stats    ] Concurrent Evacuation              1575 us
[0.818s][info][gc,stats    ] Pause Init Update Refs (G)          140 us
[0.818s][info][gc,stats    ] Pause Init Update Refs (N)           47 us
[0.818s][info][gc,stats    ]   Manage GCLABs                       3 us
[0.818s][info][gc,stats    ] Concurrent Update Refs             1795 us
[0.818s][info][gc,stats    ] Concurrent Update Thread Roots      313 us
[0.818s][info][gc,stats    ] Pause Final Update Refs (G)         189 us
[0.818s][info][gc,stats    ] Pause Final Update Refs (N)          78 us
[0.818s][info][gc,stats    ]   Update Region States               12 us
[0.818s][info][gc,stats    ]   Trash Collection Set                2 us
[0.818s][info][gc,stats    ]   Rebuild Free Set                   17 us
[0.818s][info][gc,stats    ] Concurrent Cleanup                   80 us
[0.818s][info][gc,stats    ] 
[0.818s][info][gc,stats    ] Allocation pacing accrued:
[0.818s][info][gc,stats    ]       0 of    10 ms (  0.0%): <total>
[0.818s][info][gc,stats    ]       0 of    10 ms (  0.0%): <average total>
[0.818s][info][gc,stats    ] 
[0.818s][info][gc,metaspace] Metaspace: 3123K(3328K)->3221K(3392K) NonClass: 2820K(2944K)->2908K(3008K) Class: 303K(384K)->312K(384K)
[0.818s][info][gc,ergo     ] Pacer for Idle. Initial: 40642K, Alloc Tax Rate: 1.0x
[0.819s][info][gc          ] Trigger: Start next cycle immediately
[0.819s][info][gc,ergo     ] Free: 1872M, Max: 512K regular, 1869M humongous, Frag: 1% external, 0% internal; Reserve: 101888K, Max: 512K
[0.819s][info][gc,start    ] GC(45) Concurrent reset
[0.819s][info][gc,task     ] GC(45) Using 2 of 8 workers for concurrent reset
[0.819s][info][gc,ergo     ] GC(45) Pacer for Reset. Non-Taxable: 1984M
[0.819s][info][gc          ] GC(45) Concurrent reset 0.270ms
[0.820s][info][gc,start    ] GC(45) Pause Init Mark (unload classes)
[0.820s][info][gc,task     ] GC(45) Using 8 of 8 workers for init marking
[0.820s][info][gc,ergo     ] GC(45) Pacer for Mark. Expected Live: 9637K, Free: 1872M, Non-Taxable: 187M, Alloc Tax Rate: 0.0x
[0.820s][info][gc          ] GC(45) Pause Init Mark (unload classes) 0.061ms
[0.820s][info][gc,start    ] GC(45) Concurrent marking roots
[0.820s][info][gc,task     ] GC(45) Using 2 of 8 workers for concurrent marking roots
[0.820s][info][gc          ] GC(45) Concurrent marking roots 0.179ms
[0.820s][info][gc,start    ] GC(45) Concurrent marking (unload classes)
[0.820s][info][gc,task     ] GC(45) Using 2 of 8 workers for concurrent marking
[0.821s][info][gc          ] GC(45) Concurrent marking (unload classes) 1.371ms
[0.821s][info][gc,start    ] GC(45) Pause Final Mark (unload classes)
[0.821s][info][gc,task     ] GC(45) Using 8 of 8 workers for final marking
[0.821s][info][gc,ergo     ] GC(45) Collectable Garbage: 2379K (100%), Immediate: 0B (0%), CSet: 2379K (100%)
[0.821s][info][gc,ergo     ] GC(45) Pacer for Evacuation. Used CSet: 10221K, Free: 1872M, Non-Taxable: 187M, Alloc Tax Rate: 1.1x
[0.821s][info][gc          ] GC(45) Pause Final Mark (unload classes) 0.204ms
[0.822s][info][gc,start    ] GC(45) Concurrent thread roots
[0.822s][info][gc,task     ] GC(45) Using 2 of 8 workers for Concurrent thread roots
[0.822s][info][gc          ] GC(45) Concurrent thread roots 0.184ms
[0.822s][info][gc,start    ] GC(45) Concurrent weak references
[0.822s][info][gc,task     ] GC(45) Using 2 of 8 workers for concurrent weak references
[0.822s][info][gc,ref      ] GC(45) Encountered references: Soft: 202, Weak: 573, Final: 0, Phantom: 584
[0.822s][info][gc,ref      ] GC(45) Discovered  references: Soft: 0, Weak: 212, Final: 0, Phantom: 583
[0.822s][info][gc,ref      ] GC(45) Enqueued    references: Soft: 0, Weak: 8, Final: 0, Phantom: 6
[0.822s][info][gc          ] GC(45) Concurrent weak references 0.124ms
[0.822s][info][gc,start    ] GC(45) Concurrent weak roots
[0.822s][info][gc,task     ] GC(45) Using 2 of 8 workers for concurrent weak root
[0.822s][info][gc          ] GC(45) Concurrent weak roots 0.477ms
[0.822s][info][gc,start    ] GC(45) Concurrent cleanup
[0.822s][info][gc          ] GC(45) Concurrent cleanup 13M->13M(143M) 0.061ms
[0.822s][info][gc,ergo     ] GC(45) Free: 1871M, Max: 512K regular, 1869M humongous, Frag: 1% external, 0% internal; Reserve: 101619K, Max: 512K
[0.822s][info][gc,start    ] GC(45) Concurrent class unloading
[0.822s][info][gc,task     ] GC(45) Using 2 of 8 workers for concurrent class unloading
[0.823s][info][gc          ] GC(45) Concurrent class unloading 0.845ms
[0.823s][info][gc,start    ] GC(45) Concurrent strong roots
[0.823s][info][gc,task     ] GC(45) Using 2 of 8 workers for concurrent strong root
[0.823s][info][gc          ] GC(45) Concurrent strong roots 0.139ms
[0.823s][info][gc,start    ] GC(45) Concurrent evacuation
[0.823s][info][gc,task     ] GC(45) Using 2 of 8 workers for concurrent evacuation
[0.825s][info][gc          ] GC(45) Concurrent evacuation 1.392ms
[0.825s][info][gc,start    ] GC(45) Pause Init Update Refs
[0.825s][info][gc,ergo     ] GC(45) Pacer for Update Refs. Used: 21666K, Free: 1871M, Non-Taxable: 187M, Alloc Tax Rate: 1.1x
[0.825s][info][gc          ] GC(45) Pause Init Update Refs 0.039ms
[0.825s][info][gc,start    ] GC(45) Concurrent update references
[0.825s][info][gc,task     ] GC(45) Using 2 of 8 workers for concurrent reference update
[0.826s][info][gc          ] GC(45) Concurrent update references 1.480ms
[0.827s][info][gc,start    ] GC(45) Concurrent update thread roots
[0.827s][info][gc          ] GC(45) Concurrent update thread roots 0.412ms
[0.828s][info][gc,start    ] GC(45) Pause Final Update Refs
[0.828s][info][gc,task     ] GC(45) Using 8 of 8 workers for final reference update
[0.828s][info][gc          ] GC(45) Pause Final Update Refs 0.065ms
[0.828s][info][gc,start    ] GC(45) Concurrent cleanup
[0.828s][info][gc          ] GC(45) Concurrent cleanup 21M->11M(143M) 0.128ms
[0.828s][info][gc,ergo     ] Free: 1873M, Max: 512K regular, 1869M humongous, Frag: 1% external, 0% internal; Reserve: 101888K, Max: 512K
[0.828s][info][gc,stats    ] 
[0.828s][info][gc,stats    ] All times are wall-clock times, except per-root-class counters, that are sum over
[0.828s][info][gc,stats    ] all workers. Dividing the <total> over the root stage time estimates parallelism.
[0.828s][info][gc,stats    ] 
[0.828s][info][gc,stats    ] Concurrent Reset                    282 us
[0.828s][info][gc,stats    ] Pause Init Mark (G)                 184 us
[0.828s][info][gc,stats    ] Pause Init Mark (N)                  70 us
[0.828s][info][gc,stats    ]   Update Region States               16 us
[0.829s][info][gc,stats    ] Concurrent Mark Roots               191 us, parallelism: 0.47x
[0.829s][info][gc,stats    ]   CMR: <total>                       90 us
[0.829s][info][gc,stats    ]   CMR: Thread Roots                  52 us, workers (us):  52,   0, ---, ---, ---, ---, ---, ---, 
[0.829s][info][gc,stats    ]   CMR: VM Strong Roots                3 us, workers (us):   3,   0, ---, ---, ---, ---, ---, ---, 
[0.829s][info][gc,stats    ]   CMR: CLDG Roots                    35 us, workers (us):  35, ---, ---, ---, ---, ---, ---, ---, 
[0.829s][info][gc,stats    ] Concurrent Marking                 1392 us
[0.829s][info][gc,stats    ] Pause Final Mark (G)                310 us
[0.829s][info][gc,stats    ] Pause Final Mark (N)                213 us
[0.829s][info][gc,stats    ]   Finish Mark                        88 us
[0.829s][info][gc,stats    ]   Update Region States               11 us
[0.829s][info][gc,stats    ]   Choose Collection Set              29 us
[0.829s][info][gc,stats    ]   Rebuild Free Set                   26 us
[0.829s][info][gc,stats    ] Concurrent Thread Roots             196 us, parallelism: 0.84x
[0.829s][info][gc,stats    ]   CTR: <total>                      164 us
[0.829s][info][gc,stats    ]   CTR: Thread Roots                 164 us, workers (us): 142,  22, ---, ---, ---, ---, ---, ---, 
[0.829s][info][gc,stats    ] Concurrent Weak References          133 us, parallelism: 0.41x
[0.829s][info][gc,stats    ]   CWRF: <total>                      54 us
[0.829s][info][gc,stats    ]   CWRF: Weak References              54 us, workers (us):  50,   4, ---, ---, ---, ---, ---, ---, 
[0.829s][info][gc,stats    ] Concurrent Weak Roots               504 us
[0.829s][info][gc,stats    ]   Roots                             335 us, parallelism: 0.95x
[0.829s][info][gc,stats    ]     CWR: <total>                    320 us
[0.829s][info][gc,stats    ]     CWR: Code Cache Roots           187 us, workers (us): 144,  43, ---, ---, ---, ---, ---, ---, 
[0.829s][info][gc,stats    ]     CWR: VM Weak Roots              131 us, workers (us): 131,   0, ---, ---, ---, ---, ---, ---, 
[0.829s][info][gc,stats    ]     CWR: CLDG Roots                   2 us, workers (us):   2, ---, ---, ---, ---, ---, ---, ---, 
[0.829s][info][gc,stats    ]   Rendezvous                        125 us
[0.829s][info][gc,stats    ] Concurrent Cleanup                   69 us
[0.829s][info][gc,stats    ] Concurrent Class Unloading          860 us
[0.829s][info][gc,stats    ]   Unlink Stale                      585 us
[0.830s][info][gc,stats    ]     System Dictionary                23 us
[0.830s][info][gc,stats    ]     Weak Class Links                  0 us
[0.830s][info][gc,stats    ]     Code Roots                      561 us
[0.830s][info][gc,stats    ]   Rendezvous                        136 us
[0.830s][info][gc,stats    ]   Purge Unlinked                    106 us
[0.830s][info][gc,stats    ]     Code Roots                       47 us
[0.830s][info][gc,stats    ]     CLDG                             58 us
[0.830s][info][gc,stats    ]     Exception Caches                  0 us
[0.830s][info][gc,stats    ] Concurrent Strong Roots             150 us, parallelism: 0.64x
[0.830s][info][gc,stats    ]   CSR: <total>                       96 us
[0.830s][info][gc,stats    ]   CSR: VM Strong Roots               12 us, workers (us):  12,   0, ---, ---, ---, ---, ---, ---, 
[0.830s][info][gc,stats    ]   CSR: CLDG Roots                    84 us, workers (us):  84, ---, ---, ---, ---, ---, ---, ---, 
[0.830s][info][gc,stats    ] Concurrent Evacuation              1413 us
[0.830s][info][gc,stats    ] Pause Init Update Refs (G)          142 us
[0.830s][info][gc,stats    ] Pause Init Update Refs (N)           47 us
[0.830s][info][gc,stats    ]   Manage GCLABs                       3 us
[0.830s][info][gc,stats    ] Concurrent Update Refs             1549 us
[0.830s][info][gc,stats    ] Concurrent Update Thread Roots      458 us
[0.830s][info][gc,stats    ] Pause Final Update Refs (G)         934 us
[0.830s][info][gc,stats    ] Pause Final Update Refs (N)          75 us
[0.830s][info][gc,stats    ]   Update Region States               13 us
[0.830s][info][gc,stats    ]   Trash Collection Set                2 us
[0.830s][info][gc,stats    ]   Rebuild Free Set                   16 us
[0.830s][info][gc,stats    ] Concurrent Cleanup                  169 us
[0.830s][info][gc,stats    ] 
[0.830s][info][gc,stats    ] Allocation pacing accrued:
[0.830s][info][gc,stats    ]       0 of    12 ms (  0.0%): <total>
[0.830s][info][gc,stats    ]       0 of    12 ms (  0.0%): <average total>
[0.830s][info][gc,stats    ] 
[0.830s][info][gc,metaspace] Metaspace: 3304K(3456K)->3412K(3584K) NonClass: 2985K(3072K)->3085K(3200K) Class: 318K(384K)->327K(384K)
[0.830s][info][gc,ergo     ] Pacer for Idle. Initial: 40642K, Alloc Tax Rate: 1.0x
[0.831s][info][gc          ] Trigger: Start next cycle immediately
[0.832s][info][gc,ergo     ] Free: 1873M, Max: 512K regular, 1869M humongous, Frag: 1% external, 0% internal; Reserve: 101888K, Max: 512K
[0.832s][info][gc,start    ] GC(46) Concurrent reset
[0.832s][info][gc,task     ] GC(46) Using 2 of 8 workers for concurrent reset
[0.832s][info][gc,ergo     ] GC(46) Pacer for Reset. Non-Taxable: 1984M
[0.832s][info][gc          ] GC(46) Concurrent reset 0.314ms
[0.832s][info][gc,start    ] GC(46) Pause Init Mark (unload classes)
[0.832s][info][gc,task     ] GC(46) Using 8 of 8 workers for init marking
[0.832s][info][gc,ergo     ] GC(46) Pacer for Mark. Expected Live: 9680K, Free: 1873M, Non-Taxable: 187M, Alloc Tax Rate: 0.0x
[0.832s][info][gc          ] GC(46) Pause Init Mark (unload classes) 0.063ms
[0.832s][info][gc,start    ] GC(46) Concurrent marking roots
[0.832s][info][gc,task     ] GC(46) Using 2 of 8 workers for concurrent marking roots
[0.832s][info][gc          ] GC(46) Concurrent marking roots 0.219ms
[0.832s][info][gc,start    ] GC(46) Concurrent marking (unload classes)
[0.833s][info][gc,task     ] GC(46) Using 2 of 8 workers for concurrent marking
[0.837s][info][gc          ] GC(46) Concurrent marking (unload classes) 4.781ms
[0.837s][info][gc,start    ] GC(46) Pause Final Mark (unload classes)
[0.837s][info][gc,task     ] GC(46) Using 8 of 8 workers for final marking
[0.839s][info][gc,ergo     ] GC(46) Collectable Garbage: 1602K (100%), Immediate: 0B (0%), CSet: 1602K (100%)
[0.839s][info][gc,ergo     ] GC(46) Pacer for Evacuation. Used CSet: 9538K, Free: 1872M, Non-Taxable: 187M, Alloc Tax Rate: 1.1x
[0.839s][info][gc          ] GC(46) Pause Final Mark (unload classes) 1.533ms
[0.839s][info][gc,start    ] GC(46) Concurrent thread roots
[0.842s][info][gc,task     ] GC(46) Using 2 of 8 workers for Concurrent thread roots
[0.842s][info][gc          ] GC(46) Concurrent thread roots 2.686ms
[0.842s][info][gc,start    ] GC(46) Concurrent weak references
[0.842s][info][gc,task     ] GC(46) Using 2 of 8 workers for concurrent weak references
[0.842s][info][gc,ref      ] GC(46) Encountered references: Soft: 205, Weak: 567, Final: 0, Phantom: 578
[0.842s][info][gc,ref      ] GC(46) Discovered  references: Soft: 0, Weak: 191, Final: 0, Phantom: 577
[0.842s][info][gc,ref      ] GC(46) Enqueued    references: Soft: 0, Weak: 2, Final: 0, Phantom: 0
[0.842s][info][gc          ] GC(46) Concurrent weak references 0.130ms
[0.842s][info][gc,start    ] GC(46) Concurrent weak roots
[0.842s][info][gc,task     ] GC(46) Using 2 of 8 workers for concurrent weak root
[0.846s][info][gc          ] GC(46) Concurrent weak roots 3.563ms
[0.846s][info][gc,start    ] GC(46) Concurrent cleanup
[0.846s][info][gc          ] GC(46) Concurrent cleanup 12M->12M(143M) 0.066ms
[0.846s][info][gc,ergo     ] GC(46) Free: 1872M, Max: 512K regular, 1869M humongous, Frag: 1% external, 0% internal; Reserve: 101615K, Max: 512K
[0.846s][info][gc,start    ] GC(46) Concurrent class unloading
[0.846s][info][gc,task     ] GC(46) Using 2 of 8 workers for concurrent class unloading
[0.847s][info][gc          ] GC(46) Concurrent class unloading 1.171ms
[0.847s][info][gc,start    ] GC(46) Concurrent strong roots
[0.847s][info][gc,task     ] GC(46) Using 2 of 8 workers for concurrent strong root
[0.847s][info][gc          ] GC(46) Concurrent strong roots 0.117ms
[0.847s][info][gc,start    ] GC(46) Concurrent evacuation
[0.847s][info][gc,task     ] GC(46) Using 2 of 8 workers for concurrent evacuation
[0.849s][info][gc          ] GC(46) Concurrent evacuation 2.266ms
[0.849s][info][gc,start    ] GC(46) Pause Init Update Refs
[0.849s][info][gc,ergo     ] GC(46) Pacer for Update Refs. Used: 21047K, Free: 1872M, Non-Taxable: 187M, Alloc Tax Rate: 1.1x
[0.849s][info][gc          ] GC(46) Pause Init Update Refs 0.042ms
[0.849s][info][gc,start    ] GC(46) Concurrent update references
[0.849s][info][gc,task     ] GC(46) Using 2 of 8 workers for concurrent reference update
[0.851s][info][gc          ] GC(46) Concurrent update references 1.883ms
[0.851s][info][gc,start    ] GC(46) Concurrent update thread roots
[0.851s][info][gc          ] GC(46) Concurrent update thread roots 0.227ms
[0.854s][info][gc,start    ] GC(46) Pause Final Update Refs
[0.854s][info][gc,task     ] GC(46) Using 8 of 8 workers for final reference update
[0.854s][info][gc          ] GC(46) Pause Final Update Refs 0.070ms
[0.854s][info][gc,start    ] GC(46) Concurrent cleanup
[0.854s][info][gc          ] GC(46) Concurrent cleanup 20M->11M(143M) 0.071ms
[0.854s][info][gc,ergo     ] Free: 1873M, Max: 512K regular, 1869M humongous, Frag: 1% external, 0% internal; Reserve: 101888K, Max: 512K
[0.854s][info][gc,stats    ] 
[0.854s][info][gc,stats    ] All times are wall-clock times, except per-root-class counters, that are sum over
[0.854s][info][gc,stats    ] all workers. Dividing the <total> over the root stage time estimates parallelism.
[0.854s][info][gc,stats    ] 
[0.854s][info][gc,stats    ] Concurrent Reset                    350 us
[0.854s][info][gc,stats    ] Pause Init Mark (G)                 278 us
[0.854s][info][gc,stats    ] Pause Init Mark (N)                  72 us
[0.854s][info][gc,stats    ]   Update Region States               17 us
[0.854s][info][gc,stats    ] Concurrent Mark Roots               309 us, parallelism: 0.42x
[0.854s][info][gc,stats    ]   CMR: <total>                      129 us
[0.854s][info][gc,stats    ]   CMR: Thread Roots                  71 us, workers (us):  59,  11, ---, ---, ---, ---, ---, ---, 
[0.854s][info][gc,stats    ]   CMR: VM Strong Roots                6 us, workers (us):   3,   2, ---, ---, ---, ---, ---, ---, 
[0.854s][info][gc,stats    ]   CMR: CLDG Roots                    53 us, workers (us): ---,  53, ---, ---, ---, ---, ---, ---, 
[0.854s][info][gc,stats    ] Concurrent Marking                 4843 us
[0.854s][info][gc,stats    ] Pause Final Mark (G)               1769 us
[0.854s][info][gc,stats    ] Pause Final Mark (N)               1539 us
[0.854s][info][gc,stats    ]   Finish Mark                      1390 us
[0.854s][info][gc,stats    ]   Update Region States               13 us
[0.854s][info][gc,stats    ]   Choose Collection Set              42 us
[0.854s][info][gc,stats    ]   Rebuild Free Set                   15 us
[0.854s][info][gc,stats    ] Concurrent Thread Roots            2698 us, parallelism: 0.07x
[0.854s][info][gc,stats    ]   CTR: <total>                      186 us
[0.854s][info][gc,stats    ]   CTR: Thread Roots                 186 us, workers (us): 161,  25, ---, ---, ---, ---, ---, ---, 
[0.854s][info][gc,stats    ] Concurrent Weak References          138 us, parallelism: 0.41x
[0.854s][info][gc,stats    ]   CWRF: <total>                      57 us
[0.854s][info][gc,stats    ]   CWRF: Weak References              57 us, workers (us):  57,   0, ---, ---, ---, ---, ---, ---, 
[0.854s][info][gc,stats    ] Concurrent Weak Roots              3582 us
[0.854s][info][gc,stats    ]   Roots                             324 us, parallelism: 0.94x
[0.854s][info][gc,stats    ]     CWR: <total>                    305 us
[0.854s][info][gc,stats    ]     CWR: Code Cache Roots           172 us, workers (us): 172,   0, ---, ---, ---, ---, ---, ---, 
[0.854s][info][gc,stats    ]     CWR: VM Weak Roots              132 us, workers (us): 132,   0, ---, ---, ---, ---, ---, ---, 
[0.854s][info][gc,stats    ]     CWR: CLDG Roots                   1 us, workers (us):   1, ---, ---, ---, ---, ---, ---, ---, 
[0.854s][info][gc,stats    ]   Rendezvous                       3222 us
[0.854s][info][gc,stats    ] Concurrent Cleanup                   75 us
[0.854s][info][gc,stats    ] Concurrent Class Unloading         1185 us
[0.854s][info][gc,stats    ]   Unlink Stale                      598 us
[0.854s][info][gc,stats    ]     System Dictionary                24 us
[0.854s][info][gc,stats    ]     Weak Class Links                  0 us
[0.854s][info][gc,stats    ]     Code Roots                      573 us
[0.854s][info][gc,stats    ]   Rendezvous                        504 us
[0.854s][info][gc,stats    ]   Purge Unlinked                     35 us
[0.854s][info][gc,stats    ]     Code Roots                       19 us
[0.854s][info][gc,stats    ]     CLDG                             16 us
[0.854s][info][gc,stats    ]     Exception Caches                  0 us
[0.854s][info][gc,stats    ] Concurrent Strong Roots             127 us, parallelism: 0.71x
[0.854s][info][gc,stats    ]   CSR: <total>                       89 us
[0.854s][info][gc,stats    ]   CSR: VM Strong Roots                6 us, workers (us):   5,   0, ---, ---, ---, ---, ---, ---, 
[0.854s][info][gc,stats    ]   CSR: CLDG Roots                    84 us, workers (us):  84, ---, ---, ---, ---, ---, ---, ---, 
[0.854s][info][gc,stats    ] Concurrent Evacuation              2288 us
[0.854s][info][gc,stats    ] Pause Init Update Refs (G)           84 us
[0.854s][info][gc,stats    ] Pause Init Update Refs (N)           50 us
[0.854s][info][gc,stats    ]   Manage GCLABs                       3 us
[0.854s][info][gc,stats    ] Concurrent Update Refs             1919 us
[0.854s][info][gc,stats    ] Concurrent Update Thread Roots      236 us
[0.854s][info][gc,stats    ] Pause Final Update Refs (G)        2189 us
[0.854s][info][gc,stats    ] Pause Final Update Refs (N)          80 us
[0.854s][info][gc,stats    ]   Update Region States               13 us
[0.854s][info][gc,stats    ]   Trash Collection Set                2 us
[0.854s][info][gc,stats    ]   Rebuild Free Set                   16 us
[0.854s][info][gc,stats    ] Concurrent Cleanup                   80 us
[0.854s][info][gc,stats    ] 
[0.854s][info][gc,stats    ] Allocation pacing accrued:
[0.854s][info][gc,stats    ]       0 of    24 ms (  0.0%): <total>
[0.854s][info][gc,stats    ]       0 of    24 ms (  0.0%): <average total>
[0.854s][info][gc,stats    ] 
[0.854s][info][gc,metaspace] Metaspace: 3415K(3584K)->3445K(3584K) NonClass: 3087K(3200K)->3116K(3200K) Class: 327K(384K)->328K(384K)
[0.854s][info][gc,ergo     ] Pacer for Idle. Initial: 40642K, Alloc Tax Rate: 1.0x
[0.855s][info][gc          ] Trigger: Start next cycle immediately
[0.856s][info][gc,ergo     ] Free: 1873M, Max: 512K regular, 1869M humongous, Frag: 1% external, 0% internal; Reserve: 101888K, Max: 512K
[0.856s][info][gc,start    ] GC(47) Concurrent reset
[0.856s][info][gc,task     ] GC(47) Using 2 of 8 workers for concurrent reset
[0.856s][info][gc,ergo     ] GC(47) Pacer for Reset. Non-Taxable: 1984M
[0.856s][info][gc          ] GC(47) Concurrent reset 0.161ms
[0.856s][info][gc,start    ] GC(47) Pause Init Mark (unload classes)
[0.856s][info][gc,task     ] GC(47) Using 8 of 8 workers for init marking
[0.856s][info][gc,ergo     ] GC(47) Pacer for Mark. Expected Live: 9725K, Free: 1873M, Non-Taxable: 187M, Alloc Tax Rate: 0.0x
[0.856s][info][gc          ] GC(47) Pause Init Mark (unload classes) 0.061ms
[0.856s][info][gc,start    ] GC(47) Concurrent marking roots
[0.856s][info][gc,task     ] GC(47) Using 2 of 8 workers for concurrent marking roots
[0.856s][info][gc          ] GC(47) Concurrent marking roots 0.195ms
[0.856s][info][gc,start    ] GC(47) Concurrent marking (unload classes)
[0.856s][info][gc,task     ] GC(47) Using 2 of 8 workers for concurrent marking
[0.863s][info][gc          ] GC(47) Concurrent marking (unload classes) 6.672ms
[0.863s][info][gc,start    ] GC(47) Pause Final Mark (unload classes)
[0.863s][info][gc,task     ] GC(47) Using 8 of 8 workers for final marking
[0.863s][info][gc,ergo     ] GC(47) Collectable Garbage: 1591K (100%), Immediate: 0B (0%), CSet: 1591K (100%)
[0.863s][info][gc,ergo     ] GC(47) Pacer for Evacuation. Used CSet: 9603K, Free: 1872M, Non-Taxable: 187M, Alloc Tax Rate: 1.1x
[0.863s][info][gc          ] GC(47) Pause Final Mark (unload classes) 0.251ms
[0.863s][info][gc,start    ] GC(47) Concurrent thread roots
[0.863s][info][gc,task     ] GC(47) Using 2 of 8 workers for Concurrent thread roots
[0.863s][info][gc          ] GC(47) Concurrent thread roots 0.141ms
[0.863s][info][gc,start    ] GC(47) Concurrent weak references
[0.863s][info][gc,task     ] GC(47) Using 2 of 8 workers for concurrent weak references
[0.863s][info][gc,ref      ] GC(47) Encountered references: Soft: 205, Weak: 565, Final: 0, Phantom: 578
[0.863s][info][gc,ref      ] GC(47) Discovered  references: Soft: 0, Weak: 186, Final: 0, Phantom: 577
[0.863s][info][gc,ref      ] GC(47) Enqueued    references: Soft: 0, Weak: 0, Final: 0, Phantom: 0
[0.863s][info][gc          ] GC(47) Concurrent weak references 0.093ms
[0.863s][info][gc,start    ] GC(47) Concurrent weak roots
[0.863s][info][gc,task     ] GC(47) Using 2 of 8 workers for concurrent weak root
[0.864s][info][gc          ] GC(47) Concurrent weak roots 0.482ms
[0.864s][info][gc,start    ] GC(47) Concurrent cleanup
[0.864s][info][gc          ] GC(47) Concurrent cleanup 12M->12M(143M) 0.059ms
[0.864s][info][gc,ergo     ] GC(47) Free: 1872M, Max: 512K regular, 1869M humongous, Frag: 1% external, 0% internal; Reserve: 101652K, Max: 512K
[0.864s][info][gc,start    ] GC(47) Concurrent class unloading
[0.864s][info][gc,task     ] GC(47) Using 2 of 8 workers for concurrent class unloading
[0.865s][info][gc          ] GC(47) Concurrent class unloading 0.500ms
[0.865s][info][gc,start    ] GC(47) Concurrent strong roots
[0.865s][info][gc,task     ] GC(47) Using 2 of 8 workers for concurrent strong root
[0.865s][info][gc          ] GC(47) Concurrent strong roots 0.119ms
[0.865s][info][gc,start    ] GC(47) Concurrent evacuation
[0.865s][info][gc,task     ] GC(47) Using 2 of 8 workers for concurrent evacuation
[0.866s][info][gc          ] GC(47) Concurrent evacuation 1.317ms
[0.866s][info][gc,start    ] GC(47) Pause Init Update Refs
[0.866s][info][gc,ergo     ] GC(47) Pacer for Update Refs. Used: 21504K, Free: 1872M, Non-Taxable: 187M, Alloc Tax Rate: 1.1x
[0.866s][info][gc          ] GC(47) Pause Init Update Refs 0.043ms
[0.866s][info][gc,start    ] GC(47) Concurrent update references
[0.866s][info][gc,task     ] GC(47) Using 2 of 8 workers for concurrent reference update
[0.868s][info][gc          ] GC(47) Concurrent update references 1.907ms
[0.868s][info][gc,start    ] GC(47) Concurrent update thread roots
[0.873s][info][gc          ] GC(47) Concurrent update thread roots 4.344ms
[0.873s][info][gc,start    ] GC(47) Pause Final Update Refs
[0.873s][info][gc,task     ] GC(47) Using 8 of 8 workers for final reference update
[0.873s][info][gc          ] GC(47) Pause Final Update Refs 0.068ms
[0.873s][info][gc,start    ] GC(47) Concurrent cleanup
[0.873s][info][gc          ] GC(47) Concurrent cleanup 21M->12M(143M) 0.069ms
[0.873s][info][gc,ergo     ] Free: 1872M, Max: 512K regular, 1869M humongous, Frag: 1% external, 0% internal; Reserve: 101888K, Max: 512K
[0.873s][info][gc,stats    ] 
[0.873s][info][gc,stats    ] All times are wall-clock times, except per-root-class counters, that are sum over
[0.873s][info][gc,stats    ] all workers. Dividing the <total> over the root stage time estimates parallelism.
[0.873s][info][gc,stats    ] 
[0.873s][info][gc,stats    ] Concurrent Reset                    171 us
[0.873s][info][gc,stats    ] Pause Init Mark (G)                 234 us
[0.873s][info][gc,stats    ] Pause Init Mark (N)                  70 us
[0.873s][info][gc,stats    ]   Update Region States               17 us
[0.873s][info][gc,stats    ] Concurrent Mark Roots               217 us, parallelism: 0.63x
[0.873s][info][gc,stats    ]   CMR: <total>                      137 us
[0.873s][info][gc,stats    ]   CMR: Thread Roots                  75 us, workers (us):  74,   0, ---, ---, ---, ---, ---, ---, 
[0.873s][info][gc,stats    ]   CMR: VM Strong Roots                4 us, workers (us):   3,   0, ---, ---, ---, ---, ---, ---, 
[0.873s][info][gc,stats    ]   CMR: CLDG Roots                    59 us, workers (us):  59, ---, ---, ---, ---, ---, ---, ---, 
[0.873s][info][gc,stats    ] Concurrent Marking                 6695 us
[0.873s][info][gc,stats    ] Pause Final Mark (G)                371 us
[0.873s][info][gc,stats    ] Pause Final Mark (N)                259 us
[0.873s][info][gc,stats    ]   Finish Mark                       141 us
[0.873s][info][gc,stats    ]   Update Region States               12 us
[0.873s][info][gc,stats    ]   Choose Collection Set              31 us
[0.873s][info][gc,stats    ]   Rebuild Free Set                   15 us
[0.873s][info][gc,stats    ] Concurrent Thread Roots             151 us, parallelism: 0.84x
[0.873s][info][gc,stats    ]   CTR: <total>                      127 us
[0.873s][info][gc,stats    ]   CTR: Thread Roots                 127 us, workers (us): 109,  18, ---, ---, ---, ---, ---, ---, 
[0.873s][info][gc,stats    ] Concurrent Weak References          102 us, parallelism: 0.48x
[0.873s][info][gc,stats    ]   CWRF: <total>                      49 us
[0.873s][info][gc,stats    ]   CWRF: Weak References              49 us, workers (us):  46,   3, ---, ---, ---, ---, ---, ---, 
[0.873s][info][gc,stats    ] Concurrent Weak Roots               500 us
[0.873s][info][gc,stats    ]   Roots                             302 us, parallelism: 0.94x
[0.873s][info][gc,stats    ]     CWR: <total>                    285 us
[0.873s][info][gc,stats    ]     CWR: Code Cache Roots           151 us, workers (us): 151,   0, ---, ---, ---, ---, ---, ---, 
[0.873s][info][gc,stats    ]     CWR: VM Weak Roots              132 us, workers (us): 132,   0, ---, ---, ---, ---, ---, ---, 
[0.873s][info][gc,stats    ]     CWR: CLDG Roots                   1 us, workers (us):   1, ---, ---, ---, ---, ---, ---, ---, 
[0.873s][info][gc,stats    ]   Rendezvous                        147 us
[0.873s][info][gc,stats    ] Concurrent Cleanup                   67 us
[0.873s][info][gc,stats    ] Concurrent Class Unloading          512 us
[0.873s][info][gc,stats    ]   Unlink Stale                      440 us
[0.873s][info][gc,stats    ]     System Dictionary                37 us
[0.873s][info][gc,stats    ]     Weak Class Links                  0 us
[0.873s][info][gc,stats    ]     Code Roots                      401 us
[0.873s][info][gc,stats    ]   Rendezvous                         24 us
[0.873s][info][gc,stats    ]   Purge Unlinked                     18 us
[0.873s][info][gc,stats    ]     Code Roots                       16 us
[0.873s][info][gc,stats    ]     CLDG                              2 us
[0.873s][info][gc,stats    ]     Exception Caches                  0 us
[0.873s][info][gc,stats    ] Concurrent Strong Roots             127 us, parallelism: 0.69x
[0.873s][info][gc,stats    ]   CSR: <total>                       87 us
[0.873s][info][gc,stats    ]   CSR: VM Strong Roots                6 us, workers (us):   6,   0, ---, ---, ---, ---, ---, ---, 
[0.873s][info][gc,stats    ]   CSR: CLDG Roots                    82 us, workers (us):  82, ---, ---, ---, ---, ---, ---, ---, 
[0.873s][info][gc,stats    ] Concurrent Evacuation              1338 us
[0.873s][info][gc,stats    ] Pause Init Update Refs (G)          178 us
[0.873s][info][gc,stats    ] Pause Init Update Refs (N)           52 us
[0.873s][info][gc,stats    ]   Manage GCLABs                       8 us
[0.873s][info][gc,stats    ] Concurrent Update Refs             1930 us
[0.873s][info][gc,stats    ] Concurrent Update Thread Roots     4366 us
[0.873s][info][gc,stats    ] Pause Final Update Refs (G)         183 us
[0.873s][info][gc,stats    ] Pause Final Update Refs (N)          80 us
[0.873s][info][gc,stats    ]   Update Region States               13 us
[0.873s][info][gc,stats    ]   Trash Collection Set                2 us
[0.873s][info][gc,stats    ]   Rebuild Free Set                   19 us
[0.873s][info][gc,stats    ] Concurrent Cleanup                   79 us
[0.873s][info][gc,stats    ] 
[0.873s][info][gc,stats    ] Allocation pacing accrued:
[0.873s][info][gc,stats    ]       0 of    19 ms (  0.0%): <total>
[0.873s][info][gc,stats    ]       0 of    19 ms (  0.0%): <average total>
[0.873s][info][gc,stats    ] 
[0.873s][info][gc,metaspace] Metaspace: 3450K(3648K)->3539K(3712K) NonClass: 3122K(3264K)->3202K(3328K) Class: 328K(384K)->336K(384K)
[0.873s][info][gc,ergo     ] Pacer for Idle. Initial: 40642K, Alloc Tax Rate: 1.0x
[0.875s][info][gc          ] Trigger: Start next cycle immediately
[0.875s][info][gc,ergo     ] Free: 1872M, Max: 512K regular, 1869M humongous, Frag: 1% external, 0% internal; Reserve: 101888K, Max: 512K
[0.875s][info][gc,start    ] GC(48) Concurrent reset
[0.875s][info][gc,task     ] GC(48) Using 2 of 8 workers for concurrent reset
[0.875s][info][gc,ergo     ] GC(48) Pacer for Reset. Non-Taxable: 1984M
[0.875s][info][gc          ] GC(48) Concurrent reset 0.223ms
[0.875s][info][gc,start    ] GC(48) Pause Init Mark
[0.875s][info][gc,task     ] GC(48) Using 8 of 8 workers for init marking
[0.875s][info][gc,ergo     ] GC(48) Pacer for Mark. Expected Live: 9783K, Free: 1872M, Non-Taxable: 187M, Alloc Tax Rate: 0.0x
[0.875s][info][gc          ] GC(48) Pause Init Mark 0.063ms
[0.875s][info][gc,start    ] GC(48) Concurrent marking roots
[0.875s][info][gc,task     ] GC(48) Using 2 of 8 workers for concurrent marking roots
[0.875s][info][gc          ] GC(48) Concurrent marking roots 0.215ms
[0.875s][info][gc,start    ] GC(48) Concurrent marking
[0.875s][info][gc,task     ] GC(48) Using 2 of 8 workers for concurrent marking
[0.877s][info][gc          ] GC(48) Concurrent marking 1.784ms
[0.886s][info][gc,start    ] GC(48) Pause Final Mark
[0.886s][info][gc,task     ] GC(48) Using 8 of 8 workers for final marking
[0.886s][info][gc,ergo     ] GC(48) Collectable Garbage: 2422K (100%), Immediate: 0B (0%), CSet: 2422K (100%)
[0.886s][info][gc,ergo     ] GC(48) Pacer for Evacuation. Used CSet: 10506K, Free: 1871M, Non-Taxable: 187M, Alloc Tax Rate: 1.1x
[0.886s][info][gc          ] GC(48) Pause Final Mark 0.205ms
[0.886s][info][gc,start    ] GC(48) Concurrent thread roots
[0.886s][info][gc,task     ] GC(48) Using 2 of 8 workers for Concurrent thread roots
[0.886s][info][gc          ] GC(48) Concurrent thread roots 0.128ms
[0.886s][info][gc,start    ] GC(48) Concurrent weak references
[0.886s][info][gc,task     ] GC(48) Using 2 of 8 workers for concurrent weak references
[0.886s][info][gc,ref      ] GC(48) Encountered references: Soft: 215, Weak: 578, Final: 0, Phantom: 580
[0.886s][info][gc,ref      ] GC(48) Discovered  references: Soft: 0, Weak: 231, Final: 0, Phantom: 579
[0.886s][info][gc,ref      ] GC(48) Enqueued    references: Soft: 0, Weak: 13, Final: 0, Phantom: 2
[0.886s][info][gc          ] GC(48) Concurrent weak references 0.138ms
[0.886s][info][gc,start    ] GC(48) Concurrent weak roots
[0.886s][info][gc,task     ] GC(48) Using 2 of 8 workers for concurrent weak root
[0.892s][info][gc          ] GC(48) Concurrent weak roots 5.541ms
[0.892s][info][gc,start    ] GC(48) Concurrent cleanup
[0.892s][info][gc          ] GC(48) Concurrent cleanup 13M->13M(143M) 0.073ms
[0.892s][info][gc,ergo     ] GC(48) Free: 1871M, Max: 512K regular, 1869M humongous, Frag: 1% external, 0% internal; Reserve: 101391K, Max: 512K
[0.892s][info][gc,start    ] GC(48) Concurrent strong roots
[0.892s][info][gc,task     ] GC(48) Using 2 of 8 workers for concurrent strong root
[0.892s][info][gc          ] GC(48) Concurrent strong roots 0.458ms
[0.892s][info][gc,start    ] GC(48) Concurrent evacuation
[0.892s][info][gc,task     ] GC(48) Using 2 of 8 workers for concurrent evacuation
[0.894s][info][gc          ] GC(48) Concurrent evacuation 1.347ms
[0.896s][info][gc,start    ] GC(48) Pause Init Update Refs
[0.896s][info][gc,ergo     ] GC(48) Pacer for Update Refs. Used: 22139K, Free: 1871M, Non-Taxable: 187M, Alloc Tax Rate: 1.1x
[0.896s][info][gc          ] GC(48) Pause Init Update Refs 0.041ms
[0.896s][info][gc,start    ] GC(48) Concurrent update references
[0.896s][info][gc,task     ] GC(48) Using 2 of 8 workers for concurrent reference update
[0.897s][info][gc          ] GC(48) Concurrent update references 1.231ms
[0.897s][info][gc,start    ] GC(48) Concurrent update thread roots
[0.897s][info][gc          ] GC(48) Concurrent update thread roots 0.150ms
[0.897s][info][gc,start    ] GC(48) Pause Final Update Refs
[0.897s][info][gc,task     ] GC(48) Using 8 of 8 workers for final reference update
[0.898s][info][gc          ] GC(48) Pause Final Update Refs 0.064ms
[0.898s][info][gc,start    ] GC(48) Concurrent cleanup
[0.898s][info][gc          ] GC(48) Concurrent cleanup 21M->11M(143M) 0.091ms
[0.898s][info][gc,ergo     ] Free: 1873M, Max: 512K regular, 1869M humongous, Frag: 1% external, 0% internal; Reserve: 101888K, Max: 512K
[0.898s][info][gc,stats    ] 
[0.898s][info][gc,stats    ] All times are wall-clock times, except per-root-class counters, that are sum over
[0.898s][info][gc,stats    ] all workers. Dividing the <total> over the root stage time estimates parallelism.
[0.898s][info][gc,stats    ] 
[0.898s][info][gc,stats    ] Concurrent Reset                    234 us
[0.898s][info][gc,stats    ] Pause Init Mark (G)                 231 us
[0.898s][info][gc,stats    ] Pause Init Mark (N)                  73 us
[0.898s][info][gc,stats    ]   Update Region States               14 us
[0.898s][info][gc,stats    ] Concurrent Mark Roots               227 us, parallelism: 1.41x
[0.898s][info][gc,stats    ]   CMR: <total>                      321 us
[0.898s][info][gc,stats    ]   CMR: Thread Roots                  35 us, workers (us):  17,  18, ---, ---, ---, ---, ---, ---, 
[0.898s][info][gc,stats    ]   CMR: Code Cache Roots             230 us, workers (us): 141,  89, ---, ---, ---, ---, ---, ---, 
[0.898s][info][gc,stats    ]   CMR: VM Strong Roots                5 us, workers (us):   3,   2, ---, ---, ---, ---, ---, ---, 
[0.898s][info][gc,stats    ]   CMR: CLDG Roots                    52 us, workers (us): ---,  52, ---, ---, ---, ---, ---, ---, 
[0.898s][info][gc,stats    ] Concurrent Marking                 1807 us
[0.898s][info][gc,stats    ] Pause Final Mark (G)               8886 us
[0.898s][info][gc,stats    ] Pause Final Mark (N)                214 us
[0.898s][info][gc,stats    ]   Finish Mark                        90 us
[0.898s][info][gc,stats    ]   Update Region States               17 us
[0.898s][info][gc,stats    ]   Choose Collection Set              34 us
[0.898s][info][gc,stats    ]   Rebuild Free Set                   15 us
[0.898s][info][gc,stats    ] Concurrent Thread Roots             139 us, parallelism: 0.77x
[0.898s][info][gc,stats    ]   CTR: <total>                      107 us
[0.898s][info][gc,stats    ]   CTR: Thread Roots                 107 us, workers (us):  78,  29, ---, ---, ---, ---, ---, ---, 
[0.898s][info][gc,stats    ] Concurrent Weak References          146 us, parallelism: 1.02x
[0.898s][info][gc,stats    ]   CWRF: <total>                     149 us
[0.898s][info][gc,stats    ]   CWRF: Weak References             149 us, workers (us):  88,  61, ---, ---, ---, ---, ---, ---, 
[0.898s][info][gc,stats    ] Concurrent Weak Roots              5569 us
[0.898s][info][gc,stats    ]   Roots                             151 us, parallelism: 0.90x
[0.898s][info][gc,stats    ]     CWR: <total>                    137 us
[0.898s][info][gc,stats    ]     CWR: VM Weak Roots              137 us, workers (us): 136,   0, ---, ---, ---, ---, ---, ---, 
[0.898s][info][gc,stats    ]   Rendezvous                       5372 us
[0.898s][info][gc,stats    ] Concurrent Cleanup                   82 us
[0.898s][info][gc,stats    ] Concurrent Strong Roots             477 us, parallelism: 0.88x
[0.898s][info][gc,stats    ]   CSR: <total>                      418 us
[0.898s][info][gc,stats    ]   CSR: Code Cache Roots             325 us, workers (us): 325,   0, ---, ---, ---, ---, ---, ---, 
[0.898s][info][gc,stats    ]   CSR: VM Strong Roots                7 us, workers (us):   7,   0, ---, ---, ---, ---, ---, ---, 
[0.898s][info][gc,stats    ]   CSR: CLDG Roots                    86 us, workers (us):  86, ---, ---, ---, ---, ---, ---, ---, 
[0.898s][info][gc,stats    ] Concurrent Evacuation              1370 us
[0.898s][info][gc,stats    ] Pause Init Update Refs (G)         2179 us
[0.898s][info][gc,stats    ] Pause Init Update Refs (N)           49 us
[0.898s][info][gc,stats    ]   Manage GCLABs                       4 us
[0.898s][info][gc,stats    ] Concurrent Update Refs             1272 us
[0.898s][info][gc,stats    ] Concurrent Update Thread Roots      162 us
[0.898s][info][gc,stats    ] Pause Final Update Refs (G)         147 us
[0.898s][info][gc,stats    ] Pause Final Update Refs (N)          73 us
[0.898s][info][gc,stats    ]   Update Region States               13 us
[0.898s][info][gc,stats    ]   Trash Collection Set                2 us
[0.898s][info][gc,stats    ]   Rebuild Free Set                   19 us
[0.898s][info][gc,stats    ] Concurrent Cleanup                  103 us
[0.898s][info][gc,stats    ] 
[0.898s][info][gc,stats    ] Allocation pacing accrued:
[0.898s][info][gc,stats    ]       0 of    25 ms (  0.0%): <total>
[0.898s][info][gc,stats    ]       0 of    25 ms (  0.0%): <average total>
[0.898s][info][gc,stats    ] 
[0.898s][info][gc,metaspace] Metaspace: 3539K(3712K)->3550K(3712K) NonClass: 3203K(3328K)->3213K(3328K) Class: 336K(384K)->337K(384K)
[0.898s][info][gc,ergo     ] Pacer for Idle. Initial: 40642K, Alloc Tax Rate: 1.0x
[0.900s][info][gc          ] Trigger: Start next cycle immediately
[0.900s][info][gc,ergo     ] Free: 1873M, Max: 512K regular, 1869M humongous, Frag: 1% external, 0% internal; Reserve: 101888K, Max: 512K
[0.900s][info][gc,start    ] GC(49) Concurrent reset
[0.900s][info][gc,task     ] GC(49) Using 2 of 8 workers for concurrent reset
[0.900s][info][gc,ergo     ] GC(49) Pacer for Reset. Non-Taxable: 1984M
[0.900s][info][gc          ] GC(49) Concurrent reset 0.169ms
[0.909s][info][gc,start    ] GC(49) Pause Init Mark
[0.909s][info][gc,task     ] GC(49) Using 8 of 8 workers for init marking
[0.909s][info][gc,ergo     ] GC(49) Pacer for Mark. Expected Live: 9833K, Free: 1873M, Non-Taxable: 187M, Alloc Tax Rate: 0.0x
[0.909s][info][gc          ] GC(49) Pause Init Mark 0.071ms
[0.909s][info][gc,start    ] GC(49) Concurrent marking roots
[0.909s][info][gc,task     ] GC(49) Using 2 of 8 workers for concurrent marking roots
[0.909s][info][gc          ] GC(49) Concurrent marking roots 0.570ms
[0.909s][info][gc,start    ] GC(49) Concurrent marking
[0.909s][info][gc,task     ] GC(49) Using 2 of 8 workers for concurrent marking
[0.917s][info][gc          ] GC(49) Concurrent marking 8.144ms
[0.922s][info][gc,start    ] GC(49) Pause Final Mark
[0.922s][info][gc,task     ] GC(49) Using 8 of 8 workers for final marking
[0.922s][info][gc,ergo     ] GC(49) Collectable Garbage: 1850K (100%), Immediate: 0B (0%), CSet: 1850K (100%)
[0.922s][info][gc,ergo     ] GC(49) Pacer for Evacuation. Used CSet: 9726K, Free: 1872M, Non-Taxable: 187M, Alloc Tax Rate: 1.1x
[0.922s][info][gc          ] GC(49) Pause Final Mark 0.229ms
[0.922s][info][gc,start    ] GC(49) Concurrent thread roots
[0.922s][info][gc,task     ] GC(49) Using 2 of 8 workers for Concurrent thread roots
[0.922s][info][gc          ] GC(49) Concurrent thread roots 0.148ms
[0.922s][info][gc,start    ] GC(49) Concurrent weak references
[0.922s][info][gc,task     ] GC(49) Using 2 of 8 workers for concurrent weak references
[0.922s][info][gc,ref      ] GC(49) Encountered references: Soft: 215, Weak: 568, Final: 0, Phantom: 580
[0.922s][info][gc,ref      ] GC(49) Discovered  references: Soft: 0, Weak: 208, Final: 0, Phantom: 509
[0.922s][info][gc,ref      ] GC(49) Enqueued    references: Soft: 0, Weak: 2, Final: 0, Phantom: 2
[0.922s][info][gc          ] GC(49) Concurrent weak references 0.135ms
[0.922s][info][gc,start    ] GC(49) Concurrent weak roots
[0.922s][info][gc,task     ] GC(49) Using 2 of 8 workers for concurrent weak root
[0.931s][info][gc          ] GC(49) Concurrent weak roots 8.758ms
[0.931s][info][gc,start    ] GC(49) Concurrent cleanup
[0.931s][info][gc          ] GC(49) Concurrent cleanup 13M->13M(143M) 0.094ms
[0.931s][info][gc,ergo     ] GC(49) Free: 1871M, Max: 512K regular, 1869M humongous, Frag: 1% external, 0% internal; Reserve: 101664K, Max: 512K
[0.931s][info][gc,start    ] GC(49) Concurrent strong roots
[0.931s][info][gc,task     ] GC(49) Using 2 of 8 workers for concurrent strong root
[0.932s][info][gc          ] GC(49) Concurrent strong roots 0.582ms
[0.932s][info][gc,start    ] GC(49) Concurrent evacuation
[0.932s][info][gc,task     ] GC(49) Using 2 of 8 workers for concurrent evacuation
[0.933s][info][gc          ] GC(49) Concurrent evacuation 1.326ms
[0.933s][info][gc,start    ] GC(49) Pause Init Update Refs
[0.933s][info][gc,ergo     ] GC(49) Pacer for Update Refs. Used: 21858K, Free: 1871M, Non-Taxable: 187M, Alloc Tax Rate: 1.1x
[0.933s][info][gc          ] GC(49) Pause Init Update Refs 0.041ms
[0.933s][info][gc,start    ] GC(49) Concurrent update references
[0.933s][info][gc,task     ] GC(49) Using 2 of 8 workers for concurrent reference update
[0.936s][info][gc          ] GC(49) Concurrent update references 2.184ms
[0.936s][info][gc,start    ] GC(49) Concurrent update thread roots
[0.936s][info][gc          ] GC(49) Concurrent update thread roots 0.160ms
[0.936s][info][gc,start    ] GC(49) Pause Final Update Refs
[0.936s][info][gc,task     ] GC(49) Using 8 of 8 workers for final reference update
[0.936s][info][gc          ] GC(49) Pause Final Update Refs 0.074ms
[0.937s][info][gc,start    ] GC(49) Concurrent cleanup
[0.937s][info][gc          ] GC(49) Concurrent cleanup 21M->11M(143M) 0.078ms
[0.937s][info][gc,ergo     ] Free: 1872M, Max: 512K regular, 1869M humongous, Frag: 1% external, 0% internal; Reserve: 101888K, Max: 512K
[0.938s][info][gc,stats    ] 
[0.938s][info][gc,stats    ] All times are wall-clock times, except per-root-class counters, that are sum over
[0.938s][info][gc,stats    ] all workers. Dividing the <total> over the root stage time estimates parallelism.
[0.938s][info][gc,stats    ] 
[0.938s][info][gc,stats    ] Concurrent Reset                    178 us
[0.938s][info][gc,stats    ] Pause Init Mark (G)                8528 us
[0.938s][info][gc,stats    ] Pause Init Mark (N)                  77 us
[0.938s][info][gc,stats    ]   Update Region States               20 us
[0.938s][info][gc,stats    ] Concurrent Mark Roots               592 us, parallelism: 0.80x
[0.938s][info][gc,stats    ]   CMR: <total>                      474 us
[0.938s][info][gc,stats    ]   CMR: Thread Roots                 125 us, workers (us): 125,   0, ---, ---, ---, ---, ---, ---, 
[0.938s][info][gc,stats    ]   CMR: Code Cache Roots             294 us, workers (us): 294,   0, ---, ---, ---, ---, ---, ---, 
[0.938s][info][gc,stats    ]   CMR: VM Strong Roots                4 us, workers (us):   4,   0, ---, ---, ---, ---, ---, ---, 
[0.938s][info][gc,stats    ]   CMR: CLDG Roots                    51 us, workers (us):  51, ---, ---, ---, ---, ---, ---, ---, 
[0.938s][info][gc,stats    ] Concurrent Marking                 8171 us
[0.938s][info][gc,stats    ] Pause Final Mark (G)               4491 us
[0.938s][info][gc,stats    ] Pause Final Mark (N)                238 us
[0.938s][info][gc,stats    ]   Finish Mark                       101 us
[0.938s][info][gc,stats    ]   Update Region States               20 us
[0.938s][info][gc,stats    ]   Choose Collection Set              42 us
[0.938s][info][gc,stats    ]   Rebuild Free Set                   17 us
[0.938s][info][gc,stats    ] Concurrent Thread Roots             160 us, parallelism: 0.60x
[0.938s][info][gc,stats    ]   CTR: <total>                       97 us
[0.938s][info][gc,stats    ]   CTR: Thread Roots                  97 us, workers (us):  97,   0, ---, ---, ---, ---, ---, ---, 
[0.938s][info][gc,stats    ] Concurrent Weak References          143 us, parallelism: 0.44x
[0.938s][info][gc,stats    ]   CWRF: <total>                      63 us
[0.938s][info][gc,stats    ]   CWRF: Weak References              63 us, workers (us):  63,   0, ---, ---, ---, ---, ---, ---, 
[0.938s][info][gc,stats    ] Concurrent Weak Roots              8787 us
[0.938s][info][gc,stats    ]   Roots                            3332 us, parallelism: 0.04x
[0.938s][info][gc,stats    ]     CWR: <total>                    141 us
[0.938s][info][gc,stats    ]     CWR: VM Weak Roots              141 us, workers (us): 141,   0, ---, ---, ---, ---, ---, ---, 
[0.938s][info][gc,stats    ]   Rendezvous                       5407 us
[0.938s][info][gc,stats    ] Concurrent Cleanup                  103 us
[0.938s][info][gc,stats    ] Concurrent Strong Roots             603 us, parallelism: 0.88x
[0.938s][info][gc,stats    ]   CSR: <total>                      533 us
[0.938s][info][gc,stats    ]   CSR: Code Cache Roots             413 us, workers (us): 412,   0, ---, ---, ---, ---, ---, ---, 
[0.938s][info][gc,stats    ]   CSR: VM Strong Roots               13 us, workers (us):  13,   0, ---, ---, ---, ---, ---, ---, 
[0.938s][info][gc,stats    ]   CSR: CLDG Roots                   107 us, workers (us): 107, ---, ---, ---, ---, ---, ---, ---, 
[0.938s][info][gc,stats    ] Concurrent Evacuation              1349 us
[0.938s][info][gc,stats    ] Pause Init Update Refs (G)          222 us
[0.938s][info][gc,stats    ] Pause Init Update Refs (N)           50 us
[0.938s][info][gc,stats    ]   Manage GCLABs                       4 us
[0.938s][info][gc,stats    ] Concurrent Update Refs             2211 us
[0.938s][info][gc,stats    ] Concurrent Update Thread Roots      173 us
[0.938s][info][gc,stats    ] Pause Final Update Refs (G)        1596 us
[0.938s][info][gc,stats    ] Pause Final Update Refs (N)          84 us
[0.938s][info][gc,stats    ]   Update Region States               18 us
[0.938s][info][gc,stats    ]   Trash Collection Set                2 us
[0.938s][info][gc,stats    ]   Rebuild Free Set                   20 us
[0.938s][info][gc,stats    ] Concurrent Cleanup                   98 us
[0.938s][info][gc,stats    ] 
[0.938s][info][gc,stats    ] Allocation pacing accrued:
[0.938s][info][gc,stats    ]       0 of    40 ms (  0.0%): <total>
[0.938s][info][gc,stats    ]       0 of    40 ms (  0.0%): <average total>
[0.938s][info][gc,stats    ] 
[0.938s][info][gc,metaspace] Metaspace: 3554K(3712K)->3578K(3776K) NonClass: 3216K(3328K)->3238K(3328K) Class: 337K(384K)->339K(448K)
[0.938s][info][gc,ergo     ] Pacer for Idle. Initial: 40642K, Alloc Tax Rate: 1.0x
[0.939s][info][gc          ] Trigger: Start next cycle immediately
[0.939s][info][gc,ergo     ] Free: 1872M, Max: 512K regular, 1869M humongous, Frag: 1% external, 0% internal; Reserve: 101888K, Max: 512K
[0.939s][info][gc,start    ] GC(50) Concurrent reset
[0.939s][info][gc,task     ] GC(50) Using 2 of 8 workers for concurrent reset
[0.939s][info][gc,ergo     ] GC(50) Pacer for Reset. Non-Taxable: 1984M
[0.939s][info][gc          ] GC(50) Concurrent reset 0.217ms
[0.946s][info][gc,start    ] GC(50) Pause Init Mark
[0.946s][info][gc,task     ] GC(50) Using 8 of 8 workers for init marking
[0.946s][info][gc,ergo     ] GC(50) Pacer for Mark. Expected Live: 9856K, Free: 1872M, Non-Taxable: 187M, Alloc Tax Rate: 0.0x
[0.946s][info][gc          ] GC(50) Pause Init Mark 0.078ms
[0.946s][info][gc,start    ] GC(50) Concurrent marking roots
[0.946s][info][gc,task     ] GC(50) Using 2 of 8 workers for concurrent marking roots
[0.946s][info][gc          ] GC(50) Concurrent marking roots 0.685ms
[0.946s][info][gc,start    ] GC(50) Concurrent marking
[0.946s][info][gc,task     ] GC(50) Using 2 of 8 workers for concurrent marking
[0.949s][info][gc          ] GC(50) Concurrent marking 2.782ms
[0.950s][info][gc,start    ] GC(50) Pause Final Mark
[0.950s][info][gc,task     ] GC(50) Using 8 of 8 workers for final marking
[0.950s][info][gc,ergo     ] GC(50) Collectable Garbage: 2353K (100%), Immediate: 0B (0%), CSet: 2353K (100%)
[0.950s][info][gc,ergo     ] GC(50) Pacer for Evacuation. Used CSet: 10226K, Free: 1872M, Non-Taxable: 187M, Alloc Tax Rate: 1.1x
[0.950s][info][gc          ] GC(50) Pause Final Mark 0.210ms
[0.950s][info][gc,start    ] GC(50) Concurrent thread roots
[0.950s][info][gc,task     ] GC(50) Using 2 of 8 workers for Concurrent thread roots
[0.950s][info][gc          ] GC(50) Concurrent thread roots 0.143ms
[0.950s][info][gc,start    ] GC(50) Concurrent weak references
[0.950s][info][gc,task     ] GC(50) Using 2 of 8 workers for concurrent weak references
[0.950s][info][gc,ref      ] GC(50) Encountered references: Soft: 225, Weak: 580, Final: 0, Phantom: 579
[0.950s][info][gc,ref      ] GC(50) Discovered  references: Soft: 0, Weak: 237, Final: 0, Phantom: 577
[0.950s][info][gc,ref      ] GC(50) Enqueued    references: Soft: 0, Weak: 3, Final: 0, Phantom: 1
[0.950s][info][gc          ] GC(50) Concurrent weak references 0.117ms
[0.950s][info][gc,start    ] GC(50) Concurrent weak roots
[0.950s][info][gc,task     ] GC(50) Using 2 of 8 workers for concurrent weak root
[0.950s][info][gc          ] GC(50) Concurrent weak roots 0.210ms
[0.950s][info][gc,start    ] GC(50) Concurrent cleanup
[0.951s][info][gc          ] GC(50) Concurrent cleanup 13M->13M(143M) 0.061ms
[0.951s][info][gc,ergo     ] GC(50) Free: 1871M, Max: 512K regular, 1869M humongous, Frag: 1% external, 0% internal; Reserve: 101662K, Max: 512K
[0.951s][info][gc,start    ] GC(50) Concurrent strong roots
[0.951s][info][gc,task     ] GC(50) Using 2 of 8 workers for concurrent strong root
[0.951s][info][gc          ] GC(50) Concurrent strong roots 0.509ms
[0.951s][info][gc,start    ] GC(50) Concurrent evacuation
[0.951s][info][gc,task     ] GC(50) Using 2 of 8 workers for concurrent evacuation
[0.952s][info][gc          ] GC(50) Concurrent evacuation 1.363ms
[0.953s][info][gc,start    ] GC(50) Pause Init Update Refs
[0.953s][info][gc,ergo     ] GC(50) Pacer for Update Refs. Used: 22362K, Free: 1871M, Non-Taxable: 187M, Alloc Tax Rate: 1.1x
[0.953s][info][gc          ] GC(50) Pause Init Update Refs 0.038ms
[0.953s][info][gc,start    ] GC(50) Concurrent update references
[0.953s][info][gc,task     ] GC(50) Using 2 of 8 workers for concurrent reference update
[0.954s][info][gc          ] GC(50) Concurrent update references 1.262ms
[0.954s][info][gc,start    ] GC(50) Concurrent update thread roots
[0.955s][info][gc          ] GC(50) Concurrent update thread roots 1.052ms
[0.955s][info][gc,start    ] GC(50) Pause Final Update Refs
[0.955s][info][gc,task     ] GC(50) Using 8 of 8 workers for final reference update
[0.955s][info][gc          ] GC(50) Pause Final Update Refs 0.071ms
[0.955s][info][gc,start    ] GC(50) Concurrent cleanup
[0.955s][info][gc          ] GC(50) Concurrent cleanup 21M->11M(143M) 0.081ms
[0.956s][info][gc,ergo     ] Free: 1872M, Max: 512K regular, 1869M humongous, Frag: 1% external, 0% internal; Reserve: 101888K, Max: 512K
[0.956s][info][gc,stats    ] 
[0.956s][info][gc,stats    ] All times are wall-clock times, except per-root-class counters, that are sum over
[0.956s][info][gc,stats    ] all workers. Dividing the <total> over the root stage time estimates parallelism.
[0.956s][info][gc,stats    ] 
[0.956s][info][gc,stats    ] Concurrent Reset                    233 us
[0.956s][info][gc,stats    ] Pause Init Mark (G)                6472 us
[0.956s][info][gc,stats    ] Pause Init Mark (N)                  86 us
[0.956s][info][gc,stats    ]   Update Region States               23 us
[0.956s][info][gc,stats    ] Concurrent Mark Roots               707 us, parallelism: 0.63x
[0.956s][info][gc,stats    ]   CMR: <total>                      444 us
[0.956s][info][gc,stats    ]   CMR: Thread Roots                  55 us, workers (us):  55,   0, ---, ---, ---, ---, ---, ---, 
[0.956s][info][gc,stats    ]   CMR: Code Cache Roots             315 us, workers (us): 315,   0, ---, ---, ---, ---, ---, ---, 
[0.956s][info][gc,stats    ]   CMR: VM Strong Roots                5 us, workers (us):   5,   0, ---, ---, ---, ---, ---, ---, 
[0.956s][info][gc,stats    ]   CMR: CLDG Roots                    69 us, workers (us):  69, ---, ---, ---, ---, ---, ---, ---, 
[0.956s][info][gc,stats    ] Concurrent Marking                 2806 us
[0.956s][info][gc,stats    ] Pause Final Mark (G)                648 us
[0.956s][info][gc,stats    ] Pause Final Mark (N)                219 us
[0.956s][info][gc,stats    ]   Finish Mark                        74 us
[0.956s][info][gc,stats    ]   Update Region States               15 us
[0.956s][info][gc,stats    ]   Choose Collection Set              51 us
[0.956s][info][gc,stats    ]   Rebuild Free Set                   17 us
[0.956s][info][gc,stats    ] Concurrent Thread Roots             156 us, parallelism: 0.82x
[0.956s][info][gc,stats    ]   CTR: <total>                      128 us
[0.956s][info][gc,stats    ]   CTR: Thread Roots                 128 us, workers (us):  97,  31, ---, ---, ---, ---, ---, ---, 
[0.956s][info][gc,stats    ] Concurrent Weak References          125 us, parallelism: 0.51x
[0.956s][info][gc,stats    ]   CWRF: <total>                      64 us
[0.956s][info][gc,stats    ]   CWRF: Weak References              64 us, workers (us):  55,   9, ---, ---, ---, ---, ---, ---, 
[0.956s][info][gc,stats    ] Concurrent Weak Roots               225 us
[0.956s][info][gc,stats    ]   Roots                             168 us, parallelism: 0.87x
[0.956s][info][gc,stats    ]     CWR: <total>                    146 us
[0.956s][info][gc,stats    ]     CWR: VM Weak Roots              146 us, workers (us): 146,   0, ---, ---, ---, ---, ---, ---, 
[0.956s][info][gc,stats    ]   Rendezvous                         27 us
[0.956s][info][gc,stats    ] Concurrent Cleanup                   70 us
[0.956s][info][gc,stats    ] Concurrent Strong Roots             529 us, parallelism: 0.88x
[0.956s][info][gc,stats    ]   CSR: <total>                      467 us
[0.956s][info][gc,stats    ]   CSR: Code Cache Roots             361 us, workers (us): 361,   0, ---, ---, ---, ---, ---, ---, 
[0.956s][info][gc,stats    ]   CSR: VM Strong Roots                9 us, workers (us):   9,   0, ---, ---, ---, ---, ---, ---, 
[0.956s][info][gc,stats    ]   CSR: CLDG Roots                    96 us, workers (us):  96, ---, ---, ---, ---, ---, ---, ---, 
[0.956s][info][gc,stats    ] Concurrent Evacuation              1385 us
[0.956s][info][gc,stats    ] Pause Init Update Refs (G)          351 us
[0.956s][info][gc,stats    ] Pause Init Update Refs (N)           46 us
[0.956s][info][gc,stats    ]   Manage GCLABs                       3 us
[0.956s][info][gc,stats    ] Concurrent Update Refs             1286 us
[0.956s][info][gc,stats    ] Concurrent Update Thread Roots     1076 us
[0.956s][info][gc,stats    ] Pause Final Update Refs (G)         234 us
[0.956s][info][gc,stats    ] Pause Final Update Refs (N)          81 us
[0.956s][info][gc,stats    ]   Update Region States               12 us
[0.956s][info][gc,stats    ]   Trash Collection Set                2 us
[0.956s][info][gc,stats    ]   Rebuild Free Set                   21 us
[0.956s][info][gc,stats    ] Concurrent Cleanup                   91 us
[0.956s][info][gc,stats    ] 
[0.956s][info][gc,stats    ] Allocation pacing accrued:
[0.956s][info][gc,stats    ]       0 of    18 ms (  0.0%): <total>
[0.956s][info][gc,stats    ]       0 of    18 ms (  0.0%): <average total>
[0.956s][info][gc,stats    ] 
[0.956s][info][gc,metaspace] Metaspace: 3578K(3776K)->3629K(3840K) NonClass: 3238K(3328K)->3281K(3392K) Class: 339K(448K)->347K(448K)
[0.956s][info][gc,ergo     ] Pacer for Idle. Initial: 40642K, Alloc Tax Rate: 1.0x
[0.957s][info][gc          ] Trigger: Start next cycle immediately
[0.957s][info][gc,ergo     ] Free: 1872M, Max: 512K regular, 1869M humongous, Frag: 1% external, 0% internal; Reserve: 101888K, Max: 512K
[0.957s][info][gc,start    ] GC(51) Concurrent reset
[0.957s][info][gc,task     ] GC(51) Using 2 of 8 workers for concurrent reset
[0.957s][info][gc,ergo     ] GC(51) Pacer for Reset. Non-Taxable: 1984M
[0.957s][info][gc          ] GC(51) Concurrent reset 0.202ms
[0.958s][info][gc,start    ] GC(51) Pause Init Mark
[0.958s][info][gc,task     ] GC(51) Using 8 of 8 workers for init marking
[0.958s][info][gc,ergo     ] GC(51) Pacer for Mark. Expected Live: 9862K, Free: 1872M, Non-Taxable: 187M, Alloc Tax Rate: 0.0x
[0.958s][info][gc          ] GC(51) Pause Init Mark 0.064ms
[0.958s][info][gc,start    ] GC(51) Concurrent marking roots
[0.958s][info][gc,task     ] GC(51) Using 2 of 8 workers for concurrent marking roots
[0.958s][info][gc          ] GC(51) Concurrent marking roots 0.622ms
[0.958s][info][gc,start    ] GC(51) Concurrent marking
[0.958s][info][gc,task     ] GC(51) Using 2 of 8 workers for concurrent marking
[0.964s][info][gc          ] GC(51) Concurrent marking 5.203ms
[0.964s][info][gc,start    ] GC(51) Pause Final Mark
[0.964s][info][gc,task     ] GC(51) Using 8 of 8 workers for final marking
[0.965s][info][gc,ergo     ] GC(51) Collectable Garbage: 2323K (100%), Immediate: 0B (0%), CSet: 2323K (100%)
[0.965s][info][gc,ergo     ] GC(51) Pacer for Evacuation. Used CSet: 10230K, Free: 1872M, Non-Taxable: 187M, Alloc Tax Rate: 1.1x
[0.965s][info][gc          ] GC(51) Pause Final Mark 1.046ms
[0.965s][info][gc,start    ] GC(51) Concurrent thread roots
[0.965s][info][gc,task     ] GC(51) Using 2 of 8 workers for Concurrent thread roots
[0.965s][info][gc          ] GC(51) Concurrent thread roots 0.130ms
[0.965s][info][gc,start    ] GC(51) Concurrent weak references
[0.965s][info][gc,task     ] GC(51) Using 2 of 8 workers for concurrent weak references
[0.968s][info][gc,ref      ] GC(51) Encountered references: Soft: 231, Weak: 618, Final: 0, Phantom: 584
[0.968s][info][gc,ref      ] GC(51) Discovered  references: Soft: 0, Weak: 265, Final: 0, Phantom: 583
[0.968s][info][gc,ref      ] GC(51) Enqueued    references: Soft: 0, Weak: 9, Final: 0, Phantom: 6
[0.968s][info][gc          ] GC(51) Concurrent weak references 3.322ms
[0.968s][info][gc,start    ] GC(51) Concurrent weak roots
[0.968s][info][gc,task     ] GC(51) Using 2 of 8 workers for concurrent weak root
[0.969s][info][gc          ] GC(51) Concurrent weak roots 0.206ms
[0.969s][info][gc,start    ] GC(51) Concurrent cleanup
[0.969s][info][gc          ] GC(51) Concurrent cleanup 13M->13M(143M) 0.059ms
[0.969s][info][gc,ergo     ] GC(51) Free: 1871M, Max: 512K regular, 1869M humongous, Frag: 1% external, 0% internal; Reserve: 101668K, Max: 512K
[0.969s][info][gc,start    ] GC(51) Concurrent strong roots
[0.969s][info][gc,task     ] GC(51) Using 2 of 8 workers for concurrent strong root
[0.969s][info][gc          ] GC(51) Concurrent strong roots 0.512ms
[0.969s][info][gc,start    ] GC(51) Concurrent evacuation
[0.969s][info][gc,task     ] GC(51) Using 2 of 8 workers for concurrent evacuation
[0.970s][info][gc          ] GC(51) Concurrent evacuation 1.285ms
[0.979s][info][gc,start    ] GC(51) Pause Init Update Refs
[0.979s][info][gc,ergo     ] GC(51) Pacer for Update Refs. Used: 21864K, Free: 1871M, Non-Taxable: 187M, Alloc Tax Rate: 1.1x
[0.979s][info][gc          ] GC(51) Pause Init Update Refs 0.048ms
[0.979s][info][gc,start    ] GC(51) Concurrent update references
[0.979s][info][gc,task     ] GC(51) Using 2 of 8 workers for concurrent reference update
[0.980s][info][gc          ] GC(51) Concurrent update references 1.370ms
[0.980s][info][gc,start    ] GC(51) Concurrent update thread roots
[0.981s][info][gc          ] GC(51) Concurrent update thread roots 1.339ms
[0.982s][info][gc,start    ] GC(51) Pause Final Update Refs
[0.982s][info][gc,task     ] GC(51) Using 8 of 8 workers for final reference update
[0.982s][info][gc          ] GC(51) Pause Final Update Refs 0.081ms
[0.982s][info][gc,start    ] GC(51) Concurrent cleanup
[0.982s][info][gc          ] GC(51) Concurrent cleanup 21M->11M(143M) 0.077ms
[0.982s][info][gc,ergo     ] Free: 1873M, Max: 512K regular, 1869M humongous, Frag: 1% external, 0% internal; Reserve: 101888K, Max: 512K
[0.982s][info][gc,stats    ] 
[0.982s][info][gc,stats    ] All times are wall-clock times, except per-root-class counters, that are sum over
[0.982s][info][gc,stats    ] all workers. Dividing the <total> over the root stage time estimates parallelism.
[0.982s][info][gc,stats    ] 
[0.982s][info][gc,stats    ] Concurrent Reset                    227 us
[0.982s][info][gc,stats    ] Pause Init Mark (G)                 287 us
[0.982s][info][gc,stats    ] Pause Init Mark (N)                  73 us
[0.982s][info][gc,stats    ]   Update Region States               17 us
[0.982s][info][gc,stats    ] Concurrent Mark Roots               635 us, parallelism: 1.56x
[0.982s][info][gc,stats    ]   CMR: <total>                      993 us
[0.982s][info][gc,stats    ]   CMR: Thread Roots                 234 us, workers (us):  21, 213, ---, ---, ---, ---, ---, ---, 
[0.982s][info][gc,stats    ]   CMR: Code Cache Roots             288 us, workers (us):   0, 288, ---, ---, ---, ---, ---, ---, 
[0.982s][info][gc,stats    ]   CMR: VM Strong Roots                4 us, workers (us):   3,   0, ---, ---, ---, ---, ---, ---, 
[0.982s][info][gc,stats    ]   CMR: CLDG Roots                   468 us, workers (us): 468, ---, ---, ---, ---, ---, ---, ---, 
[0.982s][info][gc,stats    ] Concurrent Marking                 5228 us
[0.982s][info][gc,stats    ] Pause Final Mark (G)               1294 us
[0.982s][info][gc,stats    ] Pause Final Mark (N)               1055 us
[0.982s][info][gc,stats    ]   Finish Mark                       935 us
[0.982s][info][gc,stats    ]   Update Region States               13 us
[0.982s][info][gc,stats    ]   Choose Collection Set              31 us
[0.982s][info][gc,stats    ]   Rebuild Free Set                   15 us
[0.982s][info][gc,stats    ] Concurrent Thread Roots             140 us, parallelism: 0.80x
[0.982s][info][gc,stats    ]   CTR: <total>                      112 us
[0.982s][info][gc,stats    ]   CTR: Thread Roots                 112 us, workers (us):  83,  28, ---, ---, ---, ---, ---, ---, 
[0.982s][info][gc,stats    ] Concurrent Weak References         3331 us, parallelism: 0.04x
[0.982s][info][gc,stats    ]   CWRF: <total>                     134 us
[0.982s][info][gc,stats    ]   CWRF: Weak References             134 us, workers (us):  54,  80, ---, ---, ---, ---, ---, ---, 
[0.982s][info][gc,stats    ] Concurrent Weak Roots               217 us
[0.982s][info][gc,stats    ]   Roots                             146 us, parallelism: 1.19x
[0.982s][info][gc,stats    ]     CWR: <total>                    174 us
[0.982s][info][gc,stats    ]     CWR: VM Weak Roots              174 us, workers (us): 117,  57, ---, ---, ---, ---, ---, ---, 
[0.982s][info][gc,stats    ]   Rendezvous                         43 us
[0.982s][info][gc,stats    ] Concurrent Cleanup                   68 us
[0.982s][info][gc,stats    ] Concurrent Strong Roots             528 us, parallelism: 0.90x
[0.982s][info][gc,stats    ]   CSR: <total>                      473 us
[0.982s][info][gc,stats    ]   CSR: Code Cache Roots             361 us, workers (us): 361,   0, ---, ---, ---, ---, ---, ---, 
[0.982s][info][gc,stats    ]   CSR: VM Strong Roots                6 us, workers (us):   6,   0, ---, ---, ---, ---, ---, ---, 
[0.982s][info][gc,stats    ]   CSR: CLDG Roots                   106 us, workers (us): 106, ---, ---, ---, ---, ---, ---, ---, 
[0.982s][info][gc,stats    ] Concurrent Evacuation              1307 us
[0.982s][info][gc,stats    ] Pause Init Update Refs (G)         8248 us
[0.982s][info][gc,stats    ] Pause Init Update Refs (N)           57 us
[0.982s][info][gc,stats    ]   Manage GCLABs                       5 us
[0.982s][info][gc,stats    ] Concurrent Update Refs             1394 us
[0.982s][info][gc,stats    ] Concurrent Update Thread Roots     1362 us
[0.982s][info][gc,stats    ] Pause Final Update Refs (G)         186 us
[0.982s][info][gc,stats    ] Pause Final Update Refs (N)          91 us
[0.982s][info][gc,stats    ]   Update Region States               19 us
[0.982s][info][gc,stats    ]   Trash Collection Set                3 us
[0.982s][info][gc,stats    ]   Rebuild Free Set                   20 us
[0.982s][info][gc,stats    ] Concurrent Cleanup                   88 us
[0.982s][info][gc,stats    ] 
[0.982s][info][gc,stats    ] Allocation pacing accrued:
[0.982s][info][gc,stats    ]       0 of    26 ms (  0.0%): <total>
[0.982s][info][gc,stats    ]       0 of    26 ms (  0.0%): <average total>
[0.982s][info][gc,stats    ] 
[0.982s][info][gc,metaspace] Metaspace: 3663K(3840K)->3787K(3968K) NonClass: 3312K(3392K)->3425K(3520K) Class: 351K(448K)->361K(448K)
[0.982s][info][gc,ergo     ] Pacer for Idle. Initial: 40642K, Alloc Tax Rate: 1.0x
[0.984s][info][gc          ] Trigger: Start next cycle immediately
[0.984s][info][gc,ergo     ] Free: 1872M, Max: 512K regular, 1869M humongous, Frag: 1% external, 0% internal; Reserve: 101888K, Max: 512K
[0.984s][info][gc,start    ] GC(52) Concurrent reset
[0.984s][info][gc,task     ] GC(52) Using 2 of 8 workers for concurrent reset
[0.984s][info][gc,ergo     ] GC(52) Pacer for Reset. Non-Taxable: 1984M
[0.984s][info][gc          ] GC(52) Concurrent reset 0.222ms
[0.984s][info][gc,start    ] GC(52) Pause Init Mark
[0.984s][info][gc,task     ] GC(52) Using 8 of 8 workers for init marking
[0.984s][info][gc,ergo     ] GC(52) Pacer for Mark. Expected Live: 9856K, Free: 1872M, Non-Taxable: 187M, Alloc Tax Rate: 0.0x
[0.984s][info][gc          ] GC(52) Pause Init Mark 0.068ms
[0.984s][info][gc,start    ] GC(52) Concurrent marking roots
[0.984s][info][gc,task     ] GC(52) Using 2 of 8 workers for concurrent marking roots
[0.985s][info][gc          ] GC(52) Concurrent marking roots 0.674ms
[0.985s][info][gc,start    ] GC(52) Concurrent marking
[0.985s][info][gc,task     ] GC(52) Using 2 of 8 workers for concurrent marking
[0.990s][info][gc          ] GC(52) Concurrent marking 4.579ms
[0.990s][info][gc,start    ] GC(52) Pause Final Mark
[0.990s][info][gc,task     ] GC(52) Using 8 of 8 workers for final marking
[0.993s][info][gc,ergo     ] GC(52) Collectable Garbage: 2268K (100%), Immediate: 0B (0%), CSet: 2268K (100%)
[0.993s][info][gc,ergo     ] GC(52) Pacer for Evacuation. Used CSet: 10240K, Free: 1871M, Non-Taxable: 187M, Alloc Tax Rate: 1.1x
[0.993s][info][gc          ] GC(52) Pause Final Mark 3.342ms
[0.993s][info][gc,start    ] GC(52) Concurrent thread roots
[0.993s][info][gc,task     ] GC(52) Using 2 of 8 workers for Concurrent thread roots
[0.993s][info][gc          ] GC(52) Concurrent thread roots 0.097ms
[0.993s][info][gc,start    ] GC(52) Concurrent weak references
[0.993s][info][gc,task     ] GC(52) Using 2 of 8 workers for concurrent weak references
[0.993s][info][gc,ref      ] GC(52) Encountered references: Soft: 237, Weak: 658, Final: 0, Phantom: 583
[0.993s][info][gc,ref      ] GC(52) Discovered  references: Soft: 0, Weak: 207, Final: 0, Phantom: 509
[0.993s][info][gc,ref      ] GC(52) Enqueued    references: Soft: 0, Weak: 7, Final: 0, Phantom: 5
[0.993s][info][gc          ] GC(52) Concurrent weak references 0.106ms
[0.993s][info][gc,start    ] GC(52) Concurrent weak roots
[0.993s][info][gc,task     ] GC(52) Using 2 of 8 workers for concurrent weak root
[0.993s][info][gc          ] GC(52) Concurrent weak roots 0.215ms
[0.993s][info][gc,start    ] GC(52) Concurrent cleanup
[0.993s][info][gc          ] GC(52) Concurrent cleanup 13M->13M(143M) 0.082ms
[0.993s][info][gc,ergo     ] GC(52) Free: 1871M, Max: 512K regular, 1869M humongous, Frag: 1% external, 0% internal; Reserve: 101708K, Max: 512K
[0.994s][info][gc,start    ] GC(52) Concurrent strong roots
[0.994s][info][gc,task     ] GC(52) Using 2 of 8 workers for concurrent strong root
[0.994s][info][gc          ] GC(52) Concurrent strong roots 0.548ms
[0.994s][info][gc,start    ] GC(52) Concurrent evacuation
[0.994s][info][gc,task     ] GC(52) Using 2 of 8 workers for concurrent evacuation
[0.995s][info][gc          ] GC(52) Concurrent evacuation 1.385ms
[0.996s][info][gc,start    ] GC(52) Pause Init Update Refs
[0.996s][info][gc,ergo     ] GC(52) Pacer for Update Refs. Used: 22837K, Free: 1871M, Non-Taxable: 187M, Alloc Tax Rate: 1.1x
[0.996s][info][gc          ] GC(52) Pause Init Update Refs 0.025ms
[0.996s][info][gc,start    ] GC(52) Concurrent update references
[0.996s][info][gc,task     ] GC(52) Using 2 of 8 workers for concurrent reference update
[0.997s][info][gc          ] GC(52) Concurrent update references 1.526ms
[0.997s][info][gc,start    ] GC(52) Concurrent update thread roots
[0.997s][info][gc          ] GC(52) Concurrent update thread roots 0.134ms
[0.997s][info][gc,start    ] GC(52) Pause Final Update Refs
[0.997s][info][gc,task     ] GC(52) Using 8 of 8 workers for final reference update
[0.997s][info][gc          ] GC(52) Pause Final Update Refs 0.054ms
[0.997s][info][gc,start    ] GC(52) Concurrent cleanup
[0.998s][info][gc          ] GC(52) Concurrent cleanup 22M->12M(143M) 0.068ms
[0.998s][info][gc,ergo     ] Free: 1872M, Max: 512K regular, 1869M humongous, Frag: 1% external, 0% internal; Reserve: 101888K, Max: 512K
[0.998s][info][gc,stats    ] 
[0.998s][info][gc,stats    ] All times are wall-clock times, except per-root-class counters, that are sum over
[0.998s][info][gc,stats    ] all workers. Dividing the <total> over the root stage time estimates parallelism.
[0.998s][info][gc,stats    ] 
[0.998s][info][gc,stats    ] Concurrent Reset                    244 us
[0.998s][info][gc,stats    ] Pause Init Mark (G)                 172 us
[0.998s][info][gc,stats    ] Pause Init Mark (N)                  77 us
[0.998s][info][gc,stats    ]   Update Region States               16 us
[0.998s][info][gc,stats    ] Concurrent Mark Roots               718 us, parallelism: 0.75x
[0.998s][info][gc,stats    ]   CMR: <total>                      536 us
[0.998s][info][gc,stats    ]   CMR: Thread Roots                 138 us, workers (us): 138,   0, ---, ---, ---, ---, ---, ---, 
[0.998s][info][gc,stats    ]   CMR: Code Cache Roots             321 us, workers (us): 321,   0, ---, ---, ---, ---, ---, ---, 
[0.998s][info][gc,stats    ]   CMR: VM Strong Roots                5 us, workers (us):   5,   0, ---, ---, ---, ---, ---, ---, 
[0.998s][info][gc,stats    ]   CMR: CLDG Roots                    72 us, workers (us):  72, ---, ---, ---, ---, ---, ---, ---, 
[0.998s][info][gc,stats    ] Concurrent Marking                 4598 us
[0.998s][info][gc,stats    ] Pause Final Mark (G)               3366 us
[0.998s][info][gc,stats    ] Pause Final Mark (N)               3351 us
[0.998s][info][gc,stats    ]   Finish Mark                      3243 us
[0.998s][info][gc,stats    ]   Update Region States               15 us
[0.998s][info][gc,stats    ]   Choose Collection Set              39 us
[0.998s][info][gc,stats    ]   Rebuild Free Set                   16 us
[0.998s][info][gc,stats    ] Concurrent Thread Roots             108 us, parallelism: 0.92x
[0.998s][info][gc,stats    ]   CTR: <total>                       99 us
[0.998s][info][gc,stats    ]   CTR: Thread Roots                  99 us, workers (us):  69,  30, ---, ---, ---, ---, ---, ---, 
[0.998s][info][gc,stats    ] Concurrent Weak References          114 us, parallelism: 0.58x
[0.998s][info][gc,stats    ]   CWRF: <total>                      66 us
[0.998s][info][gc,stats    ]   CWRF: Weak References              66 us, workers (us):  55,  11, ---, ---, ---, ---, ---, ---, 
[0.998s][info][gc,stats    ] Concurrent Weak Roots               226 us
[0.998s][info][gc,stats    ]   Roots                             186 us, parallelism: 0.90x
[0.998s][info][gc,stats    ]     CWR: <total>                    167 us
[0.998s][info][gc,stats    ]     CWR: VM Weak Roots              167 us, workers (us): 167,   0, ---, ---, ---, ---, ---, ---, 
[0.998s][info][gc,stats    ]   Rendezvous                         13 us
[0.998s][info][gc,stats    ] Concurrent Cleanup                   92 us
[0.998s][info][gc,stats    ] Concurrent Strong Roots             567 us, parallelism: 0.90x
[0.998s][info][gc,stats    ]   CSR: <total>                      510 us
[0.998s][info][gc,stats    ]   CSR: Code Cache Roots             390 us, workers (us): 390,   0, ---, ---, ---, ---, ---, ---, 
[0.998s][info][gc,stats    ]   CSR: VM Strong Roots               20 us, workers (us):  20,   0, ---, ---, ---, ---, ---, ---, 
[0.998s][info][gc,stats    ]   CSR: CLDG Roots                   100 us, workers (us): 100, ---, ---, ---, ---, ---, ---, ---, 
[0.998s][info][gc,stats    ] Concurrent Evacuation              1405 us
[0.998s][info][gc,stats    ] Pause Init Update Refs (G)          117 us
[0.998s][info][gc,stats    ] Pause Init Update Refs (N)           31 us
[0.998s][info][gc,stats    ]   Manage GCLABs                       3 us
[0.998s][info][gc,stats    ] Concurrent Update Refs             1548 us
[0.998s][info][gc,stats    ] Concurrent Update Thread Roots      144 us
[0.998s][info][gc,stats    ] Pause Final Update Refs (G)         144 us
[0.998s][info][gc,stats    ] Pause Final Update Refs (N)          65 us
[0.998s][info][gc,stats    ]   Update Region States               13 us
[0.998s][info][gc,stats    ]   Trash Collection Set                2 us
[0.998s][info][gc,stats    ]   Rebuild Free Set                   19 us
[0.998s][info][gc,stats    ] Concurrent Cleanup                   77 us
[0.998s][info][gc,stats    ] 
[0.998s][info][gc,stats    ] Allocation pacing accrued:
[0.998s][info][gc,stats    ]       0 of    16 ms (  0.0%): <total>
[0.998s][info][gc,stats    ]       0 of    16 ms (  0.0%): <average total>
[0.998s][info][gc,stats    ] 
[0.998s][info][gc,metaspace] Metaspace: 3815K(4032K)->3892K(4096K) NonClass: 3448K(3584K)->3517K(3648K) Class: 367K(448K)->374K(448K)
[0.998s][info][gc,ergo     ] Pacer for Idle. Initial: 40642K, Alloc Tax Rate: 1.0x
[0.999s][info][gc          ] Trigger: Start next cycle immediately
[0.999s][info][gc,ergo     ] Free: 1871M, Max: 512K regular, 1869M humongous, Frag: 1% external, 0% internal; Reserve: 101888K, Max: 512K
[0.999s][info][gc,start    ] GC(53) Concurrent reset
[0.999s][info][gc,task     ] GC(53) Using 2 of 8 workers for concurrent reset
[0.999s][info][gc,ergo     ] GC(53) Pacer for Reset. Non-Taxable: 1984M
[1.000s][info][gc          ] GC(53) Concurrent reset 0.188ms
[1.000s][info][gc,start    ] GC(53) Pause Init Mark
[1.000s][info][gc,task     ] GC(53) Using 8 of 8 workers for init marking
[1.000s][info][gc,ergo     ] GC(53) Pacer for Mark. Expected Live: 9847K, Free: 1871M, Non-Taxable: 187M, Alloc Tax Rate: 0.0x
[1.000s][info][gc          ] GC(53) Pause Init Mark 0.046ms
[1.000s][info][gc,start    ] GC(53) Concurrent marking roots
[1.000s][info][gc,task     ] GC(53) Using 2 of 8 workers for concurrent marking roots
[1.000s][info][gc          ] GC(53) Concurrent marking roots 0.523ms
[1.000s][info][gc,start    ] GC(53) Concurrent marking
[1.000s][info][gc,task     ] GC(53) Using 2 of 8 workers for concurrent marking
[1.002s][info][gc          ] GC(53) Concurrent marking 1.570ms
[1.002s][info][gc,start    ] GC(53) Pause Final Mark
[1.002s][info][gc,task     ] GC(53) Using 8 of 8 workers for final marking
[1.003s][info][gc,ergo     ] GC(53) Collectable Garbage: 3207K (100%), Immediate: 0B (0%), CSet: 3207K (100%)
[1.003s][info][gc,ergo     ] GC(53) Pacer for Evacuation. Used CSet: 11203K, Free: 1871M, Non-Taxable: 187M, Alloc Tax Rate: 1.1x
[1.003s][info][gc          ] GC(53) Pause Final Mark 1.186ms
[1.004s][info][gc,start    ] GC(53) Concurrent thread roots
[1.004s][info][gc,task     ] GC(53) Using 2 of 8 workers for Concurrent thread roots
[1.004s][info][gc          ] GC(53) Concurrent thread roots 0.073ms
[1.004s][info][gc,start    ] GC(53) Concurrent weak references
[1.004s][info][gc,task     ] GC(53) Using 2 of 8 workers for concurrent weak references
[1.004s][info][gc,ref      ] GC(53) Encountered references: Soft: 238, Weak: 687, Final: 0, Phantom: 582
[1.004s][info][gc,ref      ] GC(53) Discovered  references: Soft: 0, Weak: 241, Final: 0, Phantom: 511
[1.004s][info][gc,ref      ] GC(53) Enqueued    references: Soft: 0, Weak: 12, Final: 0, Phantom: 4
[1.004s][info][gc          ] GC(53) Concurrent weak references 0.117ms
[1.004s][info][gc,start    ] GC(53) Concurrent weak roots
[1.004s][info][gc,task     ] GC(53) Using 2 of 8 workers for concurrent weak root
[1.005s][info][gc          ] GC(53) Concurrent weak roots 1.199ms
[1.005s][info][gc,start    ] GC(53) Concurrent cleanup
[1.005s][info][gc          ] GC(53) Concurrent cleanup 14M->14M(143M) 0.059ms
[1.005s][info][gc,ergo     ] GC(53) Free: 1870M, Max: 512K regular, 1869M humongous, Frag: 1% external, 0% internal; Reserve: 101660K, Max: 512K
[1.005s][info][gc,start    ] GC(53) Concurrent strong roots
[1.005s][info][gc,task     ] GC(53) Using 2 of 8 workers for concurrent strong root
[1.005s][info][gc          ] GC(53) Concurrent strong roots 0.336ms
[1.005s][info][gc,start    ] GC(53) Concurrent evacuation
[1.005s][info][gc,task     ] GC(53) Using 2 of 8 workers for concurrent evacuation
[1.008s][info][gc          ] GC(53) Concurrent evacuation 2.627ms
[1.018s][info][gc,start    ] GC(53) Pause Init Update Refs
[1.018s][info][gc,ergo     ] GC(53) Pacer for Update Refs. Used: 22759K, Free: 1870M, Non-Taxable: 187M, Alloc Tax Rate: 1.1x
[1.018s][info][gc          ] GC(53) Pause Init Update Refs 0.046ms
[1.018s][info][gc,start    ] GC(53) Concurrent update references
[1.018s][info][gc,task     ] GC(53) Using 2 of 8 workers for concurrent reference update
[1.020s][info][gc          ] GC(53) Concurrent update references 2.428ms
[1.020s][info][gc,start    ] GC(53) Concurrent update thread roots
[1.021s][info][gc          ] GC(53) Concurrent update thread roots 0.399ms
[1.021s][info][gc,start    ] GC(53) Pause Final Update Refs
[1.021s][info][gc,task     ] GC(53) Using 8 of 8 workers for final reference update
[1.021s][info][gc          ] GC(53) Pause Final Update Refs 0.090ms
[1.021s][info][gc,start    ] GC(53) Concurrent cleanup
[1.021s][info][gc          ] GC(53) Concurrent cleanup 22M->11M(143M) 0.059ms
[1.021s][info][gc,ergo     ] Free: 1873M, Max: 512K regular, 1869M humongous, Frag: 1% external, 0% internal; Reserve: 101888K, Max: 512K
[1.021s][info][gc,stats    ] 
[1.021s][info][gc,stats    ] All times are wall-clock times, except per-root-class counters, that are sum over
[1.021s][info][gc,stats    ] all workers. Dividing the <total> over the root stage time estimates parallelism.
[1.021s][info][gc,stats    ] 
[1.021s][info][gc,stats    ] Concurrent Reset                    207 us
[1.021s][info][gc,stats    ] Pause Init Mark (G)                  82 us
[1.021s][info][gc,stats    ] Pause Init Mark (N)                  56 us
[1.021s][info][gc,stats    ]   Update Region States               12 us
[1.021s][info][gc,stats    ] Concurrent Mark Roots               545 us, parallelism: 0.87x
[1.021s][info][gc,stats    ]   CMR: <total>                      474 us
[1.021s][info][gc,stats    ]   CMR: Thread Roots                  70 us, workers (us):  70,   0, ---, ---, ---, ---, ---, ---, 
[1.021s][info][gc,stats    ]   CMR: Code Cache Roots             329 us, workers (us): 329,   0, ---, ---, ---, ---, ---, ---, 
[1.021s][info][gc,stats    ]   CMR: VM Strong Roots                5 us, workers (us):   5,   0, ---, ---, ---, ---, ---, ---, 
[1.021s][info][gc,stats    ]   CMR: CLDG Roots                    70 us, workers (us):  70, ---, ---, ---, ---, ---, ---, ---, 
[1.021s][info][gc,stats    ] Concurrent Marking                 1590 us
[1.021s][info][gc,stats    ] Pause Final Mark (G)               1840 us
[1.021s][info][gc,stats    ] Pause Final Mark (N)               1192 us
[1.021s][info][gc,stats    ]   Finish Mark                      1091 us
[1.021s][info][gc,stats    ]   Update Region States               12 us
[1.021s][info][gc,stats    ]   Choose Collection Set              36 us
[1.021s][info][gc,stats    ]   Rebuild Free Set                   16 us
[1.021s][info][gc,stats    ] Concurrent Thread Roots              83 us, parallelism: 0.44x
[1.021s][info][gc,stats    ]   CTR: <total>                       37 us
[1.021s][info][gc,stats    ]   CTR: Thread Roots                  37 us, workers (us):  37,   0, ---, ---, ---, ---, ---, ---, 
[1.021s][info][gc,stats    ] Concurrent Weak References          124 us, parallelism: 0.53x
[1.021s][info][gc,stats    ]   CWRF: <total>                      66 us
[1.021s][info][gc,stats    ]   CWRF: Weak References              66 us, workers (us):  66,   0, ---, ---, ---, ---, ---, ---, 
[1.021s][info][gc,stats    ] Concurrent Weak Roots              1218 us
[1.021s][info][gc,stats    ]   Roots                             122 us, parallelism: 1.42x
[1.021s][info][gc,stats    ]     CWR: <total>                    173 us
[1.021s][info][gc,stats    ]     CWR: VM Weak Roots              173 us, workers (us): 107,  66, ---, ---, ---, ---, ---, ---, 
[1.021s][info][gc,stats    ]   Rendezvous                       1058 us
[1.021s][info][gc,stats    ] Concurrent Cleanup                   83 us
[1.021s][info][gc,stats    ] Concurrent Strong Roots             352 us, parallelism: 1.48x
[1.021s][info][gc,stats    ]   CSR: <total>                      521 us
[1.021s][info][gc,stats    ]   CSR: Code Cache Roots             411 us, workers (us): 219, 192, ---, ---, ---, ---, ---, ---, 
[1.021s][info][gc,stats    ]   CSR: VM Strong Roots               14 us, workers (us):  11,   3, ---, ---, ---, ---, ---, ---, 
[1.021s][info][gc,stats    ]   CSR: CLDG Roots                    96 us, workers (us): ---,  96, ---, ---, ---, ---, ---, ---, 
[1.021s][info][gc,stats    ] Concurrent Evacuation              2649 us
[1.021s][info][gc,stats    ] Pause Init Update Refs (G)         9576 us
[1.021s][info][gc,stats    ] Pause Init Update Refs (N)           55 us
[1.021s][info][gc,stats    ]   Manage GCLABs                       8 us
[1.021s][info][gc,stats    ] Concurrent Update Refs             2453 us
[1.021s][info][gc,stats    ] Concurrent Update Thread Roots      429 us
[1.021s][info][gc,stats    ] Pause Final Update Refs (G)         118 us
[1.021s][info][gc,stats    ] Pause Final Update Refs (N)         102 us
[1.021s][info][gc,stats    ]   Update Region States               46 us
[1.021s][info][gc,stats    ]   Trash Collection Set                3 us
[1.021s][info][gc,stats    ]   Rebuild Free Set                   23 us
[1.021s][info][gc,stats    ] Concurrent Cleanup                   68 us
[1.021s][info][gc,stats    ] 
[1.021s][info][gc,stats    ] Allocation pacing accrued:
[1.021s][info][gc,stats    ]       0 of    23 ms (  0.0%): <total>
[1.021s][info][gc,stats    ]       0 of    23 ms (  0.0%): <average total>
[1.021s][info][gc,stats    ] 
[1.021s][info][gc,metaspace] Metaspace: 3906K(4096K)->3934K(4096K) NonClass: 3529K(3648K)->3552K(3648K) Class: 376K(448K)->382K(448K)
[1.021s][info][gc,ergo     ] Pacer for Idle. Initial: 40642K, Alloc Tax Rate: 1.0x
[1.023s][info][gc          ] Trigger: Start next cycle immediately
[1.023s][info][gc,ergo     ] Free: 1873M, Max: 512K regular, 1869M humongous, Frag: 1% external, 0% internal; Reserve: 101888K, Max: 512K
[1.023s][info][gc,start    ] GC(54) Concurrent reset
[1.023s][info][gc,task     ] GC(54) Using 2 of 8 workers for concurrent reset
[1.023s][info][gc,ergo     ] GC(54) Pacer for Reset. Non-Taxable: 1984M
[1.023s][info][gc          ] GC(54) Concurrent reset 0.243ms
[1.023s][info][gc,start    ] GC(54) Pause Init Mark
[1.023s][info][gc,task     ] GC(54) Using 8 of 8 workers for init marking
[1.023s][info][gc,ergo     ] GC(54) Pacer for Mark. Expected Live: 9829K, Free: 1873M, Non-Taxable: 187M, Alloc Tax Rate: 0.0x
[1.023s][info][gc          ] GC(54) Pause Init Mark 0.053ms
[1.023s][info][gc,start    ] GC(54) Concurrent marking roots
[1.023s][info][gc,task     ] GC(54) Using 2 of 8 workers for concurrent marking roots
[1.023s][info][gc          ] GC(54) Concurrent marking roots 0.335ms
[1.023s][info][gc,start    ] GC(54) Concurrent marking
[1.023s][info][gc,task     ] GC(54) Using 2 of 8 workers for concurrent marking
[1.029s][info][gc          ] GC(54) Concurrent marking 5.950ms
[1.029s][info][gc,start    ] GC(54) Pause Final Mark
[1.029s][info][gc,task     ] GC(54) Using 8 of 8 workers for final marking
[1.030s][info][gc,ergo     ] GC(54) Collectable Garbage: 1655K (100%), Immediate: 0B (0%), CSet: 1655K (100%)
[1.030s][info][gc,ergo     ] GC(54) Pacer for Evacuation. Used CSet: 9649K, Free: 1872M, Non-Taxable: 187M, Alloc Tax Rate: 1.1x
[1.030s][info][gc          ] GC(54) Pause Final Mark 0.237ms
[1.030s][info][gc,start    ] GC(54) Concurrent thread roots
[1.030s][info][gc,task     ] GC(54) Using 2 of 8 workers for Concurrent thread roots
[1.030s][info][gc          ] GC(54) Concurrent thread roots 0.226ms
[1.030s][info][gc,start    ] GC(54) Concurrent weak references
[1.030s][info][gc,task     ] GC(54) Using 2 of 8 workers for concurrent weak references
[1.030s][info][gc,ref      ] GC(54) Encountered references: Soft: 240, Weak: 688, Final: 0, Phantom: 580
[1.030s][info][gc,ref      ] GC(54) Discovered  references: Soft: 0, Weak: 101, Final: 0, Phantom: 578
[1.030s][info][gc,ref      ] GC(54) Enqueued    references: Soft: 0, Weak: 3, Final: 0, Phantom: 2
[1.030s][info][gc          ] GC(54) Concurrent weak references 0.128ms
[1.030s][info][gc,start    ] GC(54) Concurrent weak roots
[1.030s][info][gc,task     ] GC(54) Using 2 of 8 workers for concurrent weak root
[1.030s][info][gc          ] GC(54) Concurrent weak roots 0.307ms
[1.030s][info][gc,start    ] GC(54) Concurrent cleanup
[1.030s][info][gc          ] GC(54) Concurrent cleanup 12M->12M(143M) 0.090ms
[1.030s][info][gc,ergo     ] GC(54) Free: 1872M, Max: 512K regular, 1869M humongous, Frag: 1% external, 0% internal; Reserve: 101678K, Max: 512K
[1.031s][info][gc,start    ] GC(54) Concurrent strong roots
[1.031s][info][gc,task     ] GC(54) Using 2 of 8 workers for concurrent strong root
[1.031s][info][gc          ] GC(54) Concurrent strong roots 0.625ms
[1.031s][info][gc,start    ] GC(54) Concurrent evacuation
[1.031s][info][gc,task     ] GC(54) Using 2 of 8 workers for concurrent evacuation
[1.033s][info][gc          ] GC(54) Concurrent evacuation 1.346ms
[1.033s][info][gc,start    ] GC(54) Pause Init Update Refs
[1.033s][info][gc,ergo     ] GC(54) Pacer for Update Refs. Used: 21792K, Free: 1872M, Non-Taxable: 187M, Alloc Tax Rate: 1.1x
[1.033s][info][gc          ] GC(54) Pause Init Update Refs 0.027ms
[1.033s][info][gc,start    ] GC(54) Concurrent update references
[1.033s][info][gc,task     ] GC(54) Using 2 of 8 workers for concurrent reference update
[1.034s][info][gc          ] GC(54) Concurrent update references 1.442ms
[1.034s][info][gc,start    ] GC(54) Concurrent update thread roots
[1.034s][info][gc          ] GC(54) Concurrent update thread roots 0.285ms
[1.035s][info][gc,start    ] GC(54) Pause Final Update Refs
[1.035s][info][gc,task     ] GC(54) Using 8 of 8 workers for final reference update
[1.035s][info][gc          ] GC(54) Pause Final Update Refs 0.062ms
[1.035s][info][gc,start    ] GC(54) Concurrent cleanup
[1.035s][info][gc          ] GC(54) Concurrent cleanup 21M->11M(143M) 0.074ms
[1.035s][info][gc,ergo     ] Free: 1872M, Max: 512K regular, 1869M humongous, Frag: 1% external, 0% internal; Reserve: 101888K, Max: 512K
[1.035s][info][gc,stats    ] 
[1.035s][info][gc,stats    ] All times are wall-clock times, except per-root-class counters, that are sum over
[1.035s][info][gc,stats    ] all workers. Dividing the <total> over the root stage time estimates parallelism.
[1.035s][info][gc,stats    ] 
[1.035s][info][gc,stats    ] Concurrent Reset                    255 us
[1.035s][info][gc,stats    ] Pause Init Mark (G)                 152 us
[1.035s][info][gc,stats    ] Pause Init Mark (N)                  63 us
[1.035s][info][gc,stats    ]   Update Region States               15 us
[1.035s][info][gc,stats    ] Concurrent Mark Roots               349 us, parallelism: 1.48x
[1.035s][info][gc,stats    ]   CMR: <total>                      516 us
[1.035s][info][gc,stats    ]   CMR: Thread Roots                  26 us, workers (us):  26,   0, ---, ---, ---, ---, ---, ---, 
[1.035s][info][gc,stats    ]   CMR: Code Cache Roots             406 us, workers (us): 220, 187, ---, ---, ---, ---, ---, ---, 
[1.035s][info][gc,stats    ]   CMR: VM Strong Roots                6 us, workers (us):   4,   2, ---, ---, ---, ---, ---, ---, 
[1.035s][info][gc,stats    ]   CMR: CLDG Roots                    77 us, workers (us): ---,  77, ---, ---, ---, ---, ---, ---, 
[1.035s][info][gc,stats    ] Concurrent Marking                 5975 us
[1.035s][info][gc,stats    ] Pause Final Mark (G)                332 us
[1.035s][info][gc,stats    ] Pause Final Mark (N)                245 us
[1.035s][info][gc,stats    ]   Finish Mark                       122 us
[1.035s][info][gc,stats    ]   Update Region States               23 us
[1.035s][info][gc,stats    ]   Choose Collection Set              40 us
[1.035s][info][gc,stats    ]   Rebuild Free Set                   16 us
[1.035s][info][gc,stats    ] Concurrent Thread Roots             257 us, parallelism: 0.80x
[1.035s][info][gc,stats    ]   CTR: <total>                      206 us
[1.035s][info][gc,stats    ]   CTR: Thread Roots                 206 us, workers (us): 175,  31, ---, ---, ---, ---, ---, ---, 
[1.035s][info][gc,stats    ] Concurrent Weak References          136 us, parallelism: 0.55x
[1.035s][info][gc,stats    ]   CWRF: <total>                      75 us
[1.035s][info][gc,stats    ]   CWRF: Weak References              75 us, workers (us):  74,   1, ---, ---, ---, ---, ---, ---, 
[1.035s][info][gc,stats    ] Concurrent Weak Roots               322 us
[1.035s][info][gc,stats    ]   Roots                             191 us, parallelism: 0.85x
[1.035s][info][gc,stats    ]     CWR: <total>                    163 us
[1.035s][info][gc,stats    ]     CWR: VM Weak Roots              163 us, workers (us): 163,   0, ---, ---, ---, ---, ---, ---, 
[1.035s][info][gc,stats    ]   Rendezvous                         95 us
[1.035s][info][gc,stats    ] Concurrent Cleanup                   99 us
[1.035s][info][gc,stats    ] Concurrent Strong Roots             645 us, parallelism: 0.91x
[1.035s][info][gc,stats    ]   CSR: <total>                      585 us
[1.035s][info][gc,stats    ]   CSR: Code Cache Roots             468 us, workers (us): 468,   0, ---, ---, ---, ---, ---, ---, 
[1.035s][info][gc,stats    ]   CSR: VM Strong Roots               11 us, workers (us):  11,   0, ---, ---, ---, ---, ---, ---, 
[1.035s][info][gc,stats    ]   CSR: CLDG Roots                   106 us, workers (us): 106, ---, ---, ---, ---, ---, ---, ---, 
[1.035s][info][gc,stats    ] Concurrent Evacuation              1367 us
[1.035s][info][gc,stats    ] Pause Init Update Refs (G)          117 us
[1.035s][info][gc,stats    ] Pause Init Update Refs (N)           33 us
[1.035s][info][gc,stats    ]   Manage GCLABs                       4 us
[1.035s][info][gc,stats    ] Concurrent Update Refs             1466 us
[1.035s][info][gc,stats    ] Concurrent Update Thread Roots      301 us
[1.035s][info][gc,stats    ] Pause Final Update Refs (G)         221 us
[1.035s][info][gc,stats    ] Pause Final Update Refs (N)          73 us
[1.035s][info][gc,stats    ]   Update Region States               16 us
[1.035s][info][gc,stats    ]   Trash Collection Set                2 us
[1.035s][info][gc,stats    ]   Rebuild Free Set                   20 us
[1.035s][info][gc,stats    ] Concurrent Cleanup                   85 us
[1.035s][info][gc,stats    ] 
[1.035s][info][gc,stats    ] Allocation pacing accrued:
[1.035s][info][gc,stats    ]       0 of    14 ms (  0.0%): <total>
[1.035s][info][gc,stats    ]       0 of    14 ms (  0.0%): <average total>
[1.035s][info][gc,stats    ] 
[1.035s][info][gc,metaspace] Metaspace: 3951K(4096K)->4002K(4160K) NonClass: 3568K(3648K)->3615K(3712K) Class: 382K(448K)->387K(448K)
[1.035s][info][gc,ergo     ] Pacer for Idle. Initial: 40642K, Alloc Tax Rate: 1.0x
[1.037s][info][gc          ] Trigger: Start next cycle immediately
[1.037s][info][gc,ergo     ] Free: 1872M, Max: 512K regular, 1869M humongous, Frag: 1% external, 0% internal; Reserve: 101888K, Max: 512K
[1.037s][info][gc,start    ] GC(55) Concurrent reset
[1.037s][info][gc,task     ] GC(55) Using 2 of 8 workers for concurrent reset
[1.037s][info][gc,ergo     ] GC(55) Pacer for Reset. Non-Taxable: 1984M
[1.037s][info][gc          ] GC(55) Concurrent reset 0.190ms
[1.037s][info][gc,start    ] GC(55) Pause Init Mark
[1.037s][info][gc,task     ] GC(55) Using 8 of 8 workers for init marking
[1.037s][info][gc,ergo     ] GC(55) Pacer for Mark. Expected Live: 9853K, Free: 1872M, Non-Taxable: 187M, Alloc Tax Rate: 0.0x
[1.037s][info][gc          ] GC(55) Pause Init Mark 0.048ms
[1.037s][info][gc,start    ] GC(55) Concurrent marking roots
[1.037s][info][gc,task     ] GC(55) Using 2 of 8 workers for concurrent marking roots
[1.038s][info][gc          ] GC(55) Concurrent marking roots 0.670ms
[1.038s][info][gc,start    ] GC(55) Concurrent marking
[1.038s][info][gc,task     ] GC(55) Using 2 of 8 workers for concurrent marking
[1.039s][info][gc          ] GC(55) Concurrent marking 1.450ms
[1.039s][info][gc,start    ] GC(55) Pause Final Mark
[1.039s][info][gc,task     ] GC(55) Using 8 of 8 workers for final marking
[1.040s][info][gc,ergo     ] GC(55) Collectable Garbage: 2241K (100%), Immediate: 0B (0%), CSet: 2241K (100%)
[1.040s][info][gc,ergo     ] GC(55) Pacer for Evacuation. Used CSet: 10240K, Free: 1872M, Non-Taxable: 187M, Alloc Tax Rate: 1.1x
[1.040s][info][gc          ] GC(55) Pause Final Mark 0.204ms
[1.040s][info][gc,start    ] GC(55) Concurrent thread roots
[1.040s][info][gc,task     ] GC(55) Using 2 of 8 workers for Concurrent thread roots
[1.040s][info][gc          ] GC(55) Concurrent thread roots 0.153ms
[1.040s][info][gc,start    ] GC(55) Concurrent weak references
[1.040s][info][gc,task     ] GC(55) Using 2 of 8 workers for concurrent weak references
[1.040s][info][gc,ref      ] GC(55) Encountered references: Soft: 240, Weak: 687, Final: 0, Phantom: 578
[1.040s][info][gc,ref      ] GC(55) Discovered  references: Soft: 0, Weak: 248, Final: 0, Phantom: 523
[1.040s][info][gc,ref      ] GC(55) Enqueued    references: Soft: 0, Weak: 0, Final: 0, Phantom: 0
[1.040s][info][gc          ] GC(55) Concurrent weak references 0.103ms
[1.040s][info][gc,start    ] GC(55) Concurrent weak roots
[1.040s][info][gc,task     ] GC(55) Using 2 of 8 workers for concurrent weak root
[1.040s][info][gc          ] GC(55) Concurrent weak roots 0.216ms
[1.040s][info][gc,start    ] GC(55) Concurrent cleanup
[1.040s][info][gc          ] GC(55) Concurrent cleanup 12M->12M(143M) 0.063ms
[1.040s][info][gc,ergo     ] GC(55) Free: 1872M, Max: 512K regular, 1869M humongous, Frag: 1% external, 0% internal; Reserve: 101684K, Max: 512K
[1.040s][info][gc,start    ] GC(55) Concurrent strong roots
[1.040s][info][gc,task     ] GC(55) Using 2 of 8 workers for concurrent strong root
[1.041s][info][gc          ] GC(55) Concurrent strong roots 0.329ms
[1.041s][info][gc,start    ] GC(55) Concurrent evacuation
[1.041s][info][gc,task     ] GC(55) Using 2 of 8 workers for concurrent evacuation
[1.044s][info][gc          ] GC(55) Concurrent evacuation 3.011ms
[1.044s][info][gc,start    ] GC(55) Pause Init Update Refs
[1.044s][info][gc,ergo     ] GC(55) Pacer for Update Refs. Used: 21866K, Free: 1872M, Non-Taxable: 187M, Alloc Tax Rate: 1.1x
[1.044s][info][gc          ] GC(55) Pause Init Update Refs 0.027ms
[1.044s][info][gc,start    ] GC(55) Concurrent update references
[1.044s][info][gc,task     ] GC(55) Using 2 of 8 workers for concurrent reference update
[1.045s][info][gc          ] GC(55) Concurrent update references 1.486ms
[1.045s][info][gc,start    ] GC(55) Concurrent update thread roots
[1.045s][info][gc          ] GC(55) Concurrent update thread roots 0.229ms
[1.046s][info][gc,start    ] GC(55) Pause Final Update Refs
[1.046s][info][gc,task     ] GC(55) Using 8 of 8 workers for final reference update
[1.046s][info][gc          ] GC(55) Pause Final Update Refs 0.056ms
[1.046s][info][gc,start    ] GC(55) Concurrent cleanup
[1.046s][info][gc          ] GC(55) Concurrent cleanup 21M->11M(143M) 0.072ms
[1.046s][info][gc,ergo     ] Free: 1873M, Max: 512K regular, 1869M humongous, Frag: 1% external, 0% internal; Reserve: 101888K, Max: 512K
[1.046s][info][gc,stats    ] 
[1.046s][info][gc,stats    ] All times are wall-clock times, except per-root-class counters, that are sum over
[1.046s][info][gc,stats    ] all workers. Dividing the <total> over the root stage time estimates parallelism.
[1.046s][info][gc,stats    ] 
[1.046s][info][gc,stats    ] Concurrent Reset                    201 us
[1.046s][info][gc,stats    ] Pause Init Mark (G)                 147 us
[1.046s][info][gc,stats    ] Pause Init Mark (N)                  61 us
[1.046s][info][gc,stats    ]   Update Region States               14 us
[1.046s][info][gc,stats    ] Concurrent Mark Roots               692 us, parallelism: 0.87x
[1.046s][info][gc,stats    ]   CMR: <total>                      599 us
[1.046s][info][gc,stats    ]   CMR: Thread Roots                 129 us, workers (us): 129,   0, ---, ---, ---, ---, ---, ---, 
[1.046s][info][gc,stats    ]   CMR: Code Cache Roots             397 us, workers (us): 397,   0, ---, ---, ---, ---, ---, ---, 
[1.046s][info][gc,stats    ]   CMR: VM Strong Roots                4 us, workers (us):   4,   0, ---, ---, ---, ---, ---, ---, 
[1.046s][info][gc,stats    ]   CMR: CLDG Roots                    69 us, workers (us):  69, ---, ---, ---, ---, ---, ---, ---, 
[1.046s][info][gc,stats    ] Concurrent Marking                 1470 us
[1.046s][info][gc,stats    ] Pause Final Mark (G)                363 us
[1.046s][info][gc,stats    ] Pause Final Mark (N)                216 us
[1.046s][info][gc,stats    ]   Finish Mark                       110 us
[1.046s][info][gc,stats    ]   Update Region States               12 us
[1.046s][info][gc,stats    ]   Choose Collection Set              31 us
[1.046s][info][gc,stats    ]   Rebuild Free Set                   16 us
[1.046s][info][gc,stats    ] Concurrent Thread Roots             165 us, parallelism: 0.63x
[1.046s][info][gc,stats    ]   CTR: <total>                      104 us
[1.046s][info][gc,stats    ]   CTR: Thread Roots                 104 us, workers (us): 104,   0, ---, ---, ---, ---, ---, ---, 
[1.046s][info][gc,stats    ] Concurrent Weak References          111 us, parallelism: 0.50x
[1.046s][info][gc,stats    ]   CWRF: <total>                      56 us
[1.046s][info][gc,stats    ]   CWRF: Weak References              56 us, workers (us):  56,   0, ---, ---, ---, ---, ---, ---, 
[1.046s][info][gc,stats    ] Concurrent Weak Roots               228 us
[1.046s][info][gc,stats    ]   Roots                             104 us, parallelism: 1.66x
[1.046s][info][gc,stats    ]     CWR: <total>                    172 us
[1.046s][info][gc,stats    ]     CWR: VM Weak Roots              172 us, workers (us):  89,  83, ---, ---, ---, ---, ---, ---, 
[1.046s][info][gc,stats    ]   Rendezvous                         95 us
[1.046s][info][gc,stats    ] Concurrent Cleanup                   72 us
[1.046s][info][gc,stats    ] Concurrent Strong Roots             346 us, parallelism: 1.60x
[1.046s][info][gc,stats    ]   CSR: <total>                      554 us
[1.046s][info][gc,stats    ]   CSR: Code Cache Roots             433 us, workers (us): 242, 191, ---, ---, ---, ---, ---, ---, 
[1.046s][info][gc,stats    ]   CSR: VM Strong Roots               23 us, workers (us):  19,   4, ---, ---, ---, ---, ---, ---, 
[1.046s][info][gc,stats    ]   CSR: CLDG Roots                    98 us, workers (us): ---,  98, ---, ---, ---, ---, ---, ---, 
[1.046s][info][gc,stats    ] Concurrent Evacuation              3032 us
[1.046s][info][gc,stats    ] Pause Init Update Refs (G)          119 us
[1.046s][info][gc,stats    ] Pause Init Update Refs (N)           35 us
[1.046s][info][gc,stats    ]   Manage GCLABs                       3 us
[1.046s][info][gc,stats    ] Concurrent Update Refs             1509 us
[1.046s][info][gc,stats    ] Concurrent Update Thread Roots      244 us
[1.046s][info][gc,stats    ] Pause Final Update Refs (G)         163 us
[1.046s][info][gc,stats    ] Pause Final Update Refs (N)          68 us
[1.046s][info][gc,stats    ]   Update Region States               13 us
[1.046s][info][gc,stats    ]   Trash Collection Set                2 us
[1.046s][info][gc,stats    ]   Rebuild Free Set                   19 us
[1.046s][info][gc,stats    ] Concurrent Cleanup                   81 us
[1.046s][info][gc,stats    ] 
[1.046s][info][gc,stats    ] Allocation pacing accrued:
[1.046s][info][gc,stats    ]       0 of    11 ms (  0.0%): <total>
[1.046s][info][gc,stats    ]       0 of    11 ms (  0.0%): <average total>
[1.046s][info][gc,stats    ] 
[1.046s][info][gc,metaspace] Metaspace: 4002K(4160K)->4002K(4160K) NonClass: 3615K(3712K)->3615K(3712K) Class: 387K(448K)->387K(448K)
[1.046s][info][gc,ergo     ] Pacer for Idle. Initial: 40642K, Alloc Tax Rate: 1.0x
[1.047s][info][gc          ] Trigger: Start next cycle immediately
[1.047s][info][gc,ergo     ] Free: 1873M, Max: 512K regular, 1869M humongous, Frag: 1% external, 0% internal; Reserve: 101888K, Max: 512K
[1.047s][info][gc,start    ] GC(56) Concurrent reset
[1.047s][info][gc,task     ] GC(56) Using 2 of 8 workers for concurrent reset
[1.047s][info][gc,ergo     ] GC(56) Pacer for Reset. Non-Taxable: 1984M
[1.048s][info][gc          ] GC(56) Concurrent reset 0.182ms
[1.048s][info][gc,start    ] GC(56) Pause Init Mark
[1.048s][info][gc,task     ] GC(56) Using 8 of 8 workers for init marking
[1.048s][info][gc,ergo     ] GC(56) Pacer for Mark. Expected Live: 9877K, Free: 1873M, Non-Taxable: 187M, Alloc Tax Rate: 0.0x
[1.048s][info][gc          ] GC(56) Pause Init Mark 0.058ms
[1.048s][info][gc,start    ] GC(56) Concurrent marking roots
[1.048s][info][gc,task     ] GC(56) Using 2 of 8 workers for concurrent marking roots
[1.048s][info][gc          ] GC(56) Concurrent marking roots 0.321ms
[1.048s][info][gc,start    ] GC(56) Concurrent marking
[1.048s][info][gc,task     ] GC(56) Using 2 of 8 workers for concurrent marking
[1.051s][info][gc          ] GC(56) Concurrent marking 2.444ms
[1.051s][info][gc,start    ] GC(56) Pause Final Mark
[1.051s][info][gc,task     ] GC(56) Using 8 of 8 workers for final marking
[1.051s][info][gc,ergo     ] GC(56) Collectable Garbage: 1720K (100%), Immediate: 0B (0%), CSet: 1720K (100%)
[1.051s][info][gc,ergo     ] GC(56) Pacer for Evacuation. Used CSet: 9720K, Free: 1872M, Non-Taxable: 187M, Alloc Tax Rate: 1.1x
[1.051s][info][gc          ] GC(56) Pause Final Mark 0.200ms
[1.051s][info][gc,start    ] GC(56) Concurrent thread roots
[1.051s][info][gc,task     ] GC(56) Using 2 of 8 workers for Concurrent thread roots
[1.051s][info][gc          ] GC(56) Concurrent thread roots 0.143ms
[1.051s][info][gc,start    ] GC(56) Concurrent weak references
[1.051s][info][gc,task     ] GC(56) Using 2 of 8 workers for concurrent weak references
[1.051s][info][gc,ref      ] GC(56) Encountered references: Soft: 241, Weak: 697, Final: 0, Phantom: 581
[1.051s][info][gc,ref      ] GC(56) Discovered  references: Soft: 0, Weak: 49, Final: 0, Phantom: 579
[1.051s][info][gc,ref      ] GC(56) Enqueued    references: Soft: 0, Weak: 5, Final: 0, Phantom: 3
[1.051s][info][gc          ] GC(56) Concurrent weak references 0.104ms
[1.051s][info][gc,start    ] GC(56) Concurrent weak roots
[1.051s][info][gc,task     ] GC(56) Using 2 of 8 workers for concurrent weak root
[1.052s][info][gc          ] GC(56) Concurrent weak roots 0.297ms
[1.052s][info][gc,start    ] GC(56) Concurrent cleanup
[1.052s][info][gc          ] GC(56) Concurrent cleanup 12M->12M(143M) 0.056ms
[1.052s][info][gc,ergo     ] GC(56) Free: 1872M, Max: 512K regular, 1869M humongous, Frag: 1% external, 0% internal; Reserve: 101680K, Max: 512K
[1.052s][info][gc,start    ] GC(56) Concurrent strong roots
[1.052s][info][gc,task     ] GC(56) Using 2 of 8 workers for concurrent strong root
[1.052s][info][gc          ] GC(56) Concurrent strong roots 0.543ms
[1.052s][info][gc,start    ] GC(56) Concurrent evacuation
[1.052s][info][gc,task     ] GC(56) Using 2 of 8 workers for concurrent evacuation
[1.054s][info][gc          ] GC(56) Concurrent evacuation 1.290ms
[1.054s][info][gc,start    ] GC(56) Pause Init Update Refs
[1.054s][info][gc,ergo     ] GC(56) Pacer for Update Refs. Used: 21864K, Free: 1872M, Non-Taxable: 187M, Alloc Tax Rate: 1.1x
[1.054s][info][gc          ] GC(56) Pause Init Update Refs 0.026ms
[1.054s][info][gc,start    ] GC(56) Concurrent update references
[1.054s][info][gc,task     ] GC(56) Using 2 of 8 workers for concurrent reference update
[1.055s][info][gc          ] GC(56) Concurrent update references 1.479ms
[1.055s][info][gc,start    ] GC(56) Concurrent update thread roots
[1.055s][info][gc          ] GC(56) Concurrent update thread roots 0.217ms
[1.056s][info][gc,start    ] GC(56) Pause Final Update Refs
[1.056s][info][gc,task     ] GC(56) Using 8 of 8 workers for final reference update
[1.056s][info][gc          ] GC(56) Pause Final Update Refs 0.051ms
[1.056s][info][gc,start    ] GC(56) Concurrent cleanup
[1.056s][info][gc          ] GC(56) Concurrent cleanup 21M->11M(143M) 0.060ms
[1.056s][info][gc,ergo     ] Free: 1872M, Max: 512K regular, 1869M humongous, Frag: 1% external, 0% internal; Reserve: 101888K, Max: 512K
[1.056s][info][gc,stats    ] 
[1.056s][info][gc,stats    ] All times are wall-clock times, except per-root-class counters, that are sum over
[1.056s][info][gc,stats    ] all workers. Dividing the <total> over the root stage time estimates parallelism.
[1.056s][info][gc,stats    ] 
[1.056s][info][gc,stats    ] Concurrent Reset                    195 us
[1.056s][info][gc,stats    ] Pause Init Mark (G)                 353 us
[1.056s][info][gc,stats    ] Pause Init Mark (N)                  70 us
[1.056s][info][gc,stats    ]   Update Region States               16 us
[1.056s][info][gc,stats    ] Concurrent Mark Roots               338 us, parallelism: 1.52x
[1.056s][info][gc,stats    ]   CMR: <total>                      513 us
[1.056s][info][gc,stats    ]   CMR: Thread Roots                  67 us, workers (us):  64,   3, ---, ---, ---, ---, ---, ---, 
[1.056s][info][gc,stats    ]   CMR: Code Cache Roots             349 us, workers (us): 184, 165, ---, ---, ---, ---, ---, ---, 
[1.056s][info][gc,stats    ]   CMR: VM Strong Roots               12 us, workers (us):  12,   0, ---, ---, ---, ---, ---, ---, 
[1.056s][info][gc,stats    ]   CMR: CLDG Roots                    85 us, workers (us): ---,  85, ---, ---, ---, ---, ---, ---, 
[1.056s][info][gc,stats    ] Concurrent Marking                 2466 us
[1.056s][info][gc,stats    ] Pause Final Mark (G)                295 us
[1.056s][info][gc,stats    ] Pause Final Mark (N)                214 us
[1.056s][info][gc,stats    ]   Finish Mark                       112 us
[1.056s][info][gc,stats    ]   Update Region States               12 us
[1.056s][info][gc,stats    ]   Choose Collection Set              29 us
[1.056s][info][gc,stats    ]   Rebuild Free Set                   15 us
[1.056s][info][gc,stats    ] Concurrent Thread Roots             154 us, parallelism: 0.84x
[1.056s][info][gc,stats    ]   CTR: <total>                      128 us
[1.056s][info][gc,stats    ]   CTR: Thread Roots                 128 us, workers (us): 102,  27, ---, ---, ---, ---, ---, ---, 
[1.056s][info][gc,stats    ] Concurrent Weak References          112 us, parallelism: 0.48x
[1.056s][info][gc,stats    ]   CWRF: <total>                      54 us
[1.056s][info][gc,stats    ]   CWRF: Weak References              54 us, workers (us):  53,   0, ---, ---, ---, ---, ---, ---, 
[1.056s][info][gc,stats    ] Concurrent Weak Roots               312 us
[1.056s][info][gc,stats    ]   Roots                             182 us, parallelism: 0.82x
[1.056s][info][gc,stats    ]     CWR: <total>                    149 us
[1.056s][info][gc,stats    ]     CWR: VM Weak Roots              149 us, workers (us): 149,   0, ---, ---, ---, ---, ---, ---, 
[1.056s][info][gc,stats    ]   Rendezvous                         96 us
[1.056s][info][gc,stats    ] Concurrent Cleanup                   64 us
[1.056s][info][gc,stats    ] Concurrent Strong Roots             562 us, parallelism: 0.89x
[1.056s][info][gc,stats    ]   CSR: <total>                      501 us
[1.056s][info][gc,stats    ]   CSR: Code Cache Roots             396 us, workers (us): 395,   0, ---, ---, ---, ---, ---, ---, 
[1.056s][info][gc,stats    ]   CSR: VM Strong Roots                8 us, workers (us):   8,   0, ---, ---, ---, ---, ---, ---, 
[1.056s][info][gc,stats    ]   CSR: CLDG Roots                    97 us, workers (us):  97, ---, ---, ---, ---, ---, ---, ---, 
[1.056s][info][gc,stats    ] Concurrent Evacuation              1311 us
[1.056s][info][gc,stats    ] Pause Init Update Refs (G)          127 us
[1.056s][info][gc,stats    ] Pause Init Update Refs (N)           34 us
[1.056s][info][gc,stats    ]   Manage GCLABs                       3 us
[1.056s][info][gc,stats    ] Concurrent Update Refs             1495 us
[1.056s][info][gc,stats    ] Concurrent Update Thread Roots      231 us
[1.056s][info][gc,stats    ] Pause Final Update Refs (G)         162 us
[1.056s][info][gc,stats    ] Pause Final Update Refs (N)          79 us
[1.056s][info][gc,stats    ]   Update Region States               12 us
[1.056s][info][gc,stats    ]   Trash Collection Set                2 us
[1.056s][info][gc,stats    ]   Rebuild Free Set                   17 us
[1.056s][info][gc,stats    ] Concurrent Cleanup                   70 us
[1.056s][info][gc,stats    ] 
[1.056s][info][gc,stats    ] Allocation pacing accrued:
[1.056s][info][gc,stats    ]       0 of    10 ms (  0.0%): <total>
[1.056s][info][gc,stats    ]       0 of    10 ms (  0.0%): <average total>
[1.056s][info][gc,stats    ] 
[1.056s][info][gc,metaspace] Metaspace: 4018K(4160K)->4030K(4224K) NonClass: 3628K(3712K)->3638K(3776K) Class: 390K(448K)->391K(448K)
[1.056s][info][gc,ergo     ] Pacer for Idle. Initial: 40642K, Alloc Tax Rate: 1.0x
[1.057s][info][gc          ] Trigger: Start next cycle immediately
[1.057s][info][gc,ergo     ] Free: 1872M, Max: 512K regular, 1869M humongous, Frag: 1% external, 0% internal; Reserve: 101888K, Max: 512K
[1.057s][info][gc,start    ] GC(57) Concurrent reset
[1.057s][info][gc,task     ] GC(57) Using 2 of 8 workers for concurrent reset
[1.057s][info][gc,ergo     ] GC(57) Pacer for Reset. Non-Taxable: 1984M
[1.058s][info][gc          ] GC(57) Concurrent reset 0.202ms
[1.062s][info][gc,start    ] GC(57) Pause Init Mark (unload classes)
[1.062s][info][gc,task     ] GC(57) Using 8 of 8 workers for init marking
[1.062s][info][gc,ergo     ] GC(57) Pacer for Mark. Expected Live: 9896K, Free: 1872M, Non-Taxable: 187M, Alloc Tax Rate: 0.0x
[1.062s][info][gc          ] GC(57) Pause Init Mark (unload classes) 0.055ms
[1.062s][info][gc,start    ] GC(57) Concurrent marking roots
[1.062s][info][gc,task     ] GC(57) Using 2 of 8 workers for concurrent marking roots
[1.062s][info][gc          ] GC(57) Concurrent marking roots 0.225ms
[1.062s][info][gc,start    ] GC(57) Concurrent marking (unload classes)
[1.062s][info][gc,task     ] GC(57) Using 2 of 8 workers for concurrent marking
[1.064s][info][gc          ] GC(57) Concurrent marking (unload classes) 1.563ms
[1.064s][info][gc,start    ] GC(57) Pause Final Mark (unload classes)
[1.064s][info][gc,task     ] GC(57) Using 8 of 8 workers for final marking
[1.064s][info][gc,ergo     ] GC(57) Collectable Garbage: 2744K (100%), Immediate: 0B (0%), CSet: 2744K (100%)
[1.064s][info][gc,ergo     ] GC(57) Pacer for Evacuation. Used CSet: 10752K, Free: 1872M, Non-Taxable: 187M, Alloc Tax Rate: 1.1x
[1.064s][info][gc          ] GC(57) Pause Final Mark (unload classes) 0.210ms
[1.064s][info][gc,start    ] GC(57) Concurrent thread roots
[1.064s][info][gc,task     ] GC(57) Using 2 of 8 workers for Concurrent thread roots
[1.064s][info][gc          ] GC(57) Concurrent thread roots 0.122ms
[1.064s][info][gc,start    ] GC(57) Concurrent weak references
[1.064s][info][gc,task     ] GC(57) Using 2 of 8 workers for concurrent weak references
[1.064s][info][gc,ref      ] GC(57) Encountered references: Soft: 241, Weak: 697, Final: 0, Phantom: 580
[1.064s][info][gc,ref      ] GC(57) Discovered  references: Soft: 0, Weak: 280, Final: 0, Phantom: 579
[1.064s][info][gc,ref      ] GC(57) Enqueued    references: Soft: 0, Weak: 2, Final: 0, Phantom: 2
[1.064s][info][gc          ] GC(57) Concurrent weak references 0.114ms
[1.064s][info][gc,start    ] GC(57) Concurrent weak roots
[1.064s][info][gc,task     ] GC(57) Using 2 of 8 workers for concurrent weak root
[1.065s][info][gc          ] GC(57) Concurrent weak roots 0.538ms
[1.065s][info][gc,start    ] GC(57) Concurrent cleanup
[1.065s][info][gc          ] GC(57) Concurrent cleanup 13M->13M(143M) 0.061ms
[1.065s][info][gc,ergo     ] GC(57) Free: 1871M, Max: 512K regular, 1869M humongous, Frag: 1% external, 0% internal; Reserve: 101666K, Max: 512K
[1.065s][info][gc,start    ] GC(57) Concurrent class unloading
[1.065s][info][gc,task     ] GC(57) Using 2 of 8 workers for concurrent class unloading
[1.066s][info][gc          ] GC(57) Concurrent class unloading 1.209ms
[1.066s][info][gc,start    ] GC(57) Concurrent strong roots
[1.066s][info][gc,task     ] GC(57) Using 2 of 8 workers for concurrent strong root
[1.066s][info][gc          ] GC(57) Concurrent strong roots 0.143ms
[1.066s][info][gc,start    ] GC(57) Concurrent evacuation
[1.066s][info][gc,task     ] GC(57) Using 2 of 8 workers for concurrent evacuation
[1.068s][info][gc          ] GC(57) Concurrent evacuation 1.385ms
[1.068s][info][gc,start    ] GC(57) Pause Init Update Refs
[1.068s][info][gc,ergo     ] GC(57) Pacer for Update Refs. Used: 21874K, Free: 1871M, Non-Taxable: 187M, Alloc Tax Rate: 1.1x
[1.068s][info][gc          ] GC(57) Pause Init Update Refs 0.026ms
[1.068s][info][gc,start    ] GC(57) Concurrent update references
[1.068s][info][gc,task     ] GC(57) Using 2 of 8 workers for concurrent reference update
[1.070s][info][gc          ] GC(57) Concurrent update references 2.060ms
[1.070s][info][gc,start    ] GC(57) Concurrent update thread roots
[1.070s][info][gc          ] GC(57) Concurrent update thread roots 0.131ms
[1.070s][info][gc,start    ] GC(57) Pause Final Update Refs
[1.070s][info][gc,task     ] GC(57) Using 8 of 8 workers for final reference update
[1.070s][info][gc          ] GC(57) Pause Final Update Refs 0.049ms
[1.070s][info][gc,start    ] GC(57) Concurrent cleanup
[1.070s][info][gc          ] GC(57) Concurrent cleanup 21M->11M(143M) 0.058ms
[1.070s][info][gc,ergo     ] Free: 1873M, Max: 512K regular, 1869M humongous, Frag: 1% external, 0% internal; Reserve: 101888K, Max: 512K
[1.070s][info][gc,stats    ] 
[1.070s][info][gc,stats    ] All times are wall-clock times, except per-root-class counters, that are sum over
[1.070s][info][gc,stats    ] all workers. Dividing the <total> over the root stage time estimates parallelism.
[1.070s][info][gc,stats    ] 
[1.070s][info][gc,stats    ] Concurrent Reset                    216 us
[1.070s][info][gc,stats    ] Pause Init Mark (G)                4285 us
[1.070s][info][gc,stats    ] Pause Init Mark (N)                  63 us
[1.070s][info][gc,stats    ]   Update Region States               15 us
[1.070s][info][gc,stats    ] Concurrent Mark Roots               238 us, parallelism: 0.77x
[1.070s][info][gc,stats    ]   CMR: <total>                      184 us
[1.070s][info][gc,stats    ]   CMR: Thread Roots                 125 us, workers (us): 125,   0, ---, ---, ---, ---, ---, ---, 
[1.070s][info][gc,stats    ]   CMR: VM Strong Roots                3 us, workers (us):   3,   0, ---, ---, ---, ---, ---, ---, 
[1.070s][info][gc,stats    ]   CMR: CLDG Roots                    55 us, workers (us):  55, ---, ---, ---, ---, ---, ---, ---, 
[1.070s][info][gc,stats    ] Concurrent Marking                 1585 us
[1.070s][info][gc,stats    ] Pause Final Mark (G)                307 us
[1.071s][info][gc,stats    ] Pause Final Mark (N)                219 us
[1.071s][info][gc,stats    ]   Finish Mark                       120 us
[1.071s][info][gc,stats    ]   Update Region States               12 us
[1.071s][info][gc,stats    ]   Choose Collection Set              30 us
[1.071s][info][gc,stats    ]   Rebuild Free Set                   16 us
[1.071s][info][gc,stats    ] Concurrent Thread Roots             133 us, parallelism: 0.90x
[1.071s][info][gc,stats    ]   CTR: <total>                      120 us
[1.071s][info][gc,stats    ]   CTR: Thread Roots                 120 us, workers (us):  94,  26, ---, ---, ---, ---, ---, ---, 
[1.071s][info][gc,stats    ] Concurrent Weak References          119 us, parallelism: 0.60x
[1.071s][info][gc,stats    ]   CWRF: <total>                      72 us
[1.071s][info][gc,stats    ]   CWRF: Weak References              72 us, workers (us):  65,   7, ---, ---, ---, ---, ---, ---, 
[1.071s][info][gc,stats    ] Concurrent Weak Roots               557 us
[1.071s][info][gc,stats    ]   Roots                             421 us, parallelism: 0.96x
[1.071s][info][gc,stats    ]     CWR: <total>                    403 us
[1.071s][info][gc,stats    ]     CWR: Code Cache Roots           246 us, workers (us): 246,   0, ---, ---, ---, ---, ---, ---, 
[1.071s][info][gc,stats    ]     CWR: VM Weak Roots              155 us, workers (us): 155,   0, ---, ---, ---, ---, ---, ---, 
[1.071s][info][gc,stats    ]     CWR: CLDG Roots                   2 us, workers (us):   2, ---, ---, ---, ---, ---, ---, ---, 
[1.071s][info][gc,stats    ]   Rendezvous                         98 us
[1.071s][info][gc,stats    ] Concurrent Cleanup                   71 us
[1.071s][info][gc,stats    ] Concurrent Class Unloading         1245 us
[1.071s][info][gc,stats    ]   Unlink Stale                      895 us
[1.071s][info][gc,stats    ]     System Dictionary                26 us
[1.071s][info][gc,stats    ]     Weak Class Links                  0 us
[1.071s][info][gc,stats    ]     Code Roots                      868 us
[1.071s][info][gc,stats    ]   Rendezvous                        117 us
[1.071s][info][gc,stats    ]   Purge Unlinked                    174 us
[1.071s][info][gc,stats    ]     Code Roots                      165 us
[1.071s][info][gc,stats    ]     CLDG                              9 us
[1.071s][info][gc,stats    ]     Exception Caches                  0 us
[1.071s][info][gc,stats    ] Concurrent Strong Roots             155 us, parallelism: 0.70x
[1.071s][info][gc,stats    ]   CSR: <total>                      108 us
[1.071s][info][gc,stats    ]   CSR: VM Strong Roots                6 us, workers (us):   6,   0, ---, ---, ---, ---, ---, ---, 
[1.071s][info][gc,stats    ]   CSR: CLDG Roots                   102 us, workers (us): ---, 102, ---, ---, ---, ---, ---, ---, 
[1.071s][info][gc,stats    ] Concurrent Evacuation              1407 us
[1.071s][info][gc,stats    ] Pause Init Update Refs (G)          117 us
[1.071s][info][gc,stats    ] Pause Init Update Refs (N)           34 us
[1.071s][info][gc,stats    ]   Manage GCLABs                       4 us
[1.071s][info][gc,stats    ] Concurrent Update Refs             2080 us
[1.071s][info][gc,stats    ] Concurrent Update Thread Roots      141 us
[1.071s][info][gc,stats    ] Pause Final Update Refs (G)         148 us
[1.071s][info][gc,stats    ] Pause Final Update Refs (N)          61 us
[1.071s][info][gc,stats    ]   Update Region States               12 us
[1.071s][info][gc,stats    ]   Trash Collection Set                2 us
[1.071s][info][gc,stats    ]   Rebuild Free Set                   17 us
[1.071s][info][gc,stats    ] Concurrent Cleanup                   67 us
[1.071s][info][gc,stats    ] 
[1.071s][info][gc,stats    ] Allocation pacing accrued:
[1.071s][info][gc,stats    ]       0 of    15 ms (  0.0%): <total>
[1.071s][info][gc,stats    ]       0 of    15 ms (  0.0%): <average total>
[1.071s][info][gc,stats    ] 
[1.071s][info][gc,metaspace] Metaspace: 4033K(4224K)->4034K(4224K) NonClass: 3640K(3776K)->3642K(3776K) Class: 392K(448K)->392K(448K)
[1.071s][info][gc,ergo     ] Pacer for Idle. Initial: 40642K, Alloc Tax Rate: 1.0x
[1.072s][info][gc          ] Trigger: Start next cycle immediately
[1.072s][info][gc,ergo     ] Free: 1873M, Max: 512K regular, 1869M humongous, Frag: 1% external, 0% internal; Reserve: 101888K, Max: 512K
[1.072s][info][gc,start    ] GC(58) Concurrent reset
[1.072s][info][gc,task     ] GC(58) Using 2 of 8 workers for concurrent reset
[1.072s][info][gc,ergo     ] GC(58) Pacer for Reset. Non-Taxable: 1984M
[1.072s][info][gc          ] GC(58) Concurrent reset 0.178ms
[1.073s][info][gc,start    ] GC(58) Pause Init Mark
[1.073s][info][gc,task     ] GC(58) Using 8 of 8 workers for init marking
[1.073s][info][gc,ergo     ] GC(58) Pacer for Mark. Expected Live: 9903K, Free: 1873M, Non-Taxable: 187M, Alloc Tax Rate: 0.0x
[1.073s][info][gc          ] GC(58) Pause Init Mark 0.042ms
[1.073s][info][gc,start    ] GC(58) Concurrent marking roots
[1.073s][info][gc,task     ] GC(58) Using 2 of 8 workers for concurrent marking roots
[1.073s][info][gc          ] GC(58) Concurrent marking roots 0.271ms
[1.073s][info][gc,start    ] GC(58) Concurrent marking
[1.073s][info][gc,task     ] GC(58) Using 2 of 8 workers for concurrent marking
[1.074s][info][gc          ] GC(58) Concurrent marking 1.526ms
[1.074s][info][gc,start    ] GC(58) Pause Final Mark
[1.075s][info][gc,task     ] GC(58) Using 8 of 8 workers for final marking
[1.075s][info][gc,ergo     ] GC(58) Collectable Garbage: 1717K (100%), Immediate: 0B (0%), CSet: 1717K (100%)
[1.075s][info][gc,ergo     ] GC(58) Pacer for Evacuation. Used CSet: 9725K, Free: 1872M, Non-Taxable: 187M, Alloc Tax Rate: 1.1x
[1.075s][info][gc          ] GC(58) Pause Final Mark 0.180ms
[1.075s][info][gc,start    ] GC(58) Concurrent thread roots
[1.075s][info][gc,task     ] GC(58) Using 2 of 8 workers for Concurrent thread roots
[1.075s][info][gc          ] GC(58) Concurrent thread roots 0.137ms
[1.075s][info][gc,start    ] GC(58) Concurrent weak references
[1.075s][info][gc,task     ] GC(58) Using 2 of 8 workers for concurrent weak references
[1.075s][info][gc,ref      ] GC(58) Encountered references: Soft: 241, Weak: 698, Final: 0, Phantom: 580
[1.075s][info][gc,ref      ] GC(58) Discovered  references: Soft: 0, Weak: 409, Final: 0, Phantom: 579
[1.075s][info][gc,ref      ] GC(58) Enqueued    references: Soft: 0, Weak: 3, Final: 0, Phantom: 2
[1.075s][info][gc          ] GC(58) Concurrent weak references 0.116ms
[1.075s][info][gc,start    ] GC(58) Concurrent weak roots
[1.075s][info][gc,task     ] GC(58) Using 2 of 8 workers for concurrent weak root
[1.075s][info][gc          ] GC(58) Concurrent weak roots 0.209ms
[1.075s][info][gc,start    ] GC(58) Concurrent cleanup
[1.075s][info][gc          ] GC(58) Concurrent cleanup 12M->12M(143M) 0.064ms
[1.075s][info][gc,ergo     ] GC(58) Free: 1872M, Max: 512K regular, 1869M humongous, Frag: 1% external, 0% internal; Reserve: 101648K, Max: 512K
[1.075s][info][gc,start    ] GC(58) Concurrent strong roots
[1.075s][info][gc,task     ] GC(58) Using 2 of 8 workers for concurrent strong root
[1.076s][info][gc          ] GC(58) Concurrent strong roots 0.463ms
[1.076s][info][gc,start    ] GC(58) Concurrent evacuation
[1.076s][info][gc,task     ] GC(58) Using 2 of 8 workers for concurrent evacuation
[1.077s][info][gc          ] GC(58) Concurrent evacuation 1.198ms
[1.077s][info][gc,start    ] GC(58) Pause Init Update Refs
[1.077s][info][gc,ergo     ] GC(58) Pacer for Update Refs. Used: 22278K, Free: 1871M, Non-Taxable: 187M, Alloc Tax Rate: 1.1x
[1.077s][info][gc          ] GC(58) Pause Init Update Refs 0.023ms
[1.077s][info][gc,start    ] GC(58) Concurrent update references
[1.077s][info][gc,task     ] GC(58) Using 2 of 8 workers for concurrent reference update
[1.078s][info][gc          ] GC(58) Concurrent update references 1.271ms
[1.078s][info][gc,start    ] GC(58) Concurrent update thread roots
[1.083s][info][gc          ] GC(58) Concurrent update thread roots 4.328ms
[1.083s][info][gc,start    ] GC(58) Pause Final Update Refs
[1.083s][info][gc,task     ] GC(58) Using 8 of 8 workers for final reference update
[1.083s][info][gc          ] GC(58) Pause Final Update Refs 0.064ms
[1.083s][info][gc,start    ] GC(58) Concurrent cleanup
[1.083s][info][gc          ] GC(58) Concurrent cleanup 21M->12M(143M) 0.069ms
[1.083s][info][gc,ergo     ] Free: 1872M, Max: 512K regular, 1869M humongous, Frag: 1% external, 0% internal; Reserve: 101888K, Max: 512K
[1.083s][info][gc,stats    ] 
[1.083s][info][gc,stats    ] All times are wall-clock times, except per-root-class counters, that are sum over
[1.083s][info][gc,stats    ] all workers. Dividing the <total> over the root stage time estimates parallelism.
[1.083s][info][gc,stats    ] 
[1.083s][info][gc,stats    ] Concurrent Reset                    189 us
[1.083s][info][gc,stats    ] Pause Init Mark (G)                 263 us
[1.083s][info][gc,stats    ] Pause Init Mark (N)                  47 us
[1.083s][info][gc,stats    ]   Update Region States               13 us
[1.083s][info][gc,stats    ] Concurrent Mark Roots               286 us, parallelism: 1.56x
[1.083s][info][gc,stats    ]   CMR: <total>                      448 us
[1.083s][info][gc,stats    ]   CMR: Thread Roots                  87 us, workers (us):  19,  69, ---, ---, ---, ---, ---, ---, 
[1.083s][info][gc,stats    ]   CMR: Code Cache Roots             288 us, workers (us): 132, 156, ---, ---, ---, ---, ---, ---, 
[1.083s][info][gc,stats    ]   CMR: VM Strong Roots                5 us, workers (us):   5,   0, ---, ---, ---, ---, ---, ---, 
[1.083s][info][gc,stats    ]   CMR: CLDG Roots                    68 us, workers (us):  68, ---, ---, ---, ---, ---, ---, ---, 
[1.083s][info][gc,stats    ] Concurrent Marking                 1560 us
[1.083s][info][gc,stats    ] Pause Final Mark (G)                274 us
[1.083s][info][gc,stats    ] Pause Final Mark (N)                189 us
[1.083s][info][gc,stats    ]   Finish Mark                        94 us
[1.083s][info][gc,stats    ]   Update Region States               11 us
[1.083s][info][gc,stats    ]   Choose Collection Set              29 us
[1.083s][info][gc,stats    ]   Rebuild Free Set                   15 us
[1.083s][info][gc,stats    ] Concurrent Thread Roots             148 us, parallelism: 0.78x
[1.083s][info][gc,stats    ]   CTR: <total>                      115 us
[1.083s][info][gc,stats    ]   CTR: Thread Roots                 115 us, workers (us):  91,  24, ---, ---, ---, ---, ---, ---, 
[1.083s][info][gc,stats    ] Concurrent Weak References          124 us, parallelism: 0.51x
[1.083s][info][gc,stats    ]   CWRF: <total>                      63 us
[1.083s][info][gc,stats    ]   CWRF: Weak References              63 us, workers (us):  60,   3, ---, ---, ---, ---, ---, ---, 
[1.083s][info][gc,stats    ] Concurrent Weak Roots               220 us
[1.083s][info][gc,stats    ]   Roots                             172 us, parallelism: 0.89x
[1.083s][info][gc,stats    ]     CWR: <total>                    154 us
[1.083s][info][gc,stats    ]     CWR: VM Weak Roots              154 us, workers (us): 154,   0, ---, ---, ---, ---, ---, ---, 
[1.083s][info][gc,stats    ]   Rendezvous                         12 us
[1.083s][info][gc,stats    ] Concurrent Cleanup                   72 us
[1.083s][info][gc,stats    ] Concurrent Strong Roots             481 us, parallelism: 0.86x
[1.083s][info][gc,stats    ]   CSR: <total>                      414 us
[1.083s][info][gc,stats    ]   CSR: Code Cache Roots             323 us, workers (us): 323,   0, ---, ---, ---, ---, ---, ---, 
[1.083s][info][gc,stats    ]   CSR: VM Strong Roots                6 us, workers (us):   6,   0, ---, ---, ---, ---, ---, ---, 
[1.083s][info][gc,stats    ]   CSR: CLDG Roots                    84 us, workers (us):  84, ---, ---, ---, ---, ---, ---, ---, 
[1.083s][info][gc,stats    ] Concurrent Evacuation              1216 us
[1.083s][info][gc,stats    ] Pause Init Update Refs (G)          113 us
[1.083s][info][gc,stats    ] Pause Init Update Refs (N)           31 us
[1.083s][info][gc,stats    ]   Manage GCLABs                       3 us
[1.083s][info][gc,stats    ] Concurrent Update Refs             1292 us
[1.083s][info][gc,stats    ] Concurrent Update Thread Roots     4354 us
[1.083s][info][gc,stats    ] Pause Final Update Refs (G)         165 us
[1.083s][info][gc,stats    ] Pause Final Update Refs (N)          74 us
[1.083s][info][gc,stats    ]   Update Region States               13 us
[1.083s][info][gc,stats    ]   Trash Collection Set                2 us
[1.083s][info][gc,stats    ]   Rebuild Free Set                   16 us
[1.083s][info][gc,stats    ] Concurrent Cleanup                   78 us
[1.083s][info][gc,stats    ] 
[1.083s][info][gc,stats    ] Allocation pacing accrued:
[1.083s][info][gc,stats    ]       0 of    13 ms (  0.0%): <total>
[1.083s][info][gc,stats    ]       0 of    13 ms (  0.0%): <average total>
[1.083s][info][gc,stats    ] 
[1.083s][info][gc,metaspace] Metaspace: 4093K(4224K)->4168K(4352K) NonClass: 3696K(3776K)->3759K(3840K) Class: 397K(448K)->409K(512K)
[1.083s][info][gc,ergo     ] Pacer for Idle. Initial: 40642K, Alloc Tax Rate: 1.0x
[1.085s][info][gc          ] Trigger: Start next cycle immediately
[1.085s][info][gc,ergo     ] Free: 1872M, Max: 512K regular, 1869M humongous, Frag: 1% external, 0% internal; Reserve: 101888K, Max: 512K
[1.085s][info][gc,start    ] GC(59) Concurrent reset
[1.085s][info][gc,task     ] GC(59) Using 2 of 8 workers for concurrent reset
[1.085s][info][gc,ergo     ] GC(59) Pacer for Reset. Non-Taxable: 1984M
[1.085s][info][gc          ] GC(59) Concurrent reset 0.164ms
[1.085s][info][gc,start    ] GC(59) Pause Init Mark
[1.085s][info][gc,task     ] GC(59) Using 8 of 8 workers for init marking
[1.085s][info][gc,ergo     ] GC(59) Pacer for Mark. Expected Live: 9906K, Free: 1872M, Non-Taxable: 187M, Alloc Tax Rate: 0.0x
[1.085s][info][gc          ] GC(59) Pause Init Mark 0.048ms
[1.085s][info][gc,start    ] GC(59) Concurrent marking roots
[1.085s][info][gc,task     ] GC(59) Using 2 of 8 workers for concurrent marking roots
[1.085s][info][gc          ] GC(59) Concurrent marking roots 0.411ms
[1.085s][info][gc,start    ] GC(59) Concurrent marking
[1.085s][info][gc,task     ] GC(59) Using 2 of 8 workers for concurrent marking
[1.087s][info][gc          ] GC(59) Concurrent marking 1.393ms
[1.087s][info][gc,start    ] GC(59) Pause Final Mark
[1.087s][info][gc,task     ] GC(59) Using 8 of 8 workers for final marking
[1.089s][info][gc,ergo     ] GC(59) Collectable Garbage: 2622K (100%), Immediate: 0B (0%), CSet: 2622K (100%)
[1.089s][info][gc,ergo     ] GC(59) Pacer for Evacuation. Used CSet: 10650K, Free: 1872M, Non-Taxable: 187M, Alloc Tax Rate: 1.1x
[1.089s][info][gc          ] GC(59) Pause Final Mark 1.926ms
[1.089s][info][gc,start    ] GC(59) Concurrent thread roots
[1.089s][info][gc,task     ] GC(59) Using 2 of 8 workers for Concurrent thread roots
[1.089s][info][gc          ] GC(59) Concurrent thread roots 0.124ms
[1.089s][info][gc,start    ] GC(59) Concurrent weak references
[1.089s][info][gc,task     ] GC(59) Using 2 of 8 workers for concurrent weak references
[1.089s][info][gc,ref      ] GC(59) Encountered references: Soft: 242, Weak: 722, Final: 0, Phantom: 588
[1.089s][info][gc,ref      ] GC(59) Discovered  references: Soft: 0, Weak: 272, Final: 0, Phantom: 523
[1.089s][info][gc,ref      ] GC(59) Enqueued    references: Soft: 0, Weak: 10, Final: 0, Phantom: 10
[1.089s][info][gc          ] GC(59) Concurrent weak references 0.105ms
[1.089s][info][gc,start    ] GC(59) Concurrent weak roots
[1.089s][info][gc,task     ] GC(59) Using 2 of 8 workers for concurrent weak root
[1.089s][info][gc          ] GC(59) Concurrent weak roots 0.237ms
[1.089s][info][gc,start    ] GC(59) Concurrent cleanup
[1.089s][info][gc          ] GC(59) Concurrent cleanup 12M->12M(143M) 0.061ms
[1.089s][info][gc,ergo     ] GC(59) Free: 1871M, Max: 512K regular, 1869M humongous, Frag: 1% external, 0% internal; Reserve: 101672K, Max: 512K
[1.089s][info][gc,start    ] GC(59) Concurrent strong roots
[1.089s][info][gc,task     ] GC(59) Using 2 of 8 workers for concurrent strong root
[1.090s][info][gc          ] GC(59) Concurrent strong roots 0.846ms
[1.090s][info][gc,start    ] GC(59) Concurrent evacuation
[1.090s][info][gc,task     ] GC(59) Using 2 of 8 workers for concurrent evacuation
[1.092s][info][gc          ] GC(59) Concurrent evacuation 1.260ms
[1.092s][info][gc,start    ] GC(59) Pause Init Update Refs
[1.092s][info][gc,ergo     ] GC(59) Pacer for Update Refs. Used: 22279K, Free: 1871M, Non-Taxable: 187M, Alloc Tax Rate: 1.1x
[1.092s][info][gc          ] GC(59) Pause Init Update Refs 0.027ms
[1.092s][info][gc,start    ] GC(59) Concurrent update references
[1.092s][info][gc,task     ] GC(59) Using 2 of 8 workers for concurrent reference update
[1.093s][info][gc          ] GC(59) Concurrent update references 1.282ms
[1.093s][info][gc,start    ] GC(59) Concurrent update thread roots
[1.093s][info][gc          ] GC(59) Concurrent update thread roots 0.122ms
[1.093s][info][gc,start    ] GC(59) Pause Final Update Refs
[1.093s][info][gc,task     ] GC(59) Using 8 of 8 workers for final reference update
[1.093s][info][gc          ] GC(59) Pause Final Update Refs 0.052ms
[1.093s][info][gc,start    ] GC(59) Concurrent cleanup
[1.093s][info][gc          ] GC(59) Concurrent cleanup 21M->11M(143M) 0.059ms
[1.093s][info][gc,ergo     ] Free: 1873M, Max: 512K regular, 1869M humongous, Frag: 1% external, 0% internal; Reserve: 101888K, Max: 512K
[1.093s][info][gc,stats    ] 
[1.093s][info][gc,stats    ] All times are wall-clock times, except per-root-class counters, that are sum over
[1.093s][info][gc,stats    ] all workers. Dividing the <total> over the root stage time estimates parallelism.
[1.093s][info][gc,stats    ] 
[1.093s][info][gc,stats    ] Concurrent Reset                    173 us
[1.093s][info][gc,stats    ] Pause Init Mark (G)                 144 us
[1.094s][info][gc,stats    ] Pause Init Mark (N)                  56 us
[1.094s][info][gc,stats    ]   Update Region States               15 us
[1.094s][info][gc,stats    ] Concurrent Mark Roots               429 us, parallelism: 0.85x
[1.094s][info][gc,stats    ]   CMR: <total>                      367 us
[1.094s][info][gc,stats    ]   CMR: Thread Roots                  37 us, workers (us):  37,   0, ---, ---, ---, ---, ---, ---, 
[1.094s][info][gc,stats    ]   CMR: Code Cache Roots             282 us, workers (us): 281,   0, ---, ---, ---, ---, ---, ---, 
[1.094s][info][gc,stats    ]   CMR: VM Strong Roots                4 us, workers (us):   4,   0, ---, ---, ---, ---, ---, ---, 
[1.094s][info][gc,stats    ]   CMR: CLDG Roots                    44 us, workers (us):  44, ---, ---, ---, ---, ---, ---, ---, 
[1.094s][info][gc,stats    ] Concurrent Marking                 1412 us
[1.094s][info][gc,stats    ] Pause Final Mark (G)               2031 us
[1.094s][info][gc,stats    ] Pause Final Mark (N)               1934 us
[1.094s][info][gc,stats    ]   Finish Mark                      1814 us
[1.094s][info][gc,stats    ]   Update Region States               12 us
[1.094s][info][gc,stats    ]   Choose Collection Set              46 us
[1.094s][info][gc,stats    ]   Rebuild Free Set                   16 us
[1.094s][info][gc,stats    ] Concurrent Thread Roots             137 us, parallelism: 0.84x
[1.094s][info][gc,stats    ]   CTR: <total>                      115 us
[1.094s][info][gc,stats    ]   CTR: Thread Roots                 115 us, workers (us):  96,  19, ---, ---, ---, ---, ---, ---, 
[1.094s][info][gc,stats    ] Concurrent Weak References          113 us, parallelism: 0.57x
[1.094s][info][gc,stats    ]   CWRF: <total>                      64 us
[1.094s][info][gc,stats    ]   CWRF: Weak References              64 us, workers (us):  55,  10, ---, ---, ---, ---, ---, ---, 
[1.094s][info][gc,stats    ] Concurrent Weak Roots               249 us
[1.094s][info][gc,stats    ]   Roots                             192 us, parallelism: 0.90x
[1.094s][info][gc,stats    ]     CWR: <total>                    172 us
[1.094s][info][gc,stats    ]     CWR: VM Weak Roots              172 us, workers (us): 171,   0, ---, ---, ---, ---, ---, ---, 
[1.094s][info][gc,stats    ]   Rendezvous                         23 us
[1.094s][info][gc,stats    ] Concurrent Cleanup                   69 us
[1.094s][info][gc,stats    ] Concurrent Strong Roots             863 us, parallelism: 0.51x
[1.094s][info][gc,stats    ]   CSR: <total>                      442 us
[1.094s][info][gc,stats    ]   CSR: Code Cache Roots             346 us, workers (us):  99, 247, ---, ---, ---, ---, ---, ---, 
[1.094s][info][gc,stats    ]   CSR: VM Strong Roots                8 us, workers (us):   8,   0, ---, ---, ---, ---, ---, ---, 
[1.094s][info][gc,stats    ]   CSR: CLDG Roots                    88 us, workers (us):  88, ---, ---, ---, ---, ---, ---, ---, 
[1.094s][info][gc,stats    ] Concurrent Evacuation              1281 us
[1.094s][info][gc,stats    ] Pause Init Update Refs (G)          123 us
[1.094s][info][gc,stats    ] Pause Init Update Refs (N)           36 us
[1.094s][info][gc,stats    ]   Manage GCLABs                       3 us
[1.094s][info][gc,stats    ] Concurrent Update Refs             1306 us
[1.094s][info][gc,stats    ] Concurrent Update Thread Roots      137 us
[1.094s][info][gc,stats    ] Pause Final Update Refs (G)         181 us
[1.094s][info][gc,stats    ] Pause Final Update Refs (N)          67 us
[1.094s][info][gc,stats    ]   Update Region States               12 us
[1.094s][info][gc,stats    ]   Trash Collection Set                2 us
[1.094s][info][gc,stats    ]   Rebuild Free Set                   16 us
[1.094s][info][gc,stats    ] Concurrent Cleanup                   68 us
[1.094s][info][gc,stats    ] 
[1.094s][info][gc,stats    ] Allocation pacing accrued:
[1.094s][info][gc,stats    ]       0 of    11 ms (  0.0%): <total>
[1.094s][info][gc,stats    ]       0 of    11 ms (  0.0%): <average total>
[1.094s][info][gc,stats    ] 
[1.094s][info][gc,metaspace] Metaspace: 4194K(4416K)->4349K(4544K) NonClass: 3781K(3904K)->3914K(4032K) Class: 412K(512K)->434K(512K)
[1.094s][info][gc,ergo     ] Pacer for Idle. Initial: 40642K, Alloc Tax Rate: 1.0x
[1.095s][info][gc          ] Trigger: Start next cycle immediately
[1.095s][info][gc,ergo     ] Free: 1873M, Max: 512K regular, 1869M humongous, Frag: 1% external, 0% internal; Reserve: 101888K, Max: 512K
[1.095s][info][gc,start    ] GC(60) Concurrent reset
[1.095s][info][gc,task     ] GC(60) Using 2 of 8 workers for concurrent reset
[1.095s][info][gc,ergo     ] GC(60) Pacer for Reset. Non-Taxable: 1984M
[1.095s][info][gc          ] GC(60) Concurrent reset 0.187ms
[1.095s][info][gc,start    ] GC(60) Pause Init Mark
[1.096s][info][gc,task     ] GC(60) Using 8 of 8 workers for init marking
[1.096s][info][gc,ergo     ] GC(60) Pacer for Mark. Expected Live: 9912K, Free: 1873M, Non-Taxable: 187M, Alloc Tax Rate: 0.0x
[1.096s][info][gc          ] GC(60) Pause Init Mark 0.052ms
[1.096s][info][gc,start    ] GC(60) Concurrent marking roots
[1.096s][info][gc,task     ] GC(60) Using 2 of 8 workers for concurrent marking roots
[1.096s][info][gc          ] GC(60) Concurrent marking roots 0.302ms
[1.096s][info][gc,start    ] GC(60) Concurrent marking
[1.096s][info][gc,task     ] GC(60) Using 2 of 8 workers for concurrent marking
[1.101s][info][gc          ] GC(60) Concurrent marking 5.392ms
[1.101s][info][gc,start    ] GC(60) Pause Final Mark
[1.101s][info][gc,task     ] GC(60) Using 8 of 8 workers for final marking
[1.102s][info][gc,ergo     ] GC(60) Collectable Garbage: 1672K (100%), Immediate: 0B (0%), CSet: 1672K (100%)
[1.102s][info][gc,ergo     ] GC(60) Pacer for Evacuation. Used CSet: 9723K, Free: 1872M, Non-Taxable: 187M, Alloc Tax Rate: 1.1x
[1.102s][info][gc          ] GC(60) Pause Final Mark 0.301ms
[1.102s][info][gc,start    ] GC(60) Concurrent thread roots
[1.102s][info][gc,task     ] GC(60) Using 2 of 8 workers for Concurrent thread roots
[1.102s][info][gc          ] GC(60) Concurrent thread roots 0.292ms
[1.102s][info][gc,start    ] GC(60) Concurrent weak references
[1.102s][info][gc,task     ] GC(60) Using 2 of 8 workers for concurrent weak references
[1.102s][info][gc,ref      ] GC(60) Encountered references: Soft: 242, Weak: 714, Final: 0, Phantom: 580
[1.102s][info][gc,ref      ] GC(60) Discovered  references: Soft: 0, Weak: 395, Final: 0, Phantom: 579
[1.102s][info][gc,ref      ] GC(60) Enqueued    references: Soft: 0, Weak: 0, Final: 0, Phantom: 0
[1.102s][info][gc          ] GC(60) Concurrent weak references 0.121ms
[1.102s][info][gc,start    ] GC(60) Concurrent weak roots
[1.102s][info][gc,task     ] GC(60) Using 2 of 8 workers for concurrent weak root
[1.102s][info][gc          ] GC(60) Concurrent weak roots 0.147ms
[1.102s][info][gc,start    ] GC(60) Concurrent cleanup
[1.102s][info][gc          ] GC(60) Concurrent cleanup 12M->12M(143M) 0.072ms
[1.102s][info][gc,ergo     ] GC(60) Free: 1872M, Max: 512K regular, 1869M humongous, Frag: 1% external, 0% internal; Reserve: 101676K, Max: 512K
[1.102s][info][gc,start    ] GC(60) Concurrent strong roots
[1.102s][info][gc,task     ] GC(60) Using 2 of 8 workers for concurrent strong root
[1.103s][info][gc          ] GC(60) Concurrent strong roots 0.302ms
[1.103s][info][gc,start    ] GC(60) Concurrent evacuation
[1.103s][info][gc,task     ] GC(60) Using 2 of 8 workers for concurrent evacuation
[1.104s][info][gc          ] GC(60) Concurrent evacuation 1.305ms
[1.104s][info][gc,start    ] GC(60) Pause Init Update Refs
[1.104s][info][gc,ergo     ] GC(60) Pacer for Update Refs. Used: 20836K, Free: 1872M, Non-Taxable: 187M, Alloc Tax Rate: 1.1x
[1.104s][info][gc          ] GC(60) Pause Init Update Refs 0.025ms
[1.104s][info][gc,start    ] GC(60) Concurrent update references
[1.104s][info][gc,task     ] GC(60) Using 2 of 8 workers for concurrent reference update
[1.106s][info][gc          ] GC(60) Concurrent update references 1.378ms
[1.106s][info][gc,start    ] GC(60) Concurrent update thread roots
[1.106s][info][gc          ] GC(60) Concurrent update thread roots 0.121ms
[1.106s][info][gc,start    ] GC(60) Pause Final Update Refs
[1.106s][info][gc,task     ] GC(60) Using 8 of 8 workers for final reference update
[1.106s][info][gc          ] GC(60) Pause Final Update Refs 0.054ms
[1.106s][info][gc,start    ] GC(60) Concurrent cleanup
[1.106s][info][gc          ] GC(60) Concurrent cleanup 20M->11M(143M) 0.070ms
[1.106s][info][gc,ergo     ] Free: 1873M, Max: 512K regular, 1869M humongous, Frag: 1% external, 0% internal; Reserve: 101888K, Max: 512K
[1.106s][info][gc,stats    ] 
[1.106s][info][gc,stats    ] All times are wall-clock times, except per-root-class counters, that are sum over
[1.106s][info][gc,stats    ] all workers. Dividing the <total> over the root stage time estimates parallelism.
[1.106s][info][gc,stats    ] 
[1.106s][info][gc,stats    ] Concurrent Reset                    198 us
[1.106s][info][gc,stats    ] Pause Init Mark (G)                 151 us
[1.106s][info][gc,stats    ] Pause Init Mark (N)                  63 us
[1.106s][info][gc,stats    ]   Update Region States               14 us
[1.106s][info][gc,stats    ] Concurrent Mark Roots               317 us, parallelism: 1.47x
[1.106s][info][gc,stats    ]   CMR: <total>                      465 us
[1.106s][info][gc,stats    ]   CMR: Thread Roots                  93 us, workers (us):  27,  65, ---, ---, ---, ---, ---, ---, 
[1.106s][info][gc,stats    ]   CMR: Code Cache Roots             304 us, workers (us): 145, 158, ---, ---, ---, ---, ---, ---, 
[1.106s][info][gc,stats    ]   CMR: VM Strong Roots                6 us, workers (us):   6,   0, ---, ---, ---, ---, ---, ---, 
[1.106s][info][gc,stats    ]   CMR: CLDG Roots                    62 us, workers (us):  62, ---, ---, ---, ---, ---, ---, ---, 
[1.106s][info][gc,stats    ] Concurrent Marking                 5415 us
[1.106s][info][gc,stats    ] Pause Final Mark (G)                394 us
[1.106s][info][gc,stats    ] Pause Final Mark (N)                308 us
[1.106s][info][gc,stats    ]   Finish Mark                       204 us
[1.106s][info][gc,stats    ]   Update Region States               13 us
[1.106s][info][gc,stats    ]   Choose Collection Set              35 us
[1.106s][info][gc,stats    ]   Rebuild Free Set                   16 us
[1.106s][info][gc,stats    ] Concurrent Thread Roots             305 us, parallelism: 0.81x
[1.106s][info][gc,stats    ]   CTR: <total>                      247 us
[1.106s][info][gc,stats    ]   CTR: Thread Roots                 247 us, workers (us): 247,   0, ---, ---, ---, ---, ---, ---, 
[1.106s][info][gc,stats    ] Concurrent Weak References          128 us, parallelism: 0.59x
[1.106s][info][gc,stats    ]   CWRF: <total>                      76 us
[1.106s][info][gc,stats    ]   CWRF: Weak References              76 us, workers (us):  72,   4, ---, ---, ---, ---, ---, ---, 
[1.106s][info][gc,stats    ] Concurrent Weak Roots               159 us
[1.106s][info][gc,stats    ]   Roots                             112 us, parallelism: 1.65x
[1.106s][info][gc,stats    ]     CWR: <total>                    185 us
[1.106s][info][gc,stats    ]     CWR: VM Weak Roots              185 us, workers (us):  91,  94, ---, ---, ---, ---, ---, ---, 
[1.106s][info][gc,stats    ]   Rendezvous                         13 us
[1.106s][info][gc,stats    ] Concurrent Cleanup                   82 us
[1.106s][info][gc,stats    ] Concurrent Strong Roots             318 us, parallelism: 1.55x
[1.106s][info][gc,stats    ]   CSR: <total>                      493 us
[1.106s][info][gc,stats    ]   CSR: Code Cache Roots             394 us, workers (us): 164, 230, ---, ---, ---, ---, ---, ---, 
[1.106s][info][gc,stats    ]   CSR: VM Strong Roots                9 us, workers (us):   8,   0, ---, ---, ---, ---, ---, ---, 
[1.106s][info][gc,stats    ]   CSR: CLDG Roots                    90 us, workers (us):  90, ---, ---, ---, ---, ---, ---, ---, 
[1.106s][info][gc,stats    ] Concurrent Evacuation              1324 us
[1.106s][info][gc,stats    ] Pause Init Update Refs (G)          137 us
[1.106s][info][gc,stats    ] Pause Init Update Refs (N)           49 us
[1.106s][info][gc,stats    ]   Manage GCLABs                       3 us
[1.106s][info][gc,stats    ] Concurrent Update Refs             1398 us
[1.106s][info][gc,stats    ] Concurrent Update Thread Roots      132 us
[1.106s][info][gc,stats    ] Pause Final Update Refs (G)         146 us
[1.106s][info][gc,stats    ] Pause Final Update Refs (N)          65 us
[1.106s][info][gc,stats    ]   Update Region States               12 us
[1.106s][info][gc,stats    ]   Trash Collection Set                2 us
[1.106s][info][gc,stats    ]   Rebuild Free Set                   19 us
[1.107s][info][gc,stats    ] Concurrent Cleanup                   79 us
[1.107s][info][gc,stats    ] 
[1.107s][info][gc,stats    ] Allocation pacing accrued:
[1.107s][info][gc,stats    ]       0 of    13 ms (  0.0%): <total>
[1.107s][info][gc,stats    ]       0 of    13 ms (  0.0%): <average total>
[1.107s][info][gc,stats    ] 
[1.107s][info][gc,metaspace] Metaspace: 4383K(4544K)->4460K(4608K) NonClass: 3945K(4032K)->4014K(4096K) Class: 437K(512K)->446K(512K)
[1.107s][info][gc,ergo     ] Pacer for Idle. Initial: 40642K, Alloc Tax Rate: 1.0x
[1.108s][info][gc          ] Trigger: Start next cycle immediately
[1.108s][info][gc,ergo     ] Free: 1873M, Max: 512K regular, 1869M humongous, Frag: 1% external, 0% internal; Reserve: 101888K, Max: 512K
[1.108s][info][gc,start    ] GC(61) Concurrent reset
[1.108s][info][gc,task     ] GC(61) Using 2 of 8 workers for concurrent reset
[1.108s][info][gc,ergo     ] GC(61) Pacer for Reset. Non-Taxable: 1984M
[1.108s][info][gc          ] GC(61) Concurrent reset 0.205ms
[1.108s][info][gc,start    ] GC(61) Pause Init Mark
[1.108s][info][gc,task     ] GC(61) Using 8 of 8 workers for init marking
[1.108s][info][gc,ergo     ] GC(61) Pacer for Mark. Expected Live: 9923K, Free: 1873M, Non-Taxable: 187M, Alloc Tax Rate: 0.0x
[1.108s][info][gc          ] GC(61) Pause Init Mark 0.052ms
[1.108s][info][gc,start    ] GC(61) Concurrent marking roots
[1.108s][info][gc,task     ] GC(61) Using 2 of 8 workers for concurrent marking roots
[1.109s][info][gc          ] GC(61) Concurrent marking roots 0.299ms
[1.109s][info][gc,start    ] GC(61) Concurrent marking
[1.109s][info][gc,task     ] GC(61) Using 2 of 8 workers for concurrent marking
[1.110s][info][gc          ] GC(61) Concurrent marking 1.385ms
[1.110s][info][gc,start    ] GC(61) Pause Final Mark
[1.110s][info][gc,task     ] GC(61) Using 8 of 8 workers for final marking
[1.110s][info][gc,ergo     ] GC(61) Collectable Garbage: 1589K (100%), Immediate: 0B (0%), CSet: 1589K (100%)
[1.110s][info][gc,ergo     ] GC(61) Pacer for Evacuation. Used CSet: 9719K, Free: 1873M, Non-Taxable: 187M, Alloc Tax Rate: 1.1x
[1.110s][info][gc          ] GC(61) Pause Final Mark 0.183ms
[1.110s][info][gc,start    ] GC(61) Concurrent thread roots
[1.110s][info][gc,task     ] GC(61) Using 2 of 8 workers for Concurrent thread roots
[1.110s][info][gc          ] GC(61) Concurrent thread roots 0.073ms
[1.110s][info][gc,start    ] GC(61) Concurrent weak references
[1.110s][info][gc,task     ] GC(61) Using 2 of 8 workers for concurrent weak references
[1.111s][info][gc,ref      ] GC(61) Encountered references: Soft: 242, Weak: 714, Final: 0, Phantom: 580
[1.111s][info][gc,ref      ] GC(61) Discovered  references: Soft: 0, Weak: 424, Final: 0, Phantom: 578
[1.111s][info][gc,ref      ] GC(61) Enqueued    references: Soft: 0, Weak: 0, Final: 0, Phantom: 0
[1.111s][info][gc          ] GC(61) Concurrent weak references 0.102ms
[1.111s][info][gc,start    ] GC(61) Concurrent weak roots
[1.111s][info][gc,task     ] GC(61) Using 2 of 8 workers for concurrent weak root
[1.111s][info][gc          ] GC(61) Concurrent weak roots 0.577ms
[1.111s][info][gc,start    ] GC(61) Concurrent cleanup
[1.111s][info][gc          ] GC(61) Concurrent cleanup 12M->12M(143M) 0.079ms
[1.111s][info][gc,ergo     ] GC(61) Free: 1872M, Max: 512K regular, 1869M humongous, Frag: 1% external, 0% internal; Reserve: 101688K, Max: 512K
[1.111s][info][gc,start    ] GC(61) Concurrent strong roots
[1.111s][info][gc,task     ] GC(61) Using 2 of 8 workers for concurrent strong root
[1.112s][info][gc          ] GC(61) Concurrent strong roots 0.319ms
[1.112s][info][gc,start    ] GC(61) Concurrent evacuation
[1.112s][info][gc,task     ] GC(61) Using 2 of 8 workers for concurrent evacuation
[1.113s][info][gc          ] GC(61) Concurrent evacuation 1.319ms
[1.113s][info][gc,start    ] GC(61) Pause Init Update Refs
[1.113s][info][gc,ergo     ] GC(61) Pacer for Update Refs. Used: 21317K, Free: 1872M, Non-Taxable: 187M, Alloc Tax Rate: 1.1x
[1.113s][info][gc          ] GC(61) Pause Init Update Refs 0.026ms
[1.113s][info][gc,start    ] GC(61) Concurrent update references
[1.113s][info][gc,task     ] GC(61) Using 2 of 8 workers for concurrent reference update
[1.114s][info][gc          ] GC(61) Concurrent update references 1.336ms
[1.114s][info][gc,start    ] GC(61) Concurrent update thread roots
[1.115s][info][gc          ] GC(61) Concurrent update thread roots 0.119ms
[1.115s][info][gc,start    ] GC(61) Pause Final Update Refs
[1.115s][info][gc,task     ] GC(61) Using 8 of 8 workers for final reference update
[1.115s][info][gc          ] GC(61) Pause Final Update Refs 0.053ms
[1.115s][info][gc,start    ] GC(61) Concurrent cleanup
[1.115s][info][gc          ] GC(61) Concurrent cleanup 20M->11M(143M) 0.054ms
[1.115s][info][gc,ergo     ] Free: 1873M, Max: 512K regular, 1869M humongous, Frag: 1% external, 0% internal; Reserve: 101888K, Max: 512K
[1.115s][info][gc,stats    ] 
[1.115s][info][gc,stats    ] All times are wall-clock times, except per-root-class counters, that are sum over
[1.115s][info][gc,stats    ] all workers. Dividing the <total> over the root stage time estimates parallelism.
[1.115s][info][gc,stats    ] 
[1.115s][info][gc,stats    ] Concurrent Reset                    216 us
[1.115s][info][gc,stats    ] Pause Init Mark (G)                 151 us
[1.115s][info][gc,stats    ] Pause Init Mark (N)                  62 us
[1.115s][info][gc,stats    ]   Update Region States               15 us
[1.115s][info][gc,stats    ] Concurrent Mark Roots               314 us, parallelism: 1.37x
[1.115s][info][gc,stats    ]   CMR: <total>                      430 us
[1.115s][info][gc,stats    ]   CMR: Thread Roots                  28 us, workers (us):   0,  27, ---, ---, ---, ---, ---, ---, 
[1.115s][info][gc,stats    ]   CMR: Code Cache Roots             315 us, workers (us): 216,  99, ---, ---, ---, ---, ---, ---, 
[1.115s][info][gc,stats    ]   CMR: VM Strong Roots                6 us, workers (us):   2,   3, ---, ---, ---, ---, ---, ---, 
[1.115s][info][gc,stats    ]   CMR: CLDG Roots                    82 us, workers (us): ---,  82, ---, ---, ---, ---, ---, ---, 
[1.115s][info][gc,stats    ] Concurrent Marking                 1406 us
[1.115s][info][gc,stats    ] Pause Final Mark (G)                277 us
[1.115s][info][gc,stats    ] Pause Final Mark (N)                194 us
[1.115s][info][gc,stats    ]   Finish Mark                        95 us
[1.115s][info][gc,stats    ]   Update Region States               11 us
[1.115s][info][gc,stats    ]   Choose Collection Set              28 us
[1.115s][info][gc,stats    ]   Rebuild Free Set                   15 us
[1.115s][info][gc,stats    ] Concurrent Thread Roots              83 us, parallelism: 0.57x
[1.115s][info][gc,stats    ]   CTR: <total>                       47 us
[1.115s][info][gc,stats    ]   CTR: Thread Roots                  47 us, workers (us):  28,  19, ---, ---, ---, ---, ---, ---, 
[1.115s][info][gc,stats    ] Concurrent Weak References          114 us, parallelism: 0.65x
[1.115s][info][gc,stats    ]   CWRF: <total>                      74 us
[1.115s][info][gc,stats    ]   CWRF: Weak References              74 us, workers (us):  29,  46, ---, ---, ---, ---, ---, ---, 
[1.115s][info][gc,stats    ] Concurrent Weak Roots               613 us
[1.115s][info][gc,stats    ]   Roots                             207 us, parallelism: 0.89x
[1.115s][info][gc,stats    ]     CWR: <total>                    184 us
[1.115s][info][gc,stats    ]     CWR: VM Weak Roots              184 us, workers (us): 183,   0, ---, ---, ---, ---, ---, ---, 
[1.115s][info][gc,stats    ]   Rendezvous                        342 us
[1.115s][info][gc,stats    ] Concurrent Cleanup                   89 us
[1.115s][info][gc,stats    ] Concurrent Strong Roots             335 us, parallelism: 1.46x
[1.115s][info][gc,stats    ]   CSR: <total>                      488 us
[1.115s][info][gc,stats    ]   CSR: Code Cache Roots             362 us, workers (us):  95, 266, ---, ---, ---, ---, ---, ---, 
[1.115s][info][gc,stats    ]   CSR: VM Strong Roots               21 us, workers (us):  10,  11, ---, ---, ---, ---, ---, ---, 
[1.115s][info][gc,stats    ]   CSR: CLDG Roots                   105 us, workers (us): 105, ---, ---, ---, ---, ---, ---, ---, 
[1.115s][info][gc,stats    ] Concurrent Evacuation              1341 us
[1.115s][info][gc,stats    ] Pause Init Update Refs (G)          119 us
[1.115s][info][gc,stats    ] Pause Init Update Refs (N)           34 us
[1.115s][info][gc,stats    ]   Manage GCLABs                       2 us
[1.115s][info][gc,stats    ] Concurrent Update Refs             1358 us
[1.115s][info][gc,stats    ] Concurrent Update Thread Roots      130 us
[1.115s][info][gc,stats    ] Pause Final Update Refs (G)         147 us
[1.115s][info][gc,stats    ] Pause Final Update Refs (N)          63 us
[1.115s][info][gc,stats    ]   Update Region States               12 us
[1.115s][info][gc,stats    ]   Trash Collection Set                2 us
[1.115s][info][gc,stats    ]   Rebuild Free Set                   16 us
[1.115s][info][gc,stats    ] Concurrent Cleanup                   63 us
[1.115s][info][gc,stats    ] 
[1.115s][info][gc,stats    ] Allocation pacing accrued:
[1.115s][info][gc,stats    ]       0 of     9 ms (  0.0%): <total>
[1.115s][info][gc,stats    ]       0 of     9 ms (  0.0%): <average total>
[1.115s][info][gc,stats    ] 
[1.115s][info][gc,metaspace] Metaspace: 4460K(4608K)->4462K(4608K) NonClass: 4014K(4096K)->4016K(4096K) Class: 446K(512K)->446K(512K)
[1.115s][info][gc,ergo     ] Pacer for Idle. Initial: 40642K, Alloc Tax Rate: 1.0x
[1.116s][info][gc          ] Trigger: Start next cycle immediately
[1.116s][info][gc,ergo     ] Free: 1873M, Max: 512K regular, 1869M humongous, Frag: 1% external, 0% internal; Reserve: 101888K, Max: 512K
[1.116s][info][gc,start    ] GC(62) Concurrent reset
[1.116s][info][gc,task     ] GC(62) Using 2 of 8 workers for concurrent reset
[1.116s][info][gc,ergo     ] GC(62) Pacer for Reset. Non-Taxable: 1984M
[1.117s][info][gc          ] GC(62) Concurrent reset 0.209ms
[1.121s][info][gc,start    ] GC(62) Pause Init Mark
[1.121s][info][gc,task     ] GC(62) Using 8 of 8 workers for init marking
[1.121s][info][gc,ergo     ] GC(62) Pacer for Mark. Expected Live: 9948K, Free: 1873M, Non-Taxable: 187M, Alloc Tax Rate: 0.0x
[1.121s][info][gc          ] GC(62) Pause Init Mark 0.066ms
[1.121s][info][gc,start    ] GC(62) Concurrent marking roots
[1.121s][info][gc,task     ] GC(62) Using 2 of 8 workers for concurrent marking roots
[1.121s][info][gc          ] GC(62) Concurrent marking roots 0.349ms
[1.121s][info][gc,start    ] GC(62) Concurrent marking
[1.121s][info][gc,task     ] GC(62) Using 2 of 8 workers for concurrent marking
[1.123s][info][gc          ] GC(62) Concurrent marking 1.639ms
[1.123s][info][gc,start    ] GC(62) Pause Final Mark
[1.123s][info][gc,task     ] GC(62) Using 8 of 8 workers for final marking
[1.123s][info][gc,ergo     ] GC(62) Collectable Garbage: 1551K (100%), Immediate: 0B (0%), CSet: 1551K (100%)
[1.123s][info][gc,ergo     ] GC(62) Pacer for Evacuation. Used CSet: 9692K, Free: 1872M, Non-Taxable: 187M, Alloc Tax Rate: 1.1x
[1.123s][info][gc          ] GC(62) Pause Final Mark 0.327ms
[1.123s][info][gc,start    ] GC(62) Concurrent thread roots
[1.124s][info][gc,task     ] GC(62) Using 2 of 8 workers for Concurrent thread roots
[1.124s][info][gc          ] GC(62) Concurrent thread roots 0.096ms
[1.124s][info][gc,start    ] GC(62) Concurrent weak references
[1.124s][info][gc,task     ] GC(62) Using 2 of 8 workers for concurrent weak references
[1.124s][info][gc,ref      ] GC(62) Encountered references: Soft: 242, Weak: 714, Final: 0, Phantom: 580
[1.124s][info][gc,ref      ] GC(62) Discovered  references: Soft: 0, Weak: 417, Final: 0, Phantom: 579
[1.124s][info][gc,ref      ] GC(62) Enqueued    references: Soft: 0, Weak: 0, Final: 0, Phantom: 0
[1.124s][info][gc          ] GC(62) Concurrent weak references 0.119ms
[1.124s][info][gc,start    ] GC(62) Concurrent weak roots
[1.124s][info][gc,task     ] GC(62) Using 2 of 8 workers for concurrent weak root
[1.124s][info][gc          ] GC(62) Concurrent weak roots 0.163ms
[1.124s][info][gc,start    ] GC(62) Concurrent cleanup
[1.124s][info][gc          ] GC(62) Concurrent cleanup 12M->12M(143M) 0.063ms
[1.124s][info][gc,ergo     ] GC(62) Free: 1872M, Max: 512K regular, 1869M humongous, Frag: 1% external, 0% internal; Reserve: 101676K, Max: 512K
[1.124s][info][gc,start    ] GC(62) Concurrent strong roots
[1.124s][info][gc,task     ] GC(62) Using 2 of 8 workers for concurrent strong root
[1.124s][info][gc          ] GC(62) Concurrent strong roots 0.300ms
[1.124s][info][gc,start    ] GC(62) Concurrent evacuation
[1.124s][info][gc,task     ] GC(62) Using 2 of 8 workers for concurrent evacuation
[1.126s][info][gc          ] GC(62) Concurrent evacuation 1.341ms
[1.126s][info][gc,start    ] GC(62) Pause Init Update Refs
[1.126s][info][gc,ergo     ] GC(62) Pacer for Update Refs. Used: 21324K, Free: 1872M, Non-Taxable: 187M, Alloc Tax Rate: 1.1x
[1.126s][info][gc          ] GC(62) Pause Init Update Refs 0.029ms
[1.126s][info][gc,start    ] GC(62) Concurrent update references
[1.126s][info][gc,task     ] GC(62) Using 2 of 8 workers for concurrent reference update
[1.127s][info][gc          ] GC(62) Concurrent update references 1.535ms
[1.127s][info][gc,start    ] GC(62) Concurrent update thread roots
[1.128s][info][gc          ] GC(62) Concurrent update thread roots 0.120ms
[1.128s][info][gc,start    ] GC(62) Pause Final Update Refs
[1.128s][info][gc,task     ] GC(62) Using 8 of 8 workers for final reference update
[1.128s][info][gc          ] GC(62) Pause Final Update Refs 0.061ms
[1.128s][info][gc,start    ] GC(62) Concurrent cleanup
[1.128s][info][gc          ] GC(62) Concurrent cleanup 21M->11M(143M) 0.092ms
[1.128s][info][gc,ergo     ] Free: 1872M, Max: 512K regular, 1869M humongous, Frag: 1% external, 0% internal; Reserve: 101888K, Max: 512K
[1.128s][info][gc,stats    ] 
[1.128s][info][gc,stats    ] All times are wall-clock times, except per-root-class counters, that are sum over
[1.128s][info][gc,stats    ] all workers. Dividing the <total> over the root stage time estimates parallelism.
[1.128s][info][gc,stats    ] 
[1.128s][info][gc,stats    ] Concurrent Reset                    219 us
[1.128s][info][gc,stats    ] Pause Init Mark (G)                4348 us
[1.128s][info][gc,stats    ] Pause Init Mark (N)                  73 us
[1.128s][info][gc,stats    ]   Update Region States               17 us
[1.128s][info][gc,stats    ] Concurrent Mark Roots               369 us, parallelism: 1.31x
[1.128s][info][gc,stats    ]   CMR: <total>                      482 us
[1.128s][info][gc,stats    ]   CMR: Thread Roots                  59 us, workers (us):  18,  41, ---, ---, ---, ---, ---, ---, 
[1.128s][info][gc,stats    ]   CMR: Code Cache Roots             337 us, workers (us): 172, 165, ---, ---, ---, ---, ---, ---, 
[1.128s][info][gc,stats    ]   CMR: VM Strong Roots                4 us, workers (us):   4,   0, ---, ---, ---, ---, ---, ---, 
[1.128s][info][gc,stats    ]   CMR: CLDG Roots                    82 us, workers (us):  82, ---, ---, ---, ---, ---, ---, ---, 
[1.128s][info][gc,stats    ] Concurrent Marking                 1659 us
[1.128s][info][gc,stats    ] Pause Final Mark (G)                422 us
[1.128s][info][gc,stats    ] Pause Final Mark (N)                335 us
[1.128s][info][gc,stats    ]   Finish Mark                       241 us
[1.128s][info][gc,stats    ]   Update Region States               12 us
[1.128s][info][gc,stats    ]   Choose Collection Set              28 us
[1.128s][info][gc,stats    ]   Rebuild Free Set                   16 us
[1.128s][info][gc,stats    ] Concurrent Thread Roots             105 us, parallelism: 0.47x
[1.128s][info][gc,stats    ]   CTR: <total>                       50 us
[1.128s][info][gc,stats    ]   CTR: Thread Roots                  50 us, workers (us):  31,  19, ---, ---, ---, ---, ---, ---, 
[1.128s][info][gc,stats    ] Concurrent Weak References          127 us, parallelism: 0.60x
[1.128s][info][gc,stats    ]   CWRF: <total>                      76 us
[1.128s][info][gc,stats    ]   CWRF: Weak References              76 us, workers (us):   4,  72, ---, ---, ---, ---, ---, ---, 
[1.128s][info][gc,stats    ] Concurrent Weak Roots               173 us
[1.128s][info][gc,stats    ]   Roots                             131 us, parallelism: 1.46x
[1.128s][info][gc,stats    ]     CWR: <total>                    192 us
[1.128s][info][gc,stats    ]     CWR: VM Weak Roots              192 us, workers (us):  94,  98, ---, ---, ---, ---, ---, ---, 
[1.128s][info][gc,stats    ]   Rendezvous                         16 us
[1.128s][info][gc,stats    ] Concurrent Cleanup                   71 us
[1.128s][info][gc,stats    ] Concurrent Strong Roots             316 us, parallelism: 1.45x
[1.128s][info][gc,stats    ]   CSR: <total>                      459 us
[1.128s][info][gc,stats    ]   CSR: Code Cache Roots             360 us, workers (us): 193, 167, ---, ---, ---, ---, ---, ---, 
[1.128s][info][gc,stats    ]   CSR: VM Strong Roots                8 us, workers (us):   5,   3, ---, ---, ---, ---, ---, ---, 
[1.128s][info][gc,stats    ]   CSR: CLDG Roots                    90 us, workers (us): ---,  90, ---, ---, ---, ---, ---, ---, 
[1.128s][info][gc,stats    ] Concurrent Evacuation              1362 us
[1.128s][info][gc,stats    ] Pause Init Update Refs (G)          253 us
[1.128s][info][gc,stats    ] Pause Init Update Refs (N)           37 us
[1.128s][info][gc,stats    ]   Manage GCLABs                       3 us
[1.128s][info][gc,stats    ] Concurrent Update Refs             1557 us
[1.128s][info][gc,stats    ] Concurrent Update Thread Roots      132 us
[1.128s][info][gc,stats    ] Pause Final Update Refs (G)         160 us
[1.128s][info][gc,stats    ] Pause Final Update Refs (N)          72 us
[1.128s][info][gc,stats    ]   Update Region States               12 us
[1.128s][info][gc,stats    ]   Trash Collection Set                2 us
[1.128s][info][gc,stats    ]   Rebuild Free Set                   26 us
[1.128s][info][gc,stats    ] Concurrent Cleanup                  103 us
[1.128s][info][gc,stats    ] 
[1.128s][info][gc,stats    ] Allocation pacing accrued:
[1.128s][info][gc,stats    ]       0 of    13 ms (  0.0%): <total>
[1.128s][info][gc,stats    ]       0 of    13 ms (  0.0%): <average total>
[1.128s][info][gc,stats    ] 
[1.128s][info][gc,metaspace] Metaspace: 4464K(4608K)->4477K(4672K) NonClass: 4018K(4096K)->4030K(4160K) Class: 446K(512K)->447K(512K)
[1.128s][info][gc,ergo     ] Pacer for Idle. Initial: 40642K, Alloc Tax Rate: 1.0x
[1.132s][info][gc          ] Trigger: Start next cycle immediately
[1.132s][info][gc,ergo     ] Free: 1872M, Max: 512K regular, 1869M humongous, Frag: 1% external, 0% internal; Reserve: 101888K, Max: 512K
[1.132s][info][gc,start    ] GC(63) Concurrent reset
[1.132s][info][gc,task     ] GC(63) Using 2 of 8 workers for concurrent reset
[1.132s][info][gc,ergo     ] GC(63) Pacer for Reset. Non-Taxable: 1984M
[1.133s][info][gc          ] GC(63) Concurrent reset 0.697ms
[1.133s][info][gc,start    ] GC(63) Pause Init Mark
[1.133s][info][gc,task     ] GC(63) Using 8 of 8 workers for init marking
[1.133s][info][gc,ergo     ] GC(63) Pacer for Mark. Expected Live: 9976K, Free: 1872M, Non-Taxable: 187M, Alloc Tax Rate: 0.0x
[1.133s][info][gc          ] GC(63) Pause Init Mark 0.054ms
[1.133s][info][gc,start    ] GC(63) Concurrent marking roots
[1.133s][info][gc,task     ] GC(63) Using 2 of 8 workers for concurrent marking roots
[1.136s][info][gc          ] GC(63) Concurrent marking roots 2.878ms
[1.136s][info][gc,start    ] GC(63) Concurrent marking
[1.136s][info][gc,task     ] GC(63) Using 2 of 8 workers for concurrent marking
[1.138s][info][gc          ] GC(63) Concurrent marking 1.737ms
[1.138s][info][gc,start    ] GC(63) Pause Final Mark
[1.138s][info][gc,task     ] GC(63) Using 8 of 8 workers for final marking
[1.138s][info][gc,ergo     ] GC(63) Collectable Garbage: 2021K (100%), Immediate: 0B (0%), CSet: 2021K (100%)
[1.138s][info][gc,ergo     ] GC(63) Pacer for Evacuation. Used CSet: 10236K, Free: 1872M, Non-Taxable: 187M, Alloc Tax Rate: 1.1x
[1.138s][info][gc          ] GC(63) Pause Final Mark 0.199ms
[1.138s][info][gc,start    ] GC(63) Concurrent thread roots
[1.138s][info][gc,task     ] GC(63) Using 2 of 8 workers for Concurrent thread roots
[1.138s][info][gc          ] GC(63) Concurrent thread roots 0.085ms
[1.138s][info][gc,start    ] GC(63) Concurrent weak references
[1.138s][info][gc,task     ] GC(63) Using 2 of 8 workers for concurrent weak references
[1.138s][info][gc,ref      ] GC(63) Encountered references: Soft: 244, Weak: 735, Final: 0, Phantom: 580
[1.138s][info][gc,ref      ] GC(63) Discovered  references: Soft: 0, Weak: 438, Final: 0, Phantom: 197
[1.138s][info][gc,ref      ] GC(63) Enqueued    references: Soft: 0, Weak: 4, Final: 0, Phantom: 0
[1.138s][info][gc          ] GC(63) Concurrent weak references 0.153ms
[1.138s][info][gc,start    ] GC(63) Concurrent weak roots
[1.138s][info][gc,task     ] GC(63) Using 2 of 8 workers for concurrent weak root
[1.138s][info][gc          ] GC(63) Concurrent weak roots 0.170ms
[1.138s][info][gc,start    ] GC(63) Concurrent cleanup
[1.139s][info][gc          ] GC(63) Concurrent cleanup 13M->13M(143M) 0.065ms
[1.139s][info][gc,ergo     ] GC(63) Free: 1871M, Max: 512K regular, 1869M humongous, Frag: 1% external, 0% internal; Reserve: 101641K, Max: 512K
[1.139s][info][gc,start    ] GC(63) Concurrent strong roots
[1.139s][info][gc,task     ] GC(63) Using 2 of 8 workers for concurrent strong root
[1.139s][info][gc          ] GC(63) Concurrent strong roots 0.577ms
[1.139s][info][gc,start    ] GC(63) Concurrent evacuation
[1.139s][info][gc,task     ] GC(63) Using 2 of 8 workers for concurrent evacuation
[1.141s][info][gc          ] GC(63) Concurrent evacuation 1.452ms
[1.141s][info][gc,start    ] GC(63) Pause Init Update Refs
[1.141s][info][gc,ergo     ] GC(63) Pacer for Update Refs. Used: 22637K, Free: 1871M, Non-Taxable: 187M, Alloc Tax Rate: 1.1x
[1.141s][info][gc          ] GC(63) Pause Init Update Refs 0.027ms
[1.141s][info][gc,start    ] GC(63) Concurrent update references
[1.141s][info][gc,task     ] GC(63) Using 2 of 8 workers for concurrent reference update
[1.142s][info][gc          ] GC(63) Concurrent update references 1.573ms
[1.142s][info][gc,start    ] GC(63) Concurrent update thread roots
[1.143s][info][gc          ] GC(63) Concurrent update thread roots 0.224ms
[1.143s][info][gc,start    ] GC(63) Pause Final Update Refs
[1.143s][info][gc,task     ] GC(63) Using 8 of 8 workers for final reference update
[1.143s][info][gc          ] GC(63) Pause Final Update Refs 0.060ms
[1.143s][info][gc,start    ] GC(63) Concurrent cleanup
[1.143s][info][gc          ] GC(63) Concurrent cleanup 22M->12M(143M) 0.057ms
[1.143s][info][gc,ergo     ] Free: 1872M, Max: 512K regular, 1868M humongous, Frag: 1% external, 0% internal; Reserve: 101888K, Max: 512K
[1.143s][info][gc,stats    ] 
[1.143s][info][gc,stats    ] All times are wall-clock times, except per-root-class counters, that are sum over
[1.143s][info][gc,stats    ] all workers. Dividing the <total> over the root stage time estimates parallelism.
[1.143s][info][gc,stats    ] 
[1.143s][info][gc,stats    ] Concurrent Reset                    718 us
[1.143s][info][gc,stats    ] Pause Init Mark (G)                 174 us
[1.143s][info][gc,stats    ] Pause Init Mark (N)                  80 us
[1.143s][info][gc,stats    ]   Update Region States               15 us
[1.143s][info][gc,stats    ] Concurrent Mark Roots              2900 us, parallelism: 0.19x
[1.143s][info][gc,stats    ]   CMR: <total>                      555 us
[1.143s][info][gc,stats    ]   CMR: Thread Roots                 122 us, workers (us): 102,  20, ---, ---, ---, ---, ---, ---, 
[1.143s][info][gc,stats    ]   CMR: Code Cache Roots             360 us, workers (us): 182, 178, ---, ---, ---, ---, ---, ---, 
[1.143s][info][gc,stats    ]   CMR: VM Strong Roots                5 us, workers (us):   4,   2, ---, ---, ---, ---, ---, ---, 
[1.143s][info][gc,stats    ]   CMR: CLDG Roots                    67 us, workers (us): ---,  67, ---, ---, ---, ---, ---, ---, 
[1.143s][info][gc,stats    ] Concurrent Marking                 1755 us
[1.143s][info][gc,stats    ] Pause Final Mark (G)                294 us
[1.143s][info][gc,stats    ] Pause Final Mark (N)                208 us
[1.143s][info][gc,stats    ]   Finish Mark                        99 us
[1.143s][info][gc,stats    ]   Update Region States               14 us
[1.143s][info][gc,stats    ]   Choose Collection Set              34 us
[1.143s][info][gc,stats    ]   Rebuild Free Set                   16 us
[1.143s][info][gc,stats    ] Concurrent Thread Roots              95 us, parallelism: 0.81x
[1.143s][info][gc,stats    ]   CTR: <total>                       77 us
[1.143s][info][gc,stats    ]   CTR: Thread Roots                  77 us, workers (us):  21,  56, ---, ---, ---, ---, ---, ---, 
[1.143s][info][gc,stats    ] Concurrent Weak References          179 us, parallelism: 0.25x
[1.143s][info][gc,stats    ]   CWRF: <total>                      44 us
[1.143s][info][gc,stats    ]   CWRF: Weak References              44 us, workers (us):  43,   1, ---, ---, ---, ---, ---, ---, 
[1.143s][info][gc,stats    ] Concurrent Weak Roots               179 us
[1.143s][info][gc,stats    ]   Roots                             127 us, parallelism: 1.63x
[1.143s][info][gc,stats    ]     CWR: <total>                    207 us
[1.143s][info][gc,stats    ]     CWR: VM Weak Roots              207 us, workers (us): 107, 100, ---, ---, ---, ---, ---, ---, 
[1.143s][info][gc,stats    ]   Rendezvous                         15 us
[1.143s][info][gc,stats    ] Concurrent Cleanup                   74 us
[1.143s][info][gc,stats    ] Concurrent Strong Roots             599 us, parallelism: 0.91x
[1.143s][info][gc,stats    ]   CSR: <total>                      547 us
[1.143s][info][gc,stats    ]   CSR: Code Cache Roots             437 us, workers (us): 398,  40, ---, ---, ---, ---, ---, ---, 
[1.143s][info][gc,stats    ]   CSR: VM Strong Roots               10 us, workers (us):  10,   0, ---, ---, ---, ---, ---, ---, 
[1.143s][info][gc,stats    ]   CSR: CLDG Roots                    99 us, workers (us):  99, ---, ---, ---, ---, ---, ---, ---, 
[1.143s][info][gc,stats    ] Concurrent Evacuation              1474 us
[1.143s][info][gc,stats    ] Pause Init Update Refs (G)          125 us
[1.143s][info][gc,stats    ] Pause Init Update Refs (N)           35 us
[1.143s][info][gc,stats    ]   Manage GCLABs                       4 us
[1.143s][info][gc,stats    ] Concurrent Update Refs             1597 us
[1.143s][info][gc,stats    ] Concurrent Update Thread Roots      241 us
[1.143s][info][gc,stats    ] Pause Final Update Refs (G)         164 us
[1.143s][info][gc,stats    ] Pause Final Update Refs (N)          70 us
[1.143s][info][gc,stats    ]   Update Region States               12 us
[1.143s][info][gc,stats    ]   Trash Collection Set                2 us
[1.143s][info][gc,stats    ]   Rebuild Free Set                   21 us
[1.143s][info][gc,stats    ] Concurrent Cleanup                   65 us
[1.143s][info][gc,stats    ] 
[1.143s][info][gc,stats    ] Allocation pacing accrued:
[1.143s][info][gc,stats    ]       0 of    15 ms (  0.0%): <total>
[1.143s][info][gc,stats    ]       0 of    15 ms (  0.0%): <average total>
[1.143s][info][gc,stats    ] 
[1.143s][info][gc,metaspace] Metaspace: 4546K(4736K)->4638K(4800K) NonClass: 4091K(4224K)->4177K(4288K) Class: 455K(512K)->461K(512K)
[1.143s][info][gc,ergo     ] Pacer for Idle. Initial: 40642K, Alloc Tax Rate: 1.0x
[1.145s][info][gc          ] Trigger: Start next cycle immediately
[1.145s][info][gc,ergo     ] Free: 1872M, Max: 512K regular, 1868M humongous, Frag: 1% external, 0% internal; Reserve: 101888K, Max: 512K
[1.145s][info][gc,start    ] GC(64) Concurrent reset
[1.145s][info][gc,task     ] GC(64) Using 2 of 8 workers for concurrent reset
[1.145s][info][gc,ergo     ] GC(64) Pacer for Reset. Non-Taxable: 1984M
[1.145s][info][gc          ] GC(64) Concurrent reset 0.264ms
[1.145s][info][gc,start    ] GC(64) Pause Init Mark (unload classes)
[1.145s][info][gc,task     ] GC(64) Using 8 of 8 workers for init marking
[1.145s][info][gc,ergo     ] GC(64) Pacer for Mark. Expected Live: 10017K, Free: 1872M, Non-Taxable: 187M, Alloc Tax Rate: 0.0x
[1.145s][info][gc          ] GC(64) Pause Init Mark (unload classes) 0.046ms
[1.145s][info][gc,start    ] GC(64) Concurrent marking roots
[1.145s][info][gc,task     ] GC(64) Using 2 of 8 workers for concurrent marking roots
[1.145s][info][gc          ] GC(64) Concurrent marking roots 0.202ms
[1.145s][info][gc,start    ] GC(64) Concurrent marking (unload classes)
[1.145s][info][gc,task     ] GC(64) Using 2 of 8 workers for concurrent marking
[1.147s][info][gc          ] GC(64) Concurrent marking (unload classes) 1.581ms
[1.147s][info][gc,start    ] GC(64) Pause Final Mark (unload classes)
[1.147s][info][gc,task     ] GC(64) Using 8 of 8 workers for final marking
[1.147s][info][gc,ergo     ] GC(64) Collectable Garbage: 2268K (100%), Immediate: 0B (0%), CSet: 2268K (100%)
[1.147s][info][gc,ergo     ] GC(64) Pacer for Evacuation. Used CSet: 10498K, Free: 1871M, Non-Taxable: 187M, Alloc Tax Rate: 1.1x
[1.147s][info][gc          ] GC(64) Pause Final Mark (unload classes) 0.194ms
[1.147s][info][gc,start    ] GC(64) Concurrent thread roots
[1.147s][info][gc,task     ] GC(64) Using 2 of 8 workers for Concurrent thread roots
[1.147s][info][gc          ] GC(64) Concurrent thread roots 0.075ms
[1.147s][info][gc,start    ] GC(64) Concurrent weak references
[1.147s][info][gc,task     ] GC(64) Using 2 of 8 workers for concurrent weak references
[1.147s][info][gc,ref      ] GC(64) Encountered references: Soft: 244, Weak: 750, Final: 0, Phantom: 586
[1.147s][info][gc,ref      ] GC(64) Discovered  references: Soft: 0, Weak: 276, Final: 0, Phantom: 585
[1.147s][info][gc,ref      ] GC(64) Enqueued    references: Soft: 0, Weak: 7, Final: 0, Phantom: 6
[1.147s][info][gc          ] GC(64) Concurrent weak references 0.113ms
[1.147s][info][gc,start    ] GC(64) Concurrent weak roots
[1.147s][info][gc,task     ] GC(64) Using 2 of 8 workers for concurrent weak root
[1.148s][info][gc          ] GC(64) Concurrent weak roots 0.561ms
[1.148s][info][gc,start    ] GC(64) Concurrent cleanup
[1.148s][info][gc          ] GC(64) Concurrent cleanup 13M->13M(143M) 0.077ms
[1.148s][info][gc,ergo     ] GC(64) Free: 1871M, Max: 512K regular, 1868M humongous, Frag: 1% external, 0% internal; Reserve: 101589K, Max: 512K
[1.148s][info][gc,start    ] GC(64) Concurrent class unloading
[1.148s][info][gc,task     ] GC(64) Using 2 of 8 workers for concurrent class unloading
[1.149s][info][gc          ] GC(64) Concurrent class unloading 0.572ms
[1.149s][info][gc,start    ] GC(64) Concurrent strong roots
[1.149s][info][gc,task     ] GC(64) Using 2 of 8 workers for concurrent strong root
[1.149s][info][gc          ] GC(64) Concurrent strong roots 0.135ms
[1.149s][info][gc,start    ] GC(64) Concurrent evacuation
[1.149s][info][gc,task     ] GC(64) Using 2 of 8 workers for concurrent evacuation
[1.151s][info][gc          ] GC(64) Concurrent evacuation 1.615ms
[1.151s][info][gc,start    ] GC(64) Pause Init Update Refs
[1.151s][info][gc,ergo     ] GC(64) Pacer for Update Refs. Used: 23475K, Free: 1870M, Non-Taxable: 187M, Alloc Tax Rate: 1.1x
[1.151s][info][gc          ] GC(64) Pause Init Update Refs 0.025ms
[1.151s][info][gc,start    ] GC(64) Concurrent update references
[1.151s][info][gc,task     ] GC(64) Using 2 of 8 workers for concurrent reference update
[1.152s][info][gc          ] GC(64) Concurrent update references 1.436ms
[1.152s][info][gc,start    ] GC(64) Concurrent update thread roots
[1.152s][info][gc          ] GC(64) Concurrent update thread roots 0.081ms
[1.152s][info][gc,start    ] GC(64) Pause Final Update Refs
[1.152s][info][gc,task     ] GC(64) Using 8 of 8 workers for final reference update
[1.152s][info][gc          ] GC(64) Pause Final Update Refs 0.050ms
[1.152s][info][gc,start    ] GC(64) Concurrent cleanup
[1.152s][info][gc          ] GC(64) Concurrent cleanup 22M->12M(144M) 0.055ms
[1.152s][info][gc,ergo     ] Free: 1871M, Max: 512K regular, 1868M humongous, Frag: 1% external, 0% internal; Reserve: 101888K, Max: 512K
[1.152s][info][gc,stats    ] 
[1.152s][info][gc,stats    ] All times are wall-clock times, except per-root-class counters, that are sum over
[1.152s][info][gc,stats    ] all workers. Dividing the <total> over the root stage time estimates parallelism.
[1.152s][info][gc,stats    ] 
[1.153s][info][gc,stats    ] Concurrent Reset                    275 us
[1.153s][info][gc,stats    ] Pause Init Mark (G)                 145 us
[1.153s][info][gc,stats    ] Pause Init Mark (N)                  57 us
[1.153s][info][gc,stats    ]   Update Region States               14 us
[1.153s][info][gc,stats    ] Concurrent Mark Roots               215 us, parallelism: 0.68x
[1.153s][info][gc,stats    ]   CMR: <total>                      146 us
[1.153s][info][gc,stats    ]   CMR: Thread Roots                  80 us, workers (us):  80,   0, ---, ---, ---, ---, ---, ---, 
[1.153s][info][gc,stats    ]   CMR: VM Strong Roots                4 us, workers (us):   4,   0, ---, ---, ---, ---, ---, ---, 
[1.153s][info][gc,stats    ]   CMR: CLDG Roots                    62 us, workers (us):  62, ---, ---, ---, ---, ---, ---, ---, 
[1.153s][info][gc,stats    ] Concurrent Marking                 1603 us
[1.153s][info][gc,stats    ] Pause Final Mark (G)                357 us
[1.153s][info][gc,stats    ] Pause Final Mark (N)                203 us
[1.153s][info][gc,stats    ]   Finish Mark                        93 us
[1.153s][info][gc,stats    ]   Update Region States               12 us
[1.153s][info][gc,stats    ]   Choose Collection Set              33 us
[1.153s][info][gc,stats    ]   Rebuild Free Set                   16 us
[1.153s][info][gc,stats    ] Concurrent Thread Roots              88 us, parallelism: 0.39x
[1.153s][info][gc,stats    ]   CTR: <total>                       34 us
[1.153s][info][gc,stats    ]   CTR: Thread Roots                  34 us, workers (us):  16,  18, ---, ---, ---, ---, ---, ---, 
[1.153s][info][gc,stats    ] Concurrent Weak References          121 us, parallelism: 0.57x
[1.153s][info][gc,stats    ]   CWRF: <total>                      68 us
[1.153s][info][gc,stats    ]   CWRF: Weak References              68 us, workers (us):  62,   6, ---, ---, ---, ---, ---, ---, 
[1.153s][info][gc,stats    ] Concurrent Weak Roots               583 us
[1.153s][info][gc,stats    ]   Roots                             267 us, parallelism: 1.65x
[1.153s][info][gc,stats    ]     CWR: <total>                    441 us
[1.153s][info][gc,stats    ]     CWR: Code Cache Roots           229 us, workers (us): 112, 117, ---, ---, ---, ---, ---, ---, 
[1.153s][info][gc,stats    ]     CWR: VM Weak Roots              209 us, workers (us): 118,  91, ---, ---, ---, ---, ---, ---, 
[1.153s][info][gc,stats    ]     CWR: CLDG Roots                   4 us, workers (us): ---,   4, ---, ---, ---, ---, ---, ---, 
[1.153s][info][gc,stats    ]   Rendezvous                        275 us
[1.153s][info][gc,stats    ] Concurrent Cleanup                   87 us
[1.153s][info][gc,stats    ] Concurrent Class Unloading          606 us
[1.153s][info][gc,stats    ]   Unlink Stale                      478 us
[1.153s][info][gc,stats    ]     System Dictionary                22 us
[1.153s][info][gc,stats    ]     Weak Class Links                  0 us
[1.153s][info][gc,stats    ]     Code Roots                      455 us
[1.153s][info][gc,stats    ]   Rendezvous                         14 us
[1.153s][info][gc,stats    ]   Purge Unlinked                     62 us
[1.153s][info][gc,stats    ]     Code Roots                       58 us
[1.153s][info][gc,stats    ]     CLDG                              4 us
[1.153s][info][gc,stats    ]     Exception Caches                  0 us
[1.153s][info][gc,stats    ] Concurrent Strong Roots             171 us, parallelism: 0.61x
[1.153s][info][gc,stats    ]   CSR: <total>                      104 us
[1.153s][info][gc,stats    ]   CSR: VM Strong Roots                8 us, workers (us):   5,   3, ---, ---, ---, ---, ---, ---, 
[1.153s][info][gc,stats    ]   CSR: CLDG Roots                    97 us, workers (us): ---,  97, ---, ---, ---, ---, ---, ---, 
[1.153s][info][gc,stats    ] Concurrent Evacuation              1635 us
[1.153s][info][gc,stats    ] Pause Init Update Refs (G)          115 us
[1.153s][info][gc,stats    ] Pause Init Update Refs (N)           31 us
[1.153s][info][gc,stats    ]   Manage GCLABs                       3 us
[1.153s][info][gc,stats    ] Concurrent Update Refs             1460 us
[1.153s][info][gc,stats    ] Concurrent Update Thread Roots       91 us
[1.153s][info][gc,stats    ] Pause Final Update Refs (G)         146 us
[1.153s][info][gc,stats    ] Pause Final Update Refs (N)          59 us
[1.153s][info][gc,stats    ]   Update Region States               12 us
[1.153s][info][gc,stats    ]   Trash Collection Set                2 us
[1.153s][info][gc,stats    ]   Rebuild Free Set                   17 us
[1.153s][info][gc,stats    ] Concurrent Cleanup                   63 us
[1.153s][info][gc,stats    ] 
[1.153s][info][gc,stats    ] Allocation pacing accrued:
[1.153s][info][gc,stats    ]       0 of    10 ms (  0.0%): <total>
[1.153s][info][gc,stats    ]       0 of    10 ms (  0.0%): <average total>
[1.153s][info][gc,stats    ] 
[1.153s][info][gc,metaspace] Metaspace: 4712K(4864K)->4761K(4928K) NonClass: 4241K(4352K)->4283K(4416K) Class: 470K(512K)->478K(512K)
[1.153s][info][gc,ergo     ] Pacer for Idle. Initial: 40642K, Alloc Tax Rate: 1.0x
[1.154s][info][gc          ] Trigger: Start next cycle immediately
[1.154s][info][gc,ergo     ] Free: 1871M, Max: 512K regular, 1868M humongous, Frag: 1% external, 0% internal; Reserve: 101888K, Max: 512K
[1.154s][info][gc,start    ] GC(65) Concurrent reset
[1.154s][info][gc,task     ] GC(65) Using 2 of 8 workers for concurrent reset
[1.154s][info][gc,ergo     ] GC(65) Pacer for Reset. Non-Taxable: 1984M
[1.154s][info][gc          ] GC(65) Concurrent reset 0.227ms
[1.154s][info][gc,start    ] GC(65) Pause Init Mark
[1.154s][info][gc,task     ] GC(65) Using 8 of 8 workers for init marking
[1.154s][info][gc,ergo     ] GC(65) Pacer for Mark. Expected Live: 10058K, Free: 1871M, Non-Taxable: 187M, Alloc Tax Rate: 0.0x
[1.154s][info][gc          ] GC(65) Pause Init Mark 0.043ms
[1.155s][info][gc,start    ] GC(65) Concurrent marking roots
[1.155s][info][gc,task     ] GC(65) Using 2 of 8 workers for concurrent marking roots
[1.156s][info][gc          ] GC(65) Concurrent marking roots 1.684ms
[1.156s][info][gc,start    ] GC(65) Concurrent marking
[1.156s][info][gc,task     ] GC(65) Using 2 of 8 workers for concurrent marking
[1.158s][info][gc          ] GC(65) Concurrent marking 1.844ms
[1.158s][info][gc,start    ] GC(65) Pause Final Mark
[1.158s][info][gc,task     ] GC(65) Using 8 of 8 workers for final marking
[1.158s][info][gc,ergo     ] GC(65) Collectable Garbage: 2834K (100%), Immediate: 0B (0%), CSet: 2834K (100%)
[1.158s][info][gc,ergo     ] GC(65) Pacer for Evacuation. Used CSet: 11071K, Free: 1871M, Non-Taxable: 187M, Alloc Tax Rate: 1.1x
[1.158s][info][gc          ] GC(65) Pause Final Mark 0.183ms
[1.158s][info][gc,start    ] GC(65) Concurrent thread roots
[1.158s][info][gc,task     ] GC(65) Using 2 of 8 workers for Concurrent thread roots
[1.158s][info][gc          ] GC(65) Concurrent thread roots 0.111ms
[1.158s][info][gc,start    ] GC(65) Concurrent weak references
[1.158s][info][gc,task     ] GC(65) Using 2 of 8 workers for concurrent weak references
[1.159s][info][gc,ref      ] GC(65) Encountered references: Soft: 248, Weak: 748, Final: 0, Phantom: 585
[1.159s][info][gc,ref      ] GC(65) Discovered  references: Soft: 0, Weak: 343, Final: 0, Phantom: 583
[1.159s][info][gc,ref      ] GC(65) Enqueued    references: Soft: 0, Weak: 1, Final: 0, Phantom: 5
[1.159s][info][gc          ] GC(65) Concurrent weak references 0.128ms
[1.159s][info][gc,start    ] GC(65) Concurrent weak roots
[1.159s][info][gc,task     ] GC(65) Using 2 of 8 workers for concurrent weak root
[1.159s][info][gc          ] GC(65) Concurrent weak roots 0.166ms
[1.159s][info][gc,start    ] GC(65) Concurrent cleanup
[1.159s][info][gc          ] GC(65) Concurrent cleanup 13M->13M(144M) 0.075ms
[1.159s][info][gc,ergo     ] GC(65) Free: 1870M, Max: 512K regular, 1868M humongous, Frag: 1% external, 0% internal; Reserve: 101591K, Max: 512K
[1.159s][info][gc,start    ] GC(65) Concurrent strong roots
[1.159s][info][gc,task     ] GC(65) Using 2 of 8 workers for concurrent strong root
[1.159s][info][gc          ] GC(65) Concurrent strong roots 0.288ms
[1.159s][info][gc,start    ] GC(65) Concurrent evacuation
[1.159s][info][gc,task     ] GC(65) Using 2 of 8 workers for concurrent evacuation
[1.161s][info][gc          ] GC(65) Concurrent evacuation 1.388ms
[1.161s][info][gc,start    ] GC(65) Pause Init Update Refs
[1.161s][info][gc,ergo     ] GC(65) Pacer for Update Refs. Used: 23539K, Free: 1870M, Non-Taxable: 187M, Alloc Tax Rate: 1.1x
[1.161s][info][gc          ] GC(65) Pause Init Update Refs 0.026ms
[1.161s][info][gc,start    ] GC(65) Concurrent update references
[1.161s][info][gc,task     ] GC(65) Using 2 of 8 workers for concurrent reference update
[1.162s][info][gc          ] GC(65) Concurrent update references 1.332ms
[1.162s][info][gc,start    ] GC(65) Concurrent update thread roots
[1.163s][info][gc          ] GC(65) Concurrent update thread roots 1.011ms
[1.163s][info][gc,start    ] GC(65) Pause Final Update Refs
[1.163s][info][gc,task     ] GC(65) Using 8 of 8 workers for final reference update
[1.163s][info][gc          ] GC(65) Pause Final Update Refs 0.056ms
[1.163s][info][gc,start    ] GC(65) Concurrent cleanup
[1.163s][info][gc          ] GC(65) Concurrent cleanup 23M->12M(144M) 0.055ms
[1.163s][info][gc,ergo     ] Free: 1871M, Max: 512K regular, 1868M humongous, Frag: 1% external, 0% internal; Reserve: 101888K, Max: 512K
[1.163s][info][gc,stats    ] 
[1.163s][info][gc,stats    ] All times are wall-clock times, except per-root-class counters, that are sum over
[1.163s][info][gc,stats    ] all workers. Dividing the <total> over the root stage time estimates parallelism.
[1.163s][info][gc,stats    ] 
[1.163s][info][gc,stats    ] Concurrent Reset                    239 us
[1.163s][info][gc,stats    ] Pause Init Mark (G)                 140 us
[1.163s][info][gc,stats    ] Pause Init Mark (N)                  51 us
[1.163s][info][gc,stats    ]   Update Region States               14 us
[1.163s][info][gc,stats    ] Concurrent Mark Roots              1706 us, parallelism: 1.09x
[1.163s][info][gc,stats    ]   CMR: <total>                     1853 us
[1.163s][info][gc,stats    ]   CMR: Thread Roots                1497 us, workers (us): 1483,  14, ---, ---, ---, ---, ---, ---, 
[1.164s][info][gc,stats    ]   CMR: Code Cache Roots             285 us, workers (us):  90, 195, ---, ---, ---, ---, ---, ---, 
[1.164s][info][gc,stats    ]   CMR: VM Strong Roots                5 us, workers (us):   3,   2, ---, ---, ---, ---, ---, ---, 
[1.164s][info][gc,stats    ]   CMR: CLDG Roots                    66 us, workers (us):  66, ---, ---, ---, ---, ---, ---, ---, 
[1.164s][info][gc,stats    ] Concurrent Marking                 1865 us
[1.164s][info][gc,stats    ] Pause Final Mark (G)                278 us
[1.164s][info][gc,stats    ] Pause Final Mark (N)                194 us
[1.164s][info][gc,stats    ]   Finish Mark                        95 us
[1.164s][info][gc,stats    ]   Update Region States               12 us
[1.164s][info][gc,stats    ]   Choose Collection Set              28 us
[1.164s][info][gc,stats    ]   Rebuild Free Set                   15 us
[1.164s][info][gc,stats    ] Concurrent Thread Roots             121 us, parallelism: 0.95x
[1.164s][info][gc,stats    ]   CTR: <total>                      115 us
[1.164s][info][gc,stats    ]   CTR: Thread Roots                 115 us, workers (us):  63,  52, ---, ---, ---, ---, ---, ---, 
[1.164s][info][gc,stats    ] Concurrent Weak References          136 us, parallelism: 0.47x
[1.164s][info][gc,stats    ]   CWRF: <total>                      63 us
[1.164s][info][gc,stats    ]   CWRF: Weak References              63 us, workers (us):   6,  58, ---, ---, ---, ---, ---, ---, 
[1.164s][info][gc,stats    ] Concurrent Weak Roots               177 us
[1.164s][info][gc,stats    ]   Roots                             135 us, parallelism: 1.55x
[1.164s][info][gc,stats    ]     CWR: <total>                    210 us
[1.164s][info][gc,stats    ]     CWR: VM Weak Roots              210 us, workers (us): 116,  94, ---, ---, ---, ---, ---, ---, 
[1.164s][info][gc,stats    ]   Rendezvous                         13 us
[1.164s][info][gc,stats    ] Concurrent Cleanup                   85 us
[1.164s][info][gc,stats    ] Concurrent Strong Roots             303 us, parallelism: 1.42x
[1.164s][info][gc,stats    ]   CSR: <total>                      429 us
[1.164s][info][gc,stats    ]   CSR: Code Cache Roots             331 us, workers (us): 155, 177, ---, ---, ---, ---, ---, ---, 
[1.164s][info][gc,stats    ]   CSR: VM Strong Roots               10 us, workers (us):   4,   6, ---, ---, ---, ---, ---, ---, 
[1.164s][info][gc,stats    ]   CSR: CLDG Roots                    89 us, workers (us):  89, ---, ---, ---, ---, ---, ---, ---, 
[1.164s][info][gc,stats    ] Concurrent Evacuation              1409 us
[1.164s][info][gc,stats    ] Pause Init Update Refs (G)          121 us
[1.164s][info][gc,stats    ] Pause Init Update Refs (N)           35 us
[1.164s][info][gc,stats    ]   Manage GCLABs                       3 us
[1.164s][info][gc,stats    ] Concurrent Update Refs             1354 us
[1.164s][info][gc,stats    ] Concurrent Update Thread Roots     1037 us
[1.164s][info][gc,stats    ] Pause Final Update Refs (G)         154 us
[1.164s][info][gc,stats    ] Pause Final Update Refs (N)          66 us
[1.164s][info][gc,stats    ]   Update Region States               12 us
[1.164s][info][gc,stats    ]   Trash Collection Set                2 us
[1.164s][info][gc,stats    ]   Rebuild Free Set                   16 us
[1.164s][info][gc,stats    ] Concurrent Cleanup                   63 us
[1.164s][info][gc,stats    ] 
[1.164s][info][gc,stats    ] Allocation pacing accrued:
[1.164s][info][gc,stats    ]       0 of    11 ms (  0.0%): <total>
[1.164s][info][gc,stats    ]       0 of    11 ms (  0.0%): <average total>
[1.164s][info][gc,stats    ] 
[1.164s][info][gc,metaspace] Metaspace: 4772K(4928K)->4858K(4992K) NonClass: 4292K(4416K)->4371K(4480K) Class: 480K(512K)->486K(512K)
[1.164s][info][gc,ergo     ] Pacer for Idle. Initial: 40642K, Alloc Tax Rate: 1.0x
[1.165s][info][gc          ] Trigger: Start next cycle immediately
[1.165s][info][gc,ergo     ] Free: 1871M, Max: 512K regular, 1868M humongous, Frag: 1% external, 0% internal; Reserve: 101888K, Max: 512K
[1.165s][info][gc,start    ] GC(66) Concurrent reset
[1.165s][info][gc,task     ] GC(66) Using 2 of 8 workers for concurrent reset
[1.165s][info][gc,ergo     ] GC(66) Pacer for Reset. Non-Taxable: 1984M
[1.165s][info][gc          ] GC(66) Concurrent reset 0.188ms
[1.178s][info][gc,start    ] GC(66) Pause Init Mark (unload classes)
[1.178s][info][gc,task     ] GC(66) Using 8 of 8 workers for init marking
[1.178s][info][gc,ergo     ] GC(66) Pacer for Mark. Expected Live: 10096K, Free: 1871M, Non-Taxable: 187M, Alloc Tax Rate: 0.0x
[1.178s][info][gc          ] GC(66) Pause Init Mark (unload classes) 0.079ms
[1.178s][info][gc,start    ] GC(66) Concurrent marking roots
[1.178s][info][gc,task     ] GC(66) Using 2 of 8 workers for concurrent marking roots
[1.178s][info][gc          ] GC(66) Concurrent marking roots 0.238ms
[1.178s][info][gc,start    ] GC(66) Concurrent marking (unload classes)
[1.178s][info][gc,task     ] GC(66) Using 2 of 8 workers for concurrent marking
[1.180s][info][gc          ] GC(66) Concurrent marking (unload classes) 2.323ms
[1.181s][info][gc,start    ] GC(66) Pause Final Mark (unload classes)
[1.181s][info][gc,task     ] GC(66) Using 8 of 8 workers for final marking
[1.181s][info][gc,ergo     ] GC(66) Collectable Garbage: 2830K (100%), Immediate: 0B (0%), CSet: 2830K (100%)
[1.181s][info][gc,ergo     ] GC(66) Pacer for Evacuation. Used CSet: 11074K, Free: 1871M, Non-Taxable: 187M, Alloc Tax Rate: 1.1x
[1.181s][info][gc          ] GC(66) Pause Final Mark (unload classes) 0.220ms
[1.181s][info][gc,start    ] GC(66) Concurrent thread roots
[1.181s][info][gc,task     ] GC(66) Using 2 of 8 workers for Concurrent thread roots
[1.181s][info][gc          ] GC(66) Concurrent thread roots 0.082ms
[1.181s][info][gc,start    ] GC(66) Concurrent weak references
[1.181s][info][gc,task     ] GC(66) Using 2 of 8 workers for concurrent weak references
[1.181s][info][gc,ref      ] GC(66) Encountered references: Soft: 248, Weak: 755, Final: 0, Phantom: 582
[1.181s][info][gc,ref      ] GC(66) Discovered  references: Soft: 0, Weak: 322, Final: 0, Phantom: 582
[1.181s][info][gc,ref      ] GC(66) Enqueued    references: Soft: 0, Weak: 3, Final: 0, Phantom: 2
[1.181s][info][gc          ] GC(66) Concurrent weak references 0.122ms
[1.181s][info][gc,start    ] GC(66) Concurrent weak roots
[1.181s][info][gc,task     ] GC(66) Using 2 of 8 workers for concurrent weak root
[1.181s][info][gc          ] GC(66) Concurrent weak roots 0.361ms
[1.181s][info][gc,start    ] GC(66) Concurrent cleanup
[1.181s][info][gc          ] GC(66) Concurrent cleanup 13M->13M(144M) 0.072ms
[1.181s][info][gc,ergo     ] GC(66) Free: 1871M, Max: 512K regular, 1868M humongous, Frag: 1% external, 0% internal; Reserve: 101603K, Max: 512K
[1.181s][info][gc,start    ] GC(66) Concurrent class unloading
[1.182s][info][gc,task     ] GC(66) Using 2 of 8 workers for concurrent class unloading
[1.182s][info][gc          ] GC(66) Concurrent class unloading 0.787ms
[1.182s][info][gc,start    ] GC(66) Concurrent strong roots
[1.182s][info][gc,task     ] GC(66) Using 2 of 8 workers for concurrent strong root
[1.182s][info][gc          ] GC(66) Concurrent strong roots 0.139ms
[1.182s][info][gc,start    ] GC(66) Concurrent evacuation
[1.182s][info][gc,task     ] GC(66) Using 2 of 8 workers for concurrent evacuation
[1.188s][info][gc          ] GC(66) Concurrent evacuation 5.376ms
[1.188s][info][gc,start    ] GC(66) Pause Init Update Refs
[1.188s][info][gc,ergo     ] GC(66) Pacer for Update Refs. Used: 23220K, Free: 1871M, Non-Taxable: 187M, Alloc Tax Rate: 1.1x
[1.188s][info][gc          ] GC(66) Pause Init Update Refs 0.039ms
[1.188s][info][gc,start    ] GC(66) Concurrent update references
[1.188s][info][gc,task     ] GC(66) Using 2 of 8 workers for concurrent reference update
[1.189s][info][gc          ] GC(66) Concurrent update references 1.470ms
[1.189s][info][gc,start    ] GC(66) Concurrent update thread roots
[1.190s][info][gc          ] GC(66) Concurrent update thread roots 0.181ms
[1.190s][info][gc,start    ] GC(66) Pause Final Update Refs
[1.190s][info][gc,task     ] GC(66) Using 8 of 8 workers for final reference update
[1.190s][info][gc          ] GC(66) Pause Final Update Refs 0.113ms
[1.190s][info][gc,start    ] GC(66) Concurrent cleanup
[1.190s][info][gc          ] GC(66) Concurrent cleanup 22M->11M(144M) 0.086ms
[1.190s][info][gc,ergo     ] Free: 1872M, Max: 512K regular, 1868M humongous, Frag: 1% external, 0% internal; Reserve: 101888K, Max: 512K
[1.190s][info][gc,stats    ] 
[1.190s][info][gc,stats    ] All times are wall-clock times, except per-root-class counters, that are sum over
[1.190s][info][gc,stats    ] all workers. Dividing the <total> over the root stage time estimates parallelism.
[1.190s][info][gc,stats    ] 
[1.190s][info][gc,stats    ] Concurrent Reset                    202 us
[1.190s][info][gc,stats    ] Pause Init Mark (G)               12603 us
[1.190s][info][gc,stats    ] Pause Init Mark (N)                  88 us
[1.190s][info][gc,stats    ]   Update Region States               30 us
[1.190s][info][gc,stats    ] Concurrent Mark Roots               251 us, parallelism: 1.03x
[1.190s][info][gc,stats    ]   CMR: <total>                      258 us
[1.190s][info][gc,stats    ]   CMR: Thread Roots                 186 us, workers (us):  24, 162, ---, ---, ---, ---, ---, ---, 
[1.190s][info][gc,stats    ]   CMR: VM Strong Roots                5 us, workers (us):   5,   0, ---, ---, ---, ---, ---, ---, 
[1.190s][info][gc,stats    ]   CMR: CLDG Roots                    67 us, workers (us):  67, ---, ---, ---, ---, ---, ---, ---, 
[1.190s][info][gc,stats    ] Concurrent Marking                 2348 us
[1.190s][info][gc,stats    ] Pause Final Mark (G)                341 us
[1.190s][info][gc,stats    ] Pause Final Mark (N)                230 us
[1.190s][info][gc,stats    ]   Finish Mark                        99 us
[1.190s][info][gc,stats    ]   Update Region States               18 us
[1.190s][info][gc,stats    ]   Choose Collection Set              40 us
[1.190s][info][gc,stats    ]   Rebuild Free Set                   16 us
[1.190s][info][gc,stats    ] Concurrent Thread Roots              93 us, parallelism: 0.54x
[1.190s][info][gc,stats    ]   CTR: <total>                       50 us
[1.190s][info][gc,stats    ]   CTR: Thread Roots                  50 us, workers (us):  37,  14, ---, ---, ---, ---, ---, ---, 
[1.190s][info][gc,stats    ] Concurrent Weak References          130 us, parallelism: 0.63x
[1.190s][info][gc,stats    ]   CWRF: <total>                      82 us
[1.190s][info][gc,stats    ]   CWRF: Weak References              82 us, workers (us):  70,  12, ---, ---, ---, ---, ---, ---, 
[1.190s][info][gc,stats    ] Concurrent Weak Roots               379 us
[1.190s][info][gc,stats    ]   Roots                             299 us, parallelism: 1.73x
[1.191s][info][gc,stats    ]     CWR: <total>                    518 us
[1.191s][info][gc,stats    ]     CWR: Code Cache Roots           307 us, workers (us): 160, 148, ---, ---, ---, ---, ---, ---, 
[1.191s][info][gc,stats    ]     CWR: VM Weak Roots              208 us, workers (us): 118,  90, ---, ---, ---, ---, ---, ---, 
[1.191s][info][gc,stats    ]     CWR: CLDG Roots                   2 us, workers (us):   2, ---, ---, ---, ---, ---, ---, ---, 
[1.191s][info][gc,stats    ]   Rendezvous                         43 us
[1.191s][info][gc,stats    ] Concurrent Cleanup                   95 us
[1.191s][info][gc,stats    ] Concurrent Class Unloading          801 us
[1.191s][info][gc,stats    ]   Unlink Stale                      708 us
[1.191s][info][gc,stats    ]     System Dictionary                28 us
[1.191s][info][gc,stats    ]     Weak Class Links                  0 us
[1.191s][info][gc,stats    ]     Code Roots                      680 us
[1.191s][info][gc,stats    ]   Rendezvous                         24 us
[1.191s][info][gc,stats    ]   Purge Unlinked                     39 us
[1.191s][info][gc,stats    ]     Code Roots                       36 us
[1.191s][info][gc,stats    ]     CLDG                              3 us
[1.191s][info][gc,stats    ]     Exception Caches                  0 us
[1.191s][info][gc,stats    ] Concurrent Strong Roots             151 us, parallelism: 0.74x
[1.191s][info][gc,stats    ]   CSR: <total>                      111 us
[1.191s][info][gc,stats    ]   CSR: VM Strong Roots                7 us, workers (us):   5,   3, ---, ---, ---, ---, ---, ---, 
[1.191s][info][gc,stats    ]   CSR: CLDG Roots                   104 us, workers (us): ---, 104, ---, ---, ---, ---, ---, ---, 
[1.191s][info][gc,stats    ] Concurrent Evacuation              5398 us
[1.191s][info][gc,stats    ] Pause Init Update Refs (G)          147 us
[1.191s][info][gc,stats    ] Pause Init Update Refs (N)           49 us
[1.191s][info][gc,stats    ]   Manage GCLABs                       4 us
[1.191s][info][gc,stats    ] Concurrent Update Refs             1493 us
[1.191s][info][gc,stats    ] Concurrent Update Thread Roots      194 us
[1.191s][info][gc,stats    ] Pause Final Update Refs (G)         389 us
[1.191s][info][gc,stats    ] Pause Final Update Refs (N)         155 us
[1.191s][info][gc,stats    ]   Update Region States               15 us
[1.191s][info][gc,stats    ]   Trash Collection Set                3 us
[1.191s][info][gc,stats    ]   Rebuild Free Set                   17 us
[1.191s][info][gc,stats    ] Concurrent Cleanup                   97 us
[1.191s][info][gc,stats    ] 
[1.191s][info][gc,stats    ] Allocation pacing accrued:
[1.191s][info][gc,stats    ]       0 of    27 ms (  0.0%): <total>
[1.191s][info][gc,stats    ]       0 of    27 ms (  0.0%): <average total>
[1.191s][info][gc,stats    ] 
[1.191s][info][gc,metaspace] Metaspace: 4858K(4992K)->4930K(5120K) NonClass: 4371K(4480K)->4432K(4544K) Class: 486K(512K)->498K(576K)
[1.191s][info][gc,ergo     ] Pacer for Idle. Initial: 40642K, Alloc Tax Rate: 1.0x
[1.192s][info][gc          ] Trigger: Start next cycle immediately
[1.192s][info][gc,ergo     ] Free: 1872M, Max: 512K regular, 1868M humongous, Frag: 1% external, 0% internal; Reserve: 101888K, Max: 512K
[1.192s][info][gc,start    ] GC(67) Concurrent reset
[1.192s][info][gc,task     ] GC(67) Using 2 of 8 workers for concurrent reset
[1.192s][info][gc,ergo     ] GC(67) Pacer for Reset. Non-Taxable: 1984M
[1.192s][info][gc          ] GC(67) Concurrent reset 0.207ms
[1.192s][info][gc,start    ] GC(67) Pause Init Mark (unload classes)
[1.192s][info][gc,task     ] GC(67) Using 8 of 8 workers for init marking
[1.192s][info][gc,ergo     ] GC(67) Pacer for Mark. Expected Live: 10119K, Free: 1872M, Non-Taxable: 187M, Alloc Tax Rate: 0.0x
[1.192s][info][gc          ] GC(67) Pause Init Mark (unload classes) 0.073ms
[1.192s][info][gc,start    ] GC(67) Concurrent marking roots
[1.193s][info][gc,task     ] GC(67) Using 2 of 8 workers for concurrent marking roots
[1.193s][info][gc          ] GC(67) Concurrent marking roots 0.127ms
[1.193s][info][gc,start    ] GC(67) Concurrent marking (unload classes)
[1.193s][info][gc,task     ] GC(67) Using 2 of 8 workers for concurrent marking
[1.194s][info][gc          ] GC(67) Concurrent marking (unload classes) 1.727ms
[1.195s][info][gc,start    ] GC(67) Pause Final Mark (unload classes)
[1.195s][info][gc,task     ] GC(67) Using 8 of 8 workers for final marking
[1.195s][info][gc,ergo     ] GC(67) Collectable Garbage: 1990K (100%), Immediate: 0B (0%), CSet: 1990K (100%)
[1.195s][info][gc,ergo     ] GC(67) Pacer for Evacuation. Used CSet: 10240K, Free: 1872M, Non-Taxable: 187M, Alloc Tax Rate: 1.1x
[1.195s][info][gc          ] GC(67) Pause Final Mark (unload classes) 0.210ms
[1.195s][info][gc,start    ] GC(67) Concurrent thread roots
[1.195s][info][gc,task     ] GC(67) Using 2 of 8 workers for Concurrent thread roots
[1.195s][info][gc          ] GC(67) Concurrent thread roots 0.109ms
[1.195s][info][gc,start    ] GC(67) Concurrent weak references
[1.195s][info][gc,task     ] GC(67) Using 2 of 8 workers for concurrent weak references
[1.195s][info][gc,ref      ] GC(67) Encountered references: Soft: 251, Weak: 769, Final: 0, Phantom: 585
[1.195s][info][gc,ref      ] GC(67) Discovered  references: Soft: 0, Weak: 340, Final: 0, Phantom: 584
[1.195s][info][gc,ref      ] GC(67) Enqueued    references: Soft: 0, Weak: 8, Final: 0, Phantom: 5
[1.195s][info][gc          ] GC(67) Concurrent weak references 0.117ms
[1.195s][info][gc,start    ] GC(67) Concurrent weak roots
[1.195s][info][gc,task     ] GC(67) Using 2 of 8 workers for concurrent weak root
[1.196s][info][gc          ] GC(67) Concurrent weak roots 0.905ms
[1.196s][info][gc,start    ] GC(67) Concurrent cleanup
[1.196s][info][gc          ] GC(67) Concurrent cleanup 13M->13M(144M) 0.081ms
[1.196s][info][gc,ergo     ] GC(67) Free: 1871M, Max: 512K regular, 1868M humongous, Frag: 1% external, 0% internal; Reserve: 101601K, Max: 512K
[1.196s][info][gc,start    ] GC(67) Concurrent class unloading
[1.196s][info][gc,task     ] GC(67) Using 2 of 8 workers for concurrent class unloading
[1.197s][info][gc          ] GC(67) Concurrent class unloading 0.924ms
[1.197s][info][gc,start    ] GC(67) Concurrent strong roots
[1.197s][info][gc,task     ] GC(67) Using 2 of 8 workers for concurrent strong root
[1.197s][info][gc          ] GC(67) Concurrent strong roots 0.153ms
[1.197s][info][gc,start    ] GC(67) Concurrent evacuation
[1.197s][info][gc,task     ] GC(67) Using 2 of 8 workers for concurrent evacuation
[1.199s][info][gc          ] GC(67) Concurrent evacuation 1.460ms
[1.199s][info][gc,start    ] GC(67) Pause Init Update Refs
[1.199s][info][gc,ergo     ] GC(67) Pacer for Update Refs. Used: 23119K, Free: 1871M, Non-Taxable: 187M, Alloc Tax Rate: 1.1x
[1.199s][info][gc          ] GC(67) Pause Init Update Refs 0.039ms
[1.199s][info][gc,start    ] GC(67) Concurrent update references
[1.199s][info][gc,task     ] GC(67) Using 2 of 8 workers for concurrent reference update
[1.200s][info][gc          ] GC(67) Concurrent update references 1.417ms
[1.200s][info][gc,start    ] GC(67) Concurrent update thread roots
[1.201s][info][gc          ] GC(67) Concurrent update thread roots 0.330ms
[1.201s][info][gc,start    ] GC(67) Pause Final Update Refs
[1.201s][info][gc,task     ] GC(67) Using 8 of 8 workers for final reference update
[1.201s][info][gc          ] GC(67) Pause Final Update Refs 0.123ms
[1.201s][info][gc,start    ] GC(67) Concurrent cleanup
[1.202s][info][gc          ] GC(67) Concurrent cleanup 22M->12M(144M) 0.093ms
[1.202s][info][gc,ergo     ] Free: 1871M, Max: 512K regular, 1868M humongous, Frag: 1% external, 0% internal; Reserve: 101888K, Max: 512K
[1.202s][info][gc,stats    ] 
[1.202s][info][gc,stats    ] All times are wall-clock times, except per-root-class counters, that are sum over
[1.202s][info][gc,stats    ] all workers. Dividing the <total> over the root stage time estimates parallelism.
[1.202s][info][gc,stats    ] 
[1.202s][info][gc,stats    ] Concurrent Reset                    218 us
[1.202s][info][gc,stats    ] Pause Init Mark (G)                 188 us
[1.202s][info][gc,stats    ] Pause Init Mark (N)                  81 us
[1.202s][info][gc,stats    ]   Update Region States               20 us
[1.202s][info][gc,stats    ] Concurrent Mark Roots               137 us, parallelism: 0.97x
[1.202s][info][gc,stats    ]   CMR: <total>                      133 us
[1.202s][info][gc,stats    ]   CMR: Thread Roots                  60 us, workers (us):   0,  60, ---, ---, ---, ---, ---, ---, 
[1.202s][info][gc,stats    ]   CMR: VM Strong Roots                5 us, workers (us):   3,   2, ---, ---, ---, ---, ---, ---, 
[1.202s][info][gc,stats    ]   CMR: CLDG Roots                    67 us, workers (us):  67, ---, ---, ---, ---, ---, ---, ---, 
[1.202s][info][gc,stats    ] Concurrent Marking                 1750 us
[1.202s][info][gc,stats    ] Pause Final Mark (G)                407 us
[1.202s][info][gc,stats    ] Pause Final Mark (N)                219 us
[1.202s][info][gc,stats    ]   Finish Mark                        99 us
[1.202s][info][gc,stats    ]   Update Region States               14 us
[1.202s][info][gc,stats    ]   Choose Collection Set              33 us
[1.202s][info][gc,stats    ]   Rebuild Free Set                   18 us
[1.202s][info][gc,stats    ] Concurrent Thread Roots             121 us, parallelism: 0.80x
[1.202s][info][gc,stats    ]   CTR: <total>                       97 us
[1.202s][info][gc,stats    ]   CTR: Thread Roots                  97 us, workers (us):  54,  42, ---, ---, ---, ---, ---, ---, 
[1.202s][info][gc,stats    ] Concurrent Weak References          125 us, parallelism: 0.53x
[1.202s][info][gc,stats    ]   CWRF: <total>                      66 us
[1.202s][info][gc,stats    ]   CWRF: Weak References              66 us, workers (us):  20,  46, ---, ---, ---, ---, ---, ---, 
[1.202s][info][gc,stats    ] Concurrent Weak Roots               928 us
[1.202s][info][gc,stats    ]   Roots                             270 us, parallelism: 1.58x
[1.202s][info][gc,stats    ]     CWR: <total>                    427 us
[1.202s][info][gc,stats    ]     CWR: Code Cache Roots           220 us, workers (us): 108, 111, ---, ---, ---, ---, ---, ---, 
[1.202s][info][gc,stats    ]     CWR: VM Weak Roots              204 us, workers (us): 128,  76, ---, ---, ---, ---, ---, ---, 
[1.202s][info][gc,stats    ]     CWR: CLDG Roots                   3 us, workers (us): ---,   3, ---, ---, ---, ---, ---, ---, 
[1.202s][info][gc,stats    ]   Rendezvous                        609 us
[1.202s][info][gc,stats    ] Concurrent Cleanup                   91 us
[1.202s][info][gc,stats    ] Concurrent Class Unloading          943 us
[1.202s][info][gc,stats    ]   Unlink Stale                      870 us
[1.202s][info][gc,stats    ]     System Dictionary                24 us
[1.202s][info][gc,stats    ]     Weak Class Links                  0 us
[1.202s][info][gc,stats    ]     Code Roots                      845 us
[1.202s][info][gc,stats    ]   Rendezvous                         28 us
[1.202s][info][gc,stats    ]   Purge Unlinked                      5 us
[1.202s][info][gc,stats    ]     Code Roots                        1 us
[1.202s][info][gc,stats    ]     CLDG                              3 us
[1.202s][info][gc,stats    ]     Exception Caches                  0 us
[1.202s][info][gc,stats    ] Concurrent Strong Roots             167 us, parallelism: 0.65x
[1.202s][info][gc,stats    ]   CSR: <total>                      108 us
[1.202s][info][gc,stats    ]   CSR: VM Strong Roots               11 us, workers (us):   8,   3, ---, ---, ---, ---, ---, ---, 
[1.202s][info][gc,stats    ]   CSR: CLDG Roots                    97 us, workers (us): ---,  97, ---, ---, ---, ---, ---, ---, 
[1.202s][info][gc,stats    ] Concurrent Evacuation              1479 us
[1.202s][info][gc,stats    ] Pause Init Update Refs (G)          152 us
[1.202s][info][gc,stats    ] Pause Init Update Refs (N)           48 us
[1.202s][info][gc,stats    ]   Manage GCLABs                       6 us
[1.202s][info][gc,stats    ] Concurrent Update Refs             1439 us
[1.202s][info][gc,stats    ] Concurrent Update Thread Roots      345 us
[1.202s][info][gc,stats    ] Pause Final Update Refs (G)         814 us
[1.202s][info][gc,stats    ] Pause Final Update Refs (N)         164 us
[1.202s][info][gc,stats    ]   Update Region States               15 us
[1.202s][info][gc,stats    ]   Trash Collection Set                2 us
[1.202s][info][gc,stats    ]   Rebuild Free Set                   17 us
[1.202s][info][gc,stats    ] Concurrent Cleanup                  113 us
[1.202s][info][gc,stats    ] 
[1.202s][info][gc,stats    ] Allocation pacing accrued:
[1.202s][info][gc,stats    ]       0 of    11 ms (  0.0%): <total>
[1.202s][info][gc,stats    ]       0 of    11 ms (  0.0%): <average total>
[1.202s][info][gc,stats    ] 
[1.202s][info][gc,metaspace] Metaspace: 4952K(5120K)->5138K(5312K) NonClass: 4450K(4544K)->4621K(4736K) Class: 502K(576K)->517K(576K)
[1.202s][info][gc,ergo     ] Pacer for Idle. Initial: 40642K, Alloc Tax Rate: 1.0x
[1.203s][info][gc          ] Trigger: Start next cycle immediately
[1.203s][info][gc,ergo     ] Free: 1871M, Max: 512K regular, 1868M humongous, Frag: 1% external, 0% internal; Reserve: 101888K, Max: 512K
[1.203s][info][gc,start    ] GC(68) Concurrent reset
[1.203s][info][gc,task     ] GC(68) Using 2 of 8 workers for concurrent reset
[1.203s][info][gc,ergo     ] GC(68) Pacer for Reset. Non-Taxable: 1984M
[1.204s][info][gc          ] GC(68) Concurrent reset 0.167ms
[1.205s][info][gc,start    ] GC(68) Pause Init Mark
[1.206s][info][gc,task     ] GC(68) Using 8 of 8 workers for init marking
[1.206s][info][gc,ergo     ] GC(68) Pacer for Mark. Expected Live: 10141K, Free: 1871M, Non-Taxable: 187M, Alloc Tax Rate: 0.0x
[1.206s][info][gc          ] GC(68) Pause Init Mark 0.080ms
[1.206s][info][gc,start    ] GC(68) Concurrent marking roots
[1.206s][info][gc,task     ] GC(68) Using 2 of 8 workers for concurrent marking roots
[1.206s][info][gc          ] GC(68) Concurrent marking roots 0.311ms
[1.206s][info][gc,start    ] GC(68) Concurrent marking
[1.206s][info][gc,task     ] GC(68) Using 2 of 8 workers for concurrent marking
[1.216s][info][gc          ] GC(68) Concurrent marking 9.615ms
[1.216s][info][gc,start    ] GC(68) Pause Final Mark
[1.216s][info][gc,task     ] GC(68) Using 8 of 8 workers for final marking
[1.217s][info][gc,ergo     ] GC(68) Collectable Garbage: 2708K (100%), Immediate: 0B (0%), CSet: 2708K (100%)
[1.217s][info][gc,ergo     ] GC(68) Pacer for Evacuation. Used CSet: 10973K, Free: 1871M, Non-Taxable: 187M, Alloc Tax Rate: 1.1x
[1.217s][info][gc          ] GC(68) Pause Final Mark 0.696ms
[1.217s][info][gc,start    ] GC(68) Concurrent thread roots
[1.217s][info][gc,task     ] GC(68) Using 2 of 8 workers for Concurrent thread roots
[1.217s][info][gc          ] GC(68) Concurrent thread roots 0.184ms
[1.217s][info][gc,start    ] GC(68) Concurrent weak references
[1.217s][info][gc,task     ] GC(68) Using 2 of 8 workers for concurrent weak references
[1.217s][info][gc,ref      ] GC(68) Encountered references: Soft: 253, Weak: 777, Final: 0, Phantom: 585
[1.217s][info][gc,ref      ] GC(68) Discovered  references: Soft: 0, Weak: 485, Final: 0, Phantom: 584
[1.217s][info][gc,ref      ] GC(68) Enqueued    references: Soft: 0, Weak: 7, Final: 0, Phantom: 4
[1.217s][info][gc          ] GC(68) Concurrent weak references 0.147ms
[1.217s][info][gc,start    ] GC(68) Concurrent weak roots
[1.217s][info][gc,task     ] GC(68) Using 2 of 8 workers for concurrent weak root
[1.218s][info][gc          ] GC(68) Concurrent weak roots 0.760ms
[1.218s][info][gc,start    ] GC(68) Concurrent cleanup
[1.218s][info][gc          ] GC(68) Concurrent cleanup 14M->14M(144M) 0.079ms
[1.218s][info][gc,ergo     ] GC(68) Free: 1870M, Max: 512K regular, 1868M humongous, Frag: 1% external, 0% internal; Reserve: 101601K, Max: 512K
[1.218s][info][gc,start    ] GC(68) Concurrent strong roots
[1.218s][info][gc,task     ] GC(68) Using 2 of 8 workers for concurrent strong root
[1.218s][info][gc          ] GC(68) Concurrent strong roots 0.347ms
[1.218s][info][gc,start    ] GC(68) Concurrent evacuation
[1.218s][info][gc,task     ] GC(68) Using 2 of 8 workers for concurrent evacuation
[1.220s][info][gc          ] GC(68) Concurrent evacuation 1.545ms
[1.221s][info][gc,start    ] GC(68) Pause Init Update Refs
[1.222s][info][gc,ergo     ] GC(68) Pacer for Update Refs. Used: 24065K, Free: 1870M, Non-Taxable: 187M, Alloc Tax Rate: 1.1x
[1.222s][info][gc          ] GC(68) Pause Init Update Refs 0.064ms
[1.222s][info][gc,start    ] GC(68) Concurrent update references
[1.222s][info][gc,task     ] GC(68) Using 2 of 8 workers for concurrent reference update
[1.223s][info][gc          ] GC(68) Concurrent update references 1.480ms
[1.223s][info][gc,start    ] GC(68) Concurrent update thread roots
[1.223s][info][gc          ] GC(68) Concurrent update thread roots 0.212ms
[1.223s][info][gc,start    ] GC(68) Pause Final Update Refs
[1.223s][info][gc,task     ] GC(68) Using 8 of 8 workers for final reference update
[1.223s][info][gc          ] GC(68) Pause Final Update Refs 0.070ms
[1.223s][info][gc,start    ] GC(68) Concurrent cleanup
[1.224s][info][gc          ] GC(68) Concurrent cleanup 23M->12M(144M) 0.092ms
[1.224s][info][gc,ergo     ] Free: 1871M, Max: 512K regular, 1868M humongous, Frag: 1% external, 0% internal; Reserve: 101888K, Max: 512K
[1.224s][info][gc,stats    ] 
[1.224s][info][gc,stats    ] All times are wall-clock times, except per-root-class counters, that are sum over
[1.224s][info][gc,stats    ] all workers. Dividing the <total> over the root stage time estimates parallelism.
[1.224s][info][gc,stats    ] 
[1.224s][info][gc,stats    ] Concurrent Reset                    177 us
[1.224s][info][gc,stats    ] Pause Init Mark (G)                2032 us
[1.224s][info][gc,stats    ] Pause Init Mark (N)                  90 us
[1.224s][info][gc,stats    ]   Update Region States               20 us
[1.224s][info][gc,stats    ] Concurrent Mark Roots               326 us, parallelism: 1.37x
[1.224s][info][gc,stats    ]   CMR: <total>                      447 us
[1.224s][info][gc,stats    ]   CMR: Thread Roots                  67 us, workers (us):  12,  56, ---, ---, ---, ---, ---, ---, 
[1.224s][info][gc,stats    ]   CMR: Code Cache Roots             314 us, workers (us): 159, 155, ---, ---, ---, ---, ---, ---, 
[1.224s][info][gc,stats    ]   CMR: VM Strong Roots                4 us, workers (us):   4,   0, ---, ---, ---, ---, ---, ---, 
[1.224s][info][gc,stats    ]   CMR: CLDG Roots                    62 us, workers (us):  62, ---, ---, ---, ---, ---, ---, ---, 
[1.224s][info][gc,stats    ] Concurrent Marking                 9642 us
[1.224s][info][gc,stats    ] Pause Final Mark (G)               1077 us
[1.224s][info][gc,stats    ] Pause Final Mark (N)                706 us
[1.224s][info][gc,stats    ]   Finish Mark                        78 us
[1.224s][info][gc,stats    ]   Update Region States               18 us
[1.224s][info][gc,stats    ]   Choose Collection Set              39 us
[1.224s][info][gc,stats    ]   Rebuild Free Set                   16 us
[1.224s][info][gc,stats    ] Concurrent Thread Roots             196 us, parallelism: 1.26x
[1.224s][info][gc,stats    ]   CTR: <total>                      246 us
[1.224s][info][gc,stats    ]   CTR: Thread Roots                 246 us, workers (us): 136, 110, ---, ---, ---, ---, ---, ---, 
[1.224s][info][gc,stats    ] Concurrent Weak References          155 us, parallelism: 0.61x
[1.224s][info][gc,stats    ]   CWRF: <total>                      95 us
[1.224s][info][gc,stats    ]   CWRF: Weak References              95 us, workers (us):  94,   1, ---, ---, ---, ---, ---, ---, 
[1.224s][info][gc,stats    ] Concurrent Weak Roots               784 us
[1.224s][info][gc,stats    ]   Roots                             181 us, parallelism: 1.12x
[1.224s][info][gc,stats    ]     CWR: <total>                    203 us
[1.224s][info][gc,stats    ]     CWR: VM Weak Roots              203 us, workers (us): 150,  53, ---, ---, ---, ---, ---, ---, 
[1.224s][info][gc,stats    ]   Rendezvous                        560 us
[1.224s][info][gc,stats    ] Concurrent Cleanup                   88 us
[1.224s][info][gc,stats    ] Concurrent Strong Roots             363 us, parallelism: 1.41x
[1.224s][info][gc,stats    ]   CSR: <total>                      512 us
[1.224s][info][gc,stats    ]   CSR: Code Cache Roots             402 us, workers (us): 193, 209, ---, ---, ---, ---, ---, ---, 
[1.224s][info][gc,stats    ]   CSR: VM Strong Roots                8 us, workers (us):   8,   0, ---, ---, ---, ---, ---, ---, 
[1.224s][info][gc,stats    ]   CSR: CLDG Roots                   102 us, workers (us): 102, ---, ---, ---, ---, ---, ---, ---, 
[1.224s][info][gc,stats    ] Concurrent Evacuation              1565 us
[1.224s][info][gc,stats    ] Pause Init Update Refs (G)         1739 us
[1.224s][info][gc,stats    ] Pause Init Update Refs (N)           74 us
[1.224s][info][gc,stats    ]   Manage GCLABs                       4 us
[1.224s][info][gc,stats    ] Concurrent Update Refs             1503 us
[1.224s][info][gc,stats    ] Concurrent Update Thread Roots      230 us
[1.224s][info][gc,stats    ] Pause Final Update Refs (G)         172 us
[1.224s][info][gc,stats    ] Pause Final Update Refs (N)          80 us
[1.224s][info][gc,stats    ]   Update Region States               16 us
[1.224s][info][gc,stats    ]   Trash Collection Set                2 us
[1.224s][info][gc,stats    ]   Rebuild Free Set                   17 us
[1.224s][info][gc,stats    ] Concurrent Cleanup                  104 us
[1.224s][info][gc,stats    ] 
[1.224s][info][gc,stats    ] Allocation pacing accrued:
[1.224s][info][gc,stats    ]       0 of    22 ms (  0.0%): <total>
[1.224s][info][gc,stats    ]       0 of    22 ms (  0.0%): <average total>
[1.224s][info][gc,stats    ] 
[1.224s][info][gc,metaspace] Metaspace: 5139K(5312K)->5336K(5504K) NonClass: 4622K(4736K)->4803K(4928K) Class: 517K(576K)->533K(576K)
[1.224s][info][gc,ergo     ] Pacer for Idle. Initial: 40642K, Alloc Tax Rate: 1.0x
[1.225s][info][gc          ] Trigger: Start next cycle immediately
[1.225s][info][gc,ergo     ] Free: 1871M, Max: 512K regular, 1868M humongous, Frag: 1% external, 0% internal; Reserve: 101888K, Max: 512K
[1.225s][info][gc,start    ] GC(69) Concurrent reset
[1.225s][info][gc,task     ] GC(69) Using 2 of 8 workers for concurrent reset
[1.225s][info][gc,ergo     ] GC(69) Pacer for Reset. Non-Taxable: 1984M
[1.226s][info][gc          ] GC(69) Concurrent reset 0.187ms
[1.226s][info][gc,start    ] GC(69) Pause Init Mark
[1.226s][info][gc,task     ] GC(69) Using 8 of 8 workers for init marking
[1.226s][info][gc,ergo     ] GC(69) Pacer for Mark. Expected Live: 10151K, Free: 1871M, Non-Taxable: 187M, Alloc Tax Rate: 0.0x
[1.226s][info][gc          ] GC(69) Pause Init Mark 0.251ms
[1.226s][info][gc,start    ] GC(69) Concurrent marking roots
[1.226s][info][gc,task     ] GC(69) Using 2 of 8 workers for concurrent marking roots
[1.226s][info][gc          ] GC(69) Concurrent marking roots 0.396ms
[1.226s][info][gc,start    ] GC(69) Concurrent marking
[1.226s][info][gc,task     ] GC(69) Using 2 of 8 workers for concurrent marking
[1.228s][info][gc          ] GC(69) Concurrent marking 1.721ms
[1.228s][info][gc,start    ] GC(69) Pause Final Mark
[1.228s][info][gc,task     ] GC(69) Using 8 of 8 workers for final marking
[1.229s][info][gc,ergo     ] GC(69) Collectable Garbage: 3405K (100%), Immediate: 0B (0%), CSet: 3405K (100%)
[1.229s][info][gc,ergo     ] GC(69) Pacer for Evacuation. Used CSet: 11698K, Free: 1870M, Non-Taxable: 187M, Alloc Tax Rate: 1.1x
[1.229s][info][gc          ] GC(69) Pause Final Mark 1.137ms
[1.229s][info][gc,start    ] GC(69) Concurrent thread roots
[1.229s][info][gc,task     ] GC(69) Using 2 of 8 workers for Concurrent thread roots
[1.230s][info][gc          ] GC(69) Concurrent thread roots 0.221ms
[1.230s][info][gc,start    ] GC(69) Concurrent weak references
[1.230s][info][gc,task     ] GC(69) Using 2 of 8 workers for concurrent weak references
[1.230s][info][gc,ref      ] GC(69) Encountered references: Soft: 256, Weak: 809, Final: 0, Phantom: 582
[1.230s][info][gc,ref      ] GC(69) Discovered  references: Soft: 0, Weak: 480, Final: 0, Phantom: 198
[1.230s][info][gc,ref      ] GC(69) Enqueued    references: Soft: 0, Weak: 4, Final: 0, Phantom: 1
[1.230s][info][gc          ] GC(69) Concurrent weak references 0.116ms
[1.230s][info][gc,start    ] GC(69) Concurrent weak roots
[1.230s][info][gc,task     ] GC(69) Using 2 of 8 workers for concurrent weak root
[1.230s][info][gc          ] GC(69) Concurrent weak roots 0.360ms
[1.230s][info][gc,start    ] GC(69) Concurrent cleanup
[1.230s][info][gc          ] GC(69) Concurrent cleanup 14M->14M(144M) 0.074ms
[1.230s][info][gc,ergo     ] GC(69) Free: 1870M, Max: 512K regular, 1868M humongous, Frag: 1% external, 0% internal; Reserve: 101704K, Max: 512K
[1.230s][info][gc,start    ] GC(69) Concurrent strong roots
[1.230s][info][gc,task     ] GC(69) Using 2 of 8 workers for concurrent strong root
[1.231s][info][gc          ] GC(69) Concurrent strong roots 0.320ms
[1.231s][info][gc,start    ] GC(69) Concurrent evacuation
[1.231s][info][gc,task     ] GC(69) Using 2 of 8 workers for concurrent evacuation
[1.232s][info][gc          ] GC(69) Concurrent evacuation 1.411ms
[1.232s][info][gc,start    ] GC(69) Pause Init Update Refs
[1.232s][info][gc,ergo     ] GC(69) Pacer for Update Refs. Used: 23841K, Free: 1870M, Non-Taxable: 187M, Alloc Tax Rate: 1.1x
[1.232s][info][gc          ] GC(69) Pause Init Update Refs 0.077ms
[1.232s][info][gc,start    ] GC(69) Concurrent update references
[1.232s][info][gc,task     ] GC(69) Using 2 of 8 workers for concurrent reference update
[1.234s][info][gc          ] GC(69) Concurrent update references 1.509ms
[1.234s][info][gc,start    ] GC(69) Concurrent update thread roots
[1.235s][info][gc          ] GC(69) Concurrent update thread roots 1.288ms
[1.235s][info][gc,start    ] GC(69) Pause Final Update Refs
[1.235s][info][gc,task     ] GC(69) Using 8 of 8 workers for final reference update
[1.235s][info][gc          ] GC(69) Pause Final Update Refs 0.058ms
[1.235s][info][gc,start    ] GC(69) Concurrent cleanup
[1.235s][info][gc          ] GC(69) Concurrent cleanup 23M->12M(144M) 0.076ms
[1.235s][info][gc,ergo     ] Free: 1872M, Max: 512K regular, 1869M humongous, Frag: 1% external, 0% internal; Reserve: 101888K, Max: 512K
[1.235s][info][gc,stats    ] 
[1.235s][info][gc,stats    ] All times are wall-clock times, except per-root-class counters, that are sum over
[1.235s][info][gc,stats    ] all workers. Dividing the <total> over the root stage time estimates parallelism.
[1.235s][info][gc,stats    ] 
[1.235s][info][gc,stats    ] Concurrent Reset                    199 us
[1.235s][info][gc,stats    ] Pause Init Mark (G)                 375 us
[1.235s][info][gc,stats    ] Pause Init Mark (N)                 261 us
[1.236s][info][gc,stats    ]   Update Region States               20 us
[1.236s][info][gc,stats    ] Concurrent Mark Roots               415 us, parallelism: 1.41x
[1.236s][info][gc,stats    ]   CMR: <total>                      585 us
[1.236s][info][gc,stats    ]   CMR: Thread Roots                 191 us, workers (us):  41, 150, ---, ---, ---, ---, ---, ---, 
[1.236s][info][gc,stats    ]   CMR: Code Cache Roots             330 us, workers (us): 171, 160, ---, ---, ---, ---, ---, ---, 
[1.236s][info][gc,stats    ]   CMR: VM Strong Roots                4 us, workers (us):   4,   0, ---, ---, ---, ---, ---, ---, 
[1.236s][info][gc,stats    ]   CMR: CLDG Roots                    59 us, workers (us):  59, ---, ---, ---, ---, ---, ---, ---, 
[1.236s][info][gc,stats    ] Concurrent Marking                 1741 us
[1.236s][info][gc,stats    ] Pause Final Mark (G)               1272 us
[1.236s][info][gc,stats    ] Pause Final Mark (N)               1146 us
[1.236s][info][gc,stats    ]   Finish Mark                      1021 us
[1.236s][info][gc,stats    ]   Update Region States               13 us
[1.236s][info][gc,stats    ]   Choose Collection Set              43 us
[1.236s][info][gc,stats    ]   Rebuild Free Set                   16 us
[1.236s][info][gc,stats    ] Concurrent Thread Roots             236 us, parallelism: 0.78x
[1.236s][info][gc,stats    ]   CTR: <total>                      184 us
[1.236s][info][gc,stats    ]   CTR: Thread Roots                 184 us, workers (us): 158,  26, ---, ---, ---, ---, ---, ---, 
[1.236s][info][gc,stats    ] Concurrent Weak References          124 us, parallelism: 0.55x
[1.236s][info][gc,stats    ]   CWRF: <total>                      69 us
[1.236s][info][gc,stats    ]   CWRF: Weak References              69 us, workers (us):  64,   5, ---, ---, ---, ---, ---, ---, 
[1.236s][info][gc,stats    ] Concurrent Weak Roots               372 us
[1.236s][info][gc,stats    ]   Roots                             211 us, parallelism: 0.92x
[1.236s][info][gc,stats    ]     CWR: <total>                    195 us
[1.236s][info][gc,stats    ]     CWR: VM Weak Roots              195 us, workers (us): 195,   0, ---, ---, ---, ---, ---, ---, 
[1.236s][info][gc,stats    ]   Rendezvous                        130 us
[1.236s][info][gc,stats    ] Concurrent Cleanup                   84 us
[1.236s][info][gc,stats    ] Concurrent Strong Roots             330 us, parallelism: 1.40x
[1.236s][info][gc,stats    ]   CSR: <total>                      461 us
[1.236s][info][gc,stats    ]   CSR: Code Cache Roots             355 us, workers (us): 263,  92, ---, ---, ---, ---, ---, ---, 
[1.236s][info][gc,stats    ]   CSR: VM Strong Roots                7 us, workers (us):   7,   0, ---, ---, ---, ---, ---, ---, 
[1.236s][info][gc,stats    ]   CSR: CLDG Roots                    99 us, workers (us): ---,  99, ---, ---, ---, ---, ---, ---, 
[1.236s][info][gc,stats    ] Concurrent Evacuation              1432 us
[1.236s][info][gc,stats    ] Pause Init Update Refs (G)          189 us
[1.236s][info][gc,stats    ] Pause Init Update Refs (N)           87 us
[1.236s][info][gc,stats    ]   Manage GCLABs                       3 us
[1.236s][info][gc,stats    ] Concurrent Update Refs             1532 us
[1.236s][info][gc,stats    ] Concurrent Update Thread Roots     1310 us
[1.236s][info][gc,stats    ] Pause Final Update Refs (G)         162 us
[1.236s][info][gc,stats    ] Pause Final Update Refs (N)          68 us
[1.236s][info][gc,stats    ]   Update Region States               15 us
[1.236s][info][gc,stats    ]   Trash Collection Set                3 us
[1.236s][info][gc,stats    ]   Rebuild Free Set                   17 us
[1.236s][info][gc,stats    ] Concurrent Cleanup                   87 us
[1.236s][info][gc,stats    ] 
[1.236s][info][gc,stats    ] Allocation pacing accrued:
[1.236s][info][gc,stats    ]       0 of    12 ms (  0.0%): <total>
[1.236s][info][gc,stats    ]       0 of    12 ms (  0.0%): <average total>
[1.236s][info][gc,stats    ] 
[1.236s][info][gc,metaspace] Metaspace: 5352K(5504K)->5454K(5632K) NonClass: 4817K(4928K)->4910K(4992K) Class: 534K(576K)->544K(640K)
[1.236s][info][gc,ergo     ] Pacer for Idle. Initial: 40642K, Alloc Tax Rate: 1.0x
[1.237s][info][gc          ] Trigger: Start next cycle immediately
[1.237s][info][gc,ergo     ] Free: 1872M, Max: 512K regular, 1869M humongous, Frag: 1% external, 0% internal; Reserve: 101888K, Max: 512K
[1.237s][info][gc,start    ] GC(70) Concurrent reset
[1.237s][info][gc,task     ] GC(70) Using 2 of 8 workers for concurrent reset
[1.237s][info][gc,ergo     ] GC(70) Pacer for Reset. Non-Taxable: 1984M
[1.237s][info][gc          ] GC(70) Concurrent reset 0.203ms
[1.238s][info][gc,start    ] GC(70) Pause Init Mark (unload classes)
[1.238s][info][gc,task     ] GC(70) Using 8 of 8 workers for init marking
[1.238s][info][gc,ergo     ] GC(70) Pacer for Mark. Expected Live: 10163K, Free: 1871M, Non-Taxable: 187M, Alloc Tax Rate: 0.0x
[1.238s][info][gc          ] GC(70) Pause Init Mark (unload classes) 0.061ms
[1.238s][info][gc,start    ] GC(70) Concurrent marking roots
[1.238s][info][gc,task     ] GC(70) Using 2 of 8 workers for concurrent marking roots
[1.238s][info][gc          ] GC(70) Concurrent marking roots 0.201ms
[1.238s][info][gc,start    ] GC(70) Concurrent marking (unload classes)
[1.238s][info][gc,task     ] GC(70) Using 2 of 8 workers for concurrent marking
[1.239s][info][gc          ] GC(70) Concurrent marking (unload classes) 1.414ms
[1.239s][info][gc,start    ] GC(70) Pause Final Mark (unload classes)
[1.239s][info][gc,task     ] GC(70) Using 8 of 8 workers for final marking
[1.240s][info][gc,ergo     ] GC(70) Collectable Garbage: 2958K (100%), Immediate: 0B (0%), CSet: 2958K (100%)
[1.240s][info][gc,ergo     ] GC(70) Pacer for Evacuation. Used CSet: 11260K, Free: 1871M, Non-Taxable: 187M, Alloc Tax Rate: 1.1x
[1.240s][info][gc          ] GC(70) Pause Final Mark (unload classes) 0.239ms
[1.240s][info][gc,start    ] GC(70) Concurrent thread roots
[1.240s][info][gc,task     ] GC(70) Using 2 of 8 workers for Concurrent thread roots
[1.240s][info][gc          ] GC(70) Concurrent thread roots 0.118ms
[1.240s][info][gc,start    ] GC(70) Concurrent weak references
[1.240s][info][gc,task     ] GC(70) Using 2 of 8 workers for concurrent weak references
[1.240s][info][gc,ref      ] GC(70) Encountered references: Soft: 263, Weak: 810, Final: 0, Phantom: 581
[1.240s][info][gc,ref      ] GC(70) Discovered  references: Soft: 0, Weak: 363, Final: 0, Phantom: 580
[1.240s][info][gc,ref      ] GC(70) Enqueued    references: Soft: 0, Weak: 2, Final: 0, Phantom: 0
[1.240s][info][gc          ] GC(70) Concurrent weak references 0.137ms
[1.240s][info][gc,start    ] GC(70) Concurrent weak roots
[1.240s][info][gc,task     ] GC(70) Using 2 of 8 workers for concurrent weak root
[1.240s][info][gc          ] GC(70) Concurrent weak roots 0.348ms
[1.240s][info][gc,start    ] GC(70) Concurrent cleanup
[1.240s][info][gc          ] GC(70) Concurrent cleanup 13M->13M(144M) 0.065ms
[1.240s][info][gc,ergo     ] GC(70) Free: 1871M, Max: 512K regular, 1869M humongous, Frag: 1% external, 0% internal; Reserve: 101601K, Max: 512K
[1.240s][info][gc,start    ] GC(70) Concurrent class unloading
[1.240s][info][gc,task     ] GC(70) Using 2 of 8 workers for concurrent class unloading
[1.241s][info][gc          ] GC(70) Concurrent class unloading 0.769ms
[1.241s][info][gc,start    ] GC(70) Concurrent strong roots
[1.241s][info][gc,task     ] GC(70) Using 2 of 8 workers for concurrent strong root
[1.241s][info][gc          ] GC(70) Concurrent strong roots 0.153ms
[1.241s][info][gc,start    ] GC(70) Concurrent evacuation
[1.241s][info][gc,task     ] GC(70) Using 2 of 8 workers for concurrent evacuation
[1.243s][info][gc          ] GC(70) Concurrent evacuation 1.422ms
[1.243s][info][gc,start    ] GC(70) Pause Init Update Refs
[1.243s][info][gc,ergo     ] GC(70) Pacer for Update Refs. Used: 23253K, Free: 1871M, Non-Taxable: 187M, Alloc Tax Rate: 1.1x
[1.243s][info][gc          ] GC(70) Pause Init Update Refs 0.035ms
[1.243s][info][gc,start    ] GC(70) Concurrent update references
[1.243s][info][gc,task     ] GC(70) Using 2 of 8 workers for concurrent reference update
[1.244s][info][gc          ] GC(70) Concurrent update references 1.435ms
[1.244s][info][gc,start    ] GC(70) Concurrent update thread roots
[1.245s][info][gc          ] GC(70) Concurrent update thread roots 0.132ms
[1.245s][info][gc,start    ] GC(70) Pause Final Update Refs
[1.245s][info][gc,task     ] GC(70) Using 8 of 8 workers for final reference update
[1.245s][info][gc          ] GC(70) Pause Final Update Refs 0.065ms
[1.245s][info][gc,start    ] GC(70) Concurrent cleanup
[1.245s][info][gc          ] GC(70) Concurrent cleanup 22M->11M(144M) 0.076ms
[1.245s][info][gc,ergo     ] Free: 1872M, Max: 512K regular, 1868M humongous, Frag: 1% external, 0% internal; Reserve: 101888K, Max: 512K
[1.245s][info][gc,stats    ] 
[1.245s][info][gc,stats    ] All times are wall-clock times, except per-root-class counters, that are sum over
[1.245s][info][gc,stats    ] all workers. Dividing the <total> over the root stage time estimates parallelism.
[1.245s][info][gc,stats    ] 
[1.245s][info][gc,stats    ] Concurrent Reset                    216 us
[1.245s][info][gc,stats    ] Pause Init Mark (G)                 169 us
[1.245s][info][gc,stats    ] Pause Init Mark (N)                  71 us
[1.245s][info][gc,stats    ]   Update Region States               18 us
[1.245s][info][gc,stats    ] Concurrent Mark Roots               217 us, parallelism: 0.93x
[1.245s][info][gc,stats    ]   CMR: <total>                      201 us
[1.245s][info][gc,stats    ]   CMR: Thread Roots                 137 us, workers (us):  29, 108, ---, ---, ---, ---, ---, ---, 
[1.245s][info][gc,stats    ]   CMR: VM Strong Roots                4 us, workers (us):   4,   0, ---, ---, ---, ---, ---, ---, 
[1.245s][info][gc,stats    ]   CMR: CLDG Roots                    59 us, workers (us):  59, ---, ---, ---, ---, ---, ---, ---, 
[1.245s][info][gc,stats    ] Concurrent Marking                 1435 us
[1.245s][info][gc,stats    ] Pause Final Mark (G)                341 us
[1.245s][info][gc,stats    ] Pause Final Mark (N)                249 us
[1.245s][info][gc,stats    ]   Finish Mark                       119 us
[1.245s][info][gc,stats    ]   Update Region States               14 us
[1.245s][info][gc,stats    ]   Choose Collection Set              35 us
[1.245s][info][gc,stats    ]   Rebuild Free Set                   16 us
[1.245s][info][gc,stats    ] Concurrent Thread Roots             129 us, parallelism: 0.74x
[1.245s][info][gc,stats    ]   CTR: <total>                       96 us
[1.245s][info][gc,stats    ]   CTR: Thread Roots                  96 us, workers (us):  40,  56, ---, ---, ---, ---, ---, ---, 
[1.245s][info][gc,stats    ] Concurrent Weak References          144 us, parallelism: 0.72x
[1.245s][info][gc,stats    ]   CWRF: <total>                     104 us
[1.245s][info][gc,stats    ]   CWRF: Weak References             104 us, workers (us):  77,  27, ---, ---, ---, ---, ---, ---, 
[1.245s][info][gc,stats    ] Concurrent Weak Roots               368 us
[1.245s][info][gc,stats    ]   Roots                             229 us, parallelism: 1.75x
[1.245s][info][gc,stats    ]     CWR: <total>                    401 us
[1.245s][info][gc,stats    ]     CWR: Code Cache Roots           202 us, workers (us): 100, 102, ---, ---, ---, ---, ---, ---, 
[1.245s][info][gc,stats    ]     CWR: VM Weak Roots              198 us, workers (us): 106,  92, ---, ---, ---, ---, ---, ---, 
[1.245s][info][gc,stats    ]     CWR: CLDG Roots                   2 us, workers (us):   2, ---, ---, ---, ---, ---, ---, ---, 
[1.245s][info][gc,stats    ]   Rendezvous                        106 us
[1.245s][info][gc,stats    ] Concurrent Cleanup                   74 us
[1.245s][info][gc,stats    ] Concurrent Class Unloading          790 us
[1.245s][info][gc,stats    ]   Unlink Stale                      717 us
[1.245s][info][gc,stats    ]     System Dictionary                25 us
[1.245s][info][gc,stats    ]     Weak Class Links                  0 us
[1.245s][info][gc,stats    ]     Code Roots                      691 us
[1.245s][info][gc,stats    ]   Rendezvous                         27 us
[1.245s][info][gc,stats    ]   Purge Unlinked                      5 us
[1.245s][info][gc,stats    ]     Code Roots                        1 us
[1.245s][info][gc,stats    ]     CLDG                              4 us
[1.245s][info][gc,stats    ]     Exception Caches                  0 us
[1.245s][info][gc,stats    ] Concurrent Strong Roots             167 us, parallelism: 0.71x
[1.245s][info][gc,stats    ]   CSR: <total>                      119 us
[1.245s][info][gc,stats    ]   CSR: VM Strong Roots                6 us, workers (us):   5,   0, ---, ---, ---, ---, ---, ---, 
[1.245s][info][gc,stats    ]   CSR: CLDG Roots                   113 us, workers (us): 113, ---, ---, ---, ---, ---, ---, ---, 
[1.245s][info][gc,stats    ] Concurrent Evacuation              1518 us
[1.246s][info][gc,stats    ] Pause Init Update Refs (G)          149 us
[1.246s][info][gc,stats    ] Pause Init Update Refs (N)           44 us
[1.246s][info][gc,stats    ]   Manage GCLABs                       3 us
[1.246s][info][gc,stats    ] Concurrent Update Refs             1459 us
[1.246s][info][gc,stats    ] Concurrent Update Thread Roots      148 us
[1.246s][info][gc,stats    ] Pause Final Update Refs (G)         167 us
[1.246s][info][gc,stats    ] Pause Final Update Refs (N)          75 us
[1.246s][info][gc,stats    ]   Update Region States               15 us
[1.246s][info][gc,stats    ]   Trash Collection Set                3 us
[1.246s][info][gc,stats    ]   Rebuild Free Set                   17 us
[1.246s][info][gc,stats    ] Concurrent Cleanup                   88 us
[1.246s][info][gc,stats    ] 
[1.246s][info][gc,stats    ] Allocation pacing accrued:
[1.246s][info][gc,stats    ]       0 of    10 ms (  0.0%): <total>
[1.246s][info][gc,stats    ]       0 of    10 ms (  0.0%): <average total>
[1.246s][info][gc,stats    ] 
[1.246s][info][gc,metaspace] Metaspace: 5499K(5696K)->5510K(5696K) NonClass: 4950K(5056K)->4961K(5056K) Class: 548K(640K)->549K(640K)
[1.246s][info][gc,ergo     ] Pacer for Idle. Initial: 40642K, Alloc Tax Rate: 1.0x
[1.247s][info][gc          ] Trigger: Start next cycle immediately
[1.247s][info][gc,ergo     ] Free: 1872M, Max: 512K regular, 1868M humongous, Frag: 1% external, 0% internal; Reserve: 101888K, Max: 512K
[1.247s][info][gc,start    ] GC(71) Concurrent reset
[1.247s][info][gc,task     ] GC(71) Using 2 of 8 workers for concurrent reset
[1.247s][info][gc,ergo     ] GC(71) Pacer for Reset. Non-Taxable: 1984M
[1.247s][info][gc          ] GC(71) Concurrent reset 0.233ms
[1.250s][info][gc,start    ] GC(71) Pause Init Mark (unload classes)
[1.250s][info][gc,task     ] GC(71) Using 8 of 8 workers for init marking
[1.250s][info][gc,ergo     ] GC(71) Pacer for Mark. Expected Live: 10175K, Free: 1872M, Non-Taxable: 187M, Alloc Tax Rate: 0.0x
[1.250s][info][gc          ] GC(71) Pause Init Mark (unload classes) 0.070ms
[1.250s][info][gc,start    ] GC(71) Concurrent marking roots
[1.250s][info][gc,task     ] GC(71) Using 2 of 8 workers for concurrent marking roots
[1.250s][info][gc          ] GC(71) Concurrent marking roots 0.145ms
[1.251s][info][gc,start    ] GC(71) Concurrent marking (unload classes)
[1.251s][info][gc,task     ] GC(71) Using 2 of 8 workers for concurrent marking
[1.252s][info][gc          ] GC(71) Concurrent marking (unload classes) 1.568ms
[1.252s][info][gc,start    ] GC(71) Pause Final Mark (unload classes)
[1.252s][info][gc,task     ] GC(71) Using 8 of 8 workers for final marking
[1.252s][info][gc,ergo     ] GC(71) Collectable Garbage: 1785K (100%), Immediate: 0B (0%), CSet: 1785K (100%)
[1.252s][info][gc,ergo     ] GC(71) Pacer for Evacuation. Used CSet: 10087K, Free: 1872M, Non-Taxable: 187M, Alloc Tax Rate: 1.1x
[1.252s][info][gc          ] GC(71) Pause Final Mark (unload classes) 0.231ms
[1.252s][info][gc,start    ] GC(71) Concurrent thread roots
[1.252s][info][gc,task     ] GC(71) Using 2 of 8 workers for Concurrent thread roots
[1.253s][info][gc          ] GC(71) Concurrent thread roots 0.180ms
[1.253s][info][gc,start    ] GC(71) Concurrent weak references
[1.253s][info][gc,task     ] GC(71) Using 2 of 8 workers for concurrent weak references
[1.253s][info][gc,ref      ] GC(71) Encountered references: Soft: 267, Weak: 820, Final: 0, Phantom: 581
[1.253s][info][gc,ref      ] GC(71) Discovered  references: Soft: 0, Weak: 374, Final: 0, Phantom: 580
[1.253s][info][gc,ref      ] GC(71) Enqueued    references: Soft: 0, Weak: 4, Final: 0, Phantom: 0
[1.253s][info][gc          ] GC(71) Concurrent weak references 0.149ms
[1.253s][info][gc,start    ] GC(71) Concurrent weak roots
[1.253s][info][gc,task     ] GC(71) Using 2 of 8 workers for concurrent weak root
[1.253s][info][gc          ] GC(71) Concurrent weak roots 0.352ms
[1.253s][info][gc,start    ] GC(71) Concurrent cleanup
[1.253s][info][gc          ] GC(71) Concurrent cleanup 13M->13M(144M) 0.062ms
[1.253s][info][gc,ergo     ] GC(71) Free: 1871M, Max: 512K regular, 1868M humongous, Frag: 1% external, 0% internal; Reserve: 101583K, Max: 512K
[1.253s][info][gc,start    ] GC(71) Concurrent class unloading
[1.253s][info][gc,task     ] GC(71) Using 2 of 8 workers for concurrent class unloading
[1.254s][info][gc          ] GC(71) Concurrent class unloading 0.651ms
[1.254s][info][gc,start    ] GC(71) Concurrent strong roots
[1.254s][info][gc,task     ] GC(71) Using 2 of 8 workers for concurrent strong root
[1.254s][info][gc          ] GC(71) Concurrent strong roots 0.133ms
[1.254s][info][gc,start    ] GC(71) Concurrent evacuation
[1.254s][info][gc,task     ] GC(71) Using 2 of 8 workers for concurrent evacuation
[1.255s][info][gc          ] GC(71) Concurrent evacuation 1.332ms
[1.256s][info][gc,start    ] GC(71) Pause Init Update Refs
[1.256s][info][gc,ergo     ] GC(71) Pacer for Update Refs. Used: 22230K, Free: 1871M, Non-Taxable: 187M, Alloc Tax Rate: 1.1x
[1.256s][info][gc          ] GC(71) Pause Init Update Refs 0.037ms
[1.256s][info][gc,start    ] GC(71) Concurrent update references
[1.256s][info][gc,task     ] GC(71) Using 2 of 8 workers for concurrent reference update
[1.259s][info][gc          ] GC(71) Concurrent update references 2.899ms
[1.259s][info][gc,start    ] GC(71) Concurrent update thread roots
[1.260s][info][gc          ] GC(71) Concurrent update thread roots 0.311ms
[1.260s][info][gc,start    ] GC(71) Pause Final Update Refs
[1.260s][info][gc,task     ] GC(71) Using 8 of 8 workers for final reference update
[1.260s][info][gc          ] GC(71) Pause Final Update Refs 0.065ms
[1.260s][info][gc,start    ] GC(71) Concurrent cleanup
[1.260s][info][gc          ] GC(71) Concurrent cleanup 21M->11M(144M) 0.084ms
[1.260s][info][gc,ergo     ] Free: 1872M, Max: 512K regular, 1869M humongous, Frag: 1% external, 0% internal; Reserve: 101888K, Max: 512K
[1.260s][info][gc,stats    ] 
[1.260s][info][gc,stats    ] All times are wall-clock times, except per-root-class counters, that are sum over
[1.260s][info][gc,stats    ] all workers. Dividing the <total> over the root stage time estimates parallelism.
[1.260s][info][gc,stats    ] 
[1.260s][info][gc,stats    ] Concurrent Reset                    244 us
[1.260s][info][gc,stats    ] Pause Init Mark (G)                3276 us
[1.260s][info][gc,stats    ] Pause Init Mark (N)                  76 us
[1.260s][info][gc,stats    ]   Update Region States               20 us
[1.260s][info][gc,stats    ] Concurrent Mark Roots               157 us, parallelism: 0.72x
[1.260s][info][gc,stats    ]   CMR: <total>                      114 us
[1.260s][info][gc,stats    ]   CMR: Thread Roots                  41 us, workers (us):   0,  41, ---, ---, ---, ---, ---, ---, 
[1.260s][info][gc,stats    ]   CMR: VM Strong Roots                5 us, workers (us):   4,   1, ---, ---, ---, ---, ---, ---, 
[1.260s][info][gc,stats    ]   CMR: CLDG Roots                    68 us, workers (us):  68, ---, ---, ---, ---, ---, ---, ---, 
[1.260s][info][gc,stats    ] Concurrent Marking                 1592 us
[1.260s][info][gc,stats    ] Pause Final Mark (G)                329 us
[1.260s][info][gc,stats    ] Pause Final Mark (N)                240 us
[1.260s][info][gc,stats    ]   Finish Mark                       113 us
[1.260s][info][gc,stats    ]   Update Region States               14 us
[1.260s][info][gc,stats    ]   Choose Collection Set              30 us
[1.260s][info][gc,stats    ]   Rebuild Free Set                   15 us
[1.260s][info][gc,stats    ] Concurrent Thread Roots             194 us, parallelism: 0.63x
[1.260s][info][gc,stats    ]   CTR: <total>                      122 us
[1.260s][info][gc,stats    ]   CTR: Thread Roots                 122 us, workers (us): 122,   0, ---, ---, ---, ---, ---, ---, 
[1.260s][info][gc,stats    ] Concurrent Weak References          157 us, parallelism: 0.93x
[1.260s][info][gc,stats    ]   CWRF: <total>                     145 us
[1.260s][info][gc,stats    ]   CWRF: Weak References             145 us, workers (us):  72,  73, ---, ---, ---, ---, ---, ---, 
[1.260s][info][gc,stats    ] Concurrent Weak Roots               372 us
[1.260s][info][gc,stats    ]   Roots                             224 us, parallelism: 1.79x
[1.260s][info][gc,stats    ]     CWR: <total>                    401 us
[1.260s][info][gc,stats    ]     CWR: Code Cache Roots           198 us, workers (us):  98, 101, ---, ---, ---, ---, ---, ---, 
[1.260s][info][gc,stats    ]     CWR: VM Weak Roots              199 us, workers (us): 106,  93, ---, ---, ---, ---, ---, ---, 
[1.260s][info][gc,stats    ]     CWR: CLDG Roots                   3 us, workers (us): ---,   3, ---, ---, ---, ---, ---, ---, 
[1.260s][info][gc,stats    ]   Rendezvous                        109 us
[1.260s][info][gc,stats    ] Concurrent Cleanup                   71 us
[1.260s][info][gc,stats    ] Concurrent Class Unloading          671 us
[1.260s][info][gc,stats    ]   Unlink Stale                      514 us
[1.260s][info][gc,stats    ]     System Dictionary                37 us
[1.260s][info][gc,stats    ]     Weak Class Links                  0 us
[1.260s][info][gc,stats    ]     Code Roots                      476 us
[1.260s][info][gc,stats    ]   Rendezvous                        109 us
[1.260s][info][gc,stats    ]   Purge Unlinked                      6 us
[1.260s][info][gc,stats    ]     Code Roots                        1 us
[1.260s][info][gc,stats    ]     CLDG                              5 us
[1.260s][info][gc,stats    ]     Exception Caches                  0 us
[1.260s][info][gc,stats    ] Concurrent Strong Roots             145 us, parallelism: 0.71x
[1.260s][info][gc,stats    ]   CSR: <total>                      102 us
[1.260s][info][gc,stats    ]   CSR: VM Strong Roots                6 us, workers (us):   6,   0, ---, ---, ---, ---, ---, ---, 
[1.260s][info][gc,stats    ]   CSR: CLDG Roots                    96 us, workers (us):  96, ---, ---, ---, ---, ---, ---, ---, 
[1.260s][info][gc,stats    ] Concurrent Evacuation              1352 us
[1.260s][info][gc,stats    ] Pause Init Update Refs (G)          821 us
[1.260s][info][gc,stats    ] Pause Init Update Refs (N)           47 us
[1.260s][info][gc,stats    ]   Manage GCLABs                       3 us
[1.260s][info][gc,stats    ] Concurrent Update Refs             2926 us
[1.260s][info][gc,stats    ] Concurrent Update Thread Roots      327 us
[1.260s][info][gc,stats    ] Pause Final Update Refs (G)         176 us
[1.260s][info][gc,stats    ] Pause Final Update Refs (N)          80 us
[1.260s][info][gc,stats    ]   Update Region States               15 us
[1.260s][info][gc,stats    ]   Trash Collection Set                2 us
[1.260s][info][gc,stats    ]   Rebuild Free Set                   17 us
[1.260s][info][gc,stats    ] Concurrent Cleanup                   96 us
[1.261s][info][gc,stats    ] 
[1.261s][info][gc,stats    ] Allocation pacing accrued:
[1.261s][info][gc,stats    ]       0 of    15 ms (  0.0%): <total>
[1.261s][info][gc,stats    ]       0 of    15 ms (  0.0%): <average total>
[1.261s][info][gc,stats    ] 
[1.261s][info][gc,metaspace] Metaspace: 5514K(5696K)->5585K(5824K) NonClass: 4964K(5056K)->5022K(5120K) Class: 550K(640K)->562K(704K)
[1.261s][info][gc,ergo     ] Pacer for Idle. Initial: 40642K, Alloc Tax Rate: 1.0x
[1.262s][info][gc          ] Trigger: Start next cycle immediately
[1.262s][info][gc,ergo     ] Free: 1872M, Max: 512K regular, 1869M humongous, Frag: 1% external, 0% internal; Reserve: 101888K, Max: 512K
[1.262s][info][gc,start    ] GC(72) Concurrent reset
[1.262s][info][gc,task     ] GC(72) Using 2 of 8 workers for concurrent reset
[1.262s][info][gc,ergo     ] GC(72) Pacer for Reset. Non-Taxable: 1984M
[1.262s][info][gc          ] GC(72) Concurrent reset 0.235ms
[1.262s][info][gc,start    ] GC(72) Pause Init Mark
[1.262s][info][gc,task     ] GC(72) Using 8 of 8 workers for init marking
[1.262s][info][gc,ergo     ] GC(72) Pacer for Mark. Expected Live: 10187K, Free: 1872M, Non-Taxable: 187M, Alloc Tax Rate: 0.0x
[1.262s][info][gc          ] GC(72) Pause Init Mark 0.060ms
[1.262s][info][gc,start    ] GC(72) Concurrent marking roots
[1.262s][info][gc,task     ] GC(72) Using 2 of 8 workers for concurrent marking roots
[1.263s][info][gc          ] GC(72) Concurrent marking roots 0.571ms
[1.263s][info][gc,start    ] GC(72) Concurrent marking
[1.263s][info][gc,task     ] GC(72) Using 2 of 8 workers for concurrent marking
[1.265s][info][gc          ] GC(72) Concurrent marking 2.694ms
[1.266s][info][gc,start    ] GC(72) Pause Final Mark
[1.266s][info][gc,task     ] GC(72) Using 8 of 8 workers for final marking
[1.266s][info][gc,ergo     ] GC(72) Collectable Garbage: 1915K (100%), Immediate: 0B (0%), CSet: 1915K (100%)
[1.266s][info][gc,ergo     ] GC(72) Pacer for Evacuation. Used CSet: 10236K, Free: 1872M, Non-Taxable: 187M, Alloc Tax Rate: 1.1x
[1.266s][info][gc          ] GC(72) Pause Final Mark 0.223ms
[1.266s][info][gc,start    ] GC(72) Concurrent thread roots
[1.266s][info][gc,task     ] GC(72) Using 2 of 8 workers for Concurrent thread roots
[1.266s][info][gc          ] GC(72) Concurrent thread roots 0.125ms
[1.266s][info][gc,start    ] GC(72) Concurrent weak references
[1.266s][info][gc,task     ] GC(72) Using 2 of 8 workers for concurrent weak references
[1.266s][info][gc,ref      ] GC(72) Encountered references: Soft: 281, Weak: 831, Final: 0, Phantom: 584
[1.266s][info][gc,ref      ] GC(72) Discovered  references: Soft: 0, Weak: 405, Final: 0, Phantom: 200
[1.266s][info][gc,ref      ] GC(72) Enqueued    references: Soft: 0, Weak: 8, Final: 0, Phantom: 3
[1.266s][info][gc          ] GC(72) Concurrent weak references 0.103ms
[1.266s][info][gc,start    ] GC(72) Concurrent weak roots
[1.266s][info][gc,task     ] GC(72) Using 2 of 8 workers for concurrent weak root
[1.266s][info][gc          ] GC(72) Concurrent weak roots 0.209ms
[1.266s][info][gc,start    ] GC(72) Concurrent cleanup
[1.266s][info][gc          ] GC(72) Concurrent cleanup 13M->13M(144M) 0.073ms
[1.266s][info][gc,ergo     ] GC(72) Free: 1871M, Max: 512K regular, 1869M humongous, Frag: 1% external, 0% internal; Reserve: 101650K, Max: 512K
[1.266s][info][gc,start    ] GC(72) Concurrent strong roots
[1.266s][info][gc,task     ] GC(72) Using 2 of 8 workers for concurrent strong root
[1.267s][info][gc          ] GC(72) Concurrent strong roots 0.313ms
[1.267s][info][gc,start    ] GC(72) Concurrent evacuation
[1.267s][info][gc,task     ] GC(72) Using 2 of 8 workers for concurrent evacuation
[1.273s][info][gc          ] GC(72) Concurrent evacuation 6.329ms
[1.274s][info][gc,start    ] GC(72) Pause Init Update Refs
[1.274s][info][gc,ergo     ] GC(72) Pacer for Update Refs. Used: 23407K, Free: 1871M, Non-Taxable: 187M, Alloc Tax Rate: 1.1x
[1.274s][info][gc          ] GC(72) Pause Init Update Refs 0.040ms
[1.274s][info][gc,start    ] GC(72) Concurrent update references
[1.274s][info][gc,task     ] GC(72) Using 2 of 8 workers for concurrent reference update
[1.275s][info][gc          ] GC(72) Concurrent update references 1.396ms
[1.275s][info][gc,start    ] GC(72) Concurrent update thread roots
[1.275s][info][gc          ] GC(72) Concurrent update thread roots 0.155ms
[1.275s][info][gc,start    ] GC(72) Pause Final Update Refs
[1.275s][info][gc,task     ] GC(72) Using 8 of 8 workers for final reference update
[1.275s][info][gc          ] GC(72) Pause Final Update Refs 0.058ms
[1.275s][info][gc,start    ] GC(72) Concurrent cleanup
[1.276s][info][gc          ] GC(72) Concurrent cleanup 22M->12M(144M) 0.072ms
[1.276s][info][gc,ergo     ] Free: 1871M, Max: 512K regular, 1868M humongous, Frag: 1% external, 0% internal; Reserve: 101888K, Max: 512K
[1.276s][info][gc,stats    ] 
[1.276s][info][gc,stats    ] All times are wall-clock times, except per-root-class counters, that are sum over
[1.276s][info][gc,stats    ] all workers. Dividing the <total> over the root stage time estimates parallelism.
[1.276s][info][gc,stats    ] 
[1.276s][info][gc,stats    ] Concurrent Reset                    247 us
[1.276s][info][gc,stats    ] Pause Init Mark (G)                 164 us
[1.276s][info][gc,stats    ] Pause Init Mark (N)                  68 us
[1.276s][info][gc,stats    ]   Update Region States               20 us
[1.276s][info][gc,stats    ] Concurrent Mark Roots               593 us, parallelism: 1.19x
[1.276s][info][gc,stats    ]   CMR: <total>                      704 us
[1.276s][info][gc,stats    ]   CMR: Thread Roots                 330 us, workers (us):  24, 306, ---, ---, ---, ---, ---, ---, 
[1.276s][info][gc,stats    ]   CMR: Code Cache Roots             305 us, workers (us): 155, 149, ---, ---, ---, ---, ---, ---, 
[1.276s][info][gc,stats    ]   CMR: VM Strong Roots                5 us, workers (us):   5,   0, ---, ---, ---, ---, ---, ---, 
[1.276s][info][gc,stats    ]   CMR: CLDG Roots                    63 us, workers (us):  63, ---, ---, ---, ---, ---, ---, ---, 
[1.276s][info][gc,stats    ] Concurrent Marking                 2724 us
[1.276s][info][gc,stats    ] Pause Final Mark (G)                323 us
[1.276s][info][gc,stats    ] Pause Final Mark (N)                233 us
[1.276s][info][gc,stats    ]   Finish Mark                       105 us
[1.276s][info][gc,stats    ]   Update Region States               13 us
[1.276s][info][gc,stats    ]   Choose Collection Set              35 us
[1.276s][info][gc,stats    ]   Rebuild Free Set                   16 us
[1.276s][info][gc,stats    ] Concurrent Thread Roots             136 us, parallelism: 0.85x
[1.276s][info][gc,stats    ]   CTR: <total>                      116 us
[1.276s][info][gc,stats    ]   CTR: Thread Roots                 116 us, workers (us):  68,  48, ---, ---, ---, ---, ---, ---, 
[1.276s][info][gc,stats    ] Concurrent Weak References          111 us, parallelism: 0.50x
[1.276s][info][gc,stats    ]   CWRF: <total>                      56 us
[1.276s][info][gc,stats    ]   CWRF: Weak References              56 us, workers (us):  55,   1, ---, ---, ---, ---, ---, ---, 
[1.276s][info][gc,stats    ] Concurrent Weak Roots               222 us
[1.276s][info][gc,stats    ]   Roots                             150 us, parallelism: 1.37x
[1.276s][info][gc,stats    ]     CWR: <total>                    206 us
[1.276s][info][gc,stats    ]     CWR: VM Weak Roots              206 us, workers (us): 134,  72, ---, ---, ---, ---, ---, ---, 
[1.276s][info][gc,stats    ]   Rendezvous                         26 us
[1.276s][info][gc,stats    ] Concurrent Cleanup                   83 us
[1.276s][info][gc,stats    ] Concurrent Strong Roots             333 us, parallelism: 1.45x
[1.276s][info][gc,stats    ]   CSR: <total>                      483 us
[1.276s][info][gc,stats    ]   CSR: Code Cache Roots             363 us, workers (us):  99, 264, ---, ---, ---, ---, ---, ---, 
[1.276s][info][gc,stats    ]   CSR: VM Strong Roots               13 us, workers (us):   9,   4, ---, ---, ---, ---, ---, ---, 
[1.276s][info][gc,stats    ]   CSR: CLDG Roots                   107 us, workers (us): 107, ---, ---, ---, ---, ---, ---, ---, 
[1.276s][info][gc,stats    ] Concurrent Evacuation              6353 us
[1.276s][info][gc,stats    ] Pause Init Update Refs (G)          548 us
[1.276s][info][gc,stats    ] Pause Init Update Refs (N)           50 us
[1.276s][info][gc,stats    ]   Manage GCLABs                       3 us
[1.276s][info][gc,stats    ] Concurrent Update Refs             1448 us
[1.276s][info][gc,stats    ] Concurrent Update Thread Roots      167 us
[1.276s][info][gc,stats    ] Pause Final Update Refs (G)         235 us
[1.276s][info][gc,stats    ] Pause Final Update Refs (N)          67 us
[1.276s][info][gc,stats    ]   Update Region States               16 us
[1.276s][info][gc,stats    ]   Trash Collection Set                2 us
[1.276s][info][gc,stats    ]   Rebuild Free Set                   17 us
[1.276s][info][gc,stats    ] Concurrent Cleanup                   83 us
[1.276s][info][gc,stats    ] 
[1.276s][info][gc,stats    ] Allocation pacing accrued:
[1.276s][info][gc,stats    ]       0 of    16 ms (  0.0%): <total>
[1.276s][info][gc,stats    ]       0 of    16 ms (  0.0%): <average total>
[1.276s][info][gc,stats    ] 
[1.276s][info][gc,metaspace] Metaspace: 5586K(5824K)->5611K(5824K) NonClass: 5023K(5120K)->5044K(5120K) Class: 563K(704K)->567K(704K)
[1.276s][info][gc,ergo     ] Pacer for Idle. Initial: 40642K, Alloc Tax Rate: 1.0x
[1.277s][info][gc          ] Trigger: Start next cycle immediately
[1.278s][info][gc,ergo     ] Free: 1871M, Max: 512K regular, 1868M humongous, Frag: 1% external, 0% internal; Reserve: 101888K, Max: 512K
[1.278s][info][gc,start    ] GC(73) Concurrent reset
[1.278s][info][gc,task     ] GC(73) Using 2 of 8 workers for concurrent reset
[1.278s][info][gc,ergo     ] GC(73) Pacer for Reset. Non-Taxable: 1984M
[1.278s][info][gc          ] GC(73) Concurrent reset 0.219ms
[1.278s][info][gc,start    ] GC(73) Pause Init Mark
[1.278s][info][gc,task     ] GC(73) Using 8 of 8 workers for init marking
[1.278s][info][gc,ergo     ] GC(73) Pacer for Mark. Expected Live: 10201K, Free: 1871M, Non-Taxable: 187M, Alloc Tax Rate: 0.0x
[1.278s][info][gc          ] GC(73) Pause Init Mark 0.070ms
[1.278s][info][gc,start    ] GC(73) Concurrent marking roots
[1.278s][info][gc,task     ] GC(73) Using 2 of 8 workers for concurrent marking roots
[1.278s][info][gc          ] GC(73) Concurrent marking roots 0.283ms
[1.278s][info][gc,start    ] GC(73) Concurrent marking
[1.278s][info][gc,task     ] GC(73) Using 2 of 8 workers for concurrent marking
[1.282s][info][gc          ] GC(73) Concurrent marking 3.318ms
[1.282s][info][gc,start    ] GC(73) Pause Final Mark
[1.282s][info][gc,task     ] GC(73) Using 8 of 8 workers for final marking
[1.282s][info][gc,ergo     ] GC(73) Collectable Garbage: 2864K (100%), Immediate: 0B (0%), CSet: 2864K (100%)
[1.282s][info][gc,ergo     ] GC(73) Pacer for Evacuation. Used CSet: 11264K, Free: 1871M, Non-Taxable: 187M, Alloc Tax Rate: 1.1x
[1.282s][info][gc          ] GC(73) Pause Final Mark 0.223ms
[1.282s][info][gc,start    ] GC(73) Concurrent thread roots
[1.282s][info][gc,task     ] GC(73) Using 2 of 8 workers for Concurrent thread roots
[1.282s][info][gc          ] GC(73) Concurrent thread roots 0.082ms
[1.282s][info][gc,start    ] GC(73) Concurrent weak references
[1.282s][info][gc,task     ] GC(73) Using 2 of 8 workers for concurrent weak references
[1.282s][info][gc,ref      ] GC(73) Encountered references: Soft: 311, Weak: 834, Final: 0, Phantom: 583
[1.282s][info][gc,ref      ] GC(73) Discovered  references: Soft: 0, Weak: 408, Final: 0, Phantom: 310
[1.282s][info][gc,ref      ] GC(73) Enqueued    references: Soft: 0, Weak: 5, Final: 0, Phantom: 2
[1.282s][info][gc          ] GC(73) Concurrent weak references 0.122ms
[1.282s][info][gc,start    ] GC(73) Concurrent weak roots
[1.282s][info][gc,task     ] GC(73) Using 2 of 8 workers for concurrent weak root
[1.289s][info][gc          ] GC(73) Concurrent weak roots 6.328ms
[1.289s][info][gc,start    ] GC(73) Concurrent cleanup
[1.289s][info][gc          ] GC(73) Concurrent cleanup 14M->14M(144M) 0.067ms
[1.289s][info][gc,ergo     ] GC(73) Free: 1870M, Max: 512K regular, 1868M humongous, Frag: 1% external, 0% internal; Reserve: 101628K, Max: 512K
[1.289s][info][gc,start    ] GC(73) Concurrent strong roots
[1.289s][info][gc,task     ] GC(73) Using 2 of 8 workers for concurrent strong root
[1.289s][info][gc          ] GC(73) Concurrent strong roots 0.407ms
[1.289s][info][gc,start    ] GC(73) Concurrent evacuation
[1.289s][info][gc,task     ] GC(73) Using 2 of 8 workers for concurrent evacuation
[1.291s][info][gc          ] GC(73) Concurrent evacuation 1.462ms
[1.291s][info][gc,start    ] GC(73) Pause Init Update Refs
[1.291s][info][gc,ergo     ] GC(73) Pacer for Update Refs. Used: 23406K, Free: 1870M, Non-Taxable: 187M, Alloc Tax Rate: 1.1x
[1.291s][info][gc          ] GC(73) Pause Init Update Refs 0.040ms
[1.291s][info][gc,start    ] GC(73) Concurrent update references
[1.291s][info][gc,task     ] GC(73) Using 2 of 8 workers for concurrent reference update
[1.293s][info][gc          ] GC(73) Concurrent update references 2.454ms
[1.293s][info][gc,start    ] GC(73) Concurrent update thread roots
[1.303s][info][gc          ] GC(73) Concurrent update thread roots 9.692ms
[1.303s][info][gc,start    ] GC(73) Pause Final Update Refs
[1.303s][info][gc,task     ] GC(73) Using 8 of 8 workers for final reference update
[1.303s][info][gc          ] GC(73) Pause Final Update Refs 0.087ms
[1.303s][info][gc,start    ] GC(73) Concurrent cleanup
[1.303s][info][gc          ] GC(73) Concurrent cleanup 22M->11M(144M) 0.073ms
[1.303s][info][gc,ergo     ] Free: 1872M, Max: 512K regular, 1869M humongous, Frag: 1% external, 0% internal; Reserve: 101888K, Max: 512K
[1.303s][info][gc,stats    ] 
[1.303s][info][gc,stats    ] All times are wall-clock times, except per-root-class counters, that are sum over
[1.303s][info][gc,stats    ] all workers. Dividing the <total> over the root stage time estimates parallelism.
[1.303s][info][gc,stats    ] 
[1.303s][info][gc,stats    ] Concurrent Reset                    229 us
[1.303s][info][gc,stats    ] Pause Init Mark (G)                 273 us
[1.303s][info][gc,stats    ] Pause Init Mark (N)                  79 us
[1.303s][info][gc,stats    ]   Update Region States               20 us
[1.303s][info][gc,stats    ] Concurrent Mark Roots               296 us, parallelism: 1.49x
[1.303s][info][gc,stats    ]   CMR: <total>                      442 us
[1.303s][info][gc,stats    ]   CMR: Thread Roots                  61 us, workers (us):   0,  61, ---, ---, ---, ---, ---, ---, 
[1.303s][info][gc,stats    ]   CMR: Code Cache Roots             319 us, workers (us): 165, 154, ---, ---, ---, ---, ---, ---, 
[1.303s][info][gc,stats    ]   CMR: VM Strong Roots                4 us, workers (us):   4,   0, ---, ---, ---, ---, ---, ---, 
[1.303s][info][gc,stats    ]   CMR: CLDG Roots                    57 us, workers (us):  57, ---, ---, ---, ---, ---, ---, ---, 
[1.303s][info][gc,stats    ] Concurrent Marking                 3339 us
[1.303s][info][gc,stats    ] Pause Final Mark (G)                344 us
[1.303s][info][gc,stats    ] Pause Final Mark (N)                234 us
[1.303s][info][gc,stats    ]   Finish Mark                        94 us
[1.303s][info][gc,stats    ]   Update Region States               15 us
[1.303s][info][gc,stats    ]   Choose Collection Set              39 us
[1.303s][info][gc,stats    ]   Rebuild Free Set                   17 us
[1.303s][info][gc,stats    ] Concurrent Thread Roots              91 us, parallelism: 0.76x
[1.303s][info][gc,stats    ]   CTR: <total>                       69 us
[1.303s][info][gc,stats    ]   CTR: Thread Roots                  69 us, workers (us):  40,  29, ---, ---, ---, ---, ---, ---, 
[1.304s][info][gc,stats    ] Concurrent Weak References          135 us, parallelism: 0.44x
[1.304s][info][gc,stats    ]   CWRF: <total>                      60 us
[1.304s][info][gc,stats    ]   CWRF: Weak References              60 us, workers (us):  60,   0, ---, ---, ---, ---, ---, ---, 
[1.304s][info][gc,stats    ] Concurrent Weak Roots              6354 us
[1.304s][info][gc,stats    ]   Roots                             166 us, parallelism: 1.37x
[1.304s][info][gc,stats    ]     CWR: <total>                    227 us
[1.304s][info][gc,stats    ]     CWR: VM Weak Roots              227 us, workers (us): 142,  85, ---, ---, ---, ---, ---, ---, 
[1.304s][info][gc,stats    ]   Rendezvous                       6141 us
[1.304s][info][gc,stats    ] Concurrent Cleanup                   76 us
[1.304s][info][gc,stats    ] Concurrent Strong Roots             423 us, parallelism: 1.37x
[1.304s][info][gc,stats    ]   CSR: <total>                      578 us
[1.304s][info][gc,stats    ]   CSR: Code Cache Roots             449 us, workers (us): 229, 220, ---, ---, ---, ---, ---, ---, 
[1.304s][info][gc,stats    ]   CSR: VM Strong Roots               15 us, workers (us):  10,   5, ---, ---, ---, ---, ---, ---, 
[1.304s][info][gc,stats    ]   CSR: CLDG Roots                   115 us, workers (us): ---, 115, ---, ---, ---, ---, ---, ---, 
[1.304s][info][gc,stats    ] Concurrent Evacuation              1485 us
[1.304s][info][gc,stats    ] Pause Init Update Refs (G)          155 us
[1.304s][info][gc,stats    ] Pause Init Update Refs (N)           49 us
[1.304s][info][gc,stats    ]   Manage GCLABs                       4 us
[1.304s][info][gc,stats    ] Concurrent Update Refs             2473 us
[1.304s][info][gc,stats    ] Concurrent Update Thread Roots     9722 us
[1.304s][info][gc,stats    ] Pause Final Update Refs (G)         220 us
[1.304s][info][gc,stats    ] Pause Final Update Refs (N)         103 us
[1.304s][info][gc,stats    ]   Update Region States               28 us
[1.304s][info][gc,stats    ]   Trash Collection Set                2 us
[1.304s][info][gc,stats    ]   Rebuild Free Set                   18 us
[1.304s][info][gc,stats    ] Concurrent Cleanup                   83 us
[1.304s][info][gc,stats    ] 
[1.304s][info][gc,stats    ] Allocation pacing accrued:
[1.304s][info][gc,stats    ]       0 of    28 ms (  0.0%): <total>
[1.304s][info][gc,stats    ]       0 of    28 ms (  0.0%): <average total>
[1.304s][info][gc,stats    ] 
[1.304s][info][gc,metaspace] Metaspace: 5612K(5824K)->5647K(5888K) NonClass: 5045K(5120K)->5079K(5184K) Class: 567K(704K)->567K(704K)
[1.304s][info][gc,ergo     ] Pacer for Idle. Initial: 40642K, Alloc Tax Rate: 1.0x
[1.305s][info][gc          ] Trigger: Start next cycle immediately
[1.305s][info][gc,ergo     ] Free: 1872M, Max: 512K regular, 1869M humongous, Frag: 1% external, 0% internal; Reserve: 101888K, Max: 512K
[1.305s][info][gc,start    ] GC(74) Concurrent reset
[1.305s][info][gc,task     ] GC(74) Using 2 of 8 workers for concurrent reset
[1.305s][info][gc,ergo     ] GC(74) Pacer for Reset. Non-Taxable: 1984M
[1.305s][info][gc          ] GC(74) Concurrent reset 0.274ms
[1.305s][info][gc,start    ] GC(74) Pause Init Mark (unload classes)
[1.305s][info][gc,task     ] GC(74) Using 8 of 8 workers for init marking
[1.305s][info][gc,ergo     ] GC(74) Pacer for Mark. Expected Live: 10228K, Free: 1872M, Non-Taxable: 187M, Alloc Tax Rate: 0.0x
[1.305s][info][gc          ] GC(74) Pause Init Mark (unload classes) 0.068ms
[1.305s][info][gc,start    ] GC(74) Concurrent marking roots
[1.305s][info][gc,task     ] GC(74) Using 2 of 8 workers for concurrent marking roots
[1.306s][info][gc          ] GC(74) Concurrent marking roots 0.651ms
[1.306s][info][gc,start    ] GC(74) Concurrent marking (unload classes)
[1.306s][info][gc,task     ] GC(74) Using 2 of 8 workers for concurrent marking
[1.308s][info][gc          ] GC(74) Concurrent marking (unload classes) 1.839ms
[1.308s][info][gc,start    ] GC(74) Pause Final Mark (unload classes)
[1.308s][info][gc,task     ] GC(74) Using 8 of 8 workers for final marking
[1.308s][info][gc,ergo     ] GC(74) Collectable Garbage: 1628K (100%), Immediate: 0B (0%), CSet: 1628K (100%)
[1.308s][info][gc,ergo     ] GC(74) Pacer for Evacuation. Used CSet: 10240K, Free: 1872M, Non-Taxable: 187M, Alloc Tax Rate: 1.1x
[1.308s][info][gc          ] GC(74) Pause Final Mark (unload classes) 0.219ms
[1.308s][info][gc,start    ] GC(74) Concurrent thread roots
[1.308s][info][gc,task     ] GC(74) Using 2 of 8 workers for Concurrent thread roots
[1.308s][info][gc          ] GC(74) Concurrent thread roots 0.193ms
[1.308s][info][gc,start    ] GC(74) Concurrent weak references
[1.308s][info][gc,task     ] GC(74) Using 2 of 8 workers for concurrent weak references
[1.308s][info][gc,ref      ] GC(74) Encountered references: Soft: 321, Weak: 838, Final: 0, Phantom: 583
[1.308s][info][gc,ref      ] GC(74) Discovered  references: Soft: 0, Weak: 388, Final: 0, Phantom: 200
[1.308s][info][gc,ref      ] GC(74) Enqueued    references: Soft: 0, Weak: 5, Final: 0, Phantom: 2
[1.308s][info][gc          ] GC(74) Concurrent weak references 0.077ms
[1.308s][info][gc,start    ] GC(74) Concurrent weak roots
[1.309s][info][gc,task     ] GC(74) Using 2 of 8 workers for concurrent weak root
[1.309s][info][gc          ] GC(74) Concurrent weak roots 0.538ms
[1.309s][info][gc,start    ] GC(74) Concurrent cleanup
[1.309s][info][gc          ] GC(74) Concurrent cleanup 13M->13M(144M) 0.057ms
[1.309s][info][gc,ergo     ] GC(74) Free: 1871M, Max: 512K regular, 1869M humongous, Frag: 1% external, 0% internal; Reserve: 101636K, Max: 512K
[1.309s][info][gc,start    ] GC(74) Concurrent class unloading
[1.309s][info][gc,task     ] GC(74) Using 2 of 8 workers for concurrent class unloading
[1.310s][info][gc          ] GC(74) Concurrent class unloading 0.694ms
[1.310s][info][gc,start    ] GC(74) Concurrent strong roots
[1.310s][info][gc,task     ] GC(74) Using 2 of 8 workers for concurrent strong root
[1.310s][info][gc          ] GC(74) Concurrent strong roots 0.153ms
[1.310s][info][gc,start    ] GC(74) Concurrent evacuation
[1.310s][info][gc,task     ] GC(74) Using 2 of 8 workers for concurrent evacuation
[1.311s][info][gc          ] GC(74) Concurrent evacuation 1.475ms
[1.312s][info][gc,start    ] GC(74) Pause Init Update Refs
[1.312s][info][gc,ergo     ] GC(74) Pacer for Update Refs. Used: 23255K, Free: 1871M, Non-Taxable: 187M, Alloc Tax Rate: 1.1x
[1.312s][info][gc          ] GC(74) Pause Init Update Refs 0.040ms
[1.312s][info][gc,start    ] GC(74) Concurrent update references
[1.312s][info][gc,task     ] GC(74) Using 2 of 8 workers for concurrent reference update
[1.313s][info][gc          ] GC(74) Concurrent update references 1.582ms
[1.313s][info][gc,start    ] GC(74) Concurrent update thread roots
[1.313s][info][gc          ] GC(74) Concurrent update thread roots 0.140ms
[1.313s][info][gc,start    ] GC(74) Pause Final Update Refs
[1.313s][info][gc,task     ] GC(74) Using 8 of 8 workers for final reference update
[1.314s][info][gc          ] GC(74) Pause Final Update Refs 0.071ms
[1.314s][info][gc,start    ] GC(74) Concurrent cleanup
[1.314s][info][gc          ] GC(74) Concurrent cleanup 22M->13M(144M) 0.069ms
[1.314s][info][gc,ergo     ] Free: 1871M, Max: 512K regular, 1868M humongous, Frag: 1% external, 0% internal; Reserve: 101888K, Max: 512K
[1.314s][info][gc,stats    ] 
[1.314s][info][gc,stats    ] All times are wall-clock times, except per-root-class counters, that are sum over
[1.314s][info][gc,stats    ] all workers. Dividing the <total> over the root stage time estimates parallelism.
[1.314s][info][gc,stats    ] 
[1.314s][info][gc,stats    ] Concurrent Reset                    283 us
[1.314s][info][gc,stats    ] Pause Init Mark (G)                 201 us
[1.314s][info][gc,stats    ] Pause Init Mark (N)                  78 us
[1.314s][info][gc,stats    ]   Update Region States               18 us
[1.314s][info][gc,stats    ] Concurrent Mark Roots               663 us, parallelism: 1.27x
[1.314s][info][gc,stats    ]   CMR: <total>                      843 us
[1.314s][info][gc,stats    ]   CMR: Thread Roots                 240 us, workers (us):   0, 239, ---, ---, ---, ---, ---, ---, 
[1.314s][info][gc,stats    ]   CMR: VM Strong Roots                5 us, workers (us):   5,   0, ---, ---, ---, ---, ---, ---, 
[1.314s][info][gc,stats    ]   CMR: CLDG Roots                   599 us, workers (us): 599, ---, ---, ---, ---, ---, ---, ---, 
[1.314s][info][gc,stats    ] Concurrent Marking                 1849 us
[1.314s][info][gc,stats    ] Pause Final Mark (G)                318 us
[1.314s][info][gc,stats    ] Pause Final Mark (N)                228 us
[1.314s][info][gc,stats    ]   Finish Mark                       116 us
[1.314s][info][gc,stats    ]   Update Region States               14 us
[1.314s][info][gc,stats    ]   Choose Collection Set              31 us
[1.314s][info][gc,stats    ]   Rebuild Free Set                   16 us
[1.314s][info][gc,stats    ] Concurrent Thread Roots             201 us, parallelism: 1.04x
[1.314s][info][gc,stats    ]   CTR: <total>                      209 us
[1.314s][info][gc,stats    ]   CTR: Thread Roots                 209 us, workers (us): 147,  62, ---, ---, ---, ---, ---, ---, 
[1.314s][info][gc,stats    ] Concurrent Weak References           85 us, parallelism: 0.52x
[1.314s][info][gc,stats    ]   CWRF: <total>                      44 us
[1.314s][info][gc,stats    ]   CWRF: Weak References              44 us, workers (us):  23,  21, ---, ---, ---, ---, ---, ---, 
[1.314s][info][gc,stats    ] Concurrent Weak Roots               552 us
[1.314s][info][gc,stats    ]   Roots                             472 us, parallelism: 1.15x
[1.314s][info][gc,stats    ]     CWR: <total>                    541 us
[1.314s][info][gc,stats    ]     CWR: Code Cache Roots           276 us, workers (us): 138, 139, ---, ---, ---, ---, ---, ---, 
[1.314s][info][gc,stats    ]     CWR: VM Weak Roots              261 us, workers (us): 162,  98, ---, ---, ---, ---, ---, ---, 
[1.314s][info][gc,stats    ]     CWR: CLDG Roots                   4 us, workers (us): ---,   4, ---, ---, ---, ---, ---, ---, 
[1.314s][info][gc,stats    ]   Rendezvous                         49 us
[1.314s][info][gc,stats    ] Concurrent Cleanup                   66 us
[1.314s][info][gc,stats    ] Concurrent Class Unloading          707 us
[1.314s][info][gc,stats    ]   Unlink Stale                      554 us
[1.314s][info][gc,stats    ]     System Dictionary                22 us
[1.314s][info][gc,stats    ]     Weak Class Links                  0 us
[1.314s][info][gc,stats    ]     Code Roots                      531 us
[1.314s][info][gc,stats    ]   Rendezvous                         23 us
[1.314s][info][gc,stats    ]   Purge Unlinked                     98 us
[1.314s][info][gc,stats    ]     Code Roots                       95 us
[1.314s][info][gc,stats    ]     CLDG                              3 us
[1.314s][info][gc,stats    ]     Exception Caches                  0 us
[1.314s][info][gc,stats    ] Concurrent Strong Roots             163 us, parallelism: 0.72x
[1.314s][info][gc,stats    ]   CSR: <total>                      117 us
[1.314s][info][gc,stats    ]   CSR: VM Strong Roots                8 us, workers (us):   8,   0, ---, ---, ---, ---, ---, ---, 
[1.314s][info][gc,stats    ]   CSR: CLDG Roots                   109 us, workers (us): 109, ---, ---, ---, ---, ---, ---, ---, 
[1.314s][info][gc,stats    ] Concurrent Evacuation              1487 us
[1.314s][info][gc,stats    ] Pause Init Update Refs (G)          157 us
[1.314s][info][gc,stats    ] Pause Init Update Refs (N)           46 us
[1.314s][info][gc,stats    ]   Manage GCLABs                       4 us
[1.314s][info][gc,stats    ] Concurrent Update Refs             1592 us
[1.314s][info][gc,stats    ] Concurrent Update Thread Roots      149 us
[1.314s][info][gc,stats    ] Pause Final Update Refs (G)         163 us
[1.314s][info][gc,stats    ] Pause Final Update Refs (N)          85 us
[1.314s][info][gc,stats    ]   Update Region States               14 us
[1.314s][info][gc,stats    ]   Trash Collection Set                3 us
[1.314s][info][gc,stats    ]   Rebuild Free Set                   16 us
[1.314s][info][gc,stats    ] Concurrent Cleanup                   79 us
[1.314s][info][gc,stats    ] 
[1.314s][info][gc,stats    ] Allocation pacing accrued:
[1.314s][info][gc,stats    ]       0 of    10 ms (  0.0%): <total>
[1.314s][info][gc,stats    ]       0 of    10 ms (  0.0%): <average total>
[1.314s][info][gc,stats    ] 
[1.314s][info][gc,metaspace] Metaspace: 5648K(5888K)->5652K(5888K) NonClass: 5080K(5184K)->5082K(5184K) Class: 567K(704K)->569K(704K)
[1.314s][info][gc,ergo     ] Pacer for Idle. Initial: 40642K, Alloc Tax Rate: 1.0x
[1.315s][info][gc          ] Trigger: Start next cycle immediately
[1.315s][info][gc,ergo     ] Free: 1871M, Max: 512K regular, 1868M humongous, Frag: 1% external, 0% internal; Reserve: 101888K, Max: 512K
[1.315s][info][gc,start    ] GC(75) Concurrent reset
[1.315s][info][gc,task     ] GC(75) Using 2 of 8 workers for concurrent reset
[1.315s][info][gc,ergo     ] GC(75) Pacer for Reset. Non-Taxable: 1984M
[1.316s][info][gc          ] GC(75) Concurrent reset 0.217ms
[1.316s][info][gc,start    ] GC(75) Pause Init Mark (unload classes)
[1.316s][info][gc,task     ] GC(75) Using 8 of 8 workers for init marking
[1.316s][info][gc,ergo     ] GC(75) Pacer for Mark. Expected Live: 10292K, Free: 1871M, Non-Taxable: 187M, Alloc Tax Rate: 0.0x
[1.316s][info][gc          ] GC(75) Pause Init Mark (unload classes) 0.069ms
[1.316s][info][gc,start    ] GC(75) Concurrent marking roots
[1.316s][info][gc,task     ] GC(75) Using 2 of 8 workers for concurrent marking roots
[1.316s][info][gc          ] GC(75) Concurrent marking roots 0.200ms
[1.316s][info][gc,start    ] GC(75) Concurrent marking (unload classes)
[1.316s][info][gc,task     ] GC(75) Using 2 of 8 workers for concurrent marking
[1.318s][info][gc          ] GC(75) Concurrent marking (unload classes) 1.578ms
[1.318s][info][gc,start    ] GC(75) Pause Final Mark (unload classes)
[1.318s][info][gc,task     ] GC(75) Using 8 of 8 workers for final marking
[1.318s][info][gc,ergo     ] GC(75) Collectable Garbage: 2981K (100%), Immediate: 0B (0%), CSet: 2981K (100%)
[1.318s][info][gc,ergo     ] GC(75) Pacer for Evacuation. Used CSet: 11620K, Free: 1871M, Non-Taxable: 187M, Alloc Tax Rate: 1.1x
[1.318s][info][gc          ] GC(75) Pause Final Mark (unload classes) 0.219ms
[1.318s][info][gc,start    ] GC(75) Concurrent thread roots
[1.318s][info][gc,task     ] GC(75) Using 2 of 8 workers for Concurrent thread roots
[1.318s][info][gc          ] GC(75) Concurrent thread roots 0.112ms
[1.318s][info][gc,start    ] GC(75) Concurrent weak references
[1.318s][info][gc,task     ] GC(75) Using 2 of 8 workers for concurrent weak references
[1.318s][info][gc,ref      ] GC(75) Encountered references: Soft: 321, Weak: 840, Final: 0, Phantom: 582
[1.318s][info][gc,ref      ] GC(75) Discovered  references: Soft: 0, Weak: 384, Final: 0, Phantom: 199
[1.318s][info][gc,ref      ] GC(75) Enqueued    references: Soft: 0, Weak: 1, Final: 0, Phantom: 1
[1.318s][info][gc          ] GC(75) Concurrent weak references 0.111ms
[1.318s][info][gc,start    ] GC(75) Concurrent weak roots
[1.318s][info][gc,task     ] GC(75) Using 2 of 8 workers for concurrent weak root
[1.322s][info][gc          ] GC(75) Concurrent weak roots 3.399ms
[1.322s][info][gc,start    ] GC(75) Concurrent cleanup
[1.322s][info][gc          ] GC(75) Concurrent cleanup 14M->14M(144M) 0.062ms
[1.322s][info][gc,ergo     ] GC(75) Free: 1870M, Max: 512K regular, 1868M humongous, Frag: 1% external, 0% internal; Reserve: 101523K, Max: 512K
[1.322s][info][gc,start    ] GC(75) Concurrent class unloading
[1.322s][info][gc,task     ] GC(75) Using 2 of 8 workers for concurrent class unloading
[1.322s][info][gc          ] GC(75) Concurrent class unloading 0.536ms
[1.322s][info][gc,start    ] GC(75) Concurrent strong roots
[1.322s][info][gc,task     ] GC(75) Using 2 of 8 workers for concurrent strong root
[1.322s][info][gc          ] GC(75) Concurrent strong roots 0.138ms
[1.322s][info][gc,start    ] GC(75) Concurrent evacuation
[1.322s][info][gc,task     ] GC(75) Using 2 of 8 workers for concurrent evacuation
[1.324s][info][gc          ] GC(75) Concurrent evacuation 1.493ms
[1.324s][info][gc,start    ] GC(75) Pause Init Update Refs
[1.324s][info][gc,ergo     ] GC(75) Pacer for Update Refs. Used: 24214K, Free: 1870M, Non-Taxable: 187M, Alloc Tax Rate: 1.1x
[1.324s][info][gc          ] GC(75) Pause Init Update Refs 0.040ms
[1.324s][info][gc,start    ] GC(75) Concurrent update references
[1.324s][info][gc,task     ] GC(75) Using 2 of 8 workers for concurrent reference update
[1.325s][info][gc          ] GC(75) Concurrent update references 1.385ms
[1.325s][info][gc,start    ] GC(75) Concurrent update thread roots
[1.326s][info][gc          ] GC(75) Concurrent update thread roots 0.159ms
[1.326s][info][gc,start    ] GC(75) Pause Final Update Refs
[1.326s][info][gc,task     ] GC(75) Using 8 of 8 workers for final reference update
[1.326s][info][gc          ] GC(75) Pause Final Update Refs 0.068ms
[1.326s][info][gc,start    ] GC(75) Concurrent cleanup
[1.326s][info][gc          ] GC(75) Concurrent cleanup 23M->12M(144M) 0.080ms
[1.326s][info][gc,ergo     ] Free: 1872M, Max: 512K regular, 1868M humongous, Frag: 1% external, 0% internal; Reserve: 101888K, Max: 512K
[1.326s][info][gc,stats    ] 
[1.326s][info][gc,stats    ] All times are wall-clock times, except per-root-class counters, that are sum over
[1.326s][info][gc,stats    ] all workers. Dividing the <total> over the root stage time estimates parallelism.
[1.326s][info][gc,stats    ] 
[1.326s][info][gc,stats    ] Concurrent Reset                    229 us
[1.326s][info][gc,stats    ] Pause Init Mark (G)                 190 us
[1.326s][info][gc,stats    ] Pause Init Mark (N)                  86 us
[1.326s][info][gc,stats    ]   Update Region States               20 us
[1.326s][info][gc,stats    ] Concurrent Mark Roots               210 us, parallelism: 1.20x
[1.326s][info][gc,stats    ]   CMR: <total>                      251 us
[1.326s][info][gc,stats    ]   CMR: Thread Roots                 166 us, workers (us): 141,  24, ---, ---, ---, ---, ---, ---, 
[1.326s][info][gc,stats    ]   CMR: VM Strong Roots               12 us, workers (us):  10,   2, ---, ---, ---, ---, ---, ---, 
[1.326s][info][gc,stats    ]   CMR: CLDG Roots                    74 us, workers (us): ---,  74, ---, ---, ---, ---, ---, ---, 
[1.326s][info][gc,stats    ] Concurrent Marking                 1597 us
[1.326s][info][gc,stats    ] Pause Final Mark (G)                317 us
[1.326s][info][gc,stats    ] Pause Final Mark (N)                229 us
[1.326s][info][gc,stats    ]   Finish Mark                       111 us
[1.326s][info][gc,stats    ]   Update Region States               15 us
[1.326s][info][gc,stats    ]   Choose Collection Set              31 us
[1.326s][info][gc,stats    ]   Rebuild Free Set                   16 us
[1.326s][info][gc,stats    ] Concurrent Thread Roots             121 us, parallelism: 0.89x
[1.326s][info][gc,stats    ]   CTR: <total>                      107 us
[1.326s][info][gc,stats    ]   CTR: Thread Roots                 107 us, workers (us):  73,  34, ---, ---, ---, ---, ---, ---, 
[1.326s][info][gc,stats    ] Concurrent Weak References          119 us, parallelism: 0.34x
[1.326s][info][gc,stats    ]   CWRF: <total>                      40 us
[1.326s][info][gc,stats    ]   CWRF: Weak References              40 us, workers (us):  39,   1, ---, ---, ---, ---, ---, ---, 
[1.326s][info][gc,stats    ] Concurrent Weak Roots              3421 us
[1.326s][info][gc,stats    ]   Roots                            3330 us, parallelism: 0.14x
[1.326s][info][gc,stats    ]     CWR: <total>                    469 us
[1.326s][info][gc,stats    ]     CWR: Code Cache Roots           208 us, workers (us): 106, 102, ---, ---, ---, ---, ---, ---, 
[1.326s][info][gc,stats    ]     CWR: VM Weak Roots              257 us, workers (us): 154, 103, ---, ---, ---, ---, ---, ---, 
[1.326s][info][gc,stats    ]     CWR: CLDG Roots                   3 us, workers (us):   3, ---, ---, ---, ---, ---, ---, ---, 
[1.326s][info][gc,stats    ]   Rendezvous                         51 us
[1.326s][info][gc,stats    ] Concurrent Cleanup                   71 us
[1.326s][info][gc,stats    ] Concurrent Class Unloading          549 us
[1.326s][info][gc,stats    ]   Unlink Stale                      453 us
[1.326s][info][gc,stats    ]     System Dictionary                26 us
[1.326s][info][gc,stats    ]     Weak Class Links                  0 us
[1.326s][info][gc,stats    ]     Code Roots                      427 us
[1.326s][info][gc,stats    ]   Rendezvous                         45 us
[1.326s][info][gc,stats    ]   Purge Unlinked                     18 us
[1.326s][info][gc,stats    ]     Code Roots                       15 us
[1.326s][info][gc,stats    ]     CLDG                              3 us
[1.326s][info][gc,stats    ]     Exception Caches                  0 us
[1.326s][info][gc,stats    ] Concurrent Strong Roots             152 us, parallelism: 0.74x
[1.326s][info][gc,stats    ]   CSR: <total>                      113 us
[1.326s][info][gc,stats    ]   CSR: VM Strong Roots                8 us, workers (us):   4,   4, ---, ---, ---, ---, ---, ---, 
[1.326s][info][gc,stats    ]   CSR: CLDG Roots                   105 us, workers (us): 105, ---, ---, ---, ---, ---, ---, ---, 
[1.326s][info][gc,stats    ] Concurrent Evacuation              1514 us
[1.326s][info][gc,stats    ] Pause Init Update Refs (G)          162 us
[1.326s][info][gc,stats    ] Pause Init Update Refs (N)           54 us
[1.326s][info][gc,stats    ]   Manage GCLABs                       4 us
[1.326s][info][gc,stats    ] Concurrent Update Refs             1431 us
[1.326s][info][gc,stats    ] Concurrent Update Thread Roots      168 us
[1.326s][info][gc,stats    ] Pause Final Update Refs (G)         180 us
[1.326s][info][gc,stats    ] Pause Final Update Refs (N)          78 us
[1.326s][info][gc,stats    ]   Update Region States               16 us
[1.327s][info][gc,stats    ]   Trash Collection Set                2 us
[1.327s][info][gc,stats    ]   Rebuild Free Set                   16 us
[1.327s][info][gc,stats    ] Concurrent Cleanup                   91 us
[1.327s][info][gc,stats    ] 
[1.327s][info][gc,stats    ] Allocation pacing accrued:
[1.327s][info][gc,stats    ]       0 of    12 ms (  0.0%): <total>
[1.327s][info][gc,stats    ]       0 of    12 ms (  0.0%): <average total>
[1.327s][info][gc,stats    ] 
[1.327s][info][gc,metaspace] Metaspace: 5667K(5888K)->5711K(5952K) NonClass: 5095K(5184K)->5133K(5248K) Class: 572K(704K)->578K(704K)
[1.327s][info][gc,ergo     ] Pacer for Idle. Initial: 40642K, Alloc Tax Rate: 1.0x
[1.328s][info][gc          ] Trigger: Start next cycle immediately
[1.328s][info][gc,ergo     ] Free: 1872M, Max: 512K regular, 1868M humongous, Frag: 1% external, 0% internal; Reserve: 101888K, Max: 512K
[1.328s][info][gc,start    ] GC(76) Concurrent reset
[1.328s][info][gc,task     ] GC(76) Using 2 of 8 workers for concurrent reset
[1.328s][info][gc,ergo     ] GC(76) Pacer for Reset. Non-Taxable: 1984M
[1.328s][info][gc          ] GC(76) Concurrent reset 0.183ms
[1.328s][info][gc,start    ] GC(76) Pause Init Mark (unload classes)
[1.328s][info][gc,task     ] GC(76) Using 8 of 8 workers for init marking
[1.328s][info][gc,ergo     ] GC(76) Pacer for Mark. Expected Live: 10360K, Free: 1872M, Non-Taxable: 187M, Alloc Tax Rate: 0.0x
[1.328s][info][gc          ] GC(76) Pause Init Mark (unload classes) 0.068ms
[1.328s][info][gc,start    ] GC(76) Concurrent marking roots
[1.328s][info][gc,task     ] GC(76) Using 2 of 8 workers for concurrent marking roots
[1.328s][info][gc          ] GC(76) Concurrent marking roots 0.180ms
[1.328s][info][gc,start    ] GC(76) Concurrent marking (unload classes)
[1.328s][info][gc,task     ] GC(76) Using 2 of 8 workers for concurrent marking
[1.330s][info][gc          ] GC(76) Concurrent marking (unload classes) 1.653ms
[1.330s][info][gc,start    ] GC(76) Pause Final Mark (unload classes)
[1.330s][info][gc,task     ] GC(76) Using 8 of 8 workers for final marking
[1.330s][info][gc,ergo     ] GC(76) Collectable Garbage: 2040K (100%), Immediate: 0B (0%), CSet: 2040K (100%)
[1.330s][info][gc,ergo     ] GC(76) Pacer for Evacuation. Used CSet: 10687K, Free: 1871M, Non-Taxable: 187M, Alloc Tax Rate: 1.1x
[1.330s][info][gc          ] GC(76) Pause Final Mark (unload classes) 0.236ms
[1.330s][info][gc,start    ] GC(76) Concurrent thread roots
[1.330s][info][gc,task     ] GC(76) Using 2 of 8 workers for Concurrent thread roots
[1.330s][info][gc          ] GC(76) Concurrent thread roots 0.150ms
[1.330s][info][gc,start    ] GC(76) Concurrent weak references
[1.331s][info][gc,task     ] GC(76) Using 2 of 8 workers for concurrent weak references
[1.331s][info][gc,ref      ] GC(76) Encountered references: Soft: 328, Weak: 853, Final: 0, Phantom: 583
[1.331s][info][gc,ref      ] GC(76) Discovered  references: Soft: 0, Weak: 346, Final: 0, Phantom: 199
[1.331s][info][gc,ref      ] GC(76) Enqueued    references: Soft: 0, Weak: 3, Final: 0, Phantom: 2
[1.331s][info][gc          ] GC(76) Concurrent weak references 0.122ms
[1.331s][info][gc,start    ] GC(76) Concurrent weak roots
[1.331s][info][gc,task     ] GC(76) Using 2 of 8 workers for concurrent weak root
[1.331s][info][gc          ] GC(76) Concurrent weak roots 0.332ms
[1.331s][info][gc,start    ] GC(76) Concurrent cleanup
[1.331s][info][gc          ] GC(76) Concurrent cleanup 13M->13M(144M) 0.063ms
[1.331s][info][gc,ergo     ] GC(76) Free: 1871M, Max: 512K regular, 1868M humongous, Frag: 1% external, 0% internal; Reserve: 101571K, Max: 512K
[1.331s][info][gc,start    ] GC(76) Concurrent class unloading
[1.331s][info][gc,task     ] GC(76) Using 2 of 8 workers for concurrent class unloading
[1.333s][info][gc          ] GC(76) Concurrent class unloading 1.448ms
[1.333s][info][gc,start    ] GC(76) Concurrent strong roots
[1.333s][info][gc,task     ] GC(76) Using 2 of 8 workers for concurrent strong root
[1.333s][info][gc          ] GC(76) Concurrent strong roots 0.147ms
[1.333s][info][gc,start    ] GC(76) Concurrent evacuation
[1.333s][info][gc,task     ] GC(76) Using 2 of 8 workers for concurrent evacuation
[1.334s][info][gc          ] GC(76) Concurrent evacuation 1.430ms
[1.337s][info][gc,start    ] GC(76) Pause Init Update Refs
[1.338s][info][gc,ergo     ] GC(76) Pacer for Update Refs. Used: 24144K, Free: 1870M, Non-Taxable: 187M, Alloc Tax Rate: 1.1x
[1.338s][info][gc          ] GC(76) Pause Init Update Refs 0.042ms
[1.338s][info][gc,start    ] GC(76) Concurrent update references
[1.338s][info][gc,task     ] GC(76) Using 2 of 8 workers for concurrent reference update
[1.339s][info][gc          ] GC(76) Concurrent update references 1.438ms
[1.339s][info][gc,start    ] GC(76) Concurrent update thread roots
[1.339s][info][gc          ] GC(76) Concurrent update thread roots 0.224ms
[1.339s][info][gc,start    ] GC(76) Pause Final Update Refs
[1.339s][info][gc,task     ] GC(76) Using 8 of 8 workers for final reference update
[1.339s][info][gc          ] GC(76) Pause Final Update Refs 0.064ms
[1.339s][info][gc,start    ] GC(76) Concurrent cleanup
[1.339s][info][gc          ] GC(76) Concurrent cleanup 23M->13M(144M) 0.082ms
[1.340s][info][gc,ergo     ] Free: 1871M, Max: 512K regular, 1868M humongous, Frag: 1% external, 0% internal; Reserve: 101888K, Max: 512K
[1.340s][info][gc,stats    ] 
[1.340s][info][gc,stats    ] All times are wall-clock times, except per-root-class counters, that are sum over
[1.340s][info][gc,stats    ] all workers. Dividing the <total> over the root stage time estimates parallelism.
[1.340s][info][gc,stats    ] 
[1.340s][info][gc,stats    ] Concurrent Reset                    195 us
[1.340s][info][gc,stats    ] Pause Init Mark (G)                 173 us
[1.340s][info][gc,stats    ] Pause Init Mark (N)                  76 us
[1.340s][info][gc,stats    ]   Update Region States               20 us
[1.340s][info][gc,stats    ] Concurrent Mark Roots               191 us, parallelism: 0.99x
[1.340s][info][gc,stats    ]   CMR: <total>                      190 us
[1.340s][info][gc,stats    ]   CMR: Thread Roots                 137 us, workers (us):  21, 116, ---, ---, ---, ---, ---, ---, 
[1.340s][info][gc,stats    ]   CMR: VM Strong Roots                4 us, workers (us):   3,   2, ---, ---, ---, ---, ---, ---, 
[1.340s][info][gc,stats    ]   CMR: CLDG Roots                    49 us, workers (us):  49, ---, ---, ---, ---, ---, ---, ---, 
[1.340s][info][gc,stats    ] Concurrent Marking                 1675 us
[1.340s][info][gc,stats    ] Pause Final Mark (G)                335 us
[1.340s][info][gc,stats    ] Pause Final Mark (N)                243 us
[1.340s][info][gc,stats    ]   Finish Mark                       113 us
[1.340s][info][gc,stats    ]   Update Region States               14 us
[1.340s][info][gc,stats    ]   Choose Collection Set              42 us
[1.340s][info][gc,stats    ]   Rebuild Free Set                   17 us
[1.340s][info][gc,stats    ] Concurrent Thread Roots             160 us, parallelism: 0.88x
[1.340s][info][gc,stats    ]   CTR: <total>                      141 us
[1.340s][info][gc,stats    ]   CTR: Thread Roots                 141 us, workers (us): 112,  29, ---, ---, ---, ---, ---, ---, 
[1.340s][info][gc,stats    ] Concurrent Weak References          131 us, parallelism: 0.46x
[1.340s][info][gc,stats    ]   CWRF: <total>                      60 us
[1.340s][info][gc,stats    ]   CWRF: Weak References              60 us, workers (us):  56,   4, ---, ---, ---, ---, ---, ---, 
[1.340s][info][gc,stats    ] Concurrent Weak Roots               348 us
[1.340s][info][gc,stats    ]   Roots                             279 us, parallelism: 1.65x
[1.340s][info][gc,stats    ]     CWR: <total>                    461 us
[1.340s][info][gc,stats    ]     CWR: Code Cache Roots           193 us, workers (us): 103,  90, ---, ---, ---, ---, ---, ---, 
[1.340s][info][gc,stats    ]     CWR: VM Weak Roots              265 us, workers (us): 160, 104, ---, ---, ---, ---, ---, ---, 
[1.340s][info][gc,stats    ]     CWR: CLDG Roots                   4 us, workers (us): ---,   4, ---, ---, ---, ---, ---, ---, 
[1.340s][info][gc,stats    ]   Rendezvous                         35 us
[1.340s][info][gc,stats    ] Concurrent Cleanup                   70 us
[1.340s][info][gc,stats    ] Concurrent Class Unloading         1477 us
[1.340s][info][gc,stats    ]   Unlink Stale                      470 us
[1.340s][info][gc,stats    ]     System Dictionary                28 us
[1.340s][info][gc,stats    ]     Weak Class Links                  0 us
[1.340s][info][gc,stats    ]     Code Roots                      442 us
[1.340s][info][gc,stats    ]   Rendezvous                        929 us
[1.340s][info][gc,stats    ]   Purge Unlinked                     28 us
[1.340s][info][gc,stats    ]     Code Roots                       24 us
[1.340s][info][gc,stats    ]     CLDG                              4 us
[1.340s][info][gc,stats    ]     Exception Caches                  0 us
[1.340s][info][gc,stats    ] Concurrent Strong Roots             160 us, parallelism: 0.70x
[1.340s][info][gc,stats    ]   CSR: <total>                      111 us
[1.340s][info][gc,stats    ]   CSR: VM Strong Roots                7 us, workers (us):   7,   0, ---, ---, ---, ---, ---, ---, 
[1.340s][info][gc,stats    ]   CSR: CLDG Roots                   104 us, workers (us): 104, ---, ---, ---, ---, ---, ---, ---, 
[1.340s][info][gc,stats    ] Concurrent Evacuation              1452 us
[1.340s][info][gc,stats    ] Pause Init Update Refs (G)         3375 us
[1.340s][info][gc,stats    ] Pause Init Update Refs (N)           49 us
[1.340s][info][gc,stats    ]   Manage GCLABs                       4 us
[1.340s][info][gc,stats    ] Concurrent Update Refs             1459 us
[1.340s][info][gc,stats    ] Concurrent Update Thread Roots      233 us
[1.340s][info][gc,stats    ] Pause Final Update Refs (G)         161 us
[1.340s][info][gc,stats    ] Pause Final Update Refs (N)          74 us
[1.340s][info][gc,stats    ]   Update Region States               15 us
[1.340s][info][gc,stats    ]   Trash Collection Set                2 us
[1.340s][info][gc,stats    ]   Rebuild Free Set                   16 us
[1.340s][info][gc,stats    ] Concurrent Cleanup                   93 us
[1.340s][info][gc,stats    ] 
[1.340s][info][gc,stats    ] Allocation pacing accrued:
[1.340s][info][gc,stats    ]       0 of    14 ms (  0.0%): <total>
[1.340s][info][gc,stats    ]       0 of    14 ms (  0.0%): <average total>
[1.340s][info][gc,stats    ] 
[1.340s][info][gc,metaspace] Metaspace: 5715K(5952K)->5724K(5952K) NonClass: 5136K(5248K)->5142K(5248K) Class: 579K(704K)->581K(704K)
[1.340s][info][gc,ergo     ] Pacer for Idle. Initial: 40642K, Alloc Tax Rate: 1.0x
[1.341s][info][gc          ] Trigger: Start next cycle immediately
[1.341s][info][gc,ergo     ] Free: 1871M, Max: 512K regular, 1868M humongous, Frag: 1% external, 0% internal; Reserve: 101888K, Max: 512K
[1.341s][info][gc,start    ] GC(77) Concurrent reset
[1.341s][info][gc,task     ] GC(77) Using 2 of 8 workers for concurrent reset
[1.341s][info][gc,ergo     ] GC(77) Pacer for Reset. Non-Taxable: 1984M
[1.342s][info][gc          ] GC(77) Concurrent reset 0.241ms
[1.342s][info][gc,start    ] GC(77) Pause Init Mark (unload classes)
[1.342s][info][gc,task     ] GC(77) Using 8 of 8 workers for init marking
[1.342s][info][gc,ergo     ] GC(77) Pacer for Mark. Expected Live: 10429K, Free: 1871M, Non-Taxable: 187M, Alloc Tax Rate: 0.0x
[1.342s][info][gc          ] GC(77) Pause Init Mark (unload classes) 0.068ms
[1.342s][info][gc,start    ] GC(77) Concurrent marking roots
[1.342s][info][gc,task     ] GC(77) Using 2 of 8 workers for concurrent marking roots
[1.342s][info][gc          ] GC(77) Concurrent marking roots 0.149ms
[1.342s][info][gc,start    ] GC(77) Concurrent marking (unload classes)
[1.342s][info][gc,task     ] GC(77) Using 2 of 8 workers for concurrent marking
[1.344s][info][gc          ] GC(77) Concurrent marking (unload classes) 1.895ms
[1.344s][info][gc,start    ] GC(77) Pause Final Mark (unload classes)
[1.344s][info][gc,task     ] GC(77) Using 8 of 8 workers for final marking
[1.344s][info][gc,ergo     ] GC(77) Collectable Garbage: 2893K (100%), Immediate: 0B (0%), CSet: 2893K (100%)
[1.344s][info][gc,ergo     ] GC(77) Pacer for Evacuation. Used CSet: 11550K, Free: 1870M, Non-Taxable: 187M, Alloc Tax Rate: 1.1x
[1.344s][info][gc          ] GC(77) Pause Final Mark (unload classes) 0.204ms
[1.344s][info][gc,start    ] GC(77) Concurrent thread roots
[1.344s][info][gc,task     ] GC(77) Using 2 of 8 workers for Concurrent thread roots
[1.344s][info][gc          ] GC(77) Concurrent thread roots 0.167ms
[1.344s][info][gc,start    ] GC(77) Concurrent weak references
[1.344s][info][gc,task     ] GC(77) Using 2 of 8 workers for concurrent weak references
[1.345s][info][gc,ref      ] GC(77) Encountered references: Soft: 335, Weak: 855, Final: 0, Phantom: 581
[1.345s][info][gc,ref      ] GC(77) Discovered  references: Soft: 0, Weak: 390, Final: 0, Phantom: 580
[1.345s][info][gc,ref      ] GC(77) Enqueued    references: Soft: 0, Weak: 1, Final: 0, Phantom: 0
[1.345s][info][gc          ] GC(77) Concurrent weak references 0.119ms
[1.345s][info][gc,start    ] GC(77) Concurrent weak roots
[1.345s][info][gc,task     ] GC(77) Using 2 of 8 workers for concurrent weak root
[1.345s][info][gc          ] GC(77) Concurrent weak roots 0.323ms
[1.345s][info][gc,start    ] GC(77) Concurrent cleanup
[1.345s][info][gc          ] GC(77) Concurrent cleanup 13M->13M(144M) 0.062ms
[1.345s][info][gc,ergo     ] GC(77) Free: 1870M, Max: 512K regular, 1868M humongous, Frag: 1% external, 0% internal; Reserve: 101571K, Max: 512K
[1.345s][info][gc,start    ] GC(77) Concurrent class unloading
[1.345s][info][gc,task     ] GC(77) Using 2 of 8 workers for concurrent class unloading
[1.346s][info][gc          ] GC(77) Concurrent class unloading 0.602ms
[1.346s][info][gc,start    ] GC(77) Concurrent strong roots
[1.346s][info][gc,task     ] GC(77) Using 2 of 8 workers for concurrent strong root
[1.346s][info][gc          ] GC(77) Concurrent strong roots 0.156ms
[1.346s][info][gc,start    ] GC(77) Concurrent evacuation
[1.346s][info][gc,task     ] GC(77) Using 2 of 8 workers for concurrent evacuation
[1.348s][info][gc          ] GC(77) Concurrent evacuation 2.072ms
[1.348s][info][gc,start    ] GC(77) Pause Init Update Refs
[1.348s][info][gc,ergo     ] GC(77) Pacer for Update Refs. Used: 24464K, Free: 1870M, Non-Taxable: 187M, Alloc Tax Rate: 1.1x
[1.348s][info][gc          ] GC(77) Pause Init Update Refs 0.043ms
[1.348s][info][gc,start    ] GC(77) Concurrent update references
[1.348s][info][gc,task     ] GC(77) Using 2 of 8 workers for concurrent reference update
[1.350s][info][gc          ] GC(77) Concurrent update references 1.579ms
[1.350s][info][gc,start    ] GC(77) Concurrent update thread roots
[1.350s][info][gc          ] GC(77) Concurrent update thread roots 0.465ms
[1.350s][info][gc,start    ] GC(77) Pause Final Update Refs
[1.350s][info][gc,task     ] GC(77) Using 8 of 8 workers for final reference update
[1.350s][info][gc          ] GC(77) Pause Final Update Refs 0.068ms
[1.350s][info][gc,start    ] GC(77) Concurrent cleanup
[1.350s][info][gc          ] GC(77) Concurrent cleanup 23M->12M(145M) 0.077ms
[1.350s][info][gc,ergo     ] Free: 1871M, Max: 512K regular, 1868M humongous, Frag: 1% external, 0% internal; Reserve: 101888K, Max: 512K
[1.350s][info][gc,stats    ] 
[1.350s][info][gc,stats    ] All times are wall-clock times, except per-root-class counters, that are sum over
[1.350s][info][gc,stats    ] all workers. Dividing the <total> over the root stage time estimates parallelism.
[1.350s][info][gc,stats    ] 
[1.350s][info][gc,stats    ] Concurrent Reset                    258 us
[1.350s][info][gc,stats    ] Pause Init Mark (G)                 177 us
[1.351s][info][gc,stats    ] Pause Init Mark (N)                  77 us
[1.351s][info][gc,stats    ]   Update Region States               20 us
[1.351s][info][gc,stats    ] Concurrent Mark Roots               160 us, parallelism: 0.96x
[1.351s][info][gc,stats    ]   CMR: <total>                      153 us
[1.351s][info][gc,stats    ]   CMR: Thread Roots                  84 us, workers (us):  14,  70, ---, ---, ---, ---, ---, ---, 
[1.351s][info][gc,stats    ]   CMR: VM Strong Roots                4 us, workers (us):   4,   1, ---, ---, ---, ---, ---, ---, 
[1.351s][info][gc,stats    ]   CMR: CLDG Roots                    65 us, workers (us):  65, ---, ---, ---, ---, ---, ---, ---, 
[1.351s][info][gc,stats    ] Concurrent Marking                 1916 us
[1.351s][info][gc,stats    ] Pause Final Mark (G)                307 us
[1.351s][info][gc,stats    ] Pause Final Mark (N)                213 us
[1.351s][info][gc,stats    ]   Finish Mark                       102 us
[1.351s][info][gc,stats    ]   Update Region States               13 us
[1.351s][info][gc,stats    ]   Choose Collection Set              31 us
[1.351s][info][gc,stats    ]   Rebuild Free Set                   15 us
[1.351s][info][gc,stats    ] Concurrent Thread Roots             177 us, parallelism: 0.92x
[1.351s][info][gc,stats    ]   CTR: <total>                      164 us
[1.351s][info][gc,stats    ]   CTR: Thread Roots                 164 us, workers (us): 135,  29, ---, ---, ---, ---, ---, ---, 
[1.351s][info][gc,stats    ] Concurrent Weak References          124 us, parallelism: 0.56x
[1.351s][info][gc,stats    ]   CWRF: <total>                      69 us
[1.351s][info][gc,stats    ]   CWRF: Weak References              69 us, workers (us):  27,  43, ---, ---, ---, ---, ---, ---, 
[1.351s][info][gc,stats    ] Concurrent Weak Roots               337 us
[1.351s][info][gc,stats    ]   Roots                             277 us, parallelism: 1.76x
[1.351s][info][gc,stats    ]     CWR: <total>                    488 us
[1.351s][info][gc,stats    ]     CWR: Code Cache Roots           217 us, workers (us): 113, 104, ---, ---, ---, ---, ---, ---, 
[1.351s][info][gc,stats    ]     CWR: VM Weak Roots              267 us, workers (us): 146, 120, ---, ---, ---, ---, ---, ---, 
[1.351s][info][gc,stats    ]     CWR: CLDG Roots                   4 us, workers (us): ---,   4, ---, ---, ---, ---, ---, ---, 
[1.351s][info][gc,stats    ]   Rendezvous                         28 us
[1.351s][info][gc,stats    ] Concurrent Cleanup                   70 us
[1.351s][info][gc,stats    ] Concurrent Class Unloading          619 us
[1.351s][info][gc,stats    ]   Unlink Stale                      521 us
[1.351s][info][gc,stats    ]     System Dictionary                40 us
[1.351s][info][gc,stats    ]     Weak Class Links                  0 us
[1.351s][info][gc,stats    ]     Code Roots                      479 us
[1.351s][info][gc,stats    ]   Rendezvous                         57 us
[1.351s][info][gc,stats    ]   Purge Unlinked                      4 us
[1.351s][info][gc,stats    ]     Code Roots                        1 us
[1.351s][info][gc,stats    ]     CLDG                              3 us
[1.351s][info][gc,stats    ]     Exception Caches                  0 us
[1.351s][info][gc,stats    ] Concurrent Strong Roots             169 us, parallelism: 0.74x
[1.351s][info][gc,stats    ]   CSR: <total>                      125 us
[1.351s][info][gc,stats    ]   CSR: VM Strong Roots                9 us, workers (us):   5,   4, ---, ---, ---, ---, ---, ---, 
[1.351s][info][gc,stats    ]   CSR: CLDG Roots                   116 us, workers (us): ---, 116, ---, ---, ---, ---, ---, ---, 
[1.351s][info][gc,stats    ] Concurrent Evacuation              2093 us
[1.351s][info][gc,stats    ] Pause Init Update Refs (G)          167 us
[1.351s][info][gc,stats    ] Pause Init Update Refs (N)           53 us
[1.351s][info][gc,stats    ]   Manage GCLABs                       3 us
[1.351s][info][gc,stats    ] Concurrent Update Refs             1600 us
[1.351s][info][gc,stats    ] Concurrent Update Thread Roots      491 us
[1.351s][info][gc,stats    ] Pause Final Update Refs (G)         177 us
[1.351s][info][gc,stats    ] Pause Final Update Refs (N)          78 us
[1.351s][info][gc,stats    ]   Update Region States               15 us
[1.351s][info][gc,stats    ]   Trash Collection Set                3 us
[1.351s][info][gc,stats    ]   Rebuild Free Set                   16 us
[1.351s][info][gc,stats    ] Concurrent Cleanup                   87 us
[1.351s][info][gc,stats    ] 
[1.351s][info][gc,stats    ] Allocation pacing accrued:
[1.351s][info][gc,stats    ]       0 of    11 ms (  0.0%): <total>
[1.351s][info][gc,stats    ]       0 of    11 ms (  0.0%): <average total>
[1.351s][info][gc,stats    ] 
[1.351s][info][gc,metaspace] Metaspace: 5728K(5952K)->5733K(5952K) NonClass: 5145K(5248K)->5150K(5248K) Class: 582K(704K)->583K(704K)
[1.351s][info][gc,ergo     ] Pacer for Idle. Initial: 40642K, Alloc Tax Rate: 1.0x
[1.352s][info][gc          ] Trigger: Start next cycle immediately
[1.352s][info][gc,ergo     ] Free: 1871M, Max: 512K regular, 1868M humongous, Frag: 1% external, 0% internal; Reserve: 101888K, Max: 512K
[1.352s][info][gc,start    ] GC(78) Concurrent reset
[1.352s][info][gc,task     ] GC(78) Using 2 of 8 workers for concurrent reset
[1.352s][info][gc,ergo     ] GC(78) Pacer for Reset. Non-Taxable: 1984M
[1.353s][info][gc          ] GC(78) Concurrent reset 0.237ms
[1.353s][info][gc,start    ] GC(78) Pause Init Mark (unload classes)
[1.353s][info][gc,task     ] GC(78) Using 8 of 8 workers for init marking
[1.353s][info][gc,ergo     ] GC(78) Pacer for Mark. Expected Live: 10496K, Free: 1871M, Non-Taxable: 187M, Alloc Tax Rate: 0.0x
[1.353s][info][gc          ] GC(78) Pause Init Mark (unload classes) 0.067ms
[1.353s][info][gc,start    ] GC(78) Concurrent marking roots
[1.353s][info][gc,task     ] GC(78) Using 2 of 8 workers for concurrent marking roots
[1.353s][info][gc          ] GC(78) Concurrent marking roots 0.133ms
[1.353s][info][gc,start    ] GC(78) Concurrent marking (unload classes)
[1.353s][info][gc,task     ] GC(78) Using 2 of 8 workers for concurrent marking
[1.354s][info][gc          ] GC(78) Concurrent marking (unload classes) 1.649ms
[1.355s][info][gc,start    ] GC(78) Pause Final Mark (unload classes)
[1.355s][info][gc,task     ] GC(78) Using 8 of 8 workers for final marking
[1.355s][info][gc,ergo     ] GC(78) Collectable Garbage: 2347K (100%), Immediate: 0B (0%), CSet: 2347K (100%)
[1.355s][info][gc,ergo     ] GC(78) Pacer for Evacuation. Used CSet: 11007K, Free: 1871M, Non-Taxable: 187M, Alloc Tax Rate: 1.1x
[1.355s][info][gc          ] GC(78) Pause Final Mark (unload classes) 0.228ms
[1.355s][info][gc,start    ] GC(78) Concurrent thread roots
[1.355s][info][gc,task     ] GC(78) Using 2 of 8 workers for Concurrent thread roots
[1.355s][info][gc          ] GC(78) Concurrent thread roots 0.166ms
[1.355s][info][gc,start    ] GC(78) Concurrent weak references
[1.355s][info][gc,task     ] GC(78) Using 2 of 8 workers for concurrent weak references
[1.355s][info][gc,ref      ] GC(78) Encountered references: Soft: 342, Weak: 867, Final: 0, Phantom: 582
[1.355s][info][gc,ref      ] GC(78) Discovered  references: Soft: 0, Weak: 365, Final: 0, Phantom: 580
[1.355s][info][gc,ref      ] GC(78) Enqueued    references: Soft: 0, Weak: 6, Final: 0, Phantom: 1
[1.355s][info][gc          ] GC(78) Concurrent weak references 0.120ms
[1.355s][info][gc,start    ] GC(78) Concurrent weak roots
[1.355s][info][gc,task     ] GC(78) Using 2 of 8 workers for concurrent weak root
[1.355s][info][gc          ] GC(78) Concurrent weak roots 0.338ms
[1.356s][info][gc,start    ] GC(78) Concurrent cleanup
[1.356s][info][gc          ] GC(78) Concurrent cleanup 13M->13M(145M) 0.064ms
[1.356s][info][gc,ergo     ] GC(78) Free: 1870M, Max: 512K regular, 1868M humongous, Frag: 1% external, 0% internal; Reserve: 101563K, Max: 512K
[1.356s][info][gc,start    ] GC(78) Concurrent class unloading
[1.356s][info][gc,task     ] GC(78) Using 2 of 8 workers for concurrent class unloading
[1.356s][info][gc          ] GC(78) Concurrent class unloading 0.569ms
[1.356s][info][gc,start    ] GC(78) Concurrent strong roots
[1.356s][info][gc,task     ] GC(78) Using 2 of 8 workers for concurrent strong root
[1.356s][info][gc          ] GC(78) Concurrent strong roots 0.140ms
[1.356s][info][gc,start    ] GC(78) Concurrent evacuation
[1.356s][info][gc,task     ] GC(78) Using 2 of 8 workers for concurrent evacuation
[1.358s][info][gc          ] GC(78) Concurrent evacuation 1.433ms
[1.358s][info][gc,start    ] GC(78) Pause Init Update Refs
[1.358s][info][gc,ergo     ] GC(78) Pacer for Update Refs. Used: 23932K, Free: 1870M, Non-Taxable: 187M, Alloc Tax Rate: 1.1x
[1.358s][info][gc          ] GC(78) Pause Init Update Refs 0.040ms
[1.358s][info][gc,start    ] GC(78) Concurrent update references
[1.358s][info][gc,task     ] GC(78) Using 2 of 8 workers for concurrent reference update
[1.359s][info][gc          ] GC(78) Concurrent update references 1.475ms
[1.359s][info][gc,start    ] GC(78) Concurrent update thread roots
[1.360s][info][gc          ] GC(78) Concurrent update thread roots 0.145ms
[1.360s][info][gc,start    ] GC(78) Pause Final Update Refs
[1.360s][info][gc,task     ] GC(78) Using 8 of 8 workers for final reference update
[1.360s][info][gc          ] GC(78) Pause Final Update Refs 0.078ms
[1.360s][info][gc,start    ] GC(78) Concurrent cleanup
[1.360s][info][gc          ] GC(78) Concurrent cleanup 23M->12M(145M) 0.075ms
[1.360s][info][gc,ergo     ] Free: 1871M, Max: 512K regular, 1868M humongous, Frag: 1% external, 0% internal; Reserve: 101888K, Max: 512K
[1.360s][info][gc,stats    ] 
[1.360s][info][gc,stats    ] All times are wall-clock times, except per-root-class counters, that are sum over
[1.360s][info][gc,stats    ] all workers. Dividing the <total> over the root stage time estimates parallelism.
[1.360s][info][gc,stats    ] 
[1.360s][info][gc,stats    ] Concurrent Reset                    248 us
[1.360s][info][gc,stats    ] Pause Init Mark (G)                 181 us
[1.360s][info][gc,stats    ] Pause Init Mark (N)                  76 us
[1.360s][info][gc,stats    ]   Update Region States               20 us
[1.360s][info][gc,stats    ] Concurrent Mark Roots               144 us, parallelism: 1.02x
[1.360s][info][gc,stats    ]   CMR: <total>                      147 us
[1.360s][info][gc,stats    ]   CMR: Thread Roots                  80 us, workers (us):  68,  12, ---, ---, ---, ---, ---, ---, 
[1.360s][info][gc,stats    ]   CMR: VM Strong Roots                7 us, workers (us):   4,   3, ---, ---, ---, ---, ---, ---, 
[1.360s][info][gc,stats    ]   CMR: CLDG Roots                    60 us, workers (us): ---,  60, ---, ---, ---, ---, ---, ---, 
[1.360s][info][gc,stats    ] Concurrent Marking                 1670 us
[1.360s][info][gc,stats    ] Pause Final Mark (G)                328 us
[1.360s][info][gc,stats    ] Pause Final Mark (N)                238 us
[1.360s][info][gc,stats    ]   Finish Mark                       118 us
[1.360s][info][gc,stats    ]   Update Region States               14 us
[1.360s][info][gc,stats    ]   Choose Collection Set              33 us
[1.360s][info][gc,stats    ]   Rebuild Free Set                   16 us
[1.360s][info][gc,stats    ] Concurrent Thread Roots             178 us, parallelism: 0.91x
[1.360s][info][gc,stats    ]   CTR: <total>                      161 us
[1.360s][info][gc,stats    ]   CTR: Thread Roots                 161 us, workers (us):  27, 134, ---, ---, ---, ---, ---, ---, 
[1.360s][info][gc,stats    ] Concurrent Weak References          128 us, parallelism: 0.50x
[1.360s][info][gc,stats    ]   CWRF: <total>                      64 us
[1.360s][info][gc,stats    ]   CWRF: Weak References              64 us, workers (us):  41,  23, ---, ---, ---, ---, ---, ---, 
[1.360s][info][gc,stats    ] Concurrent Weak Roots               353 us
[1.360s][info][gc,stats    ]   Roots                             287 us, parallelism: 1.61x
[1.360s][info][gc,stats    ]     CWR: <total>                    460 us
[1.360s][info][gc,stats    ]     CWR: Code Cache Roots           196 us, workers (us): 104,  91, ---, ---, ---, ---, ---, ---, 
[1.360s][info][gc,stats    ]     CWR: VM Weak Roots              263 us, workers (us): 164,  99, ---, ---, ---, ---, ---, ---, 
[1.360s][info][gc,stats    ]     CWR: CLDG Roots                   1 us, workers (us):   1, ---, ---, ---, ---, ---, ---, ---, 
[1.360s][info][gc,stats    ]   Rendezvous                         31 us
[1.360s][info][gc,stats    ] Concurrent Cleanup                   73 us
[1.360s][info][gc,stats    ] Concurrent Class Unloading          582 us
[1.360s][info][gc,stats    ]   Unlink Stale                      489 us
[1.360s][info][gc,stats    ]     System Dictionary                21 us
[1.360s][info][gc,stats    ]     Weak Class Links                  0 us
[1.360s][info][gc,stats    ]     Code Roots                      467 us
[1.360s][info][gc,stats    ]   Rendezvous                         41 us
[1.360s][info][gc,stats    ]   Purge Unlinked                     21 us
[1.360s][info][gc,stats    ]     Code Roots                       18 us
[1.360s][info][gc,stats    ]     CLDG                              3 us
[1.360s][info][gc,stats    ]     Exception Caches                  0 us
[1.360s][info][gc,stats    ] Concurrent Strong Roots             149 us, parallelism: 0.78x
[1.360s][info][gc,stats    ]   CSR: <total>                      116 us
[1.360s][info][gc,stats    ]   CSR: VM Strong Roots                8 us, workers (us):   5,   3, ---, ---, ---, ---, ---, ---, 
[1.360s][info][gc,stats    ]   CSR: CLDG Roots                   108 us, workers (us): ---, 108, ---, ---, ---, ---, ---, ---, 
[1.360s][info][gc,stats    ] Concurrent Evacuation              1455 us
[1.360s][info][gc,stats    ] Pause Init Update Refs (G)          153 us
[1.360s][info][gc,stats    ] Pause Init Update Refs (N)           49 us
[1.360s][info][gc,stats    ]   Manage GCLABs                       3 us
[1.360s][info][gc,stats    ] Concurrent Update Refs             1496 us
[1.360s][info][gc,stats    ] Concurrent Update Thread Roots      169 us
[1.360s][info][gc,stats    ] Pause Final Update Refs (G)         176 us
[1.360s][info][gc,stats    ] Pause Final Update Refs (N)          89 us
[1.360s][info][gc,stats    ]   Update Region States               23 us
[1.360s][info][gc,stats    ]   Trash Collection Set                3 us
[1.361s][info][gc,stats    ]   Rebuild Free Set                   18 us
[1.361s][info][gc,stats    ] Concurrent Cleanup                   85 us
[1.361s][info][gc,stats    ] 
[1.361s][info][gc,stats    ] Allocation pacing accrued:
[1.361s][info][gc,stats    ]       0 of     9 ms (  0.0%): <total>
[1.361s][info][gc,stats    ]       0 of     9 ms (  0.0%): <average total>
[1.361s][info][gc,stats    ] 
[1.361s][info][gc,metaspace] Metaspace: 5767K(5952K)->5772K(5952K) NonClass: 5181K(5248K)->5186K(5248K) Class: 585K(704K)->585K(704K)
[1.361s][info][gc,ergo     ] Pacer for Idle. Initial: 40642K, Alloc Tax Rate: 1.0x
[1.362s][info][gc          ] Trigger: Start next cycle immediately
[1.362s][info][gc,ergo     ] Free: 1871M, Max: 512K regular, 1868M humongous, Frag: 1% external, 0% internal; Reserve: 101888K, Max: 512K
[1.362s][info][gc,start    ] GC(79) Concurrent reset
[1.362s][info][gc,task     ] GC(79) Using 2 of 8 workers for concurrent reset
[1.362s][info][gc,ergo     ] GC(79) Pacer for Reset. Non-Taxable: 1984M
[1.362s][info][gc          ] GC(79) Concurrent reset 0.233ms
[1.362s][info][gc,start    ] GC(79) Pause Init Mark (unload classes)
[1.362s][info][gc,task     ] GC(79) Using 8 of 8 workers for init marking
[1.362s][info][gc,ergo     ] GC(79) Pacer for Mark. Expected Live: 10548K, Free: 1871M, Non-Taxable: 187M, Alloc Tax Rate: 0.0x
[1.362s][info][gc          ] GC(79) Pause Init Mark (unload classes) 0.070ms
[1.362s][info][gc,start    ] GC(79) Concurrent marking roots
[1.362s][info][gc,task     ] GC(79) Using 2 of 8 workers for concurrent marking roots
[1.362s][info][gc          ] GC(79) Concurrent marking roots 0.136ms
[1.362s][info][gc,start    ] GC(79) Concurrent marking (unload classes)
[1.362s][info][gc,task     ] GC(79) Using 2 of 8 workers for concurrent marking
[1.364s][info][gc          ] GC(79) Concurrent marking (unload classes) 1.687ms
[1.364s][info][gc,start    ] GC(79) Pause Final Mark (unload classes)
[1.364s][info][gc,task     ] GC(79) Using 8 of 8 workers for final marking
[1.364s][info][gc,ergo     ] GC(79) Collectable Garbage: 2866K (100%), Immediate: 0B (0%), CSet: 2866K (100%)
[1.364s][info][gc,ergo     ] GC(79) Pacer for Evacuation. Used CSet: 11534K, Free: 1870M, Non-Taxable: 187M, Alloc Tax Rate: 1.1x
[1.364s][info][gc          ] GC(79) Pause Final Mark (unload classes) 0.210ms
[1.364s][info][gc,start    ] GC(79) Concurrent thread roots
[1.364s][info][gc,task     ] GC(79) Using 2 of 8 workers for Concurrent thread roots
[1.365s][info][gc          ] GC(79) Concurrent thread roots 0.111ms
[1.365s][info][gc,start    ] GC(79) Concurrent weak references
[1.365s][info][gc,task     ] GC(79) Using 2 of 8 workers for concurrent weak references
[1.365s][info][gc,ref      ] GC(79) Encountered references: Soft: 342, Weak: 862, Final: 0, Phantom: 583
[1.365s][info][gc,ref      ] GC(79) Discovered  references: Soft: 0, Weak: 382, Final: 0, Phantom: 582
[1.365s][info][gc,ref      ] GC(79) Enqueued    references: Soft: 0, Weak: 0, Final: 0, Phantom: 1
[1.365s][info][gc          ] GC(79) Concurrent weak references 0.127ms
[1.365s][info][gc,start    ] GC(79) Concurrent weak roots
[1.365s][info][gc,task     ] GC(79) Using 2 of 8 workers for concurrent weak root
[1.365s][info][gc          ] GC(79) Concurrent weak roots 0.543ms
[1.365s][info][gc,start    ] GC(79) Concurrent cleanup
[1.365s][info][gc          ] GC(79) Concurrent cleanup 14M->14M(145M) 0.073ms
[1.365s][info][gc,ergo     ] GC(79) Free: 1870M, Max: 512K regular, 1868M humongous, Frag: 1% external, 0% internal; Reserve: 101531K, Max: 512K
[1.365s][info][gc,start    ] GC(79) Concurrent class unloading
[1.365s][info][gc,task     ] GC(79) Using 2 of 8 workers for concurrent class unloading
[1.366s][info][gc          ] GC(79) Concurrent class unloading 0.549ms
[1.366s][info][gc,start    ] GC(79) Concurrent strong roots
[1.366s][info][gc,task     ] GC(79) Using 2 of 8 workers for concurrent strong root
[1.366s][info][gc          ] GC(79) Concurrent strong roots 0.146ms
[1.366s][info][gc,start    ] GC(79) Concurrent evacuation
[1.366s][info][gc,task     ] GC(79) Using 2 of 8 workers for concurrent evacuation
[1.368s][info][gc          ] GC(79) Concurrent evacuation 1.572ms
[1.368s][info][gc,start    ] GC(79) Pause Init Update Refs
[1.368s][info][gc,ergo     ] GC(79) Pacer for Update Refs. Used: 25088K, Free: 1869M, Non-Taxable: 186M, Alloc Tax Rate: 1.1x
[1.368s][info][gc          ] GC(79) Pause Init Update Refs 0.038ms
[1.368s][info][gc,start    ] GC(79) Concurrent update references
[1.368s][info][gc,task     ] GC(79) Using 2 of 8 workers for concurrent reference update
[1.369s][info][gc          ] GC(79) Concurrent update references 1.487ms
[1.369s][info][gc,start    ] GC(79) Concurrent update thread roots
[1.370s][info][gc          ] GC(79) Concurrent update thread roots 0.211ms
[1.370s][info][gc,start    ] GC(79) Pause Final Update Refs
[1.370s][info][gc,task     ] GC(79) Using 8 of 8 workers for final reference update
[1.370s][info][gc          ] GC(79) Pause Final Update Refs 0.054ms
[1.370s][info][gc,start    ] GC(79) Concurrent cleanup
[1.370s][info][gc          ] GC(79) Concurrent cleanup 24M->13M(145M) 0.074ms
[1.370s][info][gc,ergo     ] Free: 1871M, Max: 512K regular, 1868M humongous, Frag: 1% external, 0% internal; Reserve: 101888K, Max: 512K
[1.370s][info][gc,stats    ] 
[1.370s][info][gc,stats    ] All times are wall-clock times, except per-root-class counters, that are sum over
[1.370s][info][gc,stats    ] all workers. Dividing the <total> over the root stage time estimates parallelism.
[1.370s][info][gc,stats    ] 
[1.370s][info][gc,stats    ] Concurrent Reset                    248 us
[1.370s][info][gc,stats    ] Pause Init Mark (G)                 297 us
[1.370s][info][gc,stats    ] Pause Init Mark (N)                  79 us
[1.370s][info][gc,stats    ]   Update Region States               20 us
[1.370s][info][gc,stats    ] Concurrent Mark Roots               146 us, parallelism: 0.89x
[1.370s][info][gc,stats    ]   CMR: <total>                      131 us
[1.370s][info][gc,stats    ]   CMR: Thread Roots                  75 us, workers (us):  13,  62, ---, ---, ---, ---, ---, ---, 
[1.370s][info][gc,stats    ]   CMR: VM Strong Roots                4 us, workers (us):   4,   0, ---, ---, ---, ---, ---, ---, 
[1.370s][info][gc,stats    ]   CMR: CLDG Roots                    51 us, workers (us):  51, ---, ---, ---, ---, ---, ---, ---, 
[1.370s][info][gc,stats    ] Concurrent Marking                 1708 us
[1.370s][info][gc,stats    ] Pause Final Mark (G)                305 us
[1.370s][info][gc,stats    ] Pause Final Mark (N)                219 us
[1.370s][info][gc,stats    ]   Finish Mark                       109 us
[1.370s][info][gc,stats    ]   Update Region States               14 us
[1.370s][info][gc,stats    ]   Choose Collection Set              28 us
[1.370s][info][gc,stats    ]   Rebuild Free Set                   25 us
[1.370s][info][gc,stats    ] Concurrent Thread Roots             122 us, parallelism: 1.00x
[1.370s][info][gc,stats    ]   CTR: <total>                      123 us
[1.370s][info][gc,stats    ]   CTR: Thread Roots                 123 us, workers (us):  67,  56, ---, ---, ---, ---, ---, ---, 
[1.370s][info][gc,stats    ] Concurrent Weak References          134 us, parallelism: 0.68x
[1.370s][info][gc,stats    ]   CWRF: <total>                      91 us
[1.370s][info][gc,stats    ]   CWRF: Weak References              91 us, workers (us):  75,  16, ---, ---, ---, ---, ---, ---, 
[1.370s][info][gc,stats    ] Concurrent Weak Roots               562 us
[1.370s][info][gc,stats    ]   Roots                             497 us, parallelism: 0.94x
[1.370s][info][gc,stats    ]     CWR: <total>                    469 us
[1.370s][info][gc,stats    ]     CWR: Code Cache Roots           193 us, workers (us): 189,   4, ---, ---, ---, ---, ---, ---, 
[1.370s][info][gc,stats    ]     CWR: VM Weak Roots              275 us, workers (us): 274,   1, ---, ---, ---, ---, ---, ---, 
[1.370s][info][gc,stats    ]     CWR: CLDG Roots                   2 us, workers (us):   2, ---, ---, ---, ---, ---, ---, ---, 
[1.370s][info][gc,stats    ]   Rendezvous                         29 us
[1.370s][info][gc,stats    ] Concurrent Cleanup                   82 us
[1.370s][info][gc,stats    ] Concurrent Class Unloading          567 us
[1.370s][info][gc,stats    ]   Unlink Stale                      489 us
[1.370s][info][gc,stats    ]     System Dictionary                23 us
[1.370s][info][gc,stats    ]     Weak Class Links                  0 us
[1.370s][info][gc,stats    ]     Code Roots                      465 us
[1.370s][info][gc,stats    ]   Rendezvous                         40 us
[1.370s][info][gc,stats    ]   Purge Unlinked                      4 us
[1.370s][info][gc,stats    ]     Code Roots                        1 us
[1.370s][info][gc,stats    ]     CLDG                              3 us
[1.370s][info][gc,stats    ]     Exception Caches                  0 us
[1.370s][info][gc,stats    ] Concurrent Strong Roots             160 us, parallelism: 0.72x
[1.370s][info][gc,stats    ]   CSR: <total>                      115 us
[1.370s][info][gc,stats    ]   CSR: VM Strong Roots                7 us, workers (us):   6,   0, ---, ---, ---, ---, ---, ---, 
[1.370s][info][gc,stats    ]   CSR: CLDG Roots                   108 us, workers (us): 108, ---, ---, ---, ---, ---, ---, ---, 
[1.370s][info][gc,stats    ] Concurrent Evacuation              1594 us
[1.370s][info][gc,stats    ] Pause Init Update Refs (G)          140 us
[1.370s][info][gc,stats    ] Pause Init Update Refs (N)           46 us
[1.370s][info][gc,stats    ]   Manage GCLABs                       3 us
[1.370s][info][gc,stats    ] Concurrent Update Refs             1508 us
[1.370s][info][gc,stats    ] Concurrent Update Thread Roots      222 us
[1.370s][info][gc,stats    ] Pause Final Update Refs (G)         176 us
[1.370s][info][gc,stats    ] Pause Final Update Refs (N)          81 us
[1.370s][info][gc,stats    ]   Update Region States               15 us
[1.370s][info][gc,stats    ]   Trash Collection Set                2 us
[1.370s][info][gc,stats    ]   Rebuild Free Set                   17 us
[1.371s][info][gc,stats    ] Concurrent Cleanup                   84 us
[1.371s][info][gc,stats    ] 
[1.371s][info][gc,stats    ] Allocation pacing accrued:
[1.371s][info][gc,stats    ]       0 of    10 ms (  0.0%): <total>
[1.371s][info][gc,stats    ]       0 of    10 ms (  0.0%): <average total>
[1.371s][info][gc,stats    ] 
[1.371s][info][gc,metaspace] Metaspace: 5780K(5952K)->5785K(5952K) NonClass: 5193K(5248K)->5198K(5248K) Class: 586K(704K)->586K(704K)
[1.371s][info][gc,ergo     ] Pacer for Idle. Initial: 40642K, Alloc Tax Rate: 1.0x
[1.372s][info][gc          ] Trigger: Start next cycle immediately
[1.372s][info][gc,ergo     ] Free: 1871M, Max: 512K regular, 1868M humongous, Frag: 1% external, 0% internal; Reserve: 101888K, Max: 512K
[1.372s][info][gc,start    ] GC(80) Concurrent reset
[1.372s][info][gc,task     ] GC(80) Using 2 of 8 workers for concurrent reset
[1.372s][info][gc,ergo     ] GC(80) Pacer for Reset. Non-Taxable: 1984M
[1.372s][info][gc          ] GC(80) Concurrent reset 0.209ms
[1.372s][info][gc,start    ] GC(80) Pause Init Mark (unload classes)
[1.372s][info][gc,task     ] GC(80) Using 8 of 8 workers for init marking
[1.372s][info][gc,ergo     ] GC(80) Pacer for Mark. Expected Live: 10559K, Free: 1871M, Non-Taxable: 187M, Alloc Tax Rate: 0.0x
[1.372s][info][gc          ] GC(80) Pause Init Mark (unload classes) 0.078ms
[1.372s][info][gc,start    ] GC(80) Concurrent marking roots
[1.372s][info][gc,task     ] GC(80) Using 2 of 8 workers for concurrent marking roots
[1.372s][info][gc          ] GC(80) Concurrent marking roots 0.292ms
[1.372s][info][gc,start    ] GC(80) Concurrent marking (unload classes)
[1.372s][info][gc,task     ] GC(80) Using 2 of 8 workers for concurrent marking
[1.374s][info][gc          ] GC(80) Concurrent marking (unload classes) 1.595ms
[1.374s][info][gc,start    ] GC(80) Pause Final Mark (unload classes)
[1.374s][info][gc,task     ] GC(80) Using 8 of 8 workers for final marking
[1.374s][info][gc,ergo     ] GC(80) Collectable Garbage: 2971K (100%), Immediate: 0B (0%), CSet: 2971K (100%)
[1.374s][info][gc,ergo     ] GC(80) Pacer for Evacuation. Used CSet: 11647K, Free: 1870M, Non-Taxable: 187M, Alloc Tax Rate: 1.1x
[1.374s][info][gc          ] GC(80) Pause Final Mark (unload classes) 0.216ms
[1.374s][info][gc,start    ] GC(80) Concurrent thread roots
[1.374s][info][gc,task     ] GC(80) Using 2 of 8 workers for Concurrent thread roots
[1.374s][info][gc          ] GC(80) Concurrent thread roots 0.198ms
[1.374s][info][gc,start    ] GC(80) Concurrent weak references
[1.374s][info][gc,task     ] GC(80) Using 2 of 8 workers for concurrent weak references
[1.375s][info][gc,ref      ] GC(80) Encountered references: Soft: 342, Weak: 863, Final: 0, Phantom: 583
[1.375s][info][gc,ref      ] GC(80) Discovered  references: Soft: 0, Weak: 329, Final: 0, Phantom: 197
[1.375s][info][gc,ref      ] GC(80) Enqueued    references: Soft: 0, Weak: 0, Final: 0, Phantom: 0
[1.375s][info][gc          ] GC(80) Concurrent weak references 0.087ms
[1.375s][info][gc,start    ] GC(80) Concurrent weak roots
[1.375s][info][gc,task     ] GC(80) Using 2 of 8 workers for concurrent weak root
[1.380s][info][gc          ] GC(80) Concurrent weak roots 5.083ms
[1.380s][info][gc,start    ] GC(80) Concurrent cleanup
[1.380s][info][gc          ] GC(80) Concurrent cleanup 15M->15M(145M) 0.074ms
[1.380s][info][gc,ergo     ] GC(80) Free: 1870M, Max: 512K regular, 1868M humongous, Frag: 1% external, 0% internal; Reserve: 100352K, Max: 512K
[1.380s][info][gc,start    ] GC(80) Concurrent class unloading
[1.380s][info][gc,task     ] GC(80) Using 2 of 8 workers for concurrent class unloading
[1.380s][info][gc          ] GC(80) Concurrent class unloading 0.562ms
[1.380s][info][gc,start    ] GC(80) Concurrent strong roots
[1.380s][info][gc,task     ] GC(80) Using 2 of 8 workers for concurrent strong root
[1.381s][info][gc          ] GC(80) Concurrent strong roots 0.154ms
[1.381s][info][gc,start    ] GC(80) Concurrent evacuation
[1.381s][info][gc,task     ] GC(80) Using 2 of 8 workers for concurrent evacuation
[1.382s][info][gc          ] GC(80) Concurrent evacuation 1.400ms
[1.382s][info][gc,start    ] GC(80) Pause Init Update Refs
[1.382s][info][gc,ergo     ] GC(80) Pacer for Update Refs. Used: 24813K, Free: 1870M, Non-Taxable: 187M, Alloc Tax Rate: 1.1x
[1.382s][info][gc          ] GC(80) Pause Init Update Refs 0.045ms
[1.382s][info][gc,start    ] GC(80) Concurrent update references
[1.382s][info][gc,task     ] GC(80) Using 2 of 8 workers for concurrent reference update
[1.384s][info][gc          ] GC(80) Concurrent update references 2.410ms
[1.385s][info][gc,start    ] GC(80) Concurrent update thread roots
[1.385s][info][gc          ] GC(80) Concurrent update thread roots 0.538ms
[1.385s][info][gc,start    ] GC(80) Pause Final Update Refs
[1.385s][info][gc,task     ] GC(80) Using 8 of 8 workers for final reference update
[1.385s][info][gc          ] GC(80) Pause Final Update Refs 0.064ms
[1.385s][info][gc,start    ] GC(80) Concurrent cleanup
[1.385s][info][gc          ] GC(80) Concurrent cleanup 24M->12M(145M) 0.076ms
[1.385s][info][gc,ergo     ] Free: 1871M, Max: 512K regular, 1868M humongous, Frag: 1% external, 0% internal; Reserve: 101888K, Max: 512K
[1.385s][info][gc,stats    ] 
[1.385s][info][gc,stats    ] All times are wall-clock times, except per-root-class counters, that are sum over
[1.385s][info][gc,stats    ] all workers. Dividing the <total> over the root stage time estimates parallelism.
[1.385s][info][gc,stats    ] 
[1.385s][info][gc,stats    ] Concurrent Reset                    221 us
[1.385s][info][gc,stats    ] Pause Init Mark (G)                 194 us
[1.385s][info][gc,stats    ] Pause Init Mark (N)                  88 us
[1.385s][info][gc,stats    ]   Update Region States               20 us
[1.385s][info][gc,stats    ] Concurrent Mark Roots               306 us, parallelism: 0.76x
[1.385s][info][gc,stats    ]   CMR: <total>                      233 us
[1.385s][info][gc,stats    ]   CMR: Thread Roots                 186 us, workers (us): 186,   0, ---, ---, ---, ---, ---, ---, 
[1.385s][info][gc,stats    ]   CMR: VM Strong Roots                4 us, workers (us):   3,   0, ---, ---, ---, ---, ---, ---, 
[1.386s][info][gc,stats    ]   CMR: CLDG Roots                    44 us, workers (us):  44, ---, ---, ---, ---, ---, ---, ---, 
[1.386s][info][gc,stats    ] Concurrent Marking                 1617 us
[1.386s][info][gc,stats    ] Pause Final Mark (G)                254 us
[1.386s][info][gc,stats    ] Pause Final Mark (N)                225 us
[1.386s][info][gc,stats    ]   Finish Mark                       106 us
[1.386s][info][gc,stats    ]   Update Region States               14 us
[1.386s][info][gc,stats    ]   Choose Collection Set              34 us
[1.386s][info][gc,stats    ]   Rebuild Free Set                   16 us
[1.386s][info][gc,stats    ] Concurrent Thread Roots             210 us, parallelism: 0.75x
[1.386s][info][gc,stats    ]   CTR: <total>                      158 us
[1.386s][info][gc,stats    ]   CTR: Thread Roots                 158 us, workers (us): 158,   0, ---, ---, ---, ---, ---, ---, 
[1.386s][info][gc,stats    ] Concurrent Weak References          103 us, parallelism: 0.41x
[1.386s][info][gc,stats    ]   CWRF: <total>                      42 us
[1.386s][info][gc,stats    ]   CWRF: Weak References              42 us, workers (us):  38,   4, ---, ---, ---, ---, ---, ---, 
[1.386s][info][gc,stats    ] Concurrent Weak Roots              5105 us
[1.386s][info][gc,stats    ]   Roots                             246 us, parallelism: 1.79x
[1.386s][info][gc,stats    ]     CWR: <total>                    441 us
[1.386s][info][gc,stats    ]     CWR: Code Cache Roots           165 us, workers (us):  88,  78, ---, ---, ---, ---, ---, ---, 
[1.386s][info][gc,stats    ]     CWR: VM Weak Roots              274 us, workers (us): 138, 137, ---, ---, ---, ---, ---, ---, 
[1.386s][info][gc,stats    ]     CWR: CLDG Roots                   2 us, workers (us):   2, ---, ---, ---, ---, ---, ---, ---, 
[1.386s][info][gc,stats    ]   Rendezvous                       4805 us
[1.386s][info][gc,stats    ] Concurrent Cleanup                   93 us
[1.386s][info][gc,stats    ] Concurrent Class Unloading          575 us
[1.386s][info][gc,stats    ]   Unlink Stale                      482 us
[1.386s][info][gc,stats    ]     System Dictionary                44 us
[1.386s][info][gc,stats    ]     Weak Class Links                  0 us
[1.386s][info][gc,stats    ]     Code Roots                      437 us
[1.386s][info][gc,stats    ]   Rendezvous                         36 us
[1.386s][info][gc,stats    ]   Purge Unlinked                     25 us
[1.386s][info][gc,stats    ]     Code Roots                       22 us
[1.386s][info][gc,stats    ]     CLDG                              3 us
[1.386s][info][gc,stats    ]     Exception Caches                  0 us
[1.386s][info][gc,stats    ] Concurrent Strong Roots             163 us, parallelism: 0.74x
[1.386s][info][gc,stats    ]   CSR: <total>                      120 us
[1.386s][info][gc,stats    ]   CSR: VM Strong Roots               14 us, workers (us):   8,   5, ---, ---, ---, ---, ---, ---, 
[1.386s][info][gc,stats    ]   CSR: CLDG Roots                   106 us, workers (us): ---, 106, ---, ---, ---, ---, ---, ---, 
[1.386s][info][gc,stats    ] Concurrent Evacuation              1421 us
[1.386s][info][gc,stats    ] Pause Init Update Refs (G)           92 us
[1.386s][info][gc,stats    ] Pause Init Update Refs (N)           56 us
[1.386s][info][gc,stats    ]   Manage GCLABs                       4 us
[1.386s][info][gc,stats    ] Concurrent Update Refs             2433 us
[1.386s][info][gc,stats    ] Concurrent Update Thread Roots      549 us
[1.386s][info][gc,stats    ] Pause Final Update Refs (G)         165 us
[1.386s][info][gc,stats    ] Pause Final Update Refs (N)          74 us
[1.386s][info][gc,stats    ]   Update Region States               16 us
[1.386s][info][gc,stats    ]   Trash Collection Set                2 us
[1.386s][info][gc,stats    ]   Rebuild Free Set                   16 us
[1.386s][info][gc,stats    ] Concurrent Cleanup                   87 us
[1.386s][info][gc,stats    ] 
[1.386s][info][gc,stats    ] Allocation pacing accrued:
[1.386s][info][gc,stats    ]       0 of    16 ms (  0.0%): <total>
[1.386s][info][gc,stats    ]       0 of    16 ms (  0.0%): <average total>
[1.386s][info][gc,stats    ] 
[1.386s][info][gc,metaspace] Metaspace: 5787K(5952K)->5815K(6080K) NonClass: 5200K(5248K)->5224K(5376K) Class: 586K(704K)->590K(704K)
[1.386s][info][gc,ergo     ] Pacer for Idle. Initial: 40642K, Alloc Tax Rate: 1.0x
[1.387s][info][gc          ] Trigger: Start next cycle immediately
[1.387s][info][gc,ergo     ] Free: 1871M, Max: 512K regular, 1868M humongous, Frag: 1% external, 0% internal; Reserve: 101888K, Max: 512K
[1.387s][info][gc,start    ] GC(81) Concurrent reset
[1.387s][info][gc,task     ] GC(81) Using 2 of 8 workers for concurrent reset
[1.387s][info][gc,ergo     ] GC(81) Pacer for Reset. Non-Taxable: 1984M
[1.387s][info][gc          ] GC(81) Concurrent reset 0.231ms
[1.391s][info][gc,start    ] GC(81) Pause Init Mark
[1.391s][info][gc,task     ] GC(81) Using 8 of 8 workers for init marking
[1.391s][info][gc,ergo     ] GC(81) Pacer for Mark. Expected Live: 10567K, Free: 1871M, Non-Taxable: 187M, Alloc Tax Rate: 0.0x
[1.391s][info][gc          ] GC(81) Pause Init Mark 0.066ms
[1.391s][info][gc,start    ] GC(81) Concurrent marking roots
[1.391s][info][gc,task     ] GC(81) Using 2 of 8 workers for concurrent marking roots
[1.393s][info][gc          ] GC(81) Concurrent marking roots 1.275ms
[1.393s][info][gc,start    ] GC(81) Concurrent marking
[1.393s][info][gc,task     ] GC(81) Using 2 of 8 workers for concurrent marking
[1.399s][info][gc          ] GC(81) Concurrent marking 6.094ms
[1.399s][info][gc,start    ] GC(81) Pause Final Mark
[1.399s][info][gc,task     ] GC(81) Using 8 of 8 workers for final marking
[1.400s][info][gc,ergo     ] GC(81) Collectable Garbage: 2574K (100%), Immediate: 0B (0%), CSet: 2574K (100%)
[1.400s][info][gc,ergo     ] GC(81) Pacer for Evacuation. Used CSet: 11264K, Free: 1871M, Non-Taxable: 187M, Alloc Tax Rate: 1.1x
[1.400s][info][gc          ] GC(81) Pause Final Mark 1.001ms
[1.400s][info][gc,start    ] GC(81) Concurrent thread roots
[1.400s][info][gc,task     ] GC(81) Using 2 of 8 workers for Concurrent thread roots
[1.400s][info][gc          ] GC(81) Concurrent thread roots 0.239ms
[1.400s][info][gc,start    ] GC(81) Concurrent weak references
[1.400s][info][gc,task     ] GC(81) Using 2 of 8 workers for concurrent weak references
[1.400s][info][gc,ref      ] GC(81) Encountered references: Soft: 348, Weak: 862, Final: 0, Phantom: 582
[1.400s][info][gc,ref      ] GC(81) Discovered  references: Soft: 0, Weak: 392, Final: 0, Phantom: 198
[1.400s][info][gc,ref      ] GC(81) Enqueued    references: Soft: 0, Weak: 0, Final: 0, Phantom: 0
[1.400s][info][gc          ] GC(81) Concurrent weak references 0.093ms
[1.400s][info][gc,start    ] GC(81) Concurrent weak roots
[1.400s][info][gc,task     ] GC(81) Using 2 of 8 workers for concurrent weak root
[1.401s][info][gc          ] GC(81) Concurrent weak roots 0.330ms
[1.401s][info][gc,start    ] GC(81) Concurrent cleanup
[1.401s][info][gc          ] GC(81) Concurrent cleanup 14M->14M(145M) 0.068ms
[1.401s][info][gc,ergo     ] GC(81) Free: 1870M, Max: 512K regular, 1868M humongous, Frag: 1% external, 0% internal; Reserve: 100864K, Max: 512K
[1.401s][info][gc,start    ] GC(81) Concurrent strong roots
[1.401s][info][gc,task     ] GC(81) Using 2 of 8 workers for concurrent strong root
[1.401s][info][gc          ] GC(81) Concurrent strong roots 0.375ms
[1.401s][info][gc,start    ] GC(81) Concurrent evacuation
[1.401s][info][gc,task     ] GC(81) Using 2 of 8 workers for concurrent evacuation
[1.403s][info][gc          ] GC(81) Concurrent evacuation 1.506ms
[1.403s][info][gc,start    ] GC(81) Pause Init Update Refs
[1.403s][info][gc,ergo     ] GC(81) Pacer for Update Refs. Used: 24430K, Free: 1870M, Non-Taxable: 187M, Alloc Tax Rate: 1.1x
[1.403s][info][gc          ] GC(81) Pause Init Update Refs 0.025ms
[1.403s][info][gc,start    ] GC(81) Concurrent update references
[1.403s][info][gc,task     ] GC(81) Using 2 of 8 workers for concurrent reference update
[1.405s][info][gc          ] GC(81) Concurrent update references 1.536ms
[1.405s][info][gc,start    ] GC(81) Concurrent update thread roots
[1.405s][info][gc          ] GC(81) Concurrent update thread roots 0.129ms
[1.405s][info][gc,start    ] GC(81) Pause Final Update Refs
[1.405s][info][gc,task     ] GC(81) Using 8 of 8 workers for final reference update
[1.405s][info][gc          ] GC(81) Pause Final Update Refs 0.050ms
[1.405s][info][gc,start    ] GC(81) Concurrent cleanup
[1.405s][info][gc          ] GC(81) Concurrent cleanup 23M->12M(145M) 0.074ms
[1.405s][info][gc,ergo     ] Free: 1871M, Max: 512K regular, 1868M humongous, Frag: 1% external, 0% internal; Reserve: 101888K, Max: 512K
[1.405s][info][gc,stats    ] 
[1.405s][info][gc,stats    ] All times are wall-clock times, except per-root-class counters, that are sum over
[1.405s][info][gc,stats    ] all workers. Dividing the <total> over the root stage time estimates parallelism.
[1.405s][info][gc,stats    ] 
[1.405s][info][gc,stats    ] Concurrent Reset                    256 us
[1.405s][info][gc,stats    ] Pause Init Mark (G)                4016 us
[1.405s][info][gc,stats    ] Pause Init Mark (N)                  74 us
[1.405s][info][gc,stats    ]   Update Region States               17 us
[1.405s][info][gc,stats    ] Concurrent Mark Roots              1297 us, parallelism: 1.13x
[1.405s][info][gc,stats    ]   CMR: <total>                     1460 us
[1.405s][info][gc,stats    ]   CMR: Thread Roots                 216 us, workers (us):   0, 216, ---, ---, ---, ---, ---, ---, 
[1.405s][info][gc,stats    ]   CMR: Code Cache Roots            1171 us, workers (us): 1154,  17, ---, ---, ---, ---, ---, ---, 
[1.405s][info][gc,stats    ]   CMR: VM Strong Roots                5 us, workers (us):   5,   0, ---, ---, ---, ---, ---, ---, 
[1.405s][info][gc,stats    ]   CMR: CLDG Roots                    68 us, workers (us):  68, ---, ---, ---, ---, ---, ---, ---, 
[1.405s][info][gc,stats    ] Concurrent Marking                 6116 us
[1.405s][info][gc,stats    ] Pause Final Mark (G)               1105 us
[1.405s][info][gc,stats    ] Pause Final Mark (N)               1010 us
[1.405s][info][gc,stats    ]   Finish Mark                       902 us
[1.405s][info][gc,stats    ]   Update Region States               14 us
[1.405s][info][gc,stats    ]   Choose Collection Set              36 us
[1.405s][info][gc,stats    ]   Rebuild Free Set                   16 us
[1.405s][info][gc,stats    ] Concurrent Thread Roots             250 us, parallelism: 0.91x
[1.405s][info][gc,stats    ]   CTR: <total>                      229 us
[1.405s][info][gc,stats    ]   CTR: Thread Roots                 229 us, workers (us): 197,  32, ---, ---, ---, ---, ---, ---, 
[1.405s][info][gc,stats    ] Concurrent Weak References           99 us, parallelism: 0.45x
[1.405s][info][gc,stats    ]   CWRF: <total>                      44 us
[1.405s][info][gc,stats    ]   CWRF: Weak References              44 us, workers (us):  28,  17, ---, ---, ---, ---, ---, ---, 
[1.405s][info][gc,stats    ] Concurrent Weak Roots               343 us
[1.405s][info][gc,stats    ]   Roots                             287 us, parallelism: 0.93x
[1.405s][info][gc,stats    ]     CWR: <total>                    268 us
[1.405s][info][gc,stats    ]     CWR: VM Weak Roots              268 us, workers (us): 268,   0, ---, ---, ---, ---, ---, ---, 
[1.405s][info][gc,stats    ]   Rendezvous                         28 us
[1.405s][info][gc,stats    ] Concurrent Cleanup                   77 us
[1.405s][info][gc,stats    ] Concurrent Strong Roots             393 us, parallelism: 1.50x
[1.405s][info][gc,stats    ]   CSR: <total>                      588 us
[1.405s][info][gc,stats    ]   CSR: Code Cache Roots             453 us, workers (us): 208, 245, ---, ---, ---, ---, ---, ---, 
[1.405s][info][gc,stats    ]   CSR: VM Strong Roots               13 us, workers (us):   9,   4, ---, ---, ---, ---, ---, ---, 
[1.405s][info][gc,stats    ]   CSR: CLDG Roots                   122 us, workers (us): 122, ---, ---, ---, ---, ---, ---, ---, 
[1.406s][info][gc,stats    ] Concurrent Evacuation              1527 us
[1.406s][info][gc,stats    ] Pause Init Update Refs (G)          122 us
[1.406s][info][gc,stats    ] Pause Init Update Refs (N)           32 us
[1.406s][info][gc,stats    ]   Manage GCLABs                       3 us
[1.406s][info][gc,stats    ] Concurrent Update Refs             1558 us
[1.406s][info][gc,stats    ] Concurrent Update Thread Roots      139 us
[1.406s][info][gc,stats    ] Pause Final Update Refs (G)         140 us
[1.406s][info][gc,stats    ] Pause Final Update Refs (N)          62 us
[1.406s][info][gc,stats    ]   Update Region States               12 us
[1.406s][info][gc,stats    ]   Trash Collection Set                2 us
[1.406s][info][gc,stats    ]   Rebuild Free Set                   17 us
[1.406s][info][gc,stats    ] Concurrent Cleanup                   84 us
[1.406s][info][gc,stats    ] 
[1.406s][info][gc,stats    ] Allocation pacing accrued:
[1.406s][info][gc,stats    ]       0 of    20 ms (  0.0%): <total>
[1.406s][info][gc,stats    ]       0 of    20 ms (  0.0%): <average total>
[1.406s][info][gc,stats    ] 
[1.406s][info][gc,metaspace] Metaspace: 5829K(6080K)->5900K(6080K) NonClass: 5238K(5376K)->5303K(5376K) Class: 591K(704K)->597K(704K)
[1.406s][info][gc,ergo     ] Pacer for Idle. Initial: 40642K, Alloc Tax Rate: 1.0x
[1.407s][info][gc          ] Trigger: Start next cycle immediately
[1.407s][info][gc,ergo     ] Free: 1871M, Max: 512K regular, 1868M humongous, Frag: 1% external, 0% internal; Reserve: 101888K, Max: 512K
[1.407s][info][gc,start    ] GC(82) Concurrent reset
[1.407s][info][gc,task     ] GC(82) Using 2 of 8 workers for concurrent reset
[1.407s][info][gc,ergo     ] GC(82) Pacer for Reset. Non-Taxable: 1984M
[1.407s][info][gc          ] GC(82) Concurrent reset 0.216ms
[1.407s][info][gc,start    ] GC(82) Pause Init Mark (unload classes)
[1.407s][info][gc,task     ] GC(82) Using 8 of 8 workers for init marking
[1.407s][info][gc,ergo     ] GC(82) Pacer for Mark. Expected Live: 10575K, Free: 1871M, Non-Taxable: 187M, Alloc Tax Rate: 0.0x
[1.407s][info][gc          ] GC(82) Pause Init Mark (unload classes) 0.045ms
[1.407s][info][gc,start    ] GC(82) Concurrent marking roots
[1.407s][info][gc,task     ] GC(82) Using 2 of 8 workers for concurrent marking roots
[1.407s][info][gc          ] GC(82) Concurrent marking roots 0.132ms
[1.407s][info][gc,start    ] GC(82) Concurrent marking (unload classes)
[1.407s][info][gc,task     ] GC(82) Using 2 of 8 workers for concurrent marking
[1.409s][info][gc          ] GC(82) Concurrent marking (unload classes) 1.599ms
[1.409s][info][gc,start    ] GC(82) Pause Final Mark (unload classes)
[1.409s][info][gc,task     ] GC(82) Using 8 of 8 workers for final marking
[1.410s][info][gc,ergo     ] GC(82) Collectable Garbage: 3059K (100%), Immediate: 0B (0%), CSet: 3059K (100%)
[1.410s][info][gc,ergo     ] GC(82) Pacer for Evacuation. Used CSet: 11769K, Free: 1871M, Non-Taxable: 187M, Alloc Tax Rate: 1.1x
[1.410s][info][gc          ] GC(82) Pause Final Mark (unload classes) 0.506ms
[1.410s][info][gc,start    ] GC(82) Concurrent thread roots
[1.410s][info][gc,task     ] GC(82) Using 2 of 8 workers for Concurrent thread roots
[1.410s][info][gc          ] GC(82) Concurrent thread roots 0.160ms
[1.410s][info][gc,start    ] GC(82) Concurrent weak references
[1.410s][info][gc,task     ] GC(82) Using 2 of 8 workers for concurrent weak references
[1.410s][info][gc,ref      ] GC(82) Encountered references: Soft: 350, Weak: 863, Final: 0, Phantom: 583
[1.410s][info][gc,ref      ] GC(82) Discovered  references: Soft: 0, Weak: 388, Final: 0, Phantom: 198
[1.410s][info][gc,ref      ] GC(82) Enqueued    references: Soft: 0, Weak: 0, Final: 0, Phantom: 0
[1.410s][info][gc          ] GC(82) Concurrent weak references 0.091ms
[1.410s][info][gc,start    ] GC(82) Concurrent weak roots
[1.410s][info][gc,task     ] GC(82) Using 2 of 8 workers for concurrent weak root
[1.410s][info][gc          ] GC(82) Concurrent weak roots 0.349ms
[1.410s][info][gc,start    ] GC(82) Concurrent cleanup
[1.410s][info][gc          ] GC(82) Concurrent cleanup 14M->14M(145M) 0.061ms
[1.410s][info][gc,ergo     ] GC(82) Free: 1870M, Max: 512K regular, 1868M humongous, Frag: 1% external, 0% internal; Reserve: 101565K, Max: 512K
[1.410s][info][gc,start    ] GC(82) Concurrent class unloading
[1.410s][info][gc,task     ] GC(82) Using 2 of 8 workers for concurrent class unloading
[1.411s][info][gc          ] GC(82) Concurrent class unloading 1.078ms
[1.411s][info][gc,start    ] GC(82) Concurrent strong roots
[1.411s][info][gc,task     ] GC(82) Using 2 of 8 workers for concurrent strong root
[1.412s][info][gc          ] GC(82) Concurrent strong roots 0.160ms
[1.412s][info][gc,start    ] GC(82) Concurrent evacuation
[1.412s][info][gc,task     ] GC(82) Using 2 of 8 workers for concurrent evacuation
[1.413s][info][gc          ] GC(82) Concurrent evacuation 1.544ms
[1.413s][info][gc,start    ] GC(82) Pause Init Update Refs
[1.413s][info][gc,ergo     ] GC(82) Pacer for Update Refs. Used: 23796K, Free: 1870M, Non-Taxable: 187M, Alloc Tax Rate: 1.1x
[1.413s][info][gc          ] GC(82) Pause Init Update Refs 0.037ms
[1.413s][info][gc,start    ] GC(82) Concurrent update references
[1.413s][info][gc,task     ] GC(82) Using 2 of 8 workers for concurrent reference update
[1.415s][info][gc          ] GC(82) Concurrent update references 1.575ms
[1.415s][info][gc,start    ] GC(82) Concurrent update thread roots
[1.415s][info][gc          ] GC(82) Concurrent update thread roots 0.070ms
[1.415s][info][gc,start    ] GC(82) Pause Final Update Refs
[1.415s][info][gc,task     ] GC(82) Using 8 of 8 workers for final reference update
[1.415s][info][gc          ] GC(82) Pause Final Update Refs 0.064ms
[1.415s][info][gc,start    ] GC(82) Concurrent cleanup
[1.415s][info][gc          ] GC(82) Concurrent cleanup 23M->12M(145M) 0.059ms
[1.415s][info][gc,ergo     ] Free: 1872M, Max: 512K regular, 1868M humongous, Frag: 1% external, 0% internal; Reserve: 101888K, Max: 512K
[1.415s][info][gc,stats    ] 
[1.415s][info][gc,stats    ] All times are wall-clock times, except per-root-class counters, that are sum over
[1.415s][info][gc,stats    ] all workers. Dividing the <total> over the root stage time estimates parallelism.
[1.415s][info][gc,stats    ] 
[1.415s][info][gc,stats    ] Concurrent Reset                    227 us
[1.415s][info][gc,stats    ] Pause Init Mark (G)                  75 us
[1.415s][info][gc,stats    ] Pause Init Mark (N)                  50 us
[1.415s][info][gc,stats    ]   Update Region States               11 us
[1.415s][info][gc,stats    ] Concurrent Mark Roots               182 us, parallelism: 0.81x
[1.415s][info][gc,stats    ]   CMR: <total>                      147 us
[1.415s][info][gc,stats    ]   CMR: Thread Roots                  68 us, workers (us):  68,   0, ---, ---, ---, ---, ---, ---, 
[1.415s][info][gc,stats    ]   CMR: VM Strong Roots                8 us, workers (us):   6,   2, ---, ---, ---, ---, ---, ---, 
[1.415s][info][gc,stats    ]   CMR: CLDG Roots                    71 us, workers (us): ---,  71, ---, ---, ---, ---, ---, ---, 
[1.415s][info][gc,stats    ] Concurrent Marking                 1621 us
[1.415s][info][gc,stats    ] Pause Final Mark (G)                604 us
[1.415s][info][gc,stats    ] Pause Final Mark (N)                514 us
[1.415s][info][gc,stats    ]   Finish Mark                       416 us
[1.415s][info][gc,stats    ]   Update Region States               11 us
[1.415s][info][gc,stats    ]   Choose Collection Set              31 us
[1.415s][info][gc,stats    ]   Rebuild Free Set                   16 us
[1.415s][info][gc,stats    ] Concurrent Thread Roots             171 us, parallelism: 0.87x
[1.415s][info][gc,stats    ]   CTR: <total>                      148 us
[1.415s][info][gc,stats    ]   CTR: Thread Roots                 148 us, workers (us): 118,  31, ---, ---, ---, ---, ---, ---, 
[1.415s][info][gc,stats    ] Concurrent Weak References           96 us, parallelism: 0.45x
[1.415s][info][gc,stats    ]   CWRF: <total>                      43 us
[1.415s][info][gc,stats    ]   CWRF: Weak References              43 us, workers (us):  43,   0, ---, ---, ---, ---, ---, ---, 
[1.415s][info][gc,stats    ] Concurrent Weak Roots               366 us
[1.415s][info][gc,stats    ]   Roots                             305 us, parallelism: 1.81x
[1.415s][info][gc,stats    ]     CWR: <total>                    553 us
[1.415s][info][gc,stats    ]     CWR: Code Cache Roots           249 us, workers (us): 125, 123, ---, ---, ---, ---, ---, ---, 
[1.416s][info][gc,stats    ]     CWR: VM Weak Roots              299 us, workers (us): 151, 149, ---, ---, ---, ---, ---, ---, 
[1.416s][info][gc,stats    ]     CWR: CLDG Roots                   5 us, workers (us):   5, ---, ---, ---, ---, ---, ---, ---, 
[1.416s][info][gc,stats    ]   Rendezvous                         18 us
[1.416s][info][gc,stats    ] Concurrent Cleanup                   70 us
[1.416s][info][gc,stats    ] Concurrent Class Unloading         1093 us
[1.416s][info][gc,stats    ]   Unlink Stale                     1018 us
[1.416s][info][gc,stats    ]     System Dictionary                36 us
[1.416s][info][gc,stats    ]     Weak Class Links                  0 us
[1.416s][info][gc,stats    ]     Code Roots                      981 us
[1.416s][info][gc,stats    ]   Rendezvous                         16 us
[1.416s][info][gc,stats    ]   Purge Unlinked                     25 us
[1.416s][info][gc,stats    ]     Code Roots                       20 us
[1.416s][info][gc,stats    ]     CLDG                              4 us
[1.416s][info][gc,stats    ]     Exception Caches                  0 us
[1.416s][info][gc,stats    ] Concurrent Strong Roots             170 us, parallelism: 0.71x
[1.416s][info][gc,stats    ]   CSR: <total>                      121 us
[1.416s][info][gc,stats    ]   CSR: VM Strong Roots               10 us, workers (us):   4,   5, ---, ---, ---, ---, ---, ---, 
[1.416s][info][gc,stats    ]   CSR: CLDG Roots                   112 us, workers (us): 112, ---, ---, ---, ---, ---, ---, ---, 
[1.416s][info][gc,stats    ] Concurrent Evacuation              1565 us
[1.416s][info][gc,stats    ] Pause Init Update Refs (G)          134 us
[1.416s][info][gc,stats    ] Pause Init Update Refs (N)           45 us
[1.416s][info][gc,stats    ]   Manage GCLABs                       3 us
[1.416s][info][gc,stats    ] Concurrent Update Refs             1601 us
[1.416s][info][gc,stats    ] Concurrent Update Thread Roots       80 us
[1.416s][info][gc,stats    ] Pause Final Update Refs (G)          93 us
[1.416s][info][gc,stats    ] Pause Final Update Refs (N)          75 us
[1.416s][info][gc,stats    ]   Update Region States               25 us
[1.416s][info][gc,stats    ]   Trash Collection Set                2 us
[1.416s][info][gc,stats    ]   Rebuild Free Set                   18 us
[1.416s][info][gc,stats    ] Concurrent Cleanup                   68 us
[1.416s][info][gc,stats    ] 
[1.416s][info][gc,stats    ] Allocation pacing accrued:
[1.416s][info][gc,stats    ]       0 of    10 ms (  0.0%): <total>
[1.416s][info][gc,stats    ]       0 of    10 ms (  0.0%): <average total>
[1.416s][info][gc,stats    ] 
[1.416s][info][gc,metaspace] Metaspace: 5906K(6144K)->5918K(6144K) NonClass: 5307K(5440K)->5318K(5440K) Class: 598K(704K)->599K(704K)
[1.416s][info][gc,ergo     ] Pacer for Idle. Initial: 40642K, Alloc Tax Rate: 1.0x
[1.417s][info][gc          ] Trigger: Start next cycle immediately
[1.417s][info][gc,ergo     ] Free: 1872M, Max: 512K regular, 1868M humongous, Frag: 1% external, 0% internal; Reserve: 101888K, Max: 512K
[1.417s][info][gc,start    ] GC(83) Concurrent reset
[1.417s][info][gc,task     ] GC(83) Using 2 of 8 workers for concurrent reset
[1.417s][info][gc,ergo     ] GC(83) Pacer for Reset. Non-Taxable: 1984M
[1.417s][info][gc          ] GC(83) Concurrent reset 0.213ms
[1.417s][info][gc,start    ] GC(83) Pause Init Mark
[1.417s][info][gc,task     ] GC(83) Using 8 of 8 workers for init marking
[1.417s][info][gc,ergo     ] GC(83) Pacer for Mark. Expected Live: 10586K, Free: 1872M, Non-Taxable: 187M, Alloc Tax Rate: 0.0x
[1.418s][info][gc          ] GC(83) Pause Init Mark 0.043ms
[1.418s][info][gc,start    ] GC(83) Concurrent marking roots
[1.418s][info][gc,task     ] GC(83) Using 2 of 8 workers for concurrent marking roots
[1.418s][info][gc          ] GC(83) Concurrent marking roots 0.513ms
[1.418s][info][gc,start    ] GC(83) Concurrent marking
[1.418s][info][gc,task     ] GC(83) Using 2 of 8 workers for concurrent marking
[1.421s][info][gc          ] GC(83) Concurrent marking 3.200ms
[1.421s][info][gc,start    ] GC(83) Pause Final Mark
[1.421s][info][gc,task     ] GC(83) Using 8 of 8 workers for final marking
[1.426s][info][gc,ergo     ] GC(83) Collectable Garbage: 1904K (100%), Immediate: 0B (0%), CSet: 1904K (100%)
[1.426s][info][gc,ergo     ] GC(83) Pacer for Evacuation. Used CSet: 10629K, Free: 1871M, Non-Taxable: 187M, Alloc Tax Rate: 1.1x
[1.426s][info][gc          ] GC(83) Pause Final Mark 4.236ms
[1.426s][info][gc,start    ] GC(83) Concurrent thread roots
[1.426s][info][gc,task     ] GC(83) Using 2 of 8 workers for Concurrent thread roots
[1.426s][info][gc          ] GC(83) Concurrent thread roots 0.132ms
[1.426s][info][gc,start    ] GC(83) Concurrent weak references
[1.426s][info][gc,task     ] GC(83) Using 2 of 8 workers for concurrent weak references
[1.426s][info][gc,ref      ] GC(83) Encountered references: Soft: 350, Weak: 862, Final: 0, Phantom: 582
[1.426s][info][gc,ref      ] GC(83) Discovered  references: Soft: 0, Weak: 385, Final: 0, Phantom: 513
[1.426s][info][gc,ref      ] GC(83) Enqueued    references: Soft: 0, Weak: 0, Final: 0, Phantom: 0
[1.426s][info][gc          ] GC(83) Concurrent weak references 0.135ms
[1.426s][info][gc,start    ] GC(83) Concurrent weak roots
[1.426s][info][gc,task     ] GC(83) Using 2 of 8 workers for concurrent weak root
[1.427s][info][gc          ] GC(83) Concurrent weak roots 0.816ms
[1.427s][info][gc,start    ] GC(83) Concurrent cleanup
[1.427s][info][gc          ] GC(83) Concurrent cleanup 13M->13M(145M) 0.072ms
[1.427s][info][gc,ergo     ] GC(83) Free: 1871M, Max: 512K regular, 1868M humongous, Frag: 1% external, 0% internal; Reserve: 100989K, Max: 512K
[1.427s][info][gc,start    ] GC(83) Concurrent strong roots
[1.427s][info][gc,task     ] GC(83) Using 2 of 8 workers for concurrent strong root
[1.427s][info][gc          ] GC(83) Concurrent strong roots 0.328ms
[1.427s][info][gc,start    ] GC(83) Concurrent evacuation
[1.427s][info][gc,task     ] GC(83) Using 2 of 8 workers for concurrent evacuation
[1.429s][info][gc          ] GC(83) Concurrent evacuation 1.504ms
[1.429s][info][gc,start    ] GC(83) Pause Init Update Refs
[1.429s][info][gc,ergo     ] GC(83) Pacer for Update Refs. Used: 23237K, Free: 1871M, Non-Taxable: 187M, Alloc Tax Rate: 1.1x
[1.429s][info][gc          ] GC(83) Pause Init Update Refs 0.026ms
[1.429s][info][gc,start    ] GC(83) Concurrent update references
[1.429s][info][gc,task     ] GC(83) Using 2 of 8 workers for concurrent reference update
[1.442s][info][gc          ] GC(83) Concurrent update references 13.494ms
[1.442s][info][gc,start    ] GC(83) Concurrent update thread roots
[1.443s][info][gc          ] GC(83) Concurrent update thread roots 0.260ms
[1.443s][info][gc,start    ] GC(83) Pause Final Update Refs
[1.443s][info][gc,task     ] GC(83) Using 8 of 8 workers for final reference update
[1.443s][info][gc          ] GC(83) Pause Final Update Refs 0.067ms
[1.443s][info][gc,start    ] GC(83) Concurrent cleanup
[1.443s][info][gc          ] GC(83) Concurrent cleanup 23M->12M(145M) 0.080ms
[1.443s][info][gc,ergo     ] Free: 1871M, Max: 512K regular, 1868M humongous, Frag: 1% external, 0% internal; Reserve: 101888K, Max: 512K
[1.443s][info][gc,stats    ] 
[1.443s][info][gc,stats    ] All times are wall-clock times, except per-root-class counters, that are sum over
[1.443s][info][gc,stats    ] all workers. Dividing the <total> over the root stage time estimates parallelism.
[1.443s][info][gc,stats    ] 
[1.443s][info][gc,stats    ] Concurrent Reset                    225 us
[1.443s][info][gc,stats    ] Pause Init Mark (G)                 171 us
[1.443s][info][gc,stats    ] Pause Init Mark (N)                  51 us
[1.443s][info][gc,stats    ]   Update Region States               14 us
[1.443s][info][gc,stats    ] Concurrent Mark Roots               532 us, parallelism: 0.85x
[1.443s][info][gc,stats    ]   CMR: <total>                      454 us
[1.443s][info][gc,stats    ]   CMR: Thread Roots                  32 us, workers (us):  32,   0, ---, ---, ---, ---, ---, ---, 
[1.443s][info][gc,stats    ]   CMR: Code Cache Roots             338 us, workers (us): 338,   0, ---, ---, ---, ---, ---, ---, 
[1.443s][info][gc,stats    ]   CMR: VM Strong Roots                4 us, workers (us):   3,   0, ---, ---, ---, ---, ---, ---, 
[1.443s][info][gc,stats    ]   CMR: CLDG Roots                    80 us, workers (us):  80, ---, ---, ---, ---, ---, ---, ---, 
[1.443s][info][gc,stats    ] Concurrent Marking                 3219 us
[1.443s][info][gc,stats    ] Pause Final Mark (G)               4310 us
[1.443s][info][gc,stats    ] Pause Final Mark (N)               4245 us
[1.443s][info][gc,stats    ]   Finish Mark                      4132 us
[1.443s][info][gc,stats    ]   Update Region States               13 us
[1.443s][info][gc,stats    ]   Choose Collection Set              41 us
[1.443s][info][gc,stats    ]   Rebuild Free Set                   16 us
[1.443s][info][gc,stats    ] Concurrent Thread Roots             147 us, parallelism: 0.63x
[1.443s][info][gc,stats    ]   CTR: <total>                       92 us
[1.443s][info][gc,stats    ]   CTR: Thread Roots                  92 us, workers (us):  92,   0, ---, ---, ---, ---, ---, ---, 
[1.443s][info][gc,stats    ] Concurrent Weak References          143 us, parallelism: 0.66x
[1.443s][info][gc,stats    ]   CWRF: <total>                      95 us
[1.443s][info][gc,stats    ]   CWRF: Weak References              95 us, workers (us):  86,   9, ---, ---, ---, ---, ---, ---, 
[1.443s][info][gc,stats    ] Concurrent Weak Roots               828 us
[1.443s][info][gc,stats    ]   Roots                             298 us, parallelism: 0.88x
[1.443s][info][gc,stats    ]     CWR: <total>                    262 us
[1.443s][info][gc,stats    ]     CWR: VM Weak Roots              262 us, workers (us): 262,   0, ---, ---, ---, ---, ---, ---, 
[1.443s][info][gc,stats    ]   Rendezvous                        505 us
[1.443s][info][gc,stats    ] Concurrent Cleanup                   82 us
[1.443s][info][gc,stats    ] Concurrent Strong Roots             346 us, parallelism: 1.55x
[1.443s][info][gc,stats    ]   CSR: <total>                      536 us
[1.443s][info][gc,stats    ]   CSR: Code Cache Roots             401 us, workers (us): 122, 280, ---, ---, ---, ---, ---, ---, 
[1.443s][info][gc,stats    ]   CSR: VM Strong Roots               10 us, workers (us):   9,   0, ---, ---, ---, ---, ---, ---, 
[1.443s][info][gc,stats    ]   CSR: CLDG Roots                   125 us, workers (us): 125, ---, ---, ---, ---, ---, ---, ---, 
[1.443s][info][gc,stats    ] Concurrent Evacuation              1525 us
[1.443s][info][gc,stats    ] Pause Init Update Refs (G)          120 us
[1.443s][info][gc,stats    ] Pause Init Update Refs (N)           34 us
[1.443s][info][gc,stats    ]   Manage GCLABs                       4 us
[1.443s][info][gc,stats    ] Concurrent Update Refs            13521 us
[1.443s][info][gc,stats    ] Concurrent Update Thread Roots      273 us
[1.443s][info][gc,stats    ] Pause Final Update Refs (G)         165 us
[1.443s][info][gc,stats    ] Pause Final Update Refs (N)          77 us
[1.443s][info][gc,stats    ]   Update Region States               22 us
[1.443s][info][gc,stats    ]   Trash Collection Set                2 us
[1.443s][info][gc,stats    ]   Rebuild Free Set                   22 us
[1.443s][info][gc,stats    ] Concurrent Cleanup                   90 us
[1.443s][info][gc,stats    ] 
[1.443s][info][gc,stats    ] Allocation pacing accrued:
[1.443s][info][gc,stats    ]       0 of    28 ms (  0.0%): <total>
[1.443s][info][gc,stats    ]       0 of    28 ms (  0.0%): <average total>
[1.444s][info][gc,stats    ] 
[1.444s][info][gc,metaspace] Metaspace: 5933K(6144K)->6082K(6272K) NonClass: 5332K(5440K)->5457K(5568K) Class: 600K(704K)->624K(704K)
[1.444s][info][gc,ergo     ] Pacer for Idle. Initial: 40642K, Alloc Tax Rate: 1.0x
[1.445s][info][gc          ] Trigger: Start next cycle immediately
[1.445s][info][gc,ergo     ] Free: 1871M, Max: 512K regular, 1868M humongous, Frag: 1% external, 0% internal; Reserve: 101888K, Max: 512K
[1.445s][info][gc,start    ] GC(84) Concurrent reset
[1.445s][info][gc,task     ] GC(84) Using 2 of 8 workers for concurrent reset
[1.445s][info][gc,ergo     ] GC(84) Pacer for Reset. Non-Taxable: 1984M
[1.445s][info][gc          ] GC(84) Concurrent reset 0.209ms
[1.445s][info][gc,start    ] GC(84) Pause Init Mark (unload classes)
[1.445s][info][gc,task     ] GC(84) Using 8 of 8 workers for init marking
[1.445s][info][gc,ergo     ] GC(84) Pacer for Mark. Expected Live: 10599K, Free: 1871M, Non-Taxable: 187M, Alloc Tax Rate: 0.0x
[1.445s][info][gc          ] GC(84) Pause Init Mark (unload classes) 0.044ms
[1.445s][info][gc,start    ] GC(84) Concurrent marking roots
[1.445s][info][gc,task     ] GC(84) Using 2 of 8 workers for concurrent marking roots
[1.445s][info][gc          ] GC(84) Concurrent marking roots 0.201ms
[1.445s][info][gc,start    ] GC(84) Concurrent marking (unload classes)
[1.445s][info][gc,task     ] GC(84) Using 2 of 8 workers for concurrent marking
[1.447s][info][gc          ] GC(84) Concurrent marking (unload classes) 1.955ms
[1.447s][info][gc,start    ] GC(84) Pause Final Mark (unload classes)
[1.447s][info][gc,task     ] GC(84) Using 8 of 8 workers for final marking
[1.447s][info][gc,ergo     ] GC(84) Collectable Garbage: 2446K (100%), Immediate: 0B (0%), CSet: 2446K (100%)
[1.447s][info][gc,ergo     ] GC(84) Pacer for Evacuation. Used CSet: 11213K, Free: 1871M, Non-Taxable: 187M, Alloc Tax Rate: 1.1x
[1.448s][info][gc          ] GC(84) Pause Final Mark (unload classes) 0.181ms
[1.448s][info][gc,start    ] GC(84) Concurrent thread roots
[1.448s][info][gc,task     ] GC(84) Using 2 of 8 workers for Concurrent thread roots
[1.448s][info][gc          ] GC(84) Concurrent thread roots 0.152ms
[1.448s][info][gc,start    ] GC(84) Concurrent weak references
[1.448s][info][gc,task     ] GC(84) Using 2 of 8 workers for concurrent weak references
[1.448s][info][gc,ref      ] GC(84) Encountered references: Soft: 368, Weak: 889, Final: 0, Phantom: 582
[1.448s][info][gc,ref      ] GC(84) Discovered  references: Soft: 0, Weak: 382, Final: 0, Phantom: 580
[1.448s][info][gc,ref      ] GC(84) Enqueued    references: Soft: 0, Weak: 3, Final: 0, Phantom: 0
[1.448s][info][gc          ] GC(84) Concurrent weak references 0.136ms
[1.448s][info][gc,start    ] GC(84) Concurrent weak roots
[1.448s][info][gc,task     ] GC(84) Using 2 of 8 workers for concurrent weak root
[1.448s][info][gc          ] GC(84) Concurrent weak roots 0.392ms
[1.448s][info][gc,start    ] GC(84) Concurrent cleanup
[1.448s][info][gc          ] GC(84) Concurrent cleanup 13M->13M(145M) 0.061ms
[1.448s][info][gc,ergo     ] GC(84) Free: 1871M, Max: 512K regular, 1868M humongous, Frag: 1% external, 0% internal; Reserve: 101545K, Max: 512K
[1.448s][info][gc,start    ] GC(84) Concurrent class unloading
[1.448s][info][gc,task     ] GC(84) Using 2 of 8 workers for concurrent class unloading
[1.450s][info][gc          ] GC(84) Concurrent class unloading 1.180ms
[1.450s][info][gc,start    ] GC(84) Concurrent strong roots
[1.450s][info][gc,task     ] GC(84) Using 2 of 8 workers for concurrent strong root
[1.450s][info][gc          ] GC(84) Concurrent strong roots 0.204ms
[1.450s][info][gc,start    ] GC(84) Concurrent evacuation
[1.450s][info][gc,task     ] GC(84) Using 2 of 8 workers for concurrent evacuation
[1.451s][info][gc          ] GC(84) Concurrent evacuation 1.548ms
[1.451s][info][gc,start    ] GC(84) Pause Init Update Refs
[1.451s][info][gc,ergo     ] GC(84) Pacer for Update Refs. Used: 23777K, Free: 1870M, Non-Taxable: 187M, Alloc Tax Rate: 1.1x
[1.451s][info][gc          ] GC(84) Pause Init Update Refs 0.024ms
[1.451s][info][gc,start    ] GC(84) Concurrent update references
[1.451s][info][gc,task     ] GC(84) Using 2 of 8 workers for concurrent reference update
[1.453s][info][gc          ] GC(84) Concurrent update references 1.704ms
[1.453s][info][gc,start    ] GC(84) Concurrent update thread roots
[1.453s][info][gc          ] GC(84) Concurrent update thread roots 0.131ms
[1.453s][info][gc,start    ] GC(84) Pause Final Update Refs
[1.453s][info][gc,task     ] GC(84) Using 8 of 8 workers for final reference update
[1.453s][info][gc          ] GC(84) Pause Final Update Refs 0.070ms
[1.453s][info][gc,start    ] GC(84) Concurrent cleanup
[1.453s][info][gc          ] GC(84) Concurrent cleanup 23M->12M(145M) 0.080ms
[1.454s][info][gc,ergo     ] Free: 1872M, Max: 512K regular, 1868M humongous, Frag: 1% external, 0% internal; Reserve: 101888K, Max: 512K
[1.454s][info][gc,stats    ] 
[1.454s][info][gc,stats    ] All times are wall-clock times, except per-root-class counters, that are sum over
[1.454s][info][gc,stats    ] all workers. Dividing the <total> over the root stage time estimates parallelism.
[1.454s][info][gc,stats    ] 
[1.454s][info][gc,stats    ] Concurrent Reset                    221 us
[1.454s][info][gc,stats    ] Pause Init Mark (G)                 157 us
[1.454s][info][gc,stats    ] Pause Init Mark (N)                  69 us
[1.454s][info][gc,stats    ]   Update Region States               13 us
[1.454s][info][gc,stats    ] Concurrent Mark Roots               213 us, parallelism: 1.12x
[1.454s][info][gc,stats    ]   CMR: <total>                      239 us
[1.454s][info][gc,stats    ]   CMR: Thread Roots                 157 us, workers (us):  29, 128, ---, ---, ---, ---, ---, ---, 
[1.454s][info][gc,stats    ]   CMR: VM Strong Roots                5 us, workers (us):   4,   0, ---, ---, ---, ---, ---, ---, 
[1.454s][info][gc,stats    ]   CMR: CLDG Roots                    77 us, workers (us):  77, ---, ---, ---, ---, ---, ---, ---, 
[1.454s][info][gc,stats    ] Concurrent Marking                 1976 us
[1.454s][info][gc,stats    ] Pause Final Mark (G)                275 us
[1.454s][info][gc,stats    ] Pause Final Mark (N)                189 us
[1.454s][info][gc,stats    ]   Finish Mark                        90 us
[1.454s][info][gc,stats    ]   Update Region States               13 us
[1.454s][info][gc,stats    ]   Choose Collection Set              31 us
[1.454s][info][gc,stats    ]   Rebuild Free Set                   15 us
[1.454s][info][gc,stats    ] Concurrent Thread Roots             161 us, parallelism: 0.88x
[1.454s][info][gc,stats    ]   CTR: <total>                      142 us
[1.454s][info][gc,stats    ]   CTR: Thread Roots                 142 us, workers (us): 108,  34, ---, ---, ---, ---, ---, ---, 
[1.454s][info][gc,stats    ] Concurrent Weak References          144 us, parallelism: 0.60x
[1.454s][info][gc,stats    ]   CWRF: <total>                      86 us
[1.454s][info][gc,stats    ]   CWRF: Weak References              86 us, workers (us):  83,   4, ---, ---, ---, ---, ---, ---, 
[1.454s][info][gc,stats    ] Concurrent Weak Roots               410 us
[1.454s][info][gc,stats    ]   Roots                             344 us, parallelism: 1.76x
[1.454s][info][gc,stats    ]     CWR: <total>                    605 us
[1.454s][info][gc,stats    ]     CWR: Code Cache Roots           312 us, workers (us): 165, 147, ---, ---, ---, ---, ---, ---, 
[1.454s][info][gc,stats    ]     CWR: VM Weak Roots              288 us, workers (us): 157, 131, ---, ---, ---, ---, ---, ---, 
[1.454s][info][gc,stats    ]     CWR: CLDG Roots                   5 us, workers (us): ---,   5, ---, ---, ---, ---, ---, ---, 
[1.454s][info][gc,stats    ]   Rendezvous                         31 us
[1.454s][info][gc,stats    ] Concurrent Cleanup                   69 us
[1.454s][info][gc,stats    ] Concurrent Class Unloading         1193 us
[1.454s][info][gc,stats    ]   Unlink Stale                     1034 us
[1.454s][info][gc,stats    ]     System Dictionary                37 us
[1.454s][info][gc,stats    ]     Weak Class Links                  0 us
[1.454s][info][gc,stats    ]     Code Roots                      997 us
[1.454s][info][gc,stats    ]   Rendezvous                         71 us
[1.454s][info][gc,stats    ]   Purge Unlinked                     55 us
[1.454s][info][gc,stats    ]     Code Roots                       51 us
[1.454s][info][gc,stats    ]     CLDG                              4 us
[1.454s][info][gc,stats    ]     Exception Caches                  0 us
[1.454s][info][gc,stats    ] Concurrent Strong Roots             214 us, parallelism: 0.72x
[1.454s][info][gc,stats    ]   CSR: <total>                      153 us
[1.454s][info][gc,stats    ]   CSR: VM Strong Roots               10 us, workers (us):   9,   0, ---, ---, ---, ---, ---, ---, 
[1.454s][info][gc,stats    ]   CSR: CLDG Roots                   144 us, workers (us): 144, ---, ---, ---, ---, ---, ---, ---, 
[1.454s][info][gc,stats    ] Concurrent Evacuation              1568 us
[1.454s][info][gc,stats    ] Pause Init Update Refs (G)          119 us
[1.454s][info][gc,stats    ] Pause Init Update Refs (N)           32 us
[1.454s][info][gc,stats    ]   Manage GCLABs                       3 us
[1.454s][info][gc,stats    ] Concurrent Update Refs             1726 us
[1.454s][info][gc,stats    ] Concurrent Update Thread Roots      141 us
[1.454s][info][gc,stats    ] Pause Final Update Refs (G)          98 us
[1.454s][info][gc,stats    ] Pause Final Update Refs (N)          82 us
[1.454s][info][gc,stats    ]   Update Region States               14 us
[1.454s][info][gc,stats    ]   Trash Collection Set                2 us
[1.454s][info][gc,stats    ]   Rebuild Free Set                   16 us
[1.454s][info][gc,stats    ] Concurrent Cleanup                   90 us
[1.454s][info][gc,stats    ] 
[1.454s][info][gc,stats    ] Allocation pacing accrued:
[1.454s][info][gc,stats    ]       0 of    11 ms (  0.0%): <total>
[1.454s][info][gc,stats    ]       0 of    11 ms (  0.0%): <average total>
[1.454s][info][gc,stats    ] 
[1.454s][info][gc,metaspace] Metaspace: 6087K(6272K)->6097K(6272K) NonClass: 5461K(5568K)->5469K(5568K) Class: 626K(704K)->628K(704K)
[1.454s][info][gc,ergo     ] Pacer for Idle. Initial: 40642K, Alloc Tax Rate: 1.0x
[1.455s][info][gc          ] Trigger: Start next cycle immediately
[1.455s][info][gc,ergo     ] Free: 1871M, Max: 512K regular, 1868M humongous, Frag: 1% external, 0% internal; Reserve: 101888K, Max: 512K
[1.455s][info][gc,start    ] GC(85) Concurrent reset
[1.455s][info][gc,task     ] GC(85) Using 2 of 8 workers for concurrent reset
[1.455s][info][gc,ergo     ] GC(85) Pacer for Reset. Non-Taxable: 1984M
[1.456s][info][gc          ] GC(85) Concurrent reset 0.205ms
[1.456s][info][gc,start    ] GC(85) Pause Init Mark (unload classes)
[1.456s][info][gc,task     ] GC(85) Using 8 of 8 workers for init marking
[1.456s][info][gc,ergo     ] GC(85) Pacer for Mark. Expected Live: 10619K, Free: 1871M, Non-Taxable: 187M, Alloc Tax Rate: 0.0x
[1.456s][info][gc          ] GC(85) Pause Init Mark (unload classes) 0.053ms
[1.456s][info][gc,start    ] GC(85) Concurrent marking roots
[1.456s][info][gc,task     ] GC(85) Using 2 of 8 workers for concurrent marking roots
[1.456s][info][gc          ] GC(85) Concurrent marking roots 0.157ms
[1.456s][info][gc,start    ] GC(85) Concurrent marking (unload classes)
[1.456s][info][gc,task     ] GC(85) Using 2 of 8 workers for concurrent marking
[1.458s][info][gc          ] GC(85) Concurrent marking (unload classes) 2.484ms
[1.459s][info][gc,start    ] GC(85) Pause Final Mark (unload classes)
[1.459s][info][gc,task     ] GC(85) Using 8 of 8 workers for final marking
[1.459s][info][gc,ergo     ] GC(85) Collectable Garbage: 2403K (100%), Immediate: 0B (0%), CSet: 2403K (100%)
[1.459s][info][gc,ergo     ] GC(85) Pacer for Evacuation. Used CSet: 11169K, Free: 1871M, Non-Taxable: 187M, Alloc Tax Rate: 1.1x
[1.459s][info][gc          ] GC(85) Pause Final Mark (unload classes) 0.191ms
[1.459s][info][gc,start    ] GC(85) Concurrent thread roots
[1.459s][info][gc,task     ] GC(85) Using 2 of 8 workers for Concurrent thread roots
[1.459s][info][gc          ] GC(85) Concurrent thread roots 0.139ms
[1.459s][info][gc,start    ] GC(85) Concurrent weak references
[1.459s][info][gc,task     ] GC(85) Using 2 of 8 workers for concurrent weak references
[1.459s][info][gc,ref      ] GC(85) Encountered references: Soft: 369, Weak: 891, Final: 0, Phantom: 582
[1.459s][info][gc,ref      ] GC(85) Discovered  references: Soft: 0, Weak: 388, Final: 0, Phantom: 580
[1.459s][info][gc,ref      ] GC(85) Enqueued    references: Soft: 0, Weak: 2, Final: 0, Phantom: 0
[1.459s][info][gc          ] GC(85) Concurrent weak references 0.127ms
[1.459s][info][gc,start    ] GC(85) Concurrent weak roots
[1.459s][info][gc,task     ] GC(85) Using 2 of 8 workers for concurrent weak root
[1.460s][info][gc          ] GC(85) Concurrent weak roots 0.643ms
[1.460s][info][gc,start    ] GC(85) Concurrent cleanup
[1.460s][info][gc          ] GC(85) Concurrent cleanup 13M->13M(145M) 0.061ms
[1.460s][info][gc,ergo     ] GC(85) Free: 1871M, Max: 512K regular, 1868M humongous, Frag: 1% external, 0% internal; Reserve: 101553K, Max: 512K
[1.460s][info][gc,start    ] GC(85) Concurrent class unloading
[1.460s][info][gc,task     ] GC(85) Using 2 of 8 workers for concurrent class unloading
[1.461s][info][gc          ] GC(85) Concurrent class unloading 1.005ms
[1.461s][info][gc,start    ] GC(85) Concurrent strong roots
[1.461s][info][gc,task     ] GC(85) Using 2 of 8 workers for concurrent strong root
[1.462s][info][gc          ] GC(85) Concurrent strong roots 1.210ms
[1.462s][info][gc,start    ] GC(85) Concurrent evacuation
[1.462s][info][gc,task     ] GC(85) Using 2 of 8 workers for concurrent evacuation
[1.464s][info][gc          ] GC(85) Concurrent evacuation 1.465ms
[1.464s][info][gc,start    ] GC(85) Pause Init Update Refs
[1.464s][info][gc,ergo     ] GC(85) Pacer for Update Refs. Used: 24307K, Free: 1870M, Non-Taxable: 187M, Alloc Tax Rate: 1.1x
[1.464s][info][gc          ] GC(85) Pause Init Update Refs 0.023ms
[1.464s][info][gc,start    ] GC(85) Concurrent update references
[1.464s][info][gc,task     ] GC(85) Using 2 of 8 workers for concurrent reference update
[1.465s][info][gc          ] GC(85) Concurrent update references 1.557ms
[1.465s][info][gc,start    ] GC(85) Concurrent update thread roots
[1.465s][info][gc          ] GC(85) Concurrent update thread roots 0.094ms
[1.465s][info][gc,start    ] GC(85) Pause Final Update Refs
[1.465s][info][gc,task     ] GC(85) Using 8 of 8 workers for final reference update
[1.466s][info][gc          ] GC(85) Pause Final Update Refs 0.056ms
[1.466s][info][gc,start    ] GC(85) Concurrent cleanup
[1.466s][info][gc          ] GC(85) Concurrent cleanup 23M->12M(145M) 0.072ms
[1.466s][info][gc,ergo     ] Free: 1871M, Max: 512K regular, 1868M humongous, Frag: 1% external, 0% internal; Reserve: 101888K, Max: 512K
[1.466s][info][gc,stats    ] 
[1.466s][info][gc,stats    ] All times are wall-clock times, except per-root-class counters, that are sum over
[1.466s][info][gc,stats    ] all workers. Dividing the <total> over the root stage time estimates parallelism.
[1.466s][info][gc,stats    ] 
[1.466s][info][gc,stats    ] Concurrent Reset                    214 us
[1.466s][info][gc,stats    ] Pause Init Mark (G)                 176 us
[1.466s][info][gc,stats    ] Pause Init Mark (N)                  61 us
[1.466s][info][gc,stats    ]   Update Region States               20 us
[1.466s][info][gc,stats    ] Concurrent Mark Roots               165 us, parallelism: 1.03x
[1.466s][info][gc,stats    ]   CMR: <total>                      171 us
[1.466s][info][gc,stats    ]   CMR: Thread Roots                  77 us, workers (us):   0,  77, ---, ---, ---, ---, ---, ---, 
[1.466s][info][gc,stats    ]   CMR: VM Strong Roots                6 us, workers (us):   5,   2, ---, ---, ---, ---, ---, ---, 
[1.466s][info][gc,stats    ]   CMR: CLDG Roots                    87 us, workers (us):  87, ---, ---, ---, ---, ---, ---, ---, 
[1.466s][info][gc,stats    ] Concurrent Marking                 2579 us
[1.466s][info][gc,stats    ] Pause Final Mark (G)                295 us
[1.466s][info][gc,stats    ] Pause Final Mark (N)                200 us
[1.466s][info][gc,stats    ]   Finish Mark                       105 us
[1.466s][info][gc,stats    ]   Update Region States               12 us
[1.466s][info][gc,stats    ]   Choose Collection Set              29 us
[1.466s][info][gc,stats    ]   Rebuild Free Set                   15 us
[1.466s][info][gc,stats    ] Concurrent Thread Roots             150 us, parallelism: 0.65x
[1.466s][info][gc,stats    ]   CTR: <total>                       98 us
[1.466s][info][gc,stats    ]   CTR: Thread Roots                  98 us, workers (us):  98,   0, ---, ---, ---, ---, ---, ---, 
[1.466s][info][gc,stats    ] Concurrent Weak References          135 us, parallelism: 0.56x
[1.466s][info][gc,stats    ]   CWRF: <total>                      75 us
[1.466s][info][gc,stats    ]   CWRF: Weak References              75 us, workers (us):  74,   1, ---, ---, ---, ---, ---, ---, 
[1.466s][info][gc,stats    ] Concurrent Weak Roots               655 us
[1.466s][info][gc,stats    ]   Roots                             528 us, parallelism: 0.93x
[1.466s][info][gc,stats    ]     CWR: <total>                    492 us
[1.466s][info][gc,stats    ]     CWR: Code Cache Roots           209 us, workers (us): 209,   0, ---, ---, ---, ---, ---, ---, 
[1.466s][info][gc,stats    ]     CWR: VM Weak Roots              279 us, workers (us): 279,   0, ---, ---, ---, ---, ---, ---, 
[1.466s][info][gc,stats    ]     CWR: CLDG Roots                   4 us, workers (us):   4, ---, ---, ---, ---, ---, ---, ---, 
[1.466s][info][gc,stats    ]   Rendezvous                         98 us
[1.466s][info][gc,stats    ] Concurrent Cleanup                   70 us
[1.466s][info][gc,stats    ] Concurrent Class Unloading         1017 us
[1.466s][info][gc,stats    ]   Unlink Stale                      970 us
[1.466s][info][gc,stats    ]     System Dictionary                30 us
[1.466s][info][gc,stats    ]     Weak Class Links                  0 us
[1.466s][info][gc,stats    ]     Code Roots                      939 us
[1.466s][info][gc,stats    ]   Rendezvous                         14 us
[1.466s][info][gc,stats    ]   Purge Unlinked                      4 us
[1.466s][info][gc,stats    ]     Code Roots                        0 us
[1.466s][info][gc,stats    ]     CLDG                              3 us
[1.466s][info][gc,stats    ]     Exception Caches                  0 us
[1.466s][info][gc,stats    ] Concurrent Strong Roots            1230 us, parallelism: 0.14x
[1.466s][info][gc,stats    ]   CSR: <total>                      167 us
[1.466s][info][gc,stats    ]   CSR: VM Strong Roots                8 us, workers (us):   8,   0, ---, ---, ---, ---, ---, ---, 
[1.466s][info][gc,stats    ]   CSR: CLDG Roots                   158 us, workers (us): 158, ---, ---, ---, ---, ---, ---, ---, 
[1.466s][info][gc,stats    ] Concurrent Evacuation              1487 us
[1.466s][info][gc,stats    ] Pause Init Update Refs (G)           53 us
[1.466s][info][gc,stats    ] Pause Init Update Refs (N)           31 us
[1.466s][info][gc,stats    ]   Manage GCLABs                       3 us
[1.466s][info][gc,stats    ] Concurrent Update Refs             1603 us
[1.466s][info][gc,stats    ] Concurrent Update Thread Roots      106 us
[1.466s][info][gc,stats    ] Pause Final Update Refs (G)         139 us
[1.466s][info][gc,stats    ] Pause Final Update Refs (N)          67 us
[1.466s][info][gc,stats    ]   Update Region States               12 us
[1.466s][info][gc,stats    ]   Trash Collection Set                2 us
[1.466s][info][gc,stats    ]   Rebuild Free Set                   19 us
[1.466s][info][gc,stats    ] Concurrent Cleanup                   82 us
[1.466s][info][gc,stats    ] 
[1.466s][info][gc,stats    ] Allocation pacing accrued:
[1.466s][info][gc,stats    ]       0 of    12 ms (  0.0%): <total>
[1.466s][info][gc,stats    ]       0 of    12 ms (  0.0%): <average total>
[1.466s][info][gc,stats    ] 
[1.466s][info][gc,metaspace] Metaspace: 6100K(6272K)->6121K(6336K) NonClass: 5472K(5568K)->5491K(5632K) Class: 628K(704K)->629K(704K)
[1.466s][info][gc,ergo     ] Pacer for Idle. Initial: 40642K, Alloc Tax Rate: 1.0x
[1.468s][info][gc          ] Trigger: Start next cycle immediately
[1.468s][info][gc,ergo     ] Free: 1871M, Max: 512K regular, 1868M humongous, Frag: 1% external, 0% internal; Reserve: 101888K, Max: 512K
[1.468s][info][gc,start    ] GC(86) Concurrent reset
[1.468s][info][gc,task     ] GC(86) Using 2 of 8 workers for concurrent reset
[1.468s][info][gc,ergo     ] GC(86) Pacer for Reset. Non-Taxable: 1984M
[1.468s][info][gc          ] GC(86) Concurrent reset 0.222ms
[1.468s][info][gc,start    ] GC(86) Pause Init Mark
[1.468s][info][gc,task     ] GC(86) Using 8 of 8 workers for init marking
[1.468s][info][gc,ergo     ] GC(86) Pacer for Mark. Expected Live: 10637K, Free: 1871M, Non-Taxable: 187M, Alloc Tax Rate: 0.0x
[1.468s][info][gc          ] GC(86) Pause Init Mark 0.041ms
[1.468s][info][gc,start    ] GC(86) Concurrent marking roots
[1.468s][info][gc,task     ] GC(86) Using 2 of 8 workers for concurrent marking roots
[1.469s][info][gc          ] GC(86) Concurrent marking roots 0.523ms
[1.469s][info][gc,start    ] GC(86) Concurrent marking
[1.469s][info][gc,task     ] GC(86) Using 2 of 8 workers for concurrent marking
[1.471s][info][gc          ] GC(86) Concurrent marking 2.204ms
[1.471s][info][gc,start    ] GC(86) Pause Final Mark
[1.471s][info][gc,task     ] GC(86) Using 8 of 8 workers for final marking
[1.478s][info][gc,ergo     ] GC(86) Collectable Garbage: 2452K (100%), Immediate: 0B (0%), CSet: 2452K (100%)
[1.478s][info][gc,ergo     ] GC(86) Pacer for Evacuation. Used CSet: 11232K, Free: 1871M, Non-Taxable: 187M, Alloc Tax Rate: 1.1x
[1.478s][info][gc          ] GC(86) Pause Final Mark 6.733ms
[1.478s][info][gc,start    ] GC(86) Concurrent thread roots
[1.478s][info][gc,task     ] GC(86) Using 2 of 8 workers for Concurrent thread roots
[1.478s][info][gc          ] GC(86) Concurrent thread roots 0.110ms
[1.478s][info][gc,start    ] GC(86) Concurrent weak references
[1.478s][info][gc,task     ] GC(86) Using 2 of 8 workers for concurrent weak references
[1.478s][info][gc,ref      ] GC(86) Encountered references: Soft: 369, Weak: 889, Final: 0, Phantom: 583
[1.478s][info][gc,ref      ] GC(86) Discovered  references: Soft: 0, Weak: 408, Final: 0, Phantom: 553
[1.478s][info][gc,ref      ] GC(86) Enqueued    references: Soft: 0, Weak: 0, Final: 0, Phantom: 0
[1.478s][info][gc          ] GC(86) Concurrent weak references 0.120ms
[1.478s][info][gc,start    ] GC(86) Concurrent weak roots
[1.478s][info][gc,task     ] GC(86) Using 2 of 8 workers for concurrent weak root
[1.479s][info][gc          ] GC(86) Concurrent weak roots 1.007ms
[1.479s][info][gc,start    ] GC(86) Concurrent cleanup
[1.479s][info][gc          ] GC(86) Concurrent cleanup 14M->14M(145M) 0.079ms
[1.479s][info][gc,ergo     ] GC(86) Free: 1870M, Max: 512K regular, 1868M humongous, Frag: 1% external, 0% internal; Reserve: 101468K, Max: 512K
[1.479s][info][gc,start    ] GC(86) Concurrent strong roots
[1.479s][info][gc,task     ] GC(86) Using 2 of 8 workers for concurrent strong root
[1.483s][info][gc          ] GC(86) Concurrent strong roots 3.644ms
[1.483s][info][gc,start    ] GC(86) Concurrent evacuation
[1.483s][info][gc,task     ] GC(86) Using 2 of 8 workers for concurrent evacuation
[1.486s][info][gc          ] GC(86) Concurrent evacuation 2.960ms
[1.495s][info][gc,start    ] GC(86) Pause Init Update Refs
[1.495s][info][gc,ergo     ] GC(86) Pacer for Update Refs. Used: 24850K, Free: 1870M, Non-Taxable: 187M, Alloc Tax Rate: 1.1x
[1.495s][info][gc          ] GC(86) Pause Init Update Refs 0.043ms
[1.495s][info][gc,start    ] GC(86) Concurrent update references
[1.495s][info][gc,task     ] GC(86) Using 2 of 8 workers for concurrent reference update
[1.498s][info][gc          ] GC(86) Concurrent update references 3.035ms
[1.498s][info][gc,start    ] GC(86) Concurrent update thread roots
[1.498s][info][gc          ] GC(86) Concurrent update thread roots 0.417ms
[1.498s][info][gc,start    ] GC(86) Pause Final Update Refs
[1.498s][info][gc,task     ] GC(86) Using 8 of 8 workers for final reference update
[1.498s][info][gc          ] GC(86) Pause Final Update Refs 0.070ms
[1.498s][info][gc,start    ] GC(86) Concurrent cleanup
[1.498s][info][gc          ] GC(86) Concurrent cleanup 24M->13M(145M) 0.074ms
[1.498s][info][gc,ergo     ] Free: 1871M, Max: 512K regular, 1868M humongous, Frag: 1% external, 0% internal; Reserve: 101888K, Max: 512K
[1.498s][info][gc,stats    ] 
[1.498s][info][gc,stats    ] All times are wall-clock times, except per-root-class counters, that are sum over
[1.498s][info][gc,stats    ] all workers. Dividing the <total> over the root stage time estimates parallelism.
[1.498s][info][gc,stats    ] 
[1.498s][info][gc,stats    ] Concurrent Reset                    235 us
[1.498s][info][gc,stats    ] Pause Init Mark (G)                 136 us
[1.498s][info][gc,stats    ] Pause Init Mark (N)                  48 us
[1.498s][info][gc,stats    ]   Update Region States               13 us
[1.498s][info][gc,stats    ] Concurrent Mark Roots               554 us, parallelism: 1.17x
[1.498s][info][gc,stats    ]   CMR: <total>                      646 us
[1.499s][info][gc,stats    ]   CMR: Thread Roots                 200 us, workers (us): 134,  66, ---, ---, ---, ---, ---, ---, 
[1.499s][info][gc,stats    ]   CMR: Code Cache Roots             363 us, workers (us): 247, 116, ---, ---, ---, ---, ---, ---, 
[1.499s][info][gc,stats    ]   CMR: VM Strong Roots                4 us, workers (us):   3,   0, ---, ---, ---, ---, ---, ---, 
[1.499s][info][gc,stats    ]   CMR: CLDG Roots                    79 us, workers (us):  79, ---, ---, ---, ---, ---, ---, ---, 
[1.499s][info][gc,stats    ] Concurrent Marking                 2225 us
[1.499s][info][gc,stats    ] Pause Final Mark (G)               6825 us
[1.499s][info][gc,stats    ] Pause Final Mark (N)               6740 us
[1.499s][info][gc,stats    ]   Finish Mark                      6629 us
[1.499s][info][gc,stats    ]   Update Region States               14 us
[1.499s][info][gc,stats    ]   Choose Collection Set              41 us
[1.499s][info][gc,stats    ]   Rebuild Free Set                   16 us
[1.499s][info][gc,stats    ] Concurrent Thread Roots             139 us, parallelism: 0.61x
[1.499s][info][gc,stats    ]   CTR: <total>                       85 us
[1.499s][info][gc,stats    ]   CTR: Thread Roots                  85 us, workers (us):  85,   0, ---, ---, ---, ---, ---, ---, 
[1.499s][info][gc,stats    ] Concurrent Weak References          127 us, parallelism: 0.57x
[1.499s][info][gc,stats    ]   CWRF: <total>                      73 us
[1.499s][info][gc,stats    ]   CWRF: Weak References              73 us, workers (us):  66,   7, ---, ---, ---, ---, ---, ---, 
[1.499s][info][gc,stats    ] Concurrent Weak Roots              1021 us
[1.499s][info][gc,stats    ]   Roots                             175 us, parallelism: 1.67x
[1.499s][info][gc,stats    ]     CWR: <total>                    291 us
[1.499s][info][gc,stats    ]     CWR: VM Weak Roots              291 us, workers (us): 147, 144, ---, ---, ---, ---, ---, ---, 
[1.499s][info][gc,stats    ]   Rendezvous                        817 us
[1.499s][info][gc,stats    ] Concurrent Cleanup                   89 us
[1.499s][info][gc,stats    ] Concurrent Strong Roots            3665 us, parallelism: 0.15x
[1.499s][info][gc,stats    ]   CSR: <total>                      537 us
[1.499s][info][gc,stats    ]   CSR: Code Cache Roots             406 us, workers (us): 406,   0, ---, ---, ---, ---, ---, ---, 
[1.499s][info][gc,stats    ]   CSR: VM Strong Roots               10 us, workers (us):  10,   0, ---, ---, ---, ---, ---, ---, 
[1.499s][info][gc,stats    ]   CSR: CLDG Roots                   121 us, workers (us): 121, ---, ---, ---, ---, ---, ---, ---, 
[1.499s][info][gc,stats    ] Concurrent Evacuation              2982 us
[1.499s][info][gc,stats    ] Pause Init Update Refs (G)         8901 us
[1.499s][info][gc,stats    ] Pause Init Update Refs (N)           52 us
[1.499s][info][gc,stats    ]   Manage GCLABs                       4 us
[1.499s][info][gc,stats    ] Concurrent Update Refs             3060 us
[1.499s][info][gc,stats    ] Concurrent Update Thread Roots      437 us
[1.499s][info][gc,stats    ] Pause Final Update Refs (G)         171 us
[1.499s][info][gc,stats    ] Pause Final Update Refs (N)          81 us
[1.499s][info][gc,stats    ]   Update Region States               22 us
[1.499s][info][gc,stats    ]   Trash Collection Set                2 us
[1.499s][info][gc,stats    ]   Rebuild Free Set                   23 us
[1.499s][info][gc,stats    ] Concurrent Cleanup                   84 us
[1.499s][info][gc,stats    ] 
[1.499s][info][gc,stats    ] Allocation pacing accrued:
[1.499s][info][gc,stats    ]       0 of    33 ms (  0.0%): <total>
[1.499s][info][gc,stats    ]       0 of    33 ms (  0.0%): <average total>
[1.499s][info][gc,stats    ] 
[1.499s][info][gc,metaspace] Metaspace: 6188K(6400K)->6209K(6400K) NonClass: 5555K(5696K)->5575K(5696K) Class: 633K(704K)->633K(704K)
[1.499s][info][gc,ergo     ] Pacer for Idle. Initial: 40642K, Alloc Tax Rate: 1.0x
[1.503s][info][gc          ] Trigger: Start next cycle immediately
[1.503s][info][gc,ergo     ] Free: 1871M, Max: 512K regular, 1868M humongous, Frag: 1% external, 0% internal; Reserve: 101888K, Max: 512K
[1.503s][info][gc,start    ] GC(87) Concurrent reset
[1.503s][info][gc,task     ] GC(87) Using 2 of 8 workers for concurrent reset
[1.503s][info][gc,ergo     ] GC(87) Pacer for Reset. Non-Taxable: 1984M
[1.503s][info][gc          ] GC(87) Concurrent reset 0.225ms
[1.503s][info][gc,start    ] GC(87) Pause Init Mark
[1.503s][info][gc,task     ] GC(87) Using 8 of 8 workers for init marking
[1.503s][info][gc,ergo     ] GC(87) Pacer for Mark. Expected Live: 10655K, Free: 1871M, Non-Taxable: 187M, Alloc Tax Rate: 0.0x
[1.503s][info][gc          ] GC(87) Pause Init Mark 0.046ms
[1.503s][info][gc,start    ] GC(87) Concurrent marking roots
[1.503s][info][gc,task     ] GC(87) Using 2 of 8 workers for concurrent marking roots
[1.504s][info][gc          ] GC(87) Concurrent marking roots 0.760ms
[1.504s][info][gc,start    ] GC(87) Concurrent marking
[1.504s][info][gc,task     ] GC(87) Using 2 of 8 workers for concurrent marking
[1.514s][info][gc          ] GC(87) Concurrent marking 10.097ms
[1.514s][info][gc,start    ] GC(87) Pause Final Mark
[1.514s][info][gc,task     ] GC(87) Using 8 of 8 workers for final marking
[1.514s][info][gc,ergo     ] GC(87) Collectable Garbage: 2929K (100%), Immediate: 0B (0%), CSet: 2929K (100%)
[1.515s][info][gc,ergo     ] GC(87) Pacer for Evacuation. Used CSet: 11711K, Free: 1870M, Non-Taxable: 187M, Alloc Tax Rate: 1.1x
[1.515s][info][gc          ] GC(87) Pause Final Mark 0.220ms
[1.515s][info][gc,start    ] GC(87) Concurrent thread roots
[1.515s][info][gc,task     ] GC(87) Using 2 of 8 workers for Concurrent thread roots
[1.515s][info][gc          ] GC(87) Concurrent thread roots 0.157ms
[1.515s][info][gc,start    ] GC(87) Concurrent weak references
[1.515s][info][gc,task     ] GC(87) Using 2 of 8 workers for concurrent weak references
[1.515s][info][gc,ref      ] GC(87) Encountered references: Soft: 370, Weak: 889, Final: 0, Phantom: 582
[1.515s][info][gc,ref      ] GC(87) Discovered  references: Soft: 0, Weak: 401, Final: 0, Phantom: 381
[1.515s][info][gc,ref      ] GC(87) Enqueued    references: Soft: 0, Weak: 0, Final: 0, Phantom: 0
[1.515s][info][gc          ] GC(87) Concurrent weak references 0.120ms
[1.515s][info][gc,start    ] GC(87) Concurrent weak roots
[1.515s][info][gc,task     ] GC(87) Using 2 of 8 workers for concurrent weak root
[1.515s][info][gc          ] GC(87) Concurrent weak roots 0.284ms
[1.515s][info][gc,start    ] GC(87) Concurrent cleanup
[1.515s][info][gc          ] GC(87) Concurrent cleanup 14M->14M(145M) 0.087ms
[1.515s][info][gc,ergo     ] GC(87) Free: 1870M, Max: 512K regular, 1868M humongous, Frag: 1% external, 0% internal; Reserve: 101539K, Max: 512K
[1.515s][info][gc,start    ] GC(87) Concurrent strong roots
[1.515s][info][gc,task     ] GC(87) Using 2 of 8 workers for concurrent strong root
[1.516s][info][gc          ] GC(87) Concurrent strong roots 0.719ms
[1.516s][info][gc,start    ] GC(87) Concurrent evacuation
[1.516s][info][gc,task     ] GC(87) Using 2 of 8 workers for concurrent evacuation
[1.518s][info][gc          ] GC(87) Concurrent evacuation 1.631ms
[1.518s][info][gc,start    ] GC(87) Pause Init Update Refs
[1.518s][info][gc,ergo     ] GC(87) Pacer for Update Refs. Used: 25390K, Free: 1870M, Non-Taxable: 187M, Alloc Tax Rate: 1.1x
[1.518s][info][gc          ] GC(87) Pause Init Update Refs 0.026ms
[1.518s][info][gc,start    ] GC(87) Concurrent update references
[1.518s][info][gc,task     ] GC(87) Using 2 of 8 workers for concurrent reference update
[1.523s][info][gc          ] GC(87) Concurrent update references 5.204ms
[1.523s][info][gc,start    ] GC(87) Concurrent update thread roots
[1.535s][info][gc          ] GC(87) Concurrent update thread roots 12.186ms
[1.535s][info][gc,start    ] GC(87) Pause Final Update Refs
[1.535s][info][gc,task     ] GC(87) Using 8 of 8 workers for final reference update
[1.535s][info][gc          ] GC(87) Pause Final Update Refs 0.085ms
[1.535s][info][gc,start    ] GC(87) Concurrent cleanup
[1.536s][info][gc          ] GC(87) Concurrent cleanup 24M->13M(145M) 0.122ms
[1.536s][info][gc,ergo     ] Free: 1871M, Max: 512K regular, 1867M humongous, Frag: 1% external, 0% internal; Reserve: 101888K, Max: 512K
[1.536s][info][gc,stats    ] 
[1.536s][info][gc,stats    ] All times are wall-clock times, except per-root-class counters, that are sum over
[1.536s][info][gc,stats    ] all workers. Dividing the <total> over the root stage time estimates parallelism.
[1.536s][info][gc,stats    ] 
[1.536s][info][gc,stats    ] Concurrent Reset                    236 us
[1.536s][info][gc,stats    ] Pause Init Mark (G)                 146 us
[1.536s][info][gc,stats    ] Pause Init Mark (N)                  54 us
[1.536s][info][gc,stats    ]   Update Region States               13 us
[1.536s][info][gc,stats    ] Concurrent Mark Roots               782 us, parallelism: 0.90x
[1.536s][info][gc,stats    ]   CMR: <total>                      706 us
[1.536s][info][gc,stats    ]   CMR: Thread Roots                 158 us, workers (us): 126,  32, ---, ---, ---, ---, ---, ---, 
[1.536s][info][gc,stats    ]   CMR: Code Cache Roots             467 us, workers (us): 467,   0, ---, ---, ---, ---, ---, ---, 
[1.536s][info][gc,stats    ]   CMR: VM Strong Roots                5 us, workers (us):   5,   0, ---, ---, ---, ---, ---, ---, 
[1.536s][info][gc,stats    ]   CMR: CLDG Roots                    76 us, workers (us):  76, ---, ---, ---, ---, ---, ---, ---, 
[1.536s][info][gc,stats    ] Concurrent Marking                10122 us
[1.536s][info][gc,stats    ] Pause Final Mark (G)                347 us
[1.536s][info][gc,stats    ] Pause Final Mark (N)                229 us
[1.536s][info][gc,stats    ]   Finish Mark                       109 us
[1.536s][info][gc,stats    ]   Update Region States               20 us
[1.536s][info][gc,stats    ]   Choose Collection Set              40 us
[1.536s][info][gc,stats    ]   Rebuild Free Set                   15 us
[1.536s][info][gc,stats    ] Concurrent Thread Roots             167 us, parallelism: 1.10x
[1.536s][info][gc,stats    ]   CTR: <total>                      184 us
[1.536s][info][gc,stats    ]   CTR: Thread Roots                 184 us, workers (us):  55, 129, ---, ---, ---, ---, ---, ---, 
[1.536s][info][gc,stats    ] Concurrent Weak References          128 us, parallelism: 0.45x
[1.536s][info][gc,stats    ]   CWRF: <total>                      58 us
[1.536s][info][gc,stats    ]   CWRF: Weak References              58 us, workers (us):  58,   0, ---, ---, ---, ---, ---, ---, 
[1.536s][info][gc,stats    ] Concurrent Weak Roots               299 us
[1.536s][info][gc,stats    ]   Roots                             172 us, parallelism: 1.72x
[1.536s][info][gc,stats    ]     CWR: <total>                    296 us
[1.536s][info][gc,stats    ]     CWR: VM Weak Roots              296 us, workers (us): 152, 144, ---, ---, ---, ---, ---, ---, 
[1.536s][info][gc,stats    ]   Rendezvous                         96 us
[1.536s][info][gc,stats    ] Concurrent Cleanup                   97 us
[1.536s][info][gc,stats    ] Concurrent Strong Roots             742 us, parallelism: 0.88x
[1.536s][info][gc,stats    ]   CSR: <total>                      652 us
[1.536s][info][gc,stats    ]   CSR: Code Cache Roots             508 us, workers (us): 508,   0, ---, ---, ---, ---, ---, ---, 
[1.536s][info][gc,stats    ]   CSR: VM Strong Roots                9 us, workers (us):   9,   0, ---, ---, ---, ---, ---, ---, 
[1.536s][info][gc,stats    ]   CSR: CLDG Roots                   135 us, workers (us): 135, ---, ---, ---, ---, ---, ---, ---, 
[1.536s][info][gc,stats    ] Concurrent Evacuation              1655 us
[1.536s][info][gc,stats    ] Pause Init Update Refs (G)          125 us
[1.536s][info][gc,stats    ] Pause Init Update Refs (N)           34 us
[1.536s][info][gc,stats    ]   Manage GCLABs                       3 us
[1.536s][info][gc,stats    ] Concurrent Update Refs             5228 us
[1.536s][info][gc,stats    ] Concurrent Update Thread Roots    12212 us
[1.536s][info][gc,stats    ] Pause Final Update Refs (G)         205 us
[1.536s][info][gc,stats    ] Pause Final Update Refs (N)          96 us
[1.536s][info][gc,stats    ]   Update Region States               28 us
[1.536s][info][gc,stats    ]   Trash Collection Set                3 us
[1.536s][info][gc,stats    ]   Rebuild Free Set                   19 us
[1.536s][info][gc,stats    ] Concurrent Cleanup                  133 us
[1.536s][info][gc,stats    ] 
[1.536s][info][gc,stats    ] Allocation pacing accrued:
[1.536s][info][gc,stats    ]       0 of    37 ms (  0.0%): <total>
[1.536s][info][gc,stats    ]       0 of    37 ms (  0.0%): <average total>
[1.536s][info][gc,stats    ] 
[1.536s][info][gc,metaspace] Metaspace: 6217K(6400K)->6601K(6848K) NonClass: 5581K(5696K)->5914K(6016K) Class: 635K(704K)->687K(832K)
[1.536s][info][gc,ergo     ] Pacer for Idle. Initial: 40642K, Alloc Tax Rate: 1.0x
[1.537s][info][gc          ] Trigger: Start next cycle immediately
[1.537s][info][gc,ergo     ] Free: 1871M, Max: 512K regular, 1867M humongous, Frag: 1% external, 0% internal; Reserve: 101888K, Max: 512K
[1.537s][info][gc,start    ] GC(88) Concurrent reset
[1.537s][info][gc,task     ] GC(88) Using 2 of 8 workers for concurrent reset
[1.537s][info][gc,ergo     ] GC(88) Pacer for Reset. Non-Taxable: 1984M
[1.538s][info][gc          ] GC(88) Concurrent reset 0.333ms
[1.540s][info][gc,start    ] GC(88) Pause Init Mark (unload classes)
[1.540s][info][gc,task     ] GC(88) Using 8 of 8 workers for init marking
[1.540s][info][gc,ergo     ] GC(88) Pacer for Mark. Expected Live: 10669K, Free: 1871M, Non-Taxable: 187M, Alloc Tax Rate: 0.0x
[1.540s][info][gc          ] GC(88) Pause Init Mark (unload classes) 0.065ms
[1.540s][info][gc,start    ] GC(88) Concurrent marking roots
[1.540s][info][gc,task     ] GC(88) Using 2 of 8 workers for concurrent marking roots
[1.541s][info][gc          ] GC(88) Concurrent marking roots 0.708ms
[1.541s][info][gc,start    ] GC(88) Concurrent marking (unload classes)
[1.541s][info][gc,task     ] GC(88) Using 2 of 8 workers for concurrent marking
[1.552s][info][gc          ] GC(88) Concurrent marking (unload classes) 11.034ms
[1.553s][info][gc,start    ] GC(88) Pause Final Mark (unload classes)
[1.553s][info][gc,task     ] GC(88) Using 8 of 8 workers for final marking
[1.553s][info][gc,ergo     ] GC(88) Collectable Garbage: 2928K (100%), Immediate: 0B (0%), CSet: 2928K (100%)
[1.553s][info][gc,ergo     ] GC(88) Pacer for Evacuation. Used CSet: 11776K, Free: 1870M, Non-Taxable: 187M, Alloc Tax Rate: 1.1x
[1.553s][info][gc          ] GC(88) Pause Final Mark (unload classes) 0.212ms
[1.553s][info][gc,start    ] GC(88) Concurrent thread roots
[1.553s][info][gc,task     ] GC(88) Using 2 of 8 workers for Concurrent thread roots
[1.553s][info][gc          ] GC(88) Concurrent thread roots 0.378ms
[1.553s][info][gc,start    ] GC(88) Concurrent weak references
[1.553s][info][gc,task     ] GC(88) Using 2 of 8 workers for concurrent weak references
[1.553s][info][gc,ref      ] GC(88) Encountered references: Soft: 412, Weak: 977, Final: 1, Phantom: 587
[1.553s][info][gc,ref      ] GC(88) Discovered  references: Soft: 0, Weak: 343, Final: 0, Phantom: 202
[1.553s][info][gc,ref      ] GC(88) Enqueued    references: Soft: 0, Weak: 6, Final: 0, Phantom: 5
[1.553s][info][gc          ] GC(88) Concurrent weak references 0.110ms
[1.553s][info][gc,start    ] GC(88) Concurrent weak roots
[1.553s][info][gc,task     ] GC(88) Using 2 of 8 workers for concurrent weak root
[1.554s][info][gc          ] GC(88) Concurrent weak roots 0.840ms
[1.554s][info][gc,start    ] GC(88) Concurrent cleanup
[1.554s][info][gc          ] GC(88) Concurrent cleanup 14M->14M(145M) 0.082ms
[1.554s][info][gc,ergo     ] GC(88) Free: 1870M, Max: 512K regular, 1867M humongous, Frag: 1% external, 0% internal; Reserve: 101641K, Max: 512K
[1.554s][info][gc,start    ] GC(88) Concurrent class unloading
[1.554s][info][gc,task     ] GC(88) Using 2 of 8 workers for concurrent class unloading
[1.556s][info][gc          ] GC(88) Concurrent class unloading 1.995ms
[1.556s][info][gc,start    ] GC(88) Concurrent strong roots
[1.556s][info][gc,task     ] GC(88) Using 2 of 8 workers for concurrent strong root
[1.557s][info][gc          ] GC(88) Concurrent strong roots 0.237ms
[1.557s][info][gc,start    ] GC(88) Concurrent evacuation
[1.557s][info][gc,task     ] GC(88) Using 2 of 8 workers for concurrent evacuation
[1.558s][info][gc          ] GC(88) Concurrent evacuation 1.826ms
[1.559s][info][gc,start    ] GC(88) Pause Init Update Refs
[1.559s][info][gc,ergo     ] GC(88) Pacer for Update Refs. Used: 25742K, Free: 1869M, Non-Taxable: 186M, Alloc Tax Rate: 1.1x
[1.559s][info][gc          ] GC(88) Pause Init Update Refs 0.080ms
[1.559s][info][gc,start    ] GC(88) Concurrent update references
[1.559s][info][gc,task     ] GC(88) Using 2 of 8 workers for concurrent reference update
[1.561s][info][gc          ] GC(88) Concurrent update references 2.028ms
[1.561s][info][gc,start    ] GC(88) Concurrent update thread roots
[1.562s][info][gc          ] GC(88) Concurrent update thread roots 0.409ms
[1.562s][info][gc,start    ] GC(88) Pause Final Update Refs
[1.562s][info][gc,task     ] GC(88) Using 8 of 8 workers for final reference update
[1.562s][info][gc          ] GC(88) Pause Final Update Refs 0.070ms
[1.562s][info][gc,start    ] GC(88) Concurrent cleanup
[1.562s][info][gc          ] GC(88) Concurrent cleanup 25M->13M(146M) 0.076ms
[1.562s][info][gc,ergo     ] Free: 1870M, Max: 512K regular, 1867M humongous, Frag: 1% external, 0% internal; Reserve: 101888K, Max: 512K
[1.562s][info][gc,stats    ] 
[1.562s][info][gc,stats    ] All times are wall-clock times, except per-root-class counters, that are sum over
[1.562s][info][gc,stats    ] all workers. Dividing the <total> over the root stage time estimates parallelism.
[1.562s][info][gc,stats    ] 
[1.562s][info][gc,stats    ] Concurrent Reset                    351 us
[1.562s][info][gc,stats    ] Pause Init Mark (G)                2512 us
[1.562s][info][gc,stats    ] Pause Init Mark (N)                  74 us
[1.562s][info][gc,stats    ]   Update Region States               22 us
[1.562s][info][gc,stats    ] Concurrent Mark Roots               727 us, parallelism: 0.34x
[1.562s][info][gc,stats    ]   CMR: <total>                      248 us
[1.562s][info][gc,stats    ]   CMR: Thread Roots                 168 us, workers (us): 168,   0, ---, ---, ---, ---, ---, ---, 
[1.562s][info][gc,stats    ]   CMR: VM Strong Roots                5 us, workers (us):   5,   0, ---, ---, ---, ---, ---, ---, 
[1.562s][info][gc,stats    ]   CMR: CLDG Roots                    74 us, workers (us):  74, ---, ---, ---, ---, ---, ---, ---, 
[1.562s][info][gc,stats    ] Concurrent Marking                11060 us
[1.562s][info][gc,stats    ] Pause Final Mark (G)                676 us
[1.562s][info][gc,stats    ] Pause Final Mark (N)                221 us
[1.562s][info][gc,stats    ]   Finish Mark                        94 us
[1.562s][info][gc,stats    ]   Update Region States               15 us
[1.562s][info][gc,stats    ]   Choose Collection Set              39 us
[1.562s][info][gc,stats    ]   Rebuild Free Set                   18 us
[1.562s][info][gc,stats    ] Concurrent Thread Roots             392 us, parallelism: 0.85x
[1.562s][info][gc,stats    ]   CTR: <total>                      332 us
[1.562s][info][gc,stats    ]   CTR: Thread Roots                 332 us, workers (us): 332,   0, ---, ---, ---, ---, ---, ---, 
[1.562s][info][gc,stats    ] Concurrent Weak References          118 us, parallelism: 0.50x
[1.562s][info][gc,stats    ]   CWRF: <total>                      59 us
[1.562s][info][gc,stats    ]   CWRF: Weak References              59 us, workers (us):  49,  10, ---, ---, ---, ---, ---, ---, 
[1.562s][info][gc,stats    ] Concurrent Weak Roots               865 us
[1.562s][info][gc,stats    ]   Roots                             452 us, parallelism: 1.46x
[1.562s][info][gc,stats    ]     CWR: <total>                    662 us
[1.562s][info][gc,stats    ]     CWR: Code Cache Roots           353 us, workers (us): 158, 195, ---, ---, ---, ---, ---, ---, 
[1.562s][info][gc,stats    ]     CWR: VM Weak Roots              304 us, workers (us): 198, 106, ---, ---, ---, ---, ---, ---, 
[1.563s][info][gc,stats    ]     CWR: CLDG Roots                   6 us, workers (us):   6, ---, ---, ---, ---, ---, ---, ---, 
[1.563s][info][gc,stats    ]   Rendezvous                        368 us
[1.563s][info][gc,stats    ] Concurrent Cleanup                   92 us
[1.563s][info][gc,stats    ] Concurrent Class Unloading         2021 us
[1.563s][info][gc,stats    ]   Unlink Stale                     1166 us
[1.563s][info][gc,stats    ]     System Dictionary                29 us
[1.563s][info][gc,stats    ]     Weak Class Links                  0 us
[1.563s][info][gc,stats    ]     Code Roots                     1136 us
[1.563s][info][gc,stats    ]   Rendezvous                        664 us
[1.563s][info][gc,stats    ]   Purge Unlinked                    142 us
[1.563s][info][gc,stats    ]     Code Roots                      138 us
[1.563s][info][gc,stats    ]     CLDG                              4 us
[1.563s][info][gc,stats    ]     Exception Caches                  0 us
[1.563s][info][gc,stats    ] Concurrent Strong Roots             254 us, parallelism: 0.67x
[1.563s][info][gc,stats    ]   CSR: <total>                      170 us
[1.563s][info][gc,stats    ]   CSR: VM Strong Roots                7 us, workers (us):   7,   0, ---, ---, ---, ---, ---, ---, 
[1.563s][info][gc,stats    ]   CSR: CLDG Roots                   163 us, workers (us): 163, ---, ---, ---, ---, ---, ---, ---, 
[1.563s][info][gc,stats    ] Concurrent Evacuation              1837 us
[1.563s][info][gc,stats    ] Pause Init Update Refs (G)          964 us
[1.563s][info][gc,stats    ] Pause Init Update Refs (N)           92 us
[1.563s][info][gc,stats    ]   Manage GCLABs                       4 us
[1.563s][info][gc,stats    ] Concurrent Update Refs             2050 us
[1.563s][info][gc,stats    ] Concurrent Update Thread Roots      419 us
[1.563s][info][gc,stats    ] Pause Final Update Refs (G)         167 us
[1.563s][info][gc,stats    ] Pause Final Update Refs (N)          81 us
[1.563s][info][gc,stats    ]   Update Region States               15 us
[1.563s][info][gc,stats    ]   Trash Collection Set                3 us
[1.563s][info][gc,stats    ]   Rebuild Free Set                   16 us
[1.563s][info][gc,stats    ] Concurrent Cleanup                   87 us
[1.563s][info][gc,stats    ] 
[1.563s][info][gc,stats    ] Allocation pacing accrued:
[1.563s][info][gc,stats    ]       0 of    27 ms (  0.0%): <total>
[1.563s][info][gc,stats    ]       0 of    27 ms (  0.0%): <average total>
[1.563s][info][gc,stats    ] 
[1.563s][info][gc,metaspace] Metaspace: 6610K(6848K)->6639K(6912K) NonClass: 5922K(6016K)->5951K(6080K) Class: 687K(832K)->688K(832K)
[1.563s][info][gc,ergo     ] Pacer for Idle. Initial: 40642K, Alloc Tax Rate: 1.0x
[1.564s][info][gc          ] Trigger: Start next cycle immediately
[1.564s][info][gc,ergo     ] Free: 1870M, Max: 512K regular, 1867M humongous, Frag: 1% external, 0% internal; Reserve: 101888K, Max: 512K
[1.564s][info][gc,start    ] GC(89) Concurrent reset
[1.564s][info][gc,task     ] GC(89) Using 2 of 8 workers for concurrent reset
[1.564s][info][gc,ergo     ] GC(89) Pacer for Reset. Non-Taxable: 1984M
[1.564s][info][gc          ] GC(89) Concurrent reset 0.231ms
[1.564s][info][gc,start    ] GC(89) Pause Init Mark (unload classes)
[1.564s][info][gc,task     ] GC(89) Using 8 of 8 workers for init marking
[1.564s][info][gc,ergo     ] GC(89) Pacer for Mark. Expected Live: 10694K, Free: 1870M, Non-Taxable: 187M, Alloc Tax Rate: 0.0x
[1.564s][info][gc          ] GC(89) Pause Init Mark (unload classes) 0.065ms
[1.564s][info][gc,start    ] GC(89) Concurrent marking roots
[1.564s][info][gc,task     ] GC(89) Using 2 of 8 workers for concurrent marking roots
[1.565s][info][gc          ] GC(89) Concurrent marking roots 0.211ms
[1.565s][info][gc,start    ] GC(89) Concurrent marking (unload classes)
[1.565s][info][gc,task     ] GC(89) Using 2 of 8 workers for concurrent marking
[1.568s][info][gc          ] GC(89) Concurrent marking (unload classes) 3.275ms
[1.571s][info][gc,start    ] GC(89) Pause Final Mark (unload classes)
[1.571s][info][gc,task     ] GC(89) Using 8 of 8 workers for final marking
[1.574s][info][gc,ergo     ] GC(89) Collectable Garbage: 3177K (100%), Immediate: 0B (0%), CSet: 3177K (100%)
[1.574s][info][gc,ergo     ] GC(89) Pacer for Evacuation. Used CSet: 12060K, Free: 1870M, Non-Taxable: 187M, Alloc Tax Rate: 1.1x
[1.574s][info][gc          ] GC(89) Pause Final Mark (unload classes) 2.563ms
[1.574s][info][gc,start    ] GC(89) Concurrent thread roots
[1.574s][info][gc,task     ] GC(89) Using 2 of 8 workers for Concurrent thread roots
[1.574s][info][gc          ] GC(89) Concurrent thread roots 0.122ms
[1.574s][info][gc,start    ] GC(89) Concurrent weak references
[1.574s][info][gc,task     ] GC(89) Using 2 of 8 workers for concurrent weak references
[1.574s][info][gc,ref      ] GC(89) Encountered references: Soft: 413, Weak: 976, Final: 1, Phantom: 583
[1.574s][info][gc,ref      ] GC(89) Discovered  references: Soft: 0, Weak: 397, Final: 0, Phantom: 199
[1.574s][info][gc,ref      ] GC(89) Enqueued    references: Soft: 0, Weak: 1, Final: 0, Phantom: 0
[1.574s][info][gc          ] GC(89) Concurrent weak references 0.111ms
[1.574s][info][gc,start    ] GC(89) Concurrent weak roots
[1.574s][info][gc,task     ] GC(89) Using 2 of 8 workers for concurrent weak root
[1.584s][info][gc          ] GC(89) Concurrent weak roots 9.684ms
[1.584s][info][gc,start    ] GC(89) Concurrent cleanup
[1.584s][info][gc          ] GC(89) Concurrent cleanup 15M->15M(146M) 0.088ms
[1.584s][info][gc,ergo     ] GC(89) Free: 1869M, Max: 512K regular, 1867M humongous, Frag: 1% external, 0% internal; Reserve: 101506K, Max: 512K
[1.584s][info][gc,start    ] GC(89) Concurrent class unloading
[1.584s][info][gc,task     ] GC(89) Using 2 of 8 workers for concurrent class unloading
[1.585s][info][gc          ] GC(89) Concurrent class unloading 1.330ms
[1.585s][info][gc,start    ] GC(89) Concurrent strong roots
[1.585s][info][gc,task     ] GC(89) Using 2 of 8 workers for concurrent strong root
[1.586s][info][gc          ] GC(89) Concurrent strong roots 0.215ms
[1.586s][info][gc,start    ] GC(89) Concurrent evacuation
[1.586s][info][gc,task     ] GC(89) Using 2 of 8 workers for concurrent evacuation
[1.589s][info][gc          ] GC(89) Concurrent evacuation 3.158ms
[1.589s][info][gc,start    ] GC(89) Pause Init Update Refs
[1.589s][info][gc,ergo     ] GC(89) Pacer for Update Refs. Used: 24714K, Free: 1869M, Non-Taxable: 186M, Alloc Tax Rate: 1.1x
[1.589s][info][gc          ] GC(89) Pause Init Update Refs 0.090ms
[1.589s][info][gc,start    ] GC(89) Concurrent update references
[1.589s][info][gc,task     ] GC(89) Using 2 of 8 workers for concurrent reference update
[1.592s][info][gc          ] GC(89) Concurrent update references 3.188ms
[1.592s][info][gc,start    ] GC(89) Concurrent update thread roots
[1.593s][info][gc          ] GC(89) Concurrent update thread roots 0.503ms
[1.593s][info][gc,start    ] GC(89) Pause Final Update Refs
[1.593s][info][gc,task     ] GC(89) Using 8 of 8 workers for final reference update
[1.593s][info][gc          ] GC(89) Pause Final Update Refs 0.129ms
[1.593s][info][gc,start    ] GC(89) Concurrent cleanup
[1.593s][info][gc          ] GC(89) Concurrent cleanup 24M->12M(146M) 0.085ms
[1.593s][info][gc,ergo     ] Free: 1872M, Max: 512K regular, 1868M humongous, Frag: 1% external, 0% internal; Reserve: 101888K, Max: 512K
[1.593s][info][gc,stats    ] 
[1.593s][info][gc,stats    ] All times are wall-clock times, except per-root-class counters, that are sum over
[1.593s][info][gc,stats    ] all workers. Dividing the <total> over the root stage time estimates parallelism.
[1.593s][info][gc,stats    ] 
[1.593s][info][gc,stats    ] Concurrent Reset                    245 us
[1.593s][info][gc,stats    ] Pause Init Mark (G)                 176 us
[1.593s][info][gc,stats    ] Pause Init Mark (N)                  73 us
[1.593s][info][gc,stats    ]   Update Region States               20 us
[1.593s][info][gc,stats    ] Concurrent Mark Roots               224 us, parallelism: 0.72x
[1.593s][info][gc,stats    ]   CMR: <total>                      161 us
[1.593s][info][gc,stats    ]   CMR: Thread Roots                  69 us, workers (us):  69,   0, ---, ---, ---, ---, ---, ---, 
[1.593s][info][gc,stats    ]   CMR: VM Strong Roots                4 us, workers (us):   4,   0, ---, ---, ---, ---, ---, ---, 
[1.593s][info][gc,stats    ]   CMR: CLDG Roots                    88 us, workers (us):  88, ---, ---, ---, ---, ---, ---, ---, 
[1.593s][info][gc,stats    ] Concurrent Marking                 3300 us
[1.593s][info][gc,stats    ] Pause Final Mark (G)               5867 us
[1.593s][info][gc,stats    ] Pause Final Mark (N)               2589 us
[1.593s][info][gc,stats    ]   Finish Mark                      2333 us
[1.593s][info][gc,stats    ]   Update Region States               16 us
[1.593s][info][gc,stats    ]   Choose Collection Set             100 us
[1.593s][info][gc,stats    ]   Rebuild Free Set                   20 us
[1.593s][info][gc,stats    ] Concurrent Thread Roots             188 us, parallelism: 0.71x
[1.593s][info][gc,stats    ]   CTR: <total>                      133 us
[1.593s][info][gc,stats    ]   CTR: Thread Roots                 133 us, workers (us):  74,  59, ---, ---, ---, ---, ---, ---, 
[1.593s][info][gc,stats    ] Concurrent Weak References          121 us, parallelism: 0.37x
[1.593s][info][gc,stats    ]   CWRF: <total>                      45 us
[1.593s][info][gc,stats    ]   CWRF: Weak References              45 us, workers (us):  45,   0, ---, ---, ---, ---, ---, ---, 
[1.593s][info][gc,stats    ] Concurrent Weak Roots              9709 us
[1.593s][info][gc,stats    ]   Roots                             669 us, parallelism: 0.96x
[1.593s][info][gc,stats    ]     CWR: <total>                    639 us
[1.593s][info][gc,stats    ]     CWR: Code Cache Roots           347 us, workers (us): 347,   0, ---, ---, ---, ---, ---, ---, 
[1.593s][info][gc,stats    ]     CWR: VM Weak Roots              286 us, workers (us): 286,   1, ---, ---, ---, ---, ---, ---, 
[1.593s][info][gc,stats    ]     CWR: CLDG Roots                   6 us, workers (us):   6, ---, ---, ---, ---, ---, ---, ---, 
[1.594s][info][gc,stats    ]   Rendezvous                       8997 us
[1.594s][info][gc,stats    ] Concurrent Cleanup                   97 us
[1.594s][info][gc,stats    ] Concurrent Class Unloading         1344 us
[1.594s][info][gc,stats    ]   Unlink Stale                     1173 us
[1.594s][info][gc,stats    ]     System Dictionary                47 us
[1.594s][info][gc,stats    ]     Weak Class Links                  0 us
[1.594s][info][gc,stats    ]     Code Roots                     1124 us
[1.594s][info][gc,stats    ]   Rendezvous                        108 us
[1.594s][info][gc,stats    ]   Purge Unlinked                     30 us
[1.594s][info][gc,stats    ]     Code Roots                       26 us
[1.594s][info][gc,stats    ]     CLDG                              3 us
[1.594s][info][gc,stats    ]     Exception Caches                  0 us
[1.594s][info][gc,stats    ] Concurrent Strong Roots             230 us, parallelism: 0.80x
[1.594s][info][gc,stats    ]   CSR: <total>                      184 us
[1.594s][info][gc,stats    ]   CSR: VM Strong Roots               11 us, workers (us):   5,   6, ---, ---, ---, ---, ---, ---, 
[1.594s][info][gc,stats    ]   CSR: CLDG Roots                   174 us, workers (us): ---, 174, ---, ---, ---, ---, ---, ---, 
[1.594s][info][gc,stats    ] Concurrent Evacuation              3185 us
[1.594s][info][gc,stats    ] Pause Init Update Refs (G)          221 us
[1.594s][info][gc,stats    ] Pause Init Update Refs (N)          117 us
[1.594s][info][gc,stats    ]   Manage GCLABs                       4 us
[1.594s][info][gc,stats    ] Concurrent Update Refs             3210 us
[1.594s][info][gc,stats    ] Concurrent Update Thread Roots      515 us
[1.594s][info][gc,stats    ] Pause Final Update Refs (G)         350 us
[1.594s][info][gc,stats    ] Pause Final Update Refs (N)         172 us
[1.594s][info][gc,stats    ]   Update Region States               16 us
[1.594s][info][gc,stats    ]   Trash Collection Set                2 us
[1.594s][info][gc,stats    ]   Rebuild Free Set                   17 us
[1.594s][info][gc,stats    ] Concurrent Cleanup                   95 us
[1.594s][info][gc,stats    ] 
[1.594s][info][gc,stats    ] Allocation pacing accrued:
[1.594s][info][gc,stats    ]       0 of    31 ms (  0.0%): <total>
[1.594s][info][gc,stats    ]       0 of    31 ms (  0.0%): <average total>
[1.594s][info][gc,stats    ] 
[1.594s][info][gc,metaspace] Metaspace: 6641K(6912K)->6648K(6912K) NonClass: 5952K(6080K)->5958K(6080K) Class: 688K(832K)->689K(832K)
[1.594s][info][gc,ergo     ] Pacer for Idle. Initial: 40642K, Alloc Tax Rate: 1.0x
[1.595s][info][gc          ] Trigger: Start next cycle immediately
[1.595s][info][gc,ergo     ] Free: 1872M, Max: 512K regular, 1868M humongous, Frag: 1% external, 0% internal; Reserve: 101888K, Max: 512K
[1.595s][info][gc,start    ] GC(90) Concurrent reset
[1.595s][info][gc,task     ] GC(90) Using 2 of 8 workers for concurrent reset
[1.595s][info][gc,ergo     ] GC(90) Pacer for Reset. Non-Taxable: 1984M
[1.595s][info][gc          ] GC(90) Concurrent reset 0.243ms
[1.595s][info][gc,start    ] GC(90) Pause Init Mark
[1.595s][info][gc,task     ] GC(90) Using 8 of 8 workers for init marking
[1.595s][info][gc,ergo     ] GC(90) Pacer for Mark. Expected Live: 10717K, Free: 1872M, Non-Taxable: 187M, Alloc Tax Rate: 0.0x
[1.595s][info][gc          ] GC(90) Pause Init Mark 0.138ms
[1.596s][info][gc,start    ] GC(90) Concurrent marking roots
[1.596s][info][gc,task     ] GC(90) Using 2 of 8 workers for concurrent marking roots
[1.596s][info][gc          ] GC(90) Concurrent marking roots 0.469ms
[1.596s][info][gc,start    ] GC(90) Concurrent marking
[1.596s][info][gc,task     ] GC(90) Using 2 of 8 workers for concurrent marking
[1.599s][info][gc          ] GC(90) Concurrent marking 3.037ms
[1.599s][info][gc,start    ] GC(90) Pause Final Mark
[1.599s][info][gc,task     ] GC(90) Using 8 of 8 workers for final marking
[1.599s][info][gc,ergo     ] GC(90) Collectable Garbage: 1689K (100%), Immediate: 0B (0%), CSet: 1689K (100%)
[1.599s][info][gc,ergo     ] GC(90) Pacer for Evacuation. Used CSet: 10748K, Free: 1871M, Non-Taxable: 187M, Alloc Tax Rate: 1.1x
[1.599s][info][gc          ] GC(90) Pause Final Mark 0.251ms
[1.599s][info][gc,start    ] GC(90) Concurrent thread roots
[1.600s][info][gc,task     ] GC(90) Using 2 of 8 workers for Concurrent thread roots
[1.600s][info][gc          ] GC(90) Concurrent thread roots 0.172ms
[1.600s][info][gc,start    ] GC(90) Concurrent weak references
[1.600s][info][gc,task     ] GC(90) Using 2 of 8 workers for concurrent weak references
[1.600s][info][gc,ref      ] GC(90) Encountered references: Soft: 415, Weak: 982, Final: 1, Phantom: 583
[1.600s][info][gc,ref      ] GC(90) Discovered  references: Soft: 0, Weak: 428, Final: 0, Phantom: 198
[1.600s][info][gc,ref      ] GC(90) Enqueued    references: Soft: 0, Weak: 2, Final: 0, Phantom: 1
[1.600s][info][gc          ] GC(90) Concurrent weak references 0.108ms
[1.600s][info][gc,start    ] GC(90) Concurrent weak roots
[1.600s][info][gc,task     ] GC(90) Using 2 of 8 workers for concurrent weak root
[1.600s][info][gc          ] GC(90) Concurrent weak roots 0.514ms
[1.600s][info][gc,start    ] GC(90) Concurrent cleanup
[1.600s][info][gc          ] GC(90) Concurrent cleanup 13M->13M(146M) 0.066ms
[1.600s][info][gc,ergo     ] GC(90) Free: 1871M, Max: 512K regular, 1868M humongous, Frag: 1% external, 0% internal; Reserve: 101561K, Max: 512K
[1.600s][info][gc,start    ] GC(90) Concurrent strong roots
[1.600s][info][gc,task     ] GC(90) Using 2 of 8 workers for concurrent strong root
[1.601s][info][gc          ] GC(90) Concurrent strong roots 0.706ms
[1.601s][info][gc,start    ] GC(90) Concurrent evacuation
[1.601s][info][gc,task     ] GC(90) Using 2 of 8 workers for concurrent evacuation
[1.603s][info][gc          ] GC(90) Concurrent evacuation 1.679ms
[1.603s][info][gc,start    ] GC(90) Pause Init Update Refs
[1.603s][info][gc,ergo     ] GC(90) Pacer for Update Refs. Used: 23725K, Free: 1871M, Non-Taxable: 187M, Alloc Tax Rate: 1.1x
[1.603s][info][gc          ] GC(90) Pause Init Update Refs 0.058ms
[1.603s][info][gc,start    ] GC(90) Concurrent update references
[1.603s][info][gc,task     ] GC(90) Using 2 of 8 workers for concurrent reference update
[1.605s][info][gc          ] GC(90) Concurrent update references 1.777ms
[1.605s][info][gc,start    ] GC(90) Concurrent update thread roots
[1.605s][info][gc          ] GC(90) Concurrent update thread roots 0.480ms
[1.605s][info][gc,start    ] GC(90) Pause Final Update Refs
[1.606s][info][gc,task     ] GC(90) Using 8 of 8 workers for final reference update
[1.606s][info][gc          ] GC(90) Pause Final Update Refs 0.115ms
[1.606s][info][gc,start    ] GC(90) Concurrent cleanup
[1.606s][info][gc          ] GC(90) Concurrent cleanup 23M->13M(146M) 0.068ms
[1.606s][info][gc,ergo     ] Free: 1871M, Max: 512K regular, 1868M humongous, Frag: 1% external, 0% internal; Reserve: 101888K, Max: 512K
[1.606s][info][gc,stats    ] 
[1.606s][info][gc,stats    ] All times are wall-clock times, except per-root-class counters, that are sum over
[1.606s][info][gc,stats    ] all workers. Dividing the <total> over the root stage time estimates parallelism.
[1.606s][info][gc,stats    ] 
[1.606s][info][gc,stats    ] Concurrent Reset                    261 us
[1.606s][info][gc,stats    ] Pause Init Mark (G)                 286 us
[1.606s][info][gc,stats    ] Pause Init Mark (N)                 172 us
[1.606s][info][gc,stats    ]   Update Region States               17 us
[1.606s][info][gc,stats    ] Concurrent Mark Roots               491 us, parallelism: 1.51x
[1.606s][info][gc,stats    ]   CMR: <total>                      740 us
[1.606s][info][gc,stats    ]   CMR: Thread Roots                 153 us, workers (us):  33, 120, ---, ---, ---, ---, ---, ---, 
[1.606s][info][gc,stats    ]   CMR: Code Cache Roots             505 us, workers (us): 228, 277, ---, ---, ---, ---, ---, ---, 
[1.606s][info][gc,stats    ]   CMR: VM Strong Roots                7 us, workers (us):   4,   3, ---, ---, ---, ---, ---, ---, 
[1.606s][info][gc,stats    ]   CMR: CLDG Roots                    75 us, workers (us):  75, ---, ---, ---, ---, ---, ---, ---, 
[1.606s][info][gc,stats    ] Concurrent Marking                 3060 us
[1.606s][info][gc,stats    ] Pause Final Mark (G)                391 us
[1.606s][info][gc,stats    ] Pause Final Mark (N)                279 us
[1.606s][info][gc,stats    ]   Finish Mark                        86 us
[1.606s][info][gc,stats    ]   Update Region States               11 us
[1.606s][info][gc,stats    ]   Choose Collection Set              58 us
[1.606s][info][gc,stats    ]   Rebuild Free Set                   18 us
[1.606s][info][gc,stats    ] Concurrent Thread Roots             183 us, parallelism: 0.87x
[1.606s][info][gc,stats    ]   CTR: <total>                      158 us
[1.606s][info][gc,stats    ]   CTR: Thread Roots                 158 us, workers (us): 123,  35, ---, ---, ---, ---, ---, ---, 
[1.606s][info][gc,stats    ] Concurrent Weak References          116 us, parallelism: 0.49x
[1.606s][info][gc,stats    ]   CWRF: <total>                      57 us
[1.606s][info][gc,stats    ]   CWRF: Weak References              57 us, workers (us):  54,   4, ---, ---, ---, ---, ---, ---, 
[1.606s][info][gc,stats    ] Concurrent Weak Roots               532 us
[1.606s][info][gc,stats    ]   Roots                             385 us, parallelism: 0.80x
[1.606s][info][gc,stats    ]     CWR: <total>                    307 us
[1.606s][info][gc,stats    ]     CWR: VM Weak Roots              307 us, workers (us): 307,   0, ---, ---, ---, ---, ---, ---, 
[1.606s][info][gc,stats    ]   Rendezvous                        112 us
[1.606s][info][gc,stats    ] Concurrent Cleanup                   76 us
[1.606s][info][gc,stats    ] Concurrent Strong Roots             717 us, parallelism: 0.91x
[1.606s][info][gc,stats    ]   CSR: <total>                      655 us
[1.606s][info][gc,stats    ]   CSR: Code Cache Roots             516 us, workers (us): 516,   0, ---, ---, ---, ---, ---, ---, 
[1.606s][info][gc,stats    ]   CSR: VM Strong Roots                8 us, workers (us):   8,   0, ---, ---, ---, ---, ---, ---, 
[1.606s][info][gc,stats    ]   CSR: CLDG Roots                   130 us, workers (us): 130, ---, ---, ---, ---, ---, ---, ---, 
[1.606s][info][gc,stats    ] Concurrent Evacuation              1690 us
[1.606s][info][gc,stats    ] Pause Init Update Refs (G)          234 us
[1.606s][info][gc,stats    ] Pause Init Update Refs (N)           67 us
[1.606s][info][gc,stats    ]   Manage GCLABs                       3 us
[1.606s][info][gc,stats    ] Concurrent Update Refs             1800 us
[1.606s][info][gc,stats    ] Concurrent Update Thread Roots      490 us
[1.606s][info][gc,stats    ] Pause Final Update Refs (G)         261 us
[1.606s][info][gc,stats    ] Pause Final Update Refs (N)         155 us
[1.606s][info][gc,stats    ]   Update Region States               12 us
[1.606s][info][gc,stats    ]   Trash Collection Set                3 us
[1.606s][info][gc,stats    ]   Rebuild Free Set                   17 us
[1.606s][info][gc,stats    ] Concurrent Cleanup                   77 us
[1.606s][info][gc,stats    ] 
[1.606s][info][gc,stats    ] Allocation pacing accrued:
[1.606s][info][gc,stats    ]       0 of    12 ms (  0.0%): <total>
[1.606s][info][gc,stats    ]       0 of    12 ms (  0.0%): <average total>
[1.606s][info][gc,stats    ] 
[1.606s][info][gc,metaspace] Metaspace: 6648K(6912K)->6649K(6912K) NonClass: 5958K(6080K)->5959K(6080K) Class: 689K(832K)->689K(832K)
[1.606s][info][gc,ergo     ] Pacer for Idle. Initial: 40642K, Alloc Tax Rate: 1.0x
[1.607s][info][gc          ] Trigger: Start next cycle immediately
[1.607s][info][gc,ergo     ] Free: 1871M, Max: 512K regular, 1868M humongous, Frag: 1% external, 0% internal; Reserve: 101888K, Max: 512K
[1.607s][info][gc,start    ] GC(91) Concurrent reset
[1.607s][info][gc,task     ] GC(91) Using 2 of 8 workers for concurrent reset
[1.607s][info][gc,ergo     ] GC(91) Pacer for Reset. Non-Taxable: 1984M
[1.608s][info][gc          ] GC(91) Concurrent reset 0.173ms
[1.608s][info][gc,start    ] GC(91) Pause Init Mark
[1.608s][info][gc,task     ] GC(91) Using 8 of 8 workers for init marking
[1.608s][info][gc,ergo     ] GC(91) Pacer for Mark. Expected Live: 10776K, Free: 1871M, Non-Taxable: 187M, Alloc Tax Rate: 0.0x
[1.608s][info][gc          ] GC(91) Pause Init Mark 0.065ms
[1.608s][info][gc,start    ] GC(91) Concurrent marking roots
[1.608s][info][gc,task     ] GC(91) Using 2 of 8 workers for concurrent marking roots
[1.609s][info][gc          ] GC(91) Concurrent marking roots 0.727ms
[1.609s][info][gc,start    ] GC(91) Concurrent marking
[1.609s][info][gc,task     ] GC(91) Using 2 of 8 workers for concurrent marking
[1.611s][info][gc          ] GC(91) Concurrent marking 2.192ms
[1.611s][info][gc,start    ] GC(91) Pause Final Mark
[1.611s][info][gc,task     ] GC(91) Using 8 of 8 workers for final marking
[1.612s][info][gc,ergo     ] GC(91) Collectable Garbage: 2507K (100%), Immediate: 0B (0%), CSet: 2507K (100%)
[1.612s][info][gc,ergo     ] GC(91) Pacer for Evacuation. Used CSet: 11582K, Free: 1870M, Non-Taxable: 187M, Alloc Tax Rate: 1.1x
[1.612s][info][gc          ] GC(91) Pause Final Mark 0.959ms
[1.612s][info][gc,start    ] GC(91) Concurrent thread roots
[1.612s][info][gc,task     ] GC(91) Using 2 of 8 workers for Concurrent thread roots
[1.612s][info][gc          ] GC(91) Concurrent thread roots 0.154ms
[1.612s][info][gc,start    ] GC(91) Concurrent weak references
[1.612s][info][gc,task     ] GC(91) Using 2 of 8 workers for concurrent weak references
[1.612s][info][gc,ref      ] GC(91) Encountered references: Soft: 496, Weak: 988, Final: 1, Phantom: 585
[1.612s][info][gc,ref      ] GC(91) Discovered  references: Soft: 0, Weak: 419, Final: 0, Phantom: 200
[1.612s][info][gc,ref      ] GC(91) Enqueued    references: Soft: 0, Weak: 5, Final: 0, Phantom: 3
[1.612s][info][gc          ] GC(91) Concurrent weak references 0.101ms
[1.612s][info][gc,start    ] GC(91) Concurrent weak roots
[1.612s][info][gc,task     ] GC(91) Using 2 of 8 workers for concurrent weak root
[1.612s][info][gc          ] GC(91) Concurrent weak roots 0.360ms
[1.613s][info][gc,start    ] GC(91) Concurrent cleanup
[1.613s][info][gc          ] GC(91) Concurrent cleanup 14M->14M(146M) 0.065ms
[1.613s][info][gc,ergo     ] GC(91) Free: 1870M, Max: 512K regular, 1868M humongous, Frag: 1% external, 0% internal; Reserve: 101547K, Max: 512K
[1.613s][info][gc,start    ] GC(91) Concurrent strong roots
[1.613s][info][gc,task     ] GC(91) Using 2 of 8 workers for concurrent strong root
[1.613s][info][gc          ] GC(91) Concurrent strong roots 0.661ms
[1.613s][info][gc,start    ] GC(91) Concurrent evacuation
[1.613s][info][gc,task     ] GC(91) Using 2 of 8 workers for concurrent evacuation
[1.615s][info][gc          ] GC(91) Concurrent evacuation 1.675ms
[1.615s][info][gc,start    ] GC(91) Pause Init Update Refs
[1.615s][info][gc,ergo     ] GC(91) Pacer for Update Refs. Used: 25555K, Free: 1869M, Non-Taxable: 186M, Alloc Tax Rate: 1.1x
[1.615s][info][gc          ] GC(91) Pause Init Update Refs 0.095ms
[1.615s][info][gc,start    ] GC(91) Concurrent update references
[1.615s][info][gc,task     ] GC(91) Using 2 of 8 workers for concurrent reference update
[1.617s][info][gc          ] GC(91) Concurrent update references 1.777ms
[1.617s][info][gc,start    ] GC(91) Concurrent update thread roots
[1.618s][info][gc          ] GC(91) Concurrent update thread roots 1.060ms
[1.618s][info][gc,start    ] GC(91) Pause Final Update Refs
[1.618s][info][gc,task     ] GC(91) Using 8 of 8 workers for final reference update
[1.618s][info][gc          ] GC(91) Pause Final Update Refs 0.111ms
[1.618s][info][gc,start    ] GC(91) Concurrent cleanup
[1.618s][info][gc          ] GC(91) Concurrent cleanup 24M->13M(146M) 0.069ms
[1.618s][info][gc,ergo     ] Free: 1870M, Max: 512K regular, 1867M humongous, Frag: 1% external, 0% internal; Reserve: 101888K, Max: 512K
[1.618s][info][gc,stats    ] 
[1.619s][info][gc,stats    ] All times are wall-clock times, except per-root-class counters, that are sum over
[1.619s][info][gc,stats    ] all workers. Dividing the <total> over the root stage time estimates parallelism.
[1.619s][info][gc,stats    ] 
[1.619s][info][gc,stats    ] Concurrent Reset                    184 us
[1.619s][info][gc,stats    ] Pause Init Mark (G)                 182 us
[1.619s][info][gc,stats    ] Pause Init Mark (N)                  75 us
[1.619s][info][gc,stats    ]   Update Region States               17 us
[1.619s][info][gc,stats    ] Concurrent Mark Roots               742 us, parallelism: 1.07x
[1.619s][info][gc,stats    ]   CMR: <total>                      794 us
[1.619s][info][gc,stats    ]   CMR: Thread Roots                 291 us, workers (us):  47, 244, ---, ---, ---, ---, ---, ---, 
[1.619s][info][gc,stats    ]   CMR: Code Cache Roots             430 us, workers (us): 318, 112, ---, ---, ---, ---, ---, ---, 
[1.619s][info][gc,stats    ]   CMR: VM Strong Roots                4 us, workers (us):   4,   0, ---, ---, ---, ---, ---, ---, 
[1.619s][info][gc,stats    ]   CMR: CLDG Roots                    69 us, workers (us):  69, ---, ---, ---, ---, ---, ---, ---, 
[1.619s][info][gc,stats    ] Concurrent Marking                 2215 us
[1.619s][info][gc,stats    ] Pause Final Mark (G)               1063 us
[1.619s][info][gc,stats    ] Pause Final Mark (N)                971 us
[1.619s][info][gc,stats    ]   Finish Mark                       793 us
[1.619s][info][gc,stats    ]   Update Region States               13 us
[1.619s][info][gc,stats    ]   Choose Collection Set              53 us
[1.619s][info][gc,stats    ]   Rebuild Free Set                   16 us
[1.619s][info][gc,stats    ] Concurrent Thread Roots             163 us, parallelism: 1.03x
[1.619s][info][gc,stats    ]   CTR: <total>                      168 us
[1.619s][info][gc,stats    ]   CTR: Thread Roots                 168 us, workers (us): 104,  63, ---, ---, ---, ---, ---, ---, 
[1.619s][info][gc,stats    ] Concurrent Weak References          106 us, parallelism: 0.49x
[1.619s][info][gc,stats    ]   CWRF: <total>                      52 us
[1.619s][info][gc,stats    ]   CWRF: Weak References              52 us, workers (us):  49,   3, ---, ---, ---, ---, ---, ---, 
[1.619s][info][gc,stats    ] Concurrent Weak Roots               372 us
[1.619s][info][gc,stats    ]   Roots                             193 us, parallelism: 1.53x
[1.619s][info][gc,stats    ]     CWR: <total>                    295 us
[1.619s][info][gc,stats    ]     CWR: VM Weak Roots              295 us, workers (us): 173, 122, ---, ---, ---, ---, ---, ---, 
[1.619s][info][gc,stats    ]   Rendezvous                        128 us
[1.619s][info][gc,stats    ] Concurrent Cleanup                   74 us
[1.619s][info][gc,stats    ] Concurrent Strong Roots             680 us, parallelism: 0.91x
[1.619s][info][gc,stats    ]   CSR: <total>                      619 us
[1.619s][info][gc,stats    ]   CSR: Code Cache Roots             474 us, workers (us): 474,   0, ---, ---, ---, ---, ---, ---, 
[1.619s][info][gc,stats    ]   CSR: VM Strong Roots                8 us, workers (us):   8,   0, ---, ---, ---, ---, ---, ---, 
[1.619s][info][gc,stats    ]   CSR: CLDG Roots                   137 us, workers (us): 137, ---, ---, ---, ---, ---, ---, ---, 
[1.619s][info][gc,stats    ] Concurrent Evacuation              1696 us
[1.619s][info][gc,stats    ] Pause Init Update Refs (G)          226 us
[1.619s][info][gc,stats    ] Pause Init Update Refs (N)          123 us
[1.619s][info][gc,stats    ]   Manage GCLABs                       4 us
[1.619s][info][gc,stats    ] Concurrent Update Refs             1799 us
[1.619s][info][gc,stats    ] Concurrent Update Thread Roots     1075 us
[1.619s][info][gc,stats    ] Pause Final Update Refs (G)         268 us
[1.619s][info][gc,stats    ] Pause Final Update Refs (N)         153 us
[1.619s][info][gc,stats    ]   Update Region States               12 us
[1.619s][info][gc,stats    ]   Trash Collection Set                2 us
[1.619s][info][gc,stats    ]   Rebuild Free Set                   17 us
[1.619s][info][gc,stats    ] Concurrent Cleanup                   79 us
[1.619s][info][gc,stats    ] 
[1.619s][info][gc,stats    ] Allocation pacing accrued:
[1.619s][info][gc,stats    ]       0 of    13 ms (  0.0%): <total>
[1.619s][info][gc,stats    ]       0 of    13 ms (  0.0%): <average total>
[1.619s][info][gc,stats    ] 
[1.619s][info][gc,metaspace] Metaspace: 6650K(6912K)->6653K(6912K) NonClass: 5960K(6080K)->5963K(6080K) Class: 689K(832K)->689K(832K)
[1.619s][info][gc,ergo     ] Pacer for Idle. Initial: 40642K, Alloc Tax Rate: 1.0x
[1.620s][info][gc          ] Trigger: Start next cycle immediately
[1.620s][info][gc,ergo     ] Free: 1870M, Max: 512K regular, 1867M humongous, Frag: 1% external, 0% internal; Reserve: 101888K, Max: 512K
[1.620s][info][gc,start    ] GC(92) Concurrent reset
[1.620s][info][gc,task     ] GC(92) Using 2 of 8 workers for concurrent reset
[1.620s][info][gc,ergo     ] GC(92) Pacer for Reset. Non-Taxable: 1984M
[1.620s][info][gc          ] GC(92) Concurrent reset 0.192ms
[1.621s][info][gc,start    ] GC(92) Pause Init Mark (unload classes)
[1.621s][info][gc,task     ] GC(92) Using 8 of 8 workers for init marking
[1.621s][info][gc,ergo     ] GC(92) Pacer for Mark. Expected Live: 10835K, Free: 1870M, Non-Taxable: 187M, Alloc Tax Rate: 0.0x
[1.621s][info][gc          ] GC(92) Pause Init Mark (unload classes) 0.064ms
[1.621s][info][gc,start    ] GC(92) Concurrent marking roots
[1.621s][info][gc,task     ] GC(92) Using 2 of 8 workers for concurrent marking roots
[1.621s][info][gc          ] GC(92) Concurrent marking roots 0.214ms
[1.621s][info][gc,start    ] GC(92) Concurrent marking (unload classes)
[1.621s][info][gc,task     ] GC(92) Using 2 of 8 workers for concurrent marking
[1.629s][info][gc          ] GC(92) Concurrent marking (unload classes) 8.322ms
[1.630s][info][gc,start    ] GC(92) Pause Final Mark (unload classes)
[1.630s][info][gc,task     ] GC(92) Using 8 of 8 workers for final marking
[1.630s][info][gc,ergo     ] GC(92) Collectable Garbage: 2977K (100%), Immediate: 0B (0%), CSet: 2977K (100%)
[1.630s][info][gc,ergo     ] GC(92) Pacer for Evacuation. Used CSet: 12065K, Free: 1870M, Non-Taxable: 187M, Alloc Tax Rate: 1.1x
[1.630s][info][gc          ] GC(92) Pause Final Mark (unload classes) 0.271ms
[1.630s][info][gc,start    ] GC(92) Concurrent thread roots
[1.630s][info][gc,task     ] GC(92) Using 2 of 8 workers for Concurrent thread roots
[1.630s][info][gc          ] GC(92) Concurrent thread roots 0.141ms
[1.630s][info][gc,start    ] GC(92) Concurrent weak references
[1.630s][info][gc,task     ] GC(92) Using 2 of 8 workers for concurrent weak references
[1.630s][info][gc,ref      ] GC(92) Encountered references: Soft: 621, Weak: 983, Final: 1, Phantom: 582
[1.630s][info][gc,ref      ] GC(92) Discovered  references: Soft: 0, Weak: 355, Final: 0, Phantom: 579
[1.630s][info][gc,ref      ] GC(92) Enqueued    references: Soft: 0, Weak: 0, Final: 0, Phantom: 0
[1.630s][info][gc          ] GC(92) Concurrent weak references 0.143ms
[1.630s][info][gc,start    ] GC(92) Concurrent weak roots
[1.630s][info][gc,task     ] GC(92) Using 2 of 8 workers for concurrent weak root
[1.631s][info][gc          ] GC(92) Concurrent weak roots 0.993ms
[1.631s][info][gc,start    ] GC(92) Concurrent cleanup
[1.631s][info][gc          ] GC(92) Concurrent cleanup 15M->15M(146M) 0.115ms
[1.631s][info][gc,ergo     ] GC(92) Free: 1869M, Max: 512K regular, 1867M humongous, Frag: 1% external, 0% internal; Reserve: 101514K, Max: 512K
[1.631s][info][gc,start    ] GC(92) Concurrent class unloading
[1.632s][info][gc,task     ] GC(92) Using 2 of 8 workers for concurrent class unloading
[1.635s][info][gc          ] GC(92) Concurrent class unloading 3.517ms
[1.635s][info][gc,start    ] GC(92) Concurrent strong roots
[1.635s][info][gc,task     ] GC(92) Using 2 of 8 workers for concurrent strong root
[1.635s][info][gc          ] GC(92) Concurrent strong roots 0.220ms
[1.635s][info][gc,start    ] GC(92) Concurrent evacuation
[1.635s][info][gc,task     ] GC(92) Using 2 of 8 workers for concurrent evacuation
[1.638s][info][gc          ] GC(92) Concurrent evacuation 2.321ms
[1.638s][info][gc,start    ] GC(92) Pause Init Update Refs
[1.638s][info][gc,ergo     ] GC(92) Pacer for Update Refs. Used: 25458K, Free: 1869M, Non-Taxable: 186M, Alloc Tax Rate: 1.1x
[1.638s][info][gc          ] GC(92) Pause Init Update Refs 0.084ms
[1.638s][info][gc,start    ] GC(92) Concurrent update references
[1.638s][info][gc,task     ] GC(92) Using 2 of 8 workers for concurrent reference update
[1.649s][info][gc          ] GC(92) Concurrent update references 11.320ms
[1.649s][info][gc,start    ] GC(92) Concurrent update thread roots
[1.652s][info][gc          ] GC(92) Concurrent update thread roots 2.458ms
[1.652s][info][gc,start    ] GC(92) Pause Final Update Refs
[1.652s][info][gc,task     ] GC(92) Using 8 of 8 workers for final reference update
[1.652s][info][gc          ] GC(92) Pause Final Update Refs 0.113ms
[1.652s][info][gc,start    ] GC(92) Concurrent cleanup
[1.652s][info][gc          ] GC(92) Concurrent cleanup 25M->13M(146M) 0.120ms
[1.652s][info][gc,ergo     ] Free: 1870M, Max: 512K regular, 1867M humongous, Frag: 1% external, 0% internal; Reserve: 101888K, Max: 512K
[1.652s][info][gc,stats    ] 
[1.652s][info][gc,stats    ] All times are wall-clock times, except per-root-class counters, that are sum over
[1.652s][info][gc,stats    ] all workers. Dividing the <total> over the root stage time estimates parallelism.
[1.652s][info][gc,stats    ] 
[1.652s][info][gc,stats    ] Concurrent Reset                    203 us
[1.652s][info][gc,stats    ] Pause Init Mark (G)                 522 us
[1.652s][info][gc,stats    ] Pause Init Mark (N)                  74 us
[1.652s][info][gc,stats    ]   Update Region States               17 us
[1.652s][info][gc,stats    ] Concurrent Mark Roots               225 us, parallelism: 0.70x
[1.652s][info][gc,stats    ]   CMR: <total>                      159 us
[1.652s][info][gc,stats    ]   CMR: Thread Roots                  83 us, workers (us):  83,   0, ---, ---, ---, ---, ---, ---, 
[1.652s][info][gc,stats    ]   CMR: VM Strong Roots                7 us, workers (us):   7,   0, ---, ---, ---, ---, ---, ---, 
[1.652s][info][gc,stats    ]   CMR: CLDG Roots                    68 us, workers (us):  68, ---, ---, ---, ---, ---, ---, ---, 
[1.652s][info][gc,stats    ] Concurrent Marking                 8349 us
[1.652s][info][gc,stats    ] Pause Final Mark (G)                488 us
[1.652s][info][gc,stats    ] Pause Final Mark (N)                281 us
[1.652s][info][gc,stats    ]   Finish Mark                       105 us
[1.652s][info][gc,stats    ]   Update Region States               27 us
[1.652s][info][gc,stats    ]   Choose Collection Set              45 us
[1.652s][info][gc,stats    ]   Rebuild Free Set                   18 us
[1.652s][info][gc,stats    ] Concurrent Thread Roots             188 us, parallelism: 0.80x
[1.652s][info][gc,stats    ]   CTR: <total>                      150 us
[1.652s][info][gc,stats    ]   CTR: Thread Roots                 150 us, workers (us):  95,  55, ---, ---, ---, ---, ---, ---, 
[1.652s][info][gc,stats    ] Concurrent Weak References          149 us, parallelism: 0.65x
[1.652s][info][gc,stats    ]   CWRF: <total>                      97 us
[1.652s][info][gc,stats    ]   CWRF: Weak References              97 us, workers (us):  91,   6, ---, ---, ---, ---, ---, ---, 
[1.652s][info][gc,stats    ] Concurrent Weak Roots              1013 us
[1.652s][info][gc,stats    ]   Roots                             872 us, parallelism: 1.55x
[1.652s][info][gc,stats    ]     CWR: <total>                   1355 us
[1.652s][info][gc,stats    ]     CWR: Code Cache Roots          1057 us, workers (us): 528, 529, ---, ---, ---, ---, ---, ---, 
[1.652s][info][gc,stats    ]     CWR: VM Weak Roots              292 us, workers (us): 292,   0, ---, ---, ---, ---, ---, ---, 
[1.652s][info][gc,stats    ]     CWR: CLDG Roots                   7 us, workers (us):   7, ---, ---, ---, ---, ---, ---, ---, 
[1.653s][info][gc,stats    ]   Rendezvous                        106 us
[1.653s][info][gc,stats    ] Concurrent Cleanup                  124 us
[1.653s][info][gc,stats    ] Concurrent Class Unloading         3532 us
[1.653s][info][gc,stats    ]   Unlink Stale                     1333 us
[1.653s][info][gc,stats    ]     System Dictionary                33 us
[1.653s][info][gc,stats    ]     Weak Class Links                  0 us
[1.653s][info][gc,stats    ]     Code Roots                     1298 us
[1.653s][info][gc,stats    ]   Rendezvous                       2101 us
[1.653s][info][gc,stats    ]   Purge Unlinked                     62 us
[1.653s][info][gc,stats    ]     Code Roots                       57 us
[1.653s][info][gc,stats    ]     CLDG                              5 us
[1.653s][info][gc,stats    ]     Exception Caches                  0 us
[1.653s][info][gc,stats    ] Concurrent Strong Roots             232 us, parallelism: 0.78x
[1.653s][info][gc,stats    ]   CSR: <total>                      180 us
[1.653s][info][gc,stats    ]   CSR: VM Strong Roots               13 us, workers (us):   9,   3, ---, ---, ---, ---, ---, ---, 
[1.653s][info][gc,stats    ]   CSR: CLDG Roots                   167 us, workers (us): ---, 167, ---, ---, ---, ---, ---, ---, 
[1.653s][info][gc,stats    ] Concurrent Evacuation              2341 us
[1.653s][info][gc,stats    ] Pause Init Update Refs (G)          219 us
[1.653s][info][gc,stats    ] Pause Init Update Refs (N)          111 us
[1.653s][info][gc,stats    ]   Manage GCLABs                       4 us
[1.653s][info][gc,stats    ] Concurrent Update Refs            11346 us
[1.653s][info][gc,stats    ] Concurrent Update Thread Roots     2482 us
[1.653s][info][gc,stats    ] Pause Final Update Refs (G)         303 us
[1.653s][info][gc,stats    ] Pause Final Update Refs (N)         126 us
[1.653s][info][gc,stats    ]   Update Region States               36 us
[1.653s][info][gc,stats    ]   Trash Collection Set                4 us
[1.653s][info][gc,stats    ]   Rebuild Free Set                   23 us
[1.653s][info][gc,stats    ] Concurrent Cleanup                  133 us
[1.653s][info][gc,stats    ] 
[1.653s][info][gc,stats    ] Allocation pacing accrued:
[1.653s][info][gc,stats    ]       0 of    34 ms (  0.0%): <total>
[1.653s][info][gc,stats    ]       0 of    34 ms (  0.0%): <average total>
[1.653s][info][gc,stats    ] 
[1.653s][info][gc,metaspace] Metaspace: 6653K(6912K)->6708K(6976K) NonClass: 5963K(6080K)->6018K(6144K) Class: 689K(832K)->689K(832K)
[1.653s][info][gc,ergo     ] Pacer for Idle. Initial: 40642K, Alloc Tax Rate: 1.0x
[1.654s][info][gc          ] Trigger: Start next cycle immediately
[1.654s][info][gc,ergo     ] Free: 1870M, Max: 512K regular, 1867M humongous, Frag: 1% external, 0% internal; Reserve: 101888K, Max: 512K
[1.654s][info][gc,start    ] GC(93) Concurrent reset
[1.654s][info][gc,task     ] GC(93) Using 2 of 8 workers for concurrent reset
[1.654s][info][gc,ergo     ] GC(93) Pacer for Reset. Non-Taxable: 1984M
[1.654s][info][gc          ] GC(93) Concurrent reset 0.214ms
[1.655s][info][gc,start    ] GC(93) Pause Init Mark
[1.655s][info][gc,task     ] GC(93) Using 8 of 8 workers for init marking
[1.655s][info][gc,ergo     ] GC(93) Pacer for Mark. Expected Live: 10896K, Free: 1870M, Non-Taxable: 187M, Alloc Tax Rate: 0.0x
[1.655s][info][gc          ] GC(93) Pause Init Mark 0.067ms
[1.655s][info][gc,start    ] GC(93) Concurrent marking roots
[1.655s][info][gc,task     ] GC(93) Using 2 of 8 workers for concurrent marking roots
[1.655s][info][gc          ] GC(93) Concurrent marking roots 0.432ms
[1.655s][info][gc,start    ] GC(93) Concurrent marking
[1.655s][info][gc,task     ] GC(93) Using 2 of 8 workers for concurrent marking
[1.665s][info][gc          ] GC(93) Concurrent marking 9.524ms
[1.665s][info][gc,start    ] GC(93) Pause Final Mark
[1.665s][info][gc,task     ] GC(93) Using 8 of 8 workers for final marking
[1.665s][info][gc,ergo     ] GC(93) Collectable Garbage: 2594K (100%), Immediate: 0B (0%), CSet: 2594K (100%)
[1.665s][info][gc,ergo     ] GC(93) Pacer for Evacuation. Used CSet: 11997K, Free: 1870M, Non-Taxable: 187M, Alloc Tax Rate: 1.1x
[1.665s][info][gc          ] GC(93) Pause Final Mark 0.223ms
[1.665s][info][gc,start    ] GC(93) Concurrent thread roots
[1.665s][info][gc,task     ] GC(93) Using 2 of 8 workers for Concurrent thread roots
[1.665s][info][gc          ] GC(93) Concurrent thread roots 0.227ms
[1.665s][info][gc,start    ] GC(93) Concurrent weak references
[1.665s][info][gc,task     ] GC(93) Using 2 of 8 workers for concurrent weak references
[1.665s][info][gc,ref      ] GC(93) Encountered references: Soft: 3549, Weak: 1041, Final: 1, Phantom: 582
[1.665s][info][gc,ref      ] GC(93) Discovered  references: Soft: 0, Weak: 423, Final: 0, Phantom: 579
[1.665s][info][gc,ref      ] GC(93) Enqueued    references: Soft: 0, Weak: 1, Final: 0, Phantom: 0
[1.665s][info][gc          ] GC(93) Concurrent weak references 0.141ms
[1.665s][info][gc,start    ] GC(93) Concurrent weak roots
[1.665s][info][gc,task     ] GC(93) Using 2 of 8 workers for concurrent weak root
[1.668s][info][gc          ] GC(93) Concurrent weak roots 2.398ms
[1.668s][info][gc,start    ] GC(93) Concurrent cleanup
[1.668s][info][gc          ] GC(93) Concurrent cleanup 14M->14M(146M) 0.085ms
[1.668s][info][gc,ergo     ] GC(93) Free: 1869M, Max: 512K regular, 1867M humongous, Frag: 1% external, 0% internal; Reserve: 101543K, Max: 512K
[1.668s][info][gc,start    ] GC(93) Concurrent strong roots
[1.668s][info][gc,task     ] GC(93) Using 2 of 8 workers for concurrent strong root
[1.669s][info][gc          ] GC(93) Concurrent strong roots 0.910ms
[1.669s][info][gc,start    ] GC(93) Concurrent evacuation
[1.669s][info][gc,task     ] GC(93) Using 2 of 8 workers for concurrent evacuation
[1.671s][info][gc          ] GC(93) Concurrent evacuation 1.872ms
[1.673s][info][gc,start    ] GC(93) Pause Init Update Refs
[1.673s][info][gc,ergo     ] GC(93) Pacer for Update Refs. Used: 25176K, Free: 1869M, Non-Taxable: 186M, Alloc Tax Rate: 1.1x
[1.673s][info][gc          ] GC(93) Pause Init Update Refs 0.116ms
[1.673s][info][gc,start    ] GC(93) Concurrent update references
[1.673s][info][gc,task     ] GC(93) Using 2 of 8 workers for concurrent reference update
[1.675s][info][gc          ] GC(93) Concurrent update references 2.271ms
[1.675s][info][gc,start    ] GC(93) Concurrent update thread roots
[1.675s][info][gc          ] GC(93) Concurrent update thread roots 0.174ms
[1.676s][info][gc,start    ] GC(93) Pause Final Update Refs
[1.676s][info][gc,task     ] GC(93) Using 8 of 8 workers for final reference update
[1.676s][info][gc          ] GC(93) Pause Final Update Refs 0.073ms
[1.676s][info][gc,start    ] GC(93) Concurrent cleanup
[1.676s][info][gc          ] GC(93) Concurrent cleanup 25M->13M(146M) 0.101ms
[1.676s][info][gc,ergo     ] Free: 1871M, Max: 512K regular, 1867M humongous, Frag: 1% external, 0% internal; Reserve: 101888K, Max: 512K
[1.676s][info][gc,stats    ] 
[1.676s][info][gc,stats    ] All times are wall-clock times, except per-root-class counters, that are sum over
[1.676s][info][gc,stats    ] all workers. Dividing the <total> over the root stage time estimates parallelism.
[1.676s][info][gc,stats    ] 
[1.676s][info][gc,stats    ] Concurrent Reset                    226 us
[1.676s][info][gc,stats    ] Pause Init Mark (G)                 397 us
[1.676s][info][gc,stats    ] Pause Init Mark (N)                  76 us
[1.676s][info][gc,stats    ]   Update Region States               17 us
[1.676s][info][gc,stats    ] Concurrent Mark Roots               444 us, parallelism: 1.66x
[1.676s][info][gc,stats    ]   CMR: <total>                      739 us
[1.676s][info][gc,stats    ]   CMR: Thread Roots                 152 us, workers (us):  71,  81, ---, ---, ---, ---, ---, ---, 
[1.676s][info][gc,stats    ]   CMR: Code Cache Roots             499 us, workers (us): 216, 283, ---, ---, ---, ---, ---, ---, 
[1.676s][info][gc,stats    ]   CMR: VM Strong Roots                6 us, workers (us):   6,   0, ---, ---, ---, ---, ---, ---, 
[1.676s][info][gc,stats    ]   CMR: CLDG Roots                    82 us, workers (us):  82, ---, ---, ---, ---, ---, ---, ---, 
[1.676s][info][gc,stats    ] Concurrent Marking                 9548 us
[1.676s][info][gc,stats    ] Pause Final Mark (G)                262 us
[1.676s][info][gc,stats    ] Pause Final Mark (N)                233 us
[1.676s][info][gc,stats    ]   Finish Mark                        90 us
[1.676s][info][gc,stats    ]   Update Region States               20 us
[1.676s][info][gc,stats    ]   Choose Collection Set              45 us
[1.676s][info][gc,stats    ]   Rebuild Free Set                   17 us
[1.676s][info][gc,stats    ] Concurrent Thread Roots             242 us, parallelism: 0.97x
[1.676s][info][gc,stats    ]   CTR: <total>                      235 us
[1.676s][info][gc,stats    ]   CTR: Thread Roots                 235 us, workers (us): 187,  49, ---, ---, ---, ---, ---, ---, 
[1.676s][info][gc,stats    ] Concurrent Weak References          148 us, parallelism: 0.61x
[1.676s][info][gc,stats    ]   CWRF: <total>                      90 us
[1.676s][info][gc,stats    ]   CWRF: Weak References              90 us, workers (us):  86,   4, ---, ---, ---, ---, ---, ---, 
[1.676s][info][gc,stats    ] Concurrent Weak Roots              2432 us
[1.676s][info][gc,stats    ]   Roots                             206 us, parallelism: 1.69x
[1.676s][info][gc,stats    ]     CWR: <total>                    349 us
[1.676s][info][gc,stats    ]     CWR: VM Weak Roots              349 us, workers (us): 179, 170, ---, ---, ---, ---, ---, ---, 
[1.676s][info][gc,stats    ]   Rendezvous                       2173 us
[1.676s][info][gc,stats    ] Concurrent Cleanup                   95 us
[1.676s][info][gc,stats    ] Concurrent Strong Roots             931 us, parallelism: 0.91x
[1.676s][info][gc,stats    ]   CSR: <total>                      851 us
[1.676s][info][gc,stats    ]   CSR: Code Cache Roots             684 us, workers (us): 618,  66, ---, ---, ---, ---, ---, ---, 
[1.676s][info][gc,stats    ]   CSR: VM Strong Roots               10 us, workers (us):  10,   0, ---, ---, ---, ---, ---, ---, 
[1.676s][info][gc,stats    ]   CSR: CLDG Roots                   157 us, workers (us): 157, ---, ---, ---, ---, ---, ---, ---, 
[1.676s][info][gc,stats    ] Concurrent Evacuation              1896 us
[1.676s][info][gc,stats    ] Pause Init Update Refs (G)         2303 us
[1.676s][info][gc,stats    ] Pause Init Update Refs (N)          143 us
[1.676s][info][gc,stats    ]   Manage GCLABs                       4 us
[1.676s][info][gc,stats    ] Concurrent Update Refs             2304 us
[1.676s][info][gc,stats    ] Concurrent Update Thread Roots      184 us
[1.676s][info][gc,stats    ] Pause Final Update Refs (G)         174 us
[1.676s][info][gc,stats    ] Pause Final Update Refs (N)          85 us
[1.676s][info][gc,stats    ]   Update Region States               17 us
[1.676s][info][gc,stats    ]   Trash Collection Set                3 us
[1.676s][info][gc,stats    ]   Rebuild Free Set                   17 us
[1.676s][info][gc,stats    ] Concurrent Cleanup                  112 us
[1.676s][info][gc,stats    ] 
[1.676s][info][gc,stats    ] Allocation pacing accrued:
[1.676s][info][gc,stats    ]       0 of    24 ms (  0.0%): <total>
[1.676s][info][gc,stats    ]       0 of    24 ms (  0.0%): <average total>
[1.676s][info][gc,stats    ] 
[1.676s][info][gc,metaspace] Metaspace: 6710K(6976K)->6726K(6976K) NonClass: 6020K(6144K)->6036K(6144K) Class: 690K(832K)->690K(832K)
[1.676s][info][gc,ergo     ] Pacer for Idle. Initial: 40642K, Alloc Tax Rate: 1.0x
[1.677s][info][gc          ] Trigger: Start next cycle immediately
[1.678s][info][gc,ergo     ] Free: 1871M, Max: 512K regular, 1867M humongous, Frag: 1% external, 0% internal; Reserve: 101888K, Max: 512K
[1.678s][info][gc,start    ] GC(94) Concurrent reset
[1.678s][info][gc,task     ] GC(94) Using 2 of 8 workers for concurrent reset
[1.678s][info][gc,ergo     ] GC(94) Pacer for Reset. Non-Taxable: 1984M
[1.678s][info][gc          ] GC(94) Concurrent reset 0.261ms
[1.680s][info][gc,start    ] GC(94) Pause Init Mark
[1.680s][info][gc,task     ] GC(94) Using 8 of 8 workers for init marking
[1.680s][info][gc,ergo     ] GC(94) Pacer for Mark. Expected Live: 11007K, Free: 1871M, Non-Taxable: 187M, Alloc Tax Rate: 0.0x
[1.680s][info][gc          ] GC(94) Pause Init Mark 0.074ms
[1.680s][info][gc,start    ] GC(94) Concurrent marking roots
[1.680s][info][gc,task     ] GC(94) Using 2 of 8 workers for concurrent marking roots
[1.681s][info][gc          ] GC(94) Concurrent marking roots 0.787ms
[1.681s][info][gc,start    ] GC(94) Concurrent marking
[1.681s][info][gc,task     ] GC(94) Using 2 of 8 workers for concurrent marking
[1.684s][info][gc          ] GC(94) Concurrent marking 2.726ms
[1.684s][info][gc,start    ] GC(94) Pause Final Mark
[1.684s][info][gc,task     ] GC(94) Using 8 of 8 workers for final marking
[1.684s][info][gc,ergo     ] GC(94) Collectable Garbage: 2345K (100%), Immediate: 8256B (0%), CSet: 2337K (99%)
[1.684s][info][gc,ergo     ] GC(94) Pacer for Evacuation. Used CSet: 11772K, Free: 1870M, Non-Taxable: 187M, Alloc Tax Rate: 1.1x
[1.684s][info][gc          ] GC(94) Pause Final Mark 0.239ms
[1.684s][info][gc,start    ] GC(94) Concurrent thread roots
[1.684s][info][gc,task     ] GC(94) Using 2 of 8 workers for Concurrent thread roots
[1.684s][info][gc          ] GC(94) Concurrent thread roots 0.152ms
[1.684s][info][gc,start    ] GC(94) Concurrent weak references
[1.684s][info][gc,task     ] GC(94) Using 2 of 8 workers for concurrent weak references
[1.684s][info][gc,ref      ] GC(94) Encountered references: Soft: 3586, Weak: 1121, Final: 1, Phantom: 582
[1.684s][info][gc,ref      ] GC(94) Discovered  references: Soft: 0, Weak: 355, Final: 0, Phantom: 551
[1.684s][info][gc,ref      ] GC(94) Enqueued    references: Soft: 0, Weak: 0, Final: 0, Phantom: 0
[1.684s][info][gc          ] GC(94) Concurrent weak references 0.116ms
[1.684s][info][gc,start    ] GC(94) Concurrent weak roots
[1.684s][info][gc,task     ] GC(94) Using 2 of 8 workers for concurrent weak root
[1.685s][info][gc          ] GC(94) Concurrent weak roots 0.456ms
[1.685s][info][gc,start    ] GC(94) Concurrent cleanup
[1.685s][info][gc          ] GC(94) Concurrent cleanup 14M->14M(146M) 0.064ms
[1.685s][info][gc,ergo     ] GC(94) Free: 1870M, Max: 512K regular, 1868M humongous, Frag: 1% external, 0% internal; Reserve: 101529K, Max: 512K
[1.685s][info][gc,start    ] GC(94) Concurrent strong roots
[1.685s][info][gc,task     ] GC(94) Using 2 of 8 workers for concurrent strong root
[1.685s][info][gc          ] GC(94) Concurrent strong roots 0.416ms
[1.685s][info][gc,start    ] GC(94) Concurrent evacuation
[1.685s][info][gc,task     ] GC(94) Using 2 of 8 workers for concurrent evacuation
[1.687s][info][gc          ] GC(94) Concurrent evacuation 1.875ms
[1.689s][info][gc,start    ] GC(94) Pause Init Update Refs
[1.689s][info][gc,ergo     ] GC(94) Pacer for Update Refs. Used: 25450K, Free: 1870M, Non-Taxable: 187M, Alloc Tax Rate: 1.1x
[1.689s][info][gc          ] GC(94) Pause Init Update Refs 0.086ms
[1.689s][info][gc,start    ] GC(94) Concurrent update references
[1.689s][info][gc,task     ] GC(94) Using 2 of 8 workers for concurrent reference update
[1.691s][info][gc          ] GC(94) Concurrent update references 2.195ms
[1.691s][info][gc,start    ] GC(94) Concurrent update thread roots
[1.692s][info][gc          ] GC(94) Concurrent update thread roots 0.169ms
[1.692s][info][gc,start    ] GC(94) Pause Final Update Refs
[1.692s][info][gc,task     ] GC(94) Using 8 of 8 workers for final reference update
[1.692s][info][gc          ] GC(94) Pause Final Update Refs 0.065ms
[1.692s][info][gc,start    ] GC(94) Concurrent cleanup
[1.692s][info][gc          ] GC(94) Concurrent cleanup 24M->13M(146M) 0.088ms
[1.692s][info][gc,ergo     ] Free: 1871M, Max: 512K regular, 1867M humongous, Frag: 1% external, 0% internal; Reserve: 101888K, Max: 512K
[1.692s][info][gc,stats    ] 
[1.692s][info][gc,stats    ] All times are wall-clock times, except per-root-class counters, that are sum over
[1.692s][info][gc,stats    ] all workers. Dividing the <total> over the root stage time estimates parallelism.
[1.692s][info][gc,stats    ] 
[1.692s][info][gc,stats    ] Concurrent Reset                    287 us
[1.692s][info][gc,stats    ] Pause Init Mark (G)                2166 us
[1.692s][info][gc,stats    ] Pause Init Mark (N)                  84 us
[1.692s][info][gc,stats    ]   Update Region States               18 us
[1.692s][info][gc,stats    ] Concurrent Mark Roots               809 us, parallelism: 0.87x
[1.692s][info][gc,stats    ]   CMR: <total>                      704 us
[1.692s][info][gc,stats    ]   CMR: Thread Roots                  96 us, workers (us):  95,   0, ---, ---, ---, ---, ---, ---, 
[1.692s][info][gc,stats    ]   CMR: Code Cache Roots             508 us, workers (us): 508,   0, ---, ---, ---, ---, ---, ---, 
[1.692s][info][gc,stats    ]   CMR: VM Strong Roots                5 us, workers (us):   5,   0, ---, ---, ---, ---, ---, ---, 
[1.692s][info][gc,stats    ]   CMR: CLDG Roots                    95 us, workers (us):  95, ---, ---, ---, ---, ---, ---, ---, 
[1.692s][info][gc,stats    ] Concurrent Marking                 2747 us
[1.692s][info][gc,stats    ] Pause Final Mark (G)                344 us
[1.692s][info][gc,stats    ] Pause Final Mark (N)                250 us
[1.692s][info][gc,stats    ]   Finish Mark                       112 us
[1.692s][info][gc,stats    ]   Update Region States               16 us
[1.692s][info][gc,stats    ]   Choose Collection Set              43 us
[1.692s][info][gc,stats    ]   Rebuild Free Set                   16 us
[1.692s][info][gc,stats    ] Concurrent Thread Roots             164 us, parallelism: 1.14x
[1.692s][info][gc,stats    ]   CTR: <total>                      187 us
[1.692s][info][gc,stats    ]   CTR: Thread Roots                 187 us, workers (us):  66, 121, ---, ---, ---, ---, ---, ---, 
[1.692s][info][gc,stats    ] Concurrent Weak References          123 us, parallelism: 0.53x
[1.692s][info][gc,stats    ]   CWRF: <total>                      66 us
[1.692s][info][gc,stats    ]   CWRF: Weak References              66 us, workers (us):  60,   6, ---, ---, ---, ---, ---, ---, 
[1.692s][info][gc,stats    ] Concurrent Weak Roots               472 us
[1.692s][info][gc,stats    ]   Roots                             333 us, parallelism: 0.92x
[1.692s][info][gc,stats    ]     CWR: <total>                    305 us
[1.692s][info][gc,stats    ]     CWR: VM Weak Roots              305 us, workers (us): 305,   0, ---, ---, ---, ---, ---, ---, 
[1.692s][info][gc,stats    ]   Rendezvous                        106 us
[1.692s][info][gc,stats    ] Concurrent Cleanup                   73 us
[1.692s][info][gc,stats    ] Concurrent Strong Roots             432 us, parallelism: 1.69x
[1.692s][info][gc,stats    ]   CSR: <total>                      729 us
[1.692s][info][gc,stats    ]   CSR: Code Cache Roots             571 us, workers (us): 354, 217, ---, ---, ---, ---, ---, ---, 
[1.692s][info][gc,stats    ]   CSR: VM Strong Roots               13 us, workers (us):  12,   0, ---, ---, ---, ---, ---, ---, 
[1.692s][info][gc,stats    ]   CSR: CLDG Roots                   145 us, workers (us): ---, 145, ---, ---, ---, ---, ---, ---, 
[1.692s][info][gc,stats    ] Concurrent Evacuation              3726 us
[1.692s][info][gc,stats    ] Pause Init Update Refs (G)          223 us
[1.692s][info][gc,stats    ] Pause Init Update Refs (N)          120 us
[1.692s][info][gc,stats    ]   Manage GCLABs                       4 us
[1.692s][info][gc,stats    ] Concurrent Update Refs             2216 us
[1.692s][info][gc,stats    ] Concurrent Update Thread Roots      181 us
[1.692s][info][gc,stats    ] Pause Final Update Refs (G)         155 us
[1.692s][info][gc,stats    ] Pause Final Update Refs (N)         110 us
[1.692s][info][gc,stats    ]   Update Region States               13 us
[1.692s][info][gc,stats    ]   Trash Collection Set                2 us
[1.692s][info][gc,stats    ]   Rebuild Free Set                   16 us
[1.692s][info][gc,stats    ] Concurrent Cleanup                  100 us
[1.692s][info][gc,stats    ] 
[1.692s][info][gc,stats    ] Allocation pacing accrued:
[1.692s][info][gc,stats    ]       0 of    16 ms (  0.0%): <total>
[1.692s][info][gc,stats    ]       0 of    16 ms (  0.0%): <average total>
[1.692s][info][gc,stats    ] 
[1.692s][info][gc,metaspace] Metaspace: 6741K(6976K)->6778K(7040K) NonClass: 6048K(6144K)->6078K(6208K) Class: 693K(832K)->699K(832K)
[1.692s][info][gc,ergo     ] Pacer for Idle. Initial: 40642K, Alloc Tax Rate: 1.0x
[1.694s][info][gc          ] Trigger: Start next cycle immediately
[1.694s][info][gc,ergo     ] Free: 1871M, Max: 512K regular, 1867M humongous, Frag: 1% external, 0% internal; Reserve: 101888K, Max: 512K
[1.694s][info][gc,start    ] GC(95) Concurrent reset
[1.694s][info][gc,task     ] GC(95) Using 2 of 8 workers for concurrent reset
[1.694s][info][gc,ergo     ] GC(95) Pacer for Reset. Non-Taxable: 1984M
[1.694s][info][gc          ] GC(95) Concurrent reset 0.193ms
[1.697s][info][gc,start    ] GC(95) Pause Init Mark
[1.697s][info][gc,task     ] GC(95) Using 8 of 8 workers for init marking
[1.697s][info][gc,ergo     ] GC(95) Pacer for Mark. Expected Live: 11118K, Free: 1871M, Non-Taxable: 187M, Alloc Tax Rate: 0.0x
[1.697s][info][gc          ] GC(95) Pause Init Mark 0.074ms
[1.697s][info][gc,start    ] GC(95) Concurrent marking roots
[1.697s][info][gc,task     ] GC(95) Using 2 of 8 workers for concurrent marking roots
[1.698s][info][gc          ] GC(95) Concurrent marking roots 0.423ms
[1.698s][info][gc,start    ] GC(95) Concurrent marking
[1.698s][info][gc,task     ] GC(95) Using 2 of 8 workers for concurrent marking
[1.700s][info][gc          ] GC(95) Concurrent marking 2.489ms
[1.700s][info][gc,start    ] GC(95) Pause Final Mark
[1.700s][info][gc,task     ] GC(95) Using 8 of 8 workers for final marking
[1.700s][info][gc,ergo     ] GC(95) Collectable Garbage: 2325K (100%), Immediate: 0B (0%), CSet: 2325K (100%)
[1.700s][info][gc,ergo     ] GC(95) Pacer for Evacuation. Used CSet: 11776K, Free: 1870M, Non-Taxable: 187M, Alloc Tax Rate: 1.1x
[1.701s][info][gc          ] GC(95) Pause Final Mark 0.342ms
[1.701s][info][gc,start    ] GC(95) Concurrent thread roots
[1.701s][info][gc,task     ] GC(95) Using 2 of 8 workers for Concurrent thread roots
[1.701s][info][gc          ] GC(95) Concurrent thread roots 0.136ms
[1.701s][info][gc,start    ] GC(95) Concurrent weak references
[1.701s][info][gc,task     ] GC(95) Using 2 of 8 workers for concurrent weak references
[1.701s][info][gc,ref      ] GC(95) Encountered references: Soft: 3589, Weak: 1125, Final: 4, Phantom: 582
[1.701s][info][gc,ref      ] GC(95) Discovered  references: Soft: 0, Weak: 406, Final: 4, Phantom: 278
[1.701s][info][gc,ref      ] GC(95) Enqueued    references: Soft: 0, Weak: 2, Final: 0, Phantom: 0
[1.701s][info][gc          ] GC(95) Concurrent weak references 0.102ms
[1.701s][info][gc,start    ] GC(95) Concurrent weak roots
[1.701s][info][gc,task     ] GC(95) Using 2 of 8 workers for concurrent weak root
[1.701s][info][gc          ] GC(95) Concurrent weak roots 0.338ms
[1.701s][info][gc,start    ] GC(95) Concurrent cleanup
[1.701s][info][gc          ] GC(95) Concurrent cleanup 14M->14M(146M) 0.066ms
[1.701s][info][gc,ergo     ] GC(95) Free: 1870M, Max: 512K regular, 1867M humongous, Frag: 1% external, 0% internal; Reserve: 101528K, Max: 512K
[1.701s][info][gc,start    ] GC(95) Concurrent strong roots
[1.701s][info][gc,task     ] GC(95) Using 2 of 8 workers for concurrent strong root
[1.702s][info][gc          ] GC(95) Concurrent strong roots 0.750ms
[1.702s][info][gc,start    ] GC(95) Concurrent evacuation
[1.702s][info][gc,task     ] GC(95) Using 2 of 8 workers for concurrent evacuation
[1.704s][info][gc          ] GC(95) Concurrent evacuation 1.744ms
[1.704s][info][gc,start    ] GC(95) Pause Init Update Refs
[1.704s][info][gc,ergo     ] GC(95) Pacer for Update Refs. Used: 25712K, Free: 1870M, Non-Taxable: 187M, Alloc Tax Rate: 1.1x
[1.704s][info][gc          ] GC(95) Pause Init Update Refs 0.042ms
[1.704s][info][gc,start    ] GC(95) Concurrent update references
[1.704s][info][gc,task     ] GC(95) Using 2 of 8 workers for concurrent reference update
[1.706s][info][gc          ] GC(95) Concurrent update references 2.002ms
[1.706s][info][gc,start    ] GC(95) Concurrent update thread roots
[1.710s][info][gc          ] GC(95) Concurrent update thread roots 4.261ms
[1.710s][info][gc,start    ] GC(95) Pause Final Update Refs
[1.710s][info][gc,task     ] GC(95) Using 8 of 8 workers for final reference update
[1.710s][info][gc          ] GC(95) Pause Final Update Refs 0.110ms
[1.710s][info][gc,start    ] GC(95) Concurrent cleanup
[1.711s][info][gc          ] GC(95) Concurrent cleanup 25M->13M(146M) 0.076ms
[1.711s][info][gc,ergo     ] Free: 1870M, Max: 512K regular, 1867M humongous, Frag: 1% external, 0% internal; Reserve: 101888K, Max: 512K
[1.711s][info][gc,stats    ] 
[1.711s][info][gc,stats    ] All times are wall-clock times, except per-root-class counters, that are sum over
[1.711s][info][gc,stats    ] all workers. Dividing the <total> over the root stage time estimates parallelism.
[1.711s][info][gc,stats    ] 
[1.711s][info][gc,stats    ] Concurrent Reset                    209 us
[1.711s][info][gc,stats    ] Pause Init Mark (G)                3280 us
[1.711s][info][gc,stats    ] Pause Init Mark (N)                  84 us
[1.711s][info][gc,stats    ]   Update Region States               17 us
[1.711s][info][gc,stats    ] Concurrent Mark Roots               441 us, parallelism: 1.54x
[1.711s][info][gc,stats    ]   CMR: <total>                      680 us
[1.711s][info][gc,stats    ]   CMR: Thread Roots                  46 us, workers (us):  17,  28, ---, ---, ---, ---, ---, ---, 
[1.711s][info][gc,stats    ]   CMR: Code Cache Roots             531 us, workers (us): 223, 308, ---, ---, ---, ---, ---, ---, 
[1.711s][info][gc,stats    ]   CMR: VM Strong Roots                5 us, workers (us):   5,   0, ---, ---, ---, ---, ---, ---, 
[1.711s][info][gc,stats    ]   CMR: CLDG Roots                    99 us, workers (us):  99, ---, ---, ---, ---, ---, ---, ---, 
[1.711s][info][gc,stats    ] Concurrent Marking                 2510 us
[1.711s][info][gc,stats    ] Pause Final Mark (G)                511 us
[1.711s][info][gc,stats    ] Pause Final Mark (N)                394 us
[1.711s][info][gc,stats    ]   Finish Mark                       105 us
[1.711s][info][gc,stats    ]   Update Region States               12 us
[1.711s][info][gc,stats    ]   Choose Collection Set              73 us
[1.711s][info][gc,stats    ]   Rebuild Free Set                   19 us
[1.711s][info][gc,stats    ] Concurrent Thread Roots             146 us, parallelism: 0.87x
[1.711s][info][gc,stats    ]   CTR: <total>                      126 us
[1.711s][info][gc,stats    ]   CTR: Thread Roots                 126 us, workers (us):  92,  34, ---, ---, ---, ---, ---, ---, 
[1.711s][info][gc,stats    ] Concurrent Weak References          110 us, parallelism: 0.51x
[1.711s][info][gc,stats    ]   CWRF: <total>                      56 us
[1.711s][info][gc,stats    ]   CWRF: Weak References              56 us, workers (us):  22,  34, ---, ---, ---, ---, ---, ---, 
[1.711s][info][gc,stats    ] Concurrent Weak Roots               355 us
[1.711s][info][gc,stats    ]   Roots                             212 us, parallelism: 1.56x
[1.711s][info][gc,stats    ]     CWR: <total>                    331 us
[1.711s][info][gc,stats    ]     CWR: VM Weak Roots              331 us, workers (us): 188, 143, ---, ---, ---, ---, ---, ---, 
[1.711s][info][gc,stats    ]   Rendezvous                        105 us
[1.711s][info][gc,stats    ] Concurrent Cleanup                   74 us
[1.711s][info][gc,stats    ] Concurrent Strong Roots             771 us, parallelism: 1.63x
[1.711s][info][gc,stats    ]   CSR: <total>                     1256 us
[1.711s][info][gc,stats    ]   CSR: Code Cache Roots            1104 us, workers (us): 552, 552, ---, ---, ---, ---, ---, ---, 
[1.711s][info][gc,stats    ]   CSR: VM Strong Roots                7 us, workers (us):   7,   0, ---, ---, ---, ---, ---, ---, 
[1.711s][info][gc,stats    ]   CSR: CLDG Roots                   145 us, workers (us): 145, ---, ---, ---, ---, ---, ---, ---, 
[1.711s][info][gc,stats    ] Concurrent Evacuation              1766 us
[1.711s][info][gc,stats    ] Pause Init Update Refs (G)          163 us
[1.711s][info][gc,stats    ] Pause Init Update Refs (N)           52 us
[1.711s][info][gc,stats    ]   Manage GCLABs                       4 us
[1.711s][info][gc,stats    ] Concurrent Update Refs             2028 us
[1.711s][info][gc,stats    ] Concurrent Update Thread Roots     4286 us
[1.711s][info][gc,stats    ] Pause Final Update Refs (G)         191 us
[1.711s][info][gc,stats    ] Pause Final Update Refs (N)         141 us
[1.711s][info][gc,stats    ]   Update Region States               14 us
[1.711s][info][gc,stats    ]   Trash Collection Set                2 us
[1.711s][info][gc,stats    ]   Rebuild Free Set                   17 us
[1.711s][info][gc,stats    ] Concurrent Cleanup                   88 us
[1.711s][info][gc,stats    ] 
[1.711s][info][gc,stats    ] Allocation pacing accrued:
[1.711s][info][gc,stats    ]       0 of    19 ms (  0.0%): <total>
[1.711s][info][gc,stats    ]       0 of    19 ms (  0.0%): <average total>
[1.711s][info][gc,stats    ] 
[1.711s][info][gc,metaspace] Metaspace: 6778K(7040K)->6897K(7104K) NonClass: 6078K(6208K)->6190K(6272K) Class: 699K(832K)->707K(832K)
[1.711s][info][gc,ergo     ] Pacer for Idle. Initial: 40642K, Alloc Tax Rate: 1.0x
[1.712s][info][gc          ] Trigger: Start next cycle immediately
[1.712s][info][gc,ergo     ] Free: 1870M, Max: 512K regular, 1867M humongous, Frag: 1% external, 0% internal; Reserve: 101888K, Max: 512K
[1.712s][info][gc,start    ] GC(96) Concurrent reset
[1.712s][info][gc,task     ] GC(96) Using 2 of 8 workers for concurrent reset
[1.712s][info][gc,ergo     ] GC(96) Pacer for Reset. Non-Taxable: 1984M
[1.713s][info][gc          ] GC(96) Concurrent reset 0.265ms
[1.715s][info][gc,start    ] GC(96) Pause Init Mark (unload classes)
[1.715s][info][gc,task     ] GC(96) Using 8 of 8 workers for init marking
[1.715s][info][gc,ergo     ] GC(96) Pacer for Mark. Expected Live: 11196K, Free: 1870M, Non-Taxable: 187M, Alloc Tax Rate: 0.0x
[1.715s][info][gc          ] GC(96) Pause Init Mark (unload classes) 0.069ms
[1.715s][info][gc,start    ] GC(96) Concurrent marking roots
[1.715s][info][gc,task     ] GC(96) Using 2 of 8 workers for concurrent marking roots
[1.715s][info][gc          ] GC(96) Concurrent marking roots 0.186ms
[1.715s][info][gc,start    ] GC(96) Concurrent marking (unload classes)
[1.715s][info][gc,task     ] GC(96) Using 2 of 8 workers for concurrent marking
[1.718s][info][gc          ] GC(96) Concurrent marking (unload classes) 2.510ms
[1.718s][info][gc,start    ] GC(96) Pause Final Mark (unload classes)
[1.718s][info][gc,task     ] GC(96) Using 8 of 8 workers for final marking
[1.722s][info][gc,ergo     ] GC(96) Collectable Garbage: 2590K (100%), Immediate: 0B (0%), CSet: 2590K (100%)
[1.722s][info][gc,ergo     ] GC(96) Pacer for Evacuation. Used CSet: 12030K, Free: 1870M, Non-Taxable: 187M, Alloc Tax Rate: 1.1x
[1.722s][info][gc          ] GC(96) Pause Final Mark (unload classes) 3.910ms
[1.722s][info][gc,start    ] GC(96) Concurrent thread roots
[1.722s][info][gc,task     ] GC(96) Using 2 of 8 workers for Concurrent thread roots
[1.722s][info][gc          ] GC(96) Concurrent thread roots 0.151ms
[1.722s][info][gc,start    ] GC(96) Concurrent weak references
[1.722s][info][gc,task     ] GC(96) Using 2 of 8 workers for concurrent weak references
[1.722s][info][gc,ref      ] GC(96) Encountered references: Soft: 3590, Weak: 1123, Final: 4, Phantom: 582
[1.722s][info][gc,ref      ] GC(96) Discovered  references: Soft: 0, Weak: 401, Final: 1, Phantom: 580
[1.722s][info][gc,ref      ] GC(96) Enqueued    references: Soft: 0, Weak: 0, Final: 0, Phantom: 0
[1.722s][info][gc          ] GC(96) Concurrent weak references 0.129ms
[1.722s][info][gc,start    ] GC(96) Concurrent weak roots
[1.722s][info][gc,task     ] GC(96) Using 2 of 8 workers for concurrent weak root
[1.722s][info][gc          ] GC(96) Concurrent weak roots 0.557ms
[1.722s][info][gc,start    ] GC(96) Concurrent cleanup
[1.723s][info][gc          ] GC(96) Concurrent cleanup 14M->14M(146M) 0.060ms
[1.723s][info][gc,ergo     ] GC(96) Free: 1870M, Max: 512K regular, 1867M humongous, Frag: 1% external, 0% internal; Reserve: 101555K, Max: 512K
[1.723s][info][gc,start    ] GC(96) Concurrent class unloading
[1.723s][info][gc,task     ] GC(96) Using 2 of 8 workers for concurrent class unloading
[1.724s][info][gc          ] GC(96) Concurrent class unloading 0.975ms
[1.724s][info][gc,start    ] GC(96) Concurrent strong roots
[1.724s][info][gc,task     ] GC(96) Using 2 of 8 workers for concurrent strong root
[1.724s][info][gc          ] GC(96) Concurrent strong roots 0.200ms
[1.724s][info][gc,start    ] GC(96) Concurrent evacuation
[1.724s][info][gc,task     ] GC(96) Using 2 of 8 workers for concurrent evacuation
[1.726s][info][gc          ] GC(96) Concurrent evacuation 1.919ms
[1.726s][info][gc,start    ] GC(96) Pause Init Update Refs
[1.726s][info][gc,ergo     ] GC(96) Pacer for Update Refs. Used: 25639K, Free: 1869M, Non-Taxable: 186M, Alloc Tax Rate: 1.1x
[1.726s][info][gc          ] GC(96) Pause Init Update Refs 0.044ms
[1.726s][info][gc,start    ] GC(96) Concurrent update references
[1.726s][info][gc,task     ] GC(96) Using 2 of 8 workers for concurrent reference update
[1.728s][info][gc          ] GC(96) Concurrent update references 2.028ms
[1.728s][info][gc,start    ] GC(96) Concurrent update thread roots
[1.733s][info][gc          ] GC(96) Concurrent update thread roots 5.018ms
[1.733s][info][gc,start    ] GC(96) Pause Final Update Refs
[1.733s][info][gc,task     ] GC(96) Using 8 of 8 workers for final reference update
[1.733s][info][gc          ] GC(96) Pause Final Update Refs 0.087ms
[1.733s][info][gc,start    ] GC(96) Concurrent cleanup
[1.733s][info][gc          ] GC(96) Concurrent cleanup 25M->13M(146M) 0.094ms
[1.733s][info][gc,ergo     ] Free: 1871M, Max: 512K regular, 1867M humongous, Frag: 1% external, 0% internal; Reserve: 101888K, Max: 512K
[1.733s][info][gc,stats    ] 
[1.733s][info][gc,stats    ] All times are wall-clock times, except per-root-class counters, that are sum over
[1.733s][info][gc,stats    ] all workers. Dividing the <total> over the root stage time estimates parallelism.
[1.733s][info][gc,stats    ] 
[1.733s][info][gc,stats    ] Concurrent Reset                    281 us
[1.733s][info][gc,stats    ] Pause Init Mark (G)                2219 us
[1.733s][info][gc,stats    ] Pause Init Mark (N)                  78 us
[1.733s][info][gc,stats    ]   Update Region States               16 us
[1.734s][info][gc,stats    ] Concurrent Mark Roots               205 us, parallelism: 0.54x
[1.734s][info][gc,stats    ]   CMR: <total>                      110 us
[1.734s][info][gc,stats    ]   CMR: Thread Roots                  31 us, workers (us):  30,   0, ---, ---, ---, ---, ---, ---, 
[1.734s][info][gc,stats    ]   CMR: VM Strong Roots                4 us, workers (us):   4,   0, ---, ---, ---, ---, ---, ---, 
[1.734s][info][gc,stats    ]   CMR: CLDG Roots                    75 us, workers (us):  75, ---, ---, ---, ---, ---, ---, ---, 
[1.734s][info][gc,stats    ] Concurrent Marking                 2531 us
[1.734s][info][gc,stats    ] Pause Final Mark (G)               4013 us
[1.734s][info][gc,stats    ] Pause Final Mark (N)               3917 us
[1.734s][info][gc,stats    ]   Finish Mark                      3795 us
[1.734s][info][gc,stats    ]   Update Region States               13 us
[1.734s][info][gc,stats    ]   Choose Collection Set              36 us
[1.734s][info][gc,stats    ]   Rebuild Free Set                   18 us
[1.734s][info][gc,stats    ] Concurrent Thread Roots             163 us, parallelism: 0.46x
[1.734s][info][gc,stats    ]   CTR: <total>                       76 us
[1.734s][info][gc,stats    ]   CTR: Thread Roots                  76 us, workers (us):  75,   0, ---, ---, ---, ---, ---, ---, 
[1.734s][info][gc,stats    ] Concurrent Weak References          137 us, parallelism: 0.59x
[1.734s][info][gc,stats    ]   CWRF: <total>                      81 us
[1.734s][info][gc,stats    ]   CWRF: Weak References              81 us, workers (us):  77,   4, ---, ---, ---, ---, ---, ---, 
[1.734s][info][gc,stats    ] Concurrent Weak Roots               573 us
[1.734s][info][gc,stats    ]   Roots                             437 us, parallelism: 1.77x
[1.734s][info][gc,stats    ]     CWR: <total>                    773 us
[1.734s][info][gc,stats    ]     CWR: Code Cache Roots           452 us, workers (us): 206, 246, ---, ---, ---, ---, ---, ---, 
[1.734s][info][gc,stats    ]     CWR: VM Weak Roots              315 us, workers (us): 158, 157, ---, ---, ---, ---, ---, ---, 
[1.734s][info][gc,stats    ]     CWR: CLDG Roots                   5 us, workers (us):   5, ---, ---, ---, ---, ---, ---, ---, 
[1.734s][info][gc,stats    ]   Rendezvous                        103 us
[1.734s][info][gc,stats    ] Concurrent Cleanup                   70 us
[1.734s][info][gc,stats    ] Concurrent Class Unloading          995 us
[1.734s][info][gc,stats    ]   Unlink Stale                      768 us
[1.734s][info][gc,stats    ]     System Dictionary                31 us
[1.734s][info][gc,stats    ]     Weak Class Links                  0 us
[1.734s][info][gc,stats    ]     Code Roots                      736 us
[1.734s][info][gc,stats    ]   Rendezvous                        108 us
[1.734s][info][gc,stats    ]   Purge Unlinked                     81 us
[1.734s][info][gc,stats    ]     Code Roots                       77 us
[1.734s][info][gc,stats    ]     CLDG                              3 us
[1.734s][info][gc,stats    ]     Exception Caches                  0 us
[1.734s][info][gc,stats    ] Concurrent Strong Roots             211 us, parallelism: 0.78x
[1.734s][info][gc,stats    ]   CSR: <total>                      165 us
[1.734s][info][gc,stats    ]   CSR: VM Strong Roots               10 us, workers (us):   9,   1, ---, ---, ---, ---, ---, ---, 
[1.734s][info][gc,stats    ]   CSR: CLDG Roots                   156 us, workers (us): ---, 156, ---, ---, ---, ---, ---, ---, 
[1.734s][info][gc,stats    ] Concurrent Evacuation              1941 us
[1.734s][info][gc,stats    ] Pause Init Update Refs (G)          194 us
[1.734s][info][gc,stats    ] Pause Init Update Refs (N)           53 us
[1.734s][info][gc,stats    ]   Manage GCLABs                       5 us
[1.734s][info][gc,stats    ] Concurrent Update Refs             2049 us
[1.734s][info][gc,stats    ] Concurrent Update Thread Roots     5043 us
[1.734s][info][gc,stats    ] Pause Final Update Refs (G)         234 us
[1.734s][info][gc,stats    ] Pause Final Update Refs (N)         100 us
[1.734s][info][gc,stats    ]   Update Region States               16 us
[1.734s][info][gc,stats    ]   Trash Collection Set                3 us
[1.734s][info][gc,stats    ]   Rebuild Free Set                   22 us
[1.734s][info][gc,stats    ] Concurrent Cleanup                  106 us
[1.734s][info][gc,stats    ] 
[1.734s][info][gc,stats    ] Allocation pacing accrued:
[1.734s][info][gc,stats    ]       0 of    23 ms (  0.0%): <total>
[1.734s][info][gc,stats    ]       0 of    23 ms (  0.0%): <average total>
[1.734s][info][gc,stats    ] 
[1.734s][info][gc,metaspace] Metaspace: 6919K(7104K)->6999K(7232K) NonClass: 6209K(6272K)->6287K(6400K) Class: 710K(832K)->712K(832K)
[1.734s][info][gc,ergo     ] Pacer for Idle. Initial: 40642K, Alloc Tax Rate: 1.0x
[1.735s][info][gc          ] Trigger: Start next cycle immediately
[1.735s][info][gc,ergo     ] Free: 1871M, Max: 512K regular, 1867M humongous, Frag: 1% external, 0% internal; Reserve: 101888K, Max: 512K
[1.735s][info][gc,start    ] GC(97) Concurrent reset
[1.735s][info][gc,task     ] GC(97) Using 2 of 8 workers for concurrent reset
[1.735s][info][gc,ergo     ] GC(97) Pacer for Reset. Non-Taxable: 1984M
[1.736s][info][gc          ] GC(97) Concurrent reset 0.277ms
[1.736s][info][gc,start    ] GC(97) Pause Init Mark (unload classes)
[1.736s][info][gc,task     ] GC(97) Using 8 of 8 workers for init marking
[1.736s][info][gc,ergo     ] GC(97) Pacer for Mark. Expected Live: 11269K, Free: 1871M, Non-Taxable: 187M, Alloc Tax Rate: 0.0x
[1.736s][info][gc          ] GC(97) Pause Init Mark (unload classes) 0.088ms
[1.738s][info][gc,start    ] GC(97) Concurrent marking roots
[1.738s][info][gc,task     ] GC(97) Using 2 of 8 workers for concurrent marking roots
[1.738s][info][gc          ] GC(97) Concurrent marking roots 0.639ms
[1.738s][info][gc,start    ] GC(97) Concurrent marking (unload classes)
[1.738s][info][gc,task     ] GC(97) Using 2 of 8 workers for concurrent marking
[1.745s][info][gc          ] GC(97) Concurrent marking (unload classes) 6.502ms
[1.745s][info][gc,start    ] GC(97) Pause Final Mark (unload classes)
[1.745s][info][gc,task     ] GC(97) Using 8 of 8 workers for final marking
[1.745s][info][gc,ergo     ] GC(97) Collectable Garbage: 2204K (100%), Immediate: 0B (0%), CSet: 2204K (100%)
[1.745s][info][gc,ergo     ] GC(97) Pacer for Evacuation. Used CSet: 11703K, Free: 1870M, Non-Taxable: 187M, Alloc Tax Rate: 1.1x
[1.745s][info][gc          ] GC(97) Pause Final Mark (unload classes) 0.208ms
[1.745s][info][gc,start    ] GC(97) Concurrent thread roots
[1.745s][info][gc,task     ] GC(97) Using 2 of 8 workers for Concurrent thread roots
[1.745s][info][gc          ] GC(97) Concurrent thread roots 0.105ms
[1.745s][info][gc,start    ] GC(97) Concurrent weak references
[1.745s][info][gc,task     ] GC(97) Using 2 of 8 workers for concurrent weak references
[1.745s][info][gc,ref      ] GC(97) Encountered references: Soft: 3599, Weak: 1129, Final: 4, Phantom: 582
[1.745s][info][gc,ref      ] GC(97) Discovered  references: Soft: 0, Weak: 422, Final: 4, Phantom: 308
[1.745s][info][gc,ref      ] GC(97) Enqueued    references: Soft: 0, Weak: 0, Final: 0, Phantom: 0
[1.745s][info][gc          ] GC(97) Concurrent weak references 0.123ms
[1.745s][info][gc,start    ] GC(97) Concurrent weak roots
[1.745s][info][gc,task     ] GC(97) Using 2 of 8 workers for concurrent weak root
[1.746s][info][gc          ] GC(97) Concurrent weak roots 0.602ms
[1.746s][info][gc,start    ] GC(97) Concurrent cleanup
[1.746s][info][gc          ] GC(97) Concurrent cleanup 14M->15M(146M) 0.061ms
[1.746s][info][gc,ergo     ] GC(97) Free: 1869M, Max: 512K regular, 1867M humongous, Frag: 1% external, 0% internal; Reserve: 101519K, Max: 512K
[1.746s][info][gc,start    ] GC(97) Concurrent class unloading
[1.746s][info][gc,task     ] GC(97) Using 2 of 8 workers for concurrent class unloading
[1.748s][info][gc          ] GC(97) Concurrent class unloading 1.403ms
[1.748s][info][gc,start    ] GC(97) Concurrent strong roots
[1.748s][info][gc,task     ] GC(97) Using 2 of 8 workers for concurrent strong root
[1.748s][info][gc          ] GC(97) Concurrent strong roots 0.204ms
[1.748s][info][gc,start    ] GC(97) Concurrent evacuation
[1.748s][info][gc,task     ] GC(97) Using 2 of 8 workers for concurrent evacuation
[1.750s][info][gc          ] GC(97) Concurrent evacuation 1.857ms
[1.750s][info][gc,start    ] GC(97) Pause Init Update Refs
[1.750s][info][gc,ergo     ] GC(97) Pacer for Update Refs. Used: 26406K, Free: 1869M, Non-Taxable: 186M, Alloc Tax Rate: 1.1x
[1.750s][info][gc          ] GC(97) Pause Init Update Refs 0.035ms
[1.750s][info][gc,start    ] GC(97) Concurrent update references
[1.750s][info][gc,task     ] GC(97) Using 2 of 8 workers for concurrent reference update
[1.752s][info][gc          ] GC(97) Concurrent update references 2.002ms
[1.752s][info][gc,start    ] GC(97) Concurrent update thread roots
[1.752s][info][gc          ] GC(97) Concurrent update thread roots 0.071ms
[1.752s][info][gc,start    ] GC(97) Pause Final Update Refs
[1.752s][info][gc,task     ] GC(97) Using 8 of 8 workers for final reference update
[1.752s][info][gc          ] GC(97) Pause Final Update Refs 0.053ms
[1.752s][info][gc,start    ] GC(97) Concurrent cleanup
[1.752s][info][gc          ] GC(97) Concurrent cleanup 25M->14M(146M) 0.055ms
[1.752s][info][gc,ergo     ] Free: 1870M, Max: 512K regular, 1867M humongous, Frag: 1% external, 0% internal; Reserve: 101888K, Max: 512K
[1.752s][info][gc,stats    ] 
[1.752s][info][gc,stats    ] All times are wall-clock times, except per-root-class counters, that are sum over
[1.752s][info][gc,stats    ] all workers. Dividing the <total> over the root stage time estimates parallelism.
[1.752s][info][gc,stats    ] 
[1.752s][info][gc,stats    ] Concurrent Reset                    293 us
[1.752s][info][gc,stats    ] Pause Init Mark (G)                1962 us
[1.752s][info][gc,stats    ] Pause Init Mark (N)                 101 us
[1.752s][info][gc,stats    ]   Update Region States               21 us
[1.752s][info][gc,stats    ] Concurrent Mark Roots               662 us, parallelism: 0.20x
[1.752s][info][gc,stats    ]   CMR: <total>                      136 us
[1.752s][info][gc,stats    ]   CMR: Thread Roots                  40 us, workers (us):   0,  40, ---, ---, ---, ---, ---, ---, 
[1.752s][info][gc,stats    ]   CMR: VM Strong Roots                5 us, workers (us):   5,   0, ---, ---, ---, ---, ---, ---, 
[1.752s][info][gc,stats    ]   CMR: CLDG Roots                    90 us, workers (us):  90, ---, ---, ---, ---, ---, ---, ---, 
[1.752s][info][gc,stats    ] Concurrent Marking                 6530 us
[1.752s][info][gc,stats    ] Pause Final Mark (G)                243 us
[1.752s][info][gc,stats    ] Pause Final Mark (N)                219 us
[1.752s][info][gc,stats    ]   Finish Mark                        93 us
[1.752s][info][gc,stats    ]   Update Region States               17 us
[1.752s][info][gc,stats    ]   Choose Collection Set              41 us
[1.752s][info][gc,stats    ]   Rebuild Free Set                   16 us
[1.752s][info][gc,stats    ] Concurrent Thread Roots             116 us, parallelism: 0.87x
[1.752s][info][gc,stats    ]   CTR: <total>                      101 us
[1.752s][info][gc,stats    ]   CTR: Thread Roots                 101 us, workers (us):  63,  38, ---, ---, ---, ---, ---, ---, 
[1.752s][info][gc,stats    ] Concurrent Weak References          131 us, parallelism: 0.51x
[1.752s][info][gc,stats    ]   CWRF: <total>                      67 us
[1.752s][info][gc,stats    ]   CWRF: Weak References              67 us, workers (us):  66,   1, ---, ---, ---, ---, ---, ---, 
[1.752s][info][gc,stats    ] Concurrent Weak Roots               617 us
[1.752s][info][gc,stats    ]   Roots                             489 us, parallelism: 1.47x
[1.752s][info][gc,stats    ]     CWR: <total>                    719 us
[1.752s][info][gc,stats    ]     CWR: Code Cache Roots           392 us, workers (us): 167, 226, ---, ---, ---, ---, ---, ---, 
[1.752s][info][gc,stats    ]     CWR: VM Weak Roots              321 us, workers (us): 234,  87, ---, ---, ---, ---, ---, ---, 
[1.752s][info][gc,stats    ]     CWR: CLDG Roots                   6 us, workers (us):   6, ---, ---, ---, ---, ---, ---, ---, 
[1.752s][info][gc,stats    ]   Rendezvous                         96 us
[1.752s][info][gc,stats    ] Concurrent Cleanup                   71 us
[1.752s][info][gc,stats    ] Concurrent Class Unloading         1433 us
[1.752s][info][gc,stats    ]   Unlink Stale                     1329 us
[1.752s][info][gc,stats    ]     System Dictionary                29 us
[1.752s][info][gc,stats    ]     Weak Class Links                  0 us
[1.752s][info][gc,stats    ]     Code Roots                     1300 us
[1.752s][info][gc,stats    ]   Rendezvous                         22 us
[1.753s][info][gc,stats    ]   Purge Unlinked                     32 us
[1.753s][info][gc,stats    ]     Code Roots                       26 us
[1.753s][info][gc,stats    ]     CLDG                              6 us
[1.753s][info][gc,stats    ]     Exception Caches                  0 us
[1.753s][info][gc,stats    ] Concurrent Strong Roots             218 us, parallelism: 0.74x
[1.753s][info][gc,stats    ]   CSR: <total>                      162 us
[1.753s][info][gc,stats    ]   CSR: VM Strong Roots                9 us, workers (us):   9,   0, ---, ---, ---, ---, ---, ---, 
[1.753s][info][gc,stats    ]   CSR: CLDG Roots                   153 us, workers (us): 153, ---, ---, ---, ---, ---, ---, ---, 
[1.753s][info][gc,stats    ] Concurrent Evacuation              1881 us
[1.753s][info][gc,stats    ] Pause Init Update Refs (G)          134 us
[1.753s][info][gc,stats    ] Pause Init Update Refs (N)           48 us
[1.753s][info][gc,stats    ]   Manage GCLABs                       4 us
[1.753s][info][gc,stats    ] Concurrent Update Refs             2030 us
[1.753s][info][gc,stats    ] Concurrent Update Thread Roots       84 us
[1.753s][info][gc,stats    ] Pause Final Update Refs (G)         147 us
[1.753s][info][gc,stats    ] Pause Final Update Refs (N)          63 us
[1.753s][info][gc,stats    ]   Update Region States               15 us
[1.753s][info][gc,stats    ]   Trash Collection Set                2 us
[1.753s][info][gc,stats    ]   Rebuild Free Set                   16 us
[1.753s][info][gc,stats    ] Concurrent Cleanup                   63 us
[1.753s][info][gc,stats    ] 
[1.753s][info][gc,stats    ] Allocation pacing accrued:
[1.753s][info][gc,stats    ]       0 of    19 ms (  0.0%): <total>
[1.753s][info][gc,stats    ]       0 of    19 ms (  0.0%): <average total>
[1.753s][info][gc,stats    ] 
[1.753s][info][gc,metaspace] Metaspace: 7012K(7232K)->7135K(7360K) NonClass: 6296K(6400K)->6407K(6528K) Class: 716K(832K)->728K(832K)
[1.753s][info][gc,ergo     ] Pacer for Idle. Initial: 40642K, Alloc Tax Rate: 1.0x
[1.754s][info][gc          ] Trigger: Start next cycle immediately
[1.754s][info][gc,ergo     ] Free: 1870M, Max: 512K regular, 1867M humongous, Frag: 1% external, 0% internal; Reserve: 101888K, Max: 512K
[1.754s][info][gc,start    ] GC(98) Concurrent reset
[1.754s][info][gc,task     ] GC(98) Using 2 of 8 workers for concurrent reset
[1.754s][info][gc,ergo     ] GC(98) Pacer for Reset. Non-Taxable: 1984M
[1.754s][info][gc          ] GC(98) Concurrent reset 0.211ms
[1.754s][info][gc,start    ] GC(98) Pause Init Mark
[1.754s][info][gc,task     ] GC(98) Using 8 of 8 workers for init marking
[1.754s][info][gc,ergo     ] GC(98) Pacer for Mark. Expected Live: 11351K, Free: 1870M, Non-Taxable: 187M, Alloc Tax Rate: 0.0x
[1.754s][info][gc          ] GC(98) Pause Init Mark 0.056ms
[1.754s][info][gc,start    ] GC(98) Concurrent marking roots
[1.754s][info][gc,task     ] GC(98) Using 2 of 8 workers for concurrent marking roots
[1.755s][info][gc          ] GC(98) Concurrent marking roots 0.421ms
[1.755s][info][gc,start    ] GC(98) Concurrent marking
[1.755s][info][gc,task     ] GC(98) Using 2 of 8 workers for concurrent marking
[1.757s][info][gc          ] GC(98) Concurrent marking 2.316ms
[1.757s][info][gc,start    ] GC(98) Pause Final Mark
[1.757s][info][gc,task     ] GC(98) Using 8 of 8 workers for final marking
[1.757s][info][gc,ergo     ] GC(98) Collectable Garbage: 2836K (85%), Immediate: 0B (0%), CSet: 2836K (85%)
[1.757s][info][gc,ergo     ] GC(98) Pacer for Evacuation. Used CSet: 12288K, Free: 1869M, Non-Taxable: 186M, Alloc Tax Rate: 1.1x
[1.757s][info][gc          ] GC(98) Pause Final Mark 0.204ms
[1.757s][info][gc,start    ] GC(98) Concurrent thread roots
[1.757s][info][gc,task     ] GC(98) Using 2 of 8 workers for Concurrent thread roots
[1.757s][info][gc          ] GC(98) Concurrent thread roots 0.102ms
[1.757s][info][gc,start    ] GC(98) Concurrent weak references
[1.757s][info][gc,task     ] GC(98) Using 2 of 8 workers for concurrent weak references
[1.758s][info][gc,ref      ] GC(98) Encountered references: Soft: 3591, Weak: 1124, Final: 4, Phantom: 583
[1.758s][info][gc,ref      ] GC(98) Discovered  references: Soft: 0, Weak: 404, Final: 4, Phantom: 290
[1.758s][info][gc,ref      ] GC(98) Enqueued    references: Soft: 0, Weak: 0, Final: 0, Phantom: 0
[1.758s][info][gc          ] GC(98) Concurrent weak references 0.108ms
[1.758s][info][gc,start    ] GC(98) Concurrent weak roots
[1.758s][info][gc,task     ] GC(98) Using 2 of 8 workers for concurrent weak root
[1.758s][info][gc          ] GC(98) Concurrent weak roots 0.853ms
[1.758s][info][gc,start    ] GC(98) Concurrent cleanup
[1.758s][info][gc          ] GC(98) Concurrent cleanup 16M->16M(146M) 0.061ms
[1.759s][info][gc,ergo     ] GC(98) Free: 1869M, Max: 512K regular, 1867M humongous, Frag: 1% external, 0% internal; Reserve: 100864K, Max: 512K
[1.759s][info][gc,start    ] GC(98) Concurrent strong roots
[1.759s][info][gc,task     ] GC(98) Using 2 of 8 workers for concurrent strong root
[1.760s][info][gc          ] GC(98) Concurrent strong roots 1.275ms
[1.760s][info][gc,start    ] GC(98) Concurrent evacuation
[1.760s][info][gc,task     ] GC(98) Using 2 of 8 workers for concurrent evacuation
[1.762s][info][gc          ] GC(98) Concurrent evacuation 1.884ms
[1.762s][info][gc,start    ] GC(98) Pause Init Update Refs
[1.762s][info][gc,ergo     ] GC(98) Pacer for Update Refs. Used: 26703K, Free: 1869M, Non-Taxable: 186M, Alloc Tax Rate: 1.1x
[1.762s][info][gc          ] GC(98) Pause Init Update Refs 0.030ms
[1.762s][info][gc,start    ] GC(98) Concurrent update references
[1.762s][info][gc,task     ] GC(98) Using 2 of 8 workers for concurrent reference update
[1.764s][info][gc          ] GC(98) Concurrent update references 1.933ms
[1.764s][info][gc,start    ] GC(98) Concurrent update thread roots
[1.764s][info][gc          ] GC(98) Concurrent update thread roots 0.116ms
[1.764s][info][gc,start    ] GC(98) Pause Final Update Refs
[1.764s][info][gc,task     ] GC(98) Using 8 of 8 workers for final reference update
[1.764s][info][gc          ] GC(98) Pause Final Update Refs 0.062ms
[1.764s][info][gc,start    ] GC(98) Concurrent cleanup
[1.764s][info][gc          ] GC(98) Concurrent cleanup 26M->14M(147M) 0.061ms
[1.764s][info][gc,ergo     ] Free: 1870M, Max: 512K regular, 1867M humongous, Frag: 1% external, 0% internal; Reserve: 101888K, Max: 512K
[1.764s][info][gc,stats    ] 
[1.764s][info][gc,stats    ] All times are wall-clock times, except per-root-class counters, that are sum over
[1.764s][info][gc,stats    ] all workers. Dividing the <total> over the root stage time estimates parallelism.
[1.764s][info][gc,stats    ] 
[1.764s][info][gc,stats    ] Concurrent Reset                    228 us
[1.764s][info][gc,stats    ] Pause Init Mark (G)                 152 us
[1.764s][info][gc,stats    ] Pause Init Mark (N)                  66 us
[1.764s][info][gc,stats    ]   Update Region States               15 us
[1.764s][info][gc,stats    ] Concurrent Mark Roots               444 us, parallelism: 1.51x
[1.764s][info][gc,stats    ]   CMR: <total>                      669 us
[1.764s][info][gc,stats    ]   CMR: Thread Roots                 119 us, workers (us):  93,  26, ---, ---, ---, ---, ---, ---, 
[1.764s][info][gc,stats    ]   CMR: Code Cache Roots             477 us, workers (us): 201, 276, ---, ---, ---, ---, ---, ---, 
[1.764s][info][gc,stats    ]   CMR: VM Strong Roots                4 us, workers (us):   4,   0, ---, ---, ---, ---, ---, ---, 
[1.764s][info][gc,stats    ]   CMR: CLDG Roots                    68 us, workers (us):  68, ---, ---, ---, ---, ---, ---, ---, 
[1.764s][info][gc,stats    ] Concurrent Marking                 2354 us
[1.764s][info][gc,stats    ] Pause Final Mark (G)                230 us
[1.764s][info][gc,stats    ] Pause Final Mark (N)                214 us
[1.764s][info][gc,stats    ]   Finish Mark                       101 us
[1.765s][info][gc,stats    ]   Update Region States               14 us
[1.765s][info][gc,stats    ]   Choose Collection Set              36 us
[1.765s][info][gc,stats    ]   Rebuild Free Set                   15 us
[1.765s][info][gc,stats    ] Concurrent Thread Roots             117 us, parallelism: 1.13x
[1.765s][info][gc,stats    ]   CTR: <total>                      131 us
[1.765s][info][gc,stats    ]   CTR: Thread Roots                 131 us, workers (us):  66,  65, ---, ---, ---, ---, ---, ---, 
[1.765s][info][gc,stats    ] Concurrent Weak References          116 us, parallelism: 0.44x
[1.765s][info][gc,stats    ]   CWRF: <total>                      51 us
[1.765s][info][gc,stats    ]   CWRF: Weak References              51 us, workers (us):  35,  16, ---, ---, ---, ---, ---, ---, 
[1.765s][info][gc,stats    ] Concurrent Weak Roots               877 us
[1.765s][info][gc,stats    ]   Roots                             189 us, parallelism: 1.73x
[1.765s][info][gc,stats    ]     CWR: <total>                    328 us
[1.765s][info][gc,stats    ]     CWR: VM Weak Roots              328 us, workers (us): 168, 160, ---, ---, ---, ---, ---, ---, 
[1.765s][info][gc,stats    ]   Rendezvous                        645 us
[1.765s][info][gc,stats    ] Concurrent Cleanup                   74 us
[1.765s][info][gc,stats    ] Concurrent Strong Roots            1301 us, parallelism: 0.47x
[1.765s][info][gc,stats    ]   CSR: <total>                      616 us
[1.765s][info][gc,stats    ]   CSR: Code Cache Roots             475 us, workers (us): 475,   0, ---, ---, ---, ---, ---, ---, 
[1.765s][info][gc,stats    ]   CSR: VM Strong Roots                9 us, workers (us):   9,   0, ---, ---, ---, ---, ---, ---, 
[1.765s][info][gc,stats    ]   CSR: CLDG Roots                   133 us, workers (us): 133, ---, ---, ---, ---, ---, ---, ---, 
[1.765s][info][gc,stats    ] Concurrent Evacuation              1909 us
[1.765s][info][gc,stats    ] Pause Init Update Refs (G)          125 us
[1.765s][info][gc,stats    ] Pause Init Update Refs (N)           39 us
[1.765s][info][gc,stats    ]   Manage GCLABs                       3 us
[1.765s][info][gc,stats    ] Concurrent Update Refs             1969 us
[1.765s][info][gc,stats    ] Concurrent Update Thread Roots      132 us
[1.765s][info][gc,stats    ] Pause Final Update Refs (G)         176 us
[1.765s][info][gc,stats    ] Pause Final Update Refs (N)          77 us
[1.765s][info][gc,stats    ]   Update Region States               16 us
[1.765s][info][gc,stats    ]   Trash Collection Set                2 us
[1.765s][info][gc,stats    ]   Rebuild Free Set                   17 us
[1.765s][info][gc,stats    ] Concurrent Cleanup                   93 us
[1.765s][info][gc,stats    ] 
[1.765s][info][gc,stats    ] Allocation pacing accrued:
[1.765s][info][gc,stats    ]       0 of    12 ms (  0.0%): <total>
[1.765s][info][gc,stats    ]       0 of    12 ms (  0.0%): <average total>
[1.765s][info][gc,stats    ] 
[1.765s][info][gc,metaspace] Metaspace: 7158K(7360K)->7236K(7488K) NonClass: 6427K(6528K)->6501K(6656K) Class: 731K(832K)->735K(832K)
[1.765s][info][gc,ergo     ] Pacer for Idle. Initial: 40642K, Alloc Tax Rate: 1.0x
[1.766s][info][gc          ] Trigger: Start next cycle immediately
[1.766s][info][gc,ergo     ] Free: 1870M, Max: 512K regular, 1867M humongous, Frag: 1% external, 0% internal; Reserve: 101888K, Max: 512K
[1.766s][info][gc,start    ] GC(99) Concurrent reset
[1.766s][info][gc,task     ] GC(99) Using 2 of 8 workers for concurrent reset
[1.766s][info][gc,ergo     ] GC(99) Pacer for Reset. Non-Taxable: 1984M
[1.766s][info][gc          ] GC(99) Concurrent reset 0.294ms
[1.766s][info][gc,start    ] GC(99) Pause Init Mark (unload classes)
[1.766s][info][gc,task     ] GC(99) Using 8 of 8 workers for init marking
[1.766s][info][gc,ergo     ] GC(99) Pacer for Mark. Expected Live: 11365K, Free: 1870M, Non-Taxable: 187M, Alloc Tax Rate: 0.0x
[1.766s][info][gc          ] GC(99) Pause Init Mark (unload classes) 0.043ms
[1.766s][info][gc,start    ] GC(99) Concurrent marking roots
[1.766s][info][gc,task     ] GC(99) Using 2 of 8 workers for concurrent marking roots
[1.773s][info][gc          ] GC(99) Concurrent marking roots 7.035ms
[1.776s][info][gc,start    ] GC(99) Concurrent marking (unload classes)
[1.776s][info][gc,task     ] GC(99) Using 2 of 8 workers for concurrent marking
[1.781s][info][gc          ] GC(99) Concurrent marking (unload classes) 4.655ms
[1.781s][info][gc,start    ] GC(99) Pause Final Mark (unload classes)
[1.781s][info][gc,task     ] GC(99) Using 8 of 8 workers for final marking
[1.783s][info][gc,ergo     ] GC(99) Collectable Garbage: 3035K (100%), Immediate: 510K (16%), CSet: 2524K (83%)
[1.783s][info][gc,ergo     ] GC(99) Pacer for Evacuation. Used CSet: 12002K, Free: 1870M, Non-Taxable: 187M, Alloc Tax Rate: 1.1x
[1.783s][info][gc          ] GC(99) Pause Final Mark (unload classes) 2.372ms
[1.783s][info][gc,start    ] GC(99) Concurrent thread roots
[1.783s][info][gc,task     ] GC(99) Using 2 of 8 workers for Concurrent thread roots
[1.784s][info][gc          ] GC(99) Concurrent thread roots 0.109ms
[1.784s][info][gc,start    ] GC(99) Concurrent weak references
[1.784s][info][gc,task     ] GC(99) Using 2 of 8 workers for concurrent weak references
[1.784s][info][gc,ref      ] GC(99) Encountered references: Soft: 3591, Weak: 1124, Final: 4, Phantom: 582
[1.784s][info][gc,ref      ] GC(99) Discovered  references: Soft: 0, Weak: 401, Final: 1, Phantom: 580
[1.784s][info][gc,ref      ] GC(99) Enqueued    references: Soft: 0, Weak: 0, Final: 0, Phantom: 0
[1.784s][info][gc          ] GC(99) Concurrent weak references 0.119ms
[1.784s][info][gc,start    ] GC(99) Concurrent weak roots
[1.784s][info][gc,task     ] GC(99) Using 2 of 8 workers for concurrent weak root
[1.784s][info][gc          ] GC(99) Concurrent weak roots 0.461ms
[1.784s][info][gc,start    ] GC(99) Concurrent cleanup
[1.784s][info][gc          ] GC(99) Concurrent cleanup 15M->14M(147M) 0.085ms
[1.784s][info][gc,ergo     ] GC(99) Free: 1870M, Max: 512K regular, 1867M humongous, Frag: 1% external, 0% internal; Reserve: 100986K, Max: 512K
[1.784s][info][gc,start    ] GC(99) Concurrent class unloading
[1.784s][info][gc,task     ] GC(99) Using 2 of 8 workers for concurrent class unloading
[1.785s][info][gc          ] GC(99) Concurrent class unloading 0.975ms
[1.785s][info][gc,start    ] GC(99) Concurrent strong roots
[1.785s][info][gc,task     ] GC(99) Using 2 of 8 workers for concurrent strong root
[1.785s][info][gc          ] GC(99) Concurrent strong roots 0.212ms
[1.786s][info][gc,start    ] GC(99) Concurrent evacuation
[1.786s][info][gc,task     ] GC(99) Using 2 of 8 workers for concurrent evacuation
[1.791s][info][gc          ] GC(99) Concurrent evacuation 5.643ms
[1.791s][info][gc,start    ] GC(99) Pause Init Update Refs
[1.791s][info][gc,ergo     ] GC(99) Pacer for Update Refs. Used: 26188K, Free: 1869M, Non-Taxable: 186M, Alloc Tax Rate: 1.1x
[1.791s][info][gc          ] GC(99) Pause Init Update Refs 0.036ms
[1.791s][info][gc,start    ] GC(99) Concurrent update references
[1.791s][info][gc,task     ] GC(99) Using 2 of 8 workers for concurrent reference update
[1.794s][info][gc          ] GC(99) Concurrent update references 2.206ms
[1.794s][info][gc,start    ] GC(99) Concurrent update thread roots
[1.797s][info][gc          ] GC(99) Concurrent update thread roots 3.788ms
[1.799s][info][gc,start    ] GC(99) Pause Final Update Refs
[1.799s][info][gc,task     ] GC(99) Using 8 of 8 workers for final reference update
[1.799s][info][gc          ] GC(99) Pause Final Update Refs 0.094ms
[1.799s][info][gc,start    ] GC(99) Concurrent cleanup
[1.799s][info][gc          ] GC(99) Concurrent cleanup 25M->13M(147M) 0.065ms
[1.799s][info][gc,ergo     ] Free: 1870M, Max: 512K regular, 1867M humongous, Frag: 1% external, 0% internal; Reserve: 101888K, Max: 512K
[1.799s][info][gc,stats    ] 
[1.799s][info][gc,stats    ] All times are wall-clock times, except per-root-class counters, that are sum over
[1.799s][info][gc,stats    ] all workers. Dividing the <total> over the root stage time estimates parallelism.
[1.799s][info][gc,stats    ] 
[1.799s][info][gc,stats    ] Concurrent Reset                    304 us
[1.799s][info][gc,stats    ] Pause Init Mark (G)                 137 us
[1.799s][info][gc,stats    ] Pause Init Mark (N)                  51 us
[1.799s][info][gc,stats    ]   Update Region States               14 us
[1.799s][info][gc,stats    ] Concurrent Mark Roots              9796 us, parallelism: 0.01x
[1.799s][info][gc,stats    ]   CMR: <total>                      143 us
[1.799s][info][gc,stats    ]   CMR: Thread Roots                  76 us, workers (us):  76,   0, ---, ---, ---, ---, ---, ---, 
[1.799s][info][gc,stats    ]   CMR: VM Strong Roots                4 us, workers (us):   4,   0, ---, ---, ---, ---, ---, ---, 
[1.799s][info][gc,stats    ]   CMR: CLDG Roots                    63 us, workers (us):  63, ---, ---, ---, ---, ---, ---, ---, 
[1.799s][info][gc,stats    ] Concurrent Marking                 4678 us
[1.799s][info][gc,stats    ] Pause Final Mark (G)               2536 us
[1.799s][info][gc,stats    ] Pause Final Mark (N)               2381 us
[1.799s][info][gc,stats    ]   Finish Mark                      2253 us
[1.799s][info][gc,stats    ]   Update Region States               22 us
[1.799s][info][gc,stats    ]   Choose Collection Set              45 us
[1.799s][info][gc,stats    ]   Rebuild Free Set                   16 us
[1.799s][info][gc,stats    ] Concurrent Thread Roots             119 us, parallelism: 1.21x
[1.799s][info][gc,stats    ]   CTR: <total>                      144 us
[1.799s][info][gc,stats    ]   CTR: Thread Roots                 144 us, workers (us):  81,  63, ---, ---, ---, ---, ---, ---, 
[1.799s][info][gc,stats    ] Concurrent Weak References          126 us, parallelism: 0.59x
[1.799s][info][gc,stats    ]   CWRF: <total>                      75 us
[1.799s][info][gc,stats    ]   CWRF: Weak References              75 us, workers (us):  71,   3, ---, ---, ---, ---, ---, ---, 
[1.799s][info][gc,stats    ] Concurrent Weak Roots               479 us
[1.799s][info][gc,stats    ]   Roots                             428 us, parallelism: 1.73x
[1.799s][info][gc,stats    ]     CWR: <total>                    742 us
[1.799s][info][gc,stats    ]     CWR: Code Cache Roots           396 us, workers (us): 166, 230, ---, ---, ---, ---, ---, ---, 
[1.799s][info][gc,stats    ]     CWR: VM Weak Roots              342 us, workers (us): 171, 171, ---, ---, ---, ---, ---, ---, 
[1.799s][info][gc,stats    ]     CWR: CLDG Roots                   4 us, workers (us):   4, ---, ---, ---, ---, ---, ---, ---, 
[1.799s][info][gc,stats    ]   Rendezvous                         19 us
[1.799s][info][gc,stats    ] Concurrent Cleanup                   95 us
[1.799s][info][gc,stats    ] Concurrent Class Unloading          989 us
[1.799s][info][gc,stats    ]   Unlink Stale                      828 us
[1.799s][info][gc,stats    ]     System Dictionary                29 us
[1.799s][info][gc,stats    ]     Weak Class Links                  0 us
[1.799s][info][gc,stats    ]     Code Roots                      798 us
[1.799s][info][gc,stats    ]   Rendezvous                        102 us
[1.799s][info][gc,stats    ]   Purge Unlinked                     25 us
[1.799s][info][gc,stats    ]     Code Roots                       21 us
[1.799s][info][gc,stats    ]     CLDG                              4 us
[1.799s][info][gc,stats    ]     Exception Caches                  0 us
[1.799s][info][gc,stats    ] Concurrent Strong Roots             224 us, parallelism: 0.77x
[1.800s][info][gc,stats    ]   CSR: <total>                      173 us
[1.800s][info][gc,stats    ]   CSR: VM Strong Roots                9 us, workers (us):   9,   0, ---, ---, ---, ---, ---, ---, 
[1.800s][info][gc,stats    ]   CSR: CLDG Roots                   164 us, workers (us): 164, ---, ---, ---, ---, ---, ---, ---, 
[1.800s][info][gc,stats    ] Concurrent Evacuation              5672 us
[1.800s][info][gc,stats    ] Pause Init Update Refs (G)          131 us
[1.800s][info][gc,stats    ] Pause Init Update Refs (N)           46 us
[1.800s][info][gc,stats    ]   Manage GCLABs                       4 us
[1.800s][info][gc,stats    ] Concurrent Update Refs             2234 us
[1.800s][info][gc,stats    ] Concurrent Update Thread Roots     4680 us
[1.800s][info][gc,stats    ] Pause Final Update Refs (G)         713 us
[1.800s][info][gc,stats    ] Pause Final Update Refs (N)         109 us
[1.800s][info][gc,stats    ]   Update Region States               22 us
[1.800s][info][gc,stats    ]   Trash Collection Set                3 us
[1.800s][info][gc,stats    ]   Rebuild Free Set                   16 us
[1.800s][info][gc,stats    ] Concurrent Cleanup                   75 us
[1.800s][info][gc,stats    ] 
[1.800s][info][gc,stats    ] Allocation pacing accrued:
[1.800s][info][gc,stats    ]       0 of    35 ms (  0.0%): <total>
[1.800s][info][gc,stats    ]       0 of    35 ms (  0.0%): <average total>
[1.800s][info][gc,stats    ] 
[1.800s][info][gc,metaspace] Metaspace: 7239K(7488K)->7395K(7616K) NonClass: 6503K(6656K)->6639K(6720K) Class: 735K(832K)->755K(896K)
[1.800s][info][gc,ergo     ] Pacer for Idle. Initial: 40642K, Alloc Tax Rate: 1.0x
[1.801s][info][gc          ] Trigger: Start next cycle immediately
[1.801s][info][gc,ergo     ] Free: 1870M, Max: 512K regular, 1867M humongous, Frag: 1% external, 0% internal; Reserve: 101888K, Max: 512K
[1.801s][info][gc,start    ] GC(100) Concurrent reset
[1.801s][info][gc,task     ] GC(100) Using 2 of 8 workers for concurrent reset
[1.801s][info][gc,ergo     ] GC(100) Pacer for Reset. Non-Taxable: 1984M
[1.801s][info][gc          ] GC(100) Concurrent reset 0.275ms
[1.801s][info][gc,start    ] GC(100) Pause Init Mark (unload classes)
[1.801s][info][gc,task     ] GC(100) Using 8 of 8 workers for init marking
[1.801s][info][gc,ergo     ] GC(100) Pacer for Mark. Expected Live: 11373K, Free: 1870M, Non-Taxable: 187M, Alloc Tax Rate: 0.0x
[1.801s][info][gc          ] GC(100) Pause Init Mark (unload classes) 0.046ms
[1.801s][info][gc,start    ] GC(100) Concurrent marking roots
[1.801s][info][gc,task     ] GC(100) Using 2 of 8 workers for concurrent marking roots
[1.802s][info][gc          ] GC(100) Concurrent marking roots 0.170ms
[1.802s][info][gc,start    ] GC(100) Concurrent marking (unload classes)
[1.802s][info][gc,task     ] GC(100) Using 2 of 8 workers for concurrent marking
[1.804s][info][gc          ] GC(100) Concurrent marking (unload classes) 2.726ms
[1.804s][info][gc,start    ] GC(100) Pause Final Mark (unload classes)
[1.804s][info][gc,task     ] GC(100) Using 8 of 8 workers for final marking
[1.805s][info][gc,ergo     ] GC(100) Collectable Garbage: 2755K (100%), Immediate: 0B (0%), CSet: 2755K (100%)
[1.805s][info][gc,ergo     ] GC(100) Pacer for Evacuation. Used CSet: 12283K, Free: 1870M, Non-Taxable: 187M, Alloc Tax Rate: 1.1x
[1.805s][info][gc          ] GC(100) Pause Final Mark (unload classes) 0.280ms
[1.805s][info][gc,start    ] GC(100) Concurrent thread roots
[1.805s][info][gc,task     ] GC(100) Using 2 of 8 workers for Concurrent thread roots
[1.805s][info][gc          ] GC(100) Concurrent thread roots 0.086ms
[1.805s][info][gc,start    ] GC(100) Concurrent weak references
[1.805s][info][gc,task     ] GC(100) Using 2 of 8 workers for concurrent weak references
[1.805s][info][gc,ref      ] GC(100) Encountered references: Soft: 3592, Weak: 1145, Final: 4, Phantom: 587
[1.805s][info][gc,ref      ] GC(100) Discovered  references: Soft: 0, Weak: 422, Final: 1, Phantom: 383
[1.805s][info][gc,ref      ] GC(100) Enqueued    references: Soft: 0, Weak: 11, Final: 0, Phantom: 4
[1.805s][info][gc          ] GC(100) Concurrent weak references 0.131ms
[1.805s][info][gc,start    ] GC(100) Concurrent weak roots
[1.805s][info][gc,task     ] GC(100) Using 2 of 8 workers for concurrent weak root
[1.806s][info][gc          ] GC(100) Concurrent weak roots 0.912ms
[1.806s][info][gc,start    ] GC(100) Concurrent cleanup
[1.806s][info][gc          ] GC(100) Concurrent cleanup 15M->15M(147M) 0.059ms
[1.806s][info][gc,ergo     ] GC(100) Free: 1869M, Max: 512K regular, 1867M humongous, Frag: 1% external, 0% internal; Reserve: 101535K, Max: 512K
[1.806s][info][gc,start    ] GC(100) Concurrent class unloading
[1.806s][info][gc,task     ] GC(100) Using 2 of 8 workers for concurrent class unloading
[1.807s][info][gc          ] GC(100) Concurrent class unloading 1.381ms
[1.807s][info][gc,start    ] GC(100) Concurrent strong roots
[1.807s][info][gc,task     ] GC(100) Using 2 of 8 workers for concurrent strong root
[1.807s][info][gc          ] GC(100) Concurrent strong roots 0.177ms
[1.808s][info][gc,start    ] GC(100) Concurrent evacuation
[1.808s][info][gc,task     ] GC(100) Using 2 of 8 workers for concurrent evacuation
[1.809s][info][gc          ] GC(100) Concurrent evacuation 1.801ms
[1.809s][info][gc,start    ] GC(100) Pause Init Update Refs
[1.809s][info][gc,ergo     ] GC(100) Pacer for Update Refs. Used: 26951K, Free: 1869M, Non-Taxable: 186M, Alloc Tax Rate: 1.1x
[1.809s][info][gc          ] GC(100) Pause Init Update Refs 0.023ms
[1.809s][info][gc,start    ] GC(100) Concurrent update references
[1.809s][info][gc,task     ] GC(100) Using 2 of 8 workers for concurrent reference update
[1.813s][info][gc          ] GC(100) Concurrent update references 3.519ms
[1.813s][info][gc,start    ] GC(100) Concurrent update thread roots
[1.813s][info][gc          ] GC(100) Concurrent update thread roots 0.133ms
[1.813s][info][gc,start    ] GC(100) Pause Final Update Refs
[1.813s][info][gc,task     ] GC(100) Using 8 of 8 workers for final reference update
[1.813s][info][gc          ] GC(100) Pause Final Update Refs 0.052ms
[1.813s][info][gc,start    ] GC(100) Concurrent cleanup
[1.813s][info][gc          ] GC(100) Concurrent cleanup 26M->14M(147M) 0.054ms
[1.813s][info][gc,ergo     ] Free: 1870M, Max: 512K regular, 1867M humongous, Frag: 1% external, 0% internal; Reserve: 101888K, Max: 512K
[1.813s][info][gc,stats    ] 
[1.813s][info][gc,stats    ] All times are wall-clock times, except per-root-class counters, that are sum over
[1.813s][info][gc,stats    ] all workers. Dividing the <total> over the root stage time estimates parallelism.
[1.813s][info][gc,stats    ] 
[1.813s][info][gc,stats    ] Concurrent Reset                    290 us
[1.813s][info][gc,stats    ] Pause Init Mark (G)                 147 us
[1.813s][info][gc,stats    ] Pause Init Mark (N)                  54 us
[1.813s][info][gc,stats    ]   Update Region States               16 us
[1.813s][info][gc,stats    ] Concurrent Mark Roots               182 us, parallelism: 1.24x
[1.813s][info][gc,stats    ]   CMR: <total>                      226 us
[1.813s][info][gc,stats    ]   CMR: Thread Roots                 137 us, workers (us):  30, 107, ---, ---, ---, ---, ---, ---, 
[1.813s][info][gc,stats    ]   CMR: VM Strong Roots                6 us, workers (us):   6,   1, ---, ---, ---, ---, ---, ---, 
[1.813s][info][gc,stats    ]   CMR: CLDG Roots                    83 us, workers (us):  83, ---, ---, ---, ---, ---, ---, ---, 
[1.813s][info][gc,stats    ] Concurrent Marking                 2747 us
[1.813s][info][gc,stats    ] Pause Final Mark (G)                372 us
[1.814s][info][gc,stats    ] Pause Final Mark (N)                288 us
[1.814s][info][gc,stats    ]   Finish Mark                       187 us
[1.814s][info][gc,stats    ]   Update Region States               14 us
[1.814s][info][gc,stats    ]   Choose Collection Set              34 us
[1.814s][info][gc,stats    ]   Rebuild Free Set                   15 us
[1.814s][info][gc,stats    ] Concurrent Thread Roots              97 us, parallelism: 1.06x
[1.814s][info][gc,stats    ]   CTR: <total>                      102 us
[1.814s][info][gc,stats    ]   CTR: Thread Roots                 102 us, workers (us):  41,  61, ---, ---, ---, ---, ---, ---, 
[1.814s][info][gc,stats    ] Concurrent Weak References          138 us, parallelism: 0.51x
[1.814s][info][gc,stats    ]   CWRF: <total>                      70 us
[1.814s][info][gc,stats    ]   CWRF: Weak References              70 us, workers (us):  67,   3, ---, ---, ---, ---, ---, ---, 
[1.814s][info][gc,stats    ] Concurrent Weak Roots               927 us
[1.814s][info][gc,stats    ]   Roots                             796 us, parallelism: 0.90x
[1.814s][info][gc,stats    ]     CWR: <total>                    718 us
[1.814s][info][gc,stats    ]     CWR: Code Cache Roots           394 us, workers (us): 394,   0, ---, ---, ---, ---, ---, ---, 
[1.814s][info][gc,stats    ]     CWR: VM Weak Roots              319 us, workers (us): 319,   0, ---, ---, ---, ---, ---, ---, 
[1.814s][info][gc,stats    ]     CWR: CLDG Roots                   5 us, workers (us):   5, ---, ---, ---, ---, ---, ---, ---, 
[1.814s][info][gc,stats    ]   Rendezvous                         98 us
[1.814s][info][gc,stats    ] Concurrent Cleanup                   68 us
[1.814s][info][gc,stats    ] Concurrent Class Unloading         1390 us
[1.814s][info][gc,stats    ]   Unlink Stale                     1327 us
[1.814s][info][gc,stats    ]     System Dictionary                25 us
[1.814s][info][gc,stats    ]     Weak Class Links                  0 us
[1.814s][info][gc,stats    ]     Code Roots                     1301 us
[1.814s][info][gc,stats    ]   Rendezvous                         19 us
[1.814s][info][gc,stats    ]   Purge Unlinked                     18 us
[1.814s][info][gc,stats    ]     Code Roots                       14 us
[1.814s][info][gc,stats    ]     CLDG                              3 us
[1.814s][info][gc,stats    ]     Exception Caches                  0 us
[1.814s][info][gc,stats    ] Concurrent Strong Roots             190 us, parallelism: 0.79x
[1.814s][info][gc,stats    ]   CSR: <total>                      149 us
[1.814s][info][gc,stats    ]   CSR: VM Strong Roots                8 us, workers (us):   7,   1, ---, ---, ---, ---, ---, ---, 
[1.814s][info][gc,stats    ]   CSR: CLDG Roots                   141 us, workers (us): 141, ---, ---, ---, ---, ---, ---, ---, 
[1.814s][info][gc,stats    ] Concurrent Evacuation              1811 us
[1.814s][info][gc,stats    ] Pause Init Update Refs (G)          120 us
[1.814s][info][gc,stats    ] Pause Init Update Refs (N)           31 us
[1.814s][info][gc,stats    ]   Manage GCLABs                       3 us
[1.814s][info][gc,stats    ] Concurrent Update Refs             3542 us
[1.814s][info][gc,stats    ] Concurrent Update Thread Roots      142 us
[1.814s][info][gc,stats    ] Pause Final Update Refs (G)         142 us
[1.814s][info][gc,stats    ] Pause Final Update Refs (N)          62 us
[1.814s][info][gc,stats    ]   Update Region States               14 us
[1.814s][info][gc,stats    ]   Trash Collection Set                3 us
[1.814s][info][gc,stats    ]   Rebuild Free Set                   17 us
[1.814s][info][gc,stats    ] Concurrent Cleanup                   63 us
[1.814s][info][gc,stats    ] 
[1.814s][info][gc,stats    ] Allocation pacing accrued:
[1.814s][info][gc,stats    ]       0 of    14 ms (  0.0%): <total>
[1.814s][info][gc,stats    ]       0 of    14 ms (  0.0%): <average total>
[1.814s][info][gc,stats    ] 
[1.814s][info][gc,metaspace] Metaspace: 7400K(7616K)->7428K(7680K) NonClass: 6643K(6720K)->6667K(6784K) Class: 756K(896K)->761K(896K)
[1.814s][info][gc,ergo     ] Pacer for Idle. Initial: 40642K, Alloc Tax Rate: 1.0x
[1.815s][info][gc          ] Trigger: Start next cycle immediately
[1.815s][info][gc,ergo     ] Free: 1870M, Max: 512K regular, 1867M humongous, Frag: 1% external, 0% internal; Reserve: 101888K, Max: 512K
[1.815s][info][gc,start    ] GC(101) Concurrent reset
[1.815s][info][gc,task     ] GC(101) Using 2 of 8 workers for concurrent reset
[1.815s][info][gc,ergo     ] GC(101) Pacer for Reset. Non-Taxable: 1984M
[1.815s][info][gc          ] GC(101) Concurrent reset 0.212ms
[1.815s][info][gc,start    ] GC(101) Pause Init Mark (unload classes)
[1.816s][info][gc,task     ] GC(101) Using 8 of 8 workers for init marking
[1.816s][info][gc,ergo     ] GC(101) Pacer for Mark. Expected Live: 11389K, Free: 1870M, Non-Taxable: 187M, Alloc Tax Rate: 0.0x
[1.816s][info][gc          ] GC(101) Pause Init Mark (unload classes) 0.053ms
[1.816s][info][gc,start    ] GC(101) Concurrent marking roots
[1.816s][info][gc,task     ] GC(101) Using 2 of 8 workers for concurrent marking roots
[1.816s][info][gc          ] GC(101) Concurrent marking roots 0.153ms
[1.816s][info][gc,start    ] GC(101) Concurrent marking (unload classes)
[1.816s][info][gc,task     ] GC(101) Using 2 of 8 workers for concurrent marking
[1.820s][info][gc          ] GC(101) Concurrent marking (unload classes) 4.334ms
[1.820s][info][gc,start    ] GC(101) Pause Final Mark (unload classes)
[1.820s][info][gc,task     ] GC(101) Using 8 of 8 workers for final marking
[1.821s][info][gc,ergo     ] GC(101) Collectable Garbage: 3227K (100%), Immediate: 0B (0%), CSet: 3227K (100%)
[1.821s][info][gc,ergo     ] GC(101) Pacer for Evacuation. Used CSet: 12761K, Free: 1869M, Non-Taxable: 186M, Alloc Tax Rate: 1.1x
[1.821s][info][gc          ] GC(101) Pause Final Mark (unload classes) 0.340ms
[1.821s][info][gc,start    ] GC(101) Concurrent thread roots
[1.821s][info][gc,task     ] GC(101) Using 2 of 8 workers for Concurrent thread roots
[1.821s][info][gc          ] GC(101) Concurrent thread roots 0.075ms
[1.821s][info][gc,start    ] GC(101) Concurrent weak references
[1.821s][info][gc,task     ] GC(101) Using 2 of 8 workers for concurrent weak references
[1.821s][info][gc,ref      ] GC(101) Encountered references: Soft: 3592, Weak: 1133, Final: 4, Phantom: 582
[1.821s][info][gc,ref      ] GC(101) Discovered  references: Soft: 0, Weak: 404, Final: 1, Phantom: 580
[1.821s][info][gc,ref      ] GC(101) Enqueued    references: Soft: 0, Weak: 0, Final: 0, Phantom: 0
[1.821s][info][gc          ] GC(101) Concurrent weak references 0.131ms
[1.821s][info][gc,start    ] GC(101) Concurrent weak roots
[1.821s][info][gc,task     ] GC(101) Using 2 of 8 workers for concurrent weak root
[1.821s][info][gc          ] GC(101) Concurrent weak roots 0.450ms
[1.821s][info][gc,start    ] GC(101) Concurrent cleanup
[1.821s][info][gc          ] GC(101) Concurrent cleanup 15M->15M(147M) 0.064ms
[1.821s][info][gc,ergo     ] GC(101) Free: 1869M, Max: 512K regular, 1867M humongous, Frag: 1% external, 0% internal; Reserve: 101533K, Max: 512K
[1.821s][info][gc,start    ] GC(101) Concurrent class unloading
[1.821s][info][gc,task     ] GC(101) Using 2 of 8 workers for concurrent class unloading
[1.822s][info][gc          ] GC(101) Concurrent class unloading 0.864ms
[1.822s][info][gc,start    ] GC(101) Concurrent strong roots
[1.822s][info][gc,task     ] GC(101) Using 2 of 8 workers for concurrent strong root
[1.822s][info][gc          ] GC(101) Concurrent strong roots 0.170ms
[1.822s][info][gc,start    ] GC(101) Concurrent evacuation
[1.822s][info][gc,task     ] GC(101) Using 2 of 8 workers for concurrent evacuation
[1.826s][info][gc          ] GC(101) Concurrent evacuation 3.372ms
[1.826s][info][gc,start    ] GC(101) Pause Init Update Refs
[1.826s][info][gc,ergo     ] GC(101) Pacer for Update Refs. Used: 26951K, Free: 1869M, Non-Taxable: 186M, Alloc Tax Rate: 1.1x
[1.826s][info][gc          ] GC(101) Pause Init Update Refs 0.025ms
[1.826s][info][gc,start    ] GC(101) Concurrent update references
[1.826s][info][gc,task     ] GC(101) Using 2 of 8 workers for concurrent reference update
[1.829s][info][gc          ] GC(101) Concurrent update references 3.438ms
[1.829s][info][gc,start    ] GC(101) Concurrent update thread roots
[1.830s][info][gc          ] GC(101) Concurrent update thread roots 0.097ms
[1.830s][info][gc,start    ] GC(101) Pause Final Update Refs
[1.830s][info][gc,task     ] GC(101) Using 8 of 8 workers for final reference update
[1.830s][info][gc          ] GC(101) Pause Final Update Refs 0.059ms
[1.830s][info][gc,start    ] GC(101) Concurrent cleanup
[1.830s][info][gc          ] GC(101) Concurrent cleanup 26M->13M(147M) 0.062ms
[1.830s][info][gc,ergo     ] Free: 1870M, Max: 512K regular, 1867M humongous, Frag: 1% external, 0% internal; Reserve: 101888K, Max: 512K
[1.830s][info][gc,stats    ] 
[1.830s][info][gc,stats    ] All times are wall-clock times, except per-root-class counters, that are sum over
[1.830s][info][gc,stats    ] all workers. Dividing the <total> over the root stage time estimates parallelism.
[1.830s][info][gc,stats    ] 
[1.830s][info][gc,stats    ] Concurrent Reset                    241 us
[1.830s][info][gc,stats    ] Pause Init Mark (G)                 145 us
[1.830s][info][gc,stats    ] Pause Init Mark (N)                  61 us
[1.830s][info][gc,stats    ]   Update Region States               15 us
[1.830s][info][gc,stats    ] Concurrent Mark Roots               163 us, parallelism: 1.29x
[1.830s][info][gc,stats    ]   CMR: <total>                      210 us
[1.830s][info][gc,stats    ]   CMR: Thread Roots                 140 us, workers (us):  35, 105, ---, ---, ---, ---, ---, ---, 
[1.830s][info][gc,stats    ]   CMR: VM Strong Roots                6 us, workers (us):   3,   2, ---, ---, ---, ---, ---, ---, 
[1.830s][info][gc,stats    ]   CMR: CLDG Roots                    64 us, workers (us):  64, ---, ---, ---, ---, ---, ---, ---, 
[1.830s][info][gc,stats    ] Concurrent Marking                 4356 us
[1.830s][info][gc,stats    ] Pause Final Mark (G)                509 us
[1.830s][info][gc,stats    ] Pause Final Mark (N)                349 us
[1.830s][info][gc,stats    ]   Finish Mark                       244 us
[1.830s][info][gc,stats    ]   Update Region States               15 us
[1.830s][info][gc,stats    ]   Choose Collection Set              29 us
[1.830s][info][gc,stats    ]   Rebuild Free Set                   15 us
[1.830s][info][gc,stats    ] Concurrent Thread Roots              85 us, parallelism: 0.97x
[1.830s][info][gc,stats    ]   CTR: <total>                       82 us
[1.831s][info][gc,stats    ]   CTR: Thread Roots                  82 us, workers (us):  42,  40, ---, ---, ---, ---, ---, ---, 
[1.831s][info][gc,stats    ] Concurrent Weak References          138 us, parallelism: 0.47x
[1.831s][info][gc,stats    ]   CWRF: <total>                      65 us
[1.831s][info][gc,stats    ]   CWRF: Weak References              65 us, workers (us):  65,   0, ---, ---, ---, ---, ---, ---, 
[1.831s][info][gc,stats    ] Concurrent Weak Roots               463 us
[1.831s][info][gc,stats    ]   Roots                             407 us, parallelism: 1.71x
[1.831s][info][gc,stats    ]     CWR: <total>                    693 us
[1.831s][info][gc,stats    ]     CWR: Code Cache Roots           370 us, workers (us): 218, 153, ---, ---, ---, ---, ---, ---, 
[1.831s][info][gc,stats    ]     CWR: VM Weak Roots              317 us, workers (us): 165, 152, ---, ---, ---, ---, ---, ---, 
[1.831s][info][gc,stats    ]     CWR: CLDG Roots                   6 us, workers (us): ---,   6, ---, ---, ---, ---, ---, ---, 
[1.831s][info][gc,stats    ]   Rendezvous                         28 us
[1.831s][info][gc,stats    ] Concurrent Cleanup                   73 us
[1.831s][info][gc,stats    ] Concurrent Class Unloading          875 us
[1.831s][info][gc,stats    ]   Unlink Stale                      821 us
[1.831s][info][gc,stats    ]     System Dictionary                17 us
[1.831s][info][gc,stats    ]     Weak Class Links                  0 us
[1.831s][info][gc,stats    ]     Code Roots                      803 us
[1.831s][info][gc,stats    ]   Rendezvous                         21 us
[1.831s][info][gc,stats    ]   Purge Unlinked                      5 us
[1.831s][info][gc,stats    ]     Code Roots                        1 us
[1.831s][info][gc,stats    ]     CLDG                              4 us
[1.831s][info][gc,stats    ]     Exception Caches                  0 us
[1.831s][info][gc,stats    ] Concurrent Strong Roots             182 us, parallelism: 0.78x
[1.831s][info][gc,stats    ]   CSR: <total>                      142 us
[1.831s][info][gc,stats    ]   CSR: VM Strong Roots               11 us, workers (us):   6,   5, ---, ---, ---, ---, ---, ---, 
[1.831s][info][gc,stats    ]   CSR: CLDG Roots                   132 us, workers (us): 132, ---, ---, ---, ---, ---, ---, ---, 
[1.831s][info][gc,stats    ] Concurrent Evacuation              3397 us
[1.831s][info][gc,stats    ] Pause Init Update Refs (G)          120 us
[1.831s][info][gc,stats    ] Pause Init Update Refs (N)           33 us
[1.831s][info][gc,stats    ]   Manage GCLABs                       3 us
[1.831s][info][gc,stats    ] Concurrent Update Refs             3458 us
[1.831s][info][gc,stats    ] Concurrent Update Thread Roots      113 us
[1.831s][info][gc,stats    ] Pause Final Update Refs (G)         134 us
[1.831s][info][gc,stats    ] Pause Final Update Refs (N)         118 us
[1.831s][info][gc,stats    ]   Update Region States               15 us
[1.831s][info][gc,stats    ]   Trash Collection Set                3 us
[1.831s][info][gc,stats    ]   Rebuild Free Set                   17 us
[1.831s][info][gc,stats    ] Concurrent Cleanup                   75 us
[1.831s][info][gc,stats    ] 
[1.831s][info][gc,stats    ] Allocation pacing accrued:
[1.831s][info][gc,stats    ]       0 of    17 ms (  0.0%): <total>
[1.831s][info][gc,stats    ]       0 of    17 ms (  0.0%): <average total>
[1.831s][info][gc,stats    ] 
[1.831s][info][gc,metaspace] Metaspace: 7462K(7744K)->7540K(7808K) NonClass: 6698K(6848K)->6769K(6912K) Class: 763K(896K)->770K(896K)
[1.831s][info][gc,ergo     ] Pacer for Idle. Initial: 40642K, Alloc Tax Rate: 1.0x
[1.832s][info][gc          ] Trigger: Start next cycle immediately
[1.832s][info][gc,ergo     ] Free: 1870M, Max: 512K regular, 1867M humongous, Frag: 1% external, 0% internal; Reserve: 101888K, Max: 512K
[1.832s][info][gc,start    ] GC(102) Concurrent reset
[1.832s][info][gc,task     ] GC(102) Using 2 of 8 workers for concurrent reset
[1.832s][info][gc,ergo     ] GC(102) Pacer for Reset. Non-Taxable: 1984M
[1.832s][info][gc          ] GC(102) Concurrent reset 0.211ms
[1.833s][info][gc,start    ] GC(102) Pause Init Mark
[1.833s][info][gc,task     ] GC(102) Using 8 of 8 workers for init marking
[1.833s][info][gc,ergo     ] GC(102) Pacer for Mark. Expected Live: 11408K, Free: 1870M, Non-Taxable: 187M, Alloc Tax Rate: 0.0x
[1.833s][info][gc          ] GC(102) Pause Init Mark 0.062ms
[1.833s][info][gc,start    ] GC(102) Concurrent marking roots
[1.833s][info][gc,task     ] GC(102) Using 2 of 8 workers for concurrent marking roots
[1.833s][info][gc          ] GC(102) Concurrent marking roots 0.687ms
[1.833s][info][gc,start    ] GC(102) Concurrent marking
[1.833s][info][gc,task     ] GC(102) Using 2 of 8 workers for concurrent marking
[1.837s][info][gc          ] GC(102) Concurrent marking 3.240ms
[1.837s][info][gc,start    ] GC(102) Pause Final Mark
[1.837s][info][gc,task     ] GC(102) Using 8 of 8 workers for final marking
[1.838s][info][gc,ergo     ] GC(102) Collectable Garbage: 2750K (100%), Immediate: 0B (0%), CSet: 2750K (100%)
[1.839s][info][gc,ergo     ] GC(102) Pacer for Evacuation. Used CSet: 12287K, Free: 1870M, Non-Taxable: 187M, Alloc Tax Rate: 1.1x
[1.839s][info][gc          ] GC(102) Pause Final Mark 1.876ms
[1.839s][info][gc,start    ] GC(102) Concurrent thread roots
[1.839s][info][gc,task     ] GC(102) Using 2 of 8 workers for Concurrent thread roots
[1.839s][info][gc          ] GC(102) Concurrent thread roots 0.136ms
[1.839s][info][gc,start    ] GC(102) Concurrent weak references
[1.839s][info][gc,task     ] GC(102) Using 2 of 8 workers for concurrent weak references
[1.839s][info][gc,ref      ] GC(102) Encountered references: Soft: 3593, Weak: 1133, Final: 4, Phantom: 582
[1.839s][info][gc,ref      ] GC(102) Discovered  references: Soft: 0, Weak: 406, Final: 4, Phantom: 197
[1.839s][info][gc,ref      ] GC(102) Enqueued    references: Soft: 0, Weak: 0, Final: 0, Phantom: 0
[1.839s][info][gc          ] GC(102) Concurrent weak references 0.233ms
[1.839s][info][gc,start    ] GC(102) Concurrent weak roots
[1.839s][info][gc,task     ] GC(102) Using 2 of 8 workers for concurrent weak root
[1.840s][info][gc          ] GC(102) Concurrent weak roots 0.760ms
[1.840s][info][gc,start    ] GC(102) Concurrent cleanup
[1.840s][info][gc          ] GC(102) Concurrent cleanup 15M->15M(147M) 0.083ms
[1.840s][info][gc,ergo     ] GC(102) Free: 1869M, Max: 512K regular, 1867M humongous, Frag: 1% external, 0% internal; Reserve: 101561K, Max: 512K
[1.840s][info][gc,start    ] GC(102) Concurrent strong roots
[1.840s][info][gc,task     ] GC(102) Using 2 of 8 workers for concurrent strong root
[1.841s][info][gc          ] GC(102) Concurrent strong roots 0.526ms
[1.841s][info][gc,start    ] GC(102) Concurrent evacuation
[1.841s][info][gc,task     ] GC(102) Using 2 of 8 workers for concurrent evacuation
[1.843s][info][gc          ] GC(102) Concurrent evacuation 1.905ms
[1.844s][info][gc,start    ] GC(102) Pause Init Update Refs
[1.844s][info][gc,ergo     ] GC(102) Pacer for Update Refs. Used: 25998K, Free: 1869M, Non-Taxable: 186M, Alloc Tax Rate: 1.1x
[1.844s][info][gc          ] GC(102) Pause Init Update Refs 0.043ms
[1.844s][info][gc,start    ] GC(102) Concurrent update references
[1.844s][info][gc,task     ] GC(102) Using 2 of 8 workers for concurrent reference update
[1.847s][info][gc          ] GC(102) Concurrent update references 2.875ms
[1.847s][info][gc,start    ] GC(102) Concurrent update thread roots
[1.847s][info][gc          ] GC(102) Concurrent update thread roots 0.076ms
[1.847s][info][gc,start    ] GC(102) Pause Final Update Refs
[1.847s][info][gc,task     ] GC(102) Using 8 of 8 workers for final reference update
[1.847s][info][gc          ] GC(102) Pause Final Update Refs 0.060ms
[1.847s][info][gc,start    ] GC(102) Concurrent cleanup
[1.847s][info][gc          ] GC(102) Concurrent cleanup 25M->13M(147M) 0.087ms
[1.847s][info][gc,ergo     ] Free: 1871M, Max: 512K regular, 1867M humongous, Frag: 1% external, 0% internal; Reserve: 101888K, Max: 512K
[1.847s][info][gc,stats    ] 
[1.847s][info][gc,stats    ] All times are wall-clock times, except per-root-class counters, that are sum over
[1.847s][info][gc,stats    ] all workers. Dividing the <total> over the root stage time estimates parallelism.
[1.847s][info][gc,stats    ] 
[1.848s][info][gc,stats    ] Concurrent Reset                    226 us
[1.848s][info][gc,stats    ] Pause Init Mark (G)                 234 us
[1.848s][info][gc,stats    ] Pause Init Mark (N)                  72 us
[1.848s][info][gc,stats    ]   Update Region States               15 us
[1.848s][info][gc,stats    ] Concurrent Mark Roots               712 us, parallelism: 0.87x
[1.848s][info][gc,stats    ]   CMR: <total>                      621 us
[1.848s][info][gc,stats    ]   CMR: Thread Roots                  35 us, workers (us):  35,   0, ---, ---, ---, ---, ---, ---, 
[1.848s][info][gc,stats    ]   CMR: Code Cache Roots             508 us, workers (us): 508,   0, ---, ---, ---, ---, ---, ---, 
[1.848s][info][gc,stats    ]   CMR: VM Strong Roots                4 us, workers (us):   4,   0, ---, ---, ---, ---, ---, ---, 
[1.848s][info][gc,stats    ]   CMR: CLDG Roots                    73 us, workers (us):  73, ---, ---, ---, ---, ---, ---, ---, 
[1.848s][info][gc,stats    ] Concurrent Marking                 3289 us
[1.848s][info][gc,stats    ] Pause Final Mark (G)               1924 us
[1.848s][info][gc,stats    ] Pause Final Mark (N)               1902 us
[1.848s][info][gc,stats    ]   Finish Mark                      1645 us
[1.848s][info][gc,stats    ]   Update Region States               16 us
[1.848s][info][gc,stats    ]   Choose Collection Set              86 us
[1.848s][info][gc,stats    ]   Rebuild Free Set                   20 us
[1.848s][info][gc,stats    ] Concurrent Thread Roots             174 us, parallelism: 0.55x
[1.848s][info][gc,stats    ]   CTR: <total>                       96 us
[1.848s][info][gc,stats    ]   CTR: Thread Roots                  96 us, workers (us):  48,  48, ---, ---, ---, ---, ---, ---, 
[1.848s][info][gc,stats    ] Concurrent Weak References          264 us, parallelism: 0.18x
[1.848s][info][gc,stats    ]   CWRF: <total>                      47 us
[1.848s][info][gc,stats    ]   CWRF: Weak References              47 us, workers (us):  47,   0, ---, ---, ---, ---, ---, ---, 
[1.848s][info][gc,stats    ] Concurrent Weak Roots               801 us
[1.848s][info][gc,stats    ]   Roots                             198 us, parallelism: 1.65x
[1.848s][info][gc,stats    ]     CWR: <total>                    328 us
[1.848s][info][gc,stats    ]     CWR: VM Weak Roots              328 us, workers (us): 161, 167, ---, ---, ---, ---, ---, ---, 
[1.848s][info][gc,stats    ]   Rendezvous                        488 us
[1.848s][info][gc,stats    ] Concurrent Cleanup                  122 us
[1.848s][info][gc,stats    ] Concurrent Strong Roots             585 us, parallelism: 1.27x
[1.848s][info][gc,stats    ]   CSR: <total>                      743 us
[1.848s][info][gc,stats    ]   CSR: Code Cache Roots             598 us, workers (us): 244, 354, ---, ---, ---, ---, ---, ---, 
[1.848s][info][gc,stats    ]   CSR: VM Strong Roots               10 us, workers (us):  10,   0, ---, ---, ---, ---, ---, ---, 
[1.848s][info][gc,stats    ]   CSR: CLDG Roots                   134 us, workers (us): 134, ---, ---, ---, ---, ---, ---, ---, 
[1.848s][info][gc,stats    ] Concurrent Evacuation              1945 us
[1.848s][info][gc,stats    ] Pause Init Update Refs (G)         1112 us
[1.848s][info][gc,stats    ] Pause Init Update Refs (N)           52 us
[1.848s][info][gc,stats    ]   Manage GCLABs                       5 us
[1.848s][info][gc,stats    ] Concurrent Update Refs             2959 us
[1.848s][info][gc,stats    ] Concurrent Update Thread Roots      117 us
[1.848s][info][gc,stats    ] Pause Final Update Refs (G)         185 us
[1.848s][info][gc,stats    ] Pause Final Update Refs (N)          71 us
[1.848s][info][gc,stats    ]   Update Region States               15 us
[1.849s][info][gc,stats    ]   Trash Collection Set                2 us
[1.849s][info][gc,stats    ]   Rebuild Free Set                   17 us
[1.849s][info][gc,stats    ] Concurrent Cleanup                  123 us
[1.849s][info][gc,stats    ] 
[1.849s][info][gc,stats    ] Allocation pacing accrued:
[1.849s][info][gc,stats    ]       0 of    18 ms (  0.0%): <total>
[1.849s][info][gc,stats    ]       0 of    18 ms (  0.0%): <average total>
[1.849s][info][gc,stats    ] 
[1.849s][info][gc,metaspace] Metaspace: 7561K(7808K)->7644K(7872K) NonClass: 6789K(6912K)->6868K(6976K) Class: 772K(896K)->775K(896K)
[1.849s][info][gc,ergo     ] Pacer for Idle. Initial: 40642K, Alloc Tax Rate: 1.0x
[1.850s][info][gc          ] Trigger: Start next cycle immediately
[1.850s][info][gc,ergo     ] Free: 1871M, Max: 512K regular, 1867M humongous, Frag: 1% external, 0% internal; Reserve: 101888K, Max: 512K
[1.850s][info][gc,start    ] GC(103) Concurrent reset
[1.850s][info][gc,task     ] GC(103) Using 2 of 8 workers for concurrent reset
[1.850s][info][gc,ergo     ] GC(103) Pacer for Reset. Non-Taxable: 1984M
[1.850s][info][gc          ] GC(103) Concurrent reset 0.284ms
[1.851s][info][gc,start    ] GC(103) Pause Init Mark (unload classes)
[1.851s][info][gc,task     ] GC(103) Using 8 of 8 workers for init marking
[1.851s][info][gc,ergo     ] GC(103) Pacer for Mark. Expected Live: 11415K, Free: 1871M, Non-Taxable: 187M, Alloc Tax Rate: 0.0x
[1.851s][info][gc          ] GC(103) Pause Init Mark (unload classes) 0.068ms
[1.851s][info][gc,start    ] GC(103) Concurrent marking roots
[1.851s][info][gc,task     ] GC(103) Using 2 of 8 workers for concurrent marking roots
[1.851s][info][gc          ] GC(103) Concurrent marking roots 0.164ms
[1.851s][info][gc,start    ] GC(103) Concurrent marking (unload classes)
[1.851s][info][gc,task     ] GC(103) Using 2 of 8 workers for concurrent marking
[1.855s][info][gc          ] GC(103) Concurrent marking (unload classes) 4.526ms
[1.855s][info][gc,start    ] GC(103) Pause Final Mark (unload classes)
[1.856s][info][gc,task     ] GC(103) Using 8 of 8 workers for final marking
[1.856s][info][gc,ergo     ] GC(103) Collectable Garbage: 2256K (100%), Immediate: 33024B (1%), CSet: 2224K (98%)
[1.856s][info][gc,ergo     ] GC(103) Pacer for Evacuation. Used CSet: 11772K, Free: 1870M, Non-Taxable: 187M, Alloc Tax Rate: 1.1x
[1.856s][info][gc          ] GC(103) Pause Final Mark (unload classes) 0.278ms
[1.856s][info][gc,start    ] GC(103) Concurrent thread roots
[1.856s][info][gc,task     ] GC(103) Using 2 of 8 workers for Concurrent thread roots
[1.856s][info][gc          ] GC(103) Concurrent thread roots 0.081ms
[1.856s][info][gc,start    ] GC(103) Concurrent weak references
[1.856s][info][gc,task     ] GC(103) Using 2 of 8 workers for concurrent weak references
[1.856s][info][gc,ref      ] GC(103) Encountered references: Soft: 3594, Weak: 1133, Final: 4, Phantom: 582
[1.856s][info][gc,ref      ] GC(103) Discovered  references: Soft: 0, Weak: 405, Final: 0, Phantom: 579
[1.856s][info][gc,ref      ] GC(103) Enqueued    references: Soft: 0, Weak: 0, Final: 0, Phantom: 0
[1.856s][info][gc          ] GC(103) Concurrent weak references 0.113ms
[1.856s][info][gc,start    ] GC(103) Concurrent weak roots
[1.856s][info][gc,task     ] GC(103) Using 2 of 8 workers for concurrent weak root
[1.857s][info][gc          ] GC(103) Concurrent weak roots 0.913ms
[1.857s][info][gc,start    ] GC(103) Concurrent cleanup
[1.857s][info][gc          ] GC(103) Concurrent cleanup 15M->15M(147M) 0.079ms
[1.857s][info][gc,ergo     ] GC(103) Free: 1870M, Max: 512K regular, 1867M humongous, Frag: 1% external, 0% internal; Reserve: 100864K, Max: 512K
[1.857s][info][gc,start    ] GC(103) Concurrent class unloading
[1.857s][info][gc,task     ] GC(103) Using 2 of 8 workers for concurrent class unloading
[1.862s][info][gc          ] GC(103) Concurrent class unloading 4.790ms
[1.862s][info][gc,start    ] GC(103) Concurrent strong roots
[1.862s][info][gc,task     ] GC(103) Using 2 of 8 workers for concurrent strong root
[1.862s][info][gc          ] GC(103) Concurrent strong roots 0.256ms
[1.862s][info][gc,start    ] GC(103) Concurrent evacuation
[1.862s][info][gc,task     ] GC(103) Using 2 of 8 workers for concurrent evacuation
[1.864s][info][gc          ] GC(103) Concurrent evacuation 1.826ms
[1.864s][info][gc,start    ] GC(103) Pause Init Update Refs
[1.864s][info][gc,ergo     ] GC(103) Pacer for Update Refs. Used: 25450K, Free: 1870M, Non-Taxable: 187M, Alloc Tax Rate: 1.1x
[1.864s][info][gc          ] GC(103) Pause Init Update Refs 0.089ms
[1.864s][info][gc,start    ] GC(103) Concurrent update references
[1.864s][info][gc,task     ] GC(103) Using 2 of 8 workers for concurrent reference update
[1.868s][info][gc          ] GC(103) Concurrent update references 3.642ms
[1.868s][info][gc,start    ] GC(103) Concurrent update thread roots
[1.868s][info][gc          ] GC(103) Concurrent update thread roots 0.091ms
[1.868s][info][gc,start    ] GC(103) Pause Final Update Refs
[1.868s][info][gc,task     ] GC(103) Using 8 of 8 workers for final reference update
[1.868s][info][gc          ] GC(103) Pause Final Update Refs 0.086ms
[1.870s][info][gc,start    ] GC(103) Concurrent cleanup
[1.870s][info][gc          ] GC(103) Concurrent cleanup 24M->13M(147M) 0.080ms
[1.870s][info][gc,ergo     ] Free: 1871M, Max: 512K regular, 1867M humongous, Frag: 1% external, 0% internal; Reserve: 101888K, Max: 512K
[1.870s][info][gc,stats    ] 
[1.870s][info][gc,stats    ] All times are wall-clock times, except per-root-class counters, that are sum over
[1.870s][info][gc,stats    ] all workers. Dividing the <total> over the root stage time estimates parallelism.
[1.870s][info][gc,stats    ] 
[1.870s][info][gc,stats    ] Concurrent Reset                    331 us
[1.870s][info][gc,stats    ] Pause Init Mark (G)                 537 us
[1.870s][info][gc,stats    ] Pause Init Mark (N)                  77 us
[1.870s][info][gc,stats    ]   Update Region States               21 us
[1.870s][info][gc,stats    ] Concurrent Mark Roots               177 us, parallelism: 0.71x
[1.870s][info][gc,stats    ]   CMR: <total>                      125 us
[1.870s][info][gc,stats    ]   CMR: Thread Roots                  63 us, workers (us):   0,  63, ---, ---, ---, ---, ---, ---, 
[1.870s][info][gc,stats    ]   CMR: VM Strong Roots                6 us, workers (us):   4,   2, ---, ---, ---, ---, ---, ---, 
[1.870s][info][gc,stats    ]   CMR: CLDG Roots                    56 us, workers (us):  56, ---, ---, ---, ---, ---, ---, ---, 
[1.870s][info][gc,stats    ] Concurrent Marking                 4569 us
[1.870s][info][gc,stats    ] Pause Final Mark (G)                334 us
[1.870s][info][gc,stats    ] Pause Final Mark (N)                314 us
[1.870s][info][gc,stats    ]   Finish Mark                        76 us
[1.870s][info][gc,stats    ]   Update Region States               14 us
[1.870s][info][gc,stats    ]   Choose Collection Set              76 us
[1.870s][info][gc,stats    ]   Rebuild Free Set                   19 us
[1.870s][info][gc,stats    ] Concurrent Thread Roots              93 us, parallelism: 0.92x
[1.870s][info][gc,stats    ]   CTR: <total>                       85 us
[1.870s][info][gc,stats    ]   CTR: Thread Roots                  85 us, workers (us):  51,  35, ---, ---, ---, ---, ---, ---, 
[1.870s][info][gc,stats    ] Concurrent Weak References          122 us, parallelism: 0.59x
[1.870s][info][gc,stats    ]   CWRF: <total>                      72 us
[1.870s][info][gc,stats    ]   CWRF: Weak References              72 us, workers (us):  27,  45, ---, ---, ---, ---, ---, ---, 
[1.870s][info][gc,stats    ] Concurrent Weak Roots               972 us
[1.870s][info][gc,stats    ]   Roots                             397 us, parallelism: 1.72x
[1.870s][info][gc,stats    ]     CWR: <total>                    682 us
[1.870s][info][gc,stats    ]     CWR: Code Cache Roots           346 us, workers (us): 144, 201, ---, ---, ---, ---, ---, ---, 
[1.870s][info][gc,stats    ]     CWR: VM Weak Roots              332 us, workers (us): 170, 162, ---, ---, ---, ---, ---, ---, 
[1.870s][info][gc,stats    ]     CWR: CLDG Roots                   5 us, workers (us): ---,   5, ---, ---, ---, ---, ---, ---, 
[1.870s][info][gc,stats    ]   Rendezvous                        496 us
[1.870s][info][gc,stats    ] Concurrent Cleanup                  118 us
[1.870s][info][gc,stats    ] Concurrent Class Unloading         4838 us
[1.870s][info][gc,stats    ]   Unlink Stale                     1371 us
[1.870s][info][gc,stats    ]     System Dictionary               110 us
[1.870s][info][gc,stats    ]     Weak Class Links                  0 us
[1.871s][info][gc,stats    ]     Code Roots                     1260 us
[1.871s][info][gc,stats    ]   Rendezvous                       3166 us
[1.871s][info][gc,stats    ]   Purge Unlinked                    184 us
[1.871s][info][gc,stats    ]     Code Roots                      180 us
[1.871s][info][gc,stats    ]     CLDG                              4 us
[1.871s][info][gc,stats    ]     Exception Caches                  0 us
[1.871s][info][gc,stats    ] Concurrent Strong Roots             341 us, parallelism: 0.45x
[1.871s][info][gc,stats    ]   CSR: <total>                      154 us
[1.871s][info][gc,stats    ]   CSR: VM Strong Roots               10 us, workers (us):   9,   0, ---, ---, ---, ---, ---, ---, 
[1.871s][info][gc,stats    ]   CSR: CLDG Roots                   144 us, workers (us): 144, ---, ---, ---, ---, ---, ---, ---, 
[1.871s][info][gc,stats    ] Concurrent Evacuation              1885 us
[1.871s][info][gc,stats    ] Pause Init Update Refs (G)          190 us
[1.871s][info][gc,stats    ] Pause Init Update Refs (N)          100 us
[1.871s][info][gc,stats    ]   Manage GCLABs                       4 us
[1.871s][info][gc,stats    ] Concurrent Update Refs             3706 us
[1.871s][info][gc,stats    ] Concurrent Update Thread Roots      120 us
[1.871s][info][gc,stats    ] Pause Final Update Refs (G)        1262 us
[1.871s][info][gc,stats    ] Pause Final Update Refs (N)        1170 us
[1.871s][info][gc,stats    ]   Update Region States               21 us
[1.871s][info][gc,stats    ]   Trash Collection Set                3 us
[1.871s][info][gc,stats    ]   Rebuild Free Set                   17 us
[1.871s][info][gc,stats    ] Concurrent Cleanup                  121 us
[1.871s][info][gc,stats    ] 
[1.871s][info][gc,stats    ] Allocation pacing accrued:
[1.871s][info][gc,stats    ]       0 of    22 ms (  0.0%): <total>
[1.871s][info][gc,stats    ]       0 of    22 ms (  0.0%): <average total>
[1.871s][info][gc,stats    ] 
[1.871s][info][gc,metaspace] Metaspace: 7659K(7872K)->7818K(8000K) NonClass: 6880K(6976K)->7022K(7104K) Class: 779K(896K)->795K(896K)
[1.871s][info][gc,ergo     ] Pacer for Idle. Initial: 40642K, Alloc Tax Rate: 1.0x
[1.876s][info][gc          ] Trigger: Start next cycle immediately
[1.876s][info][gc,ergo     ] Free: 1870M, Max: 512K regular, 1867M humongous, Frag: 1% external, 0% internal; Reserve: 101888K, Max: 512K
[1.876s][info][gc,start    ] GC(104) Concurrent reset
[1.876s][info][gc,task     ] GC(104) Using 2 of 8 workers for concurrent reset
[1.876s][info][gc,ergo     ] GC(104) Pacer for Reset. Non-Taxable: 1984M
[1.877s][info][gc          ] GC(104) Concurrent reset 1.137ms
[1.877s][info][gc,start    ] GC(104) Pause Init Mark
[1.878s][info][gc,task     ] GC(104) Using 8 of 8 workers for init marking
[1.878s][info][gc,ergo     ] GC(104) Pacer for Mark. Expected Live: 11430K, Free: 1870M, Non-Taxable: 187M, Alloc Tax Rate: 0.0x
[1.878s][info][gc          ] GC(104) Pause Init Mark 0.072ms
[1.878s][info][gc,start    ] GC(104) Concurrent marking roots
[1.878s][info][gc,task     ] GC(104) Using 2 of 8 workers for concurrent marking roots
[1.878s][info][gc          ] GC(104) Concurrent marking roots 0.482ms
[1.878s][info][gc,start    ] GC(104) Concurrent marking
[1.878s][info][gc,task     ] GC(104) Using 2 of 8 workers for concurrent marking
[1.881s][info][gc          ] GC(104) Concurrent marking 2.779ms
[1.881s][info][gc,start    ] GC(104) Pause Final Mark
[1.882s][info][gc,task     ] GC(104) Using 8 of 8 workers for final marking
[1.885s][info][gc,ergo     ] GC(104) Collectable Garbage: 2714K (100%), Immediate: 0B (0%), CSet: 2714K (100%)
[1.885s][info][gc,ergo     ] GC(104) Pacer for Evacuation. Used CSet: 12288K, Free: 1870M, Non-Taxable: 187M, Alloc Tax Rate: 1.1x
[1.885s][info][gc          ] GC(104) Pause Final Mark 3.551ms
[1.885s][info][gc,start    ] GC(104) Concurrent thread roots
[1.885s][info][gc,task     ] GC(104) Using 2 of 8 workers for Concurrent thread roots
[1.885s][info][gc          ] GC(104) Concurrent thread roots 0.145ms
[1.885s][info][gc,start    ] GC(104) Concurrent weak references
[1.885s][info][gc,task     ] GC(104) Using 2 of 8 workers for concurrent weak references
[1.885s][info][gc,ref      ] GC(104) Encountered references: Soft: 3594, Weak: 1135, Final: 4, Phantom: 582
[1.885s][info][gc,ref      ] GC(104) Discovered  references: Soft: 0, Weak: 437, Final: 4, Phantom: 356
[1.885s][info][gc,ref      ] GC(104) Enqueued    references: Soft: 0, Weak: 0, Final: 0, Phantom: 0
[1.885s][info][gc          ] GC(104) Concurrent weak references 0.121ms
[1.885s][info][gc,start    ] GC(104) Concurrent weak roots
[1.885s][info][gc,task     ] GC(104) Using 2 of 8 workers for concurrent weak root
[1.889s][info][gc          ] GC(104) Concurrent weak roots 3.647ms
[1.889s][info][gc,start    ] GC(104) Concurrent cleanup
[1.889s][info][gc          ] GC(104) Concurrent cleanup 15M->15M(147M) 0.067ms
[1.889s][info][gc,ergo     ] GC(104) Free: 1869M, Max: 512K regular, 1867M humongous, Frag: 1% external, 0% internal; Reserve: 100864K, Max: 512K
[1.889s][info][gc,start    ] GC(104) Concurrent strong roots
[1.889s][info][gc,task     ] GC(104) Using 2 of 8 workers for concurrent strong root
[1.890s][info][gc          ] GC(104) Concurrent strong roots 0.529ms
[1.890s][info][gc,start    ] GC(104) Concurrent evacuation
[1.890s][info][gc,task     ] GC(104) Using 2 of 8 workers for concurrent evacuation
[1.893s][info][gc          ] GC(104) Concurrent evacuation 2.809ms
[1.897s][info][gc,start    ] GC(104) Pause Init Update Refs
[1.898s][info][gc,ergo     ] GC(104) Pacer for Update Refs. Used: 25958K, Free: 1869M, Non-Taxable: 186M, Alloc Tax Rate: 1.1x
[1.898s][info][gc          ] GC(104) Pause Init Update Refs 0.048ms
[1.898s][info][gc,start    ] GC(104) Concurrent update references
[1.898s][info][gc,task     ] GC(104) Using 2 of 8 workers for concurrent reference update
[1.900s][info][gc          ] GC(104) Concurrent update references 2.129ms
[1.900s][info][gc,start    ] GC(104) Concurrent update thread roots
[1.900s][info][gc          ] GC(104) Concurrent update thread roots 0.164ms
[1.900s][info][gc,start    ] GC(104) Pause Final Update Refs
[1.900s][info][gc,task     ] GC(104) Using 8 of 8 workers for final reference update
[1.900s][info][gc          ] GC(104) Pause Final Update Refs 0.061ms
[1.900s][info][gc,start    ] GC(104) Concurrent cleanup
[1.900s][info][gc          ] GC(104) Concurrent cleanup 25M->13M(147M) 0.057ms
[1.900s][info][gc,ergo     ] Free: 1871M, Max: 512K regular, 1867M humongous, Frag: 1% external, 0% internal; Reserve: 101888K, Max: 512K
[1.900s][info][gc,stats    ] 
[1.900s][info][gc,stats    ] All times are wall-clock times, except per-root-class counters, that are sum over
[1.900s][info][gc,stats    ] all workers. Dividing the <total> over the root stage time estimates parallelism.
[1.900s][info][gc,stats    ] 
[1.900s][info][gc,stats    ] Concurrent Reset                   1201 us
[1.900s][info][gc,stats    ] Pause Init Mark (G)                 448 us
[1.900s][info][gc,stats    ] Pause Init Mark (N)                  82 us
[1.900s][info][gc,stats    ]   Update Region States               20 us
[1.900s][info][gc,stats    ] Concurrent Mark Roots               535 us, parallelism: 1.44x
[1.901s][info][gc,stats    ]   CMR: <total>                      773 us
[1.901s][info][gc,stats    ]   CMR: Thread Roots                 110 us, workers (us):  76,  34, ---, ---, ---, ---, ---, ---, 
[1.901s][info][gc,stats    ]   CMR: Code Cache Roots             574 us, workers (us): 231, 343, ---, ---, ---, ---, ---, ---, 
[1.901s][info][gc,stats    ]   CMR: VM Strong Roots                7 us, workers (us):   4,   3, ---, ---, ---, ---, ---, ---, 
[1.901s][info][gc,stats    ]   CMR: CLDG Roots                    82 us, workers (us):  82, ---, ---, ---, ---, ---, ---, ---, 
[1.901s][info][gc,stats    ] Concurrent Marking                 2801 us
[1.901s][info][gc,stats    ] Pause Final Mark (G)               4139 us
[1.901s][info][gc,stats    ] Pause Final Mark (N)               3561 us
[1.901s][info][gc,stats    ]   Finish Mark                      3412 us
[1.901s][info][gc,stats    ]   Update Region States               17 us
[1.901s][info][gc,stats    ]   Choose Collection Set              51 us
[1.901s][info][gc,stats    ]   Rebuild Free Set                   17 us
[1.901s][info][gc,stats    ] Concurrent Thread Roots             159 us, parallelism: 0.92x
[1.901s][info][gc,stats    ]   CTR: <total>                      146 us
[1.901s][info][gc,stats    ]   CTR: Thread Roots                 146 us, workers (us): 109,  38, ---, ---, ---, ---, ---, ---, 
[1.901s][info][gc,stats    ] Concurrent Weak References          130 us, parallelism: 0.64x
[1.901s][info][gc,stats    ]   CWRF: <total>                      83 us
[1.901s][info][gc,stats    ]   CWRF: Weak References              83 us, workers (us):  54,  29, ---, ---, ---, ---, ---, ---, 
[1.901s][info][gc,stats    ] Concurrent Weak Roots              3676 us
[1.901s][info][gc,stats    ]   Roots                             353 us, parallelism: 0.91x
[1.901s][info][gc,stats    ]     CWR: <total>                    323 us
[1.901s][info][gc,stats    ]     CWR: VM Weak Roots              323 us, workers (us): 322,   0, ---, ---, ---, ---, ---, ---, 
[1.901s][info][gc,stats    ]   Rendezvous                       3231 us
[1.901s][info][gc,stats    ] Concurrent Cleanup                  117 us
[1.901s][info][gc,stats    ] Concurrent Strong Roots             566 us, parallelism: 1.43x
[1.901s][info][gc,stats    ]   CSR: <total>                      808 us
[1.901s][info][gc,stats    ]   CSR: Code Cache Roots             645 us, workers (us): 267, 378, ---, ---, ---, ---, ---, ---, 
[1.901s][info][gc,stats    ]   CSR: VM Strong Roots               12 us, workers (us):   8,   4, ---, ---, ---, ---, ---, ---, 
[1.901s][info][gc,stats    ]   CSR: CLDG Roots                   151 us, workers (us): 151, ---, ---, ---, ---, ---, ---, ---, 
[1.901s][info][gc,stats    ] Concurrent Evacuation              2870 us
[1.901s][info][gc,stats    ] Pause Init Update Refs (G)         4921 us
[1.901s][info][gc,stats    ] Pause Init Update Refs (N)           58 us
[1.901s][info][gc,stats    ]   Manage GCLABs                       4 us
[1.901s][info][gc,stats    ] Concurrent Update Refs             2200 us
[1.901s][info][gc,stats    ] Concurrent Update Thread Roots      180 us
[1.901s][info][gc,stats    ] Pause Final Update Refs (G)         160 us
[1.901s][info][gc,stats    ] Pause Final Update Refs (N)          73 us
[1.901s][info][gc,stats    ]   Update Region States               17 us
[1.901s][info][gc,stats    ]   Trash Collection Set                3 us
[1.901s][info][gc,stats    ]   Rebuild Free Set                   17 us
[1.901s][info][gc,stats    ] Concurrent Cleanup                   96 us
[1.901s][info][gc,stats    ] 
[1.901s][info][gc,stats    ] Allocation pacing accrued:
[1.901s][info][gc,stats    ]       0 of    30 ms (  0.0%): <total>
[1.901s][info][gc,stats    ]       0 of    30 ms (  0.0%): <average total>
[1.901s][info][gc,stats    ] 
[1.901s][info][gc,metaspace] Metaspace: 7919K(8128K)->7997K(8192K) NonClass: 7111K(7232K)->7172K(7232K) Class: 808K(896K)->825K(960K)
[1.901s][info][gc,ergo     ] Pacer for Idle. Initial: 40642K, Alloc Tax Rate: 1.0x
[1.903s][info][gc          ] Trigger: Start next cycle immediately
[1.903s][info][gc,ergo     ] Free: 1871M, Max: 512K regular, 1867M humongous, Frag: 1% external, 0% internal; Reserve: 101888K, Max: 512K
[1.903s][info][gc,start    ] GC(105) Concurrent reset
[1.903s][info][gc,task     ] GC(105) Using 2 of 8 workers for concurrent reset
[1.903s][info][gc,ergo     ] GC(105) Pacer for Reset. Non-Taxable: 1984M
[1.903s][info][gc          ] GC(105) Concurrent reset 0.786ms
[1.906s][info][gc,start    ] GC(105) Pause Init Mark (unload classes)
[1.906s][info][gc,task     ] GC(105) Using 8 of 8 workers for init marking
[1.906s][info][gc,ergo     ] GC(105) Pacer for Mark. Expected Live: 11449K, Free: 1871M, Non-Taxable: 187M, Alloc Tax Rate: 0.0x
[1.906s][info][gc          ] GC(105) Pause Init Mark (unload classes) 0.170ms
[1.906s][info][gc,start    ] GC(105) Concurrent marking roots
[1.906s][info][gc,task     ] GC(105) Using 2 of 8 workers for concurrent marking roots
[1.906s][info][gc          ] GC(105) Concurrent marking roots 0.185ms
[1.906s][info][gc,start    ] GC(105) Concurrent marking (unload classes)
[1.906s][info][gc,task     ] GC(105) Using 2 of 8 workers for concurrent marking
[1.909s][info][gc          ] GC(105) Concurrent marking (unload classes) 2.667ms
[1.909s][info][gc,start    ] GC(105) Pause Final Mark (unload classes)
[1.909s][info][gc,task     ] GC(105) Using 8 of 8 workers for final marking
[1.909s][info][gc,ergo     ] GC(105) Collectable Garbage: 2147K (100%), Immediate: 0B (0%), CSet: 2147K (100%)
[1.909s][info][gc,ergo     ] GC(105) Pacer for Evacuation. Used CSet: 11763K, Free: 1870M, Non-Taxable: 187M, Alloc Tax Rate: 1.1x
[1.909s][info][gc          ] GC(105) Pause Final Mark (unload classes) 0.318ms
[1.909s][info][gc,start    ] GC(105) Concurrent thread roots
[1.909s][info][gc,task     ] GC(105) Using 2 of 8 workers for Concurrent thread roots
[1.910s][info][gc          ] GC(105) Concurrent thread roots 0.521ms
[1.910s][info][gc,start    ] GC(105) Concurrent weak references
[1.910s][info][gc,task     ] GC(105) Using 2 of 8 workers for concurrent weak references
[1.910s][info][gc,ref      ] GC(105) Encountered references: Soft: 3602, Weak: 1171, Final: 4, Phantom: 586
[1.910s][info][gc,ref      ] GC(105) Discovered  references: Soft: 0, Weak: 431, Final: 1, Phantom: 202
[1.910s][info][gc,ref      ] GC(105) Enqueued    references: Soft: 0, Weak: 11, Final: 0, Phantom: 4
[1.910s][info][gc          ] GC(105) Concurrent weak references 0.178ms
[1.910s][info][gc,start    ] GC(105) Concurrent weak roots
[1.910s][info][gc,task     ] GC(105) Using 2 of 8 workers for concurrent weak root
[1.926s][info][gc          ] GC(105) Concurrent weak roots 15.884ms
[1.926s][info][gc,start    ] GC(105) Concurrent cleanup
[1.926s][info][gc          ] GC(105) Concurrent cleanup 15M->15M(147M) 0.124ms
[1.926s][info][gc,ergo     ] GC(105) Free: 1869M, Max: 512K regular, 1867M humongous, Frag: 1% external, 0% internal; Reserve: 101569K, Max: 512K
[1.926s][info][gc,start    ] GC(105) Concurrent class unloading
[1.926s][info][gc,task     ] GC(105) Using 2 of 8 workers for concurrent class unloading
[1.928s][info][gc          ] GC(105) Concurrent class unloading 1.504ms
[1.928s][info][gc,start    ] GC(105) Concurrent strong roots
[1.928s][info][gc,task     ] GC(105) Using 2 of 8 workers for concurrent strong root
[1.928s][info][gc          ] GC(105) Concurrent strong roots 0.255ms
[1.928s][info][gc,start    ] GC(105) Concurrent evacuation
[1.928s][info][gc,task     ] GC(105) Using 2 of 8 workers for concurrent evacuation
[1.933s][info][gc          ] GC(105) Concurrent evacuation 4.850ms
[1.933s][info][gc,start    ] GC(105) Pause Init Update Refs
[1.933s][info][gc,ergo     ] GC(105) Pacer for Update Refs. Used: 25972K, Free: 1869M, Non-Taxable: 186M, Alloc Tax Rate: 1.1x
[1.933s][info][gc          ] GC(105) Pause Init Update Refs 0.062ms
[1.933s][info][gc,start    ] GC(105) Concurrent update references
[1.933s][info][gc,task     ] GC(105) Using 2 of 8 workers for concurrent reference update
[1.936s][info][gc          ] GC(105) Concurrent update references 3.142ms
[1.936s][info][gc,start    ] GC(105) Concurrent update thread roots
[1.936s][info][gc          ] GC(105) Concurrent update thread roots 0.142ms
[1.937s][info][gc,start    ] GC(105) Pause Final Update Refs
[1.937s][info][gc,task     ] GC(105) Using 8 of 8 workers for final reference update
[1.937s][info][gc          ] GC(105) Pause Final Update Refs 0.102ms
[1.937s][info][gc,start    ] GC(105) Concurrent cleanup
[1.937s][info][gc          ] GC(105) Concurrent cleanup 25M->13M(147M) 0.070ms
[1.937s][info][gc,ergo     ] Free: 1870M, Max: 512K regular, 1867M humongous, Frag: 1% external, 0% internal; Reserve: 101888K, Max: 512K
[1.937s][info][gc,stats    ] 
[1.937s][info][gc,stats    ] All times are wall-clock times, except per-root-class counters, that are sum over
[1.937s][info][gc,stats    ] all workers. Dividing the <total> over the root stage time estimates parallelism.
[1.937s][info][gc,stats    ] 
[1.937s][info][gc,stats    ] Concurrent Reset                    850 us
[1.937s][info][gc,stats    ] Pause Init Mark (G)                2336 us
[1.937s][info][gc,stats    ] Pause Init Mark (N)                 204 us
[1.937s][info][gc,stats    ]   Update Region States               22 us
[1.937s][info][gc,stats    ] Concurrent Mark Roots               200 us, parallelism: 1.12x
[1.937s][info][gc,stats    ]   CMR: <total>                      224 us
[1.937s][info][gc,stats    ]   CMR: Thread Roots                 152 us, workers (us):  29, 122, ---, ---, ---, ---, ---, ---, 
[1.937s][info][gc,stats    ]   CMR: VM Strong Roots                5 us, workers (us):   5,   1, ---, ---, ---, ---, ---, ---, 
[1.937s][info][gc,stats    ]   CMR: CLDG Roots                    67 us, workers (us):  67, ---, ---, ---, ---, ---, ---, ---, 
[1.937s][info][gc,stats    ] Concurrent Marking                 2726 us
[1.937s][info][gc,stats    ] Pause Final Mark (G)                441 us
[1.937s][info][gc,stats    ] Pause Final Mark (N)                352 us
[1.937s][info][gc,stats    ]   Finish Mark                        95 us
[1.937s][info][gc,stats    ]   Update Region States               15 us
[1.937s][info][gc,stats    ]   Choose Collection Set              70 us
[1.937s][info][gc,stats    ]   Rebuild Free Set                   19 us
[1.937s][info][gc,stats    ] Concurrent Thread Roots             573 us, parallelism: 0.93x
[1.937s][info][gc,stats    ]   CTR: <total>                      531 us
[1.937s][info][gc,stats    ]   CTR: Thread Roots                 531 us, workers (us): 486,  45, ---, ---, ---, ---, ---, ---, 
[1.937s][info][gc,stats    ] Concurrent Weak References          203 us, parallelism: 0.28x
[1.937s][info][gc,stats    ]   CWRF: <total>                      58 us
[1.937s][info][gc,stats    ]   CWRF: Weak References              58 us, workers (us):  58,   0, ---, ---, ---, ---, ---, ---, 
[1.937s][info][gc,stats    ] Concurrent Weak Roots             15953 us
[1.937s][info][gc,stats    ]   Roots                             707 us, parallelism: 1.08x
[1.937s][info][gc,stats    ]     CWR: <total>                    762 us
[1.937s][info][gc,stats    ]     CWR: Code Cache Roots           433 us, workers (us): 319, 114, ---, ---, ---, ---, ---, ---, 
[1.937s][info][gc,stats    ]     CWR: VM Weak Roots              326 us, workers (us): 325,   1, ---, ---, ---, ---, ---, ---, 
[1.937s][info][gc,stats    ]     CWR: CLDG Roots                   4 us, workers (us):   4, ---, ---, ---, ---, ---, ---, ---, 
[1.937s][info][gc,stats    ]   Rendezvous                      15037 us
[1.938s][info][gc,stats    ] Concurrent Cleanup                  164 us
[1.938s][info][gc,stats    ] Concurrent Class Unloading         1533 us
[1.938s][info][gc,stats    ]   Unlink Stale                     1078 us
[1.938s][info][gc,stats    ]     System Dictionary               131 us
[1.938s][info][gc,stats    ]     Weak Class Links                  0 us
[1.938s][info][gc,stats    ]     Code Roots                      946 us
[1.938s][info][gc,stats    ]   Rendezvous                         88 us
[1.938s][info][gc,stats    ]   Purge Unlinked                    266 us
[1.938s][info][gc,stats    ]     Code Roots                      261 us
[1.938s][info][gc,stats    ]     CLDG                              5 us
[1.938s][info][gc,stats    ]     Exception Caches                  0 us
[1.938s][info][gc,stats    ] Concurrent Strong Roots             291 us, parallelism: 0.64x
[1.938s][info][gc,stats    ]   CSR: <total>                      185 us
[1.938s][info][gc,stats    ]   CSR: VM Strong Roots               10 us, workers (us):  10,   0, ---, ---, ---, ---, ---, ---, 
[1.938s][info][gc,stats    ]   CSR: CLDG Roots                   175 us, workers (us): 175, ---, ---, ---, ---, ---, ---, ---, 
[1.938s][info][gc,stats    ] Concurrent Evacuation              4915 us
[1.938s][info][gc,stats    ] Pause Init Update Refs (G)          166 us
[1.938s][info][gc,stats    ] Pause Init Update Refs (N)           81 us
[1.938s][info][gc,stats    ]   Manage GCLABs                       4 us
[1.938s][info][gc,stats    ] Concurrent Update Refs             3169 us
[1.938s][info][gc,stats    ] Concurrent Update Thread Roots      156 us
[1.938s][info][gc,stats    ] Pause Final Update Refs (G)         248 us
[1.938s][info][gc,stats    ] Pause Final Update Refs (N)         144 us
[1.938s][info][gc,stats    ]   Update Region States               18 us
[1.938s][info][gc,stats    ]   Trash Collection Set                3 us
[1.938s][info][gc,stats    ]   Rebuild Free Set                   18 us
[1.938s][info][gc,stats    ] Concurrent Cleanup                   81 us
[1.938s][info][gc,stats    ] 
[1.938s][info][gc,stats    ] Allocation pacing accrued:
[1.938s][info][gc,stats    ]       0 of    37 ms (  0.0%): <total>
[1.938s][info][gc,stats    ]       0 of    37 ms (  0.0%): <average total>
[1.938s][info][gc,stats    ] 
[1.938s][info][gc,metaspace] Metaspace: 8080K(8320K)->8160K(8384K) NonClass: 7254K(7360K)->7331K(7424K) Class: 826K(960K)->829K(960K)
[1.938s][info][gc,ergo     ] Pacer for Idle. Initial: 40642K, Alloc Tax Rate: 1.0x
[1.939s][info][gc          ] Trigger: Start next cycle immediately
[1.939s][info][gc,ergo     ] Free: 1870M, Max: 512K regular, 1867M humongous, Frag: 1% external, 0% internal; Reserve: 101888K, Max: 512K
[1.939s][info][gc,start    ] GC(106) Concurrent reset
[1.939s][info][gc,task     ] GC(106) Using 2 of 8 workers for concurrent reset
[1.939s][info][gc,ergo     ] GC(106) Pacer for Reset. Non-Taxable: 1984M
[1.940s][info][gc          ] GC(106) Concurrent reset 0.330ms
[1.940s][info][gc,start    ] GC(106) Pause Init Mark (unload classes)
[1.940s][info][gc,task     ] GC(106) Using 8 of 8 workers for init marking
[1.940s][info][gc,ergo     ] GC(106) Pacer for Mark. Expected Live: 11467K, Free: 1870M, Non-Taxable: 187M, Alloc Tax Rate: 0.0x
[1.940s][info][gc          ] GC(106) Pause Init Mark (unload classes) 0.163ms
[1.940s][info][gc,start    ] GC(106) Concurrent marking roots
[1.940s][info][gc,task     ] GC(106) Using 2 of 8 workers for concurrent marking roots
[1.941s][info][gc          ] GC(106) Concurrent marking roots 0.534ms
[1.941s][info][gc,start    ] GC(106) Concurrent marking (unload classes)
[1.941s][info][gc,task     ] GC(106) Using 2 of 8 workers for concurrent marking
[1.946s][info][gc          ] GC(106) Concurrent marking (unload classes) 5.115ms
[1.946s][info][gc,start    ] GC(106) Pause Final Mark (unload classes)
[1.946s][info][gc,task     ] GC(106) Using 8 of 8 workers for final marking
[1.950s][info][gc,ergo     ] GC(106) Collectable Garbage: 2586K (100%), Immediate: 0B (0%), CSet: 2586K (100%)
[1.950s][info][gc,ergo     ] GC(106) Pacer for Evacuation. Used CSet: 12034K, Free: 1869M, Non-Taxable: 186M, Alloc Tax Rate: 1.1x
[1.950s][info][gc          ] GC(106) Pause Final Mark (unload classes) 3.867ms
[1.950s][info][gc,start    ] GC(106) Concurrent thread roots
[1.950s][info][gc,task     ] GC(106) Using 2 of 8 workers for Concurrent thread roots
[1.950s][info][gc          ] GC(106) Concurrent thread roots 0.132ms
[1.950s][info][gc,start    ] GC(106) Concurrent weak references
[1.950s][info][gc,task     ] GC(106) Using 2 of 8 workers for concurrent weak references
[1.950s][info][gc,ref      ] GC(106) Encountered references: Soft: 3603, Weak: 1175, Final: 4, Phantom: 583
[1.950s][info][gc,ref      ] GC(106) Discovered  references: Soft: 0, Weak: 424, Final: 0, Phantom: 199
[1.950s][info][gc,ref      ] GC(106) Enqueued    references: Soft: 0, Weak: 8, Final: 0, Phantom: 1
[1.950s][info][gc          ] GC(106) Concurrent weak references 0.118ms
[1.950s][info][gc,start    ] GC(106) Concurrent weak roots
[1.950s][info][gc,task     ] GC(106) Using 2 of 8 workers for concurrent weak root
[1.958s][info][gc          ] GC(106) Concurrent weak roots 7.784ms
[1.958s][info][gc,start    ] GC(106) Concurrent cleanup
[1.958s][info][gc          ] GC(106) Concurrent cleanup 15M->15M(147M) 0.100ms
[1.958s][info][gc,ergo     ] GC(106) Free: 1869M, Max: 512K regular, 1867M humongous, Frag: 1% external, 0% internal; Reserve: 100864K, Max: 512K
[1.958s][info][gc,start    ] GC(106) Concurrent class unloading
[1.958s][info][gc,task     ] GC(106) Using 2 of 8 workers for concurrent class unloading
[1.959s][info][gc          ] GC(106) Concurrent class unloading 1.170ms
[1.960s][info][gc,start    ] GC(106) Concurrent strong roots
[1.960s][info][gc,task     ] GC(106) Using 2 of 8 workers for concurrent strong root
[1.960s][info][gc          ] GC(106) Concurrent strong roots 0.272ms
[1.960s][info][gc,start    ] GC(106) Concurrent evacuation
[1.960s][info][gc,task     ] GC(106) Using 2 of 8 workers for concurrent evacuation
[1.962s][info][gc          ] GC(106) Concurrent evacuation 1.860ms
[1.962s][info][gc,start    ] GC(106) Pause Init Update Refs
[1.962s][info][gc,ergo     ] GC(106) Pacer for Update Refs. Used: 26496K, Free: 1869M, Non-Taxable: 186M, Alloc Tax Rate: 1.1x
[1.962s][info][gc          ] GC(106) Pause Init Update Refs 0.081ms
[1.962s][info][gc,start    ] GC(106) Concurrent update references
[1.962s][info][gc,task     ] GC(106) Using 2 of 8 workers for concurrent reference update
[1.964s][info][gc          ] GC(106) Concurrent update references 2.367ms
[1.964s][info][gc,start    ] GC(106) Concurrent update thread roots
[1.969s][info][gc          ] GC(106) Concurrent update thread roots 5.100ms
[1.970s][info][gc,start    ] GC(106) Pause Final Update Refs
[1.970s][info][gc,task     ] GC(106) Using 8 of 8 workers for final reference update
[1.970s][info][gc          ] GC(106) Pause Final Update Refs 0.074ms
[1.970s][info][gc,start    ] GC(106) Concurrent cleanup
[1.970s][info][gc          ] GC(106) Concurrent cleanup 25M->14M(147M) 0.076ms
[1.970s][info][gc,ergo     ] Free: 1870M, Max: 512K regular, 1866M humongous, Frag: 1% external, 0% internal; Reserve: 101888K, Max: 512K
[1.970s][info][gc,stats    ] 
[1.970s][info][gc,stats    ] All times are wall-clock times, except per-root-class counters, that are sum over
[1.970s][info][gc,stats    ] all workers. Dividing the <total> over the root stage time estimates parallelism.
[1.970s][info][gc,stats    ] 
[1.970s][info][gc,stats    ] Concurrent Reset                    384 us
[1.970s][info][gc,stats    ] Pause Init Mark (G)                 295 us
[1.970s][info][gc,stats    ] Pause Init Mark (N)                 195 us
[1.970s][info][gc,stats    ]   Update Region States               20 us
[1.970s][info][gc,stats    ] Concurrent Mark Roots               551 us, parallelism: 0.23x
[1.970s][info][gc,stats    ]   CMR: <total>                      125 us
[1.970s][info][gc,stats    ]   CMR: Thread Roots                  56 us, workers (us):  56,   0, ---, ---, ---, ---, ---, ---, 
[1.970s][info][gc,stats    ]   CMR: VM Strong Roots                5 us, workers (us):   5,   0, ---, ---, ---, ---, ---, ---, 
[1.970s][info][gc,stats    ]   CMR: CLDG Roots                    64 us, workers (us):  64, ---, ---, ---, ---, ---, ---, ---, 
[1.970s][info][gc,stats    ] Concurrent Marking                 5180 us
[1.970s][info][gc,stats    ] Pause Final Mark (G)               3988 us
[1.970s][info][gc,stats    ] Pause Final Mark (N)               3893 us
[1.970s][info][gc,stats    ]   Finish Mark                      3631 us
[1.970s][info][gc,stats    ]   Update Region States               17 us
[1.970s][info][gc,stats    ]   Choose Collection Set              94 us
[1.970s][info][gc,stats    ]   Rebuild Free Set                   21 us
[1.970s][info][gc,stats    ] Concurrent Thread Roots             144 us, parallelism: 1.00x
[1.970s][info][gc,stats    ]   CTR: <total>                      143 us
[1.970s][info][gc,stats    ]   CTR: Thread Roots                 143 us, workers (us): 101,  42, ---, ---, ---, ---, ---, ---, 
[1.970s][info][gc,stats    ] Concurrent Weak References          128 us, parallelism: 0.40x
[1.971s][info][gc,stats    ]   CWRF: <total>                      51 us
[1.971s][info][gc,stats    ]   CWRF: Weak References              51 us, workers (us):  50,   1, ---, ---, ---, ---, ---, ---, 
[1.971s][info][gc,stats    ] Concurrent Weak Roots              7848 us
[1.971s][info][gc,stats    ]   Roots                             465 us, parallelism: 1.72x
[1.971s][info][gc,stats    ]     CWR: <total>                    800 us
[1.971s][info][gc,stats    ]     CWR: Code Cache Roots           423 us, workers (us): 242, 180, ---, ---, ---, ---, ---, ---, 
[1.971s][info][gc,stats    ]     CWR: VM Weak Roots              372 us, workers (us): 190, 182, ---, ---, ---, ---, ---, ---, 
[1.971s][info][gc,stats    ]     CWR: CLDG Roots                   6 us, workers (us): ---,   6, ---, ---, ---, ---, ---, ---, 
[1.971s][info][gc,stats    ]   Rendezvous                       7279 us
[1.971s][info][gc,stats    ] Concurrent Cleanup                  360 us
[1.971s][info][gc,stats    ] Concurrent Class Unloading         1210 us
[1.971s][info][gc,stats    ]   Unlink Stale                      955 us
[1.971s][info][gc,stats    ]     System Dictionary               130 us
[1.971s][info][gc,stats    ]     Weak Class Links                  0 us
[1.971s][info][gc,stats    ]     Code Roots                      823 us
[1.971s][info][gc,stats    ]   Rendezvous                         21 us
[1.971s][info][gc,stats    ]   Purge Unlinked                    108 us
[1.971s][info][gc,stats    ]     Code Roots                      106 us
[1.971s][info][gc,stats    ]     CLDG                              2 us
[1.971s][info][gc,stats    ]     Exception Caches                  0 us
[1.971s][info][gc,stats    ] Concurrent Strong Roots             291 us, parallelism: 0.59x
[1.971s][info][gc,stats    ]   CSR: <total>                      172 us
[1.971s][info][gc,stats    ]   CSR: VM Strong Roots               10 us, workers (us):  10,   0, ---, ---, ---, ---, ---, ---, 
[1.971s][info][gc,stats    ]   CSR: CLDG Roots                   161 us, workers (us): 161, ---, ---, ---, ---, ---, ---, ---, 
[1.971s][info][gc,stats    ] Concurrent Evacuation              1923 us
[1.971s][info][gc,stats    ] Pause Init Update Refs (G)          201 us
[1.971s][info][gc,stats    ] Pause Init Update Refs (N)          107 us
[1.971s][info][gc,stats    ]   Manage GCLABs                       4 us
[1.971s][info][gc,stats    ] Concurrent Update Refs             2426 us
[1.971s][info][gc,stats    ] Concurrent Update Thread Roots     5164 us
[1.971s][info][gc,stats    ] Pause Final Update Refs (G)         203 us
[1.971s][info][gc,stats    ] Pause Final Update Refs (N)          84 us
[1.971s][info][gc,stats    ]   Update Region States               18 us
[1.971s][info][gc,stats    ]   Trash Collection Set                3 us
[1.971s][info][gc,stats    ]   Rebuild Free Set                   16 us
[1.971s][info][gc,stats    ] Concurrent Cleanup                  116 us
[1.971s][info][gc,stats    ] 
[1.971s][info][gc,stats    ] Allocation pacing accrued:
[1.971s][info][gc,stats    ]       0 of    33 ms (  0.0%): <total>
[1.971s][info][gc,stats    ]       0 of    33 ms (  0.0%): <average total>
[1.971s][info][gc,stats    ] 
[1.971s][info][gc,metaspace] Metaspace: 8164K(8448K)->8255K(8448K) NonClass: 7334K(7488K)->7415K(7488K) Class: 830K(960K)->840K(960K)
[1.971s][info][gc,ergo     ] Pacer for Idle. Initial: 40642K, Alloc Tax Rate: 1.0x
[1.972s][info][gc          ] Trigger: Start next cycle immediately
[1.972s][info][gc,ergo     ] Free: 1870M, Max: 512K regular, 1866M humongous, Frag: 1% external, 0% internal; Reserve: 101888K, Max: 512K
[1.972s][info][gc,start    ] GC(107) Concurrent reset
[1.973s][info][gc,task     ] GC(107) Using 2 of 8 workers for concurrent reset
[1.973s][info][gc,ergo     ] GC(107) Pacer for Reset. Non-Taxable: 1984M
[1.973s][info][gc          ] GC(107) Concurrent reset 0.244ms
[1.973s][info][gc,start    ] GC(107) Pause Init Mark
[1.973s][info][gc,task     ] GC(107) Using 8 of 8 workers for init marking
[1.973s][info][gc,ergo     ] GC(107) Pacer for Mark. Expected Live: 11504K, Free: 1870M, Non-Taxable: 187M, Alloc Tax Rate: 0.0x
[1.973s][info][gc          ] GC(107) Pause Init Mark 0.065ms
[1.973s][info][gc,start    ] GC(107) Concurrent marking roots
[1.973s][info][gc,task     ] GC(107) Using 2 of 8 workers for concurrent marking roots
[1.973s][info][gc          ] GC(107) Concurrent marking roots 0.481ms
[1.973s][info][gc,start    ] GC(107) Concurrent marking
[1.973s][info][gc,task     ] GC(107) Using 2 of 8 workers for concurrent marking
[1.976s][info][gc          ] GC(107) Concurrent marking 2.650ms
[1.977s][info][gc,start    ] GC(107) Pause Final Mark
[1.977s][info][gc,task     ] GC(107) Using 8 of 8 workers for final marking
[1.977s][info][gc,ergo     ] GC(107) Collectable Garbage: 2809K (100%), Immediate: 0B (0%), CSet: 2809K (100%)
[1.977s][info][gc,ergo     ] GC(107) Pacer for Evacuation. Used CSet: 12283K, Free: 1869M, Non-Taxable: 186M, Alloc Tax Rate: 1.1x
[1.977s][info][gc          ] GC(107) Pause Final Mark 0.207ms
[1.977s][info][gc,start    ] GC(107) Concurrent thread roots
[1.977s][info][gc,task     ] GC(107) Using 2 of 8 workers for Concurrent thread roots
[1.977s][info][gc          ] GC(107) Concurrent thread roots 0.136ms
[1.977s][info][gc,start    ] GC(107) Concurrent weak references
[1.977s][info][gc,task     ] GC(107) Using 2 of 8 workers for concurrent weak references
[1.977s][info][gc,ref      ] GC(107) Encountered references: Soft: 3606, Weak: 1169, Final: 4, Phantom: 585
[1.977s][info][gc,ref      ] GC(107) Discovered  references: Soft: 0, Weak: 459, Final: 1, Phantom: 378
[1.977s][info][gc,ref      ] GC(107) Enqueued    references: Soft: 0, Weak: 0, Final: 0, Phantom: 0
[1.978s][info][gc          ] GC(107) Concurrent weak references 0.110ms
[1.978s][info][gc,start    ] GC(107) Concurrent weak roots
[1.978s][info][gc,task     ] GC(107) Using 2 of 8 workers for concurrent weak root
[1.978s][info][gc          ] GC(107) Concurrent weak roots 0.250ms
[1.978s][info][gc,start    ] GC(107) Concurrent cleanup
[1.978s][info][gc          ] GC(107) Concurrent cleanup 15M->15M(147M) 0.083ms
[1.978s][info][gc,ergo     ] GC(107) Free: 1869M, Max: 512K regular, 1866M humongous, Frag: 1% external, 0% internal; Reserve: 101547K, Max: 512K
[1.978s][info][gc,start    ] GC(107) Concurrent strong roots
[1.978s][info][gc,task     ] GC(107) Using 2 of 8 workers for concurrent strong root
[1.978s][info][gc          ] GC(107) Concurrent strong roots 0.472ms
[1.979s][info][gc,start    ] GC(107) Concurrent evacuation
[1.979s][info][gc,task     ] GC(107) Using 2 of 8 workers for concurrent evacuation
[1.980s][info][gc          ] GC(107) Concurrent evacuation 1.850ms
[1.981s][info][gc,start    ] GC(107) Pause Init Update Refs
[1.981s][info][gc,ergo     ] GC(107) Pacer for Update Refs. Used: 25921K, Free: 1869M, Non-Taxable: 186M, Alloc Tax Rate: 1.1x
[1.981s][info][gc          ] GC(107) Pause Init Update Refs 0.048ms
[1.981s][info][gc,start    ] GC(107) Concurrent update references
[1.981s][info][gc,task     ] GC(107) Using 2 of 8 workers for concurrent reference update
[1.983s][info][gc          ] GC(107) Concurrent update references 2.107ms
[1.983s][info][gc,start    ] GC(107) Concurrent update thread roots
[1.986s][info][gc          ] GC(107) Concurrent update thread roots 3.167ms
[1.986s][info][gc,start    ] GC(107) Pause Final Update Refs
[1.986s][info][gc,task     ] GC(107) Using 8 of 8 workers for final reference update
[1.986s][info][gc          ] GC(107) Pause Final Update Refs 0.068ms
[1.986s][info][gc,start    ] GC(107) Concurrent cleanup
[1.986s][info][gc          ] GC(107) Concurrent cleanup 25M->13M(147M) 0.113ms
[1.986s][info][gc,ergo     ] Free: 1870M, Max: 512K regular, 1867M humongous, Frag: 1% external, 0% internal; Reserve: 101888K, Max: 512K
[1.986s][info][gc,stats    ] 
[1.987s][info][gc,stats    ] All times are wall-clock times, except per-root-class counters, that are sum over
[1.987s][info][gc,stats    ] all workers. Dividing the <total> over the root stage time estimates parallelism.
[1.987s][info][gc,stats    ] 
[1.987s][info][gc,stats    ] Concurrent Reset                    260 us
[1.987s][info][gc,stats    ] Pause Init Mark (G)                 184 us
[1.987s][info][gc,stats    ] Pause Init Mark (N)                  73 us
[1.987s][info][gc,stats    ]   Update Region States               20 us
[1.987s][info][gc,stats    ] Concurrent Mark Roots               502 us, parallelism: 1.56x
[1.987s][info][gc,stats    ]   CMR: <total>                      782 us
[1.987s][info][gc,stats    ]   CMR: Thread Roots                 148 us, workers (us): 115,  33, ---, ---, ---, ---, ---, ---, 
[1.987s][info][gc,stats    ]   CMR: Code Cache Roots             528 us, workers (us): 299, 228, ---, ---, ---, ---, ---, ---, 
[1.987s][info][gc,stats    ]   CMR: VM Strong Roots                7 us, workers (us):   3,   3, ---, ---, ---, ---, ---, ---, 
[1.987s][info][gc,stats    ]   CMR: CLDG Roots                    99 us, workers (us): ---,  99, ---, ---, ---, ---, ---, ---, 
[1.987s][info][gc,stats    ] Concurrent Marking                 2706 us
[1.987s][info][gc,stats    ] Pause Final Mark (G)               1099 us
[1.987s][info][gc,stats    ] Pause Final Mark (N)                216 us
[1.987s][info][gc,stats    ]   Finish Mark                       104 us
[1.987s][info][gc,stats    ]   Update Region States               14 us
[1.987s][info][gc,stats    ]   Choose Collection Set              34 us
[1.987s][info][gc,stats    ]   Rebuild Free Set                   15 us
[1.987s][info][gc,stats    ] Concurrent Thread Roots             151 us, parallelism: 0.88x
[1.987s][info][gc,stats    ]   CTR: <total>                      132 us
[1.987s][info][gc,stats    ]   CTR: Thread Roots                 132 us, workers (us):  40,  93, ---, ---, ---, ---, ---, ---, 
[1.987s][info][gc,stats    ] Concurrent Weak References          119 us, parallelism: 0.73x
[1.987s][info][gc,stats    ]   CWRF: <total>                      88 us
[1.987s][info][gc,stats    ]   CWRF: Weak References              88 us, workers (us):  42,  46, ---, ---, ---, ---, ---, ---, 
[1.987s][info][gc,stats    ] Concurrent Weak Roots               268 us
[1.987s][info][gc,stats    ]   Roots                             210 us, parallelism: 1.74x
[1.987s][info][gc,stats    ]     CWR: <total>                    367 us
[1.987s][info][gc,stats    ]     CWR: VM Weak Roots              367 us, workers (us): 182, 185, ---, ---, ---, ---, ---, ---, 
[1.987s][info][gc,stats    ]   Rendezvous                         22 us
[1.987s][info][gc,stats    ] Concurrent Cleanup                  140 us
[1.987s][info][gc,stats    ] Concurrent Strong Roots             534 us, parallelism: 1.34x
[1.987s][info][gc,stats    ]   CSR: <total>                      717 us
[1.987s][info][gc,stats    ]   CSR: Code Cache Roots             558 us, workers (us): 341, 217, ---, ---, ---, ---, ---, ---, 
[1.987s][info][gc,stats    ]   CSR: VM Strong Roots               12 us, workers (us):   8,   4, ---, ---, ---, ---, ---, ---, 
[1.987s][info][gc,stats    ]   CSR: CLDG Roots                   148 us, workers (us): ---, 148, ---, ---, ---, ---, ---, ---, 
[1.987s][info][gc,stats    ] Concurrent Evacuation              1912 us
[1.987s][info][gc,stats    ] Pause Init Update Refs (G)          202 us
[1.987s][info][gc,stats    ] Pause Init Update Refs (N)           54 us
[1.987s][info][gc,stats    ]   Manage GCLABs                       3 us
[1.987s][info][gc,stats    ] Concurrent Update Refs             2170 us
[1.987s][info][gc,stats    ] Concurrent Update Thread Roots     3217 us
[1.987s][info][gc,stats    ] Pause Final Update Refs (G)         203 us
[1.987s][info][gc,stats    ] Pause Final Update Refs (N)          79 us
[1.987s][info][gc,stats    ]   Update Region States               15 us
[1.987s][info][gc,stats    ]   Trash Collection Set                2 us
[1.987s][info][gc,stats    ]   Rebuild Free Set                   24 us
[1.988s][info][gc,stats    ] Concurrent Cleanup                  155 us
[1.988s][info][gc,stats    ] 
[1.988s][info][gc,stats    ] Allocation pacing accrued:
[1.988s][info][gc,stats    ]       0 of    16 ms (  0.0%): <total>
[1.988s][info][gc,stats    ]       0 of    16 ms (  0.0%): <average total>
[1.988s][info][gc,stats    ] 
[1.988s][info][gc,metaspace] Metaspace: 8272K(8448K)->8452K(8704K) NonClass: 7428K(7488K)->7597K(7744K) Class: 843K(960K)->854K(960K)
[1.988s][info][gc,ergo     ] Pacer for Idle. Initial: 40642K, Alloc Tax Rate: 1.0x
[1.989s][info][gc          ] Trigger: Start next cycle immediately
[1.989s][info][gc,ergo     ] Free: 1870M, Max: 512K regular, 1867M humongous, Frag: 1% external, 0% internal; Reserve: 101888K, Max: 512K
[1.989s][info][gc,start    ] GC(108) Concurrent reset
[1.989s][info][gc,task     ] GC(108) Using 2 of 8 workers for concurrent reset
[1.989s][info][gc,ergo     ] GC(108) Pacer for Reset. Non-Taxable: 1984M
[1.990s][info][gc          ] GC(108) Concurrent reset 0.729ms
[1.992s][info][gc,start    ] GC(108) Pause Init Mark (unload classes)
[1.992s][info][gc,task     ] GC(108) Using 8 of 8 workers for init marking
[1.992s][info][gc,ergo     ] GC(108) Pacer for Mark. Expected Live: 11546K, Free: 1870M, Non-Taxable: 187M, Alloc Tax Rate: 0.0x
[1.992s][info][gc          ] GC(108) Pause Init Mark (unload classes) 0.067ms
[1.992s][info][gc,start    ] GC(108) Concurrent marking roots
[1.992s][info][gc,task     ] GC(108) Using 2 of 8 workers for concurrent marking roots
[1.992s][info][gc          ] GC(108) Concurrent marking roots 0.345ms
[1.997s][info][gc,start    ] GC(108) Concurrent marking (unload classes)
[1.998s][info][gc,task     ] GC(108) Using 2 of 8 workers for concurrent marking
[2.004s][info][gc          ] GC(108) Concurrent marking (unload classes) 6.733ms
[2.004s][info][gc,start    ] GC(108) Pause Final Mark (unload classes)
[2.004s][info][gc,task     ] GC(108) Using 8 of 8 workers for final marking
[2.005s][info][gc,ergo     ] GC(108) Collectable Garbage: 2202K (100%), Immediate: 0B (0%), CSet: 2202K (100%)
[2.005s][info][gc,ergo     ] GC(108) Pacer for Evacuation. Used CSet: 11971K, Free: 1869M, Non-Taxable: 186M, Alloc Tax Rate: 1.1x
[2.005s][info][gc          ] GC(108) Pause Final Mark (unload classes) 0.208ms
[2.005s][info][gc,start    ] GC(108) Concurrent thread roots
[2.005s][info][gc,task     ] GC(108) Using 2 of 8 workers for Concurrent thread roots
[2.005s][info][gc          ] GC(108) Concurrent thread roots 0.115ms
[2.005s][info][gc,start    ] GC(108) Concurrent weak references
[2.005s][info][gc,task     ] GC(108) Using 2 of 8 workers for concurrent weak references
[2.005s][info][gc,ref      ] GC(108) Encountered references: Soft: 3606, Weak: 1169, Final: 4, Phantom: 585
[2.005s][info][gc,ref      ] GC(108) Discovered  references: Soft: 0, Weak: 423, Final: 0, Phantom: 381
[2.005s][info][gc,ref      ] GC(108) Enqueued    references: Soft: 0, Weak: 0, Final: 0, Phantom: 0
[2.005s][info][gc          ] GC(108) Concurrent weak references 0.191ms
[2.005s][info][gc,start    ] GC(108) Concurrent weak roots
[2.005s][info][gc,task     ] GC(108) Using 2 of 8 workers for concurrent weak root
[2.018s][info][gc          ] GC(108) Concurrent weak roots 13.432ms
[2.018s][info][gc,start    ] GC(108) Concurrent cleanup
[2.019s][info][gc          ] GC(108) Concurrent cleanup 16M->16M(147M) 0.140ms
[2.019s][info][gc,ergo     ] GC(108) Free: 1869M, Max: 512K regular, 1867M humongous, Frag: 1% external, 0% internal; Reserve: 100606K, Max: 512K
[2.019s][info][gc,start    ] GC(108) Concurrent class unloading
[2.019s][info][gc,task     ] GC(108) Using 2 of 8 workers for concurrent class unloading
[2.021s][info][gc          ] GC(108) Concurrent class unloading 2.022ms
[2.021s][info][gc,start    ] GC(108) Concurrent strong roots
[2.021s][info][gc,task     ] GC(108) Using 2 of 8 workers for concurrent strong root
[2.021s][info][gc          ] GC(108) Concurrent strong roots 0.288ms
[2.021s][info][gc,start    ] GC(108) Concurrent evacuation
[2.021s][info][gc,task     ] GC(108) Using 2 of 8 workers for concurrent evacuation
[2.023s][info][gc          ] GC(108) Concurrent evacuation 2.058ms
[2.023s][info][gc,start    ] GC(108) Pause Init Update Refs
[2.023s][info][gc,ergo     ] GC(108) Pacer for Update Refs. Used: 26405K, Free: 1869M, Non-Taxable: 186M, Alloc Tax Rate: 1.1x
[2.023s][info][gc          ] GC(108) Pause Init Update Refs 0.045ms
[2.023s][info][gc,start    ] GC(108) Concurrent update references
[2.023s][info][gc,task     ] GC(108) Using 2 of 8 workers for concurrent reference update
[2.027s][info][gc          ] GC(108) Concurrent update references 3.708ms
[2.027s][info][gc,start    ] GC(108) Concurrent update thread roots
[2.029s][info][gc          ] GC(108) Concurrent update thread roots 2.093ms
[2.031s][info][gc,start    ] GC(108) Pause Final Update Refs
[2.031s][info][gc,task     ] GC(108) Using 8 of 8 workers for final reference update
[2.031s][info][gc          ] GC(108) Pause Final Update Refs 0.066ms
[2.031s][info][gc,start    ] GC(108) Concurrent cleanup
[2.031s][info][gc          ] GC(108) Concurrent cleanup 26M->15M(147M) 0.098ms
[2.031s][info][gc,ergo     ] Free: 1869M, Max: 512K regular, 1866M humongous, Frag: 1% external, 0% internal; Reserve: 101888K, Max: 512K
[2.031s][info][gc,stats    ] 
[2.031s][info][gc,stats    ] All times are wall-clock times, except per-root-class counters, that are sum over
[2.031s][info][gc,stats    ] all workers. Dividing the <total> over the root stage time estimates parallelism.
[2.031s][info][gc,stats    ] 
[2.031s][info][gc,stats    ] Concurrent Reset                    784 us
[2.031s][info][gc,stats    ] Pause Init Mark (G)                2377 us
[2.031s][info][gc,stats    ] Pause Init Mark (N)                  75 us
[2.031s][info][gc,stats    ]   Update Region States               20 us
[2.037s][info][gc,stats    ] Concurrent Mark Roots              5419 us, parallelism: 0.03x
[2.038s][info][gc,stats    ]   CMR: <total>                      166 us
[2.038s][info][gc,stats    ]   CMR: Thread Roots                  81 us, workers (us):  13,  68, ---, ---, ---, ---, ---, ---, 
[2.038s][info][gc,stats    ]   CMR: VM Strong Roots               20 us, workers (us):   4,  16, ---, ---, ---, ---, ---, ---, 
[2.038s][info][gc,stats    ]   CMR: CLDG Roots                    65 us, workers (us):  65, ---, ---, ---, ---, ---, ---, ---, 
[2.038s][info][gc,stats    ] Concurrent Marking                 6784 us
[2.038s][info][gc,stats    ] Pause Final Mark (G)                333 us
[2.038s][info][gc,stats    ] Pause Final Mark (N)                233 us
[2.038s][info][gc,stats    ]   Finish Mark                        95 us
[2.038s][info][gc,stats    ]   Update Region States               17 us
[2.038s][info][gc,stats    ]   Choose Collection Set              34 us
[2.038s][info][gc,stats    ]   Rebuild Free Set                   15 us
[2.038s][info][gc,stats    ] Concurrent Thread Roots             145 us, parallelism: 0.60x
[2.038s][info][gc,stats    ]   CTR: <total>                       87 us
[2.038s][info][gc,stats    ]   CTR: Thread Roots                  87 us, workers (us):  48,  39, ---, ---, ---, ---, ---, ---, 
[2.038s][info][gc,stats    ] Concurrent Weak References          217 us, parallelism: 0.37x
[2.038s][info][gc,stats    ]   CWRF: <total>                      81 us
[2.038s][info][gc,stats    ]   CWRF: Weak References              81 us, workers (us):  78,   2, ---, ---, ---, ---, ---, ---, 
[2.038s][info][gc,stats    ] Concurrent Weak Roots             13461 us
[2.038s][info][gc,stats    ]   Roots                           13271 us, parallelism: 1.99x
[2.038s][info][gc,stats    ]     CWR: <total>                  26406 us
[2.038s][info][gc,stats    ]     CWR: Code Cache Roots         26030 us, workers (us): 13043, 12987, ---, ---, ---, ---, ---, ---, 
[2.038s][info][gc,stats    ]     CWR: VM Weak Roots              370 us, workers (us): 179, 191, ---, ---, ---, ---, ---, ---, 
[2.038s][info][gc,stats    ]     CWR: CLDG Roots                   6 us, workers (us):   6, ---, ---, ---, ---, ---, ---, ---, 
[2.038s][info][gc,stats    ]   Rendezvous                        125 us
[2.038s][info][gc,stats    ] Concurrent Cleanup                  212 us
[2.038s][info][gc,stats    ] Concurrent Class Unloading         2061 us
[2.038s][info][gc,stats    ]   Unlink Stale                     1579 us
[2.038s][info][gc,stats    ]     System Dictionary               148 us
[2.038s][info][gc,stats    ]     Weak Class Links                  0 us
[2.038s][info][gc,stats    ]     Code Roots                     1430 us
[2.038s][info][gc,stats    ]   Rendezvous                        138 us
[2.038s][info][gc,stats    ]   Purge Unlinked                    233 us
[2.038s][info][gc,stats    ]     Code Roots                      222 us
[2.038s][info][gc,stats    ]     CLDG                             11 us
[2.038s][info][gc,stats    ]     Exception Caches                  0 us
[2.038s][info][gc,stats    ] Concurrent Strong Roots             308 us, parallelism: 0.62x
[2.038s][info][gc,stats    ]   CSR: <total>                      190 us
[2.038s][info][gc,stats    ]   CSR: VM Strong Roots               12 us, workers (us):   8,   4, ---, ---, ---, ---, ---, ---, 
[2.038s][info][gc,stats    ]   CSR: CLDG Roots                   178 us, workers (us): ---, 178, ---, ---, ---, ---, ---, ---, 
[2.038s][info][gc,stats    ] Concurrent Evacuation              2132 us
[2.038s][info][gc,stats    ] Pause Init Update Refs (G)          226 us
[2.038s][info][gc,stats    ] Pause Init Update Refs (N)           54 us
[2.038s][info][gc,stats    ]   Manage GCLABs                       5 us
[2.038s][info][gc,stats    ] Concurrent Update Refs             3777 us
[2.038s][info][gc,stats    ] Concurrent Update Thread Roots     2118 us
[2.038s][info][gc,stats    ] Pause Final Update Refs (G)        1466 us
[2.038s][info][gc,stats    ] Pause Final Update Refs (N)          76 us
[2.038s][info][gc,stats    ]   Update Region States               21 us
[2.038s][info][gc,stats    ]   Trash Collection Set                3 us
[2.038s][info][gc,stats    ]   Rebuild Free Set                   16 us
[2.038s][info][gc,stats    ] Concurrent Cleanup                  112 us
[2.039s][info][gc,stats    ] 
[2.039s][info][gc,stats    ] Allocation pacing accrued:
[2.039s][info][gc,stats    ]       0 of    51 ms (  0.0%): <total>
[2.039s][info][gc,stats    ]       0 of    51 ms (  0.0%): <average total>
[2.039s][info][gc,stats    ] 
[2.039s][info][gc,metaspace] Metaspace: 8480K(8704K)->8929K(9152K) NonClass: 7624K(7744K)->8010K(8128K) Class: 855K(960K)->918K(1024K)
[2.039s][info][gc,ergo     ] Pacer for Idle. Initial: 40642K, Alloc Tax Rate: 1.0x
[2.040s][info][gc          ] Trigger: Start next cycle immediately
[2.040s][info][gc,ergo     ] Free: 1869M, Max: 512K regular, 1866M humongous, Frag: 1% external, 0% internal; Reserve: 101888K, Max: 512K
[2.040s][info][gc,start    ] GC(109) Concurrent reset
[2.040s][info][gc,task     ] GC(109) Using 2 of 8 workers for concurrent reset
[2.040s][info][gc,ergo     ] GC(109) Pacer for Reset. Non-Taxable: 1984M
[2.040s][info][gc          ] GC(109) Concurrent reset 0.279ms
[2.040s][info][gc,start    ] GC(109) Pause Init Mark
[2.040s][info][gc,task     ] GC(109) Using 8 of 8 workers for init marking
[2.040s][info][gc,ergo     ] GC(109) Pacer for Mark. Expected Live: 11644K, Free: 1869M, Non-Taxable: 186M, Alloc Tax Rate: 0.0x
[2.040s][info][gc          ] GC(109) Pause Init Mark 0.067ms
[2.040s][info][gc,start    ] GC(109) Concurrent marking roots
[2.040s][info][gc,task     ] GC(109) Using 2 of 8 workers for concurrent marking roots
[2.041s][info][gc          ] GC(109) Concurrent marking roots 0.471ms
[2.041s][info][gc,start    ] GC(109) Concurrent marking
[2.041s][info][gc,task     ] GC(109) Using 2 of 8 workers for concurrent marking
[2.044s][info][gc          ] GC(109) Concurrent marking 2.905ms
[2.044s][info][gc,start    ] GC(109) Pause Final Mark
[2.044s][info][gc,task     ] GC(109) Using 8 of 8 workers for final marking
[2.045s][info][gc,ergo     ] GC(109) Collectable Garbage: 3728K (100%), Immediate: 0B (0%), CSet: 3728K (100%)
[2.045s][info][gc,ergo     ] GC(109) Pacer for Evacuation. Used CSet: 13276K, Free: 1868M, Non-Taxable: 186M, Alloc Tax Rate: 1.1x
[2.045s][info][gc          ] GC(109) Pause Final Mark 0.915ms
[2.045s][info][gc,start    ] GC(109) Concurrent thread roots
[2.045s][info][gc,task     ] GC(109) Using 2 of 8 workers for Concurrent thread roots
[2.045s][info][gc          ] GC(109) Concurrent thread roots 0.124ms
[2.045s][info][gc,start    ] GC(109) Concurrent weak references
[2.045s][info][gc,task     ] GC(109) Using 2 of 8 workers for concurrent weak references
[2.045s][info][gc,ref      ] GC(109) Encountered references: Soft: 3606, Weak: 1171, Final: 4, Phantom: 585
[2.045s][info][gc,ref      ] GC(109) Discovered  references: Soft: 0, Weak: 461, Final: 4, Phantom: 378
[2.045s][info][gc,ref      ] GC(109) Enqueued    references: Soft: 0, Weak: 0, Final: 0, Phantom: 0
[2.045s][info][gc          ] GC(109) Concurrent weak references 0.096ms
[2.045s][info][gc,start    ] GC(109) Concurrent weak roots
[2.045s][info][gc,task     ] GC(109) Using 2 of 8 workers for concurrent weak root
[2.045s][info][gc          ] GC(109) Concurrent weak roots 0.456ms
[2.046s][info][gc,start    ] GC(109) Concurrent cleanup
[2.046s][info][gc          ] GC(109) Concurrent cleanup 15M->15M(147M) 0.060ms
[2.046s][info][gc,ergo     ] GC(109) Free: 1868M, Max: 512K regular, 1866M humongous, Frag: 1% external, 0% internal; Reserve: 101543K, Max: 512K
[2.046s][info][gc,start    ] GC(109) Concurrent strong roots
[2.046s][info][gc,task     ] GC(109) Using 2 of 8 workers for concurrent strong root
[2.046s][info][gc          ] GC(109) Concurrent strong roots 0.501ms
[2.046s][info][gc,start    ] GC(109) Concurrent evacuation
[2.046s][info][gc,task     ] GC(109) Using 2 of 8 workers for concurrent evacuation
[2.050s][info][gc          ] GC(109) Concurrent evacuation 3.777ms
[2.050s][info][gc,start    ] GC(109) Pause Init Update Refs
[2.050s][info][gc,ergo     ] GC(109) Pacer for Update Refs. Used: 26982K, Free: 1868M, Non-Taxable: 186M, Alloc Tax Rate: 1.1x
[2.050s][info][gc          ] GC(109) Pause Init Update Refs 0.037ms
[2.050s][info][gc,start    ] GC(109) Concurrent update references
[2.050s][info][gc,task     ] GC(109) Using 2 of 8 workers for concurrent reference update
[2.053s][info][gc          ] GC(109) Concurrent update references 2.485ms
[2.053s][info][gc,start    ] GC(109) Concurrent update thread roots
[2.053s][info][gc          ] GC(109) Concurrent update thread roots 0.149ms
[2.053s][info][gc,start    ] GC(109) Pause Final Update Refs
[2.053s][info][gc,task     ] GC(109) Using 8 of 8 workers for final reference update
[2.053s][info][gc          ] GC(109) Pause Final Update Refs 0.066ms
[2.053s][info][gc,start    ] GC(109) Concurrent cleanup
[2.053s][info][gc          ] GC(109) Concurrent cleanup 26M->13M(147M) 0.066ms
[2.053s][info][gc,ergo     ] Free: 1871M, Max: 512K regular, 1867M humongous, Frag: 1% external, 0% internal; Reserve: 101888K, Max: 512K
[2.053s][info][gc,stats    ] 
[2.053s][info][gc,stats    ] All times are wall-clock times, except per-root-class counters, that are sum over
[2.053s][info][gc,stats    ] all workers. Dividing the <total> over the root stage time estimates parallelism.
[2.053s][info][gc,stats    ] 
[2.053s][info][gc,stats    ] Concurrent Reset                    316 us
[2.053s][info][gc,stats    ] Pause Init Mark (G)                 175 us
[2.053s][info][gc,stats    ] Pause Init Mark (N)                  76 us
[2.053s][info][gc,stats    ]   Update Region States               20 us
[2.053s][info][gc,stats    ] Concurrent Mark Roots               526 us, parallelism: 1.56x
[2.053s][info][gc,stats    ]   CMR: <total>                      820 us
[2.053s][info][gc,stats    ]   CMR: Thread Roots                  91 us, workers (us):  38,  53, ---, ---, ---, ---, ---, ---, 
[2.053s][info][gc,stats    ]   CMR: Code Cache Roots             611 us, workers (us): 257, 354, ---, ---, ---, ---, ---, ---, 
[2.053s][info][gc,stats    ]   CMR: VM Strong Roots                6 us, workers (us):   4,   3, ---, ---, ---, ---, ---, ---, 
[2.053s][info][gc,stats    ]   CMR: CLDG Roots                   111 us, workers (us): 111, ---, ---, ---, ---, ---, ---, ---, 
[2.053s][info][gc,stats    ] Concurrent Marking                 2934 us
[2.054s][info][gc,stats    ] Pause Final Mark (G)                957 us
[2.054s][info][gc,stats    ] Pause Final Mark (N)                922 us
[2.054s][info][gc,stats    ]   Finish Mark                       795 us
[2.054s][info][gc,stats    ]   Update Region States               14 us
[2.054s][info][gc,stats    ]   Choose Collection Set              45 us
[2.054s][info][gc,stats    ]   Rebuild Free Set                   16 us
[2.054s][info][gc,stats    ] Concurrent Thread Roots             139 us, parallelism: 0.52x
[2.054s][info][gc,stats    ]   CTR: <total>                       73 us
[2.054s][info][gc,stats    ]   CTR: Thread Roots                  73 us, workers (us):  72,   0, ---, ---, ---, ---, ---, ---, 
[2.054s][info][gc,stats    ] Concurrent Weak References          105 us, parallelism: 0.67x
[2.054s][info][gc,stats    ]   CWRF: <total>                      70 us
[2.054s][info][gc,stats    ]   CWRF: Weak References              70 us, workers (us):  40,  30, ---, ---, ---, ---, ---, ---, 
[2.054s][info][gc,stats    ] Concurrent Weak Roots               479 us
[2.054s][info][gc,stats    ]   Roots                             393 us, parallelism: 0.92x
[2.054s][info][gc,stats    ]     CWR: <total>                    363 us
[2.054s][info][gc,stats    ]     CWR: VM Weak Roots              363 us, workers (us): 363,   0, ---, ---, ---, ---, ---, ---, 
[2.054s][info][gc,stats    ]   Rendezvous                         43 us
[2.054s][info][gc,stats    ] Concurrent Cleanup                  104 us
[2.054s][info][gc,stats    ] Concurrent Strong Roots             562 us, parallelism: 1.45x
[2.054s][info][gc,stats    ]   CSR: <total>                      818 us
[2.054s][info][gc,stats    ]   CSR: Code Cache Roots             635 us, workers (us): 255, 380, ---, ---, ---, ---, ---, ---, 
[2.054s][info][gc,stats    ]   CSR: VM Strong Roots               12 us, workers (us):   8,   5, ---, ---, ---, ---, ---, ---, 
[2.054s][info][gc,stats    ]   CSR: CLDG Roots                   171 us, workers (us): 171, ---, ---, ---, ---, ---, ---, ---, 
[2.054s][info][gc,stats    ] Concurrent Evacuation              3801 us
[2.054s][info][gc,stats    ] Pause Init Update Refs (G)          157 us
[2.054s][info][gc,stats    ] Pause Init Update Refs (N)           46 us
[2.054s][info][gc,stats    ]   Manage GCLABs                       4 us
[2.054s][info][gc,stats    ] Concurrent Update Refs             2517 us
[2.054s][info][gc,stats    ] Concurrent Update Thread Roots      162 us
[2.054s][info][gc,stats    ] Pause Final Update Refs (G)         174 us
[2.054s][info][gc,stats    ] Pause Final Update Refs (N)          76 us
[2.054s][info][gc,stats    ]   Update Region States               15 us
[2.054s][info][gc,stats    ]   Trash Collection Set                3 us
[2.054s][info][gc,stats    ]   Rebuild Free Set                   16 us
[2.054s][info][gc,stats    ] Concurrent Cleanup                   77 us
[2.054s][info][gc,stats    ] 
[2.054s][info][gc,stats    ] Allocation pacing accrued:
[2.054s][info][gc,stats    ]       0 of    16 ms (  0.0%): <total>
[2.054s][info][gc,stats    ]       0 of    16 ms (  0.0%): <average total>
[2.054s][info][gc,stats    ] 
[2.054s][info][gc,metaspace] Metaspace: 8952K(9152K)->9000K(9216K) NonClass: 8033K(8128K)->8082K(8192K) Class: 918K(1024K)->918K(1024K)
[2.054s][info][gc,ergo     ] Pacer for Idle. Initial: 40642K, Alloc Tax Rate: 1.0x
[2.055s][info][gc          ] Trigger: Start next cycle immediately
[2.055s][info][gc,ergo     ] Free: 1871M, Max: 512K regular, 1867M humongous, Frag: 1% external, 0% internal; Reserve: 101888K, Max: 512K
[2.056s][info][gc,start    ] GC(110) Concurrent reset
[2.056s][info][gc,task     ] GC(110) Using 2 of 8 workers for concurrent reset
[2.056s][info][gc,ergo     ] GC(110) Pacer for Reset. Non-Taxable: 1984M
[2.056s][info][gc          ] GC(110) Concurrent reset 0.266ms
[2.056s][info][gc,start    ] GC(110) Pause Init Mark (unload classes)
[2.056s][info][gc,task     ] GC(110) Using 8 of 8 workers for init marking
[2.056s][info][gc,ergo     ] GC(110) Pacer for Mark. Expected Live: 11694K, Free: 1871M, Non-Taxable: 187M, Alloc Tax Rate: 0.0x
[2.056s][info][gc          ] GC(110) Pause Init Mark (unload classes) 0.067ms
[2.056s][info][gc,start    ] GC(110) Concurrent marking roots
[2.056s][info][gc,task     ] GC(110) Using 2 of 8 workers for concurrent marking roots
[2.056s][info][gc          ] GC(110) Concurrent marking roots 0.272ms
[2.056s][info][gc,start    ] GC(110) Concurrent marking (unload classes)
[2.056s][info][gc,task     ] GC(110) Using 2 of 8 workers for concurrent marking
[2.065s][info][gc          ] GC(110) Concurrent marking (unload classes) 9.114ms
[2.066s][info][gc,start    ] GC(110) Pause Final Mark (unload classes)
[2.066s][info][gc,task     ] GC(110) Using 8 of 8 workers for final marking
[2.070s][info][gc,ergo     ] GC(110) Collectable Garbage: 1949K (100%), Immediate: 0B (0%), CSet: 1949K (100%)
[2.070s][info][gc,ergo     ] GC(110) Pacer for Evacuation. Used CSet: 11528K, Free: 1870M, Non-Taxable: 187M, Alloc Tax Rate: 1.1x
[2.070s][info][gc          ] GC(110) Pause Final Mark (unload classes) 3.957ms
[2.070s][info][gc,start    ] GC(110) Concurrent thread roots
[2.070s][info][gc,task     ] GC(110) Using 2 of 8 workers for Concurrent thread roots
[2.070s][info][gc          ] GC(110) Concurrent thread roots 0.134ms
[2.070s][info][gc,start    ] GC(110) Concurrent weak references
[2.070s][info][gc,task     ] GC(110) Using 2 of 8 workers for concurrent weak references
[2.070s][info][gc,ref      ] GC(110) Encountered references: Soft: 3606, Weak: 1171, Final: 4, Phantom: 585
[2.070s][info][gc,ref      ] GC(110) Discovered  references: Soft: 0, Weak: 419, Final: 0, Phantom: 381
[2.070s][info][gc,ref      ] GC(110) Enqueued    references: Soft: 0, Weak: 0, Final: 0, Phantom: 0
[2.070s][info][gc          ] GC(110) Concurrent weak references 0.117ms
[2.070s][info][gc,start    ] GC(110) Concurrent weak roots
[2.070s][info][gc,task     ] GC(110) Using 2 of 8 workers for concurrent weak root
[2.071s][info][gc          ] GC(110) Concurrent weak roots 0.654ms
[2.071s][info][gc,start    ] GC(110) Concurrent cleanup
[2.071s][info][gc          ] GC(110) Concurrent cleanup 14M->14M(147M) 0.084ms
[2.071s][info][gc,ergo     ] GC(110) Free: 1869M, Max: 512K regular, 1867M humongous, Frag: 1% external, 0% internal; Reserve: 101525K, Max: 512K
[2.071s][info][gc,start    ] GC(110) Concurrent class unloading
[2.071s][info][gc,task     ] GC(110) Using 2 of 8 workers for concurrent class unloading
[2.072s][info][gc          ] GC(110) Concurrent class unloading 1.109ms
[2.072s][info][gc,start    ] GC(110) Concurrent strong roots
[2.072s][info][gc,task     ] GC(110) Using 2 of 8 workers for concurrent strong root
[2.072s][info][gc          ] GC(110) Concurrent strong roots 0.260ms
[2.072s][info][gc,start    ] GC(110) Concurrent evacuation
[2.072s][info][gc,task     ] GC(110) Using 2 of 8 workers for concurrent evacuation
[2.074s][info][gc          ] GC(110) Concurrent evacuation 2.006ms
[2.075s][info][gc,start    ] GC(110) Pause Init Update Refs
[2.075s][info][gc,ergo     ] GC(110) Pacer for Update Refs. Used: 25482K, Free: 1869M, Non-Taxable: 186M, Alloc Tax Rate: 1.1x
[2.075s][info][gc          ] GC(110) Pause Init Update Refs 0.041ms
[2.075s][info][gc,start    ] GC(110) Concurrent update references
[2.075s][info][gc,task     ] GC(110) Using 2 of 8 workers for concurrent reference update
[2.077s][info][gc          ] GC(110) Concurrent update references 2.220ms
[2.077s][info][gc,start    ] GC(110) Concurrent update thread roots
[2.085s][info][gc          ] GC(110) Concurrent update thread roots 7.639ms
[2.085s][info][gc,start    ] GC(110) Pause Final Update Refs
[2.085s][info][gc,task     ] GC(110) Using 8 of 8 workers for final reference update
[2.085s][info][gc          ] GC(110) Pause Final Update Refs 0.086ms
[2.086s][info][gc,start    ] GC(110) Concurrent cleanup
[2.086s][info][gc          ] GC(110) Concurrent cleanup 24M->13M(147M) 0.094ms
[2.090s][info][gc,ergo     ] Free: 1870M, Max: 512K regular, 1867M humongous, Frag: 1% external, 0% internal; Reserve: 101888K, Max: 512K
[2.090s][info][gc,stats    ] 
[2.090s][info][gc,stats    ] All times are wall-clock times, except per-root-class counters, that are sum over
[2.090s][info][gc,stats    ] all workers. Dividing the <total> over the root stage time estimates parallelism.
[2.090s][info][gc,stats    ] 
[2.090s][info][gc,stats    ] Concurrent Reset                    326 us
[2.090s][info][gc,stats    ] Pause Init Mark (G)                 180 us
[2.090s][info][gc,stats    ] Pause Init Mark (N)                  75 us
[2.090s][info][gc,stats    ]   Update Region States               20 us
[2.090s][info][gc,stats    ] Concurrent Mark Roots               317 us, parallelism: 0.96x
[2.090s][info][gc,stats    ]   CMR: <total>                      303 us
[2.090s][info][gc,stats    ]   CMR: Thread Roots                 235 us, workers (us):  30, 204, ---, ---, ---, ---, ---, ---, 
[2.090s][info][gc,stats    ]   CMR: VM Strong Roots                5 us, workers (us):   4,   1, ---, ---, ---, ---, ---, ---, 
[2.090s][info][gc,stats    ]   CMR: CLDG Roots                    64 us, workers (us):  64, ---, ---, ---, ---, ---, ---, ---, 
[2.090s][info][gc,stats    ] Concurrent Marking                 9139 us
[2.090s][info][gc,stats    ] Pause Final Mark (G)               4101 us
[2.090s][info][gc,stats    ] Pause Final Mark (N)               3963 us
[2.090s][info][gc,stats    ]   Finish Mark                      3827 us
[2.090s][info][gc,stats    ]   Update Region States               16 us
[2.090s][info][gc,stats    ]   Choose Collection Set              47 us
[2.090s][info][gc,stats    ]   Rebuild Free Set                   17 us
[2.090s][info][gc,stats    ] Concurrent Thread Roots             148 us, parallelism: 0.85x
[2.090s][info][gc,stats    ]   CTR: <total>                      126 us
[2.090s][info][gc,stats    ]   CTR: Thread Roots                 126 us, workers (us):  45,  81, ---, ---, ---, ---, ---, ---, 
[2.090s][info][gc,stats    ] Concurrent Weak References          126 us, parallelism: 0.45x
[2.090s][info][gc,stats    ]   CWRF: <total>                      57 us
[2.090s][info][gc,stats    ]   CWRF: Weak References              57 us, workers (us):  57,   1, ---, ---, ---, ---, ---, ---, 
[2.090s][info][gc,stats    ] Concurrent Weak Roots               675 us
[2.090s][info][gc,stats    ]   Roots                             610 us, parallelism: 1.83x
[2.090s][info][gc,stats    ]     CWR: <total>                   1116 us
[2.090s][info][gc,stats    ]     CWR: Code Cache Roots           734 us, workers (us): 394, 340, ---, ---, ---, ---, ---, ---, 
[2.090s][info][gc,stats    ]     CWR: VM Weak Roots              376 us, workers (us): 191, 185, ---, ---, ---, ---, ---, ---, 
[2.090s][info][gc,stats    ]     CWR: CLDG Roots                   6 us, workers (us): ---,   6, ---, ---, ---, ---, ---, ---, 
[2.090s][info][gc,stats    ]   Rendezvous                         25 us
[2.090s][info][gc,stats    ] Concurrent Cleanup                  133 us
[2.090s][info][gc,stats    ] Concurrent Class Unloading         1142 us
[2.090s][info][gc,stats    ]   Unlink Stale                      890 us
[2.090s][info][gc,stats    ]     System Dictionary                97 us
[2.090s][info][gc,stats    ]     Weak Class Links                  1 us
[2.090s][info][gc,stats    ]     Code Roots                      791 us
[2.090s][info][gc,stats    ]   Rendezvous                         26 us
[2.090s][info][gc,stats    ]   Purge Unlinked                    126 us
[2.090s][info][gc,stats    ]     Code Roots                      121 us
[2.090s][info][gc,stats    ]     CLDG                              4 us
[2.090s][info][gc,stats    ]     Exception Caches                  0 us
[2.090s][info][gc,stats    ] Concurrent Strong Roots             326 us, parallelism: 0.53x
[2.090s][info][gc,stats    ]   CSR: <total>                      173 us
[2.090s][info][gc,stats    ]   CSR: VM Strong Roots               11 us, workers (us):   5,   5, ---, ---, ---, ---, ---, ---, 
[2.090s][info][gc,stats    ]   CSR: CLDG Roots                   162 us, workers (us): 162, ---, ---, ---, ---, ---, ---, ---, 
[2.090s][info][gc,stats    ] Concurrent Evacuation              2030 us
[2.090s][info][gc,stats    ] Pause Init Update Refs (G)          539 us
[2.090s][info][gc,stats    ] Pause Init Update Refs (N)           49 us
[2.090s][info][gc,stats    ]   Manage GCLABs                       4 us
[2.090s][info][gc,stats    ] Concurrent Update Refs             2684 us
[2.090s][info][gc,stats    ] Concurrent Update Thread Roots     7713 us
[2.090s][info][gc,stats    ] Pause Final Update Refs (G)         337 us
[2.090s][info][gc,stats    ] Pause Final Update Refs (N)          98 us
[2.090s][info][gc,stats    ]   Update Region States               37 us
[2.090s][info][gc,stats    ]   Trash Collection Set                3 us
[2.090s][info][gc,stats    ]   Rebuild Free Set                   18 us
[2.090s][info][gc,stats    ] Concurrent Cleanup                 3961 us
[2.090s][info][gc,stats    ] 
[2.090s][info][gc,stats    ] Allocation pacing accrued:
[2.090s][info][gc,stats    ]       0 of    36 ms (  0.0%): <total>
[2.090s][info][gc,stats    ]       0 of    36 ms (  0.0%): <average total>
[2.090s][info][gc,stats    ] 
[2.090s][info][gc,metaspace] Metaspace: 9000K(9216K)->9062K(9280K) NonClass: 8082K(8192K)->8141K(8256K) Class: 918K(1024K)->920K(1024K)
[2.090s][info][gc,ergo     ] Pacer for Idle. Initial: 40642K, Alloc Tax Rate: 1.0x
[2.091s][info][gc          ] Trigger: Start next cycle immediately
[2.091s][info][gc,ergo     ] Free: 1870M, Max: 512K regular, 1867M humongous, Frag: 1% external, 0% internal; Reserve: 101888K, Max: 512K
[2.091s][info][gc,start    ] GC(111) Concurrent reset
[2.091s][info][gc,task     ] GC(111) Using 2 of 8 workers for concurrent reset
[2.091s][info][gc,ergo     ] GC(111) Pacer for Reset. Non-Taxable: 1984M
[2.092s][info][gc          ] GC(111) Concurrent reset 0.271ms
[2.096s][info][gc,start    ] GC(111) Pause Init Mark (unload classes)
[2.096s][info][gc,task     ] GC(111) Using 8 of 8 workers for init marking
[2.096s][info][gc,ergo     ] GC(111) Pacer for Mark. Expected Live: 11741K, Free: 1870M, Non-Taxable: 187M, Alloc Tax Rate: 0.0x
[2.096s][info][gc          ] GC(111) Pause Init Mark (unload classes) 0.079ms
[2.096s][info][gc,start    ] GC(111) Concurrent marking roots
[2.096s][info][gc,task     ] GC(111) Using 2 of 8 workers for concurrent marking roots
[2.096s][info][gc          ] GC(111) Concurrent marking roots 0.179ms
[2.096s][info][gc,start    ] GC(111) Concurrent marking (unload classes)
[2.096s][info][gc,task     ] GC(111) Using 2 of 8 workers for concurrent marking
[2.100s][info][gc          ] GC(111) Concurrent marking (unload classes) 3.374ms
[2.107s][info][gc,start    ] GC(111) Pause Final Mark (unload classes)
[2.107s][info][gc,task     ] GC(111) Using 8 of 8 workers for final marking
[2.111s][info][gc,ergo     ] GC(111) Collectable Garbage: 2155K (100%), Immediate: 0B (0%), CSet: 2155K (100%)
[2.111s][info][gc,ergo     ] GC(111) Pacer for Evacuation. Used CSet: 11776K, Free: 1870M, Non-Taxable: 187M, Alloc Tax Rate: 1.1x
[2.111s][info][gc          ] GC(111) Pause Final Mark (unload classes) 3.803ms
[2.113s][info][gc,start    ] GC(111) Concurrent thread roots
[2.113s][info][gc,task     ] GC(111) Using 2 of 8 workers for Concurrent thread roots
[2.113s][info][gc          ] GC(111) Concurrent thread roots 0.155ms
[2.113s][info][gc,start    ] GC(111) Concurrent weak references
[2.113s][info][gc,task     ] GC(111) Using 2 of 8 workers for concurrent weak references
[2.113s][info][gc,ref      ] GC(111) Encountered references: Soft: 3607, Weak: 1171, Final: 4, Phantom: 585
[2.113s][info][gc,ref      ] GC(111) Discovered  references: Soft: 0, Weak: 442, Final: 4, Phantom: 361
[2.113s][info][gc,ref      ] GC(111) Enqueued    references: Soft: 0, Weak: 0, Final: 0, Phantom: 0
[2.113s][info][gc          ] GC(111) Concurrent weak references 0.124ms
[2.113s][info][gc,start    ] GC(111) Concurrent weak roots
[2.113s][info][gc,task     ] GC(111) Using 2 of 8 workers for concurrent weak root
[2.114s][info][gc          ] GC(111) Concurrent weak roots 0.960ms
[2.114s][info][gc,start    ] GC(111) Concurrent cleanup
[2.114s][info][gc          ] GC(111) Concurrent cleanup 14M->14M(147M) 0.068ms
[2.114s][info][gc,ergo     ] GC(111) Free: 1869M, Max: 512K regular, 1867M humongous, Frag: 1% external, 0% internal; Reserve: 101505K, Max: 512K
[2.114s][info][gc,start    ] GC(111) Concurrent class unloading
[2.114s][info][gc,task     ] GC(111) Using 2 of 8 workers for concurrent class unloading
[2.115s][info][gc          ] GC(111) Concurrent class unloading 1.093ms
[2.115s][info][gc,start    ] GC(111) Concurrent strong roots
[2.115s][info][gc,task     ] GC(111) Using 2 of 8 workers for concurrent strong root
[2.115s][info][gc          ] GC(111) Concurrent strong roots 0.229ms
[2.115s][info][gc,start    ] GC(111) Concurrent evacuation
[2.115s][info][gc,task     ] GC(111) Using 2 of 8 workers for concurrent evacuation
[2.119s][info][gc          ] GC(111) Concurrent evacuation 3.850ms
[2.119s][info][gc,start    ] GC(111) Pause Init Update Refs
[2.119s][info][gc,ergo     ] GC(111) Pacer for Update Refs. Used: 25573K, Free: 1869M, Non-Taxable: 186M, Alloc Tax Rate: 1.1x
[2.119s][info][gc          ] GC(111) Pause Init Update Refs 0.028ms
[2.119s][info][gc,start    ] GC(111) Concurrent update references
[2.119s][info][gc,task     ] GC(111) Using 2 of 8 workers for concurrent reference update
[2.122s][info][gc          ] GC(111) Concurrent update references 2.497ms
[2.122s][info][gc,start    ] GC(111) Concurrent update thread roots
[2.122s][info][gc          ] GC(111) Concurrent update thread roots 0.236ms
[2.122s][info][gc,start    ] GC(111) Pause Final Update Refs
[2.122s][info][gc,task     ] GC(111) Using 8 of 8 workers for final reference update
[2.122s][info][gc          ] GC(111) Pause Final Update Refs 0.066ms
[2.122s][info][gc,start    ] GC(111) Concurrent cleanup
[2.122s][info][gc          ] GC(111) Concurrent cleanup 24M->13M(147M) 0.061ms
[2.122s][info][gc,ergo     ] Free: 1871M, Max: 512K regular, 1867M humongous, Frag: 1% external, 0% internal; Reserve: 101888K, Max: 512K
[2.122s][info][gc,stats    ] 
[2.122s][info][gc,stats    ] All times are wall-clock times, except per-root-class counters, that are sum over
[2.122s][info][gc,stats    ] all workers. Dividing the <total> over the root stage time estimates parallelism.
[2.122s][info][gc,stats    ] 
[2.122s][info][gc,stats    ] Concurrent Reset                    284 us
[2.122s][info][gc,stats    ] Pause Init Mark (G)                4357 us
[2.122s][info][gc,stats    ] Pause Init Mark (N)                 103 us
[2.122s][info][gc,stats    ]   Update Region States               21 us
[2.122s][info][gc,stats    ] Concurrent Mark Roots               191 us, parallelism: 0.87x
[2.122s][info][gc,stats    ]   CMR: <total>                      166 us
[2.123s][info][gc,stats    ]   CMR: Thread Roots                  87 us, workers (us):  11,  76, ---, ---, ---, ---, ---, ---, 
[2.123s][info][gc,stats    ]   CMR: VM Strong Roots                7 us, workers (us):   5,   2, ---, ---, ---, ---, ---, ---, 
[2.123s][info][gc,stats    ]   CMR: CLDG Roots                    72 us, workers (us):  72, ---, ---, ---, ---, ---, ---, ---, 
[2.123s][info][gc,stats    ] Concurrent Marking                 3398 us
[2.123s][info][gc,stats    ] Pause Final Mark (G)              12990 us
[2.123s][info][gc,stats    ] Pause Final Mark (N)               3812 us
[2.123s][info][gc,stats    ]   Finish Mark                      3672 us
[2.123s][info][gc,stats    ]   Update Region States               17 us
[2.123s][info][gc,stats    ]   Choose Collection Set              48 us
[2.123s][info][gc,stats    ]   Rebuild Free Set                   17 us
[2.123s][info][gc,stats    ] Concurrent Thread Roots             166 us, parallelism: 0.48x
[2.123s][info][gc,stats    ]   CTR: <total>                       79 us
[2.123s][info][gc,stats    ]   CTR: Thread Roots                  79 us, workers (us):  79,   0, ---, ---, ---, ---, ---, ---, 
[2.123s][info][gc,stats    ] Concurrent Weak References          132 us, parallelism: 0.71x
[2.123s][info][gc,stats    ]   CWRF: <total>                      94 us
[2.123s][info][gc,stats    ]   CWRF: Weak References              94 us, workers (us):  72,  22, ---, ---, ---, ---, ---, ---, 
[2.123s][info][gc,stats    ] Concurrent Weak Roots               983 us
[2.123s][info][gc,stats    ]   Roots                             925 us, parallelism: 0.96x
[2.123s][info][gc,stats    ]     CWR: <total>                    893 us
[2.123s][info][gc,stats    ]     CWR: Code Cache Roots           497 us, workers (us): 497,   0, ---, ---, ---, ---, ---, ---, 
[2.123s][info][gc,stats    ]     CWR: VM Weak Roots              390 us, workers (us): 390,   1, ---, ---, ---, ---, ---, ---, 
[2.123s][info][gc,stats    ]     CWR: CLDG Roots                   5 us, workers (us):   5, ---, ---, ---, ---, ---, ---, ---, 
[2.123s][info][gc,stats    ]   Rendezvous                         19 us
[2.123s][info][gc,stats    ] Concurrent Cleanup                   77 us
[2.123s][info][gc,stats    ] Concurrent Class Unloading         1107 us
[2.123s][info][gc,stats    ]   Unlink Stale                      978 us
[2.123s][info][gc,stats    ]     System Dictionary                26 us
[2.123s][info][gc,stats    ]     Weak Class Links                  0 us
[2.123s][info][gc,stats    ]     Code Roots                      951 us
[2.123s][info][gc,stats    ]   Rendezvous                         16 us
[2.123s][info][gc,stats    ]   Purge Unlinked                     79 us
[2.123s][info][gc,stats    ]     Code Roots                       77 us
[2.123s][info][gc,stats    ]     CLDG                              2 us
[2.123s][info][gc,stats    ]     Exception Caches                  0 us
[2.123s][info][gc,stats    ] Concurrent Strong Roots             249 us, parallelism: 0.76x
[2.123s][info][gc,stats    ]   CSR: <total>                      188 us
[2.123s][info][gc,stats    ]   CSR: VM Strong Roots               13 us, workers (us):  12,   0, ---, ---, ---, ---, ---, ---, 
[2.123s][info][gc,stats    ]   CSR: CLDG Roots                   175 us, workers (us): 175, ---, ---, ---, ---, ---, ---, ---, 
[2.123s][info][gc,stats    ] Concurrent Evacuation              3872 us
[2.123s][info][gc,stats    ] Pause Init Update Refs (G)          128 us
[2.123s][info][gc,stats    ] Pause Init Update Refs (N)           36 us
[2.123s][info][gc,stats    ]   Manage GCLABs                       4 us
[2.123s][info][gc,stats    ] Concurrent Update Refs             2520 us
[2.123s][info][gc,stats    ] Concurrent Update Thread Roots      259 us
[2.123s][info][gc,stats    ] Pause Final Update Refs (G)         178 us
[2.123s][info][gc,stats    ] Pause Final Update Refs (N)          78 us
[2.123s][info][gc,stats    ]   Update Region States               14 us
[2.123s][info][gc,stats    ]   Trash Collection Set                3 us
[2.123s][info][gc,stats    ]   Rebuild Free Set                   20 us
[2.123s][info][gc,stats    ] Concurrent Cleanup                   73 us
[2.123s][info][gc,stats    ] 
[2.123s][info][gc,stats    ] Allocation pacing accrued:
[2.123s][info][gc,stats    ]       0 of    33 ms (  0.0%): <total>
[2.123s][info][gc,stats    ]       0 of    33 ms (  0.0%): <average total>
[2.123s][info][gc,stats    ] 
[2.123s][info][gc,metaspace] Metaspace: 9062K(9280K)->9063K(9280K) NonClass: 8141K(8256K)->8142K(8256K) Class: 920K(1024K)->920K(1024K)
[2.123s][info][gc,ergo     ] Pacer for Idle. Initial: 40642K, Alloc Tax Rate: 1.0x
[2.124s][info][gc          ] Trigger: Start next cycle immediately
[2.124s][info][gc,ergo     ] Free: 1871M, Max: 512K regular, 1867M humongous, Frag: 1% external, 0% internal; Reserve: 101888K, Max: 512K
[2.124s][info][gc,start    ] GC(112) Concurrent reset
[2.124s][info][gc,task     ] GC(112) Using 2 of 8 workers for concurrent reset
[2.124s][info][gc,ergo     ] GC(112) Pacer for Reset. Non-Taxable: 1984M
[2.125s][info][gc          ] GC(112) Concurrent reset 0.243ms
[2.125s][info][gc,start    ] GC(112) Pause Init Mark (unload classes)
[2.125s][info][gc,task     ] GC(112) Using 8 of 8 workers for init marking
[2.125s][info][gc,ergo     ] GC(112) Pacer for Mark. Expected Live: 11775K, Free: 1871M, Non-Taxable: 187M, Alloc Tax Rate: 0.0x
[2.125s][info][gc          ] GC(112) Pause Init Mark (unload classes) 0.059ms
[2.125s][info][gc,start    ] GC(112) Concurrent marking roots
[2.125s][info][gc,task     ] GC(112) Using 2 of 8 workers for concurrent marking roots
[2.125s][info][gc          ] GC(112) Concurrent marking roots 0.165ms
[2.125s][info][gc,start    ] GC(112) Concurrent marking (unload classes)
[2.125s][info][gc,task     ] GC(112) Using 2 of 8 workers for concurrent marking
[2.131s][info][gc          ] GC(112) Concurrent marking (unload classes) 5.781ms
[2.131s][info][gc,start    ] GC(112) Pause Final Mark (unload classes)
[2.131s][info][gc,task     ] GC(112) Using 8 of 8 workers for final marking
[2.132s][info][gc,ergo     ] GC(112) Collectable Garbage: 1981K (100%), Immediate: 0B (0%), CSet: 1981K (100%)
[2.132s][info][gc,ergo     ] GC(112) Pacer for Evacuation. Used CSet: 11622K, Free: 1870M, Non-Taxable: 187M, Alloc Tax Rate: 1.1x
[2.132s][info][gc          ] GC(112) Pause Final Mark (unload classes) 0.933ms
[2.132s][info][gc,start    ] GC(112) Concurrent thread roots
[2.132s][info][gc,task     ] GC(112) Using 2 of 8 workers for Concurrent thread roots
[2.132s][info][gc          ] GC(112) Concurrent thread roots 0.125ms
[2.132s][info][gc,start    ] GC(112) Concurrent weak references
[2.132s][info][gc,task     ] GC(112) Using 2 of 8 workers for concurrent weak references
[2.132s][info][gc,ref      ] GC(112) Encountered references: Soft: 3625, Weak: 1177, Final: 4, Phantom: 585
[2.132s][info][gc,ref      ] GC(112) Discovered  references: Soft: 0, Weak: 459, Final: 4, Phantom: 423
[2.132s][info][gc,ref      ] GC(112) Enqueued    references: Soft: 0, Weak: 1, Final: 0, Phantom: 0
[2.132s][info][gc          ] GC(112) Concurrent weak references 0.121ms
[2.132s][info][gc,start    ] GC(112) Concurrent weak roots
[2.133s][info][gc,task     ] GC(112) Using 2 of 8 workers for concurrent weak root
[2.133s][info][gc          ] GC(112) Concurrent weak roots 0.659ms
[2.133s][info][gc,start    ] GC(112) Concurrent cleanup
[2.133s][info][gc          ] GC(112) Concurrent cleanup 13M->13M(147M) 0.074ms
[2.133s][info][gc,ergo     ] GC(112) Free: 1870M, Max: 512K regular, 1867M humongous, Frag: 1% external, 0% internal; Reserve: 101414K, Max: 512K
[2.133s][info][gc,start    ] GC(112) Concurrent class unloading
[2.133s][info][gc,task     ] GC(112) Using 2 of 8 workers for concurrent class unloading
[2.134s][info][gc          ] GC(112) Concurrent class unloading 1.130ms
[2.134s][info][gc,start    ] GC(112) Concurrent strong roots
[2.134s][info][gc,task     ] GC(112) Using 2 of 8 workers for concurrent strong root
[2.135s][info][gc          ] GC(112) Concurrent strong roots 0.227ms
[2.135s][info][gc,start    ] GC(112) Concurrent evacuation
[2.135s][info][gc,task     ] GC(112) Using 2 of 8 workers for concurrent evacuation
[2.138s][info][gc          ] GC(112) Concurrent evacuation 3.049ms
[2.138s][info][gc,start    ] GC(112) Pause Init Update Refs
[2.138s][info][gc,ergo     ] GC(112) Pacer for Update Refs. Used: 25573K, Free: 1870M, Non-Taxable: 187M, Alloc Tax Rate: 1.1x
[2.138s][info][gc          ] GC(112) Pause Init Update Refs 0.027ms
[2.138s][info][gc,start    ] GC(112) Concurrent update references
[2.138s][info][gc,task     ] GC(112) Using 2 of 8 workers for concurrent reference update
[2.150s][info][gc          ] GC(112) Concurrent update references 11.743ms
[2.150s][info][gc,start    ] GC(112) Concurrent update thread roots
[2.150s][info][gc          ] GC(112) Concurrent update thread roots 0.340ms
[2.150s][info][gc,start    ] GC(112) Pause Final Update Refs
[2.150s][info][gc,task     ] GC(112) Using 8 of 8 workers for final reference update
[2.150s][info][gc          ] GC(112) Pause Final Update Refs 0.084ms
[2.150s][info][gc,start    ] GC(112) Concurrent cleanup
[2.150s][info][gc          ] GC(112) Concurrent cleanup 24M->13M(147M) 0.065ms
[2.150s][info][gc,ergo     ] Free: 1870M, Max: 512K regular, 1866M humongous, Frag: 1% external, 0% internal; Reserve: 101888K, Max: 512K
[2.150s][info][gc,stats    ] 
[2.150s][info][gc,stats    ] All times are wall-clock times, except per-root-class counters, that are sum over
[2.150s][info][gc,stats    ] all workers. Dividing the <total> over the root stage time estimates parallelism.
[2.150s][info][gc,stats    ] 
[2.150s][info][gc,stats    ] Concurrent Reset                    256 us
[2.150s][info][gc,stats    ] Pause Init Mark (G)                 583 us
[2.150s][info][gc,stats    ] Pause Init Mark (N)                  72 us
[2.150s][info][gc,stats    ]   Update Region States               17 us
[2.150s][info][gc,stats    ] Concurrent Mark Roots               176 us, parallelism: 1.03x
[2.150s][info][gc,stats    ]   CMR: <total>                      181 us
[2.150s][info][gc,stats    ]   CMR: Thread Roots                 103 us, workers (us):  16,  86, ---, ---, ---, ---, ---, ---, 
[2.150s][info][gc,stats    ]   CMR: VM Strong Roots                7 us, workers (us):   5,   2, ---, ---, ---, ---, ---, ---, 
[2.150s][info][gc,stats    ]   CMR: CLDG Roots                    71 us, workers (us):  71, ---, ---, ---, ---, ---, ---, ---, 
[2.150s][info][gc,stats    ] Concurrent Marking                 5801 us
[2.150s][info][gc,stats    ] Pause Final Mark (G)               1042 us
[2.150s][info][gc,stats    ] Pause Final Mark (N)                942 us
[2.150s][info][gc,stats    ]   Finish Mark                       827 us
[2.151s][info][gc,stats    ]   Update Region States               16 us
[2.151s][info][gc,stats    ]   Choose Collection Set              34 us
[2.151s][info][gc,stats    ]   Rebuild Free Set                   21 us
[2.151s][info][gc,stats    ] Concurrent Thread Roots             136 us, parallelism: 0.97x
[2.151s][info][gc,stats    ]   CTR: <total>                      131 us
[2.151s][info][gc,stats    ]   CTR: Thread Roots                 131 us, workers (us):  83,  48, ---, ---, ---, ---, ---, ---, 
[2.151s][info][gc,stats    ] Concurrent Weak References          128 us, parallelism: 0.54x
[2.151s][info][gc,stats    ]   CWRF: <total>                      70 us
[2.151s][info][gc,stats    ]   CWRF: Weak References              70 us, workers (us):  69,   1, ---, ---, ---, ---, ---, ---, 
[2.151s][info][gc,stats    ] Concurrent Weak Roots               678 us
[2.151s][info][gc,stats    ]   Roots                             518 us, parallelism: 1.81x
[2.151s][info][gc,stats    ]     CWR: <total>                    936 us
[2.151s][info][gc,stats    ]     CWR: Code Cache Roots           509 us, workers (us): 276, 233, ---, ---, ---, ---, ---, ---, 
[2.151s][info][gc,stats    ]     CWR: VM Weak Roots              421 us, workers (us): 213, 208, ---, ---, ---, ---, ---, ---, 
[2.151s][info][gc,stats    ]     CWR: CLDG Roots                   6 us, workers (us): ---,   6, ---, ---, ---, ---, ---, ---, 
[2.151s][info][gc,stats    ]   Rendezvous                         99 us
[2.151s][info][gc,stats    ] Concurrent Cleanup                   83 us
[2.151s][info][gc,stats    ] Concurrent Class Unloading         1145 us
[2.151s][info][gc,stats    ]   Unlink Stale                      932 us
[2.151s][info][gc,stats    ]     System Dictionary                54 us
[2.151s][info][gc,stats    ]     Weak Class Links                  0 us
[2.151s][info][gc,stats    ]     Code Roots                      877 us
[2.151s][info][gc,stats    ]   Rendezvous                         98 us
[2.151s][info][gc,stats    ]   Purge Unlinked                     74 us
[2.151s][info][gc,stats    ]     Code Roots                       72 us
[2.151s][info][gc,stats    ]     CLDG                              2 us
[2.151s][info][gc,stats    ]     Exception Caches                  0 us
[2.151s][info][gc,stats    ] Concurrent Strong Roots             241 us, parallelism: 0.80x
[2.151s][info][gc,stats    ]   CSR: <total>                      192 us
[2.151s][info][gc,stats    ]   CSR: VM Strong Roots               11 us, workers (us):   8,   3, ---, ---, ---, ---, ---, ---, 
[2.151s][info][gc,stats    ]   CSR: CLDG Roots                   181 us, workers (us): 181, ---, ---, ---, ---, ---, ---, ---, 
[2.151s][info][gc,stats    ] Concurrent Evacuation              3071 us
[2.151s][info][gc,stats    ] Pause Init Update Refs (G)          130 us
[2.151s][info][gc,stats    ] Pause Init Update Refs (N)           36 us
[2.151s][info][gc,stats    ]   Manage GCLABs                       4 us
[2.151s][info][gc,stats    ] Concurrent Update Refs            11768 us
[2.151s][info][gc,stats    ] Concurrent Update Thread Roots      354 us
[2.151s][info][gc,stats    ] Pause Final Update Refs (G)         197 us
[2.151s][info][gc,stats    ] Pause Final Update Refs (N)         100 us
[2.151s][info][gc,stats    ]   Update Region States               24 us
[2.151s][info][gc,stats    ]   Trash Collection Set                3 us
[2.151s][info][gc,stats    ]   Rebuild Free Set                   35 us
[2.151s][info][gc,stats    ] Concurrent Cleanup                   74 us
[2.151s][info][gc,stats    ] 
[2.151s][info][gc,stats    ] Allocation pacing accrued:
[2.151s][info][gc,stats    ]       0 of    28 ms (  0.0%): <total>
[2.151s][info][gc,stats    ]       0 of    28 ms (  0.0%): <average total>
[2.151s][info][gc,stats    ] 
[2.151s][info][gc,metaspace] Metaspace: 9065K(9280K)->9067K(9280K) NonClass: 8144K(8256K)->8147K(8256K) Class: 920K(1024K)->920K(1024K)
[2.151s][info][gc,ergo     ] Pacer for Idle. Initial: 40642K, Alloc Tax Rate: 1.0x
[2.152s][info][gc          ] Trigger: Start next cycle immediately
[2.152s][info][gc,ergo     ] Free: 1870M, Max: 512K regular, 1866M humongous, Frag: 1% external, 0% internal; Reserve: 101888K, Max: 512K
[2.152s][info][gc,start    ] GC(113) Concurrent reset
[2.152s][info][gc,task     ] GC(113) Using 2 of 8 workers for concurrent reset
[2.152s][info][gc,ergo     ] GC(113) Pacer for Reset. Non-Taxable: 1984M
[2.153s][info][gc          ] GC(113) Concurrent reset 0.256ms
[2.153s][info][gc,start    ] GC(113) Pause Init Mark
[2.153s][info][gc,task     ] GC(113) Using 8 of 8 workers for init marking
[2.153s][info][gc,ergo     ] GC(113) Pacer for Mark. Expected Live: 11808K, Free: 1870M, Non-Taxable: 187M, Alloc Tax Rate: 0.0x
[2.153s][info][gc          ] GC(113) Pause Init Mark 0.054ms
[2.153s][info][gc,start    ] GC(113) Concurrent marking roots
[2.153s][info][gc,task     ] GC(113) Using 2 of 8 workers for concurrent marking roots
[2.153s][info][gc          ] GC(113) Concurrent marking roots 0.561ms
[2.153s][info][gc,start    ] GC(113) Concurrent marking
[2.153s][info][gc,task     ] GC(113) Using 2 of 8 workers for concurrent marking
[2.157s][info][gc          ] GC(113) Concurrent marking 3.387ms
[2.157s][info][gc,start    ] GC(113) Pause Final Mark
[2.157s][info][gc,task     ] GC(113) Using 8 of 8 workers for final marking
[2.157s][info][gc,ergo     ] GC(113) Collectable Garbage: 2132K (100%), Immediate: 0B (0%), CSet: 2132K (100%)
[2.157s][info][gc,ergo     ] GC(113) Pacer for Evacuation. Used CSet: 11772K, Free: 1870M, Non-Taxable: 187M, Alloc Tax Rate: 1.1x
[2.157s][info][gc          ] GC(113) Pause Final Mark 0.169ms
[2.157s][info][gc,start    ] GC(113) Concurrent thread roots
[2.157s][info][gc,task     ] GC(113) Using 2 of 8 workers for Concurrent thread roots
[2.157s][info][gc          ] GC(113) Concurrent thread roots 0.101ms
[2.157s][info][gc,start    ] GC(113) Concurrent weak references
[2.157s][info][gc,task     ] GC(113) Using 2 of 8 workers for concurrent weak references
[2.157s][info][gc,ref      ] GC(113) Encountered references: Soft: 3607, Weak: 1170, Final: 4, Phantom: 585
[2.157s][info][gc,ref      ] GC(113) Discovered  references: Soft: 0, Weak: 459, Final: 4, Phantom: 422
[2.157s][info][gc,ref      ] GC(113) Enqueued    references: Soft: 0, Weak: 0, Final: 0, Phantom: 0
[2.157s][info][gc          ] GC(113) Concurrent weak references 0.085ms
[2.157s][info][gc,start    ] GC(113) Concurrent weak roots
[2.157s][info][gc,task     ] GC(113) Using 2 of 8 workers for concurrent weak root
[2.158s][info][gc          ] GC(113) Concurrent weak roots 0.604ms
[2.158s][info][gc,start    ] GC(113) Concurrent cleanup
[2.158s][info][gc          ] GC(113) Concurrent cleanup 14M->14M(147M) 0.066ms
[2.158s][info][gc,ergo     ] GC(113) Free: 1870M, Max: 512K regular, 1866M humongous, Frag: 1% external, 0% internal; Reserve: 101432K, Max: 512K
[2.158s][info][gc,start    ] GC(113) Concurrent strong roots
[2.158s][info][gc,task     ] GC(113) Using 2 of 8 workers for concurrent strong root
[2.159s][info][gc          ] GC(113) Concurrent strong roots 0.520ms
[2.159s][info][gc,start    ] GC(113) Concurrent evacuation
[2.159s][info][gc,task     ] GC(113) Using 2 of 8 workers for concurrent evacuation
[2.161s][info][gc          ] GC(113) Concurrent evacuation 2.590ms
[2.165s][info][gc,start    ] GC(113) Pause Init Update Refs
[2.165s][info][gc,ergo     ] GC(113) Pacer for Update Refs. Used: 25200K, Free: 1870M, Non-Taxable: 187M, Alloc Tax Rate: 1.1x
[2.165s][info][gc          ] GC(113) Pause Init Update Refs 0.031ms
[2.165s][info][gc,start    ] GC(113) Concurrent update references
[2.165s][info][gc,task     ] GC(113) Using 2 of 8 workers for concurrent reference update
[2.168s][info][gc          ] GC(113) Concurrent update references 2.198ms
[2.168s][info][gc,start    ] GC(113) Concurrent update thread roots
[2.168s][info][gc          ] GC(113) Concurrent update thread roots 0.154ms
[2.168s][info][gc,start    ] GC(113) Pause Final Update Refs
[2.168s][info][gc,task     ] GC(113) Using 8 of 8 workers for final reference update
[2.168s][info][gc          ] GC(113) Pause Final Update Refs 0.055ms
[2.168s][info][gc,start    ] GC(113) Concurrent cleanup
[2.168s][info][gc          ] GC(113) Concurrent cleanup 24M->13M(147M) 0.060ms
[2.168s][info][gc,ergo     ] Free: 1871M, Max: 512K regular, 1867M humongous, Frag: 1% external, 0% internal; Reserve: 101888K, Max: 512K
[2.168s][info][gc,stats    ] 
[2.168s][info][gc,stats    ] All times are wall-clock times, except per-root-class counters, that are sum over
[2.168s][info][gc,stats    ] all workers. Dividing the <total> over the root stage time estimates parallelism.
[2.168s][info][gc,stats    ] 
[2.168s][info][gc,stats    ] Concurrent Reset                    277 us
[2.168s][info][gc,stats    ] Pause Init Mark (G)                 284 us
[2.168s][info][gc,stats    ] Pause Init Mark (N)                  62 us
[2.168s][info][gc,stats    ]   Update Region States               16 us
[2.168s][info][gc,stats    ] Concurrent Mark Roots               579 us, parallelism: 1.59x
[2.168s][info][gc,stats    ]   CMR: <total>                      922 us
[2.168s][info][gc,stats    ]   CMR: Thread Roots                 101 us, workers (us):  23,  78, ---, ---, ---, ---, ---, ---, 
[2.168s][info][gc,stats    ]   CMR: Code Cache Roots             719 us, workers (us): 331, 387, ---, ---, ---, ---, ---, ---, 
[2.168s][info][gc,stats    ]   CMR: VM Strong Roots                5 us, workers (us):   4,   1, ---, ---, ---, ---, ---, ---, 
[2.168s][info][gc,stats    ]   CMR: CLDG Roots                    97 us, workers (us):  97, ---, ---, ---, ---, ---, ---, ---, 
[2.168s][info][gc,stats    ] Concurrent Marking                 3407 us
[2.168s][info][gc,stats    ] Pause Final Mark (G)                276 us
[2.168s][info][gc,stats    ] Pause Final Mark (N)                180 us
[2.168s][info][gc,stats    ]   Finish Mark                        76 us
[2.168s][info][gc,stats    ]   Update Region States               11 us
[2.168s][info][gc,stats    ]   Choose Collection Set              32 us
[2.168s][info][gc,stats    ]   Rebuild Free Set                   16 us
[2.168s][info][gc,stats    ] Concurrent Thread Roots             112 us, parallelism: 0.93x
[2.168s][info][gc,stats    ]   CTR: <total>                      104 us
[2.168s][info][gc,stats    ]   CTR: Thread Roots                 104 us, workers (us):  62,  42, ---, ---, ---, ---, ---, ---, 
[2.168s][info][gc,stats    ] Concurrent Weak References           92 us, parallelism: 0.76x
[2.168s][info][gc,stats    ]   CWRF: <total>                      71 us
[2.168s][info][gc,stats    ]   CWRF: Weak References              71 us, workers (us):  34,  37, ---, ---, ---, ---, ---, ---, 
[2.168s][info][gc,stats    ] Concurrent Weak Roots               622 us
[2.168s][info][gc,stats    ]   Roots                             241 us, parallelism: 1.71x
[2.168s][info][gc,stats    ]     CWR: <total>                    412 us
[2.169s][info][gc,stats    ]     CWR: VM Weak Roots              412 us, workers (us): 209, 203, ---, ---, ---, ---, ---, ---, 
[2.169s][info][gc,stats    ]   Rendezvous                        339 us
[2.169s][info][gc,stats    ] Concurrent Cleanup                   75 us
[2.169s][info][gc,stats    ] Concurrent Strong Roots             539 us, parallelism: 1.68x
[2.169s][info][gc,stats    ]   CSR: <total>                      904 us
[2.169s][info][gc,stats    ]   CSR: Code Cache Roots             728 us, workers (us): 443, 286, ---, ---, ---, ---, ---, ---, 
[2.169s][info][gc,stats    ]   CSR: VM Strong Roots               14 us, workers (us):  11,   4, ---, ---, ---, ---, ---, ---, 
[2.169s][info][gc,stats    ]   CSR: CLDG Roots                   162 us, workers (us): ---, 162, ---, ---, ---, ---, ---, ---, 
[2.169s][info][gc,stats    ] Concurrent Evacuation              2613 us
[2.169s][info][gc,stats    ] Pause Init Update Refs (G)         4287 us
[2.169s][info][gc,stats    ] Pause Init Update Refs (N)           40 us
[2.169s][info][gc,stats    ]   Manage GCLABs                       3 us
[2.169s][info][gc,stats    ] Concurrent Update Refs             2221 us
[2.169s][info][gc,stats    ] Concurrent Update Thread Roots      166 us
[2.169s][info][gc,stats    ] Pause Final Update Refs (G)         158 us
[2.169s][info][gc,stats    ] Pause Final Update Refs (N)          66 us
[2.169s][info][gc,stats    ]   Update Region States               12 us
[2.169s][info][gc,stats    ]   Trash Collection Set                3 us
[2.169s][info][gc,stats    ]   Rebuild Free Set                   19 us
[2.169s][info][gc,stats    ] Concurrent Cleanup                   68 us
[2.169s][info][gc,stats    ] 
[2.169s][info][gc,stats    ] Allocation pacing accrued:
[2.169s][info][gc,stats    ]       0 of    18 ms (  0.0%): <total>
[2.169s][info][gc,stats    ]       0 of    18 ms (  0.0%): <average total>
[2.169s][info][gc,stats    ] 
[2.169s][info][gc,metaspace] Metaspace: 9067K(9280K)->9069K(9280K) NonClass: 8147K(8256K)->8148K(8256K) Class: 920K(1024K)->920K(1024K)
[2.169s][info][gc,ergo     ] Pacer for Idle. Initial: 40642K, Alloc Tax Rate: 1.0x
[2.170s][info][gc          ] Trigger: Start next cycle immediately
[2.170s][info][gc,ergo     ] Free: 1871M, Max: 512K regular, 1867M humongous, Frag: 1% external, 0% internal; Reserve: 101888K, Max: 512K
[2.170s][info][gc,start    ] GC(114) Concurrent reset
[2.170s][info][gc,task     ] GC(114) Using 2 of 8 workers for concurrent reset
[2.170s][info][gc,ergo     ] GC(114) Pacer for Reset. Non-Taxable: 1984M
[2.170s][info][gc          ] GC(114) Concurrent reset 0.256ms
[2.170s][info][gc,start    ] GC(114) Pause Init Mark
[2.170s][info][gc,task     ] GC(114) Using 8 of 8 workers for init marking
[2.170s][info][gc,ergo     ] GC(114) Pacer for Mark. Expected Live: 11783K, Free: 1871M, Non-Taxable: 187M, Alloc Tax Rate: 0.0x
[2.170s][info][gc          ] GC(114) Pause Init Mark 0.052ms
[2.170s][info][gc,start    ] GC(114) Concurrent marking roots
[2.170s][info][gc,task     ] GC(114) Using 2 of 8 workers for concurrent marking roots
[2.171s][info][gc          ] GC(114) Concurrent marking roots 0.472ms
[2.171s][info][gc,start    ] GC(114) Concurrent marking
[2.171s][info][gc,task     ] GC(114) Using 2 of 8 workers for concurrent marking
[2.174s][info][gc          ] GC(114) Concurrent marking 2.683ms
[2.174s][info][gc,start    ] GC(114) Pause Final Mark
[2.174s][info][gc,task     ] GC(114) Using 8 of 8 workers for final marking
[2.176s][info][gc,ergo     ] GC(114) Collectable Garbage: 1594K (100%), Immediate: 0B (0%), CSet: 1594K (100%)
[2.176s][info][gc,ergo     ] GC(114) Pacer for Evacuation. Used CSet: 11253K, Free: 1871M, Non-Taxable: 187M, Alloc Tax Rate: 1.1x
[2.176s][info][gc          ] GC(114) Pause Final Mark 2.201ms
[2.176s][info][gc,start    ] GC(114) Concurrent thread roots
[2.176s][info][gc,task     ] GC(114) Using 2 of 8 workers for Concurrent thread roots
[2.176s][info][gc          ] GC(114) Concurrent thread roots 0.089ms
[2.176s][info][gc,start    ] GC(114) Concurrent weak references
[2.176s][info][gc,task     ] GC(114) Using 2 of 8 workers for concurrent weak references
[2.176s][info][gc,ref      ] GC(114) Encountered references: Soft: 3607, Weak: 1170, Final: 4, Phantom: 585
[2.176s][info][gc,ref      ] GC(114) Discovered  references: Soft: 0, Weak: 468, Final: 4, Phantom: 421
[2.176s][info][gc,ref      ] GC(114) Enqueued    references: Soft: 0, Weak: 0, Final: 0, Phantom: 0
[2.176s][info][gc          ] GC(114) Concurrent weak references 0.109ms
[2.176s][info][gc,start    ] GC(114) Concurrent weak roots
[2.176s][info][gc,task     ] GC(114) Using 2 of 8 workers for concurrent weak root
[2.181s][info][gc          ] GC(114) Concurrent weak roots 4.730ms
[2.181s][info][gc,start    ] GC(114) Concurrent cleanup
[2.181s][info][gc          ] GC(114) Concurrent cleanup 14M->14M(147M) 0.070ms
[2.181s][info][gc,ergo     ] GC(114) Free: 1870M, Max: 512K regular, 1867M humongous, Frag: 1% external, 0% internal; Reserve: 101309K, Max: 512K
[2.181s][info][gc,start    ] GC(114) Concurrent strong roots
[2.181s][info][gc,task     ] GC(114) Using 2 of 8 workers for concurrent strong root
[2.182s][info][gc          ] GC(114) Concurrent strong roots 0.514ms
[2.182s][info][gc,start    ] GC(114) Concurrent evacuation
[2.182s][info][gc,task     ] GC(114) Using 2 of 8 workers for concurrent evacuation
[2.185s][info][gc          ] GC(114) Concurrent evacuation 3.689ms
[2.185s][info][gc,start    ] GC(114) Pause Init Update Refs
[2.185s][info][gc,ergo     ] GC(114) Pacer for Update Refs. Used: 24692K, Free: 1870M, Non-Taxable: 187M, Alloc Tax Rate: 1.1x
[2.185s][info][gc          ] GC(114) Pause Init Update Refs 0.029ms
[2.186s][info][gc,start    ] GC(114) Concurrent update references
[2.186s][info][gc,task     ] GC(114) Using 2 of 8 workers for concurrent reference update
[2.188s][info][gc          ] GC(114) Concurrent update references 2.869ms
[2.188s][info][gc,start    ] GC(114) Concurrent update thread roots
[2.189s][info][gc          ] GC(114) Concurrent update thread roots 0.371ms
[2.189s][info][gc,start    ] GC(114) Pause Final Update Refs
[2.189s][info][gc,task     ] GC(114) Using 8 of 8 workers for final reference update
[2.189s][info][gc          ] GC(114) Pause Final Update Refs 0.072ms
[2.189s][info][gc,start    ] GC(114) Concurrent cleanup
[2.189s][info][gc          ] GC(114) Concurrent cleanup 24M->13M(147M) 0.060ms
[2.189s][info][gc,ergo     ] Free: 1871M, Max: 512K regular, 1867M humongous, Frag: 1% external, 0% internal; Reserve: 101888K, Max: 512K
[2.189s][info][gc,stats    ] 
[2.189s][info][gc,stats    ] All times are wall-clock times, except per-root-class counters, that are sum over
[2.189s][info][gc,stats    ] all workers. Dividing the <total> over the root stage time estimates parallelism.
[2.189s][info][gc,stats    ] 
[2.189s][info][gc,stats    ] Concurrent Reset                    278 us
[2.189s][info][gc,stats    ] Pause Init Mark (G)                 163 us
[2.189s][info][gc,stats    ] Pause Init Mark (N)                  72 us
[2.189s][info][gc,stats    ]   Update Region States               15 us
[2.189s][info][gc,stats    ] Concurrent Mark Roots               491 us, parallelism: 1.69x
[2.189s][info][gc,stats    ]   CMR: <total>                      832 us
[2.189s][info][gc,stats    ]   CMR: Thread Roots                  70 us, workers (us):  22,  48, ---, ---, ---, ---, ---, ---, 
[2.189s][info][gc,stats    ]   CMR: Code Cache Roots             658 us, workers (us): 294, 364, ---, ---, ---, ---, ---, ---, 
[2.189s][info][gc,stats    ]   CMR: VM Strong Roots                6 us, workers (us):   3,   2, ---, ---, ---, ---, ---, ---, 
[2.189s][info][gc,stats    ]   CMR: CLDG Roots                    98 us, workers (us):  98, ---, ---, ---, ---, ---, ---, ---, 
[2.189s][info][gc,stats    ] Concurrent Marking                 2703 us
[2.189s][info][gc,stats    ] Pause Final Mark (G)               2306 us
[2.189s][info][gc,stats    ] Pause Final Mark (N)               2210 us
[2.189s][info][gc,stats    ]   Finish Mark                      2095 us
[2.189s][info][gc,stats    ]   Update Region States               13 us
[2.189s][info][gc,stats    ]   Choose Collection Set              42 us
[2.189s][info][gc,stats    ]   Rebuild Free Set                   16 us
[2.189s][info][gc,stats    ] Concurrent Thread Roots             102 us, parallelism: 0.94x
[2.189s][info][gc,stats    ]   CTR: <total>                       96 us
[2.189s][info][gc,stats    ]   CTR: Thread Roots                  96 us, workers (us):  62,  35, ---, ---, ---, ---, ---, ---, 
[2.189s][info][gc,stats    ] Concurrent Weak References          117 us, parallelism: 0.54x
[2.189s][info][gc,stats    ]   CWRF: <total>                      63 us
[2.189s][info][gc,stats    ]   CWRF: Weak References              63 us, workers (us):  60,   3, ---, ---, ---, ---, ---, ---, 
[2.189s][info][gc,stats    ] Concurrent Weak Roots              4753 us
[2.189s][info][gc,stats    ]   Roots                             411 us, parallelism: 0.96x
[2.189s][info][gc,stats    ]     CWR: <total>                    393 us
[2.189s][info][gc,stats    ]     CWR: VM Weak Roots              393 us, workers (us): 393,   0, ---, ---, ---, ---, ---, ---, 
[2.189s][info][gc,stats    ]   Rendezvous                       4303 us
[2.189s][info][gc,stats    ] Concurrent Cleanup                   81 us
[2.189s][info][gc,stats    ] Concurrent Strong Roots             533 us, parallelism: 1.71x
[2.189s][info][gc,stats    ]   CSR: <total>                      912 us
[2.190s][info][gc,stats    ]   CSR: Code Cache Roots             757 us, workers (us): 299, 459, ---, ---, ---, ---, ---, ---, 
[2.190s][info][gc,stats    ]   CSR: VM Strong Roots                9 us, workers (us):   8,   0, ---, ---, ---, ---, ---, ---, 
[2.190s][info][gc,stats    ]   CSR: CLDG Roots                   146 us, workers (us): 146, ---, ---, ---, ---, ---, ---, ---, 
[2.190s][info][gc,stats    ] Concurrent Evacuation              3714 us
[2.190s][info][gc,stats    ] Pause Init Update Refs (G)          279 us
[2.190s][info][gc,stats    ] Pause Init Update Refs (N)           38 us
[2.190s][info][gc,stats    ]   Manage GCLABs                       4 us
[2.190s][info][gc,stats    ] Concurrent Update Refs             2891 us
[2.190s][info][gc,stats    ] Concurrent Update Thread Roots      383 us
[2.190s][info][gc,stats    ] Pause Final Update Refs (G)         175 us
[2.190s][info][gc,stats    ] Pause Final Update Refs (N)          84 us
[2.190s][info][gc,stats    ]   Update Region States               14 us
[2.190s][info][gc,stats    ]   Trash Collection Set                2 us
[2.190s][info][gc,stats    ]   Rebuild Free Set                   19 us
[2.190s][info][gc,stats    ] Concurrent Cleanup                   69 us
[2.190s][info][gc,stats    ] 
[2.190s][info][gc,stats    ] Allocation pacing accrued:
[2.190s][info][gc,stats    ]       0 of    21 ms (  0.0%): <total>
[2.190s][info][gc,stats    ]       0 of    21 ms (  0.0%): <average total>
[2.190s][info][gc,stats    ] 
[2.190s][info][gc,metaspace] Metaspace: 9069K(9280K)->9071K(9280K) NonClass: 8148K(8256K)->8151K(8256K) Class: 920K(1024K)->920K(1024K)
[2.190s][info][gc,ergo     ] Pacer for Idle. Initial: 40642K, Alloc Tax Rate: 1.0x
[2.191s][info][gc          ] Trigger: Start next cycle immediately
[2.191s][info][gc,ergo     ] Free: 1870M, Max: 512K regular, 1867M humongous, Frag: 1% external, 0% internal; Reserve: 101888K, Max: 512K
[2.191s][info][gc,start    ] GC(115) Concurrent reset
[2.191s][info][gc,task     ] GC(115) Using 2 of 8 workers for concurrent reset
[2.191s][info][gc,ergo     ] GC(115) Pacer for Reset. Non-Taxable: 1984M
[2.191s][info][gc          ] GC(115) Concurrent reset 0.221ms
[2.191s][info][gc,start    ] GC(115) Pause Init Mark
[2.191s][info][gc,task     ] GC(115) Using 8 of 8 workers for init marking
[2.191s][info][gc,ergo     ] GC(115) Pacer for Mark. Expected Live: 11804K, Free: 1870M, Non-Taxable: 187M, Alloc Tax Rate: 0.0x
[2.191s][info][gc          ] GC(115) Pause Init Mark 0.043ms
[2.191s][info][gc,start    ] GC(115) Concurrent marking roots
[2.191s][info][gc,task     ] GC(115) Using 2 of 8 workers for concurrent marking roots
[2.192s][info][gc          ] GC(115) Concurrent marking roots 0.522ms
[2.192s][info][gc,start    ] GC(115) Concurrent marking
[2.192s][info][gc,task     ] GC(115) Using 2 of 8 workers for concurrent marking
[2.203s][info][gc          ] GC(115) Concurrent marking 11.473ms
[2.203s][info][gc,start    ] GC(115) Pause Final Mark
[2.203s][info][gc,task     ] GC(115) Using 8 of 8 workers for final marking
[2.204s][info][gc,ergo     ] GC(115) Collectable Garbage: 2079K (100%), Immediate: 0B (0%), CSet: 2079K (100%)
[2.204s][info][gc,ergo     ] GC(115) Pacer for Evacuation. Used CSet: 11775K, Free: 1870M, Non-Taxable: 187M, Alloc Tax Rate: 1.1x
[2.204s][info][gc          ] GC(115) Pause Final Mark 0.170ms
[2.204s][info][gc,start    ] GC(115) Concurrent thread roots
[2.204s][info][gc,task     ] GC(115) Using 2 of 8 workers for Concurrent thread roots
[2.204s][info][gc          ] GC(115) Concurrent thread roots 0.151ms
[2.204s][info][gc,start    ] GC(115) Concurrent weak references
[2.204s][info][gc,task     ] GC(115) Using 2 of 8 workers for concurrent weak references
[2.204s][info][gc,ref      ] GC(115) Encountered references: Soft: 3607, Weak: 1169, Final: 4, Phantom: 582
[2.204s][info][gc,ref      ] GC(115) Discovered  references: Soft: 0, Weak: 391, Final: 1, Phantom: 578
[2.204s][info][gc,ref      ] GC(115) Enqueued    references: Soft: 0, Weak: 0, Final: 0, Phantom: 0
[2.204s][info][gc          ] GC(115) Concurrent weak references 0.127ms
[2.204s][info][gc,start    ] GC(115) Concurrent weak roots
[2.204s][info][gc,task     ] GC(115) Using 2 of 8 workers for concurrent weak root
[2.204s][info][gc          ] GC(115) Concurrent weak roots 0.364ms
[2.204s][info][gc,start    ] GC(115) Concurrent cleanup
[2.204s][info][gc          ] GC(115) Concurrent cleanup 14M->14M(147M) 0.080ms
[2.204s][info][gc,ergo     ] GC(115) Free: 1870M, Max: 512K regular, 1867M humongous, Frag: 1% external, 0% internal; Reserve: 101376K, Max: 512K
[2.204s][info][gc,start    ] GC(115) Concurrent strong roots
[2.204s][info][gc,task     ] GC(115) Using 2 of 8 workers for concurrent strong root
[2.205s][info][gc          ] GC(115) Concurrent strong roots 0.491ms
[2.205s][info][gc,start    ] GC(115) Concurrent evacuation
[2.205s][info][gc,task     ] GC(115) Using 2 of 8 workers for concurrent evacuation
[2.207s][info][gc          ] GC(115) Concurrent evacuation 1.986ms
[2.207s][info][gc,start    ] GC(115) Pause Init Update Refs
[2.207s][info][gc,ergo     ] GC(115) Pacer for Update Refs. Used: 25143K, Free: 1870M, Non-Taxable: 187M, Alloc Tax Rate: 1.1x
[2.207s][info][gc          ] GC(115) Pause Init Update Refs 0.027ms
[2.207s][info][gc,start    ] GC(115) Concurrent update references
[2.207s][info][gc,task     ] GC(115) Using 2 of 8 workers for concurrent reference update
[2.209s][info][gc          ] GC(115) Concurrent update references 2.241ms
[2.209s][info][gc,start    ] GC(115) Concurrent update thread roots
[2.210s][info][gc          ] GC(115) Concurrent update thread roots 0.594ms
[2.210s][info][gc,start    ] GC(115) Pause Final Update Refs
[2.210s][info][gc,task     ] GC(115) Using 8 of 8 workers for final reference update
[2.210s][info][gc          ] GC(115) Pause Final Update Refs 0.058ms
[2.210s][info][gc,start    ] GC(115) Concurrent cleanup
[2.210s][info][gc          ] GC(115) Concurrent cleanup 25M->13M(147M) 0.056ms
[2.210s][info][gc,ergo     ] Free: 1871M, Max: 512K regular, 1867M humongous, Frag: 1% external, 0% internal; Reserve: 101888K, Max: 512K
[2.210s][info][gc,stats    ] 
[2.210s][info][gc,stats    ] All times are wall-clock times, except per-root-class counters, that are sum over
[2.210s][info][gc,stats    ] all workers. Dividing the <total> over the root stage time estimates parallelism.
[2.210s][info][gc,stats    ] 
[2.210s][info][gc,stats    ] Concurrent Reset                    231 us
[2.210s][info][gc,stats    ] Pause Init Mark (G)                 141 us
[2.210s][info][gc,stats    ] Pause Init Mark (N)                  51 us
[2.210s][info][gc,stats    ]   Update Region States               13 us
[2.210s][info][gc,stats    ] Concurrent Mark Roots               543 us, parallelism: 1.60x
[2.210s][info][gc,stats    ]   CMR: <total>                      867 us
[2.210s][info][gc,stats    ]   CMR: Thread Roots                 101 us, workers (us):  72,  29, ---, ---, ---, ---, ---, ---, 
[2.210s][info][gc,stats    ]   CMR: Code Cache Roots             665 us, workers (us): 297, 367, ---, ---, ---, ---, ---, ---, 
[2.210s][info][gc,stats    ]   CMR: VM Strong Roots                4 us, workers (us):   4,   0, ---, ---, ---, ---, ---, ---, 
[2.210s][info][gc,stats    ]   CMR: CLDG Roots                    97 us, workers (us):  97, ---, ---, ---, ---, ---, ---, ---, 
[2.210s][info][gc,stats    ] Concurrent Marking                11497 us
[2.210s][info][gc,stats    ] Pause Final Mark (G)                280 us
[2.210s][info][gc,stats    ] Pause Final Mark (N)                178 us
[2.210s][info][gc,stats    ]   Finish Mark                        61 us
[2.210s][info][gc,stats    ]   Update Region States               18 us
[2.210s][info][gc,stats    ]   Choose Collection Set              36 us
[2.210s][info][gc,stats    ]   Rebuild Free Set                   16 us
[2.210s][info][gc,stats    ] Concurrent Thread Roots             161 us, parallelism: 0.89x
[2.210s][info][gc,stats    ]   CTR: <total>                      143 us
[2.210s][info][gc,stats    ]   CTR: Thread Roots                 143 us, workers (us): 100,  43, ---, ---, ---, ---, ---, ---, 
[2.210s][info][gc,stats    ] Concurrent Weak References          135 us, parallelism: 0.69x
[2.210s][info][gc,stats    ]   CWRF: <total>                      93 us
[2.210s][info][gc,stats    ]   CWRF: Weak References              93 us, workers (us):  38,  55, ---, ---, ---, ---, ---, ---, 
[2.210s][info][gc,stats    ] Concurrent Weak Roots               379 us
[2.210s][info][gc,stats    ]   Roots                             251 us, parallelism: 1.75x
[2.210s][info][gc,stats    ]     CWR: <total>                    439 us
[2.210s][info][gc,stats    ]     CWR: VM Weak Roots              439 us, workers (us): 217, 221, ---, ---, ---, ---, ---, ---, 
[2.210s][info][gc,stats    ]   Rendezvous                         97 us
[2.210s][info][gc,stats    ] Concurrent Cleanup                   89 us
[2.210s][info][gc,stats    ] Concurrent Strong Roots             508 us, parallelism: 1.70x
[2.210s][info][gc,stats    ]   CSR: <total>                      864 us
[2.210s][info][gc,stats    ]   CSR: Code Cache Roots             704 us, workers (us): 271, 433, ---, ---, ---, ---, ---, ---, 
[2.210s][info][gc,stats    ]   CSR: VM Strong Roots               11 us, workers (us):   6,   5, ---, ---, ---, ---, ---, ---, 
[2.210s][info][gc,stats    ]   CSR: CLDG Roots                   149 us, workers (us): 149, ---, ---, ---, ---, ---, ---, ---, 
[2.211s][info][gc,stats    ] Concurrent Evacuation              2009 us
[2.211s][info][gc,stats    ] Pause Init Update Refs (G)          132 us
[2.211s][info][gc,stats    ] Pause Init Update Refs (N)           36 us
[2.211s][info][gc,stats    ]   Manage GCLABs                       4 us
[2.211s][info][gc,stats    ] Concurrent Update Refs             2266 us
[2.211s][info][gc,stats    ] Concurrent Update Thread Roots      612 us
[2.211s][info][gc,stats    ] Pause Final Update Refs (G)         166 us
[2.211s][info][gc,stats    ] Pause Final Update Refs (N)          68 us
[2.211s][info][gc,stats    ]   Update Region States               14 us
[2.211s][info][gc,stats    ]   Trash Collection Set                2 us
[2.211s][info][gc,stats    ]   Rebuild Free Set                   16 us
[2.211s][info][gc,stats    ] Concurrent Cleanup                   65 us
[2.211s][info][gc,stats    ] 
[2.211s][info][gc,stats    ] Allocation pacing accrued:
[2.211s][info][gc,stats    ]       0 of    21 ms (  0.0%): <total>
[2.211s][info][gc,stats    ]       0 of    21 ms (  0.0%): <average total>
[2.211s][info][gc,stats    ] 
[2.211s][info][gc,metaspace] Metaspace: 9074K(9344K)->9075K(9344K) NonClass: 8153K(8320K)->8155K(8320K) Class: 920K(1024K)->920K(1024K)
[2.211s][info][gc,ergo     ] Pacer for Idle. Initial: 40642K, Alloc Tax Rate: 1.0x
[2.212s][info][gc          ] Trigger: Start next cycle immediately
[2.212s][info][gc,ergo     ] Free: 1871M, Max: 512K regular, 1867M humongous, Frag: 1% external, 0% internal; Reserve: 101888K, Max: 512K
[2.212s][info][gc,start    ] GC(116) Concurrent reset
[2.212s][info][gc,task     ] GC(116) Using 2 of 8 workers for concurrent reset
[2.212s][info][gc,ergo     ] GC(116) Pacer for Reset. Non-Taxable: 1984M
[2.212s][info][gc          ] GC(116) Concurrent reset 0.212ms
[2.212s][info][gc,start    ] GC(116) Pause Init Mark
[2.212s][info][gc,task     ] GC(116) Using 8 of 8 workers for init marking
[2.212s][info][gc,ergo     ] GC(116) Pacer for Mark. Expected Live: 11827K, Free: 1871M, Non-Taxable: 187M, Alloc Tax Rate: 0.0x
[2.212s][info][gc          ] GC(116) Pause Init Mark 0.050ms
[2.212s][info][gc,start    ] GC(116) Concurrent marking roots
[2.212s][info][gc,task     ] GC(116) Using 2 of 8 workers for concurrent marking roots
[2.213s][info][gc          ] GC(116) Concurrent marking roots 0.575ms
[2.213s][info][gc,start    ] GC(116) Concurrent marking
[2.213s][info][gc,task     ] GC(116) Using 2 of 8 workers for concurrent marking
[2.216s][info][gc          ] GC(116) Concurrent marking 2.713ms
[2.216s][info][gc,start    ] GC(116) Pause Final Mark
[2.216s][info][gc,task     ] GC(116) Using 8 of 8 workers for final marking
[2.226s][info][gc,ergo     ] GC(116) Collectable Garbage: 1955K (100%), Immediate: 0B (0%), CSet: 1955K (100%)
[2.226s][info][gc,ergo     ] GC(116) Pacer for Evacuation. Used CSet: 11697K, Free: 1870M, Non-Taxable: 187M, Alloc Tax Rate: 1.1x
[2.226s][info][gc          ] GC(116) Pause Final Mark 9.990ms
[2.226s][info][gc,start    ] GC(116) Concurrent thread roots
[2.226s][info][gc,task     ] GC(116) Using 2 of 8 workers for Concurrent thread roots
[2.226s][info][gc          ] GC(116) Concurrent thread roots 0.120ms
[2.226s][info][gc,start    ] GC(116) Concurrent weak references
[2.226s][info][gc,task     ] GC(116) Using 2 of 8 workers for concurrent weak references
[2.226s][info][gc,ref      ] GC(116) Encountered references: Soft: 3607, Weak: 1170, Final: 4, Phantom: 585
[2.226s][info][gc,ref      ] GC(116) Discovered  references: Soft: 0, Weak: 466, Final: 4, Phantom: 244
[2.226s][info][gc,ref      ] GC(116) Enqueued    references: Soft: 0, Weak: 0, Final: 0, Phantom: 0
[2.226s][info][gc          ] GC(116) Concurrent weak references 0.128ms
[2.226s][info][gc,start    ] GC(116) Concurrent weak roots
[2.226s][info][gc,task     ] GC(116) Using 2 of 8 workers for concurrent weak root
[2.227s][info][gc          ] GC(116) Concurrent weak roots 0.637ms
[2.227s][info][gc,start    ] GC(116) Concurrent cleanup
[2.227s][info][gc          ] GC(116) Concurrent cleanup 15M->15M(147M) 0.068ms
[2.227s][info][gc,ergo     ] GC(116) Free: 1869M, Max: 512K regular, 1867M humongous, Frag: 1% external, 0% internal; Reserve: 101376K, Max: 512K
[2.227s][info][gc,start    ] GC(116) Concurrent strong roots
[2.227s][info][gc,task     ] GC(116) Using 2 of 8 workers for concurrent strong root
[2.227s][info][gc          ] GC(116) Concurrent strong roots 0.496ms
[2.227s][info][gc,start    ] GC(116) Concurrent evacuation
[2.227s][info][gc,task     ] GC(116) Using 2 of 8 workers for concurrent evacuation
[2.229s][info][gc          ] GC(116) Concurrent evacuation 1.948ms
[2.229s][info][gc,start    ] GC(116) Pause Init Update Refs
[2.229s][info][gc,ergo     ] GC(116) Pacer for Update Refs. Used: 25647K, Free: 1869M, Non-Taxable: 186M, Alloc Tax Rate: 1.1x
[2.229s][info][gc          ] GC(116) Pause Init Update Refs 0.031ms
[2.229s][info][gc,start    ] GC(116) Concurrent update references
[2.229s][info][gc,task     ] GC(116) Using 2 of 8 workers for concurrent reference update
[2.233s][info][gc          ] GC(116) Concurrent update references 3.852ms
[2.233s][info][gc,start    ] GC(116) Concurrent update thread roots
[2.234s][info][gc          ] GC(116) Concurrent update thread roots 0.409ms
[2.234s][info][gc,start    ] GC(116) Pause Final Update Refs
[2.234s][info][gc,task     ] GC(116) Using 8 of 8 workers for final reference update
[2.234s][info][gc          ] GC(116) Pause Final Update Refs 0.058ms
[2.234s][info][gc,start    ] GC(116) Concurrent cleanup
[2.234s][info][gc          ] GC(116) Concurrent cleanup 25M->13M(147M) 0.065ms
[2.234s][info][gc,ergo     ] Free: 1870M, Max: 512K regular, 1867M humongous, Frag: 1% external, 0% internal; Reserve: 101888K, Max: 512K
[2.234s][info][gc,stats    ] 
[2.234s][info][gc,stats    ] All times are wall-clock times, except per-root-class counters, that are sum over
[2.234s][info][gc,stats    ] all workers. Dividing the <total> over the root stage time estimates parallelism.
[2.234s][info][gc,stats    ] 
[2.234s][info][gc,stats    ] Concurrent Reset                    224 us
[2.234s][info][gc,stats    ] Pause Init Mark (G)                 186 us
[2.234s][info][gc,stats    ] Pause Init Mark (N)                  58 us
[2.234s][info][gc,stats    ]   Update Region States               15 us
[2.234s][info][gc,stats    ] Concurrent Mark Roots               593 us, parallelism: 1.32x
[2.234s][info][gc,stats    ]   CMR: <total>                      784 us
[2.234s][info][gc,stats    ]   CMR: Thread Roots                  61 us, workers (us):   0,  61, ---, ---, ---, ---, ---, ---, 
[2.234s][info][gc,stats    ]   CMR: Code Cache Roots             636 us, workers (us): 308, 328, ---, ---, ---, ---, ---, ---, 
[2.234s][info][gc,stats    ]   CMR: VM Strong Roots                5 us, workers (us):   2,   3, ---, ---, ---, ---, ---, ---, 
[2.234s][info][gc,stats    ]   CMR: CLDG Roots                    81 us, workers (us):  81, ---, ---, ---, ---, ---, ---, ---, 
[2.234s][info][gc,stats    ] Concurrent Marking                 2733 us
[2.234s][info][gc,stats    ] Pause Final Mark (G)              10139 us
[2.234s][info][gc,stats    ] Pause Final Mark (N)              10000 us
[2.234s][info][gc,stats    ]   Finish Mark                      9866 us
[2.234s][info][gc,stats    ]   Update Region States               15 us
[2.234s][info][gc,stats    ]   Choose Collection Set              48 us
[2.234s][info][gc,stats    ]   Rebuild Free Set                   21 us
[2.234s][info][gc,stats    ] Concurrent Thread Roots             132 us, parallelism: 0.79x
[2.234s][info][gc,stats    ]   CTR: <total>                      104 us
[2.234s][info][gc,stats    ]   CTR: Thread Roots                 104 us, workers (us):  66,  38, ---, ---, ---, ---, ---, ---, 
[2.234s][info][gc,stats    ] Concurrent Weak References          136 us, parallelism: 0.37x
[2.234s][info][gc,stats    ]   CWRF: <total>                      50 us
[2.234s][info][gc,stats    ]   CWRF: Weak References              50 us, workers (us):  50,   0, ---, ---, ---, ---, ---, ---, 
[2.234s][info][gc,stats    ] Concurrent Weak Roots               654 us
[2.234s][info][gc,stats    ]   Roots                             494 us, parallelism: 0.89x
[2.234s][info][gc,stats    ]     CWR: <total>                    439 us
[2.234s][info][gc,stats    ]     CWR: VM Weak Roots              439 us, workers (us): 439,   0, ---, ---, ---, ---, ---, ---, 
[2.234s][info][gc,stats    ]   Rendezvous                        126 us
[2.234s][info][gc,stats    ] Concurrent Cleanup                   77 us
[2.234s][info][gc,stats    ] Concurrent Strong Roots             516 us, parallelism: 1.61x
[2.234s][info][gc,stats    ]   CSR: <total>                      831 us
[2.234s][info][gc,stats    ]   CSR: Code Cache Roots             672 us, workers (us): 416, 256, ---, ---, ---, ---, ---, ---, 
[2.234s][info][gc,stats    ]   CSR: VM Strong Roots               11 us, workers (us):   7,   4, ---, ---, ---, ---, ---, ---, 
[2.234s][info][gc,stats    ]   CSR: CLDG Roots                   148 us, workers (us): ---, 148, ---, ---, ---, ---, ---, ---, 
[2.234s][info][gc,stats    ] Concurrent Evacuation              1969 us
[2.234s][info][gc,stats    ] Pause Init Update Refs (G)          158 us
[2.234s][info][gc,stats    ] Pause Init Update Refs (N)           39 us
[2.234s][info][gc,stats    ]   Manage GCLABs                       6 us
[2.234s][info][gc,stats    ] Concurrent Update Refs             3878 us
[2.234s][info][gc,stats    ] Concurrent Update Thread Roots      427 us
[2.234s][info][gc,stats    ] Pause Final Update Refs (G)         190 us
[2.234s][info][gc,stats    ] Pause Final Update Refs (N)          68 us
[2.234s][info][gc,stats    ]   Update Region States               14 us
[2.234s][info][gc,stats    ]   Trash Collection Set                2 us
[2.234s][info][gc,stats    ]   Rebuild Free Set                   16 us
[2.234s][info][gc,stats    ] Concurrent Cleanup                   75 us
[2.234s][info][gc,stats    ] 
[2.234s][info][gc,stats    ] Allocation pacing accrued:
[2.234s][info][gc,stats    ]       0 of    24 ms (  0.0%): <total>
[2.234s][info][gc,stats    ]       0 of    24 ms (  0.0%): <average total>
[2.234s][info][gc,stats    ] 
[2.234s][info][gc,metaspace] Metaspace: 9075K(9344K)->9082K(9344K) NonClass: 8155K(8320K)->8162K(8320K) Class: 920K(1024K)->920K(1024K)
[2.234s][info][gc,ergo     ] Pacer for Idle. Initial: 40642K, Alloc Tax Rate: 1.0x
[2.235s][info][gc          ] Trigger: Start next cycle immediately
[2.236s][info][gc,ergo     ] Free: 1870M, Max: 512K regular, 1867M humongous, Frag: 1% external, 0% internal; Reserve: 101888K, Max: 512K
[2.236s][info][gc,start    ] GC(117) Concurrent reset
[2.236s][info][gc,task     ] GC(117) Using 2 of 8 workers for concurrent reset
[2.236s][info][gc,ergo     ] GC(117) Pacer for Reset. Non-Taxable: 1984M
[2.236s][info][gc          ] GC(117) Concurrent reset 0.218ms
[2.236s][info][gc,start    ] GC(117) Pause Init Mark (unload classes)
[2.236s][info][gc,task     ] GC(117) Using 8 of 8 workers for init marking
[2.236s][info][gc,ergo     ] GC(117) Pacer for Mark. Expected Live: 11851K, Free: 1870M, Non-Taxable: 187M, Alloc Tax Rate: 0.0x
[2.236s][info][gc          ] GC(117) Pause Init Mark (unload classes) 0.070ms
[2.237s][info][gc,start    ] GC(117) Concurrent marking roots
[2.237s][info][gc,task     ] GC(117) Using 2 of 8 workers for concurrent marking roots
[2.237s][info][gc          ] GC(117) Concurrent marking roots 0.150ms
[2.237s][info][gc,start    ] GC(117) Concurrent marking (unload classes)
[2.237s][info][gc,task     ] GC(117) Using 2 of 8 workers for concurrent marking
[2.241s][info][gc          ] GC(117) Concurrent marking (unload classes) 4.383ms
[2.241s][info][gc,start    ] GC(117) Pause Final Mark (unload classes)
[2.241s][info][gc,task     ] GC(117) Using 8 of 8 workers for final marking
[2.242s][info][gc,ergo     ] GC(117) Collectable Garbage: 1979K (100%), Immediate: 0B (0%), CSet: 1979K (100%)
[2.242s][info][gc,ergo     ] GC(117) Pacer for Evacuation. Used CSet: 11775K, Free: 1870M, Non-Taxable: 187M, Alloc Tax Rate: 1.1x
[2.242s][info][gc          ] GC(117) Pause Final Mark (unload classes) 0.361ms
[2.242s][info][gc,start    ] GC(117) Concurrent thread roots
[2.242s][info][gc,task     ] GC(117) Using 2 of 8 workers for Concurrent thread roots
[2.242s][info][gc          ] GC(117) Concurrent thread roots 0.101ms
[2.242s][info][gc,start    ] GC(117) Concurrent weak references
[2.242s][info][gc,task     ] GC(117) Using 2 of 8 workers for concurrent weak references
[2.242s][info][gc,ref      ] GC(117) Encountered references: Soft: 3607, Weak: 1170, Final: 4, Phantom: 585
[2.242s][info][gc,ref      ] GC(117) Discovered  references: Soft: 0, Weak: 420, Final: 0, Phantom: 245
[2.242s][info][gc,ref      ] GC(117) Enqueued    references: Soft: 0, Weak: 0, Final: 0, Phantom: 0
[2.242s][info][gc          ] GC(117) Concurrent weak references 0.116ms
[2.242s][info][gc,start    ] GC(117) Concurrent weak roots
[2.242s][info][gc,task     ] GC(117) Using 2 of 8 workers for concurrent weak root
[2.243s][info][gc          ] GC(117) Concurrent weak roots 1.045ms
[2.243s][info][gc,start    ] GC(117) Concurrent cleanup
[2.243s][info][gc          ] GC(117) Concurrent cleanup 14M->14M(147M) 0.062ms
[2.243s][info][gc,ergo     ] GC(117) Free: 1870M, Max: 512K regular, 1867M humongous, Frag: 1% external, 0% internal; Reserve: 101366K, Max: 512K
[2.243s][info][gc,start    ] GC(117) Concurrent class unloading
[2.243s][info][gc,task     ] GC(117) Using 2 of 8 workers for concurrent class unloading
[2.245s][info][gc          ] GC(117) Concurrent class unloading 1.804ms
[2.245s][info][gc,start    ] GC(117) Concurrent strong roots
[2.245s][info][gc,task     ] GC(117) Using 2 of 8 workers for concurrent strong root
[2.245s][info][gc          ] GC(117) Concurrent strong roots 0.196ms
[2.245s][info][gc,start    ] GC(117) Concurrent evacuation
[2.245s][info][gc,task     ] GC(117) Using 2 of 8 workers for concurrent evacuation
[2.248s][info][gc          ] GC(117) Concurrent evacuation 2.814ms
[2.248s][info][gc,start    ] GC(117) Pause Init Update Refs
[2.248s][info][gc,ergo     ] GC(117) Pacer for Update Refs. Used: 25639K, Free: 1869M, Non-Taxable: 186M, Alloc Tax Rate: 1.1x
[2.248s][info][gc          ] GC(117) Pause Init Update Refs 0.030ms
[2.248s][info][gc,start    ] GC(117) Concurrent update references
[2.248s][info][gc,task     ] GC(117) Using 2 of 8 workers for concurrent reference update
[2.252s][info][gc          ] GC(117) Concurrent update references 3.788ms
[2.252s][info][gc,start    ] GC(117) Concurrent update thread roots
[2.254s][info][gc          ] GC(117) Concurrent update thread roots 2.133ms
[2.256s][info][gc,start    ] GC(117) Pause Final Update Refs
[2.256s][info][gc,task     ] GC(117) Using 8 of 8 workers for final reference update
[2.256s][info][gc          ] GC(117) Pause Final Update Refs 0.076ms
[2.256s][info][gc,start    ] GC(117) Concurrent cleanup
[2.257s][info][gc          ] GC(117) Concurrent cleanup 25M->13M(147M) 0.074ms
[2.257s][info][gc,ergo     ] Free: 1871M, Max: 512K regular, 1867M humongous, Frag: 1% external, 0% internal; Reserve: 101888K, Max: 512K
[2.257s][info][gc,stats    ] 
[2.257s][info][gc,stats    ] All times are wall-clock times, except per-root-class counters, that are sum over
[2.257s][info][gc,stats    ] all workers. Dividing the <total> over the root stage time estimates parallelism.
[2.257s][info][gc,stats    ] 
[2.257s][info][gc,stats    ] Concurrent Reset                    240 us
[2.257s][info][gc,stats    ] Pause Init Mark (G)                 726 us
[2.257s][info][gc,stats    ] Pause Init Mark (N)                  79 us
[2.257s][info][gc,stats    ]   Update Region States               17 us
[2.257s][info][gc,stats    ] Concurrent Mark Roots               163 us, parallelism: 0.88x
[2.257s][info][gc,stats    ]   CMR: <total>                      144 us
[2.257s][info][gc,stats    ]   CMR: Thread Roots                  78 us, workers (us):  12,  66, ---, ---, ---, ---, ---, ---, 
[2.257s][info][gc,stats    ]   CMR: VM Strong Roots                6 us, workers (us):   4,   2, ---, ---, ---, ---, ---, ---, 
[2.257s][info][gc,stats    ]   CMR: CLDG Roots                    60 us, workers (us):  60, ---, ---, ---, ---, ---, ---, ---, 
[2.257s][info][gc,stats    ] Concurrent Marking                 4405 us
[2.257s][info][gc,stats    ] Pause Final Mark (G)                562 us
[2.257s][info][gc,stats    ] Pause Final Mark (N)                370 us
[2.257s][info][gc,stats    ]   Finish Mark                       257 us
[2.257s][info][gc,stats    ]   Update Region States               12 us
[2.257s][info][gc,stats    ]   Choose Collection Set              35 us
[2.257s][info][gc,stats    ]   Rebuild Free Set                   18 us
[2.257s][info][gc,stats    ] Concurrent Thread Roots             113 us, parallelism: 0.99x
[2.257s][info][gc,stats    ]   CTR: <total>                      112 us
[2.257s][info][gc,stats    ]   CTR: Thread Roots                 112 us, workers (us):  72,  40, ---, ---, ---, ---, ---, ---, 
[2.257s][info][gc,stats    ] Concurrent Weak References          124 us, parallelism: 0.34x
[2.257s][info][gc,stats    ]   CWRF: <total>                      42 us
[2.257s][info][gc,stats    ]   CWRF: Weak References              42 us, workers (us):  41,   1, ---, ---, ---, ---, ---, ---, 
[2.257s][info][gc,stats    ] Concurrent Weak Roots              1063 us
[2.257s][info][gc,stats    ]   Roots                             926 us, parallelism: 0.94x
[2.257s][info][gc,stats    ]     CWR: <total>                    866 us
[2.257s][info][gc,stats    ]     CWR: Code Cache Roots           444 us, workers (us): 444,   0, ---, ---, ---, ---, ---, ---, 
[2.257s][info][gc,stats    ]     CWR: VM Weak Roots              418 us, workers (us): 418,   0, ---, ---, ---, ---, ---, ---, 
[2.257s][info][gc,stats    ]     CWR: CLDG Roots                   4 us, workers (us):   4, ---, ---, ---, ---, ---, ---, ---, 
[2.257s][info][gc,stats    ]   Rendezvous                        102 us
[2.257s][info][gc,stats    ] Concurrent Cleanup                   71 us
[2.257s][info][gc,stats    ] Concurrent Class Unloading         1819 us
[2.257s][info][gc,stats    ]   Unlink Stale                     1565 us
[2.257s][info][gc,stats    ]     System Dictionary                26 us
[2.257s][info][gc,stats    ]     Weak Class Links                  0 us
[2.257s][info][gc,stats    ]     Code Roots                     1538 us
[2.257s][info][gc,stats    ]   Rendezvous                        101 us
[2.257s][info][gc,stats    ]   Purge Unlinked                    121 us
[2.257s][info][gc,stats    ]     Code Roots                      118 us
[2.257s][info][gc,stats    ]     CLDG                              3 us
[2.257s][info][gc,stats    ]     Exception Caches                  0 us
[2.257s][info][gc,stats    ] Concurrent Strong Roots             212 us, parallelism: 0.73x
[2.257s][info][gc,stats    ]   CSR: <total>                      154 us
[2.257s][info][gc,stats    ]   CSR: VM Strong Roots               10 us, workers (us):  10,   0, ---, ---, ---, ---, ---, ---, 
[2.257s][info][gc,stats    ]   CSR: CLDG Roots                   144 us, workers (us): 144, ---, ---, ---, ---, ---, ---, ---, 
[2.257s][info][gc,stats    ] Concurrent Evacuation              2830 us
[2.257s][info][gc,stats    ] Pause Init Update Refs (G)          147 us
[2.257s][info][gc,stats    ] Pause Init Update Refs (N)           38 us
[2.257s][info][gc,stats    ]   Manage GCLABs                       6 us
[2.257s][info][gc,stats    ] Concurrent Update Refs             3810 us
[2.257s][info][gc,stats    ] Concurrent Update Thread Roots     2157 us
[2.257s][info][gc,stats    ] Pause Final Update Refs (G)        2455 us
[2.257s][info][gc,stats    ] Pause Final Update Refs (N)          87 us
[2.257s][info][gc,stats    ]   Update Region States               18 us
[2.257s][info][gc,stats    ]   Trash Collection Set                2 us
[2.257s][info][gc,stats    ]   Rebuild Free Set                   17 us
[2.257s][info][gc,stats    ] Concurrent Cleanup                   84 us
[2.257s][info][gc,stats    ] 
[2.257s][info][gc,stats    ] Allocation pacing accrued:
[2.257s][info][gc,stats    ]       0 of    23 ms (  0.0%): <total>
[2.257s][info][gc,stats    ]       0 of    23 ms (  0.0%): <average total>
[2.257s][info][gc,stats    ] 
[2.257s][info][gc,metaspace] Metaspace: 9083K(9344K)->9090K(9344K) NonClass: 8162K(8320K)->8169K(8320K) Class: 920K(1024K)->920K(1024K)
[2.257s][info][gc,ergo     ] Pacer for Idle. Initial: 40642K, Alloc Tax Rate: 1.0x
[2.258s][info][gc          ] Trigger: Start next cycle immediately
[2.258s][info][gc,ergo     ] Free: 1871M, Max: 512K regular, 1867M humongous, Frag: 1% external, 0% internal; Reserve: 101888K, Max: 512K
[2.258s][info][gc,start    ] GC(118) Concurrent reset
[2.258s][info][gc,task     ] GC(118) Using 2 of 8 workers for concurrent reset
[2.258s][info][gc,ergo     ] GC(118) Pacer for Reset. Non-Taxable: 1984M
[2.262s][info][gc          ] GC(118) Concurrent reset 3.321ms
[2.270s][info][gc,start    ] GC(118) Pause Init Mark (unload classes)
[2.270s][info][gc,task     ] GC(118) Using 8 of 8 workers for init marking
[2.270s][info][gc,ergo     ] GC(118) Pacer for Mark. Expected Live: 11882K, Free: 1871M, Non-Taxable: 187M, Alloc Tax Rate: 0.0x
[2.270s][info][gc          ] GC(118) Pause Init Mark (unload classes) 0.083ms
[2.270s][info][gc,start    ] GC(118) Concurrent marking roots
[2.270s][info][gc,task     ] GC(118) Using 2 of 8 workers for concurrent marking roots
[2.270s][info][gc          ] GC(118) Concurrent marking roots 0.182ms
[2.270s][info][gc,start    ] GC(118) Concurrent marking (unload classes)
[2.270s][info][gc,task     ] GC(118) Using 2 of 8 workers for concurrent marking
[2.277s][info][gc          ] GC(118) Concurrent marking (unload classes) 6.368ms
[2.286s][info][gc,start    ] GC(118) Pause Final Mark (unload classes)
[2.286s][info][gc,task     ] GC(118) Using 8 of 8 workers for final marking
[2.287s][info][gc,ergo     ] GC(118) Collectable Garbage: 1808K (100%), Immediate: 0B (0%), CSet: 1808K (100%)
[2.287s][info][gc,ergo     ] GC(118) Pacer for Evacuation. Used CSet: 11684K, Free: 1870M, Non-Taxable: 187M, Alloc Tax Rate: 1.1x
[2.287s][info][gc          ] GC(118) Pause Final Mark (unload classes) 0.478ms
[2.288s][info][gc,start    ] GC(118) Concurrent thread roots
[2.288s][info][gc,task     ] GC(118) Using 2 of 8 workers for Concurrent thread roots
[2.288s][info][gc          ] GC(118) Concurrent thread roots 0.100ms
[2.288s][info][gc,start    ] GC(118) Concurrent weak references
[2.288s][info][gc,task     ] GC(118) Using 2 of 8 workers for concurrent weak references
[2.288s][info][gc,ref      ] GC(118) Encountered references: Soft: 3607, Weak: 1169, Final: 4, Phantom: 582
[2.288s][info][gc,ref      ] GC(118) Discovered  references: Soft: 0, Weak: 430, Final: 1, Phantom: 198
[2.288s][info][gc,ref      ] GC(118) Enqueued    references: Soft: 0, Weak: 0, Final: 0, Phantom: 0
[2.288s][info][gc          ] GC(118) Concurrent weak references 0.121ms
[2.288s][info][gc,start    ] GC(118) Concurrent weak roots
[2.288s][info][gc,task     ] GC(118) Using 2 of 8 workers for concurrent weak root
[2.289s][info][gc          ] GC(118) Concurrent weak roots 0.931ms
[2.289s][info][gc,start    ] GC(118) Concurrent cleanup
[2.289s][info][gc          ] GC(118) Concurrent cleanup 15M->15M(147M) 0.094ms
[2.289s][info][gc,ergo     ] GC(118) Free: 1870M, Max: 512K regular, 1867M humongous, Frag: 1% external, 0% internal; Reserve: 100444K, Max: 512K
[2.289s][info][gc,start    ] GC(118) Concurrent class unloading
[2.289s][info][gc,task     ] GC(118) Using 2 of 8 workers for concurrent class unloading
[2.291s][info][gc          ] GC(118) Concurrent class unloading 1.655ms
[2.291s][info][gc,start    ] GC(118) Concurrent strong roots
[2.291s][info][gc,task     ] GC(118) Using 2 of 8 workers for concurrent strong root
[2.291s][info][gc          ] GC(118) Concurrent strong roots 0.559ms
[2.291s][info][gc,start    ] GC(118) Concurrent evacuation
[2.291s][info][gc,task     ] GC(118) Using 2 of 8 workers for concurrent evacuation
[2.293s][info][gc          ] GC(118) Concurrent evacuation 2.069ms
[2.294s][info][gc,start    ] GC(118) Pause Init Update Refs
[2.294s][info][gc,ergo     ] GC(118) Pacer for Update Refs. Used: 25635K, Free: 1870M, Non-Taxable: 187M, Alloc Tax Rate: 1.1x
[2.294s][info][gc          ] GC(118) Pause Init Update Refs 0.043ms
[2.294s][info][gc,start    ] GC(118) Concurrent update references
[2.294s][info][gc,task     ] GC(118) Using 2 of 8 workers for concurrent reference update
[2.296s][info][gc          ] GC(118) Concurrent update references 2.578ms
[2.296s][info][gc,start    ] GC(118) Concurrent update thread roots
[2.297s][info][gc          ] GC(118) Concurrent update thread roots 0.596ms
[2.297s][info][gc,start    ] GC(118) Pause Final Update Refs
[2.297s][info][gc,task     ] GC(118) Using 8 of 8 workers for final reference update
[2.297s][info][gc          ] GC(118) Pause Final Update Refs 0.073ms
[2.297s][info][gc,start    ] GC(118) Concurrent cleanup
[2.297s][info][gc          ] GC(118) Concurrent cleanup 25M->13M(147M) 0.087ms
[2.297s][info][gc,ergo     ] Free: 1870M, Max: 512K regular, 1866M humongous, Frag: 1% external, 0% internal; Reserve: 101888K, Max: 512K
[2.297s][info][gc,stats    ] 
[2.297s][info][gc,stats    ] All times are wall-clock times, except per-root-class counters, that are sum over
[2.297s][info][gc,stats    ] all workers. Dividing the <total> over the root stage time estimates parallelism.
[2.297s][info][gc,stats    ] 
[2.297s][info][gc,stats    ] Concurrent Reset                   3346 us
[2.297s][info][gc,stats    ] Pause Init Mark (G)                8338 us
[2.297s][info][gc,stats    ] Pause Init Mark (N)                  93 us
[2.297s][info][gc,stats    ]   Update Region States               28 us
[2.297s][info][gc,stats    ] Concurrent Mark Roots               194 us, parallelism: 0.84x
[2.297s][info][gc,stats    ]   CMR: <total>                      162 us
[2.297s][info][gc,stats    ]   CMR: Thread Roots                  85 us, workers (us):  12,  72, ---, ---, ---, ---, ---, ---, 
[2.297s][info][gc,stats    ]   CMR: VM Strong Roots                7 us, workers (us):   4,   3, ---, ---, ---, ---, ---, ---, 
[2.297s][info][gc,stats    ]   CMR: CLDG Roots                    71 us, workers (us):  71, ---, ---, ---, ---, ---, ---, ---, 
[2.297s][info][gc,stats    ] Concurrent Marking                 6391 us
[2.297s][info][gc,stats    ] Pause Final Mark (G)              11105 us
[2.297s][info][gc,stats    ] Pause Final Mark (N)                487 us
[2.297s][info][gc,stats    ]   Finish Mark                       335 us
[2.297s][info][gc,stats    ]   Update Region States               25 us
[2.297s][info][gc,stats    ]   Choose Collection Set              48 us
[2.297s][info][gc,stats    ]   Rebuild Free Set                   16 us
[2.297s][info][gc,stats    ] Concurrent Thread Roots             112 us, parallelism: 0.75x
[2.297s][info][gc,stats    ]   CTR: <total>                       84 us
[2.297s][info][gc,stats    ]   CTR: Thread Roots                  84 us, workers (us):  44,  40, ---, ---, ---, ---, ---, ---, 
[2.297s][info][gc,stats    ] Concurrent Weak References          132 us, parallelism: 0.46x
[2.297s][info][gc,stats    ]   CWRF: <total>                      60 us
[2.297s][info][gc,stats    ]   CWRF: Weak References              60 us, workers (us):  35,  25, ---, ---, ---, ---, ---, ---, 
[2.297s][info][gc,stats    ] Concurrent Weak Roots               951 us
[2.297s][info][gc,stats    ]   Roots                             564 us, parallelism: 1.77x
[2.297s][info][gc,stats    ]     CWR: <total>                    996 us
[2.297s][info][gc,stats    ]     CWR: Code Cache Roots           496 us, workers (us): 254, 242, ---, ---, ---, ---, ---, ---, 
[2.297s][info][gc,stats    ]     CWR: VM Weak Roots              493 us, workers (us): 248, 245, ---, ---, ---, ---, ---, ---, 
[2.297s][info][gc,stats    ]     CWR: CLDG Roots                   7 us, workers (us): ---,   7, ---, ---, ---, ---, ---, ---, 
[2.297s][info][gc,stats    ]   Rendezvous                        349 us
[2.297s][info][gc,stats    ] Concurrent Cleanup                  103 us
[2.297s][info][gc,stats    ] Concurrent Class Unloading         1687 us
[2.297s][info][gc,stats    ]   Unlink Stale                     1577 us
[2.297s][info][gc,stats    ]     System Dictionary                27 us
[2.297s][info][gc,stats    ]     Weak Class Links                  0 us
[2.297s][info][gc,stats    ]     Code Roots                     1549 us
[2.297s][info][gc,stats    ]   Rendezvous                         29 us
[2.297s][info][gc,stats    ]   Purge Unlinked                     29 us
[2.298s][info][gc,stats    ]     Code Roots                       27 us
[2.298s][info][gc,stats    ]     CLDG                              2 us
[2.298s][info][gc,stats    ]     Exception Caches                  0 us
[2.298s][info][gc,stats    ] Concurrent Strong Roots             577 us, parallelism: 0.32x
[2.298s][info][gc,stats    ]   CSR: <total>                      185 us
[2.298s][info][gc,stats    ]   CSR: VM Strong Roots               14 us, workers (us):   9,   4, ---, ---, ---, ---, ---, ---, 
[2.298s][info][gc,stats    ]   CSR: CLDG Roots                   171 us, workers (us): ---, 171, ---, ---, ---, ---, ---, ---, 
[2.298s][info][gc,stats    ] Concurrent Evacuation              2093 us
[2.298s][info][gc,stats    ] Pause Init Update Refs (G)          226 us
[2.298s][info][gc,stats    ] Pause Init Update Refs (N)           52 us
[2.298s][info][gc,stats    ]   Manage GCLABs                       5 us
[2.298s][info][gc,stats    ] Concurrent Update Refs             2599 us
[2.298s][info][gc,stats    ] Concurrent Update Thread Roots      615 us
[2.298s][info][gc,stats    ] Pause Final Update Refs (G)         187 us
[2.298s][info][gc,stats    ] Pause Final Update Refs (N)          84 us
[2.298s][info][gc,stats    ]   Update Region States               18 us
[2.298s][info][gc,stats    ]   Trash Collection Set                3 us
[2.298s][info][gc,stats    ]   Rebuild Free Set                   16 us
[2.298s][info][gc,stats    ] Concurrent Cleanup                   99 us
[2.298s][info][gc,stats    ] 
[2.298s][info][gc,stats    ] Allocation pacing accrued:
[2.298s][info][gc,stats    ]       0 of    41 ms (  0.0%): <total>
[2.298s][info][gc,stats    ]       0 of    41 ms (  0.0%): <average total>
[2.298s][info][gc,stats    ] 
[2.298s][info][gc,metaspace] Metaspace: 9090K(9344K)->9241K(9472K) NonClass: 8169K(8320K)->8309K(8448K) Class: 920K(1024K)->931K(1024K)
[2.298s][info][gc,ergo     ] Pacer for Idle. Initial: 40642K, Alloc Tax Rate: 1.0x
[2.299s][info][gc          ] Trigger: Start next cycle immediately
[2.299s][info][gc,ergo     ] Free: 1870M, Max: 512K regular, 1866M humongous, Frag: 1% external, 0% internal; Reserve: 101888K, Max: 512K
[2.299s][info][gc,start    ] GC(119) Concurrent reset
[2.299s][info][gc,task     ] GC(119) Using 2 of 8 workers for concurrent reset
[2.299s][info][gc,ergo     ] GC(119) Pacer for Reset. Non-Taxable: 1984M
[2.299s][info][gc          ] GC(119) Concurrent reset 0.221ms
[2.299s][info][gc,start    ] GC(119) Pause Init Mark (unload classes)
[2.299s][info][gc,task     ] GC(119) Using 8 of 8 workers for init marking
[2.299s][info][gc,ergo     ] GC(119) Pacer for Mark. Expected Live: 11929K, Free: 1870M, Non-Taxable: 187M, Alloc Tax Rate: 0.0x
[2.299s][info][gc          ] GC(119) Pause Init Mark (unload classes) 0.071ms
[2.299s][info][gc,start    ] GC(119) Concurrent marking roots
[2.299s][info][gc,task     ] GC(119) Using 2 of 8 workers for concurrent marking roots
[2.299s][info][gc          ] GC(119) Concurrent marking roots 0.213ms
[2.299s][info][gc,start    ] GC(119) Concurrent marking (unload classes)
[2.299s][info][gc,task     ] GC(119) Using 2 of 8 workers for concurrent marking
[2.302s][info][gc          ] GC(119) Concurrent marking (unload classes) 2.692ms
[2.302s][info][gc,start    ] GC(119) Pause Final Mark (unload classes)
[2.302s][info][gc,task     ] GC(119) Using 8 of 8 workers for final marking
[2.302s][info][gc,ergo     ] GC(119) Collectable Garbage: 1873K (100%), Immediate: 0B (0%), CSet: 1873K (100%)
[2.302s][info][gc,ergo     ] GC(119) Pacer for Evacuation. Used CSet: 11772K, Free: 1870M, Non-Taxable: 187M, Alloc Tax Rate: 1.1x
[2.302s][info][gc          ] GC(119) Pause Final Mark (unload classes) 0.210ms
[2.302s][info][gc,start    ] GC(119) Concurrent thread roots
[2.302s][info][gc,task     ] GC(119) Using 2 of 8 workers for Concurrent thread roots
[2.303s][info][gc          ] GC(119) Concurrent thread roots 0.120ms
[2.303s][info][gc,start    ] GC(119) Concurrent weak references
[2.303s][info][gc,task     ] GC(119) Using 2 of 8 workers for concurrent weak references
[2.303s][info][gc,ref      ] GC(119) Encountered references: Soft: 3607, Weak: 1169, Final: 4, Phantom: 582
[2.303s][info][gc,ref      ] GC(119) Discovered  references: Soft: 0, Weak: 422, Final: 0, Phantom: 580
[2.303s][info][gc,ref      ] GC(119) Enqueued    references: Soft: 0, Weak: 0, Final: 0, Phantom: 0
[2.303s][info][gc          ] GC(119) Concurrent weak references 0.129ms
[2.303s][info][gc,start    ] GC(119) Concurrent weak roots
[2.303s][info][gc,task     ] GC(119) Using 2 of 8 workers for concurrent weak root
[2.303s][info][gc          ] GC(119) Concurrent weak roots 0.523ms
[2.303s][info][gc,start    ] GC(119) Concurrent cleanup
[2.303s][info][gc          ] GC(119) Concurrent cleanup 14M->14M(147M) 0.060ms
[2.303s][info][gc,ergo     ] GC(119) Free: 1870M, Max: 512K regular, 1866M humongous, Frag: 1% external, 0% internal; Reserve: 101426K, Max: 512K
[2.303s][info][gc,start    ] GC(119) Concurrent class unloading
[2.303s][info][gc,task     ] GC(119) Using 2 of 8 workers for concurrent class unloading
[2.305s][info][gc          ] GC(119) Concurrent class unloading 1.746ms
[2.305s][info][gc,start    ] GC(119) Concurrent strong roots
[2.305s][info][gc,task     ] GC(119) Using 2 of 8 workers for concurrent strong root
[2.305s][info][gc          ] GC(119) Concurrent strong roots 0.222ms
[2.305s][info][gc,start    ] GC(119) Concurrent evacuation
[2.305s][info][gc,task     ] GC(119) Using 2 of 8 workers for concurrent evacuation
[2.307s][info][gc          ] GC(119) Concurrent evacuation 2.009ms
[2.307s][info][gc,start    ] GC(119) Pause Init Update Refs
[2.307s][info][gc,ergo     ] GC(119) Pacer for Update Refs. Used: 25211K, Free: 1870M, Non-Taxable: 187M, Alloc Tax Rate: 1.1x
[2.307s][info][gc          ] GC(119) Pause Init Update Refs 0.041ms
[2.308s][info][gc,start    ] GC(119) Concurrent update references
[2.308s][info][gc,task     ] GC(119) Using 2 of 8 workers for concurrent reference update
[2.311s][info][gc          ] GC(119) Concurrent update references 3.674ms
[2.311s][info][gc,start    ] GC(119) Concurrent update thread roots
[2.314s][info][gc          ] GC(119) Concurrent update thread roots 2.651ms
[2.314s][info][gc,start    ] GC(119) Pause Final Update Refs
[2.314s][info][gc,task     ] GC(119) Using 8 of 8 workers for final reference update
[2.314s][info][gc          ] GC(119) Pause Final Update Refs 0.072ms
[2.314s][info][gc,start    ] GC(119) Concurrent cleanup
[2.314s][info][gc          ] GC(119) Concurrent cleanup 24M->13M(147M) 0.073ms
[2.314s][info][gc,ergo     ] Free: 1871M, Max: 512K regular, 1867M humongous, Frag: 1% external, 0% internal; Reserve: 101888K, Max: 512K
[2.314s][info][gc,stats    ] 
[2.314s][info][gc,stats    ] All times are wall-clock times, except per-root-class counters, that are sum over
[2.314s][info][gc,stats    ] all workers. Dividing the <total> over the root stage time estimates parallelism.
[2.314s][info][gc,stats    ] 
[2.314s][info][gc,stats    ] Concurrent Reset                    234 us
[2.314s][info][gc,stats    ] Pause Init Mark (G)                 123 us
[2.314s][info][gc,stats    ] Pause Init Mark (N)                  80 us
[2.314s][info][gc,stats    ]   Update Region States               21 us
[2.314s][info][gc,stats    ] Concurrent Mark Roots               234 us, parallelism: 1.07x
[2.314s][info][gc,stats    ]   CMR: <total>                      249 us
[2.314s][info][gc,stats    ]   CMR: Thread Roots                 173 us, workers (us):  28, 145, ---, ---, ---, ---, ---, ---, 
[2.314s][info][gc,stats    ]   CMR: VM Strong Roots                7 us, workers (us):   5,   2, ---, ---, ---, ---, ---, ---, 
[2.314s][info][gc,stats    ]   CMR: CLDG Roots                    69 us, workers (us):  69, ---, ---, ---, ---, ---, ---, ---, 
[2.314s][info][gc,stats    ] Concurrent Marking                 2713 us
[2.314s][info][gc,stats    ] Pause Final Mark (G)                254 us
[2.314s][info][gc,stats    ] Pause Final Mark (N)                219 us
[2.314s][info][gc,stats    ]   Finish Mark                        97 us
[2.314s][info][gc,stats    ]   Update Region States               13 us
[2.314s][info][gc,stats    ]   Choose Collection Set              36 us
[2.314s][info][gc,stats    ]   Rebuild Free Set                   15 us
[2.314s][info][gc,stats    ] Concurrent Thread Roots             132 us, parallelism: 0.44x
[2.314s][info][gc,stats    ]   CTR: <total>                       58 us
[2.314s][info][gc,stats    ]   CTR: Thread Roots                  58 us, workers (us):  28,  30, ---, ---, ---, ---, ---, ---, 
[2.314s][info][gc,stats    ] Concurrent Weak References          137 us, parallelism: 0.46x
[2.314s][info][gc,stats    ]   CWRF: <total>                      63 us
[2.314s][info][gc,stats    ]   CWRF: Weak References              63 us, workers (us):  60,   3, ---, ---, ---, ---, ---, ---, 
[2.314s][info][gc,stats    ] Concurrent Weak Roots               543 us
[2.314s][info][gc,stats    ]   Roots                             478 us, parallelism: 1.80x
[2.314s][info][gc,stats    ]     CWR: <total>                    859 us
[2.314s][info][gc,stats    ]     CWR: Code Cache Roots           410 us, workers (us): 215, 195, ---, ---, ---, ---, ---, ---, 
[2.314s][info][gc,stats    ]     CWR: VM Weak Roots              445 us, workers (us): 240, 206, ---, ---, ---, ---, ---, ---, 
[2.314s][info][gc,stats    ]     CWR: CLDG Roots                   4 us, workers (us): ---,   4, ---, ---, ---, ---, ---, ---, 
[2.314s][info][gc,stats    ]   Rendezvous                         28 us
[2.314s][info][gc,stats    ] Concurrent Cleanup                   68 us
[2.314s][info][gc,stats    ] Concurrent Class Unloading         1764 us
[2.315s][info][gc,stats    ]   Unlink Stale                     1646 us
[2.315s][info][gc,stats    ]     System Dictionary                26 us
[2.315s][info][gc,stats    ]     Weak Class Links                  0 us
[2.315s][info][gc,stats    ]     Code Roots                     1618 us
[2.315s][info][gc,stats    ]   Rendezvous                         32 us
[2.315s][info][gc,stats    ]   Purge Unlinked                     46 us
[2.315s][info][gc,stats    ]     Code Roots                       43 us
[2.315s][info][gc,stats    ]     CLDG                              2 us
[2.315s][info][gc,stats    ]     Exception Caches                  0 us
[2.315s][info][gc,stats    ] Concurrent Strong Roots             242 us, parallelism: 0.64x
[2.315s][info][gc,stats    ]   CSR: <total>                      155 us
[2.315s][info][gc,stats    ]   CSR: VM Strong Roots                9 us, workers (us):   9,   0, ---, ---, ---, ---, ---, ---, 
[2.315s][info][gc,stats    ]   CSR: CLDG Roots                   146 us, workers (us): ---, 146, ---, ---, ---, ---, ---, ---, 
[2.315s][info][gc,stats    ] Concurrent Evacuation              2030 us
[2.315s][info][gc,stats    ] Pause Init Update Refs (G)          174 us
[2.315s][info][gc,stats    ] Pause Init Update Refs (N)           48 us
[2.315s][info][gc,stats    ]   Manage GCLABs                       4 us
[2.315s][info][gc,stats    ] Concurrent Update Refs             3696 us
[2.315s][info][gc,stats    ] Concurrent Update Thread Roots     2672 us
[2.315s][info][gc,stats    ] Pause Final Update Refs (G)         184 us
[2.315s][info][gc,stats    ] Pause Final Update Refs (N)          82 us
[2.315s][info][gc,stats    ]   Update Region States               18 us
[2.315s][info][gc,stats    ]   Trash Collection Set                3 us
[2.315s][info][gc,stats    ]   Rebuild Free Set                   17 us
[2.315s][info][gc,stats    ] Concurrent Cleanup                   84 us
[2.315s][info][gc,stats    ] 
[2.315s][info][gc,stats    ] Allocation pacing accrued:
[2.315s][info][gc,stats    ]       0 of    17 ms (  0.0%): <total>
[2.315s][info][gc,stats    ]       0 of    17 ms (  0.0%): <average total>
[2.315s][info][gc,stats    ] 
[2.315s][info][gc,metaspace] Metaspace: 9249K(9472K)->9380K(9664K) NonClass: 8316K(8448K)->8435K(8576K) Class: 932K(1024K)->945K(1088K)
[2.315s][info][gc,ergo     ] Pacer for Idle. Initial: 40642K, Alloc Tax Rate: 1.0x
[2.316s][info][gc          ] Trigger: Start next cycle immediately
[2.316s][info][gc,ergo     ] Free: 1871M, Max: 512K regular, 1867M humongous, Frag: 1% external, 0% internal; Reserve: 101888K, Max: 512K
[2.316s][info][gc,start    ] GC(120) Concurrent reset
[2.316s][info][gc,task     ] GC(120) Using 2 of 8 workers for concurrent reset
[2.316s][info][gc,ergo     ] GC(120) Pacer for Reset. Non-Taxable: 1984M
[2.316s][info][gc          ] GC(120) Concurrent reset 0.202ms
[2.327s][info][gc,start    ] GC(120) Pause Init Mark
[2.327s][info][gc,task     ] GC(120) Using 8 of 8 workers for init marking
[2.327s][info][gc,ergo     ] GC(120) Pacer for Mark. Expected Live: 11978K, Free: 1871M, Non-Taxable: 187M, Alloc Tax Rate: 0.0x
[2.327s][info][gc          ] GC(120) Pause Init Mark 0.081ms
[2.333s][info][gc,start    ] GC(120) Concurrent marking roots
[2.333s][info][gc,task     ] GC(120) Using 2 of 8 workers for concurrent marking roots
[2.334s][info][gc          ] GC(120) Concurrent marking roots 0.547ms
[2.334s][info][gc,start    ] GC(120) Concurrent marking
[2.334s][info][gc,task     ] GC(120) Using 2 of 8 workers for concurrent marking
[2.338s][info][gc          ] GC(120) Concurrent marking 4.270ms
[2.338s][info][gc,start    ] GC(120) Pause Final Mark
[2.338s][info][gc,task     ] GC(120) Using 8 of 8 workers for final marking
[2.339s][info][gc,ergo     ] GC(120) Collectable Garbage: 1309K (100%), Immediate: 0B (0%), CSet: 1309K (100%)
[2.339s][info][gc,ergo     ] GC(120) Pacer for Evacuation. Used CSet: 11263K, Free: 1869M, Non-Taxable: 186M, Alloc Tax Rate: 1.1x
[2.339s][info][gc          ] GC(120) Pause Final Mark 0.233ms
[2.339s][info][gc,start    ] GC(120) Concurrent thread roots
[2.339s][info][gc,task     ] GC(120) Using 2 of 8 workers for Concurrent thread roots
[2.339s][info][gc          ] GC(120) Concurrent thread roots 0.210ms
[2.339s][info][gc,start    ] GC(120) Concurrent weak references
[2.339s][info][gc,task     ] GC(120) Using 2 of 8 workers for concurrent weak references
[2.339s][info][gc,ref      ] GC(120) Encountered references: Soft: 3618, Weak: 1206, Final: 4, Phantom: 586
[2.339s][info][gc,ref      ] GC(120) Discovered  references: Soft: 0, Weak: 478, Final: 1, Phantom: 201
[2.339s][info][gc,ref      ] GC(120) Enqueued    references: Soft: 0, Weak: 10, Final: 0, Phantom: 4
[2.339s][info][gc          ] GC(120) Concurrent weak references 0.202ms
[2.339s][info][gc,start    ] GC(120) Concurrent weak roots
[2.339s][info][gc,task     ] GC(120) Using 2 of 8 workers for concurrent weak root
[2.340s][info][gc          ] GC(120) Concurrent weak roots 0.533ms
[2.340s][info][gc,start    ] GC(120) Concurrent cleanup
[2.340s][info][gc          ] GC(120) Concurrent cleanup 16M->16M(147M) 0.090ms
[2.340s][info][gc,ergo     ] GC(120) Free: 1869M, Max: 512K regular, 1867M humongous, Frag: 1% external, 0% internal; Reserve: 100094K, Max: 512K
[2.340s][info][gc,start    ] GC(120) Concurrent strong roots
[2.340s][info][gc,task     ] GC(120) Using 2 of 8 workers for concurrent strong root
[2.341s][info][gc          ] GC(120) Concurrent strong roots 0.923ms
[2.341s][info][gc,start    ] GC(120) Concurrent evacuation
[2.341s][info][gc,task     ] GC(120) Using 2 of 8 workers for concurrent evacuation
[2.348s][info][gc          ] GC(120) Concurrent evacuation 7.680ms
[2.349s][info][gc,start    ] GC(120) Pause Init Update Refs
[2.350s][info][gc,ergo     ] GC(120) Pacer for Update Refs. Used: 26728K, Free: 1869M, Non-Taxable: 186M, Alloc Tax Rate: 1.1x
[2.350s][info][gc          ] GC(120) Pause Init Update Refs 0.045ms
[2.350s][info][gc,start    ] GC(120) Concurrent update references
[2.350s][info][gc,task     ] GC(120) Using 2 of 8 workers for concurrent reference update
[2.353s][info][gc          ] GC(120) Concurrent update references 2.931ms
[2.353s][info][gc,start    ] GC(120) Concurrent update thread roots
[2.361s][info][gc          ] GC(120) Concurrent update thread roots 8.253ms
[2.363s][info][gc,start    ] GC(120) Pause Final Update Refs
[2.363s][info][gc,task     ] GC(120) Using 8 of 8 workers for final reference update
[2.363s][info][gc          ] GC(120) Pause Final Update Refs 0.094ms
[2.363s][info][gc,start    ] GC(120) Concurrent cleanup
[2.363s][info][gc          ] GC(120) Concurrent cleanup 26M->15M(147M) 0.113ms
[2.363s][info][gc,ergo     ] Free: 1869M, Max: 512K regular, 1866M humongous, Frag: 1% external, 0% internal; Reserve: 101888K, Max: 512K
[2.363s][info][gc,stats    ] 
[2.363s][info][gc,stats    ] All times are wall-clock times, except per-root-class counters, that are sum over
[2.363s][info][gc,stats    ] all workers. Dividing the <total> over the root stage time estimates parallelism.
[2.363s][info][gc,stats    ] 
[2.363s][info][gc,stats    ] Concurrent Reset                    215 us
[2.363s][info][gc,stats    ] Pause Init Mark (G)               17362 us
[2.363s][info][gc,stats    ] Pause Init Mark (N)                  90 us
[2.363s][info][gc,stats    ]   Update Region States               30 us
[2.363s][info][gc,stats    ] Concurrent Mark Roots               566 us, parallelism: 1.46x
[2.363s][info][gc,stats    ]   CMR: <total>                      827 us
[2.363s][info][gc,stats    ]   CMR: Thread Roots                  38 us, workers (us):   0,  38, ---, ---, ---, ---, ---, ---, 
[2.363s][info][gc,stats    ]   CMR: Code Cache Roots             669 us, workers (us): 418, 251, ---, ---, ---, ---, ---, ---, 
[2.363s][info][gc,stats    ]   CMR: VM Strong Roots                7 us, workers (us):   4,   3, ---, ---, ---, ---, ---, ---, 
[2.363s][info][gc,stats    ]   CMR: CLDG Roots                   113 us, workers (us): ---, 113, ---, ---, ---, ---, ---, ---, 
[2.363s][info][gc,stats    ] Concurrent Marking                 4292 us
[2.363s][info][gc,stats    ] Pause Final Mark (G)                282 us
[2.363s][info][gc,stats    ] Pause Final Mark (N)                242 us
[2.363s][info][gc,stats    ]   Finish Mark                       107 us
[2.363s][info][gc,stats    ]   Update Region States               24 us
[2.363s][info][gc,stats    ]   Choose Collection Set              39 us
[2.363s][info][gc,stats    ]   Rebuild Free Set                   15 us
[2.363s][info][gc,stats    ] Concurrent Thread Roots             229 us, parallelism: 0.72x
[2.363s][info][gc,stats    ]   CTR: <total>                      166 us
[2.363s][info][gc,stats    ]   CTR: Thread Roots                 166 us, workers (us): 166,   0, ---, ---, ---, ---, ---, ---, 
[2.363s][info][gc,stats    ] Concurrent Weak References          210 us, parallelism: 0.25x
[2.363s][info][gc,stats    ]   CWRF: <total>                      53 us
[2.363s][info][gc,stats    ]   CWRF: Weak References              53 us, workers (us):  53,   0, ---, ---, ---, ---, ---, ---, 
[2.363s][info][gc,stats    ] Concurrent Weak Roots               549 us
[2.363s][info][gc,stats    ]   Roots                             485 us, parallelism: 0.88x
[2.363s][info][gc,stats    ]     CWR: <total>                    427 us
[2.364s][info][gc,stats    ]     CWR: VM Weak Roots              427 us, workers (us): 427,   0, ---, ---, ---, ---, ---, ---, 
[2.364s][info][gc,stats    ]   Rendezvous                         31 us
[2.364s][info][gc,stats    ] Concurrent Cleanup                   99 us
[2.364s][info][gc,stats    ] Concurrent Strong Roots             945 us, parallelism: 0.88x
[2.364s][info][gc,stats    ]   CSR: <total>                      830 us
[2.364s][info][gc,stats    ]   CSR: Code Cache Roots             662 us, workers (us): 662,   0, ---, ---, ---, ---, ---, ---, 
[2.364s][info][gc,stats    ]   CSR: VM Strong Roots               11 us, workers (us):  11,   0, ---, ---, ---, ---, ---, ---, 
[2.364s][info][gc,stats    ]   CSR: CLDG Roots                   157 us, workers (us): 157, ---, ---, ---, ---, ---, ---, ---, 
[2.364s][info][gc,stats    ] Concurrent Evacuation              7707 us
[2.364s][info][gc,stats    ] Pause Init Update Refs (G)         1193 us
[2.364s][info][gc,stats    ] Pause Init Update Refs (N)           54 us
[2.364s][info][gc,stats    ]   Manage GCLABs                       5 us
[2.364s][info][gc,stats    ] Concurrent Update Refs             2952 us
[2.364s][info][gc,stats    ] Concurrent Update Thread Roots     8273 us
[2.364s][info][gc,stats    ] Pause Final Update Refs (G)        2227 us
[2.364s][info][gc,stats    ] Pause Final Update Refs (N)         109 us
[2.364s][info][gc,stats    ]   Update Region States               25 us
[2.364s][info][gc,stats    ]   Trash Collection Set                2 us
[2.364s][info][gc,stats    ]   Rebuild Free Set                   18 us
[2.364s][info][gc,stats    ] Concurrent Cleanup                  126 us
[2.364s][info][gc,stats    ] 
[2.364s][info][gc,stats    ] Allocation pacing accrued:
[2.364s][info][gc,stats    ]       0 of    49 ms (  0.0%): <total>
[2.364s][info][gc,stats    ]       0 of    49 ms (  0.0%): <average total>
[2.364s][info][gc,stats    ] 
[2.364s][info][gc,metaspace] Metaspace: 9403K(9664K)->9636K(9856K) NonClass: 8454K(8576K)->8667K(8768K) Class: 948K(1088K)->968K(1088K)
[2.364s][info][gc,ergo     ] Pacer for Idle. Initial: 40642K, Alloc Tax Rate: 1.0x
[2.365s][info][gc          ] Trigger: Start next cycle immediately
[2.365s][info][gc,ergo     ] Free: 1868M, Max: 512K regular, 1866M humongous, Frag: 1% external, 0% internal; Reserve: 101888K, Max: 512K
[2.365s][info][gc,start    ] GC(121) Concurrent reset
[2.365s][info][gc,task     ] GC(121) Using 2 of 8 workers for concurrent reset
[2.365s][info][gc,ergo     ] GC(121) Pacer for Reset. Non-Taxable: 1984M
[2.365s][info][gc          ] GC(121) Concurrent reset 0.224ms
[2.366s][info][gc,start    ] GC(121) Pause Init Mark
[2.366s][info][gc,task     ] GC(121) Using 8 of 8 workers for init marking
[2.366s][info][gc,ergo     ] GC(121) Pacer for Mark. Expected Live: 12030K, Free: 1868M, Non-Taxable: 186M, Alloc Tax Rate: 0.0x
[2.366s][info][gc          ] GC(121) Pause Init Mark 0.076ms
[2.366s][info][gc,start    ] GC(121) Concurrent marking roots
[2.366s][info][gc,task     ] GC(121) Using 2 of 8 workers for concurrent marking roots
[2.367s][info][gc          ] GC(121) Concurrent marking roots 0.971ms
[2.367s][info][gc,start    ] GC(121) Concurrent marking
[2.367s][info][gc,task     ] GC(121) Using 2 of 8 workers for concurrent marking
[2.374s][info][gc          ] GC(121) Concurrent marking 7.080ms
[2.374s][info][gc,start    ] GC(121) Pause Final Mark
[2.374s][info][gc,task     ] GC(121) Using 8 of 8 workers for final marking
[2.376s][info][gc,ergo     ] GC(121) Collectable Garbage: 4136K (100%), Immediate: 512K (12%), CSet: 3624K (87%)
[2.376s][info][gc,ergo     ] GC(121) Pacer for Evacuation. Used CSet: 13285K, Free: 1868M, Non-Taxable: 186M, Alloc Tax Rate: 1.1x
[2.376s][info][gc          ] GC(121) Pause Final Mark 2.181ms
[2.376s][info][gc,start    ] GC(121) Concurrent thread roots
[2.376s][info][gc,task     ] GC(121) Using 2 of 8 workers for Concurrent thread roots
[2.376s][info][gc          ] GC(121) Concurrent thread roots 0.106ms
[2.376s][info][gc,start    ] GC(121) Concurrent weak references
[2.376s][info][gc,task     ] GC(121) Using 2 of 8 workers for concurrent weak references
[2.376s][info][gc,ref      ] GC(121) Encountered references: Soft: 3619, Weak: 1227, Final: 4, Phantom: 584
[2.376s][info][gc,ref      ] GC(121) Discovered  references: Soft: 0, Weak: 382, Final: 0, Phantom: 198
[2.376s][info][gc,ref      ] GC(121) Enqueued    references: Soft: 0, Weak: 8, Final: 0, Phantom: 2
[2.376s][info][gc          ] GC(121) Concurrent weak references 0.135ms
[2.376s][info][gc,start    ] GC(121) Concurrent weak roots
[2.376s][info][gc,task     ] GC(121) Using 2 of 8 workers for concurrent weak root
[2.383s][info][gc          ] GC(121) Concurrent weak roots 6.484ms
[2.383s][info][gc,start    ] GC(121) Concurrent cleanup
[2.383s][info][gc          ] GC(121) Concurrent cleanup 18M->17M(147M) 0.074ms
[2.383s][info][gc,ergo     ] GC(121) Free: 1867M, Max: 512K regular, 1866M humongous, Frag: 1% external, 0% internal; Reserve: 100349K, Max: 512K
[2.383s][info][gc,start    ] GC(121) Concurrent strong roots
[2.383s][info][gc,task     ] GC(121) Using 2 of 8 workers for concurrent strong root
[2.384s][info][gc          ] GC(121) Concurrent strong roots 1.027ms
[2.384s][info][gc,start    ] GC(121) Concurrent evacuation
[2.384s][info][gc,task     ] GC(121) Using 2 of 8 workers for concurrent evacuation
[2.386s][info][gc          ] GC(121) Concurrent evacuation 2.201ms
[2.386s][info][gc,start    ] GC(121) Pause Init Update Refs
[2.386s][info][gc,ergo     ] GC(121) Pacer for Update Refs. Used: 28232K, Free: 1867M, Non-Taxable: 186M, Alloc Tax Rate: 1.1x
[2.386s][info][gc          ] GC(121) Pause Init Update Refs 0.027ms
[2.386s][info][gc,start    ] GC(121) Concurrent update references
[2.386s][info][gc,task     ] GC(121) Using 2 of 8 workers for concurrent reference update
[2.389s][info][gc          ] GC(121) Concurrent update references 2.520ms
[2.389s][info][gc,start    ] GC(121) Concurrent update thread roots
[2.389s][info][gc          ] GC(121) Concurrent update thread roots 0.096ms
[2.389s][info][gc,start    ] GC(121) Pause Final Update Refs
[2.389s][info][gc,task     ] GC(121) Using 8 of 8 workers for final reference update
[2.389s][info][gc          ] GC(121) Pause Final Update Refs 0.054ms
[2.389s][info][gc,start    ] GC(121) Concurrent cleanup
[2.389s][info][gc          ] GC(121) Concurrent cleanup 27M->14M(148M) 0.059ms
[2.389s][info][gc,ergo     ] Free: 1869M, Max: 512K regular, 1866M humongous, Frag: 1% external, 0% internal; Reserve: 101888K, Max: 512K
[2.389s][info][gc,stats    ] 
[2.389s][info][gc,stats    ] All times are wall-clock times, except per-root-class counters, that are sum over
[2.389s][info][gc,stats    ] all workers. Dividing the <total> over the root stage time estimates parallelism.
[2.389s][info][gc,stats    ] 
[2.389s][info][gc,stats    ] Concurrent Reset                    238 us
[2.389s][info][gc,stats    ] Pause Init Mark (G)                 615 us
[2.389s][info][gc,stats    ] Pause Init Mark (N)                  86 us
[2.389s][info][gc,stats    ]   Update Region States               17 us
[2.389s][info][gc,stats    ] Concurrent Mark Roots               995 us, parallelism: 0.86x
[2.389s][info][gc,stats    ]   CMR: <total>                      860 us
[2.389s][info][gc,stats    ]   CMR: Thread Roots                  76 us, workers (us):  76,   0, ---, ---, ---, ---, ---, ---, 
[2.389s][info][gc,stats    ]   CMR: Code Cache Roots             678 us, workers (us): 678,   0, ---, ---, ---, ---, ---, ---, 
[2.389s][info][gc,stats    ]   CMR: VM Strong Roots                5 us, workers (us):   5,   0, ---, ---, ---, ---, ---, ---, 
[2.389s][info][gc,stats    ]   CMR: CLDG Roots                   100 us, workers (us): 100, ---, ---, ---, ---, ---, ---, ---, 
[2.389s][info][gc,stats    ] Concurrent Marking                 7098 us
[2.389s][info][gc,stats    ] Pause Final Mark (G)               2237 us
[2.389s][info][gc,stats    ] Pause Final Mark (N)               2190 us
[2.389s][info][gc,stats    ]   Finish Mark                      2061 us
[2.389s][info][gc,stats    ]   Update Region States               16 us
[2.389s][info][gc,stats    ]   Choose Collection Set              41 us
[2.389s][info][gc,stats    ]   Rebuild Free Set                   16 us
[2.389s][info][gc,stats    ] Concurrent Thread Roots             122 us, parallelism: 0.65x
[2.389s][info][gc,stats    ]   CTR: <total>                       79 us
[2.389s][info][gc,stats    ]   CTR: Thread Roots                  79 us, workers (us):  46,  33, ---, ---, ---, ---, ---, ---, 
[2.389s][info][gc,stats    ] Concurrent Weak References          144 us, parallelism: 0.45x
[2.389s][info][gc,stats    ]   CWRF: <total>                      64 us
[2.389s][info][gc,stats    ]   CWRF: Weak References              64 us, workers (us):  50,  14, ---, ---, ---, ---, ---, ---, 
[2.390s][info][gc,stats    ] Concurrent Weak Roots              6507 us
[2.390s][info][gc,stats    ]   Roots                            1113 us, parallelism: 0.37x
[2.390s][info][gc,stats    ]     CWR: <total>                    411 us
[2.390s][info][gc,stats    ]     CWR: VM Weak Roots              411 us, workers (us): 411,   0, ---, ---, ---, ---, ---, ---, 
[2.390s][info][gc,stats    ]   Rendezvous                       5354 us
[2.390s][info][gc,stats    ] Concurrent Cleanup                   84 us
[2.390s][info][gc,stats    ] Concurrent Strong Roots            1038 us, parallelism: 0.94x
[2.390s][info][gc,stats    ]   CSR: <total>                      970 us
[2.390s][info][gc,stats    ]   CSR: Code Cache Roots             764 us, workers (us): 764,   0, ---, ---, ---, ---, ---, ---, 
[2.390s][info][gc,stats    ]   CSR: VM Strong Roots               13 us, workers (us):  13,   0, ---, ---, ---, ---, ---, ---, 
[2.390s][info][gc,stats    ]   CSR: CLDG Roots                   193 us, workers (us): 193, ---, ---, ---, ---, ---, ---, ---, 
[2.390s][info][gc,stats    ] Concurrent Evacuation              2225 us
[2.390s][info][gc,stats    ] Pause Init Update Refs (G)          127 us
[2.390s][info][gc,stats    ] Pause Init Update Refs (N)           36 us
[2.390s][info][gc,stats    ]   Manage GCLABs                       4 us
[2.390s][info][gc,stats    ] Concurrent Update Refs             2540 us
[2.390s][info][gc,stats    ] Concurrent Update Thread Roots      108 us
[2.390s][info][gc,stats    ] Pause Final Update Refs (G)          81 us
[2.390s][info][gc,stats    ] Pause Final Update Refs (N)          64 us
[2.390s][info][gc,stats    ]   Update Region States               14 us
[2.390s][info][gc,stats    ]   Trash Collection Set                2 us
[2.390s][info][gc,stats    ]   Rebuild Free Set                   16 us
[2.390s][info][gc,stats    ] Concurrent Cleanup                   69 us
[2.390s][info][gc,stats    ] 
[2.390s][info][gc,stats    ] Allocation pacing accrued:
[2.390s][info][gc,stats    ]       0 of    26 ms (  0.0%): <total>
[2.390s][info][gc,stats    ]       0 of    26 ms (  0.0%): <average total>
[2.390s][info][gc,stats    ] 
[2.390s][info][gc,metaspace] Metaspace: 9664K(9920K)->9691K(9920K) NonClass: 8695K(8832K)->8718K(8832K) Class: 969K(1088K)->973K(1088K)
[2.390s][info][gc,ergo     ] Pacer for Idle. Initial: 40642K, Alloc Tax Rate: 1.0x
[2.391s][info][gc          ] Trigger: Start next cycle immediately
[2.391s][info][gc,ergo     ] Free: 1869M, Max: 512K regular, 1866M humongous, Frag: 1% external, 0% internal; Reserve: 101888K, Max: 512K
[2.391s][info][gc,start    ] GC(122) Concurrent reset
[2.391s][info][gc,task     ] GC(122) Using 2 of 8 workers for concurrent reset
[2.391s][info][gc,ergo     ] GC(122) Pacer for Reset. Non-Taxable: 1984M
[2.391s][info][gc          ] GC(122) Concurrent reset 0.204ms
[2.391s][info][gc,start    ] GC(122) Pause Init Mark
[2.391s][info][gc,task     ] GC(122) Using 8 of 8 workers for init marking
[2.391s][info][gc,ergo     ] GC(122) Pacer for Mark. Expected Live: 12014K, Free: 1869M, Non-Taxable: 186M, Alloc Tax Rate: 0.0x
[2.391s][info][gc          ] GC(122) Pause Init Mark 0.052ms
[2.391s][info][gc,start    ] GC(122) Concurrent marking roots
[2.391s][info][gc,task     ] GC(122) Using 2 of 8 workers for concurrent marking roots
[2.392s][info][gc          ] GC(122) Concurrent marking roots 0.526ms
[2.392s][info][gc,start    ] GC(122) Concurrent marking
[2.392s][info][gc,task     ] GC(122) Using 2 of 8 workers for concurrent marking
[2.395s][info][gc          ] GC(122) Concurrent marking 2.685ms
[2.395s][info][gc,start    ] GC(122) Pause Final Mark
[2.395s][info][gc,task     ] GC(122) Using 8 of 8 workers for final marking
[2.397s][info][gc,ergo     ] GC(122) Collectable Garbage: 3096K (100%), Immediate: 0B (0%), CSet: 3096K (100%)
[2.397s][info][gc,ergo     ] GC(122) Pacer for Evacuation. Used CSet: 12767K, Free: 1869M, Non-Taxable: 186M, Alloc Tax Rate: 1.1x
[2.397s][info][gc          ] GC(122) Pause Final Mark 2.395ms
[2.397s][info][gc,start    ] GC(122) Concurrent thread roots
[2.397s][info][gc,task     ] GC(122) Using 2 of 8 workers for Concurrent thread roots
[2.397s][info][gc          ] GC(122) Concurrent thread roots 0.157ms
[2.397s][info][gc,start    ] GC(122) Concurrent weak references
[2.397s][info][gc,task     ] GC(122) Using 2 of 8 workers for concurrent weak references
[2.397s][info][gc,ref      ] GC(122) Encountered references: Soft: 3619, Weak: 1220, Final: 4, Phantom: 583
[2.397s][info][gc,ref      ] GC(122) Discovered  references: Soft: 0, Weak: 493, Final: 1, Phantom: 198
[2.397s][info][gc,ref      ] GC(122) Enqueued    references: Soft: 0, Weak: 0, Final: 0, Phantom: 0
[2.397s][info][gc          ] GC(122) Concurrent weak references 0.082ms
[2.397s][info][gc,start    ] GC(122) Concurrent weak roots
[2.397s][info][gc,task     ] GC(122) Using 2 of 8 workers for concurrent weak root
[2.398s][info][gc          ] GC(122) Concurrent weak roots 0.288ms
[2.398s][info][gc,start    ] GC(122) Concurrent cleanup
[2.398s][info][gc          ] GC(122) Concurrent cleanup 15M->15M(148M) 0.056ms
[2.398s][info][gc,ergo     ] GC(122) Free: 1869M, Max: 512K regular, 1866M humongous, Frag: 1% external, 0% internal; Reserve: 101434K, Max: 512K
[2.398s][info][gc,start    ] GC(122) Concurrent strong roots
[2.398s][info][gc,task     ] GC(122) Using 2 of 8 workers for concurrent strong root
[2.398s][info][gc          ] GC(122) Concurrent strong roots 0.520ms
[2.398s][info][gc,start    ] GC(122) Concurrent evacuation
[2.398s][info][gc,task     ] GC(122) Using 2 of 8 workers for concurrent evacuation
[2.400s][info][gc          ] GC(122) Concurrent evacuation 1.795ms
[2.400s][info][gc,start    ] GC(122) Pause Init Update Refs
[2.400s][info][gc,ergo     ] GC(122) Pacer for Update Refs. Used: 26173K, Free: 1869M, Non-Taxable: 186M, Alloc Tax Rate: 1.1x
[2.400s][info][gc          ] GC(122) Pause Init Update Refs 0.024ms
[2.400s][info][gc,start    ] GC(122) Concurrent update references
[2.400s][info][gc,task     ] GC(122) Using 2 of 8 workers for concurrent reference update
[2.402s][info][gc          ] GC(122) Concurrent update references 2.174ms
[2.402s][info][gc,start    ] GC(122) Concurrent update thread roots
[2.403s][info][gc          ] GC(122) Concurrent update thread roots 0.926ms
[2.403s][info][gc,start    ] GC(122) Pause Final Update Refs
[2.403s][info][gc,task     ] GC(122) Using 8 of 8 workers for final reference update
[2.403s][info][gc          ] GC(122) Pause Final Update Refs 0.048ms
[2.403s][info][gc,start    ] GC(122) Concurrent cleanup
[2.404s][info][gc          ] GC(122) Concurrent cleanup 26M->13M(148M) 0.055ms
[2.404s][info][gc,ergo     ] Free: 1870M, Max: 512K regular, 1867M humongous, Frag: 1% external, 0% internal; Reserve: 101888K, Max: 512K
[2.404s][info][gc,stats    ] 
[2.404s][info][gc,stats    ] All times are wall-clock times, except per-root-class counters, that are sum over
[2.404s][info][gc,stats    ] all workers. Dividing the <total> over the root stage time estimates parallelism.
[2.404s][info][gc,stats    ] 
[2.404s][info][gc,stats    ] Concurrent Reset                    222 us
[2.404s][info][gc,stats    ] Pause Init Mark (G)                 155 us
[2.404s][info][gc,stats    ] Pause Init Mark (N)                  60 us
[2.404s][info][gc,stats    ]   Update Region States               15 us
[2.404s][info][gc,stats    ] Concurrent Mark Roots               547 us, parallelism: 1.65x
[2.404s][info][gc,stats    ]   CMR: <total>                      901 us
[2.404s][info][gc,stats    ]   CMR: Thread Roots                  79 us, workers (us):   0,  79, ---, ---, ---, ---, ---, ---, 
[2.404s][info][gc,stats    ]   CMR: Code Cache Roots             714 us, workers (us): 360, 354, ---, ---, ---, ---, ---, ---, 
[2.404s][info][gc,stats    ]   CMR: VM Strong Roots                6 us, workers (us):   5,   0, ---, ---, ---, ---, ---, ---, 
[2.404s][info][gc,stats    ]   CMR: CLDG Roots                   102 us, workers (us): 102, ---, ---, ---, ---, ---, ---, ---, 
[2.404s][info][gc,stats    ] Concurrent Marking                 2709 us
[2.404s][info][gc,stats    ] Pause Final Mark (G)               2503 us
[2.404s][info][gc,stats    ] Pause Final Mark (N)               2404 us
[2.404s][info][gc,stats    ]   Finish Mark                      2273 us
[2.404s][info][gc,stats    ]   Update Region States               12 us
[2.404s][info][gc,stats    ]   Choose Collection Set              43 us
[2.404s][info][gc,stats    ]   Rebuild Free Set                   16 us
[2.404s][info][gc,stats    ] Concurrent Thread Roots             169 us, parallelism: 0.54x
[2.404s][info][gc,stats    ]   CTR: <total>                       91 us
[2.404s][info][gc,stats    ]   CTR: Thread Roots                  91 us, workers (us):  91,   0, ---, ---, ---, ---, ---, ---, 
[2.404s][info][gc,stats    ] Concurrent Weak References           87 us, parallelism: 0.63x
[2.404s][info][gc,stats    ]   CWRF: <total>                      55 us
[2.404s][info][gc,stats    ]   CWRF: Weak References              55 us, workers (us):  34,  21, ---, ---, ---, ---, ---, ---, 
[2.404s][info][gc,stats    ] Concurrent Weak Roots               300 us
[2.404s][info][gc,stats    ]   Roots                             233 us, parallelism: 1.81x
[2.404s][info][gc,stats    ]     CWR: <total>                    423 us
[2.404s][info][gc,stats    ]     CWR: VM Weak Roots              423 us, workers (us): 216, 207, ---, ---, ---, ---, ---, ---, 
[2.404s][info][gc,stats    ]   Rendezvous                         16 us
[2.404s][info][gc,stats    ] Concurrent Cleanup                   65 us
[2.404s][info][gc,stats    ] Concurrent Strong Roots             538 us, parallelism: 1.69x
[2.404s][info][gc,stats    ]   CSR: <total>                      912 us
[2.404s][info][gc,stats    ]   CSR: Code Cache Roots             733 us, workers (us): 469, 264, ---, ---, ---, ---, ---, ---, 
[2.404s][info][gc,stats    ]   CSR: VM Strong Roots               21 us, workers (us):  19,   2, ---, ---, ---, ---, ---, ---, 
[2.404s][info][gc,stats    ]   CSR: CLDG Roots                   157 us, workers (us): ---, 157, ---, ---, ---, ---, ---, ---, 
[2.404s][info][gc,stats    ] Concurrent Evacuation              1814 us
[2.404s][info][gc,stats    ] Pause Init Update Refs (G)          189 us
[2.404s][info][gc,stats    ] Pause Init Update Refs (N)           33 us
[2.404s][info][gc,stats    ]   Manage GCLABs                       4 us
[2.404s][info][gc,stats    ] Concurrent Update Refs             2194 us
[2.404s][info][gc,stats    ] Concurrent Update Thread Roots      937 us
[2.404s][info][gc,stats    ] Pause Final Update Refs (G)         136 us
[2.404s][info][gc,stats    ] Pause Final Update Refs (N)          58 us
[2.404s][info][gc,stats    ]   Update Region States               13 us
[2.404s][info][gc,stats    ]   Trash Collection Set                2 us
[2.404s][info][gc,stats    ]   Rebuild Free Set                   17 us
[2.404s][info][gc,stats    ] Concurrent Cleanup                   63 us
[2.404s][info][gc,stats    ] 
[2.404s][info][gc,stats    ] Allocation pacing accrued:
[2.404s][info][gc,stats    ]       0 of    14 ms (  0.0%): <total>
[2.404s][info][gc,stats    ]       0 of    14 ms (  0.0%): <average total>
[2.404s][info][gc,stats    ] 
[2.404s][info][gc,metaspace] Metaspace: 9716K(9920K)->9739K(9920K) NonClass: 8741K(8832K)->8761K(8832K) Class: 974K(1088K)->977K(1088K)
[2.404s][info][gc,ergo     ] Pacer for Idle. Initial: 40642K, Alloc Tax Rate: 1.0x
[2.405s][info][gc          ] Trigger: Start next cycle immediately
[2.405s][info][gc,ergo     ] Free: 1870M, Max: 512K regular, 1867M humongous, Frag: 1% external, 0% internal; Reserve: 101888K, Max: 512K
[2.405s][info][gc,start    ] GC(123) Concurrent reset
[2.405s][info][gc,task     ] GC(123) Using 2 of 8 workers for concurrent reset
[2.405s][info][gc,ergo     ] GC(123) Pacer for Reset. Non-Taxable: 1984M
[2.406s][info][gc          ] GC(123) Concurrent reset 0.231ms
[2.406s][info][gc,start    ] GC(123) Pause Init Mark (unload classes)
[2.406s][info][gc,task     ] GC(123) Using 8 of 8 workers for init marking
[2.406s][info][gc,ergo     ] GC(123) Pacer for Mark. Expected Live: 11990K, Free: 1870M, Non-Taxable: 187M, Alloc Tax Rate: 0.0x
[2.406s][info][gc          ] GC(123) Pause Init Mark (unload classes) 0.042ms
[2.406s][info][gc,start    ] GC(123) Concurrent marking roots
[2.406s][info][gc,task     ] GC(123) Using 2 of 8 workers for concurrent marking roots
[2.406s][info][gc          ] GC(123) Concurrent marking roots 0.204ms
[2.406s][info][gc,start    ] GC(123) Concurrent marking (unload classes)
[2.406s][info][gc,task     ] GC(123) Using 2 of 8 workers for concurrent marking
[2.409s][info][gc          ] GC(123) Concurrent marking (unload classes) 2.727ms
[2.409s][info][gc,start    ] GC(123) Pause Final Mark (unload classes)
[2.409s][info][gc,task     ] GC(123) Using 8 of 8 workers for final marking
[2.409s][info][gc,ergo     ] GC(123) Collectable Garbage: 2065K (100%), Immediate: 0B (0%), CSet: 2065K (100%)
[2.409s][info][gc,ergo     ] GC(123) Pacer for Evacuation. Used CSet: 11738K, Free: 1870M, Non-Taxable: 187M, Alloc Tax Rate: 1.1x
[2.409s][info][gc          ] GC(123) Pause Final Mark (unload classes) 0.181ms
[2.409s][info][gc,start    ] GC(123) Concurrent thread roots
[2.409s][info][gc,task     ] GC(123) Using 2 of 8 workers for Concurrent thread roots
[2.409s][info][gc          ] GC(123) Concurrent thread roots 0.088ms
[2.409s][info][gc,start    ] GC(123) Concurrent weak references
[2.409s][info][gc,task     ] GC(123) Using 2 of 8 workers for concurrent weak references
[2.409s][info][gc,ref      ] GC(123) Encountered references: Soft: 3619, Weak: 1219, Final: 4, Phantom: 582
[2.409s][info][gc,ref      ] GC(123) Discovered  references: Soft: 0, Weak: 469, Final: 1, Phantom: 580
[2.409s][info][gc,ref      ] GC(123) Enqueued    references: Soft: 0, Weak: 0, Final: 0, Phantom: 0
[2.409s][info][gc          ] GC(123) Concurrent weak references 0.124ms
[2.409s][info][gc,start    ] GC(123) Concurrent weak roots
[2.409s][info][gc,task     ] GC(123) Using 2 of 8 workers for concurrent weak root
[2.411s][info][gc          ] GC(123) Concurrent weak roots 1.482ms
[2.411s][info][gc,start    ] GC(123) Concurrent cleanup
[2.411s][info][gc          ] GC(123) Concurrent cleanup 14M->15M(148M) 0.061ms
[2.411s][info][gc,ergo     ] GC(123) Free: 1869M, Max: 512K regular, 1867M humongous, Frag: 1% external, 0% internal; Reserve: 101422K, Max: 512K
[2.411s][info][gc,start    ] GC(123) Concurrent class unloading
[2.411s][info][gc,task     ] GC(123) Using 2 of 8 workers for concurrent class unloading
[2.415s][info][gc          ] GC(123) Concurrent class unloading 3.893ms
[2.415s][info][gc,start    ] GC(123) Concurrent strong roots
[2.415s][info][gc,task     ] GC(123) Using 2 of 8 workers for concurrent strong root
[2.415s][info][gc          ] GC(123) Concurrent strong roots 0.197ms
[2.415s][info][gc,start    ] GC(123) Concurrent evacuation
[2.415s][info][gc,task     ] GC(123) Using 2 of 8 workers for concurrent evacuation
[2.417s][info][gc          ] GC(123) Concurrent evacuation 2.004ms
[2.418s][info][gc,start    ] GC(123) Pause Init Update Refs
[2.418s][info][gc,ergo     ] GC(123) Pacer for Update Refs. Used: 25643K, Free: 1869M, Non-Taxable: 186M, Alloc Tax Rate: 1.1x
[2.418s][info][gc          ] GC(123) Pause Init Update Refs 0.036ms
[2.418s][info][gc,start    ] GC(123) Concurrent update references
[2.418s][info][gc,task     ] GC(123) Using 2 of 8 workers for concurrent reference update
[2.420s][info][gc          ] GC(123) Concurrent update references 2.203ms
[2.420s][info][gc,start    ] GC(123) Concurrent update thread roots
[2.420s][info][gc          ] GC(123) Concurrent update thread roots 0.133ms
[2.420s][info][gc,start    ] GC(123) Pause Final Update Refs
[2.420s][info][gc,task     ] GC(123) Using 8 of 8 workers for final reference update
[2.420s][info][gc          ] GC(123) Pause Final Update Refs 0.069ms
[2.420s][info][gc,start    ] GC(123) Concurrent cleanup
[2.420s][info][gc          ] GC(123) Concurrent cleanup 25M->13M(148M) 0.058ms
[2.420s][info][gc,ergo     ] Free: 1870M, Max: 512K regular, 1867M humongous, Frag: 1% external, 0% internal; Reserve: 101888K, Max: 512K
[2.420s][info][gc,stats    ] 
[2.420s][info][gc,stats    ] All times are wall-clock times, except per-root-class counters, that are sum over
[2.420s][info][gc,stats    ] all workers. Dividing the <total> over the root stage time estimates parallelism.
[2.420s][info][gc,stats    ] 
[2.420s][info][gc,stats    ] Concurrent Reset                    245 us
[2.420s][info][gc,stats    ] Pause Init Mark (G)                 138 us
[2.420s][info][gc,stats    ] Pause Init Mark (N)                  50 us
[2.420s][info][gc,stats    ]   Update Region States               13 us
[2.420s][info][gc,stats    ] Concurrent Mark Roots               213 us, parallelism: 0.55x
[2.420s][info][gc,stats    ]   CMR: <total>                      117 us
[2.420s][info][gc,stats    ]   CMR: Thread Roots                  48 us, workers (us):  48,   0, ---, ---, ---, ---, ---, ---, 
[2.420s][info][gc,stats    ]   CMR: VM Strong Roots                5 us, workers (us):   5,   0, ---, ---, ---, ---, ---, ---, 
[2.420s][info][gc,stats    ]   CMR: CLDG Roots                    63 us, workers (us):  63, ---, ---, ---, ---, ---, ---, ---, 
[2.420s][info][gc,stats    ] Concurrent Marking                 2747 us
[2.420s][info][gc,stats    ] Pause Final Mark (G)                282 us
[2.420s][info][gc,stats    ] Pause Final Mark (N)                189 us
[2.420s][info][gc,stats    ]   Finish Mark                        91 us
[2.420s][info][gc,stats    ]   Update Region States               11 us
[2.420s][info][gc,stats    ]   Choose Collection Set              31 us
[2.420s][info][gc,stats    ]   Rebuild Free Set                   16 us
[2.420s][info][gc,stats    ] Concurrent Thread Roots              98 us, parallelism: 1.04x
[2.420s][info][gc,stats    ]   CTR: <total>                      102 us
[2.420s][info][gc,stats    ]   CTR: Thread Roots                 102 us, workers (us):  62,  41, ---, ---, ---, ---, ---, ---, 
[2.420s][info][gc,stats    ] Concurrent Weak References          131 us, parallelism: 0.55x
[2.420s][info][gc,stats    ]   CWRF: <total>                      72 us
[2.420s][info][gc,stats    ]   CWRF: Weak References              72 us, workers (us):  69,   3, ---, ---, ---, ---, ---, ---, 
[2.420s][info][gc,stats    ] Concurrent Weak Roots              1505 us
[2.420s][info][gc,stats    ]   Roots                             475 us, parallelism: 1.88x
[2.420s][info][gc,stats    ]     CWR: <total>                    894 us
[2.420s][info][gc,stats    ]     CWR: Code Cache Roots           492 us, workers (us): 253, 238, ---, ---, ---, ---, ---, ---, 
[2.420s][info][gc,stats    ]     CWR: VM Weak Roots              397 us, workers (us): 203, 194, ---, ---, ---, ---, ---, ---, 
[2.420s][info][gc,stats    ]     CWR: CLDG Roots                   6 us, workers (us): ---,   6, ---, ---, ---, ---, ---, ---, 
[2.420s][info][gc,stats    ]   Rendezvous                        989 us
[2.420s][info][gc,stats    ] Concurrent Cleanup                   82 us
[2.420s][info][gc,stats    ] Concurrent Class Unloading         3908 us
[2.420s][info][gc,stats    ]   Unlink Stale                     1619 us
[2.420s][info][gc,stats    ]     System Dictionary                24 us
[2.420s][info][gc,stats    ]     Weak Class Links                  0 us
[2.420s][info][gc,stats    ]     Code Roots                     1595 us
[2.420s][info][gc,stats    ]   Rendezvous                       2136 us
[2.420s][info][gc,stats    ]   Purge Unlinked                    120 us
[2.420s][info][gc,stats    ]     Code Roots                      116 us
[2.420s][info][gc,stats    ]     CLDG                              3 us
[2.421s][info][gc,stats    ]     Exception Caches                  0 us
[2.421s][info][gc,stats    ] Concurrent Strong Roots             212 us, parallelism: 0.75x
[2.421s][info][gc,stats    ]   CSR: <total>                      160 us
[2.421s][info][gc,stats    ]   CSR: VM Strong Roots               14 us, workers (us):   8,   6, ---, ---, ---, ---, ---, ---, 
[2.421s][info][gc,stats    ]   CSR: CLDG Roots                   145 us, workers (us): 145, ---, ---, ---, ---, ---, ---, ---, 
[2.421s][info][gc,stats    ] Concurrent Evacuation              2030 us
[2.421s][info][gc,stats    ] Pause Init Update Refs (G)          678 us
[2.421s][info][gc,stats    ] Pause Init Update Refs (N)           45 us
[2.421s][info][gc,stats    ]   Manage GCLABs                       4 us
[2.421s][info][gc,stats    ] Concurrent Update Refs             2225 us
[2.421s][info][gc,stats    ] Concurrent Update Thread Roots      160 us
[2.421s][info][gc,stats    ] Pause Final Update Refs (G)          96 us
[2.421s][info][gc,stats    ] Pause Final Update Refs (N)          79 us
[2.421s][info][gc,stats    ]   Update Region States               13 us
[2.421s][info][gc,stats    ]   Trash Collection Set                3 us
[2.421s][info][gc,stats    ]   Rebuild Free Set                   18 us
[2.421s][info][gc,stats    ] Concurrent Cleanup                   67 us
[2.421s][info][gc,stats    ] 
[2.421s][info][gc,stats    ] Allocation pacing accrued:
[2.421s][info][gc,stats    ]       0 of    17 ms (  0.0%): <total>
[2.421s][info][gc,stats    ]       0 of    17 ms (  0.0%): <average total>
[2.421s][info][gc,stats    ] 
[2.421s][info][gc,metaspace] Metaspace: 9756K(9984K)->9851K(10112K) NonClass: 8777K(8896K)->8868K(9024K) Class: 978K(1088K)->983K(1088K)
[2.421s][info][gc,ergo     ] Pacer for Idle. Initial: 40642K, Alloc Tax Rate: 1.0x
[2.422s][info][gc          ] Trigger: Start next cycle immediately
[2.422s][info][gc,ergo     ] Free: 1870M, Max: 512K regular, 1867M humongous, Frag: 1% external, 0% internal; Reserve: 101888K, Max: 512K
[2.422s][info][gc,start    ] GC(124) Concurrent reset
[2.422s][info][gc,task     ] GC(124) Using 2 of 8 workers for concurrent reset
[2.422s][info][gc,ergo     ] GC(124) Pacer for Reset. Non-Taxable: 1984M
[2.423s][info][gc          ] GC(124) Concurrent reset 0.202ms
[2.423s][info][gc,start    ] GC(124) Pause Init Mark (unload classes)
[2.423s][info][gc,task     ] GC(124) Using 8 of 8 workers for init marking
[2.423s][info][gc,ergo     ] GC(124) Pacer for Mark. Expected Live: 11949K, Free: 1870M, Non-Taxable: 187M, Alloc Tax Rate: 0.0x
[2.423s][info][gc          ] GC(124) Pause Init Mark (unload classes) 0.046ms
[2.423s][info][gc,start    ] GC(124) Concurrent marking roots
[2.423s][info][gc,task     ] GC(124) Using 2 of 8 workers for concurrent marking roots
[2.423s][info][gc          ] GC(124) Concurrent marking roots 0.106ms
[2.423s][info][gc,start    ] GC(124) Concurrent marking (unload classes)
[2.423s][info][gc,task     ] GC(124) Using 2 of 8 workers for concurrent marking
[2.431s][info][gc          ] GC(124) Concurrent marking (unload classes) 7.998ms
[2.431s][info][gc,start    ] GC(124) Pause Final Mark (unload classes)
[2.431s][info][gc,task     ] GC(124) Using 8 of 8 workers for final marking
[2.431s][info][gc,ergo     ] GC(124) Collectable Garbage: 2051K (100%), Immediate: 0B (0%), CSet: 2051K (100%)
[2.431s][info][gc,ergo     ] GC(124) Pacer for Evacuation. Used CSet: 11725K, Free: 1870M, Non-Taxable: 187M, Alloc Tax Rate: 1.1x
[2.431s][info][gc          ] GC(124) Pause Final Mark (unload classes) 0.289ms
[2.431s][info][gc,start    ] GC(124) Concurrent thread roots
[2.431s][info][gc,task     ] GC(124) Using 2 of 8 workers for Concurrent thread roots
[2.431s][info][gc          ] GC(124) Concurrent thread roots 0.080ms
[2.431s][info][gc,start    ] GC(124) Concurrent weak references
[2.431s][info][gc,task     ] GC(124) Using 2 of 8 workers for concurrent weak references
[2.431s][info][gc,ref      ] GC(124) Encountered references: Soft: 3619, Weak: 1219, Final: 4, Phantom: 582
[2.431s][info][gc,ref      ] GC(124) Discovered  references: Soft: 0, Weak: 456, Final: 0, Phantom: 580
[2.431s][info][gc,ref      ] GC(124) Enqueued    references: Soft: 0, Weak: 0, Final: 0, Phantom: 0
[2.431s][info][gc          ] GC(124) Concurrent weak references 0.130ms
[2.431s][info][gc,start    ] GC(124) Concurrent weak roots
[2.431s][info][gc,task     ] GC(124) Using 2 of 8 workers for concurrent weak root
[2.432s][info][gc          ] GC(124) Concurrent weak roots 0.489ms
[2.432s][info][gc,start    ] GC(124) Concurrent cleanup
[2.432s][info][gc          ] GC(124) Concurrent cleanup 16M->16M(148M) 0.060ms
[2.432s][info][gc,ergo     ] GC(124) Free: 1869M, Max: 512K regular, 1867M humongous, Frag: 1% external, 0% internal; Reserve: 100352K, Max: 512K
[2.432s][info][gc,start    ] GC(124) Concurrent class unloading
[2.432s][info][gc,task     ] GC(124) Using 2 of 8 workers for concurrent class unloading
[2.433s][info][gc          ] GC(124) Concurrent class unloading 0.917ms
[2.433s][info][gc,start    ] GC(124) Concurrent strong roots
[2.433s][info][gc,task     ] GC(124) Using 2 of 8 workers for concurrent strong root
[2.433s][info][gc          ] GC(124) Concurrent strong roots 0.207ms
[2.433s][info][gc,start    ] GC(124) Concurrent evacuation
[2.433s][info][gc,task     ] GC(124) Using 2 of 8 workers for concurrent evacuation
[2.435s][info][gc          ] GC(124) Concurrent evacuation 1.815ms
[2.435s][info][gc,start    ] GC(124) Pause Init Update Refs
[2.435s][info][gc,ergo     ] GC(124) Pacer for Update Refs. Used: 25676K, Free: 1869M, Non-Taxable: 186M, Alloc Tax Rate: 1.1x
[2.435s][info][gc          ] GC(124) Pause Init Update Refs 0.033ms
[2.435s][info][gc,start    ] GC(124) Concurrent update references
[2.435s][info][gc,task     ] GC(124) Using 2 of 8 workers for concurrent reference update
[2.437s][info][gc          ] GC(124) Concurrent update references 2.206ms
[2.437s][info][gc,start    ] GC(124) Concurrent update thread roots
[2.438s][info][gc          ] GC(124) Concurrent update thread roots 0.152ms
[2.438s][info][gc,start    ] GC(124) Pause Final Update Refs
[2.438s][info][gc,task     ] GC(124) Using 8 of 8 workers for final reference update
[2.438s][info][gc          ] GC(124) Pause Final Update Refs 0.064ms
[2.438s][info][gc,start    ] GC(124) Concurrent cleanup
[2.438s][info][gc          ] GC(124) Concurrent cleanup 25M->13M(148M) 0.057ms
[2.438s][info][gc,ergo     ] Free: 1870M, Max: 512K regular, 1867M humongous, Frag: 1% external, 0% internal; Reserve: 101888K, Max: 512K
[2.438s][info][gc,stats    ] 
[2.439s][info][gc,stats    ] All times are wall-clock times, except per-root-class counters, that are sum over
[2.439s][info][gc,stats    ] all workers. Dividing the <total> over the root stage time estimates parallelism.
[2.439s][info][gc,stats    ] 
[2.439s][info][gc,stats    ] Concurrent Reset                    215 us
[2.439s][info][gc,stats    ] Pause Init Mark (G)                 144 us
[2.439s][info][gc,stats    ] Pause Init Mark (N)                  54 us
[2.439s][info][gc,stats    ]   Update Region States               14 us
[2.439s][info][gc,stats    ] Concurrent Mark Roots               114 us, parallelism: 0.92x
[2.439s][info][gc,stats    ]   CMR: <total>                      105 us
[2.439s][info][gc,stats    ]   CMR: Thread Roots                  40 us, workers (us):   0,  39, ---, ---, ---, ---, ---, ---, 
[2.439s][info][gc,stats    ]   CMR: VM Strong Roots                5 us, workers (us):   5,   0, ---, ---, ---, ---, ---, ---, 
[2.439s][info][gc,stats    ]   CMR: CLDG Roots                    60 us, workers (us):  60, ---, ---, ---, ---, ---, ---, ---, 
[2.439s][info][gc,stats    ] Concurrent Marking                 8024 us
[2.439s][info][gc,stats    ] Pause Final Mark (G)                386 us
[2.439s][info][gc,stats    ] Pause Final Mark (N)                299 us
[2.439s][info][gc,stats    ]   Finish Mark                       180 us
[2.439s][info][gc,stats    ]   Update Region States               16 us
[2.439s][info][gc,stats    ]   Choose Collection Set              37 us
[2.439s][info][gc,stats    ]   Rebuild Free Set                   16 us
[2.439s][info][gc,stats    ] Concurrent Thread Roots              93 us, parallelism: 0.80x
[2.439s][info][gc,stats    ]   CTR: <total>                       74 us
[2.439s][info][gc,stats    ]   CTR: Thread Roots                  74 us, workers (us):  42,  32, ---, ---, ---, ---, ---, ---, 
[2.439s][info][gc,stats    ] Concurrent Weak References          139 us, parallelism: 0.58x
[2.439s][info][gc,stats    ]   CWRF: <total>                      80 us
[2.439s][info][gc,stats    ]   CWRF: Weak References              80 us, workers (us):  32,  48, ---, ---, ---, ---, ---, ---, 
[2.439s][info][gc,stats    ] Concurrent Weak Roots               509 us
[2.439s][info][gc,stats    ]   Roots                             452 us, parallelism: 1.88x
[2.439s][info][gc,stats    ]     CWR: <total>                    849 us
[2.439s][info][gc,stats    ]     CWR: Code Cache Roots           447 us, workers (us): 229, 218, ---, ---, ---, ---, ---, ---, 
[2.439s][info][gc,stats    ]     CWR: VM Weak Roots              397 us, workers (us): 200, 196, ---, ---, ---, ---, ---, ---, 
[2.439s][info][gc,stats    ]     CWR: CLDG Roots                   6 us, workers (us): ---,   6, ---, ---, ---, ---, ---, ---, 
[2.439s][info][gc,stats    ]   Rendezvous                         19 us
[2.439s][info][gc,stats    ] Concurrent Cleanup                   70 us
[2.439s][info][gc,stats    ] Concurrent Class Unloading          941 us
[2.439s][info][gc,stats    ]   Unlink Stale                      875 us
[2.439s][info][gc,stats    ]     System Dictionary                30 us
[2.439s][info][gc,stats    ]     Weak Class Links                  0 us
[2.439s][info][gc,stats    ]     Code Roots                      844 us
[2.439s][info][gc,stats    ]   Rendezvous                         16 us
[2.439s][info][gc,stats    ]   Purge Unlinked                      7 us
[2.439s][info][gc,stats    ]     Code Roots                        1 us
[2.439s][info][gc,stats    ]     CLDG                              6 us
[2.439s][info][gc,stats    ]     Exception Caches                  0 us
[2.439s][info][gc,stats    ] Concurrent Strong Roots             222 us, parallelism: 0.72x
[2.439s][info][gc,stats    ]   CSR: <total>                      160 us
[2.439s][info][gc,stats    ]   CSR: VM Strong Roots                9 us, workers (us):   9,   0, ---, ---, ---, ---, ---, ---, 
[2.439s][info][gc,stats    ]   CSR: CLDG Roots                   151 us, workers (us): 151, ---, ---, ---, ---, ---, ---, ---, 
[2.439s][info][gc,stats    ] Concurrent Evacuation              1837 us
[2.439s][info][gc,stats    ] Pause Init Update Refs (G)          130 us
[2.439s][info][gc,stats    ] Pause Init Update Refs (N)           42 us
[2.439s][info][gc,stats    ]   Manage GCLABs                       5 us
[2.439s][info][gc,stats    ] Concurrent Update Refs             2242 us
[2.439s][info][gc,stats    ] Concurrent Update Thread Roots      166 us
[2.439s][info][gc,stats    ] Pause Final Update Refs (G)         743 us
[2.439s][info][gc,stats    ] Pause Final Update Refs (N)          75 us
[2.439s][info][gc,stats    ]   Update Region States               14 us
[2.439s][info][gc,stats    ]   Trash Collection Set                3 us
[2.439s][info][gc,stats    ]   Rebuild Free Set                   16 us
[2.439s][info][gc,stats    ] Concurrent Cleanup                   66 us
[2.439s][info][gc,stats    ] 
[2.439s][info][gc,stats    ] Allocation pacing accrued:
[2.439s][info][gc,stats    ]       0 of    18 ms (  0.0%): <total>
[2.439s][info][gc,stats    ]       0 of    18 ms (  0.0%): <average total>
[2.439s][info][gc,stats    ] 
[2.439s][info][gc,metaspace] Metaspace: 9875K(10112K)->9947K(10240K) NonClass: 8889K(9024K)->8946K(9088K) Class: 985K(1088K)->1000K(1152K)
[2.439s][info][gc,ergo     ] Pacer for Idle. Initial: 40642K, Alloc Tax Rate: 1.0x
[2.440s][info][gc          ] Trigger: Start next cycle immediately
[2.440s][info][gc,ergo     ] Free: 1870M, Max: 512K regular, 1867M humongous, Frag: 1% external, 0% internal; Reserve: 101888K, Max: 512K
[2.440s][info][gc,start    ] GC(125) Concurrent reset
[2.440s][info][gc,task     ] GC(125) Using 2 of 8 workers for concurrent reset
[2.440s][info][gc,ergo     ] GC(125) Pacer for Reset. Non-Taxable: 1984M
[2.441s][info][gc          ] GC(125) Concurrent reset 0.263ms
[2.441s][info][gc,start    ] GC(125) Pause Init Mark (unload classes)
[2.441s][info][gc,task     ] GC(125) Using 8 of 8 workers for init marking
[2.441s][info][gc,ergo     ] GC(125) Pacer for Mark. Expected Live: 11904K, Free: 1870M, Non-Taxable: 187M, Alloc Tax Rate: 0.0x
[2.441s][info][gc          ] GC(125) Pause Init Mark (unload classes) 0.058ms
[2.441s][info][gc,start    ] GC(125) Concurrent marking roots
[2.441s][info][gc,task     ] GC(125) Using 2 of 8 workers for concurrent marking roots
[2.441s][info][gc          ] GC(125) Concurrent marking roots 0.308ms
[2.441s][info][gc,start    ] GC(125) Concurrent marking (unload classes)
[2.441s][info][gc,task     ] GC(125) Using 2 of 8 workers for concurrent marking
[2.456s][info][gc          ] GC(125) Concurrent marking (unload classes) 14.908ms
[2.456s][info][gc,start    ] GC(125) Pause Final Mark (unload classes)
[2.456s][info][gc,task     ] GC(125) Using 8 of 8 workers for final marking
[2.456s][info][gc,ergo     ] GC(125) Collectable Garbage: 2080K (100%), Immediate: 0B (0%), CSet: 2080K (100%)
[2.456s][info][gc,ergo     ] GC(125) Pacer for Evacuation. Used CSet: 11776K, Free: 1870M, Non-Taxable: 187M, Alloc Tax Rate: 1.1x
[2.456s][info][gc          ] GC(125) Pause Final Mark (unload classes) 0.284ms
[2.456s][info][gc,start    ] GC(125) Concurrent thread roots
[2.456s][info][gc,task     ] GC(125) Using 2 of 8 workers for Concurrent thread roots
[2.456s][info][gc          ] GC(125) Concurrent thread roots 0.086ms
[2.456s][info][gc,start    ] GC(125) Concurrent weak references
[2.456s][info][gc,task     ] GC(125) Using 2 of 8 workers for concurrent weak references
[2.457s][info][gc,ref      ] GC(125) Encountered references: Soft: 3619, Weak: 1219, Final: 4, Phantom: 582
[2.457s][info][gc,ref      ] GC(125) Discovered  references: Soft: 0, Weak: 451, Final: 0, Phantom: 579
[2.457s][info][gc,ref      ] GC(125) Enqueued    references: Soft: 0, Weak: 0, Final: 0, Phantom: 0
[2.457s][info][gc          ] GC(125) Concurrent weak references 0.144ms
[2.457s][info][gc,start    ] GC(125) Concurrent weak roots
[2.457s][info][gc,task     ] GC(125) Using 2 of 8 workers for concurrent weak root
[2.457s][info][gc          ] GC(125) Concurrent weak roots 0.594ms
[2.457s][info][gc,start    ] GC(125) Concurrent cleanup
[2.457s][info][gc          ] GC(125) Concurrent cleanup 14M->14M(148M) 0.093ms
[2.457s][info][gc,ergo     ] GC(125) Free: 1870M, Max: 512K regular, 1867M humongous, Frag: 1% external, 0% internal; Reserve: 101492K, Max: 512K
[2.458s][info][gc,start    ] GC(125) Concurrent class unloading
[2.458s][info][gc,task     ] GC(125) Using 2 of 8 workers for concurrent class unloading
[2.459s][info][gc          ] GC(125) Concurrent class unloading 1.044ms
[2.459s][info][gc,start    ] GC(125) Concurrent strong roots
[2.459s][info][gc,task     ] GC(125) Using 2 of 8 workers for concurrent strong root
[2.459s][info][gc          ] GC(125) Concurrent strong roots 0.247ms
[2.459s][info][gc,start    ] GC(125) Concurrent evacuation
[2.459s][info][gc,task     ] GC(125) Using 2 of 8 workers for concurrent evacuation
[2.461s][info][gc          ] GC(125) Concurrent evacuation 2.125ms
[2.461s][info][gc,start    ] GC(125) Pause Init Update Refs
[2.461s][info][gc,ergo     ] GC(125) Pacer for Update Refs. Used: 25314K, Free: 1870M, Non-Taxable: 187M, Alloc Tax Rate: 1.1x
[2.461s][info][gc          ] GC(125) Pause Init Update Refs 0.032ms
[2.461s][info][gc,start    ] GC(125) Concurrent update references
[2.461s][info][gc,task     ] GC(125) Using 2 of 8 workers for concurrent reference update
[2.464s][info][gc          ] GC(125) Concurrent update references 2.440ms
[2.464s][info][gc,start    ] GC(125) Concurrent update thread roots
[2.469s][info][gc          ] GC(125) Concurrent update thread roots 5.440ms
[2.469s][info][gc,start    ] GC(125) Pause Final Update Refs
[2.469s][info][gc,task     ] GC(125) Using 8 of 8 workers for final reference update
[2.469s][info][gc          ] GC(125) Pause Final Update Refs 0.119ms
[2.470s][info][gc,start    ] GC(125) Concurrent cleanup
[2.470s][info][gc          ] GC(125) Concurrent cleanup 24M->13M(148M) 0.073ms
[2.470s][info][gc,ergo     ] Free: 1871M, Max: 512K regular, 1866M humongous, Frag: 1% external, 0% internal; Reserve: 101888K, Max: 512K
[2.470s][info][gc,stats    ] 
[2.470s][info][gc,stats    ] All times are wall-clock times, except per-root-class counters, that are sum over
[2.470s][info][gc,stats    ] all workers. Dividing the <total> over the root stage time estimates parallelism.
[2.470s][info][gc,stats    ] 
[2.470s][info][gc,stats    ] Concurrent Reset                    279 us
[2.470s][info][gc,stats    ] Pause Init Mark (G)                 159 us
[2.470s][info][gc,stats    ] Pause Init Mark (N)                  67 us
[2.470s][info][gc,stats    ]   Update Region States               18 us
[2.470s][info][gc,stats    ] Concurrent Mark Roots               330 us, parallelism: 0.73x
[2.470s][info][gc,stats    ]   CMR: <total>                      242 us
[2.470s][info][gc,stats    ]   CMR: Thread Roots                 158 us, workers (us): 158,   0, ---, ---, ---, ---, ---, ---, 
[2.470s][info][gc,stats    ]   CMR: VM Strong Roots                5 us, workers (us):   5,   0, ---, ---, ---, ---, ---, ---, 
[2.470s][info][gc,stats    ]   CMR: CLDG Roots                    79 us, workers (us):  79, ---, ---, ---, ---, ---, ---, ---, 
[2.470s][info][gc,stats    ] Concurrent Marking                14936 us
[2.470s][info][gc,stats    ] Pause Final Mark (G)                407 us
[2.470s][info][gc,stats    ] Pause Final Mark (N)                318 us
[2.470s][info][gc,stats    ]   Finish Mark                        80 us
[2.470s][info][gc,stats    ]   Update Region States               21 us
[2.470s][info][gc,stats    ]   Choose Collection Set              74 us
[2.470s][info][gc,stats    ]   Rebuild Free Set                   19 us
[2.470s][info][gc,stats    ] Concurrent Thread Roots              99 us, parallelism: 0.78x
[2.470s][info][gc,stats    ]   CTR: <total>                       77 us
[2.470s][info][gc,stats    ]   CTR: Thread Roots                  77 us, workers (us):  35,  42, ---, ---, ---, ---, ---, ---, 
[2.470s][info][gc,stats    ] Concurrent Weak References          153 us, parallelism: 0.60x
[2.470s][info][gc,stats    ]   CWRF: <total>                      92 us
[2.470s][info][gc,stats    ]   CWRF: Weak References              92 us, workers (us):  91,   1, ---, ---, ---, ---, ---, ---, 
[2.470s][info][gc,stats    ] Concurrent Weak Roots               653 us
[2.470s][info][gc,stats    ]   Roots                             528 us, parallelism: 1.81x
[2.470s][info][gc,stats    ]     CWR: <total>                    955 us
[2.470s][info][gc,stats    ]     CWR: Code Cache Roots           545 us, workers (us): 255, 290, ---, ---, ---, ---, ---, ---, 
[2.470s][info][gc,stats    ]     CWR: VM Weak Roots              403 us, workers (us): 204, 198, ---, ---, ---, ---, ---, ---, 
[2.470s][info][gc,stats    ]     CWR: CLDG Roots                   7 us, workers (us): ---,   7, ---, ---, ---, ---, ---, ---, 
[2.470s][info][gc,stats    ]   Rendezvous                         47 us
[2.470s][info][gc,stats    ] Concurrent Cleanup                  154 us
[2.470s][info][gc,stats    ] Concurrent Class Unloading         1081 us
[2.470s][info][gc,stats    ]   Unlink Stale                      925 us
[2.470s][info][gc,stats    ]     System Dictionary               114 us
[2.470s][info][gc,stats    ]     Weak Class Links                  0 us
[2.470s][info][gc,stats    ]     Code Roots                      809 us
[2.470s][info][gc,stats    ]   Rendezvous                         18 us
[2.470s][info][gc,stats    ]   Purge Unlinked                     30 us
[2.470s][info][gc,stats    ]     Code Roots                       25 us
[2.470s][info][gc,stats    ]     CLDG                              5 us
[2.470s][info][gc,stats    ]     Exception Caches                  0 us
[2.470s][info][gc,stats    ] Concurrent Strong Roots             261 us, parallelism: 0.66x
[2.470s][info][gc,stats    ]   CSR: <total>                      173 us
[2.470s][info][gc,stats    ]   CSR: VM Strong Roots               11 us, workers (us):   8,   2, ---, ---, ---, ---, ---, ---, 
[2.471s][info][gc,stats    ]   CSR: CLDG Roots                   162 us, workers (us): ---, 162, ---, ---, ---, ---, ---, ---, 
[2.471s][info][gc,stats    ] Concurrent Evacuation              2213 us
[2.471s][info][gc,stats    ] Pause Init Update Refs (G)          129 us
[2.471s][info][gc,stats    ] Pause Init Update Refs (N)           42 us
[2.471s][info][gc,stats    ]   Manage GCLABs                       4 us
[2.471s][info][gc,stats    ] Concurrent Update Refs             2503 us
[2.471s][info][gc,stats    ] Concurrent Update Thread Roots     5492 us
[2.471s][info][gc,stats    ] Pause Final Update Refs (G)         331 us
[2.471s][info][gc,stats    ] Pause Final Update Refs (N)         211 us
[2.471s][info][gc,stats    ]   Update Region States               20 us
[2.471s][info][gc,stats    ]   Trash Collection Set                3 us
[2.471s][info][gc,stats    ]   Rebuild Free Set                   18 us
[2.471s][info][gc,stats    ] Concurrent Cleanup                   83 us
[2.471s][info][gc,stats    ] 
[2.471s][info][gc,stats    ] Allocation pacing accrued:
[2.471s][info][gc,stats    ]       0 of    32 ms (  0.0%): <total>
[2.471s][info][gc,stats    ]       0 of    32 ms (  0.0%): <average total>
[2.471s][info][gc,stats    ] 
[2.471s][info][gc,metaspace] Metaspace: 9982K(10240K)->10271K(10496K) NonClass: 8977K(9088K)->9240K(9344K) Class: 1004K(1152K)->1031K(1152K)
[2.471s][info][gc,ergo     ] Pacer for Idle. Initial: 40642K, Alloc Tax Rate: 1.0x
[2.472s][info][gc          ] Trigger: Start next cycle immediately
[2.472s][info][gc,ergo     ] Free: 1871M, Max: 512K regular, 1866M humongous, Frag: 1% external, 0% internal; Reserve: 101888K, Max: 512K
[2.472s][info][gc,start    ] GC(126) Concurrent reset
[2.472s][info][gc,task     ] GC(126) Using 2 of 8 workers for concurrent reset
[2.472s][info][gc,ergo     ] GC(126) Pacer for Reset. Non-Taxable: 1984M
[2.472s][info][gc          ] GC(126) Concurrent reset 0.267ms
[2.473s][info][gc,start    ] GC(126) Pause Init Mark
[2.473s][info][gc,task     ] GC(126) Using 8 of 8 workers for init marking
[2.473s][info][gc,ergo     ] GC(126) Pacer for Mark. Expected Live: 11852K, Free: 1871M, Non-Taxable: 187M, Alloc Tax Rate: 0.0x
[2.473s][info][gc          ] GC(126) Pause Init Mark 0.058ms
[2.473s][info][gc,start    ] GC(126) Concurrent marking roots
[2.473s][info][gc,task     ] GC(126) Using 2 of 8 workers for concurrent marking roots
[2.474s][info][gc          ] GC(126) Concurrent marking roots 0.554ms
[2.474s][info][gc,start    ] GC(126) Concurrent marking
[2.474s][info][gc,task     ] GC(126) Using 2 of 8 workers for concurrent marking
[2.484s][info][gc          ] GC(126) Concurrent marking 10.266ms
[2.484s][info][gc,start    ] GC(126) Pause Final Mark
[2.484s][info][gc,task     ] GC(126) Using 8 of 8 workers for final marking
[2.484s][info][gc,ergo     ] GC(126) Collectable Garbage: 1364K (100%), Immediate: 0B (0%), CSet: 1364K (100%)
[2.484s][info][gc,ergo     ] GC(126) Pacer for Evacuation. Used CSet: 11359K, Free: 1870M, Non-Taxable: 187M, Alloc Tax Rate: 1.1x
[2.484s][info][gc          ] GC(126) Pause Final Mark 0.345ms
[2.485s][info][gc,start    ] GC(126) Concurrent thread roots
[2.485s][info][gc,task     ] GC(126) Using 2 of 8 workers for Concurrent thread roots
[2.485s][info][gc          ] GC(126) Concurrent thread roots 0.741ms
[2.485s][info][gc,start    ] GC(126) Concurrent weak references
[2.485s][info][gc,task     ] GC(126) Using 2 of 8 workers for concurrent weak references
[2.485s][info][gc,ref      ] GC(126) Encountered references: Soft: 3637, Weak: 1234, Final: 4, Phantom: 588
[2.485s][info][gc,ref      ] GC(126) Discovered  references: Soft: 0, Weak: 510, Final: 1, Phantom: 202
[2.485s][info][gc,ref      ] GC(126) Enqueued    references: Soft: 0, Weak: 8, Final: 0, Phantom: 6
[2.485s][info][gc          ] GC(126) Concurrent weak references 0.145ms
[2.485s][info][gc,start    ] GC(126) Concurrent weak roots
[2.485s][info][gc,task     ] GC(126) Using 2 of 8 workers for concurrent weak root
[2.486s][info][gc          ] GC(126) Concurrent weak roots 0.399ms
[2.486s][info][gc,start    ] GC(126) Concurrent cleanup
[2.486s][info][gc          ] GC(126) Concurrent cleanup 16M->16M(148M) 0.072ms
[2.486s][info][gc,ergo     ] GC(126) Free: 1868M, Max: 512K regular, 1866M humongous, Frag: 1% external, 0% internal; Reserve: 100432K, Max: 512K
[2.486s][info][gc,start    ] GC(126) Concurrent strong roots
[2.486s][info][gc,task     ] GC(126) Using 2 of 8 workers for concurrent strong root
[2.487s][info][gc          ] GC(126) Concurrent strong roots 0.554ms
[2.487s][info][gc,start    ] GC(126) Concurrent evacuation
[2.487s][info][gc,task     ] GC(126) Using 2 of 8 workers for concurrent evacuation
[2.489s][info][gc          ] GC(126) Concurrent evacuation 2.074ms
[2.489s][info][gc,start    ] GC(126) Pause Init Update Refs
[2.489s][info][gc,ergo     ] GC(126) Pacer for Update Refs. Used: 27359K, Free: 1868M, Non-Taxable: 186M, Alloc Tax Rate: 1.1x
[2.489s][info][gc          ] GC(126) Pause Init Update Refs 0.033ms
[2.489s][info][gc,start    ] GC(126) Concurrent update references
[2.489s][info][gc,task     ] GC(126) Using 2 of 8 workers for concurrent reference update
[2.491s][info][gc          ] GC(126) Concurrent update references 2.486ms
[2.492s][info][gc,start    ] GC(126) Concurrent update thread roots
[2.492s][info][gc          ] GC(126) Concurrent update thread roots 0.167ms
[2.492s][info][gc,start    ] GC(126) Pause Final Update Refs
[2.492s][info][gc,task     ] GC(126) Using 8 of 8 workers for final reference update
[2.492s][info][gc          ] GC(126) Pause Final Update Refs 0.077ms
[2.492s][info][gc,start    ] GC(126) Concurrent cleanup
[2.492s][info][gc          ] GC(126) Concurrent cleanup 26M->15M(148M) 0.062ms
[2.492s][info][gc,ergo     ] Free: 1868M, Max: 512K regular, 1866M humongous, Frag: 1% external, 0% internal; Reserve: 101888K, Max: 512K
[2.492s][info][gc,stats    ] 
[2.492s][info][gc,stats    ] All times are wall-clock times, except per-root-class counters, that are sum over
[2.492s][info][gc,stats    ] all workers. Dividing the <total> over the root stage time estimates parallelism.
[2.492s][info][gc,stats    ] 
[2.492s][info][gc,stats    ] Concurrent Reset                    299 us
[2.492s][info][gc,stats    ] Pause Init Mark (G)                 614 us
[2.492s][info][gc,stats    ] Pause Init Mark (N)                  67 us
[2.492s][info][gc,stats    ]   Update Region States               18 us
[2.492s][info][gc,stats    ] Concurrent Mark Roots               576 us, parallelism: 1.55x
[2.492s][info][gc,stats    ]   CMR: <total>                      893 us
[2.492s][info][gc,stats    ]   CMR: Thread Roots                 128 us, workers (us):  94,  34, ---, ---, ---, ---, ---, ---, 
[2.492s][info][gc,stats    ]   CMR: Code Cache Roots             659 us, workers (us): 263, 395, ---, ---, ---, ---, ---, ---, 
[2.492s][info][gc,stats    ]   CMR: VM Strong Roots                7 us, workers (us):   4,   3, ---, ---, ---, ---, ---, ---, 
[2.492s][info][gc,stats    ]   CMR: CLDG Roots                   100 us, workers (us): 100, ---, ---, ---, ---, ---, ---, ---, 
[2.492s][info][gc,stats    ] Concurrent Marking                10332 us
[2.492s][info][gc,stats    ] Pause Final Mark (G)                479 us
[2.492s][info][gc,stats    ] Pause Final Mark (N)                380 us
[2.492s][info][gc,stats    ]   Finish Mark                       121 us
[2.492s][info][gc,stats    ]   Update Region States               19 us
[2.492s][info][gc,stats    ]   Choose Collection Set              73 us
[2.492s][info][gc,stats    ]   Rebuild Free Set                   20 us
[2.493s][info][gc,stats    ] Concurrent Thread Roots             753 us, parallelism: 0.09x
[2.493s][info][gc,stats    ]   CTR: <total>                       66 us
[2.493s][info][gc,stats    ]   CTR: Thread Roots                  66 us, workers (us):  39,  27, ---, ---, ---, ---, ---, ---, 
[2.493s][info][gc,stats    ] Concurrent Weak References          155 us, parallelism: 0.41x
[2.493s][info][gc,stats    ]   CWRF: <total>                      64 us
[2.493s][info][gc,stats    ]   CWRF: Weak References              64 us, workers (us):  11,  53, ---, ---, ---, ---, ---, ---, 
[2.493s][info][gc,stats    ] Concurrent Weak Roots               450 us
[2.493s][info][gc,stats    ]   Roots                             337 us, parallelism: 1.36x
[2.493s][info][gc,stats    ]     CWR: <total>                    459 us
[2.493s][info][gc,stats    ]     CWR: VM Weak Roots              459 us, workers (us): 235, 224, ---, ---, ---, ---, ---, ---, 
[2.493s][info][gc,stats    ]   Rendezvous                         18 us
[2.493s][info][gc,stats    ] Concurrent Cleanup                  112 us
[2.493s][info][gc,stats    ] Concurrent Strong Roots             618 us, parallelism: 1.44x
[2.493s][info][gc,stats    ]   CSR: <total>                      887 us
[2.493s][info][gc,stats    ]   CSR: Code Cache Roots             700 us, workers (us): 246, 453, ---, ---, ---, ---, ---, ---, 
[2.493s][info][gc,stats    ]   CSR: VM Strong Roots               13 us, workers (us):   7,   6, ---, ---, ---, ---, ---, ---, 
[2.493s][info][gc,stats    ]   CSR: CLDG Roots                   175 us, workers (us): 175, ---, ---, ---, ---, ---, ---, ---, 
[2.493s][info][gc,stats    ] Concurrent Evacuation              2144 us
[2.493s][info][gc,stats    ] Pause Init Update Refs (G)          155 us
[2.493s][info][gc,stats    ] Pause Init Update Refs (N)           42 us
[2.493s][info][gc,stats    ]   Manage GCLABs                       4 us
[2.493s][info][gc,stats    ] Concurrent Update Refs             2554 us
[2.493s][info][gc,stats    ] Concurrent Update Thread Roots      215 us
[2.493s][info][gc,stats    ] Pause Final Update Refs (G)         140 us
[2.493s][info][gc,stats    ] Pause Final Update Refs (N)         119 us
[2.493s][info][gc,stats    ]   Update Region States               15 us
[2.493s][info][gc,stats    ]   Trash Collection Set                3 us
[2.493s][info][gc,stats    ]   Rebuild Free Set                   17 us
[2.493s][info][gc,stats    ] Concurrent Cleanup                  100 us
[2.493s][info][gc,stats    ] 
[2.493s][info][gc,stats    ] Allocation pacing accrued:
[2.493s][info][gc,stats    ]       0 of    22 ms (  0.0%): <total>
[2.493s][info][gc,stats    ]       0 of    22 ms (  0.0%): <average total>
[2.493s][info][gc,stats    ] 
[2.493s][info][gc,metaspace] Metaspace: 10307K(10560K)->10531K(10752K) NonClass: 9274K(9408K)->9481K(9600K) Class: 1032K(1152K)->1050K(1152K)
[2.493s][info][gc,ergo     ] Pacer for Idle. Initial: 40642K, Alloc Tax Rate: 1.0x
[2.494s][info][gc          ] Trigger: Start next cycle immediately
[2.494s][info][gc,ergo     ] Free: 1868M, Max: 512K regular, 1866M humongous, Frag: 1% external, 0% internal; Reserve: 101888K, Max: 512K
[2.494s][info][gc,start    ] GC(127) Concurrent reset
[2.494s][info][gc,task     ] GC(127) Using 2 of 8 workers for concurrent reset
[2.494s][info][gc,ergo     ] GC(127) Pacer for Reset. Non-Taxable: 1984M
[2.495s][info][gc          ] GC(127) Concurrent reset 0.239ms
[2.495s][info][gc,start    ] GC(127) Pause Init Mark (unload classes)
[2.495s][info][gc,task     ] GC(127) Using 8 of 8 workers for init marking
[2.495s][info][gc,ergo     ] GC(127) Pacer for Mark. Expected Live: 11919K, Free: 1868M, Non-Taxable: 186M, Alloc Tax Rate: 0.0x
[2.495s][info][gc          ] GC(127) Pause Init Mark (unload classes) 0.056ms
[2.495s][info][gc,start    ] GC(127) Concurrent marking roots
[2.495s][info][gc,task     ] GC(127) Using 2 of 8 workers for concurrent marking roots
[2.495s][info][gc          ] GC(127) Concurrent marking roots 0.232ms
[2.495s][info][gc,start    ] GC(127) Concurrent marking (unload classes)
[2.495s][info][gc,task     ] GC(127) Using 2 of 8 workers for concurrent marking
[2.512s][info][gc          ] GC(127) Concurrent marking (unload classes) 16.425ms
[2.512s][info][gc,start    ] GC(127) Pause Final Mark (unload classes)
[2.512s][info][gc,task     ] GC(127) Using 8 of 8 workers for final marking
[2.520s][info][gc,ergo     ] GC(127) Collectable Garbage: 3921K (100%), Immediate: 0B (0%), CSet: 3921K (100%)
[2.521s][info][gc,ergo     ] GC(127) Pacer for Evacuation. Used CSet: 13820K, Free: 1868M, Non-Taxable: 186M, Alloc Tax Rate: 1.1x
[2.521s][info][gc          ] GC(127) Pause Final Mark (unload classes) 8.885ms
[2.521s][info][gc,start    ] GC(127) Concurrent thread roots
[2.521s][info][gc,task     ] GC(127) Using 2 of 8 workers for Concurrent thread roots
[2.521s][info][gc          ] GC(127) Concurrent thread roots 0.161ms
[2.521s][info][gc,start    ] GC(127) Concurrent weak references
[2.521s][info][gc,task     ] GC(127) Using 2 of 8 workers for concurrent weak references
[2.521s][info][gc,ref      ] GC(127) Encountered references: Soft: 3637, Weak: 1226, Final: 4, Phantom: 582
[2.521s][info][gc,ref      ] GC(127) Discovered  references: Soft: 0, Weak: 380, Final: 0, Phantom: 579
[2.521s][info][gc,ref      ] GC(127) Enqueued    references: Soft: 0, Weak: 0, Final: 0, Phantom: 0
[2.521s][info][gc          ] GC(127) Concurrent weak references 0.217ms
[2.521s][info][gc,start    ] GC(127) Concurrent weak roots
[2.521s][info][gc,task     ] GC(127) Using 2 of 8 workers for concurrent weak root
[2.525s][info][gc          ] GC(127) Concurrent weak roots 4.335ms
[2.526s][info][gc,start    ] GC(127) Concurrent cleanup
[2.526s][info][gc          ] GC(127) Concurrent cleanup 18M->18M(148M) 0.077ms
[2.526s][info][gc,ergo     ] GC(127) Free: 1867M, Max: 512K regular, 1866M humongous, Frag: 1% external, 0% internal; Reserve: 100349K, Max: 512K
[2.526s][info][gc,start    ] GC(127) Concurrent class unloading
[2.526s][info][gc,task     ] GC(127) Using 2 of 8 workers for concurrent class unloading
[2.539s][info][gc          ] GC(127) Concurrent class unloading 13.134ms
[2.539s][info][gc,start    ] GC(127) Concurrent strong roots
[2.539s][info][gc,task     ] GC(127) Using 2 of 8 workers for concurrent strong root
[2.539s][info][gc          ] GC(127) Concurrent strong roots 0.420ms
[2.539s][info][gc,start    ] GC(127) Concurrent evacuation
[2.539s][info][gc,task     ] GC(127) Using 2 of 8 workers for concurrent evacuation
[2.543s][info][gc          ] GC(127) Concurrent evacuation 4.075ms
[2.544s][info][gc,start    ] GC(127) Pause Init Update Refs
[2.544s][info][gc,ergo     ] GC(127) Pacer for Update Refs. Used: 27772K, Free: 1867M, Non-Taxable: 186M, Alloc Tax Rate: 1.1x
[2.544s][info][gc          ] GC(127) Pause Init Update Refs 0.033ms
[2.544s][info][gc,start    ] GC(127) Concurrent update references
[2.544s][info][gc,task     ] GC(127) Using 2 of 8 workers for concurrent reference update
[2.546s][info][gc          ] GC(127) Concurrent update references 2.899ms
[2.547s][info][gc,start    ] GC(127) Concurrent update thread roots
[2.547s][info][gc          ] GC(127) Concurrent update thread roots 0.253ms
[2.547s][info][gc,start    ] GC(127) Pause Final Update Refs
[2.547s][info][gc,task     ] GC(127) Using 8 of 8 workers for final reference update
[2.547s][info][gc          ] GC(127) Pause Final Update Refs 0.107ms
[2.547s][info][gc,start    ] GC(127) Concurrent cleanup
[2.547s][info][gc          ] GC(127) Concurrent cleanup 27M->14M(148M) 0.066ms
[2.547s][info][gc,ergo     ] Free: 1870M, Max: 512K regular, 1867M humongous, Frag: 1% external, 0% internal; Reserve: 101888K, Max: 512K
[2.547s][info][gc,stats    ] 
[2.547s][info][gc,stats    ] All times are wall-clock times, except per-root-class counters, that are sum over
[2.547s][info][gc,stats    ] all workers. Dividing the <total> over the root stage time estimates parallelism.
[2.547s][info][gc,stats    ] 
[2.547s][info][gc,stats    ] Concurrent Reset                    271 us
[2.547s][info][gc,stats    ] Pause Init Mark (G)                 162 us
[2.547s][info][gc,stats    ] Pause Init Mark (N)                  66 us
[2.547s][info][gc,stats    ]   Update Region States               17 us
[2.547s][info][gc,stats    ] Concurrent Mark Roots               269 us, parallelism: 0.57x
[2.547s][info][gc,stats    ]   CMR: <total>                      154 us
[2.548s][info][gc,stats    ]   CMR: Thread Roots                  85 us, workers (us):  85,   0, ---, ---, ---, ---, ---, ---, 
[2.548s][info][gc,stats    ]   CMR: VM Strong Roots                5 us, workers (us):   5,   0, ---, ---, ---, ---, ---, ---, 
[2.548s][info][gc,stats    ]   CMR: CLDG Roots                    64 us, workers (us):  64, ---, ---, ---, ---, ---, ---, ---, 
[2.548s][info][gc,stats    ] Concurrent Marking                16502 us
[2.548s][info][gc,stats    ] Pause Final Mark (G)               9015 us
[2.548s][info][gc,stats    ] Pause Final Mark (N)               8922 us
[2.548s][info][gc,stats    ]   Finish Mark                      8563 us
[2.548s][info][gc,stats    ]   Update Region States               27 us
[2.548s][info][gc,stats    ]   Choose Collection Set             136 us
[2.548s][info][gc,stats    ]   Rebuild Free Set                   32 us
[2.548s][info][gc,stats    ] Concurrent Thread Roots             196 us, parallelism: 0.49x
[2.548s][info][gc,stats    ]   CTR: <total>                       96 us
[2.548s][info][gc,stats    ]   CTR: Thread Roots                  96 us, workers (us):  96,   0, ---, ---, ---, ---, ---, ---, 
[2.548s][info][gc,stats    ] Concurrent Weak References          242 us, parallelism: 0.41x
[2.548s][info][gc,stats    ]   CWRF: <total>                     100 us
[2.548s][info][gc,stats    ]   CWRF: Weak References             100 us, workers (us):  93,   7, ---, ---, ---, ---, ---, ---, 
[2.548s][info][gc,stats    ] Concurrent Weak Roots              4406 us
[2.548s][info][gc,stats    ]   Roots                             981 us, parallelism: 0.93x
[2.548s][info][gc,stats    ]     CWR: <total>                    910 us
[2.548s][info][gc,stats    ]     CWR: Code Cache Roots           468 us, workers (us): 468,   0, ---, ---, ---, ---, ---, ---, 
[2.548s][info][gc,stats    ]     CWR: VM Weak Roots              435 us, workers (us): 435,   0, ---, ---, ---, ---, ---, ---, 
[2.548s][info][gc,stats    ]     CWR: CLDG Roots                   7 us, workers (us):   7, ---, ---, ---, ---, ---, ---, ---, 
[2.548s][info][gc,stats    ]   Rendezvous                       3319 us
[2.548s][info][gc,stats    ] Concurrent Cleanup                  118 us
[2.548s][info][gc,stats    ] Concurrent Class Unloading        13189 us
[2.548s][info][gc,stats    ]   Unlink Stale                      965 us
[2.548s][info][gc,stats    ]     System Dictionary               121 us
[2.548s][info][gc,stats    ]     Weak Class Links                  0 us
[2.548s][info][gc,stats    ]     Code Roots                      842 us
[2.548s][info][gc,stats    ]   Rendezvous                      11998 us
[2.548s][info][gc,stats    ]   Purge Unlinked                     98 us
[2.548s][info][gc,stats    ]     Code Roots                       93 us
[2.548s][info][gc,stats    ]     CLDG                              5 us
[2.548s][info][gc,stats    ]     Exception Caches                  0 us
[2.548s][info][gc,stats    ] Concurrent Strong Roots             481 us, parallelism: 0.42x
[2.548s][info][gc,stats    ]   CSR: <total>                      203 us
[2.548s][info][gc,stats    ]   CSR: VM Strong Roots               10 us, workers (us):  10,   0, ---, ---, ---, ---, ---, ---, 
[2.548s][info][gc,stats    ]   CSR: CLDG Roots                   193 us, workers (us): 193, ---, ---, ---, ---, ---, ---, ---, 
[2.548s][info][gc,stats    ] Concurrent Evacuation              4101 us
[2.548s][info][gc,stats    ] Pause Init Update Refs (G)          130 us
[2.548s][info][gc,stats    ] Pause Init Update Refs (N)           43 us
[2.548s][info][gc,stats    ]   Manage GCLABs                       5 us
[2.548s][info][gc,stats    ] Concurrent Update Refs             2978 us
[2.548s][info][gc,stats    ] Concurrent Update Thread Roots      292 us
[2.548s][info][gc,stats    ] Pause Final Update Refs (G)         244 us
[2.548s][info][gc,stats    ] Pause Final Update Refs (N)         150 us
[2.548s][info][gc,stats    ]   Update Region States               20 us
[2.548s][info][gc,stats    ]   Trash Collection Set                3 us
[2.548s][info][gc,stats    ]   Rebuild Free Set                   19 us
[2.548s][info][gc,stats    ] Concurrent Cleanup                  114 us
[2.549s][info][gc,stats    ] 
[2.549s][info][gc,stats    ] Allocation pacing accrued:
[2.549s][info][gc,stats    ]       0 of    55 ms (  0.0%): <total>
[2.549s][info][gc,stats    ]       0 of    55 ms (  0.0%): <average total>
[2.549s][info][gc,stats    ] 
[2.549s][info][gc,metaspace] Metaspace: 10535K(10752K)->10694K(10944K) NonClass: 9484K(9600K)->9618K(9728K) Class: 1051K(1152K)->1075K(1216K)
[2.549s][info][gc,ergo     ] Pacer for Idle. Initial: 40642K, Alloc Tax Rate: 1.0x
[2.550s][info][gc          ] Trigger: Start next cycle immediately
[2.550s][info][gc,ergo     ] Free: 1870M, Max: 512K regular, 1867M humongous, Frag: 1% external, 0% internal; Reserve: 101888K, Max: 512K
[2.550s][info][gc,start    ] GC(128) Concurrent reset
[2.550s][info][gc,task     ] GC(128) Using 2 of 8 workers for concurrent reset
[2.550s][info][gc,ergo     ] GC(128) Pacer for Reset. Non-Taxable: 1984M
[2.550s][info][gc          ] GC(128) Concurrent reset 0.346ms
[2.550s][info][gc,start    ] GC(128) Pause Init Mark (unload classes)
[2.550s][info][gc,task     ] GC(128) Using 8 of 8 workers for init marking
[2.550s][info][gc,ergo     ] GC(128) Pacer for Mark. Expected Live: 11964K, Free: 1870M, Non-Taxable: 187M, Alloc Tax Rate: 0.0x
[2.550s][info][gc          ] GC(128) Pause Init Mark (unload classes) 0.059ms
[2.550s][info][gc,start    ] GC(128) Concurrent marking roots
[2.550s][info][gc,task     ] GC(128) Using 2 of 8 workers for concurrent marking roots
[2.551s][info][gc          ] GC(128) Concurrent marking roots 0.231ms
[2.551s][info][gc,start    ] GC(128) Concurrent marking (unload classes)
[2.551s][info][gc,task     ] GC(128) Using 2 of 8 workers for concurrent marking
[2.557s][info][gc          ] GC(128) Concurrent marking (unload classes) 6.008ms
[2.557s][info][gc,start    ] GC(128) Pause Final Mark (unload classes)
[2.557s][info][gc,task     ] GC(128) Using 8 of 8 workers for final marking
[2.560s][info][gc,ergo     ] GC(128) Collectable Garbage: 2335K (100%), Immediate: 512K (21%), CSet: 1823K (78%)
[2.560s][info][gc,ergo     ] GC(128) Pacer for Evacuation. Used CSet: 11771K, Free: 1870M, Non-Taxable: 187M, Alloc Tax Rate: 1.1x
[2.560s][info][gc          ] GC(128) Pause Final Mark (unload classes) 2.837ms
[2.560s][info][gc,start    ] GC(128) Concurrent thread roots
[2.560s][info][gc,task     ] GC(128) Using 2 of 8 workers for Concurrent thread roots
[2.560s][info][gc          ] GC(128) Concurrent thread roots 0.118ms
[2.560s][info][gc,start    ] GC(128) Concurrent weak references
[2.560s][info][gc,task     ] GC(128) Using 2 of 8 workers for concurrent weak references
[2.560s][info][gc,ref      ] GC(128) Encountered references: Soft: 3642, Weak: 1241, Final: 4, Phantom: 584
[2.560s][info][gc,ref      ] GC(128) Discovered  references: Soft: 0, Weak: 470, Final: 0, Phantom: 200
[2.560s][info][gc,ref      ] GC(128) Enqueued    references: Soft: 0, Weak: 9, Final: 0, Phantom: 2
[2.560s][info][gc          ] GC(128) Concurrent weak references 0.134ms
[2.560s][info][gc,start    ] GC(128) Concurrent weak roots
[2.560s][info][gc,task     ] GC(128) Using 2 of 8 workers for concurrent weak root
[2.561s][info][gc          ] GC(128) Concurrent weak roots 0.717ms
[2.561s][info][gc,start    ] GC(128) Concurrent cleanup
[2.561s][info][gc          ] GC(128) Concurrent cleanup 15M->15M(148M) 0.071ms
[2.561s][info][gc,ergo     ] GC(128) Free: 1869M, Max: 512K regular, 1867M humongous, Frag: 1% external, 0% internal; Reserve: 101371K, Max: 512K
[2.561s][info][gc,start    ] GC(128) Concurrent class unloading
[2.561s][info][gc,task     ] GC(128) Using 2 of 8 workers for concurrent class unloading
[2.562s][info][gc          ] GC(128) Concurrent class unloading 1.226ms
[2.562s][info][gc,start    ] GC(128) Concurrent strong roots
[2.562s][info][gc,task     ] GC(128) Using 2 of 8 workers for concurrent strong root
[2.562s][info][gc          ] GC(128) Concurrent strong roots 0.268ms
[2.563s][info][gc,start    ] GC(128) Concurrent evacuation
[2.563s][info][gc,task     ] GC(128) Using 2 of 8 workers for concurrent evacuation
[2.565s][info][gc          ] GC(128) Concurrent evacuation 2.125ms
[2.565s][info][gc,start    ] GC(128) Pause Init Update Refs
[2.565s][info][gc,ergo     ] GC(128) Pacer for Update Refs. Used: 26726K, Free: 1869M, Non-Taxable: 186M, Alloc Tax Rate: 1.1x
[2.565s][info][gc          ] GC(128) Pause Init Update Refs 0.037ms
[2.565s][info][gc,start    ] GC(128) Concurrent update references
[2.565s][info][gc,task     ] GC(128) Using 2 of 8 workers for concurrent reference update
[2.568s][info][gc          ] GC(128) Concurrent update references 2.621ms
[2.568s][info][gc,start    ] GC(128) Concurrent update thread roots
[2.568s][info][gc          ] GC(128) Concurrent update thread roots 0.162ms
[2.568s][info][gc,start    ] GC(128) Pause Final Update Refs
[2.568s][info][gc,task     ] GC(128) Using 8 of 8 workers for final reference update
[2.568s][info][gc          ] GC(128) Pause Final Update Refs 0.100ms
[2.568s][info][gc,start    ] GC(128) Concurrent cleanup
[2.568s][info][gc          ] GC(128) Concurrent cleanup 26M->14M(148M) 0.062ms
[2.568s][info][gc,ergo     ] Free: 1869M, Max: 512K regular, 1866M humongous, Frag: 1% external, 0% internal; Reserve: 101888K, Max: 512K
[2.568s][info][gc,stats    ] 
[2.568s][info][gc,stats    ] All times are wall-clock times, except per-root-class counters, that are sum over
[2.568s][info][gc,stats    ] all workers. Dividing the <total> over the root stage time estimates parallelism.
[2.568s][info][gc,stats    ] 
[2.568s][info][gc,stats    ] Concurrent Reset                    391 us
[2.568s][info][gc,stats    ] Pause Init Mark (G)                 155 us
[2.568s][info][gc,stats    ] Pause Init Mark (N)                  68 us
[2.568s][info][gc,stats    ]   Update Region States               18 us
[2.568s][info][gc,stats    ] Concurrent Mark Roots               247 us, parallelism: 0.54x
[2.568s][info][gc,stats    ]   CMR: <total>                      132 us
[2.568s][info][gc,stats    ]   CMR: Thread Roots                  50 us, workers (us):  50,   0, ---, ---, ---, ---, ---, ---, 
[2.568s][info][gc,stats    ]   CMR: VM Strong Roots                6 us, workers (us):   6,   0, ---, ---, ---, ---, ---, ---, 
[2.568s][info][gc,stats    ]   CMR: CLDG Roots                    77 us, workers (us):  77, ---, ---, ---, ---, ---, ---, ---, 
[2.568s][info][gc,stats    ] Concurrent Marking                 6062 us
[2.568s][info][gc,stats    ] Pause Final Mark (G)               2961 us
[2.568s][info][gc,stats    ] Pause Final Mark (N)               2870 us
[2.568s][info][gc,stats    ]   Finish Mark                      2627 us
[2.568s][info][gc,stats    ]   Update Region States               19 us
[2.568s][info][gc,stats    ]   Choose Collection Set              79 us
[2.569s][info][gc,stats    ]   Rebuild Free Set                   19 us
[2.569s][info][gc,stats    ] Concurrent Thread Roots             131 us, parallelism: 1.07x
[2.569s][info][gc,stats    ]   CTR: <total>                      140 us
[2.569s][info][gc,stats    ]   CTR: Thread Roots                 140 us, workers (us):  70,  70, ---, ---, ---, ---, ---, ---, 
[2.569s][info][gc,stats    ] Concurrent Weak References          143 us, parallelism: 0.42x
[2.569s][info][gc,stats    ]   CWRF: <total>                      60 us
[2.569s][info][gc,stats    ]   CWRF: Weak References              60 us, workers (us):  59,   1, ---, ---, ---, ---, ---, ---, 
[2.569s][info][gc,stats    ] Concurrent Weak Roots               770 us
[2.569s][info][gc,stats    ]   Roots                             599 us, parallelism: 1.80x
[2.569s][info][gc,stats    ]     CWR: <total>                   1079 us
[2.569s][info][gc,stats    ]     CWR: Code Cache Roots           519 us, workers (us): 181, 338, ---, ---, ---, ---, ---, ---, 
[2.569s][info][gc,stats    ]     CWR: VM Weak Roots              554 us, workers (us): 330, 224, ---, ---, ---, ---, ---, ---, 
[2.569s][info][gc,stats    ]     CWR: CLDG Roots                   7 us, workers (us): ---,   7, ---, ---, ---, ---, ---, ---, 
[2.569s][info][gc,stats    ]   Rendezvous                         99 us
[2.569s][info][gc,stats    ] Concurrent Cleanup                  109 us
[2.569s][info][gc,stats    ] Concurrent Class Unloading         1261 us
[2.569s][info][gc,stats    ]   Unlink Stale                      956 us
[2.569s][info][gc,stats    ]     System Dictionary                77 us
[2.569s][info][gc,stats    ]     Weak Class Links                  0 us
[2.569s][info][gc,stats    ]     Code Roots                      877 us
[2.569s][info][gc,stats    ]   Rendezvous                         99 us
[2.569s][info][gc,stats    ]   Purge Unlinked                     71 us
[2.569s][info][gc,stats    ]     Code Roots                       67 us
[2.569s][info][gc,stats    ]     CLDG                              4 us
[2.569s][info][gc,stats    ]     Exception Caches                  0 us
[2.569s][info][gc,stats    ] Concurrent Strong Roots             310 us, parallelism: 0.66x
[2.569s][info][gc,stats    ]   CSR: <total>                      203 us
[2.569s][info][gc,stats    ]   CSR: VM Strong Roots               10 us, workers (us):  10,   0, ---, ---, ---, ---, ---, ---, 
[2.569s][info][gc,stats    ]   CSR: CLDG Roots                   194 us, workers (us): 194, ---, ---, ---, ---, ---, ---, ---, 
[2.569s][info][gc,stats    ] Concurrent Evacuation              2183 us
[2.569s][info][gc,stats    ] Pause Init Update Refs (G)          207 us
[2.569s][info][gc,stats    ] Pause Init Update Refs (N)           47 us
[2.569s][info][gc,stats    ]   Manage GCLABs                       5 us
[2.569s][info][gc,stats    ] Concurrent Update Refs             2647 us
[2.569s][info][gc,stats    ] Concurrent Update Thread Roots      185 us
[2.569s][info][gc,stats    ] Pause Final Update Refs (G)         249 us
[2.569s][info][gc,stats    ] Pause Final Update Refs (N)         141 us
[2.569s][info][gc,stats    ]   Update Region States               17 us
[2.569s][info][gc,stats    ]   Trash Collection Set                3 us
[2.569s][info][gc,stats    ]   Rebuild Free Set                   17 us
[2.569s][info][gc,stats    ] Concurrent Cleanup                   72 us
[2.569s][info][gc,stats    ] 
[2.569s][info][gc,stats    ] Allocation pacing accrued:
[2.569s][info][gc,stats    ]       0 of    21 ms (  0.0%): <total>
[2.569s][info][gc,stats    ]       0 of    21 ms (  0.0%): <average total>
[2.569s][info][gc,stats    ] 
[2.569s][info][gc,metaspace] Metaspace: 10709K(10944K)->10714K(10944K) NonClass: 9632K(9728K)->9635K(9728K) Class: 1077K(1216K)->1078K(1216K)
[2.569s][info][gc,ergo     ] Pacer for Idle. Initial: 40642K, Alloc Tax Rate: 1.0x
[2.570s][info][gc          ] Trigger: Start next cycle immediately
[2.571s][info][gc,ergo     ] Free: 1869M, Max: 512K regular, 1866M humongous, Frag: 1% external, 0% internal; Reserve: 101888K, Max: 512K
[2.571s][info][gc,start    ] GC(129) Concurrent reset
[2.571s][info][gc,task     ] GC(129) Using 2 of 8 workers for concurrent reset
[2.571s][info][gc,ergo     ] GC(129) Pacer for Reset. Non-Taxable: 1984M
[2.571s][info][gc          ] GC(129) Concurrent reset 0.300ms
[2.571s][info][gc,start    ] GC(129) Pause Init Mark
[2.571s][info][gc,task     ] GC(129) Using 8 of 8 workers for init marking
[2.571s][info][gc,ergo     ] GC(129) Pacer for Mark. Expected Live: 12020K, Free: 1869M, Non-Taxable: 186M, Alloc Tax Rate: 0.0x
[2.571s][info][gc          ] GC(129) Pause Init Mark 0.054ms
[2.571s][info][gc,start    ] GC(129) Concurrent marking roots
[2.571s][info][gc,task     ] GC(129) Using 2 of 8 workers for concurrent marking roots
[2.572s][info][gc          ] GC(129) Concurrent marking roots 0.552ms
[2.572s][info][gc,start    ] GC(129) Concurrent marking
[2.572s][info][gc,task     ] GC(129) Using 2 of 8 workers for concurrent marking
[2.575s][info][gc          ] GC(129) Concurrent marking 2.879ms
[2.575s][info][gc,start    ] GC(129) Pause Final Mark
[2.575s][info][gc,task     ] GC(129) Using 8 of 8 workers for final marking
[2.578s][info][gc,ergo     ] GC(129) Collectable Garbage: 2827K (100%), Immediate: 0B (0%), CSet: 2827K (100%)
[2.578s][info][gc,ergo     ] GC(129) Pacer for Evacuation. Used CSet: 12776K, Free: 1869M, Non-Taxable: 186M, Alloc Tax Rate: 1.1x
[2.578s][info][gc          ] GC(129) Pause Final Mark 3.051ms
[2.578s][info][gc,start    ] GC(129) Concurrent thread roots
[2.578s][info][gc,task     ] GC(129) Using 2 of 8 workers for Concurrent thread roots
[2.578s][info][gc          ] GC(129) Concurrent thread roots 0.078ms
[2.578s][info][gc,start    ] GC(129) Concurrent weak references
[2.578s][info][gc,task     ] GC(129) Using 2 of 8 workers for concurrent weak references
[2.578s][info][gc,ref      ] GC(129) Encountered references: Soft: 3642, Weak: 1232, Final: 4, Phantom: 582
[2.578s][info][gc,ref      ] GC(129) Discovered  references: Soft: 0, Weak: 508, Final: 1, Phantom: 579
[2.578s][info][gc,ref      ] GC(129) Enqueued    references: Soft: 0, Weak: 0, Final: 0, Phantom: 0
[2.578s][info][gc          ] GC(129) Concurrent weak references 0.145ms
[2.578s][info][gc,start    ] GC(129) Concurrent weak roots
[2.578s][info][gc,task     ] GC(129) Using 2 of 8 workers for concurrent weak root
[2.578s][info][gc          ] GC(129) Concurrent weak roots 0.372ms
[2.578s][info][gc,start    ] GC(129) Concurrent cleanup
[2.579s][info][gc          ] GC(129) Concurrent cleanup 15M->15M(148M) 0.084ms
[2.579s][info][gc,ergo     ] GC(129) Free: 1869M, Max: 512K regular, 1866M humongous, Frag: 1% external, 0% internal; Reserve: 101182K, Max: 512K
[2.579s][info][gc,start    ] GC(129) Concurrent strong roots
[2.579s][info][gc,task     ] GC(129) Using 2 of 8 workers for concurrent strong root
[2.579s][info][gc          ] GC(129) Concurrent strong roots 0.562ms
[2.579s][info][gc,start    ] GC(129) Concurrent evacuation
[2.579s][info][gc,task     ] GC(129) Using 2 of 8 workers for concurrent evacuation
[2.582s][info][gc          ] GC(129) Concurrent evacuation 2.425ms
[2.582s][info][gc,start    ] GC(129) Pause Init Update Refs
[2.582s][info][gc,ergo     ] GC(129) Pacer for Update Refs. Used: 27750K, Free: 1868M, Non-Taxable: 186M, Alloc Tax Rate: 1.1x
[2.582s][info][gc          ] GC(129) Pause Init Update Refs 0.032ms
[2.582s][info][gc,start    ] GC(129) Concurrent update references
[2.582s][info][gc,task     ] GC(129) Using 2 of 8 workers for concurrent reference update
[2.584s][info][gc          ] GC(129) Concurrent update references 2.538ms
[2.584s][info][gc,start    ] GC(129) Concurrent update thread roots
[2.585s][info][gc          ] GC(129) Concurrent update thread roots 0.145ms
[2.585s][info][gc,start    ] GC(129) Pause Final Update Refs
[2.585s][info][gc,task     ] GC(129) Using 8 of 8 workers for final reference update
[2.585s][info][gc          ] GC(129) Pause Final Update Refs 0.077ms
[2.585s][info][gc,start    ] GC(129) Concurrent cleanup
[2.585s][info][gc          ] GC(129) Concurrent cleanup 27M->14M(148M) 0.061ms
[2.585s][info][gc,ergo     ] Free: 1869M, Max: 512K regular, 1866M humongous, Frag: 1% external, 0% internal; Reserve: 101888K, Max: 512K
[2.585s][info][gc,stats    ] 
[2.585s][info][gc,stats    ] All times are wall-clock times, except per-root-class counters, that are sum over
[2.585s][info][gc,stats    ] all workers. Dividing the <total> over the root stage time estimates parallelism.
[2.585s][info][gc,stats    ] 
[2.585s][info][gc,stats    ] Concurrent Reset                    341 us
[2.585s][info][gc,stats    ] Pause Init Mark (G)                 148 us
[2.585s][info][gc,stats    ] Pause Init Mark (N)                  63 us
[2.585s][info][gc,stats    ]   Update Region States               16 us
[2.585s][info][gc,stats    ] Concurrent Mark Roots               603 us, parallelism: 1.45x
[2.585s][info][gc,stats    ]   CMR: <total>                      875 us
[2.585s][info][gc,stats    ]   CMR: Thread Roots                  52 us, workers (us):  13,  39, ---, ---, ---, ---, ---, ---, 
[2.585s][info][gc,stats    ]   CMR: Code Cache Roots             689 us, workers (us): 423, 266, ---, ---, ---, ---, ---, ---, 
[2.585s][info][gc,stats    ]   CMR: VM Strong Roots                7 us, workers (us):   5,   2, ---, ---, ---, ---, ---, ---, 
[2.585s][info][gc,stats    ]   CMR: CLDG Roots                   126 us, workers (us): ---, 126, ---, ---, ---, ---, ---, ---, 
[2.585s][info][gc,stats    ] Concurrent Marking                 2941 us
[2.585s][info][gc,stats    ] Pause Final Mark (G)               3099 us
[2.586s][info][gc,stats    ] Pause Final Mark (N)               3079 us
[2.586s][info][gc,stats    ]   Finish Mark                      2856 us
[2.586s][info][gc,stats    ]   Update Region States               16 us
[2.586s][info][gc,stats    ]   Choose Collection Set              51 us
[2.586s][info][gc,stats    ]   Rebuild Free Set                   17 us
[2.586s][info][gc,stats    ] Concurrent Thread Roots              91 us, parallelism: 0.76x
[2.586s][info][gc,stats    ]   CTR: <total>                       69 us
[2.586s][info][gc,stats    ]   CTR: Thread Roots                  69 us, workers (us):  40,  29, ---, ---, ---, ---, ---, ---, 
[2.586s][info][gc,stats    ] Concurrent Weak References          154 us, parallelism: 0.56x
[2.586s][info][gc,stats    ]   CWRF: <total>                      86 us
[2.586s][info][gc,stats    ]   CWRF: Weak References              86 us, workers (us):  78,   8, ---, ---, ---, ---, ---, ---, 
[2.586s][info][gc,stats    ] Concurrent Weak Roots               425 us
[2.586s][info][gc,stats    ]   Roots                             244 us, parallelism: 1.77x
[2.586s][info][gc,stats    ]     CWR: <total>                    432 us
[2.586s][info][gc,stats    ]     CWR: VM Weak Roots              432 us, workers (us): 218, 214, ---, ---, ---, ---, ---, ---, 
[2.586s][info][gc,stats    ]   Rendezvous                        108 us
[2.586s][info][gc,stats    ] Concurrent Cleanup                  122 us
[2.586s][info][gc,stats    ] Concurrent Strong Roots             619 us, parallelism: 1.47x
[2.586s][info][gc,stats    ]   CSR: <total>                      908 us
[2.586s][info][gc,stats    ]   CSR: Code Cache Roots             714 us, workers (us): 463, 251, ---, ---, ---, ---, ---, ---, 
[2.586s][info][gc,stats    ]   CSR: VM Strong Roots               12 us, workers (us):   7,   5, ---, ---, ---, ---, ---, ---, 
[2.586s][info][gc,stats    ]   CSR: CLDG Roots                   182 us, workers (us): ---, 182, ---, ---, ---, ---, ---, ---, 
[2.586s][info][gc,stats    ] Concurrent Evacuation              2493 us
[2.586s][info][gc,stats    ] Pause Init Update Refs (G)          153 us
[2.586s][info][gc,stats    ] Pause Init Update Refs (N)           42 us
[2.586s][info][gc,stats    ]   Manage GCLABs                       4 us
[2.586s][info][gc,stats    ] Concurrent Update Refs             2600 us
[2.586s][info][gc,stats    ] Concurrent Update Thread Roots      160 us
[2.586s][info][gc,stats    ] Pause Final Update Refs (G)         177 us
[2.586s][info][gc,stats    ] Pause Final Update Refs (N)          89 us
[2.586s][info][gc,stats    ]   Update Region States               17 us
[2.586s][info][gc,stats    ]   Trash Collection Set                3 us
[2.586s][info][gc,stats    ]   Rebuild Free Set                   18 us
[2.586s][info][gc,stats    ] Concurrent Cleanup                  110 us
[2.586s][info][gc,stats    ] 
[2.586s][info][gc,stats    ] Allocation pacing accrued:
[2.586s][info][gc,stats    ]       0 of    17 ms (  0.0%): <total>
[2.586s][info][gc,stats    ]       0 of    17 ms (  0.0%): <average total>
[2.586s][info][gc,stats    ] 
[2.586s][info][gc,metaspace] Metaspace: 10719K(10944K)->10799K(11008K) NonClass: 9640K(9728K)->9715K(9792K) Class: 1078K(1216K)->1083K(1216K)
[2.586s][info][gc,ergo     ] Pacer for Idle. Initial: 40642K, Alloc Tax Rate: 1.0x
[2.587s][info][gc          ] Trigger: Start next cycle immediately
[2.587s][info][gc,ergo     ] Free: 1869M, Max: 512K regular, 1866M humongous, Frag: 1% external, 0% internal; Reserve: 101888K, Max: 512K
[2.587s][info][gc,start    ] GC(130) Concurrent reset
[2.587s][info][gc,task     ] GC(130) Using 2 of 8 workers for concurrent reset
[2.587s][info][gc,ergo     ] GC(130) Pacer for Reset. Non-Taxable: 1984M
[2.587s][info][gc          ] GC(130) Concurrent reset 0.249ms
[2.587s][info][gc,start    ] GC(130) Pause Init Mark (unload classes)
[2.588s][info][gc,task     ] GC(130) Using 8 of 8 workers for init marking
[2.588s][info][gc,ergo     ] GC(130) Pacer for Mark. Expected Live: 12075K, Free: 1869M, Non-Taxable: 186M, Alloc Tax Rate: 0.0x
[2.588s][info][gc          ] GC(130) Pause Init Mark (unload classes) 0.065ms
[2.588s][info][gc,start    ] GC(130) Concurrent marking roots
[2.588s][info][gc,task     ] GC(130) Using 2 of 8 workers for concurrent marking roots
[2.588s][info][gc          ] GC(130) Concurrent marking roots 0.283ms
[2.588s][info][gc,start    ] GC(130) Concurrent marking (unload classes)
[2.588s][info][gc,task     ] GC(130) Using 2 of 8 workers for concurrent marking
[2.602s][info][gc          ] GC(130) Concurrent marking (unload classes) 13.717ms
[2.602s][info][gc,start    ] GC(130) Pause Final Mark (unload classes)
[2.602s][info][gc,task     ] GC(130) Using 8 of 8 workers for final marking
[2.604s][info][gc,ergo     ] GC(130) Collectable Garbage: 2810K (100%), Immediate: 0B (0%), CSet: 2810K (100%)
[2.604s][info][gc,ergo     ] GC(130) Pacer for Evacuation. Used CSet: 12800K, Free: 1868M, Non-Taxable: 186M, Alloc Tax Rate: 1.1x
[2.604s][info][gc          ] GC(130) Pause Final Mark (unload classes) 2.071ms
[2.604s][info][gc,start    ] GC(130) Concurrent thread roots
[2.604s][info][gc,task     ] GC(130) Using 2 of 8 workers for Concurrent thread roots
[2.604s][info][gc          ] GC(130) Concurrent thread roots 0.308ms
[2.604s][info][gc,start    ] GC(130) Concurrent weak references
[2.604s][info][gc,task     ] GC(130) Using 2 of 8 workers for concurrent weak references
[2.604s][info][gc,ref      ] GC(130) Encountered references: Soft: 3643, Weak: 1232, Final: 4, Phantom: 582
[2.604s][info][gc,ref      ] GC(130) Discovered  references: Soft: 0, Weak: 469, Final: 0, Phantom: 580
[2.604s][info][gc,ref      ] GC(130) Enqueued    references: Soft: 0, Weak: 0, Final: 0, Phantom: 0
[2.604s][info][gc          ] GC(130) Concurrent weak references 0.225ms
[2.604s][info][gc,start    ] GC(130) Concurrent weak roots
[2.604s][info][gc,task     ] GC(130) Using 2 of 8 workers for concurrent weak root
[2.608s][info][gc          ] GC(130) Concurrent weak roots 3.767ms
[2.608s][info][gc,start    ] GC(130) Concurrent cleanup
[2.608s][info][gc          ] GC(130) Concurrent cleanup 16M->16M(148M) 0.097ms
[2.608s][info][gc,ergo     ] GC(130) Free: 1868M, Max: 512K regular, 1866M humongous, Frag: 1% external, 0% internal; Reserve: 101404K, Max: 512K
[2.608s][info][gc,start    ] GC(130) Concurrent class unloading
[2.609s][info][gc,task     ] GC(130) Using 2 of 8 workers for concurrent class unloading
[2.616s][info][gc          ] GC(130) Concurrent class unloading 7.322ms
[2.616s][info][gc,start    ] GC(130) Concurrent strong roots
[2.616s][info][gc,task     ] GC(130) Using 2 of 8 workers for concurrent strong root
[2.616s][info][gc          ] GC(130) Concurrent strong roots 0.347ms
[2.616s][info][gc,start    ] GC(130) Concurrent evacuation
[2.616s][info][gc,task     ] GC(130) Using 2 of 8 workers for concurrent evacuation
[2.622s][info][gc          ] GC(130) Concurrent evacuation 5.704ms
[2.634s][info][gc,start    ] GC(130) Pause Init Update Refs
[2.634s][info][gc,ergo     ] GC(130) Pacer for Update Refs. Used: 27774K, Free: 1868M, Non-Taxable: 186M, Alloc Tax Rate: 1.1x
[2.634s][info][gc          ] GC(130) Pause Init Update Refs 0.160ms
[2.634s][info][gc,start    ] GC(130) Concurrent update references
[2.634s][info][gc,task     ] GC(130) Using 2 of 8 workers for concurrent reference update
[2.637s][info][gc          ] GC(130) Concurrent update references 3.260ms
[2.637s][info][gc,start    ] GC(130) Concurrent update thread roots
[2.638s][info][gc          ] GC(130) Concurrent update thread roots 0.318ms
[2.638s][info][gc,start    ] GC(130) Pause Final Update Refs
[2.638s][info][gc,task     ] GC(130) Using 8 of 8 workers for final reference update
[2.638s][info][gc          ] GC(130) Pause Final Update Refs 0.145ms
[2.638s][info][gc,start    ] GC(130) Concurrent cleanup
[2.638s][info][gc          ] GC(130) Concurrent cleanup 27M->14M(148M) 0.079ms
[2.638s][info][gc,ergo     ] Free: 1869M, Max: 512K regular, 1866M humongous, Frag: 1% external, 0% internal; Reserve: 101888K, Max: 512K
[2.638s][info][gc,stats    ] 
[2.638s][info][gc,stats    ] All times are wall-clock times, except per-root-class counters, that are sum over
[2.638s][info][gc,stats    ] all workers. Dividing the <total> over the root stage time estimates parallelism.
[2.638s][info][gc,stats    ] 
[2.638s][info][gc,stats    ] Concurrent Reset                    261 us
[2.638s][info][gc,stats    ] Pause Init Mark (G)                 185 us
[2.638s][info][gc,stats    ] Pause Init Mark (N)                  72 us
[2.638s][info][gc,stats    ]   Update Region States               17 us
[2.638s][info][gc,stats    ] Concurrent Mark Roots               298 us, parallelism: 1.10x
[2.638s][info][gc,stats    ]   CMR: <total>                      327 us
[2.638s][info][gc,stats    ]   CMR: Thread Roots                 253 us, workers (us):  37, 217, ---, ---, ---, ---, ---, ---, 
[2.638s][info][gc,stats    ]   CMR: VM Strong Roots                5 us, workers (us):   5,   0, ---, ---, ---, ---, ---, ---, 
[2.639s][info][gc,stats    ]   CMR: CLDG Roots                    68 us, workers (us):  68, ---, ---, ---, ---, ---, ---, ---, 
[2.639s][info][gc,stats    ] Concurrent Marking                13778 us
[2.639s][info][gc,stats    ] Pause Final Mark (G)               2206 us
[2.639s][info][gc,stats    ] Pause Final Mark (N)               2105 us
[2.639s][info][gc,stats    ]   Finish Mark                      1801 us
[2.639s][info][gc,stats    ]   Update Region States               24 us
[2.639s][info][gc,stats    ]   Choose Collection Set              96 us
[2.639s][info][gc,stats    ]   Rebuild Free Set                   35 us
[2.639s][info][gc,stats    ] Concurrent Thread Roots             351 us, parallelism: 0.74x
[2.639s][info][gc,stats    ]   CTR: <total>                      260 us
[2.639s][info][gc,stats    ]   CTR: Thread Roots                 260 us, workers (us): 260,   0, ---, ---, ---, ---, ---, ---, 
[2.639s][info][gc,stats    ] Concurrent Weak References          249 us, parallelism: 0.40x
[2.639s][info][gc,stats    ]   CWRF: <total>                     100 us
[2.639s][info][gc,stats    ]   CWRF: Weak References             100 us, workers (us):  97,   4, ---, ---, ---, ---, ---, ---, 
[2.639s][info][gc,stats    ] Concurrent Weak Roots              3830 us
[2.639s][info][gc,stats    ]   Roots                             514 us, parallelism: 1.83x
[2.639s][info][gc,stats    ]     CWR: <total>                    941 us
[2.639s][info][gc,stats    ]     CWR: Code Cache Roots           503 us, workers (us): 255, 247, ---, ---, ---, ---, ---, ---, 
[2.639s][info][gc,stats    ]     CWR: VM Weak Roots              433 us, workers (us): 223, 210, ---, ---, ---, ---, ---, ---, 
[2.639s][info][gc,stats    ]     CWR: CLDG Roots                   5 us, workers (us): ---,   5, ---, ---, ---, ---, ---, ---, 
[2.639s][info][gc,stats    ]   Rendezvous                       3217 us
[2.639s][info][gc,stats    ] Concurrent Cleanup                  137 us
[2.639s][info][gc,stats    ] Concurrent Class Unloading         7459 us
[2.639s][info][gc,stats    ]   Unlink Stale                     1849 us
[2.639s][info][gc,stats    ]     System Dictionary               140 us
[2.639s][info][gc,stats    ]     Weak Class Links                  0 us
[2.639s][info][gc,stats    ]     Code Roots                     1708 us
[2.639s][info][gc,stats    ]   Rendezvous                       5395 us
[2.639s][info][gc,stats    ]   Purge Unlinked                      8 us
[2.639s][info][gc,stats    ]     Code Roots                        2 us
[2.639s][info][gc,stats    ]     CLDG                              6 us
[2.639s][info][gc,stats    ]     Exception Caches                  0 us
[2.639s][info][gc,stats    ] Concurrent Strong Roots             369 us, parallelism: 0.59x
[2.639s][info][gc,stats    ]   CSR: <total>                      219 us
[2.639s][info][gc,stats    ]   CSR: VM Strong Roots               15 us, workers (us):   7,   8, ---, ---, ---, ---, ---, ---, 
[2.639s][info][gc,stats    ]   CSR: CLDG Roots                   205 us, workers (us): 205, ---, ---, ---, ---, ---, ---, ---, 
[2.639s][info][gc,stats    ] Concurrent Evacuation              5745 us
[2.639s][info][gc,stats    ] Pause Init Update Refs (G)        11992 us
[2.639s][info][gc,stats    ] Pause Init Update Refs (N)          186 us
[2.639s][info][gc,stats    ]   Manage GCLABs                       8 us
[2.639s][info][gc,stats    ] Concurrent Update Refs             3330 us
[2.639s][info][gc,stats    ] Concurrent Update Thread Roots      338 us
[2.639s][info][gc,stats    ] Pause Final Update Refs (G)         299 us
[2.639s][info][gc,stats    ] Pause Final Update Refs (N)         194 us
[2.639s][info][gc,stats    ]   Update Region States               32 us
[2.639s][info][gc,stats    ]   Trash Collection Set                3 us
[2.639s][info][gc,stats    ]   Rebuild Free Set                   25 us
[2.639s][info][gc,stats    ] Concurrent Cleanup                   90 us
[2.639s][info][gc,stats    ] 
[2.639s][info][gc,stats    ] Allocation pacing accrued:
[2.639s][info][gc,stats    ]       0 of    53 ms (  0.0%): <total>
[2.639s][info][gc,stats    ]       0 of    53 ms (  0.0%): <average total>
[2.639s][info][gc,stats    ] 
[2.640s][info][gc,metaspace] Metaspace: 10807K(11072K)->10923K(11136K) NonClass: 9721K(9856K)->9824K(9920K) Class: 1086K(1216K)->1099K(1216K)
[2.640s][info][gc,ergo     ] Pacer for Idle. Initial: 40642K, Alloc Tax Rate: 1.0x
[2.641s][info][gc          ] Trigger: Start next cycle immediately
[2.641s][info][gc,ergo     ] Free: 1869M, Max: 512K regular, 1866M humongous, Frag: 1% external, 0% internal; Reserve: 101888K, Max: 512K
[2.641s][info][gc,start    ] GC(131) Concurrent reset
[2.641s][info][gc,task     ] GC(131) Using 2 of 8 workers for concurrent reset
[2.641s][info][gc,ergo     ] GC(131) Pacer for Reset. Non-Taxable: 1984M
[2.641s][info][gc          ] GC(131) Concurrent reset 0.374ms
[2.650s][info][gc,start    ] GC(131) Pause Init Mark
[2.650s][info][gc,task     ] GC(131) Using 8 of 8 workers for init marking
[2.650s][info][gc,ergo     ] GC(131) Pacer for Mark. Expected Live: 12134K, Free: 1869M, Non-Taxable: 186M, Alloc Tax Rate: 0.0x
[2.650s][info][gc          ] GC(131) Pause Init Mark 0.203ms
[2.650s][info][gc,start    ] GC(131) Concurrent marking roots
[2.650s][info][gc,task     ] GC(131) Using 2 of 8 workers for concurrent marking roots
[2.651s][info][gc          ] GC(131) Concurrent marking roots 1.257ms
[2.651s][info][gc,start    ] GC(131) Concurrent marking
[2.651s][info][gc,task     ] GC(131) Using 2 of 8 workers for concurrent marking
[2.659s][info][gc          ] GC(131) Concurrent marking 7.826ms
[2.659s][info][gc,start    ] GC(131) Pause Final Mark
[2.659s][info][gc,task     ] GC(131) Using 8 of 8 workers for final marking
[2.659s][info][gc,ergo     ] GC(131) Collectable Garbage: 2745K (100%), Immediate: 0B (0%), CSet: 2745K (100%)
[2.659s][info][gc,ergo     ] GC(131) Pacer for Evacuation. Used CSet: 12800K, Free: 1869M, Non-Taxable: 186M, Alloc Tax Rate: 1.1x
[2.659s][info][gc          ] GC(131) Pause Final Mark 0.223ms
[2.659s][info][gc,start    ] GC(131) Concurrent thread roots
[2.659s][info][gc,task     ] GC(131) Using 2 of 8 workers for Concurrent thread roots
[2.660s][info][gc          ] GC(131) Concurrent thread roots 0.203ms
[2.660s][info][gc,start    ] GC(131) Concurrent weak references
[2.660s][info][gc,task     ] GC(131) Using 2 of 8 workers for concurrent weak references
[2.660s][info][gc,ref      ] GC(131) Encountered references: Soft: 3650, Weak: 1245, Final: 4, Phantom: 584
[2.660s][info][gc,ref      ] GC(131) Discovered  references: Soft: 0, Weak: 445, Final: 1, Phantom: 454
[2.660s][info][gc,ref      ] GC(131) Enqueued    references: Soft: 0, Weak: 8, Final: 0, Phantom: 2
[2.660s][info][gc          ] GC(131) Concurrent weak references 0.134ms
[2.660s][info][gc,start    ] GC(131) Concurrent weak roots
[2.660s][info][gc,task     ] GC(131) Using 2 of 8 workers for concurrent weak root
[2.660s][info][gc          ] GC(131) Concurrent weak roots 0.401ms
[2.660s][info][gc,start    ] GC(131) Concurrent cleanup
[2.660s][info][gc          ] GC(131) Concurrent cleanup 16M->16M(148M) 0.101ms
[2.660s][info][gc,ergo     ] GC(131) Free: 1868M, Max: 512K regular, 1866M humongous, Frag: 1% external, 0% internal; Reserve: 101414K, Max: 512K
[2.660s][info][gc,start    ] GC(131) Concurrent strong roots
[2.660s][info][gc,task     ] GC(131) Using 2 of 8 workers for concurrent strong root
[2.661s][info][gc          ] GC(131) Concurrent strong roots 0.833ms
[2.661s][info][gc,start    ] GC(131) Concurrent evacuation
[2.661s][info][gc,task     ] GC(131) Using 2 of 8 workers for concurrent evacuation
[2.663s][info][gc          ] GC(131) Concurrent evacuation 2.097ms
[2.663s][info][gc,start    ] GC(131) Pause Init Update Refs
[2.664s][info][gc,ergo     ] GC(131) Pacer for Update Refs. Used: 27266K, Free: 1868M, Non-Taxable: 186M, Alloc Tax Rate: 1.1x
[2.664s][info][gc          ] GC(131) Pause Init Update Refs 0.058ms
[2.664s][info][gc,start    ] GC(131) Concurrent update references
[2.664s][info][gc,task     ] GC(131) Using 2 of 8 workers for concurrent reference update
[2.666s][info][gc          ] GC(131) Concurrent update references 2.465ms
[2.666s][info][gc,start    ] GC(131) Concurrent update thread roots
[2.671s][info][gc          ] GC(131) Concurrent update thread roots 4.531ms
[2.672s][info][gc,start    ] GC(131) Pause Final Update Refs
[2.673s][info][gc,task     ] GC(131) Using 8 of 8 workers for final reference update
[2.673s][info][gc          ] GC(131) Pause Final Update Refs 0.137ms
[2.673s][info][gc,start    ] GC(131) Concurrent cleanup
[2.673s][info][gc          ] GC(131) Concurrent cleanup 26M->14M(148M) 0.061ms
[2.673s][info][gc,ergo     ] Free: 1870M, Max: 512K regular, 1866M humongous, Frag: 1% external, 0% internal; Reserve: 101888K, Max: 512K
[2.673s][info][gc,stats    ] 
[2.673s][info][gc,stats    ] All times are wall-clock times, except per-root-class counters, that are sum over
[2.673s][info][gc,stats    ] all workers. Dividing the <total> over the root stage time estimates parallelism.
[2.673s][info][gc,stats    ] 
[2.673s][info][gc,stats    ] Concurrent Reset                    406 us
[2.673s][info][gc,stats    ] Pause Init Mark (G)                8554 us
[2.673s][info][gc,stats    ] Pause Init Mark (N)                 258 us
[2.673s][info][gc,stats    ]   Update Region States               41 us
[2.673s][info][gc,stats    ] Concurrent Mark Roots              1330 us, parallelism: 0.73x
[2.673s][info][gc,stats    ]   CMR: <total>                      977 us
[2.673s][info][gc,stats    ]   CMR: Thread Roots                  57 us, workers (us):  57,   0, ---, ---, ---, ---, ---, ---, 
[2.673s][info][gc,stats    ]   CMR: Code Cache Roots             799 us, workers (us): 799,   0, ---, ---, ---, ---, ---, ---, 
[2.673s][info][gc,stats    ]   CMR: VM Strong Roots                7 us, workers (us):   7,   0, ---, ---, ---, ---, ---, ---, 
[2.673s][info][gc,stats    ]   CMR: CLDG Roots                   115 us, workers (us): 115, ---, ---, ---, ---, ---, ---, ---, 
[2.673s][info][gc,stats    ] Concurrent Marking                 7850 us
[2.673s][info][gc,stats    ] Pause Final Mark (G)                328 us
[2.673s][info][gc,stats    ] Pause Final Mark (N)                233 us
[2.673s][info][gc,stats    ]   Finish Mark                        99 us
[2.673s][info][gc,stats    ]   Update Region States               22 us
[2.673s][info][gc,stats    ]   Choose Collection Set              45 us
[2.673s][info][gc,stats    ]   Rebuild Free Set                   16 us
[2.673s][info][gc,stats    ] Concurrent Thread Roots             219 us, parallelism: 1.02x
[2.673s][info][gc,stats    ]   CTR: <total>                      223 us
[2.673s][info][gc,stats    ]   CTR: Thread Roots                 223 us, workers (us): 168,  55, ---, ---, ---, ---, ---, ---, 
[2.673s][info][gc,stats    ] Concurrent Weak References          144 us, parallelism: 0.55x
[2.673s][info][gc,stats    ]   CWRF: <total>                      79 us
[2.673s][info][gc,stats    ]   CWRF: Weak References              79 us, workers (us):  68,  11, ---, ---, ---, ---, ---, ---, 
[2.674s][info][gc,stats    ] Concurrent Weak Roots               421 us
[2.674s][info][gc,stats    ]   Roots                             284 us, parallelism: 1.52x
[2.674s][info][gc,stats    ]     CWR: <total>                    430 us
[2.674s][info][gc,stats    ]     CWR: VM Weak Roots              430 us, workers (us): 236, 194, ---, ---, ---, ---, ---, ---, 
[2.674s][info][gc,stats    ]   Rendezvous                         98 us
[2.674s][info][gc,stats    ] Concurrent Cleanup                  142 us
[2.674s][info][gc,stats    ] Concurrent Strong Roots             896 us, parallelism: 1.14x
[2.674s][info][gc,stats    ]   CSR: <total>                     1018 us
[2.674s][info][gc,stats    ]   CSR: Code Cache Roots             828 us, workers (us): 538, 290, ---, ---, ---, ---, ---, ---, 
[2.674s][info][gc,stats    ]   CSR: VM Strong Roots               12 us, workers (us):  11,   0, ---, ---, ---, ---, ---, ---, 
[2.674s][info][gc,stats    ]   CSR: CLDG Roots                   178 us, workers (us): 178, ---, ---, ---, ---, ---, ---, ---, 
[2.674s][info][gc,stats    ] Concurrent Evacuation              2161 us
[2.674s][info][gc,stats    ] Pause Init Update Refs (G)          175 us
[2.674s][info][gc,stats    ] Pause Init Update Refs (N)           69 us
[2.674s][info][gc,stats    ]   Manage GCLABs                       4 us
[2.674s][info][gc,stats    ] Concurrent Update Refs             2490 us
[2.674s][info][gc,stats    ] Concurrent Update Thread Roots     4591 us
[2.674s][info][gc,stats    ] Pause Final Update Refs (G)        2024 us
[2.674s][info][gc,stats    ] Pause Final Update Refs (N)         167 us
[2.674s][info][gc,stats    ]   Update Region States               16 us
[2.674s][info][gc,stats    ]   Trash Collection Set                2 us
[2.674s][info][gc,stats    ]   Rebuild Free Set                   18 us
[2.674s][info][gc,stats    ] Concurrent Cleanup                   72 us
[2.674s][info][gc,stats    ] 
[2.674s][info][gc,stats    ] Allocation pacing accrued:
[2.674s][info][gc,stats    ]       0 of    35 ms (  0.0%): <total>
[2.674s][info][gc,stats    ]       0 of    35 ms (  0.0%): <average total>
[2.674s][info][gc,stats    ] 
[2.674s][info][gc,metaspace] Metaspace: 10923K(11136K)->11024K(11328K) NonClass: 9824K(9920K)->9917K(10112K) Class: 1099K(1216K)->1106K(1216K)
[2.674s][info][gc,ergo     ] Pacer for Idle. Initial: 40642K, Alloc Tax Rate: 1.0x
[2.675s][info][gc          ] Trigger: Start next cycle immediately
[2.675s][info][gc,ergo     ] Free: 1870M, Max: 512K regular, 1866M humongous, Frag: 1% external, 0% internal; Reserve: 101888K, Max: 512K
[2.675s][info][gc,start    ] GC(132) Concurrent reset
[2.675s][info][gc,task     ] GC(132) Using 2 of 8 workers for concurrent reset
[2.675s][info][gc,ergo     ] GC(132) Pacer for Reset. Non-Taxable: 1984M
[2.676s][info][gc          ] GC(132) Concurrent reset 0.305ms
[2.676s][info][gc,start    ] GC(132) Pause Init Mark
[2.676s][info][gc,task     ] GC(132) Using 8 of 8 workers for init marking
[2.676s][info][gc,ergo     ] GC(132) Pacer for Mark. Expected Live: 12145K, Free: 1870M, Non-Taxable: 187M, Alloc Tax Rate: 0.0x
[2.676s][info][gc          ] GC(132) Pause Init Mark 0.054ms
[2.676s][info][gc,start    ] GC(132) Concurrent marking roots
[2.676s][info][gc,task     ] GC(132) Using 2 of 8 workers for concurrent marking roots
[2.677s][info][gc          ] GC(132) Concurrent marking roots 1.007ms
[2.677s][info][gc,start    ] GC(132) Concurrent marking
[2.677s][info][gc,task     ] GC(132) Using 2 of 8 workers for concurrent marking
[2.682s][info][gc          ] GC(132) Concurrent marking 4.861ms
[2.682s][info][gc,start    ] GC(132) Pause Final Mark
[2.682s][info][gc,task     ] GC(132) Using 8 of 8 workers for final marking
[2.682s][info][gc,ergo     ] GC(132) Collectable Garbage: 2161K (100%), Immediate: 0B (0%), CSet: 2161K (100%)
[2.682s][info][gc,ergo     ] GC(132) Pacer for Evacuation. Used CSet: 12288K, Free: 1869M, Non-Taxable: 186M, Alloc Tax Rate: 1.1x
[2.682s][info][gc          ] GC(132) Pause Final Mark 0.180ms
[2.682s][info][gc,start    ] GC(132) Concurrent thread roots
[2.682s][info][gc,task     ] GC(132) Using 2 of 8 workers for Concurrent thread roots
[2.682s][info][gc          ] GC(132) Concurrent thread roots 0.171ms
[2.682s][info][gc,start    ] GC(132) Concurrent weak references
[2.682s][info][gc,task     ] GC(132) Using 2 of 8 workers for concurrent weak references
[2.682s][info][gc,ref      ] GC(132) Encountered references: Soft: 3659, Weak: 1269, Final: 4, Phantom: 583
[2.682s][info][gc,ref      ] GC(132) Discovered  references: Soft: 0, Weak: 435, Final: 0, Phantom: 205
[2.682s][info][gc,ref      ] GC(132) Enqueued    references: Soft: 0, Weak: 6, Final: 0, Phantom: 1
[2.682s][info][gc          ] GC(132) Concurrent weak references 0.110ms
[2.682s][info][gc,start    ] GC(132) Concurrent weak roots
[2.682s][info][gc,task     ] GC(132) Using 2 of 8 workers for concurrent weak root
[2.683s][info][gc          ] GC(132) Concurrent weak roots 0.369ms
[2.683s][info][gc,start    ] GC(132) Concurrent cleanup
[2.683s][info][gc          ] GC(132) Concurrent cleanup 15M->15M(148M) 0.061ms
[2.683s][info][gc,ergo     ] GC(132) Free: 1869M, Max: 512K regular, 1866M humongous, Frag: 1% external, 0% internal; Reserve: 101365K, Max: 512K
[2.683s][info][gc,start    ] GC(132) Concurrent strong roots
[2.683s][info][gc,task     ] GC(132) Using 2 of 8 workers for concurrent strong root
[2.684s][info][gc          ] GC(132) Concurrent strong roots 0.698ms
[2.684s][info][gc,start    ] GC(132) Concurrent evacuation
[2.684s][info][gc,task     ] GC(132) Using 2 of 8 workers for concurrent evacuation
[2.686s][info][gc          ] GC(132) Concurrent evacuation 2.671ms
[2.686s][info][gc,start    ] GC(132) Pause Init Update Refs
[2.686s][info][gc,ergo     ] GC(132) Pacer for Update Refs. Used: 27266K, Free: 1869M, Non-Taxable: 186M, Alloc Tax Rate: 1.1x
[2.686s][info][gc          ] GC(132) Pause Init Update Refs 0.033ms
[2.686s][info][gc,start    ] GC(132) Concurrent update references
[2.686s][info][gc,task     ] GC(132) Using 2 of 8 workers for concurrent reference update
[2.691s][info][gc          ] GC(132) Concurrent update references 4.587ms
[2.691s][info][gc,start    ] GC(132) Concurrent update thread roots
[2.698s][info][gc          ] GC(132) Concurrent update thread roots 6.404ms
[2.698s][info][gc,start    ] GC(132) Pause Final Update Refs
[2.698s][info][gc,task     ] GC(132) Using 8 of 8 workers for final reference update
[2.698s][info][gc          ] GC(132) Pause Final Update Refs 0.082ms
[2.698s][info][gc,start    ] GC(132) Concurrent cleanup
[2.698s][info][gc          ] GC(132) Concurrent cleanup 26M->14M(148M) 0.059ms
[2.698s][info][gc,ergo     ] Free: 1869M, Max: 512K regular, 1866M humongous, Frag: 1% external, 0% internal; Reserve: 101888K, Max: 512K
[2.698s][info][gc,stats    ] 
[2.698s][info][gc,stats    ] All times are wall-clock times, except per-root-class counters, that are sum over
[2.698s][info][gc,stats    ] all workers. Dividing the <total> over the root stage time estimates parallelism.
[2.698s][info][gc,stats    ] 
[2.698s][info][gc,stats    ] Concurrent Reset                    346 us
[2.698s][info][gc,stats    ] Pause Init Mark (G)                 189 us
[2.698s][info][gc,stats    ] Pause Init Mark (N)                  63 us
[2.698s][info][gc,stats    ]   Update Region States               15 us
[2.698s][info][gc,stats    ] Concurrent Mark Roots              1029 us, parallelism: 0.87x
[2.698s][info][gc,stats    ]   CMR: <total>                      893 us
[2.698s][info][gc,stats    ]   CMR: Thread Roots                  47 us, workers (us):  47,   0, ---, ---, ---, ---, ---, ---, 
[2.698s][info][gc,stats    ]   CMR: Code Cache Roots             726 us, workers (us): 726,   0, ---, ---, ---, ---, ---, ---, 
[2.698s][info][gc,stats    ]   CMR: VM Strong Roots                5 us, workers (us):   5,   0, ---, ---, ---, ---, ---, ---, 
[2.698s][info][gc,stats    ]   CMR: CLDG Roots                   115 us, workers (us): 115, ---, ---, ---, ---, ---, ---, ---, 
[2.698s][info][gc,stats    ] Concurrent Marking                 4885 us
[2.698s][info][gc,stats    ] Pause Final Mark (G)                293 us
[2.698s][info][gc,stats    ] Pause Final Mark (N)                207 us
[2.698s][info][gc,stats    ]   Finish Mark                        70 us
[2.698s][info][gc,stats    ]   Update Region States               15 us
[2.698s][info][gc,stats    ]   Choose Collection Set              40 us
[2.698s][info][gc,stats    ]   Rebuild Free Set                   16 us
[2.698s][info][gc,stats    ] Concurrent Thread Roots             186 us, parallelism: 0.98x
[2.698s][info][gc,stats    ]   CTR: <total>                      183 us
[2.699s][info][gc,stats    ]   CTR: Thread Roots                 183 us, workers (us): 133,  50, ---, ---, ---, ---, ---, ---, 
[2.699s][info][gc,stats    ] Concurrent Weak References          120 us, parallelism: 0.44x
[2.699s][info][gc,stats    ]   CWRF: <total>                      53 us
[2.699s][info][gc,stats    ]   CWRF: Weak References              53 us, workers (us):  44,   8, ---, ---, ---, ---, ---, ---, 
[2.699s][info][gc,stats    ] Concurrent Weak Roots               388 us
[2.699s][info][gc,stats    ]   Roots                             336 us, parallelism: 1.32x
[2.699s][info][gc,stats    ]     CWR: <total>                    442 us
[2.699s][info][gc,stats    ]     CWR: VM Weak Roots              442 us, workers (us): 226, 215, ---, ---, ---, ---, ---, ---, 
[2.699s][info][gc,stats    ]   Rendezvous                         15 us
[2.699s][info][gc,stats    ] Concurrent Cleanup                  101 us
[2.699s][info][gc,stats    ] Concurrent Strong Roots             724 us, parallelism: 1.29x
[2.699s][info][gc,stats    ]   CSR: <total>                      937 us
[2.699s][info][gc,stats    ]   CSR: Code Cache Roots             757 us, workers (us): 381, 376, ---, ---, ---, ---, ---, ---, 
[2.699s][info][gc,stats    ]   CSR: VM Strong Roots                8 us, workers (us):   8,   0, ---, ---, ---, ---, ---, ---, 
[2.699s][info][gc,stats    ]   CSR: CLDG Roots                   172 us, workers (us): 172, ---, ---, ---, ---, ---, ---, ---, 
[2.699s][info][gc,stats    ] Concurrent Evacuation              2698 us
[2.699s][info][gc,stats    ] Pause Init Update Refs (G)          142 us
[2.699s][info][gc,stats    ] Pause Init Update Refs (N)           42 us
[2.699s][info][gc,stats    ]   Manage GCLABs                       5 us
[2.699s][info][gc,stats    ] Concurrent Update Refs             4670 us
[2.699s][info][gc,stats    ] Concurrent Update Thread Roots     6468 us
[2.699s][info][gc,stats    ] Pause Final Update Refs (G)         135 us
[2.699s][info][gc,stats    ] Pause Final Update Refs (N)         113 us
[2.699s][info][gc,stats    ]   Update Region States               21 us
[2.699s][info][gc,stats    ]   Trash Collection Set                2 us
[2.699s][info][gc,stats    ]   Rebuild Free Set                   19 us
[2.699s][info][gc,stats    ] Concurrent Cleanup                   99 us
[2.699s][info][gc,stats    ] 
[2.699s][info][gc,stats    ] Allocation pacing accrued:
[2.699s][info][gc,stats    ]       0 of    25 ms (  0.0%): <total>
[2.699s][info][gc,stats    ]       0 of    25 ms (  0.0%): <average total>
[2.699s][info][gc,stats    ] 
[2.699s][info][gc,metaspace] Metaspace: 11029K(11328K)->11094K(11328K) NonClass: 9922K(10112K)->9975K(10112K) Class: 1107K(1216K)->1118K(1216K)
[2.699s][info][gc,ergo     ] Pacer for Idle. Initial: 40642K, Alloc Tax Rate: 1.0x
[2.700s][info][gc          ] Trigger: Start next cycle immediately
[2.700s][info][gc,ergo     ] Free: 1869M, Max: 512K regular, 1866M humongous, Frag: 1% external, 0% internal; Reserve: 101888K, Max: 512K
[2.700s][info][gc,start    ] GC(133) Concurrent reset
[2.700s][info][gc,task     ] GC(133) Using 2 of 8 workers for concurrent reset
[2.701s][info][gc,ergo     ] GC(133) Pacer for Reset. Non-Taxable: 1984M
[2.701s][info][gc          ] GC(133) Concurrent reset 0.304ms
[2.701s][info][gc,start    ] GC(133) Pause Init Mark
[2.701s][info][gc,task     ] GC(133) Using 8 of 8 workers for init marking
[2.701s][info][gc,ergo     ] GC(133) Pacer for Mark. Expected Live: 12191K, Free: 1869M, Non-Taxable: 186M, Alloc Tax Rate: 0.0x
[2.701s][info][gc          ] GC(133) Pause Init Mark 0.076ms
[2.701s][info][gc,start    ] GC(133) Concurrent marking roots
[2.701s][info][gc,task     ] GC(133) Using 2 of 8 workers for concurrent marking roots
[2.702s][info][gc          ] GC(133) Concurrent marking roots 0.606ms
[2.702s][info][gc,start    ] GC(133) Concurrent marking
[2.702s][info][gc,task     ] GC(133) Using 2 of 8 workers for concurrent marking
[2.712s][info][gc          ] GC(133) Concurrent marking 10.532ms
[2.712s][info][gc,start    ] GC(133) Pause Final Mark
[2.712s][info][gc,task     ] GC(133) Using 8 of 8 workers for final marking
[2.713s][info][gc,ergo     ] GC(133) Collectable Garbage: 2594K (100%), Immediate: 0B (0%), CSet: 2594K (100%)
[2.713s][info][gc,ergo     ] GC(133) Pacer for Evacuation. Used CSet: 12800K, Free: 1869M, Non-Taxable: 186M, Alloc Tax Rate: 1.1x
[2.713s][info][gc          ] GC(133) Pause Final Mark 0.290ms
[2.713s][info][gc,start    ] GC(133) Concurrent thread roots
[2.713s][info][gc,task     ] GC(133) Using 2 of 8 workers for Concurrent thread roots
[2.713s][info][gc          ] GC(133) Concurrent thread roots 0.108ms
[2.713s][info][gc,start    ] GC(133) Concurrent weak references
[2.713s][info][gc,task     ] GC(133) Using 2 of 8 workers for concurrent weak references
[2.713s][info][gc,ref      ] GC(133) Encountered references: Soft: 3669, Weak: 1267, Final: 4, Phantom: 585
[2.713s][info][gc,ref      ] GC(133) Discovered  references: Soft: 0, Weak: 526, Final: 0, Phantom: 300
[2.713s][info][gc,ref      ] GC(133) Enqueued    references: Soft: 0, Weak: 0, Final: 0, Phantom: 0
[2.713s][info][gc          ] GC(133) Concurrent weak references 0.138ms
[2.713s][info][gc,start    ] GC(133) Concurrent weak roots
[2.713s][info][gc,task     ] GC(133) Using 2 of 8 workers for concurrent weak root
[2.713s][info][gc          ] GC(133) Concurrent weak roots 0.522ms
[2.714s][info][gc,start    ] GC(133) Concurrent cleanup
[2.714s][info][gc          ] GC(133) Concurrent cleanup 16M->16M(148M) 0.068ms
[2.714s][info][gc,ergo     ] GC(133) Free: 1868M, Max: 512K regular, 1866M humongous, Frag: 1% external, 0% internal; Reserve: 101376K, Max: 512K
[2.714s][info][gc,start    ] GC(133) Concurrent strong roots
[2.714s][info][gc,task     ] GC(133) Using 2 of 8 workers for concurrent strong root
[2.715s][info][gc          ] GC(133) Concurrent strong roots 1.125ms
[2.715s][info][gc,start    ] GC(133) Concurrent evacuation
[2.715s][info][gc,task     ] GC(133) Using 2 of 8 workers for concurrent evacuation
[2.717s][info][gc          ] GC(133) Concurrent evacuation 2.279ms
[2.717s][info][gc,start    ] GC(133) Pause Init Update Refs
[2.717s][info][gc,ergo     ] GC(133) Pacer for Update Refs. Used: 27585K, Free: 1868M, Non-Taxable: 186M, Alloc Tax Rate: 1.1x
[2.717s][info][gc          ] GC(133) Pause Init Update Refs 0.030ms
[2.717s][info][gc,start    ] GC(133) Concurrent update references
[2.717s][info][gc,task     ] GC(133) Using 2 of 8 workers for concurrent reference update
[2.720s][info][gc          ] GC(133) Concurrent update references 2.520ms
[2.720s][info][gc,start    ] GC(133) Concurrent update thread roots
[2.720s][info][gc          ] GC(133) Concurrent update thread roots 0.136ms
[2.720s][info][gc,start    ] GC(133) Pause Final Update Refs
[2.720s][info][gc,task     ] GC(133) Using 8 of 8 workers for final reference update
[2.720s][info][gc          ] GC(133) Pause Final Update Refs 0.123ms
[2.720s][info][gc,start    ] GC(133) Concurrent cleanup
[2.720s][info][gc          ] GC(133) Concurrent cleanup 26M->14M(148M) 0.062ms
[2.720s][info][gc,ergo     ] Free: 1870M, Max: 512K regular, 1866M humongous, Frag: 1% external, 0% internal; Reserve: 101888K, Max: 512K
[2.720s][info][gc,stats    ] 
[2.720s][info][gc,stats    ] All times are wall-clock times, except per-root-class counters, that are sum over
[2.720s][info][gc,stats    ] all workers. Dividing the <total> over the root stage time estimates parallelism.
[2.721s][info][gc,stats    ] 
[2.721s][info][gc,stats    ] Concurrent Reset                    345 us
[2.721s][info][gc,stats    ] Pause Init Mark (G)                 212 us
[2.721s][info][gc,stats    ] Pause Init Mark (N)                  86 us
[2.721s][info][gc,stats    ]   Update Region States               16 us
[2.721s][info][gc,stats    ] Concurrent Mark Roots               658 us, parallelism: 1.54x
[2.721s][info][gc,stats    ]   CMR: <total>                     1016 us
[2.721s][info][gc,stats    ]   CMR: Thread Roots                  87 us, workers (us):   0,  87, ---, ---, ---, ---, ---, ---, 
[2.721s][info][gc,stats    ]   CMR: Code Cache Roots             813 us, workers (us): 518, 296, ---, ---, ---, ---, ---, ---, 
[2.721s][info][gc,stats    ]   CMR: VM Strong Roots                7 us, workers (us):   5,   2, ---, ---, ---, ---, ---, ---, 
[2.721s][info][gc,stats    ]   CMR: CLDG Roots                   108 us, workers (us): ---, 108, ---, ---, ---, ---, ---, ---, 
[2.721s][info][gc,stats    ] Concurrent Marking                10595 us
[2.721s][info][gc,stats    ] Pause Final Mark (G)                427 us
[2.721s][info][gc,stats    ] Pause Final Mark (N)                324 us
[2.721s][info][gc,stats    ]   Finish Mark                        81 us
[2.721s][info][gc,stats    ]   Update Region States               20 us
[2.721s][info][gc,stats    ]   Choose Collection Set              73 us
[2.721s][info][gc,stats    ]   Rebuild Free Set                   21 us
[2.721s][info][gc,stats    ] Concurrent Thread Roots             149 us, parallelism: 0.93x
[2.721s][info][gc,stats    ]   CTR: <total>                      138 us
[2.721s][info][gc,stats    ]   CTR: Thread Roots                 138 us, workers (us):  77,  61, ---, ---, ---, ---, ---, ---, 
[2.721s][info][gc,stats    ] Concurrent Weak References          147 us, parallelism: 0.48x
[2.721s][info][gc,stats    ]   CWRF: <total>                      71 us
[2.721s][info][gc,stats    ]   CWRF: Weak References              71 us, workers (us):  71,   1, ---, ---, ---, ---, ---, ---, 
[2.721s][info][gc,stats    ] Concurrent Weak Roots               546 us
[2.721s][info][gc,stats    ]   Roots                             484 us, parallelism: 1.69x
[2.721s][info][gc,stats    ]     CWR: <total>                    818 us
[2.721s][info][gc,stats    ]     CWR: VM Weak Roots              818 us, workers (us): 455, 363, ---, ---, ---, ---, ---, ---, 
[2.721s][info][gc,stats    ]   Rendezvous                         19 us
[2.721s][info][gc,stats    ] Concurrent Cleanup                  139 us
[2.721s][info][gc,stats    ] Concurrent Strong Roots            1195 us, parallelism: 0.83x
[2.721s][info][gc,stats    ]   CSR: <total>                      992 us
[2.721s][info][gc,stats    ]   CSR: Code Cache Roots             801 us, workers (us): 801,   0, ---, ---, ---, ---, ---, ---, 
[2.721s][info][gc,stats    ]   CSR: VM Strong Roots               10 us, workers (us):  10,   0, ---, ---, ---, ---, ---, ---, 
[2.721s][info][gc,stats    ]   CSR: CLDG Roots                   181 us, workers (us): 181, ---, ---, ---, ---, ---, ---, ---, 
[2.721s][info][gc,stats    ] Concurrent Evacuation              2339 us
[2.721s][info][gc,stats    ] Pause Init Update Refs (G)           68 us
[2.721s][info][gc,stats    ] Pause Init Update Refs (N)           40 us
[2.721s][info][gc,stats    ]   Manage GCLABs                       3 us
[2.721s][info][gc,stats    ] Concurrent Update Refs             2586 us
[2.721s][info][gc,stats    ] Concurrent Update Thread Roots      172 us
[2.721s][info][gc,stats    ] Pause Final Update Refs (G)         206 us
[2.721s][info][gc,stats    ] Pause Final Update Refs (N)         177 us
[2.721s][info][gc,stats    ]   Update Region States               17 us
[2.721s][info][gc,stats    ]   Trash Collection Set                3 us
[2.721s][info][gc,stats    ]   Rebuild Free Set                   24 us
[2.721s][info][gc,stats    ] Concurrent Cleanup                   73 us
[2.721s][info][gc,stats    ] 
[2.721s][info][gc,stats    ] Allocation pacing accrued:
[2.721s][info][gc,stats    ]       0 of    22 ms (  0.0%): <total>
[2.722s][info][gc,stats    ]       0 of    22 ms (  0.0%): <average total>
[2.722s][info][gc,stats    ] 
[2.722s][info][gc,metaspace] Metaspace: 11094K(11328K)->11094K(11328K) NonClass: 9975K(10112K)->9975K(10112K) Class: 1118K(1216K)->1118K(1216K)
[2.722s][info][gc,ergo     ] Pacer for Idle. Initial: 40642K, Alloc Tax Rate: 1.0x
[2.723s][info][gc          ] Trigger: Start next cycle immediately
[2.723s][info][gc,ergo     ] Free: 1870M, Max: 512K regular, 1866M humongous, Frag: 1% external, 0% internal; Reserve: 101888K, Max: 512K
[2.723s][info][gc,start    ] GC(134) Concurrent reset
[2.723s][info][gc,task     ] GC(134) Using 2 of 8 workers for concurrent reset
[2.723s][info][gc,ergo     ] GC(134) Pacer for Reset. Non-Taxable: 1984M
[2.723s][info][gc          ] GC(134) Concurrent reset 0.349ms
[2.723s][info][gc,start    ] GC(134) Pause Init Mark
[2.723s][info][gc,task     ] GC(134) Using 8 of 8 workers for init marking
[2.723s][info][gc,ergo     ] GC(134) Pacer for Mark. Expected Live: 12243K, Free: 1870M, Non-Taxable: 187M, Alloc Tax Rate: 0.0x
[2.723s][info][gc          ] GC(134) Pause Init Mark 0.054ms
[2.723s][info][gc,start    ] GC(134) Concurrent marking roots
[2.723s][info][gc,task     ] GC(134) Using 2 of 8 workers for concurrent marking roots
[2.724s][info][gc          ] GC(134) Concurrent marking roots 1.063ms
[2.725s][info][gc,start    ] GC(134) Concurrent marking
[2.725s][info][gc,task     ] GC(134) Using 2 of 8 workers for concurrent marking
[2.728s][info][gc          ] GC(134) Concurrent marking 3.226ms
[2.728s][info][gc,start    ] GC(134) Pause Final Mark
[2.728s][info][gc,task     ] GC(134) Using 8 of 8 workers for final marking
[2.728s][info][gc,ergo     ] GC(134) Collectable Garbage: 2344K (100%), Immediate: 0B (0%), CSet: 2344K (100%)
[2.728s][info][gc,ergo     ] GC(134) Pacer for Evacuation. Used CSet: 12606K, Free: 1869M, Non-Taxable: 186M, Alloc Tax Rate: 1.1x
[2.728s][info][gc          ] GC(134) Pause Final Mark 0.212ms
[2.728s][info][gc,start    ] GC(134) Concurrent thread roots
[2.728s][info][gc,task     ] GC(134) Using 2 of 8 workers for Concurrent thread roots
[2.728s][info][gc          ] GC(134) Concurrent thread roots 0.105ms
[2.728s][info][gc,start    ] GC(134) Concurrent weak references
[2.728s][info][gc,task     ] GC(134) Using 2 of 8 workers for concurrent weak references
[2.728s][info][gc,ref      ] GC(134) Encountered references: Soft: 3669, Weak: 1267, Final: 4, Phantom: 585
[2.728s][info][gc,ref      ] GC(134) Discovered  references: Soft: 0, Weak: 422, Final: 0, Phantom: 420
[2.728s][info][gc,ref      ] GC(134) Enqueued    references: Soft: 0, Weak: 0, Final: 0, Phantom: 0
[2.728s][info][gc          ] GC(134) Concurrent weak references 0.128ms
[2.728s][info][gc,start    ] GC(134) Concurrent weak roots
[2.728s][info][gc,task     ] GC(134) Using 2 of 8 workers for concurrent weak root
[2.732s][info][gc          ] GC(134) Concurrent weak roots 3.466ms
[2.732s][info][gc,start    ] GC(134) Concurrent cleanup
[2.732s][info][gc          ] GC(134) Concurrent cleanup 15M->15M(148M) 0.073ms
[2.732s][info][gc,ergo     ] GC(134) Free: 1869M, Max: 512K regular, 1866M humongous, Frag: 1% external, 0% internal; Reserve: 101354K, Max: 512K
[2.732s][info][gc,start    ] GC(134) Concurrent strong roots
[2.732s][info][gc,task     ] GC(134) Using 2 of 8 workers for concurrent strong root
[2.733s][info][gc          ] GC(134) Concurrent strong roots 0.637ms
[2.733s][info][gc,start    ] GC(134) Concurrent evacuation
[2.733s][info][gc,task     ] GC(134) Using 2 of 8 workers for concurrent evacuation
[2.735s][info][gc          ] GC(134) Concurrent evacuation 2.162ms
[2.738s][info][gc,start    ] GC(134) Pause Init Update Refs
[2.738s][info][gc,ergo     ] GC(134) Pacer for Update Refs. Used: 27073K, Free: 1869M, Non-Taxable: 186M, Alloc Tax Rate: 1.1x
[2.738s][info][gc          ] GC(134) Pause Init Update Refs 0.111ms
[2.738s][info][gc,start    ] GC(134) Concurrent update references
[2.738s][info][gc,task     ] GC(134) Using 2 of 8 workers for concurrent reference update
[2.741s][info][gc          ] GC(134) Concurrent update references 2.739ms
[2.741s][info][gc,start    ] GC(134) Concurrent update thread roots
[2.741s][info][gc          ] GC(134) Concurrent update thread roots 0.083ms
[2.741s][info][gc,start    ] GC(134) Pause Final Update Refs
[2.741s][info][gc,task     ] GC(134) Using 8 of 8 workers for final reference update
[2.742s][info][gc          ] GC(134) Pause Final Update Refs 0.119ms
[2.742s][info][gc,start    ] GC(134) Concurrent cleanup
[2.742s][info][gc          ] GC(134) Concurrent cleanup 26M->14M(148M) 0.061ms
[2.742s][info][gc,ergo     ] Free: 1869M, Max: 512K regular, 1866M humongous, Frag: 1% external, 0% internal; Reserve: 101888K, Max: 512K
[2.742s][info][gc,stats    ] 
[2.742s][info][gc,stats    ] All times are wall-clock times, except per-root-class counters, that are sum over
[2.742s][info][gc,stats    ] all workers. Dividing the <total> over the root stage time estimates parallelism.
[2.742s][info][gc,stats    ] 
[2.742s][info][gc,stats    ] Concurrent Reset                    386 us
[2.742s][info][gc,stats    ] Pause Init Mark (G)                 182 us
[2.742s][info][gc,stats    ] Pause Init Mark (N)                  63 us
[2.742s][info][gc,stats    ]   Update Region States               15 us
[2.742s][info][gc,stats    ] Concurrent Mark Roots              1126 us, parallelism: 0.85x
[2.742s][info][gc,stats    ]   CMR: <total>                      956 us
[2.742s][info][gc,stats    ]   CMR: Thread Roots                  90 us, workers (us):  90,   0, ---, ---, ---, ---, ---, ---, 
[2.742s][info][gc,stats    ]   CMR: Code Cache Roots             752 us, workers (us): 752,   0, ---, ---, ---, ---, ---, ---, 
[2.742s][info][gc,stats    ]   CMR: VM Strong Roots                6 us, workers (us):   5,   0, ---, ---, ---, ---, ---, ---, 
[2.742s][info][gc,stats    ]   CMR: CLDG Roots                   108 us, workers (us): 108, ---, ---, ---, ---, ---, ---, ---, 
[2.742s][info][gc,stats    ] Concurrent Marking                 3250 us
[2.742s][info][gc,stats    ] Pause Final Mark (G)                331 us
[2.742s][info][gc,stats    ] Pause Final Mark (N)                239 us
[2.742s][info][gc,stats    ]   Finish Mark                        79 us
[2.742s][info][gc,stats    ]   Update Region States               12 us
[2.742s][info][gc,stats    ]   Choose Collection Set              37 us
[2.742s][info][gc,stats    ]   Rebuild Free Set                   16 us
[2.742s][info][gc,stats    ] Concurrent Thread Roots             118 us, parallelism: 1.12x
[2.742s][info][gc,stats    ]   CTR: <total>                      131 us
[2.742s][info][gc,stats    ]   CTR: Thread Roots                 131 us, workers (us):  70,  61, ---, ---, ---, ---, ---, ---, 
[2.742s][info][gc,stats    ] Concurrent Weak References          137 us, parallelism: 0.59x
[2.742s][info][gc,stats    ]   CWRF: <total>                      81 us
[2.742s][info][gc,stats    ]   CWRF: Weak References              81 us, workers (us):  66,  15, ---, ---, ---, ---, ---, ---, 
[2.742s][info][gc,stats    ] Concurrent Weak Roots              3528 us
[2.742s][info][gc,stats    ]   Roots                             287 us, parallelism: 1.65x
[2.742s][info][gc,stats    ]     CWR: <total>                    473 us
[2.742s][info][gc,stats    ]     CWR: VM Weak Roots              473 us, workers (us): 238, 236, ---, ---, ---, ---, ---, ---, 
[2.742s][info][gc,stats    ]   Rendezvous                       3161 us
[2.742s][info][gc,stats    ] Concurrent Cleanup                  131 us
[2.742s][info][gc,stats    ] Concurrent Strong Roots             712 us, parallelism: 1.34x
[2.742s][info][gc,stats    ]   CSR: <total>                      954 us
[2.742s][info][gc,stats    ]   CSR: Code Cache Roots             772 us, workers (us): 493, 280, ---, ---, ---, ---, ---, ---, 
[2.742s][info][gc,stats    ]   CSR: VM Strong Roots               14 us, workers (us):   7,   7, ---, ---, ---, ---, ---, ---, 
[2.742s][info][gc,stats    ]   CSR: CLDG Roots                   168 us, workers (us): ---, 168, ---, ---, ---, ---, ---, ---, 
[2.742s][info][gc,stats    ] Concurrent Evacuation              2226 us
[2.742s][info][gc,stats    ] Pause Init Update Refs (G)         3327 us
[2.742s][info][gc,stats    ] Pause Init Update Refs (N)          143 us
[2.742s][info][gc,stats    ]   Manage GCLABs                       5 us
[2.743s][info][gc,stats    ] Concurrent Update Refs             2780 us
[2.743s][info][gc,stats    ] Concurrent Update Thread Roots       94 us
[2.743s][info][gc,stats    ] Pause Final Update Refs (G)         282 us
[2.743s][info][gc,stats    ] Pause Final Update Refs (N)         162 us
[2.743s][info][gc,stats    ]   Update Region States               13 us
[2.743s][info][gc,stats    ]   Trash Collection Set                3 us
[2.743s][info][gc,stats    ]   Rebuild Free Set                   17 us
[2.743s][info][gc,stats    ] Concurrent Cleanup                   72 us
[2.743s][info][gc,stats    ] 
[2.743s][info][gc,stats    ] Allocation pacing accrued:
[2.743s][info][gc,stats    ]       0 of    21 ms (  0.0%): <total>
[2.743s][info][gc,stats    ]       0 of    21 ms (  0.0%): <average total>
[2.743s][info][gc,stats    ] 
[2.743s][info][gc,metaspace] Metaspace: 11094K(11328K)->11094K(11328K) NonClass: 9975K(10112K)->9975K(10112K) Class: 1118K(1216K)->1118K(1216K)
[2.743s][info][gc,ergo     ] Pacer for Idle. Initial: 40642K, Alloc Tax Rate: 1.0x
[2.744s][info][gc          ] Trigger: Start next cycle immediately
[2.744s][info][gc,ergo     ] Free: 1869M, Max: 512K regular, 1866M humongous, Frag: 1% external, 0% internal; Reserve: 101888K, Max: 512K
[2.744s][info][gc,start    ] GC(135) Concurrent reset
[2.744s][info][gc,task     ] GC(135) Using 2 of 8 workers for concurrent reset
[2.744s][info][gc,ergo     ] GC(135) Pacer for Reset. Non-Taxable: 1984M
[2.744s][info][gc          ] GC(135) Concurrent reset 0.331ms
[2.746s][info][gc,start    ] GC(135) Pause Init Mark (unload classes)
[2.747s][info][gc,task     ] GC(135) Using 8 of 8 workers for init marking
[2.747s][info][gc,ergo     ] GC(135) Pacer for Mark. Expected Live: 12305K, Free: 1869M, Non-Taxable: 186M, Alloc Tax Rate: 0.0x
[2.747s][info][gc          ] GC(135) Pause Init Mark (unload classes) 0.160ms
[2.747s][info][gc,start    ] GC(135) Concurrent marking roots
[2.747s][info][gc,task     ] GC(135) Using 2 of 8 workers for concurrent marking roots
[2.747s][info][gc          ] GC(135) Concurrent marking roots 0.166ms
[2.747s][info][gc,start    ] GC(135) Concurrent marking (unload classes)
[2.747s][info][gc,task     ] GC(135) Using 2 of 8 workers for concurrent marking
[2.757s][info][gc          ] GC(135) Concurrent marking (unload classes) 10.541ms
[2.758s][info][gc,start    ] GC(135) Pause Final Mark (unload classes)
[2.758s][info][gc,task     ] GC(135) Using 8 of 8 workers for final marking
[2.758s][info][gc,ergo     ] GC(135) Collectable Garbage: 2517K (100%), Immediate: 0B (0%), CSet: 2517K (100%)
[2.758s][info][gc,ergo     ] GC(135) Pacer for Evacuation. Used CSet: 12800K, Free: 1869M, Non-Taxable: 186M, Alloc Tax Rate: 1.1x
[2.758s][info][gc          ] GC(135) Pause Final Mark (unload classes) 0.307ms
[2.758s][info][gc,start    ] GC(135) Concurrent thread roots
[2.758s][info][gc,task     ] GC(135) Using 2 of 8 workers for Concurrent thread roots
[2.758s][info][gc          ] GC(135) Concurrent thread roots 0.128ms
[2.758s][info][gc,start    ] GC(135) Concurrent weak references
[2.758s][info][gc,task     ] GC(135) Using 2 of 8 workers for concurrent weak references
[2.758s][info][gc,ref      ] GC(135) Encountered references: Soft: 3669, Weak: 1267, Final: 4, Phantom: 585
[2.758s][info][gc,ref      ] GC(135) Discovered  references: Soft: 0, Weak: 475, Final: 0, Phantom: 423
[2.758s][info][gc,ref      ] GC(135) Enqueued    references: Soft: 0, Weak: 0, Final: 0, Phantom: 0
[2.758s][info][gc          ] GC(135) Concurrent weak references 0.098ms
[2.758s][info][gc,start    ] GC(135) Concurrent weak roots
[2.758s][info][gc,task     ] GC(135) Using 2 of 8 workers for concurrent weak root
[2.760s][info][gc          ] GC(135) Concurrent weak roots 1.385ms
[2.760s][info][gc,start    ] GC(135) Concurrent cleanup
[2.760s][info][gc          ] GC(135) Concurrent cleanup 16M->16M(148M) 0.127ms
[2.760s][info][gc,ergo     ] GC(135) Free: 1868M, Max: 512K regular, 1866M humongous, Frag: 1% external, 0% internal; Reserve: 101373K, Max: 512K
[2.760s][info][gc,start    ] GC(135) Concurrent class unloading
[2.760s][info][gc,task     ] GC(135) Using 2 of 8 workers for concurrent class unloading
[2.763s][info][gc          ] GC(135) Concurrent class unloading 2.618ms
[2.763s][info][gc,start    ] GC(135) Concurrent strong roots
[2.763s][info][gc,task     ] GC(135) Using 2 of 8 workers for concurrent strong root
[2.763s][info][gc          ] GC(135) Concurrent strong roots 0.274ms
[2.763s][info][gc,start    ] GC(135) Concurrent evacuation
[2.763s][info][gc,task     ] GC(135) Using 2 of 8 workers for concurrent evacuation
[2.766s][info][gc          ] GC(135) Concurrent evacuation 2.537ms
[2.766s][info][gc,start    ] GC(135) Pause Init Update Refs
[2.766s][info][gc,ergo     ] GC(135) Pacer for Update Refs. Used: 27585K, Free: 1868M, Non-Taxable: 186M, Alloc Tax Rate: 1.1x
[2.766s][info][gc          ] GC(135) Pause Init Update Refs 0.116ms
[2.766s][info][gc,start    ] GC(135) Concurrent update references
[2.766s][info][gc,task     ] GC(135) Using 2 of 8 workers for concurrent reference update
[2.769s][info][gc          ] GC(135) Concurrent update references 2.745ms
[2.769s][info][gc,start    ] GC(135) Concurrent update thread roots
[2.769s][info][gc          ] GC(135) Concurrent update thread roots 0.167ms
[2.769s][info][gc,start    ] GC(135) Pause Final Update Refs
[2.769s][info][gc,task     ] GC(135) Using 8 of 8 workers for final reference update
[2.769s][info][gc          ] GC(135) Pause Final Update Refs 0.110ms
[2.769s][info][gc,start    ] GC(135) Concurrent cleanup
[2.769s][info][gc          ] GC(135) Concurrent cleanup 26M->14M(148M) 0.062ms
[2.769s][info][gc,ergo     ] Free: 1870M, Max: 512K regular, 1866M humongous, Frag: 1% external, 0% internal; Reserve: 101888K, Max: 512K
[2.769s][info][gc,stats    ] 
[2.769s][info][gc,stats    ] All times are wall-clock times, except per-root-class counters, that are sum over
[2.769s][info][gc,stats    ] all workers. Dividing the <total> over the root stage time estimates parallelism.
[2.769s][info][gc,stats    ] 
[2.769s][info][gc,stats    ] Concurrent Reset                    349 us
[2.769s][info][gc,stats    ] Pause Init Mark (G)                2306 us
[2.769s][info][gc,stats    ] Pause Init Mark (N)                 193 us
[2.769s][info][gc,stats    ]   Update Region States               17 us
[2.769s][info][gc,stats    ] Concurrent Mark Roots               181 us, parallelism: 0.98x
[2.769s][info][gc,stats    ]   CMR: <total>                      178 us
[2.769s][info][gc,stats    ]   CMR: Thread Roots                 101 us, workers (us):  28,  73, ---, ---, ---, ---, ---, ---, 
[2.769s][info][gc,stats    ]   CMR: VM Strong Roots                6 us, workers (us):   5,   1, ---, ---, ---, ---, ---, ---, 
[2.769s][info][gc,stats    ]   CMR: CLDG Roots                    71 us, workers (us):  71, ---, ---, ---, ---, ---, ---, ---, 
[2.769s][info][gc,stats    ] Concurrent Marking                10620 us
[2.769s][info][gc,stats    ] Pause Final Mark (G)                496 us
[2.769s][info][gc,stats    ] Pause Final Mark (N)                340 us
[2.769s][info][gc,stats    ]   Finish Mark                        73 us
[2.770s][info][gc,stats    ]   Update Region States               19 us
[2.770s][info][gc,stats    ]   Choose Collection Set              72 us
[2.770s][info][gc,stats    ]   Rebuild Free Set                   22 us
[2.770s][info][gc,stats    ] Concurrent Thread Roots             142 us, parallelism: 1.04x
[2.770s][info][gc,stats    ]   CTR: <total>                      148 us
[2.770s][info][gc,stats    ]   CTR: Thread Roots                 148 us, workers (us):  92,  56, ---, ---, ---, ---, ---, ---, 
[2.770s][info][gc,stats    ] Concurrent Weak References          107 us, parallelism: 0.77x
[2.770s][info][gc,stats    ]   CWRF: <total>                      82 us
[2.770s][info][gc,stats    ]   CWRF: Weak References              82 us, workers (us):  39,  43, ---, ---, ---, ---, ---, ---, 
[2.770s][info][gc,stats    ] Concurrent Weak Roots              1460 us
[2.770s][info][gc,stats    ]   Roots                             538 us, parallelism: 1.88x
[2.770s][info][gc,stats    ]     CWR: <total>                   1010 us
[2.770s][info][gc,stats    ]     CWR: Code Cache Roots           538 us, workers (us): 266, 272, ---, ---, ---, ---, ---, ---, 
[2.770s][info][gc,stats    ]     CWR: VM Weak Roots              466 us, workers (us): 236, 230, ---, ---, ---, ---, ---, ---, 
[2.770s][info][gc,stats    ]     CWR: CLDG Roots                   7 us, workers (us):   7, ---, ---, ---, ---, ---, ---, ---, 
[2.770s][info][gc,stats    ]   Rendezvous                        828 us
[2.770s][info][gc,stats    ] Concurrent Cleanup                  201 us
[2.770s][info][gc,stats    ] Concurrent Class Unloading         2666 us
[2.770s][info][gc,stats    ]   Unlink Stale                     2014 us
[2.770s][info][gc,stats    ]     System Dictionary               170 us
[2.770s][info][gc,stats    ]     Weak Class Links                  0 us
[2.770s][info][gc,stats    ]     Code Roots                     1842 us
[2.770s][info][gc,stats    ]   Rendezvous                        144 us
[2.770s][info][gc,stats    ]   Purge Unlinked                    353 us
[2.770s][info][gc,stats    ]     Code Roots                      347 us
[2.770s][info][gc,stats    ]     CLDG                              5 us
[2.770s][info][gc,stats    ]     Exception Caches                  0 us
[2.770s][info][gc,stats    ] Concurrent Strong Roots             317 us, parallelism: 0.59x
[2.770s][info][gc,stats    ]   CSR: <total>                      186 us
[2.770s][info][gc,stats    ]   CSR: VM Strong Roots               11 us, workers (us):  11,   0, ---, ---, ---, ---, ---, ---, 
[2.770s][info][gc,stats    ]   CSR: CLDG Roots                   175 us, workers (us): 175, ---, ---, ---, ---, ---, ---, ---, 
[2.770s][info][gc,stats    ] Concurrent Evacuation              2572 us
[2.770s][info][gc,stats    ] Pause Init Update Refs (G)          255 us
[2.770s][info][gc,stats    ] Pause Init Update Refs (N)          156 us
[2.770s][info][gc,stats    ]   Manage GCLABs                       5 us
[2.770s][info][gc,stats    ] Concurrent Update Refs             2808 us
[2.770s][info][gc,stats    ] Concurrent Update Thread Roots      184 us
[2.770s][info][gc,stats    ] Pause Final Update Refs (G)         190 us
[2.770s][info][gc,stats    ] Pause Final Update Refs (N)         152 us
[2.770s][info][gc,stats    ]   Update Region States               15 us
[2.770s][info][gc,stats    ]   Trash Collection Set                2 us
[2.770s][info][gc,stats    ]   Rebuild Free Set                   18 us
[2.770s][info][gc,stats    ] Concurrent Cleanup                   73 us
[2.770s][info][gc,stats    ] 
[2.770s][info][gc,stats    ] Allocation pacing accrued:
[2.771s][info][gc,stats    ]       0 of    28 ms (  0.0%): <total>
[2.771s][info][gc,stats    ]       0 of    28 ms (  0.0%): <average total>
[2.771s][info][gc,stats    ] 
[2.771s][info][gc,metaspace] Metaspace: 11094K(11328K)->11100K(11328K) NonClass: 9975K(10112K)->9981K(10112K) Class: 1118K(1216K)->1118K(1216K)
[2.771s][info][gc,ergo     ] Pacer for Idle. Initial: 40642K, Alloc Tax Rate: 1.0x
[2.772s][info][gc          ] Trigger: Start next cycle immediately
[2.772s][info][gc,ergo     ] Free: 1870M, Max: 512K regular, 1866M humongous, Frag: 1% external, 0% internal; Reserve: 101888K, Max: 512K
[2.772s][info][gc,start    ] GC(136) Concurrent reset
[2.772s][info][gc,task     ] GC(136) Using 2 of 8 workers for concurrent reset
[2.772s][info][gc,ergo     ] GC(136) Pacer for Reset. Non-Taxable: 1984M
[2.772s][info][gc          ] GC(136) Concurrent reset 0.316ms
[2.772s][info][gc,start    ] GC(136) Pause Init Mark
[2.772s][info][gc,task     ] GC(136) Using 8 of 8 workers for init marking
[2.773s][info][gc,ergo     ] GC(136) Pacer for Mark. Expected Live: 12363K, Free: 1870M, Non-Taxable: 187M, Alloc Tax Rate: 0.0x
[2.773s][info][gc          ] GC(136) Pause Init Mark 0.164ms
[2.773s][info][gc,start    ] GC(136) Concurrent marking roots
[2.773s][info][gc,task     ] GC(136) Using 2 of 8 workers for concurrent marking roots
[2.773s][info][gc          ] GC(136) Concurrent marking roots 0.566ms
[2.773s][info][gc,start    ] GC(136) Concurrent marking
[2.773s][info][gc,task     ] GC(136) Using 2 of 8 workers for concurrent marking
[2.777s][info][gc          ] GC(136) Concurrent marking 3.451ms
[2.777s][info][gc,start    ] GC(136) Pause Final Mark
[2.777s][info][gc,task     ] GC(136) Using 8 of 8 workers for final marking
[2.777s][info][gc,ergo     ] GC(136) Collectable Garbage: 2252K (100%), Immediate: 0B (0%), CSet: 2252K (100%)
[2.777s][info][gc,ergo     ] GC(136) Pacer for Evacuation. Used CSet: 12606K, Free: 1869M, Non-Taxable: 186M, Alloc Tax Rate: 1.1x
[2.777s][info][gc          ] GC(136) Pause Final Mark 0.351ms
[2.777s][info][gc,start    ] GC(136) Concurrent thread roots
[2.777s][info][gc,task     ] GC(136) Using 2 of 8 workers for Concurrent thread roots
[2.777s][info][gc          ] GC(136) Concurrent thread roots 0.101ms
[2.777s][info][gc,start    ] GC(136) Concurrent weak references
[2.777s][info][gc,task     ] GC(136) Using 2 of 8 workers for concurrent weak references
[2.778s][info][gc,ref      ] GC(136) Encountered references: Soft: 3669, Weak: 1267, Final: 4, Phantom: 585
[2.778s][info][gc,ref      ] GC(136) Discovered  references: Soft: 0, Weak: 528, Final: 0, Phantom: 243
[2.778s][info][gc,ref      ] GC(136) Enqueued    references: Soft: 0, Weak: 0, Final: 0, Phantom: 0
[2.778s][info][gc          ] GC(136) Concurrent weak references 0.108ms
[2.778s][info][gc,start    ] GC(136) Concurrent weak roots
[2.778s][info][gc,task     ] GC(136) Using 2 of 8 workers for concurrent weak root
[2.778s][info][gc          ] GC(136) Concurrent weak roots 0.386ms
[2.778s][info][gc,start    ] GC(136) Concurrent cleanup
[2.778s][info][gc          ] GC(136) Concurrent cleanup 15M->15M(148M) 0.057ms
[2.778s][info][gc,ergo     ] GC(136) Free: 1869M, Max: 512K regular, 1866M humongous, Frag: 1% external, 0% internal; Reserve: 101376K, Max: 512K
[2.778s][info][gc,start    ] GC(136) Concurrent strong roots
[2.778s][info][gc,task     ] GC(136) Using 2 of 8 workers for concurrent strong root
[2.779s][info][gc          ] GC(136) Concurrent strong roots 0.503ms
[2.779s][info][gc,start    ] GC(136) Concurrent evacuation
[2.779s][info][gc,task     ] GC(136) Using 2 of 8 workers for concurrent evacuation
[2.781s][info][gc          ] GC(136) Concurrent evacuation 2.359ms
[2.781s][info][gc,start    ] GC(136) Pause Init Update Refs
[2.781s][info][gc,ergo     ] GC(136) Pacer for Update Refs. Used: 27580K, Free: 1868M, Non-Taxable: 186M, Alloc Tax Rate: 1.1x
[2.781s][info][gc          ] GC(136) Pause Init Update Refs 0.048ms
[2.781s][info][gc,start    ] GC(136) Concurrent update references
[2.781s][info][gc,task     ] GC(136) Using 2 of 8 workers for concurrent reference update
[2.784s][info][gc          ] GC(136) Concurrent update references 2.888ms
[2.784s][info][gc,start    ] GC(136) Concurrent update thread roots
[2.788s][info][gc          ] GC(136) Concurrent update thread roots 4.280ms
[2.789s][info][gc,start    ] GC(136) Pause Final Update Refs
[2.789s][info][gc,task     ] GC(136) Using 8 of 8 workers for final reference update
[2.789s][info][gc          ] GC(136) Pause Final Update Refs 0.138ms
[2.789s][info][gc,start    ] GC(136) Concurrent cleanup
[2.789s][info][gc          ] GC(136) Concurrent cleanup 26M->14M(148M) 0.063ms
[2.789s][info][gc,ergo     ] Free: 1869M, Max: 512K regular, 1866M humongous, Frag: 1% external, 0% internal; Reserve: 101888K, Max: 512K
[2.789s][info][gc,stats    ] 
[2.789s][info][gc,stats    ] All times are wall-clock times, except per-root-class counters, that are sum over
[2.789s][info][gc,stats    ] all workers. Dividing the <total> over the root stage time estimates parallelism.
[2.789s][info][gc,stats    ] 
[2.789s][info][gc,stats    ] Concurrent Reset                    388 us
[2.789s][info][gc,stats    ] Pause Init Mark (G)                 353 us
[2.789s][info][gc,stats    ] Pause Init Mark (N)                 252 us
[2.789s][info][gc,stats    ]   Update Region States               21 us
[2.789s][info][gc,stats    ] Concurrent Mark Roots               587 us, parallelism: 1.62x
[2.789s][info][gc,stats    ]   CMR: <total>                      952 us
[2.789s][info][gc,stats    ]   CMR: Thread Roots                  80 us, workers (us):  79,   0, ---, ---, ---, ---, ---, ---, 
[2.789s][info][gc,stats    ]   CMR: Code Cache Roots             750 us, workers (us): 281, 469, ---, ---, ---, ---, ---, ---, 
[2.789s][info][gc,stats    ]   CMR: VM Strong Roots                5 us, workers (us):   5,   0, ---, ---, ---, ---, ---, ---, 
[2.789s][info][gc,stats    ]   CMR: CLDG Roots                   117 us, workers (us): 117, ---, ---, ---, ---, ---, ---, ---, 
[2.789s][info][gc,stats    ] Concurrent Marking                 3485 us
[2.789s][info][gc,stats    ] Pause Final Mark (G)                522 us
[2.789s][info][gc,stats    ] Pause Final Mark (N)                385 us
[2.789s][info][gc,stats    ]   Finish Mark                       101 us
[2.789s][info][gc,stats    ]   Update Region States               16 us
[2.789s][info][gc,stats    ]   Choose Collection Set              87 us
[2.789s][info][gc,stats    ]   Rebuild Free Set                   20 us
[2.789s][info][gc,stats    ] Concurrent Thread Roots             115 us, parallelism: 0.98x
[2.789s][info][gc,stats    ]   CTR: <total>                      112 us
[2.790s][info][gc,stats    ]   CTR: Thread Roots                 112 us, workers (us):  64,  48, ---, ---, ---, ---, ---, ---, 
[2.790s][info][gc,stats    ] Concurrent Weak References          117 us, parallelism: 0.52x
[2.790s][info][gc,stats    ]   CWRF: <total>                      61 us
[2.790s][info][gc,stats    ]   CWRF: Weak References              61 us, workers (us):  26,  35, ---, ---, ---, ---, ---, ---, 
[2.790s][info][gc,stats    ] Concurrent Weak Roots               405 us
[2.790s][info][gc,stats    ]   Roots                             271 us, parallelism: 1.77x
[2.790s][info][gc,stats    ]     CWR: <total>                    479 us
[2.790s][info][gc,stats    ]     CWR: VM Weak Roots              479 us, workers (us): 249, 230, ---, ---, ---, ---, ---, ---, 
[2.790s][info][gc,stats    ]   Rendezvous                         97 us
[2.790s][info][gc,stats    ] Concurrent Cleanup                   66 us
[2.790s][info][gc,stats    ] Concurrent Strong Roots             565 us, parallelism: 1.58x
[2.790s][info][gc,stats    ]   CSR: <total>                      892 us
[2.790s][info][gc,stats    ]   CSR: Code Cache Roots             710 us, workers (us): 263, 446, ---, ---, ---, ---, ---, ---, 
[2.790s][info][gc,stats    ]   CSR: VM Strong Roots               11 us, workers (us):   7,   4, ---, ---, ---, ---, ---, ---, 
[2.790s][info][gc,stats    ]   CSR: CLDG Roots                   171 us, workers (us): 171, ---, ---, ---, ---, ---, ---, ---, 
[2.790s][info][gc,stats    ] Concurrent Evacuation              2423 us
[2.790s][info][gc,stats    ] Pause Init Update Refs (G)          165 us
[2.790s][info][gc,stats    ] Pause Init Update Refs (N)           62 us
[2.790s][info][gc,stats    ]   Manage GCLABs                       4 us
[2.790s][info][gc,stats    ] Concurrent Update Refs             2951 us
[2.790s][info][gc,stats    ] Concurrent Update Thread Roots     4343 us
[2.790s][info][gc,stats    ] Pause Final Update Refs (G)         341 us
[2.790s][info][gc,stats    ] Pause Final Update Refs (N)         179 us
[2.790s][info][gc,stats    ]   Update Region States               15 us
[2.790s][info][gc,stats    ]   Trash Collection Set                2 us
[2.790s][info][gc,stats    ]   Rebuild Free Set                   17 us
[2.790s][info][gc,stats    ] Concurrent Cleanup                   73 us
[2.790s][info][gc,stats    ] 
[2.790s][info][gc,stats    ] Allocation pacing accrued:
[2.790s][info][gc,stats    ]       0 of    20 ms (  0.0%): <total>
[2.790s][info][gc,stats    ]       0 of    20 ms (  0.0%): <average total>
[2.790s][info][gc,stats    ] 
[2.790s][info][gc,metaspace] Metaspace: 11100K(11328K)->11101K(11328K) NonClass: 9981K(10112K)->9982K(10112K) Class: 1118K(1216K)->1118K(1216K)
[2.790s][info][gc,ergo     ] Pacer for Idle. Initial: 40642K, Alloc Tax Rate: 1.0x
[2.791s][info][gc          ] Trigger: Start next cycle immediately
[2.791s][info][gc,ergo     ] Free: 1869M, Max: 512K regular, 1866M humongous, Frag: 1% external, 0% internal; Reserve: 101888K, Max: 512K
[2.791s][info][gc,start    ] GC(137) Concurrent reset
[2.791s][info][gc,task     ] GC(137) Using 2 of 8 workers for concurrent reset
[2.791s][info][gc,ergo     ] GC(137) Pacer for Reset. Non-Taxable: 1984M
[2.792s][info][gc          ] GC(137) Concurrent reset 0.274ms
[2.792s][info][gc,start    ] GC(137) Pause Init Mark
[2.792s][info][gc,task     ] GC(137) Using 8 of 8 workers for init marking
[2.792s][info][gc,ergo     ] GC(137) Pacer for Mark. Expected Live: 12424K, Free: 1869M, Non-Taxable: 186M, Alloc Tax Rate: 0.0x
[2.792s][info][gc          ] GC(137) Pause Init Mark 0.047ms
[2.792s][info][gc,start    ] GC(137) Concurrent marking roots
[2.792s][info][gc,task     ] GC(137) Using 2 of 8 workers for concurrent marking roots
[2.793s][info][gc          ] GC(137) Concurrent marking roots 1.725ms
[2.794s][info][gc,start    ] GC(137) Concurrent marking
[2.794s][info][gc,task     ] GC(137) Using 2 of 8 workers for concurrent marking
[2.798s][info][gc          ] GC(137) Concurrent marking 4.301ms
[2.798s][info][gc,start    ] GC(137) Pause Final Mark
[2.798s][info][gc,task     ] GC(137) Using 8 of 8 workers for final marking
[2.799s][info][gc,ergo     ] GC(137) Collectable Garbage: 2285K (96%), Immediate: 0B (0%), CSet: 2285K (96%)
[2.799s][info][gc,ergo     ] GC(137) Pacer for Evacuation. Used CSet: 11776K, Free: 1869M, Non-Taxable: 186M, Alloc Tax Rate: 1.1x
[2.799s][info][gc          ] GC(137) Pause Final Mark 0.914ms
[2.799s][info][gc,start    ] GC(137) Concurrent thread roots
[2.799s][info][gc,task     ] GC(137) Using 2 of 8 workers for Concurrent thread roots
[2.799s][info][gc          ] GC(137) Concurrent thread roots 0.174ms
[2.799s][info][gc,start    ] GC(137) Concurrent weak references
[2.799s][info][gc,task     ] GC(137) Using 2 of 8 workers for concurrent weak references
[2.799s][info][gc,ref      ] GC(137) Encountered references: Soft: 3669, Weak: 1267, Final: 4, Phantom: 585
[2.799s][info][gc,ref      ] GC(137) Discovered  references: Soft: 0, Weak: 508, Final: 1, Phantom: 244
[2.799s][info][gc,ref      ] GC(137) Enqueued    references: Soft: 0, Weak: 0, Final: 0, Phantom: 0
[2.799s][info][gc          ] GC(137) Concurrent weak references 0.117ms
[2.799s][info][gc,start    ] GC(137) Concurrent weak roots
[2.799s][info][gc,task     ] GC(137) Using 2 of 8 workers for concurrent weak root
[2.800s][info][gc          ] GC(137) Concurrent weak roots 0.440ms
[2.800s][info][gc,start    ] GC(137) Concurrent cleanup
[2.800s][info][gc          ] GC(137) Concurrent cleanup 15M->15M(148M) 0.087ms
[2.800s][info][gc,ergo     ] GC(137) Free: 1869M, Max: 512K regular, 1866M humongous, Frag: 1% external, 0% internal; Reserve: 101428K, Max: 512K
[2.800s][info][gc,start    ] GC(137) Concurrent strong roots
[2.800s][info][gc,task     ] GC(137) Using 2 of 8 workers for concurrent strong root
[2.801s][info][gc          ] GC(137) Concurrent strong roots 0.886ms
[2.801s][info][gc,start    ] GC(137) Concurrent evacuation
[2.801s][info][gc,task     ] GC(137) Using 2 of 8 workers for concurrent evacuation
[2.803s][info][gc          ] GC(137) Concurrent evacuation 2.392ms
[2.803s][info][gc,start    ] GC(137) Pause Init Update Refs
[2.803s][info][gc,ergo     ] GC(137) Pacer for Update Refs. Used: 26307K, Free: 1868M, Non-Taxable: 186M, Alloc Tax Rate: 1.1x
[2.803s][info][gc          ] GC(137) Pause Init Update Refs 0.044ms
[2.803s][info][gc,start    ] GC(137) Concurrent update references
[2.803s][info][gc,task     ] GC(137) Using 2 of 8 workers for concurrent reference update
[2.808s][info][gc          ] GC(137) Concurrent update references 4.396ms
[2.808s][info][gc,start    ] GC(137) Concurrent update thread roots
[2.808s][info][gc          ] GC(137) Concurrent update thread roots 0.272ms
[2.808s][info][gc,start    ] GC(137) Pause Final Update Refs
[2.808s][info][gc,task     ] GC(137) Using 8 of 8 workers for final reference update
[2.808s][info][gc          ] GC(137) Pause Final Update Refs 0.102ms
[2.809s][info][gc,start    ] GC(137) Concurrent cleanup
[2.809s][info][gc          ] GC(137) Concurrent cleanup 25M->14M(148M) 0.066ms
[2.809s][info][gc,ergo     ] Free: 1870M, Max: 512K regular, 1866M humongous, Frag: 1% external, 0% internal; Reserve: 101888K, Max: 512K
[2.809s][info][gc,stats    ] 
[2.809s][info][gc,stats    ] All times are wall-clock times, except per-root-class counters, that are sum over
[2.809s][info][gc,stats    ] all workers. Dividing the <total> over the root stage time estimates parallelism.
[2.809s][info][gc,stats    ] 
[2.809s][info][gc,stats    ] Concurrent Reset                    306 us
[2.809s][info][gc,stats    ] Pause Init Mark (G)                  82 us
[2.809s][info][gc,stats    ] Pause Init Mark (N)                  57 us
[2.809s][info][gc,stats    ]   Update Region States               13 us
[2.809s][info][gc,stats    ] Concurrent Mark Roots              1787 us, parallelism: 0.51x
[2.809s][info][gc,stats    ]   CMR: <total>                      910 us
[2.809s][info][gc,stats    ]   CMR: Thread Roots                  86 us, workers (us):  57,  29, ---, ---, ---, ---, ---, ---, 
[2.809s][info][gc,stats    ]   CMR: Code Cache Roots             718 us, workers (us): 355, 363, ---, ---, ---, ---, ---, ---, 
[2.809s][info][gc,stats    ]   CMR: VM Strong Roots                5 us, workers (us):   4,   0, ---, ---, ---, ---, ---, ---, 
[2.809s][info][gc,stats    ]   CMR: CLDG Roots                   101 us, workers (us): 101, ---, ---, ---, ---, ---, ---, ---, 
[2.809s][info][gc,stats    ] Concurrent Marking                 4371 us
[2.809s][info][gc,stats    ] Pause Final Mark (G)                972 us
[2.809s][info][gc,stats    ] Pause Final Mark (N)                948 us
[2.809s][info][gc,stats    ]   Finish Mark                       719 us
[2.809s][info][gc,stats    ]   Update Region States               13 us
[2.809s][info][gc,stats    ]   Choose Collection Set              80 us
[2.809s][info][gc,stats    ]   Rebuild Free Set                   19 us
[2.809s][info][gc,stats    ] Concurrent Thread Roots             188 us, parallelism: 0.73x
[2.809s][info][gc,stats    ]   CTR: <total>                      136 us
[2.809s][info][gc,stats    ]   CTR: Thread Roots                 136 us, workers (us): 136,   0, ---, ---, ---, ---, ---, ---, 
[2.809s][info][gc,stats    ] Concurrent Weak References          130 us, parallelism: 0.41x
[2.809s][info][gc,stats    ]   CWRF: <total>                      53 us
[2.809s][info][gc,stats    ]   CWRF: Weak References              53 us, workers (us):  25,  28, ---, ---, ---, ---, ---, ---, 
[2.809s][info][gc,stats    ] Concurrent Weak Roots               498 us
[2.809s][info][gc,stats    ]   Roots                             308 us, parallelism: 1.72x
[2.809s][info][gc,stats    ]     CWR: <total>                    530 us
[2.809s][info][gc,stats    ]     CWR: VM Weak Roots              530 us, workers (us): 279, 251, ---, ---, ---, ---, ---, ---, 
[2.809s][info][gc,stats    ]   Rendezvous                        105 us
[2.809s][info][gc,stats    ] Concurrent Cleanup                  129 us
[2.809s][info][gc,stats    ] Concurrent Strong Roots             978 us, parallelism: 0.81x
[2.809s][info][gc,stats    ]   CSR: <total>                      789 us
[2.809s][info][gc,stats    ]   CSR: Code Cache Roots             734 us, workers (us): 734,   0, ---, ---, ---, ---, ---, ---, 
[2.810s][info][gc,stats    ]   CSR: VM Strong Roots                4 us, workers (us):   4,   0, ---, ---, ---, ---, ---, ---, 
[2.810s][info][gc,stats    ]   CSR: CLDG Roots                    51 us, workers (us):  51, ---, ---, ---, ---, ---, ---, ---, 
[2.810s][info][gc,stats    ] Concurrent Evacuation              2422 us
[2.810s][info][gc,stats    ] Pause Init Update Refs (G)          164 us
[2.810s][info][gc,stats    ] Pause Init Update Refs (N)           58 us
[2.810s][info][gc,stats    ]   Manage GCLABs                       4 us
[2.810s][info][gc,stats    ] Concurrent Update Refs             4470 us
[2.810s][info][gc,stats    ] Concurrent Update Thread Roots      364 us
[2.810s][info][gc,stats    ] Pause Final Update Refs (G)         246 us
[2.810s][info][gc,stats    ] Pause Final Update Refs (N)         143 us
[2.810s][info][gc,stats    ]   Update Region States               14 us
[2.810s][info][gc,stats    ]   Trash Collection Set                2 us
[2.810s][info][gc,stats    ]   Rebuild Free Set                   17 us
[2.810s][info][gc,stats    ] Concurrent Cleanup                  115 us
[2.810s][info][gc,stats    ] 
[2.810s][info][gc,stats    ] Allocation pacing accrued:
[2.810s][info][gc,stats    ]       0 of    20 ms (  0.0%): <total>
[2.810s][info][gc,stats    ]       0 of    20 ms (  0.0%): <average total>
[2.810s][info][gc,stats    ] 
[2.810s][info][gc,metaspace] Metaspace: 11106K(11328K)->11135K(11392K) NonClass: 9987K(10112K)->10014K(10176K) Class: 1118K(1216K)->1120K(1216K)
[2.810s][info][gc,ergo     ] Pacer for Idle. Initial: 40642K, Alloc Tax Rate: 1.0x
[2.811s][info][gc          ] Trigger: Start next cycle immediately
[2.811s][info][gc,ergo     ] Free: 1870M, Max: 512K regular, 1866M humongous, Frag: 1% external, 0% internal; Reserve: 101888K, Max: 512K
[2.811s][info][gc,start    ] GC(138) Concurrent reset
[2.811s][info][gc,task     ] GC(138) Using 2 of 8 workers for concurrent reset
[2.811s][info][gc,ergo     ] GC(138) Pacer for Reset. Non-Taxable: 1984M
[2.811s][info][gc          ] GC(138) Concurrent reset 0.318ms
[2.812s][info][gc,start    ] GC(138) Pause Init Mark (unload classes)
[2.812s][info][gc,task     ] GC(138) Using 8 of 8 workers for init marking
[2.812s][info][gc,ergo     ] GC(138) Pacer for Mark. Expected Live: 12484K, Free: 1870M, Non-Taxable: 187M, Alloc Tax Rate: 0.0x
[2.812s][info][gc          ] GC(138) Pause Init Mark (unload classes) 0.054ms
[2.812s][info][gc,start    ] GC(138) Concurrent marking roots
[2.812s][info][gc,task     ] GC(138) Using 2 of 8 workers for concurrent marking roots
[2.812s][info][gc          ] GC(138) Concurrent marking roots 0.264ms
[2.812s][info][gc,start    ] GC(138) Concurrent marking (unload classes)
[2.812s][info][gc,task     ] GC(138) Using 2 of 8 workers for concurrent marking
[2.816s][info][gc          ] GC(138) Concurrent marking (unload classes) 4.029ms
[2.816s][info][gc,start    ] GC(138) Pause Final Mark (unload classes)
[2.816s][info][gc,task     ] GC(138) Using 8 of 8 workers for final marking
[2.822s][info][gc,ergo     ] GC(138) Collectable Garbage: 1448K (77%), Immediate: 0B (0%), CSet: 1448K (77%)
[2.822s][info][gc,ergo     ] GC(138) Pacer for Evacuation. Used CSet: 11844K, Free: 1869M, Non-Taxable: 186M, Alloc Tax Rate: 1.1x
[2.822s][info][gc          ] GC(138) Pause Final Mark (unload classes) 5.702ms
[2.822s][info][gc,start    ] GC(138) Concurrent thread roots
[2.822s][info][gc,task     ] GC(138) Using 2 of 8 workers for Concurrent thread roots
[2.822s][info][gc          ] GC(138) Concurrent thread roots 0.093ms
[2.822s][info][gc,start    ] GC(138) Concurrent weak references
[2.822s][info][gc,task     ] GC(138) Using 2 of 8 workers for concurrent weak references
[2.822s][info][gc,ref      ] GC(138) Encountered references: Soft: 3670, Weak: 1267, Final: 4, Phantom: 587
[2.822s][info][gc,ref      ] GC(138) Discovered  references: Soft: 0, Weak: 343, Final: 0, Phantom: 582
[2.822s][info][gc,ref      ] GC(138) Enqueued    references: Soft: 0, Weak: 0, Final: 0, Phantom: 0
[2.822s][info][gc          ] GC(138) Concurrent weak references 0.133ms
[2.822s][info][gc,start    ] GC(138) Concurrent weak roots
[2.822s][info][gc,task     ] GC(138) Using 2 of 8 workers for concurrent weak root
[2.823s][info][gc          ] GC(138) Concurrent weak roots 0.595ms
[2.823s][info][gc,start    ] GC(138) Concurrent cleanup
[2.823s][info][gc          ] GC(138) Concurrent cleanup 15M->15M(148M) 0.095ms
[2.823s][info][gc,ergo     ] GC(138) Free: 1868M, Max: 512K regular, 1866M humongous, Frag: 1% external, 0% internal; Reserve: 101376K, Max: 512K
[2.823s][info][gc,start    ] GC(138) Concurrent class unloading
[2.823s][info][gc,task     ] GC(138) Using 2 of 8 workers for concurrent class unloading
[2.824s][info][gc          ] GC(138) Concurrent class unloading 1.458ms
[2.824s][info][gc,start    ] GC(138) Concurrent strong roots
[2.824s][info][gc,task     ] GC(138) Using 2 of 8 workers for concurrent strong root
[2.825s][info][gc          ] GC(138) Concurrent strong roots 0.805ms
[2.825s][info][gc,start    ] GC(138) Concurrent evacuation
[2.825s][info][gc,task     ] GC(138) Using 2 of 8 workers for concurrent evacuation
[2.828s][info][gc          ] GC(138) Concurrent evacuation 2.378ms
[2.828s][info][gc,start    ] GC(138) Pause Init Update Refs
[2.828s][info][gc,ergo     ] GC(138) Pacer for Update Refs. Used: 27330K, Free: 1868M, Non-Taxable: 186M, Alloc Tax Rate: 1.1x
[2.828s][info][gc          ] GC(138) Pause Init Update Refs 0.028ms
[2.828s][info][gc,start    ] GC(138) Concurrent update references
[2.828s][info][gc,task     ] GC(138) Using 2 of 8 workers for concurrent reference update
[2.833s][info][gc          ] GC(138) Concurrent update references 5.768ms
[2.834s][info][gc,start    ] GC(138) Concurrent update thread roots
[2.834s][info][gc          ] GC(138) Concurrent update thread roots 0.119ms
[2.834s][info][gc,start    ] GC(138) Pause Final Update Refs
[2.834s][info][gc,task     ] GC(138) Using 8 of 8 workers for final reference update
[2.834s][info][gc          ] GC(138) Pause Final Update Refs 0.058ms
[2.834s][info][gc,start    ] GC(138) Concurrent cleanup
[2.834s][info][gc          ] GC(138) Concurrent cleanup 26M->15M(148M) 0.089ms
[2.834s][info][gc,ergo     ] Free: 1869M, Max: 512K regular, 1866M humongous, Frag: 1% external, 0% internal; Reserve: 101888K, Max: 512K
[2.834s][info][gc,stats    ] 
[2.834s][info][gc,stats    ] All times are wall-clock times, except per-root-class counters, that are sum over
[2.834s][info][gc,stats    ] all workers. Dividing the <total> over the root stage time estimates parallelism.
[2.834s][info][gc,stats    ] 
[2.834s][info][gc,stats    ] Concurrent Reset                    350 us
[2.834s][info][gc,stats    ] Pause Init Mark (G)                 153 us
[2.834s][info][gc,stats    ] Pause Init Mark (N)                  64 us
[2.834s][info][gc,stats    ]   Update Region States               15 us
[2.834s][info][gc,stats    ] Concurrent Mark Roots               281 us, parallelism: 0.53x
[2.834s][info][gc,stats    ]   CMR: <total>                      149 us
[2.834s][info][gc,stats    ]   CMR: Thread Roots                  74 us, workers (us):  74,   0, ---, ---, ---, ---, ---, ---, 
[2.834s][info][gc,stats    ]   CMR: VM Strong Roots                5 us, workers (us):   5,   0, ---, ---, ---, ---, ---, ---, 
[2.834s][info][gc,stats    ]   CMR: CLDG Roots                    69 us, workers (us):  69, ---, ---, ---, ---, ---, ---, ---, 
[2.834s][info][gc,stats    ] Concurrent Marking                 4106 us
[2.834s][info][gc,stats    ] Pause Final Mark (G)               5751 us
[2.834s][info][gc,stats    ] Pause Final Mark (N)               5728 us
[2.834s][info][gc,stats    ]   Finish Mark                      5494 us
[2.834s][info][gc,stats    ]   Update Region States               15 us
[2.834s][info][gc,stats    ]   Choose Collection Set              93 us
[2.834s][info][gc,stats    ]   Rebuild Free Set                   20 us
[2.834s][info][gc,stats    ] Concurrent Thread Roots             106 us, parallelism: 0.99x
[2.834s][info][gc,stats    ]   CTR: <total>                      105 us
[2.834s][info][gc,stats    ]   CTR: Thread Roots                 105 us, workers (us):  58,  47, ---, ---, ---, ---, ---, ---, 
[2.834s][info][gc,stats    ] Concurrent Weak References          142 us, parallelism: 0.68x
[2.834s][info][gc,stats    ]   CWRF: <total>                      97 us
[2.834s][info][gc,stats    ]   CWRF: Weak References              97 us, workers (us):  19,  78, ---, ---, ---, ---, ---, ---, 
[2.835s][info][gc,stats    ] Concurrent Weak Roots               617 us
[2.835s][info][gc,stats    ]   Roots                             557 us, parallelism: 1.88x
[2.835s][info][gc,stats    ]     CWR: <total>                   1050 us
[2.835s][info][gc,stats    ]     CWR: Code Cache Roots           554 us, workers (us): 283, 271, ---, ---, ---, ---, ---, ---, 
[2.835s][info][gc,stats    ]     CWR: VM Weak Roots              488 us, workers (us): 246, 243, ---, ---, ---, ---, ---, ---, 
[2.835s][info][gc,stats    ]     CWR: CLDG Roots                   7 us, workers (us): ---,   7, ---, ---, ---, ---, ---, ---, 
[2.835s][info][gc,stats    ]   Rendezvous                         19 us
[2.835s][info][gc,stats    ] Concurrent Cleanup                  137 us
[2.835s][info][gc,stats    ] Concurrent Class Unloading         1491 us
[2.835s][info][gc,stats    ]   Unlink Stale                     1255 us
[2.835s][info][gc,stats    ]     System Dictionary               156 us
[2.835s][info][gc,stats    ]     Weak Class Links                  0 us
[2.835s][info][gc,stats    ]     Code Roots                     1097 us
[2.835s][info][gc,stats    ]   Rendezvous                         19 us
[2.835s][info][gc,stats    ]   Purge Unlinked                    113 us
[2.835s][info][gc,stats    ]     Code Roots                      108 us
[2.835s][info][gc,stats    ]     CLDG                              4 us
[2.835s][info][gc,stats    ]     Exception Caches                  0 us
[2.835s][info][gc,stats    ] Concurrent Strong Roots             870 us, parallelism: 0.23x
[2.835s][info][gc,stats    ]   CSR: <total>                      200 us
[2.835s][info][gc,stats    ]   CSR: VM Strong Roots                9 us, workers (us):   9,   0, ---, ---, ---, ---, ---, ---, 
[2.835s][info][gc,stats    ]   CSR: CLDG Roots                   190 us, workers (us): 190, ---, ---, ---, ---, ---, ---, ---, 
[2.835s][info][gc,stats    ] Concurrent Evacuation              2403 us
[2.835s][info][gc,stats    ] Pause Init Update Refs (G)           54 us
[2.835s][info][gc,stats    ] Pause Init Update Refs (N)           37 us
[2.835s][info][gc,stats    ]   Manage GCLABs                       5 us
[2.835s][info][gc,stats    ] Concurrent Update Refs             5832 us
[2.835s][info][gc,stats    ] Concurrent Update Thread Roots      148 us
[2.835s][info][gc,stats    ] Pause Final Update Refs (G)          82 us
[2.835s][info][gc,stats    ] Pause Final Update Refs (N)          69 us
[2.835s][info][gc,stats    ]   Update Region States               16 us
[2.835s][info][gc,stats    ]   Trash Collection Set                2 us
[2.835s][info][gc,stats    ]   Rebuild Free Set                   17 us
[2.835s][info][gc,stats    ] Concurrent Cleanup                  128 us
[2.835s][info][gc,stats    ] 
[2.835s][info][gc,stats    ] Allocation pacing accrued:
[2.835s][info][gc,stats    ]       0 of    25 ms (  0.0%): <total>
[2.835s][info][gc,stats    ]       0 of    25 ms (  0.0%): <average total>
[2.835s][info][gc,stats    ] 
[2.835s][info][gc,metaspace] Metaspace: 11155K(11392K)->11161K(11392K) NonClass: 10031K(10176K)->10037K(10176K) Class: 1124K(1216K)->1124K(1216K)
[2.835s][info][gc,ergo     ] Pacer for Idle. Initial: 40642K, Alloc Tax Rate: 1.0x
[2.836s][info][gc          ] Trigger: Start next cycle immediately
[2.837s][info][gc,ergo     ] Free: 1869M, Max: 512K regular, 1866M humongous, Frag: 1% external, 0% internal; Reserve: 101888K, Max: 512K
[2.837s][info][gc,start    ] GC(139) Concurrent reset
[2.837s][info][gc,task     ] GC(139) Using 2 of 8 workers for concurrent reset
[2.837s][info][gc,ergo     ] GC(139) Pacer for Reset. Non-Taxable: 1984M
[2.837s][info][gc          ] GC(139) Concurrent reset 0.380ms
[2.837s][info][gc,start    ] GC(139) Pause Init Mark
[2.837s][info][gc,task     ] GC(139) Using 8 of 8 workers for init marking
[2.837s][info][gc,ergo     ] GC(139) Pacer for Mark. Expected Live: 12537K, Free: 1869M, Non-Taxable: 186M, Alloc Tax Rate: 0.0x
[2.837s][info][gc          ] GC(139) Pause Init Mark 0.077ms
[2.837s][info][gc,start    ] GC(139) Concurrent marking roots
[2.837s][info][gc,task     ] GC(139) Using 2 of 8 workers for concurrent marking roots
[2.838s][info][gc          ] GC(139) Concurrent marking roots 0.766ms
[2.838s][info][gc,start    ] GC(139) Concurrent marking
[2.838s][info][gc,task     ] GC(139) Using 2 of 8 workers for concurrent marking
[2.842s][info][gc          ] GC(139) Concurrent marking 3.731ms
[2.842s][info][gc,start    ] GC(139) Pause Final Mark
[2.842s][info][gc,task     ] GC(139) Using 8 of 8 workers for final marking
[2.844s][info][gc,ergo     ] GC(139) Collectable Garbage: 1891K (69%), Immediate: 511K (18%), CSet: 1380K (50%)
[2.844s][info][gc,ergo     ] GC(139) Pacer for Evacuation. Used CSet: 11776K, Free: 1869M, Non-Taxable: 186M, Alloc Tax Rate: 1.1x
[2.844s][info][gc          ] GC(139) Pause Final Mark 2.049ms
[2.844s][info][gc,start    ] GC(139) Concurrent thread roots
[2.844s][info][gc,task     ] GC(139) Using 2 of 8 workers for Concurrent thread roots
[2.844s][info][gc          ] GC(139) Concurrent thread roots 0.101ms
[2.844s][info][gc,start    ] GC(139) Concurrent weak references
[2.844s][info][gc,task     ] GC(139) Using 2 of 8 workers for concurrent weak references
[2.844s][info][gc,ref      ] GC(139) Encountered references: Soft: 3670, Weak: 1267, Final: 4, Phantom: 587
[2.844s][info][gc,ref      ] GC(139) Discovered  references: Soft: 0, Weak: 416, Final: 1, Phantom: 581
[2.844s][info][gc,ref      ] GC(139) Enqueued    references: Soft: 0, Weak: 0, Final: 0, Phantom: 0
[2.844s][info][gc          ] GC(139) Concurrent weak references 0.164ms
[2.844s][info][gc,start    ] GC(139) Concurrent weak roots
[2.844s][info][gc,task     ] GC(139) Using 2 of 8 workers for concurrent weak root
[2.845s][info][gc          ] GC(139) Concurrent weak roots 0.321ms
[2.845s][info][gc,start    ] GC(139) Concurrent cleanup
[2.845s][info][gc          ] GC(139) Concurrent cleanup 15M->15M(148M) 0.078ms
[2.845s][info][gc,ergo     ] GC(139) Free: 1869M, Max: 512K regular, 1866M humongous, Frag: 1% external, 0% internal; Reserve: 101376K, Max: 512K
[2.845s][info][gc,start    ] GC(139) Concurrent strong roots
[2.845s][info][gc,task     ] GC(139) Using 2 of 8 workers for concurrent strong root
[2.845s][info][gc          ] GC(139) Concurrent strong roots 0.573ms
[2.845s][info][gc,start    ] GC(139) Concurrent evacuation
[2.845s][info][gc,task     ] GC(139) Using 2 of 8 workers for concurrent evacuation
[2.848s][info][gc          ] GC(139) Concurrent evacuation 2.228ms
[2.848s][info][gc,start    ] GC(139) Pause Init Update Refs
[2.848s][info][gc,ergo     ] GC(139) Pacer for Update Refs. Used: 26625K, Free: 1869M, Non-Taxable: 186M, Alloc Tax Rate: 1.1x
[2.848s][info][gc          ] GC(139) Pause Init Update Refs 0.040ms
[2.848s][info][gc,start    ] GC(139) Concurrent update references
[2.848s][info][gc,task     ] GC(139) Using 2 of 8 workers for concurrent reference update
[2.858s][info][gc          ] GC(139) Concurrent update references 9.771ms
[2.858s][info][gc,start    ] GC(139) Concurrent update thread roots
[2.861s][info][gc          ] GC(139) Concurrent update thread roots 3.179ms
[2.861s][info][gc,start    ] GC(139) Pause Final Update Refs
[2.862s][info][gc,task     ] GC(139) Using 8 of 8 workers for final reference update
[2.862s][info][gc          ] GC(139) Pause Final Update Refs 0.149ms
[2.862s][info][gc,start    ] GC(139) Concurrent cleanup
[2.862s][info][gc          ] GC(139) Concurrent cleanup 26M->15M(148M) 0.064ms
[2.862s][info][gc,ergo     ] Free: 1869M, Max: 512K regular, 1866M humongous, Frag: 1% external, 0% internal; Reserve: 101888K, Max: 512K
[2.862s][info][gc,stats    ] 
[2.862s][info][gc,stats    ] All times are wall-clock times, except per-root-class counters, that are sum over
[2.862s][info][gc,stats    ] all workers. Dividing the <total> over the root stage time estimates parallelism.
[2.862s][info][gc,stats    ] 
[2.862s][info][gc,stats    ] Concurrent Reset                    445 us
[2.862s][info][gc,stats    ] Pause Init Mark (G)                 115 us
[2.862s][info][gc,stats    ] Pause Init Mark (N)                  92 us
[2.862s][info][gc,stats    ]   Update Region States               19 us
[2.862s][info][gc,stats    ] Concurrent Mark Roots               833 us, parallelism: 1.39x
[2.862s][info][gc,stats    ]   CMR: <total>                     1160 us
[2.862s][info][gc,stats    ]   CMR: Thread Roots                  93 us, workers (us):  15,  78, ---, ---, ---, ---, ---, ---, 
[2.862s][info][gc,stats    ]   CMR: Code Cache Roots             909 us, workers (us): 412, 497, ---, ---, ---, ---, ---, ---, 
[2.862s][info][gc,stats    ]   CMR: VM Strong Roots                6 us, workers (us):   5,   0, ---, ---, ---, ---, ---, ---, 
[2.862s][info][gc,stats    ]   CMR: CLDG Roots                   153 us, workers (us): 153, ---, ---, ---, ---, ---, ---, ---, 
[2.862s][info][gc,stats    ] Concurrent Marking                 3802 us
[2.862s][info][gc,stats    ] Pause Final Mark (G)               2077 us
[2.862s][info][gc,stats    ] Pause Final Mark (N)               2059 us
[2.862s][info][gc,stats    ]   Finish Mark                      1928 us
[2.862s][info][gc,stats    ]   Update Region States               14 us
[2.862s][info][gc,stats    ]   Choose Collection Set              49 us
[2.862s][info][gc,stats    ]   Rebuild Free Set                   16 us
[2.862s][info][gc,stats    ] Concurrent Thread Roots             116 us, parallelism: 0.82x
[2.862s][info][gc,stats    ]   CTR: <total>                       94 us
[2.862s][info][gc,stats    ]   CTR: Thread Roots                  94 us, workers (us):  67,  27, ---, ---, ---, ---, ---, ---, 
[2.862s][info][gc,stats    ] Concurrent Weak References          195 us, parallelism: 0.92x
[2.862s][info][gc,stats    ]   CWRF: <total>                     178 us
[2.862s][info][gc,stats    ]   CWRF: Weak References             178 us, workers (us): 101,  78, ---, ---, ---, ---, ---, ---, 
[2.862s][info][gc,stats    ] Concurrent Weak Roots               370 us
[2.862s][info][gc,stats    ]   Roots                             282 us, parallelism: 1.76x
[2.862s][info][gc,stats    ]     CWR: <total>                    496 us
[2.862s][info][gc,stats    ]     CWR: VM Weak Roots              496 us, workers (us): 256, 240, ---, ---, ---, ---, ---, ---, 
[2.862s][info][gc,stats    ]   Rendezvous                         19 us
[2.862s][info][gc,stats    ] Concurrent Cleanup                  129 us
[2.862s][info][gc,stats    ] Concurrent Strong Roots             638 us, parallelism: 1.45x
[2.863s][info][gc,stats    ]   CSR: <total>                      928 us
[2.863s][info][gc,stats    ]   CSR: Code Cache Roots             739 us, workers (us): 470, 269, ---, ---, ---, ---, ---, ---, 
[2.863s][info][gc,stats    ]   CSR: VM Strong Roots               11 us, workers (us):   8,   3, ---, ---, ---, ---, ---, ---, 
[2.863s][info][gc,stats    ]   CSR: CLDG Roots                   178 us, workers (us): ---, 178, ---, ---, ---, ---, ---, ---, 
[2.863s][info][gc,stats    ] Concurrent Evacuation              2296 us
[2.863s][info][gc,stats    ] Pause Init Update Refs (G)          103 us
[2.863s][info][gc,stats    ] Pause Init Update Refs (N)           66 us
[2.863s][info][gc,stats    ]   Manage GCLABs                       4 us
[2.863s][info][gc,stats    ] Concurrent Update Refs             9797 us
[2.863s][info][gc,stats    ] Concurrent Update Thread Roots     3240 us
[2.863s][info][gc,stats    ] Pause Final Update Refs (G)         797 us
[2.863s][info][gc,stats    ] Pause Final Update Refs (N)         190 us
[2.863s][info][gc,stats    ]   Update Region States               18 us
[2.863s][info][gc,stats    ]   Trash Collection Set                2 us
[2.863s][info][gc,stats    ]   Rebuild Free Set                   18 us
[2.863s][info][gc,stats    ] Concurrent Cleanup                   75 us
[2.863s][info][gc,stats    ] 
[2.863s][info][gc,stats    ] Allocation pacing accrued:
[2.863s][info][gc,stats    ]       0 of    28 ms (  0.0%): <total>
[2.863s][info][gc,stats    ]       0 of    28 ms (  0.0%): <average total>
[2.863s][info][gc,stats    ] 
[2.863s][info][gc,metaspace] Metaspace: 11161K(11392K)->11241K(11456K) NonClass: 10037K(10176K)->10115K(10240K) Class: 1124K(1216K)->1126K(1216K)
[2.863s][info][gc,ergo     ] Pacer for Idle. Initial: 40642K, Alloc Tax Rate: 1.0x
[2.864s][info][gc          ] Trigger: Start next cycle immediately
[2.864s][info][gc,ergo     ] Free: 1869M, Max: 512K regular, 1866M humongous, Frag: 1% external, 0% internal; Reserve: 101888K, Max: 512K
[2.864s][info][gc,start    ] GC(140) Concurrent reset
[2.864s][info][gc,task     ] GC(140) Using 2 of 8 workers for concurrent reset
[2.864s][info][gc,ergo     ] GC(140) Pacer for Reset. Non-Taxable: 1984M
[2.864s][info][gc          ] GC(140) Concurrent reset 0.298ms
[2.865s][info][gc,start    ] GC(140) Pause Init Mark
[2.865s][info][gc,task     ] GC(140) Using 8 of 8 workers for init marking
[2.865s][info][gc,ergo     ] GC(140) Pacer for Mark. Expected Live: 12605K, Free: 1869M, Non-Taxable: 186M, Alloc Tax Rate: 0.0x
[2.865s][info][gc          ] GC(140) Pause Init Mark 0.147ms
[2.865s][info][gc,start    ] GC(140) Concurrent marking roots
[2.865s][info][gc,task     ] GC(140) Using 2 of 8 workers for concurrent marking roots
[2.866s][info][gc          ] GC(140) Concurrent marking roots 0.957ms
[2.866s][info][gc,start    ] GC(140) Concurrent marking
[2.866s][info][gc,task     ] GC(140) Using 2 of 8 workers for concurrent marking
[2.870s][info][gc          ] GC(140) Concurrent marking 3.723ms
[2.870s][info][gc,start    ] GC(140) Pause Final Mark
[2.870s][info][gc,task     ] GC(140) Using 8 of 8 workers for final marking
[2.872s][info][gc,ergo     ] GC(140) Collectable Garbage: 2713K (100%), Immediate: 512K (18%), CSet: 2201K (81%)
[2.872s][info][gc,ergo     ] GC(140) Pacer for Evacuation. Used CSet: 12670K, Free: 1869M, Non-Taxable: 186M, Alloc Tax Rate: 1.1x
[2.872s][info][gc          ] GC(140) Pause Final Mark 2.080ms
[2.872s][info][gc,start    ] GC(140) Concurrent thread roots
[2.872s][info][gc,task     ] GC(140) Using 2 of 8 workers for Concurrent thread roots
[2.872s][info][gc          ] GC(140) Concurrent thread roots 0.160ms
[2.872s][info][gc,start    ] GC(140) Concurrent weak references
[2.872s][info][gc,task     ] GC(140) Using 2 of 8 workers for concurrent weak references
[2.872s][info][gc,ref      ] GC(140) Encountered references: Soft: 3671, Weak: 1266, Final: 4, Phantom: 586
[2.872s][info][gc,ref      ] GC(140) Discovered  references: Soft: 0, Weak: 402, Final: 0, Phantom: 359
[2.872s][info][gc,ref      ] GC(140) Enqueued    references: Soft: 0, Weak: 0, Final: 0, Phantom: 0
[2.872s][info][gc          ] GC(140) Concurrent weak references 0.118ms
[2.873s][info][gc,start    ] GC(140) Concurrent weak roots
[2.873s][info][gc,task     ] GC(140) Using 2 of 8 workers for concurrent weak root
[2.874s][info][gc          ] GC(140) Concurrent weak roots 1.194ms
[2.874s][info][gc,start    ] GC(140) Concurrent cleanup
[2.874s][info][gc          ] GC(140) Concurrent cleanup 17M->16M(148M) 0.080ms
[2.874s][info][gc,ergo     ] GC(140) Free: 1868M, Max: 512K regular, 1866M humongous, Frag: 1% external, 0% internal; Reserve: 100352K, Max: 512K
[2.874s][info][gc,start    ] GC(140) Concurrent strong roots
[2.874s][info][gc,task     ] GC(140) Using 2 of 8 workers for concurrent strong root
[2.875s][info][gc          ] GC(140) Concurrent strong roots 1.070ms
[2.875s][info][gc,start    ] GC(140) Concurrent evacuation
[2.875s][info][gc,task     ] GC(140) Using 2 of 8 workers for concurrent evacuation
[2.878s][info][gc          ] GC(140) Concurrent evacuation 3.316ms
[2.879s][info][gc,start    ] GC(140) Pause Init Update Refs
[2.879s][info][gc,ergo     ] GC(140) Pacer for Update Refs. Used: 27133K, Free: 1868M, Non-Taxable: 186M, Alloc Tax Rate: 1.1x
[2.879s][info][gc          ] GC(140) Pause Init Update Refs 0.053ms
[2.879s][info][gc,start    ] GC(140) Concurrent update references
[2.879s][info][gc,task     ] GC(140) Using 2 of 8 workers for concurrent reference update
[2.881s][info][gc          ] GC(140) Concurrent update references 2.808ms
[2.881s][info][gc,start    ] GC(140) Concurrent update thread roots
[2.882s][info][gc          ] GC(140) Concurrent update thread roots 0.165ms
[2.882s][info][gc,start    ] GC(140) Pause Final Update Refs
[2.882s][info][gc,task     ] GC(140) Using 8 of 8 workers for final reference update
[2.882s][info][gc          ] GC(140) Pause Final Update Refs 0.147ms
[2.882s][info][gc,start    ] GC(140) Concurrent cleanup
[2.882s][info][gc          ] GC(140) Concurrent cleanup 26M->14M(148M) 0.061ms
[2.882s][info][gc,ergo     ] Free: 1870M, Max: 512K regular, 1866M humongous, Frag: 1% external, 0% internal; Reserve: 101888K, Max: 512K
[2.882s][info][gc,stats    ] 
[2.882s][info][gc,stats    ] All times are wall-clock times, except per-root-class counters, that are sum over
[2.882s][info][gc,stats    ] all workers. Dividing the <total> over the root stage time estimates parallelism.
[2.882s][info][gc,stats    ] 
[2.882s][info][gc,stats    ] Concurrent Reset                    332 us
[2.882s][info][gc,stats    ] Pause Init Mark (G)                 673 us
[2.882s][info][gc,stats    ] Pause Init Mark (N)                 193 us
[2.882s][info][gc,stats    ]   Update Region States               17 us
[2.882s][info][gc,stats    ] Concurrent Mark Roots              1021 us, parallelism: 0.88x
[2.882s][info][gc,stats    ]   CMR: <total>                      897 us
[2.882s][info][gc,stats    ]   CMR: Thread Roots                  48 us, workers (us):  48,   0, ---, ---, ---, ---, ---, ---, 
[2.882s][info][gc,stats    ]   CMR: Code Cache Roots             740 us, workers (us): 740,   0, ---, ---, ---, ---, ---, ---, 
[2.882s][info][gc,stats    ]   CMR: VM Strong Roots                5 us, workers (us):   5,   0, ---, ---, ---, ---, ---, ---, 
[2.882s][info][gc,stats    ]   CMR: CLDG Roots                   104 us, workers (us): 104, ---, ---, ---, ---, ---, ---, ---, 
[2.882s][info][gc,stats    ] Concurrent Marking                 3784 us
[2.882s][info][gc,stats    ] Pause Final Mark (G)               2221 us
[2.882s][info][gc,stats    ] Pause Final Mark (N)               2126 us
[2.882s][info][gc,stats    ]   Finish Mark                      1890 us
[2.882s][info][gc,stats    ]   Update Region States               13 us
[2.882s][info][gc,stats    ]   Choose Collection Set              82 us
[2.882s][info][gc,stats    ]   Rebuild Free Set                   21 us
[2.883s][info][gc,stats    ] Concurrent Thread Roots             175 us, parallelism: 0.69x
[2.883s][info][gc,stats    ]   CTR: <total>                      121 us
[2.883s][info][gc,stats    ]   CTR: Thread Roots                 121 us, workers (us): 120,   0, ---, ---, ---, ---, ---, ---, 
[2.883s][info][gc,stats    ] Concurrent Weak References          127 us, parallelism: 0.47x
[2.883s][info][gc,stats    ]   CWRF: <total>                      59 us
[2.883s][info][gc,stats    ]   CWRF: Weak References              59 us, workers (us):  51,   9, ---, ---, ---, ---, ---, ---, 
[2.883s][info][gc,stats    ] Concurrent Weak Roots              1253 us
[2.883s][info][gc,stats    ]   Roots                             290 us, parallelism: 1.73x
[2.883s][info][gc,stats    ]     CWR: <total>                    502 us
[2.883s][info][gc,stats    ]     CWR: VM Weak Roots              502 us, workers (us): 261, 241, ---, ---, ---, ---, ---, ---, 
[2.883s][info][gc,stats    ]   Rendezvous                        885 us
[2.883s][info][gc,stats    ] Concurrent Cleanup                  118 us
[2.883s][info][gc,stats    ] Concurrent Strong Roots            1133 us, parallelism: 0.85x
[2.883s][info][gc,stats    ]   CSR: <total>                      966 us
[2.883s][info][gc,stats    ]   CSR: Code Cache Roots             775 us, workers (us): 775,   0, ---, ---, ---, ---, ---, ---, 
[2.883s][info][gc,stats    ]   CSR: VM Strong Roots               10 us, workers (us):  10,   0, ---, ---, ---, ---, ---, ---, 
[2.883s][info][gc,stats    ]   CSR: CLDG Roots                   181 us, workers (us): 181, ---, ---, ---, ---, ---, ---, ---, 
[2.883s][info][gc,stats    ] Concurrent Evacuation              3380 us
[2.883s][info][gc,stats    ] Pause Init Update Refs (G)          161 us
[2.883s][info][gc,stats    ] Pause Init Update Refs (N)           74 us
[2.883s][info][gc,stats    ]   Manage GCLABs                       5 us
[2.883s][info][gc,stats    ] Concurrent Update Refs             2878 us
[2.883s][info][gc,stats    ] Concurrent Update Thread Roots      181 us
[2.883s][info][gc,stats    ] Pause Final Update Refs (G)         301 us
[2.883s][info][gc,stats    ] Pause Final Update Refs (N)         191 us
[2.883s][info][gc,stats    ]   Update Region States               13 us
[2.883s][info][gc,stats    ]   Trash Collection Set                2 us
[2.883s][info][gc,stats    ]   Rebuild Free Set                   17 us
[2.883s][info][gc,stats    ] Concurrent Cleanup                   72 us
[2.883s][info][gc,stats    ] 
[2.883s][info][gc,stats    ] Allocation pacing accrued:
[2.883s][info][gc,stats    ]       0 of    20 ms (  0.0%): <total>
[2.883s][info][gc,stats    ]       0 of    20 ms (  0.0%): <average total>
[2.883s][info][gc,stats    ] 
[2.883s][info][gc,metaspace] Metaspace: 11328K(11520K)->11492K(11712K) NonClass: 10198K(10304K)->10343K(10496K) Class: 1130K(1216K)->1148K(1216K)
[2.883s][info][gc,ergo     ] Pacer for Idle. Initial: 40642K, Alloc Tax Rate: 1.0x
[2.884s][info][gc          ] Trigger: Start next cycle immediately
[2.884s][info][gc,ergo     ] Free: 1870M, Max: 512K regular, 1866M humongous, Frag: 1% external, 0% internal; Reserve: 101888K, Max: 512K
[2.884s][info][gc,start    ] GC(141) Concurrent reset
[2.885s][info][gc,task     ] GC(141) Using 2 of 8 workers for concurrent reset
[2.885s][info][gc,ergo     ] GC(141) Pacer for Reset. Non-Taxable: 1984M
[2.885s][info][gc          ] GC(141) Concurrent reset 0.312ms
[2.887s][info][gc,start    ] GC(141) Pause Init Mark (unload classes)
[2.887s][info][gc,task     ] GC(141) Using 8 of 8 workers for init marking
[2.887s][info][gc,ergo     ] GC(141) Pacer for Mark. Expected Live: 12643K, Free: 1870M, Non-Taxable: 187M, Alloc Tax Rate: 0.0x
[2.887s][info][gc          ] GC(141) Pause Init Mark (unload classes) 0.068ms
[2.887s][info][gc,start    ] GC(141) Concurrent marking roots
[2.887s][info][gc,task     ] GC(141) Using 2 of 8 workers for concurrent marking roots
[2.887s][info][gc          ] GC(141) Concurrent marking roots 0.191ms
[2.887s][info][gc,start    ] GC(141) Concurrent marking (unload classes)
[2.887s][info][gc,task     ] GC(141) Using 2 of 8 workers for concurrent marking
[2.891s][info][gc          ] GC(141) Concurrent marking (unload classes) 3.513ms
[2.891s][info][gc,start    ] GC(141) Pause Final Mark (unload classes)
[2.891s][info][gc,task     ] GC(141) Using 8 of 8 workers for final marking
[2.894s][info][gc,ergo     ] GC(141) Collectable Garbage: 1791K (100%), Immediate: 0B (0%), CSet: 1791K (100%)
[2.894s][info][gc,ergo     ] GC(141) Pacer for Evacuation. Used CSet: 12283K, Free: 1869M, Non-Taxable: 186M, Alloc Tax Rate: 1.1x
[2.894s][info][gc          ] GC(141) Pause Final Mark (unload classes) 3.600ms
[2.894s][info][gc,start    ] GC(141) Concurrent thread roots
[2.895s][info][gc,task     ] GC(141) Using 2 of 8 workers for Concurrent thread roots
[2.895s][info][gc          ] GC(141) Concurrent thread roots 0.134ms
[2.895s][info][gc,start    ] GC(141) Concurrent weak references
[2.895s][info][gc,task     ] GC(141) Using 2 of 8 workers for concurrent weak references
[2.895s][info][gc,ref      ] GC(141) Encountered references: Soft: 3671, Weak: 1276, Final: 4, Phantom: 587
[2.895s][info][gc,ref      ] GC(141) Discovered  references: Soft: 0, Weak: 498, Final: 4, Phantom: 354
[2.895s][info][gc,ref      ] GC(141) Enqueued    references: Soft: 0, Weak: 2, Final: 0, Phantom: 1
[2.895s][info][gc          ] GC(141) Concurrent weak references 0.144ms
[2.895s][info][gc,start    ] GC(141) Concurrent weak roots
[2.895s][info][gc,task     ] GC(141) Using 2 of 8 workers for concurrent weak root
[2.896s][info][gc          ] GC(141) Concurrent weak roots 0.704ms
[2.896s][info][gc,start    ] GC(141) Concurrent cleanup
[2.896s][info][gc          ] GC(141) Concurrent cleanup 15M->15M(148M) 0.061ms
[2.896s][info][gc,ergo     ] GC(141) Free: 1869M, Max: 512K regular, 1866M humongous, Frag: 1% external, 0% internal; Reserve: 101424K, Max: 512K
[2.896s][info][gc,start    ] GC(141) Concurrent class unloading
[2.896s][info][gc,task     ] GC(141) Using 2 of 8 workers for concurrent class unloading
[2.897s][info][gc          ] GC(141) Concurrent class unloading 1.317ms
[2.897s][info][gc,start    ] GC(141) Concurrent strong roots
[2.897s][info][gc,task     ] GC(141) Using 2 of 8 workers for concurrent strong root
[2.897s][info][gc          ] GC(141) Concurrent strong roots 0.280ms
[2.897s][info][gc,start    ] GC(141) Concurrent evacuation
[2.897s][info][gc,task     ] GC(141) Using 2 of 8 workers for concurrent evacuation
[2.900s][info][gc          ] GC(141) Concurrent evacuation 2.139ms
[2.900s][info][gc,start    ] GC(141) Pause Init Update Refs
[2.900s][info][gc,ergo     ] GC(141) Pacer for Update Refs. Used: 27508K, Free: 1869M, Non-Taxable: 186M, Alloc Tax Rate: 1.1x
[2.900s][info][gc          ] GC(141) Pause Init Update Refs 0.031ms
[2.900s][info][gc,start    ] GC(141) Concurrent update references
[2.900s][info][gc,task     ] GC(141) Using 2 of 8 workers for concurrent reference update
[2.902s][info][gc          ] GC(141) Concurrent update references 2.737ms
[2.902s][info][gc,start    ] GC(141) Concurrent update thread roots
[2.903s][info][gc          ] GC(141) Concurrent update thread roots 0.281ms
[2.903s][info][gc,start    ] GC(141) Pause Final Update Refs
[2.903s][info][gc,task     ] GC(141) Using 8 of 8 workers for final reference update
[2.903s][info][gc          ] GC(141) Pause Final Update Refs 0.053ms
[2.903s][info][gc,start    ] GC(141) Concurrent cleanup
[2.903s][info][gc          ] GC(141) Concurrent cleanup 26M->14M(148M) 0.059ms
[2.903s][info][gc,ergo     ] Free: 1869M, Max: 512K regular, 1865M humongous, Frag: 1% external, 0% internal; Reserve: 101888K, Max: 512K
[2.903s][info][gc,stats    ] 
[2.903s][info][gc,stats    ] All times are wall-clock times, except per-root-class counters, that are sum over
[2.903s][info][gc,stats    ] all workers. Dividing the <total> over the root stage time estimates parallelism.
[2.903s][info][gc,stats    ] 
[2.903s][info][gc,stats    ] Concurrent Reset                    347 us
[2.903s][info][gc,stats    ] Pause Init Mark (G)                2194 us
[2.903s][info][gc,stats    ] Pause Init Mark (N)                  77 us
[2.903s][info][gc,stats    ]   Update Region States               17 us
[2.903s][info][gc,stats    ] Concurrent Mark Roots               207 us, parallelism: 0.77x
[2.903s][info][gc,stats    ]   CMR: <total>                      159 us
[2.903s][info][gc,stats    ]   CMR: Thread Roots                  74 us, workers (us):  10,  63, ---, ---, ---, ---, ---, ---, 
[2.903s][info][gc,stats    ]   CMR: VM Strong Roots                6 us, workers (us):   5,   0, ---, ---, ---, ---, ---, ---, 
[2.903s][info][gc,stats    ]   CMR: CLDG Roots                    80 us, workers (us):  80, ---, ---, ---, ---, ---, ---, ---, 
[2.903s][info][gc,stats    ] Concurrent Marking                 3574 us
[2.903s][info][gc,stats    ] Pause Final Mark (G)               3719 us
[2.903s][info][gc,stats    ] Pause Final Mark (N)               3626 us
[2.903s][info][gc,stats    ]   Finish Mark                      3411 us
[2.903s][info][gc,stats    ]   Update Region States               12 us
[2.903s][info][gc,stats    ]   Choose Collection Set              71 us
[2.903s][info][gc,stats    ]   Rebuild Free Set                   18 us
[2.903s][info][gc,stats    ] Concurrent Thread Roots             147 us, parallelism: 1.04x
[2.903s][info][gc,stats    ]   CTR: <total>                      153 us
[2.904s][info][gc,stats    ]   CTR: Thread Roots                 153 us, workers (us): 101,  52, ---, ---, ---, ---, ---, ---, 
[2.904s][info][gc,stats    ] Concurrent Weak References          153 us, parallelism: 0.39x
[2.904s][info][gc,stats    ]   CWRF: <total>                      59 us
[2.904s][info][gc,stats    ]   CWRF: Weak References              59 us, workers (us):  59,   0, ---, ---, ---, ---, ---, ---, 
[2.904s][info][gc,stats    ] Concurrent Weak Roots               726 us
[2.904s][info][gc,stats    ]   Roots                             586 us, parallelism: 1.85x
[2.904s][info][gc,stats    ]     CWR: <total>                   1087 us
[2.904s][info][gc,stats    ]     CWR: Code Cache Roots           521 us, workers (us): 270, 251, ---, ---, ---, ---, ---, ---, 
[2.904s][info][gc,stats    ]     CWR: VM Weak Roots              560 us, workers (us): 289, 272, ---, ---, ---, ---, ---, ---, 
[2.904s][info][gc,stats    ]     CWR: CLDG Roots                   5 us, workers (us): ---,   5, ---, ---, ---, ---, ---, ---, 
[2.904s][info][gc,stats    ]   Rendezvous                         99 us
[2.904s][info][gc,stats    ] Concurrent Cleanup                  120 us
[2.904s][info][gc,stats    ] Concurrent Class Unloading         1359 us
[2.904s][info][gc,stats    ]   Unlink Stale                     1018 us
[2.904s][info][gc,stats    ]     System Dictionary                83 us
[2.904s][info][gc,stats    ]     Weak Class Links                  0 us
[2.904s][info][gc,stats    ]     Code Roots                      934 us
[2.904s][info][gc,stats    ]   Rendezvous                        100 us
[2.904s][info][gc,stats    ]   Purge Unlinked                    102 us
[2.904s][info][gc,stats    ]     Code Roots                       97 us
[2.904s][info][gc,stats    ]     CLDG                              4 us
[2.904s][info][gc,stats    ]     Exception Caches                  0 us
[2.904s][info][gc,stats    ] Concurrent Strong Roots             328 us, parallelism: 0.58x
[2.904s][info][gc,stats    ]   CSR: <total>                      190 us
[2.904s][info][gc,stats    ]   CSR: VM Strong Roots               13 us, workers (us):   7,   6, ---, ---, ---, ---, ---, ---, 
[2.904s][info][gc,stats    ]   CSR: CLDG Roots                   178 us, workers (us): ---, 178, ---, ---, ---, ---, ---, ---, 
[2.904s][info][gc,stats    ] Concurrent Evacuation              2204 us
[2.904s][info][gc,stats    ] Pause Init Update Refs (G)          125 us
[2.904s][info][gc,stats    ] Pause Init Update Refs (N)           41 us
[2.904s][info][gc,stats    ]   Manage GCLABs                       3 us
[2.904s][info][gc,stats    ] Concurrent Update Refs             2764 us
[2.904s][info][gc,stats    ] Concurrent Update Thread Roots      302 us
[2.904s][info][gc,stats    ] Pause Final Update Refs (G)         109 us
[2.904s][info][gc,stats    ] Pause Final Update Refs (N)          95 us
[2.904s][info][gc,stats    ]   Update Region States               12 us
[2.904s][info][gc,stats    ]   Trash Collection Set                3 us
[2.904s][info][gc,stats    ]   Rebuild Free Set                   16 us
[2.904s][info][gc,stats    ] Concurrent Cleanup                   90 us
[2.904s][info][gc,stats    ] 
[2.904s][info][gc,stats    ] Allocation pacing accrued:
[2.904s][info][gc,stats    ]       0 of    21 ms (  0.0%): <total>
[2.904s][info][gc,stats    ]       0 of    21 ms (  0.0%): <average total>
[2.904s][info][gc,stats    ] 
[2.904s][info][gc,metaspace] Metaspace: 11512K(11712K)->11512K(11712K) NonClass: 10360K(10496K)->10360K(10496K) Class: 1151K(1216K)->1151K(1216K)
[2.904s][info][gc,ergo     ] Pacer for Idle. Initial: 40642K, Alloc Tax Rate: 1.0x
[2.905s][info][gc          ] Trigger: Start next cycle immediately
[2.906s][info][gc,ergo     ] Free: 1869M, Max: 512K regular, 1865M humongous, Frag: 1% external, 0% internal; Reserve: 101888K, Max: 512K
[2.906s][info][gc,start    ] GC(142) Concurrent reset
[2.906s][info][gc,task     ] GC(142) Using 2 of 8 workers for concurrent reset
[2.906s][info][gc,ergo     ] GC(142) Pacer for Reset. Non-Taxable: 1984M
[2.911s][info][gc          ] GC(142) Concurrent reset 5.012ms
[2.911s][info][gc,start    ] GC(142) Pause Init Mark (unload classes)
[2.911s][info][gc,task     ] GC(142) Using 8 of 8 workers for init marking
[2.911s][info][gc,ergo     ] GC(142) Pacer for Mark. Expected Live: 12671K, Free: 1869M, Non-Taxable: 186M, Alloc Tax Rate: 0.0x
[2.911s][info][gc          ] GC(142) Pause Init Mark (unload classes) 0.058ms
[2.911s][info][gc,start    ] GC(142) Concurrent marking roots
[2.911s][info][gc,task     ] GC(142) Using 2 of 8 workers for concurrent marking roots
[2.911s][info][gc          ] GC(142) Concurrent marking roots 0.159ms
[2.911s][info][gc,start    ] GC(142) Concurrent marking (unload classes)
[2.911s][info][gc,task     ] GC(142) Using 2 of 8 workers for concurrent marking
[2.914s][info][gc          ] GC(142) Concurrent marking (unload classes) 3.351ms
[2.914s][info][gc,start    ] GC(142) Pause Final Mark (unload classes)
[2.914s][info][gc,task     ] GC(142) Using 8 of 8 workers for final marking
[2.915s][info][gc,ergo     ] GC(142) Collectable Garbage: 2551K (100%), Immediate: 0B (0%), CSet: 2551K (100%)
[2.915s][info][gc,ergo     ] GC(142) Pacer for Evacuation. Used CSet: 13050K, Free: 1869M, Non-Taxable: 186M, Alloc Tax Rate: 1.1x
[2.915s][info][gc          ] GC(142) Pause Final Mark (unload classes) 0.185ms
[2.915s][info][gc,start    ] GC(142) Concurrent thread roots
[2.915s][info][gc,task     ] GC(142) Using 2 of 8 workers for Concurrent thread roots
[2.915s][info][gc          ] GC(142) Concurrent thread roots 0.082ms
[2.915s][info][gc,start    ] GC(142) Concurrent weak references
[2.915s][info][gc,task     ] GC(142) Using 2 of 8 workers for concurrent weak references
[2.921s][info][gc,ref      ] GC(142) Encountered references: Soft: 3671, Weak: 1274, Final: 4, Phantom: 586
[2.921s][info][gc,ref      ] GC(142) Discovered  references: Soft: 0, Weak: 495, Final: 4, Phantom: 353
[2.921s][info][gc,ref      ] GC(142) Enqueued    references: Soft: 0, Weak: 0, Final: 0, Phantom: 0
[2.921s][info][gc          ] GC(142) Concurrent weak references 6.497ms
[2.921s][info][gc,start    ] GC(142) Concurrent weak roots
[2.921s][info][gc,task     ] GC(142) Using 2 of 8 workers for concurrent weak root
[2.922s][info][gc          ] GC(142) Concurrent weak roots 0.697ms
[2.922s][info][gc,start    ] GC(142) Concurrent cleanup
[2.922s][info][gc          ] GC(142) Concurrent cleanup 16M->16M(148M) 0.083ms
[2.922s][info][gc,ergo     ] GC(142) Free: 1868M, Max: 512K regular, 1865M humongous, Frag: 1% external, 0% internal; Reserve: 100352K, Max: 512K
[2.922s][info][gc,start    ] GC(142) Concurrent class unloading
[2.922s][info][gc,task     ] GC(142) Using 2 of 8 workers for concurrent class unloading
[2.924s][info][gc          ] GC(142) Concurrent class unloading 1.360ms
[2.924s][info][gc,start    ] GC(142) Concurrent strong roots
[2.924s][info][gc,task     ] GC(142) Using 2 of 8 workers for concurrent strong root
[2.924s][info][gc          ] GC(142) Concurrent strong roots 0.271ms
[2.924s][info][gc,start    ] GC(142) Concurrent evacuation
[2.924s][info][gc,task     ] GC(142) Using 2 of 8 workers for concurrent evacuation
[2.928s][info][gc          ] GC(142) Concurrent evacuation 4.311ms
[2.929s][info][gc,start    ] GC(142) Pause Init Update Refs
[2.929s][info][gc,ergo     ] GC(142) Pacer for Update Refs. Used: 27512K, Free: 1868M, Non-Taxable: 186M, Alloc Tax Rate: 1.1x
[2.929s][info][gc          ] GC(142) Pause Init Update Refs 0.089ms
[2.929s][info][gc,start    ] GC(142) Concurrent update references
[2.929s][info][gc,task     ] GC(142) Using 2 of 8 workers for concurrent reference update
[2.932s][info][gc          ] GC(142) Concurrent update references 2.943ms
[2.932s][info][gc,start    ] GC(142) Concurrent update thread roots
[2.932s][info][gc          ] GC(142) Concurrent update thread roots 0.177ms
[2.932s][info][gc,start    ] GC(142) Pause Final Update Refs
[2.932s][info][gc,task     ] GC(142) Using 8 of 8 workers for final reference update
[2.932s][info][gc          ] GC(142) Pause Final Update Refs 0.060ms
[2.932s][info][gc,start    ] GC(142) Concurrent cleanup
[2.932s][info][gc          ] GC(142) Concurrent cleanup 26M->14M(149M) 0.090ms
[2.932s][info][gc,ergo     ] Free: 1870M, Max: 512K regular, 1866M humongous, Frag: 1% external, 0% internal; Reserve: 101888K, Max: 512K
[2.932s][info][gc,stats    ] 
[2.932s][info][gc,stats    ] All times are wall-clock times, except per-root-class counters, that are sum over
[2.932s][info][gc,stats    ] all workers. Dividing the <total> over the root stage time estimates parallelism.
[2.932s][info][gc,stats    ] 
[2.932s][info][gc,stats    ] Concurrent Reset                   5037 us
[2.932s][info][gc,stats    ] Pause Init Mark (G)                 153 us
[2.932s][info][gc,stats    ] Pause Init Mark (N)                  67 us
[2.933s][info][gc,stats    ]   Update Region States               15 us
[2.933s][info][gc,stats    ] Concurrent Mark Roots               213 us, parallelism: 0.87x
[2.933s][info][gc,stats    ]   CMR: <total>                      186 us
[2.933s][info][gc,stats    ]   CMR: Thread Roots                 107 us, workers (us):  15,  92, ---, ---, ---, ---, ---, ---, 
[2.933s][info][gc,stats    ]   CMR: VM Strong Roots                6 us, workers (us):   3,   3, ---, ---, ---, ---, ---, ---, 
[2.933s][info][gc,stats    ]   CMR: CLDG Roots                    72 us, workers (us):  72, ---, ---, ---, ---, ---, ---, ---, 
[2.933s][info][gc,stats    ] Concurrent Marking                 3377 us
[2.933s][info][gc,stats    ] Pause Final Mark (G)                277 us
[2.933s][info][gc,stats    ] Pause Final Mark (N)                195 us
[2.933s][info][gc,stats    ]   Finish Mark                        82 us
[2.933s][info][gc,stats    ]   Update Region States               12 us
[2.933s][info][gc,stats    ]   Choose Collection Set              35 us
[2.933s][info][gc,stats    ]   Rebuild Free Set                   16 us
[2.933s][info][gc,stats    ] Concurrent Thread Roots              95 us, parallelism: 0.84x
[2.933s][info][gc,stats    ]   CTR: <total>                       80 us
[2.933s][info][gc,stats    ]   CTR: Thread Roots                  80 us, workers (us):  51,  28, ---, ---, ---, ---, ---, ---, 
[2.933s][info][gc,stats    ] Concurrent Weak References         6527 us, parallelism: 0.01x
[2.933s][info][gc,stats    ]   CWRF: <total>                      59 us
[2.933s][info][gc,stats    ]   CWRF: Weak References              59 us, workers (us):  57,   2, ---, ---, ---, ---, ---, ---, 
[2.933s][info][gc,stats    ] Concurrent Weak Roots               758 us
[2.933s][info][gc,stats    ]   Roots                             534 us, parallelism: 1.87x
[2.933s][info][gc,stats    ]     CWR: <total>                    999 us
[2.933s][info][gc,stats    ]     CWR: Code Cache Roots           502 us, workers (us): 254, 248, ---, ---, ---, ---, ---, ---, 
[2.933s][info][gc,stats    ]     CWR: VM Weak Roots              493 us, workers (us): 249, 244, ---, ---, ---, ---, ---, ---, 
[2.933s][info][gc,stats    ]     CWR: CLDG Roots                   4 us, workers (us):   4, ---, ---, ---, ---, ---, ---, ---, 
[2.933s][info][gc,stats    ]   Rendezvous                        102 us
[2.933s][info][gc,stats    ] Concurrent Cleanup                  138 us
[2.934s][info][gc,stats    ] Concurrent Class Unloading         1400 us
[2.934s][info][gc,stats    ]   Unlink Stale                     1043 us
[2.934s][info][gc,stats    ]     System Dictionary               116 us
[2.934s][info][gc,stats    ]     Weak Class Links                  0 us
[2.934s][info][gc,stats    ]     Code Roots                      926 us
[2.934s][info][gc,stats    ]   Rendezvous                        122 us
[2.934s][info][gc,stats    ]   Purge Unlinked                    128 us
[2.934s][info][gc,stats    ]     Code Roots                      123 us
[2.934s][info][gc,stats    ]     CLDG                              5 us
[2.934s][info][gc,stats    ]     Exception Caches                  0 us
[2.934s][info][gc,stats    ] Concurrent Strong Roots             323 us, parallelism: 0.60x
[2.934s][info][gc,stats    ]   CSR: <total>                      195 us
[2.934s][info][gc,stats    ]   CSR: VM Strong Roots               18 us, workers (us):  15,   3, ---, ---, ---, ---, ---, ---, 
[2.934s][info][gc,stats    ]   CSR: CLDG Roots                   177 us, workers (us): ---, 177, ---, ---, ---, ---, ---, ---, 
[2.934s][info][gc,stats    ] Concurrent Evacuation              4385 us
[2.934s][info][gc,stats    ] Pause Init Update Refs (G)          295 us
[2.934s][info][gc,stats    ] Pause Init Update Refs (N)          115 us
[2.934s][info][gc,stats    ]   Manage GCLABs                       5 us
[2.934s][info][gc,stats    ] Concurrent Update Refs             3013 us
[2.934s][info][gc,stats    ] Concurrent Update Thread Roots      222 us
[2.934s][info][gc,stats    ] Pause Final Update Refs (G)         152 us
[2.934s][info][gc,stats    ] Pause Final Update Refs (N)         120 us
[2.934s][info][gc,stats    ]   Update Region States               15 us
[2.934s][info][gc,stats    ]   Trash Collection Set                3 us
[2.934s][info][gc,stats    ]   Rebuild Free Set                   19 us
[2.934s][info][gc,stats    ] Concurrent Cleanup                  128 us
[2.934s][info][gc,stats    ] 
[2.934s][info][gc,stats    ] Allocation pacing accrued:
[2.934s][info][gc,stats    ]       0 of    30 ms (  0.0%): <total>
[2.934s][info][gc,stats    ]       0 of    30 ms (  0.0%): <average total>
[2.934s][info][gc,stats    ] 
[2.934s][info][gc,metaspace] Metaspace: 11526K(11776K)->11635K(11904K) NonClass: 10369K(10496K)->10465K(10624K) Class: 1157K(1280K)->1170K(1280K)
[2.934s][info][gc,ergo     ] Pacer for Idle. Initial: 40642K, Alloc Tax Rate: 1.0x
[2.935s][info][gc          ] Trigger: Start next cycle immediately
[2.936s][info][gc,ergo     ] Free: 1870M, Max: 512K regular, 1866M humongous, Frag: 1% external, 0% internal; Reserve: 101888K, Max: 512K
[2.936s][info][gc,start    ] GC(143) Concurrent reset
[2.936s][info][gc,task     ] GC(143) Using 2 of 8 workers for concurrent reset
[2.936s][info][gc,ergo     ] GC(143) Pacer for Reset. Non-Taxable: 1984M
[2.936s][info][gc          ] GC(143) Concurrent reset 0.342ms
[2.942s][info][gc,start    ] GC(143) Pause Init Mark (unload classes)
[2.942s][info][gc,task     ] GC(143) Using 8 of 8 workers for init marking
[2.942s][info][gc,ergo     ] GC(143) Pacer for Mark. Expected Live: 12684K, Free: 1870M, Non-Taxable: 187M, Alloc Tax Rate: 0.0x
[2.942s][info][gc          ] GC(143) Pause Init Mark (unload classes) 0.073ms
[2.942s][info][gc,start    ] GC(143) Concurrent marking roots
[2.943s][info][gc,task     ] GC(143) Using 2 of 8 workers for concurrent marking roots
[2.943s][info][gc          ] GC(143) Concurrent marking roots 0.237ms
[2.943s][info][gc,start    ] GC(143) Concurrent marking (unload classes)
[2.943s][info][gc,task     ] GC(143) Using 2 of 8 workers for concurrent marking
[2.946s][info][gc          ] GC(143) Concurrent marking (unload classes) 3.653ms
[2.947s][info][gc,start    ] GC(143) Pause Final Mark (unload classes)
[2.947s][info][gc,task     ] GC(143) Using 8 of 8 workers for final marking
[2.947s][info][gc,ergo     ] GC(143) Collectable Garbage: 1776K (100%), Immediate: 0B (0%), CSet: 1776K (100%)
[2.947s][info][gc,ergo     ] GC(143) Pacer for Evacuation. Used CSet: 12283K, Free: 1869M, Non-Taxable: 186M, Alloc Tax Rate: 1.1x
[2.947s][info][gc          ] GC(143) Pause Final Mark (unload classes) 0.198ms
[2.947s][info][gc,start    ] GC(143) Concurrent thread roots
[2.947s][info][gc,task     ] GC(143) Using 2 of 8 workers for Concurrent thread roots
[2.947s][info][gc          ] GC(143) Concurrent thread roots 0.150ms
[2.947s][info][gc,start    ] GC(143) Concurrent weak references
[2.947s][info][gc,task     ] GC(143) Using 2 of 8 workers for concurrent weak references
[2.947s][info][gc,ref      ] GC(143) Encountered references: Soft: 3671, Weak: 1274, Final: 4, Phantom: 586
[2.947s][info][gc,ref      ] GC(143) Discovered  references: Soft: 0, Weak: 478, Final: 0, Phantom: 353
[2.947s][info][gc,ref      ] GC(143) Enqueued    references: Soft: 0, Weak: 0, Final: 0, Phantom: 0
[2.947s][info][gc          ] GC(143) Concurrent weak references 0.281ms
[2.947s][info][gc,start    ] GC(143) Concurrent weak roots
[2.947s][info][gc,task     ] GC(143) Using 2 of 8 workers for concurrent weak root
[2.948s][info][gc          ] GC(143) Concurrent weak roots 0.728ms
[2.948s][info][gc,start    ] GC(143) Concurrent cleanup
[2.948s][info][gc          ] GC(143) Concurrent cleanup 15M->15M(149M) 0.082ms
[2.948s][info][gc,ergo     ] GC(143) Free: 1869M, Max: 512K regular, 1866M humongous, Frag: 1% external, 0% internal; Reserve: 101373K, Max: 512K
[2.948s][info][gc,start    ] GC(143) Concurrent class unloading
[2.948s][info][gc,task     ] GC(143) Using 2 of 8 workers for concurrent class unloading
[2.950s][info][gc          ] GC(143) Concurrent class unloading 1.518ms
[2.950s][info][gc,start    ] GC(143) Concurrent strong roots
[2.950s][info][gc,task     ] GC(143) Using 2 of 8 workers for concurrent strong root
[2.950s][info][gc          ] GC(143) Concurrent strong roots 0.275ms
[2.950s][info][gc,start    ] GC(143) Concurrent evacuation
[2.950s][info][gc,task     ] GC(143) Using 2 of 8 workers for concurrent evacuation
[2.952s][info][gc          ] GC(143) Concurrent evacuation 2.295ms
[2.953s][info][gc,start    ] GC(143) Pause Init Update Refs
[2.953s][info][gc,ergo     ] GC(143) Pacer for Update Refs. Used: 27262K, Free: 1869M, Non-Taxable: 186M, Alloc Tax Rate: 1.1x
[2.953s][info][gc          ] GC(143) Pause Init Update Refs 0.036ms
[2.953s][info][gc,start    ] GC(143) Concurrent update references
[2.953s][info][gc,task     ] GC(143) Using 2 of 8 workers for concurrent reference update
[2.958s][info][gc          ] GC(143) Concurrent update references 4.874ms
[2.958s][info][gc,start    ] GC(143) Concurrent update thread roots
[2.958s][info][gc          ] GC(143) Concurrent update thread roots 0.258ms
[2.958s][info][gc,start    ] GC(143) Pause Final Update Refs
[2.958s][info][gc,task     ] GC(143) Using 8 of 8 workers for final reference update
[2.958s][info][gc          ] GC(143) Pause Final Update Refs 0.090ms
[2.958s][info][gc,start    ] GC(143) Concurrent cleanup
[2.958s][info][gc          ] GC(143) Concurrent cleanup 27M->15M(149M) 0.073ms
[2.958s][info][gc,ergo     ] Free: 1869M, Max: 512K regular, 1865M humongous, Frag: 1% external, 0% internal; Reserve: 101888K, Max: 512K
[2.959s][info][gc,stats    ] 
[2.959s][info][gc,stats    ] All times are wall-clock times, except per-root-class counters, that are sum over
[2.959s][info][gc,stats    ] all workers. Dividing the <total> over the root stage time estimates parallelism.
[2.959s][info][gc,stats    ] 
[2.959s][info][gc,stats    ] Concurrent Reset                    382 us
[2.959s][info][gc,stats    ] Pause Init Mark (G)                6459 us
[2.959s][info][gc,stats    ] Pause Init Mark (N)                  84 us
[2.959s][info][gc,stats    ]   Update Region States               18 us
[2.959s][info][gc,stats    ] Concurrent Mark Roots               279 us, parallelism: 0.70x
[2.959s][info][gc,stats    ]   CMR: <total>                      194 us
[2.959s][info][gc,stats    ]   CMR: Thread Roots                 110 us, workers (us):  21,  89, ---, ---, ---, ---, ---, ---, 
[2.959s][info][gc,stats    ]   CMR: VM Strong Roots                5 us, workers (us):   5,   0, ---, ---, ---, ---, ---, ---, 
[2.959s][info][gc,stats    ]   CMR: CLDG Roots                    78 us, workers (us):  78, ---, ---, ---, ---, ---, ---, ---, 
[2.959s][info][gc,stats    ] Concurrent Marking                 3719 us
[2.959s][info][gc,stats    ] Pause Final Mark (G)                328 us
[2.959s][info][gc,stats    ] Pause Final Mark (N)                207 us
[2.959s][info][gc,stats    ]   Finish Mark                        93 us
[2.959s][info][gc,stats    ]   Update Region States               12 us
[2.959s][info][gc,stats    ]   Choose Collection Set              35 us
[2.959s][info][gc,stats    ]   Rebuild Free Set                   16 us
[2.959s][info][gc,stats    ] Concurrent Thread Roots             189 us, parallelism: 0.37x
[2.959s][info][gc,stats    ]   CTR: <total>                       71 us
[2.959s][info][gc,stats    ]   CTR: Thread Roots                  71 us, workers (us):  71,   0, ---, ---, ---, ---, ---, ---, 
[2.959s][info][gc,stats    ] Concurrent Weak References          313 us, parallelism: 0.57x
[2.959s][info][gc,stats    ]   CWRF: <total>                     178 us
[2.959s][info][gc,stats    ]   CWRF: Weak References             178 us, workers (us):  89,  89, ---, ---, ---, ---, ---, ---, 
[2.959s][info][gc,stats    ] Concurrent Weak Roots               788 us
[2.959s][info][gc,stats    ]   Roots                             565 us, parallelism: 1.88x
[2.959s][info][gc,stats    ]     CWR: <total>                   1062 us
[2.959s][info][gc,stats    ]     CWR: Code Cache Roots           569 us, workers (us): 283, 286, ---, ---, ---, ---, ---, ---, 
[2.959s][info][gc,stats    ]     CWR: VM Weak Roots              486 us, workers (us): 244, 242, ---, ---, ---, ---, ---, ---, 
[2.959s][info][gc,stats    ]     CWR: CLDG Roots                   7 us, workers (us): ---,   7, ---, ---, ---, ---, ---, ---, 
[2.959s][info][gc,stats    ]   Rendezvous                         99 us
[2.959s][info][gc,stats    ] Concurrent Cleanup                  120 us
[2.959s][info][gc,stats    ] Concurrent Class Unloading         1559 us
[2.959s][info][gc,stats    ]   Unlink Stale                     1026 us
[2.959s][info][gc,stats    ]     System Dictionary               135 us
[2.959s][info][gc,stats    ]     Weak Class Links                  0 us
[2.959s][info][gc,stats    ]     Code Roots                      889 us
[2.959s][info][gc,stats    ]   Rendezvous                        129 us
[2.959s][info][gc,stats    ]   Purge Unlinked                    282 us
[2.959s][info][gc,stats    ]     Code Roots                      277 us
[2.959s][info][gc,stats    ]     CLDG                              5 us
[2.959s][info][gc,stats    ]     Exception Caches                  0 us
[2.959s][info][gc,stats    ] Concurrent Strong Roots             330 us, parallelism: 0.55x
[2.960s][info][gc,stats    ]   CSR: <total>                      181 us
[2.960s][info][gc,stats    ]   CSR: VM Strong Roots               12 us, workers (us):   8,   4, ---, ---, ---, ---, ---, ---, 
[2.960s][info][gc,stats    ]   CSR: CLDG Roots                   169 us, workers (us): 169, ---, ---, ---, ---, ---, ---, ---, 
[2.960s][info][gc,stats    ] Concurrent Evacuation              2360 us
[2.960s][info][gc,stats    ] Pause Init Update Refs (G)          171 us
[2.960s][info][gc,stats    ] Pause Init Update Refs (N)           50 us
[2.960s][info][gc,stats    ]   Manage GCLABs                       4 us
[2.960s][info][gc,stats    ] Concurrent Update Refs             4958 us
[2.960s][info][gc,stats    ] Concurrent Update Thread Roots      325 us
[2.960s][info][gc,stats    ] Pause Final Update Refs (G)         257 us
[2.960s][info][gc,stats    ] Pause Final Update Refs (N)         163 us
[2.960s][info][gc,stats    ]   Update Region States               18 us
[2.960s][info][gc,stats    ]   Trash Collection Set                4 us
[2.960s][info][gc,stats    ]   Rebuild Free Set                   25 us
[2.960s][info][gc,stats    ] Concurrent Cleanup                  130 us
[2.960s][info][gc,stats    ] 
[2.960s][info][gc,stats    ] Allocation pacing accrued:
[2.960s][info][gc,stats    ]       0 of    26 ms (  0.0%): <total>
[2.960s][info][gc,stats    ]       0 of    26 ms (  0.0%): <average total>
[2.960s][info][gc,stats    ] 
[2.960s][info][gc,metaspace] Metaspace: 11653K(11904K)->11786K(12032K) NonClass: 10479K(10624K)->10603K(10752K) Class: 1174K(1280K)->1182K(1280K)
[2.960s][info][gc,ergo     ] Pacer for Idle. Initial: 40642K, Alloc Tax Rate: 1.0x
[2.961s][info][gc          ] Trigger: Start next cycle immediately
[2.961s][info][gc,ergo     ] Free: 1868M, Max: 512K regular, 1865M humongous, Frag: 1% external, 0% internal; Reserve: 101888K, Max: 512K
[2.961s][info][gc,start    ] GC(144) Concurrent reset
[2.961s][info][gc,task     ] GC(144) Using 2 of 8 workers for concurrent reset
[2.961s][info][gc,ergo     ] GC(144) Pacer for Reset. Non-Taxable: 1984M
[2.962s][info][gc          ] GC(144) Concurrent reset 0.331ms
[2.962s][info][gc,start    ] GC(144) Pause Init Mark (unload classes)
[2.962s][info][gc,task     ] GC(144) Using 8 of 8 workers for init marking
[2.962s][info][gc,ergo     ] GC(144) Pacer for Mark. Expected Live: 12691K, Free: 1868M, Non-Taxable: 186M, Alloc Tax Rate: 0.0x
[2.962s][info][gc          ] GC(144) Pause Init Mark (unload classes) 0.078ms
[2.962s][info][gc,start    ] GC(144) Concurrent marking roots
[2.962s][info][gc,task     ] GC(144) Using 2 of 8 workers for concurrent marking roots
[2.962s][info][gc          ] GC(144) Concurrent marking roots 0.155ms
[2.962s][info][gc,start    ] GC(144) Concurrent marking (unload classes)
[2.962s][info][gc,task     ] GC(144) Using 2 of 8 workers for concurrent marking
[2.968s][info][gc          ] GC(144) Concurrent marking (unload classes) 6.358ms
[2.968s][info][gc,start    ] GC(144) Pause Final Mark (unload classes)
[2.968s][info][gc,task     ] GC(144) Using 8 of 8 workers for final marking
[2.973s][info][gc,ergo     ] GC(144) Collectable Garbage: 3305K (100%), Immediate: 0B (0%), CSet: 3305K (100%)
[2.973s][info][gc,ergo     ] GC(144) Pacer for Evacuation. Used CSet: 13824K, Free: 1868M, Non-Taxable: 186M, Alloc Tax Rate: 1.1x
[2.973s][info][gc          ] GC(144) Pause Final Mark (unload classes) 4.301ms
[2.973s][info][gc,start    ] GC(144) Concurrent thread roots
[2.973s][info][gc,task     ] GC(144) Using 2 of 8 workers for Concurrent thread roots
[2.973s][info][gc          ] GC(144) Concurrent thread roots 0.144ms
[2.973s][info][gc,start    ] GC(144) Concurrent weak references
[2.973s][info][gc,task     ] GC(144) Using 2 of 8 workers for concurrent weak references
[2.973s][info][gc,ref      ] GC(144) Encountered references: Soft: 3673, Weak: 1274, Final: 4, Phantom: 586
[2.973s][info][gc,ref      ] GC(144) Discovered  references: Soft: 0, Weak: 483, Final: 0, Phantom: 353
[2.973s][info][gc,ref      ] GC(144) Enqueued    references: Soft: 0, Weak: 0, Final: 0, Phantom: 0
[2.973s][info][gc          ] GC(144) Concurrent weak references 0.110ms
[2.973s][info][gc,start    ] GC(144) Concurrent weak roots
[2.973s][info][gc,task     ] GC(144) Using 2 of 8 workers for concurrent weak root
[2.974s][info][gc          ] GC(144) Concurrent weak roots 0.606ms
[2.974s][info][gc,start    ] GC(144) Concurrent cleanup
[2.974s][info][gc          ] GC(144) Concurrent cleanup 16M->16M(149M) 0.068ms
[2.974s][info][gc,ergo     ] GC(144) Free: 1868M, Max: 512K regular, 1865M humongous, Frag: 1% external, 0% internal; Reserve: 101373K, Max: 512K
[2.974s][info][gc,start    ] GC(144) Concurrent class unloading
[2.974s][info][gc,task     ] GC(144) Using 2 of 8 workers for concurrent class unloading
[2.978s][info][gc          ] GC(144) Concurrent class unloading 4.283ms
[2.978s][info][gc,start    ] GC(144) Concurrent strong roots
[2.978s][info][gc,task     ] GC(144) Using 2 of 8 workers for concurrent strong root
[2.982s][info][gc          ] GC(144) Concurrent strong roots 3.460ms
[2.982s][info][gc,start    ] GC(144) Concurrent evacuation
[2.982s][info][gc,task     ] GC(144) Using 2 of 8 workers for concurrent evacuation
[2.984s][info][gc          ] GC(144) Concurrent evacuation 2.332ms
[2.984s][info][gc,start    ] GC(144) Pause Init Update Refs
[2.984s][info][gc,ergo     ] GC(144) Pacer for Update Refs. Used: 28742K, Free: 1868M, Non-Taxable: 186M, Alloc Tax Rate: 1.1x
[2.984s][info][gc          ] GC(144) Pause Init Update Refs 0.080ms
[2.984s][info][gc,start    ] GC(144) Concurrent update references
[2.984s][info][gc,task     ] GC(144) Using 2 of 8 workers for concurrent reference update
[2.988s][info][gc          ] GC(144) Concurrent update references 3.363ms
[2.988s][info][gc,start    ] GC(144) Concurrent update thread roots
[2.989s][info][gc          ] GC(144) Concurrent update thread roots 0.750ms
[2.989s][info][gc,start    ] GC(144) Pause Final Update Refs
[2.989s][info][gc,task     ] GC(144) Using 8 of 8 workers for final reference update
[2.989s][info][gc          ] GC(144) Pause Final Update Refs 0.138ms
[2.989s][info][gc,start    ] GC(144) Concurrent cleanup
[2.989s][info][gc          ] GC(144) Concurrent cleanup 28M->14M(149M) 0.065ms
[2.989s][info][gc,ergo     ] Free: 1869M, Max: 512K regular, 1865M humongous, Frag: 1% external, 0% internal; Reserve: 101888K, Max: 512K
[2.989s][info][gc,stats    ] 
[2.989s][info][gc,stats    ] All times are wall-clock times, except per-root-class counters, that are sum over
[2.989s][info][gc,stats    ] all workers. Dividing the <total> over the root stage time estimates parallelism.
[2.989s][info][gc,stats    ] 
[2.989s][info][gc,stats    ] Concurrent Reset                    352 us
[2.989s][info][gc,stats    ] Pause Init Mark (G)                 188 us
[2.989s][info][gc,stats    ] Pause Init Mark (N)                  88 us
[2.989s][info][gc,stats    ]   Update Region States               20 us
[2.989s][info][gc,stats    ] Concurrent Mark Roots               185 us, parallelism: 0.69x
[2.989s][info][gc,stats    ]   CMR: <total>                      127 us
[2.989s][info][gc,stats    ]   CMR: Thread Roots                  50 us, workers (us):   0,  50, ---, ---, ---, ---, ---, ---, 
[2.989s][info][gc,stats    ]   CMR: VM Strong Roots                6 us, workers (us):   4,   2, ---, ---, ---, ---, ---, ---, 
[2.989s][info][gc,stats    ]   CMR: CLDG Roots                    71 us, workers (us):  71, ---, ---, ---, ---, ---, ---, ---, 
[2.989s][info][gc,stats    ] Concurrent Marking                 6383 us
[2.989s][info][gc,stats    ] Pause Final Mark (G)               4334 us
[2.989s][info][gc,stats    ] Pause Final Mark (N)               4311 us
[2.989s][info][gc,stats    ]   Finish Mark                      4180 us
[2.989s][info][gc,stats    ]   Update Region States               15 us
[2.989s][info][gc,stats    ]   Choose Collection Set              50 us
[2.989s][info][gc,stats    ]   Rebuild Free Set                   16 us
[2.989s][info][gc,stats    ] Concurrent Thread Roots             157 us, parallelism: 0.99x
[2.989s][info][gc,stats    ]   CTR: <total>                      155 us
[2.990s][info][gc,stats    ]   CTR: Thread Roots                 155 us, workers (us): 107,  48, ---, ---, ---, ---, ---, ---, 
[2.990s][info][gc,stats    ] Concurrent Weak References          119 us, parallelism: 0.57x
[2.990s][info][gc,stats    ]   CWRF: <total>                      68 us
[2.990s][info][gc,stats    ]   CWRF: Weak References              68 us, workers (us):  34,  34, ---, ---, ---, ---, ---, ---, 
[2.990s][info][gc,stats    ] Concurrent Weak Roots               665 us
[2.990s][info][gc,stats    ]   Roots                             560 us, parallelism: 1.87x
[2.990s][info][gc,stats    ]     CWR: <total>                   1048 us
[2.990s][info][gc,stats    ]     CWR: Code Cache Roots           559 us, workers (us): 276, 283, ---, ---, ---, ---, ---, ---, 
[2.990s][info][gc,stats    ]     CWR: VM Weak Roots              481 us, workers (us): 240, 241, ---, ---, ---, ---, ---, ---, 
[2.990s][info][gc,stats    ]     CWR: CLDG Roots                   8 us, workers (us):   8, ---, ---, ---, ---, ---, ---, ---, 
[2.990s][info][gc,stats    ]   Rendezvous                         28 us
[2.990s][info][gc,stats    ] Concurrent Cleanup                  109 us
[2.990s][info][gc,stats    ] Concurrent Class Unloading         4364 us
[2.990s][info][gc,stats    ]   Unlink Stale                     2052 us
[2.990s][info][gc,stats    ]     System Dictionary                93 us
[2.990s][info][gc,stats    ]     Weak Class Links                  0 us
[2.990s][info][gc,stats    ]     Code Roots                     1958 us
[2.990s][info][gc,stats    ]   Rendezvous                       2151 us
[2.990s][info][gc,stats    ]   Purge Unlinked                      6 us
[2.990s][info][gc,stats    ]     Code Roots                        1 us
[2.990s][info][gc,stats    ]     CLDG                              5 us
[2.990s][info][gc,stats    ]     Exception Caches                  0 us
[2.990s][info][gc,stats    ] Concurrent Strong Roots            3523 us, parallelism: 0.06x
[2.990s][info][gc,stats    ]   CSR: <total>                      206 us
[2.990s][info][gc,stats    ]   CSR: VM Strong Roots               10 us, workers (us):  10,   0, ---, ---, ---, ---, ---, ---, 
[2.990s][info][gc,stats    ]   CSR: CLDG Roots                   196 us, workers (us): 196, ---, ---, ---, ---, ---, ---, ---, 
[2.990s][info][gc,stats    ] Concurrent Evacuation              2393 us
[2.990s][info][gc,stats    ] Pause Init Update Refs (G)          196 us
[2.990s][info][gc,stats    ] Pause Init Update Refs (N)          106 us
[2.990s][info][gc,stats    ]   Manage GCLABs                       4 us
[2.990s][info][gc,stats    ] Concurrent Update Refs             3441 us
[2.990s][info][gc,stats    ] Concurrent Update Thread Roots      788 us
[2.990s][info][gc,stats    ] Pause Final Update Refs (G)         274 us
[2.990s][info][gc,stats    ] Pause Final Update Refs (N)         181 us
[2.990s][info][gc,stats    ]   Update Region States               16 us
[2.990s][info][gc,stats    ]   Trash Collection Set                2 us
[2.990s][info][gc,stats    ]   Rebuild Free Set                   18 us
[2.990s][info][gc,stats    ] Concurrent Cleanup                   76 us
[2.990s][info][gc,stats    ] 
[2.990s][info][gc,stats    ] Allocation pacing accrued:
[2.990s][info][gc,stats    ]       0 of    30 ms (  0.0%): <total>
[2.990s][info][gc,stats    ]       0 of    30 ms (  0.0%): <average total>
[2.990s][info][gc,stats    ] 
[2.990s][info][gc,metaspace] Metaspace: 11830K(12096K)->11886K(12160K) NonClass: 10645K(10816K)->10696K(10880K) Class: 1185K(1280K)->1189K(1280K)
[2.990s][info][gc,ergo     ] Pacer for Idle. Initial: 40642K, Alloc Tax Rate: 1.0x
[2.991s][info][gc          ] Trigger: Start next cycle immediately
[2.991s][info][gc,ergo     ] Free: 1869M, Max: 512K regular, 1865M humongous, Frag: 1% external, 0% internal; Reserve: 101888K, Max: 512K
[2.992s][info][gc,start    ] GC(145) Concurrent reset
[2.992s][info][gc,task     ] GC(145) Using 2 of 8 workers for concurrent reset
[2.992s][info][gc,ergo     ] GC(145) Pacer for Reset. Non-Taxable: 1984M
[2.992s][info][gc          ] GC(145) Concurrent reset 0.285ms
[2.992s][info][gc,start    ] GC(145) Pause Init Mark
[2.992s][info][gc,task     ] GC(145) Using 8 of 8 workers for init marking
[2.992s][info][gc,ergo     ] GC(145) Pacer for Mark. Expected Live: 12675K, Free: 1869M, Non-Taxable: 186M, Alloc Tax Rate: 0.0x
[2.992s][info][gc          ] GC(145) Pause Init Mark 0.129ms
[2.992s][info][gc,start    ] GC(145) Concurrent marking roots
[2.992s][info][gc,task     ] GC(145) Using 2 of 8 workers for concurrent marking roots
[2.993s][info][gc          ] GC(145) Concurrent marking roots 0.597ms
[2.993s][info][gc,start    ] GC(145) Concurrent marking
[2.993s][info][gc,task     ] GC(145) Using 2 of 8 workers for concurrent marking
[3.006s][info][gc          ] GC(145) Concurrent marking 12.747ms
[3.006s][info][gc,start    ] GC(145) Pause Final Mark
[3.006s][info][gc,task     ] GC(145) Using 8 of 8 workers for final marking
[3.008s][info][gc,ergo     ] GC(145) Collectable Garbage: 2720K (100%), Immediate: 0B (0%), CSet: 2720K (100%)
[3.008s][info][gc,ergo     ] GC(145) Pacer for Evacuation. Used CSet: 13251K, Free: 1869M, Non-Taxable: 186M, Alloc Tax Rate: 1.1x
[3.008s][info][gc          ] GC(145) Pause Final Mark 2.460ms
[3.008s][info][gc,start    ] GC(145) Concurrent thread roots
[3.008s][info][gc,task     ] GC(145) Using 2 of 8 workers for Concurrent thread roots
[3.008s][info][gc          ] GC(145) Concurrent thread roots 0.101ms
[3.009s][info][gc,start    ] GC(145) Concurrent weak references
[3.009s][info][gc,task     ] GC(145) Using 2 of 8 workers for concurrent weak references
[3.009s][info][gc,ref      ] GC(145) Encountered references: Soft: 3674, Weak: 1274, Final: 4, Phantom: 586
[3.009s][info][gc,ref      ] GC(145) Discovered  references: Soft: 0, Weak: 509, Final: 1, Phantom: 351
[3.009s][info][gc,ref      ] GC(145) Enqueued    references: Soft: 0, Weak: 0, Final: 0, Phantom: 0
[3.009s][info][gc          ] GC(145) Concurrent weak references 0.139ms
[3.009s][info][gc,start    ] GC(145) Concurrent weak roots
[3.009s][info][gc,task     ] GC(145) Using 2 of 8 workers for concurrent weak root
[3.009s][info][gc          ] GC(145) Concurrent weak roots 0.609ms
[3.009s][info][gc,start    ] GC(145) Concurrent cleanup
[3.009s][info][gc          ] GC(145) Concurrent cleanup 16M->16M(149M) 0.060ms
[3.009s][info][gc,ergo     ] GC(145) Free: 1868M, Max: 512K regular, 1865M humongous, Frag: 1% external, 0% internal; Reserve: 101376K, Max: 512K
[3.010s][info][gc,start    ] GC(145) Concurrent strong roots
[3.010s][info][gc,task     ] GC(145) Using 2 of 8 workers for concurrent strong root
[3.011s][info][gc          ] GC(145) Concurrent strong roots 1.196ms
[3.011s][info][gc,start    ] GC(145) Concurrent evacuation
[3.011s][info][gc,task     ] GC(145) Using 2 of 8 workers for concurrent evacuation
[3.014s][info][gc          ] GC(145) Concurrent evacuation 2.777ms
[3.014s][info][gc,start    ] GC(145) Pause Init Update Refs
[3.014s][info][gc,ergo     ] GC(145) Pacer for Update Refs. Used: 27962K, Free: 1868M, Non-Taxable: 186M, Alloc Tax Rate: 1.1x
[3.014s][info][gc          ] GC(145) Pause Init Update Refs 0.052ms
[3.014s][info][gc,start    ] GC(145) Concurrent update references
[3.014s][info][gc,task     ] GC(145) Using 2 of 8 workers for concurrent reference update
[3.021s][info][gc          ] GC(145) Concurrent update references 7.391ms
[3.021s][info][gc,start    ] GC(145) Concurrent update thread roots
[3.021s][info][gc          ] GC(145) Concurrent update thread roots 0.078ms
[3.021s][info][gc,start    ] GC(145) Pause Final Update Refs
[3.021s][info][gc,task     ] GC(145) Using 8 of 8 workers for final reference update
[3.022s][info][gc          ] GC(145) Pause Final Update Refs 0.094ms
[3.022s][info][gc,start    ] GC(145) Concurrent cleanup
[3.022s][info][gc          ] GC(145) Concurrent cleanup 27M->14M(149M) 0.071ms
[3.022s][info][gc,ergo     ] Free: 1870M, Max: 512K regular, 1865M humongous, Frag: 1% external, 0% internal; Reserve: 101888K, Max: 512K
[3.022s][info][gc,stats    ] 
[3.022s][info][gc,stats    ] All times are wall-clock times, except per-root-class counters, that are sum over
[3.022s][info][gc,stats    ] all workers. Dividing the <total> over the root stage time estimates parallelism.
[3.022s][info][gc,stats    ] 
[3.022s][info][gc,stats    ] Concurrent Reset                    324 us
[3.022s][info][gc,stats    ] Pause Init Mark (G)                 501 us
[3.022s][info][gc,stats    ] Pause Init Mark (N)                 155 us
[3.022s][info][gc,stats    ]   Update Region States               16 us
[3.022s][info][gc,stats    ] Concurrent Mark Roots               619 us, parallelism: 1.63x
[3.022s][info][gc,stats    ]   CMR: <total>                     1011 us
[3.022s][info][gc,stats    ]   CMR: Thread Roots                  72 us, workers (us):  20,  53, ---, ---, ---, ---, ---, ---, 
[3.022s][info][gc,stats    ]   CMR: Code Cache Roots             790 us, workers (us): 481, 309, ---, ---, ---, ---, ---, ---, 
[3.022s][info][gc,stats    ]   CMR: VM Strong Roots                5 us, workers (us):   5,   0, ---, ---, ---, ---, ---, ---, 
[3.022s][info][gc,stats    ]   CMR: CLDG Roots                   143 us, workers (us): ---, 143, ---, ---, ---, ---, ---, ---, 
[3.022s][info][gc,stats    ] Concurrent Marking                12809 us
[3.022s][info][gc,stats    ] Pause Final Mark (G)               2590 us
[3.022s][info][gc,stats    ] Pause Final Mark (N)               2494 us
[3.022s][info][gc,stats    ]   Finish Mark                      2132 us
[3.022s][info][gc,stats    ]   Update Region States               29 us
[3.023s][info][gc,stats    ]   Choose Collection Set             116 us
[3.023s][info][gc,stats    ]   Rebuild Free Set                   38 us
[3.023s][info][gc,stats    ] Concurrent Thread Roots             114 us, parallelism: 0.88x
[3.023s][info][gc,stats    ]   CTR: <total>                      101 us
[3.023s][info][gc,stats    ]   CTR: Thread Roots                 101 us, workers (us):  51,  50, ---, ---, ---, ---, ---, ---, 
[3.023s][info][gc,stats    ] Concurrent Weak References          152 us, parallelism: 0.50x
[3.023s][info][gc,stats    ]   CWRF: <total>                      76 us
[3.023s][info][gc,stats    ]   CWRF: Weak References              76 us, workers (us):  76,   0, ---, ---, ---, ---, ---, ---, 
[3.023s][info][gc,stats    ] Concurrent Weak Roots               650 us
[3.023s][info][gc,stats    ]   Roots                             540 us, parallelism: 0.88x
[3.023s][info][gc,stats    ]     CWR: <total>                    476 us
[3.023s][info][gc,stats    ]     CWR: VM Weak Roots              476 us, workers (us): 476,   0, ---, ---, ---, ---, ---, ---, 
[3.023s][info][gc,stats    ]   Rendezvous                         41 us
[3.023s][info][gc,stats    ] Concurrent Cleanup                  104 us
[3.023s][info][gc,stats    ] Concurrent Strong Roots            1294 us, parallelism: 0.83x
[3.023s][info][gc,stats    ]   CSR: <total>                     1076 us
[3.023s][info][gc,stats    ]   CSR: Code Cache Roots             878 us, workers (us): 878,   0, ---, ---, ---, ---, ---, ---, 
[3.023s][info][gc,stats    ]   CSR: VM Strong Roots               12 us, workers (us):  12,   0, ---, ---, ---, ---, ---, ---, 
[3.023s][info][gc,stats    ]   CSR: CLDG Roots                   186 us, workers (us): 186, ---, ---, ---, ---, ---, ---, ---, 
[3.023s][info][gc,stats    ] Concurrent Evacuation              2815 us
[3.023s][info][gc,stats    ] Pause Init Update Refs (G)          176 us
[3.023s][info][gc,stats    ] Pause Init Update Refs (N)           67 us
[3.023s][info][gc,stats    ]   Manage GCLABs                       6 us
[3.023s][info][gc,stats    ] Concurrent Update Refs             7427 us
[3.023s][info][gc,stats    ] Concurrent Update Thread Roots      141 us
[3.023s][info][gc,stats    ] Pause Final Update Refs (G)         233 us
[3.023s][info][gc,stats    ] Pause Final Update Refs (N)         117 us
[3.023s][info][gc,stats    ]   Update Region States               19 us
[3.023s][info][gc,stats    ]   Trash Collection Set                4 us
[3.023s][info][gc,stats    ]   Rebuild Free Set                   26 us
[3.023s][info][gc,stats    ] Concurrent Cleanup                  131 us
[3.023s][info][gc,stats    ] 
[3.023s][info][gc,stats    ] Allocation pacing accrued:
[3.023s][info][gc,stats    ]       0 of    33 ms (  0.0%): <total>
[3.024s][info][gc,stats    ]       0 of    33 ms (  0.0%): <average total>
[3.024s][info][gc,stats    ] 
[3.024s][info][gc,metaspace] Metaspace: 11886K(12160K)->11891K(12160K) NonClass: 10696K(10880K)->10702K(10880K) Class: 1189K(1280K)->1189K(1280K)
[3.024s][info][gc,ergo     ] Pacer for Idle. Initial: 40642K, Alloc Tax Rate: 1.0x
[3.025s][info][gc          ] Trigger: Start next cycle immediately
[3.025s][info][gc,ergo     ] Free: 1870M, Max: 512K regular, 1865M humongous, Frag: 1% external, 0% internal; Reserve: 101888K, Max: 512K
[3.025s][info][gc,start    ] GC(146) Concurrent reset
[3.025s][info][gc,task     ] GC(146) Using 2 of 8 workers for concurrent reset
[3.025s][info][gc,ergo     ] GC(146) Pacer for Reset. Non-Taxable: 1984M
[3.026s][info][gc          ] GC(146) Concurrent reset 1.380ms
[3.026s][info][gc,start    ] GC(146) Pause Init Mark
[3.027s][info][gc,task     ] GC(146) Using 8 of 8 workers for init marking
[3.027s][info][gc,ergo     ] GC(146) Pacer for Mark. Expected Live: 12686K, Free: 1870M, Non-Taxable: 187M, Alloc Tax Rate: 0.0x
[3.027s][info][gc          ] GC(146) Pause Init Mark 0.194ms
[3.027s][info][gc,start    ] GC(146) Concurrent marking roots
[3.027s][info][gc,task     ] GC(146) Using 2 of 8 workers for concurrent marking roots
[3.028s][info][gc          ] GC(146) Concurrent marking roots 1.158ms
[3.028s][info][gc,start    ] GC(146) Concurrent marking
[3.028s][info][gc,task     ] GC(146) Using 2 of 8 workers for concurrent marking
[3.035s][info][gc          ] GC(146) Concurrent marking 7.004ms
[3.035s][info][gc,start    ] GC(146) Pause Final Mark
[3.035s][info][gc,task     ] GC(146) Using 8 of 8 workers for final marking
[3.035s][info][gc,ergo     ] GC(146) Collectable Garbage: 2004K (100%), Immediate: 0B (0%), CSet: 2004K (100%)
[3.036s][info][gc,ergo     ] GC(146) Pacer for Evacuation. Used CSet: 12532K, Free: 1869M, Non-Taxable: 186M, Alloc Tax Rate: 1.1x
[3.036s][info][gc          ] GC(146) Pause Final Mark 0.420ms
[3.036s][info][gc,start    ] GC(146) Concurrent thread roots
[3.036s][info][gc,task     ] GC(146) Using 2 of 8 workers for Concurrent thread roots
[3.036s][info][gc          ] GC(146) Concurrent thread roots 0.119ms
[3.036s][info][gc,start    ] GC(146) Concurrent weak references
[3.036s][info][gc,task     ] GC(146) Using 2 of 8 workers for concurrent weak references
[3.036s][info][gc,ref      ] GC(146) Encountered references: Soft: 3674, Weak: 1274, Final: 4, Phantom: 586
[3.036s][info][gc,ref      ] GC(146) Discovered  references: Soft: 0, Weak: 509, Final: 1, Phantom: 352
[3.036s][info][gc,ref      ] GC(146) Enqueued    references: Soft: 0, Weak: 0, Final: 0, Phantom: 0
[3.036s][info][gc          ] GC(146) Concurrent weak references 0.172ms
[3.036s][info][gc,start    ] GC(146) Concurrent weak roots
[3.036s][info][gc,task     ] GC(146) Using 2 of 8 workers for concurrent weak root
[3.048s][info][gc          ] GC(146) Concurrent weak roots 11.723ms
[3.048s][info][gc,start    ] GC(146) Concurrent cleanup
[3.048s][info][gc          ] GC(146) Concurrent cleanup 15M->15M(149M) 0.108ms
[3.048s][info][gc,ergo     ] GC(146) Free: 1869M, Max: 512K regular, 1865M humongous, Frag: 1% external, 0% internal; Reserve: 101317K, Max: 512K
[3.048s][info][gc,start    ] GC(146) Concurrent strong roots
[3.048s][info][gc,task     ] GC(146) Using 2 of 8 workers for concurrent strong root
[3.050s][info][gc          ] GC(146) Concurrent strong roots 1.687ms
[3.050s][info][gc,start    ] GC(146) Concurrent evacuation
[3.050s][info][gc,task     ] GC(146) Using 2 of 8 workers for concurrent evacuation
[3.052s][info][gc          ] GC(146) Concurrent evacuation 2.629ms
[3.053s][info][gc,start    ] GC(146) Pause Init Update Refs
[3.053s][info][gc,ergo     ] GC(146) Pacer for Update Refs. Used: 26994K, Free: 1869M, Non-Taxable: 186M, Alloc Tax Rate: 1.1x
[3.053s][info][gc          ] GC(146) Pause Init Update Refs 0.036ms
[3.053s][info][gc,start    ] GC(146) Concurrent update references
[3.053s][info][gc,task     ] GC(146) Using 2 of 8 workers for concurrent reference update
[3.057s][info][gc          ] GC(146) Concurrent update references 4.823ms
[3.058s][info][gc,start    ] GC(146) Concurrent update thread roots
[3.066s][info][gc          ] GC(146) Concurrent update thread roots 8.073ms
[3.066s][info][gc,start    ] GC(146) Pause Final Update Refs
[3.066s][info][gc,task     ] GC(146) Using 8 of 8 workers for final reference update
[3.066s][info][gc          ] GC(146) Pause Final Update Refs 0.186ms
[3.066s][info][gc,start    ] GC(146) Concurrent cleanup
[3.066s][info][gc          ] GC(146) Concurrent cleanup 26M->14M(149M) 0.085ms
[3.066s][info][gc,ergo     ] Free: 1870M, Max: 512K regular, 1866M humongous, Frag: 1% external, 0% internal; Reserve: 101888K, Max: 512K
[3.066s][info][gc,stats    ] 
[3.066s][info][gc,stats    ] All times are wall-clock times, except per-root-class counters, that are sum over
[3.066s][info][gc,stats    ] all workers. Dividing the <total> over the root stage time estimates parallelism.
[3.066s][info][gc,stats    ] 
[3.066s][info][gc,stats    ] Concurrent Reset                   1469 us
[3.067s][info][gc,stats    ] Pause Init Mark (G)                 353 us
[3.067s][info][gc,stats    ] Pause Init Mark (N)                 236 us
[3.067s][info][gc,stats    ]   Update Region States               22 us
[3.067s][info][gc,stats    ] Concurrent Mark Roots              1239 us, parallelism: 0.85x
[3.067s][info][gc,stats    ]   CMR: <total>                     1047 us
[3.067s][info][gc,stats    ]   CMR: Thread Roots                  59 us, workers (us):  59,   0, ---, ---, ---, ---, ---, ---, 
[3.067s][info][gc,stats    ]   CMR: Code Cache Roots             846 us, workers (us): 846,   0, ---, ---, ---, ---, ---, ---, 
[3.067s][info][gc,stats    ]   CMR: VM Strong Roots                5 us, workers (us):   5,   0, ---, ---, ---, ---, ---, ---, 
[3.067s][info][gc,stats    ]   CMR: CLDG Roots                   137 us, workers (us): 137, ---, ---, ---, ---, ---, ---, ---, 
[3.067s][info][gc,stats    ] Concurrent Marking                 7089 us
[3.067s][info][gc,stats    ] Pause Final Mark (G)                573 us
[3.067s][info][gc,stats    ] Pause Final Mark (N)                462 us
[3.067s][info][gc,stats    ]   Finish Mark                       127 us
[3.067s][info][gc,stats    ]   Update Region States               27 us
[3.067s][info][gc,stats    ]   Choose Collection Set              98 us
[3.067s][info][gc,stats    ]   Rebuild Free Set                   38 us
[3.067s][info][gc,stats    ] Concurrent Thread Roots             142 us, parallelism: 0.76x
[3.067s][info][gc,stats    ]   CTR: <total>                      108 us
[3.067s][info][gc,stats    ]   CTR: Thread Roots                 108 us, workers (us):  69,  39, ---, ---, ---, ---, ---, ---, 
[3.067s][info][gc,stats    ] Concurrent Weak References          186 us, parallelism: 0.33x
[3.067s][info][gc,stats    ]   CWRF: <total>                      61 us
[3.067s][info][gc,stats    ]   CWRF: Weak References              61 us, workers (us):  59,   3, ---, ---, ---, ---, ---, ---, 
[3.067s][info][gc,stats    ] Concurrent Weak Roots             11804 us
[3.067s][info][gc,stats    ]   Roots                             668 us, parallelism: 0.70x
[3.067s][info][gc,stats    ]     CWR: <total>                    470 us
[3.067s][info][gc,stats    ]     CWR: VM Weak Roots              470 us, workers (us): 470,   0, ---, ---, ---, ---, ---, ---, 
[3.067s][info][gc,stats    ]   Rendezvous                      11027 us
[3.067s][info][gc,stats    ] Concurrent Cleanup                  149 us
[3.067s][info][gc,stats    ] Concurrent Strong Roots            1795 us, parallelism: 0.88x
[3.067s][info][gc,stats    ]   CSR: <total>                     1578 us
[3.067s][info][gc,stats    ]   CSR: Code Cache Roots            1322 us, workers (us): 1270,  53, ---, ---, ---, ---, ---, ---, 
[3.067s][info][gc,stats    ]   CSR: VM Strong Roots               13 us, workers (us):  13,   0, ---, ---, ---, ---, ---, ---, 
[3.067s][info][gc,stats    ]   CSR: CLDG Roots                   243 us, workers (us): 243, ---, ---, ---, ---, ---, ---, ---, 
[3.067s][info][gc,stats    ] Concurrent Evacuation              2691 us
[3.067s][info][gc,stats    ] Pause Init Update Refs (G)          152 us
[3.067s][info][gc,stats    ] Pause Init Update Refs (N)           51 us
[3.068s][info][gc,stats    ]   Manage GCLABs                       5 us
[3.068s][info][gc,stats    ] Concurrent Update Refs             4902 us
[3.068s][info][gc,stats    ] Concurrent Update Thread Roots     8158 us
[3.068s][info][gc,stats    ] Pause Final Update Refs (G)         373 us
[3.068s][info][gc,stats    ] Pause Final Update Refs (N)         267 us
[3.068s][info][gc,stats    ]   Update Region States               36 us
[3.068s][info][gc,stats    ]   Trash Collection Set                4 us
[3.068s][info][gc,stats    ]   Rebuild Free Set                   36 us
[3.068s][info][gc,stats    ] Concurrent Cleanup                  106 us
[3.068s][info][gc,stats    ] 
[3.068s][info][gc,stats    ] Allocation pacing accrued:
[3.068s][info][gc,stats    ]       0 of    44 ms (  0.0%): <total>
[3.068s][info][gc,stats    ]       0 of    44 ms (  0.0%): <average total>
[3.068s][info][gc,stats    ] 
[3.068s][info][gc,metaspace] Metaspace: 11891K(12160K)->11893K(12160K) NonClass: 10702K(10880K)->10703K(10880K) Class: 1189K(1280K)->1189K(1280K)
[3.068s][info][gc,ergo     ] Pacer for Idle. Initial: 40642K, Alloc Tax Rate: 1.0x
[3.069s][info][gc          ] Trigger: Start next cycle immediately
[3.069s][info][gc,ergo     ] Free: 1870M, Max: 512K regular, 1866M humongous, Frag: 1% external, 0% internal; Reserve: 101888K, Max: 512K
[3.069s][info][gc,start    ] GC(147) Concurrent reset
[3.069s][info][gc,task     ] GC(147) Using 2 of 8 workers for concurrent reset
[3.069s][info][gc,ergo     ] GC(147) Pacer for Reset. Non-Taxable: 1984M
[3.070s][info][gc          ] GC(147) Concurrent reset 0.432ms
[3.072s][info][gc,start    ] GC(147) Pause Init Mark
[3.072s][info][gc,task     ] GC(147) Using 8 of 8 workers for init marking
[3.072s][info][gc,ergo     ] GC(147) Pacer for Mark. Expected Live: 12693K, Free: 1870M, Non-Taxable: 187M, Alloc Tax Rate: 0.0x
[3.072s][info][gc          ] GC(147) Pause Init Mark 0.153ms
[3.072s][info][gc,start    ] GC(147) Concurrent marking roots
[3.072s][info][gc,task     ] GC(147) Using 2 of 8 workers for concurrent marking roots
[3.073s][info][gc          ] GC(147) Concurrent marking roots 1.075ms
[3.073s][info][gc,start    ] GC(147) Concurrent marking
[3.073s][info][gc,task     ] GC(147) Using 2 of 8 workers for concurrent marking
[3.077s][info][gc          ] GC(147) Concurrent marking 3.700ms
[3.077s][info][gc,start    ] GC(147) Pause Final Mark
[3.077s][info][gc,task     ] GC(147) Using 8 of 8 workers for final marking
[3.077s][info][gc,ergo     ] GC(147) Collectable Garbage: 1755K (100%), Immediate: 0B (0%), CSet: 1755K (100%)
[3.077s][info][gc,ergo     ] GC(147) Pacer for Evacuation. Used CSet: 12288K, Free: 1869M, Non-Taxable: 186M, Alloc Tax Rate: 1.1x
[3.077s][info][gc          ] GC(147) Pause Final Mark 0.221ms
[3.077s][info][gc,start    ] GC(147) Concurrent thread roots
[3.077s][info][gc,task     ] GC(147) Using 2 of 8 workers for Concurrent thread roots
[3.077s][info][gc          ] GC(147) Concurrent thread roots 0.074ms
[3.077s][info][gc,start    ] GC(147) Concurrent weak references
[3.077s][info][gc,task     ] GC(147) Using 2 of 8 workers for concurrent weak references
[3.077s][info][gc,ref      ] GC(147) Encountered references: Soft: 3674, Weak: 1274, Final: 4, Phantom: 586
[3.077s][info][gc,ref      ] GC(147) Discovered  references: Soft: 0, Weak: 499, Final: 1, Phantom: 351
[3.077s][info][gc,ref      ] GC(147) Enqueued    references: Soft: 0, Weak: 0, Final: 0, Phantom: 0
[3.077s][info][gc          ] GC(147) Concurrent weak references 0.127ms
[3.077s][info][gc,start    ] GC(147) Concurrent weak roots
[3.077s][info][gc,task     ] GC(147) Using 2 of 8 workers for concurrent weak root
[3.078s][info][gc          ] GC(147) Concurrent weak roots 0.362ms
[3.078s][info][gc,start    ] GC(147) Concurrent cleanup
[3.078s][info][gc          ] GC(147) Concurrent cleanup 15M->15M(149M) 0.058ms
[3.078s][info][gc,ergo     ] GC(147) Free: 1869M, Max: 512K regular, 1866M humongous, Frag: 1% external, 0% internal; Reserve: 101412K, Max: 512K
[3.078s][info][gc,start    ] GC(147) Concurrent strong roots
[3.078s][info][gc,task     ] GC(147) Using 2 of 8 workers for concurrent strong root
[3.079s][info][gc          ] GC(147) Concurrent strong roots 1.229ms
[3.079s][info][gc,start    ] GC(147) Concurrent evacuation
[3.079s][info][gc,task     ] GC(147) Using 2 of 8 workers for concurrent evacuation
[3.082s][info][gc          ] GC(147) Concurrent evacuation 2.526ms
[3.082s][info][gc,start    ] GC(147) Pause Init Update Refs
[3.082s][info][gc,ergo     ] GC(147) Pacer for Update Refs. Used: 27008K, Free: 1869M, Non-Taxable: 186M, Alloc Tax Rate: 1.1x
[3.082s][info][gc          ] GC(147) Pause Init Update Refs 0.024ms
[3.082s][info][gc,start    ] GC(147) Concurrent update references
[3.082s][info][gc,task     ] GC(147) Using 2 of 8 workers for concurrent reference update
[3.086s][info][gc          ] GC(147) Concurrent update references 3.843ms
[3.086s][info][gc,start    ] GC(147) Concurrent update thread roots
[3.086s][info][gc          ] GC(147) Concurrent update thread roots 0.069ms
[3.086s][info][gc,start    ] GC(147) Pause Final Update Refs
[3.086s][info][gc,task     ] GC(147) Using 8 of 8 workers for final reference update
[3.086s][info][gc          ] GC(147) Pause Final Update Refs 0.056ms
[3.086s][info][gc,start    ] GC(147) Concurrent cleanup
[3.086s][info][gc          ] GC(147) Concurrent cleanup 26M->14M(149M) 0.062ms
[3.086s][info][gc,ergo     ] Free: 1870M, Max: 512K regular, 1866M humongous, Frag: 1% external, 0% internal; Reserve: 101888K, Max: 512K
[3.086s][info][gc,stats    ] 
[3.086s][info][gc,stats    ] All times are wall-clock times, except per-root-class counters, that are sum over
[3.086s][info][gc,stats    ] all workers. Dividing the <total> over the root stage time estimates parallelism.
[3.086s][info][gc,stats    ] 
[3.086s][info][gc,stats    ] Concurrent Reset                    519 us
[3.086s][info][gc,stats    ] Pause Init Mark (G)                2299 us
[3.086s][info][gc,stats    ] Pause Init Mark (N)                 186 us
[3.086s][info][gc,stats    ]   Update Region States               18 us
[3.086s][info][gc,stats    ] Concurrent Mark Roots              1100 us, parallelism: 0.96x
[3.086s][info][gc,stats    ]   CMR: <total>                     1055 us
[3.086s][info][gc,stats    ]   CMR: Thread Roots                  85 us, workers (us):  32,  53, ---, ---, ---, ---, ---, ---, 
[3.086s][info][gc,stats    ]   CMR: Code Cache Roots             858 us, workers (us): 858,   0, ---, ---, ---, ---, ---, ---, 
[3.086s][info][gc,stats    ]   CMR: VM Strong Roots                5 us, workers (us):   5,   0, ---, ---, ---, ---, ---, ---, 
[3.086s][info][gc,stats    ]   CMR: CLDG Roots                   106 us, workers (us): 106, ---, ---, ---, ---, ---, ---, ---, 
[3.086s][info][gc,stats    ] Concurrent Marking                 3743 us
[3.086s][info][gc,stats    ] Pause Final Mark (G)                321 us
[3.086s][info][gc,stats    ] Pause Final Mark (N)                231 us
[3.086s][info][gc,stats    ]   Finish Mark                       106 us
[3.086s][info][gc,stats    ]   Update Region States               12 us
[3.086s][info][gc,stats    ]   Choose Collection Set              41 us
[3.086s][info][gc,stats    ]   Rebuild Free Set                   16 us
[3.086s][info][gc,stats    ] Concurrent Thread Roots              87 us, parallelism: 0.89x
[3.086s][info][gc,stats    ]   CTR: <total>                       77 us
[3.086s][info][gc,stats    ]   CTR: Thread Roots                  77 us, workers (us):  35,  42, ---, ---, ---, ---, ---, ---, 
[3.086s][info][gc,stats    ] Concurrent Weak References          134 us, parallelism: 0.50x
[3.086s][info][gc,stats    ]   CWRF: <total>                      67 us
[3.086s][info][gc,stats    ]   CWRF: Weak References              67 us, workers (us):  56,  10, ---, ---, ---, ---, ---, ---, 
[3.086s][info][gc,stats    ] Concurrent Weak Roots               375 us
[3.086s][info][gc,stats    ]   Roots                             312 us, parallelism: 1.78x
[3.086s][info][gc,stats    ]     CWR: <total>                    555 us
[3.086s][info][gc,stats    ]     CWR: VM Weak Roots              555 us, workers (us): 279, 277, ---, ---, ---, ---, ---, ---, 
[3.086s][info][gc,stats    ]   Rendezvous                         37 us
[3.086s][info][gc,stats    ] Concurrent Cleanup                   66 us
[3.087s][info][gc,stats    ] Concurrent Strong Roots            1243 us, parallelism: 0.94x
[3.087s][info][gc,stats    ]   CSR: <total>                     1168 us
[3.087s][info][gc,stats    ]   CSR: Code Cache Roots             920 us, workers (us): 920,   0, ---, ---, ---, ---, ---, ---, 
[3.087s][info][gc,stats    ]   CSR: VM Strong Roots               13 us, workers (us):  12,   0, ---, ---, ---, ---, ---, ---, 
[3.087s][info][gc,stats    ]   CSR: CLDG Roots                   235 us, workers (us): 235, ---, ---, ---, ---, ---, ---, ---, 
[3.087s][info][gc,stats    ] Concurrent Evacuation              2542 us
[3.087s][info][gc,stats    ] Pause Init Update Refs (G)          120 us
[3.087s][info][gc,stats    ] Pause Init Update Refs (N)           33 us
[3.087s][info][gc,stats    ]   Manage GCLABs                       4 us
[3.087s][info][gc,stats    ] Concurrent Update Refs             3875 us
[3.087s][info][gc,stats    ] Concurrent Update Thread Roots       91 us
[3.087s][info][gc,stats    ] Pause Final Update Refs (G)         161 us
[3.087s][info][gc,stats    ] Pause Final Update Refs (N)          66 us
[3.087s][info][gc,stats    ]   Update Region States               12 us
[3.087s][info][gc,stats    ]   Trash Collection Set                3 us
[3.087s][info][gc,stats    ]   Rebuild Free Set                   17 us
[3.087s][info][gc,stats    ] Concurrent Cleanup                   77 us
[3.087s][info][gc,stats    ] 
[3.087s][info][gc,stats    ] Allocation pacing accrued:
[3.087s][info][gc,stats    ]       0 of    19 ms (  0.0%): <total>
[3.087s][info][gc,stats    ]       0 of    19 ms (  0.0%): <average total>
[3.087s][info][gc,stats    ] 
[3.087s][info][gc,metaspace] Metaspace: 11893K(12160K)->11893K(12160K) NonClass: 10703K(10880K)->10703K(10880K) Class: 1189K(1280K)->1189K(1280K)
[3.087s][info][gc,ergo     ] Pacer for Idle. Initial: 40642K, Alloc Tax Rate: 1.0x
[3.088s][info][gc          ] Trigger: Start next cycle immediately
[3.088s][info][gc,ergo     ] Free: 1870M, Max: 512K regular, 1866M humongous, Frag: 1% external, 0% internal; Reserve: 101888K, Max: 512K
[3.088s][info][gc,start    ] GC(148) Concurrent reset
[3.088s][info][gc,task     ] GC(148) Using 2 of 8 workers for concurrent reset
[3.088s][info][gc,ergo     ] GC(148) Pacer for Reset. Non-Taxable: 1984M
[3.088s][info][gc          ] GC(148) Concurrent reset 0.243ms
[3.089s][info][gc,start    ] GC(148) Pause Init Mark
[3.089s][info][gc,task     ] GC(148) Using 8 of 8 workers for init marking
[3.089s][info][gc,ergo     ] GC(148) Pacer for Mark. Expected Live: 12700K, Free: 1870M, Non-Taxable: 187M, Alloc Tax Rate: 0.0x
[3.089s][info][gc          ] GC(148) Pause Init Mark 0.077ms
[3.089s][info][gc,start    ] GC(148) Concurrent marking roots
[3.089s][info][gc,task     ] GC(148) Using 2 of 8 workers for concurrent marking roots
[3.090s][info][gc          ] GC(148) Concurrent marking roots 0.627ms
[3.090s][info][gc,start    ] GC(148) Concurrent marking
[3.090s][info][gc,task     ] GC(148) Using 2 of 8 workers for concurrent marking
[3.096s][info][gc          ] GC(148) Concurrent marking 6.469ms
[3.096s][info][gc,start    ] GC(148) Pause Final Mark
[3.096s][info][gc,task     ] GC(148) Using 8 of 8 workers for final marking
[3.100s][info][gc,ergo     ] GC(148) Collectable Garbage: 2013K (100%), Immediate: 512K (25%), CSet: 1501K (74%)
[3.100s][info][gc,ergo     ] GC(148) Pacer for Evacuation. Used CSet: 12030K, Free: 1869M, Non-Taxable: 186M, Alloc Tax Rate: 1.1x
[3.100s][info][gc          ] GC(148) Pause Final Mark 3.361ms
[3.100s][info][gc,start    ] GC(148) Concurrent thread roots
[3.100s][info][gc,task     ] GC(148) Using 2 of 8 workers for Concurrent thread roots
[3.100s][info][gc          ] GC(148) Concurrent thread roots 0.116ms
[3.100s][info][gc,start    ] GC(148) Concurrent weak references
[3.100s][info][gc,task     ] GC(148) Using 2 of 8 workers for concurrent weak references
[3.100s][info][gc,ref      ] GC(148) Encountered references: Soft: 3674, Weak: 1274, Final: 4, Phantom: 586
[3.100s][info][gc,ref      ] GC(148) Discovered  references: Soft: 0, Weak: 536, Final: 1, Phantom: 352
[3.100s][info][gc,ref      ] GC(148) Enqueued    references: Soft: 0, Weak: 0, Final: 0, Phantom: 0
[3.100s][info][gc          ] GC(148) Concurrent weak references 0.142ms
[3.100s][info][gc,start    ] GC(148) Concurrent weak roots
[3.100s][info][gc,task     ] GC(148) Using 2 of 8 workers for concurrent weak root
[3.101s][info][gc          ] GC(148) Concurrent weak roots 0.413ms
[3.101s][info][gc,start    ] GC(148) Concurrent cleanup
[3.101s][info][gc          ] GC(148) Concurrent cleanup 15M->14M(149M) 0.059ms
[3.101s][info][gc,ergo     ] GC(148) Free: 1869M, Max: 512K regular, 1866M humongous, Frag: 1% external, 0% internal; Reserve: 101376K, Max: 512K
[3.101s][info][gc,start    ] GC(148) Concurrent strong roots
[3.101s][info][gc,task     ] GC(148) Using 2 of 8 workers for concurrent strong root
[3.102s][info][gc          ] GC(148) Concurrent strong roots 0.915ms
[3.102s][info][gc,start    ] GC(148) Concurrent evacuation
[3.102s][info][gc,task     ] GC(148) Using 2 of 8 workers for concurrent evacuation
[3.104s][info][gc          ] GC(148) Concurrent evacuation 2.556ms
[3.104s][info][gc,start    ] GC(148) Pause Init Update Refs
[3.104s][info][gc,ergo     ] GC(148) Pacer for Update Refs. Used: 27476K, Free: 1869M, Non-Taxable: 186M, Alloc Tax Rate: 1.1x
[3.104s][info][gc          ] GC(148) Pause Init Update Refs 0.041ms
[3.104s][info][gc,start    ] GC(148) Concurrent update references
[3.104s][info][gc,task     ] GC(148) Using 2 of 8 workers for concurrent reference update
[3.107s][info][gc          ] GC(148) Concurrent update references 2.858ms
[3.107s][info][gc,start    ] GC(148) Concurrent update thread roots
[3.108s][info][gc          ] GC(148) Concurrent update thread roots 0.353ms
[3.108s][info][gc,start    ] GC(148) Pause Final Update Refs
[3.108s][info][gc,task     ] GC(148) Using 8 of 8 workers for final reference update
[3.108s][info][gc          ] GC(148) Pause Final Update Refs 0.111ms
[3.108s][info][gc,start    ] GC(148) Concurrent cleanup
[3.108s][info][gc          ] GC(148) Concurrent cleanup 26M->15M(149M) 0.066ms
[3.108s][info][gc,ergo     ] Free: 1869M, Max: 512K regular, 1865M humongous, Frag: 1% external, 0% internal; Reserve: 101888K, Max: 512K
[3.108s][info][gc,stats    ] 
[3.108s][info][gc,stats    ] All times are wall-clock times, except per-root-class counters, that are sum over
[3.108s][info][gc,stats    ] all workers. Dividing the <total> over the root stage time estimates parallelism.
[3.108s][info][gc,stats    ] 
[3.108s][info][gc,stats    ] Concurrent Reset                    261 us
[3.108s][info][gc,stats    ] Pause Init Mark (G)                1077 us
[3.108s][info][gc,stats    ] Pause Init Mark (N)                  87 us
[3.108s][info][gc,stats    ]   Update Region States               17 us
[3.108s][info][gc,stats    ] Concurrent Mark Roots               651 us, parallelism: 1.70x
[3.108s][info][gc,stats    ]   CMR: <total>                     1109 us
[3.108s][info][gc,stats    ]   CMR: Thread Roots                  62 us, workers (us):  27,  36, ---, ---, ---, ---, ---, ---, 
[3.108s][info][gc,stats    ]   CMR: Code Cache Roots             925 us, workers (us): 417, 509, ---, ---, ---, ---, ---, ---, 
[3.108s][info][gc,stats    ]   CMR: VM Strong Roots                5 us, workers (us):   5,   1, ---, ---, ---, ---, ---, ---, 
[3.108s][info][gc,stats    ]   CMR: CLDG Roots                   116 us, workers (us): 116, ---, ---, ---, ---, ---, ---, ---, 
[3.108s][info][gc,stats    ] Concurrent Marking                 6490 us
[3.108s][info][gc,stats    ] Pause Final Mark (G)               3462 us
[3.108s][info][gc,stats    ] Pause Final Mark (N)               3370 us
[3.108s][info][gc,stats    ]   Finish Mark                      3220 us
[3.108s][info][gc,stats    ]   Update Region States               15 us
[3.108s][info][gc,stats    ]   Choose Collection Set              62 us
[3.108s][info][gc,stats    ]   Rebuild Free Set                   22 us
[3.108s][info][gc,stats    ] Concurrent Thread Roots             126 us, parallelism: 0.67x
[3.109s][info][gc,stats    ]   CTR: <total>                       85 us
[3.109s][info][gc,stats    ]   CTR: Thread Roots                  85 us, workers (us):  41,  44, ---, ---, ---, ---, ---, ---, 
[3.109s][info][gc,stats    ] Concurrent Weak References          150 us, parallelism: 0.51x
[3.109s][info][gc,stats    ]   CWRF: <total>                      76 us
[3.109s][info][gc,stats    ]   CWRF: Weak References              76 us, workers (us):  75,   1, ---, ---, ---, ---, ---, ---, 
[3.109s][info][gc,stats    ] Concurrent Weak Roots               427 us
[3.109s][info][gc,stats    ]   Roots                             272 us, parallelism: 1.81x
[3.109s][info][gc,stats    ]     CWR: <total>                    491 us
[3.109s][info][gc,stats    ]     CWR: VM Weak Roots              491 us, workers (us): 248, 243, ---, ---, ---, ---, ---, ---, 
[3.109s][info][gc,stats    ]   Rendezvous                        126 us
[3.109s][info][gc,stats    ] Concurrent Cleanup                   69 us
[3.109s][info][gc,stats    ] Concurrent Strong Roots             936 us, parallelism: 1.19x
[3.109s][info][gc,stats    ]   CSR: <total>                     1113 us
[3.109s][info][gc,stats    ]   CSR: Code Cache Roots             917 us, workers (us): 609, 308, ---, ---, ---, ---, ---, ---, 
[3.109s][info][gc,stats    ]   CSR: VM Strong Roots                9 us, workers (us):   9,   0, ---, ---, ---, ---, ---, ---, 
[3.109s][info][gc,stats    ]   CSR: CLDG Roots                   186 us, workers (us): 186, ---, ---, ---, ---, ---, ---, ---, 
[3.109s][info][gc,stats    ] Concurrent Evacuation              2578 us
[3.109s][info][gc,stats    ] Pause Init Update Refs (G)          146 us
[3.109s][info][gc,stats    ] Pause Init Update Refs (N)           52 us
[3.109s][info][gc,stats    ]   Manage GCLABs                       8 us
[3.109s][info][gc,stats    ] Concurrent Update Refs             2881 us
[3.109s][info][gc,stats    ] Concurrent Update Thread Roots      400 us
[3.109s][info][gc,stats    ] Pause Final Update Refs (G)         247 us
[3.109s][info][gc,stats    ] Pause Final Update Refs (N)         153 us
[3.109s][info][gc,stats    ]   Update Region States               13 us
[3.109s][info][gc,stats    ]   Trash Collection Set                2 us
[3.109s][info][gc,stats    ]   Rebuild Free Set                   17 us
[3.109s][info][gc,stats    ] Concurrent Cleanup                  125 us
[3.109s][info][gc,stats    ] 
[3.109s][info][gc,stats    ] Allocation pacing accrued:
[3.109s][info][gc,stats    ]       0 of    22 ms (  0.0%): <total>
[3.109s][info][gc,stats    ]       0 of    22 ms (  0.0%): <average total>
[3.109s][info][gc,stats    ] 
[3.109s][info][gc,metaspace] Metaspace: 11893K(12160K)->11945K(12160K) NonClass: 10703K(10880K)->10750K(10880K) Class: 1189K(1280K)->1195K(1280K)
[3.109s][info][gc,ergo     ] Pacer for Idle. Initial: 40642K, Alloc Tax Rate: 1.0x
[3.110s][info][gc          ] Trigger: Start next cycle immediately
[3.110s][info][gc,ergo     ] Free: 1869M, Max: 512K regular, 1865M humongous, Frag: 1% external, 0% internal; Reserve: 101888K, Max: 512K
[3.110s][info][gc,start    ] GC(149) Concurrent reset
[3.110s][info][gc,task     ] GC(149) Using 2 of 8 workers for concurrent reset
[3.110s][info][gc,ergo     ] GC(149) Pacer for Reset. Non-Taxable: 1984M
[3.111s][info][gc          ] GC(149) Concurrent reset 0.263ms
[3.111s][info][gc,start    ] GC(149) Pause Init Mark
[3.111s][info][gc,task     ] GC(149) Using 8 of 8 workers for init marking
[3.111s][info][gc,ergo     ] GC(149) Pacer for Mark. Expected Live: 12704K, Free: 1869M, Non-Taxable: 186M, Alloc Tax Rate: 0.0x
[3.111s][info][gc          ] GC(149) Pause Init Mark 0.091ms
[3.111s][info][gc,start    ] GC(149) Concurrent marking roots
[3.111s][info][gc,task     ] GC(149) Using 2 of 8 workers for concurrent marking roots
[3.113s][info][gc          ] GC(149) Concurrent marking roots 1.723ms
[3.113s][info][gc,start    ] GC(149) Concurrent marking
[3.113s][info][gc,task     ] GC(149) Using 2 of 8 workers for concurrent marking
[3.117s][info][gc          ] GC(149) Concurrent marking 3.956ms
[3.117s][info][gc,start    ] GC(149) Pause Final Mark
[3.117s][info][gc,task     ] GC(149) Using 8 of 8 workers for final marking
[3.117s][info][gc,ergo     ] GC(149) Collectable Garbage: 2710K (100%), Immediate: 0B (0%), CSet: 2710K (100%)
[3.117s][info][gc,ergo     ] GC(149) Pacer for Evacuation. Used CSet: 13272K, Free: 1868M, Non-Taxable: 186M, Alloc Tax Rate: 1.1x
[3.117s][info][gc          ] GC(149) Pause Final Mark 0.322ms
[3.117s][info][gc,start    ] GC(149) Concurrent thread roots
[3.117s][info][gc,task     ] GC(149) Using 2 of 8 workers for Concurrent thread roots
[3.117s][info][gc          ] GC(149) Concurrent thread roots 0.106ms
[3.117s][info][gc,start    ] GC(149) Concurrent weak references
[3.117s][info][gc,task     ] GC(149) Using 2 of 8 workers for concurrent weak references
[3.118s][info][gc,ref      ] GC(149) Encountered references: Soft: 3674, Weak: 1279, Final: 4, Phantom: 587
[3.118s][info][gc,ref      ] GC(149) Discovered  references: Soft: 0, Weak: 427, Final: 0, Phantom: 354
[3.118s][info][gc,ref      ] GC(149) Enqueued    references: Soft: 0, Weak: 1, Final: 0, Phantom: 1
[3.118s][info][gc          ] GC(149) Concurrent weak references 0.129ms
[3.118s][info][gc,start    ] GC(149) Concurrent weak roots
[3.118s][info][gc,task     ] GC(149) Using 2 of 8 workers for concurrent weak root
[3.118s][info][gc          ] GC(149) Concurrent weak roots 0.430ms
[3.118s][info][gc,start    ] GC(149) Concurrent cleanup
[3.118s][info][gc          ] GC(149) Concurrent cleanup 17M->17M(149M) 0.061ms
[3.118s][info][gc,ergo     ] GC(149) Free: 1867M, Max: 512K regular, 1865M humongous, Frag: 1% external, 0% internal; Reserve: 101376K, Max: 512K
[3.118s][info][gc,start    ] GC(149) Concurrent strong roots
[3.118s][info][gc,task     ] GC(149) Using 2 of 8 workers for concurrent strong root
[3.119s][info][gc          ] GC(149) Concurrent strong roots 1.119ms
[3.119s][info][gc,start    ] GC(149) Concurrent evacuation
[3.119s][info][gc,task     ] GC(149) Using 2 of 8 workers for concurrent evacuation
[3.122s][info][gc          ] GC(149) Concurrent evacuation 2.413ms
[3.122s][info][gc,start    ] GC(149) Pause Init Update Refs
[3.122s][info][gc,ergo     ] GC(149) Pacer for Update Refs. Used: 29268K, Free: 1867M, Non-Taxable: 186M, Alloc Tax Rate: 1.1x
[3.122s][info][gc          ] GC(149) Pause Init Update Refs 0.139ms
[3.122s][info][gc,start    ] GC(149) Concurrent update references
[3.122s][info][gc,task     ] GC(149) Using 2 of 8 workers for concurrent reference update
[3.129s][info][gc          ] GC(149) Concurrent update references 6.775ms
[3.129s][info][gc,start    ] GC(149) Concurrent update thread roots
[3.129s][info][gc          ] GC(149) Concurrent update thread roots 0.282ms
[3.129s][info][gc,start    ] GC(149) Pause Final Update Refs
[3.130s][info][gc,task     ] GC(149) Using 8 of 8 workers for final reference update
[3.130s][info][gc          ] GC(149) Pause Final Update Refs 0.189ms
[3.130s][info][gc,start    ] GC(149) Concurrent cleanup
[3.130s][info][gc          ] GC(149) Concurrent cleanup 28M->15M(149M) 0.072ms
[3.130s][info][gc,ergo     ] Free: 1868M, Max: 512K regular, 1865M humongous, Frag: 1% external, 0% internal; Reserve: 101888K, Max: 512K
[3.130s][info][gc,stats    ] 
[3.130s][info][gc,stats    ] All times are wall-clock times, except per-root-class counters, that are sum over
[3.130s][info][gc,stats    ] all workers. Dividing the <total> over the root stage time estimates parallelism.
[3.130s][info][gc,stats    ] 
[3.130s][info][gc,stats    ] Concurrent Reset                    312 us
[3.130s][info][gc,stats    ] Pause Init Mark (G)                 272 us
[3.130s][info][gc,stats    ] Pause Init Mark (N)                 101 us
[3.130s][info][gc,stats    ]   Update Region States               16 us
[3.130s][info][gc,stats    ] Concurrent Mark Roots              1795 us, parallelism: 0.49x
[3.130s][info][gc,stats    ]   CMR: <total>                      885 us
[3.130s][info][gc,stats    ]   CMR: Thread Roots                  40 us, workers (us):  40,   0, ---, ---, ---, ---, ---, ---, 
[3.130s][info][gc,stats    ]   CMR: Code Cache Roots             737 us, workers (us): 737,   0, ---, ---, ---, ---, ---, ---, 
[3.130s][info][gc,stats    ]   CMR: VM Strong Roots                5 us, workers (us):   5,   0, ---, ---, ---, ---, ---, ---, 
[3.130s][info][gc,stats    ]   CMR: CLDG Roots                   103 us, workers (us): 103, ---, ---, ---, ---, ---, ---, ---, 
[3.130s][info][gc,stats    ] Concurrent Marking                 4012 us
[3.130s][info][gc,stats    ] Pause Final Mark (G)                511 us
[3.130s][info][gc,stats    ] Pause Final Mark (N)                356 us
[3.130s][info][gc,stats    ]   Finish Mark                       113 us
[3.130s][info][gc,stats    ]   Update Region States               12 us
[3.130s][info][gc,stats    ]   Choose Collection Set              68 us
[3.130s][info][gc,stats    ]   Rebuild Free Set                   19 us
[3.130s][info][gc,stats    ] Concurrent Thread Roots             117 us, parallelism: 0.66x
[3.130s][info][gc,stats    ]   CTR: <total>                       77 us
[3.130s][info][gc,stats    ]   CTR: Thread Roots                  77 us, workers (us):  77,   0, ---, ---, ---, ---, ---, ---, 
[3.130s][info][gc,stats    ] Concurrent Weak References          139 us, parallelism: 0.51x
[3.130s][info][gc,stats    ]   CWRF: <total>                      71 us
[3.130s][info][gc,stats    ]   CWRF: Weak References              71 us, workers (us):  63,   8, ---, ---, ---, ---, ---, ---, 
[3.130s][info][gc,stats    ] Concurrent Weak Roots               481 us
[3.130s][info][gc,stats    ]   Roots                             315 us, parallelism: 1.66x
[3.130s][info][gc,stats    ]     CWR: <total>                    521 us
[3.130s][info][gc,stats    ]     CWR: VM Weak Roots              521 us, workers (us): 286, 235, ---, ---, ---, ---, ---, ---, 
[3.130s][info][gc,stats    ]   Rendezvous                         97 us
[3.130s][info][gc,stats    ] Concurrent Cleanup                   99 us
[3.130s][info][gc,stats    ] Concurrent Strong Roots            1168 us, parallelism: 0.87x
[3.130s][info][gc,stats    ]   CSR: <total>                     1020 us
[3.130s][info][gc,stats    ]   CSR: Code Cache Roots             830 us, workers (us): 830,   0, ---, ---, ---, ---, ---, ---, 
[3.130s][info][gc,stats    ]   CSR: VM Strong Roots                8 us, workers (us):   8,   0, ---, ---, ---, ---, ---, ---, 
[3.130s][info][gc,stats    ]   CSR: CLDG Roots                   182 us, workers (us): 182, ---, ---, ---, ---, ---, ---, ---, 
[3.131s][info][gc,stats    ] Concurrent Evacuation              2523 us
[3.131s][info][gc,stats    ] Pause Init Update Refs (G)          282 us
[3.131s][info][gc,stats    ] Pause Init Update Refs (N)          183 us
[3.131s][info][gc,stats    ]   Manage GCLABs                       6 us
[3.131s][info][gc,stats    ] Concurrent Update Refs             6814 us
[3.131s][info][gc,stats    ] Concurrent Update Thread Roots      311 us
[3.131s][info][gc,stats    ] Pause Final Update Refs (G)         392 us
[3.131s][info][gc,stats    ] Pause Final Update Refs (N)         260 us
[3.131s][info][gc,stats    ]   Update Region States               21 us
[3.131s][info][gc,stats    ]   Trash Collection Set                4 us
[3.131s][info][gc,stats    ]   Rebuild Free Set                   26 us
[3.131s][info][gc,stats    ] Concurrent Cleanup                   84 us
[3.131s][info][gc,stats    ] 
[3.131s][info][gc,stats    ] Allocation pacing accrued:
[3.131s][info][gc,stats    ]       0 of    22 ms (  0.0%): <total>
[3.131s][info][gc,stats    ]       0 of    22 ms (  0.0%): <average total>
[3.131s][info][gc,stats    ] 
[3.131s][info][gc,metaspace] Metaspace: 11945K(12160K)->11952K(12160K) NonClass: 10750K(10880K)->10756K(10880K) Class: 1195K(1280K)->1196K(1280K)
[3.131s][info][gc,ergo     ] Pacer for Idle. Initial: 40642K, Alloc Tax Rate: 1.0x
[3.132s][info][gc          ] Trigger: Start next cycle immediately
[3.132s][info][gc,ergo     ] Free: 1868M, Max: 512K regular, 1865M humongous, Frag: 1% external, 0% internal; Reserve: 101888K, Max: 512K
[3.132s][info][gc,start    ] GC(150) Concurrent reset
[3.132s][info][gc,task     ] GC(150) Using 2 of 8 workers for concurrent reset
[3.132s][info][gc,ergo     ] GC(150) Pacer for Reset. Non-Taxable: 1984M
[3.132s][info][gc          ] GC(150) Concurrent reset 0.299ms
[3.136s][info][gc,start    ] GC(150) Pause Init Mark (unload classes)
[3.136s][info][gc,task     ] GC(150) Using 8 of 8 workers for init marking
[3.136s][info][gc,ergo     ] GC(150) Pacer for Mark. Expected Live: 12713K, Free: 1868M, Non-Taxable: 186M, Alloc Tax Rate: 0.0x
[3.136s][info][gc          ] GC(150) Pause Init Mark (unload classes) 0.084ms
[3.136s][info][gc,start    ] GC(150) Concurrent marking roots
[3.136s][info][gc,task     ] GC(150) Using 2 of 8 workers for concurrent marking roots
[3.136s][info][gc          ] GC(150) Concurrent marking roots 0.330ms
[3.136s][info][gc,start    ] GC(150) Concurrent marking (unload classes)
[3.136s][info][gc,task     ] GC(150) Using 2 of 8 workers for concurrent marking
[3.140s][info][gc          ] GC(150) Concurrent marking (unload classes) 3.947ms
[3.140s][info][gc,start    ] GC(150) Pause Final Mark (unload classes)
[3.140s][info][gc,task     ] GC(150) Using 8 of 8 workers for final marking
[3.140s][info][gc,ergo     ] GC(150) Collectable Garbage: 3242K (100%), Immediate: 0B (0%), CSet: 3242K (100%)
[3.140s][info][gc,ergo     ] GC(150) Pacer for Evacuation. Used CSet: 13817K, Free: 1868M, Non-Taxable: 186M, Alloc Tax Rate: 1.1x
[3.140s][info][gc          ] GC(150) Pause Final Mark (unload classes) 0.210ms
[3.140s][info][gc,start    ] GC(150) Concurrent thread roots
[3.140s][info][gc,task     ] GC(150) Using 2 of 8 workers for Concurrent thread roots
[3.141s][info][gc          ] GC(150) Concurrent thread roots 0.097ms
[3.141s][info][gc,start    ] GC(150) Concurrent weak references
[3.141s][info][gc,task     ] GC(150) Using 2 of 8 workers for concurrent weak references
[3.141s][info][gc,ref      ] GC(150) Encountered references: Soft: 3674, Weak: 1278, Final: 4, Phantom: 586
[3.141s][info][gc,ref      ] GC(150) Discovered  references: Soft: 0, Weak: 458, Final: 0, Phantom: 352
[3.141s][info][gc,ref      ] GC(150) Enqueued    references: Soft: 0, Weak: 0, Final: 0, Phantom: 0
[3.141s][info][gc          ] GC(150) Concurrent weak references 0.219ms
[3.141s][info][gc,start    ] GC(150) Concurrent weak roots
[3.141s][info][gc,task     ] GC(150) Using 2 of 8 workers for concurrent weak root
[3.142s][info][gc          ] GC(150) Concurrent weak roots 0.751ms
[3.142s][info][gc,start    ] GC(150) Concurrent cleanup
[3.142s][info][gc          ] GC(150) Concurrent cleanup 17M->17M(149M) 0.066ms
[3.142s][info][gc,ergo     ] GC(150) Free: 1867M, Max: 512K regular, 1865M humongous, Frag: 1% external, 0% internal; Reserve: 101373K, Max: 512K
[3.142s][info][gc,start    ] GC(150) Concurrent class unloading
[3.142s][info][gc,task     ] GC(150) Using 2 of 8 workers for concurrent class unloading
[3.145s][info][gc          ] GC(150) Concurrent class unloading 3.645ms
[3.145s][info][gc,start    ] GC(150) Concurrent strong roots
[3.145s][info][gc,task     ] GC(150) Using 2 of 8 workers for concurrent strong root
[3.146s][info][gc          ] GC(150) Concurrent strong roots 0.292ms
[3.146s][info][gc,start    ] GC(150) Concurrent evacuation
[3.146s][info][gc,task     ] GC(150) Using 2 of 8 workers for concurrent evacuation
[3.149s][info][gc          ] GC(150) Concurrent evacuation 3.143ms
[3.159s][info][gc,start    ] GC(150) Pause Init Update Refs
[3.159s][info][gc,ergo     ] GC(150) Pacer for Update Refs. Used: 28279K, Free: 1867M, Non-Taxable: 186M, Alloc Tax Rate: 1.1x
[3.159s][info][gc          ] GC(150) Pause Init Update Refs 0.120ms
[3.159s][info][gc,start    ] GC(150) Concurrent update references
[3.159s][info][gc,task     ] GC(150) Using 2 of 8 workers for concurrent reference update
[3.165s][info][gc          ] GC(150) Concurrent update references 5.537ms
[3.165s][info][gc,start    ] GC(150) Concurrent update thread roots
[3.171s][info][gc          ] GC(150) Concurrent update thread roots 6.245ms
[3.171s][info][gc,start    ] GC(150) Pause Final Update Refs
[3.171s][info][gc,task     ] GC(150) Using 8 of 8 workers for final reference update
[3.171s][info][gc          ] GC(150) Pause Final Update Refs 0.079ms
[3.171s][info][gc,start    ] GC(150) Concurrent cleanup
[3.171s][info][gc          ] GC(150) Concurrent cleanup 28M->14M(149M) 0.126ms
[3.171s][info][gc,ergo     ] Free: 1869M, Max: 512K regular, 1866M humongous, Frag: 1% external, 0% internal; Reserve: 101888K, Max: 512K
[3.172s][info][gc,stats    ] 
[3.172s][info][gc,stats    ] All times are wall-clock times, except per-root-class counters, that are sum over
[3.172s][info][gc,stats    ] all workers. Dividing the <total> over the root stage time estimates parallelism.
[3.172s][info][gc,stats    ] 
[3.172s][info][gc,stats    ] Concurrent Reset                    350 us
[3.172s][info][gc,stats    ] Pause Init Mark (G)                3282 us
[3.172s][info][gc,stats    ] Pause Init Mark (N)                  93 us
[3.172s][info][gc,stats    ]   Update Region States               20 us
[3.172s][info][gc,stats    ] Concurrent Mark Roots               395 us, parallelism: 0.47x
[3.172s][info][gc,stats    ]   CMR: <total>                      184 us
[3.172s][info][gc,stats    ]   CMR: Thread Roots                  83 us, workers (us):  83,   0, ---, ---, ---, ---, ---, ---, 
[3.172s][info][gc,stats    ]   CMR: VM Strong Roots                8 us, workers (us):   8,   0, ---, ---, ---, ---, ---, ---, 
[3.172s][info][gc,stats    ]   CMR: CLDG Roots                    94 us, workers (us):  94, ---, ---, ---, ---, ---, ---, ---, 
[3.172s][info][gc,stats    ] Concurrent Marking                 4009 us
[3.172s][info][gc,stats    ] Pause Final Mark (G)                311 us
[3.172s][info][gc,stats    ] Pause Final Mark (N)                220 us
[3.172s][info][gc,stats    ]   Finish Mark                       100 us
[3.172s][info][gc,stats    ]   Update Region States               14 us
[3.172s][info][gc,stats    ]   Choose Collection Set              38 us
[3.172s][info][gc,stats    ]   Rebuild Free Set                   16 us
[3.172s][info][gc,stats    ] Concurrent Thread Roots             114 us, parallelism: 0.86x
[3.172s][info][gc,stats    ]   CTR: <total>                       98 us
[3.172s][info][gc,stats    ]   CTR: Thread Roots                  98 us, workers (us):  65,  33, ---, ---, ---, ---, ---, ---, 
[3.172s][info][gc,stats    ] Concurrent Weak References          229 us, parallelism: 0.41x
[3.172s][info][gc,stats    ]   CWRF: <total>                      94 us
[3.172s][info][gc,stats    ]   CWRF: Weak References              94 us, workers (us):  85,  10, ---, ---, ---, ---, ---, ---, 
[3.172s][info][gc,stats    ] Concurrent Weak Roots               805 us
[3.172s][info][gc,stats    ]   Roots                             669 us, parallelism: 1.87x
[3.172s][info][gc,stats    ]     CWR: <total>                   1253 us
[3.172s][info][gc,stats    ]     CWR: Code Cache Roots           684 us, workers (us): 334, 351, ---, ---, ---, ---, ---, ---, 
[3.172s][info][gc,stats    ]     CWR: VM Weak Roots              561 us, workers (us): 287, 274, ---, ---, ---, ---, ---, ---, 
[3.172s][info][gc,stats    ]     CWR: CLDG Roots                   8 us, workers (us):   8, ---, ---, ---, ---, ---, ---, ---, 
[3.172s][info][gc,stats    ]   Rendezvous                         19 us
[3.172s][info][gc,stats    ] Concurrent Cleanup                  103 us
[3.172s][info][gc,stats    ] Concurrent Class Unloading         3686 us
[3.172s][info][gc,stats    ]   Unlink Stale                     1122 us
[3.172s][info][gc,stats    ]     System Dictionary                96 us
[3.172s][info][gc,stats    ]     Weak Class Links                  0 us
[3.172s][info][gc,stats    ]     Code Roots                     1024 us
[3.172s][info][gc,stats    ]   Rendezvous                       2130 us
[3.172s][info][gc,stats    ]   Purge Unlinked                    312 us
[3.172s][info][gc,stats    ]     Code Roots                      306 us
[3.173s][info][gc,stats    ]     CLDG                              5 us
[3.173s][info][gc,stats    ]     Exception Caches                  0 us
[3.173s][info][gc,stats    ] Concurrent Strong Roots             356 us, parallelism: 0.55x
[3.173s][info][gc,stats    ]   CSR: <total>                      195 us
[3.173s][info][gc,stats    ]   CSR: VM Strong Roots               11 us, workers (us):  11,   0, ---, ---, ---, ---, ---, ---, 
[3.173s][info][gc,stats    ]   CSR: CLDG Roots                   184 us, workers (us): 184, ---, ---, ---, ---, ---, ---, ---, 
[3.173s][info][gc,stats    ] Concurrent Evacuation              3206 us
[3.173s][info][gc,stats    ] Pause Init Update Refs (G)        10024 us
[3.173s][info][gc,stats    ] Pause Init Update Refs (N)          147 us
[3.173s][info][gc,stats    ]   Manage GCLABs                       7 us
[3.173s][info][gc,stats    ] Concurrent Update Refs             5608 us
[3.173s][info][gc,stats    ] Concurrent Update Thread Roots     6325 us
[3.173s][info][gc,stats    ] Pause Final Update Refs (G)         214 us
[3.173s][info][gc,stats    ] Pause Final Update Refs (N)          90 us
[3.173s][info][gc,stats    ]   Update Region States               23 us
[3.173s][info][gc,stats    ]   Trash Collection Set                3 us
[3.173s][info][gc,stats    ]   Rebuild Free Set                   17 us
[3.173s][info][gc,stats    ] Concurrent Cleanup                  195 us
[3.173s][info][gc,stats    ] 
[3.173s][info][gc,stats    ] Allocation pacing accrued:
[3.173s][info][gc,stats    ]       0 of    42 ms (  0.0%): <total>
[3.173s][info][gc,stats    ]       0 of    42 ms (  0.0%): <average total>
[3.173s][info][gc,stats    ] 
[3.173s][info][gc,metaspace] Metaspace: 11952K(12160K)->11954K(12160K) NonClass: 10756K(10880K)->10757K(10880K) Class: 1196K(1280K)->1196K(1280K)
[3.173s][info][gc,ergo     ] Pacer for Idle. Initial: 40642K, Alloc Tax Rate: 1.0x
[3.174s][info][gc          ] Trigger: Start next cycle immediately
[3.174s][info][gc,ergo     ] Free: 1868M, Max: 512K regular, 1866M humongous, Frag: 1% external, 0% internal; Reserve: 101888K, Max: 512K
[3.174s][info][gc,start    ] GC(151) Concurrent reset
[3.174s][info][gc,task     ] GC(151) Using 2 of 8 workers for concurrent reset
[3.174s][info][gc,ergo     ] GC(151) Pacer for Reset. Non-Taxable: 1984M
[3.175s][info][gc          ] GC(151) Concurrent reset 0.388ms
[3.175s][info][gc,start    ] GC(151) Pause Init Mark
[3.175s][info][gc,task     ] GC(151) Using 8 of 8 workers for init marking
[3.175s][info][gc,ergo     ] GC(151) Pacer for Mark. Expected Live: 12722K, Free: 1868M, Non-Taxable: 186M, Alloc Tax Rate: 0.0x
[3.175s][info][gc          ] GC(151) Pause Init Mark 0.065ms
[3.175s][info][gc,start    ] GC(151) Concurrent marking roots
[3.175s][info][gc,task     ] GC(151) Using 2 of 8 workers for concurrent marking roots
[3.175s][info][gc          ] GC(151) Concurrent marking roots 0.636ms
[3.175s][info][gc,start    ] GC(151) Concurrent marking
[3.176s][info][gc,task     ] GC(151) Using 2 of 8 workers for concurrent marking
[3.179s][info][gc          ] GC(151) Concurrent marking 3.990ms
[3.180s][info][gc,start    ] GC(151) Pause Final Mark
[3.180s][info][gc,task     ] GC(151) Using 8 of 8 workers for final marking
[3.180s][info][gc,ergo     ] GC(151) Collectable Garbage: 3738K (100%), Immediate: 0B (0%), CSet: 3738K (100%)
[3.180s][info][gc,ergo     ] GC(151) Pacer for Evacuation. Used CSet: 14327K, Free: 1867M, Non-Taxable: 186M, Alloc Tax Rate: 1.1x
[3.180s][info][gc          ] GC(151) Pause Final Mark 0.607ms
[3.180s][info][gc,start    ] GC(151) Concurrent thread roots
[3.180s][info][gc,task     ] GC(151) Using 2 of 8 workers for Concurrent thread roots
[3.180s][info][gc          ] GC(151) Concurrent thread roots 0.151ms
[3.180s][info][gc,start    ] GC(151) Concurrent weak references
[3.180s][info][gc,task     ] GC(151) Using 2 of 8 workers for concurrent weak references
[3.180s][info][gc,ref      ] GC(151) Encountered references: Soft: 3674, Weak: 1278, Final: 4, Phantom: 586
[3.181s][info][gc,ref      ] GC(151) Discovered  references: Soft: 0, Weak: 538, Final: 0, Phantom: 351
[3.181s][info][gc,ref      ] GC(151) Enqueued    references: Soft: 0, Weak: 0, Final: 0, Phantom: 0
[3.181s][info][gc          ] GC(151) Concurrent weak references 0.151ms
[3.181s][info][gc,start    ] GC(151) Concurrent weak roots
[3.181s][info][gc,task     ] GC(151) Using 2 of 8 workers for concurrent weak root
[3.193s][info][gc          ] GC(151) Concurrent weak roots 12.674ms
[3.193s][info][gc,start    ] GC(151) Concurrent cleanup
[3.193s][info][gc          ] GC(151) Concurrent cleanup 18M->18M(149M) 0.090ms
[3.193s][info][gc,ergo     ] GC(151) Free: 1866M, Max: 512K regular, 1866M humongous, Frag: 0% external, 0% internal; Reserve: 101337K, Max: 512K
[3.193s][info][gc,start    ] GC(151) Concurrent strong roots
[3.194s][info][gc,task     ] GC(151) Using 2 of 8 workers for concurrent strong root
[3.194s][info][gc          ] GC(151) Concurrent strong roots 0.724ms
[3.194s][info][gc,start    ] GC(151) Concurrent evacuation
[3.194s][info][gc,task     ] GC(151) Using 2 of 8 workers for concurrent evacuation
[3.197s][info][gc          ] GC(151) Concurrent evacuation 2.274ms
[3.197s][info][gc,start    ] GC(151) Pause Init Update Refs
[3.197s][info][gc,ergo     ] GC(151) Pacer for Update Refs. Used: 30321K, Free: 1866M, Non-Taxable: 186M, Alloc Tax Rate: 1.1x
[3.197s][info][gc          ] GC(151) Pause Init Update Refs 0.042ms
[3.197s][info][gc,start    ] GC(151) Concurrent update references
[3.197s][info][gc,task     ] GC(151) Using 2 of 8 workers for concurrent reference update
[3.200s][info][gc          ] GC(151) Concurrent update references 3.008ms
[3.200s][info][gc,start    ] GC(151) Concurrent update thread roots
[3.200s][info][gc          ] GC(151) Concurrent update thread roots 0.175ms
[3.200s][info][gc,start    ] GC(151) Pause Final Update Refs
[3.200s][info][gc,task     ] GC(151) Using 8 of 8 workers for final reference update
[3.200s][info][gc          ] GC(151) Pause Final Update Refs 0.067ms
[3.200s][info][gc,start    ] GC(151) Concurrent cleanup
[3.201s][info][gc          ] GC(151) Concurrent cleanup 29M->15M(149M) 0.076ms
[3.201s][info][gc,ergo     ] Free: 1868M, Max: 512K regular, 1865M humongous, Frag: 1% external, 0% internal; Reserve: 101888K, Max: 512K
[3.201s][info][gc,stats    ] 
[3.201s][info][gc,stats    ] All times are wall-clock times, except per-root-class counters, that are sum over
[3.201s][info][gc,stats    ] all workers. Dividing the <total> over the root stage time estimates parallelism.
[3.201s][info][gc,stats    ] 
[3.201s][info][gc,stats    ] Concurrent Reset                    427 us
[3.202s][info][gc,stats    ] Pause Init Mark (G)                 168 us
[3.202s][info][gc,stats    ] Pause Init Mark (N)                  74 us
[3.202s][info][gc,stats    ]   Update Region States               17 us
[3.202s][info][gc,stats    ] Concurrent Mark Roots               659 us, parallelism: 1.63x
[3.202s][info][gc,stats    ]   CMR: <total>                     1072 us
[3.202s][info][gc,stats    ]   CMR: Thread Roots                 124 us, workers (us):  92,  32, ---, ---, ---, ---, ---, ---, 
[3.202s][info][gc,stats    ]   CMR: Code Cache Roots             828 us, workers (us): 327, 501, ---, ---, ---, ---, ---, ---, 
[3.202s][info][gc,stats    ]   CMR: VM Strong Roots                6 us, workers (us):   4,   2, ---, ---, ---, ---, ---, ---, 
[3.202s][info][gc,stats    ]   CMR: CLDG Roots                   113 us, workers (us): 113, ---, ---, ---, ---, ---, ---, ---, 
[3.202s][info][gc,stats    ] Concurrent Marking                 4017 us
[3.202s][info][gc,stats    ] Pause Final Mark (G)                729 us
[3.202s][info][gc,stats    ] Pause Final Mark (N)                614 us
[3.202s][info][gc,stats    ]   Finish Mark                       500 us
[3.202s][info][gc,stats    ]   Update Region States               15 us
[3.202s][info][gc,stats    ]   Choose Collection Set              31 us
[3.202s][info][gc,stats    ]   Rebuild Free Set                   15 us
[3.202s][info][gc,stats    ] Concurrent Thread Roots             169 us, parallelism: 0.89x
[3.202s][info][gc,stats    ]   CTR: <total>                      150 us
[3.202s][info][gc,stats    ]   CTR: Thread Roots                 150 us, workers (us):  88,  63, ---, ---, ---, ---, ---, ---, 
[3.202s][info][gc,stats    ] Concurrent Weak References          163 us, parallelism: 0.42x
[3.202s][info][gc,stats    ]   CWRF: <total>                      68 us
[3.202s][info][gc,stats    ]   CWRF: Weak References              68 us, workers (us):  33,  36, ---, ---, ---, ---, ---, ---, 
[3.202s][info][gc,stats    ] Concurrent Weak Roots             12696 us
[3.202s][info][gc,stats    ]   Roots                             503 us, parallelism: 0.93x
[3.202s][info][gc,stats    ]     CWR: <total>                    469 us
[3.202s][info][gc,stats    ]     CWR: VM Weak Roots              469 us, workers (us): 469,   0, ---, ---, ---, ---, ---, ---, 
[3.202s][info][gc,stats    ]   Rendezvous                      12135 us
[3.202s][info][gc,stats    ] Concurrent Cleanup                  130 us
[3.202s][info][gc,stats    ] Concurrent Strong Roots             768 us, parallelism: 1.45x
[3.202s][info][gc,stats    ]   CSR: <total>                     1115 us
[3.202s][info][gc,stats    ]   CSR: Code Cache Roots             915 us, workers (us): 402, 514, ---, ---, ---, ---, ---, ---, 
[3.202s][info][gc,stats    ]   CSR: VM Strong Roots               14 us, workers (us):   9,   5, ---, ---, ---, ---, ---, ---, 
[3.202s][info][gc,stats    ]   CSR: CLDG Roots                   186 us, workers (us): 186, ---, ---, ---, ---, ---, ---, ---, 
[3.202s][info][gc,stats    ] Concurrent Evacuation              2297 us
[3.202s][info][gc,stats    ] Pause Init Update Refs (G)          248 us
[3.202s][info][gc,stats    ] Pause Init Update Refs (N)           52 us
[3.203s][info][gc,stats    ]   Manage GCLABs                       4 us
[3.203s][info][gc,stats    ] Concurrent Update Refs             3047 us
[3.203s][info][gc,stats    ] Concurrent Update Thread Roots      189 us
[3.203s][info][gc,stats    ] Pause Final Update Refs (G)         420 us
[3.203s][info][gc,stats    ] Pause Final Update Refs (N)          78 us
[3.203s][info][gc,stats    ]   Update Region States               14 us
[3.203s][info][gc,stats    ]   Trash Collection Set                2 us
[3.203s][info][gc,stats    ]   Rebuild Free Set                   16 us
[3.203s][info][gc,stats    ] Concurrent Cleanup                   87 us
[3.203s][info][gc,stats    ] 
[3.203s][info][gc,stats    ] Allocation pacing accrued:
[3.203s][info][gc,stats    ]       0 of    30 ms (  0.0%): <total>
[3.203s][info][gc,stats    ]       0 of    30 ms (  0.0%): <average total>
[3.203s][info][gc,stats    ] 
[3.203s][info][gc,metaspace] Metaspace: 11954K(12160K)->12115K(12352K) NonClass: 10757K(10880K)->10909K(11072K) Class: 1196K(1280K)->1206K(1280K)
[3.203s][info][gc,ergo     ] Pacer for Idle. Initial: 40642K, Alloc Tax Rate: 1.0x
[3.204s][info][gc          ] Trigger: Start next cycle immediately
[3.204s][info][gc,ergo     ] Free: 1868M, Max: 512K regular, 1865M humongous, Frag: 1% external, 0% internal; Reserve: 101888K, Max: 512K
[3.204s][info][gc,start    ] GC(152) Concurrent reset
[3.204s][info][gc,task     ] GC(152) Using 2 of 8 workers for concurrent reset
[3.204s][info][gc,ergo     ] GC(152) Pacer for Reset. Non-Taxable: 1984M
[3.206s][info][gc          ] GC(152) Concurrent reset 2.236ms
[3.207s][info][gc,start    ] GC(152) Pause Init Mark
[3.207s][info][gc,task     ] GC(152) Using 8 of 8 workers for init marking
[3.207s][info][gc,ergo     ] GC(152) Pacer for Mark. Expected Live: 12735K, Free: 1868M, Non-Taxable: 186M, Alloc Tax Rate: 0.0x
[3.207s][info][gc          ] GC(152) Pause Init Mark 0.071ms
[3.207s][info][gc,start    ] GC(152) Concurrent marking roots
[3.207s][info][gc,task     ] GC(152) Using 2 of 8 workers for concurrent marking roots
[3.208s][info][gc          ] GC(152) Concurrent marking roots 0.599ms
[3.208s][info][gc,start    ] GC(152) Concurrent marking
[3.208s][info][gc,task     ] GC(152) Using 2 of 8 workers for concurrent marking
[3.219s][info][gc          ] GC(152) Concurrent marking 11.153ms
[3.219s][info][gc,start    ] GC(152) Pause Final Mark
[3.219s][info][gc,task     ] GC(152) Using 8 of 8 workers for final marking
[3.220s][info][gc,ergo     ] GC(152) Collectable Garbage: 3208K (100%), Immediate: 0B (0%), CSet: 3208K (100%)
[3.220s][info][gc,ergo     ] GC(152) Pacer for Evacuation. Used CSet: 13815K, Free: 1868M, Non-Taxable: 186M, Alloc Tax Rate: 1.1x
[3.220s][info][gc          ] GC(152) Pause Final Mark 0.208ms
[3.220s][info][gc,start    ] GC(152) Concurrent thread roots
[3.220s][info][gc,task     ] GC(152) Using 2 of 8 workers for Concurrent thread roots
[3.220s][info][gc          ] GC(152) Concurrent thread roots 0.129ms
[3.220s][info][gc,start    ] GC(152) Concurrent weak references
[3.220s][info][gc,task     ] GC(152) Using 2 of 8 workers for concurrent weak references
[3.220s][info][gc,ref      ] GC(152) Encountered references: Soft: 3676, Weak: 1291, Final: 4, Phantom: 594
[3.220s][info][gc,ref      ] GC(152) Discovered  references: Soft: 0, Weak: 479, Final: 1, Phantom: 204
[3.220s][info][gc,ref      ] GC(152) Enqueued    references: Soft: 0, Weak: 6, Final: 0, Phantom: 4
[3.220s][info][gc          ] GC(152) Concurrent weak references 0.123ms
[3.220s][info][gc,start    ] GC(152) Concurrent weak roots
[3.220s][info][gc,task     ] GC(152) Using 2 of 8 workers for concurrent weak root
[3.220s][info][gc          ] GC(152) Concurrent weak roots 0.458ms
[3.220s][info][gc,start    ] GC(152) Concurrent cleanup
[3.220s][info][gc          ] GC(152) Concurrent cleanup 17M->17M(149M) 0.064ms
[3.221s][info][gc,ergo     ] GC(152) Free: 1867M, Max: 512K regular, 1865M humongous, Frag: 1% external, 0% internal; Reserve: 101373K, Max: 512K
[3.221s][info][gc,start    ] GC(152) Concurrent strong roots
[3.221s][info][gc,task     ] GC(152) Using 2 of 8 workers for concurrent strong root
[3.221s][info][gc          ] GC(152) Concurrent strong roots 0.639ms
[3.221s][info][gc,start    ] GC(152) Concurrent evacuation
[3.221s][info][gc,task     ] GC(152) Using 2 of 8 workers for concurrent evacuation
[3.224s][info][gc          ] GC(152) Concurrent evacuation 2.369ms
[3.224s][info][gc,start    ] GC(152) Pause Init Update Refs
[3.224s][info][gc,ergo     ] GC(152) Pacer for Update Refs. Used: 29052K, Free: 1867M, Non-Taxable: 186M, Alloc Tax Rate: 1.1x
[3.224s][info][gc          ] GC(152) Pause Init Update Refs 0.052ms
[3.224s][info][gc,start    ] GC(152) Concurrent update references
[3.224s][info][gc,task     ] GC(152) Using 2 of 8 workers for concurrent reference update
[3.227s][info][gc          ] GC(152) Concurrent update references 2.862ms
[3.227s][info][gc,start    ] GC(152) Concurrent update thread roots
[3.230s][info][gc          ] GC(152) Concurrent update thread roots 2.894ms
[3.230s][info][gc,start    ] GC(152) Pause Final Update Refs
[3.230s][info][gc,task     ] GC(152) Using 8 of 8 workers for final reference update
[3.230s][info][gc          ] GC(152) Pause Final Update Refs 0.071ms
[3.230s][info][gc,start    ] GC(152) Concurrent cleanup
[3.230s][info][gc          ] GC(152) Concurrent cleanup 28M->14M(149M) 0.070ms
[3.230s][info][gc,ergo     ] Free: 1869M, Max: 512K regular, 1865M humongous, Frag: 1% external, 0% internal; Reserve: 101888K, Max: 512K
[3.230s][info][gc,stats    ] 
[3.230s][info][gc,stats    ] All times are wall-clock times, except per-root-class counters, that are sum over
[3.230s][info][gc,stats    ] all workers. Dividing the <total> over the root stage time estimates parallelism.
[3.230s][info][gc,stats    ] 
[3.230s][info][gc,stats    ] Concurrent Reset                   2303 us
[3.230s][info][gc,stats    ] Pause Init Mark (G)                 576 us
[3.230s][info][gc,stats    ] Pause Init Mark (N)                  79 us
[3.230s][info][gc,stats    ]   Update Region States               17 us
[3.230s][info][gc,stats    ] Concurrent Mark Roots               656 us, parallelism: 1.57x
[3.230s][info][gc,stats    ]   CMR: <total>                     1026 us
[3.230s][info][gc,stats    ]   CMR: Thread Roots                 159 us, workers (us): 115,  44, ---, ---, ---, ---, ---, ---, 
[3.230s][info][gc,stats    ]   CMR: Code Cache Roots             747 us, workers (us): 299, 448, ---, ---, ---, ---, ---, ---, 
[3.230s][info][gc,stats    ]   CMR: VM Strong Roots                6 us, workers (us):   4,   2, ---, ---, ---, ---, ---, ---, 
[3.230s][info][gc,stats    ]   CMR: CLDG Roots                   114 us, workers (us): 114, ---, ---, ---, ---, ---, ---, ---, 
[3.230s][info][gc,stats    ] Concurrent Marking                11177 us
[3.230s][info][gc,stats    ] Pause Final Mark (G)                841 us
[3.230s][info][gc,stats    ] Pause Final Mark (N)                217 us
[3.230s][info][gc,stats    ]   Finish Mark                        87 us
[3.230s][info][gc,stats    ]   Update Region States               18 us
[3.230s][info][gc,stats    ]   Choose Collection Set              37 us
[3.230s][info][gc,stats    ]   Rebuild Free Set                   17 us
[3.230s][info][gc,stats    ] Concurrent Thread Roots             143 us, parallelism: 1.08x
[3.230s][info][gc,stats    ]   CTR: <total>                      155 us
[3.230s][info][gc,stats    ]   CTR: Thread Roots                 155 us, workers (us):  80,  75, ---, ---, ---, ---, ---, ---, 
[3.230s][info][gc,stats    ] Concurrent Weak References          132 us, parallelism: 0.46x
[3.230s][info][gc,stats    ]   CWRF: <total>                      60 us
[3.230s][info][gc,stats    ]   CWRF: Weak References              60 us, workers (us):  30,  30, ---, ---, ---, ---, ---, ---, 
[3.230s][info][gc,stats    ] Concurrent Weak Roots               479 us
[3.230s][info][gc,stats    ]   Roots                             361 us, parallelism: 1.39x
[3.230s][info][gc,stats    ]     CWR: <total>                    503 us
[3.230s][info][gc,stats    ]     CWR: VM Weak Roots              503 us, workers (us): 261, 241, ---, ---, ---, ---, ---, ---, 
[3.230s][info][gc,stats    ]   Rendezvous                         77 us
[3.230s][info][gc,stats    ] Concurrent Cleanup                  112 us
[3.230s][info][gc,stats    ] Concurrent Strong Roots             699 us, parallelism: 1.51x
[3.230s][info][gc,stats    ]   CSR: <total>                     1052 us
[3.230s][info][gc,stats    ]   CSR: Code Cache Roots             856 us, workers (us): 322, 534, ---, ---, ---, ---, ---, ---, 
[3.230s][info][gc,stats    ]   CSR: VM Strong Roots               12 us, workers (us):   9,   3, ---, ---, ---, ---, ---, ---, 
[3.230s][info][gc,stats    ]   CSR: CLDG Roots                   184 us, workers (us): 184, ---, ---, ---, ---, ---, ---, ---, 
[3.230s][info][gc,stats    ] Concurrent Evacuation              2427 us
[3.230s][info][gc,stats    ] Pause Init Update Refs (G)          168 us
[3.230s][info][gc,stats    ] Pause Init Update Refs (N)           60 us
[3.230s][info][gc,stats    ]   Manage GCLABs                       4 us
[3.230s][info][gc,stats    ] Concurrent Update Refs             2889 us
[3.230s][info][gc,stats    ] Concurrent Update Thread Roots     2918 us
[3.230s][info][gc,stats    ] Pause Final Update Refs (G)         193 us
[3.230s][info][gc,stats    ] Pause Final Update Refs (N)          84 us
[3.230s][info][gc,stats    ]   Update Region States               14 us
[3.230s][info][gc,stats    ]   Trash Collection Set                3 us
[3.230s][info][gc,stats    ]   Rebuild Free Set                   17 us
[3.230s][info][gc,stats    ] Concurrent Cleanup                   81 us
[3.230s][info][gc,stats    ] 
[3.230s][info][gc,stats    ] Allocation pacing accrued:
[3.230s][info][gc,stats    ]       0 of    28 ms (  0.0%): <total>
[3.230s][info][gc,stats    ]       0 of    28 ms (  0.0%): <average total>
[3.230s][info][gc,stats    ] 
[3.230s][info][gc,metaspace] Metaspace: 12128K(12352K)->12161K(12416K) NonClass: 10920K(11072K)->10949K(11072K) Class: 1207K(1280K)->1211K(1344K)
[3.230s][info][gc,ergo     ] Pacer for Idle. Initial: 40642K, Alloc Tax Rate: 1.0x
[3.232s][info][gc          ] Trigger: Start next cycle immediately
[3.232s][info][gc,ergo     ] Free: 1869M, Max: 512K regular, 1865M humongous, Frag: 1% external, 0% internal; Reserve: 101888K, Max: 512K
[3.232s][info][gc,start    ] GC(153) Concurrent reset
[3.232s][info][gc,task     ] GC(153) Using 2 of 8 workers for concurrent reset
[3.232s][info][gc,ergo     ] GC(153) Pacer for Reset. Non-Taxable: 1984M
[3.232s][info][gc          ] GC(153) Concurrent reset 0.238ms
[3.232s][info][gc,start    ] GC(153) Pause Init Mark (unload classes)
[3.232s][info][gc,task     ] GC(153) Using 8 of 8 workers for init marking
[3.232s][info][gc,ergo     ] GC(153) Pacer for Mark. Expected Live: 12750K, Free: 1869M, Non-Taxable: 186M, Alloc Tax Rate: 0.0x
[3.232s][info][gc          ] GC(153) Pause Init Mark (unload classes) 0.056ms
[3.232s][info][gc,start    ] GC(153) Concurrent marking roots
[3.232s][info][gc,task     ] GC(153) Using 2 of 8 workers for concurrent marking roots
[3.232s][info][gc          ] GC(153) Concurrent marking roots 0.297ms
[3.232s][info][gc,start    ] GC(153) Concurrent marking (unload classes)
[3.232s][info][gc,task     ] GC(153) Using 2 of 8 workers for concurrent marking
[3.236s][info][gc          ] GC(153) Concurrent marking (unload classes) 3.194ms
[3.236s][info][gc,start    ] GC(153) Pause Final Mark (unload classes)
[3.236s][info][gc,task     ] GC(153) Using 8 of 8 workers for final marking
[3.237s][info][gc,ergo     ] GC(153) Collectable Garbage: 2423K (100%), Immediate: 512K (21%), CSet: 1911K (78%)
[3.237s][info][gc,ergo     ] GC(153) Pacer for Evacuation. Used CSet: 12546K, Free: 1869M, Non-Taxable: 186M, Alloc Tax Rate: 1.1x
[3.237s][info][gc          ] GC(153) Pause Final Mark (unload classes) 1.381ms
[3.237s][info][gc,start    ] GC(153) Concurrent thread roots
[3.237s][info][gc,task     ] GC(153) Using 2 of 8 workers for Concurrent thread roots
[3.237s][info][gc          ] GC(153) Concurrent thread roots 0.101ms
[3.237s][info][gc,start    ] GC(153) Concurrent weak references
[3.237s][info][gc,task     ] GC(153) Using 2 of 8 workers for concurrent weak references
[3.237s][info][gc,ref      ] GC(153) Encountered references: Soft: 3676, Weak: 1285, Final: 4, Phantom: 590
[3.237s][info][gc,ref      ] GC(153) Discovered  references: Soft: 0, Weak: 468, Final: 0, Phantom: 428
[3.237s][info][gc,ref      ] GC(153) Enqueued    references: Soft: 0, Weak: 0, Final: 0, Phantom: 0
[3.237s][info][gc          ] GC(153) Concurrent weak references 0.168ms
[3.237s][info][gc,start    ] GC(153) Concurrent weak roots
[3.237s][info][gc,task     ] GC(153) Using 2 of 8 workers for concurrent weak root
[3.238s][info][gc          ] GC(153) Concurrent weak roots 0.644ms
[3.238s][info][gc,start    ] GC(153) Concurrent cleanup
[3.238s][info][gc          ] GC(153) Concurrent cleanup 15M->15M(149M) 0.085ms
[3.238s][info][gc,ergo     ] GC(153) Free: 1869M, Max: 512K regular, 1865M humongous, Frag: 1% external, 0% internal; Reserve: 101376K, Max: 512K
[3.238s][info][gc,start    ] GC(153) Concurrent class unloading
[3.238s][info][gc,task     ] GC(153) Using 2 of 8 workers for concurrent class unloading
[3.241s][info][gc          ] GC(153) Concurrent class unloading 2.397ms
[3.241s][info][gc,start    ] GC(153) Concurrent strong roots
[3.241s][info][gc,task     ] GC(153) Using 2 of 8 workers for concurrent strong root
[3.241s][info][gc          ] GC(153) Concurrent strong roots 0.305ms
[3.241s][info][gc,start    ] GC(153) Concurrent evacuation
[3.241s][info][gc,task     ] GC(153) Using 2 of 8 workers for concurrent evacuation
[3.243s][info][gc          ] GC(153) Concurrent evacuation 2.127ms
[3.243s][info][gc,start    ] GC(153) Pause Init Update Refs
[3.243s][info][gc,ergo     ] GC(153) Pacer for Update Refs. Used: 27972K, Free: 1868M, Non-Taxable: 186M, Alloc Tax Rate: 1.1x
[3.243s][info][gc          ] GC(153) Pause Init Update Refs 0.038ms
[3.243s][info][gc,start    ] GC(153) Concurrent update references
[3.243s][info][gc,task     ] GC(153) Using 2 of 8 workers for concurrent reference update
[3.246s][info][gc          ] GC(153) Concurrent update references 2.577ms
[3.246s][info][gc,start    ] GC(153) Concurrent update thread roots
[3.246s][info][gc          ] GC(153) Concurrent update thread roots 0.147ms
[3.246s][info][gc,start    ] GC(153) Pause Final Update Refs
[3.246s][info][gc,task     ] GC(153) Using 8 of 8 workers for final reference update
[3.246s][info][gc          ] GC(153) Pause Final Update Refs 0.061ms
[3.246s][info][gc,start    ] GC(153) Concurrent cleanup
[3.246s][info][gc          ] GC(153) Concurrent cleanup 27M->15M(149M) 0.067ms
[3.246s][info][gc,ergo     ] Free: 1869M, Max: 512K regular, 1865M humongous, Frag: 1% external, 0% internal; Reserve: 101888K, Max: 512K
[3.247s][info][gc,stats    ] 
[3.247s][info][gc,stats    ] All times are wall-clock times, except per-root-class counters, that are sum over
[3.247s][info][gc,stats    ] all workers. Dividing the <total> over the root stage time estimates parallelism.
[3.247s][info][gc,stats    ] 
[3.247s][info][gc,stats    ] Concurrent Reset                    252 us
[3.247s][info][gc,stats    ] Pause Init Mark (G)                 165 us
[3.247s][info][gc,stats    ] Pause Init Mark (N)                  63 us
[3.247s][info][gc,stats    ]   Update Region States               16 us
[3.247s][info][gc,stats    ] Concurrent Mark Roots               339 us, parallelism: 0.46x
[3.247s][info][gc,stats    ]   CMR: <total>                      156 us
[3.247s][info][gc,stats    ]   CMR: Thread Roots                  80 us, workers (us):  80,   0, ---, ---, ---, ---, ---, ---, 
[3.247s][info][gc,stats    ]   CMR: VM Strong Roots                5 us, workers (us):   5,   0, ---, ---, ---, ---, ---, ---, 
[3.247s][info][gc,stats    ]   CMR: CLDG Roots                    71 us, workers (us):  71, ---, ---, ---, ---, ---, ---, ---, 
[3.247s][info][gc,stats    ] Concurrent Marking                 3253 us
[3.247s][info][gc,stats    ] Pause Final Mark (G)               1489 us
[3.247s][info][gc,stats    ] Pause Final Mark (N)               1390 us
[3.247s][info][gc,stats    ]   Finish Mark                      1265 us
[3.247s][info][gc,stats    ]   Update Region States               13 us
[3.247s][info][gc,stats    ]   Choose Collection Set              42 us
[3.247s][info][gc,stats    ]   Rebuild Free Set                   16 us
[3.247s][info][gc,stats    ] Concurrent Thread Roots             113 us, parallelism: 0.87x
[3.247s][info][gc,stats    ]   CTR: <total>                       98 us
[3.247s][info][gc,stats    ]   CTR: Thread Roots                  98 us, workers (us):  58,  40, ---, ---, ---, ---, ---, ---, 
[3.247s][info][gc,stats    ] Concurrent Weak References          179 us, parallelism: 0.39x
[3.247s][info][gc,stats    ]   CWRF: <total>                      70 us
[3.247s][info][gc,stats    ]   CWRF: Weak References              70 us, workers (us):  63,   6, ---, ---, ---, ---, ---, ---, 
[3.247s][info][gc,stats    ] Concurrent Weak Roots               703 us
[3.247s][info][gc,stats    ]   Roots                             573 us, parallelism: 1.84x
[3.247s][info][gc,stats    ]     CWR: <total>                   1055 us
[3.247s][info][gc,stats    ]     CWR: Code Cache Roots           551 us, workers (us): 273, 278, ---, ---, ---, ---, ---, ---, 
[3.247s][info][gc,stats    ]     CWR: VM Weak Roots              499 us, workers (us): 261, 238, ---, ---, ---, ---, ---, ---, 
[3.247s][info][gc,stats    ]     CWR: CLDG Roots                   5 us, workers (us): ---,   5, ---, ---, ---, ---, ---, ---, 
[3.247s][info][gc,stats    ]   Rendezvous                         34 us
[3.247s][info][gc,stats    ] Concurrent Cleanup                  123 us
[3.247s][info][gc,stats    ] Concurrent Class Unloading         2439 us
[3.247s][info][gc,stats    ]   Unlink Stale                     1983 us
[3.247s][info][gc,stats    ]     System Dictionary                93 us
[3.247s][info][gc,stats    ]     Weak Class Links                  0 us
[3.247s][info][gc,stats    ]     Code Roots                     1889 us
[3.247s][info][gc,stats    ]   Rendezvous                         56 us
[3.247s][info][gc,stats    ]   Purge Unlinked                    287 us
[3.247s][info][gc,stats    ]     Code Roots                      283 us
[3.247s][info][gc,stats    ]     CLDG                              4 us
[3.247s][info][gc,stats    ]     Exception Caches                  0 us
[3.247s][info][gc,stats    ] Concurrent Strong Roots             332 us, parallelism: 0.59x
[3.247s][info][gc,stats    ]   CSR: <total>                      195 us
[3.247s][info][gc,stats    ]   CSR: VM Strong Roots               12 us, workers (us):   7,   5, ---, ---, ---, ---, ---, ---, 
[3.248s][info][gc,stats    ]   CSR: CLDG Roots                   184 us, workers (us): 184, ---, ---, ---, ---, ---, ---, ---, 
[3.248s][info][gc,stats    ] Concurrent Evacuation              2151 us
[3.248s][info][gc,stats    ] Pause Init Update Refs (G)          173 us
[3.248s][info][gc,stats    ] Pause Init Update Refs (N)           47 us
[3.248s][info][gc,stats    ]   Manage GCLABs                       4 us
[3.248s][info][gc,stats    ] Concurrent Update Refs             2603 us
[3.248s][info][gc,stats    ] Concurrent Update Thread Roots      190 us
[3.248s][info][gc,stats    ] Pause Final Update Refs (G)         173 us
[3.248s][info][gc,stats    ] Pause Final Update Refs (N)          74 us
[3.248s][info][gc,stats    ]   Update Region States               12 us
[3.248s][info][gc,stats    ]   Trash Collection Set                3 us
[3.248s][info][gc,stats    ]   Rebuild Free Set                   16 us
[3.248s][info][gc,stats    ] Concurrent Cleanup                  107 us
[3.248s][info][gc,stats    ] 
[3.248s][info][gc,stats    ] Allocation pacing accrued:
[3.248s][info][gc,stats    ]       0 of    17 ms (  0.0%): <total>
[3.248s][info][gc,stats    ]       0 of    17 ms (  0.0%): <average total>
[3.248s][info][gc,stats    ] 
[3.248s][info][gc,metaspace] Metaspace: 12161K(12416K)->12167K(12416K) NonClass: 10949K(11072K)->10955K(11072K) Class: 1211K(1344K)->1212K(1344K)
[3.248s][info][gc,ergo     ] Pacer for Idle. Initial: 40642K, Alloc Tax Rate: 1.0x
[3.249s][info][gc          ] Trigger: Start next cycle immediately
[3.249s][info][gc,ergo     ] Free: 1869M, Max: 512K regular, 1865M humongous, Frag: 1% external, 0% internal; Reserve: 101888K, Max: 512K
[3.249s][info][gc,start    ] GC(154) Concurrent reset
[3.249s][info][gc,task     ] GC(154) Using 2 of 8 workers for concurrent reset
[3.249s][info][gc,ergo     ] GC(154) Pacer for Reset. Non-Taxable: 1984M
[3.249s][info][gc          ] GC(154) Concurrent reset 0.292ms
[3.250s][info][gc,start    ] GC(154) Pause Init Mark (unload classes)
[3.250s][info][gc,task     ] GC(154) Using 8 of 8 workers for init marking
[3.250s][info][gc,ergo     ] GC(154) Pacer for Mark. Expected Live: 12772K, Free: 1869M, Non-Taxable: 186M, Alloc Tax Rate: 0.0x
[3.250s][info][gc          ] GC(154) Pause Init Mark (unload classes) 0.077ms
[3.250s][info][gc,start    ] GC(154) Concurrent marking roots
[3.250s][info][gc,task     ] GC(154) Using 2 of 8 workers for concurrent marking roots
[3.250s][info][gc          ] GC(154) Concurrent marking roots 0.145ms
[3.250s][info][gc,start    ] GC(154) Concurrent marking (unload classes)
[3.250s][info][gc,task     ] GC(154) Using 2 of 8 workers for concurrent marking
[3.253s][info][gc          ] GC(154) Concurrent marking (unload classes) 3.063ms
[3.253s][info][gc,start    ] GC(154) Pause Final Mark (unload classes)
[3.253s][info][gc,task     ] GC(154) Using 8 of 8 workers for final marking
[3.253s][info][gc,ergo     ] GC(154) Collectable Garbage: 2644K (100%), Immediate: 512K (19%), CSet: 2132K (80%)
[3.254s][info][gc,ergo     ] GC(154) Pacer for Evacuation. Used CSet: 12735K, Free: 1869M, Non-Taxable: 186M, Alloc Tax Rate: 1.1x
[3.254s][info][gc          ] GC(154) Pause Final Mark (unload classes) 0.497ms
[3.254s][info][gc,start    ] GC(154) Concurrent thread roots
[3.254s][info][gc,task     ] GC(154) Using 2 of 8 workers for Concurrent thread roots
[3.254s][info][gc          ] GC(154) Concurrent thread roots 0.788ms
[3.254s][info][gc,start    ] GC(154) Concurrent weak references
[3.254s][info][gc,task     ] GC(154) Using 2 of 8 workers for concurrent weak references
[3.255s][info][gc,ref      ] GC(154) Encountered references: Soft: 3676, Weak: 1284, Final: 4, Phantom: 587
[3.255s][info][gc,ref      ] GC(154) Discovered  references: Soft: 0, Weak: 505, Final: 4, Phantom: 353
[3.255s][info][gc,ref      ] GC(154) Enqueued    references: Soft: 0, Weak: 1, Final: 0, Phantom: 0
[3.255s][info][gc          ] GC(154) Concurrent weak references 0.164ms
[3.255s][info][gc,start    ] GC(154) Concurrent weak roots
[3.255s][info][gc,task     ] GC(154) Using 2 of 8 workers for concurrent weak root
[3.263s][info][gc          ] GC(154) Concurrent weak roots 8.841ms
[3.263s][info][gc,start    ] GC(154) Concurrent cleanup
[3.264s][info][gc          ] GC(154) Concurrent cleanup 17M->16M(149M) 0.068ms
[3.264s][info][gc,ergo     ] GC(154) Free: 1869M, Max: 512K regular, 1865M humongous, Frag: 1% external, 0% internal; Reserve: 100352K, Max: 512K
[3.264s][info][gc,start    ] GC(154) Concurrent class unloading
[3.264s][info][gc,task     ] GC(154) Using 2 of 8 workers for concurrent class unloading
[3.266s][info][gc          ] GC(154) Concurrent class unloading 1.998ms
[3.266s][info][gc,start    ] GC(154) Concurrent strong roots
[3.266s][info][gc,task     ] GC(154) Using 2 of 8 workers for concurrent strong root
[3.266s][info][gc          ] GC(154) Concurrent strong roots 0.253ms
[3.266s][info][gc,start    ] GC(154) Concurrent evacuation
[3.266s][info][gc,task     ] GC(154) Using 2 of 8 workers for concurrent evacuation
[3.268s][info][gc          ] GC(154) Concurrent evacuation 2.228ms
[3.268s][info][gc,start    ] GC(154) Pause Init Update Refs
[3.268s][info][gc,ergo     ] GC(154) Pacer for Update Refs. Used: 27710K, Free: 1869M, Non-Taxable: 186M, Alloc Tax Rate: 1.1x
[3.268s][info][gc          ] GC(154) Pause Init Update Refs 0.040ms
[3.268s][info][gc,start    ] GC(154) Concurrent update references
[3.268s][info][gc,task     ] GC(154) Using 2 of 8 workers for concurrent reference update
[3.271s][info][gc          ] GC(154) Concurrent update references 2.984ms
[3.271s][info][gc,start    ] GC(154) Concurrent update thread roots
[3.271s][info][gc          ] GC(154) Concurrent update thread roots 0.109ms
[3.271s][info][gc,start    ] GC(154) Pause Final Update Refs
[3.271s][info][gc,task     ] GC(154) Using 8 of 8 workers for final reference update
[3.272s][info][gc          ] GC(154) Pause Final Update Refs 0.063ms
[3.273s][info][gc,start    ] GC(154) Concurrent cleanup
[3.274s][info][gc          ] GC(154) Concurrent cleanup 27M->14M(149M) 0.101ms
[3.274s][info][gc,ergo     ] Free: 1869M, Max: 512K regular, 1865M humongous, Frag: 1% external, 0% internal; Reserve: 101888K, Max: 512K
[3.274s][info][gc,stats    ] 
[3.274s][info][gc,stats    ] All times are wall-clock times, except per-root-class counters, that are sum over
[3.274s][info][gc,stats    ] all workers. Dividing the <total> over the root stage time estimates parallelism.
[3.274s][info][gc,stats    ] 
[3.274s][info][gc,stats    ] Concurrent Reset                    354 us
[3.274s][info][gc,stats    ] Pause Init Mark (G)                 193 us
[3.274s][info][gc,stats    ] Pause Init Mark (N)                  84 us
[3.274s][info][gc,stats    ]   Update Region States               17 us
[3.274s][info][gc,stats    ] Concurrent Mark Roots               158 us, parallelism: 0.90x
[3.274s][info][gc,stats    ]   CMR: <total>                      142 us
[3.274s][info][gc,stats    ]   CMR: Thread Roots                  71 us, workers (us):   1,  70, ---, ---, ---, ---, ---, ---, 
[3.274s][info][gc,stats    ]   CMR: VM Strong Roots                6 us, workers (us):   3,   3, ---, ---, ---, ---, ---, ---, 
[3.274s][info][gc,stats    ]   CMR: CLDG Roots                    65 us, workers (us):  65, ---, ---, ---, ---, ---, ---, ---, 
[3.274s][info][gc,stats    ] Concurrent Marking                 3123 us
[3.274s][info][gc,stats    ] Pause Final Mark (G)                609 us
[3.274s][info][gc,stats    ] Pause Final Mark (N)                505 us
[3.274s][info][gc,stats    ]   Finish Mark                       365 us
[3.274s][info][gc,stats    ]   Update Region States               21 us
[3.274s][info][gc,stats    ]   Choose Collection Set              34 us
[3.274s][info][gc,stats    ]   Rebuild Free Set                   16 us
[3.274s][info][gc,stats    ] Concurrent Thread Roots             848 us, parallelism: 0.06x
[3.274s][info][gc,stats    ]   CTR: <total>                       52 us
[3.274s][info][gc,stats    ]   CTR: Thread Roots                  52 us, workers (us):  52,   0, ---, ---, ---, ---, ---, ---, 
[3.274s][info][gc,stats    ] Concurrent Weak References          190 us, parallelism: 0.33x
[3.274s][info][gc,stats    ]   CWRF: <total>                      64 us
[3.274s][info][gc,stats    ]   CWRF: Weak References              64 us, workers (us):  32,  31, ---, ---, ---, ---, ---, ---, 
[3.274s][info][gc,stats    ] Concurrent Weak Roots              8875 us
[3.274s][info][gc,stats    ]   Roots                             595 us, parallelism: 1.74x
[3.274s][info][gc,stats    ]     CWR: <total>                   1034 us
[3.274s][info][gc,stats    ]     CWR: Code Cache Roots           516 us, workers (us): 271, 246, ---, ---, ---, ---, ---, ---, 
[3.274s][info][gc,stats    ]     CWR: VM Weak Roots              512 us, workers (us): 262, 250, ---, ---, ---, ---, ---, ---, 
[3.274s][info][gc,stats    ]     CWR: CLDG Roots                   5 us, workers (us):   5, ---, ---, ---, ---, ---, ---, ---, 
[3.274s][info][gc,stats    ]   Rendezvous                        786 us
[3.274s][info][gc,stats    ] Concurrent Cleanup                   78 us
[3.274s][info][gc,stats    ] Concurrent Class Unloading         2016 us
[3.274s][info][gc,stats    ]   Unlink Stale                     1171 us
[3.274s][info][gc,stats    ]     System Dictionary                33 us
[3.274s][info][gc,stats    ]     Weak Class Links                  0 us
[3.274s][info][gc,stats    ]     Code Roots                     1138 us
[3.274s][info][gc,stats    ]   Rendezvous                        765 us
[3.274s][info][gc,stats    ]   Purge Unlinked                     40 us
[3.274s][info][gc,stats    ]     Code Roots                       36 us
[3.274s][info][gc,stats    ]     CLDG                              4 us
[3.274s][info][gc,stats    ]     Exception Caches                  0 us
[3.274s][info][gc,stats    ] Concurrent Strong Roots             287 us, parallelism: 0.69x
[3.274s][info][gc,stats    ]   CSR: <total>                      197 us
[3.274s][info][gc,stats    ]   CSR: VM Strong Roots                9 us, workers (us):   9,   0, ---, ---, ---, ---, ---, ---, 
[3.274s][info][gc,stats    ]   CSR: CLDG Roots                   189 us, workers (us): 189, ---, ---, ---, ---, ---, ---, ---, 
[3.274s][info][gc,stats    ] Concurrent Evacuation              2266 us
[3.274s][info][gc,stats    ] Pause Init Update Refs (G)          146 us
[3.274s][info][gc,stats    ] Pause Init Update Refs (N)           49 us
[3.274s][info][gc,stats    ]   Manage GCLABs                       4 us
[3.274s][info][gc,stats    ] Concurrent Update Refs             3016 us
[3.274s][info][gc,stats    ] Concurrent Update Thread Roots      124 us
[3.274s][info][gc,stats    ] Pause Final Update Refs (G)        2036 us
[3.274s][info][gc,stats    ] Pause Final Update Refs (N)          76 us
[3.274s][info][gc,stats    ]   Update Region States               14 us
[3.274s][info][gc,stats    ]   Trash Collection Set                3 us
[3.274s][info][gc,stats    ]   Rebuild Free Set                   19 us
[3.274s][info][gc,stats    ] Concurrent Cleanup                  116 us
[3.274s][info][gc,stats    ] 
[3.274s][info][gc,stats    ] Allocation pacing accrued:
[3.274s][info][gc,stats    ]       0 of    27 ms (  0.0%): <total>
[3.274s][info][gc,stats    ]       0 of    27 ms (  0.0%): <average total>
[3.274s][info][gc,stats    ] 
[3.274s][info][gc,metaspace] Metaspace: 12182K(12480K)->12285K(12544K) NonClass: 10965K(11136K)->11050K(11200K) Class: 1216K(1344K)->1234K(1344K)
[3.274s][info][gc,ergo     ] Pacer for Idle. Initial: 40642K, Alloc Tax Rate: 1.0x
[3.277s][info][gc          ] Trigger: Start next cycle immediately
[3.278s][info][gc,ergo     ] Free: 1869M, Max: 512K regular, 1865M humongous, Frag: 1% external, 0% internal; Reserve: 101888K, Max: 512K
[3.278s][info][gc,start    ] GC(155) Concurrent reset
[3.278s][info][gc,task     ] GC(155) Using 2 of 8 workers for concurrent reset
[3.278s][info][gc,ergo     ] GC(155) Pacer for Reset. Non-Taxable: 1984M
[3.278s][info][gc          ] GC(155) Concurrent reset 0.192ms
[3.278s][info][gc,start    ] GC(155) Pause Init Mark (unload classes)
[3.278s][info][gc,task     ] GC(155) Using 8 of 8 workers for init marking
[3.278s][info][gc,ergo     ] GC(155) Pacer for Mark. Expected Live: 12780K, Free: 1869M, Non-Taxable: 186M, Alloc Tax Rate: 0.0x
[3.278s][info][gc          ] GC(155) Pause Init Mark (unload classes) 0.085ms
[3.278s][info][gc,start    ] GC(155) Concurrent marking roots
[3.278s][info][gc,task     ] GC(155) Using 2 of 8 workers for concurrent marking roots
[3.278s][info][gc          ] GC(155) Concurrent marking roots 0.204ms
[3.278s][info][gc,start    ] GC(155) Concurrent marking (unload classes)
[3.278s][info][gc,task     ] GC(155) Using 2 of 8 workers for concurrent marking
[3.282s][info][gc          ] GC(155) Concurrent marking (unload classes) 3.593ms
[3.282s][info][gc,start    ] GC(155) Pause Final Mark (unload classes)
[3.282s][info][gc,task     ] GC(155) Using 8 of 8 workers for final marking
[3.286s][info][gc,ergo     ] GC(155) Collectable Garbage: 2668K (100%), Immediate: 0B (0%), CSet: 2668K (100%)
[3.286s][info][gc,ergo     ] GC(155) Pacer for Evacuation. Used CSet: 13312K, Free: 1869M, Non-Taxable: 186M, Alloc Tax Rate: 1.1x
[3.286s][info][gc          ] GC(155) Pause Final Mark (unload classes) 3.729ms
[3.286s][info][gc,start    ] GC(155) Concurrent thread roots
[3.286s][info][gc,task     ] GC(155) Using 2 of 8 workers for Concurrent thread roots
[3.286s][info][gc          ] GC(155) Concurrent thread roots 0.108ms
[3.286s][info][gc,start    ] GC(155) Concurrent weak references
[3.286s][info][gc,task     ] GC(155) Using 2 of 8 workers for concurrent weak references
[3.286s][info][gc,ref      ] GC(155) Encountered references: Soft: 3680, Weak: 1283, Final: 4, Phantom: 587
[3.286s][info][gc,ref      ] GC(155) Discovered  references: Soft: 0, Weak: 386, Final: 0, Phantom: 279
[3.286s][info][gc,ref      ] GC(155) Enqueued    references: Soft: 0, Weak: 0, Final: 0, Phantom: 0
[3.286s][info][gc          ] GC(155) Concurrent weak references 0.110ms
[3.286s][info][gc,start    ] GC(155) Concurrent weak roots
[3.286s][info][gc,task     ] GC(155) Using 2 of 8 workers for concurrent weak root
[3.287s][info][gc          ] GC(155) Concurrent weak roots 0.647ms
[3.287s][info][gc,start    ] GC(155) Concurrent cleanup
[3.287s][info][gc          ] GC(155) Concurrent cleanup 16M->16M(149M) 0.061ms
[3.287s][info][gc,ergo     ] GC(155) Free: 1868M, Max: 512K regular, 1865M humongous, Frag: 1% external, 0% internal; Reserve: 100892K, Max: 512K
[3.287s][info][gc,start    ] GC(155) Concurrent class unloading
[3.287s][info][gc,task     ] GC(155) Using 2 of 8 workers for concurrent class unloading
[3.289s][info][gc          ] GC(155) Concurrent class unloading 1.957ms
[3.289s][info][gc,start    ] GC(155) Concurrent strong roots
[3.289s][info][gc,task     ] GC(155) Using 2 of 8 workers for concurrent strong root
[3.289s][info][gc          ] GC(155) Concurrent strong roots 0.291ms
[3.289s][info][gc,start    ] GC(155) Concurrent evacuation
[3.289s][info][gc,task     ] GC(155) Using 2 of 8 workers for concurrent evacuation
[3.293s][info][gc          ] GC(155) Concurrent evacuation 4.508ms
[3.294s][info][gc,start    ] GC(155) Pause Init Update Refs
[3.294s][info][gc,ergo     ] GC(155) Pacer for Update Refs. Used: 28544K, Free: 1868M, Non-Taxable: 186M, Alloc Tax Rate: 1.1x
[3.294s][info][gc          ] GC(155) Pause Init Update Refs 0.041ms
[3.294s][info][gc,start    ] GC(155) Concurrent update references
[3.294s][info][gc,task     ] GC(155) Using 2 of 8 workers for concurrent reference update
[3.297s][info][gc          ] GC(155) Concurrent update references 3.200ms
[3.297s][info][gc,start    ] GC(155) Concurrent update thread roots
[3.298s][info][gc          ] GC(155) Concurrent update thread roots 0.477ms
[3.298s][info][gc,start    ] GC(155) Pause Final Update Refs
[3.298s][info][gc,task     ] GC(155) Using 8 of 8 workers for final reference update
[3.298s][info][gc          ] GC(155) Pause Final Update Refs 0.072ms
[3.298s][info][gc,start    ] GC(155) Concurrent cleanup
[3.298s][info][gc          ] GC(155) Concurrent cleanup 27M->14M(149M) 0.075ms
[3.298s][info][gc,ergo     ] Free: 1869M, Max: 512K regular, 1865M humongous, Frag: 1% external, 0% internal; Reserve: 101888K, Max: 512K
[3.298s][info][gc,stats    ] 
[3.298s][info][gc,stats    ] All times are wall-clock times, except per-root-class counters, that are sum over
[3.298s][info][gc,stats    ] all workers. Dividing the <total> over the root stage time estimates parallelism.
[3.298s][info][gc,stats    ] 
[3.298s][info][gc,stats    ] Concurrent Reset                    213 us
[3.298s][info][gc,stats    ] Pause Init Mark (G)                 193 us
[3.298s][info][gc,stats    ] Pause Init Mark (N)                  94 us
[3.298s][info][gc,stats    ]   Update Region States               17 us
[3.298s][info][gc,stats    ] Concurrent Mark Roots               216 us, parallelism: 0.60x
[3.298s][info][gc,stats    ]   CMR: <total>                      130 us
[3.298s][info][gc,stats    ]   CMR: Thread Roots                  50 us, workers (us):  50,   0, ---, ---, ---, ---, ---, ---, 
[3.298s][info][gc,stats    ]   CMR: VM Strong Roots                6 us, workers (us):   6,   0, ---, ---, ---, ---, ---, ---, 
[3.298s][info][gc,stats    ]   CMR: CLDG Roots                    73 us, workers (us):  73, ---, ---, ---, ---, ---, ---, ---, 
[3.298s][info][gc,stats    ] Concurrent Marking                 3622 us
[3.298s][info][gc,stats    ] Pause Final Mark (G)               3853 us
[3.298s][info][gc,stats    ] Pause Final Mark (N)               3738 us
[3.298s][info][gc,stats    ]   Finish Mark                      3619 us
[3.298s][info][gc,stats    ]   Update Region States               14 us
[3.298s][info][gc,stats    ]   Choose Collection Set              35 us
[3.298s][info][gc,stats    ]   Rebuild Free Set                   16 us
[3.298s][info][gc,stats    ] Concurrent Thread Roots             124 us, parallelism: 0.82x
[3.298s][info][gc,stats    ]   CTR: <total>                      102 us
[3.298s][info][gc,stats    ]   CTR: Thread Roots                 102 us, workers (us):  53,  49, ---, ---, ---, ---, ---, ---, 
[3.298s][info][gc,stats    ] Concurrent Weak References          137 us, parallelism: 0.34x
[3.298s][info][gc,stats    ]   CWRF: <total>                      47 us
[3.298s][info][gc,stats    ]   CWRF: Weak References              47 us, workers (us):  47,   0, ---, ---, ---, ---, ---, ---, 
[3.298s][info][gc,stats    ] Concurrent Weak Roots               667 us
[3.298s][info][gc,stats    ]   Roots                             565 us, parallelism: 1.86x
[3.298s][info][gc,stats    ]     CWR: <total>                   1052 us
[3.298s][info][gc,stats    ]     CWR: Code Cache Roots           517 us, workers (us): 247, 270, ---, ---, ---, ---, ---, ---, 
[3.298s][info][gc,stats    ]     CWR: VM Weak Roots              530 us, workers (us): 265, 265, ---, ---, ---, ---, ---, ---, 
[3.298s][info][gc,stats    ]     CWR: CLDG Roots                   5 us, workers (us):   5, ---, ---, ---, ---, ---, ---, ---, 
[3.298s][info][gc,stats    ]   Rendezvous                         54 us
[3.298s][info][gc,stats    ] Concurrent Cleanup                   70 us
[3.298s][info][gc,stats    ] Concurrent Class Unloading         1984 us
[3.298s][info][gc,stats    ]   Unlink Stale                     1817 us
[3.298s][info][gc,stats    ]     System Dictionary                28 us
[3.298s][info][gc,stats    ]     Weak Class Links                  0 us
[3.298s][info][gc,stats    ]     Code Roots                     1787 us
[3.298s][info][gc,stats    ]   Rendezvous                        114 us
[3.298s][info][gc,stats    ]   Purge Unlinked                      6 us
[3.298s][info][gc,stats    ]     Code Roots                        1 us
[3.298s][info][gc,stats    ]     CLDG                              5 us
[3.298s][info][gc,stats    ]     Exception Caches                  0 us
[3.298s][info][gc,stats    ] Concurrent Strong Roots             313 us, parallelism: 0.77x
[3.298s][info][gc,stats    ]   CSR: <total>                      240 us
[3.298s][info][gc,stats    ]   CSR: VM Strong Roots               13 us, workers (us):  13,   0, ---, ---, ---, ---, ---, ---, 
[3.298s][info][gc,stats    ]   CSR: CLDG Roots                   227 us, workers (us): 227, ---, ---, ---, ---, ---, ---, ---, 
[3.298s][info][gc,stats    ] Concurrent Evacuation              4537 us
[3.298s][info][gc,stats    ] Pause Init Update Refs (G)          411 us
[3.298s][info][gc,stats    ] Pause Init Update Refs (N)           50 us
[3.298s][info][gc,stats    ]   Manage GCLABs                       5 us
[3.299s][info][gc,stats    ] Concurrent Update Refs             3226 us
[3.299s][info][gc,stats    ] Concurrent Update Thread Roots      494 us
[3.299s][info][gc,stats    ] Pause Final Update Refs (G)         179 us
[3.299s][info][gc,stats    ] Pause Final Update Refs (N)          87 us
[3.299s][info][gc,stats    ]   Update Region States               16 us
[3.299s][info][gc,stats    ]   Trash Collection Set                2 us
[3.299s][info][gc,stats    ]   Rebuild Free Set                   19 us
[3.299s][info][gc,stats    ] Concurrent Cleanup                   90 us
[3.299s][info][gc,stats    ] 
[3.299s][info][gc,stats    ] Allocation pacing accrued:
[3.299s][info][gc,stats    ]       0 of    24 ms (  0.0%): <total>
[3.299s][info][gc,stats    ]       0 of    24 ms (  0.0%): <average total>
[3.299s][info][gc,stats    ] 
[3.299s][info][gc,metaspace] Metaspace: 12384K(12672K)->12794K(12992K) NonClass: 11143K(11328K)->11520K(11648K) Class: 1241K(1344K)->1274K(1344K)
[3.299s][info][gc,ergo     ] Pacer for Idle. Initial: 40642K, Alloc Tax Rate: 1.0x
[3.300s][info][gc          ] Trigger: Start next cycle immediately
[3.300s][info][gc,ergo     ] Free: 1869M, Max: 512K regular, 1865M humongous, Frag: 1% external, 0% internal; Reserve: 101888K, Max: 512K
[3.300s][info][gc,start    ] GC(156) Concurrent reset
[3.300s][info][gc,task     ] GC(156) Using 2 of 8 workers for concurrent reset
[3.300s][info][gc,ergo     ] GC(156) Pacer for Reset. Non-Taxable: 1984M
[3.300s][info][gc          ] GC(156) Concurrent reset 0.225ms
[3.300s][info][gc,start    ] GC(156) Pause Init Mark
[3.300s][info][gc,task     ] GC(156) Using 8 of 8 workers for init marking
[3.300s][info][gc,ergo     ] GC(156) Pacer for Mark. Expected Live: 12793K, Free: 1869M, Non-Taxable: 186M, Alloc Tax Rate: 0.0x
[3.300s][info][gc          ] GC(156) Pause Init Mark 0.070ms
[3.300s][info][gc,start    ] GC(156) Concurrent marking roots
[3.300s][info][gc,task     ] GC(156) Using 2 of 8 workers for concurrent marking roots
[3.301s][info][gc          ] GC(156) Concurrent marking roots 0.547ms
[3.301s][info][gc,start    ] GC(156) Concurrent marking
[3.301s][info][gc,task     ] GC(156) Using 2 of 8 workers for concurrent marking
[3.326s][info][gc          ] GC(156) Concurrent marking 25.290ms
[3.326s][info][gc,start    ] GC(156) Pause Final Mark
[3.326s][info][gc,task     ] GC(156) Using 8 of 8 workers for final marking
[3.327s][info][gc,ergo     ] GC(156) Collectable Garbage: 2386K (100%), Immediate: 0B (0%), CSet: 2386K (100%)
[3.327s][info][gc,ergo     ] GC(156) Pacer for Evacuation. Used CSet: 13058K, Free: 1867M, Non-Taxable: 186M, Alloc Tax Rate: 1.1x
[3.327s][info][gc          ] GC(156) Pause Final Mark 0.647ms
[3.327s][info][gc,start    ] GC(156) Concurrent thread roots
[3.327s][info][gc,task     ] GC(156) Using 2 of 8 workers for Concurrent thread roots
[3.327s][info][gc          ] GC(156) Concurrent thread roots 0.124ms
[3.327s][info][gc,start    ] GC(156) Concurrent weak references
[3.327s][info][gc,task     ] GC(156) Using 2 of 8 workers for concurrent weak references
[3.327s][info][gc,ref      ] GC(156) Encountered references: Soft: 3680, Weak: 1283, Final: 4, Phantom: 587
[3.327s][info][gc,ref      ] GC(156) Discovered  references: Soft: 0, Weak: 541, Final: 4, Phantom: 353
[3.327s][info][gc,ref      ] GC(156) Enqueued    references: Soft: 0, Weak: 0, Final: 0, Phantom: 0
[3.327s][info][gc          ] GC(156) Concurrent weak references 0.132ms
[3.327s][info][gc,start    ] GC(156) Concurrent weak roots
[3.327s][info][gc,task     ] GC(156) Using 2 of 8 workers for concurrent weak root
[3.328s][info][gc          ] GC(156) Concurrent weak roots 0.418ms
[3.328s][info][gc,start    ] GC(156) Concurrent cleanup
[3.328s][info][gc          ] GC(156) Concurrent cleanup 17M->17M(149M) 0.091ms
[3.328s][info][gc,ergo     ] GC(156) Free: 1867M, Max: 512K regular, 1865M humongous, Frag: 1% external, 0% internal; Reserve: 101367K, Max: 512K
[3.328s][info][gc,start    ] GC(156) Concurrent strong roots
[3.328s][info][gc,task     ] GC(156) Using 2 of 8 workers for concurrent strong root
[3.328s][info][gc          ] GC(156) Concurrent strong roots 0.572ms
[3.329s][info][gc,start    ] GC(156) Concurrent evacuation
[3.329s][info][gc,task     ] GC(156) Using 2 of 8 workers for concurrent evacuation
[3.331s][info][gc          ] GC(156) Concurrent evacuation 2.313ms
[3.335s][info][gc,start    ] GC(156) Pause Init Update Refs
[3.335s][info][gc,ergo     ] GC(156) Pacer for Update Refs. Used: 28559K, Free: 1867M, Non-Taxable: 186M, Alloc Tax Rate: 1.1x
[3.335s][info][gc          ] GC(156) Pause Init Update Refs 0.046ms
[3.335s][info][gc,start    ] GC(156) Concurrent update references
[3.335s][info][gc,task     ] GC(156) Using 2 of 8 workers for concurrent reference update
[3.339s][info][gc          ] GC(156) Concurrent update references 3.610ms
[3.339s][info][gc,start    ] GC(156) Concurrent update thread roots
[3.339s][info][gc          ] GC(156) Concurrent update thread roots 0.256ms
[3.339s][info][gc,start    ] GC(156) Pause Final Update Refs
[3.339s][info][gc,task     ] GC(156) Using 8 of 8 workers for final reference update
[3.339s][info][gc          ] GC(156) Pause Final Update Refs 0.089ms
[3.339s][info][gc,start    ] GC(156) Concurrent cleanup
[3.339s][info][gc          ] GC(156) Concurrent cleanup 27M->15M(149M) 0.089ms
[3.339s][info][gc,ergo     ] Free: 1869M, Max: 512K regular, 1866M humongous, Frag: 1% external, 0% internal; Reserve: 101888K, Max: 512K
[3.339s][info][gc,stats    ] 
[3.339s][info][gc,stats    ] All times are wall-clock times, except per-root-class counters, that are sum over
[3.339s][info][gc,stats    ] all workers. Dividing the <total> over the root stage time estimates parallelism.
[3.339s][info][gc,stats    ] 
[3.339s][info][gc,stats    ] Concurrent Reset                    258 us
[3.339s][info][gc,stats    ] Pause Init Mark (G)                 250 us
[3.339s][info][gc,stats    ] Pause Init Mark (N)                  83 us
[3.339s][info][gc,stats    ]   Update Region States               18 us
[3.339s][info][gc,stats    ] Concurrent Mark Roots               573 us, parallelism: 1.65x
[3.339s][info][gc,stats    ]   CMR: <total>                      943 us
[3.339s][info][gc,stats    ]   CMR: Thread Roots                  97 us, workers (us):  13,  83, ---, ---, ---, ---, ---, ---, 
[3.339s][info][gc,stats    ]   CMR: Code Cache Roots             747 us, workers (us): 366, 380, ---, ---, ---, ---, ---, ---, 
[3.339s][info][gc,stats    ]   CMR: VM Strong Roots                5 us, workers (us):   5,   0, ---, ---, ---, ---, ---, ---, 
[3.339s][info][gc,stats    ]   CMR: CLDG Roots                    95 us, workers (us):  95, ---, ---, ---, ---, ---, ---, ---, 
[3.339s][info][gc,stats    ] Concurrent Marking                25320 us
[3.340s][info][gc,stats    ] Pause Final Mark (G)                848 us
[3.340s][info][gc,stats    ] Pause Final Mark (N)                657 us
[3.340s][info][gc,stats    ]   Finish Mark                       495 us
[3.340s][info][gc,stats    ]   Update Region States               28 us
[3.340s][info][gc,stats    ]   Choose Collection Set              55 us
[3.340s][info][gc,stats    ]   Rebuild Free Set                   17 us
[3.340s][info][gc,stats    ] Concurrent Thread Roots             138 us, parallelism: 0.97x
[3.340s][info][gc,stats    ]   CTR: <total>                      133 us
[3.340s][info][gc,stats    ]   CTR: Thread Roots                 133 us, workers (us):  67,  66, ---, ---, ---, ---, ---, ---, 
[3.340s][info][gc,stats    ] Concurrent Weak References          141 us, parallelism: 0.53x
[3.340s][info][gc,stats    ]   CWRF: <total>                      75 us
[3.340s][info][gc,stats    ]   CWRF: Weak References              75 us, workers (us):  74,   1, ---, ---, ---, ---, ---, ---, 
[3.340s][info][gc,stats    ] Concurrent Weak Roots               438 us
[3.340s][info][gc,stats    ]   Roots                             281 us, parallelism: 1.76x
[3.340s][info][gc,stats    ]     CWR: <total>                    494 us
[3.340s][info][gc,stats    ]     CWR: VM Weak Roots              494 us, workers (us): 249, 244, ---, ---, ---, ---, ---, ---, 
[3.340s][info][gc,stats    ]   Rendezvous                        117 us
[3.340s][info][gc,stats    ] Concurrent Cleanup                  103 us
[3.340s][info][gc,stats    ] Concurrent Strong Roots             591 us, parallelism: 1.75x
[3.340s][info][gc,stats    ]   CSR: <total>                     1037 us
[3.340s][info][gc,stats    ]   CSR: Code Cache Roots             830 us, workers (us): 321, 509, ---, ---, ---, ---, ---, ---, 
[3.340s][info][gc,stats    ]   CSR: VM Strong Roots               14 us, workers (us):   8,   6, ---, ---, ---, ---, ---, ---, 
[3.340s][info][gc,stats    ]   CSR: CLDG Roots                   193 us, workers (us): 193, ---, ---, ---, ---, ---, ---, ---, 
[3.340s][info][gc,stats    ] Concurrent Evacuation              2333 us
[3.340s][info][gc,stats    ] Pause Init Update Refs (G)         4314 us
[3.340s][info][gc,stats    ] Pause Init Update Refs (N)           53 us
[3.340s][info][gc,stats    ]   Manage GCLABs                       6 us
[3.340s][info][gc,stats    ] Concurrent Update Refs             3635 us
[3.340s][info][gc,stats    ] Concurrent Update Thread Roots      277 us
[3.340s][info][gc,stats    ] Pause Final Update Refs (G)         129 us
[3.340s][info][gc,stats    ] Pause Final Update Refs (N)         102 us
[3.340s][info][gc,stats    ]   Update Region States               20 us
[3.340s][info][gc,stats    ]   Trash Collection Set                2 us
[3.340s][info][gc,stats    ]   Rebuild Free Set                   19 us
[3.340s][info][gc,stats    ] Concurrent Cleanup                  100 us
[3.340s][info][gc,stats    ] 
[3.340s][info][gc,stats    ] Allocation pacing accrued:
[3.340s][info][gc,stats    ]       0 of    41 ms (  0.0%): <total>
[3.340s][info][gc,stats    ]       0 of    41 ms (  0.0%): <average total>
[3.340s][info][gc,stats    ] 
[3.340s][info][gc,metaspace] Metaspace: 12826K(13056K)->13231K(13504K) NonClass: 11549K(11712K)->11872K(12032K) Class: 1277K(1344K)->1358K(1472K)
[3.340s][info][gc,ergo     ] Pacer for Idle. Initial: 40642K, Alloc Tax Rate: 1.0x
[3.341s][info][gc          ] Trigger: Start next cycle immediately
[3.341s][info][gc,ergo     ] Free: 1869M, Max: 512K regular, 1866M humongous, Frag: 1% external, 0% internal; Reserve: 101888K, Max: 512K
[3.341s][info][gc,start    ] GC(157) Concurrent reset
[3.341s][info][gc,task     ] GC(157) Using 2 of 8 workers for concurrent reset
[3.341s][info][gc,ergo     ] GC(157) Pacer for Reset. Non-Taxable: 1984M
[3.341s][info][gc          ] GC(157) Concurrent reset 0.237ms
[3.341s][info][gc,start    ] GC(157) Pause Init Mark
[3.341s][info][gc,task     ] GC(157) Using 8 of 8 workers for init marking
[3.341s][info][gc,ergo     ] GC(157) Pacer for Mark. Expected Live: 12809K, Free: 1869M, Non-Taxable: 186M, Alloc Tax Rate: 0.0x
[3.341s][info][gc          ] GC(157) Pause Init Mark 0.074ms
[3.341s][info][gc,start    ] GC(157) Concurrent marking roots
[3.342s][info][gc,task     ] GC(157) Using 2 of 8 workers for concurrent marking roots
[3.343s][info][gc          ] GC(157) Concurrent marking roots 1.036ms
[3.343s][info][gc,start    ] GC(157) Concurrent marking
[3.343s][info][gc,task     ] GC(157) Using 2 of 8 workers for concurrent marking
[3.360s][info][gc          ] GC(157) Concurrent marking 17.076ms
[3.360s][info][gc,start    ] GC(157) Pause Final Mark
[3.360s][info][gc,task     ] GC(157) Using 8 of 8 workers for final marking
[3.360s][info][gc,ergo     ] GC(157) Collectable Garbage: 2482K (100%), Immediate: 16512B (0%), CSet: 2466K (99%)
[3.360s][info][gc,ergo     ] GC(157) Pacer for Evacuation. Used CSet: 13306K, Free: 1868M, Non-Taxable: 186M, Alloc Tax Rate: 1.1x
[3.360s][info][gc          ] GC(157) Pause Final Mark 0.537ms
[3.361s][info][gc,start    ] GC(157) Concurrent thread roots
[3.361s][info][gc,task     ] GC(157) Using 2 of 8 workers for Concurrent thread roots
[3.361s][info][gc          ] GC(157) Concurrent thread roots 0.101ms
[3.361s][info][gc,start    ] GC(157) Concurrent weak references
[3.361s][info][gc,task     ] GC(157) Using 2 of 8 workers for concurrent weak references
[3.361s][info][gc,ref      ] GC(157) Encountered references: Soft: 3691, Weak: 1317, Final: 4, Phantom: 595
[3.361s][info][gc,ref      ] GC(157) Discovered  references: Soft: 0, Weak: 470, Final: 0, Phantom: 361
[3.361s][info][gc,ref      ] GC(157) Enqueued    references: Soft: 0, Weak: 19, Final: 0, Phantom: 8
[3.361s][info][gc          ] GC(157) Concurrent weak references 0.120ms
[3.361s][info][gc,start    ] GC(157) Concurrent weak roots
[3.361s][info][gc,task     ] GC(157) Using 2 of 8 workers for concurrent weak root
[3.363s][info][gc          ] GC(157) Concurrent weak roots 1.976ms
[3.363s][info][gc,start    ] GC(157) Concurrent cleanup
[3.363s][info][gc          ] GC(157) Concurrent cleanup 17M->17M(149M) 0.080ms
[3.363s][info][gc,ergo     ] GC(157) Free: 1868M, Max: 512K regular, 1866M humongous, Frag: 1% external, 0% internal; Reserve: 100218K, Max: 512K
[3.363s][info][gc,start    ] GC(157) Concurrent strong roots
[3.363s][info][gc,task     ] GC(157) Using 2 of 8 workers for concurrent strong root
[3.363s][info][gc          ] GC(157) Concurrent strong roots 0.567ms
[3.363s][info][gc,start    ] GC(157) Concurrent evacuation
[3.363s][info][gc,task     ] GC(157) Using 2 of 8 workers for concurrent evacuation
[3.366s][info][gc          ] GC(157) Concurrent evacuation 2.329ms
[3.366s][info][gc,start    ] GC(157) Pause Init Update Refs
[3.366s][info][gc,ergo     ] GC(157) Pacer for Update Refs. Used: 29171K, Free: 1868M, Non-Taxable: 186M, Alloc Tax Rate: 1.1x
[3.366s][info][gc          ] GC(157) Pause Init Update Refs 0.039ms
[3.367s][info][gc,start    ] GC(157) Concurrent update references
[3.367s][info][gc,task     ] GC(157) Using 2 of 8 workers for concurrent reference update
[3.372s][info][gc          ] GC(157) Concurrent update references 5.504ms
[3.373s][info][gc,start    ] GC(157) Concurrent update thread roots
[3.379s][info][gc          ] GC(157) Concurrent update thread roots 6.458ms
[3.379s][info][gc,start    ] GC(157) Pause Final Update Refs
[3.379s][info][gc,task     ] GC(157) Using 8 of 8 workers for final reference update
[3.379s][info][gc          ] GC(157) Pause Final Update Refs 0.070ms
[3.379s][info][gc,start    ] GC(157) Concurrent cleanup
[3.379s][info][gc          ] GC(157) Concurrent cleanup 28M->15M(149M) 0.078ms
[3.379s][info][gc,ergo     ] Free: 1868M, Max: 512K regular, 1865M humongous, Frag: 1% external, 0% internal; Reserve: 101888K, Max: 512K
[3.379s][info][gc,stats    ] 
[3.379s][info][gc,stats    ] All times are wall-clock times, except per-root-class counters, that are sum over
[3.379s][info][gc,stats    ] all workers. Dividing the <total> over the root stage time estimates parallelism.
[3.379s][info][gc,stats    ] 
[3.380s][info][gc,stats    ] Concurrent Reset                    252 us
[3.380s][info][gc,stats    ] Pause Init Mark (G)                 179 us
[3.380s][info][gc,stats    ] Pause Init Mark (N)                  83 us
[3.380s][info][gc,stats    ]   Update Region States               27 us
[3.380s][info][gc,stats    ] Concurrent Mark Roots              1053 us, parallelism: 0.89x
[3.380s][info][gc,stats    ]   CMR: <total>                      934 us
[3.380s][info][gc,stats    ]   CMR: Thread Roots                  53 us, workers (us):  53,   0, ---, ---, ---, ---, ---, ---, 
[3.380s][info][gc,stats    ]   CMR: Code Cache Roots             764 us, workers (us): 764,   0, ---, ---, ---, ---, ---, ---, 
[3.380s][info][gc,stats    ]   CMR: VM Strong Roots                6 us, workers (us):   6,   0, ---, ---, ---, ---, ---, ---, 
[3.380s][info][gc,stats    ]   CMR: CLDG Roots                   111 us, workers (us): 111, ---, ---, ---, ---, ---, ---, ---, 
[3.380s][info][gc,stats    ] Concurrent Marking                17102 us
[3.380s][info][gc,stats    ] Pause Final Mark (G)                854 us
[3.380s][info][gc,stats    ] Pause Final Mark (N)                546 us
[3.380s][info][gc,stats    ]   Finish Mark                       408 us
[3.380s][info][gc,stats    ]   Update Region States               19 us
[3.380s][info][gc,stats    ]   Choose Collection Set              45 us
[3.380s][info][gc,stats    ]   Rebuild Free Set                   17 us
[3.380s][info][gc,stats    ] Concurrent Thread Roots             113 us, parallelism: 0.85x
[3.380s][info][gc,stats    ]   CTR: <total>                       95 us
[3.380s][info][gc,stats    ]   CTR: Thread Roots                  95 us, workers (us):  52,  43, ---, ---, ---, ---, ---, ---, 
[3.380s][info][gc,stats    ] Concurrent Weak References          130 us, parallelism: 0.48x
[3.380s][info][gc,stats    ]   CWRF: <total>                      63 us
[3.380s][info][gc,stats    ]   CWRF: Weak References              63 us, workers (us):  62,   0, ---, ---, ---, ---, ---, ---, 
[3.380s][info][gc,stats    ] Concurrent Weak Roots              2017 us
[3.380s][info][gc,stats    ]   Roots                             711 us, parallelism: 0.71x
[3.380s][info][gc,stats    ]     CWR: <total>                    506 us
[3.380s][info][gc,stats    ]     CWR: VM Weak Roots              506 us, workers (us): 265, 241, ---, ---, ---, ---, ---, ---, 
[3.380s][info][gc,stats    ]   Rendezvous                       1246 us
[3.380s][info][gc,stats    ] Concurrent Cleanup                   93 us
[3.380s][info][gc,stats    ] Concurrent Strong Roots             592 us, parallelism: 1.74x
[3.380s][info][gc,stats    ]   CSR: <total>                     1030 us
[3.380s][info][gc,stats    ]   CSR: Code Cache Roots             819 us, workers (us): 313, 506, ---, ---, ---, ---, ---, ---, 
[3.380s][info][gc,stats    ]   CSR: VM Strong Roots               12 us, workers (us):   8,   4, ---, ---, ---, ---, ---, ---, 
[3.380s][info][gc,stats    ]   CSR: CLDG Roots                   199 us, workers (us): 199, ---, ---, ---, ---, ---, ---, ---, 
[3.380s][info][gc,stats    ] Concurrent Evacuation              2364 us
[3.380s][info][gc,stats    ] Pause Init Update Refs (G)         1023 us
[3.380s][info][gc,stats    ] Pause Init Update Refs (N)           82 us
[3.380s][info][gc,stats    ]   Manage GCLABs                       4 us
[3.380s][info][gc,stats    ] Concurrent Update Refs             5835 us
[3.380s][info][gc,stats    ] Concurrent Update Thread Roots     6493 us
[3.380s][info][gc,stats    ] Pause Final Update Refs (G)         108 us
[3.380s][info][gc,stats    ] Pause Final Update Refs (N)          80 us
[3.380s][info][gc,stats    ]   Update Region States               17 us
[3.380s][info][gc,stats    ]   Trash Collection Set                3 us
[3.380s][info][gc,stats    ]   Rebuild Free Set                   16 us
[3.380s][info][gc,stats    ] Concurrent Cleanup                   92 us
[3.380s][info][gc,stats    ] 
[3.380s][info][gc,stats    ] Allocation pacing accrued:
[3.380s][info][gc,stats    ]       0 of    40 ms (  0.0%): <total>
[3.380s][info][gc,stats    ]       0 of    40 ms (  0.0%): <average total>
[3.380s][info][gc,stats    ] 
[3.380s][info][gc,metaspace] Metaspace: 13264K(13504K)->13455K(13696K) NonClass: 11905K(12032K)->12067K(12160K) Class: 1358K(1472K)->1387K(1536K)
[3.380s][info][gc,ergo     ] Pacer for Idle. Initial: 40642K, Alloc Tax Rate: 1.0x
[3.381s][info][gc          ] Trigger: Start next cycle immediately
[3.381s][info][gc,ergo     ] Free: 1868M, Max: 512K regular, 1865M humongous, Frag: 1% external, 0% internal; Reserve: 101888K, Max: 512K
[3.381s][info][gc,start    ] GC(158) Concurrent reset
[3.381s][info][gc,task     ] GC(158) Using 2 of 8 workers for concurrent reset
[3.381s][info][gc,ergo     ] GC(158) Pacer for Reset. Non-Taxable: 1984M
[3.381s][info][gc          ] GC(158) Concurrent reset 0.204ms
[3.381s][info][gc,start    ] GC(158) Pause Init Mark (unload classes)
[3.381s][info][gc,task     ] GC(158) Using 8 of 8 workers for init marking
[3.381s][info][gc,ergo     ] GC(158) Pacer for Mark. Expected Live: 12855K, Free: 1868M, Non-Taxable: 186M, Alloc Tax Rate: 0.0x
[3.381s][info][gc          ] GC(158) Pause Init Mark (unload classes) 0.095ms
[3.381s][info][gc,start    ] GC(158) Concurrent marking roots
[3.381s][info][gc,task     ] GC(158) Using 2 of 8 workers for concurrent marking roots
[3.382s][info][gc          ] GC(158) Concurrent marking roots 0.166ms
[3.382s][info][gc,start    ] GC(158) Concurrent marking (unload classes)
[3.382s][info][gc,task     ] GC(158) Using 2 of 8 workers for concurrent marking
[3.386s][info][gc          ] GC(158) Concurrent marking (unload classes) 4.177ms
[3.386s][info][gc,start    ] GC(158) Pause Final Mark (unload classes)
[3.386s][info][gc,task     ] GC(158) Using 8 of 8 workers for final marking
[3.386s][info][gc,ergo     ] GC(158) Collectable Garbage: 3370K (100%), Immediate: 0B (0%), CSet: 3370K (100%)
[3.386s][info][gc,ergo     ] GC(158) Pacer for Evacuation. Used CSet: 14195K, Free: 1867M, Non-Taxable: 186M, Alloc Tax Rate: 1.1x
[3.386s][info][gc          ] GC(158) Pause Final Mark (unload classes) 0.178ms
[3.386s][info][gc,start    ] GC(158) Concurrent thread roots
[3.386s][info][gc,task     ] GC(158) Using 2 of 8 workers for Concurrent thread roots
[3.386s][info][gc          ] GC(158) Concurrent thread roots 0.089ms
[3.386s][info][gc,start    ] GC(158) Concurrent weak references
[3.386s][info][gc,task     ] GC(158) Using 2 of 8 workers for concurrent weak references
[3.386s][info][gc,ref      ] GC(158) Encountered references: Soft: 3692, Weak: 1300, Final: 4, Phantom: 587
[3.386s][info][gc,ref      ] GC(158) Discovered  references: Soft: 0, Weak: 467, Final: 0, Phantom: 276
[3.386s][info][gc,ref      ] GC(158) Enqueued    references: Soft: 0, Weak: 1, Final: 0, Phantom: 0
[3.386s][info][gc          ] GC(158) Concurrent weak references 0.149ms
[3.386s][info][gc,start    ] GC(158) Concurrent weak roots
[3.386s][info][gc,task     ] GC(158) Using 2 of 8 workers for concurrent weak root
[3.387s][info][gc          ] GC(158) Concurrent weak roots 0.787ms
[3.387s][info][gc,start    ] GC(158) Concurrent cleanup
[3.387s][info][gc          ] GC(158) Concurrent cleanup 18M->18M(149M) 0.058ms
[3.387s][info][gc,ergo     ] GC(158) Free: 1867M, Max: 512K regular, 1865M humongous, Frag: 1% external, 0% internal; Reserve: 100606K, Max: 512K
[3.387s][info][gc,start    ] GC(158) Concurrent class unloading
[3.387s][info][gc,task     ] GC(158) Using 2 of 8 workers for concurrent class unloading
[3.389s][info][gc          ] GC(158) Concurrent class unloading 1.478ms
[3.389s][info][gc,start    ] GC(158) Concurrent strong roots
[3.389s][info][gc,task     ] GC(158) Using 2 of 8 workers for concurrent strong root
[3.389s][info][gc          ] GC(158) Concurrent strong roots 0.264ms
[3.389s][info][gc,start    ] GC(158) Concurrent evacuation
[3.389s][info][gc,task     ] GC(158) Using 2 of 8 workers for concurrent evacuation
[3.392s][info][gc          ] GC(158) Concurrent evacuation 2.972ms
[3.392s][info][gc,start    ] GC(158) Pause Init Update Refs
[3.392s][info][gc,ergo     ] GC(158) Pacer for Update Refs. Used: 30658K, Free: 1867M, Non-Taxable: 186M, Alloc Tax Rate: 1.1x
[3.392s][info][gc          ] GC(158) Pause Init Update Refs 0.039ms
[3.392s][info][gc,start    ] GC(158) Concurrent update references
[3.392s][info][gc,task     ] GC(158) Using 2 of 8 workers for concurrent reference update
[3.395s][info][gc          ] GC(158) Concurrent update references 2.956ms
[3.395s][info][gc,start    ] GC(158) Concurrent update thread roots
[3.396s][info][gc          ] GC(158) Concurrent update thread roots 1.059ms
[3.397s][info][gc,start    ] GC(158) Pause Final Update Refs
[3.397s][info][gc,task     ] GC(158) Using 8 of 8 workers for final reference update
[3.397s][info][gc          ] GC(158) Pause Final Update Refs 0.069ms
[3.397s][info][gc,start    ] GC(158) Concurrent cleanup
[3.397s][info][gc          ] GC(158) Concurrent cleanup 29M->16M(151M) 0.076ms
[3.397s][info][gc,ergo     ] Free: 1868M, Max: 512K regular, 1864M humongous, Frag: 1% external, 0% internal; Reserve: 101888K, Max: 512K
[3.397s][info][gc,stats    ] 
[3.397s][info][gc,stats    ] All times are wall-clock times, except per-root-class counters, that are sum over
[3.397s][info][gc,stats    ] all workers. Dividing the <total> over the root stage time estimates parallelism.
[3.397s][info][gc,stats    ] 
[3.397s][info][gc,stats    ] Concurrent Reset                    215 us
[3.397s][info][gc,stats    ] Pause Init Mark (G)                 134 us
[3.397s][info][gc,stats    ] Pause Init Mark (N)                 104 us
[3.397s][info][gc,stats    ]   Update Region States               29 us
[3.397s][info][gc,stats    ] Concurrent Mark Roots               181 us, parallelism: 1.08x
[3.397s][info][gc,stats    ]   CMR: <total>                      195 us
[3.397s][info][gc,stats    ]   CMR: Thread Roots                 109 us, workers (us):  13,  96, ---, ---, ---, ---, ---, ---, 
[3.397s][info][gc,stats    ]   CMR: VM Strong Roots                8 us, workers (us):   4,   4, ---, ---, ---, ---, ---, ---, 
[3.397s][info][gc,stats    ]   CMR: CLDG Roots                    78 us, workers (us):  78, ---, ---, ---, ---, ---, ---, ---, 
[3.397s][info][gc,stats    ] Concurrent Marking                 4203 us
[3.397s][info][gc,stats    ] Pause Final Mark (G)                282 us
[3.397s][info][gc,stats    ] Pause Final Mark (N)                189 us
[3.397s][info][gc,stats    ]   Finish Mark                        74 us
[3.397s][info][gc,stats    ]   Update Region States               12 us
[3.397s][info][gc,stats    ]   Choose Collection Set              31 us
[3.397s][info][gc,stats    ]   Rebuild Free Set                   16 us
[3.397s][info][gc,stats    ] Concurrent Thread Roots              99 us, parallelism: 0.83x
[3.397s][info][gc,stats    ]   CTR: <total>                       83 us
[3.397s][info][gc,stats    ]   CTR: Thread Roots                  83 us, workers (us):  46,  37, ---, ---, ---, ---, ---, ---, 
[3.397s][info][gc,stats    ] Concurrent Weak References          157 us, parallelism: 0.87x
[3.397s][info][gc,stats    ]   CWRF: <total>                     138 us
[3.397s][info][gc,stats    ]   CWRF: Weak References             138 us, workers (us):  77,  60, ---, ---, ---, ---, ---, ---, 
[3.397s][info][gc,stats    ] Concurrent Weak Roots               810 us
[3.397s][info][gc,stats    ]   Roots                             559 us, parallelism: 1.88x
[3.397s][info][gc,stats    ]     CWR: <total>                   1051 us
[3.397s][info][gc,stats    ]     CWR: Code Cache Roots           537 us, workers (us): 279, 258, ---, ---, ---, ---, ---, ---, 
[3.397s][info][gc,stats    ]     CWR: VM Weak Roots              507 us, workers (us): 255, 252, ---, ---, ---, ---, ---, ---, 
[3.397s][info][gc,stats    ]     CWR: CLDG Roots                   7 us, workers (us): ---,   7, ---, ---, ---, ---, ---, ---, 
[3.397s][info][gc,stats    ]   Rendezvous                        195 us
[3.397s][info][gc,stats    ] Concurrent Cleanup                   67 us
[3.397s][info][gc,stats    ] Concurrent Class Unloading         1497 us
[3.397s][info][gc,stats    ]   Unlink Stale                     1053 us
[3.397s][info][gc,stats    ]     System Dictionary                42 us
[3.397s][info][gc,stats    ]     Weak Class Links                  0 us
[3.397s][info][gc,stats    ]     Code Roots                     1010 us
[3.397s][info][gc,stats    ]   Rendezvous                        272 us
[3.397s][info][gc,stats    ]   Purge Unlinked                    136 us
[3.397s][info][gc,stats    ]     Code Roots                      131 us
[3.397s][info][gc,stats    ]     CLDG                              4 us
[3.397s][info][gc,stats    ]     Exception Caches                  0 us
[3.397s][info][gc,stats    ] Concurrent Strong Roots             285 us, parallelism: 0.77x
[3.397s][info][gc,stats    ]   CSR: <total>                      220 us
[3.397s][info][gc,stats    ]   CSR: VM Strong Roots               11 us, workers (us):   7,   3, ---, ---, ---, ---, ---, ---, 
[3.397s][info][gc,stats    ]   CSR: CLDG Roots                   209 us, workers (us): ---, 209, ---, ---, ---, ---, ---, ---, 
[3.397s][info][gc,stats    ] Concurrent Evacuation              3013 us
[3.397s][info][gc,stats    ] Pause Init Update Refs (G)          145 us
[3.397s][info][gc,stats    ] Pause Init Update Refs (N)           48 us
[3.397s][info][gc,stats    ]   Manage GCLABs                       4 us
[3.397s][info][gc,stats    ] Concurrent Update Refs             2982 us
[3.397s][info][gc,stats    ] Concurrent Update Thread Roots     1200 us
[3.397s][info][gc,stats    ] Pause Final Update Refs (G)         179 us
[3.397s][info][gc,stats    ] Pause Final Update Refs (N)          79 us
[3.397s][info][gc,stats    ]   Update Region States               13 us
[3.397s][info][gc,stats    ]   Trash Collection Set                2 us
[3.397s][info][gc,stats    ]   Rebuild Free Set                   16 us
[3.397s][info][gc,stats    ] Concurrent Cleanup                   93 us
[3.397s][info][gc,stats    ] 
[3.397s][info][gc,stats    ] Allocation pacing accrued:
[3.397s][info][gc,stats    ]       0 of    17 ms (  0.0%): <total>
[3.397s][info][gc,stats    ]       0 of    17 ms (  0.0%): <average total>
[3.397s][info][gc,stats    ] 
[3.397s][info][gc,metaspace] Metaspace: 13455K(13696K)->13578K(13824K) NonClass: 12067K(12160K)->12177K(12288K) Class: 1387K(1536K)->1401K(1536K)
[3.397s][info][gc,ergo     ] Pacer for Idle. Initial: 40642K, Alloc Tax Rate: 1.0x
[3.399s][info][gc          ] Trigger: Start next cycle immediately
[3.399s][info][gc,ergo     ] Free: 1868M, Max: 512K regular, 1864M humongous, Frag: 1% external, 0% internal; Reserve: 101888K, Max: 512K
[3.399s][info][gc,start    ] GC(159) Concurrent reset
[3.399s][info][gc,task     ] GC(159) Using 2 of 8 workers for concurrent reset
[3.399s][info][gc,ergo     ] GC(159) Pacer for Reset. Non-Taxable: 1984M
[3.399s][info][gc          ] GC(159) Concurrent reset 0.252ms
[3.402s][info][gc,start    ] GC(159) Pause Init Mark
[3.402s][info][gc,task     ] GC(159) Using 8 of 8 workers for init marking
[3.402s][info][gc,ergo     ] GC(159) Pacer for Mark. Expected Live: 12893K, Free: 1868M, Non-Taxable: 186M, Alloc Tax Rate: 0.0x
[3.402s][info][gc          ] GC(159) Pause Init Mark 0.077ms
[3.402s][info][gc,start    ] GC(159) Concurrent marking roots
[3.402s][info][gc,task     ] GC(159) Using 2 of 8 workers for concurrent marking roots
[3.403s][info][gc          ] GC(159) Concurrent marking roots 0.557ms
[3.403s][info][gc,start    ] GC(159) Concurrent marking
[3.403s][info][gc,task     ] GC(159) Using 2 of 8 workers for concurrent marking
[3.407s][info][gc          ] GC(159) Concurrent marking 3.862ms
[3.407s][info][gc,start    ] GC(159) Pause Final Mark
[3.407s][info][gc,task     ] GC(159) Using 8 of 8 workers for final marking
[3.407s][info][gc,ergo     ] GC(159) Collectable Garbage: 3449K (100%), Immediate: 0B (0%), CSet: 3449K (100%)
[3.407s][info][gc,ergo     ] GC(159) Pacer for Evacuation. Used CSet: 14289K, Free: 1867M, Non-Taxable: 186M, Alloc Tax Rate: 1.1x
[3.407s][info][gc          ] GC(159) Pause Final Mark 0.205ms
[3.407s][info][gc,start    ] GC(159) Concurrent thread roots
[3.407s][info][gc,task     ] GC(159) Using 2 of 8 workers for Concurrent thread roots
[3.407s][info][gc          ] GC(159) Concurrent thread roots 0.112ms
[3.407s][info][gc,start    ] GC(159) Concurrent weak references
[3.407s][info][gc,task     ] GC(159) Using 2 of 8 workers for concurrent weak references
[3.407s][info][gc,ref      ] GC(159) Encountered references: Soft: 3694, Weak: 1298, Final: 4, Phantom: 587
[3.407s][info][gc,ref      ] GC(159) Discovered  references: Soft: 0, Weak: 530, Final: 1, Phantom: 352
[3.407s][info][gc,ref      ] GC(159) Enqueued    references: Soft: 0, Weak: 0, Final: 0, Phantom: 0
[3.407s][info][gc          ] GC(159) Concurrent weak references 0.135ms
[3.407s][info][gc,start    ] GC(159) Concurrent weak roots
[3.407s][info][gc,task     ] GC(159) Using 2 of 8 workers for concurrent weak root
[3.408s][info][gc          ] GC(159) Concurrent weak roots 0.424ms
[3.408s][info][gc,start    ] GC(159) Concurrent cleanup
[3.408s][info][gc          ] GC(159) Concurrent cleanup 18M->18M(151M) 0.070ms
[3.408s][info][gc,ergo     ] GC(159) Free: 1867M, Max: 512K regular, 1864M humongous, Frag: 1% external, 0% internal; Reserve: 100864K, Max: 512K
[3.408s][info][gc,start    ] GC(159) Concurrent strong roots
[3.408s][info][gc,task     ] GC(159) Using 2 of 8 workers for concurrent strong root
[3.408s][info][gc          ] GC(159) Concurrent strong roots 0.531ms
[3.408s][info][gc,start    ] GC(159) Concurrent evacuation
[3.408s][info][gc,task     ] GC(159) Using 2 of 8 workers for concurrent evacuation
[3.411s][info][gc          ] GC(159) Concurrent evacuation 2.220ms
[3.411s][info][gc,start    ] GC(159) Pause Init Update Refs
[3.411s][info][gc,ergo     ] GC(159) Pacer for Update Refs. Used: 30545K, Free: 1867M, Non-Taxable: 186M, Alloc Tax Rate: 1.1x
[3.411s][info][gc          ] GC(159) Pause Init Update Refs 0.040ms
[3.411s][info][gc,start    ] GC(159) Concurrent update references
[3.411s][info][gc,task     ] GC(159) Using 2 of 8 workers for concurrent reference update
[3.413s][info][gc          ] GC(159) Concurrent update references 2.716ms
[3.414s][info][gc,start    ] GC(159) Concurrent update thread roots
[3.414s][info][gc          ] GC(159) Concurrent update thread roots 0.134ms
[3.414s][info][gc,start    ] GC(159) Pause Final Update Refs
[3.414s][info][gc,task     ] GC(159) Using 8 of 8 workers for final reference update
[3.414s][info][gc          ] GC(159) Pause Final Update Refs 0.066ms
[3.414s][info][gc,start    ] GC(159) Concurrent cleanup
[3.414s][info][gc          ] GC(159) Concurrent cleanup 29M->15M(151M) 0.065ms
[3.414s][info][gc,ergo     ] Free: 1868M, Max: 512K regular, 1864M humongous, Frag: 1% external, 0% internal; Reserve: 101888K, Max: 512K
[3.414s][info][gc,stats    ] 
[3.414s][info][gc,stats    ] All times are wall-clock times, except per-root-class counters, that are sum over
[3.414s][info][gc,stats    ] all workers. Dividing the <total> over the root stage time estimates parallelism.
[3.414s][info][gc,stats    ] 
[3.414s][info][gc,stats    ] Concurrent Reset                    269 us
[3.414s][info][gc,stats    ] Pause Init Mark (G)                3324 us
[3.414s][info][gc,stats    ] Pause Init Mark (N)                  86 us
[3.414s][info][gc,stats    ]   Update Region States               17 us
[3.414s][info][gc,stats    ] Concurrent Mark Roots               584 us, parallelism: 1.61x
[3.414s][info][gc,stats    ]   CMR: <total>                      942 us
[3.414s][info][gc,stats    ]   CMR: Thread Roots                  72 us, workers (us):  20,  52, ---, ---, ---, ---, ---, ---, 
[3.414s][info][gc,stats    ]   CMR: Code Cache Roots             736 us, workers (us): 446, 290, ---, ---, ---, ---, ---, ---, 
[3.414s][info][gc,stats    ]   CMR: VM Strong Roots                5 us, workers (us):   5,   0, ---, ---, ---, ---, ---, ---, 
[3.414s][info][gc,stats    ]   CMR: CLDG Roots                   129 us, workers (us): ---, 129, ---, ---, ---, ---, ---, ---, 
[3.414s][info][gc,stats    ] Concurrent Marking                 3893 us
[3.414s][info][gc,stats    ] Pause Final Mark (G)                310 us
[3.414s][info][gc,stats    ] Pause Final Mark (N)                214 us
[3.414s][info][gc,stats    ]   Finish Mark                        97 us
[3.414s][info][gc,stats    ]   Update Region States               12 us
[3.414s][info][gc,stats    ]   Choose Collection Set              36 us
[3.414s][info][gc,stats    ]   Rebuild Free Set                   16 us
[3.414s][info][gc,stats    ] Concurrent Thread Roots             127 us, parallelism: 0.95x
[3.414s][info][gc,stats    ]   CTR: <total>                      121 us
[3.414s][info][gc,stats    ]   CTR: Thread Roots                 121 us, workers (us):  73,  48, ---, ---, ---, ---, ---, ---, 
[3.414s][info][gc,stats    ] Concurrent Weak References          144 us, parallelism: 0.53x
[3.414s][info][gc,stats    ]   CWRF: <total>                      77 us
[3.414s][info][gc,stats    ]   CWRF: Weak References              77 us, workers (us):  72,   5, ---, ---, ---, ---, ---, ---, 
[3.414s][info][gc,stats    ] Concurrent Weak Roots               446 us
[3.414s][info][gc,stats    ]   Roots                             278 us, parallelism: 1.81x
[3.414s][info][gc,stats    ]     CWR: <total>                    504 us
[3.414s][info][gc,stats    ]     CWR: VM Weak Roots              504 us, workers (us): 252, 252, ---, ---, ---, ---, ---, ---, 
[3.414s][info][gc,stats    ]   Rendezvous                        126 us
[3.414s][info][gc,stats    ] Concurrent Cleanup                   93 us
[3.414s][info][gc,stats    ] Concurrent Strong Roots             554 us, parallelism: 1.68x
[3.414s][info][gc,stats    ]   CSR: <total>                      933 us
[3.414s][info][gc,stats    ]   CSR: Code Cache Roots             726 us, workers (us): 442, 284, ---, ---, ---, ---, ---, ---, 
[3.414s][info][gc,stats    ]   CSR: VM Strong Roots               12 us, workers (us):   9,   3, ---, ---, ---, ---, ---, ---, 
[3.414s][info][gc,stats    ]   CSR: CLDG Roots                   195 us, workers (us): ---, 195, ---, ---, ---, ---, ---, ---, 
[3.414s][info][gc,stats    ] Concurrent Evacuation              2250 us
[3.414s][info][gc,stats    ] Pause Init Update Refs (G)          153 us
[3.414s][info][gc,stats    ] Pause Init Update Refs (N)           49 us
[3.414s][info][gc,stats    ]   Manage GCLABs                       4 us
[3.414s][info][gc,stats    ] Concurrent Update Refs             2741 us
[3.414s][info][gc,stats    ] Concurrent Update Thread Roots      144 us
[3.414s][info][gc,stats    ] Pause Final Update Refs (G)         163 us
[3.414s][info][gc,stats    ] Pause Final Update Refs (N)          78 us
[3.414s][info][gc,stats    ]   Update Region States               12 us
[3.414s][info][gc,stats    ]   Trash Collection Set                3 us
[3.414s][info][gc,stats    ]   Rebuild Free Set                   19 us
[3.414s][info][gc,stats    ] Concurrent Cleanup                   75 us
[3.414s][info][gc,stats    ] 
[3.414s][info][gc,stats    ] Allocation pacing accrued:
[3.414s][info][gc,stats    ]       0 of    17 ms (  0.0%): <total>
[3.414s][info][gc,stats    ]       0 of    17 ms (  0.0%): <average total>
[3.414s][info][gc,stats    ] 
[3.414s][info][gc,metaspace] Metaspace: 13594K(13888K)->13664K(13888K) NonClass: 12190K(12352K)->12250K(12352K) Class: 1403K(1536K)->1413K(1536K)
[3.414s][info][gc,ergo     ] Pacer for Idle. Initial: 40642K, Alloc Tax Rate: 1.0x
[3.415s][info][gc          ] Trigger: Start next cycle immediately
[3.415s][info][gc,ergo     ] Free: 1868M, Max: 512K regular, 1864M humongous, Frag: 1% external, 0% internal; Reserve: 101888K, Max: 512K
[3.416s][info][gc,start    ] GC(160) Concurrent reset
[3.416s][info][gc,task     ] GC(160) Using 2 of 8 workers for concurrent reset
[3.416s][info][gc,ergo     ] GC(160) Pacer for Reset. Non-Taxable: 1984M
[3.416s][info][gc          ] GC(160) Concurrent reset 0.296ms
[3.417s][info][gc,start    ] GC(160) Pause Init Mark (unload classes)
[3.417s][info][gc,task     ] GC(160) Using 8 of 8 workers for init marking
[3.417s][info][gc,ergo     ] GC(160) Pacer for Mark. Expected Live: 12940K, Free: 1868M, Non-Taxable: 186M, Alloc Tax Rate: 0.0x
[3.417s][info][gc          ] GC(160) Pause Init Mark (unload classes) 0.065ms
[3.417s][info][gc,start    ] GC(160) Concurrent marking roots
[3.417s][info][gc,task     ] GC(160) Using 2 of 8 workers for concurrent marking roots
[3.417s][info][gc          ] GC(160) Concurrent marking roots 0.169ms
[3.417s][info][gc,start    ] GC(160) Concurrent marking (unload classes)
[3.417s][info][gc,task     ] GC(160) Using 2 of 8 workers for concurrent marking
[3.421s][info][gc          ] GC(160) Concurrent marking (unload classes) 3.641ms
[3.421s][info][gc,start    ] GC(160) Pause Final Mark (unload classes)
[3.421s][info][gc,task     ] GC(160) Using 8 of 8 workers for final marking
[3.421s][info][gc,ergo     ] GC(160) Collectable Garbage: 3214K (100%), Immediate: 0B (0%), CSet: 3214K (100%)
[3.421s][info][gc,ergo     ] GC(160) Pacer for Evacuation. Used CSet: 14077K, Free: 1867M, Non-Taxable: 186M, Alloc Tax Rate: 1.1x
[3.421s][info][gc          ] GC(160) Pause Final Mark (unload classes) 0.205ms
[3.421s][info][gc,start    ] GC(160) Concurrent thread roots
[3.421s][info][gc,task     ] GC(160) Using 2 of 8 workers for Concurrent thread roots
[3.422s][info][gc          ] GC(160) Concurrent thread roots 0.314ms
[3.422s][info][gc,start    ] GC(160) Concurrent weak references
[3.422s][info][gc,task     ] GC(160) Using 2 of 8 workers for concurrent weak references
[3.422s][info][gc,ref      ] GC(160) Encountered references: Soft: 3694, Weak: 1299, Final: 4, Phantom: 587
[3.422s][info][gc,ref      ] GC(160) Discovered  references: Soft: 0, Weak: 511, Final: 4, Phantom: 354
[3.422s][info][gc,ref      ] GC(160) Enqueued    references: Soft: 0, Weak: 0, Final: 0, Phantom: 0
[3.422s][info][gc          ] GC(160) Concurrent weak references 0.102ms
[3.422s][info][gc,start    ] GC(160) Concurrent weak roots
[3.422s][info][gc,task     ] GC(160) Using 2 of 8 workers for concurrent weak root
[3.424s][info][gc          ] GC(160) Concurrent weak roots 2.104ms
[3.424s][info][gc,start    ] GC(160) Concurrent cleanup
[3.424s][info][gc          ] GC(160) Concurrent cleanup 17M->17M(151M) 0.065ms
[3.424s][info][gc,ergo     ] GC(160) Free: 1867M, Max: 512K regular, 1864M humongous, Frag: 1% external, 0% internal; Reserve: 101085K, Max: 512K
[3.424s][info][gc,start    ] GC(160) Concurrent class unloading
[3.424s][info][gc,task     ] GC(160) Using 2 of 8 workers for concurrent class unloading
[3.434s][info][gc          ] GC(160) Concurrent class unloading 9.932ms
[3.434s][info][gc,start    ] GC(160) Concurrent strong roots
[3.434s][info][gc,task     ] GC(160) Using 2 of 8 workers for concurrent strong root
[3.434s][info][gc          ] GC(160) Concurrent strong roots 0.259ms
[3.434s][info][gc,start    ] GC(160) Concurrent evacuation
[3.434s][info][gc,task     ] GC(160) Using 2 of 8 workers for concurrent evacuation
[3.436s][info][gc          ] GC(160) Concurrent evacuation 2.282ms
[3.437s][info][gc,start    ] GC(160) Pause Init Update Refs
[3.437s][info][gc,ergo     ] GC(160) Pacer for Update Refs. Used: 30080K, Free: 1866M, Non-Taxable: 186M, Alloc Tax Rate: 1.1x
[3.437s][info][gc          ] GC(160) Pause Init Update Refs 0.064ms
[3.437s][info][gc,start    ] GC(160) Concurrent update references
[3.437s][info][gc,task     ] GC(160) Using 2 of 8 workers for concurrent reference update
[3.442s][info][gc          ] GC(160) Concurrent update references 5.677ms
[3.442s][info][gc,start    ] GC(160) Concurrent update thread roots
[3.443s][info][gc          ] GC(160) Concurrent update thread roots 0.273ms
[3.443s][info][gc,start    ] GC(160) Pause Final Update Refs
[3.443s][info][gc,task     ] GC(160) Using 8 of 8 workers for final reference update
[3.443s][info][gc          ] GC(160) Pause Final Update Refs 0.075ms
[3.443s][info][gc,start    ] GC(160) Concurrent cleanup
[3.443s][info][gc          ] GC(160) Concurrent cleanup 30M->16M(151M) 0.081ms
[3.443s][info][gc,ergo     ] Free: 1867M, Max: 512K regular, 1865M humongous, Frag: 1% external, 0% internal; Reserve: 101888K, Max: 512K
[3.443s][info][gc,stats    ] 
[3.443s][info][gc,stats    ] All times are wall-clock times, except per-root-class counters, that are sum over
[3.443s][info][gc,stats    ] all workers. Dividing the <total> over the root stage time estimates parallelism.
[3.443s][info][gc,stats    ] 
[3.443s][info][gc,stats    ] Concurrent Reset                    319 us
[3.443s][info][gc,stats    ] Pause Init Mark (G)                1234 us
[3.443s][info][gc,stats    ] Pause Init Mark (N)                  74 us
[3.443s][info][gc,stats    ]   Update Region States               17 us
[3.443s][info][gc,stats    ] Concurrent Mark Roots               181 us, parallelism: 1.04x
[3.443s][info][gc,stats    ]   CMR: <total>                      187 us
[3.443s][info][gc,stats    ]   CMR: Thread Roots                 118 us, workers (us):  31,  87, ---, ---, ---, ---, ---, ---, 
[3.443s][info][gc,stats    ]   CMR: VM Strong Roots                5 us, workers (us):   5,   0, ---, ---, ---, ---, ---, ---, 
[3.443s][info][gc,stats    ]   CMR: CLDG Roots                    64 us, workers (us):  64, ---, ---, ---, ---, ---, ---, ---, 
[3.443s][info][gc,stats    ] Concurrent Marking                 3664 us
[3.443s][info][gc,stats    ] Pause Final Mark (G)                306 us
[3.443s][info][gc,stats    ] Pause Final Mark (N)                217 us
[3.443s][info][gc,stats    ]   Finish Mark                       100 us
[3.443s][info][gc,stats    ]   Update Region States               11 us
[3.443s][info][gc,stats    ]   Choose Collection Set              30 us
[3.443s][info][gc,stats    ]   Rebuild Free Set                   15 us
[3.443s][info][gc,stats    ] Concurrent Thread Roots             331 us, parallelism: 0.95x
[3.443s][info][gc,stats    ]   CTR: <total>                      316 us
[3.443s][info][gc,stats    ]   CTR: Thread Roots                 316 us, workers (us): 275,  41, ---, ---, ---, ---, ---, ---, 
[3.443s][info][gc,stats    ] Concurrent Weak References          110 us, parallelism: 0.54x
[3.443s][info][gc,stats    ]   CWRF: <total>                      60 us
[3.443s][info][gc,stats    ]   CWRF: Weak References              60 us, workers (us):  53,   7, ---, ---, ---, ---, ---, ---, 
[3.443s][info][gc,stats    ] Concurrent Weak Roots              2128 us
[3.443s][info][gc,stats    ]   Roots                             519 us, parallelism: 1.83x
[3.443s][info][gc,stats    ]     CWR: <total>                    949 us
[3.443s][info][gc,stats    ]     CWR: Code Cache Roots           439 us, workers (us): 205, 235, ---, ---, ---, ---, ---, ---, 
[3.443s][info][gc,stats    ]     CWR: VM Weak Roots              506 us, workers (us): 253, 254, ---, ---, ---, ---, ---, ---, 
[3.443s][info][gc,stats    ]     CWR: CLDG Roots                   3 us, workers (us):   3, ---, ---, ---, ---, ---, ---, ---, 
[3.443s][info][gc,stats    ]   Rendezvous                       1572 us
[3.443s][info][gc,stats    ] Concurrent Cleanup                   79 us
[3.443s][info][gc,stats    ] Concurrent Class Unloading         9954 us
[3.443s][info][gc,stats    ]   Unlink Stale                     9726 us
[3.443s][info][gc,stats    ]     System Dictionary                31 us
[3.443s][info][gc,stats    ]     Weak Class Links                  0 us
[3.443s][info][gc,stats    ]     Code Roots                     9693 us
[3.443s][info][gc,stats    ]   Rendezvous                        118 us
[3.443s][info][gc,stats    ]   Purge Unlinked                     67 us
[3.443s][info][gc,stats    ]     Code Roots                       62 us
[3.443s][info][gc,stats    ]     CLDG                              5 us
[3.443s][info][gc,stats    ]     Exception Caches                  0 us
[3.443s][info][gc,stats    ] Concurrent Strong Roots             280 us, parallelism: 0.77x
[3.443s][info][gc,stats    ]   CSR: <total>                      216 us
[3.443s][info][gc,stats    ]   CSR: VM Strong Roots               14 us, workers (us):   8,   6, ---, ---, ---, ---, ---, ---, 
[3.443s][info][gc,stats    ]   CSR: CLDG Roots                   202 us, workers (us): ---, 202, ---, ---, ---, ---, ---, ---, 
[3.443s][info][gc,stats    ] Concurrent Evacuation              2310 us
[3.443s][info][gc,stats    ] Pause Init Update Refs (G)          241 us
[3.443s][info][gc,stats    ] Pause Init Update Refs (N)           71 us
[3.443s][info][gc,stats    ]   Manage GCLABs                       5 us
[3.443s][info][gc,stats    ] Concurrent Update Refs             5703 us
[3.443s][info][gc,stats    ] Concurrent Update Thread Roots      298 us
[3.443s][info][gc,stats    ] Pause Final Update Refs (G)         176 us
[3.443s][info][gc,stats    ] Pause Final Update Refs (N)          89 us
[3.443s][info][gc,stats    ]   Update Region States               20 us
[3.443s][info][gc,stats    ]   Trash Collection Set                3 us
[3.443s][info][gc,stats    ]   Rebuild Free Set                   17 us
[3.443s][info][gc,stats    ] Concurrent Cleanup                   91 us
[3.443s][info][gc,stats    ] 
[3.444s][info][gc,stats    ] Allocation pacing accrued:
[3.444s][info][gc,stats    ]       0 of    29 ms (  0.0%): <total>
[3.444s][info][gc,stats    ]       0 of    29 ms (  0.0%): <average total>
[3.444s][info][gc,stats    ] 
[3.444s][info][gc,metaspace] Metaspace: 13688K(13952K)->14107K(14336K) NonClass: 12272K(12416K)->12621K(12736K) Class: 1415K(1536K)->1486K(1600K)
[3.444s][info][gc,ergo     ] Pacer for Idle. Initial: 40642K, Alloc Tax Rate: 1.0x
[3.445s][info][gc          ] Trigger: Start next cycle immediately
[3.445s][info][gc,ergo     ] Free: 1867M, Max: 512K regular, 1865M humongous, Frag: 1% external, 0% internal; Reserve: 101888K, Max: 512K
[3.445s][info][gc,start    ] GC(161) Concurrent reset
[3.445s][info][gc,task     ] GC(161) Using 2 of 8 workers for concurrent reset
[3.445s][info][gc,ergo     ] GC(161) Pacer for Reset. Non-Taxable: 1984M
[3.445s][info][gc          ] GC(161) Concurrent reset 0.283ms
[3.445s][info][gc,start    ] GC(161) Pause Init Mark (unload classes)
[3.445s][info][gc,task     ] GC(161) Using 8 of 8 workers for init marking
[3.445s][info][gc,ergo     ] GC(161) Pacer for Mark. Expected Live: 12984K, Free: 1867M, Non-Taxable: 186M, Alloc Tax Rate: 0.0x
[3.445s][info][gc          ] GC(161) Pause Init Mark (unload classes) 0.062ms
[3.445s][info][gc,start    ] GC(161) Concurrent marking roots
[3.445s][info][gc,task     ] GC(161) Using 2 of 8 workers for concurrent marking roots
[3.445s][info][gc          ] GC(161) Concurrent marking roots 0.155ms
[3.445s][info][gc,start    ] GC(161) Concurrent marking (unload classes)
[3.446s][info][gc,task     ] GC(161) Using 2 of 8 workers for concurrent marking
[3.449s][info][gc          ] GC(161) Concurrent marking (unload classes) 3.596ms
[3.449s][info][gc,start    ] GC(161) Pause Final Mark (unload classes)
[3.449s][info][gc,task     ] GC(161) Using 8 of 8 workers for final marking
[3.449s][info][gc,ergo     ] GC(161) Collectable Garbage: 3862K (100%), Immediate: 0B (0%), CSet: 3862K (100%)
[3.449s][info][gc,ergo     ] GC(161) Pacer for Evacuation. Used CSet: 14843K, Free: 1867M, Non-Taxable: 186M, Alloc Tax Rate: 1.1x
[3.449s][info][gc          ] GC(161) Pause Final Mark (unload classes) 0.207ms
[3.449s][info][gc,start    ] GC(161) Concurrent thread roots
[3.449s][info][gc,task     ] GC(161) Using 2 of 8 workers for Concurrent thread roots
[3.449s][info][gc          ] GC(161) Concurrent thread roots 0.139ms
[3.450s][info][gc,start    ] GC(161) Concurrent weak references
[3.450s][info][gc,task     ] GC(161) Using 2 of 8 workers for concurrent weak references
[3.450s][info][gc,ref      ] GC(161) Encountered references: Soft: 3699, Weak: 1325, Final: 4, Phantom: 591
[3.450s][info][gc,ref      ] GC(161) Discovered  references: Soft: 0, Weak: 518, Final: 0, Phantom: 335
[3.450s][info][gc,ref      ] GC(161) Enqueued    references: Soft: 0, Weak: 7, Final: 0, Phantom: 2
[3.450s][info][gc          ] GC(161) Concurrent weak references 0.168ms
[3.450s][info][gc,start    ] GC(161) Concurrent weak roots
[3.450s][info][gc,task     ] GC(161) Using 2 of 8 workers for concurrent weak root
[3.450s][info][gc          ] GC(161) Concurrent weak roots 0.721ms
[3.450s][info][gc,start    ] GC(161) Concurrent cleanup
[3.450s][info][gc          ] GC(161) Concurrent cleanup 19M->19M(151M) 0.062ms
[3.451s][info][gc,ergo     ] GC(161) Free: 1866M, Max: 512K regular, 1865M humongous, Frag: 1% external, 0% internal; Reserve: 100349K, Max: 512K
[3.451s][info][gc,start    ] GC(161) Concurrent class unloading
[3.451s][info][gc,task     ] GC(161) Using 2 of 8 workers for concurrent class unloading
[3.452s][info][gc          ] GC(161) Concurrent class unloading 1.356ms
[3.452s][info][gc,start    ] GC(161) Concurrent strong roots
[3.452s][info][gc,task     ] GC(161) Using 2 of 8 workers for concurrent strong root
[3.452s][info][gc          ] GC(161) Concurrent strong roots 0.248ms
[3.452s][info][gc,start    ] GC(161) Concurrent evacuation
[3.452s][info][gc,task     ] GC(161) Using 2 of 8 workers for concurrent evacuation
[3.454s][info][gc          ] GC(161) Concurrent evacuation 2.279ms
[3.455s][info][gc,start    ] GC(161) Pause Init Update Refs
[3.455s][info][gc,ergo     ] GC(161) Pacer for Update Refs. Used: 31321K, Free: 1866M, Non-Taxable: 186M, Alloc Tax Rate: 1.1x
[3.455s][info][gc          ] GC(161) Pause Init Update Refs 0.040ms
[3.455s][info][gc,start    ] GC(161) Concurrent update references
[3.455s][info][gc,task     ] GC(161) Using 2 of 8 workers for concurrent reference update
[3.460s][info][gc          ] GC(161) Concurrent update references 5.018ms
[3.460s][info][gc,start    ] GC(161) Concurrent update thread roots
[3.465s][info][gc          ] GC(161) Concurrent update thread roots 5.702ms
[3.466s][info][gc,start    ] GC(161) Pause Final Update Refs
[3.466s][info][gc,task     ] GC(161) Using 8 of 8 workers for final reference update
[3.466s][info][gc          ] GC(161) Pause Final Update Refs 0.072ms
[3.466s][info][gc,start    ] GC(161) Concurrent cleanup
[3.466s][info][gc          ] GC(161) Concurrent cleanup 32M->17M(151M) 0.076ms
[3.466s][info][gc,ergo     ] Free: 1866M, Max: 512K regular, 1864M humongous, Frag: 1% external, 0% internal; Reserve: 101888K, Max: 512K
[3.466s][info][gc,stats    ] 
[3.466s][info][gc,stats    ] All times are wall-clock times, except per-root-class counters, that are sum over
[3.466s][info][gc,stats    ] all workers. Dividing the <total> over the root stage time estimates parallelism.
[3.466s][info][gc,stats    ] 
[3.466s][info][gc,stats    ] Concurrent Reset                    310 us
[3.466s][info][gc,stats    ] Pause Init Mark (G)                 323 us
[3.466s][info][gc,stats    ] Pause Init Mark (N)                  71 us
[3.466s][info][gc,stats    ]   Update Region States               17 us
[3.466s][info][gc,stats    ] Concurrent Mark Roots               167 us, parallelism: 1.14x
[3.466s][info][gc,stats    ]   CMR: <total>                      191 us
[3.466s][info][gc,stats    ]   CMR: Thread Roots                  92 us, workers (us):  91,   0, ---, ---, ---, ---, ---, ---, 
[3.466s][info][gc,stats    ]   CMR: VM Strong Roots                7 us, workers (us):   4,   3, ---, ---, ---, ---, ---, ---, 
[3.466s][info][gc,stats    ]   CMR: CLDG Roots                    92 us, workers (us): ---,  92, ---, ---, ---, ---, ---, ---, 
[3.466s][info][gc,stats    ] Concurrent Marking                 3617 us
[3.466s][info][gc,stats    ] Pause Final Mark (G)                237 us
[3.466s][info][gc,stats    ] Pause Final Mark (N)                216 us
[3.466s][info][gc,stats    ]   Finish Mark                        82 us
[3.466s][info][gc,stats    ]   Update Region States               12 us
[3.466s][info][gc,stats    ]   Choose Collection Set              35 us
[3.466s][info][gc,stats    ]   Rebuild Free Set                   16 us
[3.466s][info][gc,stats    ] Concurrent Thread Roots             151 us, parallelism: 0.69x
[3.466s][info][gc,stats    ]   CTR: <total>                      104 us
[3.466s][info][gc,stats    ]   CTR: Thread Roots                 104 us, workers (us): 104,   0, ---, ---, ---, ---, ---, ---, 
[3.466s][info][gc,stats    ] Concurrent Weak References          176 us, parallelism: 1.20x
[3.466s][info][gc,stats    ]   CWRF: <total>                     211 us
[3.466s][info][gc,stats    ]   CWRF: Weak References             211 us, workers (us): 105, 106, ---, ---, ---, ---, ---, ---, 
[3.466s][info][gc,stats    ] Concurrent Weak Roots               742 us
[3.466s][info][gc,stats    ]   Roots                             592 us, parallelism: 1.76x
[3.466s][info][gc,stats    ]     CWR: <total>                   1042 us
[3.466s][info][gc,stats    ]     CWR: Code Cache Roots           514 us, workers (us): 236, 278, ---, ---, ---, ---, ---, ---, 
[3.466s][info][gc,stats    ]     CWR: VM Weak Roots              525 us, workers (us): 262, 262, ---, ---, ---, ---, ---, ---, 
[3.466s][info][gc,stats    ]     CWR: CLDG Roots                   3 us, workers (us):   3, ---, ---, ---, ---, ---, ---, ---, 
[3.466s][info][gc,stats    ]   Rendezvous                        113 us
[3.466s][info][gc,stats    ] Concurrent Cleanup                   76 us
[3.466s][info][gc,stats    ] Concurrent Class Unloading         1375 us
[3.466s][info][gc,stats    ]   Unlink Stale                     1158 us
[3.466s][info][gc,stats    ]     System Dictionary                32 us
[3.466s][info][gc,stats    ]     Weak Class Links                  0 us
[3.466s][info][gc,stats    ]     Code Roots                     1125 us
[3.466s][info][gc,stats    ]   Rendezvous                        121 us
[3.466s][info][gc,stats    ]   Purge Unlinked                     56 us
[3.466s][info][gc,stats    ]     Code Roots                       52 us
[3.466s][info][gc,stats    ]     CLDG                              3 us
[3.466s][info][gc,stats    ]     Exception Caches                  0 us
[3.466s][info][gc,stats    ] Concurrent Strong Roots             272 us, parallelism: 0.77x
[3.466s][info][gc,stats    ]   CSR: <total>                      209 us
[3.466s][info][gc,stats    ]   CSR: VM Strong Roots               11 us, workers (us):   8,   3, ---, ---, ---, ---, ---, ---, 
[3.466s][info][gc,stats    ]   CSR: CLDG Roots                   198 us, workers (us): ---, 198, ---, ---, ---, ---, ---, ---, 
[3.466s][info][gc,stats    ] Concurrent Evacuation              2311 us
[3.466s][info][gc,stats    ] Pause Init Update Refs (G)          211 us
[3.466s][info][gc,stats    ] Pause Init Update Refs (N)           49 us
[3.466s][info][gc,stats    ]   Manage GCLABs                       4 us
[3.466s][info][gc,stats    ] Concurrent Update Refs             5060 us
[3.466s][info][gc,stats    ] Concurrent Update Thread Roots     5728 us
[3.466s][info][gc,stats    ] Pause Final Update Refs (G)         112 us
[3.466s][info][gc,stats    ] Pause Final Update Refs (N)          82 us
[3.466s][info][gc,stats    ]   Update Region States               18 us
[3.466s][info][gc,stats    ]   Trash Collection Set                3 us
[3.466s][info][gc,stats    ]   Rebuild Free Set                   17 us
[3.466s][info][gc,stats    ] Concurrent Cleanup                   87 us
[3.466s][info][gc,stats    ] 
[3.466s][info][gc,stats    ] Allocation pacing accrued:
[3.466s][info][gc,stats    ]       0 of    23 ms (  0.0%): <total>
[3.466s][info][gc,stats    ]       0 of    23 ms (  0.0%): <average total>
[3.466s][info][gc,stats    ] 
[3.466s][info][gc,metaspace] Metaspace: 14138K(14400K)->14670K(14976K) NonClass: 12647K(12800K)->13103K(13248K) Class: 1490K(1600K)->1566K(1728K)
[3.466s][info][gc,ergo     ] Pacer for Idle. Initial: 40642K, Alloc Tax Rate: 1.0x
[3.467s][info][gc          ] Trigger: Start next cycle immediately
[3.468s][info][gc,ergo     ] Free: 1866M, Max: 512K regular, 1864M humongous, Frag: 1% external, 0% internal; Reserve: 101888K, Max: 512K
[3.468s][info][gc,start    ] GC(162) Concurrent reset
[3.468s][info][gc,task     ] GC(162) Using 2 of 8 workers for concurrent reset
[3.468s][info][gc,ergo     ] GC(162) Pacer for Reset. Non-Taxable: 1984M
[3.468s][info][gc          ] GC(162) Concurrent reset 0.248ms
[3.468s][info][gc,start    ] GC(162) Pause Init Mark (unload classes)
[3.468s][info][gc,task     ] GC(162) Using 8 of 8 workers for init marking
[3.468s][info][gc,ergo     ] GC(162) Pacer for Mark. Expected Live: 13047K, Free: 1866M, Non-Taxable: 186M, Alloc Tax Rate: 0.0x
[3.468s][info][gc          ] GC(162) Pause Init Mark (unload classes) 0.081ms
[3.468s][info][gc,start    ] GC(162) Concurrent marking roots
[3.468s][info][gc,task     ] GC(162) Using 2 of 8 workers for concurrent marking roots
[3.468s][info][gc          ] GC(162) Concurrent marking roots 0.139ms
[3.468s][info][gc,start    ] GC(162) Concurrent marking (unload classes)
[3.468s][info][gc,task     ] GC(162) Using 2 of 8 workers for concurrent marking
[3.472s][info][gc          ] GC(162) Concurrent marking (unload classes) 3.857ms
[3.472s][info][gc,start    ] GC(162) Pause Final Mark (unload classes)
[3.472s][info][gc,task     ] GC(162) Using 8 of 8 workers for final marking
[3.473s][info][gc,ergo     ] GC(162) Collectable Garbage: 4819K (100%), Immediate: 0B (0%), CSet: 4819K (100%)
[3.473s][info][gc,ergo     ] GC(162) Pacer for Evacuation. Used CSet: 15839K, Free: 1866M, Non-Taxable: 186M, Alloc Tax Rate: 1.1x
[3.473s][info][gc          ] GC(162) Pause Final Mark (unload classes) 0.696ms
[3.473s][info][gc,start    ] GC(162) Concurrent thread roots
[3.473s][info][gc,task     ] GC(162) Using 2 of 8 workers for Concurrent thread roots
[3.473s][info][gc          ] GC(162) Concurrent thread roots 0.175ms
[3.473s][info][gc,start    ] GC(162) Concurrent weak references
[3.473s][info][gc,task     ] GC(162) Using 2 of 8 workers for concurrent weak references
[3.473s][info][gc,ref      ] GC(162) Encountered references: Soft: 3699, Weak: 1319, Final: 4, Phantom: 590
[3.473s][info][gc,ref      ] GC(162) Discovered  references: Soft: 0, Weak: 513, Final: 1, Phantom: 334
[3.473s][info][gc,ref      ] GC(162) Enqueued    references: Soft: 0, Weak: 0, Final: 0, Phantom: 0
[3.473s][info][gc          ] GC(162) Concurrent weak references 0.091ms
[3.473s][info][gc,start    ] GC(162) Concurrent weak roots
[3.473s][info][gc,task     ] GC(162) Using 2 of 8 workers for concurrent weak root
[3.474s][info][gc          ] GC(162) Concurrent weak roots 0.619ms
[3.474s][info][gc,start    ] GC(162) Concurrent cleanup
[3.474s][info][gc          ] GC(162) Concurrent cleanup 18M->18M(151M) 0.057ms
[3.474s][info][gc,ergo     ] GC(162) Free: 1866M, Max: 512K regular, 1864M humongous, Frag: 1% external, 0% internal; Reserve: 101367K, Max: 512K
[3.474s][info][gc,start    ] GC(162) Concurrent class unloading
[3.474s][info][gc,task     ] GC(162) Using 2 of 8 workers for concurrent class unloading
[3.475s][info][gc          ] GC(162) Concurrent class unloading 1.164ms
[3.475s][info][gc,start    ] GC(162) Concurrent strong roots
[3.475s][info][gc,task     ] GC(162) Using 2 of 8 workers for concurrent strong root
[3.475s][info][gc          ] GC(162) Concurrent strong roots 0.209ms
[3.475s][info][gc,start    ] GC(162) Concurrent evacuation
[3.475s][info][gc,task     ] GC(162) Using 2 of 8 workers for concurrent evacuation
[3.478s][info][gc          ] GC(162) Concurrent evacuation 2.439ms
[3.478s][info][gc,start    ] GC(162) Pause Init Update Refs
[3.478s][info][gc,ergo     ] GC(162) Pacer for Update Refs. Used: 31836K, Free: 1865M, Non-Taxable: 186M, Alloc Tax Rate: 1.1x
[3.478s][info][gc          ] GC(162) Pause Init Update Refs 0.054ms
[3.478s][info][gc,start    ] GC(162) Concurrent update references
[3.478s][info][gc,task     ] GC(162) Using 2 of 8 workers for concurrent reference update
[3.481s][info][gc          ] GC(162) Concurrent update references 3.585ms
[3.481s][info][gc,start    ] GC(162) Concurrent update thread roots
[3.482s][info][gc          ] GC(162) Concurrent update thread roots 0.242ms
[3.482s][info][gc,start    ] GC(162) Pause Final Update Refs
[3.482s][info][gc,task     ] GC(162) Using 8 of 8 workers for final reference update
[3.482s][info][gc          ] GC(162) Pause Final Update Refs 0.070ms
[3.482s][info][gc,start    ] GC(162) Concurrent cleanup
[3.482s][info][gc          ] GC(162) Concurrent cleanup 31M->15M(151M) 0.070ms
[3.482s][info][gc,ergo     ] Free: 1868M, Max: 512K regular, 1865M humongous, Frag: 1% external, 0% internal; Reserve: 101888K, Max: 512K
[3.482s][info][gc,stats    ] 
[3.482s][info][gc,stats    ] All times are wall-clock times, except per-root-class counters, that are sum over
[3.482s][info][gc,stats    ] all workers. Dividing the <total> over the root stage time estimates parallelism.
[3.482s][info][gc,stats    ] 
[3.482s][info][gc,stats    ] Concurrent Reset                    259 us
[3.482s][info][gc,stats    ] Pause Init Mark (G)                 190 us
[3.482s][info][gc,stats    ] Pause Init Mark (N)                  90 us
[3.482s][info][gc,stats    ]   Update Region States               17 us
[3.482s][info][gc,stats    ] Concurrent Mark Roots               153 us, parallelism: 1.07x
[3.482s][info][gc,stats    ]   CMR: <total>                      164 us
[3.482s][info][gc,stats    ]   CMR: Thread Roots                  80 us, workers (us):  80,   0, ---, ---, ---, ---, ---, ---, 
[3.482s][info][gc,stats    ]   CMR: VM Strong Roots                5 us, workers (us):   5,   0, ---, ---, ---, ---, ---, ---, 
[3.482s][info][gc,stats    ]   CMR: CLDG Roots                    79 us, workers (us): ---,  79, ---, ---, ---, ---, ---, ---, 
[3.482s][info][gc,stats    ] Concurrent Marking                 3880 us
[3.482s][info][gc,stats    ] Pause Final Mark (G)                797 us
[3.482s][info][gc,stats    ] Pause Final Mark (N)                705 us
[3.482s][info][gc,stats    ]   Finish Mark                       590 us
[3.482s][info][gc,stats    ]   Update Region States               12 us
[3.482s][info][gc,stats    ]   Choose Collection Set              33 us
[3.482s][info][gc,stats    ]   Rebuild Free Set                   16 us
[3.482s][info][gc,stats    ] Concurrent Thread Roots             187 us, parallelism: 0.96x
[3.482s][info][gc,stats    ]   CTR: <total>                      179 us
[3.482s][info][gc,stats    ]   CTR: Thread Roots                 179 us, workers (us): 133,  46, ---, ---, ---, ---, ---, ---, 
[3.482s][info][gc,stats    ] Concurrent Weak References           96 us, parallelism: 0.69x
[3.482s][info][gc,stats    ]   CWRF: <total>                      67 us
[3.482s][info][gc,stats    ]   CWRF: Weak References              67 us, workers (us):  30,  37, ---, ---, ---, ---, ---, ---, 
[3.482s][info][gc,stats    ] Concurrent Weak Roots               641 us
[3.482s][info][gc,stats    ]   Roots                             579 us, parallelism: 1.83x
[3.482s][info][gc,stats    ]     CWR: <total>                   1057 us
[3.482s][info][gc,stats    ]     CWR: Code Cache Roots           528 us, workers (us): 251, 277, ---, ---, ---, ---, ---, ---, 
[3.482s][info][gc,stats    ]     CWR: VM Weak Roots              522 us, workers (us): 260, 262, ---, ---, ---, ---, ---, ---, 
[3.482s][info][gc,stats    ]     CWR: CLDG Roots                   7 us, workers (us):   7, ---, ---, ---, ---, ---, ---, ---, 
[3.482s][info][gc,stats    ]   Rendezvous                         22 us
[3.482s][info][gc,stats    ] Concurrent Cleanup                   69 us
[3.482s][info][gc,stats    ] Concurrent Class Unloading         1181 us
[3.482s][info][gc,stats    ]   Unlink Stale                      978 us
[3.482s][info][gc,stats    ]     System Dictionary                40 us
[3.482s][info][gc,stats    ]     Weak Class Links                  0 us
[3.482s][info][gc,stats    ]     Code Roots                      937 us
[3.482s][info][gc,stats    ]   Rendezvous                        118 us
[3.482s][info][gc,stats    ]   Purge Unlinked                     45 us
[3.482s][info][gc,stats    ]     Code Roots                       41 us
[3.482s][info][gc,stats    ]     CLDG                              4 us
[3.482s][info][gc,stats    ]     Exception Caches                  0 us
[3.482s][info][gc,stats    ] Concurrent Strong Roots             227 us, parallelism: 0.73x
[3.482s][info][gc,stats    ]   CSR: <total>                      167 us
[3.482s][info][gc,stats    ]   CSR: VM Strong Roots               11 us, workers (us):   6,   5, ---, ---, ---, ---, ---, ---, 
[3.482s][info][gc,stats    ]   CSR: CLDG Roots                   155 us, workers (us): ---, 155, ---, ---, ---, ---, ---, ---, 
[3.482s][info][gc,stats    ] Concurrent Evacuation              2463 us
[3.482s][info][gc,stats    ] Pause Init Update Refs (G)          159 us
[3.482s][info][gc,stats    ] Pause Init Update Refs (N)           65 us
[3.482s][info][gc,stats    ]   Manage GCLABs                       3 us
[3.482s][info][gc,stats    ] Concurrent Update Refs             3605 us
[3.482s][info][gc,stats    ] Concurrent Update Thread Roots      257 us
[3.482s][info][gc,stats    ] Pause Final Update Refs (G)         180 us
[3.482s][info][gc,stats    ] Pause Final Update Refs (N)          82 us
[3.482s][info][gc,stats    ]   Update Region States               13 us
[3.482s][info][gc,stats    ]   Trash Collection Set                3 us
[3.482s][info][gc,stats    ]   Rebuild Free Set                   19 us
[3.483s][info][gc,stats    ] Concurrent Cleanup                   81 us
[3.483s][info][gc,stats    ] 
[3.483s][info][gc,stats    ] Allocation pacing accrued:
[3.483s][info][gc,stats    ]       0 of    16 ms (  0.0%): <total>
[3.483s][info][gc,stats    ]       0 of    16 ms (  0.0%): <average total>
[3.483s][info][gc,stats    ] 
[3.483s][info][gc,metaspace] Metaspace: 14690K(14976K)->14778K(15040K) NonClass: 13118K(13248K)->13189K(13312K) Class: 1572K(1728K)->1589K(1728K)
[3.483s][info][gc,ergo     ] Pacer for Idle. Initial: 40642K, Alloc Tax Rate: 1.0x
[3.484s][info][gc          ] Trigger: Start next cycle immediately
[3.484s][info][gc,ergo     ] Free: 1868M, Max: 512K regular, 1865M humongous, Frag: 1% external, 0% internal; Reserve: 101888K, Max: 512K
[3.484s][info][gc,start    ] GC(163) Concurrent reset
[3.484s][info][gc,task     ] GC(163) Using 2 of 8 workers for concurrent reset
[3.484s][info][gc,ergo     ] GC(163) Pacer for Reset. Non-Taxable: 1984M
[3.484s][info][gc          ] GC(163) Concurrent reset 0.238ms
[3.484s][info][gc,start    ] GC(163) Pause Init Mark (unload classes)
[3.484s][info][gc,task     ] GC(163) Using 8 of 8 workers for init marking
[3.484s][info][gc,ergo     ] GC(163) Pacer for Mark. Expected Live: 13083K, Free: 1868M, Non-Taxable: 186M, Alloc Tax Rate: 0.0x
[3.484s][info][gc          ] GC(163) Pause Init Mark (unload classes) 0.078ms
[3.484s][info][gc,start    ] GC(163) Concurrent marking roots
[3.484s][info][gc,task     ] GC(163) Using 2 of 8 workers for concurrent marking roots
[3.485s][info][gc          ] GC(163) Concurrent marking roots 0.245ms
[3.485s][info][gc,start    ] GC(163) Concurrent marking (unload classes)
[3.485s][info][gc,task     ] GC(163) Using 2 of 8 workers for concurrent marking
[3.488s][info][gc          ] GC(163) Concurrent marking (unload classes) 3.490ms
[3.488s][info][gc,start    ] GC(163) Pause Final Mark (unload classes)
[3.488s][info][gc,task     ] GC(163) Using 8 of 8 workers for final marking
[3.491s][info][gc,ergo     ] GC(163) Collectable Garbage: 2734K (100%), Immediate: 0B (0%), CSet: 2734K (100%)
[3.491s][info][gc,ergo     ] GC(163) Pacer for Evacuation. Used CSet: 13823K, Free: 1868M, Non-Taxable: 186M, Alloc Tax Rate: 1.1x
[3.491s][info][gc          ] GC(163) Pause Final Mark (unload classes) 3.111ms
[3.491s][info][gc,start    ] GC(163) Concurrent thread roots
[3.491s][info][gc,task     ] GC(163) Using 2 of 8 workers for Concurrent thread roots
[3.491s][info][gc          ] GC(163) Concurrent thread roots 0.089ms
[3.491s][info][gc,start    ] GC(163) Concurrent weak references
[3.491s][info][gc,task     ] GC(163) Using 2 of 8 workers for concurrent weak references
[3.492s][info][gc,ref      ] GC(163) Encountered references: Soft: 3709, Weak: 1336, Final: 4, Phantom: 590
[3.492s][info][gc,ref      ] GC(163) Discovered  references: Soft: 0, Weak: 546, Final: 4, Phantom: 204
[3.492s][info][gc,ref      ] GC(163) Enqueued    references: Soft: 0, Weak: 4, Final: 0, Phantom: 1
[3.492s][info][gc          ] GC(163) Concurrent weak references 0.121ms
[3.492s][info][gc,start    ] GC(163) Concurrent weak roots
[3.492s][info][gc,task     ] GC(163) Using 2 of 8 workers for concurrent weak root
[3.492s][info][gc          ] GC(163) Concurrent weak roots 0.742ms
[3.492s][info][gc,start    ] GC(163) Concurrent cleanup
[3.492s][info][gc          ] GC(163) Concurrent cleanup 18M->18M(151M) 0.063ms
[3.492s][info][gc,ergo     ] GC(163) Free: 1867M, Max: 512K regular, 1865M humongous, Frag: 1% external, 0% internal; Reserve: 100428K, Max: 512K
[3.492s][info][gc,start    ] GC(163) Concurrent class unloading
[3.492s][info][gc,task     ] GC(163) Using 2 of 8 workers for concurrent class unloading
[3.494s][info][gc          ] GC(163) Concurrent class unloading 1.173ms
[3.494s][info][gc,start    ] GC(163) Concurrent strong roots
[3.494s][info][gc,task     ] GC(163) Using 2 of 8 workers for concurrent strong root
[3.494s][info][gc          ] GC(163) Concurrent strong roots 0.273ms
[3.494s][info][gc,start    ] GC(163) Concurrent evacuation
[3.494s][info][gc,task     ] GC(163) Using 2 of 8 workers for concurrent evacuation
[3.497s][info][gc          ] GC(163) Concurrent evacuation 3.009ms
[3.497s][info][gc,start    ] GC(163) Pause Init Update Refs
[3.497s][info][gc,ergo     ] GC(163) Pacer for Update Refs. Used: 30299K, Free: 1867M, Non-Taxable: 186M, Alloc Tax Rate: 1.1x
[3.497s][info][gc          ] GC(163) Pause Init Update Refs 0.043ms
[3.497s][info][gc,start    ] GC(163) Concurrent update references
[3.497s][info][gc,task     ] GC(163) Using 2 of 8 workers for concurrent reference update
[3.500s][info][gc          ] GC(163) Concurrent update references 3.109ms
[3.500s][info][gc,start    ] GC(163) Concurrent update thread roots
[3.500s][info][gc          ] GC(163) Concurrent update thread roots 0.179ms
[3.500s][info][gc,start    ] GC(163) Pause Final Update Refs
[3.500s][info][gc,task     ] GC(163) Using 8 of 8 workers for final reference update
[3.501s][info][gc          ] GC(163) Pause Final Update Refs 0.066ms
[3.501s][info][gc,start    ] GC(163) Concurrent cleanup
[3.501s][info][gc          ] GC(163) Concurrent cleanup 29M->16M(151M) 0.069ms
[3.501s][info][gc,ergo     ] Free: 1868M, Max: 512K regular, 1865M humongous, Frag: 1% external, 0% internal; Reserve: 101888K, Max: 512K
[3.501s][info][gc,stats    ] 
[3.501s][info][gc,stats    ] All times are wall-clock times, except per-root-class counters, that are sum over
[3.501s][info][gc,stats    ] all workers. Dividing the <total> over the root stage time estimates parallelism.
[3.501s][info][gc,stats    ] 
[3.501s][info][gc,stats    ] Concurrent Reset                    265 us
[3.501s][info][gc,stats    ] Pause Init Mark (G)                 192 us
[3.501s][info][gc,stats    ] Pause Init Mark (N)                  89 us
[3.501s][info][gc,stats    ]   Update Region States               17 us
[3.501s][info][gc,stats    ] Concurrent Mark Roots               260 us, parallelism: 1.11x
[3.501s][info][gc,stats    ]   CMR: <total>                      289 us
[3.501s][info][gc,stats    ]   CMR: Thread Roots                 220 us, workers (us):  43, 176, ---, ---, ---, ---, ---, ---, 
[3.501s][info][gc,stats    ]   CMR: VM Strong Roots                5 us, workers (us):   5,   0, ---, ---, ---, ---, ---, ---, 
[3.501s][info][gc,stats    ]   CMR: CLDG Roots                    64 us, workers (us):  64, ---, ---, ---, ---, ---, ---, ---, 
[3.501s][info][gc,stats    ] Concurrent Marking                 3511 us
[3.501s][info][gc,stats    ] Pause Final Mark (G)               3227 us
[3.501s][info][gc,stats    ] Pause Final Mark (N)               3136 us
[3.501s][info][gc,stats    ]   Finish Mark                      2985 us
[3.501s][info][gc,stats    ]   Update Region States               13 us
[3.501s][info][gc,stats    ]   Choose Collection Set              44 us
[3.501s][info][gc,stats    ]   Rebuild Free Set                   16 us
[3.501s][info][gc,stats    ] Concurrent Thread Roots             101 us, parallelism: 0.93x
[3.501s][info][gc,stats    ]   CTR: <total>                       93 us
[3.501s][info][gc,stats    ]   CTR: Thread Roots                  93 us, workers (us):  49,  44, ---, ---, ---, ---, ---, ---, 
[3.501s][info][gc,stats    ] Concurrent Weak References          130 us, parallelism: 0.52x
[3.501s][info][gc,stats    ]   CWRF: <total>                      67 us
[3.501s][info][gc,stats    ]   CWRF: Weak References              67 us, workers (us):  62,   5, ---, ---, ---, ---, ---, ---, 
[3.501s][info][gc,stats    ] Concurrent Weak Roots               763 us
[3.501s][info][gc,stats    ]   Roots                             587 us, parallelism: 1.75x
[3.501s][info][gc,stats    ]     CWR: <total>                   1025 us
[3.501s][info][gc,stats    ]     CWR: Code Cache Roots           450 us, workers (us): 201, 249, ---, ---, ---, ---, ---, ---, 
[3.501s][info][gc,stats    ]     CWR: VM Weak Roots              568 us, workers (us): 307, 262, ---, ---, ---, ---, ---, ---, 
[3.501s][info][gc,stats    ]     CWR: CLDG Roots                   7 us, workers (us):   7, ---, ---, ---, ---, ---, ---, ---, 
[3.501s][info][gc,stats    ]   Rendezvous                        136 us
[3.501s][info][gc,stats    ] Concurrent Cleanup                   74 us
[3.501s][info][gc,stats    ] Concurrent Class Unloading         1195 us
[3.501s][info][gc,stats    ]   Unlink Stale                     1039 us
[3.501s][info][gc,stats    ]     System Dictionary                33 us
[3.501s][info][gc,stats    ]     Weak Class Links                  0 us
[3.501s][info][gc,stats    ]     Code Roots                     1005 us
[3.501s][info][gc,stats    ]   Rendezvous                        108 us
[3.501s][info][gc,stats    ]   Purge Unlinked                      5 us
[3.501s][info][gc,stats    ]     Code Roots                        1 us
[3.501s][info][gc,stats    ]     CLDG                              4 us
[3.501s][info][gc,stats    ]     Exception Caches                  0 us
[3.501s][info][gc,stats    ] Concurrent Strong Roots             284 us, parallelism: 0.83x
[3.501s][info][gc,stats    ]   CSR: <total>                      235 us
[3.501s][info][gc,stats    ]   CSR: VM Strong Roots               14 us, workers (us):   9,   4, ---, ---, ---, ---, ---, ---, 
[3.501s][info][gc,stats    ]   CSR: CLDG Roots                   221 us, workers (us): ---, 221, ---, ---, ---, ---, ---, ---, 
[3.501s][info][gc,stats    ] Concurrent Evacuation              3027 us
[3.501s][info][gc,stats    ] Pause Init Update Refs (G)          102 us
[3.501s][info][gc,stats    ] Pause Init Update Refs (N)           51 us
[3.501s][info][gc,stats    ]   Manage GCLABs                       5 us
[3.501s][info][gc,stats    ] Concurrent Update Refs             3134 us
[3.501s][info][gc,stats    ] Concurrent Update Thread Roots      191 us
[3.501s][info][gc,stats    ] Pause Final Update Refs (G)         167 us
[3.501s][info][gc,stats    ] Pause Final Update Refs (N)          79 us
[3.501s][info][gc,stats    ]   Update Region States               14 us
[3.501s][info][gc,stats    ]   Trash Collection Set                3 us
[3.501s][info][gc,stats    ]   Rebuild Free Set                   16 us
[3.501s][info][gc,stats    ] Concurrent Cleanup                   80 us
[3.501s][info][gc,stats    ] 
[3.501s][info][gc,stats    ] Allocation pacing accrued:
[3.501s][info][gc,stats    ]       0 of    19 ms (  0.0%): <total>
[3.501s][info][gc,stats    ]       0 of    19 ms (  0.0%): <average total>
[3.501s][info][gc,stats    ] 
[3.501s][info][gc,metaspace] Metaspace: 14797K(15104K)->14874K(15168K) NonClass: 13206K(13376K)->13272K(13440K) Class: 1591K(1728K)->1601K(1728K)
[3.501s][info][gc,ergo     ] Pacer for Idle. Initial: 40642K, Alloc Tax Rate: 1.0x
[3.502s][info][gc          ] Trigger: Start next cycle immediately
[3.502s][info][gc,ergo     ] Free: 1868M, Max: 512K regular, 1865M humongous, Frag: 1% external, 0% internal; Reserve: 101888K, Max: 512K
[3.502s][info][gc,start    ] GC(164) Concurrent reset
[3.502s][info][gc,task     ] GC(164) Using 2 of 8 workers for concurrent reset
[3.502s][info][gc,ergo     ] GC(164) Pacer for Reset. Non-Taxable: 1984M
[3.503s][info][gc          ] GC(164) Concurrent reset 0.232ms
[3.506s][info][gc,start    ] GC(164) Pause Init Mark
[3.506s][info][gc,task     ] GC(164) Using 8 of 8 workers for init marking
[3.506s][info][gc,ergo     ] GC(164) Pacer for Mark. Expected Live: 13136K, Free: 1868M, Non-Taxable: 186M, Alloc Tax Rate: 0.0x
[3.506s][info][gc          ] GC(164) Pause Init Mark 0.067ms
[3.506s][info][gc,start    ] GC(164) Concurrent marking roots
[3.506s][info][gc,task     ] GC(164) Using 2 of 8 workers for concurrent marking roots
[3.507s][info][gc          ] GC(164) Concurrent marking roots 1.234ms
[3.507s][info][gc,start    ] GC(164) Concurrent marking
[3.507s][info][gc,task     ] GC(164) Using 2 of 8 workers for concurrent marking
[3.511s][info][gc          ] GC(164) Concurrent marking 4.241ms
[3.512s][info][gc,start    ] GC(164) Pause Final Mark
[3.512s][info][gc,task     ] GC(164) Using 8 of 8 workers for final marking
[3.512s][info][gc,ergo     ] GC(164) Collectable Garbage: 3186K (100%), Immediate: 0B (0%), CSet: 3186K (100%)
[3.512s][info][gc,ergo     ] GC(164) Pacer for Evacuation. Used CSet: 14296K, Free: 1867M, Non-Taxable: 186M, Alloc Tax Rate: 1.1x
[3.512s][info][gc          ] GC(164) Pause Final Mark 0.432ms
[3.512s][info][gc,start    ] GC(164) Concurrent thread roots
[3.512s][info][gc,task     ] GC(164) Using 2 of 8 workers for Concurrent thread roots
[3.512s][info][gc          ] GC(164) Concurrent thread roots 0.151ms
[3.512s][info][gc,start    ] GC(164) Concurrent weak references
[3.512s][info][gc,task     ] GC(164) Using 2 of 8 workers for concurrent weak references
[3.512s][info][gc,ref      ] GC(164) Encountered references: Soft: 3713, Weak: 1336, Final: 4, Phantom: 589
[3.512s][info][gc,ref      ] GC(164) Discovered  references: Soft: 0, Weak: 541, Final: 1, Phantom: 333
[3.512s][info][gc,ref      ] GC(164) Enqueued    references: Soft: 0, Weak: 2, Final: 0, Phantom: 0
[3.512s][info][gc          ] GC(164) Concurrent weak references 0.104ms
[3.512s][info][gc,start    ] GC(164) Concurrent weak roots
[3.512s][info][gc,task     ] GC(164) Using 2 of 8 workers for concurrent weak root
[3.513s][info][gc          ] GC(164) Concurrent weak roots 0.756ms
[3.513s][info][gc,start    ] GC(164) Concurrent cleanup
[3.513s][info][gc          ] GC(164) Concurrent cleanup 18M->18M(151M) 0.062ms
[3.513s][info][gc,ergo     ] GC(164) Free: 1867M, Max: 512K regular, 1865M humongous, Frag: 1% external, 0% internal; Reserve: 100541K, Max: 512K
[3.513s][info][gc,start    ] GC(164) Concurrent strong roots
[3.513s][info][gc,task     ] GC(164) Using 2 of 8 workers for concurrent strong root
[3.514s][info][gc          ] GC(164) Concurrent strong roots 0.631ms
[3.514s][info][gc,start    ] GC(164) Concurrent evacuation
[3.514s][info][gc,task     ] GC(164) Using 2 of 8 workers for concurrent evacuation
[3.516s][info][gc          ] GC(164) Concurrent evacuation 2.519ms
[3.516s][info][gc,start    ] GC(164) Pause Init Update Refs
[3.516s][info][gc,ergo     ] GC(164) Pacer for Update Refs. Used: 30216K, Free: 1867M, Non-Taxable: 186M, Alloc Tax Rate: 1.1x
[3.516s][info][gc          ] GC(164) Pause Init Update Refs 0.039ms
[3.517s][info][gc,start    ] GC(164) Concurrent update references
[3.517s][info][gc,task     ] GC(164) Using 2 of 8 workers for concurrent reference update
[3.520s][info][gc          ] GC(164) Concurrent update references 3.131ms
[3.520s][info][gc,start    ] GC(164) Concurrent update thread roots
[3.520s][info][gc          ] GC(164) Concurrent update thread roots 0.167ms
[3.520s][info][gc,start    ] GC(164) Pause Final Update Refs
[3.520s][info][gc,task     ] GC(164) Using 8 of 8 workers for final reference update
[3.520s][info][gc          ] GC(164) Pause Final Update Refs 0.053ms
[3.520s][info][gc,start    ] GC(164) Concurrent cleanup
[3.520s][info][gc          ] GC(164) Concurrent cleanup 29M->15M(151M) 0.055ms
[3.520s][info][gc,ergo     ] Free: 1869M, Max: 512K regular, 1865M humongous, Frag: 1% external, 0% internal; Reserve: 101888K, Max: 512K
[3.520s][info][gc,stats    ] 
[3.520s][info][gc,stats    ] All times are wall-clock times, except per-root-class counters, that are sum over
[3.520s][info][gc,stats    ] all workers. Dividing the <total> over the root stage time estimates parallelism.
[3.520s][info][gc,stats    ] 
[3.520s][info][gc,stats    ] Concurrent Reset                    248 us
[3.520s][info][gc,stats    ] Pause Init Mark (G)                3277 us
[3.520s][info][gc,stats    ] Pause Init Mark (N)                  76 us
[3.520s][info][gc,stats    ]   Update Region States               17 us
[3.520s][info][gc,stats    ] Concurrent Mark Roots              1249 us, parallelism: 0.80x
[3.520s][info][gc,stats    ]   CMR: <total>                      994 us
[3.520s][info][gc,stats    ]   CMR: Thread Roots                  76 us, workers (us):  54,  23, ---, ---, ---, ---, ---, ---, 
[3.520s][info][gc,stats    ]   CMR: Code Cache Roots             771 us, workers (us): 437, 334, ---, ---, ---, ---, ---, ---, 
[3.520s][info][gc,stats    ]   CMR: VM Strong Roots                6 us, workers (us):   5,   0, ---, ---, ---, ---, ---, ---, 
[3.520s][info][gc,stats    ]   CMR: CLDG Roots                   141 us, workers (us): ---, 141, ---, ---, ---, ---, ---, ---, 
[3.520s][info][gc,stats    ] Concurrent Marking                 4263 us
[3.520s][info][gc,stats    ] Pause Final Mark (G)                531 us
[3.520s][info][gc,stats    ] Pause Final Mark (N)                439 us
[3.520s][info][gc,stats    ]   Finish Mark                       315 us
[3.520s][info][gc,stats    ]   Update Region States               13 us
[3.520s][info][gc,stats    ]   Choose Collection Set              41 us
[3.520s][info][gc,stats    ]   Rebuild Free Set                   16 us
[3.520s][info][gc,stats    ] Concurrent Thread Roots             163 us, parallelism: 0.96x
[3.520s][info][gc,stats    ]   CTR: <total>                      157 us
[3.520s][info][gc,stats    ]   CTR: Thread Roots                 157 us, workers (us): 111,  46, ---, ---, ---, ---, ---, ---, 
[3.520s][info][gc,stats    ] Concurrent Weak References          112 us, parallelism: 0.56x
[3.520s][info][gc,stats    ]   CWRF: <total>                      62 us
[3.520s][info][gc,stats    ]   CWRF: Weak References              62 us, workers (us):  10,  52, ---, ---, ---, ---, ---, ---, 
[3.520s][info][gc,stats    ] Concurrent Weak Roots               778 us
[3.520s][info][gc,stats    ]   Roots                             283 us, parallelism: 1.85x
[3.520s][info][gc,stats    ]     CWR: <total>                    523 us
[3.520s][info][gc,stats    ]     CWR: VM Weak Roots              523 us, workers (us): 262, 260, ---, ---, ---, ---, ---, ---, 
[3.520s][info][gc,stats    ]   Rendezvous                        456 us
[3.520s][info][gc,stats    ] Concurrent Cleanup                   72 us
[3.520s][info][gc,stats    ] Concurrent Strong Roots             654 us, parallelism: 1.67x
[3.520s][info][gc,stats    ]   CSR: <total>                     1093 us
[3.520s][info][gc,stats    ]   CSR: Code Cache Roots             988 us, workers (us): 409, 579, ---, ---, ---, ---, ---, ---, 
[3.520s][info][gc,stats    ]   CSR: VM Strong Roots               12 us, workers (us):   9,   3, ---, ---, ---, ---, ---, ---, 
[3.520s][info][gc,stats    ]   CSR: CLDG Roots                    93 us, workers (us):  93, ---, ---, ---, ---, ---, ---, ---, 
[3.520s][info][gc,stats    ] Concurrent Evacuation              2545 us
[3.520s][info][gc,stats    ] Pause Init Update Refs (G)          155 us
[3.520s][info][gc,stats    ] Pause Init Update Refs (N)           48 us
[3.520s][info][gc,stats    ]   Manage GCLABs                       4 us
[3.520s][info][gc,stats    ] Concurrent Update Refs             3177 us
[3.520s][info][gc,stats    ] Concurrent Update Thread Roots      180 us
[3.520s][info][gc,stats    ] Pause Final Update Refs (G)         150 us
[3.520s][info][gc,stats    ] Pause Final Update Refs (N)          62 us
[3.521s][info][gc,stats    ]   Update Region States               13 us
[3.521s][info][gc,stats    ]   Trash Collection Set                3 us
[3.521s][info][gc,stats    ]   Rebuild Free Set                   18 us
[3.521s][info][gc,stats    ] Concurrent Cleanup                   63 us
[3.521s][info][gc,stats    ] 
[3.521s][info][gc,stats    ] Allocation pacing accrued:
[3.521s][info][gc,stats    ]       0 of    19 ms (  0.0%): <total>
[3.521s][info][gc,stats    ]       0 of    19 ms (  0.0%): <average total>
[3.521s][info][gc,stats    ] 
[3.521s][info][gc,metaspace] Metaspace: 14892K(15168K)->14964K(15232K) NonClass: 13287K(13440K)->13346K(13504K) Class: 1604K(1728K)->1617K(1728K)
[3.521s][info][gc,ergo     ] Pacer for Idle. Initial: 40642K, Alloc Tax Rate: 1.0x
[3.522s][info][gc          ] Trigger: Start next cycle immediately
[3.522s][info][gc,ergo     ] Free: 1869M, Max: 512K regular, 1865M humongous, Frag: 1% external, 0% internal; Reserve: 101888K, Max: 512K
[3.522s][info][gc,start    ] GC(165) Concurrent reset
[3.522s][info][gc,task     ] GC(165) Using 2 of 8 workers for concurrent reset
[3.522s][info][gc,ergo     ] GC(165) Pacer for Reset. Non-Taxable: 1984M
[3.522s][info][gc          ] GC(165) Concurrent reset 0.177ms
[3.522s][info][gc,start    ] GC(165) Pause Init Mark
[3.522s][info][gc,task     ] GC(165) Using 8 of 8 workers for init marking
[3.522s][info][gc,ergo     ] GC(165) Pacer for Mark. Expected Live: 13191K, Free: 1869M, Non-Taxable: 186M, Alloc Tax Rate: 0.0x
[3.522s][info][gc          ] GC(165) Pause Init Mark 0.052ms
[3.522s][info][gc,start    ] GC(165) Concurrent marking roots
[3.522s][info][gc,task     ] GC(165) Using 2 of 8 workers for concurrent marking roots
[3.523s][info][gc          ] GC(165) Concurrent marking roots 0.552ms
[3.523s][info][gc,start    ] GC(165) Concurrent marking
[3.523s][info][gc,task     ] GC(165) Using 2 of 8 workers for concurrent marking
[3.526s][info][gc          ] GC(165) Concurrent marking 3.498ms
[3.526s][info][gc,start    ] GC(165) Pause Final Mark
[3.526s][info][gc,task     ] GC(165) Using 8 of 8 workers for final marking
[3.527s][info][gc,ergo     ] GC(165) Collectable Garbage: 2603K (100%), Immediate: 0B (0%), CSet: 2603K (100%)
[3.527s][info][gc,ergo     ] GC(165) Pacer for Evacuation. Used CSet: 13745K, Free: 1868M, Non-Taxable: 186M, Alloc Tax Rate: 1.1x
[3.527s][info][gc          ] GC(165) Pause Final Mark 0.548ms
[3.527s][info][gc,start    ] GC(165) Concurrent thread roots
[3.527s][info][gc,task     ] GC(165) Using 2 of 8 workers for Concurrent thread roots
[3.527s][info][gc          ] GC(165) Concurrent thread roots 0.084ms
[3.527s][info][gc,start    ] GC(165) Concurrent weak references
[3.527s][info][gc,task     ] GC(165) Using 2 of 8 workers for concurrent weak references
[3.527s][info][gc,ref      ] GC(165) Encountered references: Soft: 3719, Weak: 1342, Final: 4, Phantom: 589
[3.527s][info][gc,ref      ] GC(165) Discovered  references: Soft: 0, Weak: 550, Final: 1, Phantom: 333
[3.527s][info][gc,ref      ] GC(165) Enqueued    references: Soft: 0, Weak: 4, Final: 0, Phantom: 0
[3.527s][info][gc          ] GC(165) Concurrent weak references 0.166ms
[3.527s][info][gc,start    ] GC(165) Concurrent weak roots
[3.527s][info][gc,task     ] GC(165) Using 2 of 8 workers for concurrent weak root
[3.528s][info][gc          ] GC(165) Concurrent weak roots 0.407ms
[3.528s][info][gc,start    ] GC(165) Concurrent cleanup
[3.528s][info][gc          ] GC(165) Concurrent cleanup 17M->17M(151M) 0.070ms
[3.528s][info][gc,ergo     ] GC(165) Free: 1868M, Max: 512K regular, 1865M humongous, Frag: 1% external, 0% internal; Reserve: 100352K, Max: 512K
[3.528s][info][gc,start    ] GC(165) Concurrent strong roots
[3.528s][info][gc,task     ] GC(165) Using 2 of 8 workers for concurrent strong root
[3.529s][info][gc          ] GC(165) Concurrent strong roots 0.947ms
[3.529s][info][gc,start    ] GC(165) Concurrent evacuation
[3.529s][info][gc,task     ] GC(165) Using 2 of 8 workers for concurrent evacuation
[3.531s][info][gc          ] GC(165) Concurrent evacuation 2.677ms
[3.549s][info][gc,start    ] GC(165) Pause Init Update Refs
[3.549s][info][gc,ergo     ] GC(165) Pacer for Update Refs. Used: 29748K, Free: 1867M, Non-Taxable: 186M, Alloc Tax Rate: 1.1x
[3.549s][info][gc          ] GC(165) Pause Init Update Refs 0.055ms
[3.549s][info][gc,start    ] GC(165) Concurrent update references
[3.549s][info][gc,task     ] GC(165) Using 2 of 8 workers for concurrent reference update
[3.555s][info][gc          ] GC(165) Concurrent update references 5.692ms
[3.555s][info][gc,start    ] GC(165) Concurrent update thread roots
[3.556s][info][gc          ] GC(165) Concurrent update thread roots 0.720ms
[3.556s][info][gc,start    ] GC(165) Pause Final Update Refs
[3.556s][info][gc,task     ] GC(165) Using 8 of 8 workers for final reference update
[3.556s][info][gc          ] GC(165) Pause Final Update Refs 0.105ms
[3.556s][info][gc,start    ] GC(165) Concurrent cleanup
[3.556s][info][gc          ] GC(165) Concurrent cleanup 29M->16M(151M) 0.096ms
[3.556s][info][gc,ergo     ] Free: 1868M, Max: 512K regular, 1865M humongous, Frag: 1% external, 0% internal; Reserve: 101888K, Max: 512K
[3.556s][info][gc,stats    ] 
[3.556s][info][gc,stats    ] All times are wall-clock times, except per-root-class counters, that are sum over
[3.556s][info][gc,stats    ] all workers. Dividing the <total> over the root stage time estimates parallelism.
[3.556s][info][gc,stats    ] 
[3.556s][info][gc,stats    ] Concurrent Reset                    187 us
[3.556s][info][gc,stats    ] Pause Init Mark (G)                 210 us
[3.556s][info][gc,stats    ] Pause Init Mark (N)                  61 us
[3.556s][info][gc,stats    ]   Update Region States               13 us
[3.556s][info][gc,stats    ] Concurrent Mark Roots               578 us, parallelism: 1.64x
[3.556s][info][gc,stats    ]   CMR: <total>                      951 us
[3.556s][info][gc,stats    ]   CMR: Thread Roots                  94 us, workers (us):  30,  64, ---, ---, ---, ---, ---, ---, 
[3.556s][info][gc,stats    ]   CMR: Code Cache Roots             749 us, workers (us): 331, 418, ---, ---, ---, ---, ---, ---, 
[3.556s][info][gc,stats    ]   CMR: VM Strong Roots                5 us, workers (us):   5,   1, ---, ---, ---, ---, ---, ---, 
[3.556s][info][gc,stats    ]   CMR: CLDG Roots                   103 us, workers (us): 103, ---, ---, ---, ---, ---, ---, ---, 
[3.556s][info][gc,stats    ] Concurrent Marking                 3529 us
[3.556s][info][gc,stats    ] Pause Final Mark (G)                711 us
[3.556s][info][gc,stats    ] Pause Final Mark (N)                559 us
[3.556s][info][gc,stats    ]   Finish Mark                       422 us
[3.556s][info][gc,stats    ]   Update Region States               12 us
[3.556s][info][gc,stats    ]   Choose Collection Set              45 us
[3.556s][info][gc,stats    ]   Rebuild Free Set                   17 us
[3.556s][info][gc,stats    ] Concurrent Thread Roots              98 us, parallelism: 0.76x
[3.556s][info][gc,stats    ]   CTR: <total>                       75 us
[3.557s][info][gc,stats    ]   CTR: Thread Roots                  75 us, workers (us):  43,  31, ---, ---, ---, ---, ---, ---, 
[3.557s][info][gc,stats    ] Concurrent Weak References          174 us, parallelism: 1.06x
[3.557s][info][gc,stats    ]   CWRF: <total>                     185 us
[3.557s][info][gc,stats    ]   CWRF: Weak References             185 us, workers (us):  92,  94, ---, ---, ---, ---, ---, ---, 
[3.557s][info][gc,stats    ] Concurrent Weak Roots               420 us
[3.557s][info][gc,stats    ]   Roots                             292 us, parallelism: 1.85x
[3.557s][info][gc,stats    ]     CWR: <total>                    542 us
[3.557s][info][gc,stats    ]     CWR: VM Weak Roots              542 us, workers (us): 273, 269, ---, ---, ---, ---, ---, ---, 
[3.557s][info][gc,stats    ]   Rendezvous                         98 us
[3.557s][info][gc,stats    ] Concurrent Cleanup                   79 us
[3.557s][info][gc,stats    ] Concurrent Strong Roots             972 us, parallelism: 0.93x
[3.557s][info][gc,stats    ]   CSR: <total>                      903 us
[3.557s][info][gc,stats    ]   CSR: Code Cache Roots             717 us, workers (us): 717,   0, ---, ---, ---, ---, ---, ---, 
[3.557s][info][gc,stats    ]   CSR: VM Strong Roots                9 us, workers (us):   9,   0, ---, ---, ---, ---, ---, ---, 
[3.557s][info][gc,stats    ]   CSR: CLDG Roots                   176 us, workers (us): 176, ---, ---, ---, ---, ---, ---, ---, 
[3.557s][info][gc,stats    ] Concurrent Evacuation              2704 us
[3.557s][info][gc,stats    ] Pause Init Update Refs (G)        17658 us
[3.557s][info][gc,stats    ] Pause Init Update Refs (N)           65 us
[3.557s][info][gc,stats    ]   Manage GCLABs                       6 us
[3.557s][info][gc,stats    ] Concurrent Update Refs             5731 us
[3.557s][info][gc,stats    ] Concurrent Update Thread Roots      751 us
[3.557s][info][gc,stats    ] Pause Final Update Refs (G)         256 us
[3.557s][info][gc,stats    ] Pause Final Update Refs (N)         119 us
[3.557s][info][gc,stats    ]   Update Region States               34 us
[3.557s][info][gc,stats    ]   Trash Collection Set                3 us
[3.557s][info][gc,stats    ]   Rebuild Free Set                   22 us
[3.557s][info][gc,stats    ] Concurrent Cleanup                  125 us
[3.557s][info][gc,stats    ] 
[3.557s][info][gc,stats    ] Allocation pacing accrued:
[3.557s][info][gc,stats    ]       0 of    37 ms (  0.0%): <total>
[3.557s][info][gc,stats    ]       0 of    37 ms (  0.0%): <average total>
[3.557s][info][gc,stats    ] 
[3.557s][info][gc,metaspace] Metaspace: 14984K(15296K)->15234K(15552K) NonClass: 13362K(13504K)->13583K(13760K) Class: 1622K(1792K)->1650K(1792K)
[3.557s][info][gc,ergo     ] Pacer for Idle. Initial: 40642K, Alloc Tax Rate: 1.0x
[3.559s][info][gc          ] Trigger: Start next cycle immediately
[3.559s][info][gc,ergo     ] Free: 1866M, Max: 512K regular, 1865M humongous, Frag: 1% external, 0% internal; Reserve: 101888K, Max: 512K
[3.559s][info][gc,start    ] GC(166) Concurrent reset
[3.559s][info][gc,task     ] GC(166) Using 2 of 8 workers for concurrent reset
[3.559s][info][gc,ergo     ] GC(166) Pacer for Reset. Non-Taxable: 1984M
[3.559s][info][gc          ] GC(166) Concurrent reset 0.340ms
[3.566s][info][gc,start    ] GC(166) Pause Init Mark (unload classes)
[3.566s][info][gc,task     ] GC(166) Using 8 of 8 workers for init marking
[3.567s][info][gc,ergo     ] GC(166) Pacer for Mark. Expected Live: 13246K, Free: 1866M, Non-Taxable: 186M, Alloc Tax Rate: 0.0x
[3.567s][info][gc          ] GC(166) Pause Init Mark (unload classes) 0.083ms
[3.567s][info][gc,start    ] GC(166) Concurrent marking roots
[3.567s][info][gc,task     ] GC(166) Using 2 of 8 workers for concurrent marking roots
[3.567s][info][gc          ] GC(166) Concurrent marking roots 0.586ms
[3.567s][info][gc,start    ] GC(166) Concurrent marking (unload classes)
[3.567s][info][gc,task     ] GC(166) Using 2 of 8 workers for concurrent marking
[3.573s][info][gc          ] GC(166) Concurrent marking (unload classes) 5.821ms
[3.573s][info][gc,start    ] GC(166) Pause Final Mark (unload classes)
[3.573s][info][gc,task     ] GC(166) Using 8 of 8 workers for final marking
[3.573s][info][gc,ergo     ] GC(166) Collectable Garbage: 3160K (100%), Immediate: 0B (0%), CSet: 3160K (100%)
[3.573s][info][gc,ergo     ] GC(166) Pacer for Evacuation. Used CSet: 14336K, Free: 1864M, Non-Taxable: 186M, Alloc Tax Rate: 1.1x
[3.573s][info][gc          ] GC(166) Pause Final Mark (unload classes) 0.251ms
[3.574s][info][gc,start    ] GC(166) Concurrent thread roots
[3.574s][info][gc,task     ] GC(166) Using 2 of 8 workers for Concurrent thread roots
[3.574s][info][gc          ] GC(166) Concurrent thread roots 0.290ms
[3.574s][info][gc,start    ] GC(166) Concurrent weak references
[3.574s][info][gc,task     ] GC(166) Using 2 of 8 workers for concurrent weak references
[3.574s][info][gc,ref      ] GC(166) Encountered references: Soft: 3723, Weak: 1348, Final: 4, Phantom: 591
[3.574s][info][gc,ref      ] GC(166) Discovered  references: Soft: 0, Weak: 363, Final: 0, Phantom: 257
[3.574s][info][gc,ref      ] GC(166) Enqueued    references: Soft: 0, Weak: 2, Final: 0, Phantom: 1
[3.574s][info][gc          ] GC(166) Concurrent weak references 0.155ms
[3.574s][info][gc,start    ] GC(166) Concurrent weak roots
[3.574s][info][gc,task     ] GC(166) Using 2 of 8 workers for concurrent weak root
[3.575s][info][gc          ] GC(166) Concurrent weak roots 0.709ms
[3.575s][info][gc,start    ] GC(166) Concurrent cleanup
[3.575s][info][gc          ] GC(166) Concurrent cleanup 21M->21M(151M) 0.070ms
[3.575s][info][gc,ergo     ] GC(166) Free: 1862M, Max: 512K regular, 1862M humongous, Frag: 0% external, 0% internal; Reserve: 101331K, Max: 512K
[3.575s][info][gc,start    ] GC(166) Concurrent class unloading
[3.575s][info][gc,task     ] GC(166) Using 2 of 8 workers for concurrent class unloading
[3.577s][info][gc          ] GC(166) Concurrent class unloading 2.370ms
[3.577s][info][gc,start    ] GC(166) Concurrent strong roots
[3.577s][info][gc,task     ] GC(166) Using 2 of 8 workers for concurrent strong root
[3.582s][info][gc          ] GC(166) Concurrent strong roots 4.303ms
[3.582s][info][gc,start    ] GC(166) Concurrent evacuation
[3.582s][info][gc,task     ] GC(166) Using 2 of 8 workers for concurrent evacuation
[3.587s][info][gc          ] GC(166) Concurrent evacuation 5.307ms
[3.590s][info][gc,start    ] GC(166) Pause Init Update Refs
[3.590s][info][gc,ergo     ] GC(166) Pacer for Update Refs. Used: 34415K, Free: 1861M, Non-Taxable: 186M, Alloc Tax Rate: 1.1x
[3.590s][info][gc          ] GC(166) Pause Init Update Refs 0.045ms
[3.590s][info][gc,start    ] GC(166) Concurrent update references
[3.590s][info][gc,task     ] GC(166) Using 2 of 8 workers for concurrent reference update
[3.594s][info][gc          ] GC(166) Concurrent update references 3.663ms
[3.594s][info][gc,start    ] GC(166) Concurrent update thread roots
[3.594s][info][gc          ] GC(166) Concurrent update thread roots 0.095ms
[3.594s][info][gc,start    ] GC(166) Pause Final Update Refs
[3.594s][info][gc,task     ] GC(166) Using 8 of 8 workers for final reference update
[3.594s][info][gc          ] GC(166) Pause Final Update Refs 0.082ms
[3.594s][info][gc,start    ] GC(166) Concurrent cleanup
[3.594s][info][gc          ] GC(166) Concurrent cleanup 34M->20M(151M) 0.074ms
[3.594s][info][gc,ergo     ] Free: 1863M, Max: 512K regular, 1861M humongous, Frag: 1% external, 0% internal; Reserve: 101888K, Max: 512K
[3.594s][info][gc,stats    ] 
[3.594s][info][gc,stats    ] All times are wall-clock times, except per-root-class counters, that are sum over
[3.594s][info][gc,stats    ] all workers. Dividing the <total> over the root stage time estimates parallelism.
[3.594s][info][gc,stats    ] 
[3.594s][info][gc,stats    ] Concurrent Reset                    362 us
[3.594s][info][gc,stats    ] Pause Init Mark (G)                7648 us
[3.594s][info][gc,stats    ] Pause Init Mark (N)                  92 us
[3.594s][info][gc,stats    ]   Update Region States               24 us
[3.594s][info][gc,stats    ] Concurrent Mark Roots               601 us, parallelism: 0.33x
[3.594s][info][gc,stats    ]   CMR: <total>                      201 us
[3.594s][info][gc,stats    ]   CMR: Thread Roots                 123 us, workers (us): 123,   0, ---, ---, ---, ---, ---, ---, 
[3.594s][info][gc,stats    ]   CMR: VM Strong Roots                5 us, workers (us):   5,   0, ---, ---, ---, ---, ---, ---, 
[3.594s][info][gc,stats    ]   CMR: CLDG Roots                    72 us, workers (us):  72, ---, ---, ---, ---, ---, ---, ---, 
[3.594s][info][gc,stats    ] Concurrent Marking                 5851 us
[3.594s][info][gc,stats    ] Pause Final Mark (G)                354 us
[3.594s][info][gc,stats    ] Pause Final Mark (N)                260 us
[3.594s][info][gc,stats    ]   Finish Mark                       117 us
[3.594s][info][gc,stats    ]   Update Region States               17 us
[3.594s][info][gc,stats    ]   Choose Collection Set              40 us
[3.594s][info][gc,stats    ]   Rebuild Free Set                   31 us
[3.594s][info][gc,stats    ] Concurrent Thread Roots             315 us, parallelism: 0.60x
[3.594s][info][gc,stats    ]   CTR: <total>                      189 us
[3.594s][info][gc,stats    ]   CTR: Thread Roots                 189 us, workers (us):  67, 123, ---, ---, ---, ---, ---, ---, 
[3.594s][info][gc,stats    ] Concurrent Weak References          173 us, parallelism: 0.43x
[3.594s][info][gc,stats    ]   CWRF: <total>                      75 us
[3.594s][info][gc,stats    ]   CWRF: Weak References              75 us, workers (us):  39,  36, ---, ---, ---, ---, ---, ---, 
[3.594s][info][gc,stats    ] Concurrent Weak Roots               743 us
[3.594s][info][gc,stats    ]   Roots                             643 us, parallelism: 1.81x
[3.594s][info][gc,stats    ]     CWR: <total>                   1163 us
[3.594s][info][gc,stats    ]     CWR: Code Cache Roots           588 us, workers (us): 264, 324, ---, ---, ---, ---, ---, ---, 
[3.594s][info][gc,stats    ]     CWR: VM Weak Roots              564 us, workers (us): 283, 281, ---, ---, ---, ---, ---, ---, 
[3.595s][info][gc,stats    ]     CWR: CLDG Roots                  10 us, workers (us):  10, ---, ---, ---, ---, ---, ---, ---, 
[3.595s][info][gc,stats    ]   Rendezvous                         44 us
[3.595s][info][gc,stats    ] Concurrent Cleanup                   86 us
[3.595s][info][gc,stats    ] Concurrent Class Unloading         2393 us
[3.595s][info][gc,stats    ]   Unlink Stale                     2072 us
[3.595s][info][gc,stats    ]     System Dictionary                42 us
[3.595s][info][gc,stats    ]     Weak Class Links                  0 us
[3.595s][info][gc,stats    ]     Code Roots                     2029 us
[3.595s][info][gc,stats    ]   Rendezvous                        143 us
[3.595s][info][gc,stats    ]   Purge Unlinked                    133 us
[3.595s][info][gc,stats    ]     Code Roots                      128 us
[3.595s][info][gc,stats    ]     CLDG                              4 us
[3.595s][info][gc,stats    ]     Exception Caches                  0 us
[3.595s][info][gc,stats    ] Concurrent Strong Roots            4329 us, parallelism: 0.98x
[3.595s][info][gc,stats    ]   CSR: <total>                     4250 us
[3.595s][info][gc,stats    ]   CSR: VM Strong Roots               11 us, workers (us):   8,   3, ---, ---, ---, ---, ---, ---, 
[3.595s][info][gc,stats    ]   CSR: CLDG Roots                  4239 us, workers (us): ---, 4239, ---, ---, ---, ---, ---, ---, 
[3.595s][info][gc,stats    ] Concurrent Evacuation              5329 us
[3.595s][info][gc,stats    ] Pause Init Update Refs (G)         3111 us
[3.595s][info][gc,stats    ] Pause Init Update Refs (N)           54 us
[3.595s][info][gc,stats    ]   Manage GCLABs                       5 us
[3.595s][info][gc,stats    ] Concurrent Update Refs             3695 us
[3.595s][info][gc,stats    ] Concurrent Update Thread Roots      112 us
[3.595s][info][gc,stats    ] Pause Final Update Refs (G)         198 us
[3.595s][info][gc,stats    ] Pause Final Update Refs (N)          93 us
[3.595s][info][gc,stats    ]   Update Region States               19 us
[3.595s][info][gc,stats    ]   Trash Collection Set                3 us
[3.595s][info][gc,stats    ]   Rebuild Free Set                   24 us
[3.595s][info][gc,stats    ] Concurrent Cleanup                   89 us
[3.595s][info][gc,stats    ] 
[3.595s][info][gc,stats    ] Allocation pacing accrued:
[3.595s][info][gc,stats    ]       0 of    38 ms (  0.0%): <total>
[3.595s][info][gc,stats    ]       0 of    38 ms (  0.0%): <average total>
[3.595s][info][gc,stats    ] 
[3.595s][info][gc,metaspace] Metaspace: 15264K(15552K)->15357K(15616K) NonClass: 13607K(13760K)->13686K(13824K) Class: 1657K(1792K)->1671K(1792K)
[3.595s][info][gc,ergo     ] Pacer for Idle. Initial: 40642K, Alloc Tax Rate: 1.0x
[3.596s][info][gc          ] Trigger: Start next cycle immediately
[3.596s][info][gc,ergo     ] Free: 1863M, Max: 512K regular, 1861M humongous, Frag: 1% external, 0% internal; Reserve: 101888K, Max: 512K
[3.596s][info][gc,start    ] GC(167) Concurrent reset
[3.596s][info][gc,task     ] GC(167) Using 2 of 8 workers for concurrent reset
[3.596s][info][gc,ergo     ] GC(167) Pacer for Reset. Non-Taxable: 1984M
[3.596s][info][gc          ] GC(167) Concurrent reset 0.239ms
[3.600s][info][gc,start    ] GC(167) Pause Init Mark (unload classes)
[3.600s][info][gc,task     ] GC(167) Using 8 of 8 workers for init marking
[3.600s][info][gc,ergo     ] GC(167) Pacer for Mark. Expected Live: 13489K, Free: 1863M, Non-Taxable: 186M, Alloc Tax Rate: 0.0x
[3.600s][info][gc          ] GC(167) Pause Init Mark (unload classes) 0.077ms
[3.600s][info][gc,start    ] GC(167) Concurrent marking roots
[3.600s][info][gc,task     ] GC(167) Using 2 of 8 workers for concurrent marking roots
[3.600s][info][gc          ] GC(167) Concurrent marking roots 0.205ms
[3.600s][info][gc,start    ] GC(167) Concurrent marking (unload classes)
[3.600s][info][gc,task     ] GC(167) Using 2 of 8 workers for concurrent marking
[3.605s][info][gc          ] GC(167) Concurrent marking (unload classes) 4.900ms
[3.605s][info][gc,start    ] GC(167) Pause Final Mark (unload classes)
[3.605s][info][gc,task     ] GC(167) Using 8 of 8 workers for final marking
[3.605s][info][gc,ergo     ] GC(167) Collectable Garbage: 3534K (100%), Immediate: 0B (0%), CSet: 3534K (100%)
[3.605s][info][gc,ergo     ] GC(167) Pacer for Evacuation. Used CSet: 16369K, Free: 1858M, Non-Taxable: 185M, Alloc Tax Rate: 1.1x
[3.605s][info][gc          ] GC(167) Pause Final Mark (unload classes) 0.229ms
[3.605s][info][gc,start    ] GC(167) Concurrent thread roots
[3.605s][info][gc,task     ] GC(167) Using 2 of 8 workers for Concurrent thread roots
[3.605s][info][gc          ] GC(167) Concurrent thread roots 0.110ms
[3.605s][info][gc,start    ] GC(167) Concurrent weak references
[3.605s][info][gc,task     ] GC(167) Using 2 of 8 workers for concurrent weak references
[3.605s][info][gc,ref      ] GC(167) Encountered references: Soft: 3734, Weak: 1359, Final: 4, Phantom: 592
[3.605s][info][gc,ref      ] GC(167) Discovered  references: Soft: 0, Weak: 548, Final: 0, Phantom: 336
[3.605s][info][gc,ref      ] GC(167) Enqueued    references: Soft: 0, Weak: 6, Final: 0, Phantom: 3
[3.605s][info][gc          ] GC(167) Concurrent weak references 0.091ms
[3.605s][info][gc,start    ] GC(167) Concurrent weak roots
[3.605s][info][gc,task     ] GC(167) Using 2 of 8 workers for concurrent weak root
[3.614s][info][gc          ] GC(167) Concurrent weak roots 8.329ms
[3.614s][info][gc,start    ] GC(167) Concurrent cleanup
[3.614s][info][gc          ] GC(167) Concurrent cleanup 26M->26M(151M) 0.070ms
[3.614s][info][gc,ergo     ] GC(167) Free: 1857M, Max: 512K regular, 1857M humongous, Frag: 0% external, 0% internal; Reserve: 101371K, Max: 512K
[3.614s][info][gc,start    ] GC(167) Concurrent class unloading
[3.614s][info][gc,task     ] GC(167) Using 2 of 8 workers for concurrent class unloading
[3.615s][info][gc          ] GC(167) Concurrent class unloading 1.574ms
[3.615s][info][gc,start    ] GC(167) Concurrent strong roots
[3.615s][info][gc,task     ] GC(167) Using 2 of 8 workers for concurrent strong root
[3.616s][info][gc          ] GC(167) Concurrent strong roots 0.319ms
[3.616s][info][gc,start    ] GC(167) Concurrent evacuation
[3.616s][info][gc,task     ] GC(167) Using 2 of 8 workers for concurrent evacuation
[3.620s][info][gc          ] GC(167) Concurrent evacuation 4.044ms
[3.620s][info][gc,start    ] GC(167) Pause Init Update Refs
[3.620s][info][gc,ergo     ] GC(167) Pacer for Update Refs. Used: 43117K, Free: 1854M, Non-Taxable: 185M, Alloc Tax Rate: 1.1x
[3.620s][info][gc          ] GC(167) Pause Init Update Refs 0.043ms
[3.620s][info][gc,start    ] GC(167) Concurrent update references
[3.620s][info][gc,task     ] GC(167) Using 2 of 8 workers for concurrent reference update
[3.626s][info][gc          ] GC(167) Concurrent update references 6.097ms
[3.626s][info][gc,start    ] GC(167) Concurrent update thread roots
[3.628s][info][gc          ] GC(167) Concurrent update thread roots 2.152ms
[3.628s][info][gc,start    ] GC(167) Pause Final Update Refs
[3.628s][info][gc,task     ] GC(167) Using 8 of 8 workers for final reference update
[3.629s][info][gc          ] GC(167) Pause Final Update Refs 0.086ms
[3.629s][info][gc,start    ] GC(167) Concurrent cleanup
[3.629s][info][gc          ] GC(167) Concurrent cleanup 43M->27M(151M) 0.082ms
[3.629s][info][gc,ergo     ] Free: 1855M, Max: 512K regular, 1852M humongous, Frag: 1% external, 0% internal; Reserve: 101888K, Max: 512K
[3.629s][info][gc,stats    ] 
[3.629s][info][gc,stats    ] All times are wall-clock times, except per-root-class counters, that are sum over
[3.629s][info][gc,stats    ] all workers. Dividing the <total> over the root stage time estimates parallelism.
[3.629s][info][gc,stats    ] 
[3.629s][info][gc,stats    ] Concurrent Reset                    254 us
[3.629s][info][gc,stats    ] Pause Init Mark (G)                3324 us
[3.629s][info][gc,stats    ] Pause Init Mark (N)                  86 us
[3.629s][info][gc,stats    ]   Update Region States               20 us
[3.629s][info][gc,stats    ] Concurrent Mark Roots               223 us, parallelism: 0.85x
[3.629s][info][gc,stats    ]   CMR: <total>                      190 us
[3.629s][info][gc,stats    ]   CMR: Thread Roots                  77 us, workers (us):   0,  76, ---, ---, ---, ---, ---, ---, 
[3.629s][info][gc,stats    ]   CMR: VM Strong Roots                6 us, workers (us):   6,   0, ---, ---, ---, ---, ---, ---, 
[3.629s][info][gc,stats    ]   CMR: CLDG Roots                   107 us, workers (us): 107, ---, ---, ---, ---, ---, ---, ---, 
[3.629s][info][gc,stats    ] Concurrent Marking                 4924 us
[3.629s][info][gc,stats    ] Pause Final Mark (G)                345 us
[3.629s][info][gc,stats    ] Pause Final Mark (N)                251 us
[3.629s][info][gc,stats    ]   Finish Mark                       100 us
[3.629s][info][gc,stats    ]   Update Region States               14 us
[3.629s][info][gc,stats    ]   Choose Collection Set              42 us
[3.629s][info][gc,stats    ]   Rebuild Free Set                   20 us
[3.629s][info][gc,stats    ] Concurrent Thread Roots             121 us, parallelism: 0.87x
[3.629s][info][gc,stats    ]   CTR: <total>                      105 us
[3.629s][info][gc,stats    ]   CTR: Thread Roots                 105 us, workers (us):  61,  44, ---, ---, ---, ---, ---, ---, 
[3.629s][info][gc,stats    ] Concurrent Weak References          100 us, parallelism: 0.70x
[3.629s][info][gc,stats    ]   CWRF: <total>                      70 us
[3.629s][info][gc,stats    ]   CWRF: Weak References              70 us, workers (us):  39,  31, ---, ---, ---, ---, ---, ---, 
[3.629s][info][gc,stats    ] Concurrent Weak Roots              8358 us
[3.629s][info][gc,stats    ]   Roots                             760 us, parallelism: 1.60x
[3.629s][info][gc,stats    ]     CWR: <total>                   1220 us
[3.629s][info][gc,stats    ]     CWR: Code Cache Roots           640 us, workers (us): 349, 291, ---, ---, ---, ---, ---, ---, 
[3.629s][info][gc,stats    ]     CWR: VM Weak Roots              572 us, workers (us): 291, 281, ---, ---, ---, ---, ---, ---, 
[3.629s][info][gc,stats    ]     CWR: CLDG Roots                   8 us, workers (us): ---,   8, ---, ---, ---, ---, ---, ---, 
[3.629s][info][gc,stats    ]   Rendezvous                       7550 us
[3.629s][info][gc,stats    ] Concurrent Cleanup                   84 us
[3.630s][info][gc,stats    ] Concurrent Class Unloading         1592 us
[3.630s][info][gc,stats    ]   Unlink Stale                     1294 us
[3.630s][info][gc,stats    ]     System Dictionary                40 us
[3.630s][info][gc,stats    ]     Weak Class Links                  0 us
[3.630s][info][gc,stats    ]     Code Roots                     1253 us
[3.630s][info][gc,stats    ]   Rendezvous                        136 us
[3.630s][info][gc,stats    ]   Purge Unlinked                    119 us
[3.630s][info][gc,stats    ]     Code Roots                      114 us
[3.630s][info][gc,stats    ]     CLDG                              5 us
[3.630s][info][gc,stats    ]     Exception Caches                  0 us
[3.630s][info][gc,stats    ] Concurrent Strong Roots             353 us, parallelism: 0.77x
[3.630s][info][gc,stats    ]   CSR: <total>                      270 us
[3.630s][info][gc,stats    ]   CSR: VM Strong Roots               12 us, workers (us):   8,   4, ---, ---, ---, ---, ---, ---, 
[3.630s][info][gc,stats    ]   CSR: CLDG Roots                   259 us, workers (us): ---, 259, ---, ---, ---, ---, ---, ---, 
[3.630s][info][gc,stats    ] Concurrent Evacuation              4065 us
[3.630s][info][gc,stats    ] Pause Init Update Refs (G)          181 us
[3.630s][info][gc,stats    ] Pause Init Update Refs (N)           64 us
[3.630s][info][gc,stats    ]   Manage GCLABs                       7 us
[3.630s][info][gc,stats    ] Concurrent Update Refs             6120 us
[3.630s][info][gc,stats    ] Concurrent Update Thread Roots     2179 us
[3.630s][info][gc,stats    ] Pause Final Update Refs (G)         327 us
[3.630s][info][gc,stats    ] Pause Final Update Refs (N)          97 us
[3.630s][info][gc,stats    ]   Update Region States               21 us
[3.630s][info][gc,stats    ]   Trash Collection Set                3 us
[3.630s][info][gc,stats    ]   Rebuild Free Set                   17 us
[3.630s][info][gc,stats    ] Concurrent Cleanup                   96 us
[3.630s][info][gc,stats    ] 
[3.630s][info][gc,stats    ] Allocation pacing accrued:
[3.630s][info][gc,stats    ]       0 of    35 ms (  0.0%): <total>
[3.630s][info][gc,stats    ]       0 of    35 ms (  0.0%): <average total>
[3.630s][info][gc,stats    ] 
[3.630s][info][gc,metaspace] Metaspace: 15357K(15616K)->15358K(15616K) NonClass: 13686K(13824K)->13687K(13824K) Class: 1671K(1792K)->1671K(1792K)
[3.630s][info][gc,ergo     ] Pacer for Idle. Initial: 40642K, Alloc Tax Rate: 1.0x
[3.632s][info][gc          ] Trigger: Start next cycle immediately
[3.633s][info][gc,ergo     ] Free: 1851M, Max: 512K regular, 1851M humongous, Frag: 0% external, 0% internal; Reserve: 101888K, Max: 512K
[3.633s][info][gc,start    ] GC(168) Concurrent reset
[3.633s][info][gc,task     ] GC(168) Using 2 of 8 workers for concurrent reset
[3.633s][info][gc,ergo     ] GC(168) Pacer for Reset. Non-Taxable: 1984M
[3.633s][info][gc          ] GC(168) Concurrent reset 0.314ms
[3.638s][info][gc,start    ] GC(168) Pause Init Mark (unload classes)
[3.638s][info][gc,task     ] GC(168) Using 8 of 8 workers for init marking
[3.638s][info][gc,ergo     ] GC(168) Pacer for Mark. Expected Live: 14261K, Free: 1851M, Non-Taxable: 185M, Alloc Tax Rate: 0.0x
[3.638s][info][gc          ] GC(168) Pause Init Mark (unload classes) 0.077ms
[3.638s][info][gc,start    ] GC(168) Concurrent marking roots
[3.638s][info][gc,task     ] GC(168) Using 2 of 8 workers for concurrent marking roots
[3.639s][info][gc          ] GC(168) Concurrent marking roots 0.225ms
[3.639s][info][gc,start    ] GC(168) Concurrent marking (unload classes)
[3.639s][info][gc,task     ] GC(168) Using 2 of 8 workers for concurrent marking
[3.661s][info][gc          ] GC(168) Concurrent marking (unload classes) 22.421ms
[3.661s][info][gc,start    ] GC(168) Pause Final Mark (unload classes)
[3.661s][info][gc,task     ] GC(168) Using 8 of 8 workers for final marking
[3.664s][info][gc,ergo     ] GC(168) Collectable Garbage: 1571K (100%), Immediate: 0B (0%), CSet: 1571K (100%)
[3.664s][info][gc,ergo     ] GC(168) Pacer for Evacuation. Used CSet: 28672K, Free: 1831M, Non-Taxable: 183M, Alloc Tax Rate: 1.1x
[3.664s][info][gc          ] GC(168) Pause Final Mark (unload classes) 2.455ms
[3.664s][info][gc,start    ] GC(168) Concurrent thread roots
[3.664s][info][gc,task     ] GC(168) Using 2 of 8 workers for Concurrent thread roots
[3.664s][info][gc          ] GC(168) Concurrent thread roots 0.196ms
[3.664s][info][gc,start    ] GC(168) Concurrent weak references
[3.664s][info][gc,task     ] GC(168) Using 2 of 8 workers for concurrent weak references
[3.664s][info][gc,ref      ] GC(168) Encountered references: Soft: 3734, Weak: 1353, Final: 4, Phantom: 589
[3.664s][info][gc,ref      ] GC(168) Discovered  references: Soft: 0, Weak: 554, Final: 4, Phantom: 202
[3.664s][info][gc,ref      ] GC(168) Enqueued    references: Soft: 0, Weak: 0, Final: 0, Phantom: 0
[3.664s][info][gc          ] GC(168) Concurrent weak references 0.151ms
[3.664s][info][gc,start    ] GC(168) Concurrent weak roots
[3.664s][info][gc,task     ] GC(168) Using 2 of 8 workers for concurrent weak root
[3.665s][info][gc          ] GC(168) Concurrent weak roots 0.978ms
[3.665s][info][gc,start    ] GC(168) Concurrent cleanup
[3.665s][info][gc          ] GC(168) Concurrent cleanup 52M->52M(151M) 0.116ms
[3.665s][info][gc,ergo     ] GC(168) Free: 1831M, Max: 512K regular, 1831M humongous, Frag: 0% external, 0% internal; Reserve: 101376K, Max: 512K
[3.665s][info][gc,start    ] GC(168) Concurrent class unloading
[3.665s][info][gc,task     ] GC(168) Using 2 of 8 workers for concurrent class unloading
[3.667s][info][gc          ] GC(168) Concurrent class unloading 1.621ms
[3.667s][info][gc,start    ] GC(168) Concurrent strong roots
[3.667s][info][gc,task     ] GC(168) Using 2 of 8 workers for concurrent strong root
[3.667s][info][gc          ] GC(168) Concurrent strong roots 0.332ms
[3.667s][info][gc,start    ] GC(168) Concurrent evacuation
[3.667s][info][gc,task     ] GC(168) Using 2 of 8 workers for concurrent evacuation
[3.691s][info][gc          ] GC(168) Concurrent evacuation 23.843ms
[3.691s][info][gc,start    ] GC(168) Pause Init Update Refs
[3.691s][info][gc,ergo     ] GC(168) Pacer for Update Refs. Used: 84084K, Free: 1828M, Non-Taxable: 182M, Alloc Tax Rate: 1.1x
[3.691s][info][gc          ] GC(168) Pause Init Update Refs 0.050ms
[3.691s][info][gc,start    ] GC(168) Concurrent update references
[3.691s][info][gc,task     ] GC(168) Using 2 of 8 workers for concurrent reference update
[3.704s][info][gc          ] GC(168) Concurrent update references 12.296ms
[3.704s][info][gc,start    ] GC(168) Concurrent update thread roots
[3.704s][info][gc          ] GC(168) Concurrent update thread roots 0.308ms
[3.704s][info][gc,start    ] GC(168) Pause Final Update Refs
[3.704s][info][gc,task     ] GC(168) Using 8 of 8 workers for final reference update
[3.704s][info][gc          ] GC(168) Pause Final Update Refs 0.102ms
[3.704s][info][gc,start    ] GC(168) Concurrent cleanup
[3.704s][info][gc          ] GC(168) Concurrent cleanup 82M->54M(166M) 0.093ms
[3.704s][info][gc,ergo     ] Free: 1828M, Max: 512K regular, 1814M humongous, Frag: 1% external, 0% internal; Reserve: 101888K, Max: 512K
[3.704s][info][gc,stats    ] 
[3.704s][info][gc,stats    ] All times are wall-clock times, except per-root-class counters, that are sum over
[3.704s][info][gc,stats    ] all workers. Dividing the <total> over the root stage time estimates parallelism.
[3.704s][info][gc,stats    ] 
[3.704s][info][gc,stats    ] Concurrent Reset                    344 us
[3.704s][info][gc,stats    ] Pause Init Mark (G)                5416 us
[3.704s][info][gc,stats    ] Pause Init Mark (N)                  86 us
[3.704s][info][gc,stats    ]   Update Region States               23 us
[3.704s][info][gc,stats    ] Concurrent Mark Roots               250 us, parallelism: 0.76x
[3.704s][info][gc,stats    ]   CMR: <total>                      190 us
[3.704s][info][gc,stats    ]   CMR: Thread Roots                  88 us, workers (us):   0,  88, ---, ---, ---, ---, ---, ---, 
[3.704s][info][gc,stats    ]   CMR: VM Strong Roots                7 us, workers (us):   6,   0, ---, ---, ---, ---, ---, ---, 
[3.704s][info][gc,stats    ]   CMR: CLDG Roots                    96 us, workers (us):  96, ---, ---, ---, ---, ---, ---, ---, 
[3.704s][info][gc,stats    ] Concurrent Marking                22469 us
[3.704s][info][gc,stats    ] Pause Final Mark (G)               2602 us
[3.704s][info][gc,stats    ] Pause Final Mark (N)               2464 us
[3.704s][info][gc,stats    ]   Finish Mark                      2293 us
[3.704s][info][gc,stats    ]   Update Region States               33 us
[3.704s][info][gc,stats    ]   Choose Collection Set              55 us
[3.704s][info][gc,stats    ]   Rebuild Free Set                   20 us
[3.704s][info][gc,stats    ] Concurrent Thread Roots             225 us, parallelism: 0.76x
[3.704s][info][gc,stats    ]   CTR: <total>                      171 us
[3.704s][info][gc,stats    ]   CTR: Thread Roots                 171 us, workers (us):  97,  74, ---, ---, ---, ---, ---, ---, 
[3.704s][info][gc,stats    ] Concurrent Weak References          164 us, parallelism: 0.51x
[3.705s][info][gc,stats    ]   CWRF: <total>                      83 us
[3.705s][info][gc,stats    ]   CWRF: Weak References              83 us, workers (us):  58,  25, ---, ---, ---, ---, ---, ---, 
[3.705s][info][gc,stats    ] Concurrent Weak Roots              1015 us
[3.705s][info][gc,stats    ]   Roots                             818 us, parallelism: 1.84x
[3.705s][info][gc,stats    ]     CWR: <total>                   1508 us
[3.705s][info][gc,stats    ]     CWR: Code Cache Roots           862 us, workers (us): 405, 457, ---, ---, ---, ---, ---, ---, 
[3.705s][info][gc,stats    ]     CWR: VM Weak Roots              632 us, workers (us): 316, 316, ---, ---, ---, ---, ---, ---, 
[3.705s][info][gc,stats    ]     CWR: CLDG Roots                  14 us, workers (us):  14, ---, ---, ---, ---, ---, ---, ---, 
[3.705s][info][gc,stats    ]   Rendezvous                        124 us
[3.705s][info][gc,stats    ] Concurrent Cleanup                  137 us
[3.705s][info][gc,stats    ] Concurrent Class Unloading         1649 us
[3.705s][info][gc,stats    ]   Unlink Stale                     1390 us
[3.705s][info][gc,stats    ]     System Dictionary                51 us
[3.705s][info][gc,stats    ]     Weak Class Links                  0 us
[3.705s][info][gc,stats    ]     Code Roots                     1337 us
[3.705s][info][gc,stats    ]   Rendezvous                        149 us
[3.705s][info][gc,stats    ]   Purge Unlinked                     56 us
[3.705s][info][gc,stats    ]     Code Roots                       50 us
[3.705s][info][gc,stats    ]     CLDG                              6 us
[3.705s][info][gc,stats    ]     Exception Caches                  0 us
[3.705s][info][gc,stats    ] Concurrent Strong Roots             367 us, parallelism: 0.69x
[3.705s][info][gc,stats    ]   CSR: <total>                      253 us
[3.705s][info][gc,stats    ]   CSR: VM Strong Roots               10 us, workers (us):  10,   0, ---, ---, ---, ---, ---, ---, 
[3.705s][info][gc,stats    ]   CSR: CLDG Roots                   243 us, workers (us): 243, ---, ---, ---, ---, ---, ---, ---, 
[3.705s][info][gc,stats    ] Concurrent Evacuation             23883 us
[3.705s][info][gc,stats    ] Pause Init Update Refs (G)           98 us
[3.705s][info][gc,stats    ] Pause Init Update Refs (N)           60 us
[3.705s][info][gc,stats    ]   Manage GCLABs                       5 us
[3.705s][info][gc,stats    ] Concurrent Update Refs            12329 us
[3.705s][info][gc,stats    ] Concurrent Update Thread Roots      323 us
[3.705s][info][gc,stats    ] Pause Final Update Refs (G)         213 us
[3.705s][info][gc,stats    ] Pause Final Update Refs (N)         113 us
[3.705s][info][gc,stats    ]   Update Region States               42 us
[3.705s][info][gc,stats    ]   Trash Collection Set                3 us
[3.705s][info][gc,stats    ]   Rebuild Free Set                   20 us
[3.705s][info][gc,stats    ] Concurrent Cleanup                  108 us
[3.705s][info][gc,stats    ] 
[3.705s][info][gc,stats    ] Allocation pacing accrued:
[3.705s][info][gc,stats    ]       0 of    75 ms (  0.0%): <total>
[3.705s][info][gc,stats    ]       0 of    75 ms (  0.0%): <average total>
[3.705s][info][gc,stats    ] 
[3.705s][info][gc,metaspace] Metaspace: 15358K(15616K)->15358K(15616K) NonClass: 13687K(13824K)->13687K(13824K) Class: 1671K(1792K)->1671K(1792K)
[3.705s][info][gc,ergo     ] Pacer for Idle. Initial: 40642K, Alloc Tax Rate: 1.0x
[3.706s][info][gc          ] Trigger: Start next cycle immediately
[3.706s][info][gc,ergo     ] Free: 1826M, Max: 512K regular, 1814M humongous, Frag: 1% external, 0% internal; Reserve: 101888K, Max: 512K
[3.706s][info][gc,start    ] GC(169) Concurrent reset
[3.706s][info][gc,task     ] GC(169) Using 2 of 8 workers for concurrent reset
[3.706s][info][gc,ergo     ] GC(169) Pacer for Reset. Non-Taxable: 1984M
[3.706s][info][gc          ] GC(169) Concurrent reset 0.251ms
[3.706s][info][gc,start    ] GC(169) Pause Init Mark (unload classes)
[3.706s][info][gc,task     ] GC(169) Using 8 of 8 workers for init marking
[3.706s][info][gc,ergo     ] GC(169) Pacer for Mark. Expected Live: 17872K, Free: 1826M, Non-Taxable: 182M, Alloc Tax Rate: 0.0x
[3.706s][info][gc          ] GC(169) Pause Init Mark (unload classes) 0.071ms
[3.707s][info][gc,start    ] GC(169) Concurrent marking roots
[3.707s][info][gc,task     ] GC(169) Using 2 of 8 workers for concurrent marking roots
[3.707s][info][gc          ] GC(169) Concurrent marking roots 0.292ms
[3.707s][info][gc,start    ] GC(169) Concurrent marking (unload classes)
[3.707s][info][gc,task     ] GC(169) Using 2 of 8 workers for concurrent marking
[3.742s][info][gc          ] GC(169) Concurrent marking (unload classes) 34.893ms
[3.742s][info][gc,start    ] GC(169) Pause Final Mark (unload classes)
[3.742s][info][gc,task     ] GC(169) Using 8 of 8 workers for final marking
[3.749s][info][gc,ergo     ] GC(169) Collectable Garbage: 1561K (100%), Immediate: 0B (0%), CSet: 1561K (100%)
[3.749s][info][gc,ergo     ] GC(169) Pacer for Evacuation. Used CSet: 53745K, Free: 1825M, Non-Taxable: 182M, Alloc Tax Rate: 1.1x
[3.749s][info][gc          ] GC(169) Pause Final Mark (unload classes) 7.420ms
[3.749s][info][gc,start    ] GC(169) Concurrent thread roots
[3.749s][info][gc,task     ] GC(169) Using 2 of 8 workers for Concurrent thread roots
[3.750s][info][gc          ] GC(169) Concurrent thread roots 0.312ms
[3.750s][info][gc,start    ] GC(169) Concurrent weak references
[3.750s][info][gc,task     ] GC(169) Using 2 of 8 workers for concurrent weak references
[3.750s][info][gc,ref      ] GC(169) Encountered references: Soft: 3734, Weak: 1353, Final: 4, Phantom: 589
[3.750s][info][gc,ref      ] GC(169) Discovered  references: Soft: 0, Weak: 85, Final: 0, Phantom: 201
[3.750s][info][gc,ref      ] GC(169) Enqueued    references: Soft: 0, Weak: 0, Final: 0, Phantom: 0
[3.750s][info][gc          ] GC(169) Concurrent weak references 0.078ms
[3.750s][info][gc,start    ] GC(169) Concurrent weak roots
[3.750s][info][gc,task     ] GC(169) Using 2 of 8 workers for concurrent weak root
[3.750s][info][gc          ] GC(169) Concurrent weak roots 0.779ms
[3.750s][info][gc,start    ] GC(169) Concurrent cleanup
[3.751s][info][gc          ] GC(169) Concurrent cleanup 59M->59M(166M) 0.104ms
[3.751s][info][gc,ergo     ] GC(169) Free: 1824M, Max: 512K regular, 1814M humongous, Frag: 1% external, 0% internal; Reserve: 101311K, Max: 512K
[3.751s][info][gc,start    ] GC(169) Concurrent class unloading
[3.751s][info][gc,task     ] GC(169) Using 2 of 8 workers for concurrent class unloading
[3.756s][info][gc          ] GC(169) Concurrent class unloading 5.540ms
[3.756s][info][gc,start    ] GC(169) Concurrent strong roots
[3.756s][info][gc,task     ] GC(169) Using 2 of 8 workers for concurrent strong root
[3.756s][info][gc          ] GC(169) Concurrent strong roots 0.327ms
[3.757s][info][gc,start    ] GC(169) Concurrent evacuation
[3.757s][info][gc,task     ] GC(169) Using 2 of 8 workers for concurrent evacuation
[3.852s][info][gc          ] GC(169) Concurrent evacuation 95.427ms
[3.852s][info][gc,start    ] GC(169) Pause Init Update Refs
[3.852s][info][gc,ergo     ] GC(169) Pacer for Update Refs. Used: 113M, Free: 1822M, Non-Taxable: 182M, Alloc Tax Rate: 1.1x
[3.852s][info][gc          ] GC(169) Pause Init Update Refs 0.044ms
[3.852s][info][gc,start    ] GC(169) Concurrent update references
[3.852s][info][gc,task     ] GC(169) Using 2 of 8 workers for concurrent reference update
[3.885s][info][gc          ] GC(169) Concurrent update references 32.912ms
[3.885s][info][gc,start    ] GC(169) Concurrent update thread roots
[3.886s][info][gc          ] GC(169) Concurrent update thread roots 0.521ms
[3.886s][info][gc,start    ] GC(169) Pause Final Update Refs
[3.886s][info][gc,task     ] GC(169) Using 8 of 8 workers for final reference update
[3.886s][info][gc          ] GC(169) Pause Final Update Refs 0.100ms
[3.886s][info][gc,start    ] GC(169) Concurrent cleanup
[3.886s][info][gc          ] GC(169) Concurrent cleanup 114M->61M(205M) 0.101ms
[3.886s][info][gc,ergo     ] Free: 1821M, Max: 512K regular, 1819M humongous, Frag: 1% external, 0% internal; Reserve: 101888K, Max: 512K
[3.886s][info][gc,stats    ] 
[3.886s][info][gc,stats    ] All times are wall-clock times, except per-root-class counters, that are sum over
[3.886s][info][gc,stats    ] all workers. Dividing the <total> over the root stage time estimates parallelism.
[3.886s][info][gc,stats    ] 
[3.886s][info][gc,stats    ] Concurrent Reset                    266 us
[3.886s][info][gc,stats    ] Pause Init Mark (G)                 179 us
[3.886s][info][gc,stats    ] Pause Init Mark (N)                  80 us
[3.886s][info][gc,stats    ]   Update Region States               20 us
[3.886s][info][gc,stats    ] Concurrent Mark Roots               322 us, parallelism: 0.61x
[3.886s][info][gc,stats    ]   CMR: <total>                      197 us
[3.886s][info][gc,stats    ]   CMR: Thread Roots                 103 us, workers (us): 103,   0, ---, ---, ---, ---, ---, ---, 
[3.886s][info][gc,stats    ]   CMR: VM Strong Roots                6 us, workers (us):   6,   0, ---, ---, ---, ---, ---, ---, 
[3.886s][info][gc,stats    ]   CMR: CLDG Roots                    88 us, workers (us):  88, ---, ---, ---, ---, ---, ---, ---, 
[3.886s][info][gc,stats    ] Concurrent Marking                34926 us
[3.886s][info][gc,stats    ] Pause Final Mark (G)               7466 us
[3.886s][info][gc,stats    ] Pause Final Mark (N)               7429 us
[3.886s][info][gc,stats    ]   Finish Mark                      7232 us
[3.886s][info][gc,stats    ]   Update Region States               31 us
[3.886s][info][gc,stats    ]   Choose Collection Set              64 us
[3.886s][info][gc,stats    ]   Rebuild Free Set                   38 us
[3.886s][info][gc,stats    ] Concurrent Thread Roots             330 us, parallelism: 0.78x
[3.886s][info][gc,stats    ]   CTR: <total>                      258 us
[3.886s][info][gc,stats    ]   CTR: Thread Roots                 258 us, workers (us): 258,   0, ---, ---, ---, ---, ---, ---, 
[3.886s][info][gc,stats    ] Concurrent Weak References           88 us, parallelism: 0.33x
[3.886s][info][gc,stats    ]   CWRF: <total>                      29 us
[3.886s][info][gc,stats    ]   CWRF: Weak References              29 us, workers (us):  22,   7, ---, ---, ---, ---, ---, ---, 
[3.886s][info][gc,stats    ] Concurrent Weak Roots               800 us
[3.886s][info][gc,stats    ]   Roots                             635 us, parallelism: 1.82x
[3.886s][info][gc,stats    ]     CWR: <total>                   1155 us
[3.886s][info][gc,stats    ]     CWR: Code Cache Roots           611 us, workers (us): 274, 337, ---, ---, ---, ---, ---, ---, 
[3.886s][info][gc,stats    ]     CWR: VM Weak Roots              533 us, workers (us): 265, 268, ---, ---, ---, ---, ---, ---, 
[3.886s][info][gc,stats    ]     CWR: CLDG Roots                  11 us, workers (us):  11, ---, ---, ---, ---, ---, ---, ---, 
[3.886s][info][gc,stats    ]   Rendezvous                        124 us
[3.886s][info][gc,stats    ] Concurrent Cleanup                  113 us
[3.886s][info][gc,stats    ] Concurrent Class Unloading         5571 us
[3.886s][info][gc,stats    ]   Unlink Stale                     5013 us
[3.886s][info][gc,stats    ]     System Dictionary                34 us
[3.886s][info][gc,stats    ]     Weak Class Links                  0 us
[3.886s][info][gc,stats    ]     Code Roots                     4978 us
[3.886s][info][gc,stats    ]   Rendezvous                        455 us
[3.886s][info][gc,stats    ]   Purge Unlinked                     50 us
[3.886s][info][gc,stats    ]     Code Roots                       46 us
[3.886s][info][gc,stats    ]     CLDG                              5 us
[3.886s][info][gc,stats    ]     Exception Caches                  0 us
[3.886s][info][gc,stats    ] Concurrent Strong Roots             337 us, parallelism: 0.82x
[3.886s][info][gc,stats    ]   CSR: <total>                      276 us
[3.886s][info][gc,stats    ]   CSR: VM Strong Roots               10 us, workers (us):   9,   0, ---, ---, ---, ---, ---, ---, 
[3.886s][info][gc,stats    ]   CSR: CLDG Roots                   266 us, workers (us): 266, ---, ---, ---, ---, ---, ---, ---, 
[3.886s][info][gc,stats    ] Concurrent Evacuation             95468 us
[3.886s][info][gc,stats    ] Pause Init Update Refs (G)          165 us
[3.886s][info][gc,stats    ] Pause Init Update Refs (N)           53 us
[3.886s][info][gc,stats    ]   Manage GCLABs                       5 us
[3.886s][info][gc,stats    ] Concurrent Update Refs            32944 us
[3.886s][info][gc,stats    ] Concurrent Update Thread Roots      540 us
[3.886s][info][gc,stats    ] Pause Final Update Refs (G)         138 us
[3.886s][info][gc,stats    ] Pause Final Update Refs (N)         111 us
[3.886s][info][gc,stats    ]   Update Region States               39 us
[3.886s][info][gc,stats    ]   Trash Collection Set                3 us
[3.886s][info][gc,stats    ]   Rebuild Free Set                   19 us
[3.886s][info][gc,stats    ] Concurrent Cleanup                  112 us
[3.886s][info][gc,stats    ] 
[3.886s][info][gc,stats    ] Allocation pacing accrued:
[3.886s][info][gc,stats    ]       0 of   182 ms (  0.0%): <total>
[3.886s][info][gc,stats    ]       0 of   182 ms (  0.0%): <average total>
[3.886s][info][gc,stats    ] 
[3.886s][info][gc,metaspace] Metaspace: 15371K(15616K)->16318K(16576K) NonClass: 13698K(13824K)->14532K(14656K) Class: 1672K(1792K)->1786K(1920K)
[3.886s][info][gc,ergo     ] Pacer for Idle. Initial: 40642K, Alloc Tax Rate: 1.0x
[3.888s][info][gc          ] Trigger: Start next cycle immediately
[3.888s][info][gc,ergo     ] Free: 1821M, Max: 512K regular, 1819M humongous, Frag: 1% external, 0% internal; Reserve: 101888K, Max: 512K
[3.888s][info][gc,start    ] GC(170) Concurrent reset
[3.888s][info][gc,task     ] GC(170) Using 2 of 8 workers for concurrent reset
[3.888s][info][gc,ergo     ] GC(170) Pacer for Reset. Non-Taxable: 1984M
[3.888s][info][gc          ] GC(170) Concurrent reset 0.487ms
[3.888s][info][gc,start    ] GC(170) Pause Init Mark
[3.888s][info][gc,task     ] GC(170) Using 8 of 8 workers for init marking
[3.888s][info][gc,ergo     ] GC(170) Pacer for Mark. Expected Live: 26493K, Free: 1821M, Non-Taxable: 182M, Alloc Tax Rate: 0.0x
[3.888s][info][gc          ] GC(170) Pause Init Mark 0.071ms
[3.888s][info][gc,start    ] GC(170) Concurrent marking roots
[3.888s][info][gc,task     ] GC(170) Using 2 of 8 workers for concurrent marking roots
[3.889s][info][gc          ] GC(170) Concurrent marking roots 0.714ms
[3.889s][info][gc,start    ] GC(170) Concurrent marking
[3.889s][info][gc,task     ] GC(170) Using 2 of 8 workers for concurrent marking
[3.938s][info][gc          ] GC(170) Concurrent marking 48.595ms
[3.938s][info][gc,start    ] GC(170) Pause Final Mark
[3.938s][info][gc,task     ] GC(170) Using 8 of 8 workers for final marking
[3.939s][info][gc,ergo     ] GC(170) Collectable Garbage: 6385K (100%), Immediate: 0B (0%), CSet: 6385K (100%)
[3.939s][info][gc,ergo     ] GC(170) Pacer for Evacuation. Used CSet: 58856K, Free: 1820M, Non-Taxable: 182M, Alloc Tax Rate: 1.1x
[3.939s][info][gc          ] GC(170) Pause Final Mark 1.392ms
[3.939s][info][gc,start    ] GC(170) Concurrent thread roots
[3.939s][info][gc,task     ] GC(170) Using 2 of 8 workers for Concurrent thread roots
[3.939s][info][gc          ] GC(170) Concurrent thread roots 0.278ms
[3.939s][info][gc,start    ] GC(170) Concurrent weak references
[3.939s][info][gc,task     ] GC(170) Using 2 of 8 workers for concurrent weak references
[3.940s][info][gc,ref      ] GC(170) Encountered references: Soft: 3847, Weak: 1524, Final: 4, Phantom: 598
[3.940s][info][gc,ref      ] GC(170) Discovered  references: Soft: 0, Weak: 181, Final: 4, Phantom: 342
[3.940s][info][gc,ref      ] GC(170) Enqueued    references: Soft: 0, Weak: 88, Final: 0, Phantom: 9
[3.940s][info][gc          ] GC(170) Concurrent weak references 0.150ms
[3.940s][info][gc,start    ] GC(170) Concurrent weak roots
[3.940s][info][gc,task     ] GC(170) Using 2 of 8 workers for concurrent weak root
[3.940s][info][gc          ] GC(170) Concurrent weak roots 0.495ms
[3.940s][info][gc,start    ] GC(170) Concurrent cleanup
[3.940s][info][gc          ] GC(170) Concurrent cleanup 63M->63M(205M) 0.117ms
[3.940s][info][gc,ergo     ] GC(170) Free: 1820M, Max: 512K regular, 1819M humongous, Frag: 1% external, 0% internal; Reserve: 101367K, Max: 512K
[3.940s][info][gc,start    ] GC(170) Concurrent strong roots
[3.940s][info][gc,task     ] GC(170) Using 2 of 8 workers for concurrent strong root
[3.941s][info][gc          ] GC(170) Concurrent strong roots 0.857ms
[3.941s][info][gc,start    ] GC(170) Concurrent evacuation
[3.941s][info][gc,task     ] GC(170) Using 2 of 8 workers for concurrent evacuation
[4.009s][info][gc          ] GC(170) Concurrent evacuation 67.684ms
[4.009s][info][gc,start    ] GC(170) Pause Init Update Refs
[4.009s][info][gc,ergo     ] GC(170) Pacer for Update Refs. Used: 116M, Free: 1819M, Non-Taxable: 181M, Alloc Tax Rate: 1.1x
[4.009s][info][gc          ] GC(170) Pause Init Update Refs 0.054ms
[4.010s][info][gc,start    ] GC(170) Concurrent update references
[4.010s][info][gc,task     ] GC(170) Using 2 of 8 workers for concurrent reference update
[4.037s][info][gc          ] GC(170) Concurrent update references 27.229ms
[4.037s][info][gc,start    ] GC(170) Concurrent update thread roots
[4.038s][info][gc          ] GC(170) Concurrent update thread roots 0.782ms
[4.038s][info][gc,start    ] GC(170) Pause Final Update Refs
[4.038s][info][gc,task     ] GC(170) Using 8 of 8 workers for final reference update
[4.038s][info][gc          ] GC(170) Pause Final Update Refs 0.102ms
[4.038s][info][gc,start    ] GC(170) Concurrent cleanup
[4.038s][info][gc          ] GC(170) Concurrent cleanup 117M->60M(231M) 0.099ms
[4.038s][info][gc,ergo     ] Free: 1823M, Max: 512K regular, 1818M humongous, Frag: 1% external, 0% internal; Reserve: 101888K, Max: 512K
[4.038s][info][gc,stats    ] 
[4.038s][info][gc,stats    ] All times are wall-clock times, except per-root-class counters, that are sum over
[4.038s][info][gc,stats    ] all workers. Dividing the <total> over the root stage time estimates parallelism.
[4.038s][info][gc,stats    ] 
[4.038s][info][gc,stats    ] Concurrent Reset                    510 us
[4.038s][info][gc,stats    ] Pause Init Mark (G)                 188 us
[4.038s][info][gc,stats    ] Pause Init Mark (N)                  80 us
[4.038s][info][gc,stats    ]   Update Region States               20 us
[4.038s][info][gc,stats    ] Concurrent Mark Roots               736 us, parallelism: 1.72x
[4.038s][info][gc,stats    ]   CMR: <total>                     1263 us
[4.038s][info][gc,stats    ]   CMR: Thread Roots                 117 us, workers (us):  71,  47, ---, ---, ---, ---, ---, ---, 
[4.038s][info][gc,stats    ]   CMR: Code Cache Roots             943 us, workers (us): 546, 397, ---, ---, ---, ---, ---, ---, 
[4.038s][info][gc,stats    ]   CMR: VM Strong Roots               24 us, workers (us):  20,   4, ---, ---, ---, ---, ---, ---, 
[4.038s][info][gc,stats    ]   CMR: CLDG Roots                   179 us, workers (us): ---, 179, ---, ---, ---, ---, ---, ---, 
[4.038s][info][gc,stats    ] Concurrent Marking                48621 us
[4.038s][info][gc,stats    ] Pause Final Mark (G)               1494 us
[4.038s][info][gc,stats    ] Pause Final Mark (N)               1401 us
[4.038s][info][gc,stats    ]   Finish Mark                      1214 us
[4.038s][info][gc,stats    ]   Update Region States               38 us
[4.038s][info][gc,stats    ]   Choose Collection Set              62 us
[4.038s][info][gc,stats    ]   Rebuild Free Set                   21 us
[4.038s][info][gc,stats    ] Concurrent Thread Roots             294 us, parallelism: 1.15x
[4.038s][info][gc,stats    ]   CTR: <total>                      338 us
[4.038s][info][gc,stats    ]   CTR: Thread Roots                 338 us, workers (us): 220, 118, ---, ---, ---, ---, ---, ---, 
[4.038s][info][gc,stats    ] Concurrent Weak References          160 us, parallelism: 0.45x
[4.038s][info][gc,stats    ]   CWRF: <total>                      71 us
[4.038s][info][gc,stats    ]   CWRF: Weak References              71 us, workers (us):  71,   1, ---, ---, ---, ---, ---, ---, 
[4.038s][info][gc,stats    ] Concurrent Weak Roots               517 us
[4.038s][info][gc,stats    ]   Roots                             369 us, parallelism: 1.77x
[4.038s][info][gc,stats    ]     CWR: <total>                    654 us
[4.038s][info][gc,stats    ]     CWR: VM Weak Roots              654 us, workers (us): 332, 322, ---, ---, ---, ---, ---, ---, 
[4.038s][info][gc,stats    ]   Rendezvous                        107 us
[4.038s][info][gc,stats    ] Concurrent Cleanup                  127 us
[4.038s][info][gc,stats    ] Concurrent Strong Roots             876 us, parallelism: 1.53x
[4.038s][info][gc,stats    ]   CSR: <total>                     1341 us
[4.038s][info][gc,stats    ]   CSR: Code Cache Roots            1027 us, workers (us): 471, 556, ---, ---, ---, ---, ---, ---, 
[4.038s][info][gc,stats    ]   CSR: VM Strong Roots               14 us, workers (us):  14,   0, ---, ---, ---, ---, ---, ---, 
[4.038s][info][gc,stats    ]   CSR: CLDG Roots                   300 us, workers (us): 300, ---, ---, ---, ---, ---, ---, ---, 
[4.038s][info][gc,stats    ] Concurrent Evacuation             67721 us
[4.038s][info][gc,stats    ] Pause Init Update Refs (G)          596 us
[4.038s][info][gc,stats    ] Pause Init Update Refs (N)           63 us
[4.038s][info][gc,stats    ]   Manage GCLABs                       6 us
[4.038s][info][gc,stats    ] Concurrent Update Refs            27259 us
[4.038s][info][gc,stats    ] Concurrent Update Thread Roots      806 us
[4.038s][info][gc,stats    ] Pause Final Update Refs (G)         208 us
[4.038s][info][gc,stats    ] Pause Final Update Refs (N)         113 us
[4.038s][info][gc,stats    ]   Update Region States               40 us
[4.038s][info][gc,stats    ]   Trash Collection Set                3 us
[4.038s][info][gc,stats    ]   Rebuild Free Set                   20 us
[4.038s][info][gc,stats    ] Concurrent Cleanup                  110 us
[4.038s][info][gc,stats    ] 
[4.038s][info][gc,stats    ] Allocation pacing accrued:
[4.038s][info][gc,stats    ]       0 of   152 ms (  0.0%): <total>
[4.038s][info][gc,stats    ]       0 of   152 ms (  0.0%): <average total>
[4.038s][info][gc,stats    ] 
[4.038s][info][gc,metaspace] Metaspace: 16333K(16640K)->16815K(17152K) NonClass: 14545K(14720K)->14969K(15168K) Class: 1788K(1920K)->1845K(1984K)
[4.038s][info][gc,ergo     ] Pacer for Idle. Initial: 40642K, Alloc Tax Rate: 1.0x
[4.039s][info][gc          ] Trigger: Start next cycle immediately
[4.040s][info][gc,ergo     ] Free: 1823M, Max: 512K regular, 1818M humongous, Frag: 1% external, 0% internal; Reserve: 101888K, Max: 512K
[4.040s][info][gc,start    ] GC(171) Concurrent reset
[4.040s][info][gc,task     ] GC(171) Using 2 of 8 workers for concurrent reset
[4.040s][info][gc,ergo     ] GC(171) Pacer for Reset. Non-Taxable: 1984M
[4.040s][info][gc          ] GC(171) Concurrent reset 0.469ms
[4.040s][info][gc,start    ] GC(171) Pause Init Mark
[4.040s][info][gc,task     ] GC(171) Using 8 of 8 workers for init marking
[4.040s][info][gc,ergo     ] GC(171) Pacer for Mark. Expected Live: 35169K, Free: 1823M, Non-Taxable: 182M, Alloc Tax Rate: 0.0x
[4.040s][info][gc          ] GC(171) Pause Init Mark 0.066ms
[4.040s][info][gc,start    ] GC(171) Concurrent marking roots
[4.040s][info][gc,task     ] GC(171) Using 2 of 8 workers for concurrent marking roots
[4.041s][info][gc          ] GC(171) Concurrent marking roots 0.841ms
[4.041s][info][gc,start    ] GC(171) Concurrent marking
[4.041s][info][gc,task     ] GC(171) Using 2 of 8 workers for concurrent marking
[4.073s][info][gc          ] GC(171) Concurrent marking 31.433ms
[4.073s][info][gc,start    ] GC(171) Pause Final Mark
[4.073s][info][gc,task     ] GC(171) Using 8 of 8 workers for final marking
[4.073s][info][gc,ergo     ] GC(171) Collectable Garbage: 5070K (100%), Immediate: 0B (0%), CSet: 5070K (100%)
[4.073s][info][gc,ergo     ] GC(171) Pacer for Evacuation. Used CSet: 57731K, Free: 1817M, Non-Taxable: 181M, Alloc Tax Rate: 1.1x
[4.073s][info][gc          ] GC(171) Pause Final Mark 0.252ms
[4.073s][info][gc,start    ] GC(171) Concurrent thread roots
[4.073s][info][gc,task     ] GC(171) Using 2 of 8 workers for Concurrent thread roots
[4.073s][info][gc          ] GC(171) Concurrent thread roots 0.199ms
[4.073s][info][gc,start    ] GC(171) Concurrent weak references
[4.073s][info][gc,task     ] GC(171) Using 2 of 8 workers for concurrent weak references
[4.073s][info][gc,ref      ] GC(171) Encountered references: Soft: 3907, Weak: 1544, Final: 4, Phantom: 599
[4.073s][info][gc,ref      ] GC(171) Discovered  references: Soft: 0, Weak: 129, Final: 1, Phantom: 343
[4.073s][info][gc,ref      ] GC(171) Enqueued    references: Soft: 0, Weak: 40, Final: 0, Phantom: 10
[4.073s][info][gc          ] GC(171) Concurrent weak references 0.102ms
[4.073s][info][gc,start    ] GC(171) Concurrent weak roots
[4.073s][info][gc,task     ] GC(171) Using 2 of 8 workers for concurrent weak root
[4.074s][info][gc          ] GC(171) Concurrent weak roots 0.565ms
[4.074s][info][gc,start    ] GC(171) Concurrent cleanup
[4.074s][info][gc          ] GC(171) Concurrent cleanup 66M->66M(231M) 0.108ms
[4.074s][info][gc,ergo     ] GC(171) Free: 1815M, Max: 512K regular, 1815M humongous, Frag: 0% external, 0% internal; Reserve: 101376K, Max: 512K
[4.074s][info][gc,start    ] GC(171) Concurrent strong roots
[4.074s][info][gc,task     ] GC(171) Using 2 of 8 workers for concurrent strong root
[4.075s][info][gc          ] GC(171) Concurrent strong roots 0.842ms
[4.075s][info][gc,start    ] GC(171) Concurrent evacuation
[4.075s][info][gc,task     ] GC(171) Using 2 of 8 workers for concurrent evacuation
[4.097s][info][gc          ] GC(171) Concurrent evacuation 22.447ms
[4.098s][info][gc,start    ] GC(171) Pause Init Update Refs
[4.098s][info][gc,ergo     ] GC(171) Pacer for Update Refs. Used: 123M, Free: 1812M, Non-Taxable: 181M, Alloc Tax Rate: 1.1x
[4.098s][info][gc          ] GC(171) Pause Init Update Refs 0.049ms
[4.098s][info][gc,start    ] GC(171) Concurrent update references
[4.098s][info][gc,task     ] GC(171) Using 2 of 8 workers for concurrent reference update
[4.128s][info][gc          ] GC(171) Concurrent update references 30.483ms
[4.128s][info][gc,start    ] GC(171) Concurrent update thread roots
[4.128s][info][gc          ] GC(171) Concurrent update thread roots 0.241ms
[4.129s][info][gc,start    ] GC(171) Pause Final Update Refs
[4.129s][info][gc,task     ] GC(171) Using 8 of 8 workers for final reference update
[4.129s][info][gc          ] GC(171) Pause Final Update Refs 0.098ms
[4.129s][info][gc,start    ] GC(171) Concurrent cleanup
[4.129s][info][gc          ] GC(171) Concurrent cleanup 124M->68M(231M) 0.094ms
[4.129s][info][gc,ergo     ] Free: 1814M, Max: 512K regular, 1810M humongous, Frag: 1% external, 0% internal; Reserve: 101888K, Max: 512K
[4.129s][info][gc,stats    ] 
[4.129s][info][gc,stats    ] All times are wall-clock times, except per-root-class counters, that are sum over
[4.129s][info][gc,stats    ] all workers. Dividing the <total> over the root stage time estimates parallelism.
[4.129s][info][gc,stats    ] 
[4.129s][info][gc,stats    ] Concurrent Reset                    488 us
[4.129s][info][gc,stats    ] Pause Init Mark (G)                 377 us
[4.129s][info][gc,stats    ] Pause Init Mark (N)                  74 us
[4.129s][info][gc,stats    ]   Update Region States               19 us
[4.129s][info][gc,stats    ] Concurrent Mark Roots               863 us, parallelism: 1.69x
[4.129s][info][gc,stats    ]   CMR: <total>                     1456 us
[4.129s][info][gc,stats    ]   CMR: Thread Roots                 116 us, workers (us):  84,  32, ---, ---, ---, ---, ---, ---, 
[4.129s][info][gc,stats    ]   CMR: Code Cache Roots            1170 us, workers (us): 639, 531, ---, ---, ---, ---, ---, ---, 
[4.129s][info][gc,stats    ]   CMR: VM Strong Roots               10 us, workers (us):   7,   3, ---, ---, ---, ---, ---, ---, 
[4.129s][info][gc,stats    ]   CMR: CLDG Roots                   161 us, workers (us): ---, 161, ---, ---, ---, ---, ---, ---, 
[4.129s][info][gc,stats    ] Concurrent Marking                31461 us
[4.129s][info][gc,stats    ] Pause Final Mark (G)                362 us
[4.129s][info][gc,stats    ] Pause Final Mark (N)                261 us
[4.129s][info][gc,stats    ]   Finish Mark                        97 us
[4.129s][info][gc,stats    ]   Update Region States               38 us
[4.129s][info][gc,stats    ]   Choose Collection Set              50 us
[4.129s][info][gc,stats    ]   Rebuild Free Set                   16 us
[4.129s][info][gc,stats    ] Concurrent Thread Roots             208 us, parallelism: 1.22x
[4.129s][info][gc,stats    ]   CTR: <total>                      255 us
[4.129s][info][gc,stats    ]   CTR: Thread Roots                 255 us, workers (us): 105, 150, ---, ---, ---, ---, ---, ---, 
[4.129s][info][gc,stats    ] Concurrent Weak References          110 us, parallelism: 0.48x
[4.129s][info][gc,stats    ]   CWRF: <total>                      53 us
[4.129s][info][gc,stats    ]   CWRF: Weak References              53 us, workers (us):  52,   1, ---, ---, ---, ---, ---, ---, 
[4.129s][info][gc,stats    ] Concurrent Weak Roots               583 us
[4.129s][info][gc,stats    ]   Roots                             420 us, parallelism: 1.79x
[4.129s][info][gc,stats    ]     CWR: <total>                    751 us
[4.129s][info][gc,stats    ]     CWR: VM Weak Roots              751 us, workers (us): 377, 373, ---, ---, ---, ---, ---, ---, 
[4.129s][info][gc,stats    ]   Rendezvous                        114 us
[4.129s][info][gc,stats    ] Concurrent Cleanup                  116 us
[4.129s][info][gc,stats    ] Concurrent Strong Roots             854 us, parallelism: 1.81x
[4.129s][info][gc,stats    ]   CSR: <total>                     1544 us
[4.129s][info][gc,stats    ]   CSR: Code Cache Roots            1240 us, workers (us): 473, 767, ---, ---, ---, ---, ---, ---, 
[4.129s][info][gc,stats    ]   CSR: VM Strong Roots               14 us, workers (us):  14,   0, ---, ---, ---, ---, ---, ---, 
[4.129s][info][gc,stats    ]   CSR: CLDG Roots                   289 us, workers (us): 289, ---, ---, ---, ---, ---, ---, ---, 
[4.129s][info][gc,stats    ] Concurrent Evacuation             22490 us
[4.129s][info][gc,stats    ] Pause Init Update Refs (G)          193 us
[4.129s][info][gc,stats    ] Pause Init Update Refs (N)           58 us
[4.129s][info][gc,stats    ]   Manage GCLABs                       5 us
[4.129s][info][gc,stats    ] Concurrent Update Refs            30516 us
[4.129s][info][gc,stats    ] Concurrent Update Thread Roots      251 us
[4.129s][info][gc,stats    ] Pause Final Update Refs (G)         157 us
[4.129s][info][gc,stats    ] Pause Final Update Refs (N)         108 us
[4.129s][info][gc,stats    ]   Update Region States               39 us
[4.129s][info][gc,stats    ]   Trash Collection Set                3 us
[4.129s][info][gc,stats    ]   Rebuild Free Set                   20 us
[4.129s][info][gc,stats    ] Concurrent Cleanup                  104 us
[4.129s][info][gc,stats    ] 
[4.129s][info][gc,stats    ] Allocation pacing accrued:
[4.129s][info][gc,stats    ]       0 of    91 ms (  0.0%): <total>
[4.129s][info][gc,stats    ]       0 of    91 ms (  0.0%): <average total>
[4.129s][info][gc,stats    ] 
[4.129s][info][gc,metaspace] Metaspace: 16818K(17152K)->17164K(17408K) NonClass: 14972K(15168K)->15273K(15424K) Class: 1845K(1984K)->1890K(1984K)
[4.129s][info][gc,ergo     ] Pacer for Idle. Initial: 40642K, Alloc Tax Rate: 1.0x
[4.130s][info][gc          ] Trigger: Start next cycle immediately
[4.130s][info][gc,ergo     ] Free: 1814M, Max: 512K regular, 1810M humongous, Frag: 1% external, 0% internal; Reserve: 101888K, Max: 512K
[4.130s][info][gc,start    ] GC(172) Concurrent reset
[4.130s][info][gc,task     ] GC(172) Using 2 of 8 workers for concurrent reset
[4.130s][info][gc,ergo     ] GC(172) Pacer for Reset. Non-Taxable: 1984M
[4.131s][info][gc          ] GC(172) Concurrent reset 0.412ms
[4.131s][info][gc,start    ] GC(172) Pause Init Mark
[4.131s][info][gc,task     ] GC(172) Using 8 of 8 workers for init marking
[4.131s][info][gc,ergo     ] GC(172) Pacer for Mark. Expected Live: 43665K, Free: 1814M, Non-Taxable: 181M, Alloc Tax Rate: 0.0x
[4.131s][info][gc          ] GC(172) Pause Init Mark 0.082ms
[4.131s][info][gc,start    ] GC(172) Concurrent marking roots
[4.131s][info][gc,task     ] GC(172) Using 2 of 8 workers for concurrent marking roots
[4.132s][info][gc          ] GC(172) Concurrent marking roots 0.825ms
[4.132s][info][gc,start    ] GC(172) Concurrent marking
[4.132s][info][gc,task     ] GC(172) Using 2 of 8 workers for concurrent marking
[4.180s][info][gc          ] GC(172) Concurrent marking 48.225ms
[4.180s][info][gc,start    ] GC(172) Pause Final Mark
[4.180s][info][gc,task     ] GC(172) Using 8 of 8 workers for final marking
[4.180s][info][gc,ergo     ] GC(172) Collectable Garbage: 4563K (100%), Immediate: 0B (0%), CSet: 4563K (100%)
[4.180s][info][gc,ergo     ] GC(172) Pacer for Evacuation. Used CSet: 63469K, Free: 1812M, Non-Taxable: 181M, Alloc Tax Rate: 1.1x
[4.180s][info][gc          ] GC(172) Pause Final Mark 0.269ms
[4.180s][info][gc,start    ] GC(172) Concurrent thread roots
[4.180s][info][gc,task     ] GC(172) Using 2 of 8 workers for Concurrent thread roots
[4.181s][info][gc          ] GC(172) Concurrent thread roots 0.178ms
[4.181s][info][gc,start    ] GC(172) Concurrent weak references
[4.181s][info][gc,task     ] GC(172) Using 2 of 8 workers for concurrent weak references
[4.181s][info][gc,ref      ] GC(172) Encountered references: Soft: 3940, Weak: 1608, Final: 4, Phantom: 595
[4.181s][info][gc,ref      ] GC(172) Discovered  references: Soft: 0, Weak: 780, Final: 0, Phantom: 204
[4.181s][info][gc,ref      ] GC(172) Enqueued    references: Soft: 0, Weak: 26, Final: 0, Phantom: 2
[4.181s][info][gc          ] GC(172) Concurrent weak references 0.151ms
[4.181s][info][gc,start    ] GC(172) Concurrent weak roots
[4.181s][info][gc,task     ] GC(172) Using 2 of 8 workers for concurrent weak root
[4.181s][info][gc          ] GC(172) Concurrent weak roots 0.728ms
[4.181s][info][gc,start    ] GC(172) Concurrent cleanup
[4.182s][info][gc          ] GC(172) Concurrent cleanup 71M->71M(231M) 0.097ms
[4.182s][info][gc,ergo     ] GC(172) Free: 1812M, Max: 512K regular, 1810M humongous, Frag: 1% external, 0% internal; Reserve: 100606K, Max: 512K
[4.182s][info][gc,start    ] GC(172) Concurrent strong roots
[4.182s][info][gc,task     ] GC(172) Using 2 of 8 workers for concurrent strong root
[4.183s][info][gc          ] GC(172) Concurrent strong roots 1.626ms
[4.183s][info][gc,start    ] GC(172) Concurrent evacuation
[4.183s][info][gc,task     ] GC(172) Using 2 of 8 workers for concurrent evacuation
[4.233s][info][gc          ] GC(172) Concurrent evacuation 49.578ms
[4.233s][info][gc,start    ] GC(172) Pause Init Update Refs
[4.233s][info][gc,ergo     ] GC(172) Pacer for Update Refs. Used: 132M, Free: 1809M, Non-Taxable: 180M, Alloc Tax Rate: 1.1x
[4.233s][info][gc          ] GC(172) Pause Init Update Refs 0.054ms
[4.233s][info][gc,start    ] GC(172) Concurrent update references
[4.233s][info][gc,task     ] GC(172) Using 2 of 8 workers for concurrent reference update
[4.266s][info][gc          ] GC(172) Concurrent update references 32.636ms
[4.266s][info][gc,start    ] GC(172) Concurrent update thread roots
[4.266s][info][gc          ] GC(172) Concurrent update thread roots 0.420ms
[4.268s][info][gc,start    ] GC(172) Pause Final Update Refs
[4.268s][info][gc,task     ] GC(172) Using 8 of 8 workers for final reference update
[4.268s][info][gc          ] GC(172) Pause Final Update Refs 0.125ms
[4.268s][info][gc,start    ] GC(172) Concurrent cleanup
[4.269s][info][gc          ] GC(172) Concurrent cleanup 132M->70M(238M) 0.105ms
[4.269s][info][gc,ergo     ] Free: 1811M, Max: 512K regular, 1802M humongous, Frag: 1% external, 0% internal; Reserve: 101888K, Max: 512K
[4.269s][info][gc,stats    ] 
[4.269s][info][gc,stats    ] All times are wall-clock times, except per-root-class counters, that are sum over
[4.269s][info][gc,stats    ] all workers. Dividing the <total> over the root stage time estimates parallelism.
[4.269s][info][gc,stats    ] 
[4.269s][info][gc,stats    ] Concurrent Reset                    427 us
[4.269s][info][gc,stats    ] Pause Init Mark (G)                 135 us
[4.269s][info][gc,stats    ] Pause Init Mark (N)                  91 us
[4.269s][info][gc,stats    ]   Update Region States               28 us
[4.269s][info][gc,stats    ] Concurrent Mark Roots               835 us, parallelism: 1.78x
[4.269s][info][gc,stats    ]   CMR: <total>                     1483 us
[4.269s][info][gc,stats    ]   CMR: Thread Roots                 144 us, workers (us): 116,  28, ---, ---, ---, ---, ---, ---, 
[4.269s][info][gc,stats    ]   CMR: Code Cache Roots            1172 us, workers (us): 465, 707, ---, ---, ---, ---, ---, ---, 
[4.269s][info][gc,stats    ]   CMR: VM Strong Roots                7 us, workers (us):   6,   1, ---, ---, ---, ---, ---, ---, 
[4.269s][info][gc,stats    ]   CMR: CLDG Roots                   160 us, workers (us): 160, ---, ---, ---, ---, ---, ---, ---, 
[4.269s][info][gc,stats    ] Concurrent Marking                48259 us
[4.269s][info][gc,stats    ] Pause Final Mark (G)                319 us
[4.269s][info][gc,stats    ] Pause Final Mark (N)                280 us
[4.269s][info][gc,stats    ]   Finish Mark                       112 us
[4.269s][info][gc,stats    ]   Update Region States               35 us
[4.269s][info][gc,stats    ]   Choose Collection Set              55 us
[4.269s][info][gc,stats    ]   Rebuild Free Set                   18 us
[4.269s][info][gc,stats    ] Concurrent Thread Roots             192 us, parallelism: 0.95x
[4.269s][info][gc,stats    ]   CTR: <total>                      182 us
[4.269s][info][gc,stats    ]   CTR: Thread Roots                 182 us, workers (us):  98,  84, ---, ---, ---, ---, ---, ---, 
[4.269s][info][gc,stats    ] Concurrent Weak References          156 us, parallelism: 0.62x
[4.269s][info][gc,stats    ]   CWRF: <total>                      96 us
[4.269s][info][gc,stats    ]   CWRF: Weak References              96 us, workers (us):  96,   0, ---, ---, ---, ---, ---, ---, 
[4.269s][info][gc,stats    ] Concurrent Weak Roots               747 us
[4.269s][info][gc,stats    ]   Roots                             671 us, parallelism: 0.92x
[4.269s][info][gc,stats    ]     CWR: <total>                    619 us
[4.269s][info][gc,stats    ]     CWR: VM Weak Roots              619 us, workers (us): 314, 304, ---, ---, ---, ---, ---, ---, 
[4.269s][info][gc,stats    ]   Rendezvous                         39 us
[4.269s][info][gc,stats    ] Concurrent Cleanup                  118 us
[4.269s][info][gc,stats    ] Concurrent Strong Roots            1648 us, parallelism: 0.95x
[4.269s][info][gc,stats    ]   CSR: <total>                     1559 us
[4.269s][info][gc,stats    ]   CSR: Code Cache Roots            1193 us, workers (us): 1193,   0, ---, ---, ---, ---, ---, ---, 
[4.269s][info][gc,stats    ]   CSR: VM Strong Roots               17 us, workers (us):  17,   0, ---, ---, ---, ---, ---, ---, 
[4.269s][info][gc,stats    ]   CSR: CLDG Roots                   349 us, workers (us): 349, ---, ---, ---, ---, ---, ---, ---, 
[4.269s][info][gc,stats    ] Concurrent Evacuation             49611 us
[4.269s][info][gc,stats    ] Pause Init Update Refs (G)          235 us
[4.269s][info][gc,stats    ] Pause Init Update Refs (N)           64 us
[4.269s][info][gc,stats    ]   Manage GCLABs                       6 us
[4.269s][info][gc,stats    ] Concurrent Update Refs            32678 us
[4.269s][info][gc,stats    ] Concurrent Update Thread Roots      435 us
[4.269s][info][gc,stats    ] Pause Final Update Refs (G)        2229 us
[4.269s][info][gc,stats    ] Pause Final Update Refs (N)         136 us
[4.269s][info][gc,stats    ]   Update Region States               38 us
[4.269s][info][gc,stats    ]   Trash Collection Set                4 us
[4.269s][info][gc,stats    ]   Rebuild Free Set                   20 us
[4.269s][info][gc,stats    ] Concurrent Cleanup                  120 us
[4.269s][info][gc,stats    ] 
[4.269s][info][gc,stats    ] Allocation pacing accrued:
[4.269s][info][gc,stats    ]       0 of   140 ms (  0.0%): <total>
[4.269s][info][gc,stats    ]       0 of   140 ms (  0.0%): <average total>
[4.269s][info][gc,stats    ] 
[4.269s][info][gc,metaspace] Metaspace: 17164K(17408K)->17876K(18176K) NonClass: 15273K(15424K)->15931K(16128K) Class: 1890K(1984K)->1944K(2048K)
[4.269s][info][gc,ergo     ] Pacer for Idle. Initial: 40642K, Alloc Tax Rate: 1.0x
[4.270s][info][gc          ] Trigger: Start next cycle immediately
[4.270s][info][gc,ergo     ] Free: 1811M, Max: 512K regular, 1802M humongous, Frag: 1% external, 0% internal; Reserve: 101888K, Max: 512K
[4.270s][info][gc,start    ] GC(173) Concurrent reset
[4.270s][info][gc,task     ] GC(173) Using 2 of 8 workers for concurrent reset
[4.270s][info][gc,ergo     ] GC(173) Pacer for Reset. Non-Taxable: 1984M
[4.271s][info][gc          ] GC(173) Concurrent reset 0.411ms
[4.274s][info][gc,start    ] GC(173) Pause Init Mark
[4.274s][info][gc,task     ] GC(173) Using 8 of 8 workers for init marking
[4.274s][info][gc,ergo     ] GC(173) Pacer for Mark. Expected Live: 53290K, Free: 1811M, Non-Taxable: 181M, Alloc Tax Rate: 0.0x
[4.274s][info][gc          ] GC(173) Pause Init Mark 0.080ms
[4.274s][info][gc,start    ] GC(173) Concurrent marking roots
[4.274s][info][gc,task     ] GC(173) Using 2 of 8 workers for concurrent marking roots
[4.276s][info][gc          ] GC(173) Concurrent marking roots 1.425ms
[4.276s][info][gc,start    ] GC(173) Concurrent marking
[4.276s][info][gc,task     ] GC(173) Using 2 of 8 workers for concurrent marking
[4.305s][info][gc          ] GC(173) Concurrent marking 29.604ms
[4.305s][info][gc,start    ] GC(173) Pause Final Mark
[4.305s][info][gc,task     ] GC(173) Using 8 of 8 workers for final marking
[4.305s][info][gc,ergo     ] GC(173) Collectable Garbage: 7113K (100%), Immediate: 512K (7%), CSet: 6601K (92%)
[4.305s][info][gc,ergo     ] GC(173) Pacer for Evacuation. Used CSet: 65511K, Free: 1810M, Non-Taxable: 181M, Alloc Tax Rate: 1.1x
[4.305s][info][gc          ] GC(173) Pause Final Mark 0.216ms
[4.305s][info][gc,start    ] GC(173) Concurrent thread roots
[4.305s][info][gc,task     ] GC(173) Using 2 of 8 workers for Concurrent thread roots
[4.306s][info][gc          ] GC(173) Concurrent thread roots 0.142ms
[4.306s][info][gc,start    ] GC(173) Concurrent weak references
[4.306s][info][gc,task     ] GC(173) Using 2 of 8 workers for concurrent weak references
[4.306s][info][gc,ref      ] GC(173) Encountered references: Soft: 3940, Weak: 1583, Final: 4, Phantom: 591
[4.306s][info][gc,ref      ] GC(173) Discovered  references: Soft: 0, Weak: 493, Final: 1, Phantom: 202
[4.306s][info][gc,ref      ] GC(173) Enqueued    references: Soft: 0, Weak: 3, Final: 0, Phantom: 1
[4.306s][info][gc          ] GC(173) Concurrent weak references 0.112ms
[4.306s][info][gc,start    ] GC(173) Concurrent weak roots
[4.306s][info][gc,task     ] GC(173) Using 2 of 8 workers for concurrent weak root
[4.306s][info][gc          ] GC(173) Concurrent weak roots 0.604ms
[4.306s][info][gc,start    ] GC(173) Concurrent cleanup
[4.306s][info][gc          ] GC(173) Concurrent cleanup 73M->72M(238M) 0.103ms
[4.306s][info][gc,ergo     ] GC(173) Free: 1810M, Max: 512K regular, 1802M humongous, Frag: 1% external, 0% internal; Reserve: 101216K, Max: 512K
[4.306s][info][gc,start    ] GC(173) Concurrent strong roots
[4.306s][info][gc,task     ] GC(173) Using 2 of 8 workers for concurrent strong root
[4.307s][info][gc          ] GC(173) Concurrent strong roots 0.809ms
[4.307s][info][gc,start    ] GC(173) Concurrent evacuation
[4.307s][info][gc,task     ] GC(173) Using 2 of 8 workers for concurrent evacuation
[4.382s][info][gc          ] GC(173) Concurrent evacuation 74.936ms
[4.382s][info][gc,start    ] GC(173) Pause Init Update Refs
[4.382s][info][gc,ergo     ] GC(173) Pacer for Update Refs. Used: 134M, Free: 1807M, Non-Taxable: 180M, Alloc Tax Rate: 1.1x
[4.382s][info][gc          ] GC(173) Pause Init Update Refs 0.051ms
[4.382s][info][gc,start    ] GC(173) Concurrent update references
[4.383s][info][gc,task     ] GC(173) Using 2 of 8 workers for concurrent reference update
[4.439s][info][gc          ] GC(173) Concurrent update references 56.459ms
[4.439s][info][gc,start    ] GC(173) Concurrent update thread roots
[4.439s][info][gc          ] GC(173) Concurrent update thread roots 0.234ms
[4.439s][info][gc,start    ] GC(173) Pause Final Update Refs
[4.439s][info][gc,task     ] GC(173) Using 8 of 8 workers for final reference update
[4.439s][info][gc          ] GC(173) Pause Final Update Refs 0.103ms
[4.439s][info][gc,start    ] GC(173) Concurrent cleanup
[4.440s][info][gc          ] GC(173) Concurrent cleanup 137M->73M(244M) 0.114ms
[4.440s][info][gc,ergo     ] Free: 1808M, Max: 512K regular, 1805M humongous, Frag: 1% external, 0% internal; Reserve: 101888K, Max: 512K
[4.440s][info][gc,stats    ] 
[4.440s][info][gc,stats    ] All times are wall-clock times, except per-root-class counters, that are sum over
[4.440s][info][gc,stats    ] all workers. Dividing the <total> over the root stage time estimates parallelism.
[4.440s][info][gc,stats    ] 
[4.440s][info][gc,stats    ] Concurrent Reset                    430 us
[4.440s][info][gc,stats    ] Pause Init Mark (G)                3340 us
[4.440s][info][gc,stats    ] Pause Init Mark (N)                  89 us
[4.440s][info][gc,stats    ]   Update Region States               22 us
[4.440s][info][gc,stats    ] Concurrent Mark Roots              1440 us, parallelism: 0.89x
[4.440s][info][gc,stats    ]   CMR: <total>                     1278 us
[4.440s][info][gc,stats    ]   CMR: Thread Roots                  81 us, workers (us):  81,   0, ---, ---, ---, ---, ---, ---, 
[4.440s][info][gc,stats    ]   CMR: Code Cache Roots            1025 us, workers (us): 1025,   0, ---, ---, ---, ---, ---, ---, 
[4.440s][info][gc,stats    ]   CMR: VM Strong Roots                7 us, workers (us):   7,   0, ---, ---, ---, ---, ---, ---, 
[4.440s][info][gc,stats    ]   CMR: CLDG Roots                   165 us, workers (us): 165, ---, ---, ---, ---, ---, ---, ---, 
[4.440s][info][gc,stats    ] Concurrent Marking                29635 us
[4.440s][info][gc,stats    ] Pause Final Mark (G)                254 us
[4.440s][info][gc,stats    ] Pause Final Mark (N)                225 us
[4.440s][info][gc,stats    ]   Finish Mark                        73 us
[4.440s][info][gc,stats    ]   Update Region States               32 us
[4.440s][info][gc,stats    ]   Choose Collection Set              47 us
[4.440s][info][gc,stats    ]   Rebuild Free Set                   17 us
[4.440s][info][gc,stats    ] Concurrent Thread Roots             153 us, parallelism: 1.21x
[4.440s][info][gc,stats    ]   CTR: <total>                      186 us
[4.440s][info][gc,stats    ]   CTR: Thread Roots                 186 us, workers (us): 102,  85, ---, ---, ---, ---, ---, ---, 
[4.440s][info][gc,stats    ] Concurrent Weak References          119 us, parallelism: 0.91x
[4.440s][info][gc,stats    ]   CWRF: <total>                     109 us
[4.440s][info][gc,stats    ]   CWRF: Weak References             109 us, workers (us):  61,  48, ---, ---, ---, ---, ---, ---, 
[4.440s][info][gc,stats    ] Concurrent Weak Roots               616 us
[4.440s][info][gc,stats    ]   Roots                             554 us, parallelism: 1.10x
[4.440s][info][gc,stats    ]     CWR: <total>                    608 us
[4.440s][info][gc,stats    ]     CWR: VM Weak Roots              608 us, workers (us): 513,  95, ---, ---, ---, ---, ---, ---, 
[4.440s][info][gc,stats    ]   Rendezvous                         33 us
[4.440s][info][gc,stats    ] Concurrent Cleanup                  112 us
[4.440s][info][gc,stats    ] Concurrent Strong Roots             829 us, parallelism: 1.77x
[4.440s][info][gc,stats    ]   CSR: <total>                     1470 us
[4.440s][info][gc,stats    ]   CSR: Code Cache Roots            1184 us, workers (us): 452, 732, ---, ---, ---, ---, ---, ---, 
[4.440s][info][gc,stats    ]   CSR: VM Strong Roots               17 us, workers (us):   9,   9, ---, ---, ---, ---, ---, ---, 
[4.440s][info][gc,stats    ]   CSR: CLDG Roots                   269 us, workers (us): 269, ---, ---, ---, ---, ---, ---, ---, 
[4.440s][info][gc,stats    ] Concurrent Evacuation             74980 us
[4.440s][info][gc,stats    ] Pause Init Update Refs (G)          220 us
[4.440s][info][gc,stats    ] Pause Init Update Refs (N)           61 us
[4.440s][info][gc,stats    ]   Manage GCLABs                       7 us
[4.440s][info][gc,stats    ] Concurrent Update Refs            56504 us
[4.440s][info][gc,stats    ] Concurrent Update Thread Roots      254 us
[4.440s][info][gc,stats    ] Pause Final Update Refs (G)         214 us
[4.440s][info][gc,stats    ] Pause Final Update Refs (N)         114 us
[4.440s][info][gc,stats    ]   Update Region States               39 us
[4.440s][info][gc,stats    ]   Trash Collection Set                3 us
[4.440s][info][gc,stats    ]   Rebuild Free Set                   19 us
[4.440s][info][gc,stats    ] Concurrent Cleanup                  129 us
[4.440s][info][gc,stats    ] 
[4.440s][info][gc,stats    ] Allocation pacing accrued:
[4.440s][info][gc,stats    ]       0 of   171 ms (  0.0%): <total>
[4.440s][info][gc,stats    ]       0 of   171 ms (  0.0%): <average total>
[4.440s][info][gc,stats    ] 
[4.440s][info][gc,metaspace] Metaspace: 17896K(18176K)->19906K(20224K) NonClass: 15950K(16128K)->17736K(17920K) Class: 1946K(2048K)->2170K(2304K)
[4.440s][info][gc,ergo     ] Pacer for Idle. Initial: 40642K, Alloc Tax Rate: 1.0x
[4.441s][info][gc          ] Trigger: Start next cycle immediately
[4.441s][info][gc,ergo     ] Free: 1808M, Max: 512K regular, 1805M humongous, Frag: 1% external, 0% internal; Reserve: 101888K, Max: 512K
[4.441s][info][gc,start    ] GC(174) Concurrent reset
[4.441s][info][gc,task     ] GC(174) Using 2 of 8 workers for concurrent reset
[4.441s][info][gc,ergo     ] GC(174) Pacer for Reset. Non-Taxable: 1984M
[4.442s][info][gc          ] GC(174) Concurrent reset 0.488ms
[4.442s][info][gc,start    ] GC(174) Pause Init Mark
[4.442s][info][gc,task     ] GC(174) Using 8 of 8 workers for init marking
[4.442s][info][gc,ergo     ] GC(174) Pacer for Mark. Expected Live: 60063K, Free: 1808M, Non-Taxable: 180M, Alloc Tax Rate: 0.0x
[4.442s][info][gc          ] GC(174) Pause Init Mark 0.071ms
[4.442s][info][gc,start    ] GC(174) Concurrent marking roots
[4.442s][info][gc,task     ] GC(174) Using 2 of 8 workers for concurrent marking roots
[4.443s][info][gc          ] GC(174) Concurrent marking roots 0.881ms
[4.443s][info][gc,start    ] GC(174) Concurrent marking
[4.443s][info][gc,task     ] GC(174) Using 2 of 8 workers for concurrent marking
[4.505s][info][gc          ] GC(174) Concurrent marking 62.123ms
[4.505s][info][gc,start    ] GC(174) Pause Final Mark
[4.505s][info][gc,task     ] GC(174) Using 8 of 8 workers for final marking
[4.507s][info][gc,ergo     ] GC(174) Collectable Garbage: 10517K (100%), Immediate: 512K (4%), CSet: 10005K (95%)
[4.507s][info][gc,ergo     ] GC(174) Pacer for Evacuation. Used CSet: 69117K, Free: 1805M, Non-Taxable: 180M, Alloc Tax Rate: 1.1x
[4.507s][info][gc          ] GC(174) Pause Final Mark 1.338ms
[4.507s][info][gc,start    ] GC(174) Concurrent thread roots
[4.507s][info][gc,task     ] GC(174) Using 2 of 8 workers for Concurrent thread roots
[4.507s][info][gc          ] GC(174) Concurrent thread roots 0.783ms
[4.508s][info][gc,start    ] GC(174) Concurrent weak references
[4.508s][info][gc,task     ] GC(174) Using 2 of 8 workers for concurrent weak references
[4.508s][info][gc,ref      ] GC(174) Encountered references: Soft: 3944, Weak: 1585, Final: 4, Phantom: 590
[4.508s][info][gc,ref      ] GC(174) Discovered  references: Soft: 0, Weak: 755, Final: 0, Phantom: 201
[4.508s][info][gc,ref      ] GC(174) Enqueued    references: Soft: 0, Weak: 3, Final: 0, Phantom: 0
[4.508s][info][gc          ] GC(174) Concurrent weak references 0.168ms
[4.508s][info][gc,start    ] GC(174) Concurrent weak roots
[4.508s][info][gc,task     ] GC(174) Using 2 of 8 workers for concurrent weak root
[4.508s][info][gc          ] GC(174) Concurrent weak roots 0.521ms
[4.508s][info][gc,start    ] GC(174) Concurrent cleanup
[4.508s][info][gc          ] GC(174) Concurrent cleanup 79M->79M(244M) 0.112ms
[4.508s][info][gc,ergo     ] GC(174) Free: 1804M, Max: 512K regular, 1804M humongous, Frag: 1% external, 0% internal; Reserve: 100352K, Max: 512K
[4.508s][info][gc,start    ] GC(174) Concurrent strong roots
[4.508s][info][gc,task     ] GC(174) Using 2 of 8 workers for concurrent strong root
[4.509s][info][gc          ] GC(174) Concurrent strong roots 1.044ms
[4.510s][info][gc,start    ] GC(174) Concurrent evacuation
[4.510s][info][gc,task     ] GC(174) Using 2 of 8 workers for concurrent evacuation
[4.542s][info][gc          ] GC(174) Concurrent evacuation 32.659ms
[4.542s][info][gc,start    ] GC(174) Pause Init Update Refs
[4.542s][info][gc,ergo     ] GC(174) Pacer for Update Refs. Used: 137M, Free: 1804M, Non-Taxable: 180M, Alloc Tax Rate: 1.1x
[4.542s][info][gc          ] GC(174) Pause Init Update Refs 0.048ms
[4.542s][info][gc,start    ] GC(174) Concurrent update references
[4.542s][info][gc,task     ] GC(174) Using 2 of 8 workers for concurrent reference update
[4.605s][info][gc          ] GC(174) Concurrent update references 62.771ms
[4.605s][info][gc,start    ] GC(174) Concurrent update thread roots
[4.627s][info][gc          ] GC(174) Concurrent update thread roots 21.509ms
[4.627s][info][gc,start    ] GC(174) Pause Final Update Refs
[4.627s][info][gc,task     ] GC(174) Using 8 of 8 workers for final reference update
[4.627s][info][gc          ] GC(174) Pause Final Update Refs 0.108ms
[4.627s][info][gc,start    ] GC(174) Concurrent cleanup
[4.627s][info][gc          ] GC(174) Concurrent cleanup 139M->72M(244M) 0.113ms
[4.627s][info][gc,ergo     ] Free: 1810M, Max: 512K regular, 1801M humongous, Frag: 1% external, 0% internal; Reserve: 101888K, Max: 512K
[4.627s][info][gc,stats    ] 
[4.627s][info][gc,stats    ] All times are wall-clock times, except per-root-class counters, that are sum over
[4.627s][info][gc,stats    ] all workers. Dividing the <total> over the root stage time estimates parallelism.
[4.627s][info][gc,stats    ] 
[4.627s][info][gc,stats    ] Concurrent Reset                    509 us
[4.627s][info][gc,stats    ] Pause Init Mark (G)                 166 us
[4.627s][info][gc,stats    ] Pause Init Mark (N)                  80 us
[4.627s][info][gc,stats    ]   Update Region States               20 us
[4.627s][info][gc,stats    ] Concurrent Mark Roots               902 us, parallelism: 1.74x
[4.627s][info][gc,stats    ]   CMR: <total>                     1569 us
[4.627s][info][gc,stats    ]   CMR: Thread Roots                 202 us, workers (us):  71, 131, ---, ---, ---, ---, ---, ---, 
[4.627s][info][gc,stats    ]   CMR: Code Cache Roots            1185 us, workers (us): 540, 644, ---, ---, ---, ---, ---, ---, 
[4.627s][info][gc,stats    ]   CMR: VM Strong Roots               18 us, workers (us):  14,   3, ---, ---, ---, ---, ---, ---, 
[4.627s][info][gc,stats    ]   CMR: CLDG Roots                   165 us, workers (us): 165, ---, ---, ---, ---, ---, ---, ---, 
[4.627s][info][gc,stats    ] Concurrent Marking                62184 us
[4.627s][info][gc,stats    ] Pause Final Mark (G)               1518 us
[4.627s][info][gc,stats    ] Pause Final Mark (N)               1348 us
[4.627s][info][gc,stats    ]   Finish Mark                      1152 us
[4.627s][info][gc,stats    ]   Update Region States               40 us
[4.627s][info][gc,stats    ]   Choose Collection Set              64 us
[4.627s][info][gc,stats    ]   Rebuild Free Set                   21 us
[4.627s][info][gc,stats    ] Concurrent Thread Roots             804 us, parallelism: 1.05x
[4.627s][info][gc,stats    ]   CTR: <total>                      841 us
[4.627s][info][gc,stats    ]   CTR: Thread Roots                 841 us, workers (us): 739, 103, ---, ---, ---, ---, ---, ---, 
[4.627s][info][gc,stats    ] Concurrent Weak References          178 us, parallelism: 0.48x
[4.628s][info][gc,stats    ]   CWRF: <total>                      85 us
[4.628s][info][gc,stats    ]   CWRF: Weak References              85 us, workers (us):  84,   0, ---, ---, ---, ---, ---, ---, 
[4.628s][info][gc,stats    ] Concurrent Weak Roots               543 us
[4.628s][info][gc,stats    ]   Roots                             376 us, parallelism: 1.76x
[4.628s][info][gc,stats    ]     CWR: <total>                    661 us
[4.628s][info][gc,stats    ]     CWR: VM Weak Roots              661 us, workers (us): 335, 326, ---, ---, ---, ---, ---, ---, 
[4.628s][info][gc,stats    ]   Rendezvous                        125 us
[4.628s][info][gc,stats    ] Concurrent Cleanup                  126 us
[4.628s][info][gc,stats    ] Concurrent Strong Roots            1074 us, parallelism: 1.41x
[4.628s][info][gc,stats    ]   CSR: <total>                     1510 us
[4.628s][info][gc,stats    ]   CSR: Code Cache Roots            1150 us, workers (us): 716, 434, ---, ---, ---, ---, ---, ---, 
[4.628s][info][gc,stats    ]   CSR: VM Strong Roots               14 us, workers (us):   8,   5, ---, ---, ---, ---, ---, ---, 
[4.628s][info][gc,stats    ]   CSR: CLDG Roots                   346 us, workers (us): ---, 346, ---, ---, ---, ---, ---, ---, 
[4.628s][info][gc,stats    ] Concurrent Evacuation             32697 us
[4.628s][info][gc,stats    ] Pause Init Update Refs (G)          226 us
[4.628s][info][gc,stats    ] Pause Init Update Refs (N)           58 us
[4.628s][info][gc,stats    ]   Manage GCLABs                       7 us
[4.628s][info][gc,stats    ] Concurrent Update Refs            62805 us
[4.628s][info][gc,stats    ] Concurrent Update Thread Roots    21559 us
[4.628s][info][gc,stats    ] Pause Final Update Refs (G)         227 us
[4.628s][info][gc,stats    ] Pause Final Update Refs (N)         119 us
[4.628s][info][gc,stats    ]   Update Region States               42 us
[4.628s][info][gc,stats    ]   Trash Collection Set                3 us
[4.628s][info][gc,stats    ]   Rebuild Free Set                   20 us
[4.628s][info][gc,stats    ] Concurrent Cleanup                  126 us
[4.628s][info][gc,stats    ] 
[4.628s][info][gc,stats    ] Allocation pacing accrued:
[4.628s][info][gc,stats    ]       0 of   188 ms (  0.0%): <total>
[4.628s][info][gc,stats    ]       0 of   188 ms (  0.0%): <average total>
[4.628s][info][gc,stats    ] 
[4.628s][info][gc,metaspace] Metaspace: 19930K(20224K)->21096K(21376K) NonClass: 17755K(17920K)->18764K(18944K) Class: 2174K(2304K)->2332K(2432K)
[4.628s][info][gc,ergo     ] Pacer for Idle. Initial: 40642K, Alloc Tax Rate: 1.0x
[4.629s][info][gc          ] Trigger: Start next cycle immediately
[4.629s][info][gc,ergo     ] Free: 1810M, Max: 512K regular, 1801M humongous, Frag: 1% external, 0% internal; Reserve: 101888K, Max: 512K
[4.629s][info][gc,start    ] GC(175) Concurrent reset
[4.629s][info][gc,task     ] GC(175) Using 2 of 8 workers for concurrent reset
[4.629s][info][gc,ergo     ] GC(175) Pacer for Reset. Non-Taxable: 1984M
[4.629s][info][gc          ] GC(175) Concurrent reset 0.463ms
[4.630s][info][gc,start    ] GC(175) Pause Init Mark (unload classes)
[4.630s][info][gc,task     ] GC(175) Using 8 of 8 workers for init marking
[4.630s][info][gc,ergo     ] GC(175) Pacer for Mark. Expected Live: 61854K, Free: 1810M, Non-Taxable: 181M, Alloc Tax Rate: 0.0x
[4.630s][info][gc          ] GC(175) Pause Init Mark (unload classes) 0.074ms
[4.630s][info][gc,start    ] GC(175) Concurrent marking roots
[4.630s][info][gc,task     ] GC(175) Using 2 of 8 workers for concurrent marking roots
[4.630s][info][gc          ] GC(175) Concurrent marking roots 0.195ms
[4.630s][info][gc,start    ] GC(175) Concurrent marking (unload classes)
[4.630s][info][gc,task     ] GC(175) Using 2 of 8 workers for concurrent marking
[4.679s][info][gc          ] GC(175) Concurrent marking (unload classes) 49.613ms
[4.680s][info][gc,start    ] GC(175) Pause Final Mark (unload classes)
[4.680s][info][gc,task     ] GC(175) Using 8 of 8 workers for final marking
[4.681s][info][gc,ergo     ] GC(175) Collectable Garbage: 8330K (100%), Immediate: 512K (6%), CSet: 7818K (93%)
[4.681s][info][gc,ergo     ] GC(175) Pacer for Evacuation. Used CSet: 67055K, Free: 1808M, Non-Taxable: 180M, Alloc Tax Rate: 1.1x
[4.681s][info][gc          ] GC(175) Pause Final Mark (unload classes) 1.708ms
[4.681s][info][gc,start    ] GC(175) Concurrent thread roots
[4.681s][info][gc,task     ] GC(175) Using 2 of 8 workers for Concurrent thread roots
[4.682s][info][gc          ] GC(175) Concurrent thread roots 0.342ms
[4.682s][info][gc,start    ] GC(175) Concurrent weak references
[4.682s][info][gc,task     ] GC(175) Using 2 of 8 workers for concurrent weak references
[4.682s][info][gc,ref      ] GC(175) Encountered references: Soft: 3954, Weak: 1602, Final: 4, Phantom: 590
[4.682s][info][gc,ref      ] GC(175) Discovered  references: Soft: 0, Weak: 769, Final: 0, Phantom: 281
[4.682s][info][gc,ref      ] GC(175) Enqueued    references: Soft: 0, Weak: 7, Final: 0, Phantom: 0
[4.682s][info][gc          ] GC(175) Concurrent weak references 0.165ms
[4.682s][info][gc,start    ] GC(175) Concurrent weak roots
[4.682s][info][gc,task     ] GC(175) Using 2 of 8 workers for concurrent weak root
[4.683s][info][gc          ] GC(175) Concurrent weak roots 1.166ms
[4.683s][info][gc,start    ] GC(175) Concurrent cleanup
[4.683s][info][gc          ] GC(175) Concurrent cleanup 76M->76M(244M) 0.120ms
[4.683s][info][gc,ergo     ] GC(175) Free: 1807M, Max: 512K regular, 1801M humongous, Frag: 1% external, 0% internal; Reserve: 100094K, Max: 512K
[4.683s][info][gc,start    ] GC(175) Concurrent class unloading
[4.683s][info][gc,task     ] GC(175) Using 2 of 8 workers for concurrent class unloading
[4.695s][info][gc          ] GC(175) Concurrent class unloading 11.620ms
[4.695s][info][gc,start    ] GC(175) Concurrent strong roots
[4.695s][info][gc,task     ] GC(175) Using 2 of 8 workers for concurrent strong root
[4.695s][info][gc          ] GC(175) Concurrent strong roots 0.379ms
[4.695s][info][gc,start    ] GC(175) Concurrent evacuation
[4.695s][info][gc,task     ] GC(175) Using 2 of 8 workers for concurrent evacuation
[4.719s][info][gc          ] GC(175) Concurrent evacuation 23.405ms
[4.719s][info][gc,start    ] GC(175) Pause Init Update Refs
[4.719s][info][gc,ergo     ] GC(175) Pacer for Update Refs. Used: 135M, Free: 1806M, Non-Taxable: 180M, Alloc Tax Rate: 1.1x
[4.719s][info][gc          ] GC(175) Pause Init Update Refs 0.042ms
[4.719s][info][gc,start    ] GC(175) Concurrent update references
[4.719s][info][gc,task     ] GC(175) Using 2 of 8 workers for concurrent reference update
[4.752s][info][gc          ] GC(175) Concurrent update references 32.373ms
[4.752s][info][gc,start    ] GC(175) Concurrent update thread roots
[4.758s][info][gc          ] GC(175) Concurrent update thread roots 6.476ms
[4.758s][info][gc,start    ] GC(175) Pause Final Update Refs
[4.758s][info][gc,task     ] GC(175) Using 8 of 8 workers for final reference update
[4.758s][info][gc          ] GC(175) Pause Final Update Refs 0.102ms
[4.758s][info][gc,start    ] GC(175) Concurrent cleanup
[4.759s][info][gc          ] GC(175) Concurrent cleanup 135M->70M(244M) 0.108ms
[4.759s][info][gc,ergo     ] Free: 1812M, Max: 512K regular, 1809M humongous, Frag: 1% external, 0% internal; Reserve: 101888K, Max: 512K
[4.759s][info][gc,stats    ] 
[4.759s][info][gc,stats    ] All times are wall-clock times, except per-root-class counters, that are sum over
[4.759s][info][gc,stats    ] all workers. Dividing the <total> over the root stage time estimates parallelism.
[4.759s][info][gc,stats    ] 
[4.759s][info][gc,stats    ] Concurrent Reset                    491 us
[4.759s][info][gc,stats    ] Pause Init Mark (G)                 185 us
[4.759s][info][gc,stats    ] Pause Init Mark (N)                  83 us
[4.759s][info][gc,stats    ]   Update Region States               22 us
[4.759s][info][gc,stats    ] Concurrent Mark Roots               211 us, parallelism: 1.09x
[4.759s][info][gc,stats    ]   CMR: <total>                      231 us
[4.759s][info][gc,stats    ]   CMR: Thread Roots                 144 us, workers (us):  33, 111, ---, ---, ---, ---, ---, ---, 
[4.759s][info][gc,stats    ]   CMR: VM Strong Roots                8 us, workers (us):   5,   4, ---, ---, ---, ---, ---, ---, 
[4.759s][info][gc,stats    ]   CMR: CLDG Roots                    79 us, workers (us):  79, ---, ---, ---, ---, ---, ---, ---, 
[4.759s][info][gc,stats    ] Concurrent Marking                49651 us
[4.759s][info][gc,stats    ] Pause Final Mark (G)               1786 us
[4.759s][info][gc,stats    ] Pause Final Mark (N)               1728 us
[4.759s][info][gc,stats    ]   Finish Mark                      1436 us
[4.759s][info][gc,stats    ]   Update Region States               51 us
[4.759s][info][gc,stats    ]   Choose Collection Set              92 us
[4.759s][info][gc,stats    ]   Rebuild Free Set                   42 us
[4.759s][info][gc,stats    ] Concurrent Thread Roots             360 us, parallelism: 0.80x
[4.759s][info][gc,stats    ]   CTR: <total>                      289 us
[4.759s][info][gc,stats    ]   CTR: Thread Roots                 289 us, workers (us): 289,   0, ---, ---, ---, ---, ---, ---, 
[4.759s][info][gc,stats    ] Concurrent Weak References          176 us, parallelism: 0.62x
[4.759s][info][gc,stats    ]   CWRF: <total>                     109 us
[4.759s][info][gc,stats    ]   CWRF: Weak References             109 us, workers (us):  15,  93, ---, ---, ---, ---, ---, ---, 
[4.759s][info][gc,stats    ] Concurrent Weak Roots              1191 us
[4.759s][info][gc,stats    ]   Roots                            1020 us, parallelism: 1.82x
[4.759s][info][gc,stats    ]     CWR: <total>                   1855 us
[4.759s][info][gc,stats    ]     CWR: Code Cache Roots           807 us, workers (us): 365, 442, ---, ---, ---, ---, ---, ---, 
[4.759s][info][gc,stats    ]     CWR: VM Weak Roots             1032 us, workers (us): 522, 510, ---, ---, ---, ---, ---, ---, 
[4.759s][info][gc,stats    ]     CWR: CLDG Roots                  16 us, workers (us):  16, ---, ---, ---, ---, ---, ---, ---, 
[4.759s][info][gc,stats    ]   Rendezvous                        123 us
[4.759s][info][gc,stats    ] Concurrent Cleanup                  133 us
[4.759s][info][gc,stats    ] Concurrent Class Unloading        11639 us
[4.759s][info][gc,stats    ]   Unlink Stale                     2042 us
[4.759s][info][gc,stats    ]     System Dictionary                41 us
[4.759s][info][gc,stats    ]     Weak Class Links                  0 us
[4.759s][info][gc,stats    ]     Code Roots                     2000 us
[4.759s][info][gc,stats    ]   Rendezvous                       8787 us
[4.759s][info][gc,stats    ]   Purge Unlinked                    765 us
[4.759s][info][gc,stats    ]     Code Roots                      759 us
[4.759s][info][gc,stats    ]     CLDG                              6 us
[4.759s][info][gc,stats    ]     Exception Caches                  0 us
[4.759s][info][gc,stats    ] Concurrent Strong Roots             397 us, parallelism: 0.83x
[4.759s][info][gc,stats    ]   CSR: <total>                      331 us
[4.759s][info][gc,stats    ]   CSR: VM Strong Roots               11 us, workers (us):  11,   0, ---, ---, ---, ---, ---, ---, 
[4.759s][info][gc,stats    ]   CSR: CLDG Roots                   320 us, workers (us): 320, ---, ---, ---, ---, ---, ---, ---, 
[4.759s][info][gc,stats    ] Concurrent Evacuation             23433 us
[4.759s][info][gc,stats    ] Pause Init Update Refs (G)          731 us
[4.759s][info][gc,stats    ] Pause Init Update Refs (N)           51 us
[4.759s][info][gc,stats    ]   Manage GCLABs                       7 us
[4.759s][info][gc,stats    ] Concurrent Update Refs            32417 us
[4.759s][info][gc,stats    ] Concurrent Update Thread Roots     6500 us
[4.759s][info][gc,stats    ] Pause Final Update Refs (G)         152 us
[4.759s][info][gc,stats    ] Pause Final Update Refs (N)         113 us
[4.759s][info][gc,stats    ]   Update Region States               41 us
[4.759s][info][gc,stats    ]   Trash Collection Set                3 us
[4.759s][info][gc,stats    ]   Rebuild Free Set                   19 us
[4.759s][info][gc,stats    ] Concurrent Cleanup                  120 us
[4.759s][info][gc,stats    ] 
[4.759s][info][gc,stats    ] Allocation pacing accrued:
[4.759s][info][gc,stats    ]       0 of   132 ms (  0.0%): <total>
[4.759s][info][gc,stats    ]       0 of   132 ms (  0.0%): <average total>
[4.759s][info][gc,stats    ] 
[4.759s][info][gc,metaspace] Metaspace: 21120K(21376K)->21691K(22080K) NonClass: 18786K(18944K)->19288K(19520K) Class: 2333K(2432K)->2403K(2560K)
[4.759s][info][gc,ergo     ] Pacer for Idle. Initial: 40642K, Alloc Tax Rate: 1.0x
[4.760s][info][gc          ] Trigger: Start next cycle immediately
[4.760s][info][gc,ergo     ] Free: 1812M, Max: 512K regular, 1809M humongous, Frag: 1% external, 0% internal; Reserve: 101888K, Max: 512K
[4.760s][info][gc,start    ] GC(176) Concurrent reset
[4.760s][info][gc,task     ] GC(176) Using 2 of 8 workers for concurrent reset
[4.760s][info][gc,ergo     ] GC(176) Pacer for Reset. Non-Taxable: 1984M
[4.761s][info][gc          ] GC(176) Concurrent reset 0.446ms
[4.764s][info][gc,start    ] GC(176) Pause Init Mark (unload classes)
[4.764s][info][gc,task     ] GC(176) Using 8 of 8 workers for init marking
[4.764s][info][gc,ergo     ] GC(176) Pacer for Mark. Expected Live: 63617K, Free: 1812M, Non-Taxable: 181M, Alloc Tax Rate: 0.0x
[4.764s][info][gc          ] GC(176) Pause Init Mark (unload classes) 0.073ms
[4.764s][info][gc,start    ] GC(176) Concurrent marking roots
[4.764s][info][gc,task     ] GC(176) Using 2 of 8 workers for concurrent marking roots
[4.765s][info][gc          ] GC(176) Concurrent marking roots 0.344ms
[4.765s][info][gc,start    ] GC(176) Concurrent marking (unload classes)
[4.765s][info][gc,task     ] GC(176) Using 2 of 8 workers for concurrent marking
[4.821s][info][gc          ] GC(176) Concurrent marking (unload classes) 56.516ms
[4.821s][info][gc,start    ] GC(176) Pause Final Mark (unload classes)
[4.821s][info][gc,task     ] GC(176) Using 8 of 8 workers for final marking
[4.829s][info][gc,ergo     ] GC(176) Collectable Garbage: 6026K (100%), Immediate: 512K (8%), CSet: 5514K (91%)
[4.829s][info][gc,ergo     ] GC(176) Pacer for Evacuation. Used CSet: 65003K, Free: 1810M, Non-Taxable: 181M, Alloc Tax Rate: 1.1x
[4.829s][info][gc          ] GC(176) Pause Final Mark (unload classes) 8.052ms
[4.829s][info][gc,start    ] GC(176) Concurrent thread roots
[4.829s][info][gc,task     ] GC(176) Using 2 of 8 workers for Concurrent thread roots
[4.830s][info][gc          ] GC(176) Concurrent thread roots 0.288ms
[4.830s][info][gc,start    ] GC(176) Concurrent weak references
[4.830s][info][gc,task     ] GC(176) Using 2 of 8 workers for concurrent weak references
[4.830s][info][gc,ref      ] GC(176) Encountered references: Soft: 3983, Weak: 1638, Final: 4, Phantom: 594
[4.830s][info][gc,ref      ] GC(176) Discovered  references: Soft: 0, Weak: 840, Final: 4, Phantom: 386
[4.830s][info][gc,ref      ] GC(176) Enqueued    references: Soft: 0, Weak: 15, Final: 0, Phantom: 1
[4.830s][info][gc          ] GC(176) Concurrent weak references 0.217ms
[4.830s][info][gc,start    ] GC(176) Concurrent weak roots
[4.830s][info][gc,task     ] GC(176) Using 2 of 8 workers for concurrent weak root
[4.831s][info][gc          ] GC(176) Concurrent weak roots 1.637ms
[4.832s][info][gc,start    ] GC(176) Concurrent cleanup
[4.832s][info][gc          ] GC(176) Concurrent cleanup 74M->74M(244M) 0.136ms
[4.832s][info][gc,ergo     ] GC(176) Free: 1809M, Max: 512K regular, 1808M humongous, Frag: 1% external, 0% internal; Reserve: 100864K, Max: 512K
[4.832s][info][gc,start    ] GC(176) Concurrent class unloading
[4.832s][info][gc,task     ] GC(176) Using 2 of 8 workers for concurrent class unloading
[4.833s][info][gc          ] GC(176) Concurrent class unloading 1.562ms
[4.833s][info][gc,start    ] GC(176) Concurrent strong roots
[4.833s][info][gc,task     ] GC(176) Using 2 of 8 workers for concurrent strong root
[4.834s][info][gc          ] GC(176) Concurrent strong roots 0.410ms
[4.834s][info][gc,start    ] GC(176) Concurrent evacuation
[4.834s][info][gc,task     ] GC(176) Using 2 of 8 workers for concurrent evacuation
[4.856s][info][gc          ] GC(176) Concurrent evacuation 22.551ms
[4.860s][info][gc,start    ] GC(176) Pause Init Update Refs
[4.860s][info][gc,ergo     ] GC(176) Pacer for Update Refs. Used: 133M, Free: 1808M, Non-Taxable: 180M, Alloc Tax Rate: 1.1x
[4.860s][info][gc          ] GC(176) Pause Init Update Refs 0.042ms
[4.860s][info][gc,start    ] GC(176) Concurrent update references
[4.860s][info][gc,task     ] GC(176) Using 2 of 8 workers for concurrent reference update
[4.896s][info][gc          ] GC(176) Concurrent update references 36.245ms
[4.896s][info][gc,start    ] GC(176) Concurrent update thread roots
[4.897s][info][gc          ] GC(176) Concurrent update thread roots 0.535ms
[4.897s][info][gc,start    ] GC(176) Pause Final Update Refs
[4.897s][info][gc,task     ] GC(176) Using 8 of 8 workers for final reference update
[4.897s][info][gc          ] GC(176) Pause Final Update Refs 0.100ms
[4.897s][info][gc,start    ] GC(176) Concurrent cleanup
[4.897s][info][gc          ] GC(176) Concurrent cleanup 134M->71M(244M) 0.098ms
[4.897s][info][gc,ergo     ] Free: 1811M, Max: 512K regular, 1807M humongous, Frag: 1% external, 0% internal; Reserve: 101888K, Max: 512K
[4.897s][info][gc,stats    ] 
[4.897s][info][gc,stats    ] All times are wall-clock times, except per-root-class counters, that are sum over
[4.897s][info][gc,stats    ] all workers. Dividing the <total> over the root stage time estimates parallelism.
[4.897s][info][gc,stats    ] 
[4.897s][info][gc,stats    ] Concurrent Reset                    460 us
[4.897s][info][gc,stats    ] Pause Init Mark (G)                3280 us
[4.897s][info][gc,stats    ] Pause Init Mark (N)                  82 us
[4.897s][info][gc,stats    ]   Update Region States               21 us
[4.897s][info][gc,stats    ] Concurrent Mark Roots               371 us, parallelism: 0.89x
[4.897s][info][gc,stats    ]   CMR: <total>                      328 us
[4.897s][info][gc,stats    ]   CMR: Thread Roots                 117 us, workers (us):   0, 117, ---, ---, ---, ---, ---, ---, 
[4.897s][info][gc,stats    ]   CMR: VM Strong Roots                7 us, workers (us):   7,   0, ---, ---, ---, ---, ---, ---, 
[4.897s][info][gc,stats    ]   CMR: CLDG Roots                   204 us, workers (us): 204, ---, ---, ---, ---, ---, ---, ---, 
[4.897s][info][gc,stats    ] Concurrent Marking                56542 us
[4.897s][info][gc,stats    ] Pause Final Mark (G)               8184 us
[4.897s][info][gc,stats    ] Pause Final Mark (N)               8063 us
[4.897s][info][gc,stats    ]   Finish Mark                      7871 us
[4.897s][info][gc,stats    ]   Update Region States               43 us
[4.897s][info][gc,stats    ]   Choose Collection Set              63 us
[4.897s][info][gc,stats    ]   Rebuild Free Set                   20 us
[4.897s][info][gc,stats    ] Concurrent Thread Roots             308 us, parallelism: 0.97x
[4.897s][info][gc,stats    ]   CTR: <total>                      300 us
[4.897s][info][gc,stats    ]   CTR: Thread Roots                 300 us, workers (us): 232,  68, ---, ---, ---, ---, ---, ---, 
[4.897s][info][gc,stats    ] Concurrent Weak References          230 us, parallelism: 0.58x
[4.897s][info][gc,stats    ]   CWRF: <total>                     133 us
[4.897s][info][gc,stats    ]   CWRF: Weak References             133 us, workers (us): 133,   0, ---, ---, ---, ---, ---, ---, 
[4.897s][info][gc,stats    ] Concurrent Weak Roots              1664 us
[4.897s][info][gc,stats    ]   Roots                            1489 us, parallelism: 0.92x
[4.897s][info][gc,stats    ]     CWR: <total>                   1376 us
[4.897s][info][gc,stats    ]     CWR: Code Cache Roots           726 us, workers (us): 726,   0, ---, ---, ---, ---, ---, ---, 
[4.897s][info][gc,stats    ]     CWR: VM Weak Roots              630 us, workers (us): 630,   1, ---, ---, ---, ---, ---, ---, 
[4.897s][info][gc,stats    ]     CWR: CLDG Roots                  19 us, workers (us):  19, ---, ---, ---, ---, ---, ---, ---, 
[4.897s][info][gc,stats    ]   Rendezvous                        120 us
[4.897s][info][gc,stats    ] Concurrent Cleanup                  147 us
[4.897s][info][gc,stats    ] Concurrent Class Unloading         1581 us
[4.897s][info][gc,stats    ]   Unlink Stale                     1416 us
[4.897s][info][gc,stats    ]     System Dictionary                60 us
[4.898s][info][gc,stats    ]     Weak Class Links                  0 us
[4.898s][info][gc,stats    ]     Code Roots                     1355 us
[4.898s][info][gc,stats    ]   Rendezvous                         33 us
[4.898s][info][gc,stats    ]   Purge Unlinked                     74 us
[4.898s][info][gc,stats    ]     Code Roots                       70 us
[4.898s][info][gc,stats    ]     CLDG                              3 us
[4.898s][info][gc,stats    ]     Exception Caches                  0 us
[4.898s][info][gc,stats    ] Concurrent Strong Roots             436 us, parallelism: 0.86x
[4.898s][info][gc,stats    ]   CSR: <total>                      376 us
[4.898s][info][gc,stats    ]   CSR: VM Strong Roots               16 us, workers (us):   9,   6, ---, ---, ---, ---, ---, ---, 
[4.898s][info][gc,stats    ]   CSR: CLDG Roots                   360 us, workers (us): ---, 360, ---, ---, ---, ---, ---, ---, 
[4.898s][info][gc,stats    ] Concurrent Evacuation             22581 us
[4.898s][info][gc,stats    ] Pause Init Update Refs (G)         3568 us
[4.898s][info][gc,stats    ] Pause Init Update Refs (N)           51 us
[4.898s][info][gc,stats    ]   Manage GCLABs                       6 us
[4.898s][info][gc,stats    ] Concurrent Update Refs            36280 us
[4.898s][info][gc,stats    ] Concurrent Update Thread Roots      549 us
[4.898s][info][gc,stats    ] Pause Final Update Refs (G)         218 us
[4.898s][info][gc,stats    ] Pause Final Update Refs (N)         112 us
[4.898s][info][gc,stats    ]   Update Region States               38 us
[4.898s][info][gc,stats    ]   Trash Collection Set                3 us
[4.898s][info][gc,stats    ]   Rebuild Free Set                   20 us
[4.898s][info][gc,stats    ] Concurrent Cleanup                  113 us
[4.898s][info][gc,stats    ] 
[4.898s][info][gc,stats    ] Allocation pacing accrued:
[4.898s][info][gc,stats    ]       0 of   138 ms (  0.0%): <total>
[4.898s][info][gc,stats    ]       0 of   138 ms (  0.0%): <average total>
[4.898s][info][gc,stats    ] 
[4.898s][info][gc,metaspace] Metaspace: 21691K(22080K)->22633K(22976K) NonClass: 19288K(19520K)->20110K(20288K) Class: 2403K(2560K)->2522K(2688K)
[4.898s][info][gc,ergo     ] Pacer for Idle. Initial: 40642K, Alloc Tax Rate: 1.0x
[4.899s][info][gc          ] Trigger: Start next cycle immediately
[4.899s][info][gc,ergo     ] Free: 1811M, Max: 512K regular, 1807M humongous, Frag: 1% external, 0% internal; Reserve: 101888K, Max: 512K
[4.899s][info][gc,start    ] GC(177) Concurrent reset
[4.899s][info][gc,task     ] GC(177) Using 2 of 8 workers for concurrent reset
[4.899s][info][gc,ergo     ] GC(177) Pacer for Reset. Non-Taxable: 1984M
[4.899s][info][gc          ] GC(177) Concurrent reset 0.418ms
[4.899s][info][gc,start    ] GC(177) Pause Init Mark
[4.899s][info][gc,task     ] GC(177) Using 8 of 8 workers for init marking
[4.899s][info][gc,ergo     ] GC(177) Pacer for Mark. Expected Live: 65398K, Free: 1811M, Non-Taxable: 181M, Alloc Tax Rate: 0.0x
[4.899s][info][gc          ] GC(177) Pause Init Mark 0.072ms
[4.899s][info][gc,start    ] GC(177) Concurrent marking roots
[4.900s][info][gc,task     ] GC(177) Using 2 of 8 workers for concurrent marking roots
[4.900s][info][gc          ] GC(177) Concurrent marking roots 0.762ms
[4.900s][info][gc,start    ] GC(177) Concurrent marking
[4.900s][info][gc,task     ] GC(177) Using 2 of 8 workers for concurrent marking
[4.943s][info][gc          ] GC(177) Concurrent marking 43.130ms
[4.943s][info][gc,start    ] GC(177) Pause Final Mark
[4.943s][info][gc,task     ] GC(177) Using 8 of 8 workers for final marking
[4.954s][info][gc,ergo     ] GC(177) Collectable Garbage: 6846K (100%), Immediate: 1022K (14%), CSet: 5824K (85%)
[4.954s][info][gc,ergo     ] GC(177) Pacer for Evacuation. Used CSet: 65496K, Free: 1810M, Non-Taxable: 181M, Alloc Tax Rate: 1.1x
[4.954s][info][gc          ] GC(177) Pause Final Mark 10.160ms
[4.954s][info][gc,start    ] GC(177) Concurrent thread roots
[4.954s][info][gc,task     ] GC(177) Using 2 of 8 workers for Concurrent thread roots
[4.954s][info][gc          ] GC(177) Concurrent thread roots 0.212ms
[4.954s][info][gc,start    ] GC(177) Concurrent weak references
[4.954s][info][gc,task     ] GC(177) Using 2 of 8 workers for concurrent weak references
[4.954s][info][gc,ref      ] GC(177) Encountered references: Soft: 4010, Weak: 1659, Final: 4, Phantom: 592
[4.954s][info][gc,ref      ] GC(177) Discovered  references: Soft: 0, Weak: 804, Final: 1, Phantom: 331
[4.954s][info][gc,ref      ] GC(177) Enqueued    references: Soft: 0, Weak: 12, Final: 0, Phantom: 2
[4.954s][info][gc          ] GC(177) Concurrent weak references 0.181ms
[4.954s][info][gc,start    ] GC(177) Concurrent weak roots
[4.954s][info][gc,task     ] GC(177) Using 2 of 8 workers for concurrent weak root
[4.955s][info][gc          ] GC(177) Concurrent weak roots 0.946ms
[4.955s][info][gc,start    ] GC(177) Concurrent cleanup
[4.955s][info][gc          ] GC(177) Concurrent cleanup 74M->73M(244M) 0.158ms
[4.955s][info][gc,ergo     ] GC(177) Free: 1809M, Max: 512K regular, 1807M humongous, Frag: 1% external, 0% internal; Reserve: 101118K, Max: 512K
[4.955s][info][gc,start    ] GC(177) Concurrent strong roots
[4.955s][info][gc,task     ] GC(177) Using 2 of 8 workers for concurrent strong root
[4.956s][info][gc          ] GC(177) Concurrent strong roots 0.946ms
[4.956s][info][gc,start    ] GC(177) Concurrent evacuation
[4.956s][info][gc,task     ] GC(177) Using 2 of 8 workers for concurrent evacuation
[4.984s][info][gc          ] GC(177) Concurrent evacuation 27.541ms
[4.984s][info][gc,start    ] GC(177) Pause Init Update Refs
[4.984s][info][gc,ergo     ] GC(177) Pacer for Update Refs. Used: 133M, Free: 1808M, Non-Taxable: 180M, Alloc Tax Rate: 1.1x
[4.984s][info][gc          ] GC(177) Pause Init Update Refs 0.052ms
[4.984s][info][gc,start    ] GC(177) Concurrent update references
[4.984s][info][gc,task     ] GC(177) Using 2 of 8 workers for concurrent reference update
[5.023s][info][gc          ] GC(177) Concurrent update references 39.025ms
[5.023s][info][gc,start    ] GC(177) Concurrent update thread roots
[5.028s][info][gc          ] GC(177) Concurrent update thread roots 4.316ms
[5.029s][info][gc,start    ] GC(177) Pause Final Update Refs
[5.029s][info][gc,task     ] GC(177) Using 8 of 8 workers for final reference update
[5.029s][info][gc          ] GC(177) Pause Final Update Refs 0.103ms
[5.029s][info][gc,start    ] GC(177) Concurrent cleanup
[5.029s][info][gc          ] GC(177) Concurrent cleanup 135M->71M(244M) 0.116ms
[5.029s][info][gc,ergo     ] Free: 1810M, Max: 512K regular, 1806M humongous, Frag: 1% external, 0% internal; Reserve: 101888K, Max: 512K
[5.029s][info][gc,stats    ] 
[5.029s][info][gc,stats    ] All times are wall-clock times, except per-root-class counters, that are sum over
[5.029s][info][gc,stats    ] all workers. Dividing the <total> over the root stage time estimates parallelism.
[5.029s][info][gc,stats    ] 
[5.029s][info][gc,stats    ] Concurrent Reset                    432 us
[5.029s][info][gc,stats    ] Pause Init Mark (G)                 193 us
[5.029s][info][gc,stats    ] Pause Init Mark (N)                  80 us
[5.029s][info][gc,stats    ]   Update Region States               21 us
[5.029s][info][gc,stats    ] Concurrent Mark Roots               782 us, parallelism: 1.72x
[5.029s][info][gc,stats    ]   CMR: <total>                     1348 us
[5.030s][info][gc,stats    ]   CMR: Thread Roots                  87 us, workers (us):  87,   0, ---, ---, ---, ---, ---, ---, 
[5.030s][info][gc,stats    ]   CMR: Code Cache Roots            1087 us, workers (us): 408, 679, ---, ---, ---, ---, ---, ---, 
[5.030s][info][gc,stats    ]   CMR: VM Strong Roots                8 us, workers (us):   5,   3, ---, ---, ---, ---, ---, ---, 
[5.030s][info][gc,stats    ]   CMR: CLDG Roots                   166 us, workers (us): 166, ---, ---, ---, ---, ---, ---, ---, 
[5.030s][info][gc,stats    ] Concurrent Marking                43160 us
[5.030s][info][gc,stats    ] Pause Final Mark (G)              10268 us
[5.030s][info][gc,stats    ] Pause Final Mark (N)              10170 us
[5.030s][info][gc,stats    ]   Finish Mark                     10000 us
[5.030s][info][gc,stats    ]   Update Region States               35 us
[5.030s][info][gc,stats    ]   Choose Collection Set              55 us
[5.030s][info][gc,stats    ]   Rebuild Free Set                   18 us
[5.030s][info][gc,stats    ] Concurrent Thread Roots             225 us, parallelism: 0.67x
[5.030s][info][gc,stats    ]   CTR: <total>                      150 us
[5.030s][info][gc,stats    ]   CTR: Thread Roots                 150 us, workers (us): 150,   0, ---, ---, ---, ---, ---, ---, 
[5.030s][info][gc,stats    ] Concurrent Weak References          189 us, parallelism: 0.59x
[5.030s][info][gc,stats    ]   CWRF: <total>                     111 us
[5.030s][info][gc,stats    ]   CWRF: Weak References             111 us, workers (us): 110,   1, ---, ---, ---, ---, ---, ---, 
[5.030s][info][gc,stats    ] Concurrent Weak Roots               965 us
[5.030s][info][gc,stats    ]   Roots                             811 us, parallelism: 0.82x
[5.030s][info][gc,stats    ]     CWR: <total>                    667 us
[5.030s][info][gc,stats    ]     CWR: VM Weak Roots              667 us, workers (us): 667,   0, ---, ---, ---, ---, ---, ---, 
[5.030s][info][gc,stats    ]   Rendezvous                        117 us
[5.030s][info][gc,stats    ] Concurrent Cleanup                  199 us
[5.030s][info][gc,stats    ] Concurrent Strong Roots            1008 us, parallelism: 1.54x
[5.030s][info][gc,stats    ]   CSR: <total>                     1548 us
[5.030s][info][gc,stats    ]   CSR: Code Cache Roots            1196 us, workers (us): 462, 734, ---, ---, ---, ---, ---, ---, 
[5.030s][info][gc,stats    ]   CSR: VM Strong Roots               14 us, workers (us):   9,   5, ---, ---, ---, ---, ---, ---, 
[5.030s][info][gc,stats    ]   CSR: CLDG Roots                   338 us, workers (us): 338, ---, ---, ---, ---, ---, ---, ---, 
[5.030s][info][gc,stats    ] Concurrent Evacuation             27636 us
[5.030s][info][gc,stats    ] Pause Init Update Refs (G)          196 us
[5.030s][info][gc,stats    ] Pause Init Update Refs (N)           71 us
[5.030s][info][gc,stats    ]   Manage GCLABs                       9 us
[5.030s][info][gc,stats    ] Concurrent Update Refs            39109 us
[5.030s][info][gc,stats    ] Concurrent Update Thread Roots     4385 us
[5.030s][info][gc,stats    ] Pause Final Update Refs (G)        1191 us
[5.030s][info][gc,stats    ] Pause Final Update Refs (N)         113 us
[5.030s][info][gc,stats    ]   Update Region States               40 us
[5.030s][info][gc,stats    ]   Trash Collection Set                3 us
[5.030s][info][gc,stats    ]   Rebuild Free Set                   18 us
[5.030s][info][gc,stats    ] Concurrent Cleanup                  159 us
[5.045s][info][gc,stats    ] 
[5.045s][info][gc,stats    ] Allocation pacing accrued:
[5.045s][info][gc,stats    ]       0 of   148 ms (  0.0%): <total>
[5.045s][info][gc,stats    ]       0 of   148 ms (  0.0%): <average total>
[5.046s][info][gc,stats    ] 
[5.046s][info][gc,metaspace] Metaspace: 22635K(22976K)->24478K(24832K) NonClass: 20112K(20288K)->21767K(21952K) Class: 2522K(2688K)->2710K(2880K)
[5.046s][info][gc,ergo     ] Pacer for Idle. Initial: 40642K, Alloc Tax Rate: 1.0x
[5.047s][info][gc          ] Trigger: Start next cycle immediately
[5.047s][info][gc,ergo     ] Free: 1810M, Max: 512K regular, 1806M humongous, Frag: 1% external, 0% internal; Reserve: 101888K, Max: 512K
[5.047s][info][gc,start    ] GC(178) Concurrent reset
[5.047s][info][gc,task     ] GC(178) Using 2 of 8 workers for concurrent reset
[5.047s][info][gc,ergo     ] GC(178) Pacer for Reset. Non-Taxable: 1984M
[5.053s][info][gc          ] GC(178) Concurrent reset 5.920ms
[5.053s][info][gc,start    ] GC(178) Pause Init Mark (unload classes)
[5.053s][info][gc,task     ] GC(178) Using 8 of 8 workers for init marking
[5.053s][info][gc,ergo     ] GC(178) Pacer for Mark. Expected Live: 65552K, Free: 1810M, Non-Taxable: 181M, Alloc Tax Rate: 0.0x
[5.053s][info][gc          ] GC(178) Pause Init Mark (unload classes) 0.087ms
[5.053s][info][gc,start    ] GC(178) Concurrent marking roots
[5.053s][info][gc,task     ] GC(178) Using 2 of 8 workers for concurrent marking roots
[5.053s][info][gc          ] GC(178) Concurrent marking roots 0.426ms
[5.053s][info][gc,start    ] GC(178) Concurrent marking (unload classes)
[5.054s][info][gc,task     ] GC(178) Using 2 of 8 workers for concurrent marking
[5.089s][info][gc          ] GC(178) Concurrent marking (unload classes) 35.680ms
[5.089s][info][gc,start    ] GC(178) Pause Final Mark (unload classes)
[5.089s][info][gc,task     ] GC(178) Using 8 of 8 workers for final marking
[5.092s][info][gc,ergo     ] GC(178) Collectable Garbage: 7715K (100%), Immediate: 510K (6%), CSet: 7205K (93%)
[5.092s][info][gc,ergo     ] GC(178) Pacer for Evacuation. Used CSet: 67055K, Free: 1809M, Non-Taxable: 180M, Alloc Tax Rate: 1.1x
[5.092s][info][gc          ] GC(178) Pause Final Mark (unload classes) 2.442ms
[5.092s][info][gc,start    ] GC(178) Concurrent thread roots
[5.092s][info][gc,task     ] GC(178) Using 2 of 8 workers for Concurrent thread roots
[5.092s][info][gc          ] GC(178) Concurrent thread roots 0.276ms
[5.092s][info][gc,start    ] GC(178) Concurrent weak references
[5.092s][info][gc,task     ] GC(178) Using 2 of 8 workers for concurrent weak references
[5.092s][info][gc,ref      ] GC(178) Encountered references: Soft: 4022, Weak: 1723, Final: 4, Phantom: 597
[5.092s][info][gc,ref      ] GC(178) Discovered  references: Soft: 0, Weak: 397, Final: 0, Phantom: 209
[5.092s][info][gc,ref      ] GC(178) Enqueued    references: Soft: 0, Weak: 18, Final: 0, Phantom: 6
[5.092s][info][gc          ] GC(178) Concurrent weak references 0.191ms
[5.092s][info][gc,start    ] GC(178) Concurrent weak roots
[5.092s][info][gc,task     ] GC(178) Using 2 of 8 workers for concurrent weak root
[5.093s][info][gc          ] GC(178) Concurrent weak roots 1.091ms
[5.093s][info][gc,start    ] GC(178) Concurrent cleanup
[5.094s][info][gc          ] GC(178) Concurrent cleanup 74M->74M(244M) 0.149ms
[5.094s][info][gc,ergo     ] GC(178) Free: 1808M, Max: 512K regular, 1806M humongous, Frag: 1% external, 0% internal; Reserve: 101373K, Max: 512K
[5.094s][info][gc,start    ] GC(178) Concurrent class unloading
[5.094s][info][gc,task     ] GC(178) Using 2 of 8 workers for concurrent class unloading
[5.096s][info][gc          ] GC(178) Concurrent class unloading 2.194ms
[5.096s][info][gc,start    ] GC(178) Concurrent strong roots
[5.096s][info][gc,task     ] GC(178) Using 2 of 8 workers for concurrent strong root
[5.096s][info][gc          ] GC(178) Concurrent strong roots 0.498ms
[5.096s][info][gc,start    ] GC(178) Concurrent evacuation
[5.096s][info][gc,task     ] GC(178) Using 2 of 8 workers for concurrent evacuation
[5.117s][info][gc          ] GC(178) Concurrent evacuation 20.544ms
[5.117s][info][gc,start    ] GC(178) Pause Init Update Refs
[5.117s][info][gc,ergo     ] GC(178) Pacer for Update Refs. Used: 134M, Free: 1808M, Non-Taxable: 180M, Alloc Tax Rate: 1.1x
[5.117s][info][gc          ] GC(178) Pause Init Update Refs 0.053ms
[5.117s][info][gc,start    ] GC(178) Concurrent update references
[5.117s][info][gc,task     ] GC(178) Using 2 of 8 workers for concurrent reference update
[5.161s][info][gc          ] GC(178) Concurrent update references 43.920ms
[5.161s][info][gc,start    ] GC(178) Concurrent update thread roots
[5.162s][info][gc          ] GC(178) Concurrent update thread roots 0.215ms
[5.162s][info][gc,start    ] GC(178) Pause Final Update Refs
[5.162s][info][gc,task     ] GC(178) Using 8 of 8 workers for final reference update
[5.162s][info][gc          ] GC(178) Pause Final Update Refs 0.103ms
[5.162s][info][gc,start    ] GC(178) Concurrent cleanup
[5.162s][info][gc          ] GC(178) Concurrent cleanup 134M->68M(244M) 0.104ms
[5.162s][info][gc,ergo     ] Free: 1813M, Max: 512K regular, 1808M humongous, Frag: 1% external, 0% internal; Reserve: 101888K, Max: 512K
[5.162s][info][gc,stats    ] 
[5.162s][info][gc,stats    ] All times are wall-clock times, except per-root-class counters, that are sum over
[5.162s][info][gc,stats    ] all workers. Dividing the <total> over the root stage time estimates parallelism.
[5.162s][info][gc,stats    ] 
[5.162s][info][gc,stats    ] Concurrent Reset                   5995 us
[5.162s][info][gc,stats    ] Pause Init Mark (G)                 163 us
[5.162s][info][gc,stats    ] Pause Init Mark (N)                  96 us
[5.162s][info][gc,stats    ]   Update Region States               27 us
[5.162s][info][gc,stats    ] Concurrent Mark Roots               494 us, parallelism: 1.03x
[5.162s][info][gc,stats    ]   CMR: <total>                      510 us
[5.162s][info][gc,stats    ]   CMR: Thread Roots                 420 us, workers (us): 227, 193, ---, ---, ---, ---, ---, ---, 
[5.162s][info][gc,stats    ]   CMR: VM Strong Roots                6 us, workers (us):   6,   0, ---, ---, ---, ---, ---, ---, 
[5.162s][info][gc,stats    ]   CMR: CLDG Roots                    83 us, workers (us):  83, ---, ---, ---, ---, ---, ---, ---, 
[5.162s][info][gc,stats    ] Concurrent Marking                35779 us
[5.162s][info][gc,stats    ] Pause Final Mark (G)               2498 us
[5.162s][info][gc,stats    ] Pause Final Mark (N)               2452 us
[5.162s][info][gc,stats    ]   Finish Mark                      2263 us
[5.162s][info][gc,stats    ]   Update Region States               37 us
[5.162s][info][gc,stats    ]   Choose Collection Set              64 us
[5.163s][info][gc,stats    ]   Rebuild Free Set                   18 us
[5.163s][info][gc,stats    ] Concurrent Thread Roots             292 us, parallelism: 0.78x
[5.163s][info][gc,stats    ]   CTR: <total>                      228 us
[5.163s][info][gc,stats    ]   CTR: Thread Roots                 228 us, workers (us): 228,   0, ---, ---, ---, ---, ---, ---, 
[5.163s][info][gc,stats    ] Concurrent Weak References          217 us, parallelism: 0.31x
[5.163s][info][gc,stats    ]   CWRF: <total>                      67 us
[5.163s][info][gc,stats    ]   CWRF: Weak References              67 us, workers (us):  59,   8, ---, ---, ---, ---, ---, ---, 
[5.163s][info][gc,stats    ] Concurrent Weak Roots              1140 us
[5.163s][info][gc,stats    ]   Roots                            1019 us, parallelism: 1.54x
[5.163s][info][gc,stats    ]     CWR: <total>                   1571 us
[5.163s][info][gc,stats    ]     CWR: Code Cache Roots           844 us, workers (us): 412, 432, ---, ---, ---, ---, ---, ---, 
[5.163s][info][gc,stats    ]     CWR: VM Weak Roots              710 us, workers (us): 397, 314, ---, ---, ---, ---, ---, ---, 
[5.163s][info][gc,stats    ]     CWR: CLDG Roots                  17 us, workers (us):  17, ---, ---, ---, ---, ---, ---, ---, 
[5.163s][info][gc,stats    ]   Rendezvous                         35 us
[5.163s][info][gc,stats    ] Concurrent Cleanup                  191 us
[5.163s][info][gc,stats    ] Concurrent Class Unloading         2236 us
[5.163s][info][gc,stats    ]   Unlink Stale                     1688 us
[5.163s][info][gc,stats    ]     System Dictionary               134 us
[5.163s][info][gc,stats    ]     Weak Class Links                  0 us
[5.163s][info][gc,stats    ]     Code Roots                     1552 us
[5.163s][info][gc,stats    ]   Rendezvous                         28 us
[5.163s][info][gc,stats    ]   Purge Unlinked                    403 us
[5.163s][info][gc,stats    ]     Code Roots                      397 us
[5.163s][info][gc,stats    ]     CLDG                              5 us
[5.163s][info][gc,stats    ]     Exception Caches                  0 us
[5.163s][info][gc,stats    ] Concurrent Strong Roots             519 us, parallelism: 0.73x
[5.163s][info][gc,stats    ]   CSR: <total>                      381 us
[5.163s][info][gc,stats    ]   CSR: VM Strong Roots               12 us, workers (us):  12,   1, ---, ---, ---, ---, ---, ---, 
[5.163s][info][gc,stats    ]   CSR: CLDG Roots                   368 us, workers (us): 368, ---, ---, ---, ---, ---, ---, ---, 
[5.163s][info][gc,stats    ] Concurrent Evacuation             20641 us
[5.163s][info][gc,stats    ] Pause Init Update Refs (G)          226 us
[5.163s][info][gc,stats    ] Pause Init Update Refs (N)           63 us
[5.163s][info][gc,stats    ]   Manage GCLABs                       6 us
[5.163s][info][gc,stats    ] Concurrent Update Refs            44040 us
[5.163s][info][gc,stats    ] Concurrent Update Thread Roots      293 us
[5.163s][info][gc,stats    ] Pause Final Update Refs (G)         149 us
[5.163s][info][gc,stats    ] Pause Final Update Refs (N)         114 us
[5.163s][info][gc,stats    ]   Update Region States               42 us
[5.163s][info][gc,stats    ]   Trash Collection Set                4 us
[5.163s][info][gc,stats    ]   Rebuild Free Set                   19 us
[5.163s][info][gc,stats    ] Concurrent Cleanup                  145 us
[5.163s][info][gc,stats    ] 
[5.163s][info][gc,stats    ] Allocation pacing accrued:
[5.163s][info][gc,stats    ]       0 of   118 ms (  0.0%): <total>
[5.163s][info][gc,stats    ]       0 of   118 ms (  0.0%): <average total>
[5.163s][info][gc,stats    ] 
[5.163s][info][gc,metaspace] Metaspace: 24505K(24832K)->24576K(24896K) NonClass: 21792K(21952K)->21856K(22016K) Class: 2712K(2880K)->2719K(2880K)
[5.163s][info][gc,ergo     ] Pacer for Idle. Initial: 40642K, Alloc Tax Rate: 1.0x
[5.165s][info][gc          ] Trigger: Start next cycle immediately
[5.165s][info][gc,ergo     ] Free: 1813M, Max: 512K regular, 1808M humongous, Frag: 1% external, 0% internal; Reserve: 101888K, Max: 512K
[5.165s][info][gc,start    ] GC(179) Concurrent reset
[5.165s][info][gc,task     ] GC(179) Using 2 of 8 workers for concurrent reset
[5.165s][info][gc,ergo     ] GC(179) Pacer for Reset. Non-Taxable: 1984M
[5.165s][info][gc          ] GC(179) Concurrent reset 0.516ms
[5.165s][info][gc,start    ] GC(179) Pause Init Mark
[5.165s][info][gc,task     ] GC(179) Using 8 of 8 workers for init marking
[5.165s][info][gc,ergo     ] GC(179) Pacer for Mark. Expected Live: 65740K, Free: 1813M, Non-Taxable: 181M, Alloc Tax Rate: 0.0x
[5.165s][info][gc          ] GC(179) Pause Init Mark 0.068ms
[5.165s][info][gc,start    ] GC(179) Concurrent marking roots
[5.165s][info][gc,task     ] GC(179) Using 2 of 8 workers for concurrent marking roots
[5.166s][info][gc          ] GC(179) Concurrent marking roots 0.939ms
[5.166s][info][gc,start    ] GC(179) Concurrent marking
[5.166s][info][gc,task     ] GC(179) Using 2 of 8 workers for concurrent marking
[5.197s][info][gc          ] GC(179) Concurrent marking 30.779ms
[5.197s][info][gc,start    ] GC(179) Pause Final Mark
[5.197s][info][gc,task     ] GC(179) Using 8 of 8 workers for final marking
[5.199s][info][gc,ergo     ] GC(179) Collectable Garbage: 4141K (100%), Immediate: 510K (12%), CSet: 3631K (87%)
[5.199s][info][gc,ergo     ] GC(179) Pacer for Evacuation. Used CSet: 63485K, Free: 1813M, Non-Taxable: 181M, Alloc Tax Rate: 1.1x
[5.199s][info][gc          ] GC(179) Pause Final Mark 1.858ms
[5.199s][info][gc,start    ] GC(179) Concurrent thread roots
[5.199s][info][gc,task     ] GC(179) Using 2 of 8 workers for Concurrent thread roots
[5.199s][info][gc          ] GC(179) Concurrent thread roots 0.165ms
[5.199s][info][gc,start    ] GC(179) Concurrent weak references
[5.199s][info][gc,task     ] GC(179) Using 2 of 8 workers for concurrent weak references
[5.199s][info][gc,ref      ] GC(179) Encountered references: Soft: 4022, Weak: 1711, Final: 4, Phantom: 592
[5.200s][info][gc,ref      ] GC(179) Discovered  references: Soft: 0, Weak: 844, Final: 0, Phantom: 257
[5.200s][info][gc,ref      ] GC(179) Enqueued    references: Soft: 0, Weak: 2, Final: 0, Phantom: 0
[5.200s][info][gc          ] GC(179) Concurrent weak references 0.254ms
[5.200s][info][gc,start    ] GC(179) Concurrent weak roots
[5.200s][info][gc,task     ] GC(179) Using 2 of 8 workers for concurrent weak root
[5.200s][info][gc          ] GC(179) Concurrent weak roots 0.482ms
[5.200s][info][gc,start    ] GC(179) Concurrent cleanup
[5.200s][info][gc          ] GC(179) Concurrent cleanup 70M->69M(244M) 0.090ms
[5.200s][info][gc,ergo     ] GC(179) Free: 1813M, Max: 512K regular, 1808M humongous, Frag: 1% external, 0% internal; Reserve: 101118K, Max: 512K
[5.200s][info][gc,start    ] GC(179) Concurrent strong roots
[5.200s][info][gc,task     ] GC(179) Using 2 of 8 workers for concurrent strong root
[5.201s][info][gc          ] GC(179) Concurrent strong roots 0.911ms
[5.201s][info][gc,start    ] GC(179) Concurrent evacuation
[5.201s][info][gc,task     ] GC(179) Using 2 of 8 workers for concurrent evacuation
[5.222s][info][gc          ] GC(179) Concurrent evacuation 20.983ms
[5.222s][info][gc,start    ] GC(179) Pause Init Update Refs
[5.223s][info][gc,ergo     ] GC(179) Pacer for Update Refs. Used: 129M, Free: 1812M, Non-Taxable: 181M, Alloc Tax Rate: 1.1x
[5.223s][info][gc          ] GC(179) Pause Init Update Refs 0.047ms
[5.223s][info][gc,start    ] GC(179) Concurrent update references
[5.223s][info][gc,task     ] GC(179) Using 2 of 8 workers for concurrent reference update
[5.255s][info][gc          ] GC(179) Concurrent update references 32.101ms
[5.255s][info][gc,start    ] GC(179) Concurrent update thread roots
[5.255s][info][gc          ] GC(179) Concurrent update thread roots 0.218ms
[5.255s][info][gc,start    ] GC(179) Pause Final Update Refs
[5.255s][info][gc,task     ] GC(179) Using 8 of 8 workers for final reference update
[5.255s][info][gc          ] GC(179) Pause Final Update Refs 0.098ms
[5.255s][info][gc,start    ] GC(179) Concurrent cleanup
[5.255s][info][gc          ] GC(179) Concurrent cleanup 129M->67M(245M) 0.104ms
[5.255s][info][gc,ergo     ] Free: 1814M, Max: 512K regular, 1812M humongous, Frag: 1% external, 0% internal; Reserve: 101888K, Max: 512K
[5.255s][info][gc,stats    ] 
[5.255s][info][gc,stats    ] All times are wall-clock times, except per-root-class counters, that are sum over
[5.255s][info][gc,stats    ] all workers. Dividing the <total> over the root stage time estimates parallelism.
[5.255s][info][gc,stats    ] 
[5.256s][info][gc,stats    ] Concurrent Reset                    552 us
[5.256s][info][gc,stats    ] Pause Init Mark (G)                 111 us
[5.256s][info][gc,stats    ] Pause Init Mark (N)                  77 us
[5.256s][info][gc,stats    ]   Update Region States               17 us
[5.256s][info][gc,stats    ] Concurrent Mark Roots               963 us, parallelism: 1.54x
[5.256s][info][gc,stats    ]   CMR: <total>                     1486 us
[5.256s][info][gc,stats    ]   CMR: Thread Roots                 146 us, workers (us): 107,  39, ---, ---, ---, ---, ---, ---, 
[5.256s][info][gc,stats    ]   CMR: Code Cache Roots            1146 us, workers (us): 444, 702, ---, ---, ---, ---, ---, ---, 
[5.256s][info][gc,stats    ]   CMR: VM Strong Roots                7 us, workers (us):   6,   1, ---, ---, ---, ---, ---, ---, 
[5.256s][info][gc,stats    ]   CMR: CLDG Roots                   186 us, workers (us): 186, ---, ---, ---, ---, ---, ---, ---, 
[5.256s][info][gc,stats    ] Concurrent Marking                30883 us
[5.256s][info][gc,stats    ] Pause Final Mark (G)               1929 us
[5.256s][info][gc,stats    ] Pause Final Mark (N)               1864 us
[5.256s][info][gc,stats    ]   Finish Mark                      1706 us
[5.256s][info][gc,stats    ]   Update Region States               31 us
[5.256s][info][gc,stats    ]   Choose Collection Set              53 us
[5.256s][info][gc,stats    ]   Rebuild Free Set                   17 us
[5.256s][info][gc,stats    ] Concurrent Thread Roots             196 us, parallelism: 1.08x
[5.256s][info][gc,stats    ]   CTR: <total>                      212 us
[5.256s][info][gc,stats    ]   CTR: Thread Roots                 212 us, workers (us): 104, 108, ---, ---, ---, ---, ---, ---, 
[5.256s][info][gc,stats    ] Concurrent Weak References          265 us, parallelism: 0.33x
[5.256s][info][gc,stats    ]   CWRF: <total>                      87 us
[5.256s][info][gc,stats    ]   CWRF: Weak References              87 us, workers (us):  86,   1, ---, ---, ---, ---, ---, ---, 
[5.256s][info][gc,stats    ] Concurrent Weak Roots               544 us
[5.256s][info][gc,stats    ]   Roots                             397 us, parallelism: 1.67x
[5.256s][info][gc,stats    ]     CWR: <total>                    661 us
[5.256s][info][gc,stats    ]     CWR: VM Weak Roots              661 us, workers (us): 332, 329, ---, ---, ---, ---, ---, ---, 
[5.256s][info][gc,stats    ]   Rendezvous                         32 us
[5.256s][info][gc,stats    ] Concurrent Cleanup                  134 us
[5.256s][info][gc,stats    ] Concurrent Strong Roots             973 us, parallelism: 1.61x
[5.256s][info][gc,stats    ]   CSR: <total>                     1571 us
[5.256s][info][gc,stats    ]   CSR: Code Cache Roots            1244 us, workers (us): 486, 758, ---, ---, ---, ---, ---, ---, 
[5.256s][info][gc,stats    ]   CSR: VM Strong Roots               14 us, workers (us):  11,   3, ---, ---, ---, ---, ---, ---, 
[5.256s][info][gc,stats    ]   CSR: CLDG Roots                   313 us, workers (us): 313, ---, ---, ---, ---, ---, ---, ---, 
[5.256s][info][gc,stats    ] Concurrent Evacuation             21099 us
[5.256s][info][gc,stats    ] Pause Init Update Refs (G)          107 us
[5.256s][info][gc,stats    ] Pause Init Update Refs (N)           53 us
[5.257s][info][gc,stats    ]   Manage GCLABs                       6 us
[5.257s][info][gc,stats    ] Concurrent Update Refs            32218 us
[5.257s][info][gc,stats    ] Concurrent Update Thread Roots      249 us
[5.257s][info][gc,stats    ] Pause Final Update Refs (G)         133 us
[5.257s][info][gc,stats    ] Pause Final Update Refs (N)         109 us
[5.257s][info][gc,stats    ]   Update Region States               36 us
[5.257s][info][gc,stats    ]   Trash Collection Set                3 us
[5.257s][info][gc,stats    ]   Rebuild Free Set                   21 us
[5.257s][info][gc,stats    ] Concurrent Cleanup                  148 us
[5.257s][info][gc,stats    ] 
[5.257s][info][gc,stats    ] Allocation pacing accrued:
[5.257s][info][gc,stats    ]       0 of    93 ms (  0.0%): <total>
[5.257s][info][gc,stats    ]       0 of    93 ms (  0.0%): <average total>
[5.257s][info][gc,stats    ] 
[5.257s][info][gc,metaspace] Metaspace: 24576K(24896K)->24579K(24960K) NonClass: 21856K(22016K)->21859K(22080K) Class: 2719K(2880K)->2719K(2880K)
[5.257s][info][gc,ergo     ] Pacer for Idle. Initial: 40642K, Alloc Tax Rate: 1.0x
[5.258s][info][gc          ] Trigger: Start next cycle immediately
[5.258s][info][gc,ergo     ] Free: 1814M, Max: 512K regular, 1812M humongous, Frag: 1% external, 0% internal; Reserve: 101888K, Max: 512K
[5.258s][info][gc,start    ] GC(180) Concurrent reset
[5.258s][info][gc,task     ] GC(180) Using 2 of 8 workers for concurrent reset
[5.258s][info][gc,ergo     ] GC(180) Pacer for Reset. Non-Taxable: 1984M
[5.259s][info][gc          ] GC(180) Concurrent reset 0.484ms
[5.259s][info][gc,start    ] GC(180) Pause Init Mark
[5.259s][info][gc,task     ] GC(180) Using 8 of 8 workers for init marking
[5.259s][info][gc,ergo     ] GC(180) Pacer for Mark. Expected Live: 65895K, Free: 1814M, Non-Taxable: 181M, Alloc Tax Rate: 0.0x
[5.259s][info][gc          ] GC(180) Pause Init Mark 0.070ms
[5.259s][info][gc,start    ] GC(180) Concurrent marking roots
[5.259s][info][gc,task     ] GC(180) Using 2 of 8 workers for concurrent marking roots
[5.260s][info][gc          ] GC(180) Concurrent marking roots 0.928ms
[5.260s][info][gc,start    ] GC(180) Concurrent marking
[5.260s][info][gc,task     ] GC(180) Using 2 of 8 workers for concurrent marking
[5.313s][info][gc          ] GC(180) Concurrent marking 53.432ms
[5.313s][info][gc,start    ] GC(180) Pause Final Mark
[5.313s][info][gc,task     ] GC(180) Using 8 of 8 workers for final marking
[5.314s][info][gc,ergo     ] GC(180) Collectable Garbage: 3119K (100%), Immediate: 511K (16%), CSet: 2608K (83%)
[5.314s][info][gc,ergo     ] GC(180) Pacer for Evacuation. Used CSet: 62462K, Free: 1813M, Non-Taxable: 181M, Alloc Tax Rate: 1.1x
[5.314s][info][gc          ] GC(180) Pause Final Mark 0.332ms
[5.314s][info][gc,start    ] GC(180) Concurrent thread roots
[5.314s][info][gc,task     ] GC(180) Using 2 of 8 workers for Concurrent thread roots
[5.314s][info][gc          ] GC(180) Concurrent thread roots 0.187ms
[5.314s][info][gc,start    ] GC(180) Concurrent weak references
[5.314s][info][gc,task     ] GC(180) Using 2 of 8 workers for concurrent weak references
[5.314s][info][gc,ref      ] GC(180) Encountered references: Soft: 4022, Weak: 1709, Final: 4, Phantom: 592
[5.314s][info][gc,ref      ] GC(180) Discovered  references: Soft: 0, Weak: 94, Final: 1, Phantom: 336
[5.314s][info][gc,ref      ] GC(180) Enqueued    references: Soft: 0, Weak: 0, Final: 0, Phantom: 0
[5.314s][info][gc          ] GC(180) Concurrent weak references 0.165ms
[5.314s][info][gc,start    ] GC(180) Concurrent weak roots
[5.314s][info][gc,task     ] GC(180) Using 2 of 8 workers for concurrent weak root
[5.315s][info][gc          ] GC(180) Concurrent weak roots 0.748ms
[5.315s][info][gc,start    ] GC(180) Concurrent cleanup
[5.315s][info][gc          ] GC(180) Concurrent cleanup 69M->69M(245M) 0.118ms
[5.315s][info][gc,ergo     ] GC(180) Free: 1813M, Max: 512K regular, 1812M humongous, Frag: 1% external, 0% internal; Reserve: 101376K, Max: 512K
[5.315s][info][gc,start    ] GC(180) Concurrent strong roots
[5.315s][info][gc,task     ] GC(180) Using 2 of 8 workers for concurrent strong root
[5.317s][info][gc          ] GC(180) Concurrent strong roots 1.665ms
[5.317s][info][gc,start    ] GC(180) Concurrent evacuation
[5.317s][info][gc,task     ] GC(180) Using 2 of 8 workers for concurrent evacuation
[5.344s][info][gc          ] GC(180) Concurrent evacuation 27.504ms
[5.344s][info][gc,start    ] GC(180) Pause Init Update Refs
[5.344s][info][gc,ergo     ] GC(180) Pacer for Update Refs. Used: 128M, Free: 1813M, Non-Taxable: 181M, Alloc Tax Rate: 1.1x
[5.344s][info][gc          ] GC(180) Pause Init Update Refs 0.055ms
[5.344s][info][gc,start    ] GC(180) Concurrent update references
[5.345s][info][gc,task     ] GC(180) Using 2 of 8 workers for concurrent reference update
[5.416s][info][gc          ] GC(180) Concurrent update references 71.641ms
[5.416s][info][gc,start    ] GC(180) Concurrent update thread roots
[5.416s][info][gc          ] GC(180) Concurrent update thread roots 0.190ms
[5.417s][info][gc,start    ] GC(180) Pause Final Update Refs
[5.417s][info][gc,task     ] GC(180) Using 8 of 8 workers for final reference update
[5.417s][info][gc          ] GC(180) Pause Final Update Refs 0.107ms
[5.417s][info][gc,start    ] GC(180) Concurrent cleanup
[5.417s][info][gc          ] GC(180) Concurrent cleanup 128M->67M(245M) 0.122ms
[5.417s][info][gc,ergo     ] Free: 1814M, Max: 512K regular, 1813M humongous, Frag: 1% external, 0% internal; Reserve: 101888K, Max: 512K
[5.417s][info][gc,stats    ] 
[5.417s][info][gc,stats    ] All times are wall-clock times, except per-root-class counters, that are sum over
[5.417s][info][gc,stats    ] all workers. Dividing the <total> over the root stage time estimates parallelism.
[5.417s][info][gc,stats    ] 
[5.417s][info][gc,stats    ] Concurrent Reset                    516 us
[5.417s][info][gc,stats    ] Pause Init Mark (G)                 117 us
[5.417s][info][gc,stats    ] Pause Init Mark (N)                  78 us
[5.417s][info][gc,stats    ]   Update Region States               17 us
[5.417s][info][gc,stats    ] Concurrent Mark Roots               985 us, parallelism: 1.55x
[5.417s][info][gc,stats    ]   CMR: <total>                     1522 us
[5.417s][info][gc,stats    ]   CMR: Thread Roots                 148 us, workers (us): 107,  41, ---, ---, ---, ---, ---, ---, 
[5.417s][info][gc,stats    ]   CMR: Code Cache Roots            1175 us, workers (us): 461, 715, ---, ---, ---, ---, ---, ---, 
[5.417s][info][gc,stats    ]   CMR: VM Strong Roots                7 us, workers (us):   6,   1, ---, ---, ---, ---, ---, ---, 
[5.417s][info][gc,stats    ]   CMR: CLDG Roots                   192 us, workers (us): 192, ---, ---, ---, ---, ---, ---, ---, 
[5.417s][info][gc,stats    ] Concurrent Marking                53521 us
[5.417s][info][gc,stats    ] Pause Final Mark (G)                389 us
[5.417s][info][gc,stats    ] Pause Final Mark (N)                341 us
[5.417s][info][gc,stats    ]   Finish Mark                       159 us
[5.418s][info][gc,stats    ]   Update Region States               51 us
[5.418s][info][gc,stats    ]   Choose Collection Set              52 us
[5.418s][info][gc,stats    ]   Rebuild Free Set                   19 us
[5.418s][info][gc,stats    ] Concurrent Thread Roots             221 us, parallelism: 0.95x
[5.418s][info][gc,stats    ]   CTR: <total>                      211 us
[5.418s][info][gc,stats    ]   CTR: Thread Roots                 211 us, workers (us): 118,  93, ---, ---, ---, ---, ---, ---, 
[5.418s][info][gc,stats    ] Concurrent Weak References          188 us, parallelism: 0.24x
[5.418s][info][gc,stats    ]   CWRF: <total>                      46 us
[5.418s][info][gc,stats    ]   CWRF: Weak References              46 us, workers (us):  46,   0, ---, ---, ---, ---, ---, ---, 
[5.418s][info][gc,stats    ] Concurrent Weak Roots               818 us
[5.418s][info][gc,stats    ]   Roots                             681 us, parallelism: 0.92x
[5.418s][info][gc,stats    ]     CWR: <total>                    630 us
[5.418s][info][gc,stats    ]     CWR: VM Weak Roots              630 us, workers (us): 629,   0, ---, ---, ---, ---, ---, ---, 
[5.418s][info][gc,stats    ]   Rendezvous                         28 us
[5.418s][info][gc,stats    ] Concurrent Cleanup                  158 us
[5.418s][info][gc,stats    ] Concurrent Strong Roots            1729 us, parallelism: 0.87x
[5.418s][info][gc,stats    ]   CSR: <total>                     1502 us
[5.418s][info][gc,stats    ]   CSR: Code Cache Roots            1180 us, workers (us): 1180,   0, ---, ---, ---, ---, ---, ---, 
[5.418s][info][gc,stats    ]   CSR: VM Strong Roots               12 us, workers (us):  12,   0, ---, ---, ---, ---, ---, ---, 
[5.418s][info][gc,stats    ]   CSR: CLDG Roots                   311 us, workers (us): 311, ---, ---, ---, ---, ---, ---, ---, 
[5.418s][info][gc,stats    ] Concurrent Evacuation             27607 us
[5.418s][info][gc,stats    ] Pause Init Update Refs (G)          111 us
[5.418s][info][gc,stats    ] Pause Init Update Refs (N)           65 us
[5.418s][info][gc,stats    ]   Manage GCLABs                       6 us
[5.418s][info][gc,stats    ] Concurrent Update Refs            71773 us
[5.418s][info][gc,stats    ] Concurrent Update Thread Roots      238 us
[5.418s][info][gc,stats    ] Pause Final Update Refs (G)         153 us
[5.418s][info][gc,stats    ] Pause Final Update Refs (N)         118 us
[5.418s][info][gc,stats    ]   Update Region States               41 us
[5.418s][info][gc,stats    ]   Trash Collection Set                4 us
[5.418s][info][gc,stats    ]   Rebuild Free Set                   23 us
[5.418s][info][gc,stats    ] Concurrent Cleanup                  164 us
[5.418s][info][gc,stats    ] 
[5.418s][info][gc,stats    ] Allocation pacing accrued:
[5.418s][info][gc,stats    ]       0 of   161 ms (  0.0%): <total>
[5.418s][info][gc,stats    ]       0 of   161 ms (  0.0%): <average total>
[5.418s][info][gc,stats    ] 
[5.418s][info][gc,metaspace] Metaspace: 24579K(24960K)->24734K(25088K) NonClass: 21859K(22080K)->21993K(22208K) Class: 2719K(2880K)->2740K(2880K)
[5.418s][info][gc,ergo     ] Pacer for Idle. Initial: 40642K, Alloc Tax Rate: 1.0x
[5.419s][info][gc          ] Trigger: Start next cycle immediately
[5.419s][info][gc,ergo     ] Free: 1814M, Max: 512K regular, 1813M humongous, Frag: 1% external, 0% internal; Reserve: 101888K, Max: 512K
[5.420s][info][gc,start    ] GC(181) Concurrent reset
[5.420s][info][gc,task     ] GC(181) Using 2 of 8 workers for concurrent reset
[5.420s][info][gc,ergo     ] GC(181) Pacer for Reset. Non-Taxable: 1984M
[5.420s][info][gc          ] GC(181) Concurrent reset 0.662ms
[5.420s][info][gc,start    ] GC(181) Pause Init Mark
[5.420s][info][gc,task     ] GC(181) Using 8 of 8 workers for init marking
[5.420s][info][gc,ergo     ] GC(181) Pacer for Mark. Expected Live: 66018K, Free: 1814M, Non-Taxable: 181M, Alloc Tax Rate: 0.0x
[5.420s][info][gc          ] GC(181) Pause Init Mark 0.067ms
[5.420s][info][gc,start    ] GC(181) Concurrent marking roots
[5.420s][info][gc,task     ] GC(181) Using 2 of 8 workers for concurrent marking roots
[5.422s][info][gc          ] GC(181) Concurrent marking roots 1.641ms
[5.422s][info][gc,start    ] GC(181) Concurrent marking
[5.422s][info][gc,task     ] GC(181) Using 2 of 8 workers for concurrent marking
[5.465s][info][gc          ] GC(181) Concurrent marking 42.692ms
[5.474s][info][gc,start    ] GC(181) Pause Final Mark
[5.474s][info][gc,task     ] GC(181) Using 8 of 8 workers for final marking
[5.483s][info][gc,ergo     ] GC(181) Collectable Garbage: 3098K (100%), Immediate: 512K (16%), CSet: 2586K (83%)
[5.483s][info][gc,ergo     ] GC(181) Pacer for Evacuation. Used CSet: 62463K, Free: 1814M, Non-Taxable: 181M, Alloc Tax Rate: 1.1x
[5.483s][info][gc          ] GC(181) Pause Final Mark 9.760ms
[5.483s][info][gc,start    ] GC(181) Concurrent thread roots
[5.483s][info][gc,task     ] GC(181) Using 2 of 8 workers for Concurrent thread roots
[5.484s][info][gc          ] GC(181) Concurrent thread roots 0.219ms
[5.484s][info][gc,start    ] GC(181) Concurrent weak references
[5.484s][info][gc,task     ] GC(181) Using 2 of 8 workers for concurrent weak references
[5.484s][info][gc,ref      ] GC(181) Encountered references: Soft: 4023, Weak: 1710, Final: 4, Phantom: 592
[5.484s][info][gc,ref      ] GC(181) Discovered  references: Soft: 0, Weak: 937, Final: 4, Phantom: 333
[5.484s][info][gc,ref      ] GC(181) Enqueued    references: Soft: 0, Weak: 0, Final: 0, Phantom: 0
[5.484s][info][gc          ] GC(181) Concurrent weak references 0.142ms
[5.484s][info][gc,start    ] GC(181) Concurrent weak roots
[5.484s][info][gc,task     ] GC(181) Using 2 of 8 workers for concurrent weak root
[5.484s][info][gc          ] GC(181) Concurrent weak roots 0.459ms
[5.484s][info][gc,start    ] GC(181) Concurrent cleanup
[5.484s][info][gc          ] GC(181) Concurrent cleanup 69M->68M(245M) 0.112ms
[5.484s][info][gc,ergo     ] GC(181) Free: 1814M, Max: 512K regular, 1813M humongous, Frag: 1% external, 0% internal; Reserve: 101118K, Max: 512K
[5.484s][info][gc,start    ] GC(181) Concurrent strong roots
[5.484s][info][gc,task     ] GC(181) Using 2 of 8 workers for concurrent strong root
[5.486s][info][gc          ] GC(181) Concurrent strong roots 1.742ms
[5.486s][info][gc,start    ] GC(181) Concurrent evacuation
[5.486s][info][gc,task     ] GC(181) Using 2 of 8 workers for concurrent evacuation
[5.515s][info][gc          ] GC(181) Concurrent evacuation 28.924ms
[5.515s][info][gc,start    ] GC(181) Pause Init Update Refs
[5.515s][info][gc,ergo     ] GC(181) Pacer for Update Refs. Used: 128M, Free: 1814M, Non-Taxable: 181M, Alloc Tax Rate: 1.1x
[5.515s][info][gc          ] GC(181) Pause Init Update Refs 0.052ms
[5.515s][info][gc,start    ] GC(181) Concurrent update references
[5.515s][info][gc,task     ] GC(181) Using 2 of 8 workers for concurrent reference update
[5.554s][info][gc          ] GC(181) Concurrent update references 38.417ms
[5.554s][info][gc,start    ] GC(181) Concurrent update thread roots
[5.554s][info][gc          ] GC(181) Concurrent update thread roots 0.185ms
[5.554s][info][gc,start    ] GC(181) Pause Final Update Refs
[5.554s][info][gc,task     ] GC(181) Using 8 of 8 workers for final reference update
[5.554s][info][gc          ] GC(181) Pause Final Update Refs 0.111ms
[5.554s][info][gc,start    ] GC(181) Concurrent cleanup
[5.554s][info][gc          ] GC(181) Concurrent cleanup 128M->67M(245M) 0.093ms
[5.554s][info][gc,ergo     ] Free: 1815M, Max: 512K regular, 1812M humongous, Frag: 1% external, 0% internal; Reserve: 101888K, Max: 512K
[5.554s][info][gc,stats    ] 
[5.554s][info][gc,stats    ] All times are wall-clock times, except per-root-class counters, that are sum over
[5.554s][info][gc,stats    ] all workers. Dividing the <total> over the root stage time estimates parallelism.
[5.554s][info][gc,stats    ] 
[5.554s][info][gc,stats    ] Concurrent Reset                    729 us
[5.554s][info][gc,stats    ] Pause Init Mark (G)                 119 us
[5.554s][info][gc,stats    ] Pause Init Mark (N)                  76 us
[5.554s][info][gc,stats    ]   Update Region States               18 us
[5.554s][info][gc,stats    ] Concurrent Mark Roots              2033 us, parallelism: 0.93x
[5.554s][info][gc,stats    ]   CMR: <total>                     1898 us
[5.554s][info][gc,stats    ]   CMR: Thread Roots                 113 us, workers (us):   0, 113, ---, ---, ---, ---, ---, ---, 
[5.554s][info][gc,stats    ]   CMR: Code Cache Roots            1573 us, workers (us): 1291, 282, ---, ---, ---, ---, ---, ---, 
[5.554s][info][gc,stats    ]   CMR: VM Strong Roots                7 us, workers (us):   7,   0, ---, ---, ---, ---, ---, ---, 
[5.554s][info][gc,stats    ]   CMR: CLDG Roots                   205 us, workers (us): 205, ---, ---, ---, ---, ---, ---, ---, 
[5.554s][info][gc,stats    ] Concurrent Marking                47096 us
[5.554s][info][gc,stats    ] Pause Final Mark (G)              13780 us
[5.554s][info][gc,stats    ] Pause Final Mark (N)               9771 us
[5.554s][info][gc,stats    ]   Finish Mark                      9571 us
[5.554s][info][gc,stats    ]   Update Region States               39 us
[5.554s][info][gc,stats    ]   Choose Collection Set              69 us
[5.555s][info][gc,stats    ]   Rebuild Free Set                   17 us
[5.555s][info][gc,stats    ] Concurrent Thread Roots             236 us, parallelism: 0.69x
[5.555s][info][gc,stats    ]   CTR: <total>                      163 us
[5.555s][info][gc,stats    ]   CTR: Thread Roots                 163 us, workers (us): 163,   0, ---, ---, ---, ---, ---, ---, 
[5.555s][info][gc,stats    ] Concurrent Weak References          151 us, parallelism: 0.89x
[5.555s][info][gc,stats    ]   CWRF: <total>                     134 us
[5.555s][info][gc,stats    ]   CWRF: Weak References             134 us, workers (us):  84,  50, ---, ---, ---, ---, ---, ---, 
[5.555s][info][gc,stats    ] Concurrent Weak Roots               478 us
[5.555s][info][gc,stats    ]   Roots                             397 us, parallelism: 1.75x
[5.555s][info][gc,stats    ]     CWR: <total>                    695 us
[5.555s][info][gc,stats    ]     CWR: VM Weak Roots              695 us, workers (us): 348, 346, ---, ---, ---, ---, ---, ---, 
[5.555s][info][gc,stats    ]   Rendezvous                         44 us
[5.555s][info][gc,stats    ] Concurrent Cleanup                  125 us
[5.555s][info][gc,stats    ] Concurrent Strong Roots            1771 us, parallelism: 0.95x
[5.555s][info][gc,stats    ]   CSR: <total>                     1679 us
[5.555s][info][gc,stats    ]   CSR: Code Cache Roots            1306 us, workers (us): 1306,   0, ---, ---, ---, ---, ---, ---, 
[5.555s][info][gc,stats    ]   CSR: VM Strong Roots               16 us, workers (us):  16,   0, ---, ---, ---, ---, ---, ---, 
[5.555s][info][gc,stats    ]   CSR: CLDG Roots                   357 us, workers (us): 357, ---, ---, ---, ---, ---, ---, ---, 
[5.555s][info][gc,stats    ] Concurrent Evacuation             28964 us
[5.555s][info][gc,stats    ] Pause Init Update Refs (G)          111 us
[5.555s][info][gc,stats    ] Pause Init Update Refs (N)           66 us
[5.555s][info][gc,stats    ]   Manage GCLABs                       7 us
[5.555s][info][gc,stats    ] Concurrent Update Refs            38450 us
[5.555s][info][gc,stats    ] Concurrent Update Thread Roots      199 us
[5.555s][info][gc,stats    ] Pause Final Update Refs (G)         145 us
[5.555s][info][gc,stats    ] Pause Final Update Refs (N)         123 us
[5.555s][info][gc,stats    ]   Update Region States               51 us
[5.555s][info][gc,stats    ]   Trash Collection Set                3 us
[5.555s][info][gc,stats    ]   Rebuild Free Set                   20 us
[5.555s][info][gc,stats    ] Concurrent Cleanup                  108 us
[5.555s][info][gc,stats    ] 
[5.555s][info][gc,stats    ] Allocation pacing accrued:
[5.555s][info][gc,stats    ]       0 of   137 ms (  0.0%): <total>
[5.555s][info][gc,stats    ]       0 of   137 ms (  0.0%): <average total>
[5.555s][info][gc,stats    ] 
[5.555s][info][gc,metaspace] Metaspace: 24734K(25088K)->24734K(25088K) NonClass: 21993K(22208K)->21994K(22208K) Class: 2740K(2880K)->2740K(2880K)
[5.555s][info][gc,ergo     ] Pacer for Idle. Initial: 40642K, Alloc Tax Rate: 1.0x
[5.556s][info][gc          ] Trigger: Start next cycle immediately
[5.556s][info][gc,ergo     ] Free: 1815M, Max: 512K regular, 1812M humongous, Frag: 1% external, 0% internal; Reserve: 101888K, Max: 512K
[5.556s][info][gc,start    ] GC(182) Concurrent reset
[5.556s][info][gc,task     ] GC(182) Using 2 of 8 workers for concurrent reset
[5.556s][info][gc,ergo     ] GC(182) Pacer for Reset. Non-Taxable: 1984M
[5.556s][info][gc          ] GC(182) Concurrent reset 0.399ms
[5.556s][info][gc,start    ] GC(182) Pause Init Mark
[5.556s][info][gc,task     ] GC(182) Using 8 of 8 workers for init marking
[5.556s][info][gc,ergo     ] GC(182) Pacer for Mark. Expected Live: 66096K, Free: 1815M, Non-Taxable: 181M, Alloc Tax Rate: 0.0x
[5.556s][info][gc          ] GC(182) Pause Init Mark 0.077ms
[5.556s][info][gc,start    ] GC(182) Concurrent marking roots
[5.556s][info][gc,task     ] GC(182) Using 2 of 8 workers for concurrent marking roots
[5.558s][info][gc          ] GC(182) Concurrent marking roots 1.553ms
[5.558s][info][gc,start    ] GC(182) Concurrent marking
[5.558s][info][gc,task     ] GC(182) Using 2 of 8 workers for concurrent marking
[5.625s][info][gc          ] GC(182) Concurrent marking 67.179ms
[5.625s][info][gc,start    ] GC(182) Pause Final Mark
[5.625s][info][gc,task     ] GC(182) Using 8 of 8 workers for final marking
[5.626s][info][gc,ergo     ] GC(182) Collectable Garbage: 2587K (100%), Immediate: 512K (19%), CSet: 2075K (80%)
[5.626s][info][gc,ergo     ] GC(182) Pacer for Evacuation. Used CSet: 61952K, Free: 1815M, Non-Taxable: 181M, Alloc Tax Rate: 1.1x
[5.626s][info][gc          ] GC(182) Pause Final Mark 0.293ms
[5.626s][info][gc,start    ] GC(182) Concurrent thread roots
[5.626s][info][gc,task     ] GC(182) Using 2 of 8 workers for Concurrent thread roots
[5.626s][info][gc          ] GC(182) Concurrent thread roots 0.143ms
[5.626s][info][gc,start    ] GC(182) Concurrent weak references
[5.626s][info][gc,task     ] GC(182) Using 2 of 8 workers for concurrent weak references
[5.626s][info][gc,ref      ] GC(182) Encountered references: Soft: 4023, Weak: 1710, Final: 4, Phantom: 592
[5.626s][info][gc,ref      ] GC(182) Discovered  references: Soft: 0, Weak: 539, Final: 1, Phantom: 257
[5.626s][info][gc,ref      ] GC(182) Enqueued    references: Soft: 0, Weak: 0, Final: 0, Phantom: 0
[5.626s][info][gc          ] GC(182) Concurrent weak references 0.109ms
[5.626s][info][gc,start    ] GC(182) Concurrent weak roots
[5.626s][info][gc,task     ] GC(182) Using 2 of 8 workers for concurrent weak root
[5.626s][info][gc          ] GC(182) Concurrent weak roots 0.424ms
[5.626s][info][gc,start    ] GC(182) Concurrent cleanup
[5.626s][info][gc          ] GC(182) Concurrent cleanup 68M->67M(245M) 0.124ms
[5.626s][info][gc,ergo     ] GC(182) Free: 1815M, Max: 512K regular, 1812M humongous, Frag: 1% external, 0% internal; Reserve: 101118K, Max: 512K
[5.626s][info][gc,start    ] GC(182) Concurrent strong roots
[5.626s][info][gc,task     ] GC(182) Using 2 of 8 workers for concurrent strong root
[5.628s][info][gc          ] GC(182) Concurrent strong roots 1.845ms
[5.628s][info][gc,start    ] GC(182) Concurrent evacuation
[5.628s][info][gc,task     ] GC(182) Using 2 of 8 workers for concurrent evacuation
[5.655s][info][gc          ] GC(182) Concurrent evacuation 26.453ms
[5.655s][info][gc,start    ] GC(182) Pause Init Update Refs
[5.655s][info][gc,ergo     ] GC(182) Pacer for Update Refs. Used: 127M, Free: 1814M, Non-Taxable: 181M, Alloc Tax Rate: 1.1x
[5.655s][info][gc          ] GC(182) Pause Init Update Refs 0.053ms
[5.655s][info][gc,start    ] GC(182) Concurrent update references
[5.655s][info][gc,task     ] GC(182) Using 2 of 8 workers for concurrent reference update
[5.693s][info][gc          ] GC(182) Concurrent update references 37.876ms
[5.693s][info][gc,start    ] GC(182) Concurrent update thread roots
[5.693s][info][gc          ] GC(182) Concurrent update thread roots 0.166ms
[5.693s][info][gc,start    ] GC(182) Pause Final Update Refs
[5.693s][info][gc,task     ] GC(182) Using 8 of 8 workers for final reference update
[5.693s][info][gc          ] GC(182) Pause Final Update Refs 0.103ms
[5.693s][info][gc,start    ] GC(182) Concurrent cleanup
[5.693s][info][gc          ] GC(182) Concurrent cleanup 127M->67M(245M) 0.092ms
[5.693s][info][gc,ergo     ] Free: 1815M, Max: 512K regular, 1812M humongous, Frag: 1% external, 0% internal; Reserve: 101888K, Max: 512K
[5.693s][info][gc,stats    ] 
[5.693s][info][gc,stats    ] All times are wall-clock times, except per-root-class counters, that are sum over
[5.693s][info][gc,stats    ] all workers. Dividing the <total> over the root stage time estimates parallelism.
[5.693s][info][gc,stats    ] 
[5.693s][info][gc,stats    ] Concurrent Reset                    411 us
[5.693s][info][gc,stats    ] Pause Init Mark (G)                 117 us
[5.693s][info][gc,stats    ] Pause Init Mark (N)                  86 us
[5.693s][info][gc,stats    ]   Update Region States               16 us
[5.693s][info][gc,stats    ] Concurrent Mark Roots              1571 us, parallelism: 0.93x
[5.693s][info][gc,stats    ]   CMR: <total>                     1466 us
[5.693s][info][gc,stats    ]   CMR: Thread Roots                  99 us, workers (us):  99,   0, ---, ---, ---, ---, ---, ---, 
[5.693s][info][gc,stats    ]   CMR: Code Cache Roots            1143 us, workers (us): 1143,   0, ---, ---, ---, ---, ---, ---, 
[5.693s][info][gc,stats    ]   CMR: VM Strong Roots                7 us, workers (us):   7,   0, ---, ---, ---, ---, ---, ---, 
[5.693s][info][gc,stats    ]   CMR: CLDG Roots                   216 us, workers (us): 216, ---, ---, ---, ---, ---, ---, ---, 
[5.693s][info][gc,stats    ] Concurrent Marking                67221 us
[5.693s][info][gc,stats    ] Pause Final Mark (G)                337 us
[5.694s][info][gc,stats    ] Pause Final Mark (N)                304 us
[5.694s][info][gc,stats    ]   Finish Mark                        98 us
[5.694s][info][gc,stats    ]   Update Region States               55 us
[5.694s][info][gc,stats    ]   Choose Collection Set              59 us
[5.694s][info][gc,stats    ]   Rebuild Free Set                   21 us
[5.694s][info][gc,stats    ] Concurrent Thread Roots             154 us, parallelism: 1.33x
[5.694s][info][gc,stats    ]   CTR: <total>                      205 us
[5.694s][info][gc,stats    ]   CTR: Thread Roots                 205 us, workers (us): 103, 102, ---, ---, ---, ---, ---, ---, 
[5.694s][info][gc,stats    ] Concurrent Weak References          117 us, parallelism: 0.84x
[5.694s][info][gc,stats    ]   CWRF: <total>                      99 us
[5.694s][info][gc,stats    ]   CWRF: Weak References              99 us, workers (us):  57,  42, ---, ---, ---, ---, ---, ---, 
[5.694s][info][gc,stats    ] Concurrent Weak Roots               436 us
[5.694s][info][gc,stats    ]   Roots                             381 us, parallelism: 1.74x
[5.694s][info][gc,stats    ]     CWR: <total>                    663 us
[5.694s][info][gc,stats    ]     CWR: VM Weak Roots              663 us, workers (us): 330, 332, ---, ---, ---, ---, ---, ---, 
[5.694s][info][gc,stats    ]   Rendezvous                         26 us
[5.694s][info][gc,stats    ] Concurrent Cleanup                  133 us
[5.694s][info][gc,stats    ] Concurrent Strong Roots            1869 us, parallelism: 0.95x
[5.694s][info][gc,stats    ]   CSR: <total>                     1780 us
[5.694s][info][gc,stats    ]   CSR: Code Cache Roots            1413 us, workers (us): 1413,   0, ---, ---, ---, ---, ---, ---, 
[5.694s][info][gc,stats    ]   CSR: VM Strong Roots               15 us, workers (us):  15,   0, ---, ---, ---, ---, ---, ---, 
[5.694s][info][gc,stats    ]   CSR: CLDG Roots                   352 us, workers (us): 352, ---, ---, ---, ---, ---, ---, ---, 
[5.694s][info][gc,stats    ] Concurrent Evacuation             26503 us
[5.694s][info][gc,stats    ] Pause Init Update Refs (G)          108 us
[5.694s][info][gc,stats    ] Pause Init Update Refs (N)           64 us
[5.694s][info][gc,stats    ]   Manage GCLABs                       7 us
[5.694s][info][gc,stats    ] Concurrent Update Refs            37912 us
[5.694s][info][gc,stats    ] Concurrent Update Thread Roots      177 us
[5.694s][info][gc,stats    ] Pause Final Update Refs (G)         140 us
[5.694s][info][gc,stats    ] Pause Final Update Refs (N)         119 us
[5.694s][info][gc,stats    ]   Update Region States               40 us
[5.694s][info][gc,stats    ]   Trash Collection Set                3 us
[5.694s][info][gc,stats    ]   Rebuild Free Set                   20 us
[5.694s][info][gc,stats    ] Concurrent Cleanup                  101 us
[5.694s][info][gc,stats    ] 
[5.694s][info][gc,stats    ] Allocation pacing accrued:
[5.694s][info][gc,stats    ]       0 of   139 ms (  0.0%): <total>
[5.694s][info][gc,stats    ]       0 of   139 ms (  0.0%): <average total>
[5.694s][info][gc,stats    ] 
[5.694s][info][gc,metaspace] Metaspace: 24734K(25088K)->24734K(25088K) NonClass: 21994K(22208K)->21994K(22208K) Class: 2740K(2880K)->2740K(2880K)
[5.694s][info][gc,ergo     ] Pacer for Idle. Initial: 40642K, Alloc Tax Rate: 1.0x
[5.695s][info][gc          ] Trigger: Start next cycle immediately
[5.695s][info][gc,ergo     ] Free: 1815M, Max: 512K regular, 1812M humongous, Frag: 1% external, 0% internal; Reserve: 101888K, Max: 512K
[5.695s][info][gc,start    ] GC(183) Concurrent reset
[5.695s][info][gc,task     ] GC(183) Using 2 of 8 workers for concurrent reset
[5.695s][info][gc,ergo     ] GC(183) Pacer for Reset. Non-Taxable: 1984M
[5.695s][info][gc          ] GC(183) Concurrent reset 0.392ms
[5.695s][info][gc,start    ] GC(183) Pause Init Mark (unload classes)
[5.695s][info][gc,task     ] GC(183) Using 8 of 8 workers for init marking
[5.695s][info][gc,ergo     ] GC(183) Pacer for Mark. Expected Live: 66137K, Free: 1815M, Non-Taxable: 181M, Alloc Tax Rate: 0.0x
[5.695s][info][gc          ] GC(183) Pause Init Mark (unload classes) 0.072ms
[5.695s][info][gc,start    ] GC(183) Concurrent marking roots
[5.695s][info][gc,task     ] GC(183) Using 2 of 8 workers for concurrent marking roots
[5.696s][info][gc          ] GC(183) Concurrent marking roots 0.297ms
[5.696s][info][gc,start    ] GC(183) Concurrent marking (unload classes)
[5.696s][info][gc,task     ] GC(183) Using 2 of 8 workers for concurrent marking
[5.734s][info][gc          ] GC(183) Concurrent marking (unload classes) 37.961ms
[5.734s][info][gc,start    ] GC(183) Pause Final Mark (unload classes)
[5.734s][info][gc,task     ] GC(183) Using 8 of 8 workers for final marking
[5.734s][info][gc,ergo     ] GC(183) Collectable Garbage: 2587K (100%), Immediate: 512K (19%), CSet: 2075K (80%)
[5.734s][info][gc,ergo     ] GC(183) Pacer for Evacuation. Used CSet: 61952K, Free: 1815M, Non-Taxable: 181M, Alloc Tax Rate: 1.1x
[5.734s][info][gc          ] GC(183) Pause Final Mark (unload classes) 0.242ms
[5.734s][info][gc,start    ] GC(183) Concurrent thread roots
[5.734s][info][gc,task     ] GC(183) Using 2 of 8 workers for Concurrent thread roots
[5.734s][info][gc          ] GC(183) Concurrent thread roots 0.177ms
[5.734s][info][gc,start    ] GC(183) Concurrent weak references
[5.734s][info][gc,task     ] GC(183) Using 2 of 8 workers for concurrent weak references
[5.734s][info][gc,ref      ] GC(183) Encountered references: Soft: 4023, Weak: 1710, Final: 4, Phantom: 592
[5.734s][info][gc,ref      ] GC(183) Discovered  references: Soft: 0, Weak: 337, Final: 0, Phantom: 258
[5.734s][info][gc,ref      ] GC(183) Enqueued    references: Soft: 0, Weak: 0, Final: 0, Phantom: 0
[5.734s][info][gc          ] GC(183) Concurrent weak references 0.131ms
[5.734s][info][gc,start    ] GC(183) Concurrent weak roots
[5.734s][info][gc,task     ] GC(183) Using 2 of 8 workers for concurrent weak root
[5.735s][info][gc          ] GC(183) Concurrent weak roots 0.879ms
[5.735s][info][gc,start    ] GC(183) Concurrent cleanup
[5.735s][info][gc          ] GC(183) Concurrent cleanup 68M->67M(245M) 0.101ms
[5.735s][info][gc,ergo     ] GC(183) Free: 1815M, Max: 512K regular, 1812M humongous, Frag: 1% external, 0% internal; Reserve: 101376K, Max: 512K
[5.735s][info][gc,start    ] GC(183) Concurrent class unloading
[5.735s][info][gc,task     ] GC(183) Using 2 of 8 workers for concurrent class unloading
[5.737s][info][gc          ] GC(183) Concurrent class unloading 1.572ms
[5.737s][info][gc,start    ] GC(183) Concurrent strong roots
[5.737s][info][gc,task     ] GC(183) Using 2 of 8 workers for concurrent strong root
[5.737s][info][gc          ] GC(183) Concurrent strong roots 0.387ms
[5.737s][info][gc,start    ] GC(183) Concurrent evacuation
[5.737s][info][gc,task     ] GC(183) Using 2 of 8 workers for concurrent evacuation
[5.761s][info][gc          ] GC(183) Concurrent evacuation 24.052ms
[5.762s][info][gc,start    ] GC(183) Pause Init Update Refs
[5.762s][info][gc,ergo     ] GC(183) Pacer for Update Refs. Used: 127M, Free: 1814M, Non-Taxable: 181M, Alloc Tax Rate: 1.1x
[5.762s][info][gc          ] GC(183) Pause Init Update Refs 0.048ms
[5.762s][info][gc,start    ] GC(183) Concurrent update references
[5.762s][info][gc,task     ] GC(183) Using 2 of 8 workers for concurrent reference update
[5.792s][info][gc          ] GC(183) Concurrent update references 30.034ms
[5.792s][info][gc,start    ] GC(183) Concurrent update thread roots
[5.796s][info][gc          ] GC(183) Concurrent update thread roots 3.850ms
[5.796s][info][gc,start    ] GC(183) Pause Final Update Refs
[5.796s][info][gc,task     ] GC(183) Using 8 of 8 workers for final reference update
[5.796s][info][gc          ] GC(183) Pause Final Update Refs 0.100ms
[5.796s][info][gc,start    ] GC(183) Concurrent cleanup
[5.796s][info][gc          ] GC(183) Concurrent cleanup 127M->66M(245M) 0.118ms
[5.796s][info][gc,ergo     ] Free: 1815M, Max: 512K regular, 1813M humongous, Frag: 1% external, 0% internal; Reserve: 101888K, Max: 512K
[5.796s][info][gc,stats    ] 
[5.796s][info][gc,stats    ] All times are wall-clock times, except per-root-class counters, that are sum over
[5.796s][info][gc,stats    ] all workers. Dividing the <total> over the root stage time estimates parallelism.
[5.796s][info][gc,stats    ] 
[5.796s][info][gc,stats    ] Concurrent Reset                    404 us
[5.796s][info][gc,stats    ] Pause Init Mark (G)                 110 us
[5.796s][info][gc,stats    ] Pause Init Mark (N)                  82 us
[5.796s][info][gc,stats    ]   Update Region States               15 us
[5.796s][info][gc,stats    ] Concurrent Mark Roots               315 us, parallelism: 0.69x
[5.796s][info][gc,stats    ]   CMR: <total>                      218 us
[5.796s][info][gc,stats    ]   CMR: Thread Roots                 100 us, workers (us): 100,   0, ---, ---, ---, ---, ---, ---, 
[5.796s][info][gc,stats    ]   CMR: VM Strong Roots                8 us, workers (us):   7,   0, ---, ---, ---, ---, ---, ---, 
[5.796s][info][gc,stats    ]   CMR: CLDG Roots                   110 us, workers (us): 110, ---, ---, ---, ---, ---, ---, ---, 
[5.796s][info][gc,stats    ] Concurrent Marking                37992 us
[5.796s][info][gc,stats    ] Pause Final Mark (G)                296 us
[5.796s][info][gc,stats    ] Pause Final Mark (N)                260 us
[5.796s][info][gc,stats    ]   Finish Mark                        90 us
[5.796s][info][gc,stats    ]   Update Region States               34 us
[5.796s][info][gc,stats    ]   Choose Collection Set              49 us
[5.796s][info][gc,stats    ]   Rebuild Free Set                   18 us
[5.796s][info][gc,stats    ] Concurrent Thread Roots             188 us, parallelism: 0.77x
[5.796s][info][gc,stats    ]   CTR: <total>                      145 us
[5.796s][info][gc,stats    ]   CTR: Thread Roots                 145 us, workers (us): 145,   0, ---, ---, ---, ---, ---, ---, 
[5.796s][info][gc,stats    ] Concurrent Weak References          139 us, parallelism: 0.94x
[5.796s][info][gc,stats    ]   CWRF: <total>                     131 us
[5.796s][info][gc,stats    ]   CWRF: Weak References             131 us, workers (us):  64,  67, ---, ---, ---, ---, ---, ---, 
[5.796s][info][gc,stats    ] Concurrent Weak Roots               889 us
[5.796s][info][gc,stats    ]   Roots                             832 us, parallelism: 1.87x
[5.796s][info][gc,stats    ]     CWR: <total>                   1556 us
[5.796s][info][gc,stats    ]     CWR: Code Cache Roots           881 us, workers (us): 436, 446, ---, ---, ---, ---, ---, ---, 
[5.796s][info][gc,stats    ]     CWR: VM Weak Roots              660 us, workers (us): 331, 329, ---, ---, ---, ---, ---, ---, 
[5.796s][info][gc,stats    ]     CWR: CLDG Roots                  15 us, workers (us):  15, ---, ---, ---, ---, ---, ---, ---, 
[5.796s][info][gc,stats    ]   Rendezvous                         31 us
[5.796s][info][gc,stats    ] Concurrent Cleanup                  110 us
[5.796s][info][gc,stats    ] Concurrent Class Unloading         1584 us
[5.796s][info][gc,stats    ]   Unlink Stale                     1456 us
[5.796s][info][gc,stats    ]     System Dictionary                31 us
[5.796s][info][gc,stats    ]     Weak Class Links                  0 us
[5.796s][info][gc,stats    ]     Code Roots                     1424 us
[5.796s][info][gc,stats    ]   Rendezvous                         31 us
[5.796s][info][gc,stats    ]   Purge Unlinked                     67 us
[5.796s][info][gc,stats    ]     Code Roots                       52 us
[5.796s][info][gc,stats    ]     CLDG                             15 us
[5.796s][info][gc,stats    ]     Exception Caches                  0 us
[5.796s][info][gc,stats    ] Concurrent Strong Roots             407 us, parallelism: 0.80x
[5.796s][info][gc,stats    ]   CSR: <total>                      326 us
[5.796s][info][gc,stats    ]   CSR: VM Strong Roots               11 us, workers (us):  11,   0, ---, ---, ---, ---, ---, ---, 
[5.796s][info][gc,stats    ]   CSR: CLDG Roots                   315 us, workers (us): 315, ---, ---, ---, ---, ---, ---, ---, 
[5.796s][info][gc,stats    ] Concurrent Evacuation             24086 us
[5.796s][info][gc,stats    ] Pause Init Update Refs (G)          101 us
[5.796s][info][gc,stats    ] Pause Init Update Refs (N)           58 us
[5.796s][info][gc,stats    ]   Manage GCLABs                       5 us
[5.796s][info][gc,stats    ] Concurrent Update Refs            30068 us
[5.797s][info][gc,stats    ] Concurrent Update Thread Roots     3885 us
[5.797s][info][gc,stats    ] Pause Final Update Refs (G)         138 us
[5.797s][info][gc,stats    ] Pause Final Update Refs (N)         110 us
[5.797s][info][gc,stats    ]   Update Region States               38 us
[5.797s][info][gc,stats    ]   Trash Collection Set                3 us
[5.797s][info][gc,stats    ]   Rebuild Free Set                   21 us
[5.797s][info][gc,stats    ] Concurrent Cleanup                  134 us
[5.797s][info][gc,stats    ] 
[5.797s][info][gc,stats    ] Allocation pacing accrued:
[5.797s][info][gc,stats    ]       0 of   103 ms (  0.0%): <total>
[5.797s][info][gc,stats    ]       0 of   103 ms (  0.0%): <average total>
[5.797s][info][gc,stats    ] 
[5.797s][info][gc,metaspace] Metaspace: 24734K(25088K)->24734K(25088K) NonClass: 21994K(22208K)->21994K(22208K) Class: 2740K(2880K)->2740K(2880K)
[5.797s][info][gc,ergo     ] Pacer for Idle. Initial: 40642K, Alloc Tax Rate: 1.0x
[5.798s][info][gc          ] Trigger: Start next cycle immediately
[5.798s][info][gc,ergo     ] Free: 1815M, Max: 512K regular, 1813M humongous, Frag: 1% external, 0% internal; Reserve: 101888K, Max: 512K
[5.798s][info][gc,start    ] GC(184) Concurrent reset
[5.798s][info][gc,task     ] GC(184) Using 2 of 8 workers for concurrent reset
[5.798s][info][gc,ergo     ] GC(184) Pacer for Reset. Non-Taxable: 1984M
[5.798s][info][gc          ] GC(184) Concurrent reset 0.404ms
[5.798s][info][gc,start    ] GC(184) Pause Init Mark (unload classes)
[5.798s][info][gc,task     ] GC(184) Using 8 of 8 workers for init marking
[5.798s][info][gc,ergo     ] GC(184) Pacer for Mark. Expected Live: 66142K, Free: 1815M, Non-Taxable: 181M, Alloc Tax Rate: 0.0x
[5.798s][info][gc          ] GC(184) Pause Init Mark (unload classes) 0.073ms
[5.798s][info][gc,start    ] GC(184) Concurrent marking roots
[5.798s][info][gc,task     ] GC(184) Using 2 of 8 workers for concurrent marking roots
[5.798s][info][gc          ] GC(184) Concurrent marking roots 0.200ms
[5.799s][info][gc,start    ] GC(184) Concurrent marking (unload classes)
[5.799s][info][gc,task     ] GC(184) Using 2 of 8 workers for concurrent marking
[5.842s][info][gc          ] GC(184) Concurrent marking (unload classes) 43.628ms
[5.842s][info][gc,start    ] GC(184) Pause Final Mark (unload classes)
[5.842s][info][gc,task     ] GC(184) Using 8 of 8 workers for final marking
[5.848s][info][gc,ergo     ] GC(184) Collectable Garbage: 2075K (100%), Immediate: 512K (24%), CSet: 1563K (75%)
[5.849s][info][gc,ergo     ] GC(184) Pacer for Evacuation. Used CSet: 61440K, Free: 1815M, Non-Taxable: 181M, Alloc Tax Rate: 1.1x
[5.849s][info][gc          ] GC(184) Pause Final Mark (unload classes) 6.361ms
[5.849s][info][gc,start    ] GC(184) Concurrent thread roots
[5.849s][info][gc,task     ] GC(184) Using 2 of 8 workers for Concurrent thread roots
[5.849s][info][gc          ] GC(184) Concurrent thread roots 0.162ms
[5.849s][info][gc,start    ] GC(184) Concurrent weak references
[5.849s][info][gc,task     ] GC(184) Using 2 of 8 workers for concurrent weak references
[5.849s][info][gc,ref      ] GC(184) Encountered references: Soft: 4023, Weak: 1710, Final: 4, Phantom: 592
[5.849s][info][gc,ref      ] GC(184) Discovered  references: Soft: 0, Weak: 867, Final: 1, Phantom: 204
[5.849s][info][gc,ref      ] GC(184) Enqueued    references: Soft: 0, Weak: 0, Final: 0, Phantom: 0
[5.849s][info][gc          ] GC(184) Concurrent weak references 0.140ms
[5.849s][info][gc,start    ] GC(184) Concurrent weak roots
[5.849s][info][gc,task     ] GC(184) Using 2 of 8 workers for concurrent weak root
[5.850s][info][gc          ] GC(184) Concurrent weak roots 1.241ms
[5.850s][info][gc,start    ] GC(184) Concurrent cleanup
[5.850s][info][gc          ] GC(184) Concurrent cleanup 68M->68M(245M) 0.107ms
[5.850s][info][gc,ergo     ] GC(184) Free: 1814M, Max: 512K regular, 1813M humongous, Frag: 1% external, 0% internal; Reserve: 101249K, Max: 512K
[5.850s][info][gc,start    ] GC(184) Concurrent class unloading
[5.850s][info][gc,task     ] GC(184) Using 2 of 8 workers for concurrent class unloading
[5.854s][info][gc          ] GC(184) Concurrent class unloading 3.520ms
[5.854s][info][gc,start    ] GC(184) Concurrent strong roots
[5.854s][info][gc,task     ] GC(184) Using 2 of 8 workers for concurrent strong root
[5.854s][info][gc          ] GC(184) Concurrent strong roots 0.394ms
[5.854s][info][gc,start    ] GC(184) Concurrent evacuation
[5.854s][info][gc,task     ] GC(184) Using 2 of 8 workers for concurrent evacuation
[5.873s][info][gc          ] GC(184) Concurrent evacuation 18.357ms
[5.873s][info][gc,start    ] GC(184) Pause Init Update Refs
[5.873s][info][gc,ergo     ] GC(184) Pacer for Update Refs. Used: 127M, Free: 1814M, Non-Taxable: 181M, Alloc Tax Rate: 1.1x
[5.873s][info][gc          ] GC(184) Pause Init Update Refs 0.045ms
[5.873s][info][gc,start    ] GC(184) Concurrent update references
[5.873s][info][gc,task     ] GC(184) Using 2 of 8 workers for concurrent reference update
[5.897s][info][gc          ] GC(184) Concurrent update references 23.895ms
[5.897s][info][gc,start    ] GC(184) Concurrent update thread roots
[5.897s][info][gc          ] GC(184) Concurrent update thread roots 0.178ms
[5.897s][info][gc,start    ] GC(184) Pause Final Update Refs
[5.897s][info][gc,task     ] GC(184) Using 8 of 8 workers for final reference update
[5.897s][info][gc          ] GC(184) Pause Final Update Refs 0.117ms
[5.897s][info][gc,start    ] GC(184) Concurrent cleanup
[5.897s][info][gc          ] GC(184) Concurrent cleanup 127M->67M(245M) 0.093ms
[5.897s][info][gc,ergo     ] Free: 1815M, Max: 512K regular, 1813M humongous, Frag: 1% external, 0% internal; Reserve: 101888K, Max: 512K
[5.897s][info][gc,stats    ] 
[5.897s][info][gc,stats    ] All times are wall-clock times, except per-root-class counters, that are sum over
[5.897s][info][gc,stats    ] all workers. Dividing the <total> over the root stage time estimates parallelism.
[5.897s][info][gc,stats    ] 
[5.897s][info][gc,stats    ] Concurrent Reset                    420 us
[5.897s][info][gc,stats    ] Pause Init Mark (G)                 111 us
[5.897s][info][gc,stats    ] Pause Init Mark (N)                  83 us
[5.897s][info][gc,stats    ]   Update Region States               15 us
[5.897s][info][gc,stats    ] Concurrent Mark Roots               210 us, parallelism: 1.08x
[5.897s][info][gc,stats    ]   CMR: <total>                      226 us
[5.897s][info][gc,stats    ]   CMR: Thread Roots                 101 us, workers (us): 101,   0, ---, ---, ---, ---, ---, ---, 
[5.897s][info][gc,stats    ]   CMR: VM Strong Roots                9 us, workers (us):   6,   3, ---, ---, ---, ---, ---, ---, 
[5.897s][info][gc,stats    ]   CMR: CLDG Roots                   116 us, workers (us): ---, 116, ---, ---, ---, ---, ---, ---, 
[5.897s][info][gc,stats    ] Concurrent Marking                43660 us
[5.897s][info][gc,stats    ] Pause Final Mark (G)               6405 us
[5.897s][info][gc,stats    ] Pause Final Mark (N)               6371 us
[5.897s][info][gc,stats    ]   Finish Mark                      6198 us
[5.897s][info][gc,stats    ]   Update Region States               34 us
[5.897s][info][gc,stats    ]   Choose Collection Set              58 us
[5.897s][info][gc,stats    ]   Rebuild Free Set                   16 us
[5.897s][info][gc,stats    ] Concurrent Thread Roots             174 us, parallelism: 0.79x
[5.897s][info][gc,stats    ]   CTR: <total>                      138 us
[5.897s][info][gc,stats    ]   CTR: Thread Roots                 138 us, workers (us): 114,  23, ---, ---, ---, ---, ---, ---, 
[5.897s][info][gc,stats    ] Concurrent Weak References          148 us, parallelism: 0.80x
[5.897s][info][gc,stats    ]   CWRF: <total>                     118 us
[5.897s][info][gc,stats    ]   CWRF: Weak References             118 us, workers (us):  37,  81, ---, ---, ---, ---, ---, ---, 
[5.897s][info][gc,stats    ] Concurrent Weak Roots              1258 us
[5.897s][info][gc,stats    ]   Roots                            1185 us, parallelism: 1.47x
[5.897s][info][gc,stats    ]     CWR: <total>                   1741 us
[5.897s][info][gc,stats    ]     CWR: Code Cache Roots           889 us, workers (us): 456, 433, ---, ---, ---, ---, ---, ---, 
[5.897s][info][gc,stats    ]     CWR: VM Weak Roots              830 us, workers (us): 673, 156, ---, ---, ---, ---, ---, ---, 
[5.897s][info][gc,stats    ]     CWR: CLDG Roots                  23 us, workers (us): ---,  23, ---, ---, ---, ---, ---, ---, 
[5.897s][info][gc,stats    ]   Rendezvous                         39 us
[5.897s][info][gc,stats    ] Concurrent Cleanup                  117 us
[5.898s][info][gc,stats    ] Concurrent Class Unloading         3538 us
[5.898s][info][gc,stats    ]   Unlink Stale                     3407 us
[5.898s][info][gc,stats    ]     System Dictionary                67 us
[5.898s][info][gc,stats    ]     Weak Class Links                  0 us
[5.898s][info][gc,stats    ]     Code Roots                     3339 us
[5.898s][info][gc,stats    ]   Rendezvous                         21 us
[5.898s][info][gc,stats    ]   Purge Unlinked                     73 us
[5.898s][info][gc,stats    ]     Code Roots                       68 us
[5.898s][info][gc,stats    ]     CLDG                              4 us
[5.898s][info][gc,stats    ]     Exception Caches                  0 us
[5.898s][info][gc,stats    ] Concurrent Strong Roots             410 us, parallelism: 0.84x
[5.898s][info][gc,stats    ]   CSR: <total>                      346 us
[5.898s][info][gc,stats    ]   CSR: VM Strong Roots               12 us, workers (us):   8,   4, ---, ---, ---, ---, ---, ---, 
[5.898s][info][gc,stats    ]   CSR: CLDG Roots                   334 us, workers (us): ---, 334, ---, ---, ---, ---, ---, ---, 
[5.898s][info][gc,stats    ] Concurrent Evacuation             18383 us
[5.898s][info][gc,stats    ] Pause Init Update Refs (G)          142 us
[5.898s][info][gc,stats    ] Pause Init Update Refs (N)           55 us
[5.898s][info][gc,stats    ]   Manage GCLABs                       6 us
[5.898s][info][gc,stats    ] Concurrent Update Refs            23937 us
[5.898s][info][gc,stats    ] Concurrent Update Thread Roots      189 us
[5.898s][info][gc,stats    ] Pause Final Update Refs (G)         159 us
[5.898s][info][gc,stats    ] Pause Final Update Refs (N)         133 us
[5.898s][info][gc,stats    ]   Update Region States               33 us
[5.898s][info][gc,stats    ]   Trash Collection Set                4 us
[5.898s][info][gc,stats    ]   Rebuild Free Set                   20 us
[5.898s][info][gc,stats    ] Concurrent Cleanup                  104 us
[5.898s][info][gc,stats    ] 
[5.898s][info][gc,stats    ] Allocation pacing accrued:
[5.898s][info][gc,stats    ]       0 of   101 ms (  0.0%): <total>
[5.898s][info][gc,stats    ]       0 of   101 ms (  0.0%): <average total>
[5.898s][info][gc,stats    ] 
[5.898s][info][gc,metaspace] Metaspace: 24734K(25088K)->24734K(25088K) NonClass: 21994K(22208K)->21994K(22208K) Class: 2740K(2880K)->2740K(2880K)
[5.898s][info][gc,ergo     ] Pacer for Idle. Initial: 40642K, Alloc Tax Rate: 1.0x
[5.899s][info][gc          ] Trigger: Start next cycle immediately
[5.899s][info][gc,ergo     ] Free: 1815M, Max: 512K regular, 1813M humongous, Frag: 1% external, 0% internal; Reserve: 101888K, Max: 512K
[5.899s][info][gc,start    ] GC(185) Concurrent reset
[5.899s][info][gc,task     ] GC(185) Using 2 of 8 workers for concurrent reset
[5.899s][info][gc,ergo     ] GC(185) Pacer for Reset. Non-Taxable: 1984M
[5.899s][info][gc          ] GC(185) Concurrent reset 0.380ms
[5.899s][info][gc,start    ] GC(185) Pause Init Mark
[5.899s][info][gc,task     ] GC(185) Using 8 of 8 workers for init marking
[5.899s][info][gc,ergo     ] GC(185) Pacer for Mark. Expected Live: 66147K, Free: 1815M, Non-Taxable: 181M, Alloc Tax Rate: 0.0x
[5.899s][info][gc          ] GC(185) Pause Init Mark 0.061ms
[5.900s][info][gc,start    ] GC(185) Concurrent marking roots
[5.900s][info][gc,task     ] GC(185) Using 2 of 8 workers for concurrent marking roots
[5.900s][info][gc          ] GC(185) Concurrent marking roots 0.853ms
[5.900s][info][gc,start    ] GC(185) Concurrent marking
[5.900s][info][gc,task     ] GC(185) Using 2 of 8 workers for concurrent marking
[5.924s][info][gc          ] GC(185) Concurrent marking 23.544ms
[5.924s][info][gc,start    ] GC(185) Pause Final Mark
[5.924s][info][gc,task     ] GC(185) Using 8 of 8 workers for final marking
[5.924s][info][gc,ergo     ] GC(185) Collectable Garbage: 2586K (100%), Immediate: 511K (19%), CSet: 2075K (80%)
[5.924s][info][gc,ergo     ] GC(185) Pacer for Evacuation. Used CSet: 61951K, Free: 1814M, Non-Taxable: 181M, Alloc Tax Rate: 1.1x
[5.924s][info][gc          ] GC(185) Pause Final Mark 0.204ms
[5.924s][info][gc,start    ] GC(185) Concurrent thread roots
[5.924s][info][gc,task     ] GC(185) Using 2 of 8 workers for Concurrent thread roots
[5.924s][info][gc          ] GC(185) Concurrent thread roots 0.138ms
[5.924s][info][gc,start    ] GC(185) Concurrent weak references
[5.924s][info][gc,task     ] GC(185) Using 2 of 8 workers for concurrent weak references
[5.924s][info][gc,ref      ] GC(185) Encountered references: Soft: 4023, Weak: 1710, Final: 4, Phantom: 592
[5.925s][info][gc,ref      ] GC(185) Discovered  references: Soft: 0, Weak: 803, Final: 0, Phantom: 335
[5.925s][info][gc,ref      ] GC(185) Enqueued    references: Soft: 0, Weak: 0, Final: 0, Phantom: 0
[5.925s][info][gc          ] GC(185) Concurrent weak references 0.168ms
[5.925s][info][gc,start    ] GC(185) Concurrent weak roots
[5.925s][info][gc,task     ] GC(185) Using 2 of 8 workers for concurrent weak root
[5.925s][info][gc          ] GC(185) Concurrent weak roots 0.430ms
[5.925s][info][gc,start    ] GC(185) Concurrent cleanup
[5.925s][info][gc          ] GC(185) Concurrent cleanup 68M->68M(245M) 0.078ms
[5.925s][info][gc,ergo     ] GC(185) Free: 1814M, Max: 512K regular, 1813M humongous, Frag: 1% external, 0% internal; Reserve: 101118K, Max: 512K
[5.925s][info][gc,start    ] GC(185) Concurrent strong roots
[5.925s][info][gc,task     ] GC(185) Using 2 of 8 workers for concurrent strong root
[5.926s][info][gc          ] GC(185) Concurrent strong roots 0.914ms
[5.926s][info][gc,start    ] GC(185) Concurrent evacuation
[5.926s][info][gc,task     ] GC(185) Using 2 of 8 workers for concurrent evacuation
[5.941s][info][gc          ] GC(185) Concurrent evacuation 14.976ms
[5.941s][info][gc,start    ] GC(185) Pause Init Update Refs
[5.941s][info][gc,ergo     ] GC(185) Pacer for Update Refs. Used: 128M, Free: 1814M, Non-Taxable: 181M, Alloc Tax Rate: 1.1x
[5.941s][info][gc          ] GC(185) Pause Init Update Refs 0.041ms
[5.941s][info][gc,start    ] GC(185) Concurrent update references
[5.941s][info][gc,task     ] GC(185) Using 2 of 8 workers for concurrent reference update
[5.966s][info][gc          ] GC(185) Concurrent update references 24.393ms
[5.966s][info][gc,start    ] GC(185) Concurrent update thread roots
[5.966s][info][gc          ] GC(185) Concurrent update thread roots 0.285ms
[5.966s][info][gc,start    ] GC(185) Pause Final Update Refs
[5.966s][info][gc,task     ] GC(185) Using 8 of 8 workers for final reference update
[5.966s][info][gc          ] GC(185) Pause Final Update Refs 0.106ms
[5.966s][info][gc,start    ] GC(185) Concurrent cleanup
[5.966s][info][gc          ] GC(185) Concurrent cleanup 128M->67M(245M) 0.087ms
[5.966s][info][gc,ergo     ] Free: 1814M, Max: 512K regular, 1812M humongous, Frag: 1% external, 0% internal; Reserve: 101888K, Max: 512K
[5.966s][info][gc,stats    ] 
[5.966s][info][gc,stats    ] All times are wall-clock times, except per-root-class counters, that are sum over
[5.966s][info][gc,stats    ] all workers. Dividing the <total> over the root stage time estimates parallelism.
[5.966s][info][gc,stats    ] 
[5.966s][info][gc,stats    ] Concurrent Reset                    400 us
[5.966s][info][gc,stats    ] Pause Init Mark (G)                  96 us
[5.966s][info][gc,stats    ] Pause Init Mark (N)                  70 us
[5.966s][info][gc,stats    ]   Update Region States               14 us
[5.966s][info][gc,stats    ] Concurrent Mark Roots               879 us, parallelism: 1.70x
[5.966s][info][gc,stats    ]   CMR: <total>                     1494 us
[5.966s][info][gc,stats    ]   CMR: Thread Roots                 106 us, workers (us):  76,  29, ---, ---, ---, ---, ---, ---, 
[5.966s][info][gc,stats    ]   CMR: Code Cache Roots            1123 us, workers (us): 667, 456, ---, ---, ---, ---, ---, ---, 
[5.966s][info][gc,stats    ]   CMR: VM Strong Roots                7 us, workers (us):   5,   3, ---, ---, ---, ---, ---, ---, 
[5.966s][info][gc,stats    ]   CMR: CLDG Roots                   258 us, workers (us): ---, 258, ---, ---, ---, ---, ---, ---, 
[5.966s][info][gc,stats    ] Concurrent Marking                23577 us
[5.966s][info][gc,stats    ] Pause Final Mark (G)                235 us
[5.966s][info][gc,stats    ] Pause Final Mark (N)                214 us
[5.966s][info][gc,stats    ]   Finish Mark                        75 us
[5.966s][info][gc,stats    ]   Update Region States               23 us
[5.966s][info][gc,stats    ]   Choose Collection Set              43 us
[5.966s][info][gc,stats    ]   Rebuild Free Set                   17 us
[5.966s][info][gc,stats    ] Concurrent Thread Roots             152 us, parallelism: 1.19x
[5.966s][info][gc,stats    ]   CTR: <total>                      180 us
[5.966s][info][gc,stats    ]   CTR: Thread Roots                 180 us, workers (us):  95,  85, ---, ---, ---, ---, ---, ---, 
[5.966s][info][gc,stats    ] Concurrent Weak References          197 us, parallelism: 0.44x
[5.966s][info][gc,stats    ]   CWRF: <total>                      86 us
[5.966s][info][gc,stats    ]   CWRF: Weak References              86 us, workers (us):  85,   1, ---, ---, ---, ---, ---, ---, 
[5.966s][info][gc,stats    ] Concurrent Weak Roots               451 us
[5.966s][info][gc,stats    ]   Roots                             379 us, parallelism: 1.73x
[5.967s][info][gc,stats    ]     CWR: <total>                    656 us
[5.967s][info][gc,stats    ]     CWR: VM Weak Roots              656 us, workers (us): 328, 329, ---, ---, ---, ---, ---, ---, 
[5.967s][info][gc,stats    ]   Rendezvous                         28 us
[5.967s][info][gc,stats    ] Concurrent Cleanup                   91 us
[5.967s][info][gc,stats    ] Concurrent Strong Roots             940 us, parallelism: 1.75x
[5.967s][info][gc,stats    ]   CSR: <total>                     1643 us
[5.967s][info][gc,stats    ]   CSR: Code Cache Roots            1277 us, workers (us): 489, 788, ---, ---, ---, ---, ---, ---, 
[5.967s][info][gc,stats    ]   CSR: VM Strong Roots               12 us, workers (us):   9,   3, ---, ---, ---, ---, ---, ---, 
[5.967s][info][gc,stats    ]   CSR: CLDG Roots                   354 us, workers (us): 354, ---, ---, ---, ---, ---, ---, ---, 
[5.967s][info][gc,stats    ] Concurrent Evacuation             15009 us
[5.967s][info][gc,stats    ] Pause Init Update Refs (G)           92 us
[5.967s][info][gc,stats    ] Pause Init Update Refs (N)           49 us
[5.967s][info][gc,stats    ]   Manage GCLABs                       6 us
[5.967s][info][gc,stats    ] Concurrent Update Refs            24431 us
[5.967s][info][gc,stats    ] Concurrent Update Thread Roots      300 us
[5.967s][info][gc,stats    ] Pause Final Update Refs (G)         152 us
[5.967s][info][gc,stats    ] Pause Final Update Refs (N)         119 us
[5.967s][info][gc,stats    ]   Update Region States               30 us
[5.967s][info][gc,stats    ]   Trash Collection Set                5 us
[5.967s][info][gc,stats    ]   Rebuild Free Set                   26 us
[5.967s][info][gc,stats    ] Concurrent Cleanup                  101 us
[5.967s][info][gc,stats    ] 
[5.967s][info][gc,stats    ] Allocation pacing accrued:
[5.967s][info][gc,stats    ]       0 of    69 ms (  0.0%): <total>
[5.967s][info][gc,stats    ]       0 of    69 ms (  0.0%): <average total>
[5.967s][info][gc,stats    ] 
[5.967s][info][gc,metaspace] Metaspace: 24734K(25088K)->24734K(25088K) NonClass: 21994K(22208K)->21994K(22208K) Class: 2740K(2880K)->2740K(2880K)
[5.967s][info][gc,ergo     ] Pacer for Idle. Initial: 40642K, Alloc Tax Rate: 1.0x
[5.968s][info][gc          ] Trigger: Start next cycle immediately
[5.968s][info][gc,ergo     ] Free: 1814M, Max: 512K regular, 1812M humongous, Frag: 1% external, 0% internal; Reserve: 101888K, Max: 512K
[5.968s][info][gc,start    ] GC(186) Concurrent reset
[5.968s][info][gc,task     ] GC(186) Using 2 of 8 workers for concurrent reset
[5.968s][info][gc,ergo     ] GC(186) Pacer for Reset. Non-Taxable: 1984M
[5.968s][info][gc          ] GC(186) Concurrent reset 0.426ms
[5.968s][info][gc,start    ] GC(186) Pause Init Mark
[5.968s][info][gc,task     ] GC(186) Using 8 of 8 workers for init marking
[5.968s][info][gc,ergo     ] GC(186) Pacer for Mark. Expected Live: 66151K, Free: 1814M, Non-Taxable: 181M, Alloc Tax Rate: 0.0x
[5.968s][info][gc          ] GC(186) Pause Init Mark 0.068ms
[5.968s][info][gc,start    ] GC(186) Concurrent marking roots
[5.968s][info][gc,task     ] GC(186) Using 2 of 8 workers for concurrent marking roots
[5.969s][info][gc          ] GC(186) Concurrent marking roots 0.884ms
[5.969s][info][gc,start    ] GC(186) Concurrent marking
[5.969s][info][gc,task     ] GC(186) Using 2 of 8 workers for concurrent marking
[5.993s][info][gc          ] GC(186) Concurrent marking 23.806ms
[5.993s][info][gc,start    ] GC(186) Pause Final Mark
[5.993s][info][gc,task     ] GC(186) Using 8 of 8 workers for final marking
[5.999s][info][gc,ergo     ] GC(186) Collectable Garbage: 3098K (100%), Immediate: 511K (16%), CSet: 2587K (83%)
[6.000s][info][gc,ergo     ] GC(186) Pacer for Evacuation. Used CSet: 62463K, Free: 1814M, Non-Taxable: 181M, Alloc Tax Rate: 1.1x
[6.000s][info][gc          ] GC(186) Pause Final Mark 6.321ms
[6.000s][info][gc,start    ] GC(186) Concurrent thread roots
[6.000s][info][gc,task     ] GC(186) Using 2 of 8 workers for Concurrent thread roots
[6.000s][info][gc          ] GC(186) Concurrent thread roots 0.136ms
[6.000s][info][gc,start    ] GC(186) Concurrent weak references
[6.000s][info][gc,task     ] GC(186) Using 2 of 8 workers for concurrent weak references
[6.000s][info][gc,ref      ] GC(186) Encountered references: Soft: 4023, Weak: 1710, Final: 4, Phantom: 592
[6.000s][info][gc,ref      ] GC(186) Discovered  references: Soft: 0, Weak: 846, Final: 1, Phantom: 331
[6.000s][info][gc,ref      ] GC(186) Enqueued    references: Soft: 0, Weak: 0, Final: 0, Phantom: 0
[6.000s][info][gc          ] GC(186) Concurrent weak references 0.156ms
[6.000s][info][gc,start    ] GC(186) Concurrent weak roots
[6.000s][info][gc,task     ] GC(186) Using 2 of 8 workers for concurrent weak root
[6.000s][info][gc          ] GC(186) Concurrent weak roots 0.427ms
[6.000s][info][gc,start    ] GC(186) Concurrent cleanup
[6.000s][info][gc          ] GC(186) Concurrent cleanup 68M->68M(245M) 0.067ms
[6.000s][info][gc,ergo     ] GC(186) Free: 1814M, Max: 512K regular, 1812M humongous, Frag: 1% external, 0% internal; Reserve: 101118K, Max: 512K
[6.000s][info][gc,start    ] GC(186) Concurrent strong roots
[6.000s][info][gc,task     ] GC(186) Using 2 of 8 workers for concurrent strong root
[6.002s][info][gc          ] GC(186) Concurrent strong roots 1.614ms
[6.002s][info][gc,start    ] GC(186) Concurrent evacuation
[6.002s][info][gc,task     ] GC(186) Using 2 of 8 workers for concurrent evacuation
[6.018s][info][gc          ] GC(186) Concurrent evacuation 15.652ms
[6.018s][info][gc,start    ] GC(186) Pause Init Update Refs
[6.018s][info][gc,ergo     ] GC(186) Pacer for Update Refs. Used: 128M, Free: 1814M, Non-Taxable: 181M, Alloc Tax Rate: 1.1x
[6.018s][info][gc          ] GC(186) Pause Init Update Refs 0.041ms
[6.018s][info][gc,start    ] GC(186) Concurrent update references
[6.018s][info][gc,task     ] GC(186) Using 2 of 8 workers for concurrent reference update
[6.045s][info][gc          ] GC(186) Concurrent update references 26.989ms
[6.045s][info][gc,start    ] GC(186) Concurrent update thread roots
[6.045s][info][gc          ] GC(186) Concurrent update thread roots 0.194ms
[6.045s][info][gc,start    ] GC(186) Pause Final Update Refs
[6.045s][info][gc,task     ] GC(186) Using 8 of 8 workers for final reference update
[6.045s][info][gc          ] GC(186) Pause Final Update Refs 0.089ms
[6.045s][info][gc,start    ] GC(186) Concurrent cleanup
[6.045s][info][gc          ] GC(186) Concurrent cleanup 128M->67M(245M) 0.090ms
[6.045s][info][gc,ergo     ] Free: 1815M, Max: 512K regular, 1812M humongous, Frag: 1% external, 0% internal; Reserve: 101888K, Max: 512K
[6.045s][info][gc,stats    ] 
[6.045s][info][gc,stats    ] All times are wall-clock times, except per-root-class counters, that are sum over
[6.045s][info][gc,stats    ] all workers. Dividing the <total> over the root stage time estimates parallelism.
[6.045s][info][gc,stats    ] 
[6.045s][info][gc,stats    ] Concurrent Reset                    442 us
[6.045s][info][gc,stats    ] Pause Init Mark (G)                 109 us
[6.045s][info][gc,stats    ] Pause Init Mark (N)                  80 us
[6.045s][info][gc,stats    ]   Update Region States               17 us
[6.045s][info][gc,stats    ] Concurrent Mark Roots               908 us, parallelism: 1.69x
[6.045s][info][gc,stats    ]   CMR: <total>                     1536 us
[6.045s][info][gc,stats    ]   CMR: Thread Roots                  94 us, workers (us):  94,   0, ---, ---, ---, ---, ---, ---, 
[6.045s][info][gc,stats    ]   CMR: Code Cache Roots            1228 us, workers (us): 444, 784, ---, ---, ---, ---, ---, ---, 
[6.046s][info][gc,stats    ]   CMR: VM Strong Roots                8 us, workers (us):   5,   3, ---, ---, ---, ---, ---, ---, 
[6.046s][info][gc,stats    ]   CMR: CLDG Roots                   207 us, workers (us): 207, ---, ---, ---, ---, ---, ---, ---, 
[6.046s][info][gc,stats    ] Concurrent Marking                23838 us
[6.046s][info][gc,stats    ] Pause Final Mark (G)               6352 us
[6.046s][info][gc,stats    ] Pause Final Mark (N)               6329 us
[6.046s][info][gc,stats    ]   Finish Mark                      6178 us
[6.046s][info][gc,stats    ]   Update Region States               18 us
[6.046s][info][gc,stats    ]   Choose Collection Set              61 us
[6.046s][info][gc,stats    ]   Rebuild Free Set                   19 us
[6.046s][info][gc,stats    ] Concurrent Thread Roots             149 us, parallelism: 0.94x
[6.046s][info][gc,stats    ]   CTR: <total>                      140 us
[6.046s][info][gc,stats    ]   CTR: Thread Roots                 140 us, workers (us):  75,  66, ---, ---, ---, ---, ---, ---, 
[6.046s][info][gc,stats    ] Concurrent Weak References          164 us, parallelism: 0.56x
[6.046s][info][gc,stats    ]   CWRF: <total>                      93 us
[6.046s][info][gc,stats    ]   CWRF: Weak References              93 us, workers (us):  92,   1, ---, ---, ---, ---, ---, ---, 
[6.046s][info][gc,stats    ] Concurrent Weak Roots               439 us
[6.046s][info][gc,stats    ]   Roots                             370 us, parallelism: 1.76x
[6.046s][info][gc,stats    ]     CWR: <total>                    652 us
[6.046s][info][gc,stats    ]     CWR: VM Weak Roots              652 us, workers (us): 326, 326, ---, ---, ---, ---, ---, ---, 
[6.046s][info][gc,stats    ]   Rendezvous                         23 us
[6.046s][info][gc,stats    ] Concurrent Cleanup                   79 us
[6.046s][info][gc,stats    ] Concurrent Strong Roots            1633 us, parallelism: 0.95x
[6.046s][info][gc,stats    ]   CSR: <total>                     1558 us
[6.046s][info][gc,stats    ]   CSR: Code Cache Roots            1222 us, workers (us): 1222,   0, ---, ---, ---, ---, ---, ---, 
[6.046s][info][gc,stats    ]   CSR: VM Strong Roots               10 us, workers (us):  10,   0, ---, ---, ---, ---, ---, ---, 
[6.046s][info][gc,stats    ]   CSR: CLDG Roots                   326 us, workers (us): 326, ---, ---, ---, ---, ---, ---, ---, 
[6.046s][info][gc,stats    ] Concurrent Evacuation             15692 us
[6.046s][info][gc,stats    ] Pause Init Update Refs (G)           87 us
[6.046s][info][gc,stats    ] Pause Init Update Refs (N)           50 us
[6.046s][info][gc,stats    ]   Manage GCLABs                       5 us
[6.046s][info][gc,stats    ] Concurrent Update Refs            27026 us
[6.046s][info][gc,stats    ] Concurrent Update Thread Roots      209 us
[6.046s][info][gc,stats    ] Pause Final Update Refs (G)         124 us
[6.046s][info][gc,stats    ] Pause Final Update Refs (N)         100 us
[6.046s][info][gc,stats    ]   Update Region States               31 us
[6.046s][info][gc,stats    ]   Trash Collection Set                4 us
[6.046s][info][gc,stats    ]   Rebuild Free Set                   20 us
[6.046s][info][gc,stats    ] Concurrent Cleanup                  104 us
[6.046s][info][gc,stats    ] 
[6.046s][info][gc,stats    ] Allocation pacing accrued:
[6.046s][info][gc,stats    ]       0 of    79 ms (  0.0%): <total>
[6.046s][info][gc,stats    ]       0 of    79 ms (  0.0%): <average total>
[6.046s][info][gc,stats    ] 
[6.046s][info][gc,metaspace] Metaspace: 24734K(25088K)->24734K(25088K) NonClass: 21994K(22208K)->21994K(22208K) Class: 2740K(2880K)->2740K(2880K)
[6.046s][info][gc,ergo     ] Pacer for Idle. Initial: 40642K, Alloc Tax Rate: 1.0x
[6.047s][info][gc          ] Trigger: Start next cycle immediately
[6.047s][info][gc,ergo     ] Free: 1815M, Max: 512K regular, 1812M humongous, Frag: 1% external, 0% internal; Reserve: 101888K, Max: 512K
[6.047s][info][gc,start    ] GC(187) Concurrent reset
[6.047s][info][gc,task     ] GC(187) Using 2 of 8 workers for concurrent reset
[6.047s][info][gc,ergo     ] GC(187) Pacer for Reset. Non-Taxable: 1984M
[6.047s][info][gc          ] GC(187) Concurrent reset 0.402ms
[6.047s][info][gc,start    ] GC(187) Pause Init Mark
[6.047s][info][gc,task     ] GC(187) Using 8 of 8 workers for init marking
[6.048s][info][gc,ergo     ] GC(187) Pacer for Mark. Expected Live: 66151K, Free: 1815M, Non-Taxable: 181M, Alloc Tax Rate: 0.0x
[6.048s][info][gc          ] GC(187) Pause Init Mark 0.073ms
[6.048s][info][gc,start    ] GC(187) Concurrent marking roots
[6.048s][info][gc,task     ] GC(187) Using 2 of 8 workers for concurrent marking roots
[6.049s][info][gc          ] GC(187) Concurrent marking roots 1.690ms
[6.049s][info][gc,start    ] GC(187) Concurrent marking
[6.049s][info][gc,task     ] GC(187) Using 2 of 8 workers for concurrent marking
[6.084s][info][gc          ] GC(187) Concurrent marking 35.100ms
[6.084s][info][gc,start    ] GC(187) Pause Final Mark
[6.084s][info][gc,task     ] GC(187) Using 8 of 8 workers for final marking
[6.085s][info][gc,ergo     ] GC(187) Collectable Garbage: 2587K (100%), Immediate: 512K (19%), CSet: 2075K (80%)
[6.085s][info][gc,ergo     ] GC(187) Pacer for Evacuation. Used CSet: 61952K, Free: 1815M, Non-Taxable: 181M, Alloc Tax Rate: 1.1x
[6.085s][info][gc          ] GC(187) Pause Final Mark 0.246ms
[6.085s][info][gc,start    ] GC(187) Concurrent thread roots
[6.085s][info][gc,task     ] GC(187) Using 2 of 8 workers for Concurrent thread roots
[6.085s][info][gc          ] GC(187) Concurrent thread roots 0.131ms
[6.085s][info][gc,start    ] GC(187) Concurrent weak references
[6.085s][info][gc,task     ] GC(187) Using 2 of 8 workers for concurrent weak references
[6.085s][info][gc,ref      ] GC(187) Encountered references: Soft: 4023, Weak: 1710, Final: 4, Phantom: 592
[6.085s][info][gc,ref      ] GC(187) Discovered  references: Soft: 0, Weak: 539, Final: 1, Phantom: 257
[6.085s][info][gc,ref      ] GC(187) Enqueued    references: Soft: 0, Weak: 0, Final: 0, Phantom: 0
[6.085s][info][gc          ] GC(187) Concurrent weak references 0.133ms
[6.085s][info][gc,start    ] GC(187) Concurrent weak roots
[6.085s][info][gc,task     ] GC(187) Using 2 of 8 workers for concurrent weak root
[6.085s][info][gc          ] GC(187) Concurrent weak roots 0.422ms
[6.085s][info][gc,start    ] GC(187) Concurrent cleanup
[6.086s][info][gc          ] GC(187) Concurrent cleanup 68M->67M(245M) 0.112ms
[6.086s][info][gc,ergo     ] GC(187) Free: 1815M, Max: 512K regular, 1812M humongous, Frag: 1% external, 0% internal; Reserve: 101118K, Max: 512K
[6.086s][info][gc,start    ] GC(187) Concurrent strong roots
[6.086s][info][gc,task     ] GC(187) Using 2 of 8 workers for concurrent strong root
[6.087s][info][gc          ] GC(187) Concurrent strong roots 1.673ms
[6.087s][info][gc,start    ] GC(187) Concurrent evacuation
[6.087s][info][gc,task     ] GC(187) Using 2 of 8 workers for concurrent evacuation
[6.104s][info][gc          ] GC(187) Concurrent evacuation 16.310ms
[6.104s][info][gc,start    ] GC(187) Pause Init Update Refs
[6.104s][info][gc,ergo     ] GC(187) Pacer for Update Refs. Used: 128M, Free: 1814M, Non-Taxable: 181M, Alloc Tax Rate: 1.1x
[6.104s][info][gc          ] GC(187) Pause Init Update Refs 0.050ms
[6.104s][info][gc,start    ] GC(187) Concurrent update references
[6.104s][info][gc,task     ] GC(187) Using 2 of 8 workers for concurrent reference update
[6.133s][info][gc          ] GC(187) Concurrent update references 29.036ms
[6.133s][info][gc,start    ] GC(187) Concurrent update thread roots
[6.133s][info][gc          ] GC(187) Concurrent update thread roots 0.229ms
[6.133s][info][gc,start    ] GC(187) Pause Final Update Refs
[6.133s][info][gc,task     ] GC(187) Using 8 of 8 workers for final reference update
[6.133s][info][gc          ] GC(187) Pause Final Update Refs 0.099ms
[6.133s][info][gc,start    ] GC(187) Concurrent cleanup
[6.133s][info][gc          ] GC(187) Concurrent cleanup 128M->67M(245M) 0.103ms
[6.133s][info][gc,ergo     ] Free: 1814M, Max: 512K regular, 1812M humongous, Frag: 1% external, 0% internal; Reserve: 101888K, Max: 512K
[6.133s][info][gc,stats    ] 
[6.133s][info][gc,stats    ] All times are wall-clock times, except per-root-class counters, that are sum over
[6.133s][info][gc,stats    ] all workers. Dividing the <total> over the root stage time estimates parallelism.
[6.133s][info][gc,stats    ] 
[6.133s][info][gc,stats    ] Concurrent Reset                    413 us
[6.133s][info][gc,stats    ] Pause Init Mark (G)                 116 us
[6.134s][info][gc,stats    ] Pause Init Mark (N)                  83 us
[6.134s][info][gc,stats    ]   Update Region States               15 us
[6.134s][info][gc,stats    ] Concurrent Mark Roots              1717 us, parallelism: 0.88x
[6.134s][info][gc,stats    ]   CMR: <total>                     1515 us
[6.134s][info][gc,stats    ]   CMR: Thread Roots                 112 us, workers (us): 112,   0, ---, ---, ---, ---, ---, ---, 
[6.134s][info][gc,stats    ]   CMR: Code Cache Roots            1175 us, workers (us): 1175,   0, ---, ---, ---, ---, ---, ---, 
[6.134s][info][gc,stats    ]   CMR: VM Strong Roots                7 us, workers (us):   7,   0, ---, ---, ---, ---, ---, ---, 
[6.134s][info][gc,stats    ]   CMR: CLDG Roots                   221 us, workers (us): 221, ---, ---, ---, ---, ---, ---, ---, 
[6.134s][info][gc,stats    ] Concurrent Marking                35132 us
[6.134s][info][gc,stats    ] Pause Final Mark (G)                285 us
[6.134s][info][gc,stats    ] Pause Final Mark (N)                257 us
[6.134s][info][gc,stats    ]   Finish Mark                        97 us
[6.134s][info][gc,stats    ]   Update Region States               27 us
[6.134s][info][gc,stats    ]   Choose Collection Set              49 us
[6.134s][info][gc,stats    ]   Rebuild Free Set                   18 us
[6.134s][info][gc,stats    ] Concurrent Thread Roots             140 us, parallelism: 1.18x
[6.134s][info][gc,stats    ]   CTR: <total>                      165 us
[6.134s][info][gc,stats    ]   CTR: Thread Roots                 165 us, workers (us):  98,  67, ---, ---, ---, ---, ---, ---, 
[6.134s][info][gc,stats    ] Concurrent Weak References          141 us, parallelism: 1.20x
[6.134s][info][gc,stats    ]   CWRF: <total>                     168 us
[6.134s][info][gc,stats    ]   CWRF: Weak References             168 us, workers (us):  88,  80, ---, ---, ---, ---, ---, ---, 
[6.134s][info][gc,stats    ] Concurrent Weak Roots               440 us
[6.134s][info][gc,stats    ]   Roots                             369 us, parallelism: 1.76x
[6.134s][info][gc,stats    ]     CWR: <total>                    648 us
[6.134s][info][gc,stats    ]     CWR: VM Weak Roots              648 us, workers (us): 326, 323, ---, ---, ---, ---, ---, ---, 
[6.134s][info][gc,stats    ]   Rendezvous                         28 us
[6.134s][info][gc,stats    ] Concurrent Cleanup                  127 us
[6.134s][info][gc,stats    ] Concurrent Strong Roots            1699 us, parallelism: 0.95x
[6.134s][info][gc,stats    ]   CSR: <total>                     1612 us
[6.134s][info][gc,stats    ]   CSR: Code Cache Roots            1259 us, workers (us): 1259,   0, ---, ---, ---, ---, ---, ---, 
[6.134s][info][gc,stats    ]   CSR: VM Strong Roots               11 us, workers (us):  11,   0, ---, ---, ---, ---, ---, ---, 
[6.134s][info][gc,stats    ]   CSR: CLDG Roots                   343 us, workers (us): 343, ---, ---, ---, ---, ---, ---, ---, 
[6.134s][info][gc,stats    ] Concurrent Evacuation             16352 us
[6.134s][info][gc,stats    ] Pause Init Update Refs (G)          114 us
[6.134s][info][gc,stats    ] Pause Init Update Refs (N)           62 us
[6.134s][info][gc,stats    ]   Manage GCLABs                       6 us
[6.134s][info][gc,stats    ] Concurrent Update Refs            29092 us
[6.134s][info][gc,stats    ] Concurrent Update Thread Roots      244 us
[6.134s][info][gc,stats    ] Pause Final Update Refs (G)         137 us
[6.134s][info][gc,stats    ] Pause Final Update Refs (N)         110 us
[6.134s][info][gc,stats    ]   Update Region States               38 us
[6.134s][info][gc,stats    ]   Trash Collection Set                4 us
[6.134s][info][gc,stats    ]   Rebuild Free Set                   21 us
[6.134s][info][gc,stats    ] Concurrent Cleanup                  114 us
[6.134s][info][gc,stats    ] 
[6.134s][info][gc,stats    ] Allocation pacing accrued:
[6.134s][info][gc,stats    ]       0 of    88 ms (  0.0%): <total>
[6.134s][info][gc,stats    ]       0 of    88 ms (  0.0%): <average total>
[6.134s][info][gc,stats    ] 
[6.134s][info][gc,metaspace] Metaspace: 24734K(25088K)->24734K(25088K) NonClass: 21994K(22208K)->21994K(22208K) Class: 2740K(2880K)->2740K(2880K)
[6.134s][info][gc,ergo     ] Pacer for Idle. Initial: 40642K, Alloc Tax Rate: 1.0x
[6.135s][info][gc          ] Trigger: Start next cycle immediately
[6.135s][info][gc,ergo     ] Free: 1814M, Max: 512K regular, 1812M humongous, Frag: 1% external, 0% internal; Reserve: 101888K, Max: 512K
[6.135s][info][gc,start    ] GC(188) Concurrent reset
[6.135s][info][gc,task     ] GC(188) Using 2 of 8 workers for concurrent reset
[6.135s][info][gc,ergo     ] GC(188) Pacer for Reset. Non-Taxable: 1984M
[6.135s][info][gc          ] GC(188) Concurrent reset 0.399ms
[6.135s][info][gc,start    ] GC(188) Pause Init Mark
[6.135s][info][gc,task     ] GC(188) Using 8 of 8 workers for init marking
[6.136s][info][gc,ergo     ] GC(188) Pacer for Mark. Expected Live: 66151K, Free: 1814M, Non-Taxable: 181M, Alloc Tax Rate: 0.0x
[6.136s][info][gc          ] GC(188) Pause Init Mark 0.062ms
[6.136s][info][gc,start    ] GC(188) Concurrent marking roots
[6.136s][info][gc,task     ] GC(188) Using 2 of 8 workers for concurrent marking roots
[6.137s][info][gc          ] GC(188) Concurrent marking roots 1.644ms
[6.137s][info][gc,start    ] GC(188) Concurrent marking
[6.137s][info][gc,task     ] GC(188) Using 2 of 8 workers for concurrent marking
[6.162s][info][gc          ] GC(188) Concurrent marking 24.786ms
[6.162s][info][gc,start    ] GC(188) Pause Final Mark
[6.162s][info][gc,task     ] GC(188) Using 8 of 8 workers for final marking
[6.163s][info][gc,ergo     ] GC(188) Collectable Garbage: 3036K (100%), Immediate: 512K (16%), CSet: 2524K (83%)
[6.163s][info][gc,ergo     ] GC(188) Pacer for Evacuation. Used CSet: 62404K, Free: 1814M, Non-Taxable: 181M, Alloc Tax Rate: 1.1x
[6.163s][info][gc          ] GC(188) Pause Final Mark 1.318ms
[6.163s][info][gc,start    ] GC(188) Concurrent thread roots
[6.163s][info][gc,task     ] GC(188) Using 2 of 8 workers for Concurrent thread roots
[6.164s][info][gc          ] GC(188) Concurrent thread roots 0.126ms
[6.164s][info][gc,start    ] GC(188) Concurrent weak references
[6.164s][info][gc,task     ] GC(188) Using 2 of 8 workers for concurrent weak references
[6.164s][info][gc,ref      ] GC(188) Encountered references: Soft: 4023, Weak: 1710, Final: 4, Phantom: 592
[6.164s][info][gc,ref      ] GC(188) Discovered  references: Soft: 0, Weak: 539, Final: 1, Phantom: 257
[6.164s][info][gc,ref      ] GC(188) Enqueued    references: Soft: 0, Weak: 0, Final: 0, Phantom: 0
[6.164s][info][gc          ] GC(188) Concurrent weak references 0.102ms
[6.164s][info][gc,start    ] GC(188) Concurrent weak roots
[6.164s][info][gc,task     ] GC(188) Using 2 of 8 workers for concurrent weak root
[6.164s][info][gc          ] GC(188) Concurrent weak roots 0.431ms
[6.164s][info][gc,start    ] GC(188) Concurrent cleanup
[6.164s][info][gc          ] GC(188) Concurrent cleanup 68M->68M(245M) 0.103ms
[6.164s][info][gc,ergo     ] GC(188) Free: 1814M, Max: 512K regular, 1812M humongous, Frag: 1% external, 0% internal; Reserve: 101118K, Max: 512K
[6.164s][info][gc,start    ] GC(188) Concurrent strong roots
[6.164s][info][gc,task     ] GC(188) Using 2 of 8 workers for concurrent strong root
[6.166s][info][gc          ] GC(188) Concurrent strong roots 1.752ms
[6.166s][info][gc,start    ] GC(188) Concurrent evacuation
[6.166s][info][gc,task     ] GC(188) Using 2 of 8 workers for concurrent evacuation
[6.181s][info][gc          ] GC(188) Concurrent evacuation 15.211ms
[6.181s][info][gc,start    ] GC(188) Pause Init Update Refs
[6.181s][info][gc,ergo     ] GC(188) Pacer for Update Refs. Used: 128M, Free: 1813M, Non-Taxable: 181M, Alloc Tax Rate: 1.1x
[6.181s][info][gc          ] GC(188) Pause Init Update Refs 0.042ms
[6.181s][info][gc,start    ] GC(188) Concurrent update references
[6.181s][info][gc,task     ] GC(188) Using 2 of 8 workers for concurrent reference update
[6.215s][info][gc          ] GC(188) Concurrent update references 33.230ms
[6.215s][info][gc,start    ] GC(188) Concurrent update thread roots
[6.215s][info][gc          ] GC(188) Concurrent update thread roots 0.228ms
[6.215s][info][gc,start    ] GC(188) Pause Final Update Refs
[6.215s][info][gc,task     ] GC(188) Using 8 of 8 workers for final reference update
[6.215s][info][gc          ] GC(188) Pause Final Update Refs 0.133ms
[6.215s][info][gc,start    ] GC(188) Concurrent cleanup
[6.215s][info][gc          ] GC(188) Concurrent cleanup 128M->67M(245M) 0.095ms
[6.215s][info][gc,ergo     ] Free: 1814M, Max: 512K regular, 1812M humongous, Frag: 1% external, 0% internal; Reserve: 101888K, Max: 512K
[6.215s][info][gc,stats    ] 
[6.215s][info][gc,stats    ] All times are wall-clock times, except per-root-class counters, that are sum over
[6.215s][info][gc,stats    ] all workers. Dividing the <total> over the root stage time estimates parallelism.
[6.215s][info][gc,stats    ] 
[6.215s][info][gc,stats    ] Concurrent Reset                    412 us
[6.215s][info][gc,stats    ] Pause Init Mark (G)                 104 us
[6.215s][info][gc,stats    ] Pause Init Mark (N)                  72 us
[6.215s][info][gc,stats    ]   Update Region States               17 us
[6.215s][info][gc,stats    ] Concurrent Mark Roots              1657 us, parallelism: 0.93x
[6.215s][info][gc,stats    ]   CMR: <total>                     1541 us
[6.215s][info][gc,stats    ]   CMR: Thread Roots                 110 us, workers (us): 110,   0, ---, ---, ---, ---, ---, ---, 
[6.215s][info][gc,stats    ]   CMR: Code Cache Roots            1183 us, workers (us): 1183,   0, ---, ---, ---, ---, ---, ---, 
[6.215s][info][gc,stats    ]   CMR: VM Strong Roots                7 us, workers (us):   7,   0, ---, ---, ---, ---, ---, ---, 
[6.215s][info][gc,stats    ]   CMR: CLDG Roots                   240 us, workers (us): 240, ---, ---, ---, ---, ---, ---, ---, 
[6.215s][info][gc,stats    ] Concurrent Marking                24827 us
[6.215s][info][gc,stats    ] Pause Final Mark (G)               1358 us
[6.215s][info][gc,stats    ] Pause Final Mark (N)               1328 us
[6.215s][info][gc,stats    ]   Finish Mark                      1154 us
[6.215s][info][gc,stats    ]   Update Region States               30 us
[6.215s][info][gc,stats    ]   Choose Collection Set              62 us
[6.215s][info][gc,stats    ]   Rebuild Free Set                   17 us
[6.215s][info][gc,stats    ] Concurrent Thread Roots             136 us, parallelism: 1.26x
[6.215s][info][gc,stats    ]   CTR: <total>                      171 us
[6.215s][info][gc,stats    ]   CTR: Thread Roots                 171 us, workers (us):  90,  81, ---, ---, ---, ---, ---, ---, 
[6.215s][info][gc,stats    ] Concurrent Weak References          110 us, parallelism: 0.67x
[6.215s][info][gc,stats    ]   CWRF: <total>                      73 us
[6.215s][info][gc,stats    ]   CWRF: Weak References              73 us, workers (us):  36,  37, ---, ---, ---, ---, ---, ---, 
[6.215s][info][gc,stats    ] Concurrent Weak Roots               443 us
[6.216s][info][gc,stats    ]   Roots                             381 us, parallelism: 1.76x
[6.216s][info][gc,stats    ]     CWR: <total>                    670 us
[6.216s][info][gc,stats    ]     CWR: VM Weak Roots              670 us, workers (us): 337, 333, ---, ---, ---, ---, ---, ---, 
[6.216s][info][gc,stats    ]   Rendezvous                         33 us
[6.216s][info][gc,stats    ] Concurrent Cleanup                  111 us
[6.216s][info][gc,stats    ] Concurrent Strong Roots            1764 us, parallelism: 0.95x
[6.216s][info][gc,stats    ]   CSR: <total>                     1680 us
[6.216s][info][gc,stats    ]   CSR: Code Cache Roots            1327 us, workers (us): 1326,   0, ---, ---, ---, ---, ---, ---, 
[6.216s][info][gc,stats    ]   CSR: VM Strong Roots               11 us, workers (us):  11,   0, ---, ---, ---, ---, ---, ---, 
[6.216s][info][gc,stats    ]   CSR: CLDG Roots                   342 us, workers (us): 342, ---, ---, ---, ---, ---, ---, ---, 
[6.216s][info][gc,stats    ] Concurrent Evacuation             15249 us
[6.216s][info][gc,stats    ] Pause Init Update Refs (G)          114 us
[6.216s][info][gc,stats    ] Pause Init Update Refs (N)           68 us
[6.216s][info][gc,stats    ]   Manage GCLABs                       6 us
[6.216s][info][gc,stats    ] Concurrent Update Refs            33273 us
[6.216s][info][gc,stats    ] Concurrent Update Thread Roots      246 us
[6.216s][info][gc,stats    ] Pause Final Update Refs (G)         184 us
[6.216s][info][gc,stats    ] Pause Final Update Refs (N)         151 us
[6.216s][info][gc,stats    ]   Update Region States               34 us
[6.216s][info][gc,stats    ]   Trash Collection Set                6 us
[6.216s][info][gc,stats    ]   Rebuild Free Set                   36 us
[6.216s][info][gc,stats    ] Concurrent Cleanup                  109 us
[6.216s][info][gc,stats    ] 
[6.216s][info][gc,stats    ] Allocation pacing accrued:
[6.216s][info][gc,stats    ]       0 of    82 ms (  0.0%): <total>
[6.216s][info][gc,stats    ]       0 of    82 ms (  0.0%): <average total>
[6.216s][info][gc,stats    ] 
[6.216s][info][gc,metaspace] Metaspace: 24734K(25088K)->24734K(25088K) NonClass: 21994K(22208K)->21994K(22208K) Class: 2740K(2880K)->2740K(2880K)
[6.216s][info][gc,ergo     ] Pacer for Idle. Initial: 40642K, Alloc Tax Rate: 1.0x
[6.217s][info][gc          ] Trigger: Start next cycle immediately
[6.217s][info][gc,ergo     ] Free: 1814M, Max: 512K regular, 1812M humongous, Frag: 1% external, 0% internal; Reserve: 101888K, Max: 512K
[6.217s][info][gc,start    ] GC(189) Concurrent reset
[6.217s][info][gc,task     ] GC(189) Using 2 of 8 workers for concurrent reset
[6.217s][info][gc,ergo     ] GC(189) Pacer for Reset. Non-Taxable: 1984M
[6.217s][info][gc          ] GC(189) Concurrent reset 0.338ms
[6.217s][info][gc,start    ] GC(189) Pause Init Mark (unload classes)
[6.217s][info][gc,task     ] GC(189) Using 8 of 8 workers for init marking
[6.218s][info][gc,ergo     ] GC(189) Pacer for Mark. Expected Live: 66151K, Free: 1814M, Non-Taxable: 181M, Alloc Tax Rate: 0.0x
[6.218s][info][gc          ] GC(189) Pause Init Mark (unload classes) 0.185ms
[6.218s][info][gc,start    ] GC(189) Concurrent marking roots
[6.218s][info][gc,task     ] GC(189) Using 2 of 8 workers for concurrent marking roots
[6.218s][info][gc          ] GC(189) Concurrent marking roots 0.431ms
[6.218s][info][gc,start    ] GC(189) Concurrent marking (unload classes)
[6.218s][info][gc,task     ] GC(189) Using 2 of 8 workers for concurrent marking
[6.245s][info][gc          ] GC(189) Concurrent marking (unload classes) 27.232ms
[6.245s][info][gc,start    ] GC(189) Pause Final Mark (unload classes)
[6.245s][info][gc,task     ] GC(189) Using 8 of 8 workers for final marking
[6.246s][info][gc,ergo     ] GC(189) Collectable Garbage: 3094K (100%), Immediate: 511K (16%), CSet: 2583K (83%)
[6.246s][info][gc,ergo     ] GC(189) Pacer for Evacuation. Used CSet: 62459K, Free: 1814M, Non-Taxable: 181M, Alloc Tax Rate: 1.1x
[6.246s][info][gc          ] GC(189) Pause Final Mark (unload classes) 0.248ms
[6.246s][info][gc,start    ] GC(189) Concurrent thread roots
[6.246s][info][gc,task     ] GC(189) Using 2 of 8 workers for Concurrent thread roots
[6.246s][info][gc          ] GC(189) Concurrent thread roots 0.140ms
[6.246s][info][gc,start    ] GC(189) Concurrent weak references
[6.246s][info][gc,task     ] GC(189) Using 2 of 8 workers for concurrent weak references
[6.246s][info][gc,ref      ] GC(189) Encountered references: Soft: 4023, Weak: 1710, Final: 4, Phantom: 592
[6.246s][info][gc,ref      ] GC(189) Discovered  references: Soft: 0, Weak: 337, Final: 0, Phantom: 211
[6.246s][info][gc,ref      ] GC(189) Enqueued    references: Soft: 0, Weak: 0, Final: 0, Phantom: 0
[6.246s][info][gc          ] GC(189) Concurrent weak references 0.108ms
[6.246s][info][gc,start    ] GC(189) Concurrent weak roots
[6.246s][info][gc,task     ] GC(189) Using 2 of 8 workers for concurrent weak root
[6.247s][info][gc          ] GC(189) Concurrent weak roots 0.891ms
[6.247s][info][gc,start    ] GC(189) Concurrent cleanup
[6.247s][info][gc          ] GC(189) Concurrent cleanup 69M->69M(245M) 0.061ms
[6.247s][info][gc,ergo     ] GC(189) Free: 1813M, Max: 512K regular, 1812M humongous, Frag: 1% external, 0% internal; Reserve: 101118K, Max: 512K
[6.247s][info][gc,start    ] GC(189) Concurrent class unloading
[6.247s][info][gc,task     ] GC(189) Using 2 of 8 workers for concurrent class unloading
[6.248s][info][gc          ] GC(189) Concurrent class unloading 1.367ms
[6.248s][info][gc,start    ] GC(189) Concurrent strong roots
[6.248s][info][gc,task     ] GC(189) Using 2 of 8 workers for concurrent strong root
[6.249s][info][gc          ] GC(189) Concurrent strong roots 0.360ms
[6.249s][info][gc,start    ] GC(189) Concurrent evacuation
[6.249s][info][gc,task     ] GC(189) Using 2 of 8 workers for concurrent evacuation
[6.264s][info][gc          ] GC(189) Concurrent evacuation 15.399ms
[6.264s][info][gc,start    ] GC(189) Pause Init Update Refs
[6.264s][info][gc,ergo     ] GC(189) Pacer for Update Refs. Used: 128M, Free: 1813M, Non-Taxable: 181M, Alloc Tax Rate: 1.1x
[6.264s][info][gc          ] GC(189) Pause Init Update Refs 0.029ms
[6.264s][info][gc,start    ] GC(189) Concurrent update references
[6.264s][info][gc,task     ] GC(189) Using 2 of 8 workers for concurrent reference update
[6.286s][info][gc          ] GC(189) Concurrent update references 22.331ms
[6.287s][info][gc,start    ] GC(189) Concurrent update thread roots
[6.287s][info][gc          ] GC(189) Concurrent update thread roots 0.162ms
[6.287s][info][gc,start    ] GC(189) Pause Final Update Refs
[6.287s][info][gc,task     ] GC(189) Using 8 of 8 workers for final reference update
[6.287s][info][gc          ] GC(189) Pause Final Update Refs 0.079ms
[6.287s][info][gc,start    ] GC(189) Concurrent cleanup
[6.287s][info][gc          ] GC(189) Concurrent cleanup 128M->67M(245M) 0.061ms
[6.287s][info][gc,ergo     ] Free: 1814M, Max: 512K regular, 1812M humongous, Frag: 1% external, 0% internal; Reserve: 101888K, Max: 512K
[6.287s][info][gc,stats    ] 
[6.287s][info][gc,stats    ] All times are wall-clock times, except per-root-class counters, that are sum over
[6.287s][info][gc,stats    ] all workers. Dividing the <total> over the root stage time estimates parallelism.
[6.287s][info][gc,stats    ] 
[6.287s][info][gc,stats    ] Concurrent Reset                    349 us
[6.287s][info][gc,stats    ] Pause Init Mark (G)                 270 us
[6.287s][info][gc,stats    ] Pause Init Mark (N)                 215 us
[6.287s][info][gc,stats    ]   Update Region States               30 us
[6.287s][info][gc,stats    ] Concurrent Mark Roots               442 us, parallelism: 0.72x
[6.287s][info][gc,stats    ]   CMR: <total>                      317 us
[6.287s][info][gc,stats    ]   CMR: Thread Roots                 170 us, workers (us): 170,   0, ---, ---, ---, ---, ---, ---, 
[6.287s][info][gc,stats    ]   CMR: VM Strong Roots                9 us, workers (us):   9,   0, ---, ---, ---, ---, ---, ---, 
[6.287s][info][gc,stats    ]   CMR: CLDG Roots                   139 us, workers (us): 139, ---, ---, ---, ---, ---, ---, ---, 
[6.287s][info][gc,stats    ] Concurrent Marking                27264 us
[6.287s][info][gc,stats    ] Pause Final Mark (G)                274 us
[6.287s][info][gc,stats    ] Pause Final Mark (N)                258 us
[6.287s][info][gc,stats    ]   Finish Mark                       127 us
[6.287s][info][gc,stats    ]   Update Region States               18 us
[6.287s][info][gc,stats    ]   Choose Collection Set              46 us
[6.287s][info][gc,stats    ]   Rebuild Free Set                   16 us
[6.287s][info][gc,stats    ] Concurrent Thread Roots             154 us, parallelism: 0.94x
[6.287s][info][gc,stats    ]   CTR: <total>                      145 us
[6.287s][info][gc,stats    ]   CTR: Thread Roots                 145 us, workers (us):  93,  52, ---, ---, ---, ---, ---, ---, 
[6.287s][info][gc,stats    ] Concurrent Weak References          116 us, parallelism: 0.53x
[6.287s][info][gc,stats    ]   CWRF: <total>                      62 us
[6.287s][info][gc,stats    ]   CWRF: Weak References              62 us, workers (us):  31,  32, ---, ---, ---, ---, ---, ---, 
[6.287s][info][gc,stats    ] Concurrent Weak Roots               905 us
[6.287s][info][gc,stats    ]   Roots                             834 us, parallelism: 1.87x
[6.287s][info][gc,stats    ]     CWR: <total>                   1562 us
[6.287s][info][gc,stats    ]     CWR: Code Cache Roots           837 us, workers (us): 420, 417, ---, ---, ---, ---, ---, ---, 
[6.287s][info][gc,stats    ]     CWR: VM Weak Roots              711 us, workers (us): 358, 353, ---, ---, ---, ---, ---, ---, 
[6.287s][info][gc,stats    ]     CWR: CLDG Roots                  14 us, workers (us): ---,  14, ---, ---, ---, ---, ---, ---, 
[6.287s][info][gc,stats    ]   Rendezvous                         18 us
[6.287s][info][gc,stats    ] Concurrent Cleanup                   74 us
[6.287s][info][gc,stats    ] Concurrent Class Unloading         1395 us
[6.287s][info][gc,stats    ]   Unlink Stale                     1319 us
[6.287s][info][gc,stats    ]     System Dictionary                38 us
[6.287s][info][gc,stats    ]     Weak Class Links                  0 us
[6.287s][info][gc,stats    ]     Code Roots                     1280 us
[6.287s][info][gc,stats    ]   Rendezvous                         19 us
[6.287s][info][gc,stats    ]   Purge Unlinked                      8 us
[6.287s][info][gc,stats    ]     Code Roots                        1 us
[6.287s][info][gc,stats    ]     CLDG                              7 us
[6.287s][info][gc,stats    ]     Exception Caches                  0 us
[6.287s][info][gc,stats    ] Concurrent Strong Roots             384 us, parallelism: 0.83x
[6.287s][info][gc,stats    ]   CSR: <total>                      319 us
[6.287s][info][gc,stats    ]   CSR: VM Strong Roots                9 us, workers (us):   7,   3, ---, ---, ---, ---, ---, ---, 
[6.287s][info][gc,stats    ]   CSR: CLDG Roots                   310 us, workers (us): 310, ---, ---, ---, ---, ---, ---, ---, 
[6.287s][info][gc,stats    ] Concurrent Evacuation             15432 us
[6.287s][info][gc,stats    ] Pause Init Update Refs (G)           58 us
[6.287s][info][gc,stats    ] Pause Init Update Refs (N)           38 us
[6.287s][info][gc,stats    ]   Manage GCLABs                       4 us
[6.287s][info][gc,stats    ] Concurrent Update Refs            22373 us
[6.287s][info][gc,stats    ] Concurrent Update Thread Roots      200 us
[6.287s][info][gc,stats    ] Pause Final Update Refs (G)         106 us
[6.287s][info][gc,stats    ] Pause Final Update Refs (N)          91 us
[6.287s][info][gc,stats    ]   Update Region States               30 us
[6.287s][info][gc,stats    ]   Trash Collection Set                4 us
[6.287s][info][gc,stats    ]   Rebuild Free Set                   21 us
[6.287s][info][gc,stats    ] Concurrent Cleanup                   71 us
[6.287s][info][gc,stats    ] 
[6.288s][info][gc,stats    ] Allocation pacing accrued:
[6.288s][info][gc,stats    ]       0 of    72 ms (  0.0%): <total>
[6.288s][info][gc,stats    ]       0 of    72 ms (  0.0%): <average total>
[6.288s][info][gc,stats    ] 
[6.288s][info][gc,metaspace] Metaspace: 24734K(25088K)->24734K(25088K) NonClass: 21994K(22208K)->21994K(22208K) Class: 2740K(2880K)->2740K(2880K)
[6.288s][info][gc,ergo     ] Pacer for Idle. Initial: 40642K, Alloc Tax Rate: 1.0x
[6.289s][info][gc          ] Trigger: Start next cycle immediately
[6.289s][info][gc,ergo     ] Free: 1814M, Max: 512K regular, 1812M humongous, Frag: 1% external, 0% internal; Reserve: 101888K, Max: 512K
[6.289s][info][gc,start    ] GC(190) Concurrent reset
[6.289s][info][gc,task     ] GC(190) Using 2 of 8 workers for concurrent reset
[6.289s][info][gc,ergo     ] GC(190) Pacer for Reset. Non-Taxable: 1984M
[6.289s][info][gc          ] GC(190) Concurrent reset 0.606ms
[6.289s][info][gc,start    ] GC(190) Pause Init Mark
[6.290s][info][gc,task     ] GC(190) Using 8 of 8 workers for init marking
[6.290s][info][gc,ergo     ] GC(190) Pacer for Mark. Expected Live: 66151K, Free: 1814M, Non-Taxable: 181M, Alloc Tax Rate: 0.0x
[6.290s][info][gc          ] GC(190) Pause Init Mark 0.140ms
[6.290s][info][gc,start    ] GC(190) Concurrent marking roots
[6.290s][info][gc,task     ] GC(190) Using 2 of 8 workers for concurrent marking roots
[6.291s][info][gc          ] GC(190) Concurrent marking roots 0.891ms
[6.291s][info][gc,start    ] GC(190) Concurrent marking
[6.291s][info][gc,task     ] GC(190) Using 2 of 8 workers for concurrent marking
[6.333s][info][gc          ] GC(190) Concurrent marking 42.498ms
[6.333s][info][gc,start    ] GC(190) Pause Final Mark
[6.333s][info][gc,task     ] GC(190) Using 8 of 8 workers for final marking
[6.339s][info][gc,ergo     ] GC(190) Collectable Garbage: 3083K (100%), Immediate: 511K (16%), CSet: 2571K (83%)
[6.339s][info][gc,ergo     ] GC(190) Pacer for Evacuation. Used CSet: 62447K, Free: 1814M, Non-Taxable: 181M, Alloc Tax Rate: 1.1x
[6.340s][info][gc          ] GC(190) Pause Final Mark 6.200ms
[6.340s][info][gc,start    ] GC(190) Concurrent thread roots
[6.340s][info][gc,task     ] GC(190) Using 2 of 8 workers for Concurrent thread roots
[6.341s][info][gc          ] GC(190) Concurrent thread roots 1.203ms
[6.341s][info][gc,start    ] GC(190) Concurrent weak references
[6.341s][info][gc,task     ] GC(190) Using 2 of 8 workers for concurrent weak references
[6.341s][info][gc,ref      ] GC(190) Encountered references: Soft: 4023, Weak: 1710, Final: 4, Phantom: 592
[6.341s][info][gc,ref      ] GC(190) Discovered  references: Soft: 0, Weak: 846, Final: 1, Phantom: 335
[6.341s][info][gc,ref      ] GC(190) Enqueued    references: Soft: 0, Weak: 0, Final: 0, Phantom: 0
[6.341s][info][gc          ] GC(190) Concurrent weak references 0.197ms
[6.341s][info][gc,start    ] GC(190) Concurrent weak roots
[6.341s][info][gc,task     ] GC(190) Using 2 of 8 workers for concurrent weak root
[6.342s][info][gc          ] GC(190) Concurrent weak roots 0.582ms
[6.342s][info][gc,start    ] GC(190) Concurrent cleanup
[6.342s][info][gc          ] GC(190) Concurrent cleanup 69M->69M(245M) 0.084ms
[6.342s][info][gc,ergo     ] GC(190) Free: 1813M, Max: 512K regular, 1812M humongous, Frag: 1% external, 0% internal; Reserve: 101118K, Max: 512K
[6.342s][info][gc,start    ] GC(190) Concurrent strong roots
[6.342s][info][gc,task     ] GC(190) Using 2 of 8 workers for concurrent strong root
[6.344s][info][gc          ] GC(190) Concurrent strong roots 1.586ms
[6.344s][info][gc,start    ] GC(190) Concurrent evacuation
[6.344s][info][gc,task     ] GC(190) Using 2 of 8 workers for concurrent evacuation
[6.368s][info][gc          ] GC(190) Concurrent evacuation 24.147ms
[6.368s][info][gc,start    ] GC(190) Pause Init Update Refs
[6.368s][info][gc,ergo     ] GC(190) Pacer for Update Refs. Used: 128M, Free: 1813M, Non-Taxable: 181M, Alloc Tax Rate: 1.1x
[6.368s][info][gc          ] GC(190) Pause Init Update Refs 0.032ms
[6.368s][info][gc,start    ] GC(190) Concurrent update references
[6.368s][info][gc,task     ] GC(190) Using 2 of 8 workers for concurrent reference update
[6.394s][info][gc          ] GC(190) Concurrent update references 25.473ms
[6.394s][info][gc,start    ] GC(190) Concurrent update thread roots
[6.394s][info][gc          ] GC(190) Concurrent update thread roots 0.201ms
[6.394s][info][gc,start    ] GC(190) Pause Final Update Refs
[6.394s][info][gc,task     ] GC(190) Using 8 of 8 workers for final reference update
[6.394s][info][gc          ] GC(190) Pause Final Update Refs 0.167ms
[6.394s][info][gc,start    ] GC(190) Concurrent cleanup
[6.394s][info][gc          ] GC(190) Concurrent cleanup 128M->67M(245M) 0.089ms
[6.394s][info][gc,ergo     ] Free: 1814M, Max: 512K regular, 1812M humongous, Frag: 1% external, 0% internal; Reserve: 101888K, Max: 512K
[6.394s][info][gc,stats    ] 
[6.394s][info][gc,stats    ] All times are wall-clock times, except per-root-class counters, that are sum over
[6.395s][info][gc,stats    ] all workers. Dividing the <total> over the root stage time estimates parallelism.
[6.395s][info][gc,stats    ] 
[6.395s][info][gc,stats    ] Concurrent Reset                    653 us
[6.395s][info][gc,stats    ] Pause Init Mark (G)                 209 us
[6.395s][info][gc,stats    ] Pause Init Mark (N)                 173 us
[6.395s][info][gc,stats    ]   Update Region States               16 us
[6.395s][info][gc,stats    ] Concurrent Mark Roots               934 us, parallelism: 1.56x
[6.395s][info][gc,stats    ]   CMR: <total>                     1459 us
[6.395s][info][gc,stats    ]   CMR: Thread Roots                 116 us, workers (us):  76,  39, ---, ---, ---, ---, ---, ---, 
[6.395s][info][gc,stats    ]   CMR: Code Cache Roots            1124 us, workers (us): 439, 685, ---, ---, ---, ---, ---, ---, 
[6.395s][info][gc,stats    ]   CMR: VM Strong Roots                8 us, workers (us):   7,   1, ---, ---, ---, ---, ---, ---, 
[6.395s][info][gc,stats    ]   CMR: CLDG Roots                   212 us, workers (us): 212, ---, ---, ---, ---, ---, ---, ---, 
[6.395s][info][gc,stats    ] Concurrent Marking                42655 us
[6.395s][info][gc,stats    ] Pause Final Mark (G)               6500 us
[6.395s][info][gc,stats    ] Pause Final Mark (N)               6227 us
[6.395s][info][gc,stats    ]   Finish Mark                      5560 us
[6.395s][info][gc,stats    ]   Update Region States              267 us
[6.395s][info][gc,stats    ]   Choose Collection Set             125 us
[6.395s][info][gc,stats    ]   Rebuild Free Set                   25 us
[6.395s][info][gc,stats    ] Concurrent Thread Roots            1241 us, parallelism: 0.92x
[6.395s][info][gc,stats    ]   CTR: <total>                     1147 us
[6.395s][info][gc,stats    ]   CTR: Thread Roots                1147 us, workers (us): 1035, 112, ---, ---, ---, ---, ---, ---, 
[6.395s][info][gc,stats    ] Concurrent Weak References          206 us, parallelism: 0.50x
[6.395s][info][gc,stats    ]   CWRF: <total>                     104 us
[6.395s][info][gc,stats    ]   CWRF: Weak References             104 us, workers (us): 103,   1, ---, ---, ---, ---, ---, ---, 
[6.395s][info][gc,stats    ] Concurrent Weak Roots               604 us
[6.395s][info][gc,stats    ]   Roots                             540 us, parallelism: 1.35x
[6.395s][info][gc,stats    ]     CWR: <total>                    727 us
[6.395s][info][gc,stats    ]     CWR: VM Weak Roots              727 us, workers (us): 459, 269, ---, ---, ---, ---, ---, ---, 
[6.395s][info][gc,stats    ]   Rendezvous                         23 us
[6.395s][info][gc,stats    ] Concurrent Cleanup                  133 us
[6.395s][info][gc,stats    ] Concurrent Strong Roots            1728 us, parallelism: 1.26x
[6.395s][info][gc,stats    ]   CSR: <total>                     2175 us
[6.395s][info][gc,stats    ]   CSR: Code Cache Roots            1720 us, workers (us): 900, 820, ---, ---, ---, ---, ---, ---, 
[6.395s][info][gc,stats    ]   CSR: VM Strong Roots               13 us, workers (us):  13,   0, ---, ---, ---, ---, ---, ---, 
[6.395s][info][gc,stats    ]   CSR: CLDG Roots                   442 us, workers (us): 442, ---, ---, ---, ---, ---, ---, ---, 
[6.395s][info][gc,stats    ] Concurrent Evacuation             24243 us
[6.395s][info][gc,stats    ] Pause Init Update Refs (G)           67 us
[6.395s][info][gc,stats    ] Pause Init Update Refs (N)           42 us
[6.395s][info][gc,stats    ]   Manage GCLABs                       6 us
[6.395s][info][gc,stats    ] Concurrent Update Refs            25567 us
[6.395s][info][gc,stats    ] Concurrent Update Thread Roots      218 us
[6.395s][info][gc,stats    ] Pause Final Update Refs (G)         324 us
[6.395s][info][gc,stats    ] Pause Final Update Refs (N)         286 us
[6.395s][info][gc,stats    ]   Update Region States               32 us
[6.395s][info][gc,stats    ]   Trash Collection Set                3 us
[6.395s][info][gc,stats    ]   Rebuild Free Set                   22 us
[6.395s][info][gc,stats    ] Concurrent Cleanup                  100 us
[6.395s][info][gc,stats    ] 
[6.395s][info][gc,stats    ] Allocation pacing accrued:
[6.396s][info][gc,stats    ]       0 of   108 ms (  0.0%): <total>
[6.396s][info][gc,stats    ]       0 of   108 ms (  0.0%): <average total>
[6.396s][info][gc,stats    ] 
[6.396s][info][gc,metaspace] Metaspace: 24734K(25088K)->24734K(25088K) NonClass: 21994K(22208K)->21994K(22208K) Class: 2740K(2880K)->2740K(2880K)
[6.396s][info][gc,ergo     ] Pacer for Idle. Initial: 40642K, Alloc Tax Rate: 1.0x
[6.397s][info][gc          ] Trigger: Start next cycle immediately
[6.397s][info][gc,ergo     ] Free: 1814M, Max: 512K regular, 1812M humongous, Frag: 1% external, 0% internal; Reserve: 101888K, Max: 512K
[6.397s][info][gc,start    ] GC(191) Concurrent reset
[6.397s][info][gc,task     ] GC(191) Using 2 of 8 workers for concurrent reset
[6.397s][info][gc,ergo     ] GC(191) Pacer for Reset. Non-Taxable: 1984M
[6.398s][info][gc          ] GC(191) Concurrent reset 0.741ms
[6.398s][info][gc,start    ] GC(191) Pause Init Mark
[6.398s][info][gc,task     ] GC(191) Using 8 of 8 workers for init marking
[6.398s][info][gc,ergo     ] GC(191) Pacer for Mark. Expected Live: 66151K, Free: 1814M, Non-Taxable: 181M, Alloc Tax Rate: 0.0x
[6.398s][info][gc          ] GC(191) Pause Init Mark 0.057ms
[6.398s][info][gc,start    ] GC(191) Concurrent marking roots
[6.398s][info][gc,task     ] GC(191) Using 2 of 8 workers for concurrent marking roots
[6.399s][info][gc          ] GC(191) Concurrent marking roots 1.430ms
[6.399s][info][gc,start    ] GC(191) Concurrent marking
[6.399s][info][gc,task     ] GC(191) Using 2 of 8 workers for concurrent marking
[6.431s][info][gc          ] GC(191) Concurrent marking 32.209ms
[6.432s][info][gc,start    ] GC(191) Pause Final Mark
[6.432s][info][gc,task     ] GC(191) Using 8 of 8 workers for final marking
[6.432s][info][gc,ergo     ] GC(191) Collectable Garbage: 3098K (100%), Immediate: 511K (16%), CSet: 2587K (83%)
[6.432s][info][gc,ergo     ] GC(191) Pacer for Evacuation. Used CSet: 62463K, Free: 1814M, Non-Taxable: 181M, Alloc Tax Rate: 1.1x
[6.432s][info][gc          ] GC(191) Pause Final Mark 0.747ms
[6.432s][info][gc,start    ] GC(191) Concurrent thread roots
[6.433s][info][gc,task     ] GC(191) Using 2 of 8 workers for Concurrent thread roots
[6.433s][info][gc          ] GC(191) Concurrent thread roots 0.179ms
[6.433s][info][gc,start    ] GC(191) Concurrent weak references
[6.433s][info][gc,task     ] GC(191) Using 2 of 8 workers for concurrent weak references
[6.433s][info][gc,ref      ] GC(191) Encountered references: Soft: 4023, Weak: 1710, Final: 4, Phantom: 592
[6.433s][info][gc,ref      ] GC(191) Discovered  references: Soft: 0, Weak: 112, Final: 0, Phantom: 335
[6.433s][info][gc,ref      ] GC(191) Enqueued    references: Soft: 0, Weak: 0, Final: 0, Phantom: 0
[6.433s][info][gc          ] GC(191) Concurrent weak references 0.195ms
[6.433s][info][gc,start    ] GC(191) Concurrent weak roots
[6.433s][info][gc,task     ] GC(191) Using 2 of 8 workers for concurrent weak root
[6.434s][info][gc          ] GC(191) Concurrent weak roots 0.815ms
[6.434s][info][gc,start    ] GC(191) Concurrent cleanup
[6.434s][info][gc          ] GC(191) Concurrent cleanup 68M->68M(245M) 0.138ms
[6.434s][info][gc,ergo     ] GC(191) Free: 1814M, Max: 512K regular, 1812M humongous, Frag: 1% external, 0% internal; Reserve: 101376K, Max: 512K
[6.434s][info][gc,start    ] GC(191) Concurrent strong roots
[6.434s][info][gc,task     ] GC(191) Using 2 of 8 workers for concurrent strong root
[6.436s][info][gc          ] GC(191) Concurrent strong roots 1.444ms
[6.436s][info][gc,start    ] GC(191) Concurrent evacuation
[6.436s][info][gc,task     ] GC(191) Using 2 of 8 workers for concurrent evacuation
[6.452s][info][gc          ] GC(191) Concurrent evacuation 16.179ms
[6.452s][info][gc,start    ] GC(191) Pause Init Update Refs
[6.452s][info][gc,ergo     ] GC(191) Pacer for Update Refs. Used: 127M, Free: 1813M, Non-Taxable: 181M, Alloc Tax Rate: 1.1x
[6.452s][info][gc          ] GC(191) Pause Init Update Refs 0.031ms
[6.452s][info][gc,start    ] GC(191) Concurrent update references
[6.452s][info][gc,task     ] GC(191) Using 2 of 8 workers for concurrent reference update
[6.478s][info][gc          ] GC(191) Concurrent update references 26.348ms
[6.478s][info][gc,start    ] GC(191) Concurrent update thread roots
[6.479s][info][gc          ] GC(191) Concurrent update thread roots 0.190ms
[6.479s][info][gc,start    ] GC(191) Pause Final Update Refs
[6.479s][info][gc,task     ] GC(191) Using 8 of 8 workers for final reference update
[6.479s][info][gc          ] GC(191) Pause Final Update Refs 0.073ms
[6.479s][info][gc,start    ] GC(191) Concurrent cleanup
[6.479s][info][gc          ] GC(191) Concurrent cleanup 127M->66M(245M) 0.064ms
[6.479s][info][gc,ergo     ] Free: 1815M, Max: 512K regular, 1813M humongous, Frag: 1% external, 0% internal; Reserve: 101888K, Max: 512K
[6.479s][info][gc,stats    ] 
[6.479s][info][gc,stats    ] All times are wall-clock times, except per-root-class counters, that are sum over
[6.479s][info][gc,stats    ] all workers. Dividing the <total> over the root stage time estimates parallelism.
[6.479s][info][gc,stats    ] 
[6.479s][info][gc,stats    ] Concurrent Reset                    803 us
[6.479s][info][gc,stats    ] Pause Init Mark (G)                  86 us
[6.479s][info][gc,stats    ] Pause Init Mark (N)                  67 us
[6.479s][info][gc,stats    ]   Update Region States               16 us
[6.479s][info][gc,stats    ] Concurrent Mark Roots              1481 us, parallelism: 1.22x
[6.479s][info][gc,stats    ]   CMR: <total>                     1800 us
[6.479s][info][gc,stats    ]   CMR: Thread Roots                 152 us, workers (us):  76,  76, ---, ---, ---, ---, ---, ---, 
[6.479s][info][gc,stats    ]   CMR: Code Cache Roots            1419 us, workers (us): 989, 429, ---, ---, ---, ---, ---, ---, 
[6.479s][info][gc,stats    ]   CMR: VM Strong Roots                8 us, workers (us):   7,   1, ---, ---, ---, ---, ---, ---, 
[6.479s][info][gc,stats    ]   CMR: CLDG Roots                   222 us, workers (us): 222, ---, ---, ---, ---, ---, ---, ---, 
[6.479s][info][gc,stats    ] Concurrent Marking                32352 us
[6.479s][info][gc,stats    ] Pause Final Mark (G)                900 us
[6.479s][info][gc,stats    ] Pause Final Mark (N)                840 us
[6.479s][info][gc,stats    ]   Finish Mark                       142 us
[6.479s][info][gc,stats    ]   Update Region States               56 us
[6.479s][info][gc,stats    ]   Choose Collection Set             248 us
[6.479s][info][gc,stats    ]   Rebuild Free Set                   45 us
[6.479s][info][gc,stats    ] Concurrent Thread Roots             209 us, parallelism: 0.79x
[6.479s][info][gc,stats    ]   CTR: <total>                      166 us
[6.479s][info][gc,stats    ]   CTR: Thread Roots                 166 us, workers (us):  83,  83, ---, ---, ---, ---, ---, ---, 
[6.479s][info][gc,stats    ] Concurrent Weak References          216 us, parallelism: 0.23x
[6.479s][info][gc,stats    ]   CWRF: <total>                      49 us
[6.479s][info][gc,stats    ]   CWRF: Weak References              49 us, workers (us):  48,   1, ---, ---, ---, ---, ---, ---, 
[6.479s][info][gc,stats    ] Concurrent Weak Roots               852 us
[6.479s][info][gc,stats    ]   Roots                             736 us, parallelism: 0.90x
[6.479s][info][gc,stats    ]     CWR: <total>                    661 us
[6.479s][info][gc,stats    ]     CWR: VM Weak Roots              661 us, workers (us): 661,   0, ---, ---, ---, ---, ---, ---, 
[6.479s][info][gc,stats    ]   Rendezvous                         35 us
[6.479s][info][gc,stats    ] Concurrent Cleanup                  217 us
[6.479s][info][gc,stats    ] Concurrent Strong Roots            1548 us, parallelism: 1.29x
[6.479s][info][gc,stats    ]   CSR: <total>                     2004 us
[6.479s][info][gc,stats    ]   CSR: Code Cache Roots            1609 us, workers (us): 538, 1071, ---, ---, ---, ---, ---, ---, 
[6.479s][info][gc,stats    ]   CSR: VM Strong Roots               12 us, workers (us):  11,   1, ---, ---, ---, ---, ---, ---, 
[6.479s][info][gc,stats    ]   CSR: CLDG Roots                   383 us, workers (us): 383, ---, ---, ---, ---, ---, ---, ---, 
[6.479s][info][gc,stats    ] Concurrent Evacuation             16286 us
[6.479s][info][gc,stats    ] Pause Init Update Refs (G)           87 us
[6.479s][info][gc,stats    ] Pause Init Update Refs (N)           41 us
[6.479s][info][gc,stats    ]   Manage GCLABs                       4 us
[6.479s][info][gc,stats    ] Concurrent Update Refs            26386 us
[6.479s][info][gc,stats    ] Concurrent Update Thread Roots      203 us
[6.479s][info][gc,stats    ] Pause Final Update Refs (G)         100 us
[6.479s][info][gc,stats    ] Pause Final Update Refs (N)          83 us
[6.479s][info][gc,stats    ]   Update Region States               29 us
[6.479s][info][gc,stats    ]   Trash Collection Set                4 us
[6.479s][info][gc,stats    ]   Rebuild Free Set                   20 us
[6.479s][info][gc,stats    ] Concurrent Cleanup                   73 us
[6.479s][info][gc,stats    ] 
[6.479s][info][gc,stats    ] Allocation pacing accrued:
[6.479s][info][gc,stats    ]       0 of    84 ms (  0.0%): <total>
[6.479s][info][gc,stats    ]       0 of    84 ms (  0.0%): <average total>
[6.479s][info][gc,stats    ] 
[6.479s][info][gc,metaspace] Metaspace: 24734K(25088K)->24734K(25088K) NonClass: 21994K(22208K)->21994K(22208K) Class: 2740K(2880K)->2740K(2880K)
[6.479s][info][gc,ergo     ] Pacer for Idle. Initial: 40642K, Alloc Tax Rate: 1.0x
[6.480s][info][gc          ] Trigger: Start next cycle immediately
[6.480s][info][gc,ergo     ] Free: 1815M, Max: 512K regular, 1813M humongous, Frag: 1% external, 0% internal; Reserve: 101888K, Max: 512K
[6.480s][info][gc,start    ] GC(192) Concurrent reset
[6.480s][info][gc,task     ] GC(192) Using 2 of 8 workers for concurrent reset
[6.480s][info][gc,ergo     ] GC(192) Pacer for Reset. Non-Taxable: 1984M
[6.481s][info][gc          ] GC(192) Concurrent reset 0.489ms
[6.481s][info][gc,start    ] GC(192) Pause Init Mark
[6.481s][info][gc,task     ] GC(192) Using 8 of 8 workers for init marking
[6.481s][info][gc,ergo     ] GC(192) Pacer for Mark. Expected Live: 66151K, Free: 1815M, Non-Taxable: 181M, Alloc Tax Rate: 0.0x
[6.481s][info][gc          ] GC(192) Pause Init Mark 0.048ms
[6.481s][info][gc,start    ] GC(192) Concurrent marking roots
[6.481s][info][gc,task     ] GC(192) Using 2 of 8 workers for concurrent marking roots
[6.482s][info][gc          ] GC(192) Concurrent marking roots 0.853ms
[6.482s][info][gc,start    ] GC(192) Concurrent marking
[6.482s][info][gc,task     ] GC(192) Using 2 of 8 workers for concurrent marking
[6.510s][info][gc          ] GC(192) Concurrent marking 27.811ms
[6.510s][info][gc,start    ] GC(192) Pause Final Mark
[6.510s][info][gc,task     ] GC(192) Using 8 of 8 workers for final marking
[6.510s][info][gc,ergo     ] GC(192) Collectable Garbage: 2071K (100%), Immediate: 512K (24%), CSet: 1559K (75%)
[6.510s][info][gc,ergo     ] GC(192) Pacer for Evacuation. Used CSet: 61439K, Free: 1815M, Non-Taxable: 181M, Alloc Tax Rate: 1.1x
[6.510s][info][gc          ] GC(192) Pause Final Mark 0.224ms
[6.510s][info][gc,start    ] GC(192) Concurrent thread roots
[6.510s][info][gc,task     ] GC(192) Using 2 of 8 workers for Concurrent thread roots
[6.510s][info][gc          ] GC(192) Concurrent thread roots 0.118ms
[6.510s][info][gc,start    ] GC(192) Concurrent weak references
[6.510s][info][gc,task     ] GC(192) Using 2 of 8 workers for concurrent weak references
[6.510s][info][gc,ref      ] GC(192) Encountered references: Soft: 4023, Weak: 1710, Final: 4, Phantom: 592
[6.510s][info][gc,ref      ] GC(192) Discovered  references: Soft: 0, Weak: 843, Final: 0, Phantom: 257
[6.510s][info][gc,ref      ] GC(192) Enqueued    references: Soft: 0, Weak: 0, Final: 0, Phantom: 0
[6.510s][info][gc          ] GC(192) Concurrent weak references 0.124ms
[6.510s][info][gc,start    ] GC(192) Concurrent weak roots
[6.510s][info][gc,task     ] GC(192) Using 2 of 8 workers for concurrent weak root
[6.511s][info][gc          ] GC(192) Concurrent weak roots 0.510ms
[6.511s][info][gc,start    ] GC(192) Concurrent cleanup
[6.511s][info][gc          ] GC(192) Concurrent cleanup 67M->67M(245M) 0.099ms
[6.511s][info][gc,ergo     ] GC(192) Free: 1815M, Max: 512K regular, 1813M humongous, Frag: 1% external, 0% internal; Reserve: 101376K, Max: 512K
[6.511s][info][gc,start    ] GC(192) Concurrent strong roots
[6.511s][info][gc,task     ] GC(192) Using 2 of 8 workers for concurrent strong root
[6.513s][info][gc          ] GC(192) Concurrent strong roots 1.779ms
[6.513s][info][gc,start    ] GC(192) Concurrent evacuation
[6.513s][info][gc,task     ] GC(192) Using 2 of 8 workers for concurrent evacuation
[6.529s][info][gc          ] GC(192) Concurrent evacuation 16.272ms
[6.529s][info][gc,start    ] GC(192) Pause Init Update Refs
[6.529s][info][gc,ergo     ] GC(192) Pacer for Update Refs. Used: 127M, Free: 1814M, Non-Taxable: 181M, Alloc Tax Rate: 1.1x
[6.529s][info][gc          ] GC(192) Pause Init Update Refs 0.026ms
[6.529s][info][gc,start    ] GC(192) Concurrent update references
[6.529s][info][gc,task     ] GC(192) Using 2 of 8 workers for concurrent reference update
[6.552s][info][gc          ] GC(192) Concurrent update references 22.774ms
[6.552s][info][gc,start    ] GC(192) Concurrent update thread roots
[6.552s][info][gc          ] GC(192) Concurrent update thread roots 0.162ms
[6.552s][info][gc,start    ] GC(192) Pause Final Update Refs
[6.552s][info][gc,task     ] GC(192) Using 8 of 8 workers for final reference update
[6.552s][info][gc          ] GC(192) Pause Final Update Refs 0.076ms
[6.552s][info][gc,start    ] GC(192) Concurrent cleanup
[6.552s][info][gc          ] GC(192) Concurrent cleanup 127M->67M(245M) 0.059ms
[6.552s][info][gc,ergo     ] Free: 1815M, Max: 512K regular, 1813M humongous, Frag: 1% external, 0% internal; Reserve: 101888K, Max: 512K
[6.552s][info][gc,stats    ] 
[6.552s][info][gc,stats    ] All times are wall-clock times, except per-root-class counters, that are sum over
[6.552s][info][gc,stats    ] all workers. Dividing the <total> over the root stage time estimates parallelism.
[6.552s][info][gc,stats    ] 
[6.552s][info][gc,stats    ] Concurrent Reset                    502 us
[6.552s][info][gc,stats    ] Pause Init Mark (G)                 152 us
[6.552s][info][gc,stats    ] Pause Init Mark (N)                  56 us
[6.552s][info][gc,stats    ]   Update Region States               15 us
[6.552s][info][gc,stats    ] Concurrent Mark Roots               886 us, parallelism: 1.64x
[6.552s][info][gc,stats    ]   CMR: <total>                     1451 us
[6.552s][info][gc,stats    ]   CMR: Thread Roots                  85 us, workers (us):  85,   0, ---, ---, ---, ---, ---, ---, 
[6.552s][info][gc,stats    ]   CMR: Code Cache Roots            1172 us, workers (us): 466, 706, ---, ---, ---, ---, ---, ---, 
[6.552s][info][gc,stats    ]   CMR: VM Strong Roots                5 us, workers (us):   5,   0, ---, ---, ---, ---, ---, ---, 
[6.552s][info][gc,stats    ]   CMR: CLDG Roots                   188 us, workers (us): 188, ---, ---, ---, ---, ---, ---, ---, 
[6.552s][info][gc,stats    ] Concurrent Marking                27837 us
[6.552s][info][gc,stats    ] Pause Final Mark (G)                250 us
[6.553s][info][gc,stats    ] Pause Final Mark (N)                232 us
[6.553s][info][gc,stats    ]   Finish Mark                       109 us
[6.553s][info][gc,stats    ]   Update Region States               24 us
[6.553s][info][gc,stats    ]   Choose Collection Set              43 us
[6.553s][info][gc,stats    ]   Rebuild Free Set                   15 us
[6.553s][info][gc,stats    ] Concurrent Thread Roots             129 us, parallelism: 1.27x
[6.553s][info][gc,stats    ]   CTR: <total>                      164 us
[6.553s][info][gc,stats    ]   CTR: Thread Roots                 164 us, workers (us):  91,  73, ---, ---, ---, ---, ---, ---, 
[6.553s][info][gc,stats    ] Concurrent Weak References          129 us, parallelism: 0.60x
[6.553s][info][gc,stats    ]   CWRF: <total>                      77 us
[6.553s][info][gc,stats    ]   CWRF: Weak References              77 us, workers (us):  77,   1, ---, ---, ---, ---, ---, ---, 
[6.553s][info][gc,stats    ] Concurrent Weak Roots               526 us
[6.553s][info][gc,stats    ]   Roots                             427 us, parallelism: 1.76x
[6.553s][info][gc,stats    ]     CWR: <total>                    753 us
[6.553s][info][gc,stats    ]     CWR: VM Weak Roots              753 us, workers (us): 380, 374, ---, ---, ---, ---, ---, ---, 
[6.553s][info][gc,stats    ]   Rendezvous                         67 us
[6.553s][info][gc,stats    ] Concurrent Cleanup                  108 us
[6.553s][info][gc,stats    ] Concurrent Strong Roots            1801 us, parallelism: 0.95x
[6.553s][info][gc,stats    ]   CSR: <total>                     1707 us
[6.553s][info][gc,stats    ]   CSR: Code Cache Roots            1263 us, workers (us): 1263,   0, ---, ---, ---, ---, ---, ---, 
[6.553s][info][gc,stats    ]   CSR: VM Strong Roots               18 us, workers (us):  18,   0, ---, ---, ---, ---, ---, ---, 
[6.553s][info][gc,stats    ]   CSR: CLDG Roots                   426 us, workers (us): 426, ---, ---, ---, ---, ---, ---, ---, 
[6.553s][info][gc,stats    ] Concurrent Evacuation             16301 us
[6.553s][info][gc,stats    ] Pause Init Update Refs (G)           55 us
[6.553s][info][gc,stats    ] Pause Init Update Refs (N)           32 us
[6.553s][info][gc,stats    ]   Manage GCLABs                       5 us
[6.553s][info][gc,stats    ] Concurrent Update Refs            22814 us
[6.553s][info][gc,stats    ] Concurrent Update Thread Roots      174 us
[6.553s][info][gc,stats    ] Pause Final Update Refs (G)         105 us
[6.553s][info][gc,stats    ] Pause Final Update Refs (N)          86 us
[6.553s][info][gc,stats    ]   Update Region States               33 us
[6.553s][info][gc,stats    ]   Trash Collection Set                4 us
[6.553s][info][gc,stats    ]   Rebuild Free Set                   19 us
[6.553s][info][gc,stats    ] Concurrent Cleanup                   68 us
[6.553s][info][gc,stats    ] 
[6.553s][info][gc,stats    ] Allocation pacing accrued:
[6.553s][info][gc,stats    ]       0 of    74 ms (  0.0%): <total>
[6.553s][info][gc,stats    ]       0 of    74 ms (  0.0%): <average total>
[6.553s][info][gc,stats    ] 
[6.553s][info][gc,metaspace] Metaspace: 24734K(25088K)->24734K(25088K) NonClass: 21994K(22208K)->21994K(22208K) Class: 2740K(2880K)->2740K(2880K)
[6.553s][info][gc,ergo     ] Pacer for Idle. Initial: 40642K, Alloc Tax Rate: 1.0x
[6.554s][info][gc          ] Trigger: Start next cycle immediately
[6.554s][info][gc,ergo     ] Free: 1815M, Max: 512K regular, 1813M humongous, Frag: 1% external, 0% internal; Reserve: 101888K, Max: 512K
[6.554s][info][gc,start    ] GC(193) Concurrent reset
[6.554s][info][gc,task     ] GC(193) Using 2 of 8 workers for concurrent reset
[6.554s][info][gc,ergo     ] GC(193) Pacer for Reset. Non-Taxable: 1984M
[6.554s][info][gc          ] GC(193) Concurrent reset 0.389ms
[6.554s][info][gc,start    ] GC(193) Pause Init Mark (unload classes)
[6.554s][info][gc,task     ] GC(193) Using 8 of 8 workers for init marking
[6.554s][info][gc,ergo     ] GC(193) Pacer for Mark. Expected Live: 66151K, Free: 1815M, Non-Taxable: 181M, Alloc Tax Rate: 0.0x
[6.554s][info][gc          ] GC(193) Pause Init Mark (unload classes) 0.048ms
[6.555s][info][gc,start    ] GC(193) Concurrent marking roots
[6.555s][info][gc,task     ] GC(193) Using 2 of 8 workers for concurrent marking roots
[6.555s][info][gc          ] GC(193) Concurrent marking roots 0.288ms
[6.555s][info][gc,start    ] GC(193) Concurrent marking (unload classes)
[6.555s][info][gc,task     ] GC(193) Using 2 of 8 workers for concurrent marking
[6.588s][info][gc          ] GC(193) Concurrent marking (unload classes) 33.343ms
[6.588s][info][gc,start    ] GC(193) Pause Final Mark (unload classes)
[6.588s][info][gc,task     ] GC(193) Using 8 of 8 workers for final marking
[6.589s][info][gc,ergo     ] GC(193) Collectable Garbage: 2583K (100%), Immediate: 511K (19%), CSet: 2071K (80%)
[6.589s][info][gc,ergo     ] GC(193) Pacer for Evacuation. Used CSet: 61947K, Free: 1814M, Non-Taxable: 181M, Alloc Tax Rate: 1.1x
[6.590s][info][gc          ] GC(193) Pause Final Mark (unload classes) 1.312ms
[6.590s][info][gc,start    ] GC(193) Concurrent thread roots
[6.590s][info][gc,task     ] GC(193) Using 2 of 8 workers for Concurrent thread roots
[6.590s][info][gc          ] GC(193) Concurrent thread roots 0.113ms
[6.590s][info][gc,start    ] GC(193) Concurrent weak references
[6.590s][info][gc,task     ] GC(193) Using 2 of 8 workers for concurrent weak references
[6.590s][info][gc,ref      ] GC(193) Encountered references: Soft: 4023, Weak: 1710, Final: 4, Phantom: 592
[6.590s][info][gc,ref      ] GC(193) Discovered  references: Soft: 0, Weak: 337, Final: 0, Phantom: 204
[6.590s][info][gc,ref      ] GC(193) Enqueued    references: Soft: 0, Weak: 0, Final: 0, Phantom: 0
[6.590s][info][gc          ] GC(193) Concurrent weak references 0.091ms
[6.590s][info][gc,start    ] GC(193) Concurrent weak roots
[6.590s][info][gc,task     ] GC(193) Using 2 of 8 workers for concurrent weak root
[6.591s][info][gc          ] GC(193) Concurrent weak roots 0.926ms
[6.591s][info][gc,start    ] GC(193) Concurrent cleanup
[6.591s][info][gc          ] GC(193) Concurrent cleanup 68M->68M(245M) 0.130ms
[6.591s][info][gc,ergo     ] GC(193) Free: 1814M, Max: 512K regular, 1813M humongous, Frag: 1% external, 0% internal; Reserve: 101376K, Max: 512K
[6.591s][info][gc,start    ] GC(193) Concurrent class unloading
[6.591s][info][gc,task     ] GC(193) Using 2 of 8 workers for concurrent class unloading
[6.592s][info][gc          ] GC(193) Concurrent class unloading 1.527ms
[6.592s][info][gc,start    ] GC(193) Concurrent strong roots
[6.592s][info][gc,task     ] GC(193) Using 2 of 8 workers for concurrent strong root
[6.593s][info][gc          ] GC(193) Concurrent strong roots 0.379ms
[6.593s][info][gc,start    ] GC(193) Concurrent evacuation
[6.593s][info][gc,task     ] GC(193) Using 2 of 8 workers for concurrent evacuation
[6.610s][info][gc          ] GC(193) Concurrent evacuation 16.921ms
[6.610s][info][gc,start    ] GC(193) Pause Init Update Refs
[6.610s][info][gc,ergo     ] GC(193) Pacer for Update Refs. Used: 127M, Free: 1814M, Non-Taxable: 181M, Alloc Tax Rate: 1.1x
[6.610s][info][gc          ] GC(193) Pause Init Update Refs 0.029ms
[6.610s][info][gc,start    ] GC(193) Concurrent update references
[6.610s][info][gc,task     ] GC(193) Using 2 of 8 workers for concurrent reference update
[6.632s][info][gc          ] GC(193) Concurrent update references 22.274ms
[6.632s][info][gc,start    ] GC(193) Concurrent update thread roots
[6.632s][info][gc          ] GC(193) Concurrent update thread roots 0.194ms
[6.632s][info][gc,start    ] GC(193) Pause Final Update Refs
[6.632s][info][gc,task     ] GC(193) Using 8 of 8 workers for final reference update
[6.632s][info][gc          ] GC(193) Pause Final Update Refs 0.082ms
[6.632s][info][gc,start    ] GC(193) Concurrent cleanup
[6.633s][info][gc          ] GC(193) Concurrent cleanup 127M->67M(245M) 0.060ms
[6.633s][info][gc,ergo     ] Free: 1815M, Max: 512K regular, 1813M humongous, Frag: 1% external, 0% internal; Reserve: 101888K, Max: 512K
[6.633s][info][gc,stats    ] 
[6.633s][info][gc,stats    ] All times are wall-clock times, except per-root-class counters, that are sum over
[6.633s][info][gc,stats    ] all workers. Dividing the <total> over the root stage time estimates parallelism.
[6.633s][info][gc,stats    ] 
[6.633s][info][gc,stats    ] Concurrent Reset                    404 us
[6.633s][info][gc,stats    ] Pause Init Mark (G)                  80 us
[6.633s][info][gc,stats    ] Pause Init Mark (N)                  56 us
[6.633s][info][gc,stats    ]   Update Region States               13 us
[6.633s][info][gc,stats    ] Concurrent Mark Roots               301 us, parallelism: 0.69x
[6.633s][info][gc,stats    ]   CMR: <total>                      208 us
[6.633s][info][gc,stats    ]   CMR: Thread Roots                  96 us, workers (us):  96,   0, ---, ---, ---, ---, ---, ---, 
[6.633s][info][gc,stats    ]   CMR: VM Strong Roots                7 us, workers (us):   7,   0, ---, ---, ---, ---, ---, ---, 
[6.633s][info][gc,stats    ]   CMR: CLDG Roots                   105 us, workers (us): 105, ---, ---, ---, ---, ---, ---, ---, 
[6.633s][info][gc,stats    ] Concurrent Marking                33379 us
[6.633s][info][gc,stats    ] Pause Final Mark (G)               1345 us
[6.633s][info][gc,stats    ] Pause Final Mark (N)               1321 us
[6.633s][info][gc,stats    ]   Finish Mark                      1141 us
[6.633s][info][gc,stats    ]   Update Region States               29 us
[6.633s][info][gc,stats    ]   Choose Collection Set              64 us
[6.633s][info][gc,stats    ]   Rebuild Free Set                   17 us
[6.633s][info][gc,stats    ] Concurrent Thread Roots             124 us, parallelism: 1.31x
[6.633s][info][gc,stats    ]   CTR: <total>                      162 us
[6.633s][info][gc,stats    ]   CTR: Thread Roots                 162 us, workers (us):  86,  77, ---, ---, ---, ---, ---, ---, 
[6.633s][info][gc,stats    ] Concurrent Weak References           98 us, parallelism: 0.54x
[6.633s][info][gc,stats    ]   CWRF: <total>                      53 us
[6.633s][info][gc,stats    ]   CWRF: Weak References              53 us, workers (us):  44,   9, ---, ---, ---, ---, ---, ---, 
[6.633s][info][gc,stats    ] Concurrent Weak Roots               950 us
[6.633s][info][gc,stats    ]   Roots                             885 us, parallelism: 1.77x
[6.633s][info][gc,stats    ]     CWR: <total>                   1564 us
[6.633s][info][gc,stats    ]     CWR: Code Cache Roots           892 us, workers (us): 454, 438, ---, ---, ---, ---, ---, ---, 
[6.633s][info][gc,stats    ]     CWR: VM Weak Roots              658 us, workers (us): 330, 328, ---, ---, ---, ---, ---, ---, 
[6.633s][info][gc,stats    ]     CWR: CLDG Roots                  14 us, workers (us): ---,  14, ---, ---, ---, ---, ---, ---, 
[6.633s][info][gc,stats    ]   Rendezvous                         24 us
[6.633s][info][gc,stats    ] Concurrent Cleanup                  140 us
[6.633s][info][gc,stats    ] Concurrent Class Unloading         1542 us
[6.633s][info][gc,stats    ]   Unlink Stale                     1486 us
[6.633s][info][gc,stats    ]     System Dictionary                39 us
[6.633s][info][gc,stats    ]     Weak Class Links                  0 us
[6.633s][info][gc,stats    ]     Code Roots                     1445 us
[6.633s][info][gc,stats    ]   Rendezvous                         18 us
[6.633s][info][gc,stats    ]   Purge Unlinked                      5 us
[6.633s][info][gc,stats    ]     Code Roots                        1 us
[6.633s][info][gc,stats    ]     CLDG                              4 us
[6.633s][info][gc,stats    ]     Exception Caches                  0 us
[6.633s][info][gc,stats    ] Concurrent Strong Roots             389 us, parallelism: 0.88x
[6.633s][info][gc,stats    ]   CSR: <total>                      341 us
[6.633s][info][gc,stats    ]   CSR: VM Strong Roots               12 us, workers (us):   7,   5, ---, ---, ---, ---, ---, ---, 
[6.633s][info][gc,stats    ]   CSR: CLDG Roots                   329 us, workers (us): ---, 329, ---, ---, ---, ---, ---, ---, 
[6.633s][info][gc,stats    ] Concurrent Evacuation             16951 us
[6.633s][info][gc,stats    ] Pause Init Update Refs (G)           68 us
[6.633s][info][gc,stats    ] Pause Init Update Refs (N)           38 us
[6.633s][info][gc,stats    ]   Manage GCLABs                       6 us
[6.633s][info][gc,stats    ] Concurrent Update Refs            22324 us
[6.633s][info][gc,stats    ] Concurrent Update Thread Roots      206 us
[6.633s][info][gc,stats    ] Pause Final Update Refs (G)         114 us
[6.633s][info][gc,stats    ] Pause Final Update Refs (N)          93 us
[6.633s][info][gc,stats    ]   Update Region States               36 us
[6.633s][info][gc,stats    ]   Trash Collection Set                4 us
[6.633s][info][gc,stats    ]   Rebuild Free Set                   21 us
[6.633s][info][gc,stats    ] Concurrent Cleanup                   69 us
[6.633s][info][gc,stats    ] 
[6.633s][info][gc,stats    ] Allocation pacing accrued:
[6.633s][info][gc,stats    ]       0 of    80 ms (  0.0%): <total>
[6.633s][info][gc,stats    ]       0 of    80 ms (  0.0%): <average total>
[6.633s][info][gc,stats    ] 
[6.633s][info][gc,metaspace] Metaspace: 24734K(25088K)->24734K(25088K) NonClass: 21994K(22208K)->21994K(22208K) Class: 2740K(2880K)->2740K(2880K)
[6.633s][info][gc,ergo     ] Pacer for Idle. Initial: 40642K, Alloc Tax Rate: 1.0x
[6.634s][info][gc          ] Trigger: Start next cycle immediately
[6.634s][info][gc,ergo     ] Free: 1815M, Max: 512K regular, 1813M humongous, Frag: 1% external, 0% internal; Reserve: 101888K, Max: 512K
[6.634s][info][gc,start    ] GC(194) Concurrent reset
[6.634s][info][gc,task     ] GC(194) Using 2 of 8 workers for concurrent reset
[6.634s][info][gc,ergo     ] GC(194) Pacer for Reset. Non-Taxable: 1984M
[6.635s][info][gc          ] GC(194) Concurrent reset 0.368ms
[6.635s][info][gc,start    ] GC(194) Pause Init Mark
[6.635s][info][gc,task     ] GC(194) Using 8 of 8 workers for init marking
[6.635s][info][gc,ergo     ] GC(194) Pacer for Mark. Expected Live: 66151K, Free: 1815M, Non-Taxable: 181M, Alloc Tax Rate: 0.0x
[6.635s][info][gc          ] GC(194) Pause Init Mark 0.045ms
[6.635s][info][gc,start    ] GC(194) Concurrent marking roots
[6.635s][info][gc,task     ] GC(194) Using 2 of 8 workers for concurrent marking roots
[6.636s][info][gc          ] GC(194) Concurrent marking roots 0.841ms
[6.636s][info][gc,start    ] GC(194) Concurrent marking
[6.636s][info][gc,task     ] GC(194) Using 2 of 8 workers for concurrent marking
[6.662s][info][gc          ] GC(194) Concurrent marking 26.169ms
[6.662s][info][gc,start    ] GC(194) Pause Final Mark
[6.662s][info][gc,task     ] GC(194) Using 8 of 8 workers for final marking
[6.666s][info][gc,ergo     ] GC(194) Collectable Garbage: 2586K (100%), Immediate: 511K (19%), CSet: 2075K (80%)
[6.666s][info][gc,ergo     ] GC(194) Pacer for Evacuation. Used CSet: 61951K, Free: 1814M, Non-Taxable: 181M, Alloc Tax Rate: 1.1x
[6.666s][info][gc          ] GC(194) Pause Final Mark 4.301ms
[6.666s][info][gc,start    ] GC(194) Concurrent thread roots
[6.666s][info][gc,task     ] GC(194) Using 2 of 8 workers for Concurrent thread roots
[6.666s][info][gc          ] GC(194) Concurrent thread roots 0.129ms
[6.666s][info][gc,start    ] GC(194) Concurrent weak references
[6.666s][info][gc,task     ] GC(194) Using 2 of 8 workers for concurrent weak references
[6.666s][info][gc,ref      ] GC(194) Encountered references: Soft: 4023, Weak: 1710, Final: 4, Phantom: 592
[6.666s][info][gc,ref      ] GC(194) Discovered  references: Soft: 0, Weak: 94, Final: 1, Phantom: 333
[6.666s][info][gc,ref      ] GC(194) Enqueued    references: Soft: 0, Weak: 0, Final: 0, Phantom: 0
[6.666s][info][gc          ] GC(194) Concurrent weak references 0.095ms
[6.666s][info][gc,start    ] GC(194) Concurrent weak roots
[6.666s][info][gc,task     ] GC(194) Using 2 of 8 workers for concurrent weak root
[6.667s][info][gc          ] GC(194) Concurrent weak roots 0.472ms
[6.667s][info][gc,start    ] GC(194) Concurrent cleanup
[6.667s][info][gc          ] GC(194) Concurrent cleanup 68M->68M(245M) 0.114ms
[6.667s][info][gc,ergo     ] GC(194) Free: 1814M, Max: 512K regular, 1813M humongous, Frag: 1% external, 0% internal; Reserve: 101376K, Max: 512K
[6.667s][info][gc,start    ] GC(194) Concurrent strong roots
[6.667s][info][gc,task     ] GC(194) Using 2 of 8 workers for concurrent strong root
[6.669s][info][gc          ] GC(194) Concurrent strong roots 1.453ms
[6.669s][info][gc,start    ] GC(194) Concurrent evacuation
[6.669s][info][gc,task     ] GC(194) Using 2 of 8 workers for concurrent evacuation
[6.684s][info][gc          ] GC(194) Concurrent evacuation 15.401ms
[6.684s][info][gc,start    ] GC(194) Pause Init Update Refs
[6.684s][info][gc,ergo     ] GC(194) Pacer for Update Refs. Used: 127M, Free: 1814M, Non-Taxable: 181M, Alloc Tax Rate: 1.1x
[6.684s][info][gc          ] GC(194) Pause Init Update Refs 0.027ms
[6.684s][info][gc,start    ] GC(194) Concurrent update references
[6.684s][info][gc,task     ] GC(194) Using 2 of 8 workers for concurrent reference update
[6.712s][info][gc          ] GC(194) Concurrent update references 28.282ms
[6.712s][info][gc,start    ] GC(194) Concurrent update thread roots
[6.713s][info][gc          ] GC(194) Concurrent update thread roots 0.226ms
[6.713s][info][gc,start    ] GC(194) Pause Final Update Refs
[6.713s][info][gc,task     ] GC(194) Using 8 of 8 workers for final reference update
[6.713s][info][gc          ] GC(194) Pause Final Update Refs 0.091ms
[6.713s][info][gc,start    ] GC(194) Concurrent cleanup
[6.713s][info][gc          ] GC(194) Concurrent cleanup 127M->66M(245M) 0.079ms
[6.713s][info][gc,ergo     ] Free: 1815M, Max: 512K regular, 1813M humongous, Frag: 1% external, 0% internal; Reserve: 101888K, Max: 512K
[6.713s][info][gc,stats    ] 
[6.713s][info][gc,stats    ] All times are wall-clock times, except per-root-class counters, that are sum over
[6.713s][info][gc,stats    ] all workers. Dividing the <total> over the root stage time estimates parallelism.
[6.713s][info][gc,stats    ] 
[6.713s][info][gc,stats    ] Concurrent Reset                    380 us
[6.713s][info][gc,stats    ] Pause Init Mark (G)                  74 us
[6.713s][info][gc,stats    ] Pause Init Mark (N)                  52 us
[6.713s][info][gc,stats    ]   Update Region States               12 us
[6.713s][info][gc,stats    ] Concurrent Mark Roots               867 us, parallelism: 1.74x
[6.713s][info][gc,stats    ]   CMR: <total>                     1512 us
[6.713s][info][gc,stats    ]   CMR: Thread Roots                 128 us, workers (us):  94,  33, ---, ---, ---, ---, ---, ---, 
[6.713s][info][gc,stats    ]   CMR: Code Cache Roots            1181 us, workers (us): 464, 718, ---, ---, ---, ---, ---, ---, 
[6.713s][info][gc,stats    ]   CMR: VM Strong Roots                9 us, workers (us):   5,   4, ---, ---, ---, ---, ---, ---, 
[6.713s][info][gc,stats    ]   CMR: CLDG Roots                   195 us, workers (us): 195, ---, ---, ---, ---, ---, ---, ---, 
[6.713s][info][gc,stats    ] Concurrent Marking                26202 us
[6.713s][info][gc,stats    ] Pause Final Mark (G)               4338 us
[6.713s][info][gc,stats    ] Pause Final Mark (N)               4311 us
[6.713s][info][gc,stats    ]   Finish Mark                      4141 us
[6.713s][info][gc,stats    ]   Update Region States               40 us
[6.713s][info][gc,stats    ]   Choose Collection Set              65 us
[6.713s][info][gc,stats    ]   Rebuild Free Set                   16 us
[6.713s][info][gc,stats    ] Concurrent Thread Roots             138 us, parallelism: 1.23x
[6.713s][info][gc,stats    ]   CTR: <total>                      170 us
[6.713s][info][gc,stats    ]   CTR: Thread Roots                 170 us, workers (us):  94,  75, ---, ---, ---, ---, ---, ---, 
[6.713s][info][gc,stats    ] Concurrent Weak References          105 us, parallelism: 0.40x
[6.713s][info][gc,stats    ]   CWRF: <total>                      42 us
[6.713s][info][gc,stats    ]   CWRF: Weak References              42 us, workers (us):  41,   1, ---, ---, ---, ---, ---, ---, 
[6.713s][info][gc,stats    ] Concurrent Weak Roots               491 us
[6.713s][info][gc,stats    ]   Roots                             430 us, parallelism: 1.72x
[6.713s][info][gc,stats    ]     CWR: <total>                    739 us
[6.713s][info][gc,stats    ]     CWR: VM Weak Roots              739 us, workers (us): 375, 363, ---, ---, ---, ---, ---, ---, 
[6.713s][info][gc,stats    ]   Rendezvous                         25 us
[6.713s][info][gc,stats    ] Concurrent Cleanup                  123 us
[6.713s][info][gc,stats    ] Concurrent Strong Roots            1475 us, parallelism: 1.18x
[6.713s][info][gc,stats    ]   CSR: <total>                     1734 us
[6.713s][info][gc,stats    ]   CSR: Code Cache Roots            1371 us, workers (us): 1024, 347, ---, ---, ---, ---, ---, ---, 
[6.713s][info][gc,stats    ]   CSR: VM Strong Roots               15 us, workers (us):  15,   0, ---, ---, ---, ---, ---, ---, 
[6.713s][info][gc,stats    ]   CSR: CLDG Roots                   348 us, workers (us): 348, ---, ---, ---, ---, ---, ---, ---, 
[6.713s][info][gc,stats    ] Concurrent Evacuation             15435 us
[6.713s][info][gc,stats    ] Pause Init Update Refs (G)           63 us
[6.713s][info][gc,stats    ] Pause Init Update Refs (N)           35 us
[6.713s][info][gc,stats    ]   Manage GCLABs                       5 us
[6.713s][info][gc,stats    ] Concurrent Update Refs            28339 us
[6.713s][info][gc,stats    ] Concurrent Update Thread Roots      245 us
[6.713s][info][gc,stats    ] Pause Final Update Refs (G)         126 us
[6.713s][info][gc,stats    ] Pause Final Update Refs (N)         103 us
[6.713s][info][gc,stats    ]   Update Region States               35 us
[6.713s][info][gc,stats    ]   Trash Collection Set                5 us
[6.713s][info][gc,stats    ]   Rebuild Free Set                   24 us
[6.713s][info][gc,stats    ] Concurrent Cleanup                   90 us
[6.713s][info][gc,stats    ] 
[6.713s][info][gc,stats    ] Allocation pacing accrued:
[6.713s][info][gc,stats    ]       0 of    80 ms (  0.0%): <total>
[6.714s][info][gc,stats    ]       0 of    80 ms (  0.0%): <average total>
[6.714s][info][gc,stats    ] 
[6.714s][info][gc,metaspace] Metaspace: 24734K(25088K)->24734K(25088K) NonClass: 21994K(22208K)->21994K(22208K) Class: 2740K(2880K)->2740K(2880K)
[6.714s][info][gc,ergo     ] Pacer for Idle. Initial: 40642K, Alloc Tax Rate: 1.0x
[6.715s][info][gc          ] Trigger: Start next cycle immediately
[6.715s][info][gc,ergo     ] Free: 1815M, Max: 512K regular, 1813M humongous, Frag: 1% external, 0% internal; Reserve: 101888K, Max: 512K
[6.715s][info][gc,start    ] GC(195) Concurrent reset
[6.715s][info][gc,task     ] GC(195) Using 2 of 8 workers for concurrent reset
[6.715s][info][gc,ergo     ] GC(195) Pacer for Reset. Non-Taxable: 1984M
[6.715s][info][gc          ] GC(195) Concurrent reset 0.418ms
[6.715s][info][gc,start    ] GC(195) Pause Init Mark (unload classes)
[6.715s][info][gc,task     ] GC(195) Using 8 of 8 workers for init marking
[6.715s][info][gc,ergo     ] GC(195) Pacer for Mark. Expected Live: 66151K, Free: 1815M, Non-Taxable: 181M, Alloc Tax Rate: 0.0x
[6.715s][info][gc          ] GC(195) Pause Init Mark (unload classes) 0.054ms
[6.715s][info][gc,start    ] GC(195) Concurrent marking roots
[6.715s][info][gc,task     ] GC(195) Using 2 of 8 workers for concurrent marking roots
[6.715s][info][gc          ] GC(195) Concurrent marking roots 0.217ms
[6.715s][info][gc,start    ] GC(195) Concurrent marking (unload classes)
[6.715s][info][gc,task     ] GC(195) Using 2 of 8 workers for concurrent marking
[6.750s][info][gc          ] GC(195) Concurrent marking (unload classes) 34.092ms
[6.750s][info][gc,start    ] GC(195) Pause Final Mark (unload classes)
[6.750s][info][gc,task     ] GC(195) Using 8 of 8 workers for final marking
[6.750s][info][gc,ergo     ] GC(195) Collectable Garbage: 2074K (100%), Immediate: 511K (24%), CSet: 1563K (75%)
[6.750s][info][gc,ergo     ] GC(195) Pacer for Evacuation. Used CSet: 61439K, Free: 1815M, Non-Taxable: 181M, Alloc Tax Rate: 1.1x
[6.750s][info][gc          ] GC(195) Pause Final Mark (unload classes) 0.213ms
[6.750s][info][gc,start    ] GC(195) Concurrent thread roots
[6.750s][info][gc,task     ] GC(195) Using 2 of 8 workers for Concurrent thread roots
[6.750s][info][gc          ] GC(195) Concurrent thread roots 0.140ms
[6.750s][info][gc,start    ] GC(195) Concurrent weak references
[6.750s][info][gc,task     ] GC(195) Using 2 of 8 workers for concurrent weak references
[6.750s][info][gc,ref      ] GC(195) Encountered references: Soft: 4023, Weak: 1710, Final: 4, Phantom: 592
[6.750s][info][gc,ref      ] GC(195) Discovered  references: Soft: 0, Weak: 877, Final: 4, Phantom: 204
[6.750s][info][gc,ref      ] GC(195) Enqueued    references: Soft: 0, Weak: 0, Final: 0, Phantom: 0
[6.750s][info][gc          ] GC(195) Concurrent weak references 0.116ms
[6.750s][info][gc,start    ] GC(195) Concurrent weak roots
[6.750s][info][gc,task     ] GC(195) Using 2 of 8 workers for concurrent weak root
[6.751s][info][gc          ] GC(195) Concurrent weak roots 1.029ms
[6.751s][info][gc,start    ] GC(195) Concurrent cleanup
[6.751s][info][gc          ] GC(195) Concurrent cleanup 68M->67M(245M) 0.121ms
[6.751s][info][gc,ergo     ] GC(195) Free: 1815M, Max: 512K regular, 1813M humongous, Frag: 1% external, 0% internal; Reserve: 101118K, Max: 512K
[6.751s][info][gc,start    ] GC(195) Concurrent class unloading
[6.751s][info][gc,task     ] GC(195) Using 2 of 8 workers for concurrent class unloading
[6.754s][info][gc          ] GC(195) Concurrent class unloading 2.824ms
[6.754s][info][gc,start    ] GC(195) Concurrent strong roots
[6.754s][info][gc,task     ] GC(195) Using 2 of 8 workers for concurrent strong root
[6.755s][info][gc          ] GC(195) Concurrent strong roots 0.413ms
[6.755s][info][gc,start    ] GC(195) Concurrent evacuation
[6.755s][info][gc,task     ] GC(195) Using 2 of 8 workers for concurrent evacuation
[6.771s][info][gc          ] GC(195) Concurrent evacuation 16.114ms
[6.771s][info][gc,start    ] GC(195) Pause Init Update Refs
[6.771s][info][gc,ergo     ] GC(195) Pacer for Update Refs. Used: 127M, Free: 1814M, Non-Taxable: 181M, Alloc Tax Rate: 1.1x
[6.771s][info][gc          ] GC(195) Pause Init Update Refs 0.026ms
[6.771s][info][gc,start    ] GC(195) Concurrent update references
[6.771s][info][gc,task     ] GC(195) Using 2 of 8 workers for concurrent reference update
[6.795s][info][gc          ] GC(195) Concurrent update references 24.602ms
[6.795s][info][gc,start    ] GC(195) Concurrent update thread roots
[6.796s][info][gc          ] GC(195) Concurrent update thread roots 0.146ms
[6.796s][info][gc,start    ] GC(195) Pause Final Update Refs
[6.796s][info][gc,task     ] GC(195) Using 8 of 8 workers for final reference update
[6.796s][info][gc          ] GC(195) Pause Final Update Refs 0.075ms
[6.796s][info][gc,start    ] GC(195) Concurrent cleanup
[6.796s][info][gc          ] GC(195) Concurrent cleanup 127M->67M(245M) 0.071ms
[6.796s][info][gc,ergo     ] Free: 1815M, Max: 512K regular, 1813M humongous, Frag: 1% external, 0% internal; Reserve: 101888K, Max: 512K
[6.796s][info][gc,stats    ] 
[6.796s][info][gc,stats    ] All times are wall-clock times, except per-root-class counters, that are sum over
[6.796s][info][gc,stats    ] all workers. Dividing the <total> over the root stage time estimates parallelism.
[6.796s][info][gc,stats    ] 
[6.796s][info][gc,stats    ] Concurrent Reset                    432 us
[6.796s][info][gc,stats    ] Pause Init Mark (G)                  87 us
[6.796s][info][gc,stats    ] Pause Init Mark (N)                  64 us
[6.796s][info][gc,stats    ]   Update Region States               14 us
[6.796s][info][gc,stats    ] Concurrent Mark Roots               230 us, parallelism: 1.01x
[6.796s][info][gc,stats    ]   CMR: <total>                      232 us
[6.796s][info][gc,stats    ]   CMR: Thread Roots                  97 us, workers (us):  96,   0, ---, ---, ---, ---, ---, ---, 
[6.796s][info][gc,stats    ]   CMR: VM Strong Roots                8 us, workers (us):   5,   3, ---, ---, ---, ---, ---, ---, 
[6.796s][info][gc,stats    ]   CMR: CLDG Roots                   128 us, workers (us): ---, 128, ---, ---, ---, ---, ---, ---, 
[6.796s][info][gc,stats    ] Concurrent Marking                34120 us
[6.796s][info][gc,stats    ] Pause Final Mark (G)                240 us
[6.796s][info][gc,stats    ] Pause Final Mark (N)                222 us
[6.796s][info][gc,stats    ]   Finish Mark                        83 us
[6.796s][info][gc,stats    ]   Update Region States               34 us
[6.796s][info][gc,stats    ]   Choose Collection Set              46 us
[6.796s][info][gc,stats    ]   Rebuild Free Set                   16 us
[6.796s][info][gc,stats    ] Concurrent Thread Roots             149 us, parallelism: 1.25x
[6.796s][info][gc,stats    ]   CTR: <total>                      186 us
[6.796s][info][gc,stats    ]   CTR: Thread Roots                 186 us, workers (us): 101,  86, ---, ---, ---, ---, ---, ---, 
[6.796s][info][gc,stats    ] Concurrent Weak References          124 us, parallelism: 0.73x
[6.796s][info][gc,stats    ]   CWRF: <total>                      91 us
[6.796s][info][gc,stats    ]   CWRF: Weak References              91 us, workers (us):  31,  61, ---, ---, ---, ---, ---, ---, 
[6.796s][info][gc,stats    ] Concurrent Weak Roots              1049 us
[6.796s][info][gc,stats    ]   Roots                             993 us, parallelism: 1.75x
[6.796s][info][gc,stats    ]     CWR: <total>                   1735 us
[6.796s][info][gc,stats    ]     CWR: Code Cache Roots           989 us, workers (us): 430, 559, ---, ---, ---, ---, ---, ---, 
[6.796s][info][gc,stats    ]     CWR: VM Weak Roots              728 us, workers (us): 367, 361, ---, ---, ---, ---, ---, ---, 
[6.796s][info][gc,stats    ]     CWR: CLDG Roots                  18 us, workers (us): ---,  18, ---, ---, ---, ---, ---, ---, 
[6.796s][info][gc,stats    ]   Rendezvous                         23 us
[6.796s][info][gc,stats    ] Concurrent Cleanup                  131 us
[6.796s][info][gc,stats    ] Concurrent Class Unloading         2849 us
[6.796s][info][gc,stats    ]   Unlink Stale                     2778 us
[6.796s][info][gc,stats    ]     System Dictionary                38 us
[6.796s][info][gc,stats    ]     Weak Class Links                  0 us
[6.796s][info][gc,stats    ]     Code Roots                     2739 us
[6.796s][info][gc,stats    ]   Rendezvous                         20 us
[6.796s][info][gc,stats    ]   Purge Unlinked                      7 us
[6.796s][info][gc,stats    ]     Code Roots                        1 us
[6.796s][info][gc,stats    ]     CLDG                              6 us
[6.796s][info][gc,stats    ]     Exception Caches                  0 us
[6.796s][info][gc,stats    ] Concurrent Strong Roots             424 us, parallelism: 0.88x
[6.796s][info][gc,stats    ]   CSR: <total>                      372 us
[6.796s][info][gc,stats    ]   CSR: VM Strong Roots               11 us, workers (us):   6,   5, ---, ---, ---, ---, ---, ---, 
[6.796s][info][gc,stats    ]   CSR: CLDG Roots                   361 us, workers (us): ---, 361, ---, ---, ---, ---, ---, ---, 
[6.796s][info][gc,stats    ] Concurrent Evacuation             16145 us
[6.796s][info][gc,stats    ] Pause Init Update Refs (G)           57 us
[6.796s][info][gc,stats    ] Pause Init Update Refs (N)           34 us
[6.796s][info][gc,stats    ]   Manage GCLABs                       4 us
[6.796s][info][gc,stats    ] Concurrent Update Refs            24631 us
[6.796s][info][gc,stats    ] Concurrent Update Thread Roots      158 us
[6.796s][info][gc,stats    ] Pause Final Update Refs (G)         102 us
[6.796s][info][gc,stats    ] Pause Final Update Refs (N)          85 us
[6.796s][info][gc,stats    ]   Update Region States               31 us
[6.796s][info][gc,stats    ]   Trash Collection Set                4 us
[6.796s][info][gc,stats    ]   Rebuild Free Set                   19 us
[6.796s][info][gc,stats    ] Concurrent Cleanup                   81 us
[6.796s][info][gc,stats    ] 
[6.796s][info][gc,stats    ] Allocation pacing accrued:
[6.796s][info][gc,stats    ]       0 of    83 ms (  0.0%): <total>
[6.796s][info][gc,stats    ]       0 of    83 ms (  0.0%): <average total>
[6.796s][info][gc,stats    ] 
[6.796s][info][gc,metaspace] Metaspace: 24734K(25088K)->24734K(25088K) NonClass: 21994K(22208K)->21994K(22208K) Class: 2740K(2880K)->2740K(2880K)
[6.796s][info][gc,ergo     ] Pacer for Idle. Initial: 40642K, Alloc Tax Rate: 1.0x
[6.797s][info][gc          ] Trigger: Start next cycle immediately
[6.798s][info][gc,ergo     ] Free: 1815M, Max: 512K regular, 1813M humongous, Frag: 1% external, 0% internal; Reserve: 101888K, Max: 512K
[6.798s][info][gc,start    ] GC(196) Concurrent reset
[6.798s][info][gc,task     ] GC(196) Using 2 of 8 workers for concurrent reset
[6.798s][info][gc,ergo     ] GC(196) Pacer for Reset. Non-Taxable: 1984M
[6.798s][info][gc          ] GC(196) Concurrent reset 0.457ms
[6.798s][info][gc,start    ] GC(196) Pause Init Mark (unload classes)
[6.798s][info][gc,task     ] GC(196) Using 8 of 8 workers for init marking
[6.798s][info][gc,ergo     ] GC(196) Pacer for Mark. Expected Live: 66151K, Free: 1815M, Non-Taxable: 181M, Alloc Tax Rate: 0.0x
[6.798s][info][gc          ] GC(196) Pause Init Mark (unload classes) 0.060ms
[6.798s][info][gc,start    ] GC(196) Concurrent marking roots
[6.798s][info][gc,task     ] GC(196) Using 2 of 8 workers for concurrent marking roots
[6.798s][info][gc          ] GC(196) Concurrent marking roots 0.308ms
[6.798s][info][gc,start    ] GC(196) Concurrent marking (unload classes)
[6.798s][info][gc,task     ] GC(196) Using 2 of 8 workers for concurrent marking
[6.822s][info][gc          ] GC(196) Concurrent marking (unload classes) 23.777ms
[6.822s][info][gc,start    ] GC(196) Pause Final Mark (unload classes)
[6.822s][info][gc,task     ] GC(196) Using 8 of 8 workers for final marking
[6.824s][info][gc,ergo     ] GC(196) Collectable Garbage: 2586K (100%), Immediate: 511K (19%), CSet: 2075K (80%)
[6.824s][info][gc,ergo     ] GC(196) Pacer for Evacuation. Used CSet: 61951K, Free: 1814M, Non-Taxable: 181M, Alloc Tax Rate: 1.1x
[6.824s][info][gc          ] GC(196) Pause Final Mark (unload classes) 1.305ms
[6.824s][info][gc,start    ] GC(196) Concurrent thread roots
[6.824s][info][gc,task     ] GC(196) Using 2 of 8 workers for Concurrent thread roots
[6.824s][info][gc          ] GC(196) Concurrent thread roots 0.133ms
[6.824s][info][gc,start    ] GC(196) Concurrent weak references
[6.824s][info][gc,task     ] GC(196) Using 2 of 8 workers for concurrent weak references
[6.824s][info][gc,ref      ] GC(196) Encountered references: Soft: 4023, Weak: 1710, Final: 4, Phantom: 592
[6.824s][info][gc,ref      ] GC(196) Discovered  references: Soft: 0, Weak: 337, Final: 0, Phantom: 258
[6.824s][info][gc,ref      ] GC(196) Enqueued    references: Soft: 0, Weak: 0, Final: 0, Phantom: 0
[6.824s][info][gc          ] GC(196) Concurrent weak references 0.124ms
[6.824s][info][gc,start    ] GC(196) Concurrent weak roots
[6.824s][info][gc,task     ] GC(196) Using 2 of 8 workers for concurrent weak root
[6.825s][info][gc          ] GC(196) Concurrent weak roots 0.878ms
[6.825s][info][gc,start    ] GC(196) Concurrent cleanup
[6.825s][info][gc          ] GC(196) Concurrent cleanup 68M->68M(245M) 0.107ms
[6.825s][info][gc,ergo     ] GC(196) Free: 1814M, Max: 512K regular, 1813M humongous, Frag: 1% external, 0% internal; Reserve: 101376K, Max: 512K
[6.825s][info][gc,start    ] GC(196) Concurrent class unloading
[6.825s][info][gc,task     ] GC(196) Using 2 of 8 workers for concurrent class unloading
[6.826s][info][gc          ] GC(196) Concurrent class unloading 1.560ms
[6.827s][info][gc,start    ] GC(196) Concurrent strong roots
[6.827s][info][gc,task     ] GC(196) Using 2 of 8 workers for concurrent strong root
[6.827s][info][gc          ] GC(196) Concurrent strong roots 0.429ms
[6.827s][info][gc,start    ] GC(196) Concurrent evacuation
[6.827s][info][gc,task     ] GC(196) Using 2 of 8 workers for concurrent evacuation
[6.849s][info][gc          ] GC(196) Concurrent evacuation 21.909ms
[6.849s][info][gc,start    ] GC(196) Pause Init Update Refs
[6.849s][info][gc,ergo     ] GC(196) Pacer for Update Refs. Used: 127M, Free: 1814M, Non-Taxable: 181M, Alloc Tax Rate: 1.1x
[6.849s][info][gc          ] GC(196) Pause Init Update Refs 0.030ms
[6.849s][info][gc,start    ] GC(196) Concurrent update references
[6.849s][info][gc,task     ] GC(196) Using 2 of 8 workers for concurrent reference update
[6.874s][info][gc          ] GC(196) Concurrent update references 25.226ms
[6.874s][info][gc,start    ] GC(196) Concurrent update thread roots
[6.874s][info][gc          ] GC(196) Concurrent update thread roots 0.155ms
[6.874s][info][gc,start    ] GC(196) Pause Final Update Refs
[6.874s][info][gc,task     ] GC(196) Using 8 of 8 workers for final reference update
[6.875s][info][gc          ] GC(196) Pause Final Update Refs 0.075ms
[6.875s][info][gc,start    ] GC(196) Concurrent cleanup
[6.875s][info][gc          ] GC(196) Concurrent cleanup 127M->67M(245M) 0.062ms
[6.875s][info][gc,ergo     ] Free: 1815M, Max: 512K regular, 1813M humongous, Frag: 1% external, 0% internal; Reserve: 101888K, Max: 512K
[6.875s][info][gc,stats    ] 
[6.875s][info][gc,stats    ] All times are wall-clock times, except per-root-class counters, that are sum over
[6.875s][info][gc,stats    ] all workers. Dividing the <total> over the root stage time estimates parallelism.
[6.875s][info][gc,stats    ] 
[6.875s][info][gc,stats    ] Concurrent Reset                    476 us
[6.875s][info][gc,stats    ] Pause Init Mark (G)                  91 us
[6.875s][info][gc,stats    ] Pause Init Mark (N)                  68 us
[6.875s][info][gc,stats    ]   Update Region States               14 us
[6.875s][info][gc,stats    ] Concurrent Mark Roots               324 us, parallelism: 0.57x
[6.875s][info][gc,stats    ]   CMR: <total>                      183 us
[6.875s][info][gc,stats    ]   CMR: Thread Roots                  87 us, workers (us):  87,   0, ---, ---, ---, ---, ---, ---, 
[6.875s][info][gc,stats    ]   CMR: VM Strong Roots                6 us, workers (us):   6,   0, ---, ---, ---, ---, ---, ---, 
[6.875s][info][gc,stats    ]   CMR: CLDG Roots                    90 us, workers (us):  90, ---, ---, ---, ---, ---, ---, ---, 
[6.875s][info][gc,stats    ] Concurrent Marking                23814 us
[6.875s][info][gc,stats    ] Pause Final Mark (G)               1340 us
[6.875s][info][gc,stats    ] Pause Final Mark (N)               1314 us
[6.875s][info][gc,stats    ]   Finish Mark                      1161 us
[6.875s][info][gc,stats    ]   Update Region States               33 us
[6.875s][info][gc,stats    ]   Choose Collection Set              57 us
[6.875s][info][gc,stats    ]   Rebuild Free Set                   16 us
[6.875s][info][gc,stats    ] Concurrent Thread Roots             144 us, parallelism: 1.26x
[6.875s][info][gc,stats    ]   CTR: <total>                      181 us
[6.875s][info][gc,stats    ]   CTR: Thread Roots                 181 us, workers (us):  96,  85, ---, ---, ---, ---, ---, ---, 
[6.875s][info][gc,stats    ] Concurrent Weak References          132 us, parallelism: 0.58x
[6.875s][info][gc,stats    ]   CWRF: <total>                      76 us
[6.875s][info][gc,stats    ]   CWRF: Weak References              76 us, workers (us):  29,  47, ---, ---, ---, ---, ---, ---, 
[6.875s][info][gc,stats    ] Concurrent Weak Roots               899 us
[6.875s][info][gc,stats    ]   Roots                             836 us, parallelism: 1.85x
[6.875s][info][gc,stats    ]     CWR: <total>                   1550 us
[6.875s][info][gc,stats    ]     CWR: Code Cache Roots           868 us, workers (us): 444, 424, ---, ---, ---, ---, ---, ---, 
[6.875s][info][gc,stats    ]     CWR: VM Weak Roots              660 us, workers (us): 332, 328, ---, ---, ---, ---, ---, ---, 
[6.875s][info][gc,stats    ]     CWR: CLDG Roots                  22 us, workers (us): ---,  22, ---, ---, ---, ---, ---, ---, 
[6.875s][info][gc,stats    ]   Rendezvous                         26 us
[6.875s][info][gc,stats    ] Concurrent Cleanup                  116 us
[6.875s][info][gc,stats    ] Concurrent Class Unloading         1583 us
[6.875s][info][gc,stats    ]   Unlink Stale                     1512 us
[6.875s][info][gc,stats    ]     System Dictionary                42 us
[6.875s][info][gc,stats    ]     Weak Class Links                  0 us
[6.875s][info][gc,stats    ]     Code Roots                     1468 us
[6.875s][info][gc,stats    ]   Rendezvous                         22 us
[6.875s][info][gc,stats    ]   Purge Unlinked                      8 us
[6.875s][info][gc,stats    ]     Code Roots                        1 us
[6.875s][info][gc,stats    ]     CLDG                              7 us
[6.875s][info][gc,stats    ]     Exception Caches                  0 us
[6.875s][info][gc,stats    ] Concurrent Strong Roots             451 us, parallelism: 0.84x
[6.875s][info][gc,stats    ]   CSR: <total>                      377 us
[6.875s][info][gc,stats    ]   CSR: VM Strong Roots               10 us, workers (us):   9,   0, ---, ---, ---, ---, ---, ---, 
[6.875s][info][gc,stats    ]   CSR: CLDG Roots                   368 us, workers (us): 368, ---, ---, ---, ---, ---, ---, ---, 
[6.875s][info][gc,stats    ] Concurrent Evacuation             21952 us
[6.875s][info][gc,stats    ] Pause Init Update Refs (G)          124 us
[6.875s][info][gc,stats    ] Pause Init Update Refs (N)           38 us
[6.875s][info][gc,stats    ]   Manage GCLABs                       6 us
[6.875s][info][gc,stats    ] Concurrent Update Refs            25259 us
[6.875s][info][gc,stats    ] Concurrent Update Thread Roots      167 us
[6.875s][info][gc,stats    ] Pause Final Update Refs (G)         101 us
[6.875s][info][gc,stats    ] Pause Final Update Refs (N)          86 us
[6.875s][info][gc,stats    ]   Update Region States               34 us
[6.875s][info][gc,stats    ]   Trash Collection Set                4 us
[6.875s][info][gc,stats    ]   Rebuild Free Set                   20 us
[6.875s][info][gc,stats    ] Concurrent Cleanup                   71 us
[6.875s][info][gc,stats    ] 
[6.875s][info][gc,stats    ] Allocation pacing accrued:
[6.875s][info][gc,stats    ]       0 of    79 ms (  0.0%): <total>
[6.875s][info][gc,stats    ]       0 of    79 ms (  0.0%): <average total>
[6.875s][info][gc,stats    ] 
[6.875s][info][gc,metaspace] Metaspace: 24734K(25088K)->24734K(25088K) NonClass: 21994K(22208K)->21994K(22208K) Class: 2740K(2880K)->2740K(2880K)
[6.875s][info][gc,ergo     ] Pacer for Idle. Initial: 40642K, Alloc Tax Rate: 1.0x
[6.876s][info][gc          ] Trigger: Start next cycle immediately
[6.876s][info][gc,ergo     ] Free: 1815M, Max: 512K regular, 1813M humongous, Frag: 1% external, 0% internal; Reserve: 101888K, Max: 512K
[6.876s][info][gc,start    ] GC(197) Concurrent reset
[6.876s][info][gc,task     ] GC(197) Using 2 of 8 workers for concurrent reset
[6.876s][info][gc,ergo     ] GC(197) Pacer for Reset. Non-Taxable: 1984M
[6.877s][info][gc          ] GC(197) Concurrent reset 0.365ms
[6.877s][info][gc,start    ] GC(197) Pause Init Mark
[6.877s][info][gc,task     ] GC(197) Using 8 of 8 workers for init marking
[6.877s][info][gc,ergo     ] GC(197) Pacer for Mark. Expected Live: 66151K, Free: 1815M, Non-Taxable: 181M, Alloc Tax Rate: 0.0x
[6.877s][info][gc          ] GC(197) Pause Init Mark 0.040ms
[6.877s][info][gc,start    ] GC(197) Concurrent marking roots
[6.877s][info][gc,task     ] GC(197) Using 2 of 8 workers for concurrent marking roots
[6.878s][info][gc          ] GC(197) Concurrent marking roots 0.834ms
[6.878s][info][gc,start    ] GC(197) Concurrent marking
[6.878s][info][gc,task     ] GC(197) Using 2 of 8 workers for concurrent marking
[6.908s][info][gc          ] GC(197) Concurrent marking 29.908ms
[6.908s][info][gc,start    ] GC(197) Pause Final Mark
[6.908s][info][gc,task     ] GC(197) Using 8 of 8 workers for final marking
[6.909s][info][gc,ergo     ] GC(197) Collectable Garbage: 2586K (100%), Immediate: 511K (19%), CSet: 2075K (80%)
[6.909s][info][gc,ergo     ] GC(197) Pacer for Evacuation. Used CSet: 61951K, Free: 1815M, Non-Taxable: 181M, Alloc Tax Rate: 1.1x
[6.909s][info][gc          ] GC(197) Pause Final Mark 1.331ms
[6.909s][info][gc,start    ] GC(197) Concurrent thread roots
[6.909s][info][gc,task     ] GC(197) Using 2 of 8 workers for Concurrent thread roots
[6.909s][info][gc          ] GC(197) Concurrent thread roots 0.111ms
[6.909s][info][gc,start    ] GC(197) Concurrent weak references
[6.909s][info][gc,task     ] GC(197) Using 2 of 8 workers for concurrent weak references
[6.909s][info][gc,ref      ] GC(197) Encountered references: Soft: 4023, Weak: 1710, Final: 4, Phantom: 592
[6.909s][info][gc,ref      ] GC(197) Discovered  references: Soft: 0, Weak: 93, Final: 1, Phantom: 336
[6.909s][info][gc,ref      ] GC(197) Enqueued    references: Soft: 0, Weak: 0, Final: 0, Phantom: 0
[6.909s][info][gc          ] GC(197) Concurrent weak references 0.094ms
[6.909s][info][gc,start    ] GC(197) Concurrent weak roots
[6.909s][info][gc,task     ] GC(197) Using 2 of 8 workers for concurrent weak root
[6.910s][info][gc          ] GC(197) Concurrent weak roots 0.498ms
[6.910s][info][gc,start    ] GC(197) Concurrent cleanup
[6.910s][info][gc          ] GC(197) Concurrent cleanup 68M->67M(245M) 0.078ms
[6.910s][info][gc,ergo     ] GC(197) Free: 1815M, Max: 512K regular, 1813M humongous, Frag: 1% external, 0% internal; Reserve: 101118K, Max: 512K
[6.910s][info][gc,start    ] GC(197) Concurrent strong roots
[6.910s][info][gc,task     ] GC(197) Using 2 of 8 workers for concurrent strong root
[6.911s][info][gc          ] GC(197) Concurrent strong roots 0.950ms
[6.911s][info][gc,start    ] GC(197) Concurrent evacuation
[6.911s][info][gc,task     ] GC(197) Using 2 of 8 workers for concurrent evacuation
[6.927s][info][gc          ] GC(197) Concurrent evacuation 15.849ms
[6.927s][info][gc,start    ] GC(197) Pause Init Update Refs
[6.927s][info][gc,ergo     ] GC(197) Pacer for Update Refs. Used: 127M, Free: 1814M, Non-Taxable: 181M, Alloc Tax Rate: 1.1x
[6.927s][info][gc          ] GC(197) Pause Init Update Refs 0.026ms
[6.927s][info][gc,start    ] GC(197) Concurrent update references
[6.927s][info][gc,task     ] GC(197) Using 2 of 8 workers for concurrent reference update
[6.948s][info][gc          ] GC(197) Concurrent update references 21.430ms
[6.948s][info][gc,start    ] GC(197) Concurrent update thread roots
[6.948s][info][gc          ] GC(197) Concurrent update thread roots 0.162ms
[6.948s][info][gc,start    ] GC(197) Pause Final Update Refs
[6.948s][info][gc,task     ] GC(197) Using 8 of 8 workers for final reference update
[6.948s][info][gc          ] GC(197) Pause Final Update Refs 0.074ms
[6.948s][info][gc,start    ] GC(197) Concurrent cleanup
[6.949s][info][gc          ] GC(197) Concurrent cleanup 127M->67M(245M) 0.059ms
[6.949s][info][gc,ergo     ] Free: 1815M, Max: 512K regular, 1812M humongous, Frag: 1% external, 0% internal; Reserve: 101888K, Max: 512K
[6.949s][info][gc,stats    ] 
[6.949s][info][gc,stats    ] All times are wall-clock times, except per-root-class counters, that are sum over
[6.949s][info][gc,stats    ] all workers. Dividing the <total> over the root stage time estimates parallelism.
[6.949s][info][gc,stats    ] 
[6.949s][info][gc,stats    ] Concurrent Reset                    376 us
[6.949s][info][gc,stats    ] Pause Init Mark (G)                  65 us
[6.949s][info][gc,stats    ] Pause Init Mark (N)                  45 us
[6.949s][info][gc,stats    ]   Update Region States               11 us
[6.949s][info][gc,stats    ] Concurrent Mark Roots               856 us, parallelism: 1.76x
[6.949s][info][gc,stats    ]   CMR: <total>                     1509 us
[6.949s][info][gc,stats    ]   CMR: Thread Roots                 106 us, workers (us):  91,  14, ---, ---, ---, ---, ---, ---, 
[6.949s][info][gc,stats    ]   CMR: Code Cache Roots            1206 us, workers (us): 470, 736, ---, ---, ---, ---, ---, ---, 
[6.949s][info][gc,stats    ]   CMR: VM Strong Roots                7 us, workers (us):   6,   1, ---, ---, ---, ---, ---, ---, 
[6.949s][info][gc,stats    ]   CMR: CLDG Roots                   190 us, workers (us): 190, ---, ---, ---, ---, ---, ---, ---, 
[6.949s][info][gc,stats    ] Concurrent Marking                29940 us
[6.949s][info][gc,stats    ] Pause Final Mark (G)               1360 us
[6.949s][info][gc,stats    ] Pause Final Mark (N)               1340 us
[6.949s][info][gc,stats    ]   Finish Mark                      1201 us
[6.949s][info][gc,stats    ]   Update Region States               32 us
[6.949s][info][gc,stats    ]   Choose Collection Set              48 us
[6.949s][info][gc,stats    ]   Rebuild Free Set                   16 us
[6.949s][info][gc,stats    ] Concurrent Thread Roots             123 us, parallelism: 1.24x
[6.949s][info][gc,stats    ]   CTR: <total>                      152 us
[6.949s][info][gc,stats    ]   CTR: Thread Roots                 152 us, workers (us):  77,  75, ---, ---, ---, ---, ---, ---, 
[6.949s][info][gc,stats    ] Concurrent Weak References          102 us, parallelism: 0.35x
[6.949s][info][gc,stats    ]   CWRF: <total>                      36 us
[6.949s][info][gc,stats    ]   CWRF: Weak References              36 us, workers (us):  35,   1, ---, ---, ---, ---, ---, ---, 
[6.949s][info][gc,stats    ] Concurrent Weak Roots               515 us
[6.949s][info][gc,stats    ]   Roots                             462 us, parallelism: 1.79x
[6.949s][info][gc,stats    ]     CWR: <total>                    826 us
[6.949s][info][gc,stats    ]     CWR: VM Weak Roots              826 us, workers (us): 419, 407, ---, ---, ---, ---, ---, ---, 
[6.949s][info][gc,stats    ]   Rendezvous                         20 us
[6.949s][info][gc,stats    ] Concurrent Cleanup                   87 us
[6.949s][info][gc,stats    ] Concurrent Strong Roots             972 us, parallelism: 1.76x
[6.949s][info][gc,stats    ]   CSR: <total>                     1712 us
[6.949s][info][gc,stats    ]   CSR: Code Cache Roots            1370 us, workers (us): 495, 875, ---, ---, ---, ---, ---, ---, 
[6.949s][info][gc,stats    ]   CSR: VM Strong Roots               11 us, workers (us):  11,   0, ---, ---, ---, ---, ---, ---, 
[6.949s][info][gc,stats    ]   CSR: CLDG Roots                   332 us, workers (us): 332, ---, ---, ---, ---, ---, ---, ---, 
[6.949s][info][gc,stats    ] Concurrent Evacuation             15880 us
[6.949s][info][gc,stats    ] Pause Init Update Refs (G)           59 us
[6.949s][info][gc,stats    ] Pause Init Update Refs (N)           34 us
[6.949s][info][gc,stats    ]   Manage GCLABs                       4 us
[6.949s][info][gc,stats    ] Concurrent Update Refs            21471 us
[6.949s][info][gc,stats    ] Concurrent Update Thread Roots      175 us
[6.949s][info][gc,stats    ] Pause Final Update Refs (G)         101 us
[6.949s][info][gc,stats    ] Pause Final Update Refs (N)          85 us
[6.949s][info][gc,stats    ]   Update Region States               32 us
[6.949s][info][gc,stats    ]   Trash Collection Set                4 us
[6.949s][info][gc,stats    ]   Rebuild Free Set                   19 us
[6.949s][info][gc,stats    ] Concurrent Cleanup                   68 us
[6.949s][info][gc,stats    ] 
[6.949s][info][gc,stats    ] Allocation pacing accrued:
[6.949s][info][gc,stats    ]       0 of    74 ms (  0.0%): <total>
[6.949s][info][gc,stats    ]       0 of    74 ms (  0.0%): <average total>
[6.949s][info][gc,stats    ] 
[6.949s][info][gc,metaspace] Metaspace: 24734K(25088K)->24734K(25088K) NonClass: 21994K(22208K)->21994K(22208K) Class: 2740K(2880K)->2740K(2880K)
[6.949s][info][gc,ergo     ] Pacer for Idle. Initial: 40642K, Alloc Tax Rate: 1.0x
[6.950s][info][gc          ] Trigger: Start next cycle immediately
[6.950s][info][gc,ergo     ] Free: 1815M, Max: 512K regular, 1812M humongous, Frag: 1% external, 0% internal; Reserve: 101888K, Max: 512K
[6.950s][info][gc,start    ] GC(198) Concurrent reset
[6.950s][info][gc,task     ] GC(198) Using 2 of 8 workers for concurrent reset
[6.950s][info][gc,ergo     ] GC(198) Pacer for Reset. Non-Taxable: 1984M
[6.951s][info][gc          ] GC(198) Concurrent reset 0.391ms
[6.951s][info][gc,start    ] GC(198) Pause Init Mark (unload classes)
[6.951s][info][gc,task     ] GC(198) Using 8 of 8 workers for init marking
[6.951s][info][gc,ergo     ] GC(198) Pacer for Mark. Expected Live: 66151K, Free: 1815M, Non-Taxable: 181M, Alloc Tax Rate: 0.0x
[6.951s][info][gc          ] GC(198) Pause Init Mark (unload classes) 0.043ms
[6.951s][info][gc,start    ] GC(198) Concurrent marking roots
[6.951s][info][gc,task     ] GC(198) Using 2 of 8 workers for concurrent marking roots
[6.951s][info][gc          ] GC(198) Concurrent marking roots 0.178ms
[6.951s][info][gc,start    ] GC(198) Concurrent marking (unload classes)
[6.951s][info][gc,task     ] GC(198) Using 2 of 8 workers for concurrent marking
[6.982s][info][gc          ] GC(198) Concurrent marking (unload classes) 31.035ms
[6.982s][info][gc,start    ] GC(198) Pause Final Mark (unload classes)
[6.982s][info][gc,task     ] GC(198) Using 8 of 8 workers for final marking
[6.989s][info][gc,ergo     ] GC(198) Collectable Garbage: 2587K (100%), Immediate: 512K (19%), CSet: 2075K (80%)
[6.989s][info][gc,ergo     ] GC(198) Pacer for Evacuation. Used CSet: 61952K, Free: 1815M, Non-Taxable: 181M, Alloc Tax Rate: 1.1x
[6.989s][info][gc          ] GC(198) Pause Final Mark (unload classes) 6.697ms
[6.989s][info][gc,start    ] GC(198) Concurrent thread roots
[6.989s][info][gc,task     ] GC(198) Using 2 of 8 workers for Concurrent thread roots
[6.989s][info][gc          ] GC(198) Concurrent thread roots 0.132ms
[6.989s][info][gc,start    ] GC(198) Concurrent weak references
[6.989s][info][gc,task     ] GC(198) Using 2 of 8 workers for concurrent weak references
[6.989s][info][gc,ref      ] GC(198) Encountered references: Soft: 4023, Weak: 1710, Final: 4, Phantom: 592
[6.989s][info][gc,ref      ] GC(198) Discovered  references: Soft: 0, Weak: 278, Final: 0, Phantom: 204
[6.989s][info][gc,ref      ] GC(198) Enqueued    references: Soft: 0, Weak: 0, Final: 0, Phantom: 0
[6.989s][info][gc          ] GC(198) Concurrent weak references 0.072ms
[6.989s][info][gc,start    ] GC(198) Concurrent weak roots
[6.989s][info][gc,task     ] GC(198) Using 2 of 8 workers for concurrent weak root
[6.993s][info][gc          ] GC(198) Concurrent weak roots 4.067ms
[6.993s][info][gc,start    ] GC(198) Concurrent cleanup
[6.993s][info][gc          ] GC(198) Concurrent cleanup 69M->68M(245M) 0.113ms
[6.993s][info][gc,ergo     ] GC(198) Free: 1814M, Max: 512K regular, 1812M humongous, Frag: 1% external, 0% internal; Reserve: 101371K, Max: 512K
[6.993s][info][gc,start    ] GC(198) Concurrent class unloading
[6.993s][info][gc,task     ] GC(198) Using 2 of 8 workers for concurrent class unloading
[6.996s][info][gc          ] GC(198) Concurrent class unloading 2.824ms
[6.996s][info][gc,start    ] GC(198) Concurrent strong roots
[6.996s][info][gc,task     ] GC(198) Using 2 of 8 workers for concurrent strong root
[6.996s][info][gc          ] GC(198) Concurrent strong roots 0.409ms
[6.996s][info][gc,start    ] GC(198) Concurrent evacuation
[6.996s][info][gc,task     ] GC(198) Using 2 of 8 workers for concurrent evacuation
[7.015s][info][gc          ] GC(198) Concurrent evacuation 18.226ms
[7.015s][info][gc,start    ] GC(198) Pause Init Update Refs
[7.015s][info][gc,ergo     ] GC(198) Pacer for Update Refs. Used: 127M, Free: 1814M, Non-Taxable: 181M, Alloc Tax Rate: 1.1x
[7.015s][info][gc          ] GC(198) Pause Init Update Refs 0.029ms
[7.015s][info][gc,start    ] GC(198) Concurrent update references
[7.015s][info][gc,task     ] GC(198) Using 2 of 8 workers for concurrent reference update
[7.038s][info][gc          ] GC(198) Concurrent update references 22.939ms
[7.038s][info][gc,start    ] GC(198) Concurrent update thread roots
[7.039s][info][gc          ] GC(198) Concurrent update thread roots 0.810ms
[7.039s][info][gc,start    ] GC(198) Pause Final Update Refs
[7.039s][info][gc,task     ] GC(198) Using 8 of 8 workers for final reference update
[7.039s][info][gc          ] GC(198) Pause Final Update Refs 0.085ms
[7.039s][info][gc,start    ] GC(198) Concurrent cleanup
[7.039s][info][gc          ] GC(198) Concurrent cleanup 127M->67M(245M) 0.059ms
[7.039s][info][gc,ergo     ] Free: 1815M, Max: 512K regular, 1813M humongous, Frag: 1% external, 0% internal; Reserve: 101888K, Max: 512K
[7.039s][info][gc,stats    ] 
[7.039s][info][gc,stats    ] All times are wall-clock times, except per-root-class counters, that are sum over
[7.039s][info][gc,stats    ] all workers. Dividing the <total> over the root stage time estimates parallelism.
[7.039s][info][gc,stats    ] 
[7.039s][info][gc,stats    ] Concurrent Reset                    404 us
[7.039s][info][gc,stats    ] Pause Init Mark (G)                  72 us
[7.039s][info][gc,stats    ] Pause Init Mark (N)                  51 us
[7.039s][info][gc,stats    ]   Update Region States               12 us
[7.039s][info][gc,stats    ] Concurrent Mark Roots               188 us, parallelism: 1.07x
[7.039s][info][gc,stats    ]   CMR: <total>                      200 us
[7.039s][info][gc,stats    ]   CMR: Thread Roots                 108 us, workers (us):  14,  95, ---, ---, ---, ---, ---, ---, 
[7.039s][info][gc,stats    ]   CMR: VM Strong Roots                6 us, workers (us):   6,   1, ---, ---, ---, ---, ---, ---, 
[7.039s][info][gc,stats    ]   CMR: CLDG Roots                    86 us, workers (us):  86, ---, ---, ---, ---, ---, ---, ---, 
[7.039s][info][gc,stats    ] Concurrent Marking                31072 us
[7.039s][info][gc,stats    ] Pause Final Mark (G)               6734 us
[7.039s][info][gc,stats    ] Pause Final Mark (N)               6706 us
[7.039s][info][gc,stats    ]   Finish Mark                      6557 us
[7.039s][info][gc,stats    ]   Update Region States               34 us
[7.039s][info][gc,stats    ]   Choose Collection Set              53 us
[7.039s][info][gc,stats    ]   Rebuild Free Set                   16 us
[7.039s][info][gc,stats    ] Concurrent Thread Roots             142 us, parallelism: 1.18x
[7.039s][info][gc,stats    ]   CTR: <total>                      168 us
[7.039s][info][gc,stats    ]   CTR: Thread Roots                 168 us, workers (us):  87,  81, ---, ---, ---, ---, ---, ---, 
[7.039s][info][gc,stats    ] Concurrent Weak References           77 us, parallelism: 0.59x
[7.039s][info][gc,stats    ]   CWRF: <total>                      45 us
[7.039s][info][gc,stats    ]   CWRF: Weak References              45 us, workers (us):  24,  21, ---, ---, ---, ---, ---, ---, 
[7.039s][info][gc,stats    ] Concurrent Weak Roots              4091 us
[7.039s][info][gc,stats    ]   Roots                             847 us, parallelism: 1.85x
[7.039s][info][gc,stats    ]     CWR: <total>                   1564 us
[7.039s][info][gc,stats    ]     CWR: Code Cache Roots           894 us, workers (us): 448, 446, ---, ---, ---, ---, ---, ---, 
[7.039s][info][gc,stats    ]     CWR: VM Weak Roots              651 us, workers (us): 328, 323, ---, ---, ---, ---, ---, ---, 
[7.039s][info][gc,stats    ]     CWR: CLDG Roots                  19 us, workers (us): ---,  19, ---, ---, ---, ---, ---, ---, 
[7.039s][info][gc,stats    ]   Rendezvous                       3204 us
[7.039s][info][gc,stats    ] Concurrent Cleanup                  123 us
[7.039s][info][gc,stats    ] Concurrent Class Unloading         2842 us
[7.039s][info][gc,stats    ]   Unlink Stale                     2723 us
[7.039s][info][gc,stats    ]     System Dictionary                36 us
[7.039s][info][gc,stats    ]     Weak Class Links                  0 us
[7.039s][info][gc,stats    ]     Code Roots                     2684 us
[7.039s][info][gc,stats    ]   Rendezvous                         37 us
[7.039s][info][gc,stats    ]   Purge Unlinked                     47 us
[7.039s][info][gc,stats    ]     Code Roots                       43 us
[7.039s][info][gc,stats    ]     CLDG                              3 us
[7.039s][info][gc,stats    ]     Exception Caches                  0 us
[7.039s][info][gc,stats    ] Concurrent Strong Roots             431 us, parallelism: 0.84x
[7.039s][info][gc,stats    ]   CSR: <total>                      361 us
[7.039s][info][gc,stats    ]   CSR: VM Strong Roots               11 us, workers (us):   8,   3, ---, ---, ---, ---, ---, ---, 
[7.039s][info][gc,stats    ]   CSR: CLDG Roots                   350 us, workers (us): ---, 350, ---, ---, ---, ---, ---, ---, 
[7.039s][info][gc,stats    ] Concurrent Evacuation             18259 us
[7.039s][info][gc,stats    ] Pause Init Update Refs (G)           59 us
[7.039s][info][gc,stats    ] Pause Init Update Refs (N)           35 us
[7.039s][info][gc,stats    ]   Manage GCLABs                       6 us
[7.039s][info][gc,stats    ] Concurrent Update Refs            22973 us
[7.039s][info][gc,stats    ] Concurrent Update Thread Roots      827 us
[7.039s][info][gc,stats    ] Pause Final Update Refs (G)         112 us
[7.039s][info][gc,stats    ] Pause Final Update Refs (N)          95 us
[7.039s][info][gc,stats    ]   Update Region States               38 us
[7.039s][info][gc,stats    ]   Trash Collection Set                3 us
[7.039s][info][gc,stats    ]   Rebuild Free Set                   21 us
[7.039s][info][gc,stats    ] Concurrent Cleanup                   68 us
[7.039s][info][gc,stats    ] 
[7.039s][info][gc,stats    ] Allocation pacing accrued:
[7.039s][info][gc,stats    ]       0 of    90 ms (  0.0%): <total>
[7.039s][info][gc,stats    ]       0 of    90 ms (  0.0%): <average total>
[7.039s][info][gc,stats    ] 
[7.039s][info][gc,metaspace] Metaspace: 24734K(25088K)->24734K(25088K) NonClass: 21994K(22208K)->21994K(22208K) Class: 2740K(2880K)->2740K(2880K)
[7.039s][info][gc,ergo     ] Pacer for Idle. Initial: 40642K, Alloc Tax Rate: 1.0x
[7.040s][info][gc          ] Trigger: Start next cycle immediately
[7.040s][info][gc,ergo     ] Free: 1815M, Max: 512K regular, 1813M humongous, Frag: 1% external, 0% internal; Reserve: 101888K, Max: 512K
[7.040s][info][gc,start    ] GC(199) Concurrent reset
[7.040s][info][gc,task     ] GC(199) Using 2 of 8 workers for concurrent reset
[7.040s][info][gc,ergo     ] GC(199) Pacer for Reset. Non-Taxable: 1984M
[7.041s][info][gc          ] GC(199) Concurrent reset 0.489ms
[7.041s][info][gc,start    ] GC(199) Pause Init Mark (unload classes)
[7.041s][info][gc,task     ] GC(199) Using 8 of 8 workers for init marking
[7.041s][info][gc,ergo     ] GC(199) Pacer for Mark. Expected Live: 66151K, Free: 1815M, Non-Taxable: 181M, Alloc Tax Rate: 0.0x
[7.041s][info][gc          ] GC(199) Pause Init Mark (unload classes) 0.043ms
[7.041s][info][gc,start    ] GC(199) Concurrent marking roots
[7.041s][info][gc,task     ] GC(199) Using 2 of 8 workers for concurrent marking roots
[7.041s][info][gc          ] GC(199) Concurrent marking roots 0.178ms
[7.041s][info][gc,start    ] GC(199) Concurrent marking (unload classes)
[7.041s][info][gc,task     ] GC(199) Using 2 of 8 workers for concurrent marking
[7.072s][info][gc          ] GC(199) Concurrent marking (unload classes) 30.269ms
[7.072s][info][gc,start    ] GC(199) Pause Final Mark (unload classes)
[7.072s][info][gc,task     ] GC(199) Using 8 of 8 workers for final marking
[7.078s][info][gc,ergo     ] GC(199) Collectable Garbage: 2583K (100%), Immediate: 512K (19%), CSet: 2071K (80%)
[7.078s][info][gc,ergo     ] GC(199) Pacer for Evacuation. Used CSet: 61947K, Free: 1814M, Non-Taxable: 181M, Alloc Tax Rate: 1.1x
[7.078s][info][gc          ] GC(199) Pause Final Mark (unload classes) 6.306ms
[7.078s][info][gc,start    ] GC(199) Concurrent thread roots
[7.078s][info][gc,task     ] GC(199) Using 2 of 8 workers for Concurrent thread roots
[7.078s][info][gc          ] GC(199) Concurrent thread roots 0.185ms
[7.078s][info][gc,start    ] GC(199) Concurrent weak references
[7.078s][info][gc,task     ] GC(199) Using 2 of 8 workers for concurrent weak references
[7.078s][info][gc,ref      ] GC(199) Encountered references: Soft: 4023, Weak: 1710, Final: 4, Phantom: 592
[7.078s][info][gc,ref      ] GC(199) Discovered  references: Soft: 0, Weak: 295, Final: 0, Phantom: 204
[7.078s][info][gc,ref      ] GC(199) Enqueued    references: Soft: 0, Weak: 0, Final: 0, Phantom: 0
[7.078s][info][gc          ] GC(199) Concurrent weak references 0.107ms
[7.078s][info][gc,start    ] GC(199) Concurrent weak roots
[7.078s][info][gc,task     ] GC(199) Using 2 of 8 workers for concurrent weak root
[7.080s][info][gc          ] GC(199) Concurrent weak roots 1.584ms
[7.080s][info][gc,start    ] GC(199) Concurrent cleanup
[7.080s][info][gc          ] GC(199) Concurrent cleanup 69M->68M(245M) 0.102ms
[7.080s][info][gc,ergo     ] GC(199) Free: 1814M, Max: 512K regular, 1813M humongous, Frag: 1% external, 0% internal; Reserve: 101376K, Max: 512K
[7.080s][info][gc,start    ] GC(199) Concurrent class unloading
[7.080s][info][gc,task     ] GC(199) Using 2 of 8 workers for concurrent class unloading
[7.082s][info][gc          ] GC(199) Concurrent class unloading 1.582ms
[7.082s][info][gc,start    ] GC(199) Concurrent strong roots
[7.082s][info][gc,task     ] GC(199) Using 2 of 8 workers for concurrent strong root
[7.082s][info][gc          ] GC(199) Concurrent strong roots 0.375ms
[7.082s][info][gc,start    ] GC(199) Concurrent evacuation
[7.082s][info][gc,task     ] GC(199) Using 2 of 8 workers for concurrent evacuation
[7.098s][info][gc          ] GC(199) Concurrent evacuation 16.014ms
[7.098s][info][gc,start    ] GC(199) Pause Init Update Refs
[7.098s][info][gc,ergo     ] GC(199) Pacer for Update Refs. Used: 127M, Free: 1814M, Non-Taxable: 181M, Alloc Tax Rate: 1.1x
[7.098s][info][gc          ] GC(199) Pause Init Update Refs 0.027ms
[7.098s][info][gc,start    ] GC(199) Concurrent update references
[7.098s][info][gc,task     ] GC(199) Using 2 of 8 workers for concurrent reference update
[7.120s][info][gc          ] GC(199) Concurrent update references 21.441ms
[7.120s][info][gc,start    ] GC(199) Concurrent update thread roots
[7.120s][info][gc          ] GC(199) Concurrent update thread roots 0.168ms
[7.120s][info][gc,start    ] GC(199) Pause Final Update Refs
[7.120s][info][gc,task     ] GC(199) Using 8 of 8 workers for final reference update
[7.120s][info][gc          ] GC(199) Pause Final Update Refs 0.079ms
[7.120s][info][gc,start    ] GC(199) Concurrent cleanup
[7.120s][info][gc          ] GC(199) Concurrent cleanup 127M->67M(245M) 0.063ms
[7.120s][info][gc,ergo     ] Free: 1815M, Max: 512K regular, 1813M humongous, Frag: 1% external, 0% internal; Reserve: 101888K, Max: 512K
[7.120s][info][gc,stats    ] 
[7.120s][info][gc,stats    ] All times are wall-clock times, except per-root-class counters, that are sum over
[7.120s][info][gc,stats    ] all workers. Dividing the <total> over the root stage time estimates parallelism.
[7.120s][info][gc,stats    ] 
[7.120s][info][gc,stats    ] Concurrent Reset                    503 us
[7.120s][info][gc,stats    ] Pause Init Mark (G)                  72 us
[7.120s][info][gc,stats    ] Pause Init Mark (N)                  51 us
[7.120s][info][gc,stats    ]   Update Region States               12 us
[7.120s][info][gc,stats    ] Concurrent Mark Roots               189 us, parallelism: 1.07x
[7.120s][info][gc,stats    ]   CMR: <total>                      203 us
[7.120s][info][gc,stats    ]   CMR: Thread Roots                 112 us, workers (us):  13,  99, ---, ---, ---, ---, ---, ---, 
[7.120s][info][gc,stats    ]   CMR: VM Strong Roots                7 us, workers (us):   6,   1, ---, ---, ---, ---, ---, ---, 
[7.120s][info][gc,stats    ]   CMR: CLDG Roots                    84 us, workers (us):  84, ---, ---, ---, ---, ---, ---, ---, 
[7.120s][info][gc,stats    ] Concurrent Marking                30311 us
[7.120s][info][gc,stats    ] Pause Final Mark (G)               6362 us
[7.120s][info][gc,stats    ] Pause Final Mark (N)               6316 us
[7.120s][info][gc,stats    ]   Finish Mark                      6160 us
[7.120s][info][gc,stats    ]   Update Region States               33 us
[7.120s][info][gc,stats    ]   Choose Collection Set              58 us
[7.120s][info][gc,stats    ]   Rebuild Free Set                   18 us
[7.120s][info][gc,stats    ] Concurrent Thread Roots             199 us, parallelism: 0.68x
[7.120s][info][gc,stats    ]   CTR: <total>                      136 us
[7.120s][info][gc,stats    ]   CTR: Thread Roots                 136 us, workers (us):  73,  63, ---, ---, ---, ---, ---, ---, 
[7.120s][info][gc,stats    ] Concurrent Weak References          116 us, parallelism: 0.39x
[7.120s][info][gc,stats    ]   CWRF: <total>                      45 us
[7.120s][info][gc,stats    ]   CWRF: Weak References              45 us, workers (us):  16,  29, ---, ---, ---, ---, ---, ---, 
[7.120s][info][gc,stats    ] Concurrent Weak Roots              1611 us
[7.120s][info][gc,stats    ]   Roots                            1538 us, parallelism: 0.97x
[7.120s][info][gc,stats    ]     CWR: <total>                   1490 us
[7.120s][info][gc,stats    ]     CWR: Code Cache Roots           832 us, workers (us): 832,   0, ---, ---, ---, ---, ---, ---, 
[7.120s][info][gc,stats    ]     CWR: VM Weak Roots              640 us, workers (us): 639,   1, ---, ---, ---, ---, ---, ---, 
[7.120s][info][gc,stats    ]     CWR: CLDG Roots                  17 us, workers (us):  17, ---, ---, ---, ---, ---, ---, ---, 
[7.120s][info][gc,stats    ]   Rendezvous                         24 us
[7.120s][info][gc,stats    ] Concurrent Cleanup                  115 us
[7.120s][info][gc,stats    ] Concurrent Class Unloading         1608 us
[7.120s][info][gc,stats    ]   Unlink Stale                     1528 us
[7.120s][info][gc,stats    ]     System Dictionary                44 us
[7.120s][info][gc,stats    ]     Weak Class Links                  0 us
[7.120s][info][gc,stats    ]     Code Roots                     1482 us
[7.120s][info][gc,stats    ]   Rendezvous                         21 us
[7.120s][info][gc,stats    ]   Purge Unlinked                      7 us
[7.120s][info][gc,stats    ]     Code Roots                        1 us
[7.120s][info][gc,stats    ]     CLDG                              5 us
[7.120s][info][gc,stats    ]     Exception Caches                  0 us
[7.120s][info][gc,stats    ] Concurrent Strong Roots             397 us, parallelism: 0.83x
[7.120s][info][gc,stats    ]   CSR: <total>                      329 us
[7.120s][info][gc,stats    ]   CSR: VM Strong Roots                8 us, workers (us):   8,   0, ---, ---, ---, ---, ---, ---, 
[7.120s][info][gc,stats    ]   CSR: CLDG Roots                   320 us, workers (us): 320, ---, ---, ---, ---, ---, ---, ---, 
[7.120s][info][gc,stats    ] Concurrent Evacuation             16043 us
[7.120s][info][gc,stats    ] Pause Init Update Refs (G)           68 us
[7.120s][info][gc,stats    ] Pause Init Update Refs (N)           43 us
[7.120s][info][gc,stats    ]   Manage GCLABs                       5 us
[7.120s][info][gc,stats    ] Concurrent Update Refs            21479 us
[7.120s][info][gc,stats    ] Concurrent Update Thread Roots      179 us
[7.120s][info][gc,stats    ] Pause Final Update Refs (G)         108 us
[7.120s][info][gc,stats    ] Pause Final Update Refs (N)          90 us
[7.120s][info][gc,stats    ]   Update Region States               35 us
[7.120s][info][gc,stats    ]   Trash Collection Set                4 us
[7.120s][info][gc,stats    ]   Rebuild Free Set                   21 us
[7.121s][info][gc,stats    ] Concurrent Cleanup                   72 us
[7.121s][info][gc,stats    ] 
[7.121s][info][gc,stats    ] Allocation pacing accrued:
[7.121s][info][gc,stats    ]       0 of    81 ms (  0.0%): <total>
[7.121s][info][gc,stats    ]       0 of    81 ms (  0.0%): <average total>
[7.121s][info][gc,stats    ] 
[7.121s][info][gc,metaspace] Metaspace: 24734K(25088K)->24734K(25088K) NonClass: 21994K(22208K)->21994K(22208K) Class: 2740K(2880K)->2740K(2880K)
[7.121s][info][gc,ergo     ] Pacer for Idle. Initial: 40642K, Alloc Tax Rate: 1.0x
[7.122s][info][gc          ] Trigger: Start next cycle immediately
[7.122s][info][gc,ergo     ] Free: 1815M, Max: 512K regular, 1813M humongous, Frag: 1% external, 0% internal; Reserve: 101888K, Max: 512K
[7.122s][info][gc,start    ] GC(200) Concurrent reset
[7.122s][info][gc,task     ] GC(200) Using 2 of 8 workers for concurrent reset
[7.122s][info][gc,ergo     ] GC(200) Pacer for Reset. Non-Taxable: 1984M
[7.122s][info][gc          ] GC(200) Concurrent reset 0.359ms
[7.122s][info][gc,start    ] GC(200) Pause Init Mark
[7.122s][info][gc,task     ] GC(200) Using 8 of 8 workers for init marking
[7.122s][info][gc,ergo     ] GC(200) Pacer for Mark. Expected Live: 66151K, Free: 1815M, Non-Taxable: 181M, Alloc Tax Rate: 0.0x
[7.122s][info][gc          ] GC(200) Pause Init Mark 0.043ms
[7.122s][info][gc,start    ] GC(200) Concurrent marking roots
[7.122s][info][gc,task     ] GC(200) Using 2 of 8 workers for concurrent marking roots
[7.124s][info][gc          ] GC(200) Concurrent marking roots 1.521ms
[7.124s][info][gc,start    ] GC(200) Concurrent marking
[7.124s][info][gc,task     ] GC(200) Using 2 of 8 workers for concurrent marking
[7.150s][info][gc          ] GC(200) Concurrent marking 26.451ms
[7.150s][info][gc,start    ] GC(200) Pause Final Mark
[7.150s][info][gc,task     ] GC(200) Using 8 of 8 workers for final marking
[7.154s][info][gc,ergo     ] GC(200) Collectable Garbage: 2586K (100%), Immediate: 511K (19%), CSet: 2075K (80%)
[7.154s][info][gc,ergo     ] GC(200) Pacer for Evacuation. Used CSet: 61951K, Free: 1814M, Non-Taxable: 181M, Alloc Tax Rate: 1.1x
[7.154s][info][gc          ] GC(200) Pause Final Mark 3.433ms
[7.154s][info][gc,start    ] GC(200) Concurrent thread roots
[7.154s][info][gc,task     ] GC(200) Using 2 of 8 workers for Concurrent thread roots
[7.154s][info][gc          ] GC(200) Concurrent thread roots 0.165ms
[7.154s][info][gc,start    ] GC(200) Concurrent weak references
[7.154s][info][gc,task     ] GC(200) Using 2 of 8 workers for concurrent weak references
[7.154s][info][gc,ref      ] GC(200) Encountered references: Soft: 4023, Weak: 1710, Final: 4, Phantom: 592
[7.154s][info][gc,ref      ] GC(200) Discovered  references: Soft: 0, Weak: 539, Final: 1, Phantom: 257
[7.154s][info][gc,ref      ] GC(200) Enqueued    references: Soft: 0, Weak: 0, Final: 0, Phantom: 0
[7.154s][info][gc          ] GC(200) Concurrent weak references 0.154ms
[7.154s][info][gc,start    ] GC(200) Concurrent weak roots
[7.154s][info][gc,task     ] GC(200) Using 2 of 8 workers for concurrent weak root
[7.154s][info][gc          ] GC(200) Concurrent weak roots 0.423ms
[7.154s][info][gc,start    ] GC(200) Concurrent cleanup
[7.155s][info][gc          ] GC(200) Concurrent cleanup 68M->68M(245M) 0.112ms
[7.155s][info][gc,ergo     ] GC(200) Free: 1814M, Max: 512K regular, 1813M humongous, Frag: 1% external, 0% internal; Reserve: 101118K, Max: 512K
[7.155s][info][gc,start    ] GC(200) Concurrent strong roots
[7.155s][info][gc,task     ] GC(200) Using 2 of 8 workers for concurrent strong root
[7.156s][info][gc          ] GC(200) Concurrent strong roots 1.026ms
[7.156s][info][gc,start    ] GC(200) Concurrent evacuation
[7.156s][info][gc,task     ] GC(200) Using 2 of 8 workers for concurrent evacuation
[7.173s][info][gc          ] GC(200) Concurrent evacuation 17.583ms
[7.173s][info][gc,start    ] GC(200) Pause Init Update Refs
[7.173s][info][gc,ergo     ] GC(200) Pacer for Update Refs. Used: 128M, Free: 1814M, Non-Taxable: 181M, Alloc Tax Rate: 1.1x
[7.173s][info][gc          ] GC(200) Pause Init Update Refs 0.032ms
[7.173s][info][gc,start    ] GC(200) Concurrent update references
[7.173s][info][gc,task     ] GC(200) Using 2 of 8 workers for concurrent reference update
[7.205s][info][gc          ] GC(200) Concurrent update references 31.877ms
[7.205s][info][gc,start    ] GC(200) Concurrent update thread roots
[7.206s][info][gc          ] GC(200) Concurrent update thread roots 0.226ms
[7.206s][info][gc,start    ] GC(200) Pause Final Update Refs
[7.206s][info][gc,task     ] GC(200) Using 8 of 8 workers for final reference update
[7.206s][info][gc          ] GC(200) Pause Final Update Refs 0.097ms
[7.206s][info][gc,start    ] GC(200) Concurrent cleanup
[7.206s][info][gc          ] GC(200) Concurrent cleanup 128M->67M(245M) 0.064ms
[7.206s][info][gc,ergo     ] Free: 1814M, Max: 512K regular, 1812M humongous, Frag: 1% external, 0% internal; Reserve: 101888K, Max: 512K
[7.206s][info][gc,stats    ] 
[7.206s][info][gc,stats    ] All times are wall-clock times, except per-root-class counters, that are sum over
[7.206s][info][gc,stats    ] all workers. Dividing the <total> over the root stage time estimates parallelism.
[7.206s][info][gc,stats    ] 
[7.206s][info][gc,stats    ] Concurrent Reset                    370 us
[7.206s][info][gc,stats    ] Pause Init Mark (G)                  69 us
[7.206s][info][gc,stats    ] Pause Init Mark (N)                  48 us
[7.206s][info][gc,stats    ]   Update Region States               11 us
[7.206s][info][gc,stats    ] Concurrent Mark Roots              1543 us, parallelism: 0.93x
[7.206s][info][gc,stats    ]   CMR: <total>                     1429 us
[7.206s][info][gc,stats    ]   CMR: Thread Roots                 101 us, workers (us): 101,   0, ---, ---, ---, ---, ---, ---, 
[7.206s][info][gc,stats    ]   CMR: Code Cache Roots            1122 us, workers (us): 1122,   0, ---, ---, ---, ---, ---, ---, 
[7.206s][info][gc,stats    ]   CMR: VM Strong Roots                6 us, workers (us):   6,   0, ---, ---, ---, ---, ---, ---, 
[7.206s][info][gc,stats    ]   CMR: CLDG Roots                   200 us, workers (us): 200, ---, ---, ---, ---, ---, ---, ---, 
[7.206s][info][gc,stats    ] Concurrent Marking                26480 us
[7.206s][info][gc,stats    ] Pause Final Mark (G)               3462 us
[7.206s][info][gc,stats    ] Pause Final Mark (N)               3443 us
[7.206s][info][gc,stats    ]   Finish Mark                      3286 us
[7.206s][info][gc,stats    ]   Update Region States               34 us
[7.206s][info][gc,stats    ]   Choose Collection Set              51 us
[7.206s][info][gc,stats    ]   Rebuild Free Set                   18 us
[7.206s][info][gc,stats    ] Concurrent Thread Roots             192 us, parallelism: 0.78x
[7.206s][info][gc,stats    ]   CTR: <total>                      150 us
[7.206s][info][gc,stats    ]   CTR: Thread Roots                 150 us, workers (us): 128,  23, ---, ---, ---, ---, ---, ---, 
[7.206s][info][gc,stats    ] Concurrent Weak References          162 us, parallelism: 1.13x
[7.206s][info][gc,stats    ]   CWRF: <total>                     183 us
[7.206s][info][gc,stats    ]   CWRF: Weak References             183 us, workers (us):  96,  86, ---, ---, ---, ---, ---, ---, 
[7.206s][info][gc,stats    ] Concurrent Weak Roots               441 us
[7.206s][info][gc,stats    ]   Roots                             382 us, parallelism: 1.73x
[7.206s][info][gc,stats    ]     CWR: <total>                    660 us
[7.206s][info][gc,stats    ]     CWR: VM Weak Roots              660 us, workers (us): 331, 329, ---, ---, ---, ---, ---, ---, 
[7.206s][info][gc,stats    ]   Rendezvous                         23 us
[7.206s][info][gc,stats    ] Concurrent Cleanup                  125 us
[7.206s][info][gc,stats    ] Concurrent Strong Roots            1053 us, parallelism: 1.80x
[7.206s][info][gc,stats    ]   CSR: <total>                     1890 us
[7.206s][info][gc,stats    ]   CSR: Code Cache Roots            1374 us, workers (us): 641, 733, ---, ---, ---, ---, ---, ---, 
[7.206s][info][gc,stats    ]   CSR: VM Strong Roots              196 us, workers (us):  11, 185, ---, ---, ---, ---, ---, ---, 
[7.206s][info][gc,stats    ]   CSR: CLDG Roots                   320 us, workers (us): 320, ---, ---, ---, ---, ---, ---, ---, 
[7.206s][info][gc,stats    ] Concurrent Evacuation             17626 us
[7.206s][info][gc,stats    ] Pause Init Update Refs (G)           68 us
[7.206s][info][gc,stats    ] Pause Init Update Refs (N)           42 us
[7.206s][info][gc,stats    ]   Manage GCLABs                       7 us
[7.206s][info][gc,stats    ] Concurrent Update Refs            31935 us
[7.206s][info][gc,stats    ] Concurrent Update Thread Roots      244 us
[7.206s][info][gc,stats    ] Pause Final Update Refs (G)         132 us
[7.206s][info][gc,stats    ] Pause Final Update Refs (N)         114 us
[7.206s][info][gc,stats    ]   Update Region States               45 us
[7.206s][info][gc,stats    ]   Trash Collection Set                3 us
[7.206s][info][gc,stats    ]   Rebuild Free Set                   23 us
[7.206s][info][gc,stats    ] Concurrent Cleanup                   77 us
[7.206s][info][gc,stats    ] 
[7.206s][info][gc,stats    ] Allocation pacing accrued:
[7.206s][info][gc,stats    ]       0 of    86 ms (  0.0%): <total>
[7.206s][info][gc,stats    ]       0 of    86 ms (  0.0%): <average total>
[7.206s][info][gc,stats    ] 
[7.206s][info][gc,metaspace] Metaspace: 24734K(25088K)->24734K(25088K) NonClass: 21994K(22208K)->21994K(22208K) Class: 2740K(2880K)->2740K(2880K)
[7.206s][info][gc,ergo     ] Pacer for Idle. Initial: 40642K, Alloc Tax Rate: 1.0x
[7.207s][info][gc          ] Trigger: Start next cycle immediately
[7.208s][info][gc,ergo     ] Free: 1814M, Max: 512K regular, 1812M humongous, Frag: 1% external, 0% internal; Reserve: 101888K, Max: 512K
[7.208s][info][gc,start    ] GC(201) Concurrent reset
[7.208s][info][gc,task     ] GC(201) Using 2 of 8 workers for concurrent reset
[7.208s][info][gc,ergo     ] GC(201) Pacer for Reset. Non-Taxable: 1984M
[7.208s][info][gc          ] GC(201) Concurrent reset 0.391ms
[7.208s][info][gc,start    ] GC(201) Pause Init Mark (unload classes)
[7.208s][info][gc,task     ] GC(201) Using 8 of 8 workers for init marking
[7.208s][info][gc,ergo     ] GC(201) Pacer for Mark. Expected Live: 66151K, Free: 1814M, Non-Taxable: 181M, Alloc Tax Rate: 0.0x
[7.208s][info][gc          ] GC(201) Pause Init Mark (unload classes) 0.050ms
[7.208s][info][gc,start    ] GC(201) Concurrent marking roots
[7.208s][info][gc,task     ] GC(201) Using 2 of 8 workers for concurrent marking roots
[7.208s][info][gc          ] GC(201) Concurrent marking roots 0.226ms
[7.208s][info][gc,start    ] GC(201) Concurrent marking (unload classes)
[7.208s][info][gc,task     ] GC(201) Using 2 of 8 workers for concurrent marking
[7.236s][info][gc          ] GC(201) Concurrent marking (unload classes) 27.278ms
[7.236s][info][gc,start    ] GC(201) Pause Final Mark (unload classes)
[7.236s][info][gc,task     ] GC(201) Using 8 of 8 workers for final marking
[7.242s][info][gc,ergo     ] GC(201) Collectable Garbage: 3095K (100%), Immediate: 511K (16%), CSet: 2584K (83%)
[7.242s][info][gc,ergo     ] GC(201) Pacer for Evacuation. Used CSet: 62464K, Free: 1814M, Non-Taxable: 181M, Alloc Tax Rate: 1.1x
[7.242s][info][gc          ] GC(201) Pause Final Mark (unload classes) 6.243ms
[7.242s][info][gc,start    ] GC(201) Concurrent thread roots
[7.242s][info][gc,task     ] GC(201) Using 2 of 8 workers for Concurrent thread roots
[7.242s][info][gc          ] GC(201) Concurrent thread roots 0.152ms
[7.242s][info][gc,start    ] GC(201) Concurrent weak references
[7.242s][info][gc,task     ] GC(201) Using 2 of 8 workers for concurrent weak references
[7.242s][info][gc,ref      ] GC(201) Encountered references: Soft: 4023, Weak: 1710, Final: 4, Phantom: 592
[7.242s][info][gc,ref      ] GC(201) Discovered  references: Soft: 0, Weak: 539, Final: 0, Phantom: 205
[7.242s][info][gc,ref      ] GC(201) Enqueued    references: Soft: 0, Weak: 0, Final: 0, Phantom: 0
[7.242s][info][gc          ] GC(201) Concurrent weak references 0.120ms
[7.242s][info][gc,start    ] GC(201) Concurrent weak roots
[7.242s][info][gc,task     ] GC(201) Using 2 of 8 workers for concurrent weak root
[7.243s][info][gc          ] GC(201) Concurrent weak roots 0.988ms
[7.243s][info][gc,start    ] GC(201) Concurrent cleanup
[7.243s][info][gc          ] GC(201) Concurrent cleanup 69M->68M(245M) 0.105ms
[7.243s][info][gc,ergo     ] GC(201) Free: 1814M, Max: 512K regular, 1812M humongous, Frag: 1% external, 0% internal; Reserve: 101376K, Max: 512K
[7.243s][info][gc,start    ] GC(201) Concurrent class unloading
[7.243s][info][gc,task     ] GC(201) Using 2 of 8 workers for concurrent class unloading
[7.246s][info][gc          ] GC(201) Concurrent class unloading 2.825ms
[7.246s][info][gc,start    ] GC(201) Concurrent strong roots
[7.246s][info][gc,task     ] GC(201) Using 2 of 8 workers for concurrent strong root
[7.247s][info][gc          ] GC(201) Concurrent strong roots 0.410ms
[7.247s][info][gc,start    ] GC(201) Concurrent evacuation
[7.247s][info][gc,task     ] GC(201) Using 2 of 8 workers for concurrent evacuation
[7.266s][info][gc          ] GC(201) Concurrent evacuation 19.558ms
[7.266s][info][gc,start    ] GC(201) Pause Init Update Refs
[7.266s][info][gc,ergo     ] GC(201) Pacer for Update Refs. Used: 128M, Free: 1813M, Non-Taxable: 181M, Alloc Tax Rate: 1.1x
[7.266s][info][gc          ] GC(201) Pause Init Update Refs 0.035ms
[7.266s][info][gc,start    ] GC(201) Concurrent update references
[7.266s][info][gc,task     ] GC(201) Using 2 of 8 workers for concurrent reference update
[7.289s][info][gc          ] GC(201) Concurrent update references 22.482ms
[7.289s][info][gc,start    ] GC(201) Concurrent update thread roots
[7.289s][info][gc          ] GC(201) Concurrent update thread roots 0.156ms
[7.289s][info][gc,start    ] GC(201) Pause Final Update Refs
[7.289s][info][gc,task     ] GC(201) Using 8 of 8 workers for final reference update
[7.289s][info][gc          ] GC(201) Pause Final Update Refs 0.079ms
[7.289s][info][gc,start    ] GC(201) Concurrent cleanup
[7.289s][info][gc          ] GC(201) Concurrent cleanup 128M->67M(245M) 0.062ms
[7.289s][info][gc,ergo     ] Free: 1815M, Max: 512K regular, 1813M humongous, Frag: 1% external, 0% internal; Reserve: 101888K, Max: 512K
[7.289s][info][gc,stats    ] 
[7.289s][info][gc,stats    ] All times are wall-clock times, except per-root-class counters, that are sum over
[7.289s][info][gc,stats    ] all workers. Dividing the <total> over the root stage time estimates parallelism.
[7.289s][info][gc,stats    ] 
[7.289s][info][gc,stats    ] Concurrent Reset                    408 us
[7.289s][info][gc,stats    ] Pause Init Mark (G)                  80 us
[7.289s][info][gc,stats    ] Pause Init Mark (N)                  59 us
[7.289s][info][gc,stats    ]   Update Region States               12 us
[7.289s][info][gc,stats    ] Concurrent Mark Roots               242 us, parallelism: 1.06x
[7.289s][info][gc,stats    ]   CMR: <total>                      258 us
[7.289s][info][gc,stats    ]   CMR: Thread Roots                 153 us, workers (us):  26, 126, ---, ---, ---, ---, ---, ---, 
[7.289s][info][gc,stats    ]   CMR: VM Strong Roots                9 us, workers (us):   5,   4, ---, ---, ---, ---, ---, ---, 
[7.289s][info][gc,stats    ]   CMR: CLDG Roots                    96 us, workers (us):  96, ---, ---, ---, ---, ---, ---, ---, 
[7.289s][info][gc,stats    ] Concurrent Marking                27317 us
[7.289s][info][gc,stats    ] Pause Final Mark (G)               6274 us
[7.289s][info][gc,stats    ] Pause Final Mark (N)               6253 us
[7.289s][info][gc,stats    ]   Finish Mark                      6102 us
[7.289s][info][gc,stats    ]   Update Region States               30 us
[7.289s][info][gc,stats    ]   Choose Collection Set              56 us
[7.289s][info][gc,stats    ]   Rebuild Free Set                   18 us
[7.289s][info][gc,stats    ] Concurrent Thread Roots             163 us, parallelism: 0.87x
[7.289s][info][gc,stats    ]   CTR: <total>                      142 us
[7.289s][info][gc,stats    ]   CTR: Thread Roots                 142 us, workers (us): 100,  42, ---, ---, ---, ---, ---, ---, 
[7.289s][info][gc,stats    ] Concurrent Weak References          129 us, parallelism: 0.48x
[7.289s][info][gc,stats    ]   CWRF: <total>                      62 us
[7.289s][info][gc,stats    ]   CWRF: Weak References              62 us, workers (us):  62,   0, ---, ---, ---, ---, ---, ---, 
[7.289s][info][gc,stats    ] Concurrent Weak Roots              1016 us
[7.289s][info][gc,stats    ]   Roots                             938 us, parallelism: 1.86x
[7.289s][info][gc,stats    ]     CWR: <total>                   1746 us
[7.289s][info][gc,stats    ]     CWR: Code Cache Roots          1042 us, workers (us): 520, 521, ---, ---, ---, ---, ---, ---, 
[7.289s][info][gc,stats    ]     CWR: VM Weak Roots              684 us, workers (us): 343, 341, ---, ---, ---, ---, ---, ---, 
[7.289s][info][gc,stats    ]     CWR: CLDG Roots                  20 us, workers (us): ---,  20, ---, ---, ---, ---, ---, ---, 
[7.289s][info][gc,stats    ]   Rendezvous                         25 us
[7.289s][info][gc,stats    ] Concurrent Cleanup                  118 us
[7.289s][info][gc,stats    ] Concurrent Class Unloading         2856 us
[7.290s][info][gc,stats    ]   Unlink Stale                     2776 us
[7.290s][info][gc,stats    ]     System Dictionary                49 us
[7.290s][info][gc,stats    ]     Weak Class Links                  0 us
[7.290s][info][gc,stats    ]     Code Roots                     2726 us
[7.290s][info][gc,stats    ]   Rendezvous                         21 us
[7.290s][info][gc,stats    ]   Purge Unlinked                      6 us
[7.290s][info][gc,stats    ]     Code Roots                        1 us
[7.290s][info][gc,stats    ]     CLDG                              5 us
[7.290s][info][gc,stats    ]     Exception Caches                  0 us
[7.290s][info][gc,stats    ] Concurrent Strong Roots             425 us, parallelism: 0.83x
[7.290s][info][gc,stats    ]   CSR: <total>                      352 us
[7.290s][info][gc,stats    ]   CSR: VM Strong Roots               13 us, workers (us):  13,   0, ---, ---, ---, ---, ---, ---, 
[7.290s][info][gc,stats    ]   CSR: CLDG Roots                   339 us, workers (us): 339, ---, ---, ---, ---, ---, ---, ---, 
[7.290s][info][gc,stats    ] Concurrent Evacuation             19591 us
[7.290s][info][gc,stats    ] Pause Init Update Refs (G)           64 us
[7.290s][info][gc,stats    ] Pause Init Update Refs (N)           43 us
[7.290s][info][gc,stats    ]   Manage GCLABs                       4 us
[7.290s][info][gc,stats    ] Concurrent Update Refs            22512 us
[7.290s][info][gc,stats    ] Concurrent Update Thread Roots      166 us
[7.290s][info][gc,stats    ] Pause Final Update Refs (G)         106 us
[7.290s][info][gc,stats    ] Pause Final Update Refs (N)          89 us
[7.290s][info][gc,stats    ]   Update Region States               36 us
[7.290s][info][gc,stats    ]   Trash Collection Set                3 us
[7.290s][info][gc,stats    ]   Rebuild Free Set                   20 us
[7.290s][info][gc,stats    ] Concurrent Cleanup                   70 us
[7.290s][info][gc,stats    ] 
[7.290s][info][gc,stats    ] Allocation pacing accrued:
[7.290s][info][gc,stats    ]       0 of    83 ms (  0.0%): <total>
[7.290s][info][gc,stats    ]       0 of    83 ms (  0.0%): <average total>
[7.290s][info][gc,stats    ] 
[7.290s][info][gc,metaspace] Metaspace: 24734K(25088K)->24734K(25088K) NonClass: 21994K(22208K)->21994K(22208K) Class: 2740K(2880K)->2740K(2880K)
[7.290s][info][gc,ergo     ] Pacer for Idle. Initial: 40642K, Alloc Tax Rate: 1.0x
[7.291s][info][gc          ] Trigger: Start next cycle immediately
[7.291s][info][gc,ergo     ] Free: 1815M, Max: 512K regular, 1813M humongous, Frag: 1% external, 0% internal; Reserve: 101888K, Max: 512K
[7.291s][info][gc,start    ] GC(202) Concurrent reset
[7.291s][info][gc,task     ] GC(202) Using 2 of 8 workers for concurrent reset
[7.291s][info][gc,ergo     ] GC(202) Pacer for Reset. Non-Taxable: 1984M
[7.291s][info][gc          ] GC(202) Concurrent reset 0.517ms
[7.291s][info][gc,start    ] GC(202) Pause Init Mark
[7.291s][info][gc,task     ] GC(202) Using 8 of 8 workers for init marking
[7.292s][info][gc,ergo     ] GC(202) Pacer for Mark. Expected Live: 66151K, Free: 1815M, Non-Taxable: 181M, Alloc Tax Rate: 0.0x
[7.292s][info][gc          ] GC(202) Pause Init Mark 0.042ms
[7.292s][info][gc,start    ] GC(202) Concurrent marking roots
[7.292s][info][gc,task     ] GC(202) Using 2 of 8 workers for concurrent marking roots
[7.292s][info][gc          ] GC(202) Concurrent marking roots 0.826ms
[7.292s][info][gc,start    ] GC(202) Concurrent marking
[7.292s][info][gc,task     ] GC(202) Using 2 of 8 workers for concurrent marking
[7.319s][info][gc          ] GC(202) Concurrent marking 26.561ms
[7.319s][info][gc,start    ] GC(202) Pause Final Mark
[7.319s][info][gc,task     ] GC(202) Using 8 of 8 workers for final marking
[7.321s][info][gc,ergo     ] GC(202) Collectable Garbage: 2554K (100%), Immediate: 511K (20%), CSet: 2043K (79%)
[7.321s][info][gc,ergo     ] GC(202) Pacer for Evacuation. Used CSet: 61923K, Free: 1814M, Non-Taxable: 181M, Alloc Tax Rate: 1.1x
[7.321s][info][gc          ] GC(202) Pause Final Mark 2.365ms
[7.321s][info][gc,start    ] GC(202) Concurrent thread roots
[7.321s][info][gc,task     ] GC(202) Using 2 of 8 workers for Concurrent thread roots
[7.321s][info][gc          ] GC(202) Concurrent thread roots 0.123ms
[7.322s][info][gc,start    ] GC(202) Concurrent weak references
[7.322s][info][gc,task     ] GC(202) Using 2 of 8 workers for concurrent weak references
[7.322s][info][gc,ref      ] GC(202) Encountered references: Soft: 4023, Weak: 1710, Final: 4, Phantom: 592
[7.322s][info][gc,ref      ] GC(202) Discovered  references: Soft: 0, Weak: 94, Final: 1, Phantom: 333
[7.322s][info][gc,ref      ] GC(202) Enqueued    references: Soft: 0, Weak: 0, Final: 0, Phantom: 0
[7.322s][info][gc          ] GC(202) Concurrent weak references 0.099ms
[7.322s][info][gc,start    ] GC(202) Concurrent weak roots
[7.322s][info][gc,task     ] GC(202) Using 2 of 8 workers for concurrent weak root
[7.322s][info][gc          ] GC(202) Concurrent weak roots 0.407ms
[7.322s][info][gc,start    ] GC(202) Concurrent cleanup
[7.322s][info][gc          ] GC(202) Concurrent cleanup 69M->68M(245M) 0.107ms
[7.322s][info][gc,ergo     ] GC(202) Free: 1814M, Max: 512K regular, 1813M humongous, Frag: 1% external, 0% internal; Reserve: 101376K, Max: 512K
[7.322s][info][gc,start    ] GC(202) Concurrent strong roots
[7.322s][info][gc,task     ] GC(202) Using 2 of 8 workers for concurrent strong root
[7.323s][info][gc          ] GC(202) Concurrent strong roots 0.874ms
[7.323s][info][gc,start    ] GC(202) Concurrent evacuation
[7.323s][info][gc,task     ] GC(202) Using 2 of 8 workers for concurrent evacuation
[7.342s][info][gc          ] GC(202) Concurrent evacuation 19.233ms
[7.342s][info][gc,start    ] GC(202) Pause Init Update Refs
[7.342s][info][gc,ergo     ] GC(202) Pacer for Update Refs. Used: 128M, Free: 1813M, Non-Taxable: 181M, Alloc Tax Rate: 1.1x
[7.342s][info][gc          ] GC(202) Pause Init Update Refs 0.032ms
[7.342s][info][gc,start    ] GC(202) Concurrent update references
[7.342s][info][gc,task     ] GC(202) Using 2 of 8 workers for concurrent reference update
[7.370s][info][gc          ] GC(202) Concurrent update references 28.031ms
[7.371s][info][gc,start    ] GC(202) Concurrent update thread roots
[7.371s][info][gc          ] GC(202) Concurrent update thread roots 0.235ms
[7.371s][info][gc,start    ] GC(202) Pause Final Update Refs
[7.371s][info][gc,task     ] GC(202) Using 8 of 8 workers for final reference update
[7.371s][info][gc          ] GC(202) Pause Final Update Refs 0.104ms
[7.371s][info][gc,start    ] GC(202) Concurrent cleanup
[7.371s][info][gc          ] GC(202) Concurrent cleanup 128M->68M(245M) 0.086ms
[7.371s][info][gc,ergo     ] Free: 1814M, Max: 512K regular, 1813M humongous, Frag: 1% external, 0% internal; Reserve: 101888K, Max: 512K
[7.371s][info][gc,stats    ] 
[7.371s][info][gc,stats    ] All times are wall-clock times, except per-root-class counters, that are sum over
[7.371s][info][gc,stats    ] all workers. Dividing the <total> over the root stage time estimates parallelism.
[7.371s][info][gc,stats    ] 
[7.371s][info][gc,stats    ] Concurrent Reset                    526 us
[7.371s][info][gc,stats    ] Pause Init Mark (G)                  67 us
[7.371s][info][gc,stats    ] Pause Init Mark (N)                  50 us
[7.371s][info][gc,stats    ]   Update Region States               11 us
[7.371s][info][gc,stats    ] Concurrent Mark Roots               836 us, parallelism: 1.77x
[7.371s][info][gc,stats    ]   CMR: <total>                     1482 us
[7.371s][info][gc,stats    ]   CMR: Thread Roots                 115 us, workers (us):  79,  37, ---, ---, ---, ---, ---, ---, 
[7.371s][info][gc,stats    ]   CMR: Code Cache Roots            1138 us, workers (us): 440, 698, ---, ---, ---, ---, ---, ---, 
[7.371s][info][gc,stats    ]   CMR: VM Strong Roots                9 us, workers (us):   6,   3, ---, ---, ---, ---, ---, ---, 
[7.371s][info][gc,stats    ]   CMR: CLDG Roots                   220 us, workers (us): 220, ---, ---, ---, ---, ---, ---, ---, 
[7.371s][info][gc,stats    ] Concurrent Marking                26594 us
[7.371s][info][gc,stats    ] Pause Final Mark (G)               2402 us
[7.371s][info][gc,stats    ] Pause Final Mark (N)               2376 us
[7.371s][info][gc,stats    ]   Finish Mark                      2210 us
[7.371s][info][gc,stats    ]   Update Region States               35 us
[7.371s][info][gc,stats    ]   Choose Collection Set              57 us
[7.371s][info][gc,stats    ]   Rebuild Free Set                   18 us
[7.371s][info][gc,stats    ] Concurrent Thread Roots             140 us, parallelism: 1.21x
[7.371s][info][gc,stats    ]   CTR: <total>                      169 us
[7.371s][info][gc,stats    ]   CTR: Thread Roots                 169 us, workers (us):  90,  79, ---, ---, ---, ---, ---, ---, 
[7.371s][info][gc,stats    ] Concurrent Weak References          108 us, parallelism: 0.38x
[7.371s][info][gc,stats    ]   CWRF: <total>                      41 us
[7.371s][info][gc,stats    ]   CWRF: Weak References              41 us, workers (us):  40,   1, ---, ---, ---, ---, ---, ---, 
[7.371s][info][gc,stats    ] Concurrent Weak Roots               425 us
[7.371s][info][gc,stats    ]   Roots                             367 us, parallelism: 1.76x
[7.371s][info][gc,stats    ]     CWR: <total>                    645 us
[7.372s][info][gc,stats    ]     CWR: VM Weak Roots              645 us, workers (us): 323, 321, ---, ---, ---, ---, ---, ---, 
[7.372s][info][gc,stats    ]   Rendezvous                         21 us
[7.372s][info][gc,stats    ] Concurrent Cleanup                  120 us
[7.372s][info][gc,stats    ] Concurrent Strong Roots             902 us, parallelism: 1.78x
[7.372s][info][gc,stats    ]   CSR: <total>                     1609 us
[7.372s][info][gc,stats    ]   CSR: Code Cache Roots            1278 us, workers (us): 487, 791, ---, ---, ---, ---, ---, ---, 
[7.372s][info][gc,stats    ]   CSR: VM Strong Roots               15 us, workers (us):   5,   9, ---, ---, ---, ---, ---, ---, 
[7.372s][info][gc,stats    ]   CSR: CLDG Roots                   317 us, workers (us): 317, ---, ---, ---, ---, ---, ---, ---, 
[7.372s][info][gc,stats    ] Concurrent Evacuation             19282 us
[7.372s][info][gc,stats    ] Pause Init Update Refs (G)           71 us
[7.372s][info][gc,stats    ] Pause Init Update Refs (N)           43 us
[7.372s][info][gc,stats    ]   Manage GCLABs                       6 us
[7.372s][info][gc,stats    ] Concurrent Update Refs            28087 us
[7.372s][info][gc,stats    ] Concurrent Update Thread Roots      266 us
[7.372s][info][gc,stats    ] Pause Final Update Refs (G)         147 us
[7.372s][info][gc,stats    ] Pause Final Update Refs (N)         125 us
[7.372s][info][gc,stats    ]   Update Region States               38 us
[7.372s][info][gc,stats    ]   Trash Collection Set                4 us
[7.372s][info][gc,stats    ]   Rebuild Free Set                   27 us
[7.372s][info][gc,stats    ] Concurrent Cleanup                  104 us
[7.372s][info][gc,stats    ] 
[7.372s][info][gc,stats    ] Allocation pacing accrued:
[7.372s][info][gc,stats    ]       0 of    82 ms (  0.0%): <total>
[7.372s][info][gc,stats    ]       0 of    82 ms (  0.0%): <average total>
[7.372s][info][gc,stats    ] 
[7.372s][info][gc,metaspace] Metaspace: 24734K(25088K)->24736K(25088K) NonClass: 21994K(22208K)->21995K(22208K) Class: 2740K(2880K)->2740K(2880K)
[7.372s][info][gc,ergo     ] Pacer for Idle. Initial: 40642K, Alloc Tax Rate: 1.0x
[7.373s][info][gc          ] Trigger: Start next cycle immediately
[7.373s][info][gc,ergo     ] Free: 1814M, Max: 512K regular, 1813M humongous, Frag: 1% external, 0% internal; Reserve: 101888K, Max: 512K
[7.373s][info][gc,start    ] GC(203) Concurrent reset
[7.373s][info][gc,task     ] GC(203) Using 2 of 8 workers for concurrent reset
[7.373s][info][gc,ergo     ] GC(203) Pacer for Reset. Non-Taxable: 1984M
[7.374s][info][gc          ] GC(203) Concurrent reset 0.440ms
[7.374s][info][gc,start    ] GC(203) Pause Init Mark (unload classes)
[7.374s][info][gc,task     ] GC(203) Using 8 of 8 workers for init marking
[7.374s][info][gc,ergo     ] GC(203) Pacer for Mark. Expected Live: 66151K, Free: 1814M, Non-Taxable: 181M, Alloc Tax Rate: 0.0x
[7.374s][info][gc          ] GC(203) Pause Init Mark (unload classes) 0.066ms
[7.374s][info][gc,start    ] GC(203) Concurrent marking roots
[7.374s][info][gc,task     ] GC(203) Using 2 of 8 workers for concurrent marking roots
[7.374s][info][gc          ] GC(203) Concurrent marking roots 0.220ms
[7.374s][info][gc,start    ] GC(203) Concurrent marking (unload classes)
[7.374s][info][gc,task     ] GC(203) Using 2 of 8 workers for concurrent marking
[7.412s][info][gc          ] GC(203) Concurrent marking (unload classes) 38.445ms
[7.412s][info][gc,start    ] GC(203) Pause Final Mark (unload classes)
[7.412s][info][gc,task     ] GC(203) Using 8 of 8 workers for final marking
[7.413s][info][gc,ergo     ] GC(203) Collectable Garbage: 3600K (100%), Immediate: 511K (14%), CSet: 3089K (85%)
[7.413s][info][gc,ergo     ] GC(203) Pacer for Evacuation. Used CSet: 62971K, Free: 1813M, Non-Taxable: 181M, Alloc Tax Rate: 1.1x
[7.413s][info][gc          ] GC(203) Pause Final Mark (unload classes) 0.266ms
[7.413s][info][gc,start    ] GC(203) Concurrent thread roots
[7.413s][info][gc,task     ] GC(203) Using 2 of 8 workers for Concurrent thread roots
[7.413s][info][gc          ] GC(203) Concurrent thread roots 0.132ms
[7.413s][info][gc,start    ] GC(203) Concurrent weak references
[7.413s][info][gc,task     ] GC(203) Using 2 of 8 workers for concurrent weak references
[7.413s][info][gc,ref      ] GC(203) Encountered references: Soft: 4023, Weak: 1715, Final: 4, Phantom: 592
[7.413s][info][gc,ref      ] GC(203) Discovered  references: Soft: 0, Weak: 875, Final: 4, Phantom: 204
[7.413s][info][gc,ref      ] GC(203) Enqueued    references: Soft: 0, Weak: 3, Final: 0, Phantom: 0
[7.413s][info][gc          ] GC(203) Concurrent weak references 0.151ms
[7.413s][info][gc,start    ] GC(203) Concurrent weak roots
[7.413s][info][gc,task     ] GC(203) Using 2 of 8 workers for concurrent weak root
[7.414s][info][gc          ] GC(203) Concurrent weak roots 0.999ms
[7.414s][info][gc,start    ] GC(203) Concurrent cleanup
[7.414s][info][gc          ] GC(203) Concurrent cleanup 69M->69M(245M) 0.119ms
[7.414s][info][gc,ergo     ] GC(203) Free: 1813M, Max: 512K regular, 1813M humongous, Frag: 1% external, 0% internal; Reserve: 101118K, Max: 512K
[7.414s][info][gc,start    ] GC(203) Concurrent class unloading
[7.414s][info][gc,task     ] GC(203) Using 2 of 8 workers for concurrent class unloading
[7.417s][info][gc          ] GC(203) Concurrent class unloading 2.949ms
[7.417s][info][gc,start    ] GC(203) Concurrent strong roots
[7.417s][info][gc,task     ] GC(203) Using 2 of 8 workers for concurrent strong root
[7.418s][info][gc          ] GC(203) Concurrent strong roots 0.444ms
[7.418s][info][gc,start    ] GC(203) Concurrent evacuation
[7.418s][info][gc,task     ] GC(203) Using 2 of 8 workers for concurrent evacuation
[7.435s][info][gc          ] GC(203) Concurrent evacuation 17.325ms
[7.435s][info][gc,start    ] GC(203) Pause Init Update Refs
[7.435s][info][gc,ergo     ] GC(203) Pacer for Update Refs. Used: 128M, Free: 1813M, Non-Taxable: 181M, Alloc Tax Rate: 1.1x
[7.435s][info][gc          ] GC(203) Pause Init Update Refs 0.047ms
[7.435s][info][gc,start    ] GC(203) Concurrent update references
[7.435s][info][gc,task     ] GC(203) Using 2 of 8 workers for concurrent reference update
[7.465s][info][gc          ] GC(203) Concurrent update references 29.953ms
[7.465s][info][gc,start    ] GC(203) Concurrent update thread roots
[7.465s][info][gc          ] GC(203) Concurrent update thread roots 0.185ms
[7.465s][info][gc,start    ] GC(203) Pause Final Update Refs
[7.465s][info][gc,task     ] GC(203) Using 8 of 8 workers for final reference update
[7.465s][info][gc          ] GC(203) Pause Final Update Refs 0.084ms
[7.465s][info][gc,start    ] GC(203) Concurrent cleanup
[7.465s][info][gc          ] GC(203) Concurrent cleanup 128M->67M(245M) 0.086ms
[7.466s][info][gc,ergo     ] Free: 1815M, Max: 512K regular, 1813M humongous, Frag: 1% external, 0% internal; Reserve: 101888K, Max: 512K
[7.466s][info][gc,stats    ] 
[7.466s][info][gc,stats    ] All times are wall-clock times, except per-root-class counters, that are sum over
[7.466s][info][gc,stats    ] all workers. Dividing the <total> over the root stage time estimates parallelism.
[7.466s][info][gc,stats    ] 
[7.466s][info][gc,stats    ] Concurrent Reset                    462 us
[7.466s][info][gc,stats    ] Pause Init Mark (G)                 101 us
[7.466s][info][gc,stats    ] Pause Init Mark (N)                  79 us
[7.466s][info][gc,stats    ]   Update Region States               14 us
[7.466s][info][gc,stats    ] Concurrent Mark Roots               237 us, parallelism: 0.87x
[7.466s][info][gc,stats    ]   CMR: <total>                      206 us
[7.466s][info][gc,stats    ]   CMR: Thread Roots                  96 us, workers (us):   0,  96, ---, ---, ---, ---, ---, ---, 
[7.466s][info][gc,stats    ]   CMR: VM Strong Roots                7 us, workers (us):   6,   1, ---, ---, ---, ---, ---, ---, 
[7.466s][info][gc,stats    ]   CMR: CLDG Roots                   103 us, workers (us): 103, ---, ---, ---, ---, ---, ---, ---, 
[7.466s][info][gc,stats    ] Concurrent Marking                38478 us
[7.466s][info][gc,stats    ] Pause Final Mark (G)                322 us
[7.466s][info][gc,stats    ] Pause Final Mark (N)                277 us
[7.466s][info][gc,stats    ]   Finish Mark                       103 us
[7.466s][info][gc,stats    ]   Update Region States               35 us
[7.466s][info][gc,stats    ]   Choose Collection Set              52 us
[7.466s][info][gc,stats    ]   Rebuild Free Set                   19 us
[7.466s][info][gc,stats    ] Concurrent Thread Roots             161 us, parallelism: 0.98x
[7.466s][info][gc,stats    ]   CTR: <total>                      157 us
[7.466s][info][gc,stats    ]   CTR: Thread Roots                 157 us, workers (us):  88,  68, ---, ---, ---, ---, ---, ---, 
[7.466s][info][gc,stats    ] Concurrent Weak References          159 us, parallelism: 0.70x
[7.466s][info][gc,stats    ]   CWRF: <total>                     112 us
[7.466s][info][gc,stats    ]   CWRF: Weak References             112 us, workers (us):  79,  33, ---, ---, ---, ---, ---, ---, 
[7.466s][info][gc,stats    ] Concurrent Weak Roots              1020 us
[7.466s][info][gc,stats    ]   Roots                             940 us, parallelism: 1.78x
[7.466s][info][gc,stats    ]     CWR: <total>                   1670 us
[7.466s][info][gc,stats    ]     CWR: Code Cache Roots           985 us, workers (us): 441, 544, ---, ---, ---, ---, ---, ---, 
[7.466s][info][gc,stats    ]     CWR: VM Weak Roots              670 us, workers (us): 337, 334, ---, ---, ---, ---, ---, ---, 
[7.466s][info][gc,stats    ]     CWR: CLDG Roots                  15 us, workers (us):  15, ---, ---, ---, ---, ---, ---, ---, 
[7.466s][info][gc,stats    ]   Rendezvous                         41 us
[7.466s][info][gc,stats    ] Concurrent Cleanup                  128 us
[7.466s][info][gc,stats    ] Concurrent Class Unloading         2965 us
[7.466s][info][gc,stats    ]   Unlink Stale                     2851 us
[7.466s][info][gc,stats    ]     System Dictionary                41 us
[7.466s][info][gc,stats    ]     Weak Class Links                  0 us
[7.466s][info][gc,stats    ]     Code Roots                     2809 us
[7.466s][info][gc,stats    ]   Rendezvous                         33 us
[7.466s][info][gc,stats    ]   Purge Unlinked                     48 us
[7.466s][info][gc,stats    ]     Code Roots                       44 us
[7.466s][info][gc,stats    ]     CLDG                              3 us
[7.466s][info][gc,stats    ]     Exception Caches                  0 us
[7.466s][info][gc,stats    ] Concurrent Strong Roots             456 us, parallelism: 0.87x
[7.466s][info][gc,stats    ]   CSR: <total>                      396 us
[7.466s][info][gc,stats    ]   CSR: VM Strong Roots               11 us, workers (us):  11,   0, ---, ---, ---, ---, ---, ---, 
[7.466s][info][gc,stats    ]   CSR: CLDG Roots                   385 us, workers (us): 385, ---, ---, ---, ---, ---, ---, ---, 
[7.466s][info][gc,stats    ] Concurrent Evacuation             17370 us
[7.466s][info][gc,stats    ] Pause Init Update Refs (G)          117 us
[7.466s][info][gc,stats    ] Pause Init Update Refs (N)           58 us
[7.466s][info][gc,stats    ]   Manage GCLABs                       5 us
[7.466s][info][gc,stats    ] Concurrent Update Refs            29996 us
[7.466s][info][gc,stats    ] Concurrent Update Thread Roots      196 us
[7.466s][info][gc,stats    ] Pause Final Update Refs (G)         112 us
[7.466s][info][gc,stats    ] Pause Final Update Refs (N)          94 us
[7.466s][info][gc,stats    ]   Update Region States               37 us
[7.466s][info][gc,stats    ]   Trash Collection Set                4 us
[7.466s][info][gc,stats    ]   Rebuild Free Set                   21 us
[7.466s][info][gc,stats    ] Concurrent Cleanup                   97 us
[7.466s][info][gc,stats    ] 
[7.466s][info][gc,stats    ] Allocation pacing accrued:
[7.466s][info][gc,stats    ]       0 of    94 ms (  0.0%): <total>
[7.466s][info][gc,stats    ]       0 of    94 ms (  0.0%): <average total>
[7.466s][info][gc,stats    ] 
[7.466s][info][gc,metaspace] Metaspace: 24736K(25088K)->24736K(25088K) NonClass: 21995K(22208K)->21995K(22208K) Class: 2740K(2880K)->2740K(2880K)
[7.466s][info][gc,ergo     ] Pacer for Idle. Initial: 40642K, Alloc Tax Rate: 1.0x
[7.467s][info][gc          ] Trigger: Start next cycle immediately
[7.467s][info][gc,ergo     ] Free: 1815M, Max: 512K regular, 1813M humongous, Frag: 1% external, 0% internal; Reserve: 101888K, Max: 512K
[7.467s][info][gc,start    ] GC(204) Concurrent reset
[7.467s][info][gc,task     ] GC(204) Using 2 of 8 workers for concurrent reset
[7.467s][info][gc,ergo     ] GC(204) Pacer for Reset. Non-Taxable: 1984M
[7.468s][info][gc          ] GC(204) Concurrent reset 0.463ms
[7.468s][info][gc,start    ] GC(204) Pause Init Mark (unload classes)
[7.468s][info][gc,task     ] GC(204) Using 8 of 8 workers for init marking
[7.468s][info][gc,ergo     ] GC(204) Pacer for Mark. Expected Live: 66152K, Free: 1815M, Non-Taxable: 181M, Alloc Tax Rate: 0.0x
[7.468s][info][gc          ] GC(204) Pause Init Mark (unload classes) 0.044ms
[7.468s][info][gc,start    ] GC(204) Concurrent marking roots
[7.468s][info][gc,task     ] GC(204) Using 2 of 8 workers for concurrent marking roots
[7.468s][info][gc          ] GC(204) Concurrent marking roots 0.195ms
[7.468s][info][gc,start    ] GC(204) Concurrent marking (unload classes)
[7.468s][info][gc,task     ] GC(204) Using 2 of 8 workers for concurrent marking
[7.503s][info][gc          ] GC(204) Concurrent marking (unload classes) 34.946ms
[7.503s][info][gc,start    ] GC(204) Pause Final Mark (unload classes)
[7.503s][info][gc,task     ] GC(204) Using 8 of 8 workers for final marking
[7.504s][info][gc,ergo     ] GC(204) Collectable Garbage: 2580K (100%), Immediate: 511K (19%), CSet: 2069K (80%)
[7.504s][info][gc,ergo     ] GC(204) Pacer for Evacuation. Used CSet: 61951K, Free: 1814M, Non-Taxable: 181M, Alloc Tax Rate: 1.1x
[7.504s][info][gc          ] GC(204) Pause Final Mark (unload classes) 1.297ms
[7.504s][info][gc,start    ] GC(204) Concurrent thread roots
[7.504s][info][gc,task     ] GC(204) Using 2 of 8 workers for Concurrent thread roots
[7.504s][info][gc          ] GC(204) Concurrent thread roots 0.125ms
[7.504s][info][gc,start    ] GC(204) Concurrent weak references
[7.504s][info][gc,task     ] GC(204) Using 2 of 8 workers for concurrent weak references
[7.505s][info][gc,ref      ] GC(204) Encountered references: Soft: 4023, Weak: 1712, Final: 4, Phantom: 592
[7.505s][info][gc,ref      ] GC(204) Discovered  references: Soft: 0, Weak: 541, Final: 0, Phantom: 205
[7.505s][info][gc,ref      ] GC(204) Enqueued    references: Soft: 0, Weak: 0, Final: 0, Phantom: 0
[7.505s][info][gc          ] GC(204) Concurrent weak references 0.105ms
[7.505s][info][gc,start    ] GC(204) Concurrent weak roots
[7.505s][info][gc,task     ] GC(204) Using 2 of 8 workers for concurrent weak root
[7.506s][info][gc          ] GC(204) Concurrent weak roots 1.039ms
[7.506s][info][gc,start    ] GC(204) Concurrent cleanup
[7.506s][info][gc          ] GC(204) Concurrent cleanup 68M->68M(245M) 0.101ms
[7.506s][info][gc,ergo     ] GC(204) Free: 1814M, Max: 512K regular, 1813M humongous, Frag: 1% external, 0% internal; Reserve: 101118K, Max: 512K
[7.506s][info][gc,start    ] GC(204) Concurrent class unloading
[7.506s][info][gc,task     ] GC(204) Using 2 of 8 workers for concurrent class unloading
[7.507s][info][gc          ] GC(204) Concurrent class unloading 1.557ms
[7.507s][info][gc,start    ] GC(204) Concurrent strong roots
[7.507s][info][gc,task     ] GC(204) Using 2 of 8 workers for concurrent strong root
[7.508s][info][gc          ] GC(204) Concurrent strong roots 0.496ms
[7.508s][info][gc,start    ] GC(204) Concurrent evacuation
[7.508s][info][gc,task     ] GC(204) Using 2 of 8 workers for concurrent evacuation
[7.524s][info][gc          ] GC(204) Concurrent evacuation 16.500ms
[7.524s][info][gc,start    ] GC(204) Pause Init Update Refs
[7.524s][info][gc,ergo     ] GC(204) Pacer for Update Refs. Used: 128M, Free: 1814M, Non-Taxable: 181M, Alloc Tax Rate: 1.1x
[7.524s][info][gc          ] GC(204) Pause Init Update Refs 0.028ms
[7.524s][info][gc,start    ] GC(204) Concurrent update references
[7.524s][info][gc,task     ] GC(204) Using 2 of 8 workers for concurrent reference update
[7.548s][info][gc          ] GC(204) Concurrent update references 24.000ms
[7.549s][info][gc,start    ] GC(204) Concurrent update thread roots
[7.549s][info][gc          ] GC(204) Concurrent update thread roots 0.185ms
[7.549s][info][gc,start    ] GC(204) Pause Final Update Refs
[7.549s][info][gc,task     ] GC(204) Using 8 of 8 workers for final reference update
[7.549s][info][gc          ] GC(204) Pause Final Update Refs 0.080ms
[7.549s][info][gc,start    ] GC(204) Concurrent cleanup
[7.549s][info][gc          ] GC(204) Concurrent cleanup 128M->67M(245M) 0.063ms
[7.549s][info][gc,ergo     ] Free: 1814M, Max: 512K regular, 1812M humongous, Frag: 1% external, 0% internal; Reserve: 101888K, Max: 512K
[7.549s][info][gc,stats    ] 
[7.549s][info][gc,stats    ] All times are wall-clock times, except per-root-class counters, that are sum over
[7.549s][info][gc,stats    ] all workers. Dividing the <total> over the root stage time estimates parallelism.
[7.549s][info][gc,stats    ] 
[7.549s][info][gc,stats    ] Concurrent Reset                    483 us
[7.549s][info][gc,stats    ] Pause Init Mark (G)                  74 us
[7.549s][info][gc,stats    ] Pause Init Mark (N)                  52 us
[7.549s][info][gc,stats    ]   Update Region States               12 us
[7.549s][info][gc,stats    ] Concurrent Mark Roots               205 us, parallelism: 1.11x
[7.549s][info][gc,stats    ]   CMR: <total>                      228 us
[7.549s][info][gc,stats    ]   CMR: Thread Roots                 138 us, workers (us):  39,  99, ---, ---, ---, ---, ---, ---, 
[7.549s][info][gc,stats    ]   CMR: VM Strong Roots                7 us, workers (us):   6,   1, ---, ---, ---, ---, ---, ---, 
[7.549s][info][gc,stats    ]   CMR: CLDG Roots                    83 us, workers (us):  83, ---, ---, ---, ---, ---, ---, ---, 
[7.549s][info][gc,stats    ] Concurrent Marking                34980 us
[7.549s][info][gc,stats    ] Pause Final Mark (G)               1335 us
[7.549s][info][gc,stats    ] Pause Final Mark (N)               1306 us
[7.549s][info][gc,stats    ]   Finish Mark                      1168 us
[7.549s][info][gc,stats    ]   Update Region States               31 us
[7.549s][info][gc,stats    ]   Choose Collection Set              49 us
[7.549s][info][gc,stats    ]   Rebuild Free Set                   15 us
[7.549s][info][gc,stats    ] Concurrent Thread Roots             135 us, parallelism: 1.33x
[7.549s][info][gc,stats    ]   CTR: <total>                      180 us
[7.549s][info][gc,stats    ]   CTR: Thread Roots                 180 us, workers (us):  97,  83, ---, ---, ---, ---, ---, ---, 
[7.549s][info][gc,stats    ] Concurrent Weak References          112 us, parallelism: 0.51x
[7.549s][info][gc,stats    ]   CWRF: <total>                      58 us
[7.549s][info][gc,stats    ]   CWRF: Weak References              58 us, workers (us):  57,   1, ---, ---, ---, ---, ---, ---, 
[7.549s][info][gc,stats    ] Concurrent Weak Roots              1063 us
[7.549s][info][gc,stats    ]   Roots                             999 us, parallelism: 1.83x
[7.549s][info][gc,stats    ]     CWR: <total>                   1823 us
[7.549s][info][gc,stats    ]     CWR: Code Cache Roots           962 us, workers (us): 453, 508, ---, ---, ---, ---, ---, ---, 
[7.549s][info][gc,stats    ]     CWR: VM Weak Roots              838 us, workers (us): 422, 416, ---, ---, ---, ---, ---, ---, 
[7.549s][info][gc,stats    ]     CWR: CLDG Roots                  24 us, workers (us): ---,  24, ---, ---, ---, ---, ---, ---, 
[7.549s][info][gc,stats    ]   Rendezvous                         24 us
[7.549s][info][gc,stats    ] Concurrent Cleanup                  111 us
[7.549s][info][gc,stats    ] Concurrent Class Unloading         1579 us
[7.549s][info][gc,stats    ]   Unlink Stale                     1515 us
[7.549s][info][gc,stats    ]     System Dictionary                39 us
[7.549s][info][gc,stats    ]     Weak Class Links                  1 us
[7.549s][info][gc,stats    ]     Code Roots                     1474 us
[7.549s][info][gc,stats    ]   Rendezvous                         19 us
[7.549s][info][gc,stats    ]   Purge Unlinked                      3 us
[7.549s][info][gc,stats    ]     Code Roots                        1 us
[7.549s][info][gc,stats    ]     CLDG                              2 us
[7.549s][info][gc,stats    ]     Exception Caches                  0 us
[7.549s][info][gc,stats    ] Concurrent Strong Roots             516 us, parallelism: 0.85x
[7.549s][info][gc,stats    ]   CSR: <total>                      439 us
[7.549s][info][gc,stats    ]   CSR: VM Strong Roots                9 us, workers (us):   8,   0, ---, ---, ---, ---, ---, ---, 
[7.549s][info][gc,stats    ]   CSR: CLDG Roots                   431 us, workers (us): 431, ---, ---, ---, ---, ---, ---, ---, 
[7.549s][info][gc,stats    ] Concurrent Evacuation             16532 us
[7.549s][info][gc,stats    ] Pause Init Update Refs (G)           60 us
[7.549s][info][gc,stats    ] Pause Init Update Refs (N)           36 us
[7.549s][info][gc,stats    ]   Manage GCLABs                       5 us
[7.549s][info][gc,stats    ] Concurrent Update Refs            24043 us
[7.549s][info][gc,stats    ] Concurrent Update Thread Roots      198 us
[7.549s][info][gc,stats    ] Pause Final Update Refs (G)         109 us
[7.549s][info][gc,stats    ] Pause Final Update Refs (N)          90 us
[7.549s][info][gc,stats    ]   Update Region States               36 us
[7.549s][info][gc,stats    ]   Trash Collection Set                3 us
[7.549s][info][gc,stats    ]   Rebuild Free Set                   21 us
[7.549s][info][gc,stats    ] Concurrent Cleanup                   72 us
[7.549s][info][gc,stats    ] 
[7.549s][info][gc,stats    ] Allocation pacing accrued:
[7.549s][info][gc,stats    ]       0 of    83 ms (  0.0%): <total>
[7.549s][info][gc,stats    ]       0 of    83 ms (  0.0%): <average total>
[7.549s][info][gc,stats    ] 
[7.549s][info][gc,metaspace] Metaspace: 24736K(25088K)->24736K(25088K) NonClass: 21995K(22208K)->21995K(22208K) Class: 2740K(2880K)->2740K(2880K)
[7.549s][info][gc,ergo     ] Pacer for Idle. Initial: 40642K, Alloc Tax Rate: 1.0x
[7.551s][info][gc          ] Trigger: Start next cycle immediately
[7.551s][info][gc,ergo     ] Free: 1814M, Max: 512K regular, 1812M humongous, Frag: 1% external, 0% internal; Reserve: 101888K, Max: 512K
[7.551s][info][gc,start    ] GC(205) Concurrent reset
[7.551s][info][gc,task     ] GC(205) Using 2 of 8 workers for concurrent reset
[7.551s][info][gc,ergo     ] GC(205) Pacer for Reset. Non-Taxable: 1984M
[7.551s][info][gc          ] GC(205) Concurrent reset 0.377ms
[7.551s][info][gc,start    ] GC(205) Pause Init Mark
[7.551s][info][gc,task     ] GC(205) Using 8 of 8 workers for init marking
[7.551s][info][gc,ergo     ] GC(205) Pacer for Mark. Expected Live: 66153K, Free: 1814M, Non-Taxable: 181M, Alloc Tax Rate: 0.0x
[7.551s][info][gc          ] GC(205) Pause Init Mark 0.044ms
[7.551s][info][gc,start    ] GC(205) Concurrent marking roots
[7.551s][info][gc,task     ] GC(205) Using 2 of 8 workers for concurrent marking roots
[7.552s][info][gc          ] GC(205) Concurrent marking roots 0.841ms
[7.552s][info][gc,start    ] GC(205) Concurrent marking
[7.552s][info][gc,task     ] GC(205) Using 2 of 8 workers for concurrent marking
[7.582s][info][gc          ] GC(205) Concurrent marking 29.551ms
[7.582s][info][gc,start    ] GC(205) Pause Final Mark
[7.582s][info][gc,task     ] GC(205) Using 8 of 8 workers for final marking
[7.582s][info][gc,ergo     ] GC(205) Collectable Garbage: 3092K (100%), Immediate: 511K (16%), CSet: 2581K (83%)
[7.582s][info][gc,ergo     ] GC(205) Pacer for Evacuation. Used CSet: 62463K, Free: 1814M, Non-Taxable: 181M, Alloc Tax Rate: 1.1x
[7.582s][info][gc          ] GC(205) Pause Final Mark 0.282ms
[7.582s][info][gc,start    ] GC(205) Concurrent thread roots
[7.582s][info][gc,task     ] GC(205) Using 2 of 8 workers for Concurrent thread roots
[7.582s][info][gc          ] GC(205) Concurrent thread roots 0.146ms
[7.582s][info][gc,start    ] GC(205) Concurrent weak references
[7.582s][info][gc,task     ] GC(205) Using 2 of 8 workers for concurrent weak references
[7.582s][info][gc,ref      ] GC(205) Encountered references: Soft: 4023, Weak: 1712, Final: 4, Phantom: 592
[7.582s][info][gc,ref      ] GC(205) Discovered  references: Soft: 0, Weak: 94, Final: 1, Phantom: 336
[7.582s][info][gc,ref      ] GC(205) Enqueued    references: Soft: 0, Weak: 0, Final: 0, Phantom: 0
[7.582s][info][gc          ] GC(205) Concurrent weak references 0.113ms
[7.582s][info][gc,start    ] GC(205) Concurrent weak roots
[7.582s][info][gc,task     ] GC(205) Using 2 of 8 workers for concurrent weak root
[7.583s][info][gc          ] GC(205) Concurrent weak roots 0.419ms
[7.583s][info][gc,start    ] GC(205) Concurrent cleanup
[7.583s][info][gc          ] GC(205) Concurrent cleanup 69M->68M(245M) 0.113ms
[7.583s][info][gc,ergo     ] GC(205) Free: 1814M, Max: 512K regular, 1812M humongous, Frag: 1% external, 0% internal; Reserve: 101118K, Max: 512K
[7.583s][info][gc,start    ] GC(205) Concurrent strong roots
[7.583s][info][gc,task     ] GC(205) Using 2 of 8 workers for concurrent strong root
[7.584s][info][gc          ] GC(205) Concurrent strong roots 0.882ms
[7.584s][info][gc,start    ] GC(205) Concurrent evacuation
[7.584s][info][gc,task     ] GC(205) Using 2 of 8 workers for concurrent evacuation
[7.602s][info][gc          ] GC(205) Concurrent evacuation 18.614ms
[7.602s][info][gc,start    ] GC(205) Pause Init Update Refs
[7.602s][info][gc,ergo     ] GC(205) Pacer for Update Refs. Used: 129M, Free: 1813M, Non-Taxable: 181M, Alloc Tax Rate: 1.1x
[7.602s][info][gc          ] GC(205) Pause Init Update Refs 0.035ms
[7.602s][info][gc,start    ] GC(205) Concurrent update references
[7.602s][info][gc,task     ] GC(205) Using 2 of 8 workers for concurrent reference update
[7.627s][info][gc          ] GC(205) Concurrent update references 24.583ms
[7.627s][info][gc,start    ] GC(205) Concurrent update thread roots
[7.627s][info][gc          ] GC(205) Concurrent update thread roots 0.170ms
[7.627s][info][gc,start    ] GC(205) Pause Final Update Refs
[7.627s][info][gc,task     ] GC(205) Using 8 of 8 workers for final reference update
[7.627s][info][gc          ] GC(205) Pause Final Update Refs 0.093ms
[7.627s][info][gc,start    ] GC(205) Concurrent cleanup
[7.627s][info][gc          ] GC(205) Concurrent cleanup 129M->68M(246M) 0.069ms
[7.627s][info][gc,ergo     ] Free: 1814M, Max: 512K regular, 1812M humongous, Frag: 1% external, 0% internal; Reserve: 101888K, Max: 512K
[7.627s][info][gc,stats    ] 
[7.628s][info][gc,stats    ] All times are wall-clock times, except per-root-class counters, that are sum over
[7.628s][info][gc,stats    ] all workers. Dividing the <total> over the root stage time estimates parallelism.
[7.628s][info][gc,stats    ] 
[7.628s][info][gc,stats    ] Concurrent Reset                    389 us
[7.628s][info][gc,stats    ] Pause Init Mark (G)                  68 us
[7.628s][info][gc,stats    ] Pause Init Mark (N)                  49 us
[7.628s][info][gc,stats    ]   Update Region States               11 us
[7.628s][info][gc,stats    ] Concurrent Mark Roots               889 us, parallelism: 1.68x
[7.628s][info][gc,stats    ]   CMR: <total>                     1495 us
[7.628s][info][gc,stats    ]   CMR: Thread Roots                 118 us, workers (us):  86,  32, ---, ---, ---, ---, ---, ---, 
[7.628s][info][gc,stats    ]   CMR: Code Cache Roots            1181 us, workers (us): 469, 713, ---, ---, ---, ---, ---, ---, 
[7.628s][info][gc,stats    ]   CMR: VM Strong Roots                6 us, workers (us):   6,   1, ---, ---, ---, ---, ---, ---, 
[7.628s][info][gc,stats    ]   CMR: CLDG Roots                   190 us, workers (us): 190, ---, ---, ---, ---, ---, ---, ---, 
[7.628s][info][gc,stats    ] Concurrent Marking                29590 us
[7.628s][info][gc,stats    ] Pause Final Mark (G)                313 us
[7.628s][info][gc,stats    ] Pause Final Mark (N)                289 us
[7.628s][info][gc,stats    ]   Finish Mark                       141 us
[7.628s][info][gc,stats    ]   Update Region States               37 us
[7.628s][info][gc,stats    ]   Choose Collection Set              52 us
[7.628s][info][gc,stats    ]   Rebuild Free Set                   17 us
[7.628s][info][gc,stats    ] Concurrent Thread Roots             155 us, parallelism: 1.22x
[7.628s][info][gc,stats    ]   CTR: <total>                      189 us
[7.628s][info][gc,stats    ]   CTR: Thread Roots                 189 us, workers (us): 111,  78, ---, ---, ---, ---, ---, ---, 
[7.628s][info][gc,stats    ] Concurrent Weak References          121 us, parallelism: 0.34x
[7.628s][info][gc,stats    ]   CWRF: <total>                      41 us
[7.628s][info][gc,stats    ]   CWRF: Weak References              41 us, workers (us):  40,   1, ---, ---, ---, ---, ---, ---, 
[7.628s][info][gc,stats    ] Concurrent Weak Roots               434 us
[7.628s][info][gc,stats    ]   Roots                             380 us, parallelism: 1.75x
[7.628s][info][gc,stats    ]     CWR: <total>                    666 us
[7.628s][info][gc,stats    ]     CWR: VM Weak Roots              666 us, workers (us): 334, 332, ---, ---, ---, ---, ---, ---, 
[7.628s][info][gc,stats    ]   Rendezvous                         23 us
[7.628s][info][gc,stats    ] Concurrent Cleanup                  122 us
[7.628s][info][gc,stats    ] Concurrent Strong Roots             907 us, parallelism: 1.78x
[7.628s][info][gc,stats    ]   CSR: <total>                     1617 us
[7.628s][info][gc,stats    ]   CSR: Code Cache Roots            1288 us, workers (us): 507, 782, ---, ---, ---, ---, ---, ---, 
[7.628s][info][gc,stats    ]   CSR: VM Strong Roots               15 us, workers (us):   8,   7, ---, ---, ---, ---, ---, ---, 
[7.628s][info][gc,stats    ]   CSR: CLDG Roots                   314 us, workers (us): 314, ---, ---, ---, ---, ---, ---, ---, 
[7.628s][info][gc,stats    ] Concurrent Evacuation             18653 us
[7.628s][info][gc,stats    ] Pause Init Update Refs (G)           72 us
[7.628s][info][gc,stats    ] Pause Init Update Refs (N)           43 us
[7.628s][info][gc,stats    ]   Manage GCLABs                       6 us
[7.628s][info][gc,stats    ] Concurrent Update Refs            24630 us
[7.628s][info][gc,stats    ] Concurrent Update Thread Roots      186 us
[7.628s][info][gc,stats    ] Pause Final Update Refs (G)         152 us
[7.628s][info][gc,stats    ] Pause Final Update Refs (N)         104 us
[7.628s][info][gc,stats    ]   Update Region States               35 us
[7.628s][info][gc,stats    ]   Trash Collection Set               12 us
[7.628s][info][gc,stats    ]   Rebuild Free Set                   24 us
[7.628s][info][gc,stats    ] Concurrent Cleanup                   79 us
[7.628s][info][gc,stats    ] 
[7.628s][info][gc,stats    ] Allocation pacing accrued:
[7.628s][info][gc,stats    ]       0 of    78 ms (  0.0%): <total>
[7.628s][info][gc,stats    ]       0 of    78 ms (  0.0%): <average total>
[7.628s][info][gc,stats    ] 
[7.628s][info][gc,metaspace] Metaspace: 24736K(25088K)->24736K(25088K) NonClass: 21995K(22208K)->21995K(22208K) Class: 2740K(2880K)->2740K(2880K)
[7.628s][info][gc,ergo     ] Pacer for Idle. Initial: 40642K, Alloc Tax Rate: 1.0x
[7.629s][info][gc          ] Trigger: Start next cycle immediately
[7.629s][info][gc,ergo     ] Free: 1814M, Max: 512K regular, 1812M humongous, Frag: 1% external, 0% internal; Reserve: 101888K, Max: 512K
[7.629s][info][gc,start    ] GC(206) Concurrent reset
[7.629s][info][gc,task     ] GC(206) Using 2 of 8 workers for concurrent reset
[7.629s][info][gc,ergo     ] GC(206) Pacer for Reset. Non-Taxable: 1984M
[7.630s][info][gc          ] GC(206) Concurrent reset 0.813ms
[7.630s][info][gc,start    ] GC(206) Pause Init Mark
[7.630s][info][gc,task     ] GC(206) Using 8 of 8 workers for init marking
[7.630s][info][gc,ergo     ] GC(206) Pacer for Mark. Expected Live: 66154K, Free: 1814M, Non-Taxable: 181M, Alloc Tax Rate: 0.0x
[7.630s][info][gc          ] GC(206) Pause Init Mark 0.050ms
[7.630s][info][gc,start    ] GC(206) Concurrent marking roots
[7.630s][info][gc,task     ] GC(206) Using 2 of 8 workers for concurrent marking roots
[7.631s][info][gc          ] GC(206) Concurrent marking roots 1.011ms
[7.631s][info][gc,start    ] GC(206) Concurrent marking
[7.631s][info][gc,task     ] GC(206) Using 2 of 8 workers for concurrent marking
[7.661s][info][gc          ] GC(206) Concurrent marking 29.991ms
[7.661s][info][gc,start    ] GC(206) Pause Final Mark
[7.661s][info][gc,task     ] GC(206) Using 8 of 8 workers for final marking
[7.667s][info][gc,ergo     ] GC(206) Collectable Garbage: 3604K (100%), Immediate: 511K (14%), CSet: 3093K (85%)
[7.667s][info][gc,ergo     ] GC(206) Pacer for Evacuation. Used CSet: 62975K, Free: 1813M, Non-Taxable: 181M, Alloc Tax Rate: 1.1x
[7.667s][info][gc          ] GC(206) Pause Final Mark 6.330ms
[7.667s][info][gc,start    ] GC(206) Concurrent thread roots
[7.667s][info][gc,task     ] GC(206) Using 2 of 8 workers for Concurrent thread roots
[7.668s][info][gc          ] GC(206) Concurrent thread roots 0.226ms
[7.668s][info][gc,start    ] GC(206) Concurrent weak references
[7.668s][info][gc,task     ] GC(206) Using 2 of 8 workers for concurrent weak references
[7.668s][info][gc,ref      ] GC(206) Encountered references: Soft: 4023, Weak: 1712, Final: 4, Phantom: 592
[7.668s][info][gc,ref      ] GC(206) Discovered  references: Soft: 0, Weak: 753, Final: 4, Phantom: 333
[7.668s][info][gc,ref      ] GC(206) Enqueued    references: Soft: 0, Weak: 0, Final: 0, Phantom: 0
[7.668s][info][gc          ] GC(206) Concurrent weak references 0.150ms
[7.668s][info][gc,start    ] GC(206) Concurrent weak roots
[7.668s][info][gc,task     ] GC(206) Using 2 of 8 workers for concurrent weak root
[7.668s][info][gc          ] GC(206) Concurrent weak roots 0.445ms
[7.668s][info][gc,start    ] GC(206) Concurrent cleanup
[7.668s][info][gc          ] GC(206) Concurrent cleanup 69M->69M(246M) 0.104ms
[7.668s][info][gc,ergo     ] GC(206) Free: 1813M, Max: 512K regular, 1812M humongous, Frag: 1% external, 0% internal; Reserve: 101118K, Max: 512K
[7.668s][info][gc,start    ] GC(206) Concurrent strong roots
[7.668s][info][gc,task     ] GC(206) Using 2 of 8 workers for concurrent strong root
[7.670s][info][gc          ] GC(206) Concurrent strong roots 1.765ms
[7.670s][info][gc,start    ] GC(206) Concurrent evacuation
[7.670s][info][gc,task     ] GC(206) Using 2 of 8 workers for concurrent evacuation
[7.688s][info][gc          ] GC(206) Concurrent evacuation 17.597ms
[7.688s][info][gc,start    ] GC(206) Pause Init Update Refs
[7.688s][info][gc,ergo     ] GC(206) Pacer for Update Refs. Used: 129M, Free: 1813M, Non-Taxable: 181M, Alloc Tax Rate: 1.1x
[7.688s][info][gc          ] GC(206) Pause Init Update Refs 0.028ms
[7.688s][info][gc,start    ] GC(206) Concurrent update references
[7.688s][info][gc,task     ] GC(206) Using 2 of 8 workers for concurrent reference update
[7.711s][info][gc          ] GC(206) Concurrent update references 23.312ms
[7.711s][info][gc,start    ] GC(206) Concurrent update thread roots
[7.711s][info][gc          ] GC(206) Concurrent update thread roots 0.161ms
[7.712s][info][gc,start    ] GC(206) Pause Final Update Refs
[7.712s][info][gc,task     ] GC(206) Using 8 of 8 workers for final reference update
[7.712s][info][gc          ] GC(206) Pause Final Update Refs 0.077ms
[7.712s][info][gc,start    ] GC(206) Concurrent cleanup
[7.712s][info][gc          ] GC(206) Concurrent cleanup 129M->67M(246M) 0.062ms
[7.712s][info][gc,ergo     ] Free: 1814M, Max: 512K regular, 1812M humongous, Frag: 1% external, 0% internal; Reserve: 101888K, Max: 512K
[7.712s][info][gc,stats    ] 
[7.712s][info][gc,stats    ] All times are wall-clock times, except per-root-class counters, that are sum over
[7.712s][info][gc,stats    ] all workers. Dividing the <total> over the root stage time estimates parallelism.
[7.712s][info][gc,stats    ] 
[7.712s][info][gc,stats    ] Concurrent Reset                    836 us
[7.712s][info][gc,stats    ] Pause Init Mark (G)                  81 us
[7.712s][info][gc,stats    ] Pause Init Mark (N)                  58 us
[7.712s][info][gc,stats    ]   Update Region States               15 us
[7.712s][info][gc,stats    ] Concurrent Mark Roots              1049 us, parallelism: 1.66x
[7.712s][info][gc,stats    ]   CMR: <total>                     1739 us
[7.712s][info][gc,stats    ]   CMR: Thread Roots                 132 us, workers (us):  11, 121, ---, ---, ---, ---, ---, ---, 
[7.712s][info][gc,stats    ]   CMR: Code Cache Roots            1399 us, workers (us): 670, 729, ---, ---, ---, ---, ---, ---, 
[7.712s][info][gc,stats    ]   CMR: VM Strong Roots                7 us, workers (us):   6,   1, ---, ---, ---, ---, ---, ---, 
[7.712s][info][gc,stats    ]   CMR: CLDG Roots                   201 us, workers (us): 201, ---, ---, ---, ---, ---, ---, ---, 
[7.712s][info][gc,stats    ] Concurrent Marking                30034 us
[7.712s][info][gc,stats    ] Pause Final Mark (G)               6377 us
[7.712s][info][gc,stats    ] Pause Final Mark (N)               6340 us
[7.712s][info][gc,stats    ]   Finish Mark                      6177 us
[7.712s][info][gc,stats    ]   Update Region States               36 us
[7.712s][info][gc,stats    ]   Choose Collection Set              63 us
[7.712s][info][gc,stats    ]   Rebuild Free Set                   18 us
[7.712s][info][gc,stats    ] Concurrent Thread Roots             240 us, parallelism: 0.67x
[7.712s][info][gc,stats    ]   CTR: <total>                      160 us
[7.712s][info][gc,stats    ]   CTR: Thread Roots                 160 us, workers (us): 160,   0, ---, ---, ---, ---, ---, ---, 
[7.712s][info][gc,stats    ] Concurrent Weak References          158 us, parallelism: 0.60x
[7.712s][info][gc,stats    ]   CWRF: <total>                      95 us
[7.712s][info][gc,stats    ]   CWRF: Weak References              95 us, workers (us):  94,   0, ---, ---, ---, ---, ---, ---, 
[7.712s][info][gc,stats    ] Concurrent Weak Roots               460 us
[7.712s][info][gc,stats    ]   Roots                             404 us, parallelism: 1.75x
[7.712s][info][gc,stats    ]     CWR: <total>                    706 us
[7.712s][info][gc,stats    ]     CWR: VM Weak Roots              706 us, workers (us): 351, 356, ---, ---, ---, ---, ---, ---, 
[7.712s][info][gc,stats    ]   Rendezvous                         24 us
[7.712s][info][gc,stats    ] Concurrent Cleanup                  114 us
[7.712s][info][gc,stats    ] Concurrent Strong Roots            1785 us, parallelism: 0.96x
[7.712s][info][gc,stats    ]   CSR: <total>                     1706 us
[7.712s][info][gc,stats    ]   CSR: Code Cache Roots            1308 us, workers (us): 1308,   0, ---, ---, ---, ---, ---, ---, 
[7.712s][info][gc,stats    ]   CSR: VM Strong Roots               12 us, workers (us):  12,   0, ---, ---, ---, ---, ---, ---, 
[7.712s][info][gc,stats    ]   CSR: CLDG Roots                   386 us, workers (us): 386, ---, ---, ---, ---, ---, ---, ---, 
[7.712s][info][gc,stats    ] Concurrent Evacuation             17636 us
[7.712s][info][gc,stats    ] Pause Init Update Refs (G)           64 us
[7.712s][info][gc,stats    ] Pause Init Update Refs (N)           36 us
[7.712s][info][gc,stats    ]   Manage GCLABs                       5 us
[7.712s][info][gc,stats    ] Concurrent Update Refs            23350 us
[7.712s][info][gc,stats    ] Concurrent Update Thread Roots      172 us
[7.712s][info][gc,stats    ] Pause Final Update Refs (G)         105 us
[7.712s][info][gc,stats    ] Pause Final Update Refs (N)          88 us
[7.712s][info][gc,stats    ]   Update Region States               33 us
[7.712s][info][gc,stats    ]   Trash Collection Set                3 us
[7.712s][info][gc,stats    ]   Rebuild Free Set                   20 us
[7.712s][info][gc,stats    ] Concurrent Cleanup                   71 us
[7.712s][info][gc,stats    ] 
[7.712s][info][gc,stats    ] Allocation pacing accrued:
[7.712s][info][gc,stats    ]       0 of    84 ms (  0.0%): <total>
[7.712s][info][gc,stats    ]       0 of    84 ms (  0.0%): <average total>
[7.712s][info][gc,stats    ] 
[7.712s][info][gc,metaspace] Metaspace: 24736K(25088K)->24736K(25088K) NonClass: 21995K(22208K)->21995K(22208K) Class: 2740K(2880K)->2740K(2880K)
[7.712s][info][gc,ergo     ] Pacer for Idle. Initial: 40642K, Alloc Tax Rate: 1.0x
[7.713s][info][gc          ] Trigger: Start next cycle immediately
[7.713s][info][gc,ergo     ] Free: 1814M, Max: 512K regular, 1812M humongous, Frag: 1% external, 0% internal; Reserve: 101888K, Max: 512K
[7.713s][info][gc,start    ] GC(207) Concurrent reset
[7.713s][info][gc,task     ] GC(207) Using 2 of 8 workers for concurrent reset
[7.713s][info][gc,ergo     ] GC(207) Pacer for Reset. Non-Taxable: 1984M
[7.714s][info][gc          ] GC(207) Concurrent reset 0.400ms
[7.714s][info][gc,start    ] GC(207) Pause Init Mark
[7.714s][info][gc,task     ] GC(207) Using 8 of 8 workers for init marking
[7.714s][info][gc,ergo     ] GC(207) Pacer for Mark. Expected Live: 66156K, Free: 1814M, Non-Taxable: 181M, Alloc Tax Rate: 0.0x
[7.714s][info][gc          ] GC(207) Pause Init Mark 0.045ms
[7.714s][info][gc,start    ] GC(207) Concurrent marking roots
[7.714s][info][gc,task     ] GC(207) Using 2 of 8 workers for concurrent marking roots
[7.715s][info][gc          ] GC(207) Concurrent marking roots 1.508ms
[7.715s][info][gc,start    ] GC(207) Concurrent marking
