[0.012s][info][gc] Heuristics ergonomically sets -XX:+ExplicitGCInvokesConcurrent
[0.012s][info][gc] Heuristics ergonomically sets -XX:+ShenandoahImplicitGCInvokesConcurrent
[0.013s][info][gc] Using Shenandoah
[0.014s][info][gc,ergo] Pacer for Idle. Initial: 40642K, Alloc Tax Rate: 1.0x
[0.014s][info][gc,init] Version: 21.0.7+6-Ubuntu-0ubuntu122.04 (release)
[0.014s][info][gc,init] CPUs: 4 total, 4 available
[0.014s][info][gc,init] Memory: 7937M
[0.014s][info][gc,init] Large Page Support: Disabled
[0.014s][info][gc,init] NUMA Support: Disabled
[0.014s][info][gc,init] Compressed Oops: Enabled (32-bit)
[0.014s][info][gc,init] Heap Min Capacity: 6656K
[0.014s][info][gc,init] Heap Initial Capacity: 127488K
[0.014s][info][gc,init] Heap Max Capacity: 2032128K
[0.014s][info][gc,init] Pre-touch: Disabled
[0.014s][info][gc,init] Mode: Snapshot-At-The-Beginning (SATB)
[0.014s][info][gc,init] Heuristics: Static
[0.014s][info][gc,init] Heap Region Count: 3969
[0.014s][info][gc,init] Heap Region Size: 512K
[0.014s][info][gc,init] TLAB Size Max: 512K
[0.014s][info][gc,init] Humongous Object Threshold: 512K
[0.014s][info][gc,init] Parallel Workers: 8
[0.014s][info][gc,init] Concurrent Workers: 2
[0.022s][info][gc,metaspace] CDS archive(s) mapped at: [0x00007f296f000000-0x00007f296fc97000-0x00007f296fc97000), size 13201408, SharedBaseAddress: 0x00007f296f000000, ArchiveRelocationMode: 1.
[0.022s][info][gc,metaspace] Compressed class space mapped at: 0x00007f2970000000-0x00007f29b0000000, reserved size: 1073741824
[0.022s][info][gc,metaspace] Narrow klass base: 0x00007f296f000000, Narrow klass shift: 0, Narrow klass range: 0x100000000
[1.558s][info][gc          ] Trigger: Metadata GC Threshold
[1.558s][info][gc,ergo     ] Free: 1776M, Max: 512K regular, 1776M humongous, Frag: 0% external, 0% internal; Reserve: 101888K, Max: 512K
[1.558s][info][gc,start    ] GC(0) Concurrent reset
[1.558s][info][gc,task     ] GC(0) Using 2 of 8 workers for concurrent reset
[1.558s][info][gc,ergo     ] GC(0) Pacer for Reset. Non-Taxable: 1984M
[1.558s][info][gc          ] GC(0) Concurrent reset 0.667ms
[1.559s][info][gc,start    ] GC(0) Pause Init Mark (unload classes)
[1.559s][info][gc,task     ] GC(0) Using 8 of 8 workers for init marking
[1.559s][info][gc,ergo     ] GC(0) Pacer for Mark. Expected Live: 198M, Free: 1776M, Non-Taxable: 177M, Alloc Tax Rate: 0.1x
[1.559s][info][gc          ] GC(0) Pause Init Mark (unload classes) 0.577ms
[1.559s][info][gc,start    ] GC(0) Concurrent marking roots
[1.559s][info][gc,task     ] GC(0) Using 2 of 8 workers for concurrent marking roots
[1.566s][info][gc          ] GC(0) Concurrent marking roots 6.339ms
[1.566s][info][gc,start    ] GC(0) Concurrent marking (unload classes)
[1.566s][info][gc,task     ] GC(0) Using 2 of 8 workers for concurrent marking
[1.582s][info][gc          ] GC(0) Concurrent marking (unload classes) 16.599ms
[1.582s][info][gc,start    ] GC(0) Pause Final Mark (unload classes)
[1.582s][info][gc,task     ] GC(0) Using 8 of 8 workers for final marking
[1.584s][info][gc,ergo     ] GC(0) Collectable Garbage: 90595K (99%), Immediate: 9779K (10%), CSet: 80816K (88%)
[1.585s][info][gc,ergo     ] GC(0) Pacer for Evacuation. Used CSet: 92672K, Free: 1786M, Non-Taxable: 178M, Alloc Tax Rate: 1.1x
[1.585s][info][gc          ] GC(0) Pause Final Mark (unload classes) 2.243ms
[1.585s][info][gc,start    ] GC(0) Concurrent thread roots
[1.585s][info][gc,task     ] GC(0) Using 2 of 8 workers for Concurrent thread roots
[1.585s][info][gc          ] GC(0) Concurrent thread roots 0.303ms
[1.585s][info][gc,start    ] GC(0) Concurrent weak references
[1.585s][info][gc,task     ] GC(0) Using 2 of 8 workers for concurrent weak references
[1.585s][info][gc,ref      ] GC(0) Encountered references: Soft: 4036, Weak: 2267, Final: 5, Phantom: 741
[1.585s][info][gc,ref      ] GC(0) Discovered  references: Soft: 0, Weak: 1223, Final: 3, Phantom: 735
[1.585s][info][gc,ref      ] GC(0) Enqueued    references: Soft: 0, Weak: 512, Final: 0, Phantom: 254
[1.585s][info][gc          ] GC(0) Concurrent weak references 0.352ms
[1.585s][info][gc,start    ] GC(0) Concurrent weak roots
[1.585s][info][gc,task     ] GC(0) Using 2 of 8 workers for concurrent weak root
[1.589s][info][gc          ] GC(0) Concurrent weak roots 3.532ms
[1.589s][info][gc,start    ] GC(0) Concurrent cleanup
[1.589s][info][gc          ] GC(0) Concurrent cleanup 109M->100M(126M) 0.086ms
[1.589s][info][gc,ergo     ] GC(0) Free: 1785M, Max: 512K regular, 1774M humongous, Frag: 1% external, 0% internal; Reserve: 100831K, Max: 512K
[1.589s][info][gc,start    ] GC(0) Concurrent class unloading
[1.589s][info][gc,task     ] GC(0) Using 2 of 8 workers for concurrent class unloading
[1.593s][info][gc          ] GC(0) Concurrent class unloading 4.178ms
[1.593s][info][gc,start    ] GC(0) Concurrent strong roots
[1.593s][info][gc,task     ] GC(0) Using 2 of 8 workers for concurrent strong root
[1.594s][info][gc          ] GC(0) Concurrent strong roots 0.815ms
[1.594s][info][gc,start    ] GC(0) Concurrent evacuation
[1.594s][info][gc,task     ] GC(0) Using 2 of 8 workers for concurrent evacuation
[1.607s][info][gc          ] GC(0) Concurrent evacuation 12.922ms
[1.607s][info][gc,start    ] GC(0) Pause Init Update Refs
[1.607s][info][gc,ergo     ] GC(0) Pacer for Update Refs. Used: 114M, Free: 1783M, Non-Taxable: 178M, Alloc Tax Rate: 1.1x
[1.607s][info][gc          ] GC(0) Pause Init Update Refs 0.066ms
[1.607s][info][gc,start    ] GC(0) Concurrent update references
[1.607s][info][gc,task     ] GC(0) Using 2 of 8 workers for concurrent reference update
[1.622s][info][gc          ] GC(0) Concurrent update references 15.143ms
[1.622s][info][gc,start    ] GC(0) Concurrent update thread roots
[1.623s][info][gc          ] GC(0) Concurrent update thread roots 0.301ms
[1.623s][info][gc,start    ] GC(0) Pause Final Update Refs
[1.623s][info][gc,task     ] GC(0) Using 8 of 8 workers for final reference update
[1.623s][info][gc          ] GC(0) Pause Final Update Refs 0.179ms
[1.623s][info][gc,start    ] GC(0) Concurrent cleanup
[1.623s][info][gc          ] GC(0) Concurrent cleanup 114M->24M(137M) 0.108ms
[1.623s][info][gc,ergo     ] Free: 1860M, Max: 512K regular, 1761M humongous, Frag: 6% external, 0% internal; Reserve: 101888K, Max: 512K
[1.623s][info][gc,stats    ] 
[1.623s][info][gc,stats    ] All times are wall-clock times, except per-root-class counters, that are sum over
[1.623s][info][gc,stats    ] all workers. Dividing the <total> over the root stage time estimates parallelism.
[1.623s][info][gc,stats    ] 
[1.623s][info][gc,stats    ] Concurrent Reset                    683 us
[1.623s][info][gc,stats    ] Pause Init Mark (G)                 738 us
[1.623s][info][gc,stats    ] Pause Init Mark (N)                 587 us
[1.623s][info][gc,stats    ]   Update Region States               29 us
[1.623s][info][gc,stats    ] Concurrent Mark Roots              6359 us, parallelism: 1.90x
[1.623s][info][gc,stats    ]   CMR: <total>                    12099 us
[1.623s][info][gc,stats    ]   CMR: Thread Roots                2295 us, workers (us): 2295,   0, ---, ---, ---, ---, ---, ---, 
[1.623s][info][gc,stats    ]   CMR: VM Strong Roots             3870 us, workers (us): 3694, 175, ---, ---, ---, ---, ---, ---, 
[1.623s][info][gc,stats    ]   CMR: CLDG Roots                  5934 us, workers (us): ---, 5934, ---, ---, ---, ---, ---, ---, 
[1.623s][info][gc,stats    ] Concurrent Marking                16618 us
[1.623s][info][gc,stats    ] Pause Final Mark (G)               2405 us
[1.623s][info][gc,stats    ] Pause Final Mark (N)               2257 us
[1.623s][info][gc,stats    ]   Finish Mark                      2024 us
[1.623s][info][gc,stats    ]   Update Region States               36 us
[1.623s][info][gc,stats    ]   Choose Collection Set              79 us
[1.623s][info][gc,stats    ]   Rebuild Free Set                   35 us
[1.623s][info][gc,stats    ] Concurrent Thread Roots             313 us, parallelism: 1.06x
[1.623s][info][gc,stats    ]   CTR: <total>                      331 us
[1.623s][info][gc,stats    ]   CTR: Thread Roots                 331 us, workers (us): 251,  80, ---, ---, ---, ---, ---, ---, 
[1.623s][info][gc,stats    ] Concurrent Weak References          357 us, parallelism: 0.81x
[1.623s][info][gc,stats    ]   CWRF: <total>                     291 us
[1.623s][info][gc,stats    ]   CWRF: Weak References             291 us, workers (us): 291,   0, ---, ---, ---, ---, ---, ---, 
[1.623s][info][gc,stats    ] Concurrent Weak Roots              3550 us
[1.623s][info][gc,stats    ]   Roots                            2911 us, parallelism: 1.93x
[1.623s][info][gc,stats    ]     CWR: <total>                   5613 us
[1.623s][info][gc,stats    ]     CWR: Code Cache Roots           840 us, workers (us):   0, 840, ---, ---, ---, ---, ---, ---, 
[1.623s][info][gc,stats    ]     CWR: VM Weak Roots             4763 us, workers (us): 2870, 1894, ---, ---, ---, ---, ---, ---, 
[1.623s][info][gc,stats    ]     CWR: CLDG Roots                  10 us, workers (us): ---,  10, ---, ---, ---, ---, ---, ---, 
[1.623s][info][gc,stats    ]   Rendezvous                        590 us
[1.623s][info][gc,stats    ] Concurrent Cleanup                   92 us
[1.623s][info][gc,stats    ] Concurrent Class Unloading         4187 us
[1.623s][info][gc,stats    ]   Unlink Stale                     2118 us
[1.623s][info][gc,stats    ]     System Dictionary                24 us
[1.623s][info][gc,stats    ]     Weak Class Links                  0 us
[1.623s][info][gc,stats    ]     Code Roots                     2093 us
[1.623s][info][gc,stats    ]   Rendezvous                         50 us
[1.623s][info][gc,stats    ]   Purge Unlinked                   1997 us
[1.623s][info][gc,stats    ]     Code Roots                     1985 us
[1.623s][info][gc,stats    ]     CLDG                             12 us
[1.623s][info][gc,stats    ]     Exception Caches                  0 us
[1.623s][info][gc,stats    ] Concurrent Strong Roots             829 us, parallelism: 0.93x
[1.623s][info][gc,stats    ]   CSR: <total>                      770 us
[1.623s][info][gc,stats    ]   CSR: VM Strong Roots               18 us, workers (us):  18,   1, ---, ---, ---, ---, ---, ---, 
[1.623s][info][gc,stats    ]   CSR: CLDG Roots                   751 us, workers (us): ---, 751, ---, ---, ---, ---, ---, ---, 
[1.623s][info][gc,stats    ] Concurrent Evacuation             12942 us
[1.623s][info][gc,stats    ] Pause Init Update Refs (G)          321 us
[1.623s][info][gc,stats    ] Pause Init Update Refs (N)           80 us
[1.623s][info][gc,stats    ]   Manage GCLABs                       8 us
[1.623s][info][gc,stats    ] Concurrent Update Refs            15163 us
[1.623s][info][gc,stats    ] Concurrent Update Thread Roots      316 us
[1.623s][info][gc,stats    ] Pause Final Update Refs (G)         276 us
[1.623s][info][gc,stats    ] Pause Final Update Refs (N)         200 us
[1.623s][info][gc,stats    ]   Update Region States               40 us
[1.623s][info][gc,stats    ]   Trash Collection Set               10 us
[1.623s][info][gc,stats    ]   Rebuild Free Set                   51 us
[1.623s][info][gc,stats    ] Concurrent Cleanup                  115 us
[1.623s][info][gc,stats    ] 
[1.623s][info][gc,stats    ] Allocation pacing accrued:
[1.623s][info][gc,stats    ]       0 of  1610 ms (  0.0%): <total>
[1.623s][info][gc,stats    ]       0 of  1610 ms (  0.0%): <average total>
[1.623s][info][gc,stats    ] 
[1.623s][info][gc,metaspace] Metaspace: 21292K(21568K)->22948K(23168K) NonClass: 19009K(19136K)->20488K(20608K) Class: 2282K(2432K)->2460K(2560K)
[1.623s][info][gc,ergo     ] Pacer for Idle. Initial: 40642K, Alloc Tax Rate: 1.0x
[2.547s][info][gc          ] Trigger: Metadata GC Threshold
[2.547s][info][gc,ergo     ] Free: 1748M, Max: 512K regular, 1748M humongous, Frag: 0% external, 0% internal; Reserve: 101888K, Max: 512K
[2.547s][info][gc,start    ] GC(1) Concurrent reset
[2.547s][info][gc,task     ] GC(1) Using 2 of 8 workers for concurrent reset
[2.547s][info][gc,ergo     ] GC(1) Pacer for Reset. Non-Taxable: 1984M
[2.549s][info][gc          ] GC(1) Concurrent reset 1.146ms
[2.549s][info][gc,start    ] GC(1) Pause Init Mark (unload classes)
[2.549s][info][gc,task     ] GC(1) Using 8 of 8 workers for init marking
[2.549s][info][gc,ergo     ] GC(1) Pacer for Mark. Expected Live: 17751K, Free: 1748M, Non-Taxable: 174M, Alloc Tax Rate: 0.0x
[2.549s][info][gc          ] GC(1) Pause Init Mark (unload classes) 0.079ms
[2.549s][info][gc,start    ] GC(1) Concurrent marking roots
[2.549s][info][gc,task     ] GC(1) Using 2 of 8 workers for concurrent marking roots
[2.550s][info][gc          ] GC(1) Concurrent marking roots 0.747ms
[2.550s][info][gc,start    ] GC(1) Concurrent marking (unload classes)
[2.550s][info][gc,task     ] GC(1) Using 2 of 8 workers for concurrent marking
[2.616s][info][gc          ] GC(1) Concurrent marking (unload classes) 65.824ms
[2.616s][info][gc,start    ] GC(1) Pause Final Mark (unload classes)
[2.616s][info][gc,task     ] GC(1) Using 8 of 8 workers for final marking
[2.620s][info][gc,ergo     ] GC(1) Collectable Garbage: 63101K (97%), Immediate: 512K (0%), CSet: 62589K (97%)
[2.620s][info][gc,ergo     ] GC(1) Pacer for Evacuation. Used CSet: 68453K, Free: 1746M, Non-Taxable: 174M, Alloc Tax Rate: 1.1x
[2.620s][info][gc          ] GC(1) Pause Final Mark (unload classes) 4.486ms
[2.620s][info][gc,start    ] GC(1) Concurrent thread roots
[2.620s][info][gc,task     ] GC(1) Using 2 of 8 workers for Concurrent thread roots
[2.621s][info][gc          ] GC(1) Concurrent thread roots 0.514ms
[2.621s][info][gc,start    ] GC(1) Concurrent weak references
[2.621s][info][gc,task     ] GC(1) Using 2 of 8 workers for concurrent weak references
[2.621s][info][gc,ref      ] GC(1) Encountered references: Soft: 4547, Weak: 3338, Final: 21, Phantom: 778
[2.621s][info][gc,ref      ] GC(1) Discovered  references: Soft: 0, Weak: 1184, Final: 0, Phantom: 702
[2.621s][info][gc,ref      ] GC(1) Enqueued    references: Soft: 0, Weak: 539, Final: 0, Phantom: 272
[2.621s][info][gc          ] GC(1) Concurrent weak references 0.510ms
[2.621s][info][gc,start    ] GC(1) Concurrent weak roots
[2.621s][info][gc,task     ] GC(1) Using 2 of 8 workers for concurrent weak root
[2.623s][info][gc          ] GC(1) Concurrent weak roots 2.129ms
[2.623s][info][gc,start    ] GC(1) Concurrent cleanup
[2.624s][info][gc          ] GC(1) Concurrent cleanup 138M->138M(142M) 0.124ms
[2.624s][info][gc,ergo     ] GC(1) Free: 1745M, Max: 512K regular, 1744M humongous, Frag: 1% external, 0% internal; Reserve: 100785K, Max: 512K
[2.624s][info][gc,start    ] GC(1) Concurrent class unloading
[2.624s][info][gc,task     ] GC(1) Using 2 of 8 workers for concurrent class unloading
[2.630s][info][gc          ] GC(1) Concurrent class unloading 6.325ms
[2.630s][info][gc,start    ] GC(1) Concurrent strong roots
[2.630s][info][gc,task     ] GC(1) Using 2 of 8 workers for concurrent strong root
[2.631s][info][gc          ] GC(1) Concurrent strong roots 1.452ms
[2.631s][info][gc,start    ] GC(1) Concurrent evacuation
[2.631s][info][gc,task     ] GC(1) Using 2 of 8 workers for concurrent evacuation
[2.644s][info][gc          ] GC(1) Concurrent evacuation 12.497ms
[2.644s][info][gc,start    ] GC(1) Pause Init Update Refs
[2.644s][info][gc,ergo     ] GC(1) Pacer for Update Refs. Used: 145M, Free: 1744M, Non-Taxable: 174M, Alloc Tax Rate: 1.1x
[2.644s][info][gc          ] GC(1) Pause Init Update Refs 0.042ms
[2.644s][info][gc,start    ] GC(1) Concurrent update references
[2.644s][info][gc,task     ] GC(1) Using 2 of 8 workers for concurrent reference update
[2.677s][info][gc          ] GC(1) Concurrent update references 32.711ms
[2.677s][info][gc,start    ] GC(1) Concurrent update thread roots
[2.678s][info][gc          ] GC(1) Concurrent update thread roots 0.508ms
[2.678s][info][gc,start    ] GC(1) Pause Final Update Refs
[2.678s][info][gc,task     ] GC(1) Using 8 of 8 workers for final reference update
[2.678s][info][gc          ] GC(1) Pause Final Update Refs 0.096ms
[2.678s][info][gc,start    ] GC(1) Concurrent cleanup
[2.678s][info][gc          ] GC(1) Concurrent cleanup 145M->79M(148M) 0.091ms
[2.678s][info][gc,ergo     ] Free: 1803M, Max: 512K regular, 1739M humongous, Frag: 4% external, 0% internal; Reserve: 101888K, Max: 512K
[2.678s][info][gc,stats    ] 
[2.678s][info][gc,stats    ] All times are wall-clock times, except per-root-class counters, that are sum over
[2.678s][info][gc,stats    ] all workers. Dividing the <total> over the root stage time estimates parallelism.
[2.678s][info][gc,stats    ] 
[2.678s][info][gc,stats    ] Concurrent Reset                   1156 us
[2.678s][info][gc,stats    ] Pause Init Mark (G)                 350 us
[2.678s][info][gc,stats    ] Pause Init Mark (N)                  86 us
[2.678s][info][gc,stats    ]   Update Region States               21 us
[2.678s][info][gc,stats    ] Concurrent Mark Roots               756 us, parallelism: 1.71x
[2.678s][info][gc,stats    ]   CMR: <total>                     1295 us
[2.678s][info][gc,stats    ]   CMR: Thread Roots                 803 us, workers (us): 238, 565, ---, ---, ---, ---, ---, ---, 
[2.678s][info][gc,stats    ]   CMR: VM Strong Roots              160 us, workers (us):  79,  81, ---, ---, ---, ---, ---, ---, 
[2.678s][info][gc,stats    ]   CMR: CLDG Roots                   332 us, workers (us): 332, ---, ---, ---, ---, ---, ---, ---, 
[2.678s][info][gc,stats    ] Concurrent Marking                65847 us
[2.678s][info][gc,stats    ] Pause Final Mark (G)               4605 us
[2.678s][info][gc,stats    ] Pause Final Mark (N)               4492 us
[2.678s][info][gc,stats    ]   Finish Mark                      4335 us
[2.678s][info][gc,stats    ]   Update Region States               42 us
[2.678s][info][gc,stats    ]   Choose Collection Set              53 us
[2.678s][info][gc,stats    ]   Rebuild Free Set                   15 us
[2.678s][info][gc,stats    ] Concurrent Thread Roots             554 us, parallelism: 0.67x
[2.678s][info][gc,stats    ]   CTR: <total>                      370 us
[2.678s][info][gc,stats    ]   CTR: Thread Roots                 370 us, workers (us): 370,   0, ---, ---, ---, ---, ---, ---, 
[2.678s][info][gc,stats    ] Concurrent Weak References          516 us, parallelism: 0.90x
[2.678s][info][gc,stats    ]   CWRF: <total>                     463 us
[2.678s][info][gc,stats    ]   CWRF: Weak References             463 us, workers (us): 454,   9, ---, ---, ---, ---, ---, ---, 
[2.678s][info][gc,stats    ] Concurrent Weak Roots              2160 us
[2.678s][info][gc,stats    ]   Roots                            1779 us, parallelism: 1.86x
[2.678s][info][gc,stats    ]     CWR: <total>                   3314 us
[2.678s][info][gc,stats    ]     CWR: Code Cache Roots          1168 us, workers (us): 603, 565, ---, ---, ---, ---, ---, ---, 
[2.678s][info][gc,stats    ]     CWR: VM Weak Roots             2114 us, workers (us): 1117, 997, ---, ---, ---, ---, ---, ---, 
[2.678s][info][gc,stats    ]     CWR: CLDG Roots                  32 us, workers (us): ---,  32, ---, ---, ---, ---, ---, ---, 
[2.678s][info][gc,stats    ]   Rendezvous                        328 us
[2.678s][info][gc,stats    ] Concurrent Cleanup                  130 us
[2.678s][info][gc,stats    ] Concurrent Class Unloading         6335 us
[2.678s][info][gc,stats    ]   Unlink Stale                     5305 us
[2.678s][info][gc,stats    ]     System Dictionary                40 us
[2.678s][info][gc,stats    ]     Weak Class Links                  0 us
[2.678s][info][gc,stats    ]     Code Roots                     5263 us
[2.678s][info][gc,stats    ]   Rendezvous                         50 us
[2.678s][info][gc,stats    ]   Purge Unlinked                    956 us
[2.678s][info][gc,stats    ]     Code Roots                      948 us
[2.678s][info][gc,stats    ]     CLDG                              8 us
[2.678s][info][gc,stats    ]     Exception Caches                  0 us
[2.678s][info][gc,stats    ] Concurrent Strong Roots            1469 us, parallelism: 0.96x
[2.678s][info][gc,stats    ]   CSR: <total>                     1410 us
[2.678s][info][gc,stats    ]   CSR: VM Strong Roots               28 us, workers (us):  16,  12, ---, ---, ---, ---, ---, ---, 
[2.678s][info][gc,stats    ]   CSR: CLDG Roots                  1382 us, workers (us): ---, 1382, ---, ---, ---, ---, ---, ---, 
[2.678s][info][gc,stats    ] Concurrent Evacuation             12518 us
[2.678s][info][gc,stats    ] Pause Init Update Refs (G)          433 us
[2.678s][info][gc,stats    ] Pause Init Update Refs (N)           48 us
[2.678s][info][gc,stats    ]   Manage GCLABs                      11 us
[2.678s][info][gc,stats    ] Concurrent Update Refs            32736 us
[2.678s][info][gc,stats    ] Concurrent Update Thread Roots      523 us
[2.678s][info][gc,stats    ] Pause Final Update Refs (G)         209 us
[2.678s][info][gc,stats    ] Pause Final Update Refs (N)         103 us
[2.678s][info][gc,stats    ]   Update Region States               42 us
[2.678s][info][gc,stats    ]   Trash Collection Set                4 us
[2.678s][info][gc,stats    ]   Rebuild Free Set                   19 us
[2.678s][info][gc,stats    ] Concurrent Cleanup                   99 us
[2.678s][info][gc,stats    ] 
[2.678s][info][gc,stats    ] Allocation pacing accrued:
[2.678s][info][gc,stats    ]       0 of  1055 ms (  0.0%): <total>
[2.678s][info][gc,stats    ]       0 of  1055 ms (  0.0%): <average total>
[2.678s][info][gc,stats    ] 
[2.678s][info][gc,metaspace] Metaspace: 38255K(38720K)->38756K(39232K) NonClass: 33830K(34112K)->34265K(34496K) Class: 4425K(4608K)->4490K(4736K)
[2.678s][info][gc,ergo     ] Pacer for Idle. Initial: 40642K, Alloc Tax Rate: 1.0x
