[0.006s][info][gc] Heuristics ergonomically sets -XX:+ExplicitGCInvokesConcurrent
[0.006s][info][gc] Heuristics ergonomically sets -XX:+ShenandoahImplicitGCInvokesConcurrent
[0.006s][info][gc] Using Shenandoah
[0.007s][info][gc,ergo] Pacer for Idle. Initial: 40642K, Alloc Tax Rate: 1.0x
[0.014s][info][gc,init] Version: 21.0.7+6-Ubuntu-0ubuntu122.04 (release)
[0.014s][info][gc,init] CPUs: 4 total, 4 available
[0.014s][info][gc,init] Memory: 7937M
[0.014s][info][gc,init] Large Page Support: Disabled
[0.014s][info][gc,init] NUMA Support: Disabled
[0.014s][info][gc,init] Compressed Oops: Enabled (32-bit)
[0.014s][info][gc,init] Heap Min Capacity: 6656K
[0.014s][info][gc,init] Heap Initial Capacity: 127488K
[0.014s][info][gc,init] Heap Max Capacity: 2032128K
[0.014s][info][gc,init] Pre-touch: Disabled
[0.014s][info][gc,init] Mode: Snapshot-At-The-Beginning (SATB)
[0.014s][info][gc,init] Heuristics: Adaptive
[0.014s][info][gc,init] Heap Region Count: 3969
[0.014s][info][gc,init] Heap Region Size: 512K
[0.014s][info][gc,init] TLAB Size Max: 512K
[0.014s][info][gc,init] Humongous Object Threshold: 512K
[0.014s][info][gc,init] Parallel Workers: 8
[0.014s][info][gc,init] Concurrent Workers: 2
[0.026s][info][gc,metaspace] CDS archive(s) mapped at: [0x00007fd887000000-0x00007fd887c97000-0x00007fd887c97000), size 13201408, SharedBaseAddress: 0x00007fd887000000, ArchiveRelocationMode: 1.
[0.026s][info][gc,metaspace] Compressed class space mapped at: 0x00007fd888000000-0x00007fd8c8000000, reserved size: 1073741824
[0.026s][info][gc,metaspace] Narrow klass base: 0x00007fd887000000, Narrow klass shift: 0, Narrow klass range: 0x100000000
[2.109s][info][gc          ] Trigger: Metadata GC Threshold
[2.109s][info][gc,ergo     ] Free: 1780M, Max: 512K regular, 1780M humongous, Frag: 0% external, 0% internal; Reserve: 101888K, Max: 512K
[2.109s][info][gc,start    ] GC(0) Concurrent reset
[2.113s][info][gc,task     ] GC(0) Using 2 of 8 workers for concurrent reset
[2.113s][info][gc,ergo     ] GC(0) Pacer for Reset. Non-Taxable: 1984M
[2.113s][info][gc          ] GC(0) Concurrent reset 3.954ms
[2.113s][info][gc,start    ] GC(0) Pause Init Mark (unload classes)
[2.114s][info][gc,task     ] GC(0) Using 8 of 8 workers for init marking
[2.114s][info][gc,ergo     ] GC(0) Pacer for Mark. Expected Live: 198M, Free: 1780M, Non-Taxable: 178M, Alloc Tax Rate: 0.1x
[2.114s][info][gc          ] GC(0) Pause Init Mark (unload classes) 1.096ms
[2.114s][info][gc,start    ] GC(0) Concurrent marking roots
[2.114s][info][gc,task     ] GC(0) Using 2 of 8 workers for concurrent marking roots
[2.117s][info][gc          ] GC(0) Concurrent marking roots 2.900ms
[2.117s][info][gc,start    ] GC(0) Concurrent marking (unload classes)
[2.117s][info][gc,task     ] GC(0) Using 2 of 8 workers for concurrent marking
[2.155s][info][gc          ] GC(0) Concurrent marking (unload classes) 38.058ms
[2.155s][info][gc,start    ] GC(0) Pause Final Mark (unload classes)
[2.155s][info][gc,task     ] GC(0) Using 8 of 8 workers for final marking
[2.159s][info][gc,ergo     ] GC(0) Adaptive CSet Selection. Target Free: 281M, Actual Free: 1881M, Max CSet: 84672K, Min Garbage: 0B
[2.159s][info][gc,ergo     ] GC(0) Collectable Garbage: 85208K (99%), Immediate: 6576K (7%), CSet: 78631K (91%)
[2.159s][info][gc,ergo     ] GC(0) Pacer for Evacuation. Used CSet: 90624K, Free: 1782M, Non-Taxable: 178M, Alloc Tax Rate: 1.1x
[2.159s][info][gc          ] GC(0) Pause Final Mark (unload classes) 3.508ms
[2.159s][info][gc,start    ] GC(0) Concurrent thread roots
[2.159s][info][gc,task     ] GC(0) Using 2 of 8 workers for Concurrent thread roots
[2.159s][info][gc          ] GC(0) Concurrent thread roots 0.368ms
[2.159s][info][gc,start    ] GC(0) Concurrent weak references
[2.159s][info][gc,task     ] GC(0) Using 2 of 8 workers for concurrent weak references
[2.160s][info][gc,ref      ] GC(0) Encountered references: Soft: 3966, Weak: 2205, Final: 5, Phantom: 765
[2.160s][info][gc,ref      ] GC(0) Discovered  references: Soft: 0, Weak: 588, Final: 0, Phantom: 660
[2.160s][info][gc,ref      ] GC(0) Enqueued    references: Soft: 0, Weak: 482, Final: 0, Phantom: 289
[2.160s][info][gc          ] GC(0) Concurrent weak references 0.291ms
[2.160s][info][gc,start    ] GC(0) Concurrent weak roots
[2.160s][info][gc,task     ] GC(0) Using 2 of 8 workers for concurrent weak root
[2.161s][info][gc          ] GC(0) Concurrent weak roots 1.609ms
[2.161s][info][gc,start    ] GC(0) Concurrent cleanup
[2.161s][info][gc          ] GC(0) Concurrent cleanup 108M->101M(125M) 0.098ms
[2.161s][info][gc,ergo     ] GC(0) Free: 1782M, Max: 512K regular, 1775M humongous, Frag: 1% external, 0% internal; Reserve: 101113K, Max: 512K
[2.161s][info][gc,start    ] GC(0) Concurrent class unloading
[2.161s][info][gc,task     ] GC(0) Using 2 of 8 workers for concurrent class unloading
[2.165s][info][gc          ] GC(0) Concurrent class unloading 4.059ms
[2.165s][info][gc,start    ] GC(0) Concurrent strong roots
[2.165s][info][gc,task     ] GC(0) Using 2 of 8 workers for concurrent strong root
[2.167s][info][gc          ] GC(0) Concurrent strong roots 1.153ms
[2.167s][info][gc,start    ] GC(0) Concurrent evacuation
[2.167s][info][gc,task     ] GC(0) Using 2 of 8 workers for concurrent evacuation
[2.180s][info][gc          ] GC(0) Concurrent evacuation 12.869ms
[2.180s][info][gc,start    ] GC(0) Pause Init Update Refs
[2.180s][info][gc,ergo     ] GC(0) Pacer for Update Refs. Used: 113M, Free: 1782M, Non-Taxable: 178M, Alloc Tax Rate: 1.1x
[2.180s][info][gc          ] GC(0) Pause Init Update Refs 0.041ms
[2.180s][info][gc,start    ] GC(0) Concurrent update references
[2.180s][info][gc,task     ] GC(0) Using 2 of 8 workers for concurrent reference update
[2.187s][info][gc          ] GC(0) Concurrent update references 7.347ms
[2.187s][info][gc,start    ] GC(0) Concurrent update thread roots
[2.188s][info][gc          ] GC(0) Concurrent update thread roots 0.632ms
[2.188s][info][gc,start    ] GC(0) Pause Final Update Refs
[2.188s][info][gc,task     ] GC(0) Using 8 of 8 workers for final reference update
[2.188s][info][gc          ] GC(0) Pause Final Update Refs 0.066ms
[2.188s][info][gc,start    ] GC(0) Concurrent cleanup
[2.188s][info][gc          ] GC(0) Concurrent cleanup 114M->25M(137M) 0.054ms
[2.188s][info][gc,ergo     ] Free: 1858M, Max: 512K regular, 1763M humongous, Frag: 6% external, 0% internal; Reserve: 101888K, Max: 512K
[2.188s][info][gc,stats    ] 
[2.188s][info][gc,stats    ] All times are wall-clock times, except per-root-class counters, that are sum over
[2.188s][info][gc,stats    ] all workers. Dividing the <total> over the root stage time estimates parallelism.
[2.188s][info][gc,stats    ] 
[2.188s][info][gc,stats    ] Concurrent Reset                   3968 us
[2.188s][info][gc,stats    ] Pause Init Mark (G)                1265 us
[2.188s][info][gc,stats    ] Pause Init Mark (N)                1106 us
[2.188s][info][gc,stats    ]   Update Region States               24 us
[2.188s][info][gc,stats    ] Concurrent Mark Roots              2917 us, parallelism: 0.97x
[2.188s][info][gc,stats    ]   CMR: <total>                     2826 us
[2.188s][info][gc,stats    ]   CMR: Thread Roots                1250 us, workers (us): 1250,   0, ---, ---, ---, ---, ---, ---, 
[2.188s][info][gc,stats    ]   CMR: VM Strong Roots              464 us, workers (us): 464,   0, ---, ---, ---, ---, ---, ---, 
[2.188s][info][gc,stats    ]   CMR: CLDG Roots                  1112 us, workers (us): 1112, ---, ---, ---, ---, ---, ---, ---, 
[2.188s][info][gc,stats    ] Concurrent Marking                38079 us
[2.188s][info][gc,stats    ] Pause Final Mark (G)               3624 us
[2.188s][info][gc,stats    ] Pause Final Mark (N)               3515 us
[2.188s][info][gc,stats    ]   Finish Mark                      3330 us
[2.188s][info][gc,stats    ]   Update Region States               44 us
[2.188s][info][gc,stats    ]   Choose Collection Set              82 us
[2.188s][info][gc,stats    ]   Rebuild Free Set                   15 us
[2.188s][info][gc,stats    ] Concurrent Thread Roots             378 us, parallelism: 1.19x
[2.188s][info][gc,stats    ]   CTR: <total>                      449 us
[2.188s][info][gc,stats    ]   CTR: Thread Roots                 449 us, workers (us): 338, 111, ---, ---, ---, ---, ---, ---, 
[2.188s][info][gc,stats    ] Concurrent Weak References          297 us, parallelism: 0.81x
[2.188s][info][gc,stats    ]   CWRF: <total>                     239 us
[2.188s][info][gc,stats    ]   CWRF: Weak References             239 us, workers (us): 239,   0, ---, ---, ---, ---, ---, ---, 
[2.188s][info][gc,stats    ] Concurrent Weak Roots              1626 us
[2.188s][info][gc,stats    ]   Roots                            1462 us, parallelism: 1.92x
[2.188s][info][gc,stats    ]     CWR: <total>                   2809 us
[2.188s][info][gc,stats    ]     CWR: Code Cache Roots           967 us, workers (us): 502, 465, ---, ---, ---, ---, ---, ---, 
[2.188s][info][gc,stats    ]     CWR: VM Weak Roots             1829 us, workers (us): 916, 913, ---, ---, ---, ---, ---, ---, 
[2.188s][info][gc,stats    ]     CWR: CLDG Roots                  13 us, workers (us): ---,  13, ---, ---, ---, ---, ---, ---, 
[2.188s][info][gc,stats    ]   Rendezvous                        136 us
[2.188s][info][gc,stats    ] Concurrent Cleanup                  104 us
[2.188s][info][gc,stats    ] Concurrent Class Unloading         4068 us
[2.188s][info][gc,stats    ]   Unlink Stale                     1998 us
[2.188s][info][gc,stats    ]     System Dictionary                28 us
[2.188s][info][gc,stats    ]     Weak Class Links                  0 us
[2.188s][info][gc,stats    ]     Code Roots                     1969 us
[2.188s][info][gc,stats    ]   Rendezvous                         97 us
[2.188s][info][gc,stats    ]   Purge Unlinked                   1948 us
[2.188s][info][gc,stats    ]     Code Roots                     1934 us
[2.188s][info][gc,stats    ]     CLDG                             14 us
[2.188s][info][gc,stats    ]     Exception Caches                  0 us
[2.188s][info][gc,stats    ] Concurrent Strong Roots            1167 us, parallelism: 0.91x
[2.188s][info][gc,stats    ]   CSR: <total>                     1065 us
[2.188s][info][gc,stats    ]   CSR: VM Strong Roots               23 us, workers (us):  23,   0, ---, ---, ---, ---, ---, ---, 
[2.188s][info][gc,stats    ]   CSR: CLDG Roots                  1042 us, workers (us): 1042, ---, ---, ---, ---, ---, ---, ---, 
[2.188s][info][gc,stats    ] Concurrent Evacuation             12887 us
[2.188s][info][gc,stats    ] Pause Init Update Refs (G)          144 us
[2.188s][info][gc,stats    ] Pause Init Update Refs (N)           47 us
[2.188s][info][gc,stats    ]   Manage GCLABs                       6 us
[2.188s][info][gc,stats    ] Concurrent Update Refs             7367 us
[2.188s][info][gc,stats    ] Concurrent Update Thread Roots      642 us
[2.188s][info][gc,stats    ] Pause Final Update Refs (G)         296 us
[2.188s][info][gc,stats    ] Pause Final Update Refs (N)          72 us
[2.188s][info][gc,stats    ]   Update Region States               26 us
[2.188s][info][gc,stats    ]   Trash Collection Set                4 us
[2.188s][info][gc,stats    ]   Rebuild Free Set                   16 us
[2.188s][info][gc,stats    ] Concurrent Cleanup                   60 us
[2.188s][info][gc,stats    ] 
[2.188s][info][gc,stats    ] Allocation pacing accrued:
[2.188s][info][gc,stats    ]       0 of  2182 ms (  0.0%): <total>
[2.188s][info][gc,stats    ]       0 of  2182 ms (  0.0%): <average total>
[2.188s][info][gc,stats    ] 
[2.188s][info][gc,metaspace] Metaspace: 21236K(21632K)->21882K(22272K) NonClass: 18997K(19200K)->19579K(19776K) Class: 2238K(2432K)->2303K(2496K)
[2.188s][info][gc,ergo     ] Pacer for Idle. Initial: 40642K, Alloc Tax Rate: 1.0x
[3.285s][info][gc          ] Trigger: Metadata GC Threshold
[3.285s][info][gc,ergo     ] Free: 1746M, Max: 512K regular, 1746M humongous, Frag: 0% external, 0% internal; Reserve: 101888K, Max: 512K
[3.285s][info][gc,start    ] GC(1) Concurrent reset
[3.285s][info][gc,task     ] GC(1) Using 2 of 8 workers for concurrent reset
[3.285s][info][gc,ergo     ] GC(1) Pacer for Reset. Non-Taxable: 1984M
[3.287s][info][gc          ] GC(1) Concurrent reset 1.290ms
[3.287s][info][gc,start    ] GC(1) Pause Init Mark (unload classes)
[3.287s][info][gc,task     ] GC(1) Using 8 of 8 workers for init marking
[3.287s][info][gc,ergo     ] GC(1) Pacer for Mark. Expected Live: 19578K, Free: 1745M, Non-Taxable: 174M, Alloc Tax Rate: 0.0x
[3.287s][info][gc          ] GC(1) Pause Init Mark (unload classes) 0.068ms
[3.287s][info][gc,start    ] GC(1) Concurrent marking roots
[3.287s][info][gc,task     ] GC(1) Using 2 of 8 workers for concurrent marking roots
[3.288s][info][gc          ] GC(1) Concurrent marking roots 1.010ms
[3.288s][info][gc,start    ] GC(1) Concurrent marking (unload classes)
[3.288s][info][gc,task     ] GC(1) Using 2 of 8 workers for concurrent marking
[3.361s][info][gc          ] GC(1) Concurrent marking (unload classes) 72.559ms
[3.361s][info][gc,start    ] GC(1) Pause Final Mark (unload classes)
[3.361s][info][gc,task     ] GC(1) Using 8 of 8 workers for final marking
[3.361s][info][gc,ergo     ] GC(1) Adaptive CSet Selection. Target Free: 281M, Actual Free: 1845M, Max CSet: 84672K, Min Garbage: 0B
[3.361s][info][gc,ergo     ] GC(1) Collectable Garbage: 64257K (97%), Immediate: 3729K (5%), CSet: 60527K (92%)
[3.361s][info][gc,ergo     ] GC(1) Pacer for Evacuation. Used CSet: 68436K, Free: 1746M, Non-Taxable: 174M, Alloc Tax Rate: 1.1x
[3.361s][info][gc          ] GC(1) Pause Final Mark (unload classes) 0.262ms
[3.361s][info][gc,start    ] GC(1) Concurrent thread roots
[3.361s][info][gc,task     ] GC(1) Using 2 of 8 workers for Concurrent thread roots
[3.362s][info][gc          ] GC(1) Concurrent thread roots 0.493ms
[3.362s][info][gc,start    ] GC(1) Concurrent weak references
[3.362s][info][gc,task     ] GC(1) Using 2 of 8 workers for concurrent weak references
[3.362s][info][gc,ref      ] GC(1) Encountered references: Soft: 4466, Weak: 3081, Final: 21, Phantom: 681
[3.362s][info][gc,ref      ] GC(1) Discovered  references: Soft: 0, Weak: 1353, Final: 0, Phantom: 508
[3.362s][info][gc,ref      ] GC(1) Enqueued    references: Soft: 0, Weak: 496, Final: 0, Phantom: 191
[3.362s][info][gc          ] GC(1) Concurrent weak references 0.346ms
[3.362s][info][gc,start    ] GC(1) Concurrent weak roots
[3.362s][info][gc,task     ] GC(1) Using 2 of 8 workers for concurrent weak root
[3.368s][info][gc          ] GC(1) Concurrent weak roots 6.470ms
[3.368s][info][gc,start    ] GC(1) Concurrent cleanup
[3.369s][info][gc          ] GC(1) Concurrent cleanup 141M->137M(145M) 0.121ms
[3.369s][info][gc,ergo     ] GC(1) Free: 1745M, Max: 512K regular, 1742M humongous, Frag: 1% external, 0% internal; Reserve: 101229K, Max: 512K
[3.369s][info][gc,start    ] GC(1) Concurrent class unloading
[3.369s][info][gc,task     ] GC(1) Using 2 of 8 workers for concurrent class unloading
[3.376s][info][gc          ] GC(1) Concurrent class unloading 7.160ms
[3.376s][info][gc,start    ] GC(1) Concurrent strong roots
[3.376s][info][gc,task     ] GC(1) Using 2 of 8 workers for concurrent strong root
[3.377s][info][gc          ] GC(1) Concurrent strong roots 0.901ms
[3.377s][info][gc,start    ] GC(1) Concurrent evacuation
[3.377s][info][gc,task     ] GC(1) Using 2 of 8 workers for concurrent evacuation
[3.382s][info][gc          ] GC(1) Concurrent evacuation 5.080ms
[3.382s][info][gc,start    ] GC(1) Pause Init Update Refs
[3.382s][info][gc,ergo     ] GC(1) Pacer for Update Refs. Used: 146M, Free: 1745M, Non-Taxable: 174M, Alloc Tax Rate: 1.1x
[3.382s][info][gc          ] GC(1) Pause Init Update Refs 0.037ms
[3.382s][info][gc,start    ] GC(1) Concurrent update references
[3.382s][info][gc,task     ] GC(1) Using 2 of 8 workers for concurrent reference update
[3.430s][info][gc          ] GC(1) Concurrent update references 47.168ms
[3.430s][info][gc,start    ] GC(1) Concurrent update thread roots
[3.430s][info][gc          ] GC(1) Concurrent update thread roots 0.346ms
[3.434s][info][gc,start    ] GC(1) Pause Final Update Refs
[3.434s][info][gc,task     ] GC(1) Using 8 of 8 workers for final reference update
[3.434s][info][gc          ] GC(1) Pause Final Update Refs 0.111ms
[3.435s][info][gc,start    ] GC(1) Concurrent cleanup
[3.435s][info][gc          ] GC(1) Concurrent cleanup 147M->81M(152M) 0.115ms
[3.435s][info][gc,ergo     ] Free: 1801M, Max: 512K regular, 1734M humongous, Frag: 4% external, 0% internal; Reserve: 101888K, Max: 512K
[3.435s][info][gc,stats    ] 
[3.435s][info][gc,stats    ] All times are wall-clock times, except per-root-class counters, that are sum over
[3.435s][info][gc,stats    ] all workers. Dividing the <total> over the root stage time estimates parallelism.
[3.435s][info][gc,stats    ] 
[3.435s][info][gc,stats    ] Concurrent Reset                   1309 us
[3.435s][info][gc,stats    ] Pause Init Mark (G)                 384 us
[3.435s][info][gc,stats    ] Pause Init Mark (N)                  83 us
[3.435s][info][gc,stats    ]   Update Region States               25 us
[3.435s][info][gc,stats    ] Concurrent Mark Roots              1027 us, parallelism: 0.88x
[3.435s][info][gc,stats    ]   CMR: <total>                      903 us
[3.435s][info][gc,stats    ]   CMR: Thread Roots                 406 us, workers (us): 406,   0, ---, ---, ---, ---, ---, ---, 
[3.435s][info][gc,stats    ]   CMR: VM Strong Roots              128 us, workers (us): 128,   0, ---, ---, ---, ---, ---, ---, 
[3.435s][info][gc,stats    ]   CMR: CLDG Roots                   368 us, workers (us): 368, ---, ---, ---, ---, ---, ---, ---, 
[3.435s][info][gc,stats    ] Concurrent Marking                72599 us
[3.435s][info][gc,stats    ] Pause Final Mark (G)                389 us
[3.435s][info][gc,stats    ] Pause Final Mark (N)                269 us
[3.435s][info][gc,stats    ]   Finish Mark                        97 us
[3.435s][info][gc,stats    ]   Update Region States               39 us
[3.435s][info][gc,stats    ]   Choose Collection Set              67 us
[3.435s][info][gc,stats    ]   Rebuild Free Set                   17 us
[3.435s][info][gc,stats    ] Concurrent Thread Roots             509 us, parallelism: 1.14x
[3.435s][info][gc,stats    ]   CTR: <total>                      583 us
[3.435s][info][gc,stats    ]   CTR: Thread Roots                 583 us, workers (us): 152, 431, ---, ---, ---, ---, ---, ---, 
[3.435s][info][gc,stats    ] Concurrent Weak References          353 us, parallelism: 1.16x
[3.435s][info][gc,stats    ]   CWRF: <total>                     408 us
[3.435s][info][gc,stats    ]   CWRF: Weak References             408 us, workers (us): 286, 122, ---, ---, ---, ---, ---, ---, 
[3.435s][info][gc,stats    ] Concurrent Weak Roots              6490 us
[3.435s][info][gc,stats    ]   Roots                            4276 us, parallelism: 1.69x
[3.435s][info][gc,stats    ]     CWR: <total>                   7224 us
[3.435s][info][gc,stats    ]     CWR: Code Cache Roots          1072 us, workers (us):   0, 1072, ---, ---, ---, ---, ---, ---, 
[3.435s][info][gc,stats    ]     CWR: VM Weak Roots             6132 us, workers (us): 4212, 1920, ---, ---, ---, ---, ---, ---, 
[3.435s][info][gc,stats    ]     CWR: CLDG Roots                  20 us, workers (us): ---,  20, ---, ---, ---, ---, ---, ---, 
[3.435s][info][gc,stats    ]   Rendezvous                       2180 us
[3.435s][info][gc,stats    ] Concurrent Cleanup                  128 us
[3.435s][info][gc,stats    ] Concurrent Class Unloading         7174 us
[3.435s][info][gc,stats    ]   Unlink Stale                     3926 us
[3.435s][info][gc,stats    ]     System Dictionary                34 us
[3.435s][info][gc,stats    ]     Weak Class Links                  0 us
[3.435s][info][gc,stats    ]     Code Roots                     3891 us
[3.435s][info][gc,stats    ]   Rendezvous                       2143 us
[3.435s][info][gc,stats    ]   Purge Unlinked                   1066 us
[3.435s][info][gc,stats    ]     Code Roots                     1056 us
[3.435s][info][gc,stats    ]     CLDG                             10 us
[3.435s][info][gc,stats    ]     Exception Caches                  0 us
[3.435s][info][gc,stats    ] Concurrent Strong Roots             920 us, parallelism: 0.90x
[3.435s][info][gc,stats    ]   CSR: <total>                      826 us
[3.435s][info][gc,stats    ]   CSR: VM Strong Roots               13 us, workers (us):  12,   1, ---, ---, ---, ---, ---, ---, 
[3.435s][info][gc,stats    ]   CSR: CLDG Roots                   813 us, workers (us): 813, ---, ---, ---, ---, ---, ---, ---, 
[3.435s][info][gc,stats    ] Concurrent Evacuation              5101 us
[3.435s][info][gc,stats    ] Pause Init Update Refs (G)          614 us
[3.435s][info][gc,stats    ] Pause Init Update Refs (N)           44 us
[3.435s][info][gc,stats    ]   Manage GCLABs                       7 us
[3.435s][info][gc,stats    ] Concurrent Update Refs            47190 us
[3.435s][info][gc,stats    ] Concurrent Update Thread Roots      375 us
[3.435s][info][gc,stats    ] Pause Final Update Refs (G)        4515 us
[3.435s][info][gc,stats    ] Pause Final Update Refs (N)         125 us
[3.435s][info][gc,stats    ]   Update Region States               40 us
[3.435s][info][gc,stats    ]   Trash Collection Set                3 us
[3.435s][info][gc,stats    ]   Rebuild Free Set                   34 us
[3.435s][info][gc,stats    ] Concurrent Cleanup                  123 us
[3.435s][info][gc,stats    ] 
[3.435s][info][gc,stats    ] Allocation pacing accrued:
[3.435s][info][gc,stats    ]       0 of  1247 ms (  0.0%): <total>
[3.435s][info][gc,stats    ]       0 of  1247 ms (  0.0%): <average total>
[3.435s][info][gc,stats    ] 
[3.435s][info][gc,metaspace] Metaspace: 36747K(37184K)->38465K(38912K) NonClass: 32518K(32768K)->34002K(34240K) Class: 4229K(4416K)->4462K(4672K)
[3.435s][info][gc,ergo     ] Pacer for Idle. Initial: 40642K, Alloc Tax Rate: 1.0x
[44.235s][info][gc          ] Trigger: Learning 3 of 5. Free (1389M) is below initial threshold (1389M)
[44.236s][info][gc,ergo     ] Free: 1389M, Max: 512K regular, 1389M humongous, Frag: 0% external, 0% internal; Reserve: 101888K, Max: 512K
[44.236s][info][gc,start    ] GC(2) Concurrent reset
[44.236s][info][gc,task     ] GC(2) Using 2 of 8 workers for concurrent reset
[44.236s][info][gc,ergo     ] GC(2) Pacer for Reset. Non-Taxable: 1984M
[44.240s][info][gc          ] GC(2) Concurrent reset 4.592ms
[44.240s][info][gc,start    ] GC(2) Pause Init Mark (unload classes)
[44.241s][info][gc,task     ] GC(2) Using 8 of 8 workers for init marking
[44.241s][info][gc,ergo     ] GC(2) Pacer for Mark. Expected Live: 46368K, Free: 1388M, Non-Taxable: 138M, Alloc Tax Rate: 0.0x
[44.241s][info][gc          ] GC(2) Pause Init Mark (unload classes) 0.082ms
[44.241s][info][gc,start    ] GC(2) Concurrent marking roots
[44.241s][info][gc,task     ] GC(2) Using 2 of 8 workers for concurrent marking roots
[44.251s][info][gc          ] GC(2) Concurrent marking roots 10.857ms
[44.251s][info][gc,start    ] GC(2) Concurrent marking (unload classes)
[44.251s][info][gc,task     ] GC(2) Using 2 of 8 workers for concurrent marking
[44.983s][info][gc          ] GC(2) Concurrent marking (unload classes) 731.896ms
[44.984s][info][gc,start    ] GC(2) Pause Final Mark (unload classes)
[44.984s][info][gc,task     ] GC(2) Using 8 of 8 workers for final marking
[44.996s][info][gc,ergo     ] GC(2) Adaptive CSet Selection. Target Free: 281M, Actual Free: 1483M, Max CSet: 84672K, Min Garbage: 0B
[44.996s][info][gc,ergo     ] GC(2) Collectable Garbage: 403M (99%), Immediate: 35459K (8%), CSet: 369M (91%)
[44.996s][info][gc,ergo     ] GC(2) Pacer for Evacuation. Used CSet: 386M, Free: 1386M, Non-Taxable: 138M, Alloc Tax Rate: 1.1x
[44.996s][info][gc          ] GC(2) Pause Final Mark (unload classes) 12.374ms
[44.996s][info][gc,start    ] GC(2) Concurrent thread roots
[44.997s][info][gc,task     ] GC(2) Using 2 of 8 workers for Concurrent thread roots
[45.000s][info][gc          ] GC(2) Concurrent thread roots 3.726ms
[45.000s][info][gc,start    ] GC(2) Concurrent weak references
[45.000s][info][gc,task     ] GC(2) Using 2 of 8 workers for concurrent weak references
[45.001s][info][gc,ref      ] GC(2) Encountered references: Soft: 4894, Weak: 5843, Final: 55, Phantom: 1344
[45.001s][info][gc,ref      ] GC(2) Discovered  references: Soft: 0, Weak: 1786, Final: 8, Phantom: 1047
[45.001s][info][gc,ref      ] GC(2) Enqueued    references: Soft: 0, Weak: 942, Final: 8, Phantom: 733
[45.001s][info][gc          ] GC(2) Concurrent weak references 0.818ms
[45.001s][info][gc,start    ] GC(2) Concurrent weak roots
[45.001s][info][gc,task     ] GC(2) Using 2 of 8 workers for concurrent weak root
[45.041s][info][gc          ] GC(2) Concurrent weak roots 39.947ms
[45.041s][info][gc,start    ] GC(2) Concurrent cleanup
[45.041s][info][gc          ] GC(2) Concurrent cleanup 546M->511M(551M) 0.170ms
[45.041s][info][gc,ergo     ] GC(2) Free: 1372M, Max: 512K regular, 1336M humongous, Frag: 3% external, 0% internal; Reserve: 100245K, Max: 512K
[45.041s][info][gc,start    ] GC(2) Concurrent class unloading
[45.041s][info][gc,task     ] GC(2) Using 2 of 8 workers for concurrent class unloading
[45.321s][info][gc          ] GC(2) Concurrent class unloading 279.809ms
[45.321s][info][gc,start    ] GC(2) Concurrent strong roots
[45.321s][info][gc,task     ] GC(2) Using 2 of 8 workers for concurrent strong root
[45.326s][info][gc          ] GC(2) Concurrent strong roots 4.908ms
[45.326s][info][gc,start    ] GC(2) Concurrent evacuation
[45.326s][info][gc,task     ] GC(2) Using 2 of 8 workers for concurrent evacuation
[45.436s][info][gc          ] GC(2) Concurrent evacuation 110.347ms
[45.437s][info][gc,start    ] GC(2) Pause Init Update Refs
[45.437s][info][gc,ergo     ] GC(2) Pacer for Update Refs. Used: 537M, Free: 1363M, Non-Taxable: 136M, Alloc Tax Rate: 1.1x
[45.437s][info][gc          ] GC(2) Pause Init Update Refs 0.083ms
[45.437s][info][gc,start    ] GC(2) Concurrent update references
[45.437s][info][gc,task     ] GC(2) Using 2 of 8 workers for concurrent reference update
[45.692s][info][gc          ] GC(2) Concurrent update references 255.676ms
[45.692s][info][gc,start    ] GC(2) Concurrent update thread roots
[45.697s][info][gc          ] GC(2) Concurrent update thread roots 4.166ms
[45.697s][info][gc,start    ] GC(2) Pause Final Update Refs
[45.697s][info][gc,task     ] GC(2) Using 8 of 8 workers for final reference update
[45.697s][info][gc          ] GC(2) Pause Final Update Refs 0.094ms
[45.697s][info][gc,start    ] GC(2) Concurrent cleanup
[45.697s][info][gc          ] GC(2) Concurrent cleanup 544M->158M(568M) 0.177ms
[45.697s][info][gc,ergo     ] Free: 1724M, Max: 512K regular, 1320M humongous, Frag: 24% external, 0% internal; Reserve: 101888K, Max: 512K
[45.697s][info][gc,stats    ] 
[45.697s][info][gc,stats    ] All times are wall-clock times, except per-root-class counters, that are sum over
[45.697s][info][gc,stats    ] all workers. Dividing the <total> over the root stage time estimates parallelism.
[45.697s][info][gc,stats    ] 
[45.697s][info][gc,stats    ] Concurrent Reset                   4624 us
[45.697s][info][gc,stats    ] Pause Init Mark (G)                 264 us
[45.697s][info][gc,stats    ] Pause Init Mark (N)                  99 us
[45.697s][info][gc,stats    ]   Update Region States               26 us
[45.697s][info][gc,stats    ] Concurrent Mark Roots             10890 us, parallelism: 1.80x
[45.697s][info][gc,stats    ]   CMR: <total>                    19595 us
[45.697s][info][gc,stats    ]   CMR: Thread Roots               17884 us, workers (us): 8601, 9283, ---, ---, ---, ---, ---, ---, 
[45.697s][info][gc,stats    ]   CMR: VM Strong Roots             1109 us, workers (us): 792, 317, ---, ---, ---, ---, ---, ---, 
[45.697s][info][gc,stats    ]   CMR: CLDG Roots                   602 us, workers (us): ---, 602, ---, ---, ---, ---, ---, ---, 
[45.697s][info][gc,stats    ] Concurrent Marking               731935 us
[45.697s][info][gc,stats    ] Pause Final Mark (G)              13071 us
[45.697s][info][gc,stats    ] Pause Final Mark (N)              12384 us
[45.697s][info][gc,stats    ]   Finish Mark                     12002 us
[45.697s][info][gc,stats    ]   Update Region States               49 us
[45.697s][info][gc,stats    ]   Choose Collection Set             233 us
[45.697s][info][gc,stats    ]   Rebuild Free Set                   21 us
[45.697s][info][gc,stats    ] Concurrent Thread Roots            3749 us, parallelism: 1.74x
[45.697s][info][gc,stats    ]   CTR: <total>                     6518 us
[45.697s][info][gc,stats    ]   CTR: Thread Roots                6518 us, workers (us): 3657, 2861, ---, ---, ---, ---, ---, ---, 
[45.697s][info][gc,stats    ] Concurrent Weak References          829 us, parallelism: 0.85x
[45.697s][info][gc,stats    ]   CWRF: <total>                     705 us
[45.697s][info][gc,stats    ]   CWRF: Weak References             705 us, workers (us): 705,   0, ---, ---, ---, ---, ---, ---, 
[45.697s][info][gc,stats    ] Concurrent Weak Roots             39978 us
[45.697s][info][gc,stats    ]   Roots                           35696 us, parallelism: 1.37x
[45.697s][info][gc,stats    ]     CWR: <total>                  48859 us
[45.697s][info][gc,stats    ]     CWR: Code Cache Roots         45608 us, workers (us): 13342, 32267, ---, ---, ---, ---, ---, ---, 
[45.697s][info][gc,stats    ]     CWR: VM Weak Roots             3199 us, workers (us): 1624, 1575, ---, ---, ---, ---, ---, ---, 
[45.697s][info][gc,stats    ]     CWR: CLDG Roots                  51 us, workers (us): ---,  51, ---, ---, ---, ---, ---, ---, 
[45.697s][info][gc,stats    ]   Rendezvous                       4233 us
[45.697s][info][gc,stats    ] Concurrent Cleanup                  178 us
[45.697s][info][gc,stats    ] Concurrent Class Unloading       279836 us
[45.697s][info][gc,stats    ]   Unlink Stale                   109744 us
[45.697s][info][gc,stats    ]     System Dictionary               296 us
[45.697s][info][gc,stats    ]     Weak Class Links              79850 us
[45.697s][info][gc,stats    ]     Code Roots                    29594 us
[45.697s][info][gc,stats    ]   Rendezvous                       1241 us
[45.697s][info][gc,stats    ]   Purge Unlinked                 168802 us
[45.697s][info][gc,stats    ]     Code Roots                   168655 us
[45.697s][info][gc,stats    ]     CLDG                            146 us
[45.697s][info][gc,stats    ]     Exception Caches                  0 us
[45.698s][info][gc,stats    ] Concurrent Strong Roots            4934 us, parallelism: 0.55x
[45.698s][info][gc,stats    ]   CSR: <total>                     2713 us
[45.698s][info][gc,stats    ]   CSR: VM Strong Roots               46 us, workers (us):  46,   1, ---, ---, ---, ---, ---, ---, 
[45.698s][info][gc,stats    ]   CSR: CLDG Roots                  2667 us, workers (us): 2667, ---, ---, ---, ---, ---, ---, ---, 
[45.698s][info][gc,stats    ] Concurrent Evacuation            110384 us
[45.698s][info][gc,stats    ] Pause Init Update Refs (G)          310 us
[45.698s][info][gc,stats    ] Pause Init Update Refs (N)           90 us
[45.698s][info][gc,stats    ]   Manage GCLABs                      31 us
[45.698s][info][gc,stats    ] Concurrent Update Refs           255709 us
[45.698s][info][gc,stats    ] Concurrent Update Thread Roots     4193 us
[45.698s][info][gc,stats    ] Pause Final Update Refs (G)         265 us
[45.698s][info][gc,stats    ] Pause Final Update Refs (N)         101 us
[45.698s][info][gc,stats    ]   Update Region States               44 us
[45.698s][info][gc,stats    ]   Trash Collection Set                8 us
[45.698s][info][gc,stats    ]   Rebuild Free Set                   17 us
[45.698s][info][gc,stats    ] Concurrent Cleanup                  189 us
[45.698s][info][gc,stats    ] 
[45.698s][info][gc,stats    ] Allocation pacing accrued:
[45.698s][info][gc,stats    ]       0 of 42263 ms (  0.0%): <total>
[45.698s][info][gc,stats    ]       0 of 42263 ms (  0.0%): <average total>
[45.698s][info][gc,stats    ] 
[45.698s][info][gc,metaspace] Metaspace: 64315K(64832K)->64318K(64832K) NonClass: 57109K(57408K)->57112K(57408K) Class: 7205K(7424K)->7205K(7424K)
[45.698s][info][gc,ergo     ] Pacer for Idle. Initial: 40642K, Alloc Tax Rate: 1.0x
[58.199s][info][gc          ] Trigger: Learning 4 of 5. Free (1389M) is below initial threshold (1389M)
[58.199s][info][gc,ergo     ] Free: 1389M, Max: 512K regular, 1320M humongous, Frag: 5% external, 0% internal; Reserve: 101888K, Max: 512K
[58.199s][info][gc,start    ] GC(3) Concurrent reset
[58.199s][info][gc,task     ] GC(3) Using 2 of 8 workers for concurrent reset
[58.199s][info][gc,ergo     ] GC(3) Pacer for Reset. Non-Taxable: 1984M
[58.202s][info][gc          ] GC(3) Concurrent reset 3.264ms
[58.220s][info][gc,start    ] GC(3) Pause Init Mark (unload classes)
[58.220s][info][gc,task     ] GC(3) Using 8 of 8 workers for init marking
[58.220s][info][gc,ergo     ] GC(3) Pacer for Mark. Expected Live: 60481K, Free: 1388M, Non-Taxable: 138M, Alloc Tax Rate: 0.1x
[58.220s][info][gc          ] GC(3) Pause Init Mark (unload classes) 0.129ms
[58.220s][info][gc,start    ] GC(3) Concurrent marking roots
[58.220s][info][gc,task     ] GC(3) Using 2 of 8 workers for concurrent marking roots
[58.229s][info][gc          ] GC(3) Concurrent marking roots 8.489ms
[58.229s][info][gc,start    ] GC(3) Concurrent marking (unload classes)
[58.229s][info][gc,task     ] GC(3) Using 2 of 8 workers for concurrent marking
[58.505s][info][gc          ] GC(3) Concurrent marking (unload classes) 276.001ms
[58.505s][info][gc,start    ] GC(3) Pause Final Mark (unload classes)
[58.505s][info][gc,task     ] GC(3) Using 8 of 8 workers for final marking
[58.511s][info][gc,ergo     ] GC(3) Adaptive CSet Selection. Target Free: 281M, Actual Free: 1470M, Max CSet: 84672K, Min Garbage: 0B
[58.511s][info][gc,ergo     ] GC(3) Collectable Garbage: 394M (99%), Immediate: 10240K (2%), CSet: 384M (96%)
[58.511s][info][gc,ergo     ] GC(3) Pacer for Evacuation. Used CSet: 398M, Free: 1370M, Non-Taxable: 137M, Alloc Tax Rate: 1.1x
[58.511s][info][gc          ] GC(3) Pause Final Mark (unload classes) 6.174ms
[58.511s][info][gc,start    ] GC(3) Concurrent thread roots
[58.511s][info][gc,task     ] GC(3) Using 2 of 8 workers for Concurrent thread roots
[58.512s][info][gc          ] GC(3) Concurrent thread roots 1.209ms
[58.512s][info][gc,start    ] GC(3) Concurrent weak references
[58.512s][info][gc,task     ] GC(3) Using 2 of 8 workers for concurrent weak references
[58.513s][info][gc,ref      ] GC(3) Encountered references: Soft: 4894, Weak: 4912, Final: 47, Phantom: 612
[58.513s][info][gc,ref      ] GC(3) Discovered  references: Soft: 0, Weak: 2260, Final: 1, Phantom: 387
[58.513s][info][gc,ref      ] GC(3) Enqueued    references: Soft: 0, Weak: 1, Final: 0, Phantom: 0
[58.513s][info][gc          ] GC(3) Concurrent weak references 0.405ms
[58.513s][info][gc,start    ] GC(3) Concurrent weak roots
[58.513s][info][gc,task     ] GC(3) Using 2 of 8 workers for concurrent weak root
[58.516s][info][gc          ] GC(3) Concurrent weak roots 3.438ms
[58.516s][info][gc,start    ] GC(3) Concurrent cleanup
[58.516s][info][gc          ] GC(3) Concurrent cleanup 525M->515M(568M) 0.150ms
[58.516s][info][gc,ergo     ] GC(3) Free: 1368M, Max: 512K regular, 1320M humongous, Frag: 4% external, 0% internal; Reserve: 101345K, Max: 512K
[58.516s][info][gc,start    ] GC(3) Concurrent class unloading
[58.516s][info][gc,task     ] GC(3) Using 2 of 8 workers for concurrent class unloading
[58.608s][info][gc          ] GC(3) Concurrent class unloading 91.243ms
[58.608s][info][gc,start    ] GC(3) Concurrent strong roots
[58.608s][info][gc,task     ] GC(3) Using 2 of 8 workers for concurrent strong root
[58.609s][info][gc          ] GC(3) Concurrent strong roots 1.021ms
[58.609s][info][gc,start    ] GC(3) Concurrent evacuation
[58.609s][info][gc,task     ] GC(3) Using 2 of 8 workers for concurrent evacuation
[58.713s][info][gc          ] GC(3) Concurrent evacuation 103.271ms
[58.713s][info][gc,start    ] GC(3) Pause Init Update Refs
[58.713s][info][gc,ergo     ] GC(3) Pacer for Update Refs. Used: 543M, Free: 1354M, Non-Taxable: 135M, Alloc Tax Rate: 1.1x
[58.713s][info][gc          ] GC(3) Pause Init Update Refs 0.062ms
[58.713s][info][gc,start    ] GC(3) Concurrent update references
[58.713s][info][gc,task     ] GC(3) Using 2 of 8 workers for concurrent reference update
[58.964s][info][gc          ] GC(3) Concurrent update references 251.467ms
[58.964s][info][gc,start    ] GC(3) Concurrent update thread roots
[58.965s][info][gc          ] GC(3) Concurrent update thread roots 0.844ms
[58.966s][info][gc,start    ] GC(3) Pause Final Update Refs
[58.966s][info][gc,task     ] GC(3) Using 8 of 8 workers for final reference update
[58.966s][info][gc          ] GC(3) Pause Final Update Refs 0.123ms
[58.966s][info][gc,start    ] GC(3) Concurrent cleanup
[58.967s][info][gc          ] GC(3) Concurrent cleanup 549M->151M(580M) 0.186ms
[58.967s][info][gc,ergo     ] Free: 1731M, Max: 512K regular, 1380M humongous, Frag: 21% external, 0% internal; Reserve: 101888K, Max: 512K
[58.967s][info][gc,stats    ] 
[58.967s][info][gc,stats    ] All times are wall-clock times, except per-root-class counters, that are sum over
[58.967s][info][gc,stats    ] all workers. Dividing the <total> over the root stage time estimates parallelism.
[58.967s][info][gc,stats    ] 
[58.967s][info][gc,stats    ] Concurrent Reset                   3286 us
[58.967s][info][gc,stats    ] Pause Init Mark (G)               17836 us
[58.967s][info][gc,stats    ] Pause Init Mark (N)                 136 us
[58.967s][info][gc,stats    ]   Update Region States               51 us
[58.967s][info][gc,stats    ] Concurrent Mark Roots              8516 us, parallelism: 0.89x
[58.967s][info][gc,stats    ]   CMR: <total>                     7613 us
[58.967s][info][gc,stats    ]   CMR: Thread Roots                7425 us, workers (us): 7411,  14, ---, ---, ---, ---, ---, ---, 
[58.967s][info][gc,stats    ]   CMR: VM Strong Roots               21 us, workers (us):  21,   1, ---, ---, ---, ---, ---, ---, 
[58.967s][info][gc,stats    ]   CMR: CLDG Roots                   166 us, workers (us): 166, ---, ---, ---, ---, ---, ---, ---, 
[58.967s][info][gc,stats    ] Concurrent Marking               276032 us
[58.967s][info][gc,stats    ] Pause Final Mark (G)               6288 us
[58.967s][info][gc,stats    ] Pause Final Mark (N)               6182 us
[58.967s][info][gc,stats    ]   Finish Mark                      5868 us
[58.967s][info][gc,stats    ]   Update Region States               49 us
[58.967s][info][gc,stats    ]   Choose Collection Set             178 us
[58.967s][info][gc,stats    ]   Rebuild Free Set                   20 us
[58.967s][info][gc,stats    ] Concurrent Thread Roots            1227 us, parallelism: 1.13x
[58.967s][info][gc,stats    ]   CTR: <total>                     1389 us
[58.967s][info][gc,stats    ]   CTR: Thread Roots                1389 us, workers (us): 856, 533, ---, ---, ---, ---, ---, ---, 
[58.967s][info][gc,stats    ] Concurrent Weak References          411 us, parallelism: 0.86x
[58.967s][info][gc,stats    ]   CWRF: <total>                     356 us
[58.967s][info][gc,stats    ]   CWRF: Weak References             356 us, workers (us): 356,   0, ---, ---, ---, ---, ---, ---, 
[58.967s][info][gc,stats    ] Concurrent Weak Roots              3458 us
[58.967s][info][gc,stats    ]   Roots                            3076 us, parallelism: 1.93x
[58.967s][info][gc,stats    ]     CWR: <total>                   5927 us
[58.967s][info][gc,stats    ]     CWR: Code Cache Roots          4511 us, workers (us): 2266, 2245, ---, ---, ---, ---, ---, ---, 
[58.967s][info][gc,stats    ]     CWR: VM Weak Roots             1368 us, workers (us): 687, 681, ---, ---, ---, ---, ---, ---, 
[58.967s][info][gc,stats    ]     CWR: CLDG Roots                  48 us, workers (us): ---,  48, ---, ---, ---, ---, ---, ---, 
[58.967s][info][gc,stats    ]   Rendezvous                        327 us
[58.967s][info][gc,stats    ] Concurrent Cleanup                  158 us
[58.967s][info][gc,stats    ] Concurrent Class Unloading        91921 us
[58.967s][info][gc,stats    ]   Unlink Stale                    44488 us
[58.967s][info][gc,stats    ]     System Dictionary                60 us
[58.967s][info][gc,stats    ]     Weak Class Links                  0 us
[58.967s][info][gc,stats    ]     Code Roots                    44425 us
[58.967s][info][gc,stats    ]   Rendezvous                        184 us
[58.967s][info][gc,stats    ]   Purge Unlinked                  46551 us
[58.967s][info][gc,stats    ]     Code Roots                    46451 us
[58.967s][info][gc,stats    ]     CLDG                             98 us
[58.967s][info][gc,stats    ]     Exception Caches                  0 us
[58.967s][info][gc,stats    ] Concurrent Strong Roots            1040 us, parallelism: 0.70x
[58.967s][info][gc,stats    ]   CSR: <total>                      732 us
[58.967s][info][gc,stats    ]   CSR: VM Strong Roots               29 us, workers (us):  25,   3, ---, ---, ---, ---, ---, ---, 
[58.967s][info][gc,stats    ]   CSR: CLDG Roots                   703 us, workers (us): 703, ---, ---, ---, ---, ---, ---, ---, 
[58.967s][info][gc,stats    ] Concurrent Evacuation            103305 us
[58.967s][info][gc,stats    ] Pause Init Update Refs (G)          367 us
[58.967s][info][gc,stats    ] Pause Init Update Refs (N)           70 us
[58.967s][info][gc,stats    ]   Manage GCLABs                      27 us
[58.967s][info][gc,stats    ] Concurrent Update Refs           251508 us
[58.967s][info][gc,stats    ] Concurrent Update Thread Roots      863 us
[58.967s][info][gc,stats    ] Pause Final Update Refs (G)        1059 us
[58.967s][info][gc,stats    ] Pause Final Update Refs (N)         132 us
[58.967s][info][gc,stats    ]   Update Region States               46 us
[58.967s][info][gc,stats    ]   Trash Collection Set                8 us
[58.967s][info][gc,stats    ]   Rebuild Free Set                   16 us
[58.967s][info][gc,stats    ] Concurrent Cleanup                  195 us
[58.967s][info][gc,stats    ] 
[58.967s][info][gc,stats    ] Allocation pacing accrued:
[58.967s][info][gc,stats    ]       0 of 13270 ms (  0.0%): <total>
[58.967s][info][gc,stats    ]       0 of 13270 ms (  0.0%): <average total>
[58.967s][info][gc,stats    ] 
[58.967s][info][gc,metaspace] Metaspace: 64329K(64832K)->64331K(64832K) NonClass: 57121K(57408K)->57124K(57408K) Class: 7207K(7424K)->7207K(7424K)
[58.967s][info][gc,ergo     ] Pacer for Idle. Initial: 40642K, Alloc Tax Rate: 1.0x
[70.427s][info][gc          ] Trigger: Learning 5 of 5. Free (1389M) is below initial threshold (1389M)
[70.427s][info][gc,ergo     ] Free: 1389M, Max: 512K regular, 1380M humongous, Frag: 1% external, 0% internal; Reserve: 101888K, Max: 512K
[70.427s][info][gc,start    ] GC(4) Concurrent reset
[70.427s][info][gc,task     ] GC(4) Using 2 of 8 workers for concurrent reset
[70.427s][info][gc,ergo     ] GC(4) Pacer for Reset. Non-Taxable: 1984M
[70.436s][info][gc          ] GC(4) Concurrent reset 8.863ms
[70.437s][info][gc,start    ] GC(4) Pause Init Mark (unload classes)
[70.437s][info][gc,task     ] GC(4) Using 8 of 8 workers for init marking
[70.437s][info][gc,ergo     ] GC(4) Pacer for Mark. Expected Live: 70274K, Free: 1389M, Non-Taxable: 138M, Alloc Tax Rate: 0.1x
[70.437s][info][gc          ] GC(4) Pause Init Mark (unload classes) 0.134ms
[70.437s][info][gc,start    ] GC(4) Concurrent marking roots
[70.437s][info][gc,task     ] GC(4) Using 2 of 8 workers for concurrent marking roots
[70.438s][info][gc          ] GC(4) Concurrent marking roots 1.360ms
[70.438s][info][gc,start    ] GC(4) Concurrent marking (unload classes)
[70.438s][info][gc,task     ] GC(4) Using 2 of 8 workers for concurrent marking
[70.955s][info][gc          ] GC(4) Concurrent marking (unload classes) 517.243ms
[70.955s][info][gc,start    ] GC(4) Pause Final Mark (unload classes)
[70.955s][info][gc,task     ] GC(4) Using 8 of 8 workers for final marking
[70.957s][info][gc,ergo     ] GC(4) Adaptive CSet Selection. Target Free: 281M, Actual Free: 1467M, Max CSet: 84672K, Min Garbage: 0B
[70.957s][info][gc,ergo     ] GC(4) Collectable Garbage: 380M (99%), Immediate: 10752K (2%), CSet: 370M (96%)
[70.957s][info][gc,ergo     ] GC(4) Pacer for Evacuation. Used CSet: 384M, Free: 1368M, Non-Taxable: 136M, Alloc Tax Rate: 1.1x
[70.957s][info][gc          ] GC(4) Pause Final Mark (unload classes) 1.485ms
[70.957s][info][gc,start    ] GC(4) Concurrent thread roots
[70.957s][info][gc,task     ] GC(4) Using 2 of 8 workers for Concurrent thread roots
[70.957s][info][gc          ] GC(4) Concurrent thread roots 0.539ms
[70.958s][info][gc,start    ] GC(4) Concurrent weak references
[70.958s][info][gc,task     ] GC(4) Using 2 of 8 workers for concurrent weak references
[70.958s][info][gc,ref      ] GC(4) Encountered references: Soft: 4900, Weak: 4949, Final: 47, Phantom: 625
[70.958s][info][gc,ref      ] GC(4) Discovered  references: Soft: 0, Weak: 383, Final: 0, Phantom: 596
[70.958s][info][gc,ref      ] GC(4) Enqueued    references: Soft: 0, Weak: 16, Final: 0, Phantom: 12
[70.958s][info][gc          ] GC(4) Concurrent weak references 0.199ms
[70.958s][info][gc,start    ] GC(4) Concurrent weak roots
[70.958s][info][gc,task     ] GC(4) Using 2 of 8 workers for concurrent weak root
[70.964s][info][gc          ] GC(4) Concurrent weak roots 6.203ms
[70.964s][info][gc,start    ] GC(4) Concurrent cleanup
[70.964s][info][gc          ] GC(4) Concurrent cleanup 528M->517M(580M) 0.127ms
[70.964s][info][gc,ergo     ] GC(4) Free: 1364M, Max: 512K regular, 1354M humongous, Frag: 1% external, 0% internal; Reserve: 101531K, Max: 512K
[70.964s][info][gc,start    ] GC(4) Concurrent class unloading
[70.964s][info][gc,task     ] GC(4) Using 2 of 8 workers for concurrent class unloading
[71.010s][info][gc          ] GC(4) Concurrent class unloading 45.762ms
[71.010s][info][gc,start    ] GC(4) Concurrent strong roots
[71.010s][info][gc,task     ] GC(4) Using 2 of 8 workers for concurrent strong root
[71.011s][info][gc          ] GC(4) Concurrent strong roots 1.050ms
[71.011s][info][gc,start    ] GC(4) Concurrent evacuation
[71.011s][info][gc,task     ] GC(4) Using 2 of 8 workers for concurrent evacuation
[71.072s][info][gc          ] GC(4) Concurrent evacuation 61.342ms
[71.073s][info][gc,start    ] GC(4) Pause Init Update Refs
[71.073s][info][gc,ergo     ] GC(4) Pacer for Update Refs. Used: 544M, Free: 1352M, Non-Taxable: 135M, Alloc Tax Rate: 1.1x
[71.073s][info][gc          ] GC(4) Pause Init Update Refs 0.073ms
[71.074s][info][gc,start    ] GC(4) Concurrent update references
[71.074s][info][gc,task     ] GC(4) Using 2 of 8 workers for concurrent reference update
[71.307s][info][gc          ] GC(4) Concurrent update references 233.228ms
[71.307s][info][gc,start    ] GC(4) Concurrent update thread roots
[71.310s][info][gc          ] GC(4) Concurrent update thread roots 2.286ms
[71.312s][info][gc,start    ] GC(4) Pause Final Update Refs
[71.312s][info][gc,task     ] GC(4) Using 8 of 8 workers for final reference update
[71.312s][info][gc          ] GC(4) Pause Final Update Refs 0.139ms
[71.312s][info][gc,start    ] GC(4) Concurrent cleanup
[71.312s][info][gc          ] GC(4) Concurrent cleanup 551M->167M(591M) 0.222ms
[71.312s][info][gc,ergo     ] Free: 1715M, Max: 512K regular, 1333M humongous, Frag: 23% external, 0% internal; Reserve: 101888K, Max: 512K
[71.312s][info][gc,stats    ] 
[71.312s][info][gc,stats    ] All times are wall-clock times, except per-root-class counters, that are sum over
[71.312s][info][gc,stats    ] all workers. Dividing the <total> over the root stage time estimates parallelism.
[71.312s][info][gc,stats    ] 
[71.312s][info][gc,stats    ] Concurrent Reset                   8888 us
[71.312s][info][gc,stats    ] Pause Init Mark (G)                 553 us
[71.312s][info][gc,stats    ] Pause Init Mark (N)                 146 us
[71.312s][info][gc,stats    ]   Update Region States               57 us
[71.312s][info][gc,stats    ] Concurrent Mark Roots              1377 us, parallelism: 1.18x
[71.312s][info][gc,stats    ]   CMR: <total>                     1628 us
[71.312s][info][gc,stats    ]   CMR: Thread Roots                1450 us, workers (us): 847, 603, ---, ---, ---, ---, ---, ---, 
[71.312s][info][gc,stats    ]   CMR: VM Strong Roots               27 us, workers (us):  27,   0, ---, ---, ---, ---, ---, ---, 
[71.313s][info][gc,stats    ]   CMR: CLDG Roots                   151 us, workers (us): 151, ---, ---, ---, ---, ---, ---, ---, 
[71.313s][info][gc,stats    ] Concurrent Marking               517277 us
[71.313s][info][gc,stats    ] Pause Final Mark (G)               1561 us
[71.313s][info][gc,stats    ] Pause Final Mark (N)               1493 us
[71.313s][info][gc,stats    ]   Finish Mark                      1184 us
[71.313s][info][gc,stats    ]   Update Region States               42 us
[71.313s][info][gc,stats    ]   Choose Collection Set             174 us
[71.313s][info][gc,stats    ]   Rebuild Free Set                   23 us
[71.313s][info][gc,stats    ] Concurrent Thread Roots             568 us, parallelism: 1.62x
[71.313s][info][gc,stats    ]   CTR: <total>                      920 us
[71.313s][info][gc,stats    ]   CTR: Thread Roots                 920 us, workers (us): 472, 448, ---, ---, ---, ---, ---, ---, 
[71.313s][info][gc,stats    ] Concurrent Weak References          205 us, parallelism: 0.70x
[71.313s][info][gc,stats    ]   CWRF: <total>                     144 us
[71.313s][info][gc,stats    ]   CWRF: Weak References             144 us, workers (us): 144,   0, ---, ---, ---, ---, ---, ---, 
[71.313s][info][gc,stats    ] Concurrent Weak Roots              6227 us
[71.313s][info][gc,stats    ]   Roots                            5612 us, parallelism: 1.12x
[71.313s][info][gc,stats    ]     CWR: <total>                   6268 us
[71.313s][info][gc,stats    ]     CWR: Code Cache Roots          5147 us, workers (us): 4411, 736, ---, ---, ---, ---, ---, ---, 
[71.313s][info][gc,stats    ]     CWR: VM Weak Roots             1079 us, workers (us): 1078,   1, ---, ---, ---, ---, ---, ---, 
[71.313s][info][gc,stats    ]     CWR: CLDG Roots                  42 us, workers (us):  42, ---, ---, ---, ---, ---, ---, ---, 
[71.313s][info][gc,stats    ]   Rendezvous                        562 us
[71.313s][info][gc,stats    ] Concurrent Cleanup                  133 us
[71.313s][info][gc,stats    ] Concurrent Class Unloading        45785 us
[71.313s][info][gc,stats    ]   Unlink Stale                    34769 us
[71.313s][info][gc,stats    ]     System Dictionary               249 us
[71.313s][info][gc,stats    ]     Weak Class Links              15904 us
[71.313s][info][gc,stats    ]     Code Roots                    18612 us
[71.313s][info][gc,stats    ]   Rendezvous                        162 us
[71.313s][info][gc,stats    ]   Purge Unlinked                  10812 us
[71.313s][info][gc,stats    ]     Code Roots                    10768 us
[71.313s][info][gc,stats    ]     CLDG                             43 us
[71.313s][info][gc,stats    ]     Exception Caches                  0 us
[71.313s][info][gc,stats    ] Concurrent Strong Roots            1076 us, parallelism: 0.41x
[71.313s][info][gc,stats    ]   CSR: <total>                      437 us
[71.313s][info][gc,stats    ]   CSR: VM Strong Roots               14 us, workers (us):  14,   1, ---, ---, ---, ---, ---, ---, 
[71.313s][info][gc,stats    ]   CSR: CLDG Roots                   423 us, workers (us): 423, ---, ---, ---, ---, ---, ---, ---, 
[71.313s][info][gc,stats    ] Concurrent Evacuation             61380 us
[71.313s][info][gc,stats    ] Pause Init Update Refs (G)         1840 us
[71.313s][info][gc,stats    ] Pause Init Update Refs (N)           80 us
[71.313s][info][gc,stats    ]   Manage GCLABs                      30 us
[71.313s][info][gc,stats    ] Concurrent Update Refs           233269 us
[71.313s][info][gc,stats    ] Concurrent Update Thread Roots     2315 us
[71.313s][info][gc,stats    ] Pause Final Update Refs (G)        2307 us
[71.313s][info][gc,stats    ] Pause Final Update Refs (N)         148 us
[71.313s][info][gc,stats    ]   Update Region States               56 us
[71.313s][info][gc,stats    ]   Trash Collection Set                8 us
[71.313s][info][gc,stats    ]   Rebuild Free Set                   31 us
[71.313s][info][gc,stats    ] Concurrent Cleanup                  231 us
[71.313s][info][gc,stats    ] 
[71.313s][info][gc,stats    ] Allocation pacing accrued:
[71.313s][info][gc,stats    ]       0 of 12346 ms (  0.0%): <total>
[71.313s][info][gc,stats    ]       0 of 12346 ms (  0.0%): <average total>
[71.313s][info][gc,stats    ] 
[71.313s][info][gc,metaspace] Metaspace: 66398K(67008K)->66398K(67008K) NonClass: 59008K(59328K)->59008K(59328K) Class: 7390K(7680K)->7389K(7680K)
[71.313s][info][gc,ergo     ] Pacer for Idle. Initial: 40642K, Alloc Tax Rate: 1.0x
