[0.011s][info][gc] Heuristics ergonomically sets -XX:+ExplicitGCInvokesConcurrent
[0.011s][info][gc] Heuristics ergonomically sets -XX:+ShenandoahImplicitGCInvokesConcurrent
[0.012s][info][gc] Using Shenandoah
[0.013s][info][gc,ergo] Pacer for Idle. Initial: 40642K, Alloc Tax Rate: 1.0x
[0.013s][info][gc,init] Version: 21.0.7+6-Ubuntu-0ubuntu122.04 (release)
[0.013s][info][gc,init] CPUs: 4 total, 4 available
[0.013s][info][gc,init] Memory: 7937M
[0.013s][info][gc,init] Large Page Support: Disabled
[0.013s][info][gc,init] NUMA Support: Disabled
[0.013s][info][gc,init] Compressed Oops: Enabled (32-bit)
[0.013s][info][gc,init] Heap Min Capacity: 6656K
[0.013s][info][gc,init] Heap Initial Capacity: 127488K
[0.013s][info][gc,init] Heap Max Capacity: 2032128K
[0.013s][info][gc,init] Pre-touch: Disabled
[0.013s][info][gc,init] Mode: Snapshot-At-The-Beginning (SATB)
[0.013s][info][gc,init] Heuristics: Adaptive
[0.013s][info][gc,init] Heap Region Count: 3969
[0.013s][info][gc,init] Heap Region Size: 512K
[0.013s][info][gc,init] TLAB Size Max: 512K
[0.013s][info][gc,init] Humongous Object Threshold: 512K
[0.013s][info][gc,init] Parallel Workers: 8
[0.013s][info][gc,init] Concurrent Workers: 2
[0.022s][info][gc,metaspace] CDS archive(s) mapped at: [0x00007f5dd7000000-0x00007f5dd7c97000-0x00007f5dd7c97000), size 13201408, SharedBaseAddress: 0x00007f5dd7000000, ArchiveRelocationMode: 1.
[0.022s][info][gc,metaspace] Compressed class space mapped at: 0x00007f5dd8000000-0x00007f5e18000000, reserved size: 1073741824
[0.022s][info][gc,metaspace] Narrow klass base: 0x00007f5dd7000000, Narrow klass shift: 0, Narrow klass range: 0x100000000
[1.381s][info][gc          ] Trigger: Metadata GC Threshold
[1.381s][info][gc,ergo     ] Free: 1746M, Max: 512K regular, 1746M humongous, Frag: 0% external, 0% internal; Reserve: 101888K, Max: 512K
[1.381s][info][gc,start    ] GC(0) Concurrent reset
[1.382s][info][gc,task     ] GC(0) Using 2 of 8 workers for concurrent reset
[1.382s][info][gc,ergo     ] GC(0) Pacer for Reset. Non-Taxable: 1984M
[1.382s][info][gc          ] GC(0) Concurrent reset 0.326ms
[1.382s][info][gc,start    ] GC(0) Pause Init Mark (unload classes)
[1.383s][info][gc,task     ] GC(0) Using 8 of 8 workers for init marking
[1.383s][info][gc,ergo     ] GC(0) Pacer for Mark. Expected Live: 198M, Free: 1746M, Non-Taxable: 174M, Alloc Tax Rate: 0.1x
[1.383s][info][gc          ] GC(0) Pause Init Mark (unload classes) 0.603ms
[1.383s][info][gc,start    ] GC(0) Concurrent marking roots
[1.383s][info][gc,task     ] GC(0) Using 2 of 8 workers for concurrent marking roots
[1.384s][info][gc          ] GC(0) Concurrent marking roots 1.632ms
[1.384s][info][gc,start    ] GC(0) Concurrent marking (unload classes)
[1.384s][info][gc,task     ] GC(0) Using 2 of 8 workers for concurrent marking
[1.430s][info][gc          ] GC(0) Concurrent marking (unload classes) 45.386ms
[1.430s][info][gc,start    ] GC(0) Pause Final Mark (unload classes)
[1.430s][info][gc,task     ] GC(0) Using 8 of 8 workers for final marking
[1.430s][info][gc,ergo     ] GC(0) Adaptive CSet Selection. Target Free: 380M, Actual Free: 1846M, Max CSet: 84672K, Min Garbage: 0B
[1.430s][info][gc,ergo     ] GC(0) Collectable Garbage: 73160K (98%), Immediate: 4335K (5%), CSet: 68825K (93%)
[1.430s][info][gc,ergo     ] GC(0) Pacer for Evacuation. Used CSet: 77824K, Free: 1747M, Non-Taxable: 174M, Alloc Tax Rate: 1.1x
[1.430s][info][gc          ] GC(0) Pause Final Mark (unload classes) 0.273ms
[1.430s][info][gc,start    ] GC(0) Concurrent thread roots
[1.430s][info][gc,task     ] GC(0) Using 2 of 8 workers for Concurrent thread roots
[1.430s][info][gc          ] GC(0) Concurrent thread roots 0.278ms
[1.430s][info][gc,start    ] GC(0) Concurrent weak references
[1.430s][info][gc,task     ] GC(0) Using 2 of 8 workers for concurrent weak references
[1.431s][info][gc,ref      ] GC(0) Encountered references: Soft: 3977, Weak: 2162, Final: 4, Phantom: 822
[1.431s][info][gc,ref      ] GC(0) Discovered  references: Soft: 0, Weak: 1242, Final: 0, Phantom: 567
[1.431s][info][gc,ref      ] GC(0) Enqueued    references: Soft: 0, Weak: 494, Final: 0, Phantom: 230
[1.431s][info][gc          ] GC(0) Concurrent weak references 0.861ms
[1.431s][info][gc,start    ] GC(0) Concurrent weak roots
[1.431s][info][gc,task     ] GC(0) Using 2 of 8 workers for concurrent weak root
[1.434s][info][gc          ] GC(0) Concurrent weak roots 2.364ms
[1.434s][info][gc,start    ] GC(0) Concurrent cleanup
[1.434s][info][gc          ] GC(0) Concurrent cleanup 142M->138M(145M) 0.117ms
[1.434s][info][gc,ergo     ] GC(0) Free: 1746M, Max: 512K regular, 1741M humongous, Frag: 1% external, 0% internal; Reserve: 100285K, Max: 512K
[1.434s][info][gc,start    ] GC(0) Concurrent class unloading
[1.434s][info][gc,task     ] GC(0) Using 2 of 8 workers for concurrent class unloading
[1.438s][info][gc          ] GC(0) Concurrent class unloading 4.459ms
[1.438s][info][gc,start    ] GC(0) Concurrent strong roots
[1.438s][info][gc,task     ] GC(0) Using 2 of 8 workers for concurrent strong root
[1.440s][info][gc          ] GC(0) Concurrent strong roots 1.255ms
[1.440s][info][gc,start    ] GC(0) Concurrent evacuation
[1.440s][info][gc,task     ] GC(0) Using 2 of 8 workers for concurrent evacuation
[1.445s][info][gc          ] GC(0) Concurrent evacuation 5.317ms
[1.445s][info][gc,start    ] GC(0) Pause Init Update Refs
[1.445s][info][gc,ergo     ] GC(0) Pacer for Update Refs. Used: 147M, Free: 1745M, Non-Taxable: 174M, Alloc Tax Rate: 1.1x
[1.445s][info][gc          ] GC(0) Pause Init Update Refs 0.034ms
[1.445s][info][gc,start    ] GC(0) Concurrent update references
[1.445s][info][gc,task     ] GC(0) Using 2 of 8 workers for concurrent reference update
[1.464s][info][gc          ] GC(0) Concurrent update references 18.619ms
[1.464s][info][gc,start    ] GC(0) Concurrent update thread roots
[1.464s][info][gc          ] GC(0) Concurrent update thread roots 0.268ms
[1.465s][info][gc,start    ] GC(0) Pause Final Update Refs
[1.465s][info][gc,task     ] GC(0) Using 8 of 8 workers for final reference update
[1.465s][info][gc          ] GC(0) Pause Final Update Refs 0.086ms
[1.465s][info][gc,start    ] GC(0) Concurrent cleanup
[1.465s][info][gc          ] GC(0) Concurrent cleanup 148M->72M(154M) 0.053ms
[1.465s][info][gc,ergo     ] Free: 1810M, Max: 512K regular, 1731M humongous, Frag: 5% external, 0% internal; Reserve: 101888K, Max: 512K
[1.465s][info][gc,stats    ] 
[1.466s][info][gc,stats    ] All times are wall-clock times, except per-root-class counters, that are sum over
[1.466s][info][gc,stats    ] all workers. Dividing the <total> over the root stage time estimates parallelism.
[1.466s][info][gc,stats    ] 
[1.466s][info][gc,stats    ] Concurrent Reset                    338 us
[1.466s][info][gc,stats    ] Pause Init Mark (G)                 950 us
[1.466s][info][gc,stats    ] Pause Init Mark (N)                 620 us
[1.466s][info][gc,stats    ]   Update Region States               34 us
[1.466s][info][gc,stats    ] Concurrent Mark Roots              1648 us, parallelism: 1.86x
[1.466s][info][gc,stats    ]   CMR: <total>                     3067 us
[1.466s][info][gc,stats    ]   CMR: Thread Roots                1204 us, workers (us): 1048, 156, ---, ---, ---, ---, ---, ---, 
[1.466s][info][gc,stats    ]   CMR: VM Strong Roots              611 us, workers (us): 490, 121, ---, ---, ---, ---, ---, ---, 
[1.466s][info][gc,stats    ]   CMR: CLDG Roots                  1252 us, workers (us): ---, 1252, ---, ---, ---, ---, ---, ---, 
[1.466s][info][gc,stats    ] Concurrent Marking                45411 us
[1.466s][info][gc,stats    ] Pause Final Mark (G)                403 us
[1.466s][info][gc,stats    ] Pause Final Mark (N)                280 us
[1.466s][info][gc,stats    ]   Finish Mark                        98 us
[1.466s][info][gc,stats    ]   Update Region States               40 us
[1.466s][info][gc,stats    ]   Choose Collection Set              78 us
[1.466s][info][gc,stats    ]   Rebuild Free Set                   21 us
[1.466s][info][gc,stats    ] Concurrent Thread Roots             290 us, parallelism: 1.07x
[1.466s][info][gc,stats    ]   CTR: <total>                      309 us
[1.466s][info][gc,stats    ]   CTR: Thread Roots                 309 us, workers (us): 223,  86, ---, ---, ---, ---, ---, ---, 
[1.466s][info][gc,stats    ] Concurrent Weak References          867 us, parallelism: 0.92x
[1.466s][info][gc,stats    ]   CWRF: <total>                     798 us
[1.466s][info][gc,stats    ]   CWRF: Weak References             798 us, workers (us): 772,  26, ---, ---, ---, ---, ---, ---, 
[1.466s][info][gc,stats    ] Concurrent Weak Roots              2383 us
[1.466s][info][gc,stats    ]   Roots                            2298 us, parallelism: 1.86x
[1.466s][info][gc,stats    ]     CWR: <total>                   4271 us
[1.466s][info][gc,stats    ]     CWR: Code Cache Roots           751 us, workers (us): 340, 411, ---, ---, ---, ---, ---, ---, 
[1.466s][info][gc,stats    ]     CWR: VM Weak Roots             3501 us, workers (us): 1824, 1678, ---, ---, ---, ---, ---, ---, 
[1.466s][info][gc,stats    ]     CWR: CLDG Roots                  18 us, workers (us):  18, ---, ---, ---, ---, ---, ---, ---, 
[1.466s][info][gc,stats    ]   Rendezvous                         52 us
[1.466s][info][gc,stats    ] Concurrent Cleanup                  124 us
[1.466s][info][gc,stats    ] Concurrent Class Unloading         4471 us
[1.466s][info][gc,stats    ]   Unlink Stale                     1668 us
[1.466s][info][gc,stats    ]     System Dictionary                27 us
[1.466s][info][gc,stats    ]     Weak Class Links                  0 us
[1.466s][info][gc,stats    ]     Code Roots                     1640 us
[1.466s][info][gc,stats    ]   Rendezvous                        294 us
[1.466s][info][gc,stats    ]   Purge Unlinked                   2483 us
[1.466s][info][gc,stats    ]     Code Roots                     2470 us
[1.466s][info][gc,stats    ]     CLDG                             12 us
[1.466s][info][gc,stats    ]     Exception Caches                  0 us
[1.466s][info][gc,stats    ] Concurrent Strong Roots            1278 us, parallelism: 0.96x
[1.466s][info][gc,stats    ]   CSR: <total>                     1223 us
[1.466s][info][gc,stats    ]   CSR: VM Strong Roots               24 us, workers (us):  18,   6, ---, ---, ---, ---, ---, ---, 
[1.466s][info][gc,stats    ]   CSR: CLDG Roots                  1199 us, workers (us): ---, 1199, ---, ---, ---, ---, ---, ---, 
[1.466s][info][gc,stats    ] Concurrent Evacuation              5337 us
[1.466s][info][gc,stats    ] Pause Init Update Refs (G)          178 us
[1.466s][info][gc,stats    ] Pause Init Update Refs (N)           40 us
[1.466s][info][gc,stats    ]   Manage GCLABs                       5 us
[1.466s][info][gc,stats    ] Concurrent Update Refs            18647 us
[1.466s][info][gc,stats    ] Concurrent Update Thread Roots      279 us
[1.466s][info][gc,stats    ] Pause Final Update Refs (G)        1304 us
[1.466s][info][gc,stats    ] Pause Final Update Refs (N)          93 us
[1.466s][info][gc,stats    ]   Update Region States               38 us
[1.466s][info][gc,stats    ]   Trash Collection Set                4 us
[1.466s][info][gc,stats    ]   Rebuild Free Set                   17 us
[1.466s][info][gc,stats    ] Concurrent Cleanup                   59 us
[1.466s][info][gc,stats    ] 
[1.466s][info][gc,stats    ] Allocation pacing accrued:
[1.466s][info][gc,stats    ]       0 of  1453 ms (  0.0%): <total>
[1.466s][info][gc,stats    ]       0 of  1453 ms (  0.0%): <average total>
[1.466s][info][gc,stats    ] 
[1.466s][info][gc,metaspace] Metaspace: 21226K(21568K)->22206K(22528K) NonClass: 18875K(19008K)->19741K(19904K) Class: 2350K(2560K)->2464K(2624K)
[1.466s][info][gc,ergo     ] Pacer for Idle. Initial: 40642K, Alloc Tax Rate: 1.0x
[2.801s][info][gc          ] Trigger: Metadata GC Threshold
[2.801s][info][gc,ergo     ] Free: 1706M, Max: 512K regular, 1706M humongous, Frag: 0% external, 0% internal; Reserve: 101888K, Max: 512K
[2.801s][info][gc,start    ] GC(1) Concurrent reset
[2.801s][info][gc,task     ] GC(1) Using 2 of 8 workers for concurrent reset
[2.801s][info][gc,ergo     ] GC(1) Pacer for Reset. Non-Taxable: 1984M
[2.802s][info][gc          ] GC(1) Concurrent reset 1.182ms
[2.803s][info][gc,start    ] GC(1) Pause Init Mark (unload classes)
[2.803s][info][gc,task     ] GC(1) Using 8 of 8 workers for init marking
[2.803s][info][gc,ergo     ] GC(1) Pacer for Mark. Expected Live: 65592K, Free: 1706M, Non-Taxable: 170M, Alloc Tax Rate: 0.0x
[2.803s][info][gc          ] GC(1) Pause Init Mark (unload classes) 0.078ms
[2.803s][info][gc,start    ] GC(1) Concurrent marking roots
[2.803s][info][gc,task     ] GC(1) Using 2 of 8 workers for concurrent marking roots
[2.803s][info][gc          ] GC(1) Concurrent marking roots 0.714ms
[2.803s][info][gc,start    ] GC(1) Concurrent marking (unload classes)
[2.803s][info][gc,task     ] GC(1) Using 2 of 8 workers for concurrent marking
[2.860s][info][gc          ] GC(1) Concurrent marking (unload classes) 56.079ms
[2.860s][info][gc,start    ] GC(1) Pause Final Mark (unload classes)
[2.860s][info][gc,task     ] GC(1) Using 8 of 8 workers for final marking
[2.860s][info][gc,ergo     ] GC(1) Adaptive CSet Selection. Target Free: 380M, Actual Free: 1841M, Max CSet: 84672K, Min Garbage: 0B
[2.860s][info][gc,ergo     ] GC(1) Collectable Garbage: 101M (98%), Immediate: 39251K (37%), CSet: 64833K (61%)
[2.860s][info][gc,ergo     ] GC(1) Pacer for Evacuation. Used CSet: 74067K, Free: 1743M, Non-Taxable: 174M, Alloc Tax Rate: 1.1x
[2.860s][info][gc          ] GC(1) Pause Final Mark (unload classes) 0.262ms
[2.860s][info][gc,start    ] GC(1) Concurrent thread roots
[2.860s][info][gc,task     ] GC(1) Using 2 of 8 workers for Concurrent thread roots
[2.860s][info][gc          ] GC(1) Concurrent thread roots 0.222ms
[2.860s][info][gc,start    ] GC(1) Concurrent weak references
[2.860s][info][gc,task     ] GC(1) Using 2 of 8 workers for concurrent weak references
[2.861s][info][gc,ref      ] GC(1) Encountered references: Soft: 4286, Weak: 2725, Final: 21, Phantom: 768
[2.861s][info][gc,ref      ] GC(1) Discovered  references: Soft: 0, Weak: 1433, Final: 0, Phantom: 626
[2.861s][info][gc,ref      ] GC(1) Enqueued    references: Soft: 0, Weak: 343, Final: 0, Phantom: 148
[2.861s][info][gc          ] GC(1) Concurrent weak references 0.482ms
[2.861s][info][gc,start    ] GC(1) Concurrent weak roots
[2.861s][info][gc,task     ] GC(1) Using 2 of 8 workers for concurrent weak root
[2.863s][info][gc          ] GC(1) Concurrent weak roots 2.301ms
[2.863s][info][gc,start    ] GC(1) Concurrent cleanup
[2.863s][info][gc          ] GC(1) Concurrent cleanup 179M->140M(183M) 0.120ms
[2.863s][info][gc,ergo     ] GC(1) Free: 1742M, Max: 512K regular, 1703M humongous, Frag: 3% external, 0% internal; Reserve: 100799K, Max: 512K
[2.863s][info][gc,start    ] GC(1) Concurrent class unloading
[2.863s][info][gc,task     ] GC(1) Using 2 of 8 workers for concurrent class unloading
[2.868s][info][gc          ] GC(1) Concurrent class unloading 4.470ms
[2.868s][info][gc,start    ] GC(1) Concurrent strong roots
[2.868s][info][gc,task     ] GC(1) Using 2 of 8 workers for concurrent strong root
[2.869s][info][gc          ] GC(1) Concurrent strong roots 1.532ms
[2.869s][info][gc,start    ] GC(1) Concurrent evacuation
[2.869s][info][gc,task     ] GC(1) Using 2 of 8 workers for concurrent evacuation
[2.886s][info][gc          ] GC(1) Concurrent evacuation 17.119ms
[2.887s][info][gc,start    ] GC(1) Pause Init Update Refs
[2.887s][info][gc,ergo     ] GC(1) Pacer for Update Refs. Used: 150M, Free: 1741M, Non-Taxable: 174M, Alloc Tax Rate: 1.1x
[2.887s][info][gc          ] GC(1) Pause Init Update Refs 0.041ms
[2.887s][info][gc,start    ] GC(1) Concurrent update references
[2.887s][info][gc,task     ] GC(1) Using 2 of 8 workers for concurrent reference update
[2.919s][info][gc          ] GC(1) Concurrent update references 32.346ms
[2.919s][info][gc,start    ] GC(1) Concurrent update thread roots
[2.919s][info][gc          ] GC(1) Concurrent update thread roots 0.279ms
[2.919s][info][gc,start    ] GC(1) Pause Final Update Refs
[2.920s][info][gc,task     ] GC(1) Using 8 of 8 workers for final reference update
[2.920s][info][gc          ] GC(1) Pause Final Update Refs 0.090ms
[2.920s][info][gc,start    ] GC(1) Concurrent cleanup
[2.920s][info][gc          ] GC(1) Concurrent cleanup 151M->79M(192M) 0.108ms
[2.920s][info][gc,ergo     ] Free: 1803M, Max: 512K regular, 1695M humongous, Frag: 6% external, 0% internal; Reserve: 101888K, Max: 512K
[2.920s][info][gc,stats    ] 
[2.920s][info][gc,stats    ] All times are wall-clock times, except per-root-class counters, that are sum over
[2.920s][info][gc,stats    ] all workers. Dividing the <total> over the root stage time estimates parallelism.
[2.920s][info][gc,stats    ] 
[2.920s][info][gc,stats    ] Concurrent Reset                   1196 us
[2.920s][info][gc,stats    ] Pause Init Mark (G)                 341 us
[2.920s][info][gc,stats    ] Pause Init Mark (N)                  84 us
[2.920s][info][gc,stats    ]   Update Region States               28 us
[2.920s][info][gc,stats    ] Concurrent Mark Roots               732 us, parallelism: 1.67x
[2.920s][info][gc,stats    ]   CMR: <total>                     1220 us
[2.920s][info][gc,stats    ]   CMR: Thread Roots                 601 us, workers (us): 487, 113, ---, ---, ---, ---, ---, ---, 
[2.920s][info][gc,stats    ]   CMR: VM Strong Roots              191 us, workers (us): 126,  65, ---, ---, ---, ---, ---, ---, 
[2.920s][info][gc,stats    ]   CMR: CLDG Roots                   428 us, workers (us): ---, 428, ---, ---, ---, ---, ---, ---, 
[2.920s][info][gc,stats    ] Concurrent Marking                56097 us
[2.920s][info][gc,stats    ] Pause Final Mark (G)                508 us
[2.920s][info][gc,stats    ] Pause Final Mark (N)                268 us
[2.920s][info][gc,stats    ]   Finish Mark                       102 us
[2.920s][info][gc,stats    ]   Update Region States               40 us
[2.920s][info][gc,stats    ]   Choose Collection Set              69 us
[2.920s][info][gc,stats    ]   Rebuild Free Set                   16 us
[2.920s][info][gc,stats    ] Concurrent Thread Roots             231 us, parallelism: 1.56x
[2.920s][info][gc,stats    ]   CTR: <total>                      361 us
[2.920s][info][gc,stats    ]   CTR: Thread Roots                 361 us, workers (us): 179, 181, ---, ---, ---, ---, ---, ---, 
[2.920s][info][gc,stats    ] Concurrent Weak References          490 us, parallelism: 0.89x
[2.920s][info][gc,stats    ]   CWRF: <total>                     434 us
[2.920s][info][gc,stats    ]   CWRF: Weak References             434 us, workers (us): 397,  36, ---, ---, ---, ---, ---, ---, 
[2.920s][info][gc,stats    ] Concurrent Weak Roots              2334 us
[2.920s][info][gc,stats    ]   Roots                            2240 us, parallelism: 1.80x
[2.920s][info][gc,stats    ]     CWR: <total>                   4030 us
[2.920s][info][gc,stats    ]     CWR: Code Cache Roots          1097 us, workers (us): 517, 580, ---, ---, ---, ---, ---, ---, 
[2.920s][info][gc,stats    ]     CWR: VM Weak Roots             2908 us, workers (us): 1572, 1336, ---, ---, ---, ---, ---, ---, 
[2.920s][info][gc,stats    ]     CWR: CLDG Roots                  26 us, workers (us):  26, ---, ---, ---, ---, ---, ---, ---, 
[2.920s][info][gc,stats    ]   Rendezvous                         45 us
[2.920s][info][gc,stats    ] Concurrent Cleanup                  127 us
[2.920s][info][gc,stats    ] Concurrent Class Unloading         4480 us
[2.920s][info][gc,stats    ]   Unlink Stale                     2967 us
[2.920s][info][gc,stats    ]     System Dictionary                37 us
[2.920s][info][gc,stats    ]     Weak Class Links                  0 us
[2.920s][info][gc,stats    ]     Code Roots                     2928 us
[2.920s][info][gc,stats    ]   Rendezvous                         38 us
[2.920s][info][gc,stats    ]   Purge Unlinked                   1451 us
[2.920s][info][gc,stats    ]     Code Roots                     1443 us
[2.920s][info][gc,stats    ]     CLDG                              8 us
[2.920s][info][gc,stats    ]     Exception Caches                  0 us
[2.920s][info][gc,stats    ] Concurrent Strong Roots            1547 us, parallelism: 0.93x
[2.920s][info][gc,stats    ]   CSR: <total>                     1442 us
[2.920s][info][gc,stats    ]   CSR: VM Strong Roots               29 us, workers (us):  21,   8, ---, ---, ---, ---, ---, ---, 
[2.920s][info][gc,stats    ]   CSR: CLDG Roots                  1413 us, workers (us): ---, 1413, ---, ---, ---, ---, ---, ---, 
[2.920s][info][gc,stats    ] Concurrent Evacuation             17143 us
[2.920s][info][gc,stats    ] Pause Init Update Refs (G)          174 us
[2.920s][info][gc,stats    ] Pause Init Update Refs (N)           48 us
[2.920s][info][gc,stats    ]   Manage GCLABs                       8 us
[2.920s][info][gc,stats    ] Concurrent Update Refs            32369 us
[2.920s][info][gc,stats    ] Concurrent Update Thread Roots      296 us
[2.920s][info][gc,stats    ] Pause Final Update Refs (G)         344 us
[2.920s][info][gc,stats    ] Pause Final Update Refs (N)         105 us
[2.920s][info][gc,stats    ]   Update Region States               41 us
[2.920s][info][gc,stats    ]   Trash Collection Set                4 us
[2.920s][info][gc,stats    ]   Rebuild Free Set                   18 us
[2.920s][info][gc,stats    ] Concurrent Cleanup                  116 us
[2.920s][info][gc,stats    ] 
[2.920s][info][gc,stats    ] Allocation pacing accrued:
[2.920s][info][gc,stats    ]       0 of  1454 ms (  0.0%): <total>
[2.920s][info][gc,stats    ]       0 of  1454 ms (  0.0%): <average total>
[2.920s][info][gc,stats    ] 
[2.920s][info][gc,metaspace] Metaspace: 37212K(37632K)->37872K(38272K) NonClass: 33093K(33344K)->33653K(33856K) Class: 4118K(4288K)->4218K(4416K)
[2.920s][info][gc,ergo     ] Pacer for Idle. Initial: 40642K, Alloc Tax Rate: 1.0x
[35.446s][info][gc          ] Trigger: Metadata GC Threshold
[35.446s][info][gc,ergo     ] Free: 1442M, Max: 512K regular, 1442M humongous, Frag: 0% external, 0% internal; Reserve: 101888K, Max: 512K
[35.446s][info][gc,start    ] GC(2) Concurrent reset
[35.446s][info][gc,task     ] GC(2) Using 2 of 8 workers for concurrent reset
[35.446s][info][gc,ergo     ] GC(2) Pacer for Reset. Non-Taxable: 1984M
[35.447s][info][gc          ] GC(2) Concurrent reset 1.062ms
[35.447s][info][gc,start    ] GC(2) Pause Init Mark (unload classes)
[35.447s][info][gc,task     ] GC(2) Using 8 of 8 workers for init marking
[35.447s][info][gc,ergo     ] GC(2) Pacer for Mark. Expected Live: 69821K, Free: 1441M, Non-Taxable: 144M, Alloc Tax Rate: 0.1x
[35.447s][info][gc          ] GC(2) Pause Init Mark (unload classes) 0.118ms
[35.447s][info][gc,start    ] GC(2) Concurrent marking roots
[35.447s][info][gc,task     ] GC(2) Using 2 of 8 workers for concurrent marking roots
[35.452s][info][gc          ] GC(2) Concurrent marking roots 4.338ms
[35.452s][info][gc,start    ] GC(2) Concurrent marking (unload classes)
[35.452s][info][gc,task     ] GC(2) Using 2 of 8 workers for concurrent marking
[35.495s][info][gc          ] GC(2) Concurrent marking (unload classes) 42.701ms
[35.495s][info][gc,start    ] GC(2) Pause Final Mark (unload classes)
[35.495s][info][gc,task     ] GC(2) Using 8 of 8 workers for final marking
[35.497s][info][gc,ergo     ] GC(2) Adaptive CSet Selection. Target Free: 380M, Actual Free: 1739M, Max CSet: 84672K, Min Garbage: 0B
[35.497s][info][gc,ergo     ] GC(2) Collectable Garbage: 358M (99%), Immediate: 201M (55%), CSet: 156M (43%)
[35.497s][info][gc,ergo     ] GC(2) Pacer for Evacuation. Used CSet: 164M, Free: 1642M, Non-Taxable: 164M, Alloc Tax Rate: 1.1x
[35.497s][info][gc          ] GC(2) Pause Final Mark (unload classes) 2.788ms
[35.497s][info][gc,start    ] GC(2) Concurrent thread roots
[35.497s][info][gc,task     ] GC(2) Using 2 of 8 workers for Concurrent thread roots
[35.498s][info][gc          ] GC(2) Concurrent thread roots 0.707ms
[35.498s][info][gc,start    ] GC(2) Concurrent weak references
[35.498s][info][gc,task     ] GC(2) Using 2 of 8 workers for concurrent weak references
[35.498s][info][gc,ref      ] GC(2) Encountered references: Soft: 4659, Weak: 4499, Final: 82, Phantom: 1135
[35.498s][info][gc,ref      ] GC(2) Discovered  references: Soft: 0, Weak: 1392, Final: 8, Phantom: 828
[35.498s][info][gc,ref      ] GC(2) Enqueued    references: Soft: 0, Weak: 624, Final: 8, Phantom: 481
[35.499s][info][gc          ] GC(2) Concurrent weak references 0.374ms
[35.499s][info][gc,start    ] GC(2) Concurrent weak roots
[35.499s][info][gc,task     ] GC(2) Using 2 of 8 workers for concurrent weak root
[35.502s][info][gc          ] GC(2) Concurrent weak roots 3.891ms
[35.502s][info][gc,start    ] GC(2) Concurrent cleanup
[35.503s][info][gc          ] GC(2) Concurrent cleanup 444M->242M(450M) 0.096ms
[35.503s][info][gc,ergo     ] GC(2) Free: 1640M, Max: 512K regular, 1437M humongous, Frag: 13% external, 0% internal; Reserve: 100968K, Max: 512K
[35.503s][info][gc,start    ] GC(2) Concurrent class unloading
[35.503s][info][gc,task     ] GC(2) Using 2 of 8 workers for concurrent class unloading
[35.510s][info][gc          ] GC(2) Concurrent class unloading 7.512ms
[35.510s][info][gc,start    ] GC(2) Concurrent strong roots
[35.510s][info][gc,task     ] GC(2) Using 2 of 8 workers for concurrent strong root
[35.512s][info][gc          ] GC(2) Concurrent strong roots 2.012ms
[35.512s][info][gc,start    ] GC(2) Concurrent evacuation
[35.512s][info][gc,task     ] GC(2) Using 2 of 8 workers for concurrent evacuation
[35.519s][info][gc          ] GC(2) Concurrent evacuation 6.944ms
[35.519s][info][gc,start    ] GC(2) Pause Init Update Refs
[35.519s][info][gc,ergo     ] GC(2) Pacer for Update Refs. Used: 250M, Free: 1640M, Non-Taxable: 164M, Alloc Tax Rate: 1.1x
[35.519s][info][gc          ] GC(2) Pause Init Update Refs 0.048ms
[35.519s][info][gc,start    ] GC(2) Concurrent update references
[35.519s][info][gc,task     ] GC(2) Using 2 of 8 workers for concurrent reference update
[35.539s][info][gc          ] GC(2) Concurrent update references 20.196ms
[35.539s][info][gc,start    ] GC(2) Concurrent update thread roots
[35.542s][info][gc          ] GC(2) Concurrent update thread roots 2.226ms
[35.542s][info][gc,start    ] GC(2) Pause Final Update Refs
[35.542s][info][gc,task     ] GC(2) Using 8 of 8 workers for final reference update
[35.542s][info][gc          ] GC(2) Pause Final Update Refs 0.080ms
[35.542s][info][gc,start    ] GC(2) Concurrent cleanup
[35.542s][info][gc          ] GC(2) Concurrent cleanup 251M->87M(456M) 0.092ms
[35.542s][info][gc,ergo     ] Free: 1795M, Max: 512K regular, 1431M humongous, Frag: 21% external, 0% internal; Reserve: 101888K, Max: 512K
[35.542s][info][gc,stats    ] 
[35.542s][info][gc,stats    ] All times are wall-clock times, except per-root-class counters, that are sum over
[35.542s][info][gc,stats    ] all workers. Dividing the <total> over the root stage time estimates parallelism.
[35.542s][info][gc,stats    ] 
[35.542s][info][gc,stats    ] Concurrent Reset                   1094 us
[35.542s][info][gc,stats    ] Pause Init Mark (G)                 373 us
[35.542s][info][gc,stats    ] Pause Init Mark (N)                 130 us
[35.542s][info][gc,stats    ]   Update Region States               37 us
[35.542s][info][gc,stats    ] Concurrent Mark Roots              4386 us, parallelism: 1.87x
[35.542s][info][gc,stats    ]   CMR: <total>                     8195 us
[35.542s][info][gc,stats    ]   CMR: Thread Roots                6311 us, workers (us): 3016, 3295, ---, ---, ---, ---, ---, ---, 
[35.542s][info][gc,stats    ]   CMR: VM Strong Roots             1173 us, workers (us): 329, 845, ---, ---, ---, ---, ---, ---, 
[35.542s][info][gc,stats    ]   CMR: CLDG Roots                   711 us, workers (us): 711, ---, ---, ---, ---, ---, ---, ---, 
[35.542s][info][gc,stats    ] Concurrent Marking                42722 us
[35.542s][info][gc,stats    ] Pause Final Mark (G)               2855 us
[35.542s][info][gc,stats    ] Pause Final Mark (N)               2794 us
[35.542s][info][gc,stats    ]   Finish Mark                      2605 us
[35.542s][info][gc,stats    ]   Update Region States               30 us
[35.542s][info][gc,stats    ]   Choose Collection Set              96 us
[35.542s][info][gc,stats    ]   Rebuild Free Set                   15 us
[35.542s][info][gc,stats    ] Concurrent Thread Roots             724 us, parallelism: 1.47x
[35.542s][info][gc,stats    ]   CTR: <total>                     1065 us
[35.542s][info][gc,stats    ]   CTR: Thread Roots                1065 us, workers (us): 630, 435, ---, ---, ---, ---, ---, ---, 
[35.542s][info][gc,stats    ] Concurrent Weak References          381 us, parallelism: 0.80x
[35.542s][info][gc,stats    ]   CWRF: <total>                     305 us
[35.542s][info][gc,stats    ]   CWRF: Weak References             305 us, workers (us): 301,   4, ---, ---, ---, ---, ---, ---, 
[35.542s][info][gc,stats    ] Concurrent Weak Roots              3910 us
[35.542s][info][gc,stats    ]   Roots                            2117 us, parallelism: 1.75x
[35.542s][info][gc,stats    ]     CWR: <total>                   3710 us
[35.542s][info][gc,stats    ]     CWR: Code Cache Roots          1592 us, workers (us): 755, 837, ---, ---, ---, ---, ---, ---, 
[35.542s][info][gc,stats    ]     CWR: VM Weak Roots             2087 us, workers (us): 1185, 902, ---, ---, ---, ---, ---, ---, 
[35.542s][info][gc,stats    ]     CWR: CLDG Roots                  31 us, workers (us):  31, ---, ---, ---, ---, ---, ---, ---, 
[35.542s][info][gc,stats    ]   Rendezvous                       1740 us
[35.542s][info][gc,stats    ] Concurrent Cleanup                  103 us
[35.542s][info][gc,stats    ] Concurrent Class Unloading         7531 us
[35.542s][info][gc,stats    ]   Unlink Stale                     5273 us
[35.542s][info][gc,stats    ]     System Dictionary                60 us
[35.542s][info][gc,stats    ]     Weak Class Links                  0 us
[35.542s][info][gc,stats    ]     Code Roots                     5210 us
[35.542s][info][gc,stats    ]   Rendezvous                         81 us
[35.542s][info][gc,stats    ]   Purge Unlinked                   2143 us
[35.542s][info][gc,stats    ]     Code Roots                     2120 us
[35.542s][info][gc,stats    ]     CLDG                             22 us
[35.542s][info][gc,stats    ]     Exception Caches                  0 us
[35.542s][info][gc,stats    ] Concurrent Strong Roots            2022 us, parallelism: 0.97x
[35.542s][info][gc,stats    ]   CSR: <total>                     1971 us
[35.542s][info][gc,stats    ]   CSR: VM Strong Roots               34 us, workers (us):  17,  16, ---, ---, ---, ---, ---, ---, 
[35.542s][info][gc,stats    ]   CSR: CLDG Roots                  1938 us, workers (us): 1938, ---, ---, ---, ---, ---, ---, ---, 
[35.542s][info][gc,stats    ] Concurrent Evacuation              6964 us
[35.542s][info][gc,stats    ] Pause Init Update Refs (G)          186 us
[35.542s][info][gc,stats    ] Pause Init Update Refs (N)           55 us
[35.542s][info][gc,stats    ]   Manage GCLABs                      17 us
[35.542s][info][gc,stats    ] Concurrent Update Refs            20220 us
[35.542s][info][gc,stats    ] Concurrent Update Thread Roots     2249 us
[35.542s][info][gc,stats    ] Pause Final Update Refs (G)         207 us
[35.542s][info][gc,stats    ] Pause Final Update Refs (N)          88 us
[35.542s][info][gc,stats    ]   Update Region States               27 us
[35.542s][info][gc,stats    ]   Trash Collection Set                5 us
[35.542s][info][gc,stats    ]   Rebuild Free Set                   17 us
[35.542s][info][gc,stats    ] Concurrent Cleanup                  100 us
[35.542s][info][gc,stats    ] 
[35.542s][info][gc,stats    ] Allocation pacing accrued:
[35.542s][info][gc,stats    ]       0 of 32622 ms (  0.0%): <total>
[35.542s][info][gc,stats    ]       0 of 32622 ms (  0.0%): <average total>
[35.542s][info][gc,stats    ] 
[35.543s][info][gc,metaspace] Metaspace: 63309K(63872K)->64186K(64704K) NonClass: 56193K(56512K)->57005K(57280K) Class: 7115K(7360K)->7181K(7424K)
[35.543s][info][gc,ergo     ] Pacer for Idle. Initial: 40642K, Alloc Tax Rate: 1.0x
[48.082s][info][gc          ] Trigger: Learning 4 of 5. Free (1389M) is below initial threshold (1389M)
[48.082s][info][gc,ergo     ] Free: 1389M, Max: 512K regular, 1389M humongous, Frag: 0% external, 0% internal; Reserve: 101888K, Max: 512K
[48.082s][info][gc,start    ] GC(3) Concurrent reset
[48.082s][info][gc,task     ] GC(3) Using 2 of 8 workers for concurrent reset
[48.082s][info][gc,ergo     ] GC(3) Pacer for Reset. Non-Taxable: 1984M
[48.087s][info][gc          ] GC(3) Concurrent reset 5.437ms
[48.087s][info][gc,start    ] GC(3) Pause Init Mark (unload classes)
[48.088s][info][gc,task     ] GC(3) Using 8 of 8 workers for init marking
[48.088s][info][gc,ergo     ] GC(3) Pacer for Mark. Expected Live: 73269K, Free: 1389M, Non-Taxable: 138M, Alloc Tax Rate: 0.1x
[48.088s][info][gc          ] GC(3) Pause Init Mark (unload classes) 0.100ms
[48.088s][info][gc,start    ] GC(3) Concurrent marking roots
[48.088s][info][gc,task     ] GC(3) Using 2 of 8 workers for concurrent marking roots
[48.089s][info][gc          ] GC(3) Concurrent marking roots 1.260ms
[48.089s][info][gc,start    ] GC(3) Concurrent marking (unload classes)
[48.089s][info][gc,task     ] GC(3) Using 2 of 8 workers for concurrent marking
[48.452s][info][gc          ] GC(3) Concurrent marking (unload classes) 362.695ms
[48.452s][info][gc,start    ] GC(3) Pause Final Mark (unload classes)
[48.452s][info][gc,task     ] GC(3) Using 8 of 8 workers for final marking
[48.458s][info][gc,ergo     ] GC(3) Adaptive CSet Selection. Target Free: 380M, Actual Free: 1426M, Max CSet: 84672K, Min Garbage: 0B
[48.458s][info][gc,ergo     ] GC(3) Collectable Garbage: 397M (99%), Immediate: 5632K (1%), CSet: 392M (98%)
[48.458s][info][gc,ergo     ] GC(3) Pacer for Evacuation. Used CSet: 404M, Free: 1326M, Non-Taxable: 132M, Alloc Tax Rate: 1.1x
[48.458s][info][gc          ] GC(3) Pause Final Mark (unload classes) 5.922ms
[48.458s][info][gc,start    ] GC(3) Concurrent thread roots
[48.458s][info][gc,task     ] GC(3) Using 2 of 8 workers for Concurrent thread roots
[48.463s][info][gc          ] GC(3) Concurrent thread roots 4.437ms
[48.463s][info][gc,start    ] GC(3) Concurrent weak references
[48.463s][info][gc,task     ] GC(3) Using 2 of 8 workers for concurrent weak references
[48.468s][info][gc,ref      ] GC(3) Encountered references: Soft: 4700, Weak: 14915, Final: 74, Phantom: 900
[48.468s][info][gc,ref      ] GC(3) Discovered  references: Soft: 0, Weak: 9635, Final: 0, Phantom: 651
[48.468s][info][gc,ref      ] GC(3) Enqueued    references: Soft: 0, Weak: 8524, Final: 0, Phantom: 142
[48.468s][info][gc          ] GC(3) Concurrent weak references 5.578ms
[48.468s][info][gc,start    ] GC(3) Concurrent weak roots
[48.468s][info][gc,task     ] GC(3) Using 2 of 8 workers for concurrent weak root
[48.471s][info][gc          ] GC(3) Concurrent weak roots 2.825ms
[48.471s][info][gc,start    ] GC(3) Concurrent cleanup
[48.471s][info][gc          ] GC(3) Concurrent cleanup 567M->561M(571M) 0.176ms
[48.471s][info][gc,ergo     ] GC(3) Free: 1321M, Max: 512K regular, 1315M humongous, Frag: 1% external, 0% internal; Reserve: 100855K, Max: 512K
[48.471s][info][gc,start    ] GC(3) Concurrent class unloading
[48.471s][info][gc,task     ] GC(3) Using 2 of 8 workers for concurrent class unloading
[48.576s][info][gc          ] GC(3) Concurrent class unloading 104.964ms
[48.577s][info][gc,start    ] GC(3) Concurrent strong roots
[48.577s][info][gc,task     ] GC(3) Using 2 of 8 workers for concurrent strong root
[48.583s][info][gc          ] GC(3) Concurrent strong roots 6.045ms
[48.583s][info][gc,start    ] GC(3) Concurrent evacuation
[48.583s][info][gc,task     ] GC(3) Using 2 of 8 workers for concurrent evacuation
[48.664s][info][gc          ] GC(3) Concurrent evacuation 81.488ms
[48.666s][info][gc,start    ] GC(3) Pause Init Update Refs
[48.666s][info][gc,ergo     ] GC(3) Pacer for Update Refs. Used: 593M, Free: 1302M, Non-Taxable: 130M, Alloc Tax Rate: 1.1x
[48.666s][info][gc          ] GC(3) Pause Init Update Refs 0.103ms
[48.666s][info][gc,start    ] GC(3) Concurrent update references
[48.666s][info][gc,task     ] GC(3) Using 2 of 8 workers for concurrent reference update
[48.832s][info][gc          ] GC(3) Concurrent update references 165.457ms
[48.832s][info][gc,start    ] GC(3) Concurrent update thread roots
[48.834s][info][gc          ] GC(3) Concurrent update thread roots 2.314ms
[48.834s][info][gc,start    ] GC(3) Pause Final Update Refs
[48.834s][info][gc,task     ] GC(3) Using 8 of 8 workers for final reference update
[48.835s][info][gc          ] GC(3) Pause Final Update Refs 0.109ms
[48.835s][info][gc,start    ] GC(3) Concurrent cleanup
[48.835s][info][gc          ] GC(3) Concurrent cleanup 605M->200M(609M) 0.183ms
[48.835s][info][gc,ergo     ] Free: 1681M, Max: 512K regular, 1278M humongous, Frag: 24% external, 1% internal; Reserve: 101888K, Max: 512K
[48.835s][info][gc,stats    ] 
[48.835s][info][gc,stats    ] All times are wall-clock times, except per-root-class counters, that are sum over
[48.835s][info][gc,stats    ] all workers. Dividing the <total> over the root stage time estimates parallelism.
[48.835s][info][gc,stats    ] 
[48.835s][info][gc,stats    ] Concurrent Reset                   5484 us
[48.835s][info][gc,stats    ] Pause Init Mark (G)                 255 us
[48.835s][info][gc,stats    ] Pause Init Mark (N)                 107 us
[48.835s][info][gc,stats    ]   Update Region States               57 us
[48.835s][info][gc,stats    ] Concurrent Mark Roots              1280 us, parallelism: 1.59x
[48.835s][info][gc,stats    ]   CMR: <total>                     2041 us
[48.835s][info][gc,stats    ]   CMR: Thread Roots                1859 us, workers (us): 903, 956, ---, ---, ---, ---, ---, ---, 
[48.835s][info][gc,stats    ]   CMR: VM Strong Roots               26 us, workers (us):  26,   1, ---, ---, ---, ---, ---, ---, 
[48.835s][info][gc,stats    ]   CMR: CLDG Roots                   156 us, workers (us): 156, ---, ---, ---, ---, ---, ---, ---, 
[48.835s][info][gc,stats    ] Concurrent Marking               362717 us
[48.835s][info][gc,stats    ] Pause Final Mark (G)               6763 us
[48.835s][info][gc,stats    ] Pause Final Mark (N)               5930 us
[48.835s][info][gc,stats    ]   Finish Mark                      5661 us
[48.835s][info][gc,stats    ]   Update Region States               57 us
[48.835s][info][gc,stats    ]   Choose Collection Set             145 us
[48.835s][info][gc,stats    ]   Rebuild Free Set                   17 us
[48.835s][info][gc,stats    ] Concurrent Thread Roots            4462 us, parallelism: 1.28x
[48.835s][info][gc,stats    ]   CTR: <total>                     5728 us
[48.835s][info][gc,stats    ]   CTR: Thread Roots                5728 us, workers (us): 4036, 1692, ---, ---, ---, ---, ---, ---, 
[48.835s][info][gc,stats    ] Concurrent Weak References         5586 us, parallelism: 0.96x
[48.835s][info][gc,stats    ]   CWRF: <total>                    5380 us
[48.835s][info][gc,stats    ]   CWRF: Weak References            5380 us, workers (us): 5379,   1, ---, ---, ---, ---, ---, ---, 
[48.835s][info][gc,stats    ] Concurrent Weak Roots              2847 us
[48.835s][info][gc,stats    ]   Roots                            2662 us, parallelism: 1.88x
[48.835s][info][gc,stats    ]     CWR: <total>                   4999 us
[48.835s][info][gc,stats    ]     CWR: Code Cache Roots          3453 us, workers (us): 1691, 1761, ---, ---, ---, ---, ---, ---, 
[48.835s][info][gc,stats    ]     CWR: VM Weak Roots             1491 us, workers (us): 748, 742, ---, ---, ---, ---, ---, ---, 
[48.835s][info][gc,stats    ]     CWR: CLDG Roots                  55 us, workers (us):  55, ---, ---, ---, ---, ---, ---, ---, 
[48.835s][info][gc,stats    ]   Rendezvous                        147 us
[48.835s][info][gc,stats    ] Concurrent Cleanup                  184 us
[48.835s][info][gc,stats    ] Concurrent Class Unloading       105031 us
[48.835s][info][gc,stats    ]   Unlink Stale                    62014 us
[48.835s][info][gc,stats    ]     System Dictionary               240 us
[48.835s][info][gc,stats    ]     Weak Class Links              33938 us
[48.835s][info][gc,stats    ]     Code Roots                    27834 us
[48.835s][info][gc,stats    ]   Rendezvous                       2278 us
[48.835s][info][gc,stats    ]   Purge Unlinked                  40652 us
[48.835s][info][gc,stats    ]     Code Roots                    40573 us
[48.835s][info][gc,stats    ]     CLDG                             78 us
[48.835s][info][gc,stats    ]     Exception Caches                  0 us
[48.835s][info][gc,stats    ] Concurrent Strong Roots            6071 us, parallelism: 0.15x
[48.836s][info][gc,stats    ]   CSR: <total>                      938 us
[48.836s][info][gc,stats    ]   CSR: VM Strong Roots               29 us, workers (us):  28,   1, ---, ---, ---, ---, ---, ---, 
[48.836s][info][gc,stats    ]   CSR: CLDG Roots                   909 us, workers (us): 909, ---, ---, ---, ---, ---, ---, ---, 
[48.836s][info][gc,stats    ] Concurrent Evacuation             81517 us
[48.836s][info][gc,stats    ] Pause Init Update Refs (G)         2337 us
[48.836s][info][gc,stats    ] Pause Init Update Refs (N)          112 us
[48.836s][info][gc,stats    ]   Manage GCLABs                      61 us
[48.836s][info][gc,stats    ] Concurrent Update Refs           165510 us
[48.836s][info][gc,stats    ] Concurrent Update Thread Roots     2354 us
[48.836s][info][gc,stats    ] Pause Final Update Refs (G)         612 us
[48.836s][info][gc,stats    ] Pause Final Update Refs (N)         119 us
[48.836s][info][gc,stats    ]   Update Region States               50 us
[48.836s][info][gc,stats    ]   Trash Collection Set                9 us
[48.836s][info][gc,stats    ]   Rebuild Free Set                   25 us
[48.836s][info][gc,stats    ] Concurrent Cleanup                  197 us
[48.836s][info][gc,stats    ] 
[48.836s][info][gc,stats    ] Allocation pacing accrued:
[48.836s][info][gc,stats    ]       0 of 13293 ms (  0.0%): <total>
[48.836s][info][gc,stats    ]       0 of 13293 ms (  0.0%): <average total>
[48.836s][info][gc,stats    ] 
[48.836s][info][gc,metaspace] Metaspace: 71074K(71616K)->71080K(71616K) NonClass: 63565K(63872K)->63576K(63872K) Class: 7508K(7744K)->7504K(7744K)
[48.836s][info][gc,ergo     ] Pacer for Idle. Initial: 40642K, Alloc Tax Rate: 1.0x
[55.008s][info][gc          ] Trigger: Learning 5 of 5. Free (1389M) is below initial threshold (1389M)
[55.008s][info][gc,ergo     ] Free: 1389M, Max: 512K regular, 1278M humongous, Frag: 8% external, 1% internal; Reserve: 101888K, Max: 512K
[55.008s][info][gc,start    ] GC(4) Concurrent reset
[55.008s][info][gc,task     ] GC(4) Using 2 of 8 workers for concurrent reset
[55.008s][info][gc,ergo     ] GC(4) Pacer for Reset. Non-Taxable: 1984M
[55.016s][info][gc          ] GC(4) Concurrent reset 8.002ms
[55.016s][info][gc,start    ] GC(4) Pause Init Mark (unload classes)
[55.016s][info][gc,task     ] GC(4) Using 8 of 8 workers for init marking
[55.016s][info][gc,ergo     ] GC(4) Pacer for Mark. Expected Live: 78848K, Free: 1388M, Non-Taxable: 138M, Alloc Tax Rate: 0.1x
[55.016s][info][gc          ] GC(4) Pause Init Mark (unload classes) 0.069ms
[55.016s][info][gc,start    ] GC(4) Concurrent marking roots
[55.016s][info][gc,task     ] GC(4) Using 2 of 8 workers for concurrent marking roots
[55.017s][info][gc          ] GC(4) Concurrent marking roots 1.018ms
[55.017s][info][gc,start    ] GC(4) Concurrent marking (unload classes)
[55.017s][info][gc,task     ] GC(4) Using 2 of 8 workers for concurrent marking
[55.398s][info][gc          ] GC(4) Concurrent marking (unload classes) 380.180ms
[55.398s][info][gc,start    ] GC(4) Pause Final Mark (unload classes)
[55.398s][info][gc,task     ] GC(4) Using 8 of 8 workers for final marking
[55.399s][info][gc,ergo     ] GC(4) Adaptive CSet Selection. Target Free: 380M, Actual Free: 1448M, Max CSet: 84672K, Min Garbage: 0B
[55.399s][info][gc,ergo     ] GC(4) Collectable Garbage: 391M (99%), Immediate: 9728K (2%), CSet: 381M (96%)
[55.399s][info][gc,ergo     ] GC(4) Pacer for Evacuation. Used CSet: 392M, Free: 1349M, Non-Taxable: 134M, Alloc Tax Rate: 1.1x
[55.399s][info][gc          ] GC(4) Pause Final Mark (unload classes) 1.471ms
[55.399s][info][gc,start    ] GC(4) Concurrent thread roots
[55.399s][info][gc,task     ] GC(4) Using 2 of 8 workers for Concurrent thread roots
[55.400s][info][gc          ] GC(4) Concurrent thread roots 0.693ms
[55.400s][info][gc,start    ] GC(4) Concurrent weak references
[55.400s][info][gc,task     ] GC(4) Using 2 of 8 workers for concurrent weak references
[55.403s][info][gc,ref      ] GC(4) Encountered references: Soft: 4706, Weak: 14106, Final: 74, Phantom: 767
[55.403s][info][gc,ref      ] GC(4) Discovered  references: Soft: 0, Weak: 8802, Final: 0, Phantom: 572
[55.403s][info][gc,ref      ] GC(4) Enqueued    references: Soft: 0, Weak: 7675, Final: 0, Phantom: 7
[55.403s][info][gc          ] GC(4) Concurrent weak references 3.511ms
[55.403s][info][gc,start    ] GC(4) Concurrent weak roots
[55.403s][info][gc,task     ] GC(4) Using 2 of 8 workers for concurrent weak root
[55.410s][info][gc          ] GC(4) Concurrent weak roots 6.872ms
[55.410s][info][gc,start    ] GC(4) Concurrent cleanup
[55.411s][info][gc          ] GC(4) Concurrent cleanup 547M->537M(609M) 0.130ms
[55.411s][info][gc,ergo     ] GC(4) Free: 1345M, Max: 512K regular, 1278M humongous, Frag: 5% external, 0% internal; Reserve: 101212K, Max: 512K
[55.411s][info][gc,start    ] GC(4) Concurrent class unloading
[55.411s][info][gc,task     ] GC(4) Using 2 of 8 workers for concurrent class unloading
[55.444s][info][gc          ] GC(4) Concurrent class unloading 33.934ms
[55.445s][info][gc,start    ] GC(4) Concurrent strong roots
[55.445s][info][gc,task     ] GC(4) Using 2 of 8 workers for concurrent strong root
[55.445s][info][gc          ] GC(4) Concurrent strong roots 0.621ms
[55.445s][info][gc,start    ] GC(4) Concurrent evacuation
[55.445s][info][gc,task     ] GC(4) Using 2 of 8 workers for concurrent evacuation
[55.493s][info][gc          ] GC(4) Concurrent evacuation 48.119ms
[55.500s][info][gc,start    ] GC(4) Pause Init Update Refs
[55.500s][info][gc,ergo     ] GC(4) Pacer for Update Refs. Used: 559M, Free: 1334M, Non-Taxable: 133M, Alloc Tax Rate: 1.1x
[55.500s][info][gc          ] GC(4) Pause Init Update Refs 0.084ms
[55.500s][info][gc,start    ] GC(4) Concurrent update references
[55.500s][info][gc,task     ] GC(4) Using 2 of 8 workers for concurrent reference update
[55.731s][info][gc          ] GC(4) Concurrent update references 231.465ms
[55.731s][info][gc,start    ] GC(4) Concurrent update thread roots
[55.732s][info][gc          ] GC(4) Concurrent update thread roots 0.925ms
[55.733s][info][gc,start    ] GC(4) Pause Final Update Refs
[55.733s][info][gc,task     ] GC(4) Using 8 of 8 workers for final reference update
[55.733s][info][gc          ] GC(4) Pause Final Update Refs 0.106ms
[55.733s][info][gc,start    ] GC(4) Concurrent cleanup
[55.733s][info][gc          ] GC(4) Concurrent cleanup 581M->189M(619M) 0.092ms
[55.734s][info][gc,ergo     ] Free: 1692M, Max: 512K regular, 1395M humongous, Frag: 18% external, 0% internal; Reserve: 101888K, Max: 512K
[55.734s][info][gc,stats    ] 
[55.734s][info][gc,stats    ] All times are wall-clock times, except per-root-class counters, that are sum over
[55.734s][info][gc,stats    ] all workers. Dividing the <total> over the root stage time estimates parallelism.
[55.734s][info][gc,stats    ] 
[55.734s][info][gc,stats    ] Concurrent Reset                   8034 us
[55.734s][info][gc,stats    ] Pause Init Mark (G)                 155 us
[55.734s][info][gc,stats    ] Pause Init Mark (N)                  75 us
[55.734s][info][gc,stats    ]   Update Region States               30 us
[55.734s][info][gc,stats    ] Concurrent Mark Roots              1041 us, parallelism: 1.56x
[55.734s][info][gc,stats    ]   CMR: <total>                     1624 us
[55.734s][info][gc,stats    ]   CMR: Thread Roots                1406 us, workers (us): 615, 791, ---, ---, ---, ---, ---, ---, 
[55.734s][info][gc,stats    ]   CMR: VM Strong Roots               33 us, workers (us):  15,  17, ---, ---, ---, ---, ---, ---, 
[55.734s][info][gc,stats    ]   CMR: CLDG Roots                   185 us, workers (us): 185, ---, ---, ---, ---, ---, ---, ---, 
[55.734s][info][gc,stats    ] Concurrent Marking               380215 us
[55.734s][info][gc,stats    ] Pause Final Mark (G)               1621 us
[55.734s][info][gc,stats    ] Pause Final Mark (N)               1480 us
[55.734s][info][gc,stats    ]   Finish Mark                      1161 us
[55.734s][info][gc,stats    ]   Update Region States               47 us
[55.734s][info][gc,stats    ]   Choose Collection Set             177 us
[55.734s][info][gc,stats    ]   Rebuild Free Set                   19 us
[55.734s][info][gc,stats    ] Concurrent Thread Roots             712 us, parallelism: 1.77x
[55.734s][info][gc,stats    ]   CTR: <total>                     1258 us
[55.734s][info][gc,stats    ]   CTR: Thread Roots                1258 us, workers (us): 644, 614, ---, ---, ---, ---, ---, ---, 
[55.734s][info][gc,stats    ] Concurrent Weak References         3518 us, parallelism: 0.97x
[55.734s][info][gc,stats    ]   CWRF: <total>                    3426 us
[55.734s][info][gc,stats    ]   CWRF: Weak References            3426 us, workers (us): 3426,   0, ---, ---, ---, ---, ---, ---, 
[55.734s][info][gc,stats    ] Concurrent Weak Roots              6896 us
[55.734s][info][gc,stats    ]   Roots                            6692 us, parallelism: 0.91x
[55.734s][info][gc,stats    ]     CWR: <total>                   6100 us
[55.734s][info][gc,stats    ]     CWR: Code Cache Roots          4648 us, workers (us): 2299, 2349, ---, ---, ---, ---, ---, ---, 
[55.734s][info][gc,stats    ]     CWR: VM Weak Roots             1407 us, workers (us): 1041, 366, ---, ---, ---, ---, ---, ---, 
[55.734s][info][gc,stats    ]     CWR: CLDG Roots                  45 us, workers (us):  45, ---, ---, ---, ---, ---, ---, ---, 
[55.734s][info][gc,stats    ]   Rendezvous                        166 us
[55.734s][info][gc,stats    ] Concurrent Cleanup                  138 us
[55.734s][info][gc,stats    ] Concurrent Class Unloading        33957 us
[55.734s][info][gc,stats    ]   Unlink Stale                    16574 us
[55.734s][info][gc,stats    ]     System Dictionary                77 us
[55.734s][info][gc,stats    ]     Weak Class Links                  0 us
[55.734s][info][gc,stats    ]     Code Roots                    16494 us
[55.734s][info][gc,stats    ]   Rendezvous                       5387 us
[55.734s][info][gc,stats    ]   Purge Unlinked                  11955 us
[55.734s][info][gc,stats    ]     Code Roots                    11916 us
[55.734s][info][gc,stats    ]     CLDG                             38 us
[55.734s][info][gc,stats    ]     Exception Caches                  0 us
[55.734s][info][gc,stats    ] Concurrent Strong Roots             639 us, parallelism: 0.82x
[55.734s][info][gc,stats    ]   CSR: <total>                      522 us
[55.734s][info][gc,stats    ]   CSR: VM Strong Roots               23 us, workers (us):  23,   0, ---, ---, ---, ---, ---, ---, 
[55.734s][info][gc,stats    ]   CSR: CLDG Roots                   499 us, workers (us): 499, ---, ---, ---, ---, ---, ---, ---, 
[55.734s][info][gc,stats    ] Concurrent Evacuation             48149 us
[55.734s][info][gc,stats    ] Pause Init Update Refs (G)         6535 us
[55.734s][info][gc,stats    ] Pause Init Update Refs (N)           92 us
[55.734s][info][gc,stats    ]   Manage GCLABs                      47 us
[55.734s][info][gc,stats    ] Concurrent Update Refs           231502 us
[55.734s][info][gc,stats    ] Concurrent Update Thread Roots      947 us
[55.734s][info][gc,stats    ] Pause Final Update Refs (G)        1085 us
[55.734s][info][gc,stats    ] Pause Final Update Refs (N)         115 us
[55.734s][info][gc,stats    ]   Update Region States               48 us
[55.734s][info][gc,stats    ]   Trash Collection Set                8 us
[55.734s][info][gc,stats    ]   Rebuild Free Set                   16 us
[55.734s][info][gc,stats    ] Concurrent Cleanup                   99 us
[55.734s][info][gc,stats    ] 
[55.734s][info][gc,stats    ] Allocation pacing accrued:
[55.734s][info][gc,stats    ]       0 of  6898 ms (  0.0%): <total>
[55.734s][info][gc,stats    ]       0 of  6898 ms (  0.0%): <average total>
[55.734s][info][gc,stats    ] 
[55.734s][info][gc,metaspace] Metaspace: 71134K(71680K)->71135K(71680K) NonClass: 63620K(63936K)->63621K(63936K) Class: 7513K(7744K)->7513K(7744K)
[55.734s][info][gc,ergo     ] Pacer for Idle. Initial: 40642K, Alloc Tax Rate: 1.0x
[81.968s][info][gc          ] Trigger: Free (297M) is below minimum threshold (297M)
[81.968s][info][gc,ergo     ] Free: 297M, Max: 512K regular, 297M humongous, Frag: 0% external, 0% internal; Reserve: 101888K, Max: 512K
[81.968s][info][gc,start    ] GC(5) Concurrent reset
[81.968s][info][gc,task     ] GC(5) Using 2 of 8 workers for concurrent reset
[81.968s][info][gc,ergo     ] GC(5) Pacer for Reset. Non-Taxable: 1984M
[81.976s][info][gc          ] GC(5) Concurrent reset 8.451ms
[81.977s][info][gc,start    ] GC(5) Pause Init Mark (unload classes)
[81.977s][info][gc,task     ] GC(5) Using 8 of 8 workers for init marking
[81.978s][info][gc,ergo     ] GC(5) Pacer for Mark. Expected Live: 83538K, Free: 297M, Non-Taxable: 30476K, Alloc Tax Rate: 0.3x
[81.978s][info][gc          ] GC(5) Pause Init Mark (unload classes) 0.139ms
[81.978s][info][gc,start    ] GC(5) Concurrent marking roots
[81.978s][info][gc,task     ] GC(5) Using 2 of 8 workers for concurrent marking roots
[81.981s][info][gc          ] GC(5) Concurrent marking roots 3.483ms
[81.981s][info][gc,start    ] GC(5) Concurrent marking (unload classes)
[81.981s][info][gc,task     ] GC(5) Using 2 of 8 workers for concurrent marking
[82.478s][info][gc          ] GC(5) Concurrent marking (unload classes) 496.981ms
[82.479s][info][gc,start    ] GC(5) Pause Final Mark (unload classes)
[82.479s][info][gc,task     ] GC(5) Using 8 of 8 workers for final marking
[82.480s][info][gc,ergo     ] GC(5) Adaptive CSet Selection. Target Free: 380M, Actual Free: 383M, Max CSet: 84672K, Min Garbage: 0B
[82.481s][info][gc,ergo     ] GC(5) Collectable Garbage: 1468M (99%), Immediate: 16896K (1%), CSet: 1452M (98%)
[82.481s][info][gc,ergo     ] GC(5) Pacer for Evacuation. Used CSet: 1482M, Free: 284M, Non-Taxable: 29081K, Alloc Tax Rate: 12.8x
[82.481s][info][gc          ] GC(5) Pause Final Mark (unload classes) 1.591ms
[82.481s][info][gc,start    ] GC(5) Concurrent thread roots
[82.481s][info][gc,task     ] GC(5) Using 2 of 8 workers for Concurrent thread roots
[82.482s][info][gc          ] GC(5) Concurrent thread roots 1.136ms
[82.482s][info][gc,start    ] GC(5) Concurrent weak references
[82.482s][info][gc,task     ] GC(5) Using 2 of 8 workers for concurrent weak references
[82.500s][info][gc,ref      ] GC(5) Encountered references: Soft: 4706, Weak: 41453, Final: 74, Phantom: 761
[82.500s][info][gc,ref      ] GC(5) Discovered  references: Soft: 0, Weak: 35842, Final: 0, Phantom: 568
[82.500s][info][gc,ref      ] GC(5) Enqueued    references: Soft: 0, Weak: 35038, Final: 0, Phantom: 4
[82.500s][info][gc          ] GC(5) Concurrent weak references 18.126ms
[82.500s][info][gc,start    ] GC(5) Concurrent weak roots
[82.500s][info][gc,task     ] GC(5) Using 2 of 8 workers for concurrent weak root
[82.513s][info][gc          ] GC(5) Concurrent weak roots 12.921ms
[82.513s][info][gc,start    ] GC(5) Concurrent cleanup
[82.513s][info][gc          ] GC(5) Concurrent cleanup 1617M->1601M(1623M) 0.164ms
[82.513s][info][gc,ergo     ] GC(5) Free: 282M, Max: 512K regular, 266M humongous, Frag: 6% external, 0% internal; Reserve: 99553K, Max: 512K
[82.513s][info][gc,start    ] GC(5) Concurrent class unloading
[82.513s][info][gc,task     ] GC(5) Using 2 of 8 workers for concurrent class unloading
[82.554s][info][gc          ] GC(5) Concurrent class unloading 40.458ms
[82.554s][info][gc,start    ] GC(5) Concurrent strong roots
[82.554s][info][gc,task     ] GC(5) Using 2 of 8 workers for concurrent strong root
[82.554s][info][gc          ] GC(5) Concurrent strong roots 0.563ms
[82.554s][info][gc,start    ] GC(5) Concurrent evacuation
[82.554s][info][gc,task     ] GC(5) Using 2 of 8 workers for concurrent evacuation
[82.718s][info][gc          ] GC(5) Concurrent evacuation 163.629ms
[82.719s][info][gc,start    ] GC(5) Pause Init Update Refs
[82.719s][info][gc,ergo     ] GC(5) Pacer for Update Refs. Used: 1638M, Free: 274M, Non-Taxable: 28088K, Alloc Tax Rate: 7.3x
[82.719s][info][gc          ] GC(5) Pause Init Update Refs 0.091ms
[82.719s][info][gc,start    ] GC(5) Concurrent update references
[82.719s][info][gc,task     ] GC(5) Using 2 of 8 workers for concurrent reference update
[83.003s][info][gc          ] GC(5) Concurrent update references 284.119ms
[83.003s][info][gc,start    ] GC(5) Concurrent update thread roots
[83.004s][info][gc          ] GC(5) Concurrent update thread roots 1.394ms
[83.005s][info][gc,start    ] GC(5) Pause Final Update Refs
[83.005s][info][gc,task     ] GC(5) Using 8 of 8 workers for final reference update
[83.005s][info][gc          ] GC(5) Pause Final Update Refs 0.155ms
[83.005s][info][gc,start    ] GC(5) Concurrent cleanup
[83.006s][info][gc          ] GC(5) Concurrent cleanup 1655M->172M(1658M) 0.212ms
[83.006s][info][gc,ergo     ] Free: 1709M, Max: 512K regular, 274M humongous, Frag: 84% external, 0% internal; Reserve: 101888K, Max: 512K
[83.006s][info][gc,stats    ] 
[83.006s][info][gc,stats    ] All times are wall-clock times, except per-root-class counters, that are sum over
[83.006s][info][gc,stats    ] all workers. Dividing the <total> over the root stage time estimates parallelism.
[83.006s][info][gc,stats    ] 
[83.006s][info][gc,stats    ] Concurrent Reset                   8487 us
[83.006s][info][gc,stats    ] Pause Init Mark (G)                1358 us
[83.006s][info][gc,stats    ] Pause Init Mark (N)                 147 us
[83.006s][info][gc,stats    ]   Update Region States               59 us
[83.006s][info][gc,stats    ] Concurrent Mark Roots              3506 us, parallelism: 1.24x
[83.006s][info][gc,stats    ]   CMR: <total>                     4341 us
[83.006s][info][gc,stats    ]   CMR: Thread Roots                4068 us, workers (us): 2638, 1430, ---, ---, ---, ---, ---, ---, 
[83.006s][info][gc,stats    ]   CMR: VM Strong Roots               35 us, workers (us):  34,   1, ---, ---, ---, ---, ---, ---, 
[83.006s][info][gc,stats    ]   CMR: CLDG Roots                   238 us, workers (us): 238, ---, ---, ---, ---, ---, ---, ---, 
[83.006s][info][gc,stats    ] Concurrent Marking               497043 us
[83.006s][info][gc,stats    ] Pause Final Mark (G)               2552 us
[83.006s][info][gc,stats    ] Pause Final Mark (N)               1599 us
[83.006s][info][gc,stats    ]   Finish Mark                      1031 us
[83.006s][info][gc,stats    ]   Update Region States               58 us
[83.006s][info][gc,stats    ]   Choose Collection Set             407 us
[83.006s][info][gc,stats    ]   Rebuild Free Set                   14 us
[83.006s][info][gc,stats    ] Concurrent Thread Roots            1156 us, parallelism: 1.63x
[83.006s][info][gc,stats    ]   CTR: <total>                     1881 us
[83.006s][info][gc,stats    ]   CTR: Thread Roots                1881 us, workers (us): 1062, 819, ---, ---, ---, ---, ---, ---, 
[83.006s][info][gc,stats    ] Concurrent Weak References        18135 us, parallelism: 0.99x
[83.006s][info][gc,stats    ]   CWRF: <total>                   18000 us
[83.006s][info][gc,stats    ]   CWRF: Weak References           18000 us, workers (us): 17999,   1, ---, ---, ---, ---, ---, ---, 
[83.006s][info][gc,stats    ] Concurrent Weak Roots             12955 us
[83.006s][info][gc,stats    ]   Roots                            5344 us, parallelism: 1.96x
[83.006s][info][gc,stats    ]     CWR: <total>                  10465 us
[83.006s][info][gc,stats    ]     CWR: Code Cache Roots          8657 us, workers (us): 4283, 4373, ---, ---, ---, ---, ---, ---, 
[83.006s][info][gc,stats    ]     CWR: VM Weak Roots             1758 us, workers (us): 879, 879, ---, ---, ---, ---, ---, ---, 
[83.006s][info][gc,stats    ]     CWR: CLDG Roots                  51 us, workers (us):  51, ---, ---, ---, ---, ---, ---, ---, 
[83.006s][info][gc,stats    ]   Rendezvous                       7559 us
[83.006s][info][gc,stats    ] Concurrent Cleanup                  173 us
[83.006s][info][gc,stats    ] Concurrent Class Unloading        40483 us
[83.006s][info][gc,stats    ]   Unlink Stale                    19693 us
[83.006s][info][gc,stats    ]     System Dictionary                74 us
[83.006s][info][gc,stats    ]     Weak Class Links                  0 us
[83.006s][info][gc,stats    ]     Code Roots                    19616 us
[83.006s][info][gc,stats    ]   Rendezvous                        229 us
[83.006s][info][gc,stats    ]   Purge Unlinked                  20515 us
[83.006s][info][gc,stats    ]     Code Roots                    20448 us
[83.006s][info][gc,stats    ]     CLDG                             66 us
[83.006s][info][gc,stats    ]     Exception Caches                  0 us
[83.006s][info][gc,stats    ] Concurrent Strong Roots             585 us, parallelism: 0.75x
[83.006s][info][gc,stats    ]   CSR: <total>                      439 us
[83.006s][info][gc,stats    ]   CSR: VM Strong Roots               25 us, workers (us):  24,   1, ---, ---, ---, ---, ---, ---, 
[83.006s][info][gc,stats    ]   CSR: CLDG Roots                   414 us, workers (us): 414, ---, ---, ---, ---, ---, ---, ---, 
[83.006s][info][gc,stats    ] Concurrent Evacuation            163663 us
[83.006s][info][gc,stats    ] Pause Init Update Refs (G)          718 us
[83.006s][info][gc,stats    ] Pause Init Update Refs (N)          108 us
[83.006s][info][gc,stats    ]   Manage GCLABs                      51 us
[83.006s][info][gc,stats    ] Concurrent Update Refs           284156 us
[83.006s][info][gc,stats    ] Concurrent Update Thread Roots     1417 us
[83.006s][info][gc,stats    ] Pause Final Update Refs (G)        1089 us
[83.006s][info][gc,stats    ] Pause Final Update Refs (N)         170 us
[83.006s][info][gc,stats    ]   Update Region States               57 us
[83.006s][info][gc,stats    ]   Trash Collection Set               21 us
[83.006s][info][gc,stats    ]   Rebuild Free Set                   16 us
[83.006s][info][gc,stats    ] Concurrent Cleanup                  220 us
[83.006s][info][gc,stats    ] 
[83.006s][info][gc,stats    ] Allocation pacing accrued:
[83.006s][info][gc,stats    ]       0 of 27272 ms (  0.0%): <total>
[83.006s][info][gc,stats    ]       0 of 27272 ms (  0.0%): <average total>
[83.006s][info][gc,stats    ] 
[83.006s][info][gc,metaspace] Metaspace: 71303K(71744K)->71303K(71744K) NonClass: 63775K(64000K)->63775K(64000K) Class: 7528K(7744K)->7528K(7744K)
[83.006s][info][gc,ergo     ] Pacer for Idle. Initial: 40642K, Alloc Tax Rate: 1.0x
