[0.005s][info][gc] Heuristics ergonomically sets -XX:+ExplicitGCInvokesConcurrent
[0.005s][info][gc] Heuristics ergonomically sets -XX:+ShenandoahImplicitGCInvokesConcurrent
[0.005s][info][gc] Using Shenandoah
[0.006s][info][gc,ergo] Pacer for Idle. Initial: 40642K, Alloc Tax Rate: 1.0x
[0.006s][info][gc,init] Version: 21.0.7+6-Ubuntu-0ubuntu122.04 (release)
[0.007s][info][gc,init] CPUs: 4 total, 4 available
[0.007s][info][gc,init] Memory: 7937M
[0.007s][info][gc,init] Large Page Support: Disabled
[0.007s][info][gc,init] NUMA Support: Disabled
[0.007s][info][gc,init] Compressed Oops: Enabled (32-bit)
[0.007s][info][gc,init] Heap Min Capacity: 6656K
[0.007s][info][gc,init] Heap Initial Capacity: 127488K
[0.007s][info][gc,init] Heap Max Capacity: 2032128K
[0.007s][info][gc,init] Pre-touch: Disabled
[0.007s][info][gc,init] Mode: Snapshot-At-The-Beginning (SATB)
[0.007s][info][gc,init] Heuristics: Adaptive
[0.007s][info][gc,init] Heap Region Count: 3969
[0.007s][info][gc,init] Heap Region Size: 512K
[0.007s][info][gc,init] TLAB Size Max: 512K
[0.007s][info][gc,init] Humongous Object Threshold: 512K
[0.007s][info][gc,init] Parallel Workers: 8
[0.007s][info][gc,init] Concurrent Workers: 2
[0.015s][info][gc,metaspace] CDS archive(s) mapped at: [0x00007f2eb3000000-0x00007f2eb3c97000-0x00007f2eb3c97000), size 13201408, SharedBaseAddress: 0x00007f2eb3000000, ArchiveRelocationMode: 1.
[0.015s][info][gc,metaspace] Compressed class space mapped at: 0x00007f2eb4000000-0x00007f2ef4000000, reserved size: 1073741824
[0.015s][info][gc,metaspace] Narrow klass base: 0x00007f2eb3000000, Narrow klass shift: 0, Narrow klass range: 0x100000000
[1.241s][info][gc          ] Trigger: Metadata GC Threshold
[1.241s][info][gc,ergo     ] Free: 1746M, Max: 512K regular, 1746M humongous, Frag: 0% external, 0% internal; Reserve: 101888K, Max: 512K
[1.241s][info][gc,start    ] GC(0) Concurrent reset
[1.241s][info][gc,task     ] GC(0) Using 2 of 8 workers for concurrent reset
[1.241s][info][gc,ergo     ] GC(0) Pacer for Reset. Non-Taxable: 1984M
[1.242s][info][gc          ] GC(0) Concurrent reset 0.404ms
[1.242s][info][gc,start    ] GC(0) Pause Init Mark (unload classes)
[1.242s][info][gc,task     ] GC(0) Using 8 of 8 workers for init marking
[1.242s][info][gc,ergo     ] GC(0) Pacer for Mark. Expected Live: 198M, Free: 1746M, Non-Taxable: 174M, Alloc Tax Rate: 0.1x
[1.242s][info][gc          ] GC(0) Pause Init Mark (unload classes) 0.495ms
[1.242s][info][gc,start    ] GC(0) Concurrent marking roots
[1.242s][info][gc,task     ] GC(0) Using 2 of 8 workers for concurrent marking roots
[1.244s][info][gc          ] GC(0) Concurrent marking roots 1.882ms
[1.244s][info][gc,start    ] GC(0) Concurrent marking (unload classes)
[1.244s][info][gc,task     ] GC(0) Using 2 of 8 workers for concurrent marking
[1.296s][info][gc          ] GC(0) Concurrent marking (unload classes) 51.810ms
[1.296s][info][gc,start    ] GC(0) Pause Final Mark (unload classes)
[1.296s][info][gc,task     ] GC(0) Using 8 of 8 workers for final marking
[1.296s][info][gc,ergo     ] GC(0) Adaptive CSet Selection. Target Free: 281M, Actual Free: 1846M, Max CSet: 84672K, Min Garbage: 0B
[1.296s][info][gc,ergo     ] GC(0) Collectable Garbage: 72876K (98%), Immediate: 4847K (6%), CSet: 68029K (91%)
[1.296s][info][gc,ergo     ] GC(0) Pacer for Evacuation. Used CSet: 76288K, Free: 1747M, Non-Taxable: 174M, Alloc Tax Rate: 1.1x
[1.296s][info][gc          ] GC(0) Pause Final Mark (unload classes) 0.278ms
[1.296s][info][gc,start    ] GC(0) Concurrent thread roots
[1.296s][info][gc,task     ] GC(0) Using 2 of 8 workers for Concurrent thread roots
[1.297s][info][gc          ] GC(0) Concurrent thread roots 0.304ms
[1.297s][info][gc,start    ] GC(0) Concurrent weak references
[1.297s][info][gc,task     ] GC(0) Using 2 of 8 workers for concurrent weak references
[1.297s][info][gc,ref      ] GC(0) Encountered references: Soft: 3976, Weak: 2158, Final: 4, Phantom: 821
[1.297s][info][gc,ref      ] GC(0) Discovered  references: Soft: 0, Weak: 1270, Final: 0, Phantom: 478
[1.297s][info][gc,ref      ] GC(0) Enqueued    references: Soft: 0, Weak: 494, Final: 0, Phantom: 230
[1.297s][info][gc          ] GC(0) Concurrent weak references 0.365ms
[1.297s][info][gc,start    ] GC(0) Concurrent weak roots
[1.297s][info][gc,task     ] GC(0) Using 2 of 8 workers for concurrent weak root
[1.300s][info][gc          ] GC(0) Concurrent weak roots 2.624ms
[1.300s][info][gc,start    ] GC(0) Concurrent cleanup
[1.300s][info][gc          ] GC(0) Concurrent cleanup 141M->136M(144M) 0.106ms
[1.300s][info][gc,ergo     ] GC(0) Free: 1747M, Max: 512K regular, 1742M humongous, Frag: 1% external, 0% internal; Reserve: 100718K, Max: 512K
[1.300s][info][gc,start    ] GC(0) Concurrent class unloading
[1.300s][info][gc,task     ] GC(0) Using 2 of 8 workers for concurrent class unloading
[1.304s][info][gc          ] GC(0) Concurrent class unloading 3.952ms
[1.304s][info][gc,start    ] GC(0) Concurrent strong roots
[1.304s][info][gc,task     ] GC(0) Using 2 of 8 workers for concurrent strong root
[1.305s][info][gc          ] GC(0) Concurrent strong roots 1.122ms
[1.305s][info][gc,start    ] GC(0) Concurrent evacuation
[1.305s][info][gc,task     ] GC(0) Using 2 of 8 workers for concurrent evacuation
[1.310s][info][gc          ] GC(0) Concurrent evacuation 5.410ms
[1.310s][info][gc,start    ] GC(0) Pause Init Update Refs
[1.310s][info][gc,ergo     ] GC(0) Pacer for Update Refs. Used: 145M, Free: 1746M, Non-Taxable: 174M, Alloc Tax Rate: 1.1x
[1.310s][info][gc          ] GC(0) Pause Init Update Refs 0.022ms
[1.310s][info][gc,start    ] GC(0) Concurrent update references
[1.310s][info][gc,task     ] GC(0) Using 2 of 8 workers for concurrent reference update
[1.330s][info][gc          ] GC(0) Concurrent update references 19.537ms
[1.330s][info][gc,start    ] GC(0) Concurrent update thread roots
[1.330s][info][gc          ] GC(0) Concurrent update thread roots 0.416ms
[1.331s][info][gc,start    ] GC(0) Pause Final Update Refs
[1.331s][info][gc,task     ] GC(0) Using 8 of 8 workers for final reference update
[1.331s][info][gc          ] GC(0) Pause Final Update Refs 0.080ms
[1.331s][info][gc,start    ] GC(0) Concurrent cleanup
[1.331s][info][gc          ] GC(0) Concurrent cleanup 145M->71M(152M) 0.070ms
[1.331s][info][gc,ergo     ] Free: 1811M, Max: 512K regular, 1732M humongous, Frag: 5% external, 0% internal; Reserve: 101888K, Max: 512K
[1.331s][info][gc,stats    ] 
[1.331s][info][gc,stats    ] All times are wall-clock times, except per-root-class counters, that are sum over
[1.331s][info][gc,stats    ] all workers. Dividing the <total> over the root stage time estimates parallelism.
[1.331s][info][gc,stats    ] 
[1.331s][info][gc,stats    ] Concurrent Reset                    419 us
[1.331s][info][gc,stats    ] Pause Init Mark (G)                 657 us
[1.331s][info][gc,stats    ] Pause Init Mark (N)                 510 us
[1.331s][info][gc,stats    ]   Update Region States               27 us
[1.331s][info][gc,stats    ] Concurrent Mark Roots              1907 us, parallelism: 1.73x
[1.331s][info][gc,stats    ]   CMR: <total>                     3297 us
[1.331s][info][gc,stats    ]   CMR: Thread Roots                1518 us, workers (us): 1175, 343, ---, ---, ---, ---, ---, ---, 
[1.331s][info][gc,stats    ]   CMR: VM Strong Roots              718 us, workers (us): 470, 248, ---, ---, ---, ---, ---, ---, 
[1.331s][info][gc,stats    ]   CMR: CLDG Roots                  1061 us, workers (us): ---, 1061, ---, ---, ---, ---, ---, ---, 
[1.331s][info][gc,stats    ] Concurrent Marking                51840 us
[1.331s][info][gc,stats    ] Pause Final Mark (G)                386 us
[1.331s][info][gc,stats    ] Pause Final Mark (N)                285 us
[1.331s][info][gc,stats    ]   Finish Mark                       105 us
[1.331s][info][gc,stats    ]   Update Region States               38 us
[1.331s][info][gc,stats    ]   Choose Collection Set              80 us
[1.331s][info][gc,stats    ]   Rebuild Free Set                   15 us
[1.331s][info][gc,stats    ] Concurrent Thread Roots             311 us, parallelism: 1.30x
[1.331s][info][gc,stats    ]   CTR: <total>                      405 us
[1.331s][info][gc,stats    ]   CTR: Thread Roots                 405 us, workers (us): 267, 138, ---, ---, ---, ---, ---, ---, 
[1.331s][info][gc,stats    ] Concurrent Weak References          370 us, parallelism: 0.91x
[1.331s][info][gc,stats    ]   CWRF: <total>                     339 us
[1.331s][info][gc,stats    ]   CWRF: Weak References             339 us, workers (us):  31, 308, ---, ---, ---, ---, ---, ---, 
[1.331s][info][gc,stats    ] Concurrent Weak Roots              2637 us
[1.331s][info][gc,stats    ]   Roots                            2592 us, parallelism: 1.59x
[1.331s][info][gc,stats    ]     CWR: <total>                   4116 us
[1.331s][info][gc,stats    ]     CWR: Code Cache Roots          2131 us, workers (us): 1566, 565, ---, ---, ---, ---, ---, ---, 
[1.331s][info][gc,stats    ]     CWR: VM Weak Roots             1968 us, workers (us): 989, 979, ---, ---, ---, ---, ---, ---, 
[1.331s][info][gc,stats    ]     CWR: CLDG Roots                  18 us, workers (us): ---,  18, ---, ---, ---, ---, ---, ---, 
[1.331s][info][gc,stats    ]   Rendezvous                         21 us
[1.331s][info][gc,stats    ] Concurrent Cleanup                  112 us
[1.331s][info][gc,stats    ] Concurrent Class Unloading         3961 us
[1.331s][info][gc,stats    ]   Unlink Stale                     1570 us
[1.331s][info][gc,stats    ]     System Dictionary                30 us
[1.331s][info][gc,stats    ]     Weak Class Links                  0 us
[1.331s][info][gc,stats    ]     Code Roots                     1539 us
[1.331s][info][gc,stats    ]   Rendezvous                        309 us
[1.331s][info][gc,stats    ]   Purge Unlinked                   2060 us
[1.331s][info][gc,stats    ]     Code Roots                     2049 us
[1.331s][info][gc,stats    ]     CLDG                             10 us
[1.331s][info][gc,stats    ]     Exception Caches                  0 us
[1.331s][info][gc,stats    ] Concurrent Strong Roots            1139 us, parallelism: 0.98x
[1.331s][info][gc,stats    ]   CSR: <total>                     1122 us
[1.331s][info][gc,stats    ]   CSR: VM Strong Roots               67 us, workers (us):  53,  14, ---, ---, ---, ---, ---, ---, 
[1.331s][info][gc,stats    ]   CSR: CLDG Roots                  1054 us, workers (us): ---, 1054, ---, ---, ---, ---, ---, ---, 
[1.331s][info][gc,stats    ] Concurrent Evacuation              5429 us
[1.331s][info][gc,stats    ] Pause Init Update Refs (G)          124 us
[1.331s][info][gc,stats    ] Pause Init Update Refs (N)           28 us
[1.331s][info][gc,stats    ]   Manage GCLABs                       6 us
[1.331s][info][gc,stats    ] Concurrent Update Refs            19552 us
[1.331s][info][gc,stats    ] Concurrent Update Thread Roots      432 us
[1.331s][info][gc,stats    ] Pause Final Update Refs (G)         189 us
[1.331s][info][gc,stats    ] Pause Final Update Refs (N)          88 us
[1.331s][info][gc,stats    ]   Update Region States               29 us
[1.331s][info][gc,stats    ]   Trash Collection Set                5 us
[1.331s][info][gc,stats    ]   Rebuild Free Set                   25 us
[1.331s][info][gc,stats    ] Concurrent Cleanup                   77 us
[1.331s][info][gc,stats    ] 
[1.331s][info][gc,stats    ] Allocation pacing accrued:
[1.331s][info][gc,stats    ]       0 of  1325 ms (  0.0%): <total>
[1.331s][info][gc,stats    ]       0 of  1325 ms (  0.0%): <average total>
[1.331s][info][gc,stats    ] 
[1.331s][info][gc,metaspace] Metaspace: 21221K(21632K)->22111K(22464K) NonClass: 18869K(19072K)->19662K(19840K) Class: 2351K(2560K)->2448K(2624K)
[1.331s][info][gc,ergo     ] Pacer for Idle. Initial: 40642K, Alloc Tax Rate: 1.0x
[2.940s][info][gc          ] Trigger: Metadata GC Threshold
[2.940s][info][gc,ergo     ] Free: 1707M, Max: 512K regular, 1707M humongous, Frag: 0% external, 0% internal; Reserve: 101888K, Max: 512K
[2.940s][info][gc,start    ] GC(1) Concurrent reset
[2.940s][info][gc,task     ] GC(1) Using 2 of 8 workers for concurrent reset
[2.940s][info][gc,ergo     ] GC(1) Pacer for Reset. Non-Taxable: 1984M
[2.941s][info][gc          ] GC(1) Concurrent reset 1.122ms
[2.942s][info][gc,start    ] GC(1) Pause Init Mark (unload classes)
[2.942s][info][gc,task     ] GC(1) Using 8 of 8 workers for init marking
[2.942s][info][gc,ergo     ] GC(1) Pacer for Mark. Expected Live: 65601K, Free: 1707M, Non-Taxable: 170M, Alloc Tax Rate: 0.0x
[2.942s][info][gc          ] GC(1) Pause Init Mark (unload classes) 0.064ms
[2.942s][info][gc,start    ] GC(1) Concurrent marking roots
[2.942s][info][gc,task     ] GC(1) Using 2 of 8 workers for concurrent marking roots
[2.943s][info][gc          ] GC(1) Concurrent marking roots 0.825ms
[2.943s][info][gc,start    ] GC(1) Concurrent marking (unload classes)
[2.943s][info][gc,task     ] GC(1) Using 2 of 8 workers for concurrent marking
[2.998s][info][gc          ] GC(1) Concurrent marking (unload classes) 55.905ms
[2.999s][info][gc,start    ] GC(1) Pause Final Mark (unload classes)
[2.999s][info][gc,task     ] GC(1) Using 8 of 8 workers for final marking
[2.999s][info][gc,ergo     ] GC(1) Adaptive CSet Selection. Target Free: 281M, Actual Free: 1840M, Max CSet: 84672K, Min Garbage: 0B
[2.999s][info][gc,ergo     ] GC(1) Collectable Garbage: 102233K (98%), Immediate: 38739K (37%), CSet: 63494K (61%)
[2.999s][info][gc,ergo     ] GC(1) Pacer for Evacuation. Used CSet: 72564K, Free: 1742M, Non-Taxable: 174M, Alloc Tax Rate: 1.1x
[2.999s][info][gc          ] GC(1) Pause Final Mark (unload classes) 0.214ms
[2.999s][info][gc,start    ] GC(1) Concurrent thread roots
[2.999s][info][gc,task     ] GC(1) Using 2 of 8 workers for Concurrent thread roots
[2.999s][info][gc          ] GC(1) Concurrent thread roots 0.218ms
[2.999s][info][gc,start    ] GC(1) Concurrent weak references
[2.999s][info][gc,task     ] GC(1) Using 2 of 8 workers for concurrent weak references
[2.999s][info][gc,ref      ] GC(1) Encountered references: Soft: 4285, Weak: 2719, Final: 21, Phantom: 765
[2.999s][info][gc,ref      ] GC(1) Discovered  references: Soft: 0, Weak: 1496, Final: 0, Phantom: 624
[2.999s][info][gc,ref      ] GC(1) Enqueued    references: Soft: 0, Weak: 336, Final: 0, Phantom: 146
[2.999s][info][gc          ] GC(1) Concurrent weak references 0.272ms
[2.999s][info][gc,start    ] GC(1) Concurrent weak roots
[2.999s][info][gc,task     ] GC(1) Using 2 of 8 workers for concurrent weak root
[3.001s][info][gc          ] GC(1) Concurrent weak roots 1.692ms
[3.001s][info][gc,start    ] GC(1) Concurrent cleanup
[3.001s][info][gc          ] GC(1) Concurrent cleanup 178M->140M(183M) 0.106ms
[3.001s][info][gc,ergo     ] GC(1) Free: 1742M, Max: 512K regular, 1703M humongous, Frag: 3% external, 0% internal; Reserve: 101371K, Max: 512K
[3.001s][info][gc,start    ] GC(1) Concurrent class unloading
[3.001s][info][gc,task     ] GC(1) Using 2 of 8 workers for concurrent class unloading
[3.017s][info][gc          ] GC(1) Concurrent class unloading 16.254ms
[3.017s][info][gc,start    ] GC(1) Concurrent strong roots
[3.017s][info][gc,task     ] GC(1) Using 2 of 8 workers for concurrent strong root
[3.019s][info][gc          ] GC(1) Concurrent strong roots 1.499ms
[3.019s][info][gc,start    ] GC(1) Concurrent evacuation
[3.019s][info][gc,task     ] GC(1) Using 2 of 8 workers for concurrent evacuation
[3.032s][info][gc          ] GC(1) Concurrent evacuation 13.427ms
[3.033s][info][gc,start    ] GC(1) Pause Init Update Refs
[3.033s][info][gc,ergo     ] GC(1) Pacer for Update Refs. Used: 152M, Free: 1739M, Non-Taxable: 173M, Alloc Tax Rate: 1.1x
[3.033s][info][gc          ] GC(1) Pause Init Update Refs 0.037ms
[3.033s][info][gc,start    ] GC(1) Concurrent update references
[3.033s][info][gc,task     ] GC(1) Using 2 of 8 workers for concurrent reference update
[3.060s][info][gc          ] GC(1) Concurrent update references 27.708ms
[3.060s][info][gc,start    ] GC(1) Concurrent update thread roots
[3.061s][info][gc          ] GC(1) Concurrent update thread roots 0.321ms
[3.061s][info][gc,start    ] GC(1) Pause Final Update Refs
[3.061s][info][gc,task     ] GC(1) Using 8 of 8 workers for final reference update
[3.061s][info][gc          ] GC(1) Pause Final Update Refs 0.080ms
[3.061s][info][gc,start    ] GC(1) Concurrent cleanup
[3.061s][info][gc          ] GC(1) Concurrent cleanup 152M->81M(191M) 0.102ms
[3.061s][info][gc,ergo     ] Free: 1800M, Max: 512K regular, 1695M humongous, Frag: 6% external, 0% internal; Reserve: 101888K, Max: 512K
[3.061s][info][gc,stats    ] 
[3.061s][info][gc,stats    ] All times are wall-clock times, except per-root-class counters, that are sum over
[3.061s][info][gc,stats    ] all workers. Dividing the <total> over the root stage time estimates parallelism.
[3.061s][info][gc,stats    ] 
[3.061s][info][gc,stats    ] Concurrent Reset                   1136 us
[3.061s][info][gc,stats    ] Pause Init Mark (G)                 243 us
[3.061s][info][gc,stats    ] Pause Init Mark (N)                  71 us
[3.061s][info][gc,stats    ]   Update Region States               25 us
[3.061s][info][gc,stats    ] Concurrent Mark Roots               843 us, parallelism: 1.76x
[3.061s][info][gc,stats    ]   CMR: <total>                     1482 us
[3.061s][info][gc,stats    ]   CMR: Thread Roots                 702 us, workers (us): 567, 135, ---, ---, ---, ---, ---, ---, 
[3.061s][info][gc,stats    ]   CMR: VM Strong Roots              254 us, workers (us): 178,  76, ---, ---, ---, ---, ---, ---, 
[3.061s][info][gc,stats    ]   CMR: CLDG Roots                   526 us, workers (us): ---, 526, ---, ---, ---, ---, ---, ---, 
[3.061s][info][gc,stats    ] Concurrent Marking                55926 us
[3.061s][info][gc,stats    ] Pause Final Mark (G)                340 us
[3.061s][info][gc,stats    ] Pause Final Mark (N)                228 us
[3.061s][info][gc,stats    ]   Finish Mark                        65 us
[3.061s][info][gc,stats    ]   Update Region States               36 us
[3.061s][info][gc,stats    ]   Choose Collection Set              65 us
[3.061s][info][gc,stats    ]   Rebuild Free Set                   15 us
[3.061s][info][gc,stats    ] Concurrent Thread Roots             227 us, parallelism: 1.40x
[3.061s][info][gc,stats    ]   CTR: <total>                      318 us
[3.061s][info][gc,stats    ]   CTR: Thread Roots                 318 us, workers (us): 177, 140, ---, ---, ---, ---, ---, ---, 
[3.061s][info][gc,stats    ] Concurrent Weak References          278 us, parallelism: 1.30x
[3.061s][info][gc,stats    ]   CWRF: <total>                     362 us
[3.061s][info][gc,stats    ]   CWRF: Weak References             362 us, workers (us): 217, 145, ---, ---, ---, ---, ---, ---, 
[3.061s][info][gc,stats    ] Concurrent Weak Roots              1708 us
[3.061s][info][gc,stats    ]   Roots                            1642 us, parallelism: 1.89x
[3.061s][info][gc,stats    ]     CWR: <total>                   3108 us
[3.061s][info][gc,stats    ]     CWR: Code Cache Roots          1037 us, workers (us): 533, 504, ---, ---, ---, ---, ---, ---, 
[3.061s][info][gc,stats    ]     CWR: VM Weak Roots             2046 us, workers (us): 1025, 1021, ---, ---, ---, ---, ---, ---, 
[3.061s][info][gc,stats    ]     CWR: CLDG Roots                  26 us, workers (us): ---,  26, ---, ---, ---, ---, ---, ---, 
[3.061s][info][gc,stats    ]   Rendezvous                         37 us
[3.061s][info][gc,stats    ] Concurrent Cleanup                  112 us
[3.061s][info][gc,stats    ] Concurrent Class Unloading        16265 us
[3.061s][info][gc,stats    ]   Unlink Stale                    15089 us
[3.061s][info][gc,stats    ]     System Dictionary                35 us
[3.061s][info][gc,stats    ]     Weak Class Links                  0 us
[3.061s][info][gc,stats    ]     Code Roots                    15053 us
[3.061s][info][gc,stats    ]   Rendezvous                         65 us
[3.061s][info][gc,stats    ]   Purge Unlinked                   1087 us
[3.061s][info][gc,stats    ]     Code Roots                     1078 us
[3.061s][info][gc,stats    ]     CLDG                              9 us
[3.061s][info][gc,stats    ]     Exception Caches                  0 us
[3.061s][info][gc,stats    ] Concurrent Strong Roots            1510 us, parallelism: 0.96x
[3.061s][info][gc,stats    ]   CSR: <total>                     1445 us
[3.061s][info][gc,stats    ]   CSR: VM Strong Roots               12 us, workers (us):   9,   2, ---, ---, ---, ---, ---, ---, 
[3.061s][info][gc,stats    ]   CSR: CLDG Roots                  1434 us, workers (us): ---, 1434, ---, ---, ---, ---, ---, ---, 
[3.061s][info][gc,stats    ] Concurrent Evacuation             13444 us
[3.061s][info][gc,stats    ] Pause Init Update Refs (G)          349 us
[3.061s][info][gc,stats    ] Pause Init Update Refs (N)           43 us
[3.061s][info][gc,stats    ]   Manage GCLABs                       7 us
[3.061s][info][gc,stats    ] Concurrent Update Refs            27729 us
[3.061s][info][gc,stats    ] Concurrent Update Thread Roots      331 us
[3.061s][info][gc,stats    ] Pause Final Update Refs (G)         202 us
[3.061s][info][gc,stats    ] Pause Final Update Refs (N)         104 us
[3.061s][info][gc,stats    ]   Update Region States               31 us
[3.061s][info][gc,stats    ]   Trash Collection Set                4 us
[3.061s][info][gc,stats    ]   Rebuild Free Set                   18 us
[3.061s][info][gc,stats    ] Concurrent Cleanup                  109 us
[3.061s][info][gc,stats    ] 
[3.061s][info][gc,stats    ] Allocation pacing accrued:
[3.061s][info][gc,stats    ]       0 of  1730 ms (  0.0%): <total>
[3.061s][info][gc,stats    ]       0 of  1730 ms (  0.0%): <average total>
[3.061s][info][gc,stats    ] 
[3.062s][info][gc,metaspace] Metaspace: 37115K(37504K)->38497K(38912K) NonClass: 33006K(33216K)->34220K(34496K) Class: 4109K(4288K)->4276K(4416K)
[3.062s][info][gc,ergo     ] Pacer for Idle. Initial: 40642K, Alloc Tax Rate: 1.0x
[37.762s][info][gc          ] Trigger: Metadata GC Threshold
[37.762s][info][gc,ergo     ] Free: 1441M, Max: 512K regular, 1441M humongous, Frag: 0% external, 0% internal; Reserve: 101888K, Max: 512K
[37.762s][info][gc,start    ] GC(2) Concurrent reset
[37.762s][info][gc,task     ] GC(2) Using 2 of 8 workers for concurrent reset
[37.762s][info][gc,ergo     ] GC(2) Pacer for Reset. Non-Taxable: 1984M
[37.765s][info][gc          ] GC(2) Concurrent reset 3.381ms
[37.766s][info][gc,start    ] GC(2) Pause Init Mark (unload classes)
[37.766s][info][gc,task     ] GC(2) Using 8 of 8 workers for init marking
[37.766s][info][gc,ergo     ] GC(2) Pacer for Mark. Expected Live: 69821K, Free: 1441M, Non-Taxable: 144M, Alloc Tax Rate: 0.1x
[37.766s][info][gc          ] GC(2) Pause Init Mark (unload classes) 0.203ms
[37.766s][info][gc,start    ] GC(2) Concurrent marking roots
[37.766s][info][gc,task     ] GC(2) Using 2 of 8 workers for concurrent marking roots
[37.771s][info][gc          ] GC(2) Concurrent marking roots 4.848ms
[37.771s][info][gc,start    ] GC(2) Concurrent marking (unload classes)
[37.771s][info][gc,task     ] GC(2) Using 2 of 8 workers for concurrent marking
[37.848s][info][gc          ] GC(2) Concurrent marking (unload classes) 76.985ms
[37.848s][info][gc,start    ] GC(2) Pause Final Mark (unload classes)
[37.848s][info][gc,task     ] GC(2) Using 8 of 8 workers for final marking
[37.850s][info][gc,ergo     ] GC(2) Adaptive CSet Selection. Target Free: 281M, Actual Free: 1741M, Max CSet: 84672K, Min Garbage: 0B
[37.850s][info][gc,ergo     ] GC(2) Collectable Garbage: 357M (99%), Immediate: 201M (56%), CSet: 155M (43%)
[37.850s][info][gc,ergo     ] GC(2) Pacer for Evacuation. Used CSet: 163M, Free: 1644M, Non-Taxable: 164M, Alloc Tax Rate: 1.1x
[37.850s][info][gc          ] GC(2) Pause Final Mark (unload classes) 2.512ms
[37.850s][info][gc,start    ] GC(2) Concurrent thread roots
[37.850s][info][gc,task     ] GC(2) Using 2 of 8 workers for Concurrent thread roots
[37.851s][info][gc          ] GC(2) Concurrent thread roots 0.482ms
[37.851s][info][gc,start    ] GC(2) Concurrent weak references
[37.851s][info][gc,task     ] GC(2) Using 2 of 8 workers for concurrent weak references
[37.851s][info][gc,ref      ] GC(2) Encountered references: Soft: 4666, Weak: 4555, Final: 82, Phantom: 1144
[37.851s][info][gc,ref      ] GC(2) Discovered  references: Soft: 0, Weak: 1415, Final: 10, Phantom: 839
[37.851s][info][gc,ref      ] GC(2) Enqueued    references: Soft: 0, Weak: 637, Final: 8, Phantom: 490
[37.851s][info][gc          ] GC(2) Concurrent weak references 0.447ms
[37.851s][info][gc,start    ] GC(2) Concurrent weak roots
[37.851s][info][gc,task     ] GC(2) Using 2 of 8 workers for concurrent weak root
[37.861s][info][gc          ] GC(2) Concurrent weak roots 9.846ms
[37.861s][info][gc,start    ] GC(2) Concurrent cleanup
[37.861s][info][gc          ] GC(2) Concurrent cleanup 441M->239M(448M) 0.111ms
[37.861s][info][gc,ergo     ] GC(2) Free: 1643M, Max: 512K regular, 1439M humongous, Frag: 13% external, 0% internal; Reserve: 101456K, Max: 512K
[37.861s][info][gc,start    ] GC(2) Concurrent class unloading
[37.861s][info][gc,task     ] GC(2) Using 2 of 8 workers for concurrent class unloading
[37.872s][info][gc          ] GC(2) Concurrent class unloading 10.958ms
[37.872s][info][gc,start    ] GC(2) Concurrent strong roots
[37.872s][info][gc,task     ] GC(2) Using 2 of 8 workers for concurrent strong root
[37.874s][info][gc          ] GC(2) Concurrent strong roots 1.730ms
[37.874s][info][gc,start    ] GC(2) Concurrent evacuation
[37.874s][info][gc,task     ] GC(2) Using 2 of 8 workers for concurrent evacuation
[37.884s][info][gc          ] GC(2) Concurrent evacuation 9.408ms
[37.884s][info][gc,start    ] GC(2) Pause Init Update Refs
[37.884s][info][gc,ergo     ] GC(2) Pacer for Update Refs. Used: 247M, Free: 1643M, Non-Taxable: 164M, Alloc Tax Rate: 1.1x
[37.884s][info][gc          ] GC(2) Pause Init Update Refs 0.041ms
[37.884s][info][gc,start    ] GC(2) Concurrent update references
[37.884s][info][gc,task     ] GC(2) Using 2 of 8 workers for concurrent reference update
[37.916s][info][gc          ] GC(2) Concurrent update references 31.979ms
[37.916s][info][gc,start    ] GC(2) Concurrent update thread roots
[37.916s][info][gc          ] GC(2) Concurrent update thread roots 0.788ms
[37.916s][info][gc,start    ] GC(2) Pause Final Update Refs
[37.916s][info][gc,task     ] GC(2) Using 8 of 8 workers for final reference update
[37.917s][info][gc          ] GC(2) Pause Final Update Refs 0.087ms
[37.917s][info][gc,start    ] GC(2) Concurrent cleanup
[37.917s][info][gc          ] GC(2) Concurrent cleanup 248M->85M(454M) 0.104ms
[37.917s][info][gc,ergo     ] Free: 1797M, Max: 512K regular, 1431M humongous, Frag: 21% external, 0% internal; Reserve: 101888K, Max: 512K
[37.917s][info][gc,stats    ] 
[37.917s][info][gc,stats    ] All times are wall-clock times, except per-root-class counters, that are sum over
[37.917s][info][gc,stats    ] all workers. Dividing the <total> over the root stage time estimates parallelism.
[37.917s][info][gc,stats    ] 
[37.917s][info][gc,stats    ] Concurrent Reset                   3430 us
[37.917s][info][gc,stats    ] Pause Init Mark (G)                 556 us
[37.917s][info][gc,stats    ] Pause Init Mark (N)                 264 us
[37.917s][info][gc,stats    ]   Update Region States               45 us
[37.917s][info][gc,stats    ] Concurrent Mark Roots              4887 us, parallelism: 1.81x
[37.917s][info][gc,stats    ]   CMR: <total>                     8826 us
[37.917s][info][gc,stats    ]   CMR: Thread Roots                6768 us, workers (us): 3253, 3516, ---, ---, ---, ---, ---, ---, 
[37.917s][info][gc,stats    ]   CMR: VM Strong Roots             1086 us, workers (us): 355, 731, ---, ---, ---, ---, ---, ---, 
[37.917s][info][gc,stats    ]   CMR: CLDG Roots                   971 us, workers (us): 971, ---, ---, ---, ---, ---, ---, ---, 
[37.917s][info][gc,stats    ] Concurrent Marking                77020 us
[37.917s][info][gc,stats    ] Pause Final Mark (G)               2581 us
[37.917s][info][gc,stats    ] Pause Final Mark (N)               2519 us
[37.917s][info][gc,stats    ]   Finish Mark                      2289 us
[37.917s][info][gc,stats    ]   Update Region States               38 us
[37.917s][info][gc,stats    ]   Choose Collection Set             113 us
[37.917s][info][gc,stats    ]   Rebuild Free Set                   16 us
[37.917s][info][gc,stats    ] Concurrent Thread Roots             490 us, parallelism: 1.79x
[37.917s][info][gc,stats    ]   CTR: <total>                      878 us
[37.917s][info][gc,stats    ]   CTR: Thread Roots                 878 us, workers (us): 442, 436, ---, ---, ---, ---, ---, ---, 
[37.917s][info][gc,stats    ] Concurrent Weak References          454 us, parallelism: 0.83x
[37.917s][info][gc,stats    ]   CWRF: <total>                     377 us
[37.917s][info][gc,stats    ]   CWRF: Weak References             377 us, workers (us): 376,   2, ---, ---, ---, ---, ---, ---, 
[37.917s][info][gc,stats    ] Concurrent Weak Roots              9866 us
[37.917s][info][gc,stats    ]   Roots                            9647 us, parallelism: 1.87x
[37.917s][info][gc,stats    ]     CWR: <total>                  18081 us
[37.917s][info][gc,stats    ]     CWR: Code Cache Roots          9836 us, workers (us): 4125, 5712, ---, ---, ---, ---, ---, ---, 
[37.917s][info][gc,stats    ]     CWR: VM Weak Roots             8051 us, workers (us): 4490, 3561, ---, ---, ---, ---, ---, ---, 
[37.917s][info][gc,stats    ]     CWR: CLDG Roots                 194 us, workers (us): ---, 194, ---, ---, ---, ---, ---, ---, 
[37.917s][info][gc,stats    ]   Rendezvous                        184 us
[37.917s][info][gc,stats    ] Concurrent Cleanup                  118 us
[37.917s][info][gc,stats    ] Concurrent Class Unloading        10969 us
[37.917s][info][gc,stats    ]   Unlink Stale                     8949 us
[37.917s][info][gc,stats    ]     System Dictionary                52 us
[37.917s][info][gc,stats    ]     Weak Class Links                  0 us
[37.917s][info][gc,stats    ]     Code Roots                     8897 us
[37.917s][info][gc,stats    ]   Rendezvous                        114 us
[37.917s][info][gc,stats    ]   Purge Unlinked                   1880 us
[37.917s][info][gc,stats    ]     Code Roots                     1864 us
[37.917s][info][gc,stats    ]     CLDG                             15 us
[37.917s][info][gc,stats    ]     Exception Caches                  0 us
[37.917s][info][gc,stats    ] Concurrent Strong Roots            1738 us, parallelism: 0.96x
[37.917s][info][gc,stats    ]   CSR: <total>                     1663 us
[37.917s][info][gc,stats    ]   CSR: VM Strong Roots               33 us, workers (us):  33,   0, ---, ---, ---, ---, ---, ---, 
[37.917s][info][gc,stats    ]   CSR: CLDG Roots                  1630 us, workers (us): 1630, ---, ---, ---, ---, ---, ---, ---, 
[37.917s][info][gc,stats    ] Concurrent Evacuation              9427 us
[37.917s][info][gc,stats    ] Pause Init Update Refs (G)           96 us
[37.917s][info][gc,stats    ] Pause Init Update Refs (N)           48 us
[37.917s][info][gc,stats    ]   Manage GCLABs                      12 us
[37.917s][info][gc,stats    ] Concurrent Update Refs            32008 us
[37.917s][info][gc,stats    ] Concurrent Update Thread Roots      810 us
[37.917s][info][gc,stats    ] Pause Final Update Refs (G)         154 us
[37.917s][info][gc,stats    ] Pause Final Update Refs (N)          94 us
[37.917s][info][gc,stats    ]   Update Region States               31 us
[37.917s][info][gc,stats    ]   Trash Collection Set                5 us
[37.917s][info][gc,stats    ]   Rebuild Free Set                   18 us
[37.917s][info][gc,stats    ] Concurrent Cleanup                  113 us
[37.917s][info][gc,stats    ] 
[37.917s][info][gc,stats    ] Allocation pacing accrued:
[37.917s][info][gc,stats    ]       0 of 34856 ms (  0.0%): <total>
[37.917s][info][gc,stats    ]       0 of 34856 ms (  0.0%): <average total>
[37.917s][info][gc,stats    ] 
[37.917s][info][gc,metaspace] Metaspace: 64507K(64960K)->64568K(65024K) NonClass: 57309K(57536K)->57366K(57600K) Class: 7197K(7424K)->7201K(7424K)
[37.917s][info][gc,ergo     ] Pacer for Idle. Initial: 40642K, Alloc Tax Rate: 1.0x
[50.802s][info][gc          ] Trigger: Learning 4 of 5. Free (1389M) is below initial threshold (1389M)
[50.802s][info][gc,ergo     ] Free: 1389M, Max: 512K regular, 1389M humongous, Frag: 0% external, 0% internal; Reserve: 101888K, Max: 512K
[50.802s][info][gc,start    ] GC(3) Concurrent reset
[50.802s][info][gc,task     ] GC(3) Using 2 of 8 workers for concurrent reset
[50.802s][info][gc,ergo     ] GC(3) Pacer for Reset. Non-Taxable: 1984M
[50.810s][info][gc          ] GC(3) Concurrent reset 8.304ms
[50.812s][info][gc,start    ] GC(3) Pause Init Mark (unload classes)
[50.812s][info][gc,task     ] GC(3) Using 8 of 8 workers for init marking
[50.812s][info][gc,ergo     ] GC(3) Pacer for Mark. Expected Live: 73523K, Free: 1388M, Non-Taxable: 138M, Alloc Tax Rate: 0.1x
[50.812s][info][gc          ] GC(3) Pause Init Mark (unload classes) 0.127ms
[50.812s][info][gc,start    ] GC(3) Concurrent marking roots
[50.812s][info][gc,task     ] GC(3) Using 2 of 8 workers for concurrent marking roots
[50.817s][info][gc          ] GC(3) Concurrent marking roots 4.780ms
[50.817s][info][gc,start    ] GC(3) Concurrent marking (unload classes)
[50.817s][info][gc,task     ] GC(3) Using 2 of 8 workers for concurrent marking
[50.998s][info][gc          ] GC(3) Concurrent marking (unload classes) 181.273ms
[50.998s][info][gc,start    ] GC(3) Pause Final Mark (unload classes)
[50.998s][info][gc,task     ] GC(3) Using 8 of 8 workers for final marking
[50.998s][info][gc,ergo     ] GC(3) Adaptive CSet Selection. Target Free: 281M, Actual Free: 1449M, Max CSet: 84672K, Min Garbage: 0B
[50.999s][info][gc,ergo     ] GC(3) Collectable Garbage: 398M (99%), Immediate: 3072K (0%), CSet: 395M (98%)
[50.999s][info][gc,ergo     ] GC(3) Pacer for Evacuation. Used CSet: 407M, Free: 1350M, Non-Taxable: 135M, Alloc Tax Rate: 1.1x
[50.999s][info][gc          ] GC(3) Pause Final Mark (unload classes) 0.363ms
[50.999s][info][gc,start    ] GC(3) Concurrent thread roots
[50.999s][info][gc,task     ] GC(3) Using 2 of 8 workers for Concurrent thread roots
[51.001s][info][gc          ] GC(3) Concurrent thread roots 2.335ms
[51.001s][info][gc,start    ] GC(3) Concurrent weak references
[51.001s][info][gc,task     ] GC(3) Using 2 of 8 workers for concurrent weak references
[51.011s][info][gc,ref      ] GC(3) Encountered references: Soft: 4699, Weak: 14880, Final: 74, Phantom: 871
[51.011s][info][gc,ref      ] GC(3) Discovered  references: Soft: 0, Weak: 11946, Final: 47, Phantom: 563
[51.011s][info][gc,ref      ] GC(3) Enqueued    references: Soft: 0, Weak: 8512, Final: 0, Phantom: 113
[51.011s][info][gc          ] GC(3) Concurrent weak references 10.077ms
[51.011s][info][gc,start    ] GC(3) Concurrent weak roots
[51.011s][info][gc,task     ] GC(3) Using 2 of 8 workers for concurrent weak root
[51.014s][info][gc          ] GC(3) Concurrent weak roots 3.187ms
[51.014s][info][gc,start    ] GC(3) Concurrent cleanup
[51.015s][info][gc          ] GC(3) Concurrent cleanup 540M->537M(544M) 0.150ms
[51.015s][info][gc,ergo     ] GC(3) Free: 1345M, Max: 512K regular, 1342M humongous, Frag: 1% external, 0% internal; Reserve: 100932K, Max: 512K
[51.015s][info][gc,start    ] GC(3) Concurrent class unloading
[51.015s][info][gc,task     ] GC(3) Using 2 of 8 workers for concurrent class unloading
[51.191s][info][gc          ] GC(3) Concurrent class unloading 176.249ms
[51.191s][info][gc,start    ] GC(3) Concurrent strong roots
[51.191s][info][gc,task     ] GC(3) Using 2 of 8 workers for concurrent strong root
[51.193s][info][gc          ] GC(3) Concurrent strong roots 1.954ms
[51.193s][info][gc,start    ] GC(3) Concurrent evacuation
[51.193s][info][gc,task     ] GC(3) Using 2 of 8 workers for concurrent evacuation
[51.241s][info][gc          ] GC(3) Concurrent evacuation 48.558ms
[51.242s][info][gc,start    ] GC(3) Pause Init Update Refs
[51.242s][info][gc,ergo     ] GC(3) Pacer for Update Refs. Used: 569M, Free: 1325M, Non-Taxable: 132M, Alloc Tax Rate: 1.1x
[51.242s][info][gc          ] GC(3) Pause Init Update Refs 0.067ms
[51.242s][info][gc,start    ] GC(3) Concurrent update references
[51.242s][info][gc,task     ] GC(3) Using 2 of 8 workers for concurrent reference update
[51.411s][info][gc          ] GC(3) Concurrent update references 168.776ms
[51.411s][info][gc,start    ] GC(3) Concurrent update thread roots
[51.414s][info][gc          ] GC(3) Concurrent update thread roots 3.462ms
[51.417s][info][gc,start    ] GC(3) Pause Final Update Refs
[51.417s][info][gc,task     ] GC(3) Using 8 of 8 workers for final reference update
[51.417s][info][gc          ] GC(3) Pause Final Update Refs 0.107ms
[51.417s][info][gc,start    ] GC(3) Concurrent cleanup
[51.417s][info][gc          ] GC(3) Concurrent cleanup 583M->175M(586M) 0.182ms
[51.417s][info][gc,ergo     ] Free: 1706M, Max: 512K regular, 1301M humongous, Frag: 24% external, 1% internal; Reserve: 101888K, Max: 512K
[51.417s][info][gc,stats    ] 
[51.417s][info][gc,stats    ] All times are wall-clock times, except per-root-class counters, that are sum over
[51.417s][info][gc,stats    ] all workers. Dividing the <total> over the root stage time estimates parallelism.
[51.417s][info][gc,stats    ] 
[51.417s][info][gc,stats    ] Concurrent Reset                   8341 us
[51.417s][info][gc,stats    ] Pause Init Mark (G)                1498 us
[51.417s][info][gc,stats    ] Pause Init Mark (N)                 148 us
[51.417s][info][gc,stats    ]   Update Region States               44 us
[51.417s][info][gc,stats    ] Concurrent Mark Roots              4804 us, parallelism: 1.37x
[51.417s][info][gc,stats    ]   CMR: <total>                     6602 us
[51.417s][info][gc,stats    ]   CMR: Thread Roots                6334 us, workers (us): 3761, 2573, ---, ---, ---, ---, ---, ---, 
[51.417s][info][gc,stats    ]   CMR: VM Strong Roots               33 us, workers (us):  32,   1, ---, ---, ---, ---, ---, ---, 
[51.417s][info][gc,stats    ]   CMR: CLDG Roots                   235 us, workers (us): 235, ---, ---, ---, ---, ---, ---, ---, 
[51.417s][info][gc,stats    ] Concurrent Marking               181306 us
[51.417s][info][gc,stats    ] Pause Final Mark (G)                661 us
[51.417s][info][gc,stats    ] Pause Final Mark (N)                370 us
[51.417s][info][gc,stats    ]   Finish Mark                       107 us
[51.417s][info][gc,stats    ]   Update Region States               40 us
[51.417s][info][gc,stats    ]   Choose Collection Set             147 us
[51.417s][info][gc,stats    ]   Rebuild Free Set                   15 us
[51.417s][info][gc,stats    ] Concurrent Thread Roots            2356 us, parallelism: 1.44x
[51.417s][info][gc,stats    ]   CTR: <total>                     3386 us
[51.417s][info][gc,stats    ]   CTR: Thread Roots                3386 us, workers (us): 1745, 1640, ---, ---, ---, ---, ---, ---, 
[51.417s][info][gc,stats    ] Concurrent Weak References        10086 us, parallelism: 1.53x
[51.417s][info][gc,stats    ]   CWRF: <total>                   15453 us
[51.417s][info][gc,stats    ]   CWRF: Weak References           15453 us, workers (us): 9931, 5522, ---, ---, ---, ---, ---, ---, 
[51.417s][info][gc,stats    ] Concurrent Weak Roots              3206 us
[51.417s][info][gc,stats    ]   Roots                            2511 us, parallelism: 1.91x
[51.417s][info][gc,stats    ]     CWR: <total>                   4786 us
[51.417s][info][gc,stats    ]     CWR: Code Cache Roots          3390 us, workers (us): 1701, 1689, ---, ---, ---, ---, ---, ---, 
[51.417s][info][gc,stats    ]     CWR: VM Weak Roots             1365 us, workers (us): 680, 685, ---, ---, ---, ---, ---, ---, 
[51.417s][info][gc,stats    ]     CWR: CLDG Roots                  31 us, workers (us):  31, ---, ---, ---, ---, ---, ---, ---, 
[51.417s][info][gc,stats    ]   Rendezvous                        657 us
[51.417s][info][gc,stats    ] Concurrent Cleanup                  157 us
[51.417s][info][gc,stats    ] Concurrent Class Unloading       176280 us
[51.417s][info][gc,stats    ]   Unlink Stale                   105335 us
[51.417s][info][gc,stats    ]     System Dictionary               232 us
[51.417s][info][gc,stats    ]     Weak Class Links              69115 us
[51.417s][info][gc,stats    ]     Code Roots                    35985 us
[51.417s][info][gc,stats    ]   Rendezvous                        714 us
[51.417s][info][gc,stats    ]   Purge Unlinked                  69317 us
[51.417s][info][gc,stats    ]     Code Roots                    69234 us
[51.417s][info][gc,stats    ]     CLDG                             82 us
[51.417s][info][gc,stats    ]     Exception Caches                  0 us
[51.417s][info][gc,stats    ] Concurrent Strong Roots            1975 us, parallelism: 0.35x
[51.417s][info][gc,stats    ]   CSR: <total>                      701 us
[51.417s][info][gc,stats    ]   CSR: VM Strong Roots               56 us, workers (us):  47,   9, ---, ---, ---, ---, ---, ---, 
[51.417s][info][gc,stats    ]   CSR: CLDG Roots                   644 us, workers (us): 644, ---, ---, ---, ---, ---, ---, ---, 
[51.417s][info][gc,stats    ] Concurrent Evacuation             48581 us
[51.417s][info][gc,stats    ] Pause Init Update Refs (G)          553 us
[51.417s][info][gc,stats    ] Pause Init Update Refs (N)           74 us
[51.417s][info][gc,stats    ]   Manage GCLABs                      32 us
[51.417s][info][gc,stats    ] Concurrent Update Refs           168810 us
[51.417s][info][gc,stats    ] Concurrent Update Thread Roots     3507 us
[51.417s][info][gc,stats    ] Pause Final Update Refs (G)        2393 us
[51.417s][info][gc,stats    ] Pause Final Update Refs (N)         115 us
[51.417s][info][gc,stats    ]   Update Region States               44 us
[51.417s][info][gc,stats    ]   Trash Collection Set                8 us
[51.417s][info][gc,stats    ]   Rebuild Free Set                   17 us
[51.417s][info][gc,stats    ] Concurrent Cleanup                  194 us
[51.417s][info][gc,stats    ] 
[51.417s][info][gc,stats    ] Allocation pacing accrued:
[51.417s][info][gc,stats    ]       0 of 13500 ms (  0.0%): <total>
[51.417s][info][gc,stats    ]       0 of 13500 ms (  0.0%): <average total>
[51.417s][info][gc,stats    ] 
[51.417s][info][gc,metaspace] Metaspace: 70920K(71424K)->70909K(71424K) NonClass: 63449K(63744K)->63441K(63744K) Class: 7471K(7680K)->7468K(7680K)
[51.417s][info][gc,ergo     ] Pacer for Idle. Initial: 40642K, Alloc Tax Rate: 1.0x
[57.705s][info][gc          ] Trigger: Learning 5 of 5. Free (1388M) is below initial threshold (1389M)
[57.705s][info][gc,ergo     ] Free: 1388M, Max: 512K regular, 1301M humongous, Frag: 7% external, 2% internal; Reserve: 101888K, Max: 512K
[57.705s][info][gc,start    ] GC(4) Concurrent reset
[57.705s][info][gc,task     ] GC(4) Using 2 of 8 workers for concurrent reset
[57.705s][info][gc,ergo     ] GC(4) Pacer for Reset. Non-Taxable: 1984M
[57.710s][info][gc          ] GC(4) Concurrent reset 4.752ms
[57.711s][info][gc,start    ] GC(4) Pause Init Mark (unload classes)
[57.711s][info][gc,task     ] GC(4) Using 8 of 8 workers for init marking
[57.711s][info][gc,ergo     ] GC(4) Pacer for Mark. Expected Live: 79006K, Free: 1388M, Non-Taxable: 138M, Alloc Tax Rate: 0.1x
[57.711s][info][gc          ] GC(4) Pause Init Mark (unload classes) 0.159ms
[57.714s][info][gc,start    ] GC(4) Concurrent marking roots
[57.714s][info][gc,task     ] GC(4) Using 2 of 8 workers for concurrent marking roots
[57.717s][info][gc          ] GC(4) Concurrent marking roots 3.087ms
[57.717s][info][gc,start    ] GC(4) Concurrent marking (unload classes)
[57.717s][info][gc,task     ] GC(4) Using 2 of 8 workers for concurrent marking
[58.309s][info][gc          ] GC(4) Concurrent marking (unload classes) 592.107ms
[58.310s][info][gc,start    ] GC(4) Pause Final Mark (unload classes)
[58.310s][info][gc,task     ] GC(4) Using 8 of 8 workers for final marking
[58.310s][info][gc,ergo     ] GC(4) Adaptive CSet Selection. Target Free: 281M, Actual Free: 1426M, Max CSet: 84672K, Min Garbage: 0B
[58.310s][info][gc,ergo     ] GC(4) Collectable Garbage: 390M (99%), Immediate: 11258K (2%), CSet: 379M (96%)
[58.310s][info][gc,ergo     ] GC(4) Pacer for Evacuation. Used CSet: 389M, Free: 1327M, Non-Taxable: 132M, Alloc Tax Rate: 1.1x
[58.310s][info][gc          ] GC(4) Pause Final Mark (unload classes) 0.679ms
[58.311s][info][gc,start    ] GC(4) Concurrent thread roots
[58.311s][info][gc,task     ] GC(4) Using 2 of 8 workers for Concurrent thread roots
[58.312s][info][gc          ] GC(4) Concurrent thread roots 1.443ms
[58.312s][info][gc,start    ] GC(4) Concurrent weak references
[58.312s][info][gc,task     ] GC(4) Using 2 of 8 workers for concurrent weak references
[58.319s][info][gc,ref      ] GC(4) Encountered references: Soft: 4705, Weak: 14531, Final: 74, Phantom: 767
[58.319s][info][gc,ref      ] GC(4) Discovered  references: Soft: 0, Weak: 11242, Final: 32, Phantom: 503
[58.319s][info][gc,ref      ] GC(4) Enqueued    references: Soft: 0, Weak: 8050, Final: 0, Phantom: 7
[58.319s][info][gc          ] GC(4) Concurrent weak references 6.569ms
[58.319s][info][gc,start    ] GC(4) Concurrent weak roots
[58.319s][info][gc,task     ] GC(4) Using 2 of 8 workers for concurrent weak root
[58.326s][info][gc          ] GC(4) Concurrent weak roots 7.547ms
[58.326s][info][gc,start    ] GC(4) Concurrent cleanup
[58.327s][info][gc          ] GC(4) Concurrent cleanup 571M->560M(586M) 0.137ms
[58.327s][info][gc,ergo     ] GC(4) Free: 1322M, Max: 512K regular, 1301M humongous, Frag: 2% external, 0% internal; Reserve: 100974K, Max: 512K
[58.327s][info][gc,start    ] GC(4) Concurrent class unloading
[58.327s][info][gc,task     ] GC(4) Using 2 of 8 workers for concurrent class unloading
[58.373s][info][gc          ] GC(4) Concurrent class unloading 46.553ms
[58.373s][info][gc,start    ] GC(4) Concurrent strong roots
[58.373s][info][gc,task     ] GC(4) Using 2 of 8 workers for concurrent strong root
[58.374s][info][gc          ] GC(4) Concurrent strong roots 0.418ms
[58.374s][info][gc,start    ] GC(4) Concurrent evacuation
[58.374s][info][gc,task     ] GC(4) Using 2 of 8 workers for concurrent evacuation
[58.408s][info][gc          ] GC(4) Concurrent evacuation 34.158ms
[58.409s][info][gc,start    ] GC(4) Pause Init Update Refs
[58.409s][info][gc,ergo     ] GC(4) Pacer for Update Refs. Used: 583M, Free: 1309M, Non-Taxable: 130M, Alloc Tax Rate: 1.1x
[58.409s][info][gc          ] GC(4) Pause Init Update Refs 0.111ms
[58.409s][info][gc,start    ] GC(4) Concurrent update references
[58.409s][info][gc,task     ] GC(4) Using 2 of 8 workers for concurrent reference update
[58.584s][info][gc          ] GC(4) Concurrent update references 174.932ms
[58.584s][info][gc,start    ] GC(4) Concurrent update thread roots
[58.585s][info][gc          ] GC(4) Concurrent update thread roots 0.797ms
[58.585s][info][gc,start    ] GC(4) Pause Final Update Refs
[58.585s][info][gc,task     ] GC(4) Using 8 of 8 workers for final reference update
[58.585s][info][gc          ] GC(4) Pause Final Update Refs 0.113ms
[58.585s][info][gc,start    ] GC(4) Concurrent cleanup
[58.585s][info][gc          ] GC(4) Concurrent cleanup 599M->209M(602M) 0.143ms
[58.585s][info][gc,ergo     ] Free: 1672M, Max: 512K regular, 1286M humongous, Frag: 24% external, 0% internal; Reserve: 101888K, Max: 512K
[58.585s][info][gc,stats    ] 
[58.585s][info][gc,stats    ] All times are wall-clock times, except per-root-class counters, that are sum over
[58.585s][info][gc,stats    ] all workers. Dividing the <total> over the root stage time estimates parallelism.
[58.585s][info][gc,stats    ] 
[58.585s][info][gc,stats    ] Concurrent Reset                   4784 us
[58.585s][info][gc,stats    ] Pause Init Mark (G)                4132 us
[58.585s][info][gc,stats    ] Pause Init Mark (N)                 174 us
[58.585s][info][gc,stats    ]   Update Region States               40 us
[58.585s][info][gc,stats    ] Concurrent Mark Roots              3112 us, parallelism: 0.72x
[58.585s][info][gc,stats    ]   CMR: <total>                     2240 us
[58.585s][info][gc,stats    ]   CMR: Thread Roots                1936 us, workers (us): 801, 1135, ---, ---, ---, ---, ---, ---, 
[58.585s][info][gc,stats    ]   CMR: VM Strong Roots               29 us, workers (us):  28,   1, ---, ---, ---, ---, ---, ---, 
[58.585s][info][gc,stats    ]   CMR: CLDG Roots                   275 us, workers (us): 275, ---, ---, ---, ---, ---, ---, ---, 
[58.585s][info][gc,stats    ] Concurrent Marking               592141 us
[58.585s][info][gc,stats    ] Pause Final Mark (G)               1403 us
[58.585s][info][gc,stats    ] Pause Final Mark (N)                686 us
[58.585s][info][gc,stats    ]   Finish Mark                       396 us
[58.585s][info][gc,stats    ]   Update Region States               69 us
[58.585s][info][gc,stats    ]   Choose Collection Set             142 us
[58.585s][info][gc,stats    ]   Rebuild Free Set                   17 us
[58.585s][info][gc,stats    ] Concurrent Thread Roots            1480 us, parallelism: 1.13x
[58.585s][info][gc,stats    ]   CTR: <total>                     1666 us
[58.585s][info][gc,stats    ]   CTR: Thread Roots                1666 us, workers (us): 1387, 279, ---, ---, ---, ---, ---, ---, 
[58.585s][info][gc,stats    ] Concurrent Weak References         6578 us, parallelism: 0.91x
[58.585s][info][gc,stats    ]   CWRF: <total>                    6014 us
[58.585s][info][gc,stats    ]   CWRF: Weak References            6014 us, workers (us): 139, 5875, ---, ---, ---, ---, ---, ---, 
[58.585s][info][gc,stats    ] Concurrent Weak Roots              7570 us
[58.585s][info][gc,stats    ]   Roots                            7293 us, parallelism: 1.60x
[58.585s][info][gc,stats    ]     CWR: <total>                  11676 us
[58.585s][info][gc,stats    ]     CWR: Code Cache Roots          9993 us, workers (us): 4858, 5135, ---, ---, ---, ---, ---, ---, 
[58.585s][info][gc,stats    ]     CWR: VM Weak Roots             1637 us, workers (us): 1636,   1, ---, ---, ---, ---, ---, ---, 
[58.585s][info][gc,stats    ]     CWR: CLDG Roots                  46 us, workers (us):  46, ---, ---, ---, ---, ---, ---, ---, 
[58.585s][info][gc,stats    ]   Rendezvous                        235 us
[58.585s][info][gc,stats    ] Concurrent Cleanup                  144 us
[58.585s][info][gc,stats    ] Concurrent Class Unloading        46572 us
[58.585s][info][gc,stats    ]   Unlink Stale                    32177 us
[58.585s][info][gc,stats    ]     System Dictionary                67 us
[58.585s][info][gc,stats    ]     Weak Class Links                  0 us
[58.585s][info][gc,stats    ]     Code Roots                    32108 us
[58.585s][info][gc,stats    ]   Rendezvous                       2388 us
[58.585s][info][gc,stats    ]   Purge Unlinked                  11962 us
[58.585s][info][gc,stats    ]     Code Roots                    11883 us
[58.585s][info][gc,stats    ]     CLDG                             78 us
[58.585s][info][gc,stats    ]     Exception Caches                  0 us
[58.585s][info][gc,stats    ] Concurrent Strong Roots             427 us, parallelism: 0.82x
[58.585s][info][gc,stats    ]   CSR: <total>                      350 us
[58.585s][info][gc,stats    ]   CSR: VM Strong Roots               22 us, workers (us):  11,  11, ---, ---, ---, ---, ---, ---, 
[58.585s][info][gc,stats    ]   CSR: CLDG Roots                   328 us, workers (us): 328, ---, ---, ---, ---, ---, ---, ---, 
[58.585s][info][gc,stats    ] Concurrent Evacuation             34193 us
[58.585s][info][gc,stats    ] Pause Init Update Refs (G)         1011 us
[58.585s][info][gc,stats    ] Pause Init Update Refs (N)          120 us
[58.585s][info][gc,stats    ]   Manage GCLABs                      67 us
[58.586s][info][gc,stats    ] Concurrent Update Refs           174965 us
[58.586s][info][gc,stats    ] Concurrent Update Thread Roots      816 us
[58.586s][info][gc,stats    ] Pause Final Update Refs (G)         335 us
[58.586s][info][gc,stats    ] Pause Final Update Refs (N)         121 us
[58.586s][info][gc,stats    ]   Update Region States               43 us
[58.586s][info][gc,stats    ]   Trash Collection Set                7 us
[58.586s][info][gc,stats    ]   Rebuild Free Set                   16 us
[58.586s][info][gc,stats    ] Concurrent Cleanup                  152 us
[58.586s][info][gc,stats    ] 
[58.586s][info][gc,stats    ] Allocation pacing accrued:
[58.586s][info][gc,stats    ]       0 of  7168 ms (  0.0%): <total>
[58.586s][info][gc,stats    ]       0 of  7168 ms (  0.0%): <average total>
[58.586s][info][gc,stats    ] 
[58.586s][info][gc,metaspace] Metaspace: 70982K(71424K)->70982K(71424K) NonClass: 63506K(63744K)->63506K(63744K) Class: 7475K(7680K)->7475K(7680K)
[58.586s][info][gc,ergo     ] Pacer for Idle. Initial: 40642K, Alloc Tax Rate: 1.0x
[83.553s][info][gc          ] Trigger: Average GC time (1177.86 ms) is above the time for instantaneous allocation rate (95447 KB/s) to deplete free headroom (103M) (spike threshold = 1.80)
[83.553s][info][gc,ergo     ] Free: 202M, Max: 512K regular, 202M humongous, Frag: 0% external, 0% internal; Reserve: 101888K, Max: 512K
[83.553s][info][gc,start    ] GC(5) Concurrent reset
[83.553s][info][gc,task     ] GC(5) Using 2 of 8 workers for concurrent reset
[83.553s][info][gc,ergo     ] GC(5) Pacer for Reset. Non-Taxable: 1984M
[83.565s][info][gc          ] GC(5) Concurrent reset 11.844ms
[83.566s][info][gc,start    ] GC(5) Pause Init Mark (unload classes)
[83.566s][info][gc,task     ] GC(5) Using 8 of 8 workers for init marking
[83.566s][info][gc,ergo     ] GC(5) Pacer for Mark. Expected Live: 83715K, Free: 202M, Non-Taxable: 20696K, Alloc Tax Rate: 0.5x
[83.566s][info][gc          ] GC(5) Pause Init Mark (unload classes) 0.140ms
[83.568s][info][gc,start    ] GC(5) Concurrent marking roots
[83.568s][info][gc,task     ] GC(5) Using 2 of 8 workers for concurrent marking roots
[83.570s][info][gc          ] GC(5) Concurrent marking roots 2.221ms
[83.570s][info][gc,start    ] GC(5) Concurrent marking (unload classes)
[83.570s][info][gc,task     ] GC(5) Using 2 of 8 workers for concurrent marking
[84.243s][info][gc          ] GC(5) Concurrent marking (unload classes) 672.637ms
[84.243s][info][gc,start    ] GC(5) Pause Final Mark (unload classes)
[84.243s][info][gc,task     ] GC(5) Using 8 of 8 workers for final marking
[84.246s][info][gc,ergo     ] GC(5) Adaptive CSet Selection. Target Free: 281M, Actual Free: 269M, Max CSet: 84672K, Min Garbage: 12428K
[84.246s][info][gc,ergo     ] GC(5) Collectable Garbage: 1561M (99%), Immediate: 15872K (0%), CSet: 1546M (98%)
[84.246s][info][gc,ergo     ] GC(5) Pacer for Evacuation. Used CSet: 1579M, Free: 169M, Non-Taxable: 17405K, Alloc Tax Rate: 22.7x
[84.246s][info][gc          ] GC(5) Pause Final Mark (unload classes) 3.143ms
[84.246s][info][gc,start    ] GC(5) Concurrent thread roots
[84.246s][info][gc,task     ] GC(5) Using 2 of 8 workers for Concurrent thread roots
[84.247s][info][gc          ] GC(5) Concurrent thread roots 0.903ms
[84.247s][info][gc,start    ] GC(5) Concurrent weak references
[84.247s][info][gc,task     ] GC(5) Using 2 of 8 workers for concurrent weak references
[84.265s][info][gc,ref      ] GC(5) Encountered references: Soft: 4705, Weak: 44075, Final: 74, Phantom: 761
[84.265s][info][gc,ref      ] GC(5) Discovered  references: Soft: 0, Weak: 38729, Final: 0, Phantom: 499
[84.265s][info][gc,ref      ] GC(5) Enqueued    references: Soft: 0, Weak: 37634, Final: 0, Phantom: 4
[84.265s][info][gc          ] GC(5) Concurrent weak references 18.138ms
[84.265s][info][gc,start    ] GC(5) Concurrent weak roots
[84.265s][info][gc,task     ] GC(5) Using 2 of 8 workers for concurrent weak root
[84.274s][info][gc          ] GC(5) Concurrent weak roots 8.749ms
[84.274s][info][gc,start    ] GC(5) Concurrent cleanup
[84.274s][info][gc          ] GC(5) Concurrent cleanup 1731M->1716M(1737M) 0.130ms
[84.274s][info][gc,ergo     ] GC(5) Free: 167M, Max: 512K regular, 152M humongous, Frag: 9% external, 0% internal; Reserve: 99574K, Max: 512K
[84.274s][info][gc,start    ] GC(5) Concurrent class unloading
[84.274s][info][gc,task     ] GC(5) Using 2 of 8 workers for concurrent class unloading
[84.303s][info][gc          ] GC(5) Concurrent class unloading 28.439ms
[84.303s][info][gc,start    ] GC(5) Concurrent strong roots
[84.303s][info][gc,task     ] GC(5) Using 2 of 8 workers for concurrent strong root
[84.304s][info][gc          ] GC(5) Concurrent strong roots 1.050ms
[84.304s][info][gc,start    ] GC(5) Concurrent evacuation
[84.304s][info][gc,task     ] GC(5) Using 2 of 8 workers for concurrent evacuation
[84.623s][info][gc          ] GC(5) Concurrent evacuation 318.972ms
[84.623s][info][gc,start    ] GC(5) Pause Init Update Refs
[84.623s][info][gc,ergo     ] GC(5) Pacer for Update Refs. Used: 1771M, Free: 145M, Non-Taxable: 14860K, Alloc Tax Rate: 14.9x
[84.623s][info][gc          ] GC(5) Pause Init Update Refs 0.123ms
[84.623s][info][gc,start    ] GC(5) Concurrent update references
[84.623s][info][gc,task     ] GC(5) Using 2 of 8 workers for concurrent reference update
[84.949s][info][gc          ] GC(5) Concurrent update references 326.164ms
[84.949s][info][gc,start    ] GC(5) Concurrent update thread roots
[84.952s][info][gc          ] GC(5) Concurrent update thread roots 2.537ms
[84.952s][info][gc,start    ] GC(5) Pause Final Update Refs
[84.952s][info][gc,task     ] GC(5) Using 8 of 8 workers for final reference update
[84.952s][info][gc          ] GC(5) Pause Final Update Refs 0.120ms
[84.952s][info][gc,start    ] GC(5) Concurrent cleanup
[84.952s][info][gc          ] GC(5) Concurrent cleanup 1794M->215M(1797M) 0.248ms
[84.953s][info][gc,ergo     ] Free: 1666M, Max: 512K regular, 362M humongous, Frag: 79% external, 0% internal; Reserve: 101888K, Max: 512K
[84.953s][info][gc,stats    ] 
[84.953s][info][gc,stats    ] All times are wall-clock times, except per-root-class counters, that are sum over
[84.953s][info][gc,stats    ] all workers. Dividing the <total> over the root stage time estimates parallelism.
[84.953s][info][gc,stats    ] 
[84.953s][info][gc,stats    ] Concurrent Reset                  11883 us
[84.953s][info][gc,stats    ] Pause Init Mark (G)                2841 us
[84.953s][info][gc,stats    ] Pause Init Mark (N)                 149 us
[84.953s][info][gc,stats    ]   Update Region States               53 us
[84.953s][info][gc,stats    ] Concurrent Mark Roots              2241 us, parallelism: 1.78x
[84.953s][info][gc,stats    ]   CMR: <total>                     3988 us
[84.953s][info][gc,stats    ]   CMR: Thread Roots                3757 us, workers (us): 1810, 1947, ---, ---, ---, ---, ---, ---, 
[84.953s][info][gc,stats    ]   CMR: VM Strong Roots               27 us, workers (us):  26,   1, ---, ---, ---, ---, ---, ---, 
[84.953s][info][gc,stats    ]   CMR: CLDG Roots                   205 us, workers (us): 205, ---, ---, ---, ---, ---, ---, ---, 
[84.953s][info][gc,stats    ] Concurrent Marking               672670 us
[84.953s][info][gc,stats    ] Pause Final Mark (G)               3297 us
[84.953s][info][gc,stats    ] Pause Final Mark (N)               3151 us
[84.953s][info][gc,stats    ]   Finish Mark                      2450 us
[84.953s][info][gc,stats    ]   Update Region States               48 us
[84.953s][info][gc,stats    ]   Choose Collection Set             558 us
[84.953s][info][gc,stats    ]   Rebuild Free Set                   13 us
[84.953s][info][gc,stats    ] Concurrent Thread Roots             918 us, parallelism: 1.37x
[84.953s][info][gc,stats    ]   CTR: <total>                     1260 us
[84.953s][info][gc,stats    ]   CTR: Thread Roots                1260 us, workers (us): 818, 441, ---, ---, ---, ---, ---, ---, 
[84.953s][info][gc,stats    ] Concurrent Weak References        18147 us, parallelism: 1.71x
[84.953s][info][gc,stats    ]   CWRF: <total>                   30975 us
[84.953s][info][gc,stats    ]   CWRF: Weak References           30975 us, workers (us): 13219, 17756, ---, ---, ---, ---, ---, ---, 
[84.953s][info][gc,stats    ] Concurrent Weak Roots              8769 us
[84.953s][info][gc,stats    ]   Roots                            7078 us, parallelism: 1.14x
[84.953s][info][gc,stats    ]     CWR: <total>                   8053 us
[84.953s][info][gc,stats    ]     CWR: Code Cache Roots          6653 us, workers (us): 5562, 1091, ---, ---, ---, ---, ---, ---, 
[84.953s][info][gc,stats    ]     CWR: VM Weak Roots             1364 us, workers (us): 1362,   1, ---, ---, ---, ---, ---, ---, 
[84.953s][info][gc,stats    ]     CWR: CLDG Roots                  36 us, workers (us):  36, ---, ---, ---, ---, ---, ---, ---, 
[84.953s][info][gc,stats    ]   Rendezvous                       1651 us
[84.953s][info][gc,stats    ] Concurrent Cleanup                  137 us
[84.953s][info][gc,stats    ] Concurrent Class Unloading        28522 us
[84.953s][info][gc,stats    ]   Unlink Stale                    18264 us
[84.953s][info][gc,stats    ]     System Dictionary                52 us
[84.953s][info][gc,stats    ]     Weak Class Links                  0 us
[84.953s][info][gc,stats    ]     Code Roots                    18209 us
[84.953s][info][gc,stats    ]   Rendezvous                        712 us
[84.953s][info][gc,stats    ]   Purge Unlinked                   9444 us
[84.953s][info][gc,stats    ]     Code Roots                     9404 us
[84.953s][info][gc,stats    ]     CLDG                             40 us
[84.953s][info][gc,stats    ]     Exception Caches                  0 us
[84.953s][info][gc,stats    ] Concurrent Strong Roots            1072 us, parallelism: 0.53x
[84.953s][info][gc,stats    ]   CSR: <total>                      567 us
[84.953s][info][gc,stats    ]   CSR: VM Strong Roots               27 us, workers (us):  27,   1, ---, ---, ---, ---, ---, ---, 
[84.953s][info][gc,stats    ]   CSR: CLDG Roots                   539 us, workers (us): 539, ---, ---, ---, ---, ---, ---, ---, 
[84.953s][info][gc,stats    ] Concurrent Evacuation            319008 us
[84.953s][info][gc,stats    ] Pause Init Update Refs (G)          217 us
[84.953s][info][gc,stats    ] Pause Init Update Refs (N)          132 us
[84.953s][info][gc,stats    ]   Manage GCLABs                      42 us
[84.953s][info][gc,stats    ] Concurrent Update Refs           326196 us
[84.953s][info][gc,stats    ] Concurrent Update Thread Roots     2570 us
[84.953s][info][gc,stats    ] Pause Final Update Refs (G)         534 us
[84.953s][info][gc,stats    ] Pause Final Update Refs (N)         128 us
[84.953s][info][gc,stats    ]   Update Region States               49 us
[84.953s][info][gc,stats    ]   Trash Collection Set               19 us
[84.953s][info][gc,stats    ]   Rebuild Free Set                   15 us
[84.953s][info][gc,stats    ] Concurrent Cleanup                  256 us
[84.953s][info][gc,stats    ] Pacing                           383760 us
[84.953s][info][gc,stats    ] 
[84.953s][info][gc,stats    ] Allocation pacing accrued:
[84.953s][info][gc,stats    ]      24 of 26367 ms (  0.1%): om1-OMDoubleBufferFlushThread
[84.953s][info][gc,stats    ]      11 of 26367 ms (  0.0%): Socket Reader #1 for port 9862
[84.953s][info][gc,stats    ]      11 of 26367 ms (  0.0%): Hadoop-Metrics-Updater-0
[84.953s][info][gc,stats    ]      11 of 26367 ms (  0.0%): om1@group-C5BA1605619E-StateMachineUpdater
[84.953s][info][gc,stats    ]      11 of 26367 ms (  0.0%): IPC Server handler 0 on default port 9862
[84.953s][info][gc,stats    ]      11 of 26367 ms (  0.0%): IPC Server handler 4 on default port 9862
[84.953s][info][gc,stats    ]      11 of 26367 ms (  0.0%): IPC Server handler 5 on default port 9862
[84.953s][info][gc,stats    ]      11 of 26367 ms (  0.0%): IPC Server handler 12 on default port 9862
[84.953s][info][gc,stats    ]      10 of 26367 ms (  0.0%): IPC Server handler 16 on default port 9862
[84.953s][info][gc,stats    ]      11 of 26367 ms (  0.0%): IPC Server handler 18 on default port 9862
[84.953s][info][gc,stats    ]      11 of 26367 ms (  0.0%): IPC Server handler 32 on default port 9862
[84.953s][info][gc,stats    ]      13 of 26367 ms (  0.1%): IPC Server handler 41 on default port 9862
[84.953s][info][gc,stats    ]      11 of 26367 ms (  0.0%): IPC Server handler 43 on default port 9862
[84.953s][info][gc,stats    ]      11 of 26367 ms (  0.0%): IPC Server handler 52 on default port 9862
[84.953s][info][gc,stats    ]      11 of 26367 ms (  0.0%): IPC Server handler 53 on default port 9862
[84.953s][info][gc,stats    ]      10 of 26367 ms (  0.0%): IPC Server handler 55 on default port 9862
[84.953s][info][gc,stats    ]      12 of 26367 ms (  0.0%): IPC Server handler 67 on default port 9862
[84.953s][info][gc,stats    ]      11 of 26367 ms (  0.0%): IPC Server handler 79 on default port 9862
[84.953s][info][gc,stats    ]      11 of 26367 ms (  0.0%): IPC Server handler 85 on default port 9862
[84.953s][info][gc,stats    ]      15 of 26367 ms (  0.1%): IPC Server handler 91 on default port 9862
[84.953s][info][gc,stats    ]      11 of 26367 ms (  0.0%): IPC Server handler 93 on default port 9862
[84.953s][info][gc,stats    ]      11 of 26367 ms (  0.0%): IPC Server handler 99 on default port 9862
[84.953s][info][gc,stats    ]      11 of 26367 ms (  0.0%): om1@group-C5BA1605619E-LeaderStateImpl
[84.953s][info][gc,stats    ]      11 of 26367 ms (  0.0%): om1-client-thread2
[84.953s][info][gc,stats    ]      99 of 26367 ms (  0.4%): om1-OMStateMachineApplyTransactionThread - 0
[84.953s][info][gc,stats    ]     384 of 26367 ms (  1.5%): <total>
[84.953s][info][gc,stats    ]       2 of 26367 ms (  0.0%): <average total>
[84.953s][info][gc,stats    ]      15 of 26367 ms (  0.1%): <average non-zero>
[84.953s][info][gc,stats    ] 
[84.953s][info][gc,metaspace] Metaspace: 71149K(71680K)->71164K(71680K) NonClass: 63658K(63936K)->63671K(63936K) Class: 7491K(7744K)->7492K(7744K)
[84.953s][info][gc,ergo     ] Pacer for Idle. Initial: 40642K, Alloc Tax Rate: 1.0x
