[0.004s][info][gc] Heuristics ergonomically sets -XX:+ExplicitGCInvokesConcurrent
[0.004s][info][gc] Heuristics ergonomically sets -XX:+ShenandoahImplicitGCInvokesConcurrent
[0.008s][info][gc] Using Shenandoah
[0.008s][info][gc] Heuristics ergonomically sets -XX:ShenandoahImmediateThreshold=100
[0.009s][info][gc,ergo] Pacer for Idle. Initial: 40642K, Alloc Tax Rate: 1.0x
[0.009s][info][gc,init] Version: 21.0.7+6-Ubuntu-0ubuntu122.04 (release)
[0.009s][info][gc,init] CPUs: 4 total, 4 available
[0.009s][info][gc,init] Memory: 7937M
[0.009s][info][gc,init] Large Page Support: Disabled
[0.009s][info][gc,init] NUMA Support: Disabled
[0.009s][info][gc,init] Compressed Oops: Enabled (32-bit)
[0.009s][info][gc,init] Heap Min Capacity: 6656K
[0.009s][info][gc,init] Heap Initial Capacity: 127488K
[0.009s][info][gc,init] Heap Max Capacity: 2032128K
[0.009s][info][gc,init] Pre-touch: Disabled
[0.009s][info][gc,init] Mode: Incremental-Update (IU)
[0.009s][info][gc,init] Heuristics: Aggressive
[0.009s][info][gc,init] Heap Region Count: 3969
[0.009s][info][gc,init] Heap Region Size: 512K
[0.009s][info][gc,init] TLAB Size Max: 512K
[0.009s][info][gc,init] Humongous Object Threshold: 512K
[0.009s][info][gc,init] Parallel Workers: 8
[0.009s][info][gc,init] Concurrent Workers: 2
[0.017s][info][gc,metaspace] CDS archive(s) mapped at: [0x00007f487f000000-0x00007f487fc97000-0x00007f487fc97000), size 13201408, SharedBaseAddress: 0x00007f487f000000, ArchiveRelocationMode: 1.
[0.017s][info][gc,metaspace] Compressed class space mapped at: 0x00007f4880000000-0x00007f48c0000000, reserved size: 1073741824
[0.017s][info][gc,metaspace] Narrow klass base: 0x00007f487f000000, Narrow klass shift: 0, Narrow klass range: 0x100000000
[0.070s][info][gc          ] Trigger: Start next cycle immediately
[0.070s][info][gc,ergo     ] Free: 1883M, Max: 512K regular, 1883M humongous, Frag: 0% external, 0% internal; Reserve: 101888K, Max: 512K
[0.070s][info][gc,start    ] GC(0) Concurrent reset
[0.070s][info][gc,task     ] GC(0) Using 2 of 8 workers for concurrent reset
[0.070s][info][gc,ergo     ] GC(0) Pacer for Reset. Non-Taxable: 1984M
[0.071s][info][gc          ] GC(0) Concurrent reset 0.471ms
[0.076s][info][gc,start    ] GC(0) Pause Init Mark (unload classes)
[0.079s][info][gc,task     ] GC(0) Using 8 of 8 workers for init marking
[0.083s][info][gc,ergo     ] GC(0) Pacer for Mark. Expected Live: 198M, Free: 1883M, Non-Taxable: 188M, Alloc Tax Rate: 0.1x
[0.083s][info][gc          ] GC(0) Pause Init Mark (unload classes) 7.357ms
[0.084s][info][gc,start    ] GC(0) Concurrent marking roots
[0.084s][info][gc,task     ] GC(0) Using 2 of 8 workers for concurrent marking roots
[0.086s][info][gc          ] GC(0) Concurrent marking roots 2.671ms
[0.086s][info][gc,start    ] GC(0) Concurrent marking (unload classes)
[0.086s][info][gc,task     ] GC(0) Using 2 of 8 workers for concurrent marking
[0.095s][info][gc          ] GC(0) Concurrent marking (unload classes) 8.535ms
[0.095s][info][gc,start    ] GC(0) Pause Final Mark (unload classes)
[0.095s][info][gc,task     ] GC(0) Using 8 of 8 workers for final marking
[0.095s][info][gc,ergo     ] GC(0) Collectable Garbage: 1388K (100%), Immediate: 0B (0%), CSet: 1388K (100%)
[0.095s][info][gc,ergo     ] GC(0) Pacer for Evacuation. Used CSet: 1536K, Free: 1883M, Non-Taxable: 188M, Alloc Tax Rate: 1.1x
[0.095s][info][gc          ] GC(0) Pause Final Mark (unload classes) 0.530ms
[0.095s][info][gc,start    ] GC(0) Concurrent thread roots
[0.095s][info][gc,task     ] GC(0) Using 2 of 8 workers for Concurrent thread roots
[0.096s][info][gc          ] GC(0) Concurrent thread roots 0.096ms
[0.096s][info][gc,start    ] GC(0) Concurrent weak references
[0.096s][info][gc,task     ] GC(0) Using 2 of 8 workers for concurrent weak references
[0.096s][info][gc,ref      ] GC(0) Encountered references: Soft: 0, Weak: 0, Final: 0, Phantom: 0
[0.096s][info][gc,ref      ] GC(0) Discovered  references: Soft: 0, Weak: 0, Final: 0, Phantom: 0
[0.096s][info][gc,ref      ] GC(0) Enqueued    references: Soft: 0, Weak: 0, Final: 0, Phantom: 0
[0.096s][info][gc          ] GC(0) Concurrent weak references 0.062ms
[0.096s][info][gc,start    ] GC(0) Concurrent weak roots
[0.096s][info][gc,task     ] GC(0) Using 2 of 8 workers for concurrent weak root
[0.096s][info][gc          ] GC(0) Concurrent weak roots 0.236ms
[0.096s][info][gc,start    ] GC(0) Concurrent cleanup
[0.096s][info][gc          ] GC(0) Concurrent cleanup 2M->2M(125M) 0.080ms
[0.096s][info][gc,ergo     ] GC(0) Free: 1882M, Max: 512K regular, 1882M humongous, Frag: 0% external, 0% internal; Reserve: 101850K, Max: 512K
[0.096s][info][gc,start    ] GC(0) Concurrent class unloading
[0.096s][info][gc,task     ] GC(0) Using 2 of 8 workers for concurrent class unloading
[0.096s][info][gc          ] GC(0) Concurrent class unloading 0.224ms
[0.096s][info][gc,start    ] GC(0) Concurrent strong roots
[0.096s][info][gc,task     ] GC(0) Using 2 of 8 workers for concurrent strong root
[0.096s][info][gc          ] GC(0) Concurrent strong roots 0.088ms
[0.096s][info][gc,start    ] GC(0) Concurrent evacuation
[0.096s][info][gc,task     ] GC(0) Using 2 of 8 workers for concurrent evacuation
[0.097s][info][gc          ] GC(0) Concurrent evacuation 0.133ms
[0.097s][info][gc,start    ] GC(0) Pause Init Update Refs
[0.097s][info][gc,ergo     ] GC(0) Pacer for Update Refs. Used: 2786K, Free: 1882M, Non-Taxable: 188M, Alloc Tax Rate: 1.1x
[0.097s][info][gc          ] GC(0) Pause Init Update Refs 0.154ms
[0.097s][info][gc,start    ] GC(0) Concurrent update references
[0.097s][info][gc,task     ] GC(0) Using 2 of 8 workers for concurrent reference update
[0.097s][info][gc          ] GC(0) Concurrent update references 0.389ms
[0.097s][info][gc,start    ] GC(0) Concurrent update thread roots
[0.106s][info][gc          ] GC(0) Concurrent update thread roots 8.589ms
[0.106s][info][gc,start    ] GC(0) Pause Final Update Refs
[0.106s][info][gc,task     ] GC(0) Using 8 of 8 workers for final reference update
[0.106s][info][gc          ] GC(0) Pause Final Update Refs 0.119ms
[0.106s][info][gc,start    ] GC(0) Concurrent cleanup
[0.106s][info][gc          ] GC(0) Concurrent cleanup 2M->1M(125M) 0.079ms
[0.106s][info][gc,ergo     ] Free: 1883M, Max: 512K regular, 1882M humongous, Frag: 1% external, 0% internal; Reserve: 101888K, Max: 512K
[0.106s][info][gc,stats    ] 
[0.106s][info][gc,stats    ] All times are wall-clock times, except per-root-class counters, that are sum over
[0.106s][info][gc,stats    ] all workers. Dividing the <total> over the root stage time estimates parallelism.
[0.106s][info][gc,stats    ] 
[0.106s][info][gc,stats    ] Concurrent Reset                    495 us
[0.106s][info][gc,stats    ] Pause Init Mark (G)               12850 us
[0.106s][info][gc,stats    ] Pause Init Mark (N)                7398 us
[0.106s][info][gc,stats    ]   Update Region States               43 us
[0.106s][info][gc,stats    ] Concurrent Mark Roots              2694 us, parallelism: 0.04x
[0.106s][info][gc,stats    ]   CMR: <total>                      118 us
[0.106s][info][gc,stats    ]   CMR: Thread Roots                  80 us, workers (us):  80,   0, ---, ---, ---, ---, ---, ---, 
[0.106s][info][gc,stats    ]   CMR: VM Strong Roots               17 us, workers (us):  16,   0, ---, ---, ---, ---, ---, ---, 
[0.106s][info][gc,stats    ]   CMR: CLDG Roots                    21 us, workers (us):  21, ---, ---, ---, ---, ---, ---, ---, 
[0.106s][info][gc,stats    ] Concurrent Marking                 8553 us
[0.106s][info][gc,stats    ] Pause Final Mark (G)                689 us
[0.106s][info][gc,stats    ] Pause Final Mark (N)                566 us
[0.106s][info][gc,stats    ]   Finish Mark                       286 us
[0.106s][info][gc,stats    ]   Update Region States               29 us
[0.106s][info][gc,stats    ]   Choose Collection Set              79 us
[0.106s][info][gc,stats    ]   Rebuild Free Set                   21 us
[0.106s][info][gc,stats    ] Concurrent Thread Roots             107 us, parallelism: 0.80x
[0.106s][info][gc,stats    ]   CTR: <total>                       85 us
[0.106s][info][gc,stats    ]   CTR: Thread Roots                  85 us, workers (us):  47,  39, ---, ---, ---, ---, ---, ---, 
[0.106s][info][gc,stats    ] Concurrent Weak References           76 us, parallelism: 0.01x
[0.106s][info][gc,stats    ]   CWRF: <total>                       1 us
[0.106s][info][gc,stats    ]   CWRF: Weak References               1 us, workers (us):   1,   0, ---, ---, ---, ---, ---, ---, 
[0.106s][info][gc,stats    ] Concurrent Weak Roots               248 us
[0.106s][info][gc,stats    ]   Roots                              55 us, parallelism: 0.64x
[0.106s][info][gc,stats    ]     CWR: <total>                     35 us
[0.106s][info][gc,stats    ]     CWR: Code Cache Roots             2 us, workers (us):   2,   0, ---, ---, ---, ---, ---, ---, 
[0.106s][info][gc,stats    ]     CWR: VM Weak Roots               33 us, workers (us):  32,   0, ---, ---, ---, ---, ---, ---, 
[0.106s][info][gc,stats    ]     CWR: CLDG Roots                   0 us, workers (us):   0, ---, ---, ---, ---, ---, ---, ---, 
[0.107s][info][gc,stats    ]   Rendezvous                        166 us
[0.107s][info][gc,stats    ] Concurrent Cleanup                   89 us
[0.107s][info][gc,stats    ] Concurrent Class Unloading          235 us
[0.107s][info][gc,stats    ]   Unlink Stale                       39 us
[0.107s][info][gc,stats    ]     System Dictionary                21 us
[0.107s][info][gc,stats    ]     Weak Class Links                  0 us
[0.107s][info][gc,stats    ]     Code Roots                       18 us
[0.107s][info][gc,stats    ]   Rendezvous                        161 us
[0.107s][info][gc,stats    ]   Purge Unlinked                      5 us
[0.107s][info][gc,stats    ]     Code Roots                        1 us
[0.107s][info][gc,stats    ]     CLDG                              5 us
[0.107s][info][gc,stats    ]     Exception Caches                  0 us
[0.107s][info][gc,stats    ] Concurrent Strong Roots             128 us, parallelism: 0.46x
[0.107s][info][gc,stats    ]   CSR: <total>                       58 us
[0.107s][info][gc,stats    ]   CSR: VM Strong Roots                4 us, workers (us):   4,   0, ---, ---, ---, ---, ---, ---, 
[0.107s][info][gc,stats    ]   CSR: CLDG Roots                    54 us, workers (us):  54, ---, ---, ---, ---, ---, ---, ---, 
[0.107s][info][gc,stats    ] Concurrent Evacuation               144 us
[0.107s][info][gc,stats    ] Pause Init Update Refs (G)          210 us
[0.107s][info][gc,stats    ] Pause Init Update Refs (N)          179 us
[0.107s][info][gc,stats    ]   Manage GCLABs                       3 us
[0.107s][info][gc,stats    ] Concurrent Update Refs              400 us
[0.107s][info][gc,stats    ] Concurrent Update Thread Roots     8608 us
[0.107s][info][gc,stats    ] Pause Final Update Refs (G)         288 us
[0.107s][info][gc,stats    ] Pause Final Update Refs (N)         164 us
[0.107s][info][gc,stats    ]   Update Region States               17 us
[0.107s][info][gc,stats    ]   Trash Collection Set                2 us
[0.107s][info][gc,stats    ]   Rebuild Free Set                   17 us
[0.107s][info][gc,stats    ] Concurrent Cleanup                   89 us
[0.107s][info][gc,stats    ] 
[0.107s][info][gc,stats    ] Allocation pacing accrued:
[0.107s][info][gc,stats    ]       0 of    98 ms (  0.0%): <total>
[0.107s][info][gc,stats    ]       0 of    98 ms (  0.0%): <average total>
[0.107s][info][gc,stats    ] 
[0.107s][info][gc,metaspace] Metaspace: 30K(128K)->78K(192K) NonClass: 29K(64K)->76K(128K) Class: 1K(64K)->1K(64K)
[0.107s][info][gc,ergo     ] Pacer for Idle. Initial: 40642K, Alloc Tax Rate: 1.0x
[0.108s][info][gc          ] Trigger: Start next cycle immediately
[0.108s][info][gc,ergo     ] Free: 1883M, Max: 512K regular, 1882M humongous, Frag: 1% external, 0% internal; Reserve: 101888K, Max: 512K
[0.108s][info][gc,start    ] GC(1) Concurrent reset
[0.108s][info][gc,task     ] GC(1) Using 2 of 8 workers for concurrent reset
[0.108s][info][gc,ergo     ] GC(1) Pacer for Reset. Non-Taxable: 1984M
[0.109s][info][gc          ] GC(1) Concurrent reset 0.225ms
[0.109s][info][gc,start    ] GC(1) Pause Init Mark
[0.109s][info][gc,task     ] GC(1) Using 8 of 8 workers for init marking
[0.109s][info][gc,ergo     ] GC(1) Pacer for Mark. Expected Live: 147K, Free: 1883M, Non-Taxable: 188M, Alloc Tax Rate: 0.0x
[0.109s][info][gc          ] GC(1) Pause Init Mark 0.092ms
[0.112s][info][gc,start    ] GC(1) Concurrent marking roots
[0.112s][info][gc,task     ] GC(1) Using 2 of 8 workers for concurrent marking roots
[0.112s][info][gc          ] GC(1) Concurrent marking roots 0.309ms
[0.112s][info][gc,start    ] GC(1) Concurrent marking
[0.112s][info][gc,task     ] GC(1) Using 2 of 8 workers for concurrent marking
[0.113s][info][gc          ] GC(1) Concurrent marking 0.622ms
[0.113s][info][gc,start    ] GC(1) Pause Final Mark
[0.113s][info][gc,task     ] GC(1) Using 8 of 8 workers for final marking
[0.113s][info][gc,ergo     ] GC(1) Collectable Garbage: 1353K (100%), Immediate: 0B (0%), CSet: 1353K (100%)
[0.114s][info][gc,ergo     ] GC(1) Pacer for Evacuation. Used CSet: 1762K, Free: 1882M, Non-Taxable: 188M, Alloc Tax Rate: 1.1x
[0.114s][info][gc          ] GC(1) Pause Final Mark 0.453ms
[0.114s][info][gc,start    ] GC(1) Concurrent thread roots
[0.114s][info][gc,task     ] GC(1) Using 2 of 8 workers for Concurrent thread roots
[0.114s][info][gc          ] GC(1) Concurrent thread roots 0.108ms
[0.114s][info][gc,start    ] GC(1) Concurrent weak references
[0.114s][info][gc,task     ] GC(1) Using 2 of 8 workers for concurrent weak references
[0.114s][info][gc,ref      ] GC(1) Encountered references: Soft: 1, Weak: 5, Final: 0, Phantom: 0
[0.114s][info][gc,ref      ] GC(1) Discovered  references: Soft: 0, Weak: 0, Final: 0, Phantom: 0
[0.114s][info][gc,ref      ] GC(1) Enqueued    references: Soft: 0, Weak: 0, Final: 0, Phantom: 0
[0.114s][info][gc          ] GC(1) Concurrent weak references 0.089ms
[0.114s][info][gc,start    ] GC(1) Concurrent weak roots
[0.114s][info][gc,task     ] GC(1) Using 2 of 8 workers for concurrent weak root
[0.114s][info][gc          ] GC(1) Concurrent weak roots 0.250ms
[0.114s][info][gc,start    ] GC(1) Concurrent cleanup
[0.114s][info][gc          ] GC(1) Concurrent cleanup 2M->2M(125M) 0.074ms
[0.114s][info][gc,ergo     ] GC(1) Free: 1882M, Max: 512K regular, 1882M humongous, Frag: 0% external, 0% internal; Reserve: 101805K, Max: 512K
[0.114s][info][gc,start    ] GC(1) Concurrent strong roots
[0.114s][info][gc,task     ] GC(1) Using 2 of 8 workers for concurrent strong root
[0.114s][info][gc          ] GC(1) Concurrent strong roots 0.128ms
[0.114s][info][gc,start    ] GC(1) Concurrent evacuation
[0.114s][info][gc,task     ] GC(1) Using 2 of 8 workers for concurrent evacuation
[0.115s][info][gc          ] GC(1) Concurrent evacuation 0.391ms
[0.115s][info][gc,start    ] GC(1) Pause Init Update Refs
[0.115s][info][gc,ergo     ] GC(1) Pacer for Update Refs. Used: 3297K, Free: 1882M, Non-Taxable: 188M, Alloc Tax Rate: 1.1x
[0.115s][info][gc          ] GC(1) Pause Init Update Refs 0.039ms
[0.115s][info][gc,start    ] GC(1) Concurrent update references
[0.115s][info][gc,task     ] GC(1) Using 2 of 8 workers for concurrent reference update
[0.115s][info][gc          ] GC(1) Concurrent update references 0.463ms
[0.115s][info][gc,start    ] GC(1) Concurrent update thread roots
[0.116s][info][gc          ] GC(1) Concurrent update thread roots 0.307ms
[0.116s][info][gc,start    ] GC(1) Pause Final Update Refs
[0.116s][info][gc,task     ] GC(1) Using 8 of 8 workers for final reference update
[0.116s][info][gc          ] GC(1) Pause Final Update Refs 0.063ms
[0.116s][info][gc,start    ] GC(1) Concurrent cleanup
[0.116s][info][gc          ] GC(1) Concurrent cleanup 3M->1M(125M) 0.064ms
[0.116s][info][gc,ergo     ] Free: 1883M, Max: 512K regular, 1883M humongous, Frag: 1% external, 0% internal; Reserve: 101888K, Max: 512K
[0.116s][info][gc,stats    ] 
[0.116s][info][gc,stats    ] All times are wall-clock times, except per-root-class counters, that are sum over
[0.116s][info][gc,stats    ] all workers. Dividing the <total> over the root stage time estimates parallelism.
[0.116s][info][gc,stats    ] 
[0.116s][info][gc,stats    ] Concurrent Reset                    236 us
[0.116s][info][gc,stats    ] Pause Init Mark (G)                3443 us
[0.116s][info][gc,stats    ] Pause Init Mark (N)                 102 us
[0.116s][info][gc,stats    ]   Update Region States               20 us
[0.116s][info][gc,stats    ] Concurrent Mark Roots               320 us, parallelism: 0.69x
[0.116s][info][gc,stats    ]   CMR: <total>                      220 us
[0.116s][info][gc,stats    ]   CMR: Thread Roots                 163 us, workers (us): 163,   0, ---, ---, ---, ---, ---, ---, 
[0.116s][info][gc,stats    ]   CMR: Code Cache Roots              10 us, workers (us):  10,   0, ---, ---, ---, ---, ---, ---, 
[0.116s][info][gc,stats    ]   CMR: VM Strong Roots               19 us, workers (us):  19,   0, ---, ---, ---, ---, ---, ---, 
[0.116s][info][gc,stats    ]   CMR: CLDG Roots                    27 us, workers (us):  27, ---, ---, ---, ---, ---, ---, ---, 
[0.116s][info][gc,stats    ] Concurrent Marking                  637 us
[0.116s][info][gc,stats    ] Pause Final Mark (G)                561 us
[0.116s][info][gc,stats    ] Pause Final Mark (N)                461 us
[0.116s][info][gc,stats    ]   Finish Mark                       343 us
[0.116s][info][gc,stats    ]   Update Region States               15 us
[0.116s][info][gc,stats    ]   Choose Collection Set              33 us
[0.116s][info][gc,stats    ]   Rebuild Free Set                   17 us
[0.116s][info][gc,stats    ] Concurrent Thread Roots             124 us, parallelism: 0.51x
[0.116s][info][gc,stats    ]   CTR: <total>                       64 us
[0.116s][info][gc,stats    ]   CTR: Thread Roots                  64 us, workers (us):  64,   0, ---, ---, ---, ---, ---, ---, 
[0.116s][info][gc,stats    ] Concurrent Weak References          100 us, parallelism: 0.01x
[0.116s][info][gc,stats    ]   CWRF: <total>                       1 us
[0.116s][info][gc,stats    ]   CWRF: Weak References               1 us, workers (us):   0,   0, ---, ---, ---, ---, ---, ---, 
[0.116s][info][gc,stats    ] Concurrent Weak Roots               270 us
[0.116s][info][gc,stats    ]   Roots                             102 us, parallelism: 0.75x
[0.116s][info][gc,stats    ]     CWR: <total>                     76 us
[0.116s][info][gc,stats    ]     CWR: VM Weak Roots               76 us, workers (us):  76,   0, ---, ---, ---, ---, ---, ---, 
[0.116s][info][gc,stats    ]   Rendezvous                        112 us
[0.116s][info][gc,stats    ] Concurrent Cleanup                  120 us
[0.116s][info][gc,stats    ] Concurrent Strong Roots             147 us, parallelism: 0.51x
[0.116s][info][gc,stats    ]   CSR: <total>                       74 us
[0.116s][info][gc,stats    ]   CSR: Code Cache Roots              14 us, workers (us):  14,   0, ---, ---, ---, ---, ---, ---, 
[0.116s][info][gc,stats    ]   CSR: VM Strong Roots                5 us, workers (us):   5,   0, ---, ---, ---, ---, ---, ---, 
[0.116s][info][gc,stats    ]   CSR: CLDG Roots                    55 us, workers (us):  55, ---, ---, ---, ---, ---, ---, ---, 
[0.116s][info][gc,stats    ] Concurrent Evacuation               407 us
[0.116s][info][gc,stats    ] Pause Init Update Refs (G)          169 us
[0.116s][info][gc,stats    ] Pause Init Update Refs (N)           48 us
[0.116s][info][gc,stats    ]   Manage GCLABs                       3 us
[0.116s][info][gc,stats    ] Concurrent Update Refs              472 us
[0.116s][info][gc,stats    ] Concurrent Update Thread Roots      321 us
[0.116s][info][gc,stats    ] Pause Final Update Refs (G)         181 us
[0.116s][info][gc,stats    ] Pause Final Update Refs (N)          73 us
[0.116s][info][gc,stats    ]   Update Region States               16 us
[0.116s][info][gc,stats    ]   Trash Collection Set                2 us
[0.116s][info][gc,stats    ]   Rebuild Free Set                   16 us
[0.116s][info][gc,stats    ] Concurrent Cleanup                   76 us
[0.116s][info][gc,stats    ] 
[0.116s][info][gc,stats    ] Allocation pacing accrued:
[0.116s][info][gc,stats    ]       0 of     9 ms (  0.0%): <total>
[0.116s][info][gc,stats    ]       0 of     9 ms (  0.0%): <average total>
[0.117s][info][gc,stats    ] 
[0.117s][info][gc,metaspace] Metaspace: 85K(192K)->105K(192K) NonClass: 83K(128K)->103K(128K) Class: 1K(64K)->1K(64K)
[0.117s][info][gc,ergo     ] Pacer for Idle. Initial: 40642K, Alloc Tax Rate: 1.0x
[0.118s][info][gc          ] Trigger: Start next cycle immediately
[0.118s][info][gc,ergo     ] Free: 1883M, Max: 512K regular, 1883M humongous, Frag: 1% external, 0% internal; Reserve: 101888K, Max: 512K
[0.118s][info][gc,start    ] GC(2) Concurrent reset
[0.118s][info][gc,task     ] GC(2) Using 2 of 8 workers for concurrent reset
[0.118s][info][gc,ergo     ] GC(2) Pacer for Reset. Non-Taxable: 1984M
[0.118s][info][gc          ] GC(2) Concurrent reset 0.653ms
[0.125s][info][gc,start    ] GC(2) Pause Init Mark (unload classes)
[0.125s][info][gc,task     ] GC(2) Using 8 of 8 workers for init marking
[0.125s][info][gc,ergo     ] GC(2) Pacer for Mark. Expected Live: 278K, Free: 1883M, Non-Taxable: 188M, Alloc Tax Rate: 0.0x
[0.125s][info][gc          ] GC(2) Pause Init Mark (unload classes) 0.075ms
[0.125s][info][gc,start    ] GC(2) Concurrent marking roots
[0.125s][info][gc,task     ] GC(2) Using 2 of 8 workers for concurrent marking roots
[0.125s][info][gc          ] GC(2) Concurrent marking roots 0.180ms
[0.125s][info][gc,start    ] GC(2) Concurrent marking (unload classes)
[0.125s][info][gc,task     ] GC(2) Using 2 of 8 workers for concurrent marking
[0.130s][info][gc          ] GC(2) Concurrent marking (unload classes) 4.777ms
[0.130s][info][gc,start    ] GC(2) Pause Final Mark (unload classes)
[0.130s][info][gc,task     ] GC(2) Using 8 of 8 workers for final marking
[0.131s][info][gc,ergo     ] GC(2) Collectable Garbage: 1070K (100%), Immediate: 0B (0%), CSet: 1070K (100%)
[0.131s][info][gc,ergo     ] GC(2) Pacer for Evacuation. Used CSet: 1535K, Free: 1883M, Non-Taxable: 188M, Alloc Tax Rate: 1.1x
[0.131s][info][gc          ] GC(2) Pause Final Mark (unload classes) 0.360ms
[0.131s][info][gc,start    ] GC(2) Concurrent thread roots
[0.131s][info][gc,task     ] GC(2) Using 2 of 8 workers for Concurrent thread roots
[0.131s][info][gc          ] GC(2) Concurrent thread roots 0.064ms
[0.131s][info][gc,start    ] GC(2) Concurrent weak references
[0.131s][info][gc,task     ] GC(2) Using 2 of 8 workers for concurrent weak references
[0.131s][info][gc,ref      ] GC(2) Encountered references: Soft: 8, Weak: 40, Final: 0, Phantom: 0
[0.131s][info][gc,ref      ] GC(2) Discovered  references: Soft: 0, Weak: 5, Final: 0, Phantom: 0
[0.131s][info][gc,ref      ] GC(2) Enqueued    references: Soft: 0, Weak: 3, Final: 0, Phantom: 0
[0.131s][info][gc          ] GC(2) Concurrent weak references 0.057ms
[0.131s][info][gc,start    ] GC(2) Concurrent weak roots
[0.131s][info][gc,task     ] GC(2) Using 2 of 8 workers for concurrent weak root
[0.131s][info][gc          ] GC(2) Concurrent weak roots 0.175ms
[0.131s][info][gc,start    ] GC(2) Concurrent cleanup
[0.131s][info][gc          ] GC(2) Concurrent cleanup 2M->2M(125M) 0.088ms
[0.131s][info][gc,ergo     ] GC(2) Free: 1882M, Max: 512K regular, 1882M humongous, Frag: 0% external, 0% internal; Reserve: 101795K, Max: 512K
[0.131s][info][gc,start    ] GC(2) Concurrent class unloading
[0.131s][info][gc,task     ] GC(2) Using 2 of 8 workers for concurrent class unloading
[0.131s][info][gc          ] GC(2) Concurrent class unloading 0.224ms
[0.131s][info][gc,start    ] GC(2) Concurrent strong roots
[0.131s][info][gc,task     ] GC(2) Using 2 of 8 workers for concurrent strong root
[0.131s][info][gc          ] GC(2) Concurrent strong roots 0.106ms
[0.131s][info][gc,start    ] GC(2) Concurrent evacuation
[0.131s][info][gc,task     ] GC(2) Using 2 of 8 workers for concurrent evacuation
[0.132s][info][gc          ] GC(2) Concurrent evacuation 0.453ms
[0.132s][info][gc,start    ] GC(2) Pause Init Update Refs
[0.132s][info][gc,ergo     ] GC(2) Pacer for Update Refs. Used: 3582K, Free: 1882M, Non-Taxable: 188M, Alloc Tax Rate: 1.1x
[0.132s][info][gc          ] GC(2) Pause Init Update Refs 0.027ms
[0.132s][info][gc,start    ] GC(2) Concurrent update references
[0.132s][info][gc,task     ] GC(2) Using 2 of 8 workers for concurrent reference update
[0.133s][info][gc          ] GC(2) Concurrent update references 0.503ms
[0.133s][info][gc,start    ] GC(2) Concurrent update thread roots
[0.133s][info][gc          ] GC(2) Concurrent update thread roots 0.124ms
[0.133s][info][gc,start    ] GC(2) Pause Final Update Refs
[0.133s][info][gc,task     ] GC(2) Using 8 of 8 workers for final reference update
[0.133s][info][gc          ] GC(2) Pause Final Update Refs 0.059ms
[0.133s][info][gc,start    ] GC(2) Concurrent cleanup
[0.133s][info][gc          ] GC(2) Concurrent cleanup 3M->1M(126M) 0.063ms
[0.133s][info][gc,ergo     ] Free: 1883M, Max: 512K regular, 1882M humongous, Frag: 1% external, 0% internal; Reserve: 101888K, Max: 512K
[0.133s][info][gc,stats    ] 
[0.133s][info][gc,stats    ] All times are wall-clock times, except per-root-class counters, that are sum over
[0.133s][info][gc,stats    ] all workers. Dividing the <total> over the root stage time estimates parallelism.
[0.133s][info][gc,stats    ] 
[0.133s][info][gc,stats    ] Concurrent Reset                    669 us
[0.133s][info][gc,stats    ] Pause Init Mark (G)                6841 us
[0.133s][info][gc,stats    ] Pause Init Mark (N)                  84 us
[0.133s][info][gc,stats    ]   Update Region States               23 us
[0.133s][info][gc,stats    ] Concurrent Mark Roots               194 us, parallelism: 0.71x
[0.133s][info][gc,stats    ]   CMR: <total>                      138 us
[0.133s][info][gc,stats    ]   CMR: Thread Roots                 106 us, workers (us): 106,   0, ---, ---, ---, ---, ---, ---, 
[0.133s][info][gc,stats    ]   CMR: VM Strong Roots               11 us, workers (us):  11,   0, ---, ---, ---, ---, ---, ---, 
[0.133s][info][gc,stats    ]   CMR: CLDG Roots                    21 us, workers (us):  21, ---, ---, ---, ---, ---, ---, ---, 
[0.133s][info][gc,stats    ] Concurrent Marking                 4795 us
[0.133s][info][gc,stats    ] Pause Final Mark (G)                458 us
[0.133s][info][gc,stats    ] Pause Final Mark (N)                369 us
[0.133s][info][gc,stats    ]   Finish Mark                       252 us
[0.133s][info][gc,stats    ]   Update Region States               20 us
[0.133s][info][gc,stats    ]   Choose Collection Set              40 us
[0.133s][info][gc,stats    ]   Rebuild Free Set                   15 us
[0.133s][info][gc,stats    ] Concurrent Thread Roots              73 us, parallelism: 0.51x
[0.133s][info][gc,stats    ]   CTR: <total>                       37 us
[0.133s][info][gc,stats    ]   CTR: Thread Roots                  37 us, workers (us):  37,   0, ---, ---, ---, ---, ---, ---, 
[0.133s][info][gc,stats    ] Concurrent Weak References           65 us, parallelism: 0.05x
[0.133s][info][gc,stats    ]   CWRF: <total>                       3 us
[0.133s][info][gc,stats    ]   CWRF: Weak References               3 us, workers (us):   3,   0, ---, ---, ---, ---, ---, ---, 
[0.133s][info][gc,stats    ] Concurrent Weak Roots               198 us
[0.133s][info][gc,stats    ]   Roots                             138 us, parallelism: 0.77x
[0.133s][info][gc,stats    ]     CWR: <total>                    107 us
[0.133s][info][gc,stats    ]     CWR: Code Cache Roots            13 us, workers (us):  13,   0, ---, ---, ---, ---, ---, ---, 
[0.133s][info][gc,stats    ]     CWR: VM Weak Roots               93 us, workers (us):  93,   0, ---, ---, ---, ---, ---, ---, 
[0.133s][info][gc,stats    ]     CWR: CLDG Roots                   0 us, workers (us):   0, ---, ---, ---, ---, ---, ---, ---, 
[0.133s][info][gc,stats    ]   Rendezvous                         21 us
[0.133s][info][gc,stats    ] Concurrent Cleanup                  102 us
[0.133s][info][gc,stats    ] Concurrent Class Unloading          235 us
[0.133s][info][gc,stats    ]   Unlink Stale                      158 us
[0.133s][info][gc,stats    ]     System Dictionary                33 us
[0.133s][info][gc,stats    ]     Weak Class Links                  0 us
[0.133s][info][gc,stats    ]     Code Roots                      123 us
[0.133s][info][gc,stats    ]   Rendezvous                         18 us
[0.133s][info][gc,stats    ]   Purge Unlinked                     17 us
[0.133s][info][gc,stats    ]     Code Roots                       13 us
[0.133s][info][gc,stats    ]     CLDG                              3 us
[0.133s][info][gc,stats    ]     Exception Caches                  0 us
[0.133s][info][gc,stats    ] Concurrent Strong Roots             118 us, parallelism: 0.55x
[0.134s][info][gc,stats    ]   CSR: <total>                       65 us
[0.134s][info][gc,stats    ]   CSR: VM Strong Roots                4 us, workers (us):   4,   0, ---, ---, ---, ---, ---, ---, 
[0.134s][info][gc,stats    ]   CSR: CLDG Roots                    61 us, workers (us):  61, ---, ---, ---, ---, ---, ---, ---, 
[0.134s][info][gc,stats    ] Concurrent Evacuation               464 us
[0.134s][info][gc,stats    ] Pause Init Update Refs (G)          152 us
[0.134s][info][gc,stats    ] Pause Init Update Refs (N)           43 us
[0.134s][info][gc,stats    ]   Manage GCLABs                       3 us
[0.134s][info][gc,stats    ] Concurrent Update Refs              521 us
[0.134s][info][gc,stats    ] Concurrent Update Thread Roots      136 us
[0.134s][info][gc,stats    ] Pause Final Update Refs (G)         155 us
[0.134s][info][gc,stats    ] Pause Final Update Refs (N)          69 us
[0.134s][info][gc,stats    ]   Update Region States               13 us
[0.134s][info][gc,stats    ]   Trash Collection Set                3 us
[0.134s][info][gc,stats    ]   Rebuild Free Set                   20 us
[0.134s][info][gc,stats    ] Concurrent Cleanup                   73 us
[0.134s][info][gc,stats    ] 
[0.134s][info][gc,stats    ] Allocation pacing accrued:
[0.134s][info][gc,stats    ]       0 of    17 ms (  0.0%): <total>
[0.134s][info][gc,stats    ]       0 of    17 ms (  0.0%): <average total>
[0.134s][info][gc,stats    ] 
[0.134s][info][gc,metaspace] Metaspace: 109K(192K)->121K(320K) NonClass: 107K(128K)->119K(192K) Class: 1K(64K)->2K(128K)
[0.134s][info][gc,ergo     ] Pacer for Idle. Initial: 40642K, Alloc Tax Rate: 1.0x
[0.135s][info][gc          ] Trigger: Start next cycle immediately
[0.135s][info][gc,ergo     ] Free: 1883M, Max: 512K regular, 1882M humongous, Frag: 1% external, 0% internal; Reserve: 101888K, Max: 512K
[0.135s][info][gc,start    ] GC(3) Concurrent reset
[0.135s][info][gc,task     ] GC(3) Using 2 of 8 workers for concurrent reset
[0.135s][info][gc,ergo     ] GC(3) Pacer for Reset. Non-Taxable: 1984M
[0.135s][info][gc          ] GC(3) Concurrent reset 0.149ms
[0.139s][info][gc,start    ] GC(3) Pause Init Mark
[0.139s][info][gc,task     ] GC(3) Using 8 of 8 workers for init marking
[0.139s][info][gc,ergo     ] GC(3) Pacer for Mark. Expected Live: 340K, Free: 1883M, Non-Taxable: 188M, Alloc Tax Rate: 0.0x
[0.139s][info][gc          ] GC(3) Pause Init Mark 0.062ms
[0.139s][info][gc,start    ] GC(3) Concurrent marking roots
[0.139s][info][gc,task     ] GC(3) Using 2 of 8 workers for concurrent marking roots
[0.139s][info][gc          ] GC(3) Concurrent marking roots 0.341ms
[0.139s][info][gc,start    ] GC(3) Concurrent marking
[0.139s][info][gc,task     ] GC(3) Using 2 of 8 workers for concurrent marking
[0.140s][info][gc          ] GC(3) Concurrent marking 0.821ms
[0.140s][info][gc,start    ] GC(3) Pause Final Mark
[0.140s][info][gc,task     ] GC(3) Using 8 of 8 workers for final marking
[0.140s][info][gc,ergo     ] GC(3) Collectable Garbage: 1566K (100%), Immediate: 0B (0%), CSet: 1566K (100%)
[0.140s][info][gc,ergo     ] GC(3) Pacer for Evacuation. Used CSet: 2047K, Free: 1882M, Non-Taxable: 188M, Alloc Tax Rate: 1.1x
[0.140s][info][gc          ] GC(3) Pause Final Mark 0.263ms
[0.140s][info][gc,start    ] GC(3) Concurrent thread roots
[0.140s][info][gc,task     ] GC(3) Using 2 of 8 workers for Concurrent thread roots
[0.140s][info][gc          ] GC(3) Concurrent thread roots 0.071ms
[0.140s][info][gc,start    ] GC(3) Concurrent weak references
[0.140s][info][gc,task     ] GC(3) Using 2 of 8 workers for concurrent weak references
[0.140s][info][gc,ref      ] GC(3) Encountered references: Soft: 13, Weak: 61, Final: 0, Phantom: 0
[0.140s][info][gc,ref      ] GC(3) Discovered  references: Soft: 0, Weak: 11, Final: 0, Phantom: 0
[0.140s][info][gc,ref      ] GC(3) Enqueued    references: Soft: 0, Weak: 5, Final: 0, Phantom: 0
[0.140s][info][gc          ] GC(3) Concurrent weak references 0.085ms
[0.140s][info][gc,start    ] GC(3) Concurrent weak roots
[0.140s][info][gc,task     ] GC(3) Using 2 of 8 workers for concurrent weak root
[0.141s][info][gc          ] GC(3) Concurrent weak roots 0.321ms
[0.141s][info][gc,start    ] GC(3) Concurrent cleanup
[0.141s][info][gc          ] GC(3) Concurrent cleanup 3M->3M(126M) 0.067ms
[0.141s][info][gc,ergo     ] GC(3) Free: 1882M, Max: 512K regular, 1882M humongous, Frag: 0% external, 0% internal; Reserve: 101799K, Max: 512K
[0.141s][info][gc,start    ] GC(3) Concurrent strong roots
[0.141s][info][gc,task     ] GC(3) Using 2 of 8 workers for concurrent strong root
[0.141s][info][gc          ] GC(3) Concurrent strong roots 0.135ms
[0.141s][info][gc,start    ] GC(3) Concurrent evacuation
[0.141s][info][gc,task     ] GC(3) Using 2 of 8 workers for concurrent evacuation
[0.145s][info][gc          ] GC(3) Concurrent evacuation 4.122ms
[0.151s][info][gc,start    ] GC(3) Pause Init Update Refs
[0.151s][info][gc,ergo     ] GC(3) Pacer for Update Refs. Used: 4094K, Free: 1882M, Non-Taxable: 188M, Alloc Tax Rate: 1.1x
[0.151s][info][gc          ] GC(3) Pause Init Update Refs 0.042ms
[0.151s][info][gc,start    ] GC(3) Concurrent update references
[0.151s][info][gc,task     ] GC(3) Using 2 of 8 workers for concurrent reference update
[0.151s][info][gc          ] GC(3) Concurrent update references 0.476ms
[0.151s][info][gc,start    ] GC(3) Concurrent update thread roots
[0.151s][info][gc          ] GC(3) Concurrent update thread roots 0.191ms
[0.154s][info][gc,start    ] GC(3) Pause Final Update Refs
[0.154s][info][gc,task     ] GC(3) Using 8 of 8 workers for final reference update
[0.154s][info][gc          ] GC(3) Pause Final Update Refs 0.068ms
[0.154s][info][gc,start    ] GC(3) Concurrent cleanup
[0.154s][info][gc          ] GC(3) Concurrent cleanup 3M->1M(126M) 0.053ms
[0.155s][info][gc,ergo     ] Free: 1883M, Max: 512K regular, 1882M humongous, Frag: 1% external, 0% internal; Reserve: 101888K, Max: 512K
[0.155s][info][gc,stats    ] 
[0.155s][info][gc,stats    ] All times are wall-clock times, except per-root-class counters, that are sum over
[0.155s][info][gc,stats    ] all workers. Dividing the <total> over the root stage time estimates parallelism.
[0.155s][info][gc,stats    ] 
[0.155s][info][gc,stats    ] Concurrent Reset                   3625 us
[0.155s][info][gc,stats    ] Pause Init Mark (G)                 168 us
[0.155s][info][gc,stats    ] Pause Init Mark (N)                  72 us
[0.155s][info][gc,stats    ]   Update Region States               20 us
[0.155s][info][gc,stats    ] Concurrent Mark Roots               355 us, parallelism: 0.83x
[0.155s][info][gc,stats    ]   CMR: <total>                      296 us
[0.155s][info][gc,stats    ]   CMR: Thread Roots                 263 us, workers (us): 263,   0, ---, ---, ---, ---, ---, ---, 
[0.155s][info][gc,stats    ]   CMR: Code Cache Roots              14 us, workers (us):  14,   0, ---, ---, ---, ---, ---, ---, 
[0.155s][info][gc,stats    ]   CMR: VM Strong Roots                3 us, workers (us):   2,   0, ---, ---, ---, ---, ---, ---, 
[0.155s][info][gc,stats    ]   CMR: CLDG Roots                    17 us, workers (us):  17, ---, ---, ---, ---, ---, ---, ---, 
[0.155s][info][gc,stats    ] Concurrent Marking                  843 us
[0.155s][info][gc,stats    ] Pause Final Mark (G)                437 us
[0.155s][info][gc,stats    ] Pause Final Mark (N)                272 us
[0.155s][info][gc,stats    ]   Finish Mark                       154 us
[0.155s][info][gc,stats    ]   Update Region States               14 us
[0.155s][info][gc,stats    ]   Choose Collection Set              36 us
[0.155s][info][gc,stats    ]   Rebuild Free Set                   18 us
[0.155s][info][gc,stats    ] Concurrent Thread Roots              83 us, parallelism: 0.80x
[0.155s][info][gc,stats    ]   CTR: <total>                       67 us
[0.155s][info][gc,stats    ]   CTR: Thread Roots                  67 us, workers (us):  40,  26, ---, ---, ---, ---, ---, ---, 
[0.155s][info][gc,stats    ] Concurrent Weak References           94 us, parallelism: 0.04x
[0.155s][info][gc,stats    ]   CWRF: <total>                       4 us
[0.155s][info][gc,stats    ]   CWRF: Weak References               4 us, workers (us):   3,   0, ---, ---, ---, ---, ---, ---, 
[0.155s][info][gc,stats    ] Concurrent Weak Roots               339 us
[0.155s][info][gc,stats    ]   Roots                             123 us, parallelism: 0.83x
[0.155s][info][gc,stats    ]     CWR: <total>                    102 us
[0.155s][info][gc,stats    ]     CWR: VM Weak Roots              102 us, workers (us): 101,   1, ---, ---, ---, ---, ---, ---, 
[0.155s][info][gc,stats    ]   Rendezvous                        179 us
[0.155s][info][gc,stats    ] Concurrent Cleanup                   77 us
[0.155s][info][gc,stats    ] Concurrent Strong Roots             149 us, parallelism: 0.69x
[0.155s][info][gc,stats    ]   CSR: <total>                      102 us
[0.155s][info][gc,stats    ]   CSR: Code Cache Roots              19 us, workers (us):  19,   0, ---, ---, ---, ---, ---, ---, 
[0.155s][info][gc,stats    ]   CSR: VM Strong Roots                5 us, workers (us):   5,   0, ---, ---, ---, ---, ---, ---, 
[0.155s][info][gc,stats    ]   CSR: CLDG Roots                    79 us, workers (us):  79, ---, ---, ---, ---, ---, ---, ---, 
[0.155s][info][gc,stats    ] Concurrent Evacuation              4147 us
[0.155s][info][gc,stats    ] Pause Init Update Refs (G)         5368 us
[0.155s][info][gc,stats    ] Pause Init Update Refs (N)           50 us
[0.155s][info][gc,stats    ]   Manage GCLABs                       3 us
[0.155s][info][gc,stats    ] Concurrent Update Refs              493 us
[0.155s][info][gc,stats    ] Concurrent Update Thread Roots     3156 us
[0.155s][info][gc,stats    ] Pause Final Update Refs (G)         170 us
[0.155s][info][gc,stats    ] Pause Final Update Refs (N)          77 us
[0.155s][info][gc,stats    ]   Update Region States               17 us
[0.155s][info][gc,stats    ]   Trash Collection Set                2 us
[0.155s][info][gc,stats    ]   Rebuild Free Set                   16 us
[0.155s][info][gc,stats    ] Concurrent Cleanup                   62 us
[0.155s][info][gc,stats    ] 
[0.155s][info][gc,stats    ] Allocation pacing accrued:
[0.155s][info][gc,stats    ]       0 of    21 ms (  0.0%): <total>
[0.155s][info][gc,stats    ]       0 of    21 ms (  0.0%): <average total>
[0.155s][info][gc,stats    ] 
[0.155s][info][gc,metaspace] Metaspace: 126K(320K)->129K(320K) NonClass: 124K(192K)->127K(192K) Class: 2K(128K)->2K(128K)
[0.155s][info][gc,ergo     ] Pacer for Idle. Initial: 40642K, Alloc Tax Rate: 1.0x
[0.156s][info][gc          ] Trigger: Start next cycle immediately
[0.156s][info][gc,ergo     ] Free: 1883M, Max: 512K regular, 1882M humongous, Frag: 1% external, 0% internal; Reserve: 101888K, Max: 512K
[0.156s][info][gc,start    ] GC(4) Concurrent reset
[0.156s][info][gc,task     ] GC(4) Using 2 of 8 workers for concurrent reset
[0.156s][info][gc,ergo     ] GC(4) Pacer for Reset. Non-Taxable: 1984M
[0.156s][info][gc          ] GC(4) Concurrent reset 0.169ms
[0.156s][info][gc,start    ] GC(4) Pause Init Mark (unload classes)
[0.156s][info][gc,task     ] GC(4) Using 8 of 8 workers for init marking
[0.156s][info][gc,ergo     ] GC(4) Pacer for Mark. Expected Live: 375K, Free: 1883M, Non-Taxable: 188M, Alloc Tax Rate: 0.0x
[0.156s][info][gc          ] GC(4) Pause Init Mark (unload classes) 0.047ms
[0.156s][info][gc,start    ] GC(4) Concurrent marking roots
[0.156s][info][gc,task     ] GC(4) Using 2 of 8 workers for concurrent marking roots
[0.157s][info][gc          ] GC(4) Concurrent marking roots 0.221ms
[0.157s][info][gc,start    ] GC(4) Concurrent marking (unload classes)
[0.157s][info][gc,task     ] GC(4) Using 2 of 8 workers for concurrent marking
[0.157s][info][gc          ] GC(4) Concurrent marking (unload classes) 0.458ms
[0.157s][info][gc,start    ] GC(4) Pause Final Mark (unload classes)
[0.157s][info][gc,task     ] GC(4) Using 8 of 8 workers for final marking
[0.158s][info][gc,ergo     ] GC(4) Collectable Garbage: 1557K (100%), Immediate: 0B (0%), CSet: 1557K (100%)
[0.158s][info][gc,ergo     ] GC(4) Pacer for Evacuation. Used CSet: 2046K, Free: 1882M, Non-Taxable: 188M, Alloc Tax Rate: 1.1x
[0.158s][info][gc          ] GC(4) Pause Final Mark (unload classes) 1.042ms
[0.162s][info][gc,start    ] GC(4) Concurrent thread roots
[0.162s][info][gc,task     ] GC(4) Using 2 of 8 workers for Concurrent thread roots
[0.162s][info][gc          ] GC(4) Concurrent thread roots 0.082ms
[0.162s][info][gc,start    ] GC(4) Concurrent weak references
[0.162s][info][gc,task     ] GC(4) Using 2 of 8 workers for concurrent weak references
[0.162s][info][gc,ref      ] GC(4) Encountered references: Soft: 18, Weak: 64, Final: 0, Phantom: 0
[0.162s][info][gc,ref      ] GC(4) Discovered  references: Soft: 0, Weak: 4, Final: 0, Phantom: 0
[0.162s][info][gc,ref      ] GC(4) Enqueued    references: Soft: 0, Weak: 4, Final: 0, Phantom: 0
[0.162s][info][gc          ] GC(4) Concurrent weak references 0.051ms
[0.162s][info][gc,start    ] GC(4) Concurrent weak roots
[0.162s][info][gc,task     ] GC(4) Using 2 of 8 workers for concurrent weak root
[0.162s][info][gc          ] GC(4) Concurrent weak roots 0.193ms
[0.162s][info][gc,start    ] GC(4) Concurrent cleanup
[0.162s][info][gc          ] GC(4) Concurrent cleanup 3M->3M(126M) 0.062ms
[0.162s][info][gc,ergo     ] GC(4) Free: 1882M, Max: 512K regular, 1882M humongous, Frag: 0% external, 0% internal; Reserve: 101811K, Max: 512K
[0.162s][info][gc,start    ] GC(4) Concurrent class unloading
[0.162s][info][gc,task     ] GC(4) Using 2 of 8 workers for concurrent class unloading
[0.167s][info][gc          ] GC(4) Concurrent class unloading 4.454ms
[0.167s][info][gc,start    ] GC(4) Concurrent strong roots
[0.167s][info][gc,task     ] GC(4) Using 2 of 8 workers for concurrent strong root
[0.167s][info][gc          ] GC(4) Concurrent strong roots 0.091ms
[0.167s][info][gc,start    ] GC(4) Concurrent evacuation
[0.167s][info][gc,task     ] GC(4) Using 2 of 8 workers for concurrent evacuation
[0.167s][info][gc          ] GC(4) Concurrent evacuation 0.298ms
[0.167s][info][gc,start    ] GC(4) Pause Init Update Refs
[0.167s][info][gc,ergo     ] GC(4) Pacer for Update Refs. Used: 4605K, Free: 1881M, Non-Taxable: 188M, Alloc Tax Rate: 1.1x
[0.167s][info][gc          ] GC(4) Pause Init Update Refs 0.035ms
[0.167s][info][gc,start    ] GC(4) Concurrent update references
[0.167s][info][gc,task     ] GC(4) Using 2 of 8 workers for concurrent reference update
[0.168s][info][gc          ] GC(4) Concurrent update references 0.443ms
[0.168s][info][gc,start    ] GC(4) Concurrent update thread roots
[0.168s][info][gc          ] GC(4) Concurrent update thread roots 0.210ms
[0.168s][info][gc,start    ] GC(4) Pause Final Update Refs
[0.168s][info][gc,task     ] GC(4) Using 8 of 8 workers for final reference update
[0.168s][info][gc          ] GC(4) Pause Final Update Refs 0.067ms
[0.168s][info][gc,start    ] GC(4) Concurrent cleanup
[0.168s][info][gc          ] GC(4) Concurrent cleanup 4M->2M(126M) 0.072ms
[0.168s][info][gc,ergo     ] Free: 1882M, Max: 512K regular, 1881M humongous, Frag: 1% external, 0% internal; Reserve: 101888K, Max: 512K
[0.168s][info][gc,stats    ] 
[0.168s][info][gc,stats    ] All times are wall-clock times, except per-root-class counters, that are sum over
[0.168s][info][gc,stats    ] all workers. Dividing the <total> over the root stage time estimates parallelism.
[0.168s][info][gc,stats    ] 
[0.168s][info][gc,stats    ] Concurrent Reset                    184 us
[0.168s][info][gc,stats    ] Pause Init Mark (G)                 140 us
[0.168s][info][gc,stats    ] Pause Init Mark (N)                  55 us
[0.168s][info][gc,stats    ]   Update Region States               16 us
[0.168s][info][gc,stats    ] Concurrent Mark Roots               233 us, parallelism: 0.81x
[0.168s][info][gc,stats    ]   CMR: <total>                      188 us
[0.168s][info][gc,stats    ]   CMR: Thread Roots                 169 us, workers (us): 158,  11, ---, ---, ---, ---, ---, ---, 
[0.168s][info][gc,stats    ]   CMR: VM Strong Roots                4 us, workers (us):   3,   1, ---, ---, ---, ---, ---, ---, 
[0.168s][info][gc,stats    ]   CMR: CLDG Roots                    15 us, workers (us):  15, ---, ---, ---, ---, ---, ---, ---, 
[0.168s][info][gc,stats    ] Concurrent Marking                  485 us
[0.168s][info][gc,stats    ] Pause Final Mark (G)               4727 us
[0.168s][info][gc,stats    ] Pause Final Mark (N)               1048 us
[0.168s][info][gc,stats    ]   Finish Mark                       930 us
[0.168s][info][gc,stats    ]   Update Region States               17 us
[0.168s][info][gc,stats    ]   Choose Collection Set              41 us
[0.168s][info][gc,stats    ]   Rebuild Free Set                   15 us
[0.168s][info][gc,stats    ] Concurrent Thread Roots              91 us, parallelism: 0.63x
[0.168s][info][gc,stats    ]   CTR: <total>                       58 us
[0.168s][info][gc,stats    ]   CTR: Thread Roots                  58 us, workers (us):  30,  28, ---, ---, ---, ---, ---, ---, 
[0.168s][info][gc,stats    ] Concurrent Weak References           59 us, parallelism: 0.04x
[0.168s][info][gc,stats    ]   CWRF: <total>                       2 us
[0.168s][info][gc,stats    ]   CWRF: Weak References               2 us, workers (us):   2,   0, ---, ---, ---, ---, ---, ---, 
[0.168s][info][gc,stats    ] Concurrent Weak Roots               206 us
[0.169s][info][gc,stats    ]   Roots                             101 us, parallelism: 0.88x
[0.169s][info][gc,stats    ]     CWR: <total>                     89 us
[0.169s][info][gc,stats    ]     CWR: Code Cache Roots            16 us, workers (us):  16,   0, ---, ---, ---, ---, ---, ---, 
[0.169s][info][gc,stats    ]     CWR: VM Weak Roots               72 us, workers (us):  72,   0, ---, ---, ---, ---, ---, ---, 
[0.169s][info][gc,stats    ]     CWR: CLDG Roots                   0 us, workers (us):   0, ---, ---, ---, ---, ---, ---, ---, 
[0.169s][info][gc,stats    ]   Rendezvous                         75 us
[0.169s][info][gc,stats    ] Concurrent Cleanup                   71 us
[0.169s][info][gc,stats    ] Concurrent Class Unloading         4478 us
[0.169s][info][gc,stats    ]   Unlink Stale                     4310 us
[0.169s][info][gc,stats    ]     System Dictionary                22 us
[0.169s][info][gc,stats    ]     Weak Class Links                  0 us
[0.169s][info][gc,stats    ]     Code Roots                     4286 us
[0.169s][info][gc,stats    ]   Rendezvous                        116 us
[0.169s][info][gc,stats    ]   Purge Unlinked                      3 us
[0.169s][info][gc,stats    ]     Code Roots                        1 us
[0.169s][info][gc,stats    ]     CLDG                              2 us
[0.169s][info][gc,stats    ]     Exception Caches                  0 us
[0.169s][info][gc,stats    ] Concurrent Strong Roots             100 us, parallelism: 0.52x
[0.169s][info][gc,stats    ]   CSR: <total>                       52 us
[0.169s][info][gc,stats    ]   CSR: VM Strong Roots                4 us, workers (us):   3,   1, ---, ---, ---, ---, ---, ---, 
[0.169s][info][gc,stats    ]   CSR: CLDG Roots                    48 us, workers (us):  48, ---, ---, ---, ---, ---, ---, ---, 
[0.169s][info][gc,stats    ] Concurrent Evacuation               311 us
[0.169s][info][gc,stats    ] Pause Init Update Refs (G)           71 us
[0.169s][info][gc,stats    ] Pause Init Update Refs (N)           44 us
[0.169s][info][gc,stats    ]   Manage GCLABs                       5 us
[0.169s][info][gc,stats    ] Concurrent Update Refs              459 us
[0.169s][info][gc,stats    ] Concurrent Update Thread Roots      224 us
[0.169s][info][gc,stats    ] Pause Final Update Refs (G)         162 us
[0.169s][info][gc,stats    ] Pause Final Update Refs (N)          77 us
[0.169s][info][gc,stats    ]   Update Region States               15 us
[0.169s][info][gc,stats    ]   Trash Collection Set                2 us
[0.169s][info][gc,stats    ]   Rebuild Free Set                   18 us
[0.169s][info][gc,stats    ] Concurrent Cleanup                   81 us
[0.169s][info][gc,stats    ] 
[0.169s][info][gc,stats    ] Allocation pacing accrued:
[0.169s][info][gc,stats    ]       0 of    14 ms (  0.0%): <total>
[0.169s][info][gc,stats    ]       0 of    14 ms (  0.0%): <average total>
[0.169s][info][gc,stats    ] 
[0.169s][info][gc,metaspace] Metaspace: 138K(384K)->146K(384K) NonClass: 136K(256K)->143K(256K) Class: 2K(128K)->2K(128K)
[0.169s][info][gc,ergo     ] Pacer for Idle. Initial: 40642K, Alloc Tax Rate: 1.0x
[0.170s][info][gc          ] Trigger: Start next cycle immediately
[0.170s][info][gc,ergo     ] Free: 1882M, Max: 512K regular, 1881M humongous, Frag: 1% external, 0% internal; Reserve: 101888K, Max: 512K
[0.170s][info][gc,start    ] GC(5) Concurrent reset
[0.170s][info][gc,task     ] GC(5) Using 2 of 8 workers for concurrent reset
[0.170s][info][gc,ergo     ] GC(5) Pacer for Reset. Non-Taxable: 1984M
[0.170s][info][gc          ] GC(5) Concurrent reset 0.173ms
[0.170s][info][gc,start    ] GC(5) Pause Init Mark
[0.170s][info][gc,task     ] GC(5) Using 8 of 8 workers for init marking
[0.170s][info][gc,ergo     ] GC(5) Pacer for Mark. Expected Live: 398K, Free: 1882M, Non-Taxable: 188M, Alloc Tax Rate: 0.0x
[0.170s][info][gc          ] GC(5) Pause Init Mark 0.071ms
[0.170s][info][gc,start    ] GC(5) Concurrent marking roots
[0.170s][info][gc,task     ] GC(5) Using 2 of 8 workers for concurrent marking roots
[0.171s][info][gc          ] GC(5) Concurrent marking roots 0.293ms
[0.171s][info][gc,start    ] GC(5) Concurrent marking
[0.171s][info][gc,task     ] GC(5) Using 2 of 8 workers for concurrent marking
[0.171s][info][gc          ] GC(5) Concurrent marking 0.607ms
[0.171s][info][gc,start    ] GC(5) Pause Final Mark
[0.171s][info][gc,task     ] GC(5) Using 8 of 8 workers for final marking
[0.172s][info][gc,ergo     ] GC(5) Collectable Garbage: 2572K (100%), Immediate: 0B (0%), CSet: 2572K (100%)
[0.172s][info][gc,ergo     ] GC(5) Pacer for Evacuation. Used CSet: 3070K, Free: 1881M, Non-Taxable: 188M, Alloc Tax Rate: 1.1x
[0.172s][info][gc          ] GC(5) Pause Final Mark 0.239ms
[0.172s][info][gc,start    ] GC(5) Concurrent thread roots
[0.172s][info][gc,task     ] GC(5) Using 2 of 8 workers for Concurrent thread roots
[0.172s][info][gc          ] GC(5) Concurrent thread roots 0.086ms
[0.172s][info][gc,start    ] GC(5) Concurrent weak references
[0.172s][info][gc,task     ] GC(5) Using 2 of 8 workers for concurrent weak references
[0.172s][info][gc,ref      ] GC(5) Encountered references: Soft: 21, Weak: 73, Final: 0, Phantom: 3
[0.172s][info][gc,ref      ] GC(5) Discovered  references: Soft: 0, Weak: 24, Final: 0, Phantom: 3
[0.172s][info][gc,ref      ] GC(5) Enqueued    references: Soft: 0, Weak: 6, Final: 0, Phantom: 2
[0.172s][info][gc          ] GC(5) Concurrent weak references 0.055ms
[0.172s][info][gc,start    ] GC(5) Concurrent weak roots
[0.172s][info][gc,task     ] GC(5) Using 2 of 8 workers for concurrent weak root
[0.172s][info][gc          ] GC(5) Concurrent weak roots 0.141ms
[0.172s][info][gc,start    ] GC(5) Concurrent cleanup
[0.172s][info][gc          ] GC(5) Concurrent cleanup 4M->4M(126M) 0.058ms
[0.172s][info][gc,ergo     ] GC(5) Free: 1880M, Max: 512K regular, 1880M humongous, Frag: 0% external, 0% internal; Reserve: 101801K, Max: 512K
[0.172s][info][gc,start    ] GC(5) Concurrent strong roots
[0.172s][info][gc,task     ] GC(5) Using 2 of 8 workers for concurrent strong root
[0.172s][info][gc          ] GC(5) Concurrent strong roots 0.088ms
[0.172s][info][gc,start    ] GC(5) Concurrent evacuation
[0.172s][info][gc,task     ] GC(5) Using 2 of 8 workers for concurrent evacuation
[0.172s][info][gc          ] GC(5) Concurrent evacuation 0.309ms
[0.172s][info][gc,start    ] GC(5) Pause Init Update Refs
[0.173s][info][gc,ergo     ] GC(5) Pacer for Update Refs. Used: 5628K, Free: 1880M, Non-Taxable: 188M, Alloc Tax Rate: 1.1x
[0.173s][info][gc          ] GC(5) Pause Init Update Refs 0.039ms
[0.173s][info][gc,start    ] GC(5) Concurrent update references
[0.173s][info][gc,task     ] GC(5) Using 2 of 8 workers for concurrent reference update
[0.173s][info][gc          ] GC(5) Concurrent update references 0.515ms
[0.173s][info][gc,start    ] GC(5) Concurrent update thread roots
[0.174s][info][gc          ] GC(5) Concurrent update thread roots 0.596ms
[0.174s][info][gc,start    ] GC(5) Pause Final Update Refs
[0.174s][info][gc,task     ] GC(5) Using 8 of 8 workers for final reference update
[0.174s][info][gc          ] GC(5) Pause Final Update Refs 0.071ms
[0.174s][info][gc,start    ] GC(5) Concurrent cleanup
[0.174s][info][gc          ] GC(5) Concurrent cleanup 5M->2M(126M) 0.069ms
[0.174s][info][gc,ergo     ] Free: 1882M, Max: 512K regular, 1880M humongous, Frag: 1% external, 0% internal; Reserve: 101888K, Max: 512K
[0.174s][info][gc,stats    ] 
[0.174s][info][gc,stats    ] All times are wall-clock times, except per-root-class counters, that are sum over
[0.174s][info][gc,stats    ] all workers. Dividing the <total> over the root stage time estimates parallelism.
[0.174s][info][gc,stats    ] 
[0.174s][info][gc,stats    ] Concurrent Reset                    192 us
[0.174s][info][gc,stats    ] Pause Init Mark (G)                 155 us
[0.174s][info][gc,stats    ] Pause Init Mark (N)                  79 us
[0.174s][info][gc,stats    ]   Update Region States               23 us
[0.174s][info][gc,stats    ] Concurrent Mark Roots               306 us, parallelism: 1.00x
[0.174s][info][gc,stats    ]   CMR: <total>                      305 us
[0.174s][info][gc,stats    ]   CMR: Thread Roots                 264 us, workers (us):  78, 185, ---, ---, ---, ---, ---, ---, 
[0.174s][info][gc,stats    ]   CMR: Code Cache Roots              17 us, workers (us):   0,  17, ---, ---, ---, ---, ---, ---, 
[0.174s][info][gc,stats    ]   CMR: VM Strong Roots                3 us, workers (us):   3,   0, ---, ---, ---, ---, ---, ---, 
[0.174s][info][gc,stats    ]   CMR: CLDG Roots                    20 us, workers (us):  20, ---, ---, ---, ---, ---, ---, ---, 
[0.174s][info][gc,stats    ] Concurrent Marking                  623 us
[0.174s][info][gc,stats    ] Pause Final Mark (G)                343 us
[0.174s][info][gc,stats    ] Pause Final Mark (N)                253 us
[0.174s][info][gc,stats    ]   Finish Mark                       137 us
[0.174s][info][gc,stats    ]   Update Region States               15 us
[0.174s][info][gc,stats    ]   Choose Collection Set              29 us
[0.174s][info][gc,stats    ]   Rebuild Free Set                   15 us
[0.174s][info][gc,stats    ] Concurrent Thread Roots              97 us, parallelism: 0.76x
[0.174s][info][gc,stats    ]   CTR: <total>                       74 us
[0.174s][info][gc,stats    ]   CTR: Thread Roots                  74 us, workers (us):  34,  41, ---, ---, ---, ---, ---, ---, 
[0.174s][info][gc,stats    ] Concurrent Weak References           63 us, parallelism: 0.06x
[0.174s][info][gc,stats    ]   CWRF: <total>                       4 us
[0.174s][info][gc,stats    ]   CWRF: Weak References               4 us, workers (us):   4,   0, ---, ---, ---, ---, ---, ---, 
[0.174s][info][gc,stats    ] Concurrent Weak Roots               152 us
[0.174s][info][gc,stats    ]   Roots                             107 us, parallelism: 0.89x
[0.174s][info][gc,stats    ]     CWR: <total>                     96 us
[0.174s][info][gc,stats    ]     CWR: VM Weak Roots               96 us, workers (us):  96,   0, ---, ---, ---, ---, ---, ---, 
[0.174s][info][gc,stats    ]   Rendezvous                         18 us
[0.174s][info][gc,stats    ] Concurrent Cleanup                   66 us
[0.174s][info][gc,stats    ] Concurrent Strong Roots              98 us, parallelism: 0.63x
[0.174s][info][gc,stats    ]   CSR: <total>                       62 us
[0.174s][info][gc,stats    ]   CSR: Code Cache Roots              22 us, workers (us):  22,   0, ---, ---, ---, ---, ---, ---, 
[0.174s][info][gc,stats    ]   CSR: VM Strong Roots                5 us, workers (us):   4,   0, ---, ---, ---, ---, ---, ---, 
[0.174s][info][gc,stats    ]   CSR: CLDG Roots                    36 us, workers (us):  36, ---, ---, ---, ---, ---, ---, ---, 
[0.174s][info][gc,stats    ] Concurrent Evacuation               328 us
[0.174s][info][gc,stats    ] Pause Init Update Refs (G)          158 us
[0.174s][info][gc,stats    ] Pause Init Update Refs (N)           47 us
[0.174s][info][gc,stats    ]   Manage GCLABs                       2 us
[0.174s][info][gc,stats    ] Concurrent Update Refs              534 us
[0.174s][info][gc,stats    ] Concurrent Update Thread Roots      618 us
[0.174s][info][gc,stats    ] Pause Final Update Refs (G)         177 us
[0.174s][info][gc,stats    ] Pause Final Update Refs (N)          80 us
[0.174s][info][gc,stats    ]   Update Region States               18 us
[0.174s][info][gc,stats    ]   Trash Collection Set                2 us
[0.174s][info][gc,stats    ]   Rebuild Free Set                   19 us
[0.174s][info][gc,stats    ] Concurrent Cleanup                   79 us
[0.174s][info][gc,stats    ] 
[0.174s][info][gc,stats    ] Allocation pacing accrued:
[0.174s][info][gc,stats    ]       0 of     6 ms (  0.0%): <total>
[0.174s][info][gc,stats    ]       0 of     6 ms (  0.0%): <average total>
[0.174s][info][gc,stats    ] 
[0.174s][info][gc,metaspace] Metaspace: 151K(384K)->156K(384K) NonClass: 148K(256K)->152K(256K) Class: 3K(128K)->3K(128K)
[0.174s][info][gc,ergo     ] Pacer for Idle. Initial: 40642K, Alloc Tax Rate: 1.0x
[0.182s][info][gc          ] Trigger: Start next cycle immediately
[0.182s][info][gc,ergo     ] Free: 1882M, Max: 512K regular, 1880M humongous, Frag: 1% external, 0% internal; Reserve: 101888K, Max: 512K
[0.182s][info][gc,start    ] GC(6) Concurrent reset
[0.182s][info][gc,task     ] GC(6) Using 2 of 8 workers for concurrent reset
[0.182s][info][gc,ergo     ] GC(6) Pacer for Reset. Non-Taxable: 1984M
[0.182s][info][gc          ] GC(6) Concurrent reset 0.151ms
[0.182s][info][gc,start    ] GC(6) Pause Init Mark (unload classes)
[0.182s][info][gc,task     ] GC(6) Using 8 of 8 workers for init marking
[0.182s][info][gc,ergo     ] GC(6) Pacer for Mark. Expected Live: 468K, Free: 1882M, Non-Taxable: 188M, Alloc Tax Rate: 0.0x
[0.182s][info][gc          ] GC(6) Pause Init Mark (unload classes) 0.073ms
[0.182s][info][gc,start    ] GC(6) Concurrent marking roots
[0.182s][info][gc,task     ] GC(6) Using 2 of 8 workers for concurrent marking roots
[0.182s][info][gc          ] GC(6) Concurrent marking roots 0.115ms
[0.182s][info][gc,start    ] GC(6) Concurrent marking (unload classes)
[0.182s][info][gc,task     ] GC(6) Using 2 of 8 workers for concurrent marking
[0.183s][info][gc          ] GC(6) Concurrent marking (unload classes) 0.650ms
[0.184s][info][gc,start    ] GC(6) Pause Final Mark (unload classes)
[0.184s][info][gc,task     ] GC(6) Using 8 of 8 workers for final marking
[0.185s][info][gc,ergo     ] GC(6) Collectable Garbage: 2564K (100%), Immediate: 0B (0%), CSet: 2564K (100%)
[0.185s][info][gc,ergo     ] GC(6) Pacer for Evacuation. Used CSet: 3069K, Free: 1881M, Non-Taxable: 188M, Alloc Tax Rate: 1.1x
[0.185s][info][gc          ] GC(6) Pause Final Mark (unload classes) 1.035ms
[0.185s][info][gc,start    ] GC(6) Concurrent thread roots
[0.185s][info][gc,task     ] GC(6) Using 2 of 8 workers for Concurrent thread roots
[0.185s][info][gc          ] GC(6) Concurrent thread roots 0.497ms
[0.185s][info][gc,start    ] GC(6) Concurrent weak references
[0.185s][info][gc,task     ] GC(6) Using 2 of 8 workers for concurrent weak references
[0.185s][info][gc,ref      ] GC(6) Encountered references: Soft: 25, Weak: 79, Final: 0, Phantom: 3
[0.185s][info][gc,ref      ] GC(6) Discovered  references: Soft: 0, Weak: 29, Final: 0, Phantom: 3
[0.185s][info][gc,ref      ] GC(6) Enqueued    references: Soft: 0, Weak: 5, Final: 0, Phantom: 2
[0.185s][info][gc          ] GC(6) Concurrent weak references 0.061ms
[0.185s][info][gc,start    ] GC(6) Concurrent weak roots
[0.185s][info][gc,task     ] GC(6) Using 2 of 8 workers for concurrent weak root
[0.186s][info][gc          ] GC(6) Concurrent weak roots 0.384ms
[0.186s][info][gc,start    ] GC(6) Concurrent cleanup
[0.186s][info][gc          ] GC(6) Concurrent cleanup 4M->4M(126M) 0.057ms
[0.186s][info][gc,ergo     ] GC(6) Free: 1881M, Max: 512K regular, 1880M humongous, Frag: 1% external, 0% internal; Reserve: 101787K, Max: 512K
[0.186s][info][gc,start    ] GC(6) Concurrent class unloading
[0.186s][info][gc,task     ] GC(6) Using 2 of 8 workers for concurrent class unloading
[0.187s][info][gc          ] GC(6) Concurrent class unloading 0.895ms
[0.187s][info][gc,start    ] GC(6) Concurrent strong roots
[0.187s][info][gc,task     ] GC(6) Using 2 of 8 workers for concurrent strong root
[0.187s][info][gc          ] GC(6) Concurrent strong roots 0.079ms
[0.187s][info][gc,start    ] GC(6) Concurrent evacuation
[0.187s][info][gc,task     ] GC(6) Using 2 of 8 workers for concurrent evacuation
[0.187s][info][gc          ] GC(6) Concurrent evacuation 0.341ms
[0.187s][info][gc,start    ] GC(6) Pause Init Update Refs
[0.187s][info][gc,ergo     ] GC(6) Pacer for Update Refs. Used: 4861K, Free: 1881M, Non-Taxable: 188M, Alloc Tax Rate: 1.1x
[0.187s][info][gc          ] GC(6) Pause Init Update Refs 0.032ms
[0.187s][info][gc,start    ] GC(6) Concurrent update references
[0.187s][info][gc,task     ] GC(6) Using 2 of 8 workers for concurrent reference update
[0.188s][info][gc          ] GC(6) Concurrent update references 0.458ms
[0.188s][info][gc,start    ] GC(6) Concurrent update thread roots
[0.188s][info][gc          ] GC(6) Concurrent update thread roots 0.202ms
[0.188s][info][gc,start    ] GC(6) Pause Final Update Refs
[0.188s][info][gc,task     ] GC(6) Using 8 of 8 workers for final reference update
[0.188s][info][gc          ] GC(6) Pause Final Update Refs 0.064ms
[0.188s][info][gc,start    ] GC(6) Concurrent cleanup
[0.188s][info][gc          ] GC(6) Concurrent cleanup 4M->1M(126M) 0.069ms
[0.188s][info][gc,ergo     ] Free: 1883M, Max: 512K regular, 1882M humongous, Frag: 1% external, 0% internal; Reserve: 101888K, Max: 512K
[0.188s][info][gc,stats    ] 
[0.188s][info][gc,stats    ] All times are wall-clock times, except per-root-class counters, that are sum over
[0.188s][info][gc,stats    ] all workers. Dividing the <total> over the root stage time estimates parallelism.
[0.188s][info][gc,stats    ] 
[0.188s][info][gc,stats    ] Concurrent Reset                    161 us
[0.188s][info][gc,stats    ] Pause Init Mark (G)                 284 us
[0.188s][info][gc,stats    ] Pause Init Mark (N)                 106 us
[0.188s][info][gc,stats    ]   Update Region States               21 us
[0.188s][info][gc,stats    ] Concurrent Mark Roots               128 us, parallelism: 0.63x
[0.188s][info][gc,stats    ]   CMR: <total>                       81 us
[0.188s][info][gc,stats    ]   CMR: Thread Roots                  56 us, workers (us):  16,  40, ---, ---, ---, ---, ---, ---, 
[0.188s][info][gc,stats    ]   CMR: VM Strong Roots               11 us, workers (us):  11,   0, ---, ---, ---, ---, ---, ---, 
[0.188s][info][gc,stats    ]   CMR: CLDG Roots                    14 us, workers (us):  14, ---, ---, ---, ---, ---, ---, ---, 
[0.188s][info][gc,stats    ] Concurrent Marking                  671 us
[0.188s][info][gc,stats    ] Pause Final Mark (G)               1578 us
[0.188s][info][gc,stats    ] Pause Final Mark (N)               1043 us
[0.188s][info][gc,stats    ]   Finish Mark                       923 us
[0.188s][info][gc,stats    ]   Update Region States               14 us
[0.188s][info][gc,stats    ]   Choose Collection Set              39 us
[0.188s][info][gc,stats    ]   Rebuild Free Set                   15 us
[0.188s][info][gc,stats    ] Concurrent Thread Roots             514 us, parallelism: 0.09x
[0.188s][info][gc,stats    ]   CTR: <total>                       44 us
[0.188s][info][gc,stats    ]   CTR: Thread Roots                  44 us, workers (us):  44,   0, ---, ---, ---, ---, ---, ---, 
[0.188s][info][gc,stats    ] Concurrent Weak References           69 us, parallelism: 0.07x
[0.188s][info][gc,stats    ]   CWRF: <total>                       5 us
[0.188s][info][gc,stats    ]   CWRF: Weak References               5 us, workers (us):   4,   0, ---, ---, ---, ---, ---, ---, 
[0.188s][info][gc,stats    ] Concurrent Weak Roots               404 us
[0.188s][info][gc,stats    ]   Roots                              94 us, parallelism: 0.87x
[0.188s][info][gc,stats    ]     CWR: <total>                     82 us
[0.188s][info][gc,stats    ]     CWR: Code Cache Roots            10 us, workers (us):  10,   0, ---, ---, ---, ---, ---, ---, 
[0.188s][info][gc,stats    ]     CWR: VM Weak Roots               72 us, workers (us):  72,   0, ---, ---, ---, ---, ---, ---, 
[0.188s][info][gc,stats    ]     CWR: CLDG Roots                   0 us, workers (us):   0, ---, ---, ---, ---, ---, ---, ---, 
[0.188s][info][gc,stats    ]   Rendezvous                        266 us
[0.188s][info][gc,stats    ] Concurrent Cleanup                   66 us
[0.188s][info][gc,stats    ] Concurrent Class Unloading          919 us
[0.188s][info][gc,stats    ]   Unlink Stale                       99 us
[0.188s][info][gc,stats    ]     System Dictionary                22 us
[0.188s][info][gc,stats    ]     Weak Class Links                  0 us
[0.188s][info][gc,stats    ]     Code Roots                       76 us
[0.188s][info][gc,stats    ]   Rendezvous                        773 us
[0.188s][info][gc,stats    ]   Purge Unlinked                      4 us
[0.188s][info][gc,stats    ]     Code Roots                        1 us
[0.188s][info][gc,stats    ]     CLDG                              3 us
[0.188s][info][gc,stats    ]     Exception Caches                  0 us
[0.188s][info][gc,stats    ] Concurrent Strong Roots              89 us, parallelism: 0.48x
[0.189s][info][gc,stats    ]   CSR: <total>                       43 us
[0.189s][info][gc,stats    ]   CSR: VM Strong Roots                5 us, workers (us):   3,   2, ---, ---, ---, ---, ---, ---, 
[0.189s][info][gc,stats    ]   CSR: CLDG Roots                    38 us, workers (us):  38, ---, ---, ---, ---, ---, ---, ---, 
[0.189s][info][gc,stats    ] Concurrent Evacuation               362 us
[0.189s][info][gc,stats    ] Pause Init Update Refs (G)          136 us
[0.189s][info][gc,stats    ] Pause Init Update Refs (N)           41 us
[0.189s][info][gc,stats    ]   Manage GCLABs                       3 us
[0.189s][info][gc,stats    ] Concurrent Update Refs              478 us
[0.189s][info][gc,stats    ] Concurrent Update Thread Roots      217 us
[0.189s][info][gc,stats    ] Pause Final Update Refs (G)         161 us
[0.189s][info][gc,stats    ] Pause Final Update Refs (N)          75 us
[0.189s][info][gc,stats    ]   Update Region States               15 us
[0.189s][info][gc,stats    ]   Trash Collection Set                2 us
[0.189s][info][gc,stats    ]   Rebuild Free Set                   18 us
[0.189s][info][gc,stats    ] Concurrent Cleanup                   80 us
[0.189s][info][gc,stats    ] 
[0.189s][info][gc,stats    ] Allocation pacing accrued:
[0.189s][info][gc,stats    ]       0 of    14 ms (  0.0%): <total>
[0.189s][info][gc,stats    ]       0 of    14 ms (  0.0%): <average total>
[0.189s][info][gc,stats    ] 
[0.189s][info][gc,metaspace] Metaspace: 166K(384K)->178K(384K) NonClass: 162K(256K)->174K(256K) Class: 3K(128K)->3K(128K)
[0.189s][info][gc,ergo     ] Pacer for Idle. Initial: 40642K, Alloc Tax Rate: 1.0x
[0.190s][info][gc          ] Trigger: Start next cycle immediately
[0.190s][info][gc,ergo     ] Free: 1883M, Max: 512K regular, 1882M humongous, Frag: 1% external, 0% internal; Reserve: 101888K, Max: 512K
[0.190s][info][gc,start    ] GC(7) Concurrent reset
[0.190s][info][gc,task     ] GC(7) Using 2 of 8 workers for concurrent reset
[0.190s][info][gc,ergo     ] GC(7) Pacer for Reset. Non-Taxable: 1984M
[0.190s][info][gc          ] GC(7) Concurrent reset 0.213ms
[0.190s][info][gc,start    ] GC(7) Pause Init Mark
[0.190s][info][gc,task     ] GC(7) Using 8 of 8 workers for init marking
[0.190s][info][gc,ergo     ] GC(7) Pacer for Mark. Expected Live: 487K, Free: 1883M, Non-Taxable: 188M, Alloc Tax Rate: 0.0x
[0.190s][info][gc          ] GC(7) Pause Init Mark 0.071ms
[0.190s][info][gc,start    ] GC(7) Concurrent marking roots
[0.190s][info][gc,task     ] GC(7) Using 2 of 8 workers for concurrent marking roots
[0.190s][info][gc          ] GC(7) Concurrent marking roots 0.210ms
[0.190s][info][gc,start    ] GC(7) Concurrent marking
[0.190s][info][gc,task     ] GC(7) Using 2 of 8 workers for concurrent marking
[0.192s][info][gc          ] GC(7) Concurrent marking 1.612ms
[0.192s][info][gc,start    ] GC(7) Pause Final Mark
[0.192s][info][gc,task     ] GC(7) Using 8 of 8 workers for final marking
[0.192s][info][gc,ergo     ] GC(7) Collectable Garbage: 1274K (100%), Immediate: 0B (0%), CSet: 1274K (100%)
[0.192s][info][gc,ergo     ] GC(7) Pacer for Evacuation. Used CSet: 1792K, Free: 1882M, Non-Taxable: 188M, Alloc Tax Rate: 1.1x
[0.192s][info][gc          ] GC(7) Pause Final Mark 0.218ms
[0.192s][info][gc,start    ] GC(7) Concurrent thread roots
[0.192s][info][gc,task     ] GC(7) Using 2 of 8 workers for Concurrent thread roots
[0.192s][info][gc          ] GC(7) Concurrent thread roots 0.084ms
[0.192s][info][gc,start    ] GC(7) Concurrent weak references
[0.192s][info][gc,task     ] GC(7) Using 2 of 8 workers for concurrent weak references
[0.193s][info][gc,ref      ] GC(7) Encountered references: Soft: 28, Weak: 104, Final: 0, Phantom: 10
[0.193s][info][gc,ref      ] GC(7) Discovered  references: Soft: 0, Weak: 51, Final: 0, Phantom: 9
[0.193s][info][gc,ref      ] GC(7) Enqueued    references: Soft: 0, Weak: 16, Final: 0, Phantom: 9
[0.193s][info][gc          ] GC(7) Concurrent weak references 0.062ms
[0.193s][info][gc,start    ] GC(7) Concurrent weak roots
[0.193s][info][gc,task     ] GC(7) Using 2 of 8 workers for concurrent weak root
[0.193s][info][gc          ] GC(7) Concurrent weak roots 0.116ms
[0.193s][info][gc,start    ] GC(7) Concurrent cleanup
[0.193s][info][gc          ] GC(7) Concurrent cleanup 3M->3M(126M) 0.057ms
[0.193s][info][gc,ergo     ] GC(7) Free: 1881M, Max: 512K regular, 1881M humongous, Frag: 0% external, 0% internal; Reserve: 101772K, Max: 512K
[0.193s][info][gc,start    ] GC(7) Concurrent strong roots
[0.193s][info][gc,task     ] GC(7) Using 2 of 8 workers for concurrent strong root
[0.193s][info][gc          ] GC(7) Concurrent strong roots 0.076ms
[0.193s][info][gc,start    ] GC(7) Concurrent evacuation
[0.193s][info][gc,task     ] GC(7) Using 2 of 8 workers for concurrent evacuation
[0.193s][info][gc          ] GC(7) Concurrent evacuation 0.234ms
[0.193s][info][gc,start    ] GC(7) Pause Init Update Refs
[0.193s][info][gc,ergo     ] GC(7) Pacer for Update Refs. Used: 4097K, Free: 1881M, Non-Taxable: 188M, Alloc Tax Rate: 1.1x
[0.193s][info][gc          ] GC(7) Pause Init Update Refs 0.034ms
[0.193s][info][gc,start    ] GC(7) Concurrent update references
[0.193s][info][gc,task     ] GC(7) Using 2 of 8 workers for concurrent reference update
[0.194s][info][gc          ] GC(7) Concurrent update references 0.548ms
[0.194s][info][gc,start    ] GC(7) Concurrent update thread roots
[0.194s][info][gc          ] GC(7) Concurrent update thread roots 0.192ms
[0.194s][info][gc,start    ] GC(7) Pause Final Update Refs
[0.194s][info][gc,task     ] GC(7) Using 8 of 8 workers for final reference update
[0.194s][info][gc          ] GC(7) Pause Final Update Refs 0.064ms
[0.194s][info][gc,start    ] GC(7) Concurrent cleanup
[0.194s][info][gc          ] GC(7) Concurrent cleanup 4M->2M(126M) 0.094ms
[0.194s][info][gc,ergo     ] Free: 1882M, Max: 512K regular, 1881M humongous, Frag: 1% external, 0% internal; Reserve: 101888K, Max: 512K
[0.194s][info][gc,stats    ] 
[0.194s][info][gc,stats    ] All times are wall-clock times, except per-root-class counters, that are sum over
[0.194s][info][gc,stats    ] all workers. Dividing the <total> over the root stage time estimates parallelism.
[0.194s][info][gc,stats    ] 
[0.194s][info][gc,stats    ] Concurrent Reset                    226 us
[0.194s][info][gc,stats    ] Pause Init Mark (G)                 182 us
[0.194s][info][gc,stats    ] Pause Init Mark (N)                  77 us
[0.194s][info][gc,stats    ]   Update Region States               22 us
[0.194s][info][gc,stats    ] Concurrent Mark Roots               222 us, parallelism: 0.75x
[0.194s][info][gc,stats    ]   CMR: <total>                      167 us
[0.194s][info][gc,stats    ]   CMR: Thread Roots                 130 us, workers (us): 130,   0, ---, ---, ---, ---, ---, ---, 
[0.194s][info][gc,stats    ]   CMR: Code Cache Roots              20 us, workers (us):  20,   0, ---, ---, ---, ---, ---, ---, 
[0.194s][info][gc,stats    ]   CMR: VM Strong Roots                2 us, workers (us):   2,   0, ---, ---, ---, ---, ---, ---, 
[0.194s][info][gc,stats    ]   CMR: CLDG Roots                    15 us, workers (us):  15, ---, ---, ---, ---, ---, ---, ---, 
[0.194s][info][gc,stats    ] Concurrent Marking                 1634 us
[0.194s][info][gc,stats    ] Pause Final Mark (G)                318 us
[0.194s][info][gc,stats    ] Pause Final Mark (N)                230 us
[0.194s][info][gc,stats    ]   Finish Mark                       124 us
[0.194s][info][gc,stats    ]   Update Region States               15 us
[0.194s][info][gc,stats    ]   Choose Collection Set              25 us
[0.194s][info][gc,stats    ]   Rebuild Free Set                   14 us
[0.195s][info][gc,stats    ] Concurrent Thread Roots              94 us, parallelism: 0.65x
[0.195s][info][gc,stats    ]   CTR: <total>                       61 us
[0.195s][info][gc,stats    ]   CTR: Thread Roots                  61 us, workers (us):  23,  38, ---, ---, ---, ---, ---, ---, 
[0.195s][info][gc,stats    ] Concurrent Weak References           70 us, parallelism: 0.12x
[0.195s][info][gc,stats    ]   CWRF: <total>                       8 us
[0.195s][info][gc,stats    ]   CWRF: Weak References               8 us, workers (us):   8,   1, ---, ---, ---, ---, ---, ---, 
[0.195s][info][gc,stats    ] Concurrent Weak Roots               126 us
[0.195s][info][gc,stats    ]   Roots                              66 us, parallelism: 1.15x
[0.195s][info][gc,stats    ]     CWR: <total>                     76 us
[0.195s][info][gc,stats    ]     CWR: VM Weak Roots               76 us, workers (us):  50,  26, ---, ---, ---, ---, ---, ---, 
[0.195s][info][gc,stats    ]   Rendezvous                         35 us
[0.195s][info][gc,stats    ] Concurrent Cleanup                   65 us
[0.195s][info][gc,stats    ] Concurrent Strong Roots              85 us, parallelism: 1.07x
[0.195s][info][gc,stats    ]   CSR: <total>                       91 us
[0.195s][info][gc,stats    ]   CSR: Code Cache Roots              37 us, workers (us):  37,   0, ---, ---, ---, ---, ---, ---, 
[0.195s][info][gc,stats    ]   CSR: VM Strong Roots                6 us, workers (us):   4,   2, ---, ---, ---, ---, ---, ---, 
[0.195s][info][gc,stats    ]   CSR: CLDG Roots                    48 us, workers (us): ---,  48, ---, ---, ---, ---, ---, ---, 
[0.195s][info][gc,stats    ] Concurrent Evacuation               246 us
[0.195s][info][gc,stats    ] Pause Init Update Refs (G)          137 us
[0.195s][info][gc,stats    ] Pause Init Update Refs (N)           43 us
[0.195s][info][gc,stats    ]   Manage GCLABs                       2 us
[0.195s][info][gc,stats    ] Concurrent Update Refs              569 us
[0.195s][info][gc,stats    ] Concurrent Update Thread Roots      207 us
[0.195s][info][gc,stats    ] Pause Final Update Refs (G)         165 us
[0.195s][info][gc,stats    ] Pause Final Update Refs (N)          75 us
[0.195s][info][gc,stats    ]   Update Region States               16 us
[0.195s][info][gc,stats    ]   Trash Collection Set                2 us
[0.195s][info][gc,stats    ]   Rebuild Free Set                   18 us
[0.195s][info][gc,stats    ] Concurrent Cleanup                  106 us
[0.195s][info][gc,stats    ] 
[0.195s][info][gc,stats    ] Allocation pacing accrued:
[0.195s][info][gc,stats    ]       0 of     6 ms (  0.0%): <total>
[0.195s][info][gc,stats    ]       0 of     6 ms (  0.0%): <average total>
[0.195s][info][gc,stats    ] 
[0.195s][info][gc,metaspace] Metaspace: 181K(384K)->195K(384K) NonClass: 177K(256K)->190K(256K) Class: 3K(128K)->5K(128K)
[0.195s][info][gc,ergo     ] Pacer for Idle. Initial: 40642K, Alloc Tax Rate: 1.0x
[0.196s][info][gc          ] Trigger: Start next cycle immediately
[0.196s][info][gc,ergo     ] Free: 1882M, Max: 512K regular, 1881M humongous, Frag: 1% external, 0% internal; Reserve: 101888K, Max: 512K
[0.196s][info][gc,start    ] GC(8) Concurrent reset
[0.196s][info][gc,task     ] GC(8) Using 2 of 8 workers for concurrent reset
[0.196s][info][gc,ergo     ] GC(8) Pacer for Reset. Non-Taxable: 1984M
[0.196s][info][gc          ] GC(8) Concurrent reset 0.182ms
[0.196s][info][gc,start    ] GC(8) Pause Init Mark (unload classes)
[0.196s][info][gc,task     ] GC(8) Using 8 of 8 workers for init marking
[0.196s][info][gc,ergo     ] GC(8) Pacer for Mark. Expected Live: 498K, Free: 1882M, Non-Taxable: 188M, Alloc Tax Rate: 0.0x
[0.196s][info][gc          ] GC(8) Pause Init Mark (unload classes) 0.066ms
[0.196s][info][gc,start    ] GC(8) Concurrent marking roots
[0.196s][info][gc,task     ] GC(8) Using 2 of 8 workers for concurrent marking roots
[0.196s][info][gc          ] GC(8) Concurrent marking roots 0.122ms
[0.196s][info][gc,start    ] GC(8) Concurrent marking (unload classes)
[0.196s][info][gc,task     ] GC(8) Using 2 of 8 workers for concurrent marking
[0.197s][info][gc          ] GC(8) Concurrent marking (unload classes) 0.334ms
[0.197s][info][gc,start    ] GC(8) Pause Final Mark (unload classes)
[0.197s][info][gc,task     ] GC(8) Using 8 of 8 workers for final marking
[0.197s][info][gc,ergo     ] GC(8) Collectable Garbage: 2292K (100%), Immediate: 0B (0%), CSet: 2292K (100%)
[0.197s][info][gc,ergo     ] GC(8) Pacer for Evacuation. Used CSet: 2816K, Free: 1881M, Non-Taxable: 188M, Alloc Tax Rate: 1.1x
[0.197s][info][gc          ] GC(8) Pause Final Mark (unload classes) 0.214ms
[0.197s][info][gc,start    ] GC(8) Concurrent thread roots
[0.197s][info][gc,task     ] GC(8) Using 2 of 8 workers for Concurrent thread roots
[0.197s][info][gc          ] GC(8) Concurrent thread roots 0.065ms
[0.197s][info][gc,start    ] GC(8) Concurrent weak references
[0.197s][info][gc,task     ] GC(8) Using 2 of 8 workers for concurrent weak references
[0.197s][info][gc,ref      ] GC(8) Encountered references: Soft: 28, Weak: 88, Final: 0, Phantom: 1
[0.197s][info][gc,ref      ] GC(8) Discovered  references: Soft: 0, Weak: 35, Final: 0, Phantom: 1
[0.197s][info][gc,ref      ] GC(8) Enqueued    references: Soft: 0, Weak: 0, Final: 0, Phantom: 0
[0.197s][info][gc          ] GC(8) Concurrent weak references 0.064ms
[0.197s][info][gc,start    ] GC(8) Concurrent weak roots
[0.197s][info][gc,task     ] GC(8) Using 2 of 8 workers for concurrent weak root
[0.197s][info][gc          ] GC(8) Concurrent weak roots 0.104ms
[0.197s][info][gc,start    ] GC(8) Concurrent cleanup
[0.197s][info][gc          ] GC(8) Concurrent cleanup 3M->3M(126M) 0.056ms
[0.197s][info][gc,ergo     ] GC(8) Free: 1881M, Max: 512K regular, 1881M humongous, Frag: 1% external, 0% internal; Reserve: 101809K, Max: 512K
[0.197s][info][gc,start    ] GC(8) Concurrent class unloading
[0.197s][info][gc,task     ] GC(8) Using 2 of 8 workers for concurrent class unloading
[0.198s][info][gc          ] GC(8) Concurrent class unloading 0.165ms
[0.198s][info][gc,start    ] GC(8) Concurrent strong roots
[0.198s][info][gc,task     ] GC(8) Using 2 of 8 workers for concurrent strong root
[0.198s][info][gc          ] GC(8) Concurrent strong roots 0.075ms
[0.198s][info][gc,start    ] GC(8) Concurrent evacuation
[0.198s][info][gc,task     ] GC(8) Using 2 of 8 workers for concurrent evacuation
[0.198s][info][gc          ] GC(8) Concurrent evacuation 0.244ms
[0.198s][info][gc,start    ] GC(8) Pause Init Update Refs
[0.198s][info][gc,ergo     ] GC(8) Pacer for Update Refs. Used: 4609K, Free: 1881M, Non-Taxable: 188M, Alloc Tax Rate: 1.1x
[0.198s][info][gc          ] GC(8) Pause Init Update Refs 0.032ms
[0.198s][info][gc,start    ] GC(8) Concurrent update references
[0.198s][info][gc,task     ] GC(8) Using 2 of 8 workers for concurrent reference update
[0.199s][info][gc          ] GC(8) Concurrent update references 0.580ms
[0.199s][info][gc,start    ] GC(8) Concurrent update thread roots
[0.199s][info][gc          ] GC(8) Concurrent update thread roots 0.127ms
[0.199s][info][gc,start    ] GC(8) Pause Final Update Refs
[0.199s][info][gc,task     ] GC(8) Using 8 of 8 workers for final reference update
[0.199s][info][gc          ] GC(8) Pause Final Update Refs 0.070ms
[0.199s][info][gc,start    ] GC(8) Concurrent cleanup
[0.199s][info][gc          ] GC(8) Concurrent cleanup 4M->1M(126M) 0.066ms
[0.199s][info][gc,ergo     ] Free: 1883M, Max: 512K regular, 1882M humongous, Frag: 1% external, 0% internal; Reserve: 101888K, Max: 512K
[0.199s][info][gc,stats    ] 
[0.199s][info][gc,stats    ] All times are wall-clock times, except per-root-class counters, that are sum over
[0.199s][info][gc,stats    ] all workers. Dividing the <total> over the root stage time estimates parallelism.
[0.199s][info][gc,stats    ] 
[0.199s][info][gc,stats    ] Concurrent Reset                    191 us
[0.199s][info][gc,stats    ] Pause Init Mark (G)                 179 us
[0.199s][info][gc,stats    ] Pause Init Mark (N)                  76 us
[0.199s][info][gc,stats    ]   Update Region States               21 us
[0.199s][info][gc,stats    ] Concurrent Mark Roots               133 us, parallelism: 0.84x
[0.199s][info][gc,stats    ]   CMR: <total>                      112 us
[0.199s][info][gc,stats    ]   CMR: Thread Roots                  95 us, workers (us):  19,  75, ---, ---, ---, ---, ---, ---, 
[0.199s][info][gc,stats    ]   CMR: VM Strong Roots                3 us, workers (us):   2,   1, ---, ---, ---, ---, ---, ---, 
[0.199s][info][gc,stats    ]   CMR: CLDG Roots                    14 us, workers (us):  14, ---, ---, ---, ---, ---, ---, ---, 
[0.199s][info][gc,stats    ] Concurrent Marking                  345 us
[0.199s][info][gc,stats    ] Pause Final Mark (G)                313 us
[0.199s][info][gc,stats    ] Pause Final Mark (N)                225 us
[0.199s][info][gc,stats    ]   Finish Mark                       110 us
[0.199s][info][gc,stats    ]   Update Region States               15 us
[0.199s][info][gc,stats    ]   Choose Collection Set              28 us
[0.199s][info][gc,stats    ]   Rebuild Free Set                   14 us
[0.199s][info][gc,stats    ] Concurrent Thread Roots              74 us, parallelism: 0.61x
[0.199s][info][gc,stats    ]   CTR: <total>                       45 us
[0.199s][info][gc,stats    ]   CTR: Thread Roots                  45 us, workers (us):  24,  21, ---, ---, ---, ---, ---, ---, 
[0.199s][info][gc,stats    ] Concurrent Weak References           72 us, parallelism: 0.20x
[0.199s][info][gc,stats    ]   CWRF: <total>                      14 us
[0.199s][info][gc,stats    ]   CWRF: Weak References              14 us, workers (us):  14,   1, ---, ---, ---, ---, ---, ---, 
[0.199s][info][gc,stats    ] Concurrent Weak Roots               114 us
[0.199s][info][gc,stats    ]   Roots                              67 us, parallelism: 1.49x
[0.199s][info][gc,stats    ]     CWR: <total>                    100 us
[0.199s][info][gc,stats    ]     CWR: Code Cache Roots            15 us, workers (us):  14,   0, ---, ---, ---, ---, ---, ---, 
[0.199s][info][gc,stats    ]     CWR: VM Weak Roots               84 us, workers (us):  41,  43, ---, ---, ---, ---, ---, ---, 
[0.199s][info][gc,stats    ]     CWR: CLDG Roots                   0 us, workers (us):   0, ---, ---, ---, ---, ---, ---, ---, 
[0.199s][info][gc,stats    ]   Rendezvous                         21 us
[0.199s][info][gc,stats    ] Concurrent Cleanup                   64 us
[0.199s][info][gc,stats    ] Concurrent Class Unloading          175 us
[0.199s][info][gc,stats    ]   Unlink Stale                      110 us
[0.199s][info][gc,stats    ]     System Dictionary                21 us
[0.199s][info][gc,stats    ]     Weak Class Links                  0 us
[0.199s][info][gc,stats    ]     Code Roots                       88 us
[0.199s][info][gc,stats    ]   Rendezvous                         17 us
[0.199s][info][gc,stats    ]   Purge Unlinked                     21 us
[0.199s][info][gc,stats    ]     Code Roots                       18 us
[0.199s][info][gc,stats    ]     CLDG                              3 us
[0.199s][info][gc,stats    ]     Exception Caches                  0 us
[0.199s][info][gc,stats    ] Concurrent Strong Roots              84 us, parallelism: 0.57x
[0.199s][info][gc,stats    ]   CSR: <total>                       48 us
[0.199s][info][gc,stats    ]   CSR: VM Strong Roots                4 us, workers (us):   4,   0, ---, ---, ---, ---, ---, ---, 
[0.199s][info][gc,stats    ]   CSR: CLDG Roots                    44 us, workers (us):  44, ---, ---, ---, ---, ---, ---, ---, 
[0.199s][info][gc,stats    ] Concurrent Evacuation               259 us
[0.199s][info][gc,stats    ] Pause Init Update Refs (G)           85 us
[0.199s][info][gc,stats    ] Pause Init Update Refs (N)           41 us
[0.199s][info][gc,stats    ]   Manage GCLABs                       2 us
[0.199s][info][gc,stats    ] Concurrent Update Refs              600 us
[0.199s][info][gc,stats    ] Concurrent Update Thread Roots      137 us
[0.199s][info][gc,stats    ] Pause Final Update Refs (G)         166 us
[0.199s][info][gc,stats    ] Pause Final Update Refs (N)          80 us
[0.199s][info][gc,stats    ]   Update Region States               15 us
[0.199s][info][gc,stats    ]   Trash Collection Set                2 us
[0.199s][info][gc,stats    ]   Rebuild Free Set                   19 us
[0.200s][info][gc,stats    ] Concurrent Cleanup                   80 us
[0.200s][info][gc,stats    ] 
[0.200s][info][gc,stats    ] Allocation pacing accrued:
[0.200s][info][gc,stats    ]       0 of     5 ms (  0.0%): <total>
[0.200s][info][gc,stats    ]       0 of     5 ms (  0.0%): <average total>
[0.200s][info][gc,stats    ] 
[0.200s][info][gc,metaspace] Metaspace: 196K(384K)->203K(448K) NonClass: 191K(256K)->197K(320K) Class: 5K(128K)->5K(128K)
[0.200s][info][gc,ergo     ] Pacer for Idle. Initial: 40642K, Alloc Tax Rate: 1.0x
[0.201s][info][gc          ] Trigger: Start next cycle immediately
[0.201s][info][gc,ergo     ] Free: 1883M, Max: 512K regular, 1882M humongous, Frag: 1% external, 0% internal; Reserve: 101888K, Max: 512K
[0.201s][info][gc,start    ] GC(9) Concurrent reset
[0.201s][info][gc,task     ] GC(9) Using 2 of 8 workers for concurrent reset
[0.201s][info][gc,ergo     ] GC(9) Pacer for Reset. Non-Taxable: 1984M
[0.201s][info][gc          ] GC(9) Concurrent reset 0.180ms
[0.201s][info][gc,start    ] GC(9) Pause Init Mark
[0.201s][info][gc,task     ] GC(9) Using 8 of 8 workers for init marking
[0.201s][info][gc,ergo     ] GC(9) Pacer for Mark. Expected Live: 506K, Free: 1883M, Non-Taxable: 188M, Alloc Tax Rate: 0.0x
[0.201s][info][gc          ] GC(9) Pause Init Mark 0.069ms
[0.201s][info][gc,start    ] GC(9) Concurrent marking roots
[0.201s][info][gc,task     ] GC(9) Using 2 of 8 workers for concurrent marking roots
[0.201s][info][gc          ] GC(9) Concurrent marking roots 0.157ms
[0.201s][info][gc,start    ] GC(9) Concurrent marking
[0.201s][info][gc,task     ] GC(9) Using 2 of 8 workers for concurrent marking
[0.206s][info][gc          ] GC(9) Concurrent marking 4.772ms
[0.206s][info][gc,start    ] GC(9) Pause Final Mark
[0.206s][info][gc,task     ] GC(9) Using 8 of 8 workers for final marking
[0.206s][info][gc,ergo     ] GC(9) Collectable Garbage: 1246K (100%), Immediate: 511K (41%), CSet: 735K (58%)
[0.206s][info][gc,ergo     ] GC(9) Pacer for Evacuation. Used CSet: 1281K, Free: 1883M, Non-Taxable: 188M, Alloc Tax Rate: 1.1x
[0.206s][info][gc          ] GC(9) Pause Final Mark 0.227ms
[0.207s][info][gc,start    ] GC(9) Concurrent thread roots
[0.207s][info][gc,task     ] GC(9) Using 2 of 8 workers for Concurrent thread roots
[0.207s][info][gc          ] GC(9) Concurrent thread roots 0.068ms
[0.207s][info][gc,start    ] GC(9) Concurrent weak references
[0.207s][info][gc,task     ] GC(9) Using 2 of 8 workers for concurrent weak references
[0.207s][info][gc,ref      ] GC(9) Encountered references: Soft: 28, Weak: 88, Final: 0, Phantom: 1
[0.207s][info][gc,ref      ] GC(9) Discovered  references: Soft: 0, Weak: 0, Final: 0, Phantom: 1
[0.207s][info][gc,ref      ] GC(9) Enqueued    references: Soft: 0, Weak: 0, Final: 0, Phantom: 0
[0.207s][info][gc          ] GC(9) Concurrent weak references 0.067ms
[0.207s][info][gc,start    ] GC(9) Concurrent weak roots
[0.207s][info][gc,task     ] GC(9) Using 2 of 8 workers for concurrent weak root
[0.207s][info][gc          ] GC(9) Concurrent weak roots 0.228ms
[0.207s][info][gc,start    ] GC(9) Concurrent cleanup
[0.207s][info][gc          ] GC(9) Concurrent cleanup 2M->1M(126M) 0.058ms
[0.207s][info][gc,ergo     ] GC(9) Free: 1883M, Max: 512K regular, 1882M humongous, Frag: 1% external, 0% internal; Reserve: 101817K, Max: 512K
[0.207s][info][gc,start    ] GC(9) Concurrent strong roots
[0.207s][info][gc,task     ] GC(9) Using 2 of 8 workers for concurrent strong root
[0.207s][info][gc          ] GC(9) Concurrent strong roots 0.078ms
[0.207s][info][gc,start    ] GC(9) Concurrent evacuation
[0.207s][info][gc,task     ] GC(9) Using 2 of 8 workers for concurrent evacuation
[0.208s][info][gc          ] GC(9) Concurrent evacuation 0.283ms
[0.208s][info][gc,start    ] GC(9) Pause Init Update Refs
[0.208s][info][gc,ergo     ] GC(9) Pacer for Update Refs. Used: 2562K, Free: 1883M, Non-Taxable: 188M, Alloc Tax Rate: 1.1x
[0.208s][info][gc          ] GC(9) Pause Init Update Refs 0.034ms
[0.208s][info][gc,start    ] GC(9) Concurrent update references
[0.208s][info][gc,task     ] GC(9) Using 2 of 8 workers for concurrent reference update
[0.208s][info][gc          ] GC(9) Concurrent update references 0.566ms
[0.208s][info][gc,start    ] GC(9) Concurrent update thread roots
[0.208s][info][gc          ] GC(9) Concurrent update thread roots 0.049ms
[0.208s][info][gc,start    ] GC(9) Pause Final Update Refs
[0.208s][info][gc,task     ] GC(9) Using 8 of 8 workers for final reference update
[0.208s][info][gc          ] GC(9) Pause Final Update Refs 0.064ms
[0.208s][info][gc,start    ] GC(9) Concurrent cleanup
[0.208s][info][gc          ] GC(9) Concurrent cleanup 2M->1M(126M) 0.061ms
[0.208s][info][gc,ergo     ] Free: 1883M, Max: 512K regular, 1883M humongous, Frag: 0% external, 0% internal; Reserve: 101888K, Max: 512K
[0.208s][info][gc,stats    ] 
[0.208s][info][gc,stats    ] All times are wall-clock times, except per-root-class counters, that are sum over
[0.208s][info][gc,stats    ] all workers. Dividing the <total> over the root stage time estimates parallelism.
[0.208s][info][gc,stats    ] 
[0.208s][info][gc,stats    ] Concurrent Reset                    189 us
[0.209s][info][gc,stats    ] Pause Init Mark (G)                 366 us
[0.209s][info][gc,stats    ] Pause Init Mark (N)                  79 us
[0.209s][info][gc,stats    ]   Update Region States               21 us
[0.209s][info][gc,stats    ] Concurrent Mark Roots               169 us, parallelism: 0.83x
[0.209s][info][gc,stats    ]   CMR: <total>                      141 us
[0.209s][info][gc,stats    ]   CMR: Thread Roots                  91 us, workers (us):  77,  14, ---, ---, ---, ---, ---, ---, 
[0.209s][info][gc,stats    ]   CMR: Code Cache Roots              30 us, workers (us):   0,  29, ---, ---, ---, ---, ---, ---, 
[0.209s][info][gc,stats    ]   CMR: VM Strong Roots                2 us, workers (us):   2,   0, ---, ---, ---, ---, ---, ---, 
[0.209s][info][gc,stats    ]   CMR: CLDG Roots                    18 us, workers (us):  18, ---, ---, ---, ---, ---, ---, ---, 
[0.209s][info][gc,stats    ] Concurrent Marking                 4797 us
[0.209s][info][gc,stats    ] Pause Final Mark (G)                275 us
[0.209s][info][gc,stats    ] Pause Final Mark (N)                239 us
[0.209s][info][gc,stats    ]   Finish Mark                       121 us
[0.209s][info][gc,stats    ]   Update Region States               16 us
[0.209s][info][gc,stats    ]   Choose Collection Set              29 us
[0.209s][info][gc,stats    ]   Rebuild Free Set                   14 us
[0.209s][info][gc,stats    ] Concurrent Thread Roots              78 us, parallelism: 0.58x
[0.209s][info][gc,stats    ]   CTR: <total>                       46 us
[0.209s][info][gc,stats    ]   CTR: Thread Roots                  46 us, workers (us):  26,  20, ---, ---, ---, ---, ---, ---, 
[0.209s][info][gc,stats    ] Concurrent Weak References           74 us, parallelism: 0.04x
[0.209s][info][gc,stats    ]   CWRF: <total>                       3 us
[0.209s][info][gc,stats    ]   CWRF: Weak References               3 us, workers (us):   2,   0, ---, ---, ---, ---, ---, ---, 
[0.209s][info][gc,stats    ] Concurrent Weak Roots               392 us
[0.209s][info][gc,stats    ]   Roots                              57 us, parallelism: 1.42x
[0.209s][info][gc,stats    ]     CWR: <total>                     81 us
[0.209s][info][gc,stats    ]     CWR: VM Weak Roots               81 us, workers (us):  46,  35, ---, ---, ---, ---, ---, ---, 
[0.209s][info][gc,stats    ]   Rendezvous                        155 us
[0.209s][info][gc,stats    ] Concurrent Cleanup                   67 us
[0.209s][info][gc,stats    ] Concurrent Strong Roots              87 us, parallelism: 1.05x
[0.209s][info][gc,stats    ]   CSR: <total>                       91 us
[0.209s][info][gc,stats    ]   CSR: Code Cache Roots              39 us, workers (us):  39,   0, ---, ---, ---, ---, ---, ---, 
[0.209s][info][gc,stats    ]   CSR: VM Strong Roots                7 us, workers (us):   4,   3, ---, ---, ---, ---, ---, ---, 
[0.209s][info][gc,stats    ]   CSR: CLDG Roots                    44 us, workers (us): ---,  44, ---, ---, ---, ---, ---, ---, 
[0.209s][info][gc,stats    ] Concurrent Evacuation               294 us
[0.209s][info][gc,stats    ] Pause Init Update Refs (G)           74 us
[0.209s][info][gc,stats    ] Pause Init Update Refs (N)           43 us
[0.209s][info][gc,stats    ]   Manage GCLABs                       2 us
[0.209s][info][gc,stats    ] Concurrent Update Refs              580 us
[0.209s][info][gc,stats    ] Concurrent Update Thread Roots       58 us
[0.209s][info][gc,stats    ] Pause Final Update Refs (G)         114 us
[0.209s][info][gc,stats    ] Pause Final Update Refs (N)          73 us
[0.209s][info][gc,stats    ]   Update Region States               14 us
[0.209s][info][gc,stats    ]   Trash Collection Set                2 us
[0.209s][info][gc,stats    ]   Rebuild Free Set                   19 us
[0.209s][info][gc,stats    ] Concurrent Cleanup                   69 us
[0.209s][info][gc,stats    ] 
[0.209s][info][gc,stats    ] Allocation pacing accrued:
[0.209s][info][gc,stats    ]       0 of     9 ms (  0.0%): <total>
[0.209s][info][gc,stats    ]       0 of     9 ms (  0.0%): <average total>
[0.209s][info][gc,stats    ] 
[0.209s][info][gc,metaspace] Metaspace: 207K(448K)->208K(448K) NonClass: 201K(320K)->202K(320K) Class: 5K(128K)->5K(128K)
[0.209s][info][gc,ergo     ] Pacer for Idle. Initial: 40642K, Alloc Tax Rate: 1.0x
[0.210s][info][gc          ] Trigger: Start next cycle immediately
[0.210s][info][gc,ergo     ] Free: 1883M, Max: 512K regular, 1883M humongous, Frag: 0% external, 0% internal; Reserve: 101888K, Max: 512K
[0.210s][info][gc,start    ] GC(10) Concurrent reset
[0.210s][info][gc,task     ] GC(10) Using 2 of 8 workers for concurrent reset
[0.210s][info][gc,ergo     ] GC(10) Pacer for Reset. Non-Taxable: 1984M
[0.210s][info][gc          ] GC(10) Concurrent reset 0.261ms
[0.210s][info][gc,start    ] GC(10) Pause Init Mark
[0.211s][info][gc,task     ] GC(10) Using 8 of 8 workers for init marking
[0.211s][info][gc,ergo     ] GC(10) Pacer for Mark. Expected Live: 517K, Free: 1883M, Non-Taxable: 188M, Alloc Tax Rate: 0.0x
[0.211s][info][gc          ] GC(10) Pause Init Mark 0.070ms
[0.211s][info][gc,start    ] GC(10) Concurrent marking roots
[0.211s][info][gc,task     ] GC(10) Using 2 of 8 workers for concurrent marking roots
[0.211s][info][gc          ] GC(10) Concurrent marking roots 0.152ms
[0.211s][info][gc,start    ] GC(10) Concurrent marking
[0.211s][info][gc,task     ] GC(10) Using 2 of 8 workers for concurrent marking
[0.212s][info][gc          ] GC(10) Concurrent marking 1.367ms
[0.212s][info][gc,start    ] GC(10) Pause Final Mark
[0.212s][info][gc,task     ] GC(10) Using 8 of 8 workers for final marking
[0.214s][info][gc,ergo     ] GC(10) Collectable Garbage: 1245K (100%), Immediate: 0B (0%), CSet: 1245K (100%)
[0.214s][info][gc,ergo     ] GC(10) Pacer for Evacuation. Used CSet: 1793K, Free: 1882M, Non-Taxable: 188M, Alloc Tax Rate: 1.1x
[0.214s][info][gc          ] GC(10) Pause Final Mark 1.633ms
[0.214s][info][gc,start    ] GC(10) Concurrent thread roots
[0.214s][info][gc,task     ] GC(10) Using 2 of 8 workers for Concurrent thread roots
[0.214s][info][gc          ] GC(10) Concurrent thread roots 0.107ms
[0.214s][info][gc,start    ] GC(10) Concurrent weak references
[0.214s][info][gc,task     ] GC(10) Using 2 of 8 workers for concurrent weak references
[0.214s][info][gc,ref      ] GC(10) Encountered references: Soft: 28, Weak: 88, Final: 0, Phantom: 1
[0.214s][info][gc,ref      ] GC(10) Discovered  references: Soft: 0, Weak: 0, Final: 0, Phantom: 1
[0.214s][info][gc,ref      ] GC(10) Enqueued    references: Soft: 0, Weak: 0, Final: 0, Phantom: 0
[0.214s][info][gc          ] GC(10) Concurrent weak references 0.049ms
[0.214s][info][gc,start    ] GC(10) Concurrent weak roots
[0.214s][info][gc,task     ] GC(10) Using 2 of 8 workers for concurrent weak root
[0.214s][info][gc          ] GC(10) Concurrent weak roots 0.098ms
[0.214s][info][gc,start    ] GC(10) Concurrent cleanup
[0.214s][info][gc          ] GC(10) Concurrent cleanup 2M->2M(126M) 0.071ms
[0.214s][info][gc,ergo     ] GC(10) Free: 1882M, Max: 512K regular, 1882M humongous, Frag: 0% external, 0% internal; Reserve: 101811K, Max: 512K
[0.214s][info][gc,start    ] GC(10) Concurrent strong roots
[0.214s][info][gc,task     ] GC(10) Using 2 of 8 workers for concurrent strong root
[0.214s][info][gc          ] GC(10) Concurrent strong roots 0.124ms
[0.214s][info][gc,start    ] GC(10) Concurrent evacuation
[0.214s][info][gc,task     ] GC(10) Using 2 of 8 workers for concurrent evacuation
[0.215s][info][gc          ] GC(10) Concurrent evacuation 0.246ms
[0.215s][info][gc,start    ] GC(10) Pause Init Update Refs
[0.215s][info][gc,ergo     ] GC(10) Pacer for Update Refs. Used: 3586K, Free: 1882M, Non-Taxable: 188M, Alloc Tax Rate: 1.1x
[0.215s][info][gc          ] GC(10) Pause Init Update Refs 0.029ms
[0.215s][info][gc,start    ] GC(10) Concurrent update references
[0.215s][info][gc,task     ] GC(10) Using 2 of 8 workers for concurrent reference update
[0.215s][info][gc          ] GC(10) Concurrent update references 0.467ms
[0.215s][info][gc,start    ] GC(10) Concurrent update thread roots
[0.215s][info][gc          ] GC(10) Concurrent update thread roots 0.053ms
[0.215s][info][gc,start    ] GC(10) Pause Final Update Refs
[0.215s][info][gc,task     ] GC(10) Using 8 of 8 workers for final reference update
[0.215s][info][gc          ] GC(10) Pause Final Update Refs 0.059ms
[0.215s][info][gc,start    ] GC(10) Concurrent cleanup
[0.216s][info][gc          ] GC(10) Concurrent cleanup 3M->1M(126M) 0.065ms
[0.216s][info][gc,ergo     ] Free: 1883M, Max: 512K regular, 1882M humongous, Frag: 1% external, 0% internal; Reserve: 101888K, Max: 512K
[0.216s][info][gc,stats    ] 
[0.216s][info][gc,stats    ] All times are wall-clock times, except per-root-class counters, that are sum over
[0.216s][info][gc,stats    ] all workers. Dividing the <total> over the root stage time estimates parallelism.
[0.216s][info][gc,stats    ] 
[0.216s][info][gc,stats    ] Concurrent Reset                    271 us
[0.216s][info][gc,stats    ] Pause Init Mark (G)                 228 us
[0.216s][info][gc,stats    ] Pause Init Mark (N)                  79 us
[0.216s][info][gc,stats    ]   Update Region States               21 us
[0.216s][info][gc,stats    ] Concurrent Mark Roots               163 us, parallelism: 0.96x
[0.216s][info][gc,stats    ]   CMR: <total>                      156 us
[0.216s][info][gc,stats    ]   CMR: Thread Roots                  93 us, workers (us):  77,  16, ---, ---, ---, ---, ---, ---, 
[0.216s][info][gc,stats    ]   CMR: Code Cache Roots              40 us, workers (us):   0,  40, ---, ---, ---, ---, ---, ---, 
[0.216s][info][gc,stats    ]   CMR: VM Strong Roots                2 us, workers (us):   2,   0, ---, ---, ---, ---, ---, ---, 
[0.216s][info][gc,stats    ]   CMR: CLDG Roots                    20 us, workers (us):  20, ---, ---, ---, ---, ---, ---, ---, 
[0.216s][info][gc,stats    ] Concurrent Marking                 1393 us
[0.216s][info][gc,stats    ] Pause Final Mark (G)               1733 us
[0.216s][info][gc,stats    ] Pause Final Mark (N)               1643 us
[0.216s][info][gc,stats    ]   Finish Mark                      1519 us
[0.216s][info][gc,stats    ]   Update Region States               14 us
[0.216s][info][gc,stats    ]   Choose Collection Set              42 us
[0.216s][info][gc,stats    ]   Rebuild Free Set                   16 us
[0.216s][info][gc,stats    ] Concurrent Thread Roots             118 us, parallelism: 0.40x
[0.216s][info][gc,stats    ]   CTR: <total>                       47 us
[0.216s][info][gc,stats    ]   CTR: Thread Roots                  47 us, workers (us):  39,   9, ---, ---, ---, ---, ---, ---, 
[0.216s][info][gc,stats    ] Concurrent Weak References           59 us, parallelism: 0.03x
[0.216s][info][gc,stats    ]   CWRF: <total>                       2 us
[0.216s][info][gc,stats    ]   CWRF: Weak References               2 us, workers (us):   1,   0, ---, ---, ---, ---, ---, ---, 
[0.216s][info][gc,stats    ] Concurrent Weak Roots               109 us
[0.216s][info][gc,stats    ]   Roots                              61 us, parallelism: 1.41x
[0.216s][info][gc,stats    ]     CWR: <total>                     86 us
[0.216s][info][gc,stats    ]     CWR: VM Weak Roots               86 us, workers (us):  43,  43, ---, ---, ---, ---, ---, ---, 
[0.216s][info][gc,stats    ]   Rendezvous                         22 us
[0.216s][info][gc,stats    ] Concurrent Cleanup                   81 us
[0.216s][info][gc,stats    ] Concurrent Strong Roots             136 us, parallelism: 0.67x
[0.216s][info][gc,stats    ]   CSR: <total>                       91 us
[0.216s][info][gc,stats    ]   CSR: Code Cache Roots              44 us, workers (us):  44,   0, ---, ---, ---, ---, ---, ---, 
[0.216s][info][gc,stats    ]   CSR: VM Strong Roots                6 us, workers (us):   5,   0, ---, ---, ---, ---, ---, ---, 
[0.216s][info][gc,stats    ]   CSR: CLDG Roots                    41 us, workers (us):  41, ---, ---, ---, ---, ---, ---, ---, 
[0.216s][info][gc,stats    ] Concurrent Evacuation               256 us
[0.216s][info][gc,stats    ] Pause Init Update Refs (G)          123 us
[0.216s][info][gc,stats    ] Pause Init Update Refs (N)           38 us
[0.216s][info][gc,stats    ]   Manage GCLABs                       2 us
[0.216s][info][gc,stats    ] Concurrent Update Refs              482 us
[0.216s][info][gc,stats    ] Concurrent Update Thread Roots       62 us
[0.216s][info][gc,stats    ] Pause Final Update Refs (G)         164 us
[0.216s][info][gc,stats    ] Pause Final Update Refs (N)          68 us
[0.216s][info][gc,stats    ]   Update Region States               15 us
[0.216s][info][gc,stats    ]   Trash Collection Set                3 us
[0.216s][info][gc,stats    ]   Rebuild Free Set                   20 us
[0.216s][info][gc,stats    ] Concurrent Cleanup                   74 us
[0.216s][info][gc,stats    ] 
[0.216s][info][gc,stats    ] Allocation pacing accrued:
[0.216s][info][gc,stats    ]       0 of     7 ms (  0.0%): <total>
[0.216s][info][gc,stats    ]       0 of     7 ms (  0.0%): <average total>
[0.216s][info][gc,stats    ] 
[0.216s][info][gc,metaspace] Metaspace: 208K(448K)->209K(448K) NonClass: 202K(320K)->203K(320K) Class: 5K(128K)->5K(128K)
[0.216s][info][gc,ergo     ] Pacer for Idle. Initial: 40642K, Alloc Tax Rate: 1.0x
[0.217s][info][gc          ] Trigger: Start next cycle immediately
[0.217s][info][gc,ergo     ] Free: 1883M, Max: 512K regular, 1882M humongous, Frag: 1% external, 0% internal; Reserve: 101888K, Max: 512K
[0.217s][info][gc,start    ] GC(11) Concurrent reset
[0.218s][info][gc,task     ] GC(11) Using 2 of 8 workers for concurrent reset
[0.218s][info][gc,ergo     ] GC(11) Pacer for Reset. Non-Taxable: 1984M
[0.218s][info][gc          ] GC(11) Concurrent reset 0.201ms
[0.218s][info][gc,start    ] GC(11) Pause Init Mark
[0.218s][info][gc,task     ] GC(11) Using 8 of 8 workers for init marking
[0.218s][info][gc,ergo     ] GC(11) Pacer for Mark. Expected Live: 527K, Free: 1883M, Non-Taxable: 188M, Alloc Tax Rate: 0.0x
[0.218s][info][gc          ] GC(11) Pause Init Mark 0.071ms
[0.218s][info][gc,start    ] GC(11) Concurrent marking roots
[0.218s][info][gc,task     ] GC(11) Using 2 of 8 workers for concurrent marking roots
[0.218s][info][gc          ] GC(11) Concurrent marking roots 0.160ms
[0.218s][info][gc,start    ] GC(11) Concurrent marking
[0.218s][info][gc,task     ] GC(11) Using 2 of 8 workers for concurrent marking
[0.220s][info][gc          ] GC(11) Concurrent marking 1.896ms
[0.220s][info][gc,start    ] GC(11) Pause Final Mark
[0.220s][info][gc,task     ] GC(11) Using 8 of 8 workers for final marking
[0.226s][info][gc,ergo     ] GC(11) Collectable Garbage: 1245K (100%), Immediate: 511K (41%), CSet: 733K (58%)
[0.226s][info][gc,ergo     ] GC(11) Pacer for Evacuation. Used CSet: 1281K, Free: 1883M, Non-Taxable: 188M, Alloc Tax Rate: 1.1x
[0.226s][info][gc          ] GC(11) Pause Final Mark 6.320ms
[0.226s][info][gc,start    ] GC(11) Concurrent thread roots
[0.226s][info][gc,task     ] GC(11) Using 2 of 8 workers for Concurrent thread roots
[0.226s][info][gc          ] GC(11) Concurrent thread roots 0.085ms
[0.226s][info][gc,start    ] GC(11) Concurrent weak references
[0.226s][info][gc,task     ] GC(11) Using 2 of 8 workers for concurrent weak references
[0.227s][info][gc,ref      ] GC(11) Encountered references: Soft: 28, Weak: 88, Final: 0, Phantom: 1
[0.227s][info][gc,ref      ] GC(11) Discovered  references: Soft: 0, Weak: 0, Final: 0, Phantom: 1
[0.227s][info][gc,ref      ] GC(11) Enqueued    references: Soft: 0, Weak: 0, Final: 0, Phantom: 0
[0.227s][info][gc          ] GC(11) Concurrent weak references 0.336ms
[0.227s][info][gc,start    ] GC(11) Concurrent weak roots
[0.227s][info][gc,task     ] GC(11) Using 2 of 8 workers for concurrent weak root
[0.227s][info][gc          ] GC(11) Concurrent weak roots 0.118ms
[0.227s][info][gc,start    ] GC(11) Concurrent cleanup
[0.227s][info][gc          ] GC(11) Concurrent cleanup 2M->1M(126M) 0.058ms
[0.227s][info][gc,ergo     ] GC(11) Free: 1883M, Max: 512K regular, 1882M humongous, Frag: 1% external, 0% internal; Reserve: 101809K, Max: 512K
[0.227s][info][gc,start    ] GC(11) Concurrent strong roots
[0.227s][info][gc,task     ] GC(11) Using 2 of 8 workers for concurrent strong root
[0.227s][info][gc          ] GC(11) Concurrent strong roots 0.094ms
[0.227s][info][gc,start    ] GC(11) Concurrent evacuation
[0.227s][info][gc,task     ] GC(11) Using 2 of 8 workers for concurrent evacuation
[0.229s][info][gc          ] GC(11) Concurrent evacuation 1.847ms
[0.229s][info][gc,start    ] GC(11) Pause Init Update Refs
[0.229s][info][gc,ergo     ] GC(11) Pacer for Update Refs. Used: 3074K, Free: 1882M, Non-Taxable: 188M, Alloc Tax Rate: 1.1x
[0.229s][info][gc          ] GC(11) Pause Init Update Refs 0.035ms
[0.229s][info][gc,start    ] GC(11) Concurrent update references
[0.229s][info][gc,task     ] GC(11) Using 2 of 8 workers for concurrent reference update
[0.230s][info][gc          ] GC(11) Concurrent update references 0.500ms
[0.230s][info][gc,start    ] GC(11) Concurrent update thread roots
[0.230s][info][gc          ] GC(11) Concurrent update thread roots 0.048ms
[0.230s][info][gc,start    ] GC(11) Pause Final Update Refs
[0.230s][info][gc,task     ] GC(11) Using 8 of 8 workers for final reference update
[0.230s][info][gc          ] GC(11) Pause Final Update Refs 0.066ms
[0.230s][info][gc,start    ] GC(11) Concurrent cleanup
[0.230s][info][gc          ] GC(11) Concurrent cleanup 3M->1M(126M) 0.067ms
[0.230s][info][gc,ergo     ] Free: 1883M, Max: 512K regular, 1883M humongous, Frag: 0% external, 0% internal; Reserve: 101888K, Max: 512K
[0.230s][info][gc,stats    ] 
[0.230s][info][gc,stats    ] All times are wall-clock times, except per-root-class counters, that are sum over
[0.230s][info][gc,stats    ] all workers. Dividing the <total> over the root stage time estimates parallelism.
[0.230s][info][gc,stats    ] 
[0.230s][info][gc,stats    ] Concurrent Reset                    210 us
[0.230s][info][gc,stats    ] Pause Init Mark (G)                 186 us
[0.230s][info][gc,stats    ] Pause Init Mark (N)                  80 us
[0.230s][info][gc,stats    ]   Update Region States               25 us
[0.230s][info][gc,stats    ] Concurrent Mark Roots               171 us, parallelism: 0.77x
[0.230s][info][gc,stats    ]   CMR: <total>                      131 us
[0.230s][info][gc,stats    ]   CMR: Thread Roots                  69 us, workers (us):  39,  29, ---, ---, ---, ---, ---, ---, 
[0.230s][info][gc,stats    ]   CMR: Code Cache Roots              31 us, workers (us):  31,   0, ---, ---, ---, ---, ---, ---, 
[0.230s][info][gc,stats    ]   CMR: VM Strong Roots                9 us, workers (us):   9,   0, ---, ---, ---, ---, ---, ---, 
[0.230s][info][gc,stats    ]   CMR: CLDG Roots                    22 us, workers (us):  22, ---, ---, ---, ---, ---, ---, ---, 
[0.230s][info][gc,stats    ] Concurrent Marking                 1934 us
[0.230s][info][gc,stats    ] Pause Final Mark (G)               6363 us
[0.230s][info][gc,stats    ] Pause Final Mark (N)               6327 us
[0.230s][info][gc,stats    ]   Finish Mark                      6208 us
[0.230s][info][gc,stats    ]   Update Region States               17 us
[0.230s][info][gc,stats    ]   Choose Collection Set              40 us
[0.230s][info][gc,stats    ]   Rebuild Free Set                   15 us
[0.230s][info][gc,stats    ] Concurrent Thread Roots              96 us, parallelism: 0.58x
[0.230s][info][gc,stats    ]   CTR: <total>                       55 us
[0.230s][info][gc,stats    ]   CTR: Thread Roots                  55 us, workers (us):  28,  27, ---, ---, ---, ---, ---, ---, 
[0.230s][info][gc,stats    ] Concurrent Weak References          343 us, parallelism: 0.01x
[0.230s][info][gc,stats    ]   CWRF: <total>                       3 us
[0.230s][info][gc,stats    ]   CWRF: Weak References               3 us, workers (us):   3,   0, ---, ---, ---, ---, ---, ---, 
[0.230s][info][gc,stats    ] Concurrent Weak Roots               127 us
[0.230s][info][gc,stats    ]   Roots                              59 us, parallelism: 1.49x
[0.230s][info][gc,stats    ]     CWR: <total>                     87 us
[0.230s][info][gc,stats    ]     CWR: VM Weak Roots               87 us, workers (us):  42,  45, ---, ---, ---, ---, ---, ---, 
[0.230s][info][gc,stats    ]   Rendezvous                         42 us
[0.230s][info][gc,stats    ] Concurrent Cleanup                   66 us
[0.230s][info][gc,stats    ] Concurrent Strong Roots             104 us, parallelism: 0.96x
[0.230s][info][gc,stats    ]   CSR: <total>                      100 us
[0.230s][info][gc,stats    ]   CSR: Code Cache Roots              54 us, workers (us):   0,  53, ---, ---, ---, ---, ---, ---, 
[0.230s][info][gc,stats    ]   CSR: VM Strong Roots                6 us, workers (us):   5,   0, ---, ---, ---, ---, ---, ---, 
[0.230s][info][gc,stats    ]   CSR: CLDG Roots                    40 us, workers (us):  40, ---, ---, ---, ---, ---, ---, ---, 
[0.230s][info][gc,stats    ] Concurrent Evacuation              1865 us
[0.230s][info][gc,stats    ] Pause Init Update Refs (G)          155 us
[0.230s][info][gc,stats    ] Pause Init Update Refs (N)           41 us
[0.230s][info][gc,stats    ]   Manage GCLABs                       2 us
[0.230s][info][gc,stats    ] Concurrent Update Refs              518 us
[0.230s][info][gc,stats    ] Concurrent Update Thread Roots       57 us
[0.230s][info][gc,stats    ] Pause Final Update Refs (G)         158 us
[0.230s][info][gc,stats    ] Pause Final Update Refs (N)          75 us
[0.230s][info][gc,stats    ]   Update Region States               16 us
[0.230s][info][gc,stats    ]   Trash Collection Set                2 us
[0.230s][info][gc,stats    ]   Rebuild Free Set                   19 us
[0.230s][info][gc,stats    ] Concurrent Cleanup                   76 us
[0.230s][info][gc,stats    ] 
[0.230s][info][gc,stats    ] Allocation pacing accrued:
[0.230s][info][gc,stats    ]       0 of    14 ms (  0.0%): <total>
[0.230s][info][gc,stats    ]       0 of    14 ms (  0.0%): <average total>
[0.230s][info][gc,stats    ] 
[0.230s][info][gc,metaspace] Metaspace: 210K(448K)->213K(448K) NonClass: 204K(320K)->207K(320K) Class: 5K(128K)->5K(128K)
[0.230s][info][gc,ergo     ] Pacer for Idle. Initial: 40642K, Alloc Tax Rate: 1.0x
[0.232s][info][gc          ] Trigger: Start next cycle immediately
[0.232s][info][gc,ergo     ] Free: 1883M, Max: 512K regular, 1883M humongous, Frag: 0% external, 0% internal; Reserve: 101888K, Max: 512K
[0.232s][info][gc,start    ] GC(12) Concurrent reset
[0.234s][info][gc,task     ] GC(12) Using 2 of 8 workers for concurrent reset
[0.234s][info][gc,ergo     ] GC(12) Pacer for Reset. Non-Taxable: 1984M
[0.234s][info][gc          ] GC(12) Concurrent reset 2.075ms
[0.234s][info][gc,start    ] GC(12) Pause Init Mark
[0.234s][info][gc,task     ] GC(12) Using 8 of 8 workers for init marking
[0.234s][info][gc,ergo     ] GC(12) Pacer for Mark. Expected Live: 536K, Free: 1883M, Non-Taxable: 188M, Alloc Tax Rate: 0.0x
[0.234s][info][gc          ] GC(12) Pause Init Mark 0.064ms
[0.234s][info][gc,start    ] GC(12) Concurrent marking roots
[0.234s][info][gc,task     ] GC(12) Using 2 of 8 workers for concurrent marking roots
[0.235s][info][gc          ] GC(12) Concurrent marking roots 0.861ms
[0.235s][info][gc,start    ] GC(12) Concurrent marking
[0.235s][info][gc,task     ] GC(12) Using 2 of 8 workers for concurrent marking
[0.236s][info][gc          ] GC(12) Concurrent marking 1.324ms
[0.237s][info][gc,start    ] GC(12) Pause Final Mark
[0.237s][info][gc,task     ] GC(12) Using 8 of 8 workers for final marking
[0.237s][info][gc,ergo     ] GC(12) Collectable Garbage: 1244K (100%), Immediate: 511K (41%), CSet: 733K (58%)
[0.237s][info][gc,ergo     ] GC(12) Pacer for Evacuation. Used CSet: 1281K, Free: 1883M, Non-Taxable: 188M, Alloc Tax Rate: 1.1x
[0.237s][info][gc          ] GC(12) Pause Final Mark 0.390ms
[0.237s][info][gc,start    ] GC(12) Concurrent thread roots
[0.237s][info][gc,task     ] GC(12) Using 2 of 8 workers for Concurrent thread roots
[0.244s][info][gc          ] GC(12) Concurrent thread roots 6.933ms
[0.244s][info][gc,start    ] GC(12) Concurrent weak references
[0.244s][info][gc,task     ] GC(12) Using 2 of 8 workers for concurrent weak references
[0.244s][info][gc,ref      ] GC(12) Encountered references: Soft: 28, Weak: 88, Final: 0, Phantom: 1
[0.244s][info][gc,ref      ] GC(12) Discovered  references: Soft: 0, Weak: 0, Final: 0, Phantom: 1
[0.244s][info][gc,ref      ] GC(12) Enqueued    references: Soft: 0, Weak: 0, Final: 0, Phantom: 0
[0.244s][info][gc          ] GC(12) Concurrent weak references 0.057ms
[0.244s][info][gc,start    ] GC(12) Concurrent weak roots
[0.244s][info][gc,task     ] GC(12) Using 2 of 8 workers for concurrent weak root
[0.245s][info][gc          ] GC(12) Concurrent weak roots 1.204ms
[0.245s][info][gc,start    ] GC(12) Concurrent cleanup
[0.245s][info][gc          ] GC(12) Concurrent cleanup 2M->2M(126M) 0.078ms
[0.245s][info][gc,ergo     ] GC(12) Free: 1882M, Max: 512K regular, 1882M humongous, Frag: 1% external, 0% internal; Reserve: 101748K, Max: 512K
[0.245s][info][gc,start    ] GC(12) Concurrent strong roots
[0.245s][info][gc,task     ] GC(12) Using 2 of 8 workers for concurrent strong root
[0.246s][info][gc          ] GC(12) Concurrent strong roots 0.146ms
[0.246s][info][gc,start    ] GC(12) Concurrent evacuation
[0.246s][info][gc,task     ] GC(12) Using 2 of 8 workers for concurrent evacuation
[0.246s][info][gc          ] GC(12) Concurrent evacuation 0.307ms
[0.248s][info][gc,start    ] GC(12) Pause Init Update Refs
[0.248s][info][gc,ergo     ] GC(12) Pacer for Update Refs. Used: 2945K, Free: 1882M, Non-Taxable: 188M, Alloc Tax Rate: 1.1x
[0.248s][info][gc          ] GC(12) Pause Init Update Refs 0.047ms
[0.248s][info][gc,start    ] GC(12) Concurrent update references
[0.248s][info][gc,task     ] GC(12) Using 2 of 8 workers for concurrent reference update
[0.249s][info][gc          ] GC(12) Concurrent update references 0.646ms
[0.249s][info][gc,start    ] GC(12) Concurrent update thread roots
[0.250s][info][gc          ] GC(12) Concurrent update thread roots 0.541ms
[0.250s][info][gc,start    ] GC(12) Pause Final Update Refs
[0.250s][info][gc,task     ] GC(12) Using 8 of 8 workers for final reference update
[0.250s][info][gc          ] GC(12) Pause Final Update Refs 0.104ms
[0.250s][info][gc,start    ] GC(12) Concurrent cleanup
[0.250s][info][gc          ] GC(12) Concurrent cleanup 2M->1M(126M) 0.078ms
[0.250s][info][gc,ergo     ] Free: 1883M, Max: 512K regular, 1882M humongous, Frag: 1% external, 0% internal; Reserve: 101888K, Max: 512K
[0.250s][info][gc,stats    ] 
[0.250s][info][gc,stats    ] All times are wall-clock times, except per-root-class counters, that are sum over
[0.250s][info][gc,stats    ] all workers. Dividing the <total> over the root stage time estimates parallelism.
[0.250s][info][gc,stats    ] 
[0.250s][info][gc,stats    ] Concurrent Reset                   2085 us
[0.250s][info][gc,stats    ] Pause Init Mark (G)                 187 us
[0.250s][info][gc,stats    ] Pause Init Mark (N)                  79 us
[0.251s][info][gc,stats    ]   Update Region States               17 us
[0.251s][info][gc,stats    ] Concurrent Mark Roots               883 us, parallelism: 0.15x
[0.251s][info][gc,stats    ]   CMR: <total>                      133 us
[0.251s][info][gc,stats    ]   CMR: Thread Roots                  72 us, workers (us):  45,  27, ---, ---, ---, ---, ---, ---, 
[0.251s][info][gc,stats    ]   CMR: Code Cache Roots              38 us, workers (us):   0,  38, ---, ---, ---, ---, ---, ---, 
[0.251s][info][gc,stats    ]   CMR: VM Strong Roots                3 us, workers (us):   2,   0, ---, ---, ---, ---, ---, ---, 
[0.251s][info][gc,stats    ]   CMR: CLDG Roots                    20 us, workers (us):  20, ---, ---, ---, ---, ---, ---, ---, 
[0.251s][info][gc,stats    ] Concurrent Marking                 1348 us
[0.251s][info][gc,stats    ] Pause Final Mark (G)                548 us
[0.251s][info][gc,stats    ] Pause Final Mark (N)                401 us
[0.251s][info][gc,stats    ]   Finish Mark                       291 us
[0.251s][info][gc,stats    ]   Update Region States               17 us
[0.251s][info][gc,stats    ]   Choose Collection Set              27 us
[0.251s][info][gc,stats    ]   Rebuild Free Set                   14 us
[0.251s][info][gc,stats    ] Concurrent Thread Roots            6961 us, parallelism: 0.01x
[0.251s][info][gc,stats    ]   CTR: <total>                       69 us
[0.251s][info][gc,stats    ]   CTR: Thread Roots                  69 us, workers (us):  32,  37, ---, ---, ---, ---, ---, ---, 
[0.251s][info][gc,stats    ] Concurrent Weak References           65 us, parallelism: 0.04x
[0.251s][info][gc,stats    ]   CWRF: <total>                       3 us
[0.251s][info][gc,stats    ]   CWRF: Weak References               3 us, workers (us):   3,   0, ---, ---, ---, ---, ---, ---, 
[0.251s][info][gc,stats    ] Concurrent Weak Roots              1230 us
[0.251s][info][gc,stats    ]   Roots                             145 us, parallelism: 0.53x
[0.251s][info][gc,stats    ]     CWR: <total>                     76 us
[0.251s][info][gc,stats    ]     CWR: VM Weak Roots               76 us, workers (us):  76,   0, ---, ---, ---, ---, ---, ---, 
[0.251s][info][gc,stats    ]   Rendezvous                       1042 us
[0.251s][info][gc,stats    ] Concurrent Cleanup                   87 us
[0.251s][info][gc,stats    ] Concurrent Strong Roots             158 us, parallelism: 0.72x
[0.251s][info][gc,stats    ]   CSR: <total>                      113 us
[0.251s][info][gc,stats    ]   CSR: Code Cache Roots              65 us, workers (us):  65,   0, ---, ---, ---, ---, ---, ---, 
[0.251s][info][gc,stats    ]   CSR: VM Strong Roots                7 us, workers (us):   6,   0, ---, ---, ---, ---, ---, ---, 
[0.251s][info][gc,stats    ]   CSR: CLDG Roots                    41 us, workers (us):  41, ---, ---, ---, ---, ---, ---, ---, 
[0.251s][info][gc,stats    ] Concurrent Evacuation               323 us
[0.251s][info][gc,stats    ] Pause Init Update Refs (G)         2551 us
[0.251s][info][gc,stats    ] Pause Init Update Refs (N)           62 us
[0.251s][info][gc,stats    ]   Manage GCLABs                       3 us
[0.251s][info][gc,stats    ] Concurrent Update Refs              791 us
[0.251s][info][gc,stats    ] Concurrent Update Thread Roots      564 us
[0.251s][info][gc,stats    ] Pause Final Update Refs (G)         553 us
[0.251s][info][gc,stats    ] Pause Final Update Refs (N)         116 us
[0.251s][info][gc,stats    ]   Update Region States               16 us
[0.251s][info][gc,stats    ]   Trash Collection Set                2 us
[0.251s][info][gc,stats    ]   Rebuild Free Set                   20 us
[0.251s][info][gc,stats    ] Concurrent Cleanup                   89 us
[0.251s][info][gc,stats    ] 
[0.251s][info][gc,stats    ] Allocation pacing accrued:
[0.251s][info][gc,stats    ]       0 of    20 ms (  0.0%): <total>
[0.251s][info][gc,stats    ]       0 of    20 ms (  0.0%): <average total>
[0.251s][info][gc,stats    ] 
[0.251s][info][gc,metaspace] Metaspace: 216K(448K)->227K(448K) NonClass: 210K(320K)->221K(320K) Class: 5K(128K)->5K(128K)
[0.251s][info][gc,ergo     ] Pacer for Idle. Initial: 40642K, Alloc Tax Rate: 1.0x
[0.252s][info][gc          ] Trigger: Start next cycle immediately
[0.252s][info][gc,ergo     ] Free: 1883M, Max: 512K regular, 1882M humongous, Frag: 1% external, 0% internal; Reserve: 101888K, Max: 512K
[0.252s][info][gc,start    ] GC(13) Concurrent reset
[0.252s][info][gc,task     ] GC(13) Using 2 of 8 workers for concurrent reset
[0.252s][info][gc,ergo     ] GC(13) Pacer for Reset. Non-Taxable: 1984M
[0.252s][info][gc          ] GC(13) Concurrent reset 0.120ms
[0.253s][info][gc,start    ] GC(13) Pause Init Mark
[0.254s][info][gc,task     ] GC(13) Using 8 of 8 workers for init marking
[0.254s][info][gc,ergo     ] GC(13) Pacer for Mark. Expected Live: 542K, Free: 1883M, Non-Taxable: 188M, Alloc Tax Rate: 0.0x
[0.254s][info][gc          ] GC(13) Pause Init Mark 0.160ms
[0.254s][info][gc,start    ] GC(13) Concurrent marking roots
[0.254s][info][gc,task     ] GC(13) Using 2 of 8 workers for concurrent marking roots
[0.254s][info][gc          ] GC(13) Concurrent marking roots 0.393ms
[0.254s][info][gc,start    ] GC(13) Concurrent marking
[0.254s][info][gc,task     ] GC(13) Using 2 of 8 workers for concurrent marking
[0.256s][info][gc          ] GC(13) Concurrent marking 2.000ms
[0.256s][info][gc,start    ] GC(13) Pause Final Mark
[0.256s][info][gc,task     ] GC(13) Using 8 of 8 workers for final marking
[0.257s][info][gc,ergo     ] GC(13) Collectable Garbage: 1017K (100%), Immediate: 0B (0%), CSet: 1017K (100%)
[0.257s][info][gc,ergo     ] GC(13) Pacer for Evacuation. Used CSet: 1664K, Free: 1882M, Non-Taxable: 188M, Alloc Tax Rate: 1.1x
[0.257s][info][gc          ] GC(13) Pause Final Mark 0.982ms
[0.257s][info][gc,start    ] GC(13) Concurrent thread roots
[0.257s][info][gc,task     ] GC(13) Using 2 of 8 workers for Concurrent thread roots
[0.257s][info][gc          ] GC(13) Concurrent thread roots 0.144ms
[0.257s][info][gc,start    ] GC(13) Concurrent weak references
[0.257s][info][gc,task     ] GC(13) Using 2 of 8 workers for concurrent weak references
[0.257s][info][gc,ref      ] GC(13) Encountered references: Soft: 28, Weak: 91, Final: 0, Phantom: 2
[0.257s][info][gc,ref      ] GC(13) Discovered  references: Soft: 0, Weak: 38, Final: 0, Phantom: 2
[0.257s][info][gc,ref      ] GC(13) Enqueued    references: Soft: 0, Weak: 2, Final: 0, Phantom: 1
[0.257s][info][gc          ] GC(13) Concurrent weak references 0.065ms
[0.257s][info][gc,start    ] GC(13) Concurrent weak roots
[0.257s][info][gc,task     ] GC(13) Using 2 of 8 workers for concurrent weak root
[0.264s][info][gc          ] GC(13) Concurrent weak roots 6.511ms
[0.264s][info][gc,start    ] GC(13) Concurrent cleanup
[0.264s][info][gc          ] GC(13) Concurrent cleanup 3M->3M(126M) 0.077ms
[0.264s][info][gc,ergo     ] GC(13) Free: 1881M, Max: 512K regular, 1881M humongous, Frag: 0% external, 0% internal; Reserve: 101742K, Max: 512K
[0.264s][info][gc,start    ] GC(13) Concurrent strong roots
[0.264s][info][gc,task     ] GC(13) Using 2 of 8 workers for concurrent strong root
[0.264s][info][gc          ] GC(13) Concurrent strong roots 0.180ms
[0.264s][info][gc,start    ] GC(13) Concurrent evacuation
[0.264s][info][gc,task     ] GC(13) Using 2 of 8 workers for concurrent evacuation
[0.265s][info][gc          ] GC(13) Concurrent evacuation 0.448ms
[0.265s][info][gc,start    ] GC(13) Pause Init Update Refs
[0.265s][info][gc,ergo     ] GC(13) Pacer for Update Refs. Used: 4162K, Free: 1881M, Non-Taxable: 188M, Alloc Tax Rate: 1.1x
[0.265s][info][gc          ] GC(13) Pause Init Update Refs 0.039ms
[0.265s][info][gc,start    ] GC(13) Concurrent update references
[0.265s][info][gc,task     ] GC(13) Using 2 of 8 workers for concurrent reference update
[0.265s][info][gc          ] GC(13) Concurrent update references 0.678ms
[0.266s][info][gc,start    ] GC(13) Concurrent update thread roots
[0.275s][info][gc          ] GC(13) Concurrent update thread roots 9.671ms
[0.275s][info][gc,start    ] GC(13) Pause Final Update Refs
[0.275s][info][gc,task     ] GC(13) Using 8 of 8 workers for final reference update
[0.276s][info][gc          ] GC(13) Pause Final Update Refs 0.080ms
[0.276s][info][gc,start    ] GC(13) Concurrent cleanup
[0.276s][info][gc          ] GC(13) Concurrent cleanup 4M->2M(126M) 0.075ms
[0.276s][info][gc,ergo     ] Free: 1882M, Max: 512K regular, 1881M humongous, Frag: 1% external, 0% internal; Reserve: 101888K, Max: 512K
[0.276s][info][gc,stats    ] 
[0.276s][info][gc,stats    ] All times are wall-clock times, except per-root-class counters, that are sum over
[0.276s][info][gc,stats    ] all workers. Dividing the <total> over the root stage time estimates parallelism.
[0.276s][info][gc,stats    ] 
[0.276s][info][gc,stats    ] Concurrent Reset                    129 us
[0.276s][info][gc,stats    ] Pause Init Mark (G)                1413 us
[0.276s][info][gc,stats    ] Pause Init Mark (N)                 166 us
[0.276s][info][gc,stats    ]   Update Region States               21 us
[0.276s][info][gc,stats    ] Concurrent Mark Roots               412 us, parallelism: 0.88x
[0.276s][info][gc,stats    ]   CMR: <total>                      362 us
[0.276s][info][gc,stats    ]   CMR: Thread Roots                 285 us, workers (us):  17, 268, ---, ---, ---, ---, ---, ---, 
[0.276s][info][gc,stats    ]   CMR: Code Cache Roots              45 us, workers (us):  44,   0, ---, ---, ---, ---, ---, ---, 
[0.276s][info][gc,stats    ]   CMR: VM Strong Roots                3 us, workers (us):   3,   0, ---, ---, ---, ---, ---, ---, 
[0.276s][info][gc,stats    ]   CMR: CLDG Roots                    29 us, workers (us):  29, ---, ---, ---, ---, ---, ---, ---, 
[0.276s][info][gc,stats    ] Concurrent Marking                 2019 us
[0.276s][info][gc,stats    ] Pause Final Mark (G)               1095 us
[0.276s][info][gc,stats    ] Pause Final Mark (N)                998 us
[0.276s][info][gc,stats    ]   Finish Mark                       874 us
[0.276s][info][gc,stats    ]   Update Region States               15 us
[0.276s][info][gc,stats    ]   Choose Collection Set              35 us
[0.276s][info][gc,stats    ]   Rebuild Free Set                   15 us
[0.276s][info][gc,stats    ] Concurrent Thread Roots             160 us, parallelism: 0.50x
[0.276s][info][gc,stats    ]   CTR: <total>                       80 us
[0.276s][info][gc,stats    ]   CTR: Thread Roots                  80 us, workers (us):  80,   0, ---, ---, ---, ---, ---, ---, 
[0.276s][info][gc,stats    ] Concurrent Weak References           73 us, parallelism: 0.10x
[0.276s][info][gc,stats    ]   CWRF: <total>                       7 us
[0.276s][info][gc,stats    ]   CWRF: Weak References               7 us, workers (us):   6,   0, ---, ---, ---, ---, ---, ---, 
[0.276s][info][gc,stats    ] Concurrent Weak Roots              6541 us
[0.276s][info][gc,stats    ]   Roots                              91 us, parallelism: 1.05x
[0.276s][info][gc,stats    ]     CWR: <total>                     95 us
[0.276s][info][gc,stats    ]     CWR: VM Weak Roots               95 us, workers (us):  56,  39, ---, ---, ---, ---, ---, ---, 
[0.276s][info][gc,stats    ]   Rendezvous                       6401 us
[0.276s][info][gc,stats    ] Concurrent Cleanup                   86 us
[0.276s][info][gc,stats    ] Concurrent Strong Roots             195 us, parallelism: 0.69x
[0.276s][info][gc,stats    ]   CSR: <total>                      135 us
[0.276s][info][gc,stats    ]   CSR: Code Cache Roots              84 us, workers (us):  83,   0, ---, ---, ---, ---, ---, ---, 
[0.276s][info][gc,stats    ]   CSR: VM Strong Roots                6 us, workers (us):   6,   0, ---, ---, ---, ---, ---, ---, 
[0.276s][info][gc,stats    ]   CSR: CLDG Roots                    46 us, workers (us):  46, ---, ---, ---, ---, ---, ---, ---, 
[0.276s][info][gc,stats    ] Concurrent Evacuation               464 us
[0.276s][info][gc,stats    ] Pause Init Update Refs (G)          147 us
[0.276s][info][gc,stats    ] Pause Init Update Refs (N)           49 us
[0.276s][info][gc,stats    ]   Manage GCLABs                       2 us
[0.276s][info][gc,stats    ] Concurrent Update Refs              701 us
[0.276s][info][gc,stats    ] Concurrent Update Thread Roots     9698 us
[0.276s][info][gc,stats    ] Pause Final Update Refs (G)         314 us
[0.276s][info][gc,stats    ] Pause Final Update Refs (N)          90 us
[0.276s][info][gc,stats    ]   Update Region States               22 us
[0.276s][info][gc,stats    ]   Trash Collection Set                2 us
[0.276s][info][gc,stats    ]   Rebuild Free Set                   19 us
[0.276s][info][gc,stats    ] Concurrent Cleanup                   85 us
[0.276s][info][gc,stats    ] 
[0.276s][info][gc,stats    ] Allocation pacing accrued:
[0.276s][info][gc,stats    ]       0 of    25 ms (  0.0%): <total>
[0.276s][info][gc,stats    ]       0 of    25 ms (  0.0%): <average total>
[0.276s][info][gc,stats    ] 
[0.276s][info][gc,metaspace] Metaspace: 231K(448K)->275K(512K) NonClass: 225K(320K)->265K(384K) Class: 6K(128K)->9K(128K)
[0.276s][info][gc,ergo     ] Pacer for Idle. Initial: 40642K, Alloc Tax Rate: 1.0x
[0.277s][info][gc          ] Trigger: Start next cycle immediately
[0.277s][info][gc,ergo     ] Free: 1882M, Max: 512K regular, 1881M humongous, Frag: 1% external, 0% internal; Reserve: 101888K, Max: 512K
[0.277s][info][gc,start    ] GC(14) Concurrent reset
[0.277s][info][gc,task     ] GC(14) Using 2 of 8 workers for concurrent reset
[0.277s][info][gc,ergo     ] GC(14) Pacer for Reset. Non-Taxable: 1984M
[0.277s][info][gc          ] GC(14) Concurrent reset 0.180ms
[0.278s][info][gc,start    ] GC(14) Pause Init Mark (unload classes)
[0.278s][info][gc,task     ] GC(14) Using 8 of 8 workers for init marking
[0.278s][info][gc,ergo     ] GC(14) Pacer for Mark. Expected Live: 567K, Free: 1882M, Non-Taxable: 188M, Alloc Tax Rate: 0.0x
[0.278s][info][gc          ] GC(14) Pause Init Mark (unload classes) 0.075ms
[0.278s][info][gc,start    ] GC(14) Concurrent marking roots
[0.278s][info][gc,task     ] GC(14) Using 2 of 8 workers for concurrent marking roots
[0.278s][info][gc          ] GC(14) Concurrent marking roots 0.215ms
[0.278s][info][gc,start    ] GC(14) Concurrent marking (unload classes)
[0.278s][info][gc,task     ] GC(14) Using 2 of 8 workers for concurrent marking
[0.285s][info][gc          ] GC(14) Concurrent marking (unload classes) 6.642ms
[0.285s][info][gc,start    ] GC(14) Pause Final Mark (unload classes)
[0.285s][info][gc,task     ] GC(14) Using 8 of 8 workers for final marking
[0.290s][info][gc,ergo     ] GC(14) Collectable Garbage: 1834K (100%), Immediate: 0B (0%), CSet: 1834K (100%)
[0.290s][info][gc,ergo     ] GC(14) Pacer for Evacuation. Used CSet: 2498K, Free: 1882M, Non-Taxable: 188M, Alloc Tax Rate: 1.1x
[0.290s][info][gc          ] GC(14) Pause Final Mark (unload classes) 5.780ms
[0.290s][info][gc,start    ] GC(14) Concurrent thread roots
[0.290s][info][gc,task     ] GC(14) Using 2 of 8 workers for Concurrent thread roots
[0.291s][info][gc          ] GC(14) Concurrent thread roots 0.083ms
[0.291s][info][gc,start    ] GC(14) Concurrent weak references
[0.291s][info][gc,task     ] GC(14) Using 2 of 8 workers for concurrent weak references
[0.291s][info][gc,ref      ] GC(14) Encountered references: Soft: 28, Weak: 100, Final: 0, Phantom: 3
[0.291s][info][gc,ref      ] GC(14) Discovered  references: Soft: 0, Weak: 31, Final: 0, Phantom: 3
[0.291s][info][gc,ref      ] GC(14) Enqueued    references: Soft: 0, Weak: 3, Final: 0, Phantom: 2
[0.291s][info][gc          ] GC(14) Concurrent weak references 0.060ms
[0.291s][info][gc,start    ] GC(14) Concurrent weak roots
[0.291s][info][gc,task     ] GC(14) Using 2 of 8 workers for concurrent weak root
[0.291s][info][gc          ] GC(14) Concurrent weak roots 0.275ms
[0.291s][info][gc,start    ] GC(14) Concurrent cleanup
[0.291s][info][gc          ] GC(14) Concurrent cleanup 4M->4M(126M) 0.094ms
[0.291s][info][gc,ergo     ] GC(14) Free: 1881M, Max: 512K regular, 1881M humongous, Frag: 0% external, 0% internal; Reserve: 101807K, Max: 512K
[0.291s][info][gc,start    ] GC(14) Concurrent class unloading
[0.291s][info][gc,task     ] GC(14) Using 2 of 8 workers for concurrent class unloading
[0.291s][info][gc          ] GC(14) Concurrent class unloading 0.408ms
[0.291s][info][gc,start    ] GC(14) Concurrent strong roots
[0.291s][info][gc,task     ] GC(14) Using 2 of 8 workers for concurrent strong root
[0.292s][info][gc          ] GC(14) Concurrent strong roots 0.096ms
[0.292s][info][gc,start    ] GC(14) Concurrent evacuation
[0.292s][info][gc,task     ] GC(14) Using 2 of 8 workers for concurrent evacuation
[0.292s][info][gc          ] GC(14) Concurrent evacuation 0.308ms
[0.292s][info][gc,start    ] GC(14) Pause Init Update Refs
[0.292s][info][gc,ergo     ] GC(14) Pacer for Update Refs. Used: 4931K, Free: 1881M, Non-Taxable: 188M, Alloc Tax Rate: 1.1x
[0.292s][info][gc          ] GC(14) Pause Init Update Refs 0.039ms
[0.292s][info][gc,start    ] GC(14) Concurrent update references
[0.292s][info][gc,task     ] GC(14) Using 2 of 8 workers for concurrent reference update
[0.293s][info][gc          ] GC(14) Concurrent update references 0.705ms
[0.293s][info][gc,start    ] GC(14) Concurrent update thread roots
[0.293s][info][gc          ] GC(14) Concurrent update thread roots 0.369ms
[0.293s][info][gc,start    ] GC(14) Pause Final Update Refs
[0.293s][info][gc,task     ] GC(14) Using 8 of 8 workers for final reference update
[0.293s][info][gc          ] GC(14) Pause Final Update Refs 0.209ms
[0.293s][info][gc,start    ] GC(14) Concurrent cleanup
[0.294s][info][gc          ] GC(14) Concurrent cleanup 4M->2M(126M) 0.095ms
[0.294s][info][gc,ergo     ] Free: 1882M, Max: 512K regular, 1881M humongous, Frag: 1% external, 0% internal; Reserve: 101888K, Max: 512K
[0.294s][info][gc,stats    ] 
[0.294s][info][gc,stats    ] All times are wall-clock times, except per-root-class counters, that are sum over
[0.294s][info][gc,stats    ] all workers. Dividing the <total> over the root stage time estimates parallelism.
[0.294s][info][gc,stats    ] 
[0.294s][info][gc,stats    ] Concurrent Reset                    237 us
[0.294s][info][gc,stats    ] Pause Init Mark (G)                 185 us
[0.294s][info][gc,stats    ] Pause Init Mark (N)                  84 us
[0.294s][info][gc,stats    ]   Update Region States               21 us
[0.294s][info][gc,stats    ] Concurrent Mark Roots               227 us, parallelism: 0.76x
[0.294s][info][gc,stats    ]   CMR: <total>                      172 us
[0.294s][info][gc,stats    ]   CMR: Thread Roots                 148 us, workers (us): 148,   0, ---, ---, ---, ---, ---, ---, 
[0.294s][info][gc,stats    ]   CMR: VM Strong Roots                4 us, workers (us):   4,   0, ---, ---, ---, ---, ---, ---, 
[0.294s][info][gc,stats    ]   CMR: CLDG Roots                    21 us, workers (us):  21, ---, ---, ---, ---, ---, ---, ---, 
[0.294s][info][gc,stats    ] Concurrent Marking                 6668 us
[0.294s][info][gc,stats    ] Pause Final Mark (G)               5894 us
[0.294s][info][gc,stats    ] Pause Final Mark (N)               5801 us
[0.294s][info][gc,stats    ]   Finish Mark                      5614 us
[0.294s][info][gc,stats    ]   Update Region States               27 us
[0.294s][info][gc,stats    ]   Choose Collection Set              48 us
[0.294s][info][gc,stats    ]   Rebuild Free Set                   21 us
[0.294s][info][gc,stats    ] Concurrent Thread Roots              92 us, parallelism: 0.57x
[0.294s][info][gc,stats    ]   CTR: <total>                       53 us
[0.294s][info][gc,stats    ]   CTR: Thread Roots                  53 us, workers (us):  23,  30, ---, ---, ---, ---, ---, ---, 
[0.294s][info][gc,stats    ] Concurrent Weak References           66 us, parallelism: 0.14x
[0.294s][info][gc,stats    ]   CWRF: <total>                       9 us
[0.294s][info][gc,stats    ]   CWRF: Weak References               9 us, workers (us):   8,   1, ---, ---, ---, ---, ---, ---, 
[0.294s][info][gc,stats    ] Concurrent Weak Roots               286 us
[0.294s][info][gc,stats    ]   Roots                             157 us, parallelism: 1.42x
[0.294s][info][gc,stats    ]     CWR: <total>                    223 us
[0.294s][info][gc,stats    ]     CWR: Code Cache Roots           131 us, workers (us):  36,  95, ---, ---, ---, ---, ---, ---, 
[0.294s][info][gc,stats    ]     CWR: VM Weak Roots               91 us, workers (us):  48,  43, ---, ---, ---, ---, ---, ---, 
[0.294s][info][gc,stats    ]     CWR: CLDG Roots                   1 us, workers (us): ---,   1, ---, ---, ---, ---, ---, ---, 
[0.294s][info][gc,stats    ]   Rendezvous                        101 us
[0.294s][info][gc,stats    ] Concurrent Cleanup                  102 us
[0.294s][info][gc,stats    ] Concurrent Class Unloading          420 us
[0.294s][info][gc,stats    ]   Unlink Stale                      194 us
[0.294s][info][gc,stats    ]     System Dictionary                22 us
[0.294s][info][gc,stats    ]     Weak Class Links                  0 us
[0.294s][info][gc,stats    ]     Code Roots                      171 us
[0.294s][info][gc,stats    ]   Rendezvous                        105 us
[0.294s][info][gc,stats    ]   Purge Unlinked                     90 us
[0.294s][info][gc,stats    ]     Code Roots                       88 us
[0.294s][info][gc,stats    ]     CLDG                              2 us
[0.294s][info][gc,stats    ]     Exception Caches                  0 us
[0.294s][info][gc,stats    ] Concurrent Strong Roots             105 us, parallelism: 0.63x
[0.294s][info][gc,stats    ]   CSR: <total>                       66 us
[0.294s][info][gc,stats    ]   CSR: VM Strong Roots                8 us, workers (us):   7,   0, ---, ---, ---, ---, ---, ---, 
[0.294s][info][gc,stats    ]   CSR: CLDG Roots                    59 us, workers (us):  59, ---, ---, ---, ---, ---, ---, ---, 
[0.294s][info][gc,stats    ] Concurrent Evacuation               321 us
[0.294s][info][gc,stats    ] Pause Init Update Refs (G)          144 us
[0.294s][info][gc,stats    ] Pause Init Update Refs (N)           47 us
[0.294s][info][gc,stats    ]   Manage GCLABs                       3 us
[0.294s][info][gc,stats    ] Concurrent Update Refs              721 us
[0.294s][info][gc,stats    ] Concurrent Update Thread Roots      383 us
[0.294s][info][gc,stats    ] Pause Final Update Refs (G)         352 us
[0.294s][info][gc,stats    ] Pause Final Update Refs (N)         219 us
[0.294s][info][gc,stats    ]   Update Region States               17 us
[0.294s][info][gc,stats    ]   Trash Collection Set                2 us
[0.294s][info][gc,stats    ]   Rebuild Free Set                   16 us
[0.294s][info][gc,stats    ] Concurrent Cleanup                  106 us
[0.294s][info][gc,stats    ] 
[0.294s][info][gc,stats    ] Allocation pacing accrued:
[0.294s][info][gc,stats    ]       0 of    18 ms (  0.0%): <total>
[0.294s][info][gc,stats    ]       0 of    18 ms (  0.0%): <average total>
[0.294s][info][gc,stats    ] 
[0.294s][info][gc,metaspace] Metaspace: 309K(512K)->318K(512K) NonClass: 297K(384K)->305K(384K) Class: 11K(128K)->13K(128K)
[0.294s][info][gc,ergo     ] Pacer for Idle. Initial: 40642K, Alloc Tax Rate: 1.0x
[0.295s][info][gc          ] Trigger: Start next cycle immediately
[0.295s][info][gc,ergo     ] Free: 1882M, Max: 512K regular, 1881M humongous, Frag: 1% external, 0% internal; Reserve: 101888K, Max: 512K
[0.295s][info][gc,start    ] GC(15) Concurrent reset
[0.295s][info][gc,task     ] GC(15) Using 2 of 8 workers for concurrent reset
[0.295s][info][gc,ergo     ] GC(15) Pacer for Reset. Non-Taxable: 1984M
[0.296s][info][gc          ] GC(15) Concurrent reset 0.188ms
[0.299s][info][gc,start    ] GC(15) Pause Init Mark (unload classes)
[0.299s][info][gc,task     ] GC(15) Using 8 of 8 workers for init marking
[0.299s][info][gc,ergo     ] GC(15) Pacer for Mark. Expected Live: 590K, Free: 1882M, Non-Taxable: 188M, Alloc Tax Rate: 0.0x
[0.299s][info][gc          ] GC(15) Pause Init Mark (unload classes) 0.078ms
[0.299s][info][gc,start    ] GC(15) Concurrent marking roots
[0.299s][info][gc,task     ] GC(15) Using 2 of 8 workers for concurrent marking roots
[0.299s][info][gc          ] GC(15) Concurrent marking roots 0.248ms
[0.299s][info][gc,start    ] GC(15) Concurrent marking (unload classes)
[0.299s][info][gc,task     ] GC(15) Using 2 of 8 workers for concurrent marking
[0.300s][info][gc          ] GC(15) Concurrent marking (unload classes) 0.597ms
[0.300s][info][gc,start    ] GC(15) Pause Final Mark (unload classes)
[0.300s][info][gc,task     ] GC(15) Using 8 of 8 workers for final marking
[0.300s][info][gc,ergo     ] GC(15) Collectable Garbage: 1752K (100%), Immediate: 0B (0%), CSet: 1752K (100%)
[0.300s][info][gc,ergo     ] GC(15) Pacer for Evacuation. Used CSet: 2433K, Free: 1882M, Non-Taxable: 188M, Alloc Tax Rate: 1.1x
[0.300s][info][gc          ] GC(15) Pause Final Mark (unload classes) 0.209ms
[0.300s][info][gc,start    ] GC(15) Concurrent thread roots
[0.300s][info][gc,task     ] GC(15) Using 2 of 8 workers for Concurrent thread roots
[0.300s][info][gc          ] GC(15) Concurrent thread roots 0.080ms
[0.300s][info][gc,start    ] GC(15) Concurrent weak references
[0.300s][info][gc,task     ] GC(15) Using 2 of 8 workers for concurrent weak references
[0.300s][info][gc,ref      ] GC(15) Encountered references: Soft: 29, Weak: 97, Final: 0, Phantom: 1
[0.300s][info][gc,ref      ] GC(15) Discovered  references: Soft: 0, Weak: 34, Final: 0, Phantom: 1
[0.300s][info][gc,ref      ] GC(15) Enqueued    references: Soft: 0, Weak: 0, Final: 0, Phantom: 0
[0.300s][info][gc          ] GC(15) Concurrent weak references 0.068ms
[0.300s][info][gc,start    ] GC(15) Concurrent weak roots
[0.300s][info][gc,task     ] GC(15) Using 2 of 8 workers for concurrent weak root
[0.301s][info][gc          ] GC(15) Concurrent weak roots 0.782ms
[0.301s][info][gc,start    ] GC(15) Concurrent cleanup
[0.301s][info][gc          ] GC(15) Concurrent cleanup 3M->3M(126M) 0.076ms
[0.301s][info][gc,ergo     ] GC(15) Free: 1881M, Max: 512K regular, 1881M humongous, Frag: 1% external, 0% internal; Reserve: 101772K, Max: 512K
[0.301s][info][gc,start    ] GC(15) Concurrent class unloading
[0.301s][info][gc,task     ] GC(15) Using 2 of 8 workers for concurrent class unloading
[0.302s][info][gc          ] GC(15) Concurrent class unloading 1.094ms
[0.302s][info][gc,start    ] GC(15) Concurrent strong roots
[0.302s][info][gc,task     ] GC(15) Using 2 of 8 workers for concurrent strong root
[0.302s][info][gc          ] GC(15) Concurrent strong roots 0.116ms
[0.302s][info][gc,start    ] GC(15) Concurrent evacuation
[0.302s][info][gc,task     ] GC(15) Using 2 of 8 workers for concurrent evacuation
[0.303s][info][gc          ] GC(15) Concurrent evacuation 0.389ms
[0.305s][info][gc,start    ] GC(15) Pause Init Update Refs
[0.305s][info][gc,ergo     ] GC(15) Pacer for Update Refs. Used: 4480K, Free: 1881M, Non-Taxable: 188M, Alloc Tax Rate: 1.1x
[0.305s][info][gc          ] GC(15) Pause Init Update Refs 0.041ms
[0.305s][info][gc,start    ] GC(15) Concurrent update references
[0.305s][info][gc,task     ] GC(15) Using 2 of 8 workers for concurrent reference update
[0.309s][info][gc          ] GC(15) Concurrent update references 4.153ms
[0.309s][info][gc,start    ] GC(15) Concurrent update thread roots
[0.310s][info][gc          ] GC(15) Concurrent update thread roots 0.384ms
[0.310s][info][gc,start    ] GC(15) Pause Final Update Refs
[0.310s][info][gc,task     ] GC(15) Using 8 of 8 workers for final reference update
[0.310s][info][gc          ] GC(15) Pause Final Update Refs 0.066ms
[0.310s][info][gc,start    ] GC(15) Concurrent cleanup
[0.310s][info][gc          ] GC(15) Concurrent cleanup 4M->1M(126M) 0.068ms
[0.310s][info][gc,ergo     ] Free: 1882M, Max: 512K regular, 1882M humongous, Frag: 0% external, 0% internal; Reserve: 101888K, Max: 512K
[0.310s][info][gc,stats    ] 
[0.310s][info][gc,stats    ] All times are wall-clock times, except per-root-class counters, that are sum over
[0.310s][info][gc,stats    ] all workers. Dividing the <total> over the root stage time estimates parallelism.
[0.310s][info][gc,stats    ] 
[0.310s][info][gc,stats    ] Concurrent Reset                    200 us
[0.310s][info][gc,stats    ] Pause Init Mark (G)                3070 us
[0.310s][info][gc,stats    ] Pause Init Mark (N)                  87 us
[0.310s][info][gc,stats    ]   Update Region States               22 us
[0.310s][info][gc,stats    ] Concurrent Mark Roots               259 us, parallelism: 0.85x
[0.310s][info][gc,stats    ]   CMR: <total>                      220 us
[0.310s][info][gc,stats    ]   CMR: Thread Roots                 175 us, workers (us):  19, 156, ---, ---, ---, ---, ---, ---, 
[0.310s][info][gc,stats    ]   CMR: VM Strong Roots                5 us, workers (us):   5,   0, ---, ---, ---, ---, ---, ---, 
[0.310s][info][gc,stats    ]   CMR: CLDG Roots                    39 us, workers (us):  39, ---, ---, ---, ---, ---, ---, ---, 
[0.310s][info][gc,stats    ] Concurrent Marking                  613 us
[0.310s][info][gc,stats    ] Pause Final Mark (G)                474 us
[0.310s][info][gc,stats    ] Pause Final Mark (N)                217 us
[0.310s][info][gc,stats    ]   Finish Mark                       107 us
[0.310s][info][gc,stats    ]   Update Region States               16 us
[0.310s][info][gc,stats    ]   Choose Collection Set              29 us
[0.310s][info][gc,stats    ]   Rebuild Free Set                   14 us
[0.310s][info][gc,stats    ] Concurrent Thread Roots              91 us, parallelism: 0.82x
[0.310s][info][gc,stats    ]   CTR: <total>                       74 us
[0.310s][info][gc,stats    ]   CTR: Thread Roots                  74 us, workers (us):  45,  29, ---, ---, ---, ---, ---, ---, 
[0.310s][info][gc,stats    ] Concurrent Weak References           73 us, parallelism: 0.09x
[0.310s][info][gc,stats    ]   CWRF: <total>                       7 us
[0.310s][info][gc,stats    ]   CWRF: Weak References               7 us, workers (us):   6,   1, ---, ---, ---, ---, ---, ---, 
[0.310s][info][gc,stats    ] Concurrent Weak Roots               802 us
[0.310s][info][gc,stats    ]   Roots                             107 us, parallelism: 1.37x
[0.310s][info][gc,stats    ]     CWR: <total>                    146 us
[0.310s][info][gc,stats    ]     CWR: Code Cache Roots            44 us, workers (us):  43,   0, ---, ---, ---, ---, ---, ---, 
[0.310s][info][gc,stats    ]     CWR: VM Weak Roots              102 us, workers (us):  51,  51, ---, ---, ---, ---, ---, ---, 
[0.310s][info][gc,stats    ]     CWR: CLDG Roots                   0 us, workers (us):   0, ---, ---, ---, ---, ---, ---, ---, 
[0.310s][info][gc,stats    ]   Rendezvous                        657 us
[0.310s][info][gc,stats    ] Concurrent Cleanup                   88 us
[0.310s][info][gc,stats    ] Concurrent Class Unloading         1114 us
[0.310s][info][gc,stats    ]   Unlink Stale                      791 us
[0.310s][info][gc,stats    ]     System Dictionary                30 us
[0.310s][info][gc,stats    ]     Weak Class Links                  0 us
[0.310s][info][gc,stats    ]     Code Roots                      760 us
[0.310s][info][gc,stats    ]   Rendezvous                        277 us
[0.310s][info][gc,stats    ]   Purge Unlinked                      4 us
[0.310s][info][gc,stats    ]     Code Roots                        1 us
[0.310s][info][gc,stats    ]     CLDG                              3 us
[0.310s][info][gc,stats    ]     Exception Caches                  0 us
[0.310s][info][gc,stats    ] Concurrent Strong Roots             125 us, parallelism: 0.43x
[0.310s][info][gc,stats    ]   CSR: <total>                       53 us
[0.310s][info][gc,stats    ]   CSR: VM Strong Roots                5 us, workers (us):   5,   0, ---, ---, ---, ---, ---, ---, 
[0.310s][info][gc,stats    ]   CSR: CLDG Roots                    48 us, workers (us):  48, ---, ---, ---, ---, ---, ---, ---, 
[0.310s][info][gc,stats    ] Concurrent Evacuation               405 us
[0.310s][info][gc,stats    ] Pause Init Update Refs (G)         2164 us
[0.310s][info][gc,stats    ] Pause Init Update Refs (N)           50 us
[0.310s][info][gc,stats    ]   Manage GCLABs                       3 us
[0.310s][info][gc,stats    ] Concurrent Update Refs             4187 us
[0.310s][info][gc,stats    ] Concurrent Update Thread Roots      443 us
[0.310s][info][gc,stats    ] Pause Final Update Refs (G)         219 us
[0.310s][info][gc,stats    ] Pause Final Update Refs (N)          76 us
[0.310s][info][gc,stats    ]   Update Region States               16 us
[0.310s][info][gc,stats    ]   Trash Collection Set                2 us
[0.310s][info][gc,stats    ]   Rebuild Free Set                   18 us
[0.310s][info][gc,stats    ] Concurrent Cleanup                   78 us
[0.310s][info][gc,stats    ] 
[0.310s][info][gc,stats    ] Allocation pacing accrued:
[0.310s][info][gc,stats    ]       0 of    16 ms (  0.0%): <total>
[0.310s][info][gc,stats    ]       0 of    16 ms (  0.0%): <average total>
[0.310s][info][gc,stats    ] 
[0.310s][info][gc,metaspace] Metaspace: 325K(512K)->359K(576K) NonClass: 312K(384K)->342K(448K) Class: 13K(128K)->16K(128K)
[0.310s][info][gc,ergo     ] Pacer for Idle. Initial: 40642K, Alloc Tax Rate: 1.0x
[0.312s][info][gc          ] Trigger: Start next cycle immediately
[0.312s][info][gc,ergo     ] Free: 1882M, Max: 512K regular, 1882M humongous, Frag: 0% external, 0% internal; Reserve: 101888K, Max: 512K
[0.312s][info][gc,start    ] GC(16) Concurrent reset
[0.312s][info][gc,task     ] GC(16) Using 2 of 8 workers for concurrent reset
[0.312s][info][gc,ergo     ] GC(16) Pacer for Reset. Non-Taxable: 1984M
[0.312s][info][gc          ] GC(16) Concurrent reset 0.167ms
[0.312s][info][gc,start    ] GC(16) Pause Init Mark (unload classes)
[0.312s][info][gc,task     ] GC(16) Using 8 of 8 workers for init marking
[0.312s][info][gc,ergo     ] GC(16) Pacer for Mark. Expected Live: 617K, Free: 1882M, Non-Taxable: 188M, Alloc Tax Rate: 0.0x
[0.312s][info][gc          ] GC(16) Pause Init Mark (unload classes) 0.068ms
[0.312s][info][gc,start    ] GC(16) Concurrent marking roots
[0.312s][info][gc,task     ] GC(16) Using 2 of 8 workers for concurrent marking roots
[0.313s][info][gc          ] GC(16) Concurrent marking roots 0.282ms
[0.313s][info][gc,start    ] GC(16) Concurrent marking (unload classes)
[0.313s][info][gc,task     ] GC(16) Using 2 of 8 workers for concurrent marking
[0.313s][info][gc          ] GC(16) Concurrent marking (unload classes) 0.573ms
[0.313s][info][gc,start    ] GC(16) Pause Final Mark (unload classes)
[0.313s][info][gc,task     ] GC(16) Using 8 of 8 workers for final marking
[0.314s][info][gc,ergo     ] GC(16) Collectable Garbage: 1719K (100%), Immediate: 0B (0%), CSet: 1719K (100%)
[0.314s][info][gc,ergo     ] GC(16) Pacer for Evacuation. Used CSet: 2557K, Free: 1882M, Non-Taxable: 188M, Alloc Tax Rate: 1.1x
[0.314s][info][gc          ] GC(16) Pause Final Mark (unload classes) 0.255ms
[0.314s][info][gc,start    ] GC(16) Concurrent thread roots
[0.314s][info][gc,task     ] GC(16) Using 2 of 8 workers for Concurrent thread roots
[0.314s][info][gc          ] GC(16) Concurrent thread roots 0.091ms
[0.314s][info][gc,start    ] GC(16) Concurrent weak references
[0.314s][info][gc,task     ] GC(16) Using 2 of 8 workers for concurrent weak references
[0.314s][info][gc,ref      ] GC(16) Encountered references: Soft: 31, Weak: 99, Final: 0, Phantom: 7
[0.314s][info][gc,ref      ] GC(16) Discovered  references: Soft: 0, Weak: 36, Final: 0, Phantom: 6
[0.314s][info][gc,ref      ] GC(16) Enqueued    references: Soft: 0, Weak: 0, Final: 0, Phantom: 0
[0.314s][info][gc          ] GC(16) Concurrent weak references 0.114ms
[0.314s][info][gc,start    ] GC(16) Concurrent weak roots
[0.314s][info][gc,task     ] GC(16) Using 2 of 8 workers for concurrent weak root
[0.314s][info][gc          ] GC(16) Concurrent weak roots 0.201ms
[0.314s][info][gc,start    ] GC(16) Concurrent cleanup
[0.314s][info][gc          ] GC(16) Concurrent cleanup 3M->3M(126M) 0.072ms
[0.314s][info][gc,ergo     ] GC(16) Free: 1882M, Max: 512K regular, 1882M humongous, Frag: 0% external, 0% internal; Reserve: 101693K, Max: 512K
[0.314s][info][gc,start    ] GC(16) Concurrent class unloading
[0.314s][info][gc,task     ] GC(16) Using 2 of 8 workers for concurrent class unloading
[0.315s][info][gc          ] GC(16) Concurrent class unloading 0.257ms
[0.315s][info][gc,start    ] GC(16) Concurrent strong roots
[0.315s][info][gc,task     ] GC(16) Using 2 of 8 workers for concurrent strong root
[0.315s][info][gc          ] GC(16) Concurrent strong roots 0.116ms
[0.315s][info][gc,start    ] GC(16) Concurrent evacuation
[0.315s][info][gc,task     ] GC(16) Using 2 of 8 workers for concurrent evacuation
[0.315s][info][gc          ] GC(16) Concurrent evacuation 0.510ms
[0.315s][info][gc,start    ] GC(16) Pause Init Update Refs
[0.315s][info][gc,ergo     ] GC(16) Pacer for Update Refs. Used: 5116K, Free: 1881M, Non-Taxable: 188M, Alloc Tax Rate: 1.1x
[0.315s][info][gc          ] GC(16) Pause Init Update Refs 0.031ms
[0.315s][info][gc,start    ] GC(16) Concurrent update references
[0.315s][info][gc,task     ] GC(16) Using 2 of 8 workers for concurrent reference update
[0.316s][info][gc          ] GC(16) Concurrent update references 0.518ms
[0.316s][info][gc,start    ] GC(16) Concurrent update thread roots
[0.316s][info][gc          ] GC(16) Concurrent update thread roots 0.126ms
[0.316s][info][gc,start    ] GC(16) Pause Final Update Refs
[0.316s][info][gc,task     ] GC(16) Using 8 of 8 workers for final reference update
[0.316s][info][gc          ] GC(16) Pause Final Update Refs 0.064ms
[0.316s][info][gc,start    ] GC(16) Concurrent cleanup
[0.316s][info][gc          ] GC(16) Concurrent cleanup 4M->2M(127M) 0.065ms
[0.316s][info][gc,ergo     ] Free: 1882M, Max: 512K regular, 1881M humongous, Frag: 1% external, 0% internal; Reserve: 101888K, Max: 512K
[0.316s][info][gc,stats    ] 
[0.316s][info][gc,stats    ] All times are wall-clock times, except per-root-class counters, that are sum over
[0.316s][info][gc,stats    ] all workers. Dividing the <total> over the root stage time estimates parallelism.
[0.316s][info][gc,stats    ] 
[0.316s][info][gc,stats    ] Concurrent Reset                    183 us
[0.316s][info][gc,stats    ] Pause Init Mark (G)                 518 us
[0.316s][info][gc,stats    ] Pause Init Mark (N)                  75 us
[0.316s][info][gc,stats    ]   Update Region States               21 us
[0.316s][info][gc,stats    ] Concurrent Mark Roots               294 us, parallelism: 0.77x
[0.316s][info][gc,stats    ]   CMR: <total>                      228 us
[0.316s][info][gc,stats    ]   CMR: Thread Roots                 197 us, workers (us): 197,   0, ---, ---, ---, ---, ---, ---, 
[0.316s][info][gc,stats    ]   CMR: VM Strong Roots                3 us, workers (us):   3,   0, ---, ---, ---, ---, ---, ---, 
[0.316s][info][gc,stats    ]   CMR: CLDG Roots                    27 us, workers (us):  27, ---, ---, ---, ---, ---, ---, ---, 
[0.316s][info][gc,stats    ] Concurrent Marking                  589 us
[0.316s][info][gc,stats    ] Pause Final Mark (G)                437 us
[0.316s][info][gc,stats    ] Pause Final Mark (N)                267 us
[0.316s][info][gc,stats    ]   Finish Mark                       155 us
[0.316s][info][gc,stats    ]   Update Region States               15 us
[0.316s][info][gc,stats    ]   Choose Collection Set              29 us
[0.316s][info][gc,stats    ]   Rebuild Free Set                   16 us
[0.316s][info][gc,stats    ] Concurrent Thread Roots             102 us, parallelism: 0.82x
[0.316s][info][gc,stats    ]   CTR: <total>                       83 us
[0.316s][info][gc,stats    ]   CTR: Thread Roots                  83 us, workers (us):  44,  39, ---, ---, ---, ---, ---, ---, 
[0.317s][info][gc,stats    ] Concurrent Weak References          120 us, parallelism: 0.05x
[0.317s][info][gc,stats    ]   CWRF: <total>                       6 us
[0.317s][info][gc,stats    ]   CWRF: Weak References               6 us, workers (us):   6,   0, ---, ---, ---, ---, ---, ---, 
[0.317s][info][gc,stats    ] Concurrent Weak Roots               212 us
[0.317s][info][gc,stats    ]   Roots                             160 us, parallelism: 0.88x
[0.317s][info][gc,stats    ]     CWR: <total>                    140 us
[0.317s][info][gc,stats    ]     CWR: Code Cache Roots            36 us, workers (us):  36,   0, ---, ---, ---, ---, ---, ---, 
[0.317s][info][gc,stats    ]     CWR: VM Weak Roots              104 us, workers (us): 104,   0, ---, ---, ---, ---, ---, ---, 
[0.317s][info][gc,stats    ]     CWR: CLDG Roots                   1 us, workers (us):   1, ---, ---, ---, ---, ---, ---, ---, 
[0.317s][info][gc,stats    ]   Rendezvous                         23 us
[0.317s][info][gc,stats    ] Concurrent Cleanup                   83 us
[0.317s][info][gc,stats    ] Concurrent Class Unloading          267 us
[0.317s][info][gc,stats    ]   Unlink Stale                      189 us
[0.317s][info][gc,stats    ]     System Dictionary                34 us
[0.317s][info][gc,stats    ]     Weak Class Links                  0 us
[0.317s][info][gc,stats    ]     Code Roots                      154 us
[0.317s][info][gc,stats    ]   Rendezvous                         22 us
[0.317s][info][gc,stats    ]   Purge Unlinked                     28 us
[0.317s][info][gc,stats    ]     Code Roots                       25 us
[0.317s][info][gc,stats    ]     CLDG                              2 us
[0.317s][info][gc,stats    ]     Exception Caches                  0 us
[0.317s][info][gc,stats    ] Concurrent Strong Roots             126 us, parallelism: 0.58x
[0.317s][info][gc,stats    ]   CSR: <total>                       73 us
[0.317s][info][gc,stats    ]   CSR: VM Strong Roots                6 us, workers (us):   5,   2, ---, ---, ---, ---, ---, ---, 
[0.317s][info][gc,stats    ]   CSR: CLDG Roots                    67 us, workers (us): ---,  67, ---, ---, ---, ---, ---, ---, 
[0.317s][info][gc,stats    ] Concurrent Evacuation               529 us
[0.317s][info][gc,stats    ] Pause Init Update Refs (G)          142 us
[0.317s][info][gc,stats    ] Pause Init Update Refs (N)           39 us
[0.317s][info][gc,stats    ]   Manage GCLABs                       3 us
[0.317s][info][gc,stats    ] Concurrent Update Refs              536 us
[0.317s][info][gc,stats    ] Concurrent Update Thread Roots      136 us
[0.317s][info][gc,stats    ] Pause Final Update Refs (G)         158 us
[0.317s][info][gc,stats    ] Pause Final Update Refs (N)          75 us
[0.317s][info][gc,stats    ]   Update Region States               14 us
[0.317s][info][gc,stats    ]   Trash Collection Set                2 us
[0.317s][info][gc,stats    ]   Rebuild Free Set                   17 us
[0.317s][info][gc,stats    ] Concurrent Cleanup                   75 us
[0.317s][info][gc,stats    ] 
[0.317s][info][gc,stats    ] Allocation pacing accrued:
[0.317s][info][gc,stats    ]       0 of     6 ms (  0.0%): <total>
[0.317s][info][gc,stats    ]       0 of     6 ms (  0.0%): <average total>
[0.317s][info][gc,stats    ] 
[0.317s][info][gc,metaspace] Metaspace: 361K(576K)->369K(576K) NonClass: 345K(448K)->352K(448K) Class: 16K(128K)->16K(128K)
[0.317s][info][gc,ergo     ] Pacer for Idle. Initial: 40642K, Alloc Tax Rate: 1.0x
[0.318s][info][gc          ] Trigger: Start next cycle immediately
[0.318s][info][gc,ergo     ] Free: 1882M, Max: 512K regular, 1881M humongous, Frag: 1% external, 0% internal; Reserve: 101888K, Max: 512K
[0.318s][info][gc,start    ] GC(17) Concurrent reset
[0.318s][info][gc,task     ] GC(17) Using 2 of 8 workers for concurrent reset
[0.318s][info][gc,ergo     ] GC(17) Pacer for Reset. Non-Taxable: 1984M
[0.318s][info][gc          ] GC(17) Concurrent reset 0.123ms
[0.321s][info][gc,start    ] GC(17) Pause Init Mark (unload classes)
[0.321s][info][gc,task     ] GC(17) Using 8 of 8 workers for init marking
[0.321s][info][gc,ergo     ] GC(17) Pacer for Mark. Expected Live: 675K, Free: 1882M, Non-Taxable: 188M, Alloc Tax Rate: 0.0x
[0.321s][info][gc          ] GC(17) Pause Init Mark (unload classes) 0.068ms
[0.321s][info][gc,start    ] GC(17) Concurrent marking roots
[0.321s][info][gc,task     ] GC(17) Using 2 of 8 workers for concurrent marking roots
[0.321s][info][gc          ] GC(17) Concurrent marking roots 0.130ms
[0.321s][info][gc,start    ] GC(17) Concurrent marking (unload classes)
[0.322s][info][gc,task     ] GC(17) Using 2 of 8 workers for concurrent marking
[0.327s][info][gc          ] GC(17) Concurrent marking (unload classes) 5.882ms
[0.328s][info][gc,start    ] GC(17) Pause Final Mark (unload classes)
[0.328s][info][gc,task     ] GC(17) Using 8 of 8 workers for final marking
[0.333s][info][gc,ergo     ] GC(17) Collectable Garbage: 1663K (100%), Immediate: 0B (0%), CSet: 1663K (100%)
[0.333s][info][gc,ergo     ] GC(17) Pacer for Evacuation. Used CSet: 2558K, Free: 1882M, Non-Taxable: 188M, Alloc Tax Rate: 1.1x
[0.333s][info][gc          ] GC(17) Pause Final Mark (unload classes) 5.538ms
[0.333s][info][gc,start    ] GC(17) Concurrent thread roots
[0.333s][info][gc,task     ] GC(17) Using 2 of 8 workers for Concurrent thread roots
[0.333s][info][gc          ] GC(17) Concurrent thread roots 0.096ms
[0.333s][info][gc,start    ] GC(17) Concurrent weak references
[0.333s][info][gc,task     ] GC(17) Using 2 of 8 workers for concurrent weak references
[0.333s][info][gc,ref      ] GC(17) Encountered references: Soft: 31, Weak: 99, Final: 0, Phantom: 14
[0.333s][info][gc,ref      ] GC(17) Discovered  references: Soft: 0, Weak: 42, Final: 0, Phantom: 14
[0.333s][info][gc,ref      ] GC(17) Enqueued    references: Soft: 0, Weak: 0, Final: 0, Phantom: 0
[0.333s][info][gc          ] GC(17) Concurrent weak references 0.064ms
[0.333s][info][gc,start    ] GC(17) Concurrent weak roots
[0.333s][info][gc,task     ] GC(17) Using 2 of 8 workers for concurrent weak root
[0.334s][info][gc          ] GC(17) Concurrent weak roots 0.496ms
[0.334s][info][gc,start    ] GC(17) Concurrent cleanup
[0.334s][info][gc          ] GC(17) Concurrent cleanup 3M->3M(127M) 0.071ms
[0.334s][info][gc,ergo     ] GC(17) Free: 1881M, Max: 512K regular, 1881M humongous, Frag: 1% external, 0% internal; Reserve: 101766K, Max: 512K
[0.334s][info][gc,start    ] GC(17) Concurrent class unloading
[0.334s][info][gc,task     ] GC(17) Using 2 of 8 workers for concurrent class unloading
[0.334s][info][gc          ] GC(17) Concurrent class unloading 0.380ms
[0.334s][info][gc,start    ] GC(17) Concurrent strong roots
[0.334s][info][gc,task     ] GC(17) Using 2 of 8 workers for concurrent strong root
[0.335s][info][gc          ] GC(17) Concurrent strong roots 0.108ms
[0.335s][info][gc,start    ] GC(17) Concurrent evacuation
[0.335s][info][gc,task     ] GC(17) Using 2 of 8 workers for concurrent evacuation
[0.335s][info][gc          ] GC(17) Concurrent evacuation 0.818ms
[0.335s][info][gc,start    ] GC(17) Pause Init Update Refs
[0.336s][info][gc,ergo     ] GC(17) Pacer for Update Refs. Used: 5246K, Free: 1881M, Non-Taxable: 188M, Alloc Tax Rate: 1.1x
[0.336s][info][gc          ] GC(17) Pause Init Update Refs 0.041ms
[0.336s][info][gc,start    ] GC(17) Concurrent update references
[0.336s][info][gc,task     ] GC(17) Using 2 of 8 workers for concurrent reference update
[0.336s][info][gc          ] GC(17) Concurrent update references 0.880ms
[0.336s][info][gc,start    ] GC(17) Concurrent update thread roots
[0.337s][info][gc          ] GC(17) Concurrent update thread roots 0.251ms
[0.337s][info][gc,start    ] GC(17) Pause Final Update Refs
[0.337s][info][gc,task     ] GC(17) Using 8 of 8 workers for final reference update
[0.337s][info][gc          ] GC(17) Pause Final Update Refs 0.078ms
[0.337s][info][gc,start    ] GC(17) Concurrent cleanup
[0.337s][info][gc          ] GC(17) Concurrent cleanup 5M->2M(128M) 0.070ms
[0.337s][info][gc,ergo     ] Free: 1882M, Max: 512K regular, 1882M humongous, Frag: 0% external, 0% internal; Reserve: 101888K, Max: 512K
[0.337s][info][gc,stats    ] 
[0.337s][info][gc,stats    ] All times are wall-clock times, except per-root-class counters, that are sum over
[0.337s][info][gc,stats    ] all workers. Dividing the <total> over the root stage time estimates parallelism.
[0.337s][info][gc,stats    ] 
[0.337s][info][gc,stats    ] Concurrent Reset                    132 us
[0.337s][info][gc,stats    ] Pause Init Mark (G)                3241 us
[0.337s][info][gc,stats    ] Pause Init Mark (N)                  76 us
[0.337s][info][gc,stats    ]   Update Region States               21 us
[0.337s][info][gc,stats    ] Concurrent Mark Roots               142 us, parallelism: 0.99x
[0.337s][info][gc,stats    ]   CMR: <total>                      140 us
[0.337s][info][gc,stats    ]   CMR: Thread Roots                  70 us, workers (us):  69,   1, ---, ---, ---, ---, ---, ---, 
[0.337s][info][gc,stats    ]   CMR: VM Strong Roots                4 us, workers (us):   3,   2, ---, ---, ---, ---, ---, ---, 
[0.337s][info][gc,stats    ]   CMR: CLDG Roots                    66 us, workers (us): ---,  66, ---, ---, ---, ---, ---, ---, 
[0.337s][info][gc,stats    ] Concurrent Marking                 6074 us
[0.337s][info][gc,stats    ] Pause Final Mark (G)               5660 us
[0.337s][info][gc,stats    ] Pause Final Mark (N)               5563 us
[0.337s][info][gc,stats    ]   Finish Mark                      5398 us
[0.337s][info][gc,stats    ]   Update Region States               21 us
[0.337s][info][gc,stats    ]   Choose Collection Set              45 us
[0.337s][info][gc,stats    ]   Rebuild Free Set                   23 us
[0.337s][info][gc,stats    ] Concurrent Thread Roots             106 us, parallelism: 0.61x
[0.337s][info][gc,stats    ]   CTR: <total>                       65 us
[0.337s][info][gc,stats    ]   CTR: Thread Roots                  65 us, workers (us):  40,  25, ---, ---, ---, ---, ---, ---, 
[0.337s][info][gc,stats    ] Concurrent Weak References           70 us, parallelism: 0.11x
[0.337s][info][gc,stats    ]   CWRF: <total>                       8 us
[0.337s][info][gc,stats    ]   CWRF: Weak References               8 us, workers (us):   8,   0, ---, ---, ---, ---, ---, ---, 
[0.337s][info][gc,stats    ] Concurrent Weak Roots               515 us
[0.337s][info][gc,stats    ]   Roots                             285 us, parallelism: 1.56x
[0.337s][info][gc,stats    ]     CWR: <total>                    444 us
[0.337s][info][gc,stats    ]     CWR: Code Cache Roots           120 us, workers (us):   0, 120, ---, ---, ---, ---, ---, ---, 
[0.337s][info][gc,stats    ]     CWR: VM Weak Roots              324 us, workers (us): 254,  70, ---, ---, ---, ---, ---, ---, 
[0.337s][info][gc,stats    ]     CWR: CLDG Roots                   1 us, workers (us): ---,   1, ---, ---, ---, ---, ---, ---, 
[0.337s][info][gc,stats    ]   Rendezvous                        194 us
[0.337s][info][gc,stats    ] Concurrent Cleanup                   80 us
[0.337s][info][gc,stats    ] Concurrent Class Unloading          393 us
[0.337s][info][gc,stats    ]   Unlink Stale                      239 us
[0.337s][info][gc,stats    ]     System Dictionary                22 us
[0.337s][info][gc,stats    ]     Weak Class Links                  0 us
[0.337s][info][gc,stats    ]     Code Roots                      215 us
[0.337s][info][gc,stats    ]   Rendezvous                        102 us
[0.337s][info][gc,stats    ]   Purge Unlinked                     20 us
[0.337s][info][gc,stats    ]     Code Roots                       17 us
[0.337s][info][gc,stats    ]     CLDG                              3 us
[0.337s][info][gc,stats    ]     Exception Caches                  0 us
[0.337s][info][gc,stats    ] Concurrent Strong Roots             118 us, parallelism: 0.50x
[0.337s][info][gc,stats    ]   CSR: <total>                       60 us
[0.337s][info][gc,stats    ]   CSR: VM Strong Roots                6 us, workers (us):   6,   0, ---, ---, ---, ---, ---, ---, 
[0.337s][info][gc,stats    ]   CSR: CLDG Roots                    54 us, workers (us):  54, ---, ---, ---, ---, ---, ---, ---, 
[0.337s][info][gc,stats    ] Concurrent Evacuation               834 us
[0.337s][info][gc,stats    ] Pause Init Update Refs (G)          147 us
[0.337s][info][gc,stats    ] Pause Init Update Refs (N)           51 us
[0.337s][info][gc,stats    ]   Manage GCLABs                       3 us
[0.337s][info][gc,stats    ] Concurrent Update Refs              903 us
[0.337s][info][gc,stats    ] Concurrent Update Thread Roots      262 us
[0.337s][info][gc,stats    ] Pause Final Update Refs (G)         177 us
[0.338s][info][gc,stats    ] Pause Final Update Refs (N)          90 us
[0.338s][info][gc,stats    ]   Update Region States               16 us
[0.338s][info][gc,stats    ]   Trash Collection Set                2 us
[0.338s][info][gc,stats    ]   Rebuild Free Set                   22 us
[0.338s][info][gc,stats    ] Concurrent Cleanup                   80 us
[0.338s][info][gc,stats    ] 
[0.338s][info][gc,stats    ] Allocation pacing accrued:
[0.338s][info][gc,stats    ]       0 of    21 ms (  0.0%): <total>
[0.338s][info][gc,stats    ]       0 of    21 ms (  0.0%): <average total>
[0.338s][info][gc,stats    ] 
[0.338s][info][gc,metaspace] Metaspace: 369K(576K)->371K(576K) NonClass: 352K(448K)->355K(448K) Class: 16K(128K)->16K(128K)
[0.338s][info][gc,ergo     ] Pacer for Idle. Initial: 40642K, Alloc Tax Rate: 1.0x
[0.339s][info][gc          ] Trigger: Start next cycle immediately
[0.339s][info][gc,ergo     ] Free: 1882M, Max: 512K regular, 1882M humongous, Frag: 0% external, 0% internal; Reserve: 101888K, Max: 512K
[0.339s][info][gc,start    ] GC(18) Concurrent reset
[0.339s][info][gc,task     ] GC(18) Using 2 of 8 workers for concurrent reset
[0.339s][info][gc,ergo     ] GC(18) Pacer for Reset. Non-Taxable: 1984M
[0.339s][info][gc          ] GC(18) Concurrent reset 0.232ms
[0.339s][info][gc,start    ] GC(18) Pause Init Mark
[0.339s][info][gc,task     ] GC(18) Using 8 of 8 workers for init marking
[0.339s][info][gc,ergo     ] GC(18) Pacer for Mark. Expected Live: 744K, Free: 1882M, Non-Taxable: 188M, Alloc Tax Rate: 0.0x
[0.339s][info][gc          ] GC(18) Pause Init Mark 0.069ms
[0.339s][info][gc,start    ] GC(18) Concurrent marking roots
[0.339s][info][gc,task     ] GC(18) Using 2 of 8 workers for concurrent marking roots
[0.339s][info][gc          ] GC(18) Concurrent marking roots 0.162ms
[0.339s][info][gc,start    ] GC(18) Concurrent marking
[0.339s][info][gc,task     ] GC(18) Using 2 of 8 workers for concurrent marking
[0.340s][info][gc          ] GC(18) Concurrent marking 1.012ms
[0.340s][info][gc,start    ] GC(18) Pause Final Mark
[0.340s][info][gc,task     ] GC(18) Using 8 of 8 workers for final marking
[0.341s][info][gc,ergo     ] GC(18) Collectable Garbage: 1730K (100%), Immediate: 0B (0%), CSet: 1730K (100%)
[0.341s][info][gc,ergo     ] GC(18) Pacer for Evacuation. Used CSet: 2687K, Free: 1881M, Non-Taxable: 188M, Alloc Tax Rate: 1.1x
[0.341s][info][gc          ] GC(18) Pause Final Mark 0.317ms
[0.341s][info][gc,start    ] GC(18) Concurrent thread roots
[0.341s][info][gc,task     ] GC(18) Using 2 of 8 workers for Concurrent thread roots
[0.341s][info][gc          ] GC(18) Concurrent thread roots 0.078ms
[0.341s][info][gc,start    ] GC(18) Concurrent weak references
[0.341s][info][gc,task     ] GC(18) Using 2 of 8 workers for concurrent weak references
[0.341s][info][gc,ref      ] GC(18) Encountered references: Soft: 31, Weak: 99, Final: 0, Phantom: 24
[0.341s][info][gc,ref      ] GC(18) Discovered  references: Soft: 0, Weak: 0, Final: 0, Phantom: 10
[0.341s][info][gc,ref      ] GC(18) Enqueued    references: Soft: 0, Weak: 0, Final: 0, Phantom: 0
[0.341s][info][gc          ] GC(18) Concurrent weak references 0.069ms
[0.341s][info][gc,start    ] GC(18) Concurrent weak roots
[0.341s][info][gc,task     ] GC(18) Using 2 of 8 workers for concurrent weak root
[0.341s][info][gc          ] GC(18) Concurrent weak roots 0.148ms
[0.341s][info][gc,start    ] GC(18) Concurrent cleanup
[0.341s][info][gc          ] GC(18) Concurrent cleanup 3M->3M(128M) 0.057ms
[0.341s][info][gc,ergo     ] GC(18) Free: 1881M, Max: 512K regular, 1881M humongous, Frag: 0% external, 0% internal; Reserve: 101797K, Max: 512K
[0.341s][info][gc,start    ] GC(18) Concurrent strong roots
[0.341s][info][gc,task     ] GC(18) Using 2 of 8 workers for concurrent strong root
[0.341s][info][gc          ] GC(18) Concurrent strong roots 0.166ms
[0.341s][info][gc,start    ] GC(18) Concurrent evacuation
[0.341s][info][gc,task     ] GC(18) Using 2 of 8 workers for concurrent evacuation
[0.342s][info][gc          ] GC(18) Concurrent evacuation 0.466ms
[0.342s][info][gc,start    ] GC(18) Pause Init Update Refs
[0.342s][info][gc,ergo     ] GC(18) Pacer for Update Refs. Used: 5246K, Free: 1881M, Non-Taxable: 188M, Alloc Tax Rate: 1.1x
[0.342s][info][gc          ] GC(18) Pause Init Update Refs 0.051ms
[0.342s][info][gc,start    ] GC(18) Concurrent update references
[0.342s][info][gc,task     ] GC(18) Using 2 of 8 workers for concurrent reference update
[0.343s][info][gc          ] GC(18) Concurrent update references 0.685ms
[0.343s][info][gc,start    ] GC(18) Concurrent update thread roots
[0.343s][info][gc          ] GC(18) Concurrent update thread roots 0.316ms
[0.343s][info][gc,start    ] GC(18) Pause Final Update Refs
[0.343s][info][gc,task     ] GC(18) Using 8 of 8 workers for final reference update
[0.343s][info][gc          ] GC(18) Pause Final Update Refs 0.075ms
[0.343s][info][gc,start    ] GC(18) Concurrent cleanup
[0.343s][info][gc          ] GC(18) Concurrent cleanup 5M->2M(128M) 0.062ms
[0.343s][info][gc,ergo     ] Free: 1882M, Max: 512K regular, 1881M humongous, Frag: 1% external, 0% internal; Reserve: 101888K, Max: 512K
[0.343s][info][gc,stats    ] 
[0.343s][info][gc,stats    ] All times are wall-clock times, except per-root-class counters, that are sum over
[0.343s][info][gc,stats    ] all workers. Dividing the <total> over the root stage time estimates parallelism.
[0.343s][info][gc,stats    ] 
[0.343s][info][gc,stats    ] Concurrent Reset                    244 us
[0.343s][info][gc,stats    ] Pause Init Mark (G)                 174 us
[0.343s][info][gc,stats    ] Pause Init Mark (N)                  78 us
[0.343s][info][gc,stats    ]   Update Region States               22 us
[0.343s][info][gc,stats    ] Concurrent Mark Roots               171 us, parallelism: 1.12x
[0.343s][info][gc,stats    ]   CMR: <total>                      192 us
[0.343s][info][gc,stats    ]   CMR: Thread Roots                  88 us, workers (us):  70,  18, ---, ---, ---, ---, ---, ---, 
[0.343s][info][gc,stats    ]   CMR: Code Cache Roots              56 us, workers (us):   0,  56, ---, ---, ---, ---, ---, ---, 
[0.343s][info][gc,stats    ]   CMR: VM Strong Roots               10 us, workers (us):  10,   0, ---, ---, ---, ---, ---, ---, 
[0.343s][info][gc,stats    ]   CMR: CLDG Roots                    37 us, workers (us):  37, ---, ---, ---, ---, ---, ---, ---, 
[0.343s][info][gc,stats    ] Concurrent Marking                 1028 us
[0.343s][info][gc,stats    ] Pause Final Mark (G)                424 us
[0.343s][info][gc,stats    ] Pause Final Mark (N)                333 us
[0.343s][info][gc,stats    ]   Finish Mark                       205 us
[0.343s][info][gc,stats    ]   Update Region States               15 us
[0.343s][info][gc,stats    ]   Choose Collection Set              33 us
[0.343s][info][gc,stats    ]   Rebuild Free Set                   17 us
[0.343s][info][gc,stats    ] Concurrent Thread Roots              86 us, parallelism: 0.70x
[0.343s][info][gc,stats    ]   CTR: <total>                       60 us
[0.343s][info][gc,stats    ]   CTR: Thread Roots                  60 us, workers (us):  35,  26, ---, ---, ---, ---, ---, ---, 
[0.343s][info][gc,stats    ] Concurrent Weak References           76 us, parallelism: 0.03x
[0.343s][info][gc,stats    ]   CWRF: <total>                       3 us
[0.343s][info][gc,stats    ]   CWRF: Weak References               3 us, workers (us):   3,   0, ---, ---, ---, ---, ---, ---, 
[0.343s][info][gc,stats    ] Concurrent Weak Roots               157 us
[0.343s][info][gc,stats    ]   Roots                             114 us, parallelism: 0.85x
[0.344s][info][gc,stats    ]     CWR: <total>                     97 us
[0.344s][info][gc,stats    ]     CWR: VM Weak Roots               97 us, workers (us):  97,   0, ---, ---, ---, ---, ---, ---, 
[0.344s][info][gc,stats    ]   Rendezvous                         18 us
[0.344s][info][gc,stats    ] Concurrent Cleanup                   73 us
[0.344s][info][gc,stats    ] Concurrent Strong Roots             177 us, parallelism: 0.69x
[0.344s][info][gc,stats    ]   CSR: <total>                      122 us
[0.344s][info][gc,stats    ]   CSR: Code Cache Roots              70 us, workers (us):  70,   0, ---, ---, ---, ---, ---, ---, 
[0.344s][info][gc,stats    ]   CSR: VM Strong Roots                4 us, workers (us):   4,   0, ---, ---, ---, ---, ---, ---, 
[0.344s][info][gc,stats    ]   CSR: CLDG Roots                    48 us, workers (us):  48, ---, ---, ---, ---, ---, ---, ---, 
[0.344s][info][gc,stats    ] Concurrent Evacuation               478 us
[0.344s][info][gc,stats    ] Pause Init Update Refs (G)           92 us
[0.344s][info][gc,stats    ] Pause Init Update Refs (N)           65 us
[0.344s][info][gc,stats    ]   Manage GCLABs                       3 us
[0.344s][info][gc,stats    ] Concurrent Update Refs              698 us
[0.344s][info][gc,stats    ] Concurrent Update Thread Roots      334 us
[0.344s][info][gc,stats    ] Pause Final Update Refs (G)         182 us
[0.344s][info][gc,stats    ] Pause Final Update Refs (N)          87 us
[0.344s][info][gc,stats    ]   Update Region States               16 us
[0.344s][info][gc,stats    ]   Trash Collection Set                2 us
[0.344s][info][gc,stats    ]   Rebuild Free Set                   21 us
[0.344s][info][gc,stats    ] Concurrent Cleanup                   72 us
[0.344s][info][gc,stats    ] 
[0.344s][info][gc,stats    ] Allocation pacing accrued:
[0.344s][info][gc,stats    ]       0 of     6 ms (  0.0%): <total>
[0.344s][info][gc,stats    ]       0 of     6 ms (  0.0%): <average total>
[0.344s][info][gc,stats    ] 
[0.344s][info][gc,metaspace] Metaspace: 372K(576K)->372K(576K) NonClass: 356K(448K)->356K(448K) Class: 16K(128K)->16K(128K)
[0.344s][info][gc,ergo     ] Pacer for Idle. Initial: 40642K, Alloc Tax Rate: 1.0x
[0.345s][info][gc          ] Trigger: Start next cycle immediately
[0.345s][info][gc,ergo     ] Free: 1882M, Max: 512K regular, 1881M humongous, Frag: 1% external, 0% internal; Reserve: 101888K, Max: 512K
[0.345s][info][gc,start    ] GC(19) Concurrent reset
[0.345s][info][gc,task     ] GC(19) Using 2 of 8 workers for concurrent reset
[0.345s][info][gc,ergo     ] GC(19) Pacer for Reset. Non-Taxable: 1984M
[0.345s][info][gc          ] GC(19) Concurrent reset 0.187ms
[0.345s][info][gc,start    ] GC(19) Pause Init Mark (unload classes)
[0.345s][info][gc,task     ] GC(19) Using 8 of 8 workers for init marking
[0.345s][info][gc,ergo     ] GC(19) Pacer for Mark. Expected Live: 807K, Free: 1882M, Non-Taxable: 188M, Alloc Tax Rate: 0.0x
[0.345s][info][gc          ] GC(19) Pause Init Mark (unload classes) 0.100ms
[0.345s][info][gc,start    ] GC(19) Concurrent marking roots
[0.345s][info][gc,task     ] GC(19) Using 2 of 8 workers for concurrent marking roots
[0.346s][info][gc          ] GC(19) Concurrent marking roots 0.391ms
[0.346s][info][gc,start    ] GC(19) Concurrent marking (unload classes)
[0.346s][info][gc,task     ] GC(19) Using 2 of 8 workers for concurrent marking
[0.346s][info][gc          ] GC(19) Concurrent marking (unload classes) 0.634ms
[0.346s][info][gc,start    ] GC(19) Pause Final Mark (unload classes)
[0.346s][info][gc,task     ] GC(19) Using 8 of 8 workers for final marking
[0.347s][info][gc,ergo     ] GC(19) Collectable Garbage: 1535K (100%), Immediate: 0B (0%), CSet: 1535K (100%)
[0.347s][info][gc,ergo     ] GC(19) Pacer for Evacuation. Used CSet: 2558K, Free: 1882M, Non-Taxable: 188M, Alloc Tax Rate: 1.1x
[0.347s][info][gc          ] GC(19) Pause Final Mark (unload classes) 0.390ms
[0.347s][info][gc,start    ] GC(19) Concurrent thread roots
[0.347s][info][gc,task     ] GC(19) Using 2 of 8 workers for Concurrent thread roots
[0.347s][info][gc          ] GC(19) Concurrent thread roots 0.078ms
[0.347s][info][gc,start    ] GC(19) Concurrent weak references
[0.347s][info][gc,task     ] GC(19) Using 2 of 8 workers for concurrent weak references
[0.347s][info][gc,ref      ] GC(19) Encountered references: Soft: 31, Weak: 99, Final: 0, Phantom: 41
[0.347s][info][gc,ref      ] GC(19) Discovered  references: Soft: 0, Weak: 36, Final: 0, Phantom: 41
[0.347s][info][gc,ref      ] GC(19) Enqueued    references: Soft: 0, Weak: 0, Final: 0, Phantom: 0
[0.347s][info][gc          ] GC(19) Concurrent weak references 0.055ms
[0.347s][info][gc,start    ] GC(19) Concurrent weak roots
[0.347s][info][gc,task     ] GC(19) Using 2 of 8 workers for concurrent weak root
[0.347s][info][gc          ] GC(19) Concurrent weak roots 0.141ms
[0.347s][info][gc,start    ] GC(19) Concurrent cleanup
[0.347s][info][gc          ] GC(19) Concurrent cleanup 3M->3M(128M) 0.057ms
[0.347s][info][gc,ergo     ] GC(19) Free: 1881M, Max: 512K regular, 1881M humongous, Frag: 0% external, 0% internal; Reserve: 101793K, Max: 512K
[0.347s][info][gc,start    ] GC(19) Concurrent class unloading
[0.347s][info][gc,task     ] GC(19) Using 2 of 8 workers for concurrent class unloading
[0.347s][info][gc          ] GC(19) Concurrent class unloading 0.239ms
[0.348s][info][gc,start    ] GC(19) Concurrent strong roots
[0.348s][info][gc,task     ] GC(19) Using 2 of 8 workers for concurrent strong root
[0.348s][info][gc          ] GC(19) Concurrent strong roots 0.095ms
[0.348s][info][gc,start    ] GC(19) Concurrent evacuation
[0.348s][info][gc,task     ] GC(19) Using 2 of 8 workers for concurrent evacuation
[0.348s][info][gc          ] GC(19) Concurrent evacuation 0.452ms
[0.348s][info][gc,start    ] GC(19) Pause Init Update Refs
[0.348s][info][gc,ergo     ] GC(19) Pacer for Update Refs. Used: 5116K, Free: 1881M, Non-Taxable: 188M, Alloc Tax Rate: 1.1x
[0.348s][info][gc          ] GC(19) Pause Init Update Refs 0.052ms
[0.348s][info][gc,start    ] GC(19) Concurrent update references
[0.348s][info][gc,task     ] GC(19) Using 2 of 8 workers for concurrent reference update
[0.349s][info][gc          ] GC(19) Concurrent update references 0.564ms
[0.349s][info][gc,start    ] GC(19) Concurrent update thread roots
[0.349s][info][gc          ] GC(19) Concurrent update thread roots 0.125ms
[0.349s][info][gc,start    ] GC(19) Pause Final Update Refs
[0.349s][info][gc,task     ] GC(19) Using 8 of 8 workers for final reference update
[0.349s][info][gc          ] GC(19) Pause Final Update Refs 0.066ms
[0.349s][info][gc,start    ] GC(19) Concurrent cleanup
[0.349s][info][gc          ] GC(19) Concurrent cleanup 4M->2M(128M) 0.074ms
[0.349s][info][gc,ergo     ] Free: 1882M, Max: 512K regular, 1882M humongous, Frag: 0% external, 0% internal; Reserve: 101888K, Max: 512K
[0.349s][info][gc,stats    ] 
[0.349s][info][gc,stats    ] All times are wall-clock times, except per-root-class counters, that are sum over
[0.349s][info][gc,stats    ] all workers. Dividing the <total> over the root stage time estimates parallelism.
[0.349s][info][gc,stats    ] 
[0.349s][info][gc,stats    ] Concurrent Reset                    204 us
[0.349s][info][gc,stats    ] Pause Init Mark (G)                 235 us
[0.349s][info][gc,stats    ] Pause Init Mark (N)                 111 us
[0.349s][info][gc,stats    ]   Update Region States               21 us
[0.349s][info][gc,stats    ] Concurrent Mark Roots               405 us, parallelism: 0.20x
[0.349s][info][gc,stats    ]   CMR: <total>                       82 us
[0.349s][info][gc,stats    ]   CMR: Thread Roots                  58 us, workers (us):  58,   0, ---, ---, ---, ---, ---, ---, 
[0.349s][info][gc,stats    ]   CMR: VM Strong Roots                2 us, workers (us):   2,   0, ---, ---, ---, ---, ---, ---, 
[0.349s][info][gc,stats    ]   CMR: CLDG Roots                    22 us, workers (us):  22, ---, ---, ---, ---, ---, ---, ---, 
[0.349s][info][gc,stats    ] Concurrent Marking                  647 us
[0.349s][info][gc,stats    ] Pause Final Mark (G)                491 us
[0.349s][info][gc,stats    ] Pause Final Mark (N)                405 us
[0.349s][info][gc,stats    ]   Finish Mark                       161 us
[0.349s][info][gc,stats    ]   Update Region States               15 us
[0.349s][info][gc,stats    ]   Choose Collection Set             142 us
[0.349s][info][gc,stats    ]   Rebuild Free Set                   18 us
[0.349s][info][gc,stats    ] Concurrent Thread Roots              88 us, parallelism: 0.87x
[0.349s][info][gc,stats    ]   CTR: <total>                       77 us
[0.349s][info][gc,stats    ]   CTR: Thread Roots                  77 us, workers (us):  46,  31, ---, ---, ---, ---, ---, ---, 
[0.349s][info][gc,stats    ] Concurrent Weak References           62 us, parallelism: 0.17x
[0.349s][info][gc,stats    ]   CWRF: <total>                      10 us
[0.349s][info][gc,stats    ]   CWRF: Weak References              10 us, workers (us):   9,   1, ---, ---, ---, ---, ---, ---, 
[0.349s][info][gc,stats    ] Concurrent Weak Roots               150 us
[0.349s][info][gc,stats    ]   Roots                             104 us, parallelism: 1.17x
[0.349s][info][gc,stats    ]     CWR: <total>                    122 us
[0.349s][info][gc,stats    ]     CWR: Code Cache Roots            32 us, workers (us):  31,   0, ---, ---, ---, ---, ---, ---, 
[0.349s][info][gc,stats    ]     CWR: VM Weak Roots               90 us, workers (us):  50,  40, ---, ---, ---, ---, ---, ---, 
[0.349s][info][gc,stats    ]     CWR: CLDG Roots                   1 us, workers (us): ---,   1, ---, ---, ---, ---, ---, ---, 
[0.349s][info][gc,stats    ]   Rendezvous                         23 us
[0.349s][info][gc,stats    ] Concurrent Cleanup                   65 us
[0.349s][info][gc,stats    ] Concurrent Class Unloading          248 us
[0.349s][info][gc,stats    ]   Unlink Stale                      184 us
[0.349s][info][gc,stats    ]     System Dictionary                15 us
[0.350s][info][gc,stats    ]     Weak Class Links                  0 us
[0.350s][info][gc,stats    ]     Code Roots                      168 us
[0.350s][info][gc,stats    ]   Rendezvous                         17 us
[0.350s][info][gc,stats    ]   Purge Unlinked                     22 us
[0.350s][info][gc,stats    ]     Code Roots                       19 us
[0.350s][info][gc,stats    ]     CLDG                              2 us
[0.350s][info][gc,stats    ]     Exception Caches                  0 us
[0.350s][info][gc,stats    ] Concurrent Strong Roots             104 us, parallelism: 0.48x
[0.350s][info][gc,stats    ]   CSR: <total>                       50 us
[0.350s][info][gc,stats    ]   CSR: VM Strong Roots                4 us, workers (us):   4,   0, ---, ---, ---, ---, ---, ---, 
[0.350s][info][gc,stats    ]   CSR: CLDG Roots                    45 us, workers (us):  45, ---, ---, ---, ---, ---, ---, ---, 
[0.350s][info][gc,stats    ] Concurrent Evacuation               469 us
[0.350s][info][gc,stats    ] Pause Init Update Refs (G)           88 us
[0.350s][info][gc,stats    ] Pause Init Update Refs (N)           61 us
[0.350s][info][gc,stats    ]   Manage GCLABs                       2 us
[0.350s][info][gc,stats    ] Concurrent Update Refs              574 us
[0.350s][info][gc,stats    ] Concurrent Update Thread Roots      134 us
[0.350s][info][gc,stats    ] Pause Final Update Refs (G)         168 us
[0.350s][info][gc,stats    ] Pause Final Update Refs (N)          77 us
[0.350s][info][gc,stats    ]   Update Region States               15 us
[0.350s][info][gc,stats    ]   Trash Collection Set                2 us
[0.350s][info][gc,stats    ]   Rebuild Free Set                   18 us
[0.350s][info][gc,stats    ] Concurrent Cleanup                   84 us
[0.350s][info][gc,stats    ] 
[0.350s][info][gc,stats    ] Allocation pacing accrued:
[0.350s][info][gc,stats    ]       0 of     6 ms (  0.0%): <total>
[0.350s][info][gc,stats    ]       0 of     6 ms (  0.0%): <average total>
[0.350s][info][gc,stats    ] 
[0.350s][info][gc,metaspace] Metaspace: 375K(576K)->376K(576K) NonClass: 358K(448K)->359K(448K) Class: 16K(128K)->16K(128K)
[0.350s][info][gc,ergo     ] Pacer for Idle. Initial: 40642K, Alloc Tax Rate: 1.0x
[0.351s][info][gc          ] Trigger: Start next cycle immediately
[0.351s][info][gc,ergo     ] Free: 1882M, Max: 512K regular, 1882M humongous, Frag: 0% external, 0% internal; Reserve: 101888K, Max: 512K
[0.351s][info][gc,start    ] GC(20) Concurrent reset
[0.351s][info][gc,task     ] GC(20) Using 2 of 8 workers for concurrent reset
[0.351s][info][gc,ergo     ] GC(20) Pacer for Reset. Non-Taxable: 1984M
[0.351s][info][gc          ] GC(20) Concurrent reset 0.139ms
[0.351s][info][gc,start    ] GC(20) Pause Init Mark (unload classes)
[0.351s][info][gc,task     ] GC(20) Using 8 of 8 workers for init marking
[0.351s][info][gc,ergo     ] GC(20) Pacer for Mark. Expected Live: 878K, Free: 1882M, Non-Taxable: 188M, Alloc Tax Rate: 0.0x
[0.351s][info][gc          ] GC(20) Pause Init Mark (unload classes) 0.065ms
[0.351s][info][gc,start    ] GC(20) Concurrent marking roots
[0.351s][info][gc,task     ] GC(20) Using 2 of 8 workers for concurrent marking roots
[0.351s][info][gc          ] GC(20) Concurrent marking roots 0.192ms
[0.351s][info][gc,start    ] GC(20) Concurrent marking (unload classes)
[0.351s][info][gc,task     ] GC(20) Using 2 of 8 workers for concurrent marking
[0.352s][info][gc          ] GC(20) Concurrent marking (unload classes) 0.719ms
[0.355s][info][gc,start    ] GC(20) Pause Final Mark (unload classes)
[0.355s][info][gc,task     ] GC(20) Using 8 of 8 workers for final marking
[0.356s][info][gc,ergo     ] GC(20) Collectable Garbage: 1407K (100%), Immediate: 0B (0%), CSet: 1407K (100%)
[0.356s][info][gc,ergo     ] GC(20) Pacer for Evacuation. Used CSet: 2558K, Free: 1882M, Non-Taxable: 188M, Alloc Tax Rate: 1.1x
[0.356s][info][gc          ] GC(20) Pause Final Mark (unload classes) 0.518ms
[0.356s][info][gc,start    ] GC(20) Concurrent thread roots
[0.356s][info][gc,task     ] GC(20) Using 2 of 8 workers for Concurrent thread roots
[0.356s][info][gc          ] GC(20) Concurrent thread roots 0.115ms
[0.356s][info][gc,start    ] GC(20) Concurrent weak references
[0.356s][info][gc,task     ] GC(20) Using 2 of 8 workers for concurrent weak references
[0.356s][info][gc,ref      ] GC(20) Encountered references: Soft: 31, Weak: 99, Final: 0, Phantom: 53
[0.356s][info][gc,ref      ] GC(20) Discovered  references: Soft: 0, Weak: 36, Final: 0, Phantom: 53
[0.356s][info][gc,ref      ] GC(20) Enqueued    references: Soft: 0, Weak: 0, Final: 0, Phantom: 0
[0.356s][info][gc          ] GC(20) Concurrent weak references 0.056ms
[0.356s][info][gc,start    ] GC(20) Concurrent weak roots
[0.356s][info][gc,task     ] GC(20) Using 2 of 8 workers for concurrent weak root
[0.359s][info][gc          ] GC(20) Concurrent weak roots 3.421ms
[0.359s][info][gc,start    ] GC(20) Concurrent cleanup
[0.359s][info][gc          ] GC(20) Concurrent cleanup 3M->3M(128M) 0.057ms
[0.359s][info][gc,ergo     ] GC(20) Free: 1881M, Max: 512K regular, 1881M humongous, Frag: 0% external, 0% internal; Reserve: 101797K, Max: 512K
[0.359s][info][gc,start    ] GC(20) Concurrent class unloading
[0.359s][info][gc,task     ] GC(20) Using 2 of 8 workers for concurrent class unloading
[0.363s][info][gc          ] GC(20) Concurrent class unloading 3.442ms
[0.363s][info][gc,start    ] GC(20) Concurrent strong roots
[0.363s][info][gc,task     ] GC(20) Using 2 of 8 workers for concurrent strong root
[0.363s][info][gc          ] GC(20) Concurrent strong roots 0.088ms
[0.363s][info][gc,start    ] GC(20) Concurrent evacuation
[0.363s][info][gc,task     ] GC(20) Using 2 of 8 workers for concurrent evacuation
[0.364s][info][gc          ] GC(20) Concurrent evacuation 0.802ms
[0.369s][info][gc,start    ] GC(20) Pause Init Update Refs
[0.369s][info][gc,ergo     ] GC(20) Pacer for Update Refs. Used: 5082K, Free: 1881M, Non-Taxable: 188M, Alloc Tax Rate: 1.1x
[0.369s][info][gc          ] GC(20) Pause Init Update Refs 0.049ms
[0.369s][info][gc,start    ] GC(20) Concurrent update references
[0.369s][info][gc,task     ] GC(20) Using 2 of 8 workers for concurrent reference update
[0.370s][info][gc          ] GC(20) Concurrent update references 0.798ms
[0.370s][info][gc,start    ] GC(20) Concurrent update thread roots
[0.370s][info][gc          ] GC(20) Concurrent update thread roots 0.082ms
[0.370s][info][gc,start    ] GC(20) Pause Final Update Refs
[0.370s][info][gc,task     ] GC(20) Using 8 of 8 workers for final reference update
[0.370s][info][gc          ] GC(20) Pause Final Update Refs 0.078ms
[0.370s][info][gc,start    ] GC(20) Concurrent cleanup
[0.370s][info][gc          ] GC(20) Concurrent cleanup 4M->2M(128M) 0.063ms
[0.370s][info][gc,ergo     ] Free: 1882M, Max: 512K regular, 1881M humongous, Frag: 1% external, 0% internal; Reserve: 101888K, Max: 512K
[0.370s][info][gc,stats    ] 
[0.370s][info][gc,stats    ] All times are wall-clock times, except per-root-class counters, that are sum over
[0.370s][info][gc,stats    ] all workers. Dividing the <total> over the root stage time estimates parallelism.
[0.370s][info][gc,stats    ] 
[0.370s][info][gc,stats    ] Concurrent Reset                    149 us
[0.370s][info][gc,stats    ] Pause Init Mark (G)                 166 us
[0.370s][info][gc,stats    ] Pause Init Mark (N)                  75 us
[0.370s][info][gc,stats    ]   Update Region States               16 us
[0.370s][info][gc,stats    ] Concurrent Mark Roots               200 us, parallelism: 1.05x
[0.370s][info][gc,stats    ]   CMR: <total>                      210 us
[0.370s][info][gc,stats    ]   CMR: Thread Roots                 171 us, workers (us):  35, 137, ---, ---, ---, ---, ---, ---, 
[0.370s][info][gc,stats    ]   CMR: VM Strong Roots                3 us, workers (us):   2,   1, ---, ---, ---, ---, ---, ---, 
[0.370s][info][gc,stats    ]   CMR: CLDG Roots                    35 us, workers (us):  35, ---, ---, ---, ---, ---, ---, ---, 
[0.370s][info][gc,stats    ] Concurrent Marking                  734 us
[0.370s][info][gc,stats    ] Pause Final Mark (G)               3606 us
[0.370s][info][gc,stats    ] Pause Final Mark (N)                527 us
[0.370s][info][gc,stats    ]   Finish Mark                       114 us
[0.370s][info][gc,stats    ]   Update Region States               15 us
[0.370s][info][gc,stats    ]   Choose Collection Set              38 us
[0.371s][info][gc,stats    ]   Rebuild Free Set                   15 us
[0.371s][info][gc,stats    ] Concurrent Thread Roots             125 us, parallelism: 0.42x
[0.371s][info][gc,stats    ]   CTR: <total>                       52 us
[0.371s][info][gc,stats    ]   CTR: Thread Roots                  52 us, workers (us):  52,   0, ---, ---, ---, ---, ---, ---, 
[0.371s][info][gc,stats    ] Concurrent Weak References           64 us, parallelism: 0.14x
[0.371s][info][gc,stats    ]   CWRF: <total>                       9 us
[0.371s][info][gc,stats    ]   CWRF: Weak References               9 us, workers (us):   9,   0, ---, ---, ---, ---, ---, ---, 
[0.371s][info][gc,stats    ] Concurrent Weak Roots              3433 us
[0.371s][info][gc,stats    ]   Roots                             154 us, parallelism: 0.81x
[0.371s][info][gc,stats    ]     CWR: <total>                    124 us
[0.371s][info][gc,stats    ]     CWR: Code Cache Roots            40 us, workers (us):  40,   0, ---, ---, ---, ---, ---, ---, 
[0.371s][info][gc,stats    ]     CWR: VM Weak Roots               83 us, workers (us):  83,   0, ---, ---, ---, ---, ---, ---, 
[0.371s][info][gc,stats    ]     CWR: CLDG Roots                   1 us, workers (us):   1, ---, ---, ---, ---, ---, ---, ---, 
[0.371s][info][gc,stats    ]   Rendezvous                       3251 us
[0.371s][info][gc,stats    ] Concurrent Cleanup                   67 us
[0.371s][info][gc,stats    ] Concurrent Class Unloading         3465 us
[0.371s][info][gc,stats    ]   Unlink Stale                      210 us
[0.371s][info][gc,stats    ]     System Dictionary                22 us
[0.371s][info][gc,stats    ]     Weak Class Links                  0 us
[0.371s][info][gc,stats    ]     Code Roots                      188 us
[0.371s][info][gc,stats    ]   Rendezvous                       3209 us
[0.371s][info][gc,stats    ]   Purge Unlinked                      4 us
[0.371s][info][gc,stats    ]     Code Roots                        1 us
[0.371s][info][gc,stats    ]     CLDG                              3 us
[0.371s][info][gc,stats    ]     Exception Caches                  0 us
[0.371s][info][gc,stats    ] Concurrent Strong Roots              98 us, parallelism: 0.51x
[0.371s][info][gc,stats    ]   CSR: <total>                       50 us
[0.371s][info][gc,stats    ]   CSR: VM Strong Roots                5 us, workers (us):   4,   0, ---, ---, ---, ---, ---, ---, 
[0.371s][info][gc,stats    ]   CSR: CLDG Roots                    45 us, workers (us):  45, ---, ---, ---, ---, ---, ---, ---, 
[0.371s][info][gc,stats    ] Concurrent Evacuation               824 us
[0.371s][info][gc,stats    ] Pause Init Update Refs (G)         5324 us
[0.371s][info][gc,stats    ] Pause Init Update Refs (N)           57 us
[0.371s][info][gc,stats    ]   Manage GCLABs                       4 us
[0.371s][info][gc,stats    ] Concurrent Update Refs              814 us
[0.371s][info][gc,stats    ] Concurrent Update Thread Roots       93 us
[0.371s][info][gc,stats    ] Pause Final Update Refs (G)         186 us
[0.371s][info][gc,stats    ] Pause Final Update Refs (N)          94 us
[0.371s][info][gc,stats    ]   Update Region States               15 us
[0.371s][info][gc,stats    ]   Trash Collection Set                2 us
[0.371s][info][gc,stats    ]   Rebuild Free Set                   25 us
[0.371s][info][gc,stats    ] Concurrent Cleanup                   72 us
[0.371s][info][gc,stats    ] 
[0.371s][info][gc,stats    ] Allocation pacing accrued:
[0.371s][info][gc,stats    ]       0 of    21 ms (  0.0%): <total>
[0.371s][info][gc,stats    ]       0 of    21 ms (  0.0%): <average total>
[0.371s][info][gc,stats    ] 
[0.371s][info][gc,metaspace] Metaspace: 378K(576K)->381K(576K) NonClass: 362K(448K)->364K(448K) Class: 16K(128K)->16K(128K)
[0.371s][info][gc,ergo     ] Pacer for Idle. Initial: 40642K, Alloc Tax Rate: 1.0x
[0.372s][info][gc          ] Trigger: Start next cycle immediately
[0.372s][info][gc,ergo     ] Free: 1882M, Max: 512K regular, 1881M humongous, Frag: 1% external, 0% internal; Reserve: 101888K, Max: 512K
[0.372s][info][gc,start    ] GC(21) Concurrent reset
[0.372s][info][gc,task     ] GC(21) Using 2 of 8 workers for concurrent reset
[0.372s][info][gc,ergo     ] GC(21) Pacer for Reset. Non-Taxable: 1984M
[0.372s][info][gc          ] GC(21) Concurrent reset 0.184ms
[0.372s][info][gc,start    ] GC(21) Pause Init Mark
[0.372s][info][gc,task     ] GC(21) Using 8 of 8 workers for init marking
[0.372s][info][gc,ergo     ] GC(21) Pacer for Mark. Expected Live: 972K, Free: 1882M, Non-Taxable: 188M, Alloc Tax Rate: 0.0x
[0.372s][info][gc          ] GC(21) Pause Init Mark 0.064ms
[0.372s][info][gc,start    ] GC(21) Concurrent marking roots
[0.372s][info][gc,task     ] GC(21) Using 2 of 8 workers for concurrent marking roots
[0.373s][info][gc          ] GC(21) Concurrent marking roots 0.133ms
[0.373s][info][gc,start    ] GC(21) Concurrent marking
[0.373s][info][gc,task     ] GC(21) Using 2 of 8 workers for concurrent marking
[0.374s][info][gc          ] GC(21) Concurrent marking 0.979ms
[0.374s][info][gc,start    ] GC(21) Pause Final Mark
[0.374s][info][gc,task     ] GC(21) Using 8 of 8 workers for final marking
[0.375s][info][gc,ergo     ] GC(21) Collectable Garbage: 1238K (100%), Immediate: 0B (0%), CSet: 1238K (100%)
[0.375s][info][gc,ergo     ] GC(21) Pacer for Evacuation. Used CSet: 2523K, Free: 1881M, Non-Taxable: 188M, Alloc Tax Rate: 1.1x
[0.375s][info][gc          ] GC(21) Pause Final Mark 0.241ms
[0.375s][info][gc,start    ] GC(21) Concurrent thread roots
[0.375s][info][gc,task     ] GC(21) Using 2 of 8 workers for Concurrent thread roots
[0.375s][info][gc          ] GC(21) Concurrent thread roots 0.110ms
[0.375s][info][gc,start    ] GC(21) Concurrent weak references
[0.375s][info][gc,task     ] GC(21) Using 2 of 8 workers for concurrent weak references
[0.375s][info][gc,ref      ] GC(21) Encountered references: Soft: 31, Weak: 99, Final: 0, Phantom: 65
[0.375s][info][gc,ref      ] GC(21) Discovered  references: Soft: 0, Weak: 0, Final: 0, Phantom: 25
[0.375s][info][gc,ref      ] GC(21) Enqueued    references: Soft: 0, Weak: 0, Final: 0, Phantom: 0
[0.375s][info][gc          ] GC(21) Concurrent weak references 0.050ms
[0.375s][info][gc,start    ] GC(21) Concurrent weak roots
[0.375s][info][gc,task     ] GC(21) Using 2 of 8 workers for concurrent weak root
[0.381s][info][gc          ] GC(21) Concurrent weak roots 6.510ms
[0.381s][info][gc,start    ] GC(21) Concurrent cleanup
[0.382s][info][gc          ] GC(21) Concurrent cleanup 4M->4M(128M) 0.058ms
[0.382s][info][gc,ergo     ] GC(21) Free: 1881M, Max: 512K regular, 1881M humongous, Frag: 0% external, 0% internal; Reserve: 101775K, Max: 512K
[0.382s][info][gc,start    ] GC(21) Concurrent strong roots
[0.382s][info][gc,task     ] GC(21) Using 2 of 8 workers for concurrent strong root
[0.382s][info][gc          ] GC(21) Concurrent strong roots 0.204ms
[0.382s][info][gc,start    ] GC(21) Concurrent evacuation
[0.382s][info][gc,task     ] GC(21) Using 2 of 8 workers for concurrent evacuation
[0.382s][info][gc          ] GC(21) Concurrent evacuation 0.470ms
[0.382s][info][gc,start    ] GC(21) Pause Init Update Refs
[0.382s][info][gc,ergo     ] GC(21) Pacer for Update Refs. Used: 5593K, Free: 1881M, Non-Taxable: 188M, Alloc Tax Rate: 1.1x
[0.382s][info][gc          ] GC(21) Pause Init Update Refs 0.030ms
[0.383s][info][gc,start    ] GC(21) Concurrent update references
[0.383s][info][gc,task     ] GC(21) Using 2 of 8 workers for concurrent reference update
[0.383s][info][gc          ] GC(21) Concurrent update references 0.587ms
[0.383s][info][gc,start    ] GC(21) Concurrent update thread roots
[0.383s][info][gc          ] GC(21) Concurrent update thread roots 0.116ms
[0.384s][info][gc,start    ] GC(21) Pause Final Update Refs
[0.384s][info][gc,task     ] GC(21) Using 8 of 8 workers for final reference update
[0.384s][info][gc          ] GC(21) Pause Final Update Refs 0.057ms
[0.384s][info][gc,start    ] GC(21) Concurrent cleanup
[0.384s][info][gc          ] GC(21) Concurrent cleanup 5M->2M(128M) 0.052ms
[0.384s][info][gc,ergo     ] Free: 1882M, Max: 512K regular, 1881M humongous, Frag: 1% external, 0% internal; Reserve: 101888K, Max: 512K
[0.384s][info][gc,stats    ] 
[0.384s][info][gc,stats    ] All times are wall-clock times, except per-root-class counters, that are sum over
[0.384s][info][gc,stats    ] all workers. Dividing the <total> over the root stage time estimates parallelism.
[0.384s][info][gc,stats    ] 
[0.384s][info][gc,stats    ] Concurrent Reset                    194 us
[0.384s][info][gc,stats    ] Pause Init Mark (G)                 169 us
[0.384s][info][gc,stats    ] Pause Init Mark (N)                  72 us
[0.384s][info][gc,stats    ]   Update Region States               17 us
[0.384s][info][gc,stats    ] Concurrent Mark Roots               143 us, parallelism: 1.20x
[0.384s][info][gc,stats    ]   CMR: <total>                      171 us
[0.384s][info][gc,stats    ]   CMR: Thread Roots                  74 us, workers (us):  55,  19, ---, ---, ---, ---, ---, ---, 
[0.384s][info][gc,stats    ]   CMR: Code Cache Roots              61 us, workers (us):   0,  61, ---, ---, ---, ---, ---, ---, 
[0.384s][info][gc,stats    ]   CMR: VM Strong Roots                4 us, workers (us):   2,   2, ---, ---, ---, ---, ---, ---, 
[0.384s][info][gc,stats    ]   CMR: CLDG Roots                    33 us, workers (us):  33, ---, ---, ---, ---, ---, ---, ---, 
[0.384s][info][gc,stats    ] Concurrent Marking                  998 us
[0.384s][info][gc,stats    ] Pause Final Mark (G)               1147 us
[0.384s][info][gc,stats    ] Pause Final Mark (N)                250 us
[0.384s][info][gc,stats    ]   Finish Mark                       114 us
[0.384s][info][gc,stats    ]   Update Region States               15 us
[0.384s][info][gc,stats    ]   Choose Collection Set              30 us
[0.384s][info][gc,stats    ]   Rebuild Free Set                   15 us
[0.384s][info][gc,stats    ] Concurrent Thread Roots             120 us, parallelism: 0.42x
[0.384s][info][gc,stats    ]   CTR: <total>                       50 us
[0.384s][info][gc,stats    ]   CTR: Thread Roots                  50 us, workers (us):  50,   0, ---, ---, ---, ---, ---, ---, 
[0.384s][info][gc,stats    ] Concurrent Weak References           58 us, parallelism: 0.09x
[0.384s][info][gc,stats    ]   CWRF: <total>                       5 us
[0.384s][info][gc,stats    ]   CWRF: Weak References               5 us, workers (us):   5,   0, ---, ---, ---, ---, ---, ---, 
[0.384s][info][gc,stats    ] Concurrent Weak Roots              6534 us
[0.384s][info][gc,stats    ]   Roots                              67 us, parallelism: 1.28x
[0.384s][info][gc,stats    ]     CWR: <total>                     85 us
[0.384s][info][gc,stats    ]     CWR: VM Weak Roots               85 us, workers (us):  50,  35, ---, ---, ---, ---, ---, ---, 
[0.384s][info][gc,stats    ]   Rendezvous                       6428 us
[0.384s][info][gc,stats    ] Concurrent Cleanup                   67 us
[0.384s][info][gc,stats    ] Concurrent Strong Roots             219 us, parallelism: 0.75x
[0.384s][info][gc,stats    ]   CSR: <total>                      165 us
[0.384s][info][gc,stats    ]   CSR: Code Cache Roots              95 us, workers (us):  95,   0, ---, ---, ---, ---, ---, ---, 
[0.384s][info][gc,stats    ]   CSR: VM Strong Roots                6 us, workers (us):   6,   0, ---, ---, ---, ---, ---, ---, 
[0.384s][info][gc,stats    ]   CSR: CLDG Roots                    64 us, workers (us):  64, ---, ---, ---, ---, ---, ---, ---, 
[0.384s][info][gc,stats    ] Concurrent Evacuation               488 us
[0.384s][info][gc,stats    ] Pause Init Update Refs (G)          255 us
[0.384s][info][gc,stats    ] Pause Init Update Refs (N)           39 us
[0.384s][info][gc,stats    ]   Manage GCLABs                       3 us
[0.384s][info][gc,stats    ] Concurrent Update Refs              604 us
[0.384s][info][gc,stats    ] Concurrent Update Thread Roots      126 us
[0.384s][info][gc,stats    ] Pause Final Update Refs (G)         576 us
[0.384s][info][gc,stats    ] Pause Final Update Refs (N)          65 us
[0.384s][info][gc,stats    ]   Update Region States               13 us
[0.384s][info][gc,stats    ]   Trash Collection Set                2 us
[0.384s][info][gc,stats    ]   Rebuild Free Set                   15 us
[0.384s][info][gc,stats    ] Concurrent Cleanup                   61 us
[0.384s][info][gc,stats    ] 
[0.384s][info][gc,stats    ] Allocation pacing accrued:
[0.384s][info][gc,stats    ]       0 of    13 ms (  0.0%): <total>
[0.384s][info][gc,stats    ]       0 of    13 ms (  0.0%): <average total>
[0.384s][info][gc,stats    ] 
[0.384s][info][gc,metaspace] Metaspace: 382K(576K)->388K(576K) NonClass: 365K(448K)->372K(448K) Class: 16K(128K)->16K(128K)
[0.384s][info][gc,ergo     ] Pacer for Idle. Initial: 40642K, Alloc Tax Rate: 1.0x
[0.385s][info][gc          ] Trigger: Start next cycle immediately
[0.385s][info][gc,ergo     ] Free: 1882M, Max: 512K regular, 1881M humongous, Frag: 1% external, 0% internal; Reserve: 101888K, Max: 512K
[0.385s][info][gc,start    ] GC(22) Concurrent reset
[0.386s][info][gc,task     ] GC(22) Using 2 of 8 workers for concurrent reset
[0.386s][info][gc,ergo     ] GC(22) Pacer for Reset. Non-Taxable: 1984M
[0.389s][info][gc          ] GC(22) Concurrent reset 3.754ms
[0.396s][info][gc,start    ] GC(22) Pause Init Mark (unload classes)
[0.396s][info][gc,task     ] GC(22) Using 8 of 8 workers for init marking
[0.396s][info][gc,ergo     ] GC(22) Pacer for Mark. Expected Live: 1062K, Free: 1882M, Non-Taxable: 188M, Alloc Tax Rate: 0.0x
[0.396s][info][gc          ] GC(22) Pause Init Mark (unload classes) 0.087ms
[0.396s][info][gc,start    ] GC(22) Concurrent marking roots
[0.396s][info][gc,task     ] GC(22) Using 2 of 8 workers for concurrent marking roots
[0.396s][info][gc          ] GC(22) Concurrent marking roots 0.191ms
[0.396s][info][gc,start    ] GC(22) Concurrent marking (unload classes)
[0.396s][info][gc,task     ] GC(22) Using 2 of 8 workers for concurrent marking
[0.397s][info][gc          ] GC(22) Concurrent marking (unload classes) 0.636ms
[0.397s][info][gc,start    ] GC(22) Pause Final Mark (unload classes)
[0.397s][info][gc,task     ] GC(22) Using 8 of 8 workers for final marking
[0.397s][info][gc,ergo     ] GC(22) Collectable Garbage: 1282K (100%), Immediate: 0B (0%), CSet: 1282K (100%)
[0.397s][info][gc,ergo     ] GC(22) Pacer for Evacuation. Used CSet: 3069K, Free: 1881M, Non-Taxable: 188M, Alloc Tax Rate: 1.1x
[0.397s][info][gc          ] GC(22) Pause Final Mark (unload classes) 0.243ms
[0.397s][info][gc,start    ] GC(22) Concurrent thread roots
[0.397s][info][gc,task     ] GC(22) Using 2 of 8 workers for Concurrent thread roots
[0.397s][info][gc          ] GC(22) Concurrent thread roots 0.062ms
[0.397s][info][gc,start    ] GC(22) Concurrent weak references
[0.397s][info][gc,task     ] GC(22) Using 2 of 8 workers for concurrent weak references
[0.397s][info][gc,ref      ] GC(22) Encountered references: Soft: 31, Weak: 99, Final: 0, Phantom: 79
[0.397s][info][gc,ref      ] GC(22) Discovered  references: Soft: 0, Weak: 36, Final: 0, Phantom: 77
[0.397s][info][gc,ref      ] GC(22) Enqueued    references: Soft: 0, Weak: 0, Final: 0, Phantom: 0
[0.397s][info][gc          ] GC(22) Concurrent weak references 0.058ms
[0.397s][info][gc,start    ] GC(22) Concurrent weak roots
[0.397s][info][gc,task     ] GC(22) Using 2 of 8 workers for concurrent weak root
[0.398s][info][gc          ] GC(22) Concurrent weak roots 0.176ms
[0.398s][info][gc,start    ] GC(22) Concurrent cleanup
[0.398s][info][gc          ] GC(22) Concurrent cleanup 4M->4M(128M) 0.056ms
[0.398s][info][gc,ergo     ] GC(22) Free: 1881M, Max: 512K regular, 1881M humongous, Frag: 0% external, 0% internal; Reserve: 101468K, Max: 512K
[0.398s][info][gc,start    ] GC(22) Concurrent class unloading
[0.398s][info][gc,task     ] GC(22) Using 2 of 8 workers for concurrent class unloading
[0.398s][info][gc          ] GC(22) Concurrent class unloading 0.636ms
[0.398s][info][gc,start    ] GC(22) Concurrent strong roots
[0.398s][info][gc,task     ] GC(22) Using 2 of 8 workers for concurrent strong root
[0.398s][info][gc          ] GC(22) Concurrent strong roots 0.106ms
[0.398s][info][gc,start    ] GC(22) Concurrent evacuation
[0.398s][info][gc,task     ] GC(22) Using 2 of 8 workers for concurrent evacuation
[0.399s][info][gc          ] GC(22) Concurrent evacuation 0.582ms
[0.399s][info][gc,start    ] GC(22) Pause Init Update Refs
[0.399s][info][gc,ergo     ] GC(22) Pacer for Update Refs. Used: 6652K, Free: 1881M, Non-Taxable: 188M, Alloc Tax Rate: 1.1x
[0.399s][info][gc          ] GC(22) Pause Init Update Refs 0.091ms
[0.399s][info][gc,start    ] GC(22) Concurrent update references
[0.399s][info][gc,task     ] GC(22) Using 2 of 8 workers for concurrent reference update
[0.400s][info][gc          ] GC(22) Concurrent update references 0.656ms
[0.400s][info][gc,start    ] GC(22) Concurrent update thread roots
[0.400s][info][gc          ] GC(22) Concurrent update thread roots 0.057ms
[0.400s][info][gc,start    ] GC(22) Pause Final Update Refs
[0.400s][info][gc,task     ] GC(22) Using 8 of 8 workers for final reference update
[0.400s][info][gc          ] GC(22) Pause Final Update Refs 0.115ms
[0.400s][info][gc,start    ] GC(22) Concurrent cleanup
[0.400s][info][gc          ] GC(22) Concurrent cleanup 6M->3M(128M) 0.062ms
[0.400s][info][gc,ergo     ] Free: 1881M, Max: 512K regular, 1880M humongous, Frag: 1% external, 0% internal; Reserve: 101888K, Max: 512K
[0.400s][info][gc,stats    ] 
[0.400s][info][gc,stats    ] All times are wall-clock times, except per-root-class counters, that are sum over
[0.400s][info][gc,stats    ] all workers. Dividing the <total> over the root stage time estimates parallelism.
[0.400s][info][gc,stats    ] 
[0.400s][info][gc,stats    ] Concurrent Reset                   3776 us
[0.400s][info][gc,stats    ] Pause Init Mark (G)                6729 us
[0.400s][info][gc,stats    ] Pause Init Mark (N)                  99 us
[0.400s][info][gc,stats    ]   Update Region States               18 us
[0.400s][info][gc,stats    ] Concurrent Mark Roots               203 us, parallelism: 0.77x
[0.400s][info][gc,stats    ]   CMR: <total>                      157 us
[0.400s][info][gc,stats    ]   CMR: Thread Roots                 110 us, workers (us):  70,  40, ---, ---, ---, ---, ---, ---, 
[0.400s][info][gc,stats    ]   CMR: VM Strong Roots                4 us, workers (us):   4,   0, ---, ---, ---, ---, ---, ---, 
[0.400s][info][gc,stats    ]   CMR: CLDG Roots                    43 us, workers (us):  43, ---, ---, ---, ---, ---, ---, ---, 
[0.400s][info][gc,stats    ] Concurrent Marking                  649 us
[0.400s][info][gc,stats    ] Pause Final Mark (G)                349 us
[0.400s][info][gc,stats    ] Pause Final Mark (N)                254 us
[0.400s][info][gc,stats    ]   Finish Mark                       113 us
[0.400s][info][gc,stats    ]   Update Region States               13 us
[0.401s][info][gc,stats    ]   Choose Collection Set              40 us
[0.401s][info][gc,stats    ]   Rebuild Free Set                   25 us
[0.401s][info][gc,stats    ] Concurrent Thread Roots              71 us, parallelism: 0.64x
[0.401s][info][gc,stats    ]   CTR: <total>                       46 us
[0.401s][info][gc,stats    ]   CTR: Thread Roots                  46 us, workers (us):  21,  25, ---, ---, ---, ---, ---, ---, 
[0.401s][info][gc,stats    ] Concurrent Weak References           63 us, parallelism: 0.18x
[0.401s][info][gc,stats    ]   CWRF: <total>                      11 us
[0.401s][info][gc,stats    ]   CWRF: Weak References              11 us, workers (us):  11,   0, ---, ---, ---, ---, ---, ---, 
[0.401s][info][gc,stats    ] Concurrent Weak Roots               187 us
[0.401s][info][gc,stats    ]   Roots                             140 us, parallelism: 1.16x
[0.401s][info][gc,stats    ]     CWR: <total>                    163 us
[0.401s][info][gc,stats    ]     CWR: Code Cache Roots            56 us, workers (us):   0,  56, ---, ---, ---, ---, ---, ---, 
[0.401s][info][gc,stats    ]     CWR: VM Weak Roots              107 us, workers (us):  65,  42, ---, ---, ---, ---, ---, ---, 
[0.401s][info][gc,stats    ]     CWR: CLDG Roots                   1 us, workers (us): ---,   1, ---, ---, ---, ---, ---, ---, 
[0.401s][info][gc,stats    ]   Rendezvous                         19 us
[0.401s][info][gc,stats    ] Concurrent Cleanup                   64 us
[0.401s][info][gc,stats    ] Concurrent Class Unloading          650 us
[0.401s][info][gc,stats    ]   Unlink Stale                      511 us
[0.401s][info][gc,stats    ]     System Dictionary                23 us
[0.401s][info][gc,stats    ]     Weak Class Links                  0 us
[0.401s][info][gc,stats    ]     Code Roots                      486 us
[0.401s][info][gc,stats    ]   Rendezvous                         71 us
[0.401s][info][gc,stats    ]   Purge Unlinked                     36 us
[0.401s][info][gc,stats    ]     Code Roots                       33 us
[0.401s][info][gc,stats    ]     CLDG                              3 us
[0.401s][info][gc,stats    ]     Exception Caches                  0 us
[0.401s][info][gc,stats    ] Concurrent Strong Roots             121 us, parallelism: 0.56x
[0.401s][info][gc,stats    ]   CSR: <total>                       68 us
[0.401s][info][gc,stats    ]   CSR: VM Strong Roots                6 us, workers (us):   4,   2, ---, ---, ---, ---, ---, ---, 
[0.401s][info][gc,stats    ]   CSR: CLDG Roots                    62 us, workers (us): ---,  62, ---, ---, ---, ---, ---, ---, 
[0.401s][info][gc,stats    ] Concurrent Evacuation               600 us
[0.401s][info][gc,stats    ] Pause Init Update Refs (G)          246 us
[0.401s][info][gc,stats    ] Pause Init Update Refs (N)          131 us
[0.401s][info][gc,stats    ]   Manage GCLABs                       3 us
[0.401s][info][gc,stats    ] Concurrent Update Refs              674 us
[0.401s][info][gc,stats    ] Concurrent Update Thread Roots       66 us
[0.401s][info][gc,stats    ] Pause Final Update Refs (G)         265 us
[0.401s][info][gc,stats    ] Pause Final Update Refs (N)         155 us
[0.401s][info][gc,stats    ]   Update Region States               15 us
[0.401s][info][gc,stats    ]   Trash Collection Set                2 us
[0.401s][info][gc,stats    ]   Rebuild Free Set                   17 us
[0.401s][info][gc,stats    ] Concurrent Cleanup                   70 us
[0.401s][info][gc,stats    ] 
[0.401s][info][gc,stats    ] Allocation pacing accrued:
[0.401s][info][gc,stats    ]       0 of    17 ms (  0.0%): <total>
[0.401s][info][gc,stats    ]       0 of    17 ms (  0.0%): <average total>
[0.401s][info][gc,stats    ] 
[0.401s][info][gc,metaspace] Metaspace: 390K(576K)->392K(576K) NonClass: 373K(448K)->376K(448K) Class: 16K(128K)->16K(128K)
[0.401s][info][gc,ergo     ] Pacer for Idle. Initial: 40642K, Alloc Tax Rate: 1.0x
[0.402s][info][gc          ] Trigger: Start next cycle immediately
[0.402s][info][gc,ergo     ] Free: 1881M, Max: 512K regular, 1880M humongous, Frag: 1% external, 0% internal; Reserve: 101888K, Max: 512K
[0.402s][info][gc,start    ] GC(23) Concurrent reset
[0.402s][info][gc,task     ] GC(23) Using 2 of 8 workers for concurrent reset
[0.402s][info][gc,ergo     ] GC(23) Pacer for Reset. Non-Taxable: 1984M
[0.403s][info][gc          ] GC(23) Concurrent reset 0.177ms
[0.403s][info][gc,start    ] GC(23) Pause Init Mark
[0.403s][info][gc,task     ] GC(23) Using 8 of 8 workers for init marking
[0.403s][info][gc,ergo     ] GC(23) Pacer for Mark. Expected Live: 1240K, Free: 1881M, Non-Taxable: 188M, Alloc Tax Rate: 0.0x
[0.403s][info][gc          ] GC(23) Pause Init Mark 0.068ms
[0.403s][info][gc,start    ] GC(23) Concurrent marking roots
[0.403s][info][gc,task     ] GC(23) Using 2 of 8 workers for concurrent marking roots
[0.403s][info][gc          ] GC(23) Concurrent marking roots 0.167ms
[0.403s][info][gc,start    ] GC(23) Concurrent marking
[0.403s][info][gc,task     ] GC(23) Using 2 of 8 workers for concurrent marking
[0.403s][info][gc          ] GC(23) Concurrent marking 0.574ms
[0.404s][info][gc,start    ] GC(23) Pause Final Mark
[0.404s][info][gc,task     ] GC(23) Using 8 of 8 workers for final marking
[0.404s][info][gc,ergo     ] GC(23) Collectable Garbage: 1712K (100%), Immediate: 0B (0%), CSet: 1712K (100%)
[0.404s][info][gc,ergo     ] GC(23) Pacer for Evacuation. Used CSet: 3582K, Free: 1881M, Non-Taxable: 188M, Alloc Tax Rate: 1.1x
[0.404s][info][gc          ] GC(23) Pause Final Mark 0.351ms
[0.404s][info][gc,start    ] GC(23) Concurrent thread roots
[0.404s][info][gc,task     ] GC(23) Using 2 of 8 workers for Concurrent thread roots
[0.404s][info][gc          ] GC(23) Concurrent thread roots 0.125ms
[0.404s][info][gc,start    ] GC(23) Concurrent weak references
[0.404s][info][gc,task     ] GC(23) Using 2 of 8 workers for concurrent weak references
[0.404s][info][gc,ref      ] GC(23) Encountered references: Soft: 31, Weak: 99, Final: 0, Phantom: 87
[0.404s][info][gc,ref      ] GC(23) Discovered  references: Soft: 0, Weak: 83, Final: 0, Phantom: 80
[0.404s][info][gc,ref      ] GC(23) Enqueued    references: Soft: 0, Weak: 0, Final: 0, Phantom: 0
[0.404s][info][gc          ] GC(23) Concurrent weak references 0.064ms
[0.404s][info][gc,start    ] GC(23) Concurrent weak roots
[0.404s][info][gc,task     ] GC(23) Using 2 of 8 workers for concurrent weak root
[0.404s][info][gc          ] GC(23) Concurrent weak roots 0.185ms
[0.404s][info][gc,start    ] GC(23) Concurrent cleanup
[0.404s][info][gc          ] GC(23) Concurrent cleanup 4M->4M(128M) 0.057ms
[0.404s][info][gc,ergo     ] GC(23) Free: 1880M, Max: 512K regular, 1880M humongous, Frag: 0% external, 0% internal; Reserve: 101793K, Max: 512K
[0.405s][info][gc,start    ] GC(23) Concurrent strong roots
[0.405s][info][gc,task     ] GC(23) Using 2 of 8 workers for concurrent strong root
[0.405s][info][gc          ] GC(23) Concurrent strong roots 0.111ms
[0.405s][info][gc,start    ] GC(23) Concurrent evacuation
[0.405s][info][gc,task     ] GC(23) Using 2 of 8 workers for concurrent evacuation
[0.406s][info][gc          ] GC(23) Concurrent evacuation 0.928ms
[0.406s][info][gc,start    ] GC(23) Pause Init Update Refs
[0.406s][info][gc,ergo     ] GC(23) Pacer for Update Refs. Used: 7164K, Free: 1880M, Non-Taxable: 188M, Alloc Tax Rate: 1.1x
[0.406s][info][gc          ] GC(23) Pause Init Update Refs 0.089ms
[0.406s][info][gc,start    ] GC(23) Concurrent update references
[0.406s][info][gc,task     ] GC(23) Using 2 of 8 workers for concurrent reference update
[0.407s][info][gc          ] GC(23) Concurrent update references 1.092ms
[0.407s][info][gc,start    ] GC(23) Concurrent update thread roots
[0.407s][info][gc          ] GC(23) Concurrent update thread roots 0.220ms
[0.407s][info][gc,start    ] GC(23) Pause Final Update Refs
[0.407s][info][gc,task     ] GC(23) Using 8 of 8 workers for final reference update
[0.407s][info][gc          ] GC(23) Pause Final Update Refs 0.119ms
[0.407s][info][gc,start    ] GC(23) Concurrent cleanup
[0.408s][info][gc          ] GC(23) Concurrent cleanup 6M->3M(129M) 0.065ms
[0.408s][info][gc,ergo     ] Free: 1881M, Max: 512K regular, 1881M humongous, Frag: 0% external, 0% internal; Reserve: 101888K, Max: 512K
[0.408s][info][gc,stats    ] 
[0.408s][info][gc,stats    ] All times are wall-clock times, except per-root-class counters, that are sum over
[0.408s][info][gc,stats    ] all workers. Dividing the <total> over the root stage time estimates parallelism.
[0.408s][info][gc,stats    ] 
[0.408s][info][gc,stats    ] Concurrent Reset                    186 us
[0.408s][info][gc,stats    ] Pause Init Mark (G)                 197 us
[0.408s][info][gc,stats    ] Pause Init Mark (N)                  76 us
[0.408s][info][gc,stats    ]   Update Region States               21 us
[0.408s][info][gc,stats    ] Concurrent Mark Roots               177 us, parallelism: 1.20x
[0.408s][info][gc,stats    ]   CMR: <total>                      213 us
[0.408s][info][gc,stats    ]   CMR: Thread Roots                 114 us, workers (us):  96,  18, ---, ---, ---, ---, ---, ---, 
[0.408s][info][gc,stats    ]   CMR: Code Cache Roots              68 us, workers (us):   0,  68, ---, ---, ---, ---, ---, ---, 
[0.408s][info][gc,stats    ]   CMR: VM Strong Roots                4 us, workers (us):   2,   2, ---, ---, ---, ---, ---, ---, 
[0.408s][info][gc,stats    ]   CMR: CLDG Roots                    28 us, workers (us):  28, ---, ---, ---, ---, ---, ---, ---, 
[0.408s][info][gc,stats    ] Concurrent Marking                  590 us
[0.408s][info][gc,stats    ] Pause Final Mark (G)                496 us
[0.408s][info][gc,stats    ] Pause Final Mark (N)                386 us
[0.408s][info][gc,stats    ]   Finish Mark                       110 us
[0.408s][info][gc,stats    ]   Update Region States               15 us
[0.408s][info][gc,stats    ]   Choose Collection Set              66 us
[0.408s][info][gc,stats    ]   Rebuild Free Set                   18 us
[0.408s][info][gc,stats    ] Concurrent Thread Roots             133 us, parallelism: 0.79x
[0.408s][info][gc,stats    ]   CTR: <total>                      105 us
[0.408s][info][gc,stats    ]   CTR: Thread Roots                 105 us, workers (us):  89,  17, ---, ---, ---, ---, ---, ---, 
[0.408s][info][gc,stats    ] Concurrent Weak References           69 us, parallelism: 0.26x
[0.408s][info][gc,stats    ]   CWRF: <total>                      18 us
[0.408s][info][gc,stats    ]   CWRF: Weak References              18 us, workers (us):   2,  16, ---, ---, ---, ---, ---, ---, 
[0.408s][info][gc,stats    ] Concurrent Weak Roots               193 us
[0.408s][info][gc,stats    ]   Roots                              57 us, parallelism: 1.55x
[0.408s][info][gc,stats    ]     CWR: <total>                     88 us
[0.408s][info][gc,stats    ]     CWR: VM Weak Roots               88 us, workers (us):  45,  43, ---, ---, ---, ---, ---, ---, 
[0.408s][info][gc,stats    ]   Rendezvous                        113 us
[0.408s][info][gc,stats    ] Concurrent Cleanup                   65 us
[0.408s][info][gc,stats    ] Concurrent Strong Roots             119 us, parallelism: 1.17x
[0.408s][info][gc,stats    ]   CSR: <total>                      139 us
[0.408s][info][gc,stats    ]   CSR: Code Cache Roots              82 us, workers (us):   1,  81, ---, ---, ---, ---, ---, ---, 
[0.408s][info][gc,stats    ]   CSR: VM Strong Roots                6 us, workers (us):   4,   3, ---, ---, ---, ---, ---, ---, 
[0.408s][info][gc,stats    ]   CSR: CLDG Roots                    51 us, workers (us):  51, ---, ---, ---, ---, ---, ---, ---, 
[0.408s][info][gc,stats    ] Concurrent Evacuation               945 us
[0.408s][info][gc,stats    ] Pause Init Update Refs (G)          250 us
[0.408s][info][gc,stats    ] Pause Init Update Refs (N)          121 us
[0.408s][info][gc,stats    ]   Manage GCLABs                       3 us
[0.408s][info][gc,stats    ] Concurrent Update Refs             1107 us
[0.408s][info][gc,stats    ] Concurrent Update Thread Roots      230 us
[0.408s][info][gc,stats    ] Pause Final Update Refs (G)         284 us
[0.408s][info][gc,stats    ] Pause Final Update Refs (N)         157 us
[0.408s][info][gc,stats    ]   Update Region States               16 us
[0.408s][info][gc,stats    ]   Trash Collection Set                2 us
[0.408s][info][gc,stats    ]   Rebuild Free Set                   17 us
[0.408s][info][gc,stats    ] Concurrent Cleanup                   74 us
[0.408s][info][gc,stats    ] 
[0.408s][info][gc,stats    ] Allocation pacing accrued:
[0.408s][info][gc,stats    ]       0 of     7 ms (  0.0%): <total>
[0.408s][info][gc,stats    ]       0 of     7 ms (  0.0%): <average total>
[0.408s][info][gc,stats    ] 
[0.408s][info][gc,metaspace] Metaspace: 392K(576K)->394K(576K) NonClass: 376K(448K)->377K(448K) Class: 16K(128K)->16K(128K)
[0.408s][info][gc,ergo     ] Pacer for Idle. Initial: 40642K, Alloc Tax Rate: 1.0x
[0.409s][info][gc          ] Trigger: Start next cycle immediately
[0.409s][info][gc,ergo     ] Free: 1881M, Max: 512K regular, 1881M humongous, Frag: 0% external, 0% internal; Reserve: 101888K, Max: 512K
[0.409s][info][gc,start    ] GC(24) Concurrent reset
[0.409s][info][gc,task     ] GC(24) Using 2 of 8 workers for concurrent reset
[0.409s][info][gc,ergo     ] GC(24) Pacer for Reset. Non-Taxable: 1984M
[0.410s][info][gc          ] GC(24) Concurrent reset 0.263ms
[0.410s][info][gc,start    ] GC(24) Pause Init Mark
[0.410s][info][gc,task     ] GC(24) Using 8 of 8 workers for init marking
[0.410s][info][gc,ergo     ] GC(24) Pacer for Mark. Expected Live: 1423K, Free: 1881M, Non-Taxable: 188M, Alloc Tax Rate: 0.0x
[0.410s][info][gc          ] GC(24) Pause Init Mark 0.129ms
[0.410s][info][gc,start    ] GC(24) Concurrent marking roots
[0.410s][info][gc,task     ] GC(24) Using 2 of 8 workers for concurrent marking roots
[0.410s][info][gc          ] GC(24) Concurrent marking roots 0.209ms
[0.410s][info][gc,start    ] GC(24) Concurrent marking
[0.410s][info][gc,task     ] GC(24) Using 2 of 8 workers for concurrent marking
[0.411s][info][gc          ] GC(24) Concurrent marking 1.319ms
[0.411s][info][gc,start    ] GC(24) Pause Final Mark
[0.411s][info][gc,task     ] GC(24) Using 8 of 8 workers for final marking
[0.412s][info][gc,ergo     ] GC(24) Collectable Garbage: 1287K (100%), Immediate: 0B (0%), CSet: 1287K (100%)
[0.412s][info][gc,ergo     ] GC(24) Pacer for Evacuation. Used CSet: 3582K, Free: 1881M, Non-Taxable: 188M, Alloc Tax Rate: 1.1x
[0.412s][info][gc          ] GC(24) Pause Final Mark 0.310ms
[0.412s][info][gc,start    ] GC(24) Concurrent thread roots
[0.412s][info][gc,task     ] GC(24) Using 2 of 8 workers for Concurrent thread roots
[0.412s][info][gc          ] GC(24) Concurrent thread roots 0.084ms
[0.412s][info][gc,start    ] GC(24) Concurrent weak references
[0.412s][info][gc,task     ] GC(24) Using 2 of 8 workers for concurrent weak references
[0.412s][info][gc,ref      ] GC(24) Encountered references: Soft: 31, Weak: 99, Final: 0, Phantom: 113
[0.412s][info][gc,ref      ] GC(24) Discovered  references: Soft: 0, Weak: 83, Final: 0, Phantom: 113
[0.412s][info][gc,ref      ] GC(24) Enqueued    references: Soft: 0, Weak: 0, Final: 0, Phantom: 0
[0.412s][info][gc          ] GC(24) Concurrent weak references 0.068ms
[0.412s][info][gc,start    ] GC(24) Concurrent weak roots
[0.412s][info][gc,task     ] GC(24) Using 2 of 8 workers for concurrent weak root
[0.412s][info][gc          ] GC(24) Concurrent weak roots 0.186ms
[0.412s][info][gc,start    ] GC(24) Concurrent cleanup
[0.412s][info][gc          ] GC(24) Concurrent cleanup 4M->4M(129M) 0.057ms
[0.412s][info][gc,ergo     ] GC(24) Free: 1880M, Max: 512K regular, 1880M humongous, Frag: 0% external, 0% internal; Reserve: 101768K, Max: 512K
[0.412s][info][gc,start    ] GC(24) Concurrent strong roots
[0.412s][info][gc,task     ] GC(24) Using 2 of 8 workers for concurrent strong root
[0.412s][info][gc          ] GC(24) Concurrent strong roots 0.164ms
[0.412s][info][gc,start    ] GC(24) Concurrent evacuation
[0.412s][info][gc,task     ] GC(24) Using 2 of 8 workers for concurrent evacuation
[0.413s][info][gc          ] GC(24) Concurrent evacuation 0.912ms
[0.413s][info][gc,start    ] GC(24) Pause Init Update Refs
[0.413s][info][gc,ergo     ] GC(24) Pacer for Update Refs. Used: 7813K, Free: 1880M, Non-Taxable: 188M, Alloc Tax Rate: 1.1x
[0.414s][info][gc          ] GC(24) Pause Init Update Refs 0.059ms
[0.414s][info][gc,start    ] GC(24) Concurrent update references
[0.414s][info][gc,task     ] GC(24) Using 2 of 8 workers for concurrent reference update
[0.415s][info][gc          ] GC(24) Concurrent update references 1.417ms
[0.415s][info][gc,start    ] GC(24) Concurrent update thread roots
[0.415s][info][gc          ] GC(24) Concurrent update thread roots 0.139ms
[0.415s][info][gc,start    ] GC(24) Pause Final Update Refs
[0.415s][info][gc,task     ] GC(24) Using 8 of 8 workers for final reference update
[0.415s][info][gc          ] GC(24) Pause Final Update Refs 0.108ms
[0.415s][info][gc,start    ] GC(24) Concurrent cleanup
[0.415s][info][gc          ] GC(24) Concurrent cleanup 7M->4M(130M) 0.063ms
[0.415s][info][gc,ergo     ] Free: 1880M, Max: 512K regular, 1879M humongous, Frag: 1% external, 0% internal; Reserve: 101888K, Max: 512K
[0.416s][info][gc,stats    ] 
[0.416s][info][gc,stats    ] All times are wall-clock times, except per-root-class counters, that are sum over
[0.416s][info][gc,stats    ] all workers. Dividing the <total> over the root stage time estimates parallelism.
[0.416s][info][gc,stats    ] 
[0.416s][info][gc,stats    ] Concurrent Reset                    278 us
[0.416s][info][gc,stats    ] Pause Init Mark (G)                 261 us
[0.416s][info][gc,stats    ] Pause Init Mark (N)                 162 us
[0.416s][info][gc,stats    ]   Update Region States               21 us
[0.416s][info][gc,stats    ] Concurrent Mark Roots               224 us, parallelism: 0.71x
[0.416s][info][gc,stats    ]   CMR: <total>                      159 us
[0.416s][info][gc,stats    ]   CMR: Thread Roots                  72 us, workers (us):  72,   0, ---, ---, ---, ---, ---, ---, 
[0.416s][info][gc,stats    ]   CMR: Code Cache Roots              62 us, workers (us):  62,   0, ---, ---, ---, ---, ---, ---, 
[0.416s][info][gc,stats    ]   CMR: VM Strong Roots                3 us, workers (us):   2,   0, ---, ---, ---, ---, ---, ---, 
[0.416s][info][gc,stats    ]   CMR: CLDG Roots                    23 us, workers (us):  23, ---, ---, ---, ---, ---, ---, ---, 
[0.416s][info][gc,stats    ] Concurrent Marking                 1337 us
[0.416s][info][gc,stats    ] Pause Final Mark (G)                447 us
[0.416s][info][gc,stats    ] Pause Final Mark (N)                354 us
[0.416s][info][gc,stats    ]   Finish Mark                       113 us
[0.416s][info][gc,stats    ]   Update Region States               15 us
[0.416s][info][gc,stats    ]   Choose Collection Set              66 us
[0.416s][info][gc,stats    ]   Rebuild Free Set                   17 us
[0.416s][info][gc,stats    ] Concurrent Thread Roots              93 us, parallelism: 0.32x
[0.416s][info][gc,stats    ]   CTR: <total>                       30 us
[0.416s][info][gc,stats    ]   CTR: Thread Roots                  30 us, workers (us):  30,   0, ---, ---, ---, ---, ---, ---, 
[0.416s][info][gc,stats    ] Concurrent Weak References           76 us, parallelism: 0.21x
[0.416s][info][gc,stats    ]   CWRF: <total>                      16 us
[0.416s][info][gc,stats    ]   CWRF: Weak References              16 us, workers (us):  15,   0, ---, ---, ---, ---, ---, ---, 
[0.416s][info][gc,stats    ] Concurrent Weak Roots               196 us
[0.416s][info][gc,stats    ]   Roots                              72 us, parallelism: 1.31x
[0.416s][info][gc,stats    ]     CWR: <total>                     95 us
[0.416s][info][gc,stats    ]     CWR: VM Weak Roots               95 us, workers (us):  61,  33, ---, ---, ---, ---, ---, ---, 
[0.416s][info][gc,stats    ]   Rendezvous                         99 us
[0.416s][info][gc,stats    ] Concurrent Cleanup                   65 us
[0.416s][info][gc,stats    ] Concurrent Strong Roots             176 us, parallelism: 0.78x
[0.416s][info][gc,stats    ]   CSR: <total>                      137 us
[0.416s][info][gc,stats    ]   CSR: Code Cache Roots              86 us, workers (us):  86,   0, ---, ---, ---, ---, ---, ---, 
[0.416s][info][gc,stats    ]   CSR: VM Strong Roots                5 us, workers (us):   5,   0, ---, ---, ---, ---, ---, ---, 
[0.416s][info][gc,stats    ]   CSR: CLDG Roots                    46 us, workers (us):  46, ---, ---, ---, ---, ---, ---, ---, 
[0.416s][info][gc,stats    ] Concurrent Evacuation               930 us
[0.416s][info][gc,stats    ] Pause Init Update Refs (G)          163 us
[0.416s][info][gc,stats    ] Pause Init Update Refs (N)           70 us
[0.416s][info][gc,stats    ]   Manage GCLABs                       2 us
[0.416s][info][gc,stats    ] Concurrent Update Refs             1433 us
[0.416s][info][gc,stats    ] Concurrent Update Thread Roots      151 us
[0.416s][info][gc,stats    ] Pause Final Update Refs (G)         270 us
[0.416s][info][gc,stats    ] Pause Final Update Refs (N)         159 us
[0.416s][info][gc,stats    ]   Update Region States               16 us
[0.416s][info][gc,stats    ]   Trash Collection Set                2 us
[0.416s][info][gc,stats    ]   Rebuild Free Set                   17 us
[0.416s][info][gc,stats    ] Concurrent Cleanup                   72 us
[0.416s][info][gc,stats    ] 
[0.416s][info][gc,stats    ] Allocation pacing accrued:
[0.416s][info][gc,stats    ]       0 of     8 ms (  0.0%): <total>
[0.416s][info][gc,stats    ]       0 of     8 ms (  0.0%): <average total>
[0.416s][info][gc,stats    ] 
[0.416s][info][gc,metaspace] Metaspace: 394K(576K)->397K(576K) NonClass: 378K(448K)->380K(448K) Class: 16K(128K)->16K(128K)
[0.416s][info][gc,ergo     ] Pacer for Idle. Initial: 40642K, Alloc Tax Rate: 1.0x
[0.417s][info][gc          ] Trigger: Start next cycle immediately
[0.417s][info][gc,ergo     ] Free: 1880M, Max: 512K regular, 1879M humongous, Frag: 1% external, 0% internal; Reserve: 101888K, Max: 512K
[0.417s][info][gc,start    ] GC(25) Concurrent reset
[0.417s][info][gc,task     ] GC(25) Using 2 of 8 workers for concurrent reset
[0.417s][info][gc,ergo     ] GC(25) Pacer for Reset. Non-Taxable: 1984M
[0.417s][info][gc          ] GC(25) Concurrent reset 0.265ms
[0.417s][info][gc,start    ] GC(25) Pause Init Mark (unload classes)
[0.417s][info][gc,task     ] GC(25) Using 8 of 8 workers for init marking
[0.417s][info][gc,ergo     ] GC(25) Pacer for Mark. Expected Live: 1677K, Free: 1880M, Non-Taxable: 188M, Alloc Tax Rate: 0.0x
[0.417s][info][gc          ] GC(25) Pause Init Mark (unload classes) 0.046ms
[0.418s][info][gc,start    ] GC(25) Concurrent marking roots
[0.418s][info][gc,task     ] GC(25) Using 2 of 8 workers for concurrent marking roots
[0.418s][info][gc          ] GC(25) Concurrent marking roots 0.135ms
[0.418s][info][gc,start    ] GC(25) Concurrent marking (unload classes)
[0.418s][info][gc,task     ] GC(25) Using 2 of 8 workers for concurrent marking
[0.418s][info][gc          ] GC(25) Concurrent marking (unload classes) 0.623ms
[0.418s][info][gc,start    ] GC(25) Pause Final Mark (unload classes)
[0.418s][info][gc,task     ] GC(25) Using 8 of 8 workers for final marking
[0.419s][info][gc,ergo     ] GC(25) Collectable Garbage: 2100K (100%), Immediate: 0B (0%), CSet: 2100K (100%)
[0.419s][info][gc,ergo     ] GC(25) Pacer for Evacuation. Used CSet: 4742K, Free: 1879M, Non-Taxable: 187M, Alloc Tax Rate: 1.1x
[0.419s][info][gc          ] GC(25) Pause Final Mark (unload classes) 0.282ms
[0.419s][info][gc,start    ] GC(25) Concurrent thread roots
[0.419s][info][gc,task     ] GC(25) Using 2 of 8 workers for Concurrent thread roots
[0.419s][info][gc          ] GC(25) Concurrent thread roots 0.096ms
[0.419s][info][gc,start    ] GC(25) Concurrent weak references
[0.419s][info][gc,task     ] GC(25) Using 2 of 8 workers for concurrent weak references
[0.419s][info][gc,ref      ] GC(25) Encountered references: Soft: 31, Weak: 99, Final: 0, Phantom: 132
[0.419s][info][gc,ref      ] GC(25) Discovered  references: Soft: 0, Weak: 36, Final: 0, Phantom: 130
[0.419s][info][gc,ref      ] GC(25) Enqueued    references: Soft: 0, Weak: 0, Final: 0, Phantom: 0
[0.419s][info][gc          ] GC(25) Concurrent weak references 0.060ms
[0.419s][info][gc,start    ] GC(25) Concurrent weak roots
[0.419s][info][gc,task     ] GC(25) Using 2 of 8 workers for concurrent weak root
[0.419s][info][gc          ] GC(25) Concurrent weak roots 0.187ms
[0.419s][info][gc,start    ] GC(25) Concurrent cleanup
[0.419s][info][gc          ] GC(25) Concurrent cleanup 5M->5M(130M) 0.054ms
[0.419s][info][gc,ergo     ] GC(25) Free: 1879M, Max: 512K regular, 1879M humongous, Frag: 0% external, 0% internal; Reserve: 101795K, Max: 512K
[0.419s][info][gc,start    ] GC(25) Concurrent class unloading
[0.419s][info][gc,task     ] GC(25) Using 2 of 8 workers for concurrent class unloading
[0.424s][info][gc          ] GC(25) Concurrent class unloading 4.505ms
[0.424s][info][gc,start    ] GC(25) Concurrent strong roots
[0.424s][info][gc,task     ] GC(25) Using 2 of 8 workers for concurrent strong root
[0.424s][info][gc          ] GC(25) Concurrent strong roots 0.082ms
[0.424s][info][gc,start    ] GC(25) Concurrent evacuation
[0.424s][info][gc,task     ] GC(25) Using 2 of 8 workers for concurrent evacuation
[0.429s][info][gc          ] GC(25) Concurrent evacuation 5.012ms
[0.429s][info][gc,start    ] GC(25) Pause Init Update Refs
[0.429s][info][gc,ergo     ] GC(25) Pacer for Update Refs. Used: 10578K, Free: 1878M, Non-Taxable: 187M, Alloc Tax Rate: 1.1x
[0.429s][info][gc          ] GC(25) Pause Init Update Refs 0.027ms
[0.429s][info][gc,start    ] GC(25) Concurrent update references
[0.429s][info][gc,task     ] GC(25) Using 2 of 8 workers for concurrent reference update
[0.430s][info][gc          ] GC(25) Concurrent update references 0.818ms
[0.430s][info][gc,start    ] GC(25) Concurrent update thread roots
[0.441s][info][gc          ] GC(25) Concurrent update thread roots 11.057ms
[0.441s][info][gc,start    ] GC(25) Pause Final Update Refs
[0.441s][info][gc,task     ] GC(25) Using 8 of 8 workers for final reference update
[0.441s][info][gc          ] GC(25) Pause Final Update Refs 0.060ms
[0.441s][info][gc,start    ] GC(25) Concurrent cleanup
[0.441s][info][gc          ] GC(25) Concurrent cleanup 10M->5M(132M) 0.054ms
[0.441s][info][gc,ergo     ] Free: 1879M, Max: 512K regular, 1877M humongous, Frag: 1% external, 0% internal; Reserve: 101888K, Max: 512K
[0.441s][info][gc,stats    ] 
[0.441s][info][gc,stats    ] All times are wall-clock times, except per-root-class counters, that are sum over
[0.441s][info][gc,stats    ] all workers. Dividing the <total> over the root stage time estimates parallelism.
[0.441s][info][gc,stats    ] 
[0.441s][info][gc,stats    ] Concurrent Reset                    280 us
[0.441s][info][gc,stats    ] Pause Init Mark (G)                 153 us
[0.441s][info][gc,stats    ] Pause Init Mark (N)                  54 us
[0.441s][info][gc,stats    ]   Update Region States               14 us
[0.441s][info][gc,stats    ] Concurrent Mark Roots               154 us, parallelism: 0.66x
[0.441s][info][gc,stats    ]   CMR: <total>                      102 us
[0.441s][info][gc,stats    ]   CMR: Thread Roots                  72 us, workers (us):  19,  54, ---, ---, ---, ---, ---, ---, 
[0.441s][info][gc,stats    ]   CMR: VM Strong Roots                2 us, workers (us):   2,   0, ---, ---, ---, ---, ---, ---, 
[0.441s][info][gc,stats    ]   CMR: CLDG Roots                    27 us, workers (us):  27, ---, ---, ---, ---, ---, ---, ---, 
[0.441s][info][gc,stats    ] Concurrent Marking                  642 us
[0.441s][info][gc,stats    ] Pause Final Mark (G)                377 us
[0.441s][info][gc,stats    ] Pause Final Mark (N)                291 us
[0.441s][info][gc,stats    ]   Finish Mark                       194 us
[0.441s][info][gc,stats    ]   Update Region States               12 us
[0.441s][info][gc,stats    ]   Choose Collection Set              29 us
[0.441s][info][gc,stats    ]   Rebuild Free Set                   15 us
[0.441s][info][gc,stats    ] Concurrent Thread Roots             104 us, parallelism: 0.48x
[0.441s][info][gc,stats    ]   CTR: <total>                       50 us
[0.441s][info][gc,stats    ]   CTR: Thread Roots                  50 us, workers (us):  50,   0, ---, ---, ---, ---, ---, ---, 
[0.441s][info][gc,stats    ] Concurrent Weak References           65 us, parallelism: 0.22x
[0.441s][info][gc,stats    ]   CWRF: <total>                      14 us
[0.441s][info][gc,stats    ]   CWRF: Weak References              14 us, workers (us):  14,   0, ---, ---, ---, ---, ---, ---, 
[0.441s][info][gc,stats    ] Concurrent Weak Roots               197 us
[0.441s][info][gc,stats    ]   Roots                             155 us, parallelism: 0.79x
[0.441s][info][gc,stats    ]     CWR: <total>                    122 us
[0.441s][info][gc,stats    ]     CWR: Code Cache Roots            38 us, workers (us):  38,   0, ---, ---, ---, ---, ---, ---, 
[0.441s][info][gc,stats    ]     CWR: VM Weak Roots               83 us, workers (us):  83,   0, ---, ---, ---, ---, ---, ---, 
[0.441s][info][gc,stats    ]     CWR: CLDG Roots                   1 us, workers (us):   1, ---, ---, ---, ---, ---, ---, ---, 
[0.441s][info][gc,stats    ]   Rendezvous                         17 us
[0.441s][info][gc,stats    ] Concurrent Cleanup                   62 us
[0.441s][info][gc,stats    ] Concurrent Class Unloading         4519 us
[0.441s][info][gc,stats    ]   Unlink Stale                      196 us
[0.441s][info][gc,stats    ]     System Dictionary                20 us
[0.441s][info][gc,stats    ]     Weak Class Links                  0 us
[0.441s][info][gc,stats    ]     Code Roots                      175 us
[0.441s][info][gc,stats    ]   Rendezvous                       4245 us
[0.441s][info][gc,stats    ]   Purge Unlinked                     46 us
[0.441s][info][gc,stats    ]     Code Roots                       43 us
[0.441s][info][gc,stats    ]     CLDG                              3 us
[0.441s][info][gc,stats    ]     Exception Caches                  0 us
[0.441s][info][gc,stats    ] Concurrent Strong Roots              91 us, parallelism: 0.58x
[0.441s][info][gc,stats    ]   CSR: <total>                       52 us
[0.441s][info][gc,stats    ]   CSR: VM Strong Roots                7 us, workers (us):   4,   3, ---, ---, ---, ---, ---, ---, 
[0.441s][info][gc,stats    ]   CSR: CLDG Roots                    45 us, workers (us):  45, ---, ---, ---, ---, ---, ---, ---, 
[0.441s][info][gc,stats    ] Concurrent Evacuation              5035 us
[0.441s][info][gc,stats    ] Pause Init Update Refs (G)          125 us
[0.441s][info][gc,stats    ] Pause Init Update Refs (N)           35 us
[0.441s][info][gc,stats    ]   Manage GCLABs                       3 us
[0.441s][info][gc,stats    ] Concurrent Update Refs              836 us
[0.442s][info][gc,stats    ] Concurrent Update Thread Roots    11078 us
[0.442s][info][gc,stats    ] Pause Final Update Refs (G)         159 us
[0.442s][info][gc,stats    ] Pause Final Update Refs (N)          69 us
[0.442s][info][gc,stats    ]   Update Region States               18 us
[0.442s][info][gc,stats    ]   Trash Collection Set                2 us
[0.442s][info][gc,stats    ]   Rebuild Free Set                   16 us
[0.442s][info][gc,stats    ] Concurrent Cleanup                   62 us
[0.442s][info][gc,stats    ] 
[0.442s][info][gc,stats    ] Allocation pacing accrued:
[0.442s][info][gc,stats    ]       0 of    26 ms (  0.0%): <total>
[0.442s][info][gc,stats    ]       0 of    26 ms (  0.0%): <average total>
[0.442s][info][gc,stats    ] 
[0.442s][info][gc,metaspace] Metaspace: 399K(576K)->404K(640K) NonClass: 382K(448K)->387K(512K) Class: 16K(128K)->16K(128K)
[0.442s][info][gc,ergo     ] Pacer for Idle. Initial: 40642K, Alloc Tax Rate: 1.0x
[0.443s][info][gc          ] Trigger: Start next cycle immediately
[0.443s][info][gc,ergo     ] Free: 1879M, Max: 512K regular, 1877M humongous, Frag: 1% external, 0% internal; Reserve: 101888K, Max: 512K
[0.443s][info][gc,start    ] GC(26) Concurrent reset
[0.443s][info][gc,task     ] GC(26) Using 2 of 8 workers for concurrent reset
[0.443s][info][gc,ergo     ] GC(26) Pacer for Reset. Non-Taxable: 1984M
[0.443s][info][gc          ] GC(26) Concurrent reset 0.218ms
[0.443s][info][gc,start    ] GC(26) Pause Init Mark
[0.443s][info][gc,task     ] GC(26) Using 8 of 8 workers for init marking
[0.443s][info][gc,ergo     ] GC(26) Pacer for Mark. Expected Live: 1975K, Free: 1879M, Non-Taxable: 187M, Alloc Tax Rate: 0.0x
[0.443s][info][gc          ] GC(26) Pause Init Mark 0.040ms
[0.443s][info][gc,start    ] GC(26) Concurrent marking roots
[0.443s][info][gc,task     ] GC(26) Using 2 of 8 workers for concurrent marking roots
[0.443s][info][gc          ] GC(26) Concurrent marking roots 0.186ms
[0.443s][info][gc,start    ] GC(26) Concurrent marking
[0.443s][info][gc,task     ] GC(26) Using 2 of 8 workers for concurrent marking
[0.444s][info][gc          ] GC(26) Concurrent marking 1.053ms
[0.444s][info][gc,start    ] GC(26) Pause Final Mark
[0.444s][info][gc,task     ] GC(26) Using 8 of 8 workers for final marking
[0.445s][info][gc,ergo     ] GC(26) Collectable Garbage: 1770K (100%), Immediate: 0B (0%), CSet: 1770K (100%)
[0.445s][info][gc,ergo     ] GC(26) Pacer for Evacuation. Used CSet: 4839K, Free: 1878M, Non-Taxable: 187M, Alloc Tax Rate: 1.1x
[0.445s][info][gc          ] GC(26) Pause Final Mark 0.222ms
[0.445s][info][gc,start    ] GC(26) Concurrent thread roots
[0.445s][info][gc,task     ] GC(26) Using 2 of 8 workers for Concurrent thread roots
[0.445s][info][gc          ] GC(26) Concurrent thread roots 0.071ms
[0.445s][info][gc,start    ] GC(26) Concurrent weak references
[0.445s][info][gc,task     ] GC(26) Using 2 of 8 workers for concurrent weak references
[0.445s][info][gc,ref      ] GC(26) Encountered references: Soft: 31, Weak: 99, Final: 0, Phantom: 155
[0.445s][info][gc,ref      ] GC(26) Discovered  references: Soft: 0, Weak: 83, Final: 0, Phantom: 115
[0.445s][info][gc,ref      ] GC(26) Enqueued    references: Soft: 0, Weak: 0, Final: 0, Phantom: 0
[0.445s][info][gc          ] GC(26) Concurrent weak references 0.070ms
[0.445s][info][gc,start    ] GC(26) Concurrent weak roots
[0.445s][info][gc,task     ] GC(26) Using 2 of 8 workers for concurrent weak root
[0.445s][info][gc          ] GC(26) Concurrent weak roots 0.170ms
[0.445s][info][gc,start    ] GC(26) Concurrent cleanup
[0.445s][info][gc          ] GC(26) Concurrent cleanup 6M->6M(132M) 0.054ms
[0.445s][info][gc,ergo     ] GC(26) Free: 1878M, Max: 512K regular, 1877M humongous, Frag: 1% external, 0% internal; Reserve: 101795K, Max: 512K
[0.445s][info][gc,start    ] GC(26) Concurrent strong roots
[0.445s][info][gc,task     ] GC(26) Using 2 of 8 workers for concurrent strong root
[0.445s][info][gc          ] GC(26) Concurrent strong roots 0.159ms
[0.445s][info][gc,start    ] GC(26) Concurrent evacuation
[0.445s][info][gc,task     ] GC(26) Using 2 of 8 workers for concurrent evacuation
[0.446s][info][gc          ] GC(26) Concurrent evacuation 0.799ms
[0.446s][info][gc,start    ] GC(26) Pause Init Update Refs
[0.446s][info][gc,ergo     ] GC(26) Pacer for Update Refs. Used: 10953K, Free: 1878M, Non-Taxable: 187M, Alloc Tax Rate: 1.1x
[0.446s][info][gc          ] GC(26) Pause Init Update Refs 0.023ms
[0.446s][info][gc,start    ] GC(26) Concurrent update references
[0.446s][info][gc,task     ] GC(26) Using 2 of 8 workers for concurrent reference update
[0.447s][info][gc          ] GC(26) Concurrent update references 0.791ms
[0.447s][info][gc,start    ] GC(26) Concurrent update thread roots
[0.447s][info][gc          ] GC(26) Concurrent update thread roots 0.116ms
[0.447s][info][gc,start    ] GC(26) Pause Final Update Refs
[0.447s][info][gc,task     ] GC(26) Using 8 of 8 workers for final reference update
[0.447s][info][gc          ] GC(26) Pause Final Update Refs 0.047ms
[0.447s][info][gc,start    ] GC(26) Concurrent cleanup
[0.447s][info][gc          ] GC(26) Concurrent cleanup 10M->5M(132M) 0.051ms
[0.447s][info][gc,ergo     ] Free: 1879M, Max: 512K regular, 1877M humongous, Frag: 1% external, 0% internal; Reserve: 101888K, Max: 512K
[0.447s][info][gc,stats    ] 
[0.447s][info][gc,stats    ] All times are wall-clock times, except per-root-class counters, that are sum over
[0.447s][info][gc,stats    ] all workers. Dividing the <total> over the root stage time estimates parallelism.
[0.447s][info][gc,stats    ] 
[0.447s][info][gc,stats    ] Concurrent Reset                    232 us
[0.447s][info][gc,stats    ] Pause Init Mark (G)                  63 us
[0.447s][info][gc,stats    ] Pause Init Mark (N)                  47 us
[0.447s][info][gc,stats    ]   Update Region States               10 us
[0.447s][info][gc,stats    ] Concurrent Mark Roots               200 us, parallelism: 1.26x
[0.447s][info][gc,stats    ]   CMR: <total>                      251 us
[0.447s][info][gc,stats    ]   CMR: Thread Roots                 130 us, workers (us): 100,  29, ---, ---, ---, ---, ---, ---, 
[0.447s][info][gc,stats    ]   CMR: Code Cache Roots              91 us, workers (us):   6,  85, ---, ---, ---, ---, ---, ---, 
[0.447s][info][gc,stats    ]   CMR: VM Strong Roots                4 us, workers (us):   3,   1, ---, ---, ---, ---, ---, ---, 
[0.447s][info][gc,stats    ]   CMR: CLDG Roots                    27 us, workers (us):  27, ---, ---, ---, ---, ---, ---, ---, 
[0.447s][info][gc,stats    ] Concurrent Marking                 1071 us
[0.447s][info][gc,stats    ] Pause Final Mark (G)                318 us
[0.447s][info][gc,stats    ] Pause Final Mark (N)                230 us
[0.447s][info][gc,stats    ]   Finish Mark                       133 us
[0.447s][info][gc,stats    ]   Update Region States               13 us
[0.447s][info][gc,stats    ]   Choose Collection Set              29 us
[0.447s][info][gc,stats    ]   Rebuild Free Set                   15 us
[0.447s][info][gc,stats    ] Concurrent Thread Roots              80 us, parallelism: 0.74x
[0.447s][info][gc,stats    ]   CTR: <total>                       59 us
[0.447s][info][gc,stats    ]   CTR: Thread Roots                  59 us, workers (us):  41,  19, ---, ---, ---, ---, ---, ---, 
[0.447s][info][gc,stats    ] Concurrent Weak References           77 us, parallelism: 0.25x
[0.447s][info][gc,stats    ]   CWRF: <total>                      19 us
[0.447s][info][gc,stats    ]   CWRF: Weak References              19 us, workers (us):  19,   1, ---, ---, ---, ---, ---, ---, 
[0.447s][info][gc,stats    ] Concurrent Weak Roots               181 us
[0.448s][info][gc,stats    ]   Roots                              62 us, parallelism: 1.45x
[0.448s][info][gc,stats    ]     CWR: <total>                     90 us
[0.448s][info][gc,stats    ]     CWR: VM Weak Roots               90 us, workers (us):  46,  44, ---, ---, ---, ---, ---, ---, 
[0.448s][info][gc,stats    ]   Rendezvous                         92 us
[0.448s][info][gc,stats    ] Concurrent Cleanup                   62 us
[0.448s][info][gc,stats    ] Concurrent Strong Roots             173 us, parallelism: 1.10x
[0.448s][info][gc,stats    ]   CSR: <total>                      189 us
[0.448s][info][gc,stats    ]   CSR: Code Cache Roots             130 us, workers (us):  19, 111, ---, ---, ---, ---, ---, ---, 
[0.448s][info][gc,stats    ]   CSR: VM Strong Roots                7 us, workers (us):   7,   0, ---, ---, ---, ---, ---, ---, 
[0.448s][info][gc,stats    ]   CSR: CLDG Roots                    52 us, workers (us):  52, ---, ---, ---, ---, ---, ---, ---, 
[0.448s][info][gc,stats    ] Concurrent Evacuation               816 us
[0.448s][info][gc,stats    ] Pause Init Update Refs (G)          115 us
[0.448s][info][gc,stats    ] Pause Init Update Refs (N)           32 us
[0.448s][info][gc,stats    ]   Manage GCLABs                       3 us
[0.448s][info][gc,stats    ] Concurrent Update Refs              821 us
[0.448s][info][gc,stats    ] Concurrent Update Thread Roots      127 us
[0.448s][info][gc,stats    ] Pause Final Update Refs (G)          69 us
[0.448s][info][gc,stats    ] Pause Final Update Refs (N)          56 us
[0.448s][info][gc,stats    ]   Update Region States               12 us
[0.448s][info][gc,stats    ]   Trash Collection Set                2 us
[0.448s][info][gc,stats    ]   Rebuild Free Set                   15 us
[0.448s][info][gc,stats    ] Concurrent Cleanup                   59 us
[0.448s][info][gc,stats    ] 
[0.448s][info][gc,stats    ] Allocation pacing accrued:
[0.448s][info][gc,stats    ]       0 of     6 ms (  0.0%): <total>
[0.448s][info][gc,stats    ]       0 of     6 ms (  0.0%): <average total>
[0.448s][info][gc,stats    ] 
[0.448s][info][gc,metaspace] Metaspace: 404K(640K)->405K(640K) NonClass: 387K(512K)->389K(512K) Class: 16K(128K)->16K(128K)
[0.448s][info][gc,ergo     ] Pacer for Idle. Initial: 40642K, Alloc Tax Rate: 1.0x
[0.449s][info][gc          ] Trigger: Start next cycle immediately
[0.449s][info][gc,ergo     ] Free: 1879M, Max: 512K regular, 1877M humongous, Frag: 1% external, 0% internal; Reserve: 101888K, Max: 512K
[0.449s][info][gc,start    ] GC(27) Concurrent reset
[0.449s][info][gc,task     ] GC(27) Using 2 of 8 workers for concurrent reset
[0.449s][info][gc,ergo     ] GC(27) Pacer for Reset. Non-Taxable: 1984M
[0.449s][info][gc          ] GC(27) Concurrent reset 0.244ms
[0.449s][info][gc,start    ] GC(27) Pause Init Mark
[0.449s][info][gc,task     ] GC(27) Using 8 of 8 workers for init marking
[0.449s][info][gc,ergo     ] GC(27) Pacer for Mark. Expected Live: 2531K, Free: 1879M, Non-Taxable: 187M, Alloc Tax Rate: 0.0x
[0.449s][info][gc          ] GC(27) Pause Init Mark 0.042ms
[0.449s][info][gc,start    ] GC(27) Concurrent marking roots
[0.449s][info][gc,task     ] GC(27) Using 2 of 8 workers for concurrent marking roots
[0.450s][info][gc          ] GC(27) Concurrent marking roots 0.135ms
[0.450s][info][gc,start    ] GC(27) Concurrent marking
[0.450s][info][gc,task     ] GC(27) Using 2 of 8 workers for concurrent marking
[0.450s][info][gc          ] GC(27) Concurrent marking 0.753ms
[0.450s][info][gc,start    ] GC(27) Pause Final Mark
[0.450s][info][gc,task     ] GC(27) Using 8 of 8 workers for final marking
[0.451s][info][gc,ergo     ] GC(27) Collectable Garbage: 1937K (100%), Immediate: 0B (0%), CSet: 1937K (100%)
[0.451s][info][gc,ergo     ] GC(27) Pacer for Evacuation. Used CSet: 5116K, Free: 1878M, Non-Taxable: 187M, Alloc Tax Rate: 1.1x
[0.451s][info][gc          ] GC(27) Pause Final Mark 0.189ms
[0.451s][info][gc,start    ] GC(27) Concurrent thread roots
[0.451s][info][gc,task     ] GC(27) Using 2 of 8 workers for Concurrent thread roots
[0.451s][info][gc          ] GC(27) Concurrent thread roots 0.094ms
[0.451s][info][gc,start    ] GC(27) Concurrent weak references
[0.451s][info][gc,task     ] GC(27) Using 2 of 8 workers for concurrent weak references
[0.451s][info][gc,ref      ] GC(27) Encountered references: Soft: 31, Weak: 99, Final: 0, Phantom: 170
[0.451s][info][gc,ref      ] GC(27) Discovered  references: Soft: 0, Weak: 83, Final: 0, Phantom: 137
[0.451s][info][gc,ref      ] GC(27) Enqueued    references: Soft: 0, Weak: 0, Final: 0, Phantom: 0
[0.451s][info][gc          ] GC(27) Concurrent weak references 0.078ms
[0.451s][info][gc,start    ] GC(27) Concurrent weak roots
[0.451s][info][gc,task     ] GC(27) Using 2 of 8 workers for concurrent weak root
[0.451s][info][gc          ] GC(27) Concurrent weak roots 0.388ms
[0.451s][info][gc,start    ] GC(27) Concurrent cleanup
[0.451s][info][gc          ] GC(27) Concurrent cleanup 7M->7M(132M) 0.057ms
[0.451s][info][gc,ergo     ] GC(27) Free: 1878M, Max: 512K regular, 1877M humongous, Frag: 1% external, 0% internal; Reserve: 101787K, Max: 512K
[0.451s][info][gc,start    ] GC(27) Concurrent strong roots
[0.451s][info][gc,task     ] GC(27) Using 2 of 8 workers for concurrent strong root
[0.451s][info][gc          ] GC(27) Concurrent strong roots 0.127ms
[0.451s][info][gc,start    ] GC(27) Concurrent evacuation
[0.451s][info][gc,task     ] GC(27) Using 2 of 8 workers for concurrent evacuation
[0.453s][info][gc          ] GC(27) Concurrent evacuation 1.173ms
[0.453s][info][gc,start    ] GC(27) Pause Init Update Refs
[0.453s][info][gc,ergo     ] GC(27) Pacer for Update Refs. Used: 10969K, Free: 1878M, Non-Taxable: 187M, Alloc Tax Rate: 1.1x
[0.453s][info][gc          ] GC(27) Pause Init Update Refs 0.025ms
[0.453s][info][gc,start    ] GC(27) Concurrent update references
[0.453s][info][gc,task     ] GC(27) Using 2 of 8 workers for concurrent reference update
[0.453s][info][gc          ] GC(27) Concurrent update references 0.676ms
[0.453s][info][gc,start    ] GC(27) Concurrent update thread roots
[0.454s][info][gc          ] GC(27) Concurrent update thread roots 0.198ms
[0.454s][info][gc,start    ] GC(27) Pause Final Update Refs
[0.454s][info][gc,task     ] GC(27) Using 8 of 8 workers for final reference update
[0.454s][info][gc          ] GC(27) Pause Final Update Refs 0.050ms
[0.456s][info][gc,start    ] GC(27) Concurrent cleanup
[0.456s][info][gc          ] GC(27) Concurrent cleanup 10M->5M(132M) 0.074ms
[0.456s][info][gc,ergo     ] Free: 1879M, Max: 512K regular, 1877M humongous, Frag: 1% external, 0% internal; Reserve: 101888K, Max: 512K
[0.456s][info][gc,stats    ] 
[0.456s][info][gc,stats    ] All times are wall-clock times, except per-root-class counters, that are sum over
[0.456s][info][gc,stats    ] all workers. Dividing the <total> over the root stage time estimates parallelism.
[0.456s][info][gc,stats    ] 
[0.457s][info][gc,stats    ] Concurrent Reset                    259 us
[0.457s][info][gc,stats    ] Pause Init Mark (G)                 133 us
[0.457s][info][gc,stats    ] Pause Init Mark (N)                  49 us
[0.457s][info][gc,stats    ]   Update Region States               12 us
[0.457s][info][gc,stats    ] Concurrent Mark Roots               146 us, parallelism: 1.17x
[0.457s][info][gc,stats    ]   CMR: <total>                      171 us
[0.457s][info][gc,stats    ]   CMR: Thread Roots                  70 us, workers (us):  53,  17, ---, ---, ---, ---, ---, ---, 
[0.457s][info][gc,stats    ]   CMR: Code Cache Roots              76 us, workers (us):   8,  67, ---, ---, ---, ---, ---, ---, 
[0.457s][info][gc,stats    ]   CMR: VM Strong Roots                3 us, workers (us):   3,   0, ---, ---, ---, ---, ---, ---, 
[0.457s][info][gc,stats    ]   CMR: CLDG Roots                    22 us, workers (us):  22, ---, ---, ---, ---, ---, ---, ---, 
[0.457s][info][gc,stats    ] Concurrent Marking                  772 us
[0.457s][info][gc,stats    ] Pause Final Mark (G)                279 us
[0.457s][info][gc,stats    ] Pause Final Mark (N)                196 us
[0.457s][info][gc,stats    ]   Finish Mark                       103 us
[0.457s][info][gc,stats    ]   Update Region States               12 us
[0.457s][info][gc,stats    ]   Choose Collection Set              27 us
[0.457s][info][gc,stats    ]   Rebuild Free Set                   15 us
[0.457s][info][gc,stats    ] Concurrent Thread Roots             103 us, parallelism: 1.04x
[0.457s][info][gc,stats    ]   CTR: <total>                      107 us
[0.457s][info][gc,stats    ]   CTR: Thread Roots                 107 us, workers (us):  66,  41, ---, ---, ---, ---, ---, ---, 
[0.457s][info][gc,stats    ] Concurrent Weak References           85 us, parallelism: 0.26x
[0.457s][info][gc,stats    ]   CWRF: <total>                      22 us
[0.457s][info][gc,stats    ]   CWRF: Weak References              22 us, workers (us):   5,  17, ---, ---, ---, ---, ---, ---, 
[0.457s][info][gc,stats    ] Concurrent Weak Roots               403 us
[0.457s][info][gc,stats    ]   Roots                             276 us, parallelism: 0.36x
[0.457s][info][gc,stats    ]     CWR: <total>                    100 us
[0.457s][info][gc,stats    ]     CWR: VM Weak Roots              100 us, workers (us):  51,  49, ---, ---, ---, ---, ---, ---, 
[0.457s][info][gc,stats    ]   Rendezvous                         96 us
[0.457s][info][gc,stats    ] Concurrent Cleanup                   65 us
[0.457s][info][gc,stats    ] Concurrent Strong Roots             138 us, parallelism: 1.04x
[0.457s][info][gc,stats    ]   CSR: <total>                      144 us
[0.457s][info][gc,stats    ]   CSR: Code Cache Roots              95 us, workers (us):   9,  86, ---, ---, ---, ---, ---, ---, 
[0.457s][info][gc,stats    ]   CSR: VM Strong Roots                5 us, workers (us):   5,   0, ---, ---, ---, ---, ---, ---, 
[0.457s][info][gc,stats    ]   CSR: CLDG Roots                    43 us, workers (us):  43, ---, ---, ---, ---, ---, ---, ---, 
[0.457s][info][gc,stats    ] Concurrent Evacuation              1188 us
[0.457s][info][gc,stats    ] Pause Init Update Refs (G)          121 us
[0.457s][info][gc,stats    ] Pause Init Update Refs (N)           32 us
[0.457s][info][gc,stats    ]   Manage GCLABs                       2 us
[0.457s][info][gc,stats    ] Concurrent Update Refs              693 us
[0.457s][info][gc,stats    ] Concurrent Update Thread Roots      210 us
[0.457s][info][gc,stats    ] Pause Final Update Refs (G)        2696 us
[0.457s][info][gc,stats    ] Pause Final Update Refs (N)          58 us
[0.457s][info][gc,stats    ]   Update Region States               12 us
[0.457s][info][gc,stats    ]   Trash Collection Set                2 us
[0.457s][info][gc,stats    ]   Rebuild Free Set                   15 us
[0.457s][info][gc,stats    ] Concurrent Cleanup                   84 us
[0.457s][info][gc,stats    ] 
[0.457s][info][gc,stats    ] Allocation pacing accrued:
[0.457s][info][gc,stats    ]       0 of     9 ms (  0.0%): <total>
[0.457s][info][gc,stats    ]       0 of     9 ms (  0.0%): <average total>
[0.457s][info][gc,stats    ] 
[0.457s][info][gc,metaspace] Metaspace: 410K(640K)->421K(640K) NonClass: 393K(512K)->405K(512K) Class: 16K(128K)->16K(128K)
[0.457s][info][gc,ergo     ] Pacer for Idle. Initial: 40642K, Alloc Tax Rate: 1.0x
[0.458s][info][gc          ] Trigger: Start next cycle immediately
[0.458s][info][gc,ergo     ] Free: 1879M, Max: 512K regular, 1877M humongous, Frag: 1% external, 0% internal; Reserve: 101888K, Max: 512K
[0.458s][info][gc,start    ] GC(28) Concurrent reset
[0.458s][info][gc,task     ] GC(28) Using 2 of 8 workers for concurrent reset
[0.458s][info][gc,ergo     ] GC(28) Pacer for Reset. Non-Taxable: 1984M
[0.459s][info][gc          ] GC(28) Concurrent reset 0.238ms
[0.459s][info][gc,start    ] GC(28) Pause Init Mark (unload classes)
[0.459s][info][gc,task     ] GC(28) Using 8 of 8 workers for init marking
[0.459s][info][gc,ergo     ] GC(28) Pacer for Mark. Expected Live: 3009K, Free: 1879M, Non-Taxable: 187M, Alloc Tax Rate: 0.0x
[0.459s][info][gc          ] GC(28) Pause Init Mark (unload classes) 0.047ms
[0.459s][info][gc,start    ] GC(28) Concurrent marking roots
[0.459s][info][gc,task     ] GC(28) Using 2 of 8 workers for concurrent marking roots
[0.459s][info][gc          ] GC(28) Concurrent marking roots 0.120ms
[0.459s][info][gc,start    ] GC(28) Concurrent marking (unload classes)
[0.459s][info][gc,task     ] GC(28) Using 2 of 8 workers for concurrent marking
[0.460s][info][gc          ] GC(28) Concurrent marking (unload classes) 0.691ms
[0.460s][info][gc,start    ] GC(28) Pause Final Mark (unload classes)
[0.460s][info][gc,task     ] GC(28) Using 8 of 8 workers for final marking
[0.460s][info][gc,ergo     ] GC(28) Collectable Garbage: 1599K (100%), Immediate: 0B (0%), CSet: 1599K (100%)
[0.460s][info][gc,ergo     ] GC(28) Pacer for Evacuation. Used CSet: 4855K, Free: 1879M, Non-Taxable: 187M, Alloc Tax Rate: 1.1x
[0.460s][info][gc          ] GC(28) Pause Final Mark (unload classes) 0.216ms
[0.460s][info][gc,start    ] GC(28) Concurrent thread roots
[0.460s][info][gc,task     ] GC(28) Using 2 of 8 workers for Concurrent thread roots
[0.460s][info][gc          ] GC(28) Concurrent thread roots 0.058ms
[0.460s][info][gc,start    ] GC(28) Concurrent weak references
[0.460s][info][gc,task     ] GC(28) Using 2 of 8 workers for concurrent weak references
[0.460s][info][gc,ref      ] GC(28) Encountered references: Soft: 31, Weak: 99, Final: 0, Phantom: 179
[0.460s][info][gc,ref      ] GC(28) Discovered  references: Soft: 0, Weak: 36, Final: 0, Phantom: 164
[0.460s][info][gc,ref      ] GC(28) Enqueued    references: Soft: 0, Weak: 0, Final: 0, Phantom: 0
[0.460s][info][gc          ] GC(28) Concurrent weak references 0.062ms
[0.460s][info][gc,start    ] GC(28) Concurrent weak roots
[0.460s][info][gc,task     ] GC(28) Using 2 of 8 workers for concurrent weak root
[0.461s][info][gc          ] GC(28) Concurrent weak roots 0.946ms
[0.461s][info][gc,start    ] GC(28) Concurrent cleanup
[0.461s][info][gc          ] GC(28) Concurrent cleanup 6M->6M(132M) 0.057ms
[0.461s][info][gc,ergo     ] GC(28) Free: 1878M, Max: 512K regular, 1877M humongous, Frag: 1% external, 0% internal; Reserve: 101795K, Max: 512K
[0.461s][info][gc,start    ] GC(28) Concurrent class unloading
[0.461s][info][gc,task     ] GC(28) Using 2 of 8 workers for concurrent class unloading
[0.462s][info][gc          ] GC(28) Concurrent class unloading 0.709ms
[0.462s][info][gc,start    ] GC(28) Concurrent strong roots
[0.462s][info][gc,task     ] GC(28) Using 2 of 8 workers for concurrent strong root
[0.462s][info][gc          ] GC(28) Concurrent strong roots 0.089ms
[0.462s][info][gc,start    ] GC(28) Concurrent evacuation
[0.462s][info][gc,task     ] GC(28) Using 2 of 8 workers for concurrent evacuation
[0.463s][info][gc          ] GC(28) Concurrent evacuation 0.972ms
[0.463s][info][gc,start    ] GC(28) Pause Init Update Refs
[0.463s][info][gc,ergo     ] GC(28) Pacer for Update Refs. Used: 10672K, Free: 1878M, Non-Taxable: 187M, Alloc Tax Rate: 1.1x
[0.463s][info][gc          ] GC(28) Pause Init Update Refs 0.023ms
[0.463s][info][gc,start    ] GC(28) Concurrent update references
[0.463s][info][gc,task     ] GC(28) Using 2 of 8 workers for concurrent reference update
[0.468s][info][gc          ] GC(28) Concurrent update references 5.185ms
[0.468s][info][gc,start    ] GC(28) Concurrent update thread roots
[0.468s][info][gc          ] GC(28) Concurrent update thread roots 0.218ms
[0.469s][info][gc,start    ] GC(28) Pause Final Update Refs
[0.469s][info][gc,task     ] GC(28) Using 8 of 8 workers for final reference update
[0.469s][info][gc          ] GC(28) Pause Final Update Refs 0.059ms
[0.469s][info][gc,start    ] GC(28) Concurrent cleanup
[0.469s][info][gc          ] GC(28) Concurrent cleanup 10M->5M(133M) 0.054ms
[0.469s][info][gc,ergo     ] Free: 1879M, Max: 512K regular, 1877M humongous, Frag: 1% external, 0% internal; Reserve: 101888K, Max: 512K
[0.469s][info][gc,stats    ] 
[0.469s][info][gc,stats    ] All times are wall-clock times, except per-root-class counters, that are sum over
[0.469s][info][gc,stats    ] all workers. Dividing the <total> over the root stage time estimates parallelism.
[0.469s][info][gc,stats    ] 
[0.469s][info][gc,stats    ] Concurrent Reset                    259 us
[0.469s][info][gc,stats    ] Pause Init Mark (G)                 141 us
[0.469s][info][gc,stats    ] Pause Init Mark (N)                  55 us
[0.469s][info][gc,stats    ]   Update Region States               14 us
[0.469s][info][gc,stats    ] Concurrent Mark Roots               131 us, parallelism: 0.80x
[0.469s][info][gc,stats    ]   CMR: <total>                      104 us
[0.469s][info][gc,stats    ]   CMR: Thread Roots                  82 us, workers (us):  15,  67, ---, ---, ---, ---, ---, ---, 
[0.469s][info][gc,stats    ]   CMR: VM Strong Roots                3 us, workers (us):   2,   0, ---, ---, ---, ---, ---, ---, 
[0.469s][info][gc,stats    ]   CMR: CLDG Roots                    20 us, workers (us):  20, ---, ---, ---, ---, ---, ---, ---, 
[0.469s][info][gc,stats    ] Concurrent Marking                  708 us
[0.469s][info][gc,stats    ] Pause Final Mark (G)                310 us
[0.469s][info][gc,stats    ] Pause Final Mark (N)                224 us
[0.469s][info][gc,stats    ]   Finish Mark                       119 us
[0.469s][info][gc,stats    ]   Update Region States               12 us
[0.469s][info][gc,stats    ]   Choose Collection Set              26 us
[0.469s][info][gc,stats    ]   Rebuild Free Set                   14 us
[0.469s][info][gc,stats    ] Concurrent Thread Roots              68 us, parallelism: 0.79x
[0.469s][info][gc,stats    ]   CTR: <total>                       54 us
[0.469s][info][gc,stats    ]   CTR: Thread Roots                  54 us, workers (us):  34,  20, ---, ---, ---, ---, ---, ---, 
[0.469s][info][gc,stats    ] Concurrent Weak References           69 us, parallelism: 0.27x
[0.469s][info][gc,stats    ]   CWRF: <total>                      19 us
[0.469s][info][gc,stats    ]   CWRF: Weak References              19 us, workers (us):  16,   3, ---, ---, ---, ---, ---, ---, 
[0.469s][info][gc,stats    ] Concurrent Weak Roots               962 us
[0.469s][info][gc,stats    ]   Roots                             118 us, parallelism: 1.29x
[0.469s][info][gc,stats    ]     CWR: <total>                    152 us
[0.469s][info][gc,stats    ]     CWR: Code Cache Roots            54 us, workers (us):   8,  45, ---, ---, ---, ---, ---, ---, 
[0.469s][info][gc,stats    ]     CWR: VM Weak Roots               98 us, workers (us):  56,  42, ---, ---, ---, ---, ---, ---, 
[0.469s][info][gc,stats    ]     CWR: CLDG Roots                   1 us, workers (us): ---,   1, ---, ---, ---, ---, ---, ---, 
[0.469s][info][gc,stats    ]   Rendezvous                        812 us
[0.469s][info][gc,stats    ] Concurrent Cleanup                   66 us
[0.469s][info][gc,stats    ] Concurrent Class Unloading          723 us
[0.469s][info][gc,stats    ]   Unlink Stale                      254 us
[0.469s][info][gc,stats    ]     System Dictionary                32 us
[0.469s][info][gc,stats    ]     Weak Class Links                  0 us
[0.469s][info][gc,stats    ]     Code Roots                      221 us
[0.469s][info][gc,stats    ]   Rendezvous                        415 us
[0.469s][info][gc,stats    ]   Purge Unlinked                     23 us
[0.469s][info][gc,stats    ]     Code Roots                       20 us
[0.469s][info][gc,stats    ]     CLDG                              2 us
[0.469s][info][gc,stats    ]     Exception Caches                  0 us
[0.469s][info][gc,stats    ] Concurrent Strong Roots             104 us, parallelism: 0.48x
[0.469s][info][gc,stats    ]   CSR: <total>                       50 us
[0.469s][info][gc,stats    ]   CSR: VM Strong Roots                6 us, workers (us):   5,   1, ---, ---, ---, ---, ---, ---, 
[0.469s][info][gc,stats    ]   CSR: CLDG Roots                    44 us, workers (us):  44, ---, ---, ---, ---, ---, ---, ---, 
[0.469s][info][gc,stats    ] Concurrent Evacuation               993 us
[0.469s][info][gc,stats    ] Pause Init Update Refs (G)          116 us
[0.469s][info][gc,stats    ] Pause Init Update Refs (N)           31 us
[0.469s][info][gc,stats    ]   Manage GCLABs                       2 us
[0.469s][info][gc,stats    ] Concurrent Update Refs             5210 us
[0.469s][info][gc,stats    ] Concurrent Update Thread Roots      231 us
[0.469s][info][gc,stats    ] Pause Final Update Refs (G)         158 us
[0.469s][info][gc,stats    ] Pause Final Update Refs (N)          68 us
[0.469s][info][gc,stats    ]   Update Region States               15 us
[0.469s][info][gc,stats    ]   Trash Collection Set                2 us
[0.469s][info][gc,stats    ]   Rebuild Free Set                   16 us
[0.469s][info][gc,stats    ] Concurrent Cleanup                   62 us
[0.469s][info][gc,stats    ] 
[0.469s][info][gc,stats    ] Allocation pacing accrued:
[0.469s][info][gc,stats    ]       0 of    12 ms (  0.0%): <total>
[0.469s][info][gc,stats    ]       0 of    12 ms (  0.0%): <average total>
[0.469s][info][gc,stats    ] 
[0.469s][info][gc,metaspace] Metaspace: 425K(640K)->433K(640K) NonClass: 408K(512K)->416K(512K) Class: 16K(128K)->16K(128K)
[0.469s][info][gc,ergo     ] Pacer for Idle. Initial: 40642K, Alloc Tax Rate: 1.0x
[0.470s][info][gc          ] Trigger: Start next cycle immediately
[0.470s][info][gc,ergo     ] Free: 1879M, Max: 512K regular, 1877M humongous, Frag: 1% external, 0% internal; Reserve: 101888K, Max: 512K
[0.470s][info][gc,start    ] GC(29) Concurrent reset
[0.470s][info][gc,task     ] GC(29) Using 2 of 8 workers for concurrent reset
[0.470s][info][gc,ergo     ] GC(29) Pacer for Reset. Non-Taxable: 1984M
[0.474s][info][gc          ] GC(29) Concurrent reset 3.902ms
[0.474s][info][gc,start    ] GC(29) Pause Init Mark
[0.475s][info][gc,task     ] GC(29) Using 8 of 8 workers for init marking
[0.475s][info][gc,ergo     ] GC(29) Pacer for Mark. Expected Live: 3486K, Free: 1878M, Non-Taxable: 187M, Alloc Tax Rate: 0.0x
[0.475s][info][gc          ] GC(29) Pause Init Mark 0.053ms
[0.475s][info][gc,start    ] GC(29) Concurrent marking roots
[0.475s][info][gc,task     ] GC(29) Using 2 of 8 workers for concurrent marking roots
[0.475s][info][gc          ] GC(29) Concurrent marking roots 0.162ms
[0.475s][info][gc,start    ] GC(29) Concurrent marking
[0.475s][info][gc,task     ] GC(29) Using 2 of 8 workers for concurrent marking
[0.475s][info][gc          ] GC(29) Concurrent marking 0.708ms
[0.476s][info][gc,start    ] GC(29) Pause Final Mark
[0.476s][info][gc,task     ] GC(29) Using 8 of 8 workers for final marking
[0.476s][info][gc,ergo     ] GC(29) Collectable Garbage: 1835K (100%), Immediate: 0B (0%), CSet: 1835K (100%)
[0.476s][info][gc,ergo     ] GC(29) Pacer for Evacuation. Used CSet: 5330K, Free: 1878M, Non-Taxable: 187M, Alloc Tax Rate: 1.1x
[0.476s][info][gc          ] GC(29) Pause Final Mark 0.375ms
[0.476s][info][gc,start    ] GC(29) Concurrent thread roots
[0.476s][info][gc,task     ] GC(29) Using 2 of 8 workers for Concurrent thread roots
[0.476s][info][gc          ] GC(29) Concurrent thread roots 0.077ms
[0.476s][info][gc,start    ] GC(29) Concurrent weak references
[0.476s][info][gc,task     ] GC(29) Using 2 of 8 workers for concurrent weak references
[0.476s][info][gc,ref      ] GC(29) Encountered references: Soft: 31, Weak: 99, Final: 0, Phantom: 194
[0.476s][info][gc,ref      ] GC(29) Discovered  references: Soft: 0, Weak: 83, Final: 0, Phantom: 140
[0.476s][info][gc,ref      ] GC(29) Enqueued    references: Soft: 0, Weak: 0, Final: 0, Phantom: 0
[0.476s][info][gc          ] GC(29) Concurrent weak references 0.066ms
[0.476s][info][gc,start    ] GC(29) Concurrent weak roots
[0.476s][info][gc,task     ] GC(29) Using 2 of 8 workers for concurrent weak root
[0.476s][info][gc          ] GC(29) Concurrent weak roots 0.174ms
[0.476s][info][gc,start    ] GC(29) Concurrent cleanup
[0.476s][info][gc          ] GC(29) Concurrent cleanup 6M->6M(133M) 0.056ms
[0.476s][info][gc,ergo     ] GC(29) Free: 1878M, Max: 512K regular, 1877M humongous, Frag: 1% external, 0% internal; Reserve: 101756K, Max: 512K
[0.476s][info][gc,start    ] GC(29) Concurrent strong roots
[0.476s][info][gc,task     ] GC(29) Using 2 of 8 workers for concurrent strong root
[0.477s][info][gc          ] GC(29) Concurrent strong roots 0.131ms
[0.477s][info][gc,start    ] GC(29) Concurrent evacuation
[0.477s][info][gc,task     ] GC(29) Using 2 of 8 workers for concurrent evacuation
[0.478s][info][gc          ] GC(29) Concurrent evacuation 1.114ms
[0.478s][info][gc,start    ] GC(29) Pause Init Update Refs
[0.478s][info][gc,ergo     ] GC(29) Pacer for Update Refs. Used: 11956K, Free: 1877M, Non-Taxable: 187M, Alloc Tax Rate: 1.1x
[0.478s][info][gc          ] GC(29) Pause Init Update Refs 0.026ms
[0.478s][info][gc,start    ] GC(29) Concurrent update references
[0.478s][info][gc,task     ] GC(29) Using 2 of 8 workers for concurrent reference update
[0.479s][info][gc          ] GC(29) Concurrent update references 0.736ms
[0.479s][info][gc,start    ] GC(29) Concurrent update thread roots
[0.479s][info][gc          ] GC(29) Concurrent update thread roots 0.117ms
[0.487s][info][gc,start    ] GC(29) Pause Final Update Refs
[0.487s][info][gc,task     ] GC(29) Using 8 of 8 workers for final reference update
[0.487s][info][gc          ] GC(29) Pause Final Update Refs 0.081ms
[0.487s][info][gc,start    ] GC(29) Concurrent cleanup
[0.487s][info][gc          ] GC(29) Concurrent cleanup 11M->6M(133M) 0.052ms
[0.487s][info][gc,ergo     ] Free: 1878M, Max: 512K regular, 1877M humongous, Frag: 1% external, 0% internal; Reserve: 101888K, Max: 512K
[0.487s][info][gc,stats    ] 
[0.487s][info][gc,stats    ] All times are wall-clock times, except per-root-class counters, that are sum over
[0.487s][info][gc,stats    ] all workers. Dividing the <total> over the root stage time estimates parallelism.
[0.487s][info][gc,stats    ] 
[0.487s][info][gc,stats    ] Concurrent Reset                   3926 us
[0.487s][info][gc,stats    ] Pause Init Mark (G)                 212 us
[0.487s][info][gc,stats    ] Pause Init Mark (N)                  61 us
[0.487s][info][gc,stats    ]   Update Region States               16 us
[0.487s][info][gc,stats    ] Concurrent Mark Roots               172 us, parallelism: 1.32x
[0.487s][info][gc,stats    ]   CMR: <total>                      227 us
[0.487s][info][gc,stats    ]   CMR: Thread Roots                  89 us, workers (us):  68,  22, ---, ---, ---, ---, ---, ---, 
[0.487s][info][gc,stats    ]   CMR: Code Cache Roots              98 us, workers (us):  24,  74, ---, ---, ---, ---, ---, ---, 
[0.487s][info][gc,stats    ]   CMR: VM Strong Roots                3 us, workers (us):   3,   0, ---, ---, ---, ---, ---, ---, 
[0.487s][info][gc,stats    ]   CMR: CLDG Roots                    36 us, workers (us):  36, ---, ---, ---, ---, ---, ---, ---, 
[0.487s][info][gc,stats    ] Concurrent Marking                  722 us
[0.487s][info][gc,stats    ] Pause Final Mark (G)                470 us
[0.487s][info][gc,stats    ] Pause Final Mark (N)                383 us
[0.487s][info][gc,stats    ]   Finish Mark                       286 us
[0.487s][info][gc,stats    ]   Update Region States               12 us
[0.487s][info][gc,stats    ]   Choose Collection Set              29 us
[0.487s][info][gc,stats    ]   Rebuild Free Set                   15 us
[0.487s][info][gc,stats    ] Concurrent Thread Roots              87 us, parallelism: 0.73x
[0.487s][info][gc,stats    ]   CTR: <total>                       64 us
[0.487s][info][gc,stats    ]   CTR: Thread Roots                  64 us, workers (us):  47,  17, ---, ---, ---, ---, ---, ---, 
[0.487s][info][gc,stats    ] Concurrent Weak References           73 us, parallelism: 0.31x
[0.487s][info][gc,stats    ]   CWRF: <total>                      23 us
[0.487s][info][gc,stats    ]   CWRF: Weak References              23 us, workers (us):   7,  16, ---, ---, ---, ---, ---, ---, 
[0.487s][info][gc,stats    ] Concurrent Weak Roots               186 us
[0.487s][info][gc,stats    ]   Roots                              65 us, parallelism: 1.39x
[0.487s][info][gc,stats    ]     CWR: <total>                     90 us
[0.487s][info][gc,stats    ]     CWR: VM Weak Roots               90 us, workers (us):  45,  45, ---, ---, ---, ---, ---, ---, 
[0.487s][info][gc,stats    ]   Rendezvous                         93 us
[0.487s][info][gc,stats    ] Concurrent Cleanup                   65 us
[0.487s][info][gc,stats    ] Concurrent Strong Roots             142 us, parallelism: 1.19x
[0.487s][info][gc,stats    ]   CSR: <total>                      170 us
[0.487s][info][gc,stats    ]   CSR: Code Cache Roots             115 us, workers (us):  19,  96, ---, ---, ---, ---, ---, ---, 
[0.487s][info][gc,stats    ]   CSR: VM Strong Roots                5 us, workers (us):   5,   0, ---, ---, ---, ---, ---, ---, 
[0.487s][info][gc,stats    ]   CSR: CLDG Roots                    50 us, workers (us):  50, ---, ---, ---, ---, ---, ---, ---, 
[0.487s][info][gc,stats    ] Concurrent Evacuation              1136 us
[0.487s][info][gc,stats    ] Pause Init Update Refs (G)          125 us
[0.487s][info][gc,stats    ] Pause Init Update Refs (N)           35 us
[0.487s][info][gc,stats    ]   Manage GCLABs                       2 us
[0.487s][info][gc,stats    ] Concurrent Update Refs              756 us
[0.487s][info][gc,stats    ] Concurrent Update Thread Roots      129 us
[0.487s][info][gc,stats    ] Pause Final Update Refs (G)        8078 us
[0.487s][info][gc,stats    ] Pause Final Update Refs (N)          87 us
[0.487s][info][gc,stats    ]   Update Region States               14 us
[0.487s][info][gc,stats    ]   Trash Collection Set                2 us
[0.487s][info][gc,stats    ]   Rebuild Free Set                   32 us
[0.487s][info][gc,stats    ] Concurrent Cleanup                   60 us
[0.487s][info][gc,stats    ] 
[0.487s][info][gc,stats    ] Allocation pacing accrued:
[0.487s][info][gc,stats    ]       0 of    18 ms (  0.0%): <total>
[0.487s][info][gc,stats    ]       0 of    18 ms (  0.0%): <average total>
[0.487s][info][gc,stats    ] 
[0.487s][info][gc,metaspace] Metaspace: 436K(640K)->446K(640K) NonClass: 420K(512K)->430K(512K) Class: 16K(128K)->16K(128K)
[0.487s][info][gc,ergo     ] Pacer for Idle. Initial: 40642K, Alloc Tax Rate: 1.0x
[0.488s][info][gc          ] Trigger: Start next cycle immediately
[0.488s][info][gc,ergo     ] Free: 1878M, Max: 512K regular, 1877M humongous, Frag: 1% external, 0% internal; Reserve: 101888K, Max: 512K
[0.488s][info][gc,start    ] GC(30) Concurrent reset
[0.488s][info][gc,task     ] GC(30) Using 2 of 8 workers for concurrent reset
[0.488s][info][gc,ergo     ] GC(30) Pacer for Reset. Non-Taxable: 1984M
[0.489s][info][gc          ] GC(30) Concurrent reset 0.249ms
[0.489s][info][gc,start    ] GC(30) Pause Init Mark (unload classes)
[0.489s][info][gc,task     ] GC(30) Using 8 of 8 workers for init marking
[0.489s][info][gc,ergo     ] GC(30) Pacer for Mark. Expected Live: 3925K, Free: 1878M, Non-Taxable: 187M, Alloc Tax Rate: 0.0x
[0.489s][info][gc          ] GC(30) Pause Init Mark (unload classes) 0.041ms
[0.489s][info][gc,start    ] GC(30) Concurrent marking roots
[0.489s][info][gc,task     ] GC(30) Using 2 of 8 workers for concurrent marking roots
[0.489s][info][gc          ] GC(30) Concurrent marking roots 0.128ms
[0.489s][info][gc,start    ] GC(30) Concurrent marking (unload classes)
[0.489s][info][gc,task     ] GC(30) Using 2 of 8 workers for concurrent marking
[0.490s][info][gc          ] GC(30) Concurrent marking (unload classes) 1.330ms
[0.490s][info][gc,start    ] GC(30) Pause Final Mark (unload classes)
[0.490s][info][gc,task     ] GC(30) Using 8 of 8 workers for final marking
[0.491s][info][gc,ergo     ] GC(30) Collectable Garbage: 1931K (100%), Immediate: 0B (0%), CSet: 1931K (100%)
[0.491s][info][gc,ergo     ] GC(30) Pacer for Evacuation. Used CSet: 5628K, Free: 1878M, Non-Taxable: 187M, Alloc Tax Rate: 1.1x
[0.491s][info][gc          ] GC(30) Pause Final Mark (unload classes) 0.247ms
[0.491s][info][gc,start    ] GC(30) Concurrent thread roots
[0.491s][info][gc,task     ] GC(30) Using 2 of 8 workers for Concurrent thread roots
[0.491s][info][gc          ] GC(30) Concurrent thread roots 0.065ms
[0.491s][info][gc,start    ] GC(30) Concurrent weak references
[0.491s][info][gc,task     ] GC(30) Using 2 of 8 workers for concurrent weak references
[0.491s][info][gc,ref      ] GC(30) Encountered references: Soft: 31, Weak: 100, Final: 0, Phantom: 207
[0.491s][info][gc,ref      ] GC(30) Discovered  references: Soft: 0, Weak: 36, Final: 0, Phantom: 203
[0.491s][info][gc,ref      ] GC(30) Enqueued    references: Soft: 0, Weak: 0, Final: 0, Phantom: 0
[0.491s][info][gc          ] GC(30) Concurrent weak references 0.074ms
[0.491s][info][gc,start    ] GC(30) Concurrent weak roots
[0.491s][info][gc,task     ] GC(30) Using 2 of 8 workers for concurrent weak root
[0.491s][info][gc          ] GC(30) Concurrent weak roots 0.139ms
[0.491s][info][gc,start    ] GC(30) Concurrent cleanup
[0.491s][info][gc          ] GC(30) Concurrent cleanup 7M->7M(133M) 0.056ms
[0.491s][info][gc,ergo     ] GC(30) Free: 1877M, Max: 512K regular, 1877M humongous, Frag: 1% external, 0% internal; Reserve: 101772K, Max: 512K
[0.491s][info][gc,start    ] GC(30) Concurrent class unloading
[0.491s][info][gc,task     ] GC(30) Using 2 of 8 workers for concurrent class unloading
[0.491s][info][gc          ] GC(30) Concurrent class unloading 0.349ms
[0.491s][info][gc,start    ] GC(30) Concurrent strong roots
[0.491s][info][gc,task     ] GC(30) Using 2 of 8 workers for concurrent strong root
[0.491s][info][gc          ] GC(30) Concurrent strong roots 0.095ms
[0.491s][info][gc,start    ] GC(30) Concurrent evacuation
[0.491s][info][gc,task     ] GC(30) Using 2 of 8 workers for concurrent evacuation
[0.492s][info][gc          ] GC(30) Concurrent evacuation 0.817ms
[0.492s][info][gc,start    ] GC(30) Pause Init Update Refs
[0.492s][info][gc,ergo     ] GC(30) Pacer for Update Refs. Used: 12130K, Free: 1877M, Non-Taxable: 187M, Alloc Tax Rate: 1.1x
[0.492s][info][gc          ] GC(30) Pause Init Update Refs 0.025ms
[0.492s][info][gc,start    ] GC(30) Concurrent update references
[0.492s][info][gc,task     ] GC(30) Using 2 of 8 workers for concurrent reference update
[0.493s][info][gc          ] GC(30) Concurrent update references 0.729ms
[0.493s][info][gc,start    ] GC(30) Concurrent update thread roots
[0.493s][info][gc          ] GC(30) Concurrent update thread roots 0.114ms
[0.493s][info][gc,start    ] GC(30) Pause Final Update Refs
[0.493s][info][gc,task     ] GC(30) Using 8 of 8 workers for final reference update
[0.493s][info][gc          ] GC(30) Pause Final Update Refs 0.050ms
[0.493s][info][gc,start    ] GC(30) Concurrent cleanup
[0.494s][info][gc          ] GC(30) Concurrent cleanup 11M->6M(133M) 0.054ms
[0.494s][info][gc,ergo     ] Free: 1878M, Max: 512K regular, 1877M humongous, Frag: 1% external, 0% internal; Reserve: 101888K, Max: 512K
[0.494s][info][gc,stats    ] 
[0.494s][info][gc,stats    ] All times are wall-clock times, except per-root-class counters, that are sum over
[0.494s][info][gc,stats    ] all workers. Dividing the <total> over the root stage time estimates parallelism.
[0.494s][info][gc,stats    ] 
[0.494s][info][gc,stats    ] Concurrent Reset                    260 us
[0.494s][info][gc,stats    ] Pause Init Mark (G)                 132 us
[0.494s][info][gc,stats    ] Pause Init Mark (N)                  48 us
[0.494s][info][gc,stats    ]   Update Region States               12 us
[0.494s][info][gc,stats    ] Concurrent Mark Roots               138 us, parallelism: 0.73x
[0.494s][info][gc,stats    ]   CMR: <total>                      101 us
[0.494s][info][gc,stats    ]   CMR: Thread Roots                  74 us, workers (us):  74,   0, ---, ---, ---, ---, ---, ---, 
[0.494s][info][gc,stats    ]   CMR: VM Strong Roots                5 us, workers (us):   5,   0, ---, ---, ---, ---, ---, ---, 
[0.494s][info][gc,stats    ]   CMR: CLDG Roots                    21 us, workers (us):  21, ---, ---, ---, ---, ---, ---, ---, 
[0.494s][info][gc,stats    ] Concurrent Marking                 1346 us
[0.494s][info][gc,stats    ] Pause Final Mark (G)                325 us
[0.494s][info][gc,stats    ] Pause Final Mark (N)                255 us
[0.494s][info][gc,stats    ]   Finish Mark                       161 us
[0.494s][info][gc,stats    ]   Update Region States               12 us
[0.494s][info][gc,stats    ]   Choose Collection Set              29 us
[0.494s][info][gc,stats    ]   Rebuild Free Set                   15 us
[0.494s][info][gc,stats    ] Concurrent Thread Roots              74 us, parallelism: 0.81x
[0.494s][info][gc,stats    ]   CTR: <total>                       60 us
[0.494s][info][gc,stats    ]   CTR: Thread Roots                  60 us, workers (us):  26,  34, ---, ---, ---, ---, ---, ---, 
[0.494s][info][gc,stats    ] Concurrent Weak References           80 us, parallelism: 0.28x
[0.494s][info][gc,stats    ]   CWRF: <total>                      23 us
[0.494s][info][gc,stats    ]   CWRF: Weak References              23 us, workers (us):  21,   2, ---, ---, ---, ---, ---, ---, 
[0.494s][info][gc,stats    ] Concurrent Weak Roots               164 us
[0.494s][info][gc,stats    ]   Roots                             109 us, parallelism: 1.43x
[0.494s][info][gc,stats    ]     CWR: <total>                    156 us
[0.494s][info][gc,stats    ]     CWR: Code Cache Roots            60 us, workers (us):  50,  11, ---, ---, ---, ---, ---, ---, 
[0.494s][info][gc,stats    ]     CWR: VM Weak Roots               95 us, workers (us):  47,  48, ---, ---, ---, ---, ---, ---, 
[0.494s][info][gc,stats    ]     CWR: CLDG Roots                   0 us, workers (us):   0, ---, ---, ---, ---, ---, ---, ---, 
[0.494s][info][gc,stats    ]   Rendezvous                         15 us
[0.494s][info][gc,stats    ] Concurrent Cleanup                   64 us
[0.494s][info][gc,stats    ] Concurrent Class Unloading          363 us
[0.494s][info][gc,stats    ]   Unlink Stale                      313 us
[0.494s][info][gc,stats    ]     System Dictionary                17 us
[0.494s][info][gc,stats    ]     Weak Class Links                  0 us
[0.494s][info][gc,stats    ]     Code Roots                      295 us
[0.494s][info][gc,stats    ]   Rendezvous                         16 us
[0.494s][info][gc,stats    ]   Purge Unlinked                      3 us
[0.494s][info][gc,stats    ]     Code Roots                        0 us
[0.494s][info][gc,stats    ]     CLDG                              2 us
[0.494s][info][gc,stats    ]     Exception Caches                  0 us
[0.494s][info][gc,stats    ] Concurrent Strong Roots             103 us, parallelism: 0.58x
[0.494s][info][gc,stats    ]   CSR: <total>                       60 us
[0.494s][info][gc,stats    ]   CSR: VM Strong Roots                5 us, workers (us):   5,   0, ---, ---, ---, ---, ---, ---, 
[0.494s][info][gc,stats    ]   CSR: CLDG Roots                    55 us, workers (us):  55, ---, ---, ---, ---, ---, ---, ---, 
[0.494s][info][gc,stats    ] Concurrent Evacuation               826 us
[0.494s][info][gc,stats    ] Pause Init Update Refs (G)          115 us
[0.494s][info][gc,stats    ] Pause Init Update Refs (N)           33 us
[0.494s][info][gc,stats    ]   Manage GCLABs                       3 us
[0.494s][info][gc,stats    ] Concurrent Update Refs              757 us
[0.494s][info][gc,stats    ] Concurrent Update Thread Roots      127 us
[0.494s][info][gc,stats    ] Pause Final Update Refs (G)         161 us
[0.494s][info][gc,stats    ] Pause Final Update Refs (N)          58 us
[0.494s][info][gc,stats    ]   Update Region States               13 us
[0.494s][info][gc,stats    ]   Trash Collection Set                2 us
[0.494s][info][gc,stats    ]   Rebuild Free Set                   16 us
[0.494s][info][gc,stats    ] Concurrent Cleanup                   63 us
[0.494s][info][gc,stats    ] 
[0.494s][info][gc,stats    ] Allocation pacing accrued:
[0.494s][info][gc,stats    ]       0 of     7 ms (  0.0%): <total>
[0.494s][info][gc,stats    ]       0 of     7 ms (  0.0%): <average total>
[0.494s][info][gc,stats    ] 
[0.494s][info][gc,metaspace] Metaspace: 447K(640K)->449K(640K) NonClass: 430K(512K)->432K(512K) Class: 16K(128K)->16K(128K)
[0.494s][info][gc,ergo     ] Pacer for Idle. Initial: 40642K, Alloc Tax Rate: 1.0x
[0.495s][info][gc          ] Trigger: Start next cycle immediately
[0.495s][info][gc,ergo     ] Free: 1878M, Max: 512K regular, 1877M humongous, Frag: 1% external, 0% internal; Reserve: 101888K, Max: 512K
[0.495s][info][gc,start    ] GC(31) Concurrent reset
[0.495s][info][gc,task     ] GC(31) Using 2 of 8 workers for concurrent reset
[0.495s][info][gc,ergo     ] GC(31) Pacer for Reset. Non-Taxable: 1984M
[0.496s][info][gc          ] GC(31) Concurrent reset 0.897ms
[0.496s][info][gc,start    ] GC(31) Pause Init Mark (unload classes)
[0.496s][info][gc,task     ] GC(31) Using 8 of 8 workers for init marking
[0.496s][info][gc,ergo     ] GC(31) Pacer for Mark. Expected Live: 4336K, Free: 1878M, Non-Taxable: 187M, Alloc Tax Rate: 0.0x
[0.496s][info][gc          ] GC(31) Pause Init Mark (unload classes) 0.058ms
[0.496s][info][gc,start    ] GC(31) Concurrent marking roots
[0.496s][info][gc,task     ] GC(31) Using 2 of 8 workers for concurrent marking roots
[0.496s][info][gc          ] GC(31) Concurrent marking roots 0.193ms
[0.496s][info][gc,start    ] GC(31) Concurrent marking (unload classes)
[0.496s][info][gc,task     ] GC(31) Using 2 of 8 workers for concurrent marking
[0.497s][info][gc          ] GC(31) Concurrent marking (unload classes) 0.619ms
[0.497s][info][gc,start    ] GC(31) Pause Final Mark (unload classes)
[0.497s][info][gc,task     ] GC(31) Using 8 of 8 workers for final marking
[0.501s][info][gc,ergo     ] GC(31) Collectable Garbage: 1524K (100%), Immediate: 0B (0%), CSet: 1524K (100%)
[0.501s][info][gc,ergo     ] GC(31) Pacer for Evacuation. Used CSet: 5504K, Free: 1878M, Non-Taxable: 187M, Alloc Tax Rate: 1.1x
[0.501s][info][gc          ] GC(31) Pause Final Mark (unload classes) 4.202ms
[0.501s][info][gc,start    ] GC(31) Concurrent thread roots
[0.501s][info][gc,task     ] GC(31) Using 2 of 8 workers for Concurrent thread roots
[0.501s][info][gc          ] GC(31) Concurrent thread roots 0.062ms
[0.501s][info][gc,start    ] GC(31) Concurrent weak references
[0.501s][info][gc,task     ] GC(31) Using 2 of 8 workers for concurrent weak references
[0.501s][info][gc,ref      ] GC(31) Encountered references: Soft: 31, Weak: 99, Final: 0, Phantom: 259
[0.502s][info][gc,ref      ] GC(31) Discovered  references: Soft: 0, Weak: 36, Final: 0, Phantom: 89
[0.502s][info][gc,ref      ] GC(31) Enqueued    references: Soft: 0, Weak: 0, Final: 0, Phantom: 0
[0.502s][info][gc          ] GC(31) Concurrent weak references 0.078ms
[0.502s][info][gc,start    ] GC(31) Concurrent weak roots
[0.502s][info][gc,task     ] GC(31) Using 2 of 8 workers for concurrent weak root
[0.502s][info][gc          ] GC(31) Concurrent weak roots 0.280ms
[0.502s][info][gc,start    ] GC(31) Concurrent cleanup
[0.502s][info][gc          ] GC(31) Concurrent cleanup 7M->7M(133M) 0.057ms
[0.502s][info][gc,ergo     ] GC(31) Free: 1877M, Max: 512K regular, 1877M humongous, Frag: 1% external, 0% internal; Reserve: 101779K, Max: 512K
[0.502s][info][gc,start    ] GC(31) Concurrent class unloading
[0.502s][info][gc,task     ] GC(31) Using 2 of 8 workers for concurrent class unloading
[0.502s][info][gc          ] GC(31) Concurrent class unloading 0.229ms
[0.502s][info][gc,start    ] GC(31) Concurrent strong roots
[0.502s][info][gc,task     ] GC(31) Using 2 of 8 workers for concurrent strong root
[0.502s][info][gc          ] GC(31) Concurrent strong roots 0.097ms
[0.502s][info][gc,start    ] GC(31) Concurrent evacuation
[0.502s][info][gc,task     ] GC(31) Using 2 of 8 workers for concurrent evacuation
[0.503s][info][gc          ] GC(31) Concurrent evacuation 1.006ms
[0.510s][info][gc,start    ] GC(31) Pause Init Update Refs
[0.510s][info][gc,ergo     ] GC(31) Pacer for Update Refs. Used: 12388K, Free: 1877M, Non-Taxable: 187M, Alloc Tax Rate: 1.1x
[0.510s][info][gc          ] GC(31) Pause Init Update Refs 0.035ms
[0.510s][info][gc,start    ] GC(31) Concurrent update references
[0.510s][info][gc,task     ] GC(31) Using 2 of 8 workers for concurrent reference update
[0.511s][info][gc          ] GC(31) Concurrent update references 0.816ms
[0.511s][info][gc,start    ] GC(31) Concurrent update thread roots
[0.511s][info][gc          ] GC(31) Concurrent update thread roots 0.062ms
[0.511s][info][gc,start    ] GC(31) Pause Final Update Refs
[0.511s][info][gc,task     ] GC(31) Using 8 of 8 workers for final reference update
[0.511s][info][gc          ] GC(31) Pause Final Update Refs 0.055ms
[0.511s][info][gc,start    ] GC(31) Concurrent cleanup
[0.511s][info][gc          ] GC(31) Concurrent cleanup 12M->6M(134M) 0.053ms
[0.511s][info][gc,ergo     ] Free: 1878M, Max: 512K regular, 1876M humongous, Frag: 1% external, 0% internal; Reserve: 101888K, Max: 512K
[0.511s][info][gc,stats    ] 
[0.511s][info][gc,stats    ] All times are wall-clock times, except per-root-class counters, that are sum over
[0.511s][info][gc,stats    ] all workers. Dividing the <total> over the root stage time estimates parallelism.
[0.511s][info][gc,stats    ] 
[0.511s][info][gc,stats    ] Concurrent Reset                    918 us
[0.511s][info][gc,stats    ] Pause Init Mark (G)                  85 us
[0.511s][info][gc,stats    ] Pause Init Mark (N)                  66 us
[0.511s][info][gc,stats    ]   Update Region States               13 us
[0.511s][info][gc,stats    ] Concurrent Mark Roots               202 us, parallelism: 0.74x
[0.511s][info][gc,stats    ]   CMR: <total>                      150 us
[0.511s][info][gc,stats    ]   CMR: Thread Roots                 127 us, workers (us):  96,  31, ---, ---, ---, ---, ---, ---, 
[0.511s][info][gc,stats    ]   CMR: VM Strong Roots                3 us, workers (us):   3,   0, ---, ---, ---, ---, ---, ---, 
[0.511s][info][gc,stats    ]   CMR: CLDG Roots                    19 us, workers (us):  19, ---, ---, ---, ---, ---, ---, ---, 
[0.511s][info][gc,stats    ] Concurrent Marking                  639 us
[0.511s][info][gc,stats    ] Pause Final Mark (G)               4303 us
[0.511s][info][gc,stats    ] Pause Final Mark (N)               4213 us
[0.511s][info][gc,stats    ]   Finish Mark                      4040 us
[0.511s][info][gc,stats    ]   Update Region States               18 us
[0.511s][info][gc,stats    ]   Choose Collection Set              51 us
[0.511s][info][gc,stats    ]   Rebuild Free Set                   24 us
[0.511s][info][gc,stats    ] Concurrent Thread Roots              70 us, parallelism: 0.58x
[0.511s][info][gc,stats    ]   CTR: <total>                       41 us
[0.511s][info][gc,stats    ]   CTR: Thread Roots                  41 us, workers (us):  21,  19, ---, ---, ---, ---, ---, ---, 
[0.511s][info][gc,stats    ] Concurrent Weak References           87 us, parallelism: 0.40x
[0.511s][info][gc,stats    ]   CWRF: <total>                      35 us
[0.511s][info][gc,stats    ]   CWRF: Weak References              35 us, workers (us):  23,  12, ---, ---, ---, ---, ---, ---, 
[0.511s][info][gc,stats    ] Concurrent Weak Roots               293 us
[0.511s][info][gc,stats    ]   Roots                             250 us, parallelism: 1.38x
[0.511s][info][gc,stats    ]     CWR: <total>                    346 us
[0.511s][info][gc,stats    ]     CWR: Code Cache Roots           253 us, workers (us): 190,  63, ---, ---, ---, ---, ---, ---, 
[0.511s][info][gc,stats    ]     CWR: VM Weak Roots               93 us, workers (us):  47,  46, ---, ---, ---, ---, ---, ---, 
[0.511s][info][gc,stats    ]     CWR: CLDG Roots                   0 us, workers (us):   0, ---, ---, ---, ---, ---, ---, ---, 
[0.511s][info][gc,stats    ]   Rendezvous                         14 us
[0.511s][info][gc,stats    ] Concurrent Cleanup                   65 us
[0.511s][info][gc,stats    ] Concurrent Class Unloading          240 us
[0.511s][info][gc,stats    ]   Unlink Stale                      190 us
[0.511s][info][gc,stats    ]     System Dictionary                19 us
[0.511s][info][gc,stats    ]     Weak Class Links                  0 us
[0.511s][info][gc,stats    ]     Code Roots                      170 us
[0.511s][info][gc,stats    ]   Rendezvous                         20 us
[0.511s][info][gc,stats    ]   Purge Unlinked                      2 us
[0.511s][info][gc,stats    ]     Code Roots                        0 us
[0.511s][info][gc,stats    ]     CLDG                              2 us
[0.511s][info][gc,stats    ]     Exception Caches                  0 us
[0.511s][info][gc,stats    ] Concurrent Strong Roots             107 us, parallelism: 0.52x
[0.511s][info][gc,stats    ]   CSR: <total>                       56 us
[0.511s][info][gc,stats    ]   CSR: VM Strong Roots               14 us, workers (us):  14,   0, ---, ---, ---, ---, ---, ---, 
[0.511s][info][gc,stats    ]   CSR: CLDG Roots                    42 us, workers (us):  42, ---, ---, ---, ---, ---, ---, ---, 
[0.511s][info][gc,stats    ] Concurrent Evacuation              1016 us
[0.511s][info][gc,stats    ] Pause Init Update Refs (G)         6603 us
[0.512s][info][gc,stats    ] Pause Init Update Refs (N)           44 us
[0.512s][info][gc,stats    ]   Manage GCLABs                       4 us
[0.512s][info][gc,stats    ] Concurrent Update Refs              831 us
[0.512s][info][gc,stats    ] Concurrent Update Thread Roots       73 us
[0.512s][info][gc,stats    ] Pause Final Update Refs (G)         194 us
[0.512s][info][gc,stats    ] Pause Final Update Refs (N)          63 us
[0.512s][info][gc,stats    ]   Update Region States               16 us
[0.512s][info][gc,stats    ]   Trash Collection Set                2 us
[0.512s][info][gc,stats    ]   Rebuild Free Set                   15 us
[0.512s][info][gc,stats    ] Concurrent Cleanup                   61 us
[0.512s][info][gc,stats    ] 
[0.512s][info][gc,stats    ] Allocation pacing accrued:
[0.512s][info][gc,stats    ]       0 of    18 ms (  0.0%): <total>
[0.512s][info][gc,stats    ]       0 of    18 ms (  0.0%): <average total>
[0.512s][info][gc,stats    ] 
[0.512s][info][gc,metaspace] Metaspace: 449K(640K)->451K(640K) NonClass: 433K(512K)->434K(512K) Class: 16K(128K)->16K(128K)
[0.512s][info][gc,ergo     ] Pacer for Idle. Initial: 40642K, Alloc Tax Rate: 1.0x
[0.513s][info][gc          ] Trigger: Start next cycle immediately
[0.513s][info][gc,ergo     ] Free: 1878M, Max: 512K regular, 1876M humongous, Frag: 1% external, 0% internal; Reserve: 101888K, Max: 512K
[0.513s][info][gc,start    ] GC(32) Concurrent reset
[0.513s][info][gc,task     ] GC(32) Using 2 of 8 workers for concurrent reset
[0.513s][info][gc,ergo     ] GC(32) Pacer for Reset. Non-Taxable: 1984M
[0.513s][info][gc          ] GC(32) Concurrent reset 0.197ms
[0.513s][info][gc,start    ] GC(32) Pause Init Mark (unload classes)
[0.513s][info][gc,task     ] GC(32) Using 8 of 8 workers for init marking
[0.513s][info][gc,ergo     ] GC(32) Pacer for Mark. Expected Live: 4518K, Free: 1878M, Non-Taxable: 187M, Alloc Tax Rate: 0.0x
[0.513s][info][gc          ] GC(32) Pause Init Mark (unload classes) 0.045ms
[0.513s][info][gc,start    ] GC(32) Concurrent marking roots
[0.513s][info][gc,task     ] GC(32) Using 2 of 8 workers for concurrent marking roots
[0.513s][info][gc          ] GC(32) Concurrent marking roots 0.080ms
[0.513s][info][gc,start    ] GC(32) Concurrent marking (unload classes)
[0.513s][info][gc,task     ] GC(32) Using 2 of 8 workers for concurrent marking
[0.518s][info][gc          ] GC(32) Concurrent marking (unload classes) 4.459ms
[0.518s][info][gc,start    ] GC(32) Pause Final Mark (unload classes)
[0.518s][info][gc,task     ] GC(32) Using 8 of 8 workers for final marking
[0.518s][info][gc,ergo     ] GC(32) Collectable Garbage: 1484K (100%), Immediate: 0B (0%), CSet: 1484K (100%)
[0.518s][info][gc,ergo     ] GC(32) Pacer for Evacuation. Used CSet: 5886K, Free: 1877M, Non-Taxable: 187M, Alloc Tax Rate: 1.1x
[0.518s][info][gc          ] GC(32) Pause Final Mark (unload classes) 0.188ms
[0.518s][info][gc,start    ] GC(32) Concurrent thread roots
[0.518s][info][gc,task     ] GC(32) Using 2 of 8 workers for Concurrent thread roots
[0.519s][info][gc          ] GC(32) Concurrent thread roots 0.724ms
[0.519s][info][gc,start    ] GC(32) Concurrent weak references
[0.519s][info][gc,task     ] GC(32) Using 2 of 8 workers for concurrent weak references
[0.519s][info][gc,ref      ] GC(32) Encountered references: Soft: 31, Weak: 99, Final: 0, Phantom: 281
[0.519s][info][gc,ref      ] GC(32) Discovered  references: Soft: 0, Weak: 42, Final: 0, Phantom: 281
[0.519s][info][gc,ref      ] GC(32) Enqueued    references: Soft: 0, Weak: 0, Final: 0, Phantom: 0
[0.519s][info][gc          ] GC(32) Concurrent weak references 0.086ms
[0.519s][info][gc,start    ] GC(32) Concurrent weak roots
[0.519s][info][gc,task     ] GC(32) Using 2 of 8 workers for concurrent weak root
[0.519s][info][gc          ] GC(32) Concurrent weak roots 0.167ms
[0.519s][info][gc,start    ] GC(32) Concurrent cleanup
[0.519s][info][gc          ] GC(32) Concurrent cleanup 8M->8M(134M) 0.057ms
[0.519s][info][gc,ergo     ] GC(32) Free: 1876M, Max: 512K regular, 1876M humongous, Frag: 0% external, 0% internal; Reserve: 101754K, Max: 512K
[0.519s][info][gc,start    ] GC(32) Concurrent class unloading
[0.519s][info][gc,task     ] GC(32) Using 2 of 8 workers for concurrent class unloading
[0.520s][info][gc          ] GC(32) Concurrent class unloading 0.265ms
[0.520s][info][gc,start    ] GC(32) Concurrent strong roots
[0.520s][info][gc,task     ] GC(32) Using 2 of 8 workers for concurrent strong root
[0.520s][info][gc          ] GC(32) Concurrent strong roots 0.152ms
[0.520s][info][gc,start    ] GC(32) Concurrent evacuation
[0.520s][info][gc,task     ] GC(32) Using 2 of 8 workers for concurrent evacuation
[0.521s][info][gc          ] GC(32) Concurrent evacuation 0.950ms
[0.521s][info][gc,start    ] GC(32) Pause Init Update Refs
[0.521s][info][gc,ergo     ] GC(32) Pacer for Update Refs. Used: 13968K, Free: 1876M, Non-Taxable: 187M, Alloc Tax Rate: 1.1x
[0.521s][info][gc          ] GC(32) Pause Init Update Refs 0.026ms
[0.521s][info][gc,start    ] GC(32) Concurrent update references
[0.521s][info][gc,task     ] GC(32) Using 2 of 8 workers for concurrent reference update
[0.522s][info][gc          ] GC(32) Concurrent update references 0.781ms
[0.522s][info][gc,start    ] GC(32) Concurrent update thread roots
[0.522s][info][gc          ] GC(32) Concurrent update thread roots 0.117ms
[0.522s][info][gc,start    ] GC(32) Pause Final Update Refs
[0.522s][info][gc,task     ] GC(32) Using 8 of 8 workers for final reference update
[0.522s][info][gc          ] GC(32) Pause Final Update Refs 0.050ms
[0.522s][info][gc,start    ] GC(32) Concurrent cleanup
[0.522s][info][gc          ] GC(32) Concurrent cleanup 14M->8M(135M) 0.054ms
[0.522s][info][gc,ergo     ] Free: 1876M, Max: 512K regular, 1875M humongous, Frag: 1% external, 0% internal; Reserve: 101888K, Max: 512K
[0.522s][info][gc,stats    ] 
[0.522s][info][gc,stats    ] All times are wall-clock times, except per-root-class counters, that are sum over
[0.522s][info][gc,stats    ] all workers. Dividing the <total> over the root stage time estimates parallelism.
[0.522s][info][gc,stats    ] 
[0.522s][info][gc,stats    ] Concurrent Reset                    206 us
[0.522s][info][gc,stats    ] Pause Init Mark (G)                 420 us
[0.522s][info][gc,stats    ] Pause Init Mark (N)                  51 us
[0.522s][info][gc,stats    ]   Update Region States               15 us
[0.522s][info][gc,stats    ] Concurrent Mark Roots               100 us, parallelism: 0.70x
[0.522s][info][gc,stats    ]   CMR: <total>                       70 us
[0.522s][info][gc,stats    ]   CMR: Thread Roots                  35 us, workers (us):  35,   1, ---, ---, ---, ---, ---, ---, 
[0.522s][info][gc,stats    ]   CMR: VM Strong Roots                4 us, workers (us):   3,   1, ---, ---, ---, ---, ---, ---, 
[0.522s][info][gc,stats    ]   CMR: CLDG Roots                    31 us, workers (us): ---,  31, ---, ---, ---, ---, ---, ---, 
[0.522s][info][gc,stats    ] Concurrent Marking                 4482 us
[0.522s][info][gc,stats    ] Pause Final Mark (G)                281 us
[0.522s][info][gc,stats    ] Pause Final Mark (N)                196 us
[0.522s][info][gc,stats    ]   Finish Mark                        84 us
[0.522s][info][gc,stats    ]   Update Region States               13 us
[0.522s][info][gc,stats    ]   Choose Collection Set              42 us
[0.522s][info][gc,stats    ]   Rebuild Free Set                   16 us
[0.522s][info][gc,stats    ] Concurrent Thread Roots             791 us, parallelism: 0.07x
[0.522s][info][gc,stats    ]   CTR: <total>                       55 us
[0.522s][info][gc,stats    ]   CTR: Thread Roots                  55 us, workers (us):  27,  28, ---, ---, ---, ---, ---, ---, 
[0.522s][info][gc,stats    ] Concurrent Weak References           91 us, parallelism: 0.34x
[0.522s][info][gc,stats    ]   CWRF: <total>                      31 us
[0.522s][info][gc,stats    ]   CWRF: Weak References              31 us, workers (us):  25,   6, ---, ---, ---, ---, ---, ---, 
[0.522s][info][gc,stats    ] Concurrent Weak Roots               177 us
[0.522s][info][gc,stats    ]   Roots                             136 us, parallelism: 1.10x
[0.522s][info][gc,stats    ]     CWR: <total>                    151 us
[0.522s][info][gc,stats    ]     CWR: Code Cache Roots            58 us, workers (us):  50,   8, ---, ---, ---, ---, ---, ---, 
[0.522s][info][gc,stats    ]     CWR: VM Weak Roots               92 us, workers (us):  73,  19, ---, ---, ---, ---, ---, ---, 
[0.522s][info][gc,stats    ]     CWR: CLDG Roots                   0 us, workers (us):   0, ---, ---, ---, ---, ---, ---, ---, 
[0.522s][info][gc,stats    ]   Rendezvous                         15 us
[0.522s][info][gc,stats    ] Concurrent Cleanup                   66 us
[0.522s][info][gc,stats    ] Concurrent Class Unloading          275 us
[0.522s][info][gc,stats    ]   Unlink Stale                      217 us
[0.522s][info][gc,stats    ]     System Dictionary                22 us
[0.522s][info][gc,stats    ]     Weak Class Links                  0 us
[0.522s][info][gc,stats    ]     Code Roots                      195 us
[0.522s][info][gc,stats    ]   Rendezvous                         15 us
[0.522s][info][gc,stats    ]   Purge Unlinked                     16 us
[0.522s][info][gc,stats    ]     Code Roots                       13 us
[0.522s][info][gc,stats    ]     CLDG                              2 us
[0.522s][info][gc,stats    ]     Exception Caches                  0 us
[0.522s][info][gc,stats    ] Concurrent Strong Roots             165 us, parallelism: 0.33x
[0.522s][info][gc,stats    ]   CSR: <total>                       54 us
[0.522s][info][gc,stats    ]   CSR: VM Strong Roots                5 us, workers (us):   5,   0, ---, ---, ---, ---, ---, ---, 
[0.523s][info][gc,stats    ]   CSR: CLDG Roots                    49 us, workers (us):  49, ---, ---, ---, ---, ---, ---, ---, 
[0.523s][info][gc,stats    ] Concurrent Evacuation               974 us
[0.523s][info][gc,stats    ] Pause Init Update Refs (G)          119 us
[0.523s][info][gc,stats    ] Pause Init Update Refs (N)           34 us
[0.523s][info][gc,stats    ]   Manage GCLABs                       3 us
[0.523s][info][gc,stats    ] Concurrent Update Refs              802 us
[0.523s][info][gc,stats    ] Concurrent Update Thread Roots      127 us
[0.523s][info][gc,stats    ] Pause Final Update Refs (G)         149 us
[0.523s][info][gc,stats    ] Pause Final Update Refs (N)          58 us
[0.523s][info][gc,stats    ]   Update Region States               13 us
[0.523s][info][gc,stats    ]   Trash Collection Set                2 us
[0.523s][info][gc,stats    ]   Rebuild Free Set                   16 us
[0.523s][info][gc,stats    ] Concurrent Cleanup                   62 us
[0.523s][info][gc,stats    ] 
[0.523s][info][gc,stats    ] Allocation pacing accrued:
[0.523s][info][gc,stats    ]       0 of    11 ms (  0.0%): <total>
[0.523s][info][gc,stats    ]       0 of    11 ms (  0.0%): <average total>
[0.523s][info][gc,stats    ] 
[0.523s][info][gc,metaspace] Metaspace: 451K(640K)->463K(640K) NonClass: 434K(512K)->446K(512K) Class: 16K(128K)->16K(128K)
[0.523s][info][gc,ergo     ] Pacer for Idle. Initial: 40642K, Alloc Tax Rate: 1.0x
[0.524s][info][gc          ] Trigger: Start next cycle immediately
[0.524s][info][gc,ergo     ] Free: 1876M, Max: 512K regular, 1875M humongous, Frag: 1% external, 0% internal; Reserve: 101888K, Max: 512K
[0.524s][info][gc,start    ] GC(33) Concurrent reset
[0.524s][info][gc,task     ] GC(33) Using 2 of 8 workers for concurrent reset
[0.524s][info][gc,ergo     ] GC(33) Pacer for Reset. Non-Taxable: 1984M
[0.524s][info][gc          ] GC(33) Concurrent reset 0.214ms
[0.524s][info][gc,start    ] GC(33) Pause Init Mark
[0.524s][info][gc,task     ] GC(33) Using 8 of 8 workers for init marking
[0.525s][info][gc,ergo     ] GC(33) Pacer for Mark. Expected Live: 4763K, Free: 1876M, Non-Taxable: 187M, Alloc Tax Rate: 0.0x
[0.525s][info][gc          ] GC(33) Pause Init Mark 0.047ms
[0.525s][info][gc,start    ] GC(33) Concurrent marking roots
[0.525s][info][gc,task     ] GC(33) Using 2 of 8 workers for concurrent marking roots
[0.525s][info][gc          ] GC(33) Concurrent marking roots 0.164ms
[0.525s][info][gc,start    ] GC(33) Concurrent marking
[0.525s][info][gc,task     ] GC(33) Using 2 of 8 workers for concurrent marking
[0.526s][info][gc          ] GC(33) Concurrent marking 0.827ms
[0.526s][info][gc,start    ] GC(33) Pause Final Mark
[0.526s][info][gc,task     ] GC(33) Using 8 of 8 workers for final marking
[0.526s][info][gc,ergo     ] GC(33) Collectable Garbage: 1839K (100%), Immediate: 0B (0%), CSet: 1839K (100%)
[0.526s][info][gc,ergo     ] GC(33) Pacer for Evacuation. Used CSet: 7599K, Free: 1876M, Non-Taxable: 187M, Alloc Tax Rate: 1.1x
[0.526s][info][gc          ] GC(33) Pause Final Mark 0.220ms
[0.526s][info][gc,start    ] GC(33) Concurrent thread roots
[0.526s][info][gc,task     ] GC(33) Using 2 of 8 workers for Concurrent thread roots
[0.526s][info][gc          ] GC(33) Concurrent thread roots 0.070ms
[0.526s][info][gc,start    ] GC(33) Concurrent weak references
[0.526s][info][gc,task     ] GC(33) Using 2 of 8 workers for concurrent weak references
[0.526s][info][gc,ref      ] GC(33) Encountered references: Soft: 31, Weak: 99, Final: 0, Phantom: 377
[0.526s][info][gc,ref      ] GC(33) Discovered  references: Soft: 0, Weak: 83, Final: 0, Phantom: 238
[0.526s][info][gc,ref      ] GC(33) Enqueued    references: Soft: 0, Weak: 0, Final: 0, Phantom: 0
[0.526s][info][gc          ] GC(33) Concurrent weak references 0.082ms
[0.526s][info][gc,start    ] GC(33) Concurrent weak roots
[0.526s][info][gc,task     ] GC(33) Using 2 of 8 workers for concurrent weak root
[0.526s][info][gc          ] GC(33) Concurrent weak roots 0.089ms
[0.526s][info][gc,start    ] GC(33) Concurrent cleanup
[0.526s][info][gc          ] GC(33) Concurrent cleanup 9M->9M(135M) 0.064ms
[0.526s][info][gc,ergo     ] GC(33) Free: 1875M, Max: 512K regular, 1875M humongous, Frag: 0% external, 0% internal; Reserve: 101772K, Max: 512K
[0.526s][info][gc,start    ] GC(33) Concurrent strong roots
[0.526s][info][gc,task     ] GC(33) Using 2 of 8 workers for concurrent strong root
[0.526s][info][gc          ] GC(33) Concurrent strong roots 0.133ms
[0.526s][info][gc,start    ] GC(33) Concurrent evacuation
[0.526s][info][gc,task     ] GC(33) Using 2 of 8 workers for concurrent evacuation
[0.528s][info][gc          ] GC(33) Concurrent evacuation 1.452ms
[0.528s][info][gc,start    ] GC(33) Pause Init Update Refs
[0.528s][info][gc,ergo     ] GC(33) Pacer for Update Refs. Used: 16175K, Free: 1875M, Non-Taxable: 187M, Alloc Tax Rate: 1.1x
[0.528s][info][gc          ] GC(33) Pause Init Update Refs 0.026ms
[0.528s][info][gc,start    ] GC(33) Concurrent update references
[0.528s][info][gc,task     ] GC(33) Using 2 of 8 workers for concurrent reference update
[0.529s][info][gc          ] GC(33) Concurrent update references 0.880ms
[0.529s][info][gc,start    ] GC(33) Concurrent update thread roots
[0.529s][info][gc          ] GC(33) Concurrent update thread roots 0.218ms
[0.529s][info][gc,start    ] GC(33) Pause Final Update Refs
[0.529s][info][gc,task     ] GC(33) Using 8 of 8 workers for final reference update
[0.529s][info][gc          ] GC(33) Pause Final Update Refs 0.058ms
[0.529s][info][gc,start    ] GC(33) Concurrent cleanup
[0.529s][info][gc          ] GC(33) Concurrent cleanup 15M->8M(136M) 0.053ms
[0.529s][info][gc,ergo     ] Free: 1875M, Max: 512K regular, 1875M humongous, Frag: 1% external, 0% internal; Reserve: 101888K, Max: 512K
[0.529s][info][gc,stats    ] 
[0.529s][info][gc,stats    ] All times are wall-clock times, except per-root-class counters, that are sum over
[0.529s][info][gc,stats    ] all workers. Dividing the <total> over the root stage time estimates parallelism.
[0.529s][info][gc,stats    ] 
[0.529s][info][gc,stats    ] Concurrent Reset                    224 us
[0.529s][info][gc,stats    ] Pause Init Mark (G)                 525 us
[0.529s][info][gc,stats    ] Pause Init Mark (N)                  55 us
[0.529s][info][gc,stats    ]   Update Region States               16 us
[0.529s][info][gc,stats    ] Concurrent Mark Roots               177 us, parallelism: 1.15x
[0.529s][info][gc,stats    ]   CMR: <total>                      203 us
[0.529s][info][gc,stats    ]   CMR: Thread Roots                  58 us, workers (us):  42,  15, ---, ---, ---, ---, ---, ---, 
[0.529s][info][gc,stats    ]   CMR: Code Cache Roots             113 us, workers (us):  29,  84, ---, ---, ---, ---, ---, ---, 
[0.529s][info][gc,stats    ]   CMR: VM Strong Roots                3 us, workers (us):   2,   0, ---, ---, ---, ---, ---, ---, 
[0.529s][info][gc,stats    ]   CMR: CLDG Roots                    29 us, workers (us):  29, ---, ---, ---, ---, ---, ---, ---, 
[0.529s][info][gc,stats    ] Concurrent Marking                  846 us
[0.529s][info][gc,stats    ] Pause Final Mark (G)                311 us
[0.529s][info][gc,stats    ] Pause Final Mark (N)                229 us
[0.529s][info][gc,stats    ]   Finish Mark                       133 us
[0.529s][info][gc,stats    ]   Update Region States               12 us
[0.529s][info][gc,stats    ]   Choose Collection Set              30 us
[0.529s][info][gc,stats    ]   Rebuild Free Set                   15 us
[0.529s][info][gc,stats    ] Concurrent Thread Roots              80 us, parallelism: 0.81x
[0.529s][info][gc,stats    ]   CTR: <total>                       65 us
[0.529s][info][gc,stats    ]   CTR: Thread Roots                  65 us, workers (us):  31,  34, ---, ---, ---, ---, ---, ---, 
[0.529s][info][gc,stats    ] Concurrent Weak References           89 us, parallelism: 0.40x
[0.530s][info][gc,stats    ]   CWRF: <total>                      35 us
[0.530s][info][gc,stats    ]   CWRF: Weak References              35 us, workers (us):  35,   1, ---, ---, ---, ---, ---, ---, 
[0.530s][info][gc,stats    ] Concurrent Weak Roots                98 us
[0.530s][info][gc,stats    ]   Roots                              60 us, parallelism: 1.56x
[0.530s][info][gc,stats    ]     CWR: <total>                     93 us
[0.530s][info][gc,stats    ]     CWR: VM Weak Roots               93 us, workers (us):  48,  45, ---, ---, ---, ---, ---, ---, 
[0.530s][info][gc,stats    ]   Rendezvous                         13 us
[0.530s][info][gc,stats    ] Concurrent Cleanup                   73 us
[0.530s][info][gc,stats    ] Concurrent Strong Roots             150 us, parallelism: 1.14x
[0.530s][info][gc,stats    ]   CSR: <total>                      172 us
[0.530s][info][gc,stats    ]   CSR: Code Cache Roots             117 us, workers (us):  29,  88, ---, ---, ---, ---, ---, ---, 
[0.530s][info][gc,stats    ]   CSR: VM Strong Roots                5 us, workers (us):   5,   0, ---, ---, ---, ---, ---, ---, 
[0.530s][info][gc,stats    ]   CSR: CLDG Roots                    49 us, workers (us):  49, ---, ---, ---, ---, ---, ---, ---, 
[0.530s][info][gc,stats    ] Concurrent Evacuation              1474 us
[0.530s][info][gc,stats    ] Pause Init Update Refs (G)          123 us
[0.530s][info][gc,stats    ] Pause Init Update Refs (N)           34 us
[0.530s][info][gc,stats    ]   Manage GCLABs                       2 us
[0.530s][info][gc,stats    ] Concurrent Update Refs              901 us
[0.530s][info][gc,stats    ] Concurrent Update Thread Roots      231 us
[0.530s][info][gc,stats    ] Pause Final Update Refs (G)          83 us
[0.530s][info][gc,stats    ] Pause Final Update Refs (N)          67 us
[0.530s][info][gc,stats    ]   Update Region States               13 us
[0.530s][info][gc,stats    ]   Trash Collection Set                2 us
[0.530s][info][gc,stats    ]   Rebuild Free Set                   25 us
[0.530s][info][gc,stats    ] Concurrent Cleanup                   61 us
[0.530s][info][gc,stats    ] 
[0.530s][info][gc,stats    ] Allocation pacing accrued:
[0.530s][info][gc,stats    ]       0 of     7 ms (  0.0%): <total>
[0.530s][info][gc,stats    ]       0 of     7 ms (  0.0%): <average total>
[0.530s][info][gc,stats    ] 
[0.530s][info][gc,metaspace] Metaspace: 463K(640K)->469K(704K) NonClass: 446K(512K)->452K(576K) Class: 16K(128K)->16K(128K)
[0.530s][info][gc,ergo     ] Pacer for Idle. Initial: 40642K, Alloc Tax Rate: 1.0x
[0.531s][info][gc          ] Trigger: Start next cycle immediately
[0.531s][info][gc,ergo     ] Free: 1875M, Max: 512K regular, 1875M humongous, Frag: 1% external, 0% internal; Reserve: 101888K, Max: 512K
[0.531s][info][gc,start    ] GC(34) Concurrent reset
[0.531s][info][gc,task     ] GC(34) Using 2 of 8 workers for concurrent reset
[0.531s][info][gc,ergo     ] GC(34) Pacer for Reset. Non-Taxable: 1984M
[0.531s][info][gc          ] GC(34) Concurrent reset 0.241ms
[0.531s][info][gc,start    ] GC(34) Pause Init Mark (unload classes)
[0.531s][info][gc,task     ] GC(34) Using 8 of 8 workers for init marking
[0.531s][info][gc,ergo     ] GC(34) Pacer for Mark. Expected Live: 5263K, Free: 1875M, Non-Taxable: 187M, Alloc Tax Rate: 0.0x
[0.531s][info][gc          ] GC(34) Pause Init Mark (unload classes) 0.050ms
[0.531s][info][gc,start    ] GC(34) Concurrent marking roots
[0.531s][info][gc,task     ] GC(34) Using 2 of 8 workers for concurrent marking roots
[0.531s][info][gc          ] GC(34) Concurrent marking roots 0.105ms
[0.531s][info][gc,start    ] GC(34) Concurrent marking (unload classes)
[0.531s][info][gc,task     ] GC(34) Using 2 of 8 workers for concurrent marking
[0.532s][info][gc          ] GC(34) Concurrent marking (unload classes) 0.833ms
[0.532s][info][gc,start    ] GC(34) Pause Final Mark (unload classes)
[0.532s][info][gc,task     ] GC(34) Using 8 of 8 workers for final marking
[0.532s][info][gc,ergo     ] GC(34) Collectable Garbage: 1320K (86%), Immediate: 0B (0%), CSet: 1320K (86%)
[0.532s][info][gc,ergo     ] GC(34) Pacer for Evacuation. Used CSet: 7070K, Free: 1875M, Non-Taxable: 187M, Alloc Tax Rate: 1.1x
[0.532s][info][gc          ] GC(34) Pause Final Mark (unload classes) 0.164ms
[0.532s][info][gc,start    ] GC(34) Concurrent thread roots
[0.532s][info][gc,task     ] GC(34) Using 2 of 8 workers for Concurrent thread roots
[0.532s][info][gc          ] GC(34) Concurrent thread roots 0.054ms
[0.532s][info][gc,start    ] GC(34) Concurrent weak references
[0.532s][info][gc,task     ] GC(34) Using 2 of 8 workers for concurrent weak references
[0.532s][info][gc,ref      ] GC(34) Encountered references: Soft: 31, Weak: 100, Final: 0, Phantom: 390
[0.532s][info][gc,ref      ] GC(34) Discovered  references: Soft: 0, Weak: 36, Final: 0, Phantom: 294
[0.532s][info][gc,ref      ] GC(34) Enqueued    references: Soft: 0, Weak: 0, Final: 0, Phantom: 0
[0.533s][info][gc          ] GC(34) Concurrent weak references 0.066ms
[0.533s][info][gc,start    ] GC(34) Concurrent weak roots
[0.533s][info][gc,task     ] GC(34) Using 2 of 8 workers for concurrent weak root
[0.533s][info][gc          ] GC(34) Concurrent weak roots 0.144ms
[0.533s][info][gc,start    ] GC(34) Concurrent cleanup
[0.533s][info][gc          ] GC(34) Concurrent cleanup 10M->10M(136M) 0.056ms
[0.533s][info][gc,ergo     ] GC(34) Free: 1874M, Max: 512K regular, 1874M humongous, Frag: 0% external, 0% internal; Reserve: 101787K, Max: 512K
[0.533s][info][gc,start    ] GC(34) Concurrent class unloading
[0.533s][info][gc,task     ] GC(34) Using 2 of 8 workers for concurrent class unloading
[0.533s][info][gc          ] GC(34) Concurrent class unloading 0.469ms
[0.533s][info][gc,start    ] GC(34) Concurrent strong roots
[0.533s][info][gc,task     ] GC(34) Using 2 of 8 workers for concurrent strong root
[0.533s][info][gc          ] GC(34) Concurrent strong roots 0.076ms
[0.533s][info][gc,start    ] GC(34) Concurrent evacuation
[0.533s][info][gc,task     ] GC(34) Using 2 of 8 workers for concurrent evacuation
[0.535s][info][gc          ] GC(34) Concurrent evacuation 1.861ms
[0.535s][info][gc,start    ] GC(34) Pause Init Update Refs
[0.535s][info][gc,ergo     ] GC(34) Pacer for Update Refs. Used: 17589K, Free: 1873M, Non-Taxable: 187M, Alloc Tax Rate: 1.1x
[0.535s][info][gc          ] GC(34) Pause Init Update Refs 0.023ms
[0.535s][info][gc,start    ] GC(34) Concurrent update references
[0.535s][info][gc,task     ] GC(34) Using 2 of 8 workers for concurrent reference update
[0.536s][info][gc          ] GC(34) Concurrent update references 0.764ms
[0.536s][info][gc,start    ] GC(34) Concurrent update thread roots
[0.536s][info][gc          ] GC(34) Concurrent update thread roots 0.129ms
[0.536s][info][gc,start    ] GC(34) Pause Final Update Refs
[0.536s][info][gc,task     ] GC(34) Using 8 of 8 workers for final reference update
[0.536s][info][gc          ] GC(34) Pause Final Update Refs 0.050ms
[0.536s][info][gc,start    ] GC(34) Concurrent cleanup
[0.536s][info][gc          ] GC(34) Concurrent cleanup 17M->10M(137M) 0.052ms
[0.536s][info][gc,ergo     ] Free: 1874M, Max: 512K regular, 1873M humongous, Frag: 1% external, 0% internal; Reserve: 101888K, Max: 512K
[0.536s][info][gc,stats    ] 
[0.536s][info][gc,stats    ] All times are wall-clock times, except per-root-class counters, that are sum over
[0.537s][info][gc,stats    ] all workers. Dividing the <total> over the root stage time estimates parallelism.
[0.537s][info][gc,stats    ] 
[0.537s][info][gc,stats    ] Concurrent Reset                    255 us
[0.537s][info][gc,stats    ] Pause Init Mark (G)                  85 us
[0.537s][info][gc,stats    ] Pause Init Mark (N)                  59 us
[0.537s][info][gc,stats    ]   Update Region States               10 us
[0.537s][info][gc,stats    ] Concurrent Mark Roots               114 us, parallelism: 0.97x
[0.537s][info][gc,stats    ]   CMR: <total>                      110 us
[0.537s][info][gc,stats    ]   CMR: Thread Roots                  83 us, workers (us):  34,  49, ---, ---, ---, ---, ---, ---, 
[0.537s][info][gc,stats    ]   CMR: VM Strong Roots                3 us, workers (us):   3,   0, ---, ---, ---, ---, ---, ---, 
[0.537s][info][gc,stats    ]   CMR: CLDG Roots                    23 us, workers (us):  23, ---, ---, ---, ---, ---, ---, ---, 
[0.537s][info][gc,stats    ] Concurrent Marking                  853 us
[0.537s][info][gc,stats    ] Pause Final Mark (G)                188 us
[0.537s][info][gc,stats    ] Pause Final Mark (N)                172 us
[0.537s][info][gc,stats    ]   Finish Mark                        80 us
[0.537s][info][gc,stats    ]   Update Region States               12 us
[0.537s][info][gc,stats    ]   Choose Collection Set              26 us
[0.537s][info][gc,stats    ]   Rebuild Free Set                   15 us
[0.537s][info][gc,stats    ] Concurrent Thread Roots              63 us, parallelism: 0.64x
[0.537s][info][gc,stats    ]   CTR: <total>                       40 us
[0.537s][info][gc,stats    ]   CTR: Thread Roots                  40 us, workers (us):  21,  20, ---, ---, ---, ---, ---, ---, 
[0.537s][info][gc,stats    ] Concurrent Weak References           74 us, parallelism: 0.42x
[0.537s][info][gc,stats    ]   CWRF: <total>                      31 us
[0.537s][info][gc,stats    ]   CWRF: Weak References              31 us, workers (us):  20,  11, ---, ---, ---, ---, ---, ---, 
[0.537s][info][gc,stats    ] Concurrent Weak Roots               158 us
[0.537s][info][gc,stats    ]   Roots                             115 us, parallelism: 1.38x
[0.537s][info][gc,stats    ]     CWR: <total>                    159 us
[0.537s][info][gc,stats    ]     CWR: Code Cache Roots            58 us, workers (us):  15,  43, ---, ---, ---, ---, ---, ---, 
[0.537s][info][gc,stats    ]     CWR: VM Weak Roots              100 us, workers (us):  57,  42, ---, ---, ---, ---, ---, ---, 
[0.537s][info][gc,stats    ]     CWR: CLDG Roots                   1 us, workers (us): ---,   1, ---, ---, ---, ---, ---, ---, 
[0.537s][info][gc,stats    ]   Rendezvous                         13 us
[0.537s][info][gc,stats    ] Concurrent Cleanup                   65 us
[0.537s][info][gc,stats    ] Concurrent Class Unloading          483 us
[0.537s][info][gc,stats    ]   Unlink Stale                      320 us
[0.537s][info][gc,stats    ]     System Dictionary                22 us
[0.537s][info][gc,stats    ]     Weak Class Links                  0 us
[0.537s][info][gc,stats    ]     Code Roots                      296 us
[0.537s][info][gc,stats    ]   Rendezvous                         97 us
[0.537s][info][gc,stats    ]   Purge Unlinked                     35 us
[0.537s][info][gc,stats    ]     Code Roots                       22 us
[0.537s][info][gc,stats    ]     CLDG                             13 us
[0.537s][info][gc,stats    ]     Exception Caches                  0 us
[0.537s][info][gc,stats    ] Concurrent Strong Roots              85 us, parallelism: 0.60x
[0.537s][info][gc,stats    ]   CSR: <total>                       51 us
[0.537s][info][gc,stats    ]   CSR: VM Strong Roots                5 us, workers (us):   5,   0, ---, ---, ---, ---, ---, ---, 
[0.537s][info][gc,stats    ]   CSR: CLDG Roots                    46 us, workers (us):  46, ---, ---, ---, ---, ---, ---, ---, 
[0.537s][info][gc,stats    ] Concurrent Evacuation              1879 us
[0.537s][info][gc,stats    ] Pause Init Update Refs (G)          115 us
[0.537s][info][gc,stats    ] Pause Init Update Refs (N)           31 us
[0.537s][info][gc,stats    ]   Manage GCLABs                       2 us
[0.537s][info][gc,stats    ] Concurrent Update Refs              782 us
[0.537s][info][gc,stats    ] Concurrent Update Thread Roots      139 us
[0.537s][info][gc,stats    ] Pause Final Update Refs (G)         138 us
[0.537s][info][gc,stats    ] Pause Final Update Refs (N)          58 us
[0.537s][info][gc,stats    ]   Update Region States               13 us
[0.537s][info][gc,stats    ]   Trash Collection Set                2 us
[0.537s][info][gc,stats    ]   Rebuild Free Set                   16 us
[0.537s][info][gc,stats    ] Concurrent Cleanup                   61 us
[0.537s][info][gc,stats    ] 
[0.537s][info][gc,stats    ] Allocation pacing accrued:
[0.537s][info][gc,stats    ]       0 of     7 ms (  0.0%): <total>
[0.537s][info][gc,stats    ]       0 of     7 ms (  0.0%): <average total>
[0.537s][info][gc,stats    ] 
[0.537s][info][gc,metaspace] Metaspace: 473K(704K)->474K(704K) NonClass: 457K(576K)->457K(576K) Class: 16K(128K)->16K(128K)
[0.537s][info][gc,ergo     ] Pacer for Idle. Initial: 40642K, Alloc Tax Rate: 1.0x
[0.538s][info][gc          ] Trigger: Start next cycle immediately
[0.538s][info][gc,ergo     ] Free: 1873M, Max: 512K regular, 1873M humongous, Frag: 0% external, 0% internal; Reserve: 101888K, Max: 512K
[0.538s][info][gc,start    ] GC(35) Concurrent reset
[0.538s][info][gc,task     ] GC(35) Using 2 of 8 workers for concurrent reset
[0.538s][info][gc,ergo     ] GC(35) Pacer for Reset. Non-Taxable: 1984M
[0.538s][info][gc          ] GC(35) Concurrent reset 0.232ms
[0.538s][info][gc,start    ] GC(35) Pause Init Mark
[0.538s][info][gc,task     ] GC(35) Using 8 of 8 workers for init marking
[0.538s][info][gc,ergo     ] GC(35) Pacer for Mark. Expected Live: 5897K, Free: 1873M, Non-Taxable: 187M, Alloc Tax Rate: 0.0x
[0.538s][info][gc          ] GC(35) Pause Init Mark 0.045ms
[0.539s][info][gc,start    ] GC(35) Concurrent marking roots
[0.539s][info][gc,task     ] GC(35) Using 2 of 8 workers for concurrent marking roots
[0.539s][info][gc          ] GC(35) Concurrent marking roots 0.133ms
[0.539s][info][gc,start    ] GC(35) Concurrent marking
[0.539s][info][gc,task     ] GC(35) Using 2 of 8 workers for concurrent marking
[0.539s][info][gc          ] GC(35) Concurrent marking 0.713ms
[0.539s][info][gc,start    ] GC(35) Pause Final Mark
[0.539s][info][gc,task     ] GC(35) Using 8 of 8 workers for final marking
[0.540s][info][gc,ergo     ] GC(35) Collectable Garbage: 3532K (100%), Immediate: 1263K (35%), CSet: 2269K (64%)
[0.540s][info][gc,ergo     ] GC(35) Pacer for Evacuation. Used CSet: 8615K, Free: 1874M, Non-Taxable: 187M, Alloc Tax Rate: 1.1x
[0.540s][info][gc          ] GC(35) Pause Final Mark 0.181ms
[0.540s][info][gc,start    ] GC(35) Concurrent thread roots
[0.540s][info][gc,task     ] GC(35) Using 2 of 8 workers for Concurrent thread roots
[0.540s][info][gc          ] GC(35) Concurrent thread roots 0.046ms
[0.540s][info][gc,start    ] GC(35) Concurrent weak references
[0.540s][info][gc,task     ] GC(35) Using 2 of 8 workers for concurrent weak references
[0.540s][info][gc,ref      ] GC(35) Encountered references: Soft: 31, Weak: 99, Final: 0, Phantom: 391
[0.540s][info][gc,ref      ] GC(35) Discovered  references: Soft: 0, Weak: 83, Final: 0, Phantom: 131
[0.540s][info][gc,ref      ] GC(35) Enqueued    references: Soft: 0, Weak: 0, Final: 0, Phantom: 0
[0.540s][info][gc          ] GC(35) Concurrent weak references 0.071ms
[0.540s][info][gc,start    ] GC(35) Concurrent weak roots
[0.540s][info][gc,task     ] GC(35) Using 2 of 8 workers for concurrent weak root
[0.540s][info][gc          ] GC(35) Concurrent weak roots 0.106ms
[0.540s][info][gc,start    ] GC(35) Concurrent cleanup
[0.540s][info][gc          ] GC(35) Concurrent cleanup 11M->10M(137M) 0.056ms
[0.540s][info][gc,ergo     ] GC(35) Free: 1874M, Max: 512K regular, 1872M humongous, Frag: 1% external, 0% internal; Reserve: 101764K, Max: 512K
[0.540s][info][gc,start    ] GC(35) Concurrent strong roots
[0.540s][info][gc,task     ] GC(35) Using 2 of 8 workers for concurrent strong root
[0.540s][info][gc          ] GC(35) Concurrent strong roots 0.134ms
[0.540s][info][gc,start    ] GC(35) Concurrent evacuation
[0.540s][info][gc,task     ] GC(35) Using 2 of 8 workers for concurrent evacuation
[0.541s][info][gc          ] GC(35) Concurrent evacuation 1.124ms
[0.541s][info][gc,start    ] GC(35) Pause Init Update Refs
[0.541s][info][gc,ergo     ] GC(35) Pacer for Update Refs. Used: 18273K, Free: 1873M, Non-Taxable: 187M, Alloc Tax Rate: 1.1x
[0.541s][info][gc          ] GC(35) Pause Init Update Refs 0.021ms
[0.541s][info][gc,start    ] GC(35) Concurrent update references
[0.541s][info][gc,task     ] GC(35) Using 2 of 8 workers for concurrent reference update
[0.542s][info][gc          ] GC(35) Concurrent update references 0.731ms
[0.542s][info][gc,start    ] GC(35) Concurrent update thread roots
[0.542s][info][gc          ] GC(35) Concurrent update thread roots 0.062ms
[0.542s][info][gc,start    ] GC(35) Pause Final Update Refs
[0.542s][info][gc,task     ] GC(35) Using 8 of 8 workers for final reference update
[0.542s][info][gc          ] GC(35) Pause Final Update Refs 0.050ms
[0.542s][info][gc,start    ] GC(35) Concurrent cleanup
[0.542s][info][gc          ] GC(35) Concurrent cleanup 17M->9M(138M) 0.053ms
[0.542s][info][gc,ergo     ] Free: 1875M, Max: 512K regular, 1872M humongous, Frag: 1% external, 0% internal; Reserve: 101888K, Max: 512K
[0.542s][info][gc,stats    ] 
[0.542s][info][gc,stats    ] All times are wall-clock times, except per-root-class counters, that are sum over
[0.542s][info][gc,stats    ] all workers. Dividing the <total> over the root stage time estimates parallelism.
[0.542s][info][gc,stats    ] 
[0.542s][info][gc,stats    ] Concurrent Reset                    254 us
[0.542s][info][gc,stats    ] Pause Init Mark (G)                 139 us
[0.542s][info][gc,stats    ] Pause Init Mark (N)                  53 us
[0.542s][info][gc,stats    ]   Update Region States               14 us
[0.543s][info][gc,stats    ] Concurrent Mark Roots               144 us, parallelism: 1.27x
[0.543s][info][gc,stats    ]   CMR: <total>                      182 us
[0.543s][info][gc,stats    ]   CMR: Thread Roots                  45 us, workers (us):  32,  13, ---, ---, ---, ---, ---, ---, 
[0.543s][info][gc,stats    ]   CMR: Code Cache Roots             108 us, workers (us):  36,  72, ---, ---, ---, ---, ---, ---, 
[0.543s][info][gc,stats    ]   CMR: VM Strong Roots                3 us, workers (us):   2,   1, ---, ---, ---, ---, ---, ---, 
[0.543s][info][gc,stats    ]   CMR: CLDG Roots                    26 us, workers (us):  26, ---, ---, ---, ---, ---, ---, ---, 
[0.543s][info][gc,stats    ] Concurrent Marking                  734 us
[0.543s][info][gc,stats    ] Pause Final Mark (G)                282 us
[0.543s][info][gc,stats    ] Pause Final Mark (N)                189 us
[0.543s][info][gc,stats    ]   Finish Mark                        96 us
[0.543s][info][gc,stats    ]   Update Region States               12 us
[0.543s][info][gc,stats    ]   Choose Collection Set              27 us
[0.543s][info][gc,stats    ]   Rebuild Free Set                   15 us
[0.543s][info][gc,stats    ] Concurrent Thread Roots              54 us, parallelism: 0.71x
[0.543s][info][gc,stats    ]   CTR: <total>                       39 us
[0.543s][info][gc,stats    ]   CTR: Thread Roots                  39 us, workers (us):  22,  17, ---, ---, ---, ---, ---, ---, 
[0.543s][info][gc,stats    ] Concurrent Weak References           78 us, parallelism: 0.26x
[0.543s][info][gc,stats    ]   CWRF: <total>                      20 us
[0.543s][info][gc,stats    ]   CWRF: Weak References              20 us, workers (us):  11,   9, ---, ---, ---, ---, ---, ---, 
[0.543s][info][gc,stats    ] Concurrent Weak Roots               116 us
[0.543s][info][gc,stats    ]   Roots                              76 us, parallelism: 1.32x
[0.543s][info][gc,stats    ]     CWR: <total>                    101 us
[0.543s][info][gc,stats    ]     CWR: VM Weak Roots              101 us, workers (us):  55,  45, ---, ---, ---, ---, ---, ---, 
[0.543s][info][gc,stats    ]   Rendezvous                         13 us
[0.543s][info][gc,stats    ] Concurrent Cleanup                   64 us
[0.543s][info][gc,stats    ] Concurrent Strong Roots             145 us, parallelism: 1.29x
[0.543s][info][gc,stats    ]   CSR: <total>                      187 us
[0.543s][info][gc,stats    ]   CSR: Code Cache Roots             132 us, workers (us):  43,  89, ---, ---, ---, ---, ---, ---, 
[0.543s][info][gc,stats    ]   CSR: VM Strong Roots                5 us, workers (us):   5,   0, ---, ---, ---, ---, ---, ---, 
[0.543s][info][gc,stats    ]   CSR: CLDG Roots                    50 us, workers (us):  50, ---, ---, ---, ---, ---, ---, ---, 
[0.543s][info][gc,stats    ] Concurrent Evacuation              1143 us
[0.543s][info][gc,stats    ] Pause Init Update Refs (G)           48 us
[0.543s][info][gc,stats    ] Pause Init Update Refs (N)           29 us
[0.543s][info][gc,stats    ]   Manage GCLABs                       2 us
[0.543s][info][gc,stats    ] Concurrent Update Refs              752 us
[0.543s][info][gc,stats    ] Concurrent Update Thread Roots       71 us
[0.543s][info][gc,stats    ] Pause Final Update Refs (G)         162 us
[0.543s][info][gc,stats    ] Pause Final Update Refs (N)          57 us
[0.543s][info][gc,stats    ]   Update Region States               13 us
[0.543s][info][gc,stats    ]   Trash Collection Set                2 us
[0.543s][info][gc,stats    ]   Rebuild Free Set                   15 us
[0.543s][info][gc,stats    ] Concurrent Cleanup                   60 us
[0.543s][info][gc,stats    ] 
[0.543s][info][gc,stats    ] Allocation pacing accrued:
[0.543s][info][gc,stats    ]       0 of     6 ms (  0.0%): <total>
[0.543s][info][gc,stats    ]       0 of     6 ms (  0.0%): <average total>
[0.543s][info][gc,stats    ] 
[0.543s][info][gc,metaspace] Metaspace: 474K(704K)->475K(704K) NonClass: 457K(576K)->459K(576K) Class: 16K(128K)->16K(128K)
[0.543s][info][gc,ergo     ] Pacer for Idle. Initial: 40642K, Alloc Tax Rate: 1.0x
[0.544s][info][gc          ] Trigger: Start next cycle immediately
[0.544s][info][gc,ergo     ] Free: 1875M, Max: 512K regular, 1872M humongous, Frag: 1% external, 0% internal; Reserve: 101888K, Max: 512K
[0.544s][info][gc,start    ] GC(36) Concurrent reset
[0.544s][info][gc,task     ] GC(36) Using 2 of 8 workers for concurrent reset
[0.544s][info][gc,ergo     ] GC(36) Pacer for Reset. Non-Taxable: 1984M
[0.544s][info][gc          ] GC(36) Concurrent reset 0.237ms
[0.544s][info][gc,start    ] GC(36) Pause Init Mark (unload classes)
[0.544s][info][gc,task     ] GC(36) Using 8 of 8 workers for init marking
[0.544s][info][gc,ergo     ] GC(36) Pacer for Mark. Expected Live: 6458K, Free: 1875M, Non-Taxable: 187M, Alloc Tax Rate: 0.0x
[0.544s][info][gc          ] GC(36) Pause Init Mark (unload classes) 0.045ms
[0.544s][info][gc,start    ] GC(36) Concurrent marking roots
[0.544s][info][gc,task     ] GC(36) Using 2 of 8 workers for concurrent marking roots
[0.545s][info][gc          ] GC(36) Concurrent marking roots 0.114ms
[0.545s][info][gc,start    ] GC(36) Concurrent marking (unload classes)
[0.545s][info][gc,task     ] GC(36) Using 2 of 8 workers for concurrent marking
[0.546s][info][gc          ] GC(36) Concurrent marking (unload classes) 1.259ms
[0.546s][info][gc,start    ] GC(36) Pause Final Mark (unload classes)
[0.546s][info][gc,task     ] GC(36) Using 8 of 8 workers for final marking
[0.546s][info][gc,ergo     ] GC(36) Collectable Garbage: 1776K (100%), Immediate: 0B (0%), CSet: 1776K (100%)
[0.546s][info][gc,ergo     ] GC(36) Pacer for Evacuation. Used CSet: 8054K, Free: 1874M, Non-Taxable: 187M, Alloc Tax Rate: 1.1x
[0.546s][info][gc          ] GC(36) Pause Final Mark (unload classes) 0.185ms
[0.546s][info][gc,start    ] GC(36) Concurrent thread roots
[0.546s][info][gc,task     ] GC(36) Using 2 of 8 workers for Concurrent thread roots
[0.546s][info][gc          ] GC(36) Concurrent thread roots 0.081ms
[0.546s][info][gc,start    ] GC(36) Concurrent weak references
[0.546s][info][gc,task     ] GC(36) Using 2 of 8 workers for concurrent weak references
[0.546s][info][gc,ref      ] GC(36) Encountered references: Soft: 31, Weak: 99, Final: 0, Phantom: 443
[0.546s][info][gc,ref      ] GC(36) Discovered  references: Soft: 0, Weak: 40, Final: 0, Phantom: 442
[0.546s][info][gc,ref      ] GC(36) Enqueued    references: Soft: 0, Weak: 0, Final: 0, Phantom: 0
[0.546s][info][gc          ] GC(36) Concurrent weak references 0.092ms
[0.546s][info][gc,start    ] GC(36) Concurrent weak roots
[0.546s][info][gc,task     ] GC(36) Using 2 of 8 workers for concurrent weak root
[0.547s][info][gc          ] GC(36) Concurrent weak roots 0.566ms
[0.547s][info][gc,start    ] GC(36) Concurrent cleanup
[0.547s][info][gc          ] GC(36) Concurrent cleanup 10M->10M(138M) 0.057ms
[0.547s][info][gc,ergo     ] GC(36) Free: 1874M, Max: 512K regular, 1872M humongous, Frag: 1% external, 0% internal; Reserve: 101756K, Max: 512K
[0.547s][info][gc,start    ] GC(36) Concurrent class unloading
[0.547s][info][gc,task     ] GC(36) Using 2 of 8 workers for concurrent class unloading
[0.547s][info][gc          ] GC(36) Concurrent class unloading 0.231ms
[0.547s][info][gc,start    ] GC(36) Concurrent strong roots
[0.547s][info][gc,task     ] GC(36) Using 2 of 8 workers for concurrent strong root
[0.547s][info][gc          ] GC(36) Concurrent strong roots 0.082ms
[0.547s][info][gc,start    ] GC(36) Concurrent evacuation
[0.547s][info][gc,task     ] GC(36) Using 2 of 8 workers for concurrent evacuation
[0.549s][info][gc          ] GC(36) Concurrent evacuation 1.801ms
[0.552s][info][gc,start    ] GC(36) Pause Init Update Refs
[0.552s][info][gc,ergo     ] GC(36) Pacer for Update Refs. Used: 17615K, Free: 1874M, Non-Taxable: 187M, Alloc Tax Rate: 1.1x
[0.552s][info][gc          ] GC(36) Pause Init Update Refs 0.042ms
[0.552s][info][gc,start    ] GC(36) Concurrent update references
[0.552s][info][gc,task     ] GC(36) Using 2 of 8 workers for concurrent reference update
[0.553s][info][gc          ] GC(36) Concurrent update references 0.792ms
[0.553s][info][gc,start    ] GC(36) Concurrent update thread roots
[0.556s][info][gc          ] GC(36) Concurrent update thread roots 3.232ms
[0.557s][info][gc,start    ] GC(36) Pause Final Update Refs
[0.557s][info][gc,task     ] GC(36) Using 8 of 8 workers for final reference update
[0.557s][info][gc          ] GC(36) Pause Final Update Refs 0.052ms
[0.557s][info][gc,start    ] GC(36) Concurrent cleanup
[0.557s][info][gc          ] GC(36) Concurrent cleanup 17M->9M(139M) 0.054ms
[0.557s][info][gc,ergo     ] Free: 1874M, Max: 512K regular, 1873M humongous, Frag: 1% external, 0% internal; Reserve: 101888K, Max: 512K
[0.557s][info][gc,stats    ] 
[0.557s][info][gc,stats    ] All times are wall-clock times, except per-root-class counters, that are sum over
[0.557s][info][gc,stats    ] all workers. Dividing the <total> over the root stage time estimates parallelism.
[0.557s][info][gc,stats    ] 
[0.557s][info][gc,stats    ] Concurrent Reset                    257 us
[0.557s][info][gc,stats    ] Pause Init Mark (G)                 141 us
[0.557s][info][gc,stats    ] Pause Init Mark (N)                  53 us
[0.557s][info][gc,stats    ]   Update Region States               14 us
[0.557s][info][gc,stats    ] Concurrent Mark Roots               123 us, parallelism: 0.99x
[0.557s][info][gc,stats    ]   CMR: <total>                      123 us
[0.557s][info][gc,stats    ]   CMR: Thread Roots                  81 us, workers (us):  30,  52, ---, ---, ---, ---, ---, ---, 
[0.557s][info][gc,stats    ]   CMR: VM Strong Roots                4 us, workers (us):   2,   2, ---, ---, ---, ---, ---, ---, 
[0.557s][info][gc,stats    ]   CMR: CLDG Roots                    37 us, workers (us):  37, ---, ---, ---, ---, ---, ---, ---, 
[0.557s][info][gc,stats    ] Concurrent Marking                 1278 us
[0.557s][info][gc,stats    ] Pause Final Mark (G)                279 us
[0.557s][info][gc,stats    ] Pause Final Mark (N)                193 us
[0.557s][info][gc,stats    ]   Finish Mark                        90 us
[0.557s][info][gc,stats    ]   Update Region States               12 us
[0.557s][info][gc,stats    ]   Choose Collection Set              27 us
[0.557s][info][gc,stats    ]   Rebuild Free Set                   15 us
[0.557s][info][gc,stats    ] Concurrent Thread Roots              94 us, parallelism: 0.76x
[0.557s][info][gc,stats    ]   CTR: <total>                       71 us
[0.557s][info][gc,stats    ]   CTR: Thread Roots                  71 us, workers (us):  41,  30, ---, ---, ---, ---, ---, ---, 
[0.557s][info][gc,stats    ] Concurrent Weak References           97 us, parallelism: 0.38x
[0.557s][info][gc,stats    ]   CWRF: <total>                      37 us
[0.557s][info][gc,stats    ]   CWRF: Weak References              37 us, workers (us):  37,   0, ---, ---, ---, ---, ---, ---, 
[0.557s][info][gc,stats    ] Concurrent Weak Roots               585 us
[0.557s][info][gc,stats    ]   Roots                             127 us, parallelism: 1.55x
[0.557s][info][gc,stats    ]     CWR: <total>                    197 us
[0.557s][info][gc,stats    ]     CWR: Code Cache Roots           104 us, workers (us):  42,  62, ---, ---, ---, ---, ---, ---, 
[0.557s][info][gc,stats    ]     CWR: VM Weak Roots               93 us, workers (us):  47,  46, ---, ---, ---, ---, ---, ---, 
[0.557s][info][gc,stats    ]     CWR: CLDG Roots                   1 us, workers (us): ---,   1, ---, ---, ---, ---, ---, ---, 
[0.557s][info][gc,stats    ]   Rendezvous                        422 us
[0.557s][info][gc,stats    ] Concurrent Cleanup                   66 us
[0.557s][info][gc,stats    ] Concurrent Class Unloading          243 us
[0.557s][info][gc,stats    ]   Unlink Stale                      184 us
[0.557s][info][gc,stats    ]     System Dictionary                15 us
[0.557s][info][gc,stats    ]     Weak Class Links                  0 us
[0.557s][info][gc,stats    ]     Code Roots                      168 us
[0.557s][info][gc,stats    ]   Rendezvous                         18 us
[0.557s][info][gc,stats    ]   Purge Unlinked                     13 us
[0.557s][info][gc,stats    ]     Code Roots                        0 us
[0.557s][info][gc,stats    ]     CLDG                             12 us
[0.557s][info][gc,stats    ]     Exception Caches                  0 us
[0.557s][info][gc,stats    ] Concurrent Strong Roots              90 us, parallelism: 0.54x
[0.557s][info][gc,stats    ]   CSR: <total>                       49 us
[0.557s][info][gc,stats    ]   CSR: VM Strong Roots                7 us, workers (us):   5,   2, ---, ---, ---, ---, ---, ---, 
[0.557s][info][gc,stats    ]   CSR: CLDG Roots                    42 us, workers (us):  42, ---, ---, ---, ---, ---, ---, ---, 
[0.557s][info][gc,stats    ] Concurrent Evacuation              1822 us
[0.557s][info][gc,stats    ] Pause Init Update Refs (G)         3225 us
[0.557s][info][gc,stats    ] Pause Init Update Refs (N)           51 us
[0.557s][info][gc,stats    ]   Manage GCLABs                       3 us
[0.557s][info][gc,stats    ] Concurrent Update Refs              813 us
[0.557s][info][gc,stats    ] Concurrent Update Thread Roots     3251 us
[0.557s][info][gc,stats    ] Pause Final Update Refs (G)         151 us
[0.557s][info][gc,stats    ] Pause Final Update Refs (N)          61 us
[0.557s][info][gc,stats    ]   Update Region States               13 us
[0.557s][info][gc,stats    ]   Trash Collection Set                2 us
[0.557s][info][gc,stats    ]   Rebuild Free Set                   16 us
[0.557s][info][gc,stats    ] Concurrent Cleanup                   62 us
[0.557s][info][gc,stats    ] 
[0.557s][info][gc,stats    ] Allocation pacing accrued:
[0.557s][info][gc,stats    ]       0 of    14 ms (  0.0%): <total>
[0.557s][info][gc,stats    ]       0 of    14 ms (  0.0%): <average total>
[0.557s][info][gc,stats    ] 
[0.557s][info][gc,metaspace] Metaspace: 478K(704K)->493K(704K) NonClass: 462K(576K)->477K(576K) Class: 16K(128K)->16K(128K)
[0.557s][info][gc,ergo     ] Pacer for Idle. Initial: 40642K, Alloc Tax Rate: 1.0x
[0.558s][info][gc          ] Trigger: Start next cycle immediately
[0.558s][info][gc,ergo     ] Free: 1874M, Max: 512K regular, 1873M humongous, Frag: 0% external, 0% internal; Reserve: 101888K, Max: 512K
[0.558s][info][gc,start    ] GC(37) Concurrent reset
[0.558s][info][gc,task     ] GC(37) Using 2 of 8 workers for concurrent reset
[0.558s][info][gc,ergo     ] GC(37) Pacer for Reset. Non-Taxable: 1984M
[0.559s][info][gc          ] GC(37) Concurrent reset 0.218ms
[0.559s][info][gc,start    ] GC(37) Pause Init Mark (unload classes)
[0.559s][info][gc,task     ] GC(37) Using 8 of 8 workers for init marking
[0.559s][info][gc,ergo     ] GC(37) Pacer for Mark. Expected Live: 7065K, Free: 1874M, Non-Taxable: 187M, Alloc Tax Rate: 0.0x
[0.559s][info][gc          ] GC(37) Pause Init Mark (unload classes) 0.042ms
[0.559s][info][gc,start    ] GC(37) Concurrent marking roots
[0.559s][info][gc,task     ] GC(37) Using 2 of 8 workers for concurrent marking roots
[0.559s][info][gc          ] GC(37) Concurrent marking roots 0.108ms
[0.559s][info][gc,start    ] GC(37) Concurrent marking (unload classes)
[0.559s][info][gc,task     ] GC(37) Using 2 of 8 workers for concurrent marking
[0.563s][info][gc          ] GC(37) Concurrent marking (unload classes) 3.997ms
[0.563s][info][gc,start    ] GC(37) Pause Final Mark (unload classes)
[0.563s][info][gc,task     ] GC(37) Using 8 of 8 workers for final marking
[0.563s][info][gc,ergo     ] GC(37) Collectable Garbage: 1743K (100%), Immediate: 0B (0%), CSet: 1743K (100%)
[0.563s][info][gc,ergo     ] GC(37) Pacer for Evacuation. Used CSet: 8981K, Free: 1873M, Non-Taxable: 187M, Alloc Tax Rate: 1.1x
[0.563s][info][gc          ] GC(37) Pause Final Mark (unload classes) 0.213ms
[0.563s][info][gc,start    ] GC(37) Concurrent thread roots
[0.563s][info][gc,task     ] GC(37) Using 2 of 8 workers for Concurrent thread roots
[0.563s][info][gc          ] GC(37) Concurrent thread roots 0.070ms
[0.563s][info][gc,start    ] GC(37) Concurrent weak references
[0.563s][info][gc,task     ] GC(37) Using 2 of 8 workers for concurrent weak references
[0.563s][info][gc,ref      ] GC(37) Encountered references: Soft: 31, Weak: 99, Final: 0, Phantom: 560
[0.563s][info][gc,ref      ] GC(37) Discovered  references: Soft: 0, Weak: 36, Final: 0, Phantom: 350
[0.563s][info][gc,ref      ] GC(37) Enqueued    references: Soft: 0, Weak: 0, Final: 0, Phantom: 0
[0.563s][info][gc          ] GC(37) Concurrent weak references 0.086ms
[0.563s][info][gc,start    ] GC(37) Concurrent weak roots
[0.563s][info][gc,task     ] GC(37) Using 2 of 8 workers for concurrent weak root
[0.564s][info][gc          ] GC(37) Concurrent weak roots 0.418ms
[0.564s][info][gc,start    ] GC(37) Concurrent cleanup
[0.564s][info][gc          ] GC(37) Concurrent cleanup 11M->11M(139M) 0.058ms
[0.564s][info][gc,ergo     ] GC(37) Free: 1872M, Max: 512K regular, 1872M humongous, Frag: 0% external, 0% internal; Reserve: 101766K, Max: 512K
[0.564s][info][gc,start    ] GC(37) Concurrent class unloading
[0.564s][info][gc,task     ] GC(37) Using 2 of 8 workers for concurrent class unloading
[0.566s][info][gc          ] GC(37) Concurrent class unloading 2.517ms
[0.566s][info][gc,start    ] GC(37) Concurrent strong roots
[0.566s][info][gc,task     ] GC(37) Using 2 of 8 workers for concurrent strong root
[0.566s][info][gc          ] GC(37) Concurrent strong roots 0.082ms
[0.566s][info][gc,start    ] GC(37) Concurrent evacuation
[0.567s][info][gc,task     ] GC(37) Using 2 of 8 workers for concurrent evacuation
[0.568s][info][gc          ] GC(37) Concurrent evacuation 1.273ms
[0.568s][info][gc,start    ] GC(37) Pause Init Update Refs
[0.568s][info][gc,ergo     ] GC(37) Pacer for Update Refs. Used: 19800K, Free: 1872M, Non-Taxable: 187M, Alloc Tax Rate: 1.1x
[0.568s][info][gc          ] GC(37) Pause Init Update Refs 0.024ms
[0.568s][info][gc,start    ] GC(37) Concurrent update references
[0.568s][info][gc,task     ] GC(37) Using 2 of 8 workers for concurrent reference update
[0.569s][info][gc          ] GC(37) Concurrent update references 0.886ms
[0.569s][info][gc,start    ] GC(37) Concurrent update thread roots
[0.577s][info][gc          ] GC(37) Concurrent update thread roots 8.560ms
[0.578s][info][gc,start    ] GC(37) Pause Final Update Refs
[0.578s][info][gc,task     ] GC(37) Using 8 of 8 workers for final reference update
[0.578s][info][gc          ] GC(37) Pause Final Update Refs 0.056ms
[0.578s][info][gc,start    ] GC(37) Concurrent cleanup
[0.578s][info][gc          ] GC(37) Concurrent cleanup 19M->10M(140M) 0.054ms
[0.578s][info][gc,ergo     ] Free: 1874M, Max: 512K regular, 1872M humongous, Frag: 1% external, 0% internal; Reserve: 101888K, Max: 512K
[0.578s][info][gc,stats    ] 
[0.578s][info][gc,stats    ] All times are wall-clock times, except per-root-class counters, that are sum over
[0.578s][info][gc,stats    ] all workers. Dividing the <total> over the root stage time estimates parallelism.
[0.578s][info][gc,stats    ] 
[0.578s][info][gc,stats    ] Concurrent Reset                    232 us
[0.578s][info][gc,stats    ] Pause Init Mark (G)                 141 us
[0.578s][info][gc,stats    ] Pause Init Mark (N)                  50 us
[0.578s][info][gc,stats    ]   Update Region States               13 us
[0.578s][info][gc,stats    ] Concurrent Mark Roots               120 us, parallelism: 0.88x
[0.578s][info][gc,stats    ]   CMR: <total>                      106 us
[0.578s][info][gc,stats    ]   CMR: Thread Roots                  74 us, workers (us):  44,  30, ---, ---, ---, ---, ---, ---, 
[0.578s][info][gc,stats    ]   CMR: VM Strong Roots                4 us, workers (us):   3,   2, ---, ---, ---, ---, ---, ---, 
[0.578s][info][gc,stats    ]   CMR: CLDG Roots                    27 us, workers (us): ---,  27, ---, ---, ---, ---, ---, ---, 
[0.578s][info][gc,stats    ] Concurrent Marking                 4021 us
[0.578s][info][gc,stats    ] Pause Final Mark (G)                307 us
[0.578s][info][gc,stats    ] Pause Final Mark (N)                221 us
[0.578s][info][gc,stats    ]   Finish Mark                       122 us
[0.578s][info][gc,stats    ]   Update Region States               13 us
[0.578s][info][gc,stats    ]   Choose Collection Set              30 us
[0.578s][info][gc,stats    ]   Rebuild Free Set                   15 us
[0.578s][info][gc,stats    ] Concurrent Thread Roots              83 us, parallelism: 0.82x
[0.578s][info][gc,stats    ]   CTR: <total>                       67 us
[0.578s][info][gc,stats    ]   CTR: Thread Roots                  67 us, workers (us):  45,  22, ---, ---, ---, ---, ---, ---, 
[0.578s][info][gc,stats    ] Concurrent Weak References           91 us, parallelism: 0.46x
[0.578s][info][gc,stats    ]   CWRF: <total>                      42 us
[0.578s][info][gc,stats    ]   CWRF: Weak References              42 us, workers (us):  12,  29, ---, ---, ---, ---, ---, ---, 
[0.578s][info][gc,stats    ] Concurrent Weak Roots               433 us
[0.578s][info][gc,stats    ]   Roots                             124 us, parallelism: 1.40x
[0.578s][info][gc,stats    ]     CWR: <total>                    173 us
[0.578s][info][gc,stats    ]     CWR: Code Cache Roots            75 us, workers (us):  24,  51, ---, ---, ---, ---, ---, ---, 
[0.578s][info][gc,stats    ]     CWR: VM Weak Roots               97 us, workers (us):  50,  46, ---, ---, ---, ---, ---, ---, 
[0.578s][info][gc,stats    ]     CWR: CLDG Roots                   1 us, workers (us): ---,   1, ---, ---, ---, ---, ---, ---, 
[0.578s][info][gc,stats    ]   Rendezvous                        278 us
[0.578s][info][gc,stats    ] Concurrent Cleanup                   67 us
[0.578s][info][gc,stats    ] Concurrent Class Unloading         2533 us
[0.578s][info][gc,stats    ]   Unlink Stale                      306 us
[0.578s][info][gc,stats    ]     System Dictionary                20 us
[0.578s][info][gc,stats    ]     Weak Class Links                  0 us
[0.578s][info][gc,stats    ]     Code Roots                      285 us
[0.578s][info][gc,stats    ]   Rendezvous                       2141 us
[0.578s][info][gc,stats    ]   Purge Unlinked                     53 us
[0.578s][info][gc,stats    ]     Code Roots                       51 us
[0.578s][info][gc,stats    ]     CLDG                              2 us
[0.578s][info][gc,stats    ]     Exception Caches                  0 us
[0.578s][info][gc,stats    ] Concurrent Strong Roots              91 us, parallelism: 0.55x
[0.578s][info][gc,stats    ]   CSR: <total>                       50 us
[0.578s][info][gc,stats    ]   CSR: VM Strong Roots                7 us, workers (us):   4,   3, ---, ---, ---, ---, ---, ---, 
[0.578s][info][gc,stats    ]   CSR: CLDG Roots                    42 us, workers (us):  42, ---, ---, ---, ---, ---, ---, ---, 
[0.578s][info][gc,stats    ] Concurrent Evacuation              1293 us
[0.578s][info][gc,stats    ] Pause Init Update Refs (G)          184 us
[0.578s][info][gc,stats    ] Pause Init Update Refs (N)           32 us
[0.578s][info][gc,stats    ]   Manage GCLABs                       3 us
[0.578s][info][gc,stats    ] Concurrent Update Refs              903 us
[0.578s][info][gc,stats    ] Concurrent Update Thread Roots     8582 us
[0.578s][info][gc,stats    ] Pause Final Update Refs (G)         153 us
[0.578s][info][gc,stats    ] Pause Final Update Refs (N)          64 us
[0.578s][info][gc,stats    ]   Update Region States               16 us
[0.578s][info][gc,stats    ]   Trash Collection Set                2 us
[0.578s][info][gc,stats    ]   Rebuild Free Set                   16 us
[0.578s][info][gc,stats    ] Concurrent Cleanup                   62 us
[0.578s][info][gc,stats    ] 
[0.578s][info][gc,stats    ] Allocation pacing accrued:
[0.578s][info][gc,stats    ]       0 of    21 ms (  0.0%): <total>
[0.578s][info][gc,stats    ]       0 of    21 ms (  0.0%): <average total>
[0.578s][info][gc,stats    ] 
[0.578s][info][gc,metaspace] Metaspace: 493K(704K)->1015K(1216K) NonClass: 477K(576K)->946K(1024K) Class: 16K(128K)->69K(192K)
[0.578s][info][gc,ergo     ] Pacer for Idle. Initial: 40642K, Alloc Tax Rate: 1.0x
[0.581s][info][gc          ] Trigger: Start next cycle immediately
[0.581s][info][gc,ergo     ] Free: 1874M, Max: 512K regular, 1872M humongous, Frag: 1% external, 0% internal; Reserve: 101888K, Max: 512K
[0.581s][info][gc,start    ] GC(38) Concurrent reset
[0.581s][info][gc,task     ] GC(38) Using 2 of 8 workers for concurrent reset
[0.581s][info][gc,ergo     ] GC(38) Pacer for Reset. Non-Taxable: 1984M
[0.581s][info][gc          ] GC(38) Concurrent reset 0.239ms
[0.581s][info][gc,start    ] GC(38) Pause Init Mark (unload classes)
[0.581s][info][gc,task     ] GC(38) Using 8 of 8 workers for init marking
[0.581s][info][gc,ergo     ] GC(38) Pacer for Mark. Expected Live: 7753K, Free: 1874M, Non-Taxable: 187M, Alloc Tax Rate: 0.0x
[0.581s][info][gc          ] GC(38) Pause Init Mark (unload classes) 0.053ms
[0.581s][info][gc,start    ] GC(38) Concurrent marking roots
[0.581s][info][gc,task     ] GC(38) Using 2 of 8 workers for concurrent marking roots
[0.582s][info][gc          ] GC(38) Concurrent marking roots 0.153ms
[0.582s][info][gc,start    ] GC(38) Concurrent marking (unload classes)
[0.582s][info][gc,task     ] GC(38) Using 2 of 8 workers for concurrent marking
[0.583s][info][gc          ] GC(38) Concurrent marking (unload classes) 1.219ms
[0.583s][info][gc,start    ] GC(38) Pause Final Mark (unload classes)
[0.583s][info][gc,task     ] GC(38) Using 8 of 8 workers for final marking
[0.583s][info][gc,ergo     ] GC(38) Collectable Garbage: 1651K (100%), Immediate: 0B (0%), CSet: 1651K (100%)
[0.583s][info][gc,ergo     ] GC(38) Pacer for Evacuation. Used CSet: 9216K, Free: 1873M, Non-Taxable: 187M, Alloc Tax Rate: 1.1x
[0.583s][info][gc          ] GC(38) Pause Final Mark (unload classes) 0.358ms
[0.583s][info][gc,start    ] GC(38) Concurrent thread roots
[0.583s][info][gc,task     ] GC(38) Using 2 of 8 workers for Concurrent thread roots
[0.583s][info][gc          ] GC(38) Concurrent thread roots 0.076ms
[0.583s][info][gc,start    ] GC(38) Concurrent weak references
[0.583s][info][gc,task     ] GC(38) Using 2 of 8 workers for concurrent weak references
[0.583s][info][gc,ref      ] GC(38) Encountered references: Soft: 37, Weak: 122, Final: 0, Phantom: 580
[0.584s][info][gc,ref      ] GC(38) Discovered  references: Soft: 0, Weak: 47, Final: 0, Phantom: 580
[0.584s][info][gc,ref      ] GC(38) Enqueued    references: Soft: 0, Weak: 8, Final: 0, Phantom: 3
[0.584s][info][gc          ] GC(38) Concurrent weak references 0.101ms
[0.584s][info][gc,start    ] GC(38) Concurrent weak roots
[0.584s][info][gc,task     ] GC(38) Using 2 of 8 workers for concurrent weak root
[0.584s][info][gc          ] GC(38) Concurrent weak roots 0.145ms
[0.584s][info][gc,start    ] GC(38) Concurrent cleanup
[0.584s][info][gc          ] GC(38) Concurrent cleanup 11M->11M(140M) 0.057ms
[0.584s][info][gc,ergo     ] GC(38) Free: 1873M, Max: 512K regular, 1872M humongous, Frag: 1% external, 0% internal; Reserve: 101734K, Max: 512K
[0.584s][info][gc,start    ] GC(38) Concurrent class unloading
[0.584s][info][gc,task     ] GC(38) Using 2 of 8 workers for concurrent class unloading
[0.584s][info][gc          ] GC(38) Concurrent class unloading 0.313ms
[0.584s][info][gc,start    ] GC(38) Concurrent strong roots
[0.584s][info][gc,task     ] GC(38) Using 2 of 8 workers for concurrent strong root
[0.584s][info][gc          ] GC(38) Concurrent strong roots 0.103ms
[0.584s][info][gc,start    ] GC(38) Concurrent evacuation
[0.584s][info][gc,task     ] GC(38) Using 2 of 8 workers for concurrent evacuation
[0.586s][info][gc          ] GC(38) Concurrent evacuation 1.733ms
[0.586s][info][gc,start    ] GC(38) Pause Init Update Refs
[0.586s][info][gc,ergo     ] GC(38) Pacer for Update Refs. Used: 20494K, Free: 1873M, Non-Taxable: 187M, Alloc Tax Rate: 1.1x
[0.586s][info][gc          ] GC(38) Pause Init Update Refs 0.025ms
[0.586s][info][gc,start    ] GC(38) Concurrent update references
[0.586s][info][gc,task     ] GC(38) Using 2 of 8 workers for concurrent reference update
[0.587s][info][gc          ] GC(38) Concurrent update references 0.946ms
[0.587s][info][gc,start    ] GC(38) Concurrent update thread roots
[0.587s][info][gc          ] GC(38) Concurrent update thread roots 0.120ms
[0.587s][info][gc,start    ] GC(38) Pause Final Update Refs
[0.587s][info][gc,task     ] GC(38) Using 8 of 8 workers for final reference update
[0.587s][info][gc          ] GC(38) Pause Final Update Refs 0.052ms
[0.587s][info][gc,start    ] GC(38) Concurrent cleanup
[0.587s][info][gc          ] GC(38) Concurrent cleanup 20M->11M(141M) 0.053ms
[0.587s][info][gc,ergo     ] Free: 1873M, Max: 512K regular, 1873M humongous, Frag: 1% external, 0% internal; Reserve: 101888K, Max: 512K
[0.587s][info][gc,stats    ] 
[0.587s][info][gc,stats    ] All times are wall-clock times, except per-root-class counters, that are sum over
[0.587s][info][gc,stats    ] all workers. Dividing the <total> over the root stage time estimates parallelism.
[0.588s][info][gc,stats    ] 
[0.588s][info][gc,stats    ] Concurrent Reset                    259 us
[0.588s][info][gc,stats    ] Pause Init Mark (G)                 177 us
[0.588s][info][gc,stats    ] Pause Init Mark (N)                  61 us
[0.588s][info][gc,stats    ]   Update Region States               16 us
[0.588s][info][gc,stats    ] Concurrent Mark Roots               166 us, parallelism: 1.15x
[0.588s][info][gc,stats    ]   CMR: <total>                      191 us
[0.588s][info][gc,stats    ]   CMR: Thread Roots                 114 us, workers (us):  92,  22, ---, ---, ---, ---, ---, ---, 
[0.588s][info][gc,stats    ]   CMR: VM Strong Roots               25 us, workers (us):  22,   3, ---, ---, ---, ---, ---, ---, 
[0.588s][info][gc,stats    ]   CMR: CLDG Roots                    52 us, workers (us): ---,  52, ---, ---, ---, ---, ---, ---, 
[0.588s][info][gc,stats    ] Concurrent Marking                 1239 us
[0.588s][info][gc,stats    ] Pause Final Mark (G)                449 us
[0.588s][info][gc,stats    ] Pause Final Mark (N)                366 us
[0.588s][info][gc,stats    ]   Finish Mark                       252 us
[0.588s][info][gc,stats    ]   Update Region States               12 us
[0.588s][info][gc,stats    ]   Choose Collection Set              46 us
[0.588s][info][gc,stats    ]   Rebuild Free Set                   16 us
[0.588s][info][gc,stats    ] Concurrent Thread Roots              86 us, parallelism: 0.58x
[0.588s][info][gc,stats    ]   CTR: <total>                       50 us
[0.588s][info][gc,stats    ]   CTR: Thread Roots                  50 us, workers (us):  33,  17, ---, ---, ---, ---, ---, ---, 
[0.588s][info][gc,stats    ] Concurrent Weak References          108 us, parallelism: 0.43x
[0.588s][info][gc,stats    ]   CWRF: <total>                      46 us
[0.588s][info][gc,stats    ]   CWRF: Weak References              46 us, workers (us):   3,  44, ---, ---, ---, ---, ---, ---, 
[0.588s][info][gc,stats    ] Concurrent Weak Roots               155 us
[0.588s][info][gc,stats    ]   Roots                             119 us, parallelism: 1.68x
[0.588s][info][gc,stats    ]     CWR: <total>                    200 us
[0.588s][info][gc,stats    ]     CWR: Code Cache Roots            93 us, workers (us):  54,  38, ---, ---, ---, ---, ---, ---, 
[0.588s][info][gc,stats    ]     CWR: VM Weak Roots              107 us, workers (us):  52,  55, ---, ---, ---, ---, ---, ---, 
[0.588s][info][gc,stats    ]     CWR: CLDG Roots                   0 us, workers (us):   0, ---, ---, ---, ---, ---, ---, ---, 
[0.588s][info][gc,stats    ]   Rendezvous                         13 us
[0.588s][info][gc,stats    ] Concurrent Cleanup                   65 us
[0.588s][info][gc,stats    ] Concurrent Class Unloading          324 us
[0.588s][info][gc,stats    ]   Unlink Stale                      238 us
[0.588s][info][gc,stats    ]     System Dictionary                19 us
[0.588s][info][gc,stats    ]     Weak Class Links                  0 us
[0.588s][info][gc,stats    ]     Code Roots                      218 us
[0.588s][info][gc,stats    ]   Rendezvous                         21 us
[0.588s][info][gc,stats    ]   Purge Unlinked                     37 us
[0.588s][info][gc,stats    ]     Code Roots                       35 us
[0.588s][info][gc,stats    ]     CLDG                              2 us
[0.588s][info][gc,stats    ]     Exception Caches                  0 us
[0.588s][info][gc,stats    ] Concurrent Strong Roots             120 us, parallelism: 0.71x
[0.588s][info][gc,stats    ]   CSR: <total>                       85 us
[0.588s][info][gc,stats    ]   CSR: VM Strong Roots               17 us, workers (us):   3,  14, ---, ---, ---, ---, ---, ---, 
[0.588s][info][gc,stats    ]   CSR: CLDG Roots                    68 us, workers (us):  68, ---, ---, ---, ---, ---, ---, ---, 
[0.588s][info][gc,stats    ] Concurrent Evacuation              1755 us
[0.588s][info][gc,stats    ] Pause Init Update Refs (G)          117 us
[0.588s][info][gc,stats    ] Pause Init Update Refs (N)           33 us
[0.588s][info][gc,stats    ]   Manage GCLABs                       3 us
[0.588s][info][gc,stats    ] Concurrent Update Refs              999 us
[0.588s][info][gc,stats    ] Concurrent Update Thread Roots      131 us
[0.588s][info][gc,stats    ] Pause Final Update Refs (G)         142 us
[0.588s][info][gc,stats    ] Pause Final Update Refs (N)          60 us
[0.588s][info][gc,stats    ]   Update Region States               13 us
[0.588s][info][gc,stats    ]   Trash Collection Set                2 us
[0.588s][info][gc,stats    ]   Rebuild Free Set                   16 us
[0.588s][info][gc,stats    ] Concurrent Cleanup                   61 us
[0.588s][info][gc,stats    ] 
[0.588s][info][gc,stats    ] Allocation pacing accrued:
[0.588s][info][gc,stats    ]       0 of    10 ms (  0.0%): <total>
[0.588s][info][gc,stats    ]       0 of    10 ms (  0.0%): <average total>
[0.588s][info][gc,stats    ] 
[0.588s][info][gc,metaspace] Metaspace: 1169K(1344K)->1205K(1408K) NonClass: 1080K(1152K)->1109K(1216K) Class: 89K(192K)->96K(192K)
[0.588s][info][gc,ergo     ] Pacer for Idle. Initial: 40642K, Alloc Tax Rate: 1.0x
[0.589s][info][gc          ] Trigger: Start next cycle immediately
[0.589s][info][gc,ergo     ] Free: 1873M, Max: 512K regular, 1873M humongous, Frag: 0% external, 0% internal; Reserve: 101888K, Max: 512K
[0.589s][info][gc,start    ] GC(39) Concurrent reset
[0.589s][info][gc,task     ] GC(39) Using 2 of 8 workers for concurrent reset
[0.589s][info][gc,ergo     ] GC(39) Pacer for Reset. Non-Taxable: 1984M
[0.589s][info][gc          ] GC(39) Concurrent reset 0.229ms
[0.590s][info][gc,start    ] GC(39) Pause Init Mark (unload classes)
[0.590s][info][gc,task     ] GC(39) Using 8 of 8 workers for init marking
[0.590s][info][gc,ergo     ] GC(39) Pacer for Mark. Expected Live: 8235K, Free: 1873M, Non-Taxable: 187M, Alloc Tax Rate: 0.0x
[0.590s][info][gc          ] GC(39) Pause Init Mark (unload classes) 0.044ms
[0.590s][info][gc,start    ] GC(39) Concurrent marking roots
[0.590s][info][gc,task     ] GC(39) Using 2 of 8 workers for concurrent marking roots
[0.590s][info][gc          ] GC(39) Concurrent marking roots 0.227ms
[0.590s][info][gc,start    ] GC(39) Concurrent marking (unload classes)
[0.590s][info][gc,task     ] GC(39) Using 2 of 8 workers for concurrent marking
[0.591s][info][gc          ] GC(39) Concurrent marking (unload classes) 0.901ms
[0.591s][info][gc,start    ] GC(39) Pause Final Mark (unload classes)
[0.591s][info][gc,task     ] GC(39) Using 8 of 8 workers for final marking
[0.591s][info][gc,ergo     ] GC(39) Collectable Garbage: 2601K (100%), Immediate: 0B (0%), CSet: 2601K (100%)
[0.591s][info][gc,ergo     ] GC(39) Pacer for Evacuation. Used CSet: 10187K, Free: 1873M, Non-Taxable: 187M, Alloc Tax Rate: 1.1x
[0.591s][info][gc          ] GC(39) Pause Final Mark (unload classes) 0.229ms
[0.591s][info][gc,start    ] GC(39) Concurrent thread roots
[0.591s][info][gc,task     ] GC(39) Using 2 of 8 workers for Concurrent thread roots
[0.591s][info][gc          ] GC(39) Concurrent thread roots 0.076ms
[0.591s][info][gc,start    ] GC(39) Concurrent weak references
[0.591s][info][gc,task     ] GC(39) Using 2 of 8 workers for concurrent weak references
[0.591s][info][gc,ref      ] GC(39) Encountered references: Soft: 47, Weak: 135, Final: 0, Phantom: 581
[0.591s][info][gc,ref      ] GC(39) Discovered  references: Soft: 0, Weak: 62, Final: 0, Phantom: 400
[0.591s][info][gc,ref      ] GC(39) Enqueued    references: Soft: 0, Weak: 11, Final: 0, Phantom: 4
[0.591s][info][gc          ] GC(39) Concurrent weak references 0.085ms
[0.591s][info][gc,start    ] GC(39) Concurrent weak roots
[0.591s][info][gc,task     ] GC(39) Using 2 of 8 workers for concurrent weak root
[0.591s][info][gc          ] GC(39) Concurrent weak roots 0.142ms
[0.591s][info][gc,start    ] GC(39) Concurrent cleanup
[0.592s][info][gc          ] GC(39) Concurrent cleanup 12M->12M(141M) 0.056ms
[0.592s][info][gc,ergo     ] GC(39) Free: 1872M, Max: 512K regular, 1872M humongous, Frag: 0% external, 0% internal; Reserve: 101728K, Max: 512K
[0.592s][info][gc,start    ] GC(39) Concurrent class unloading
[0.592s][info][gc,task     ] GC(39) Using 2 of 8 workers for concurrent class unloading
[0.592s][info][gc          ] GC(39) Concurrent class unloading 0.420ms
[0.592s][info][gc,start    ] GC(39) Concurrent strong roots
[0.592s][info][gc,task     ] GC(39) Using 2 of 8 workers for concurrent strong root
[0.592s][info][gc          ] GC(39) Concurrent strong roots 0.098ms
[0.592s][info][gc,start    ] GC(39) Concurrent evacuation
[0.592s][info][gc,task     ] GC(39) Using 2 of 8 workers for concurrent evacuation
[0.594s][info][gc          ] GC(39) Concurrent evacuation 1.473ms
[0.594s][info][gc,start    ] GC(39) Pause Init Update Refs
[0.594s][info][gc,ergo     ] GC(39) Pacer for Update Refs. Used: 21450K, Free: 1872M, Non-Taxable: 187M, Alloc Tax Rate: 1.1x
[0.594s][info][gc          ] GC(39) Pause Init Update Refs 0.037ms
[0.594s][info][gc,start    ] GC(39) Concurrent update references
[0.594s][info][gc,task     ] GC(39) Using 2 of 8 workers for concurrent reference update
[0.595s][info][gc          ] GC(39) Concurrent update references 0.913ms
[0.595s][info][gc,start    ] GC(39) Concurrent update thread roots
[0.595s][info][gc          ] GC(39) Concurrent update thread roots 0.115ms
[0.595s][info][gc,start    ] GC(39) Pause Final Update Refs
[0.595s][info][gc,task     ] GC(39) Using 8 of 8 workers for final reference update
[0.595s][info][gc          ] GC(39) Pause Final Update Refs 0.052ms
[0.595s][info][gc,start    ] GC(39) Concurrent cleanup
[0.595s][info][gc          ] GC(39) Concurrent cleanup 20M->10M(142M) 0.053ms
[0.595s][info][gc,ergo     ] Free: 1873M, Max: 512K regular, 1872M humongous, Frag: 1% external, 0% internal; Reserve: 101888K, Max: 512K
[0.595s][info][gc,stats    ] 
[0.595s][info][gc,stats    ] All times are wall-clock times, except per-root-class counters, that are sum over
[0.595s][info][gc,stats    ] all workers. Dividing the <total> over the root stage time estimates parallelism.
[0.595s][info][gc,stats    ] 
[0.595s][info][gc,stats    ] Concurrent Reset                    242 us
[0.595s][info][gc,stats    ] Pause Init Mark (G)                 141 us
[0.595s][info][gc,stats    ] Pause Init Mark (N)                  53 us
[0.595s][info][gc,stats    ]   Update Region States               13 us
[0.595s][info][gc,stats    ] Concurrent Mark Roots               238 us, parallelism: 0.99x
[0.595s][info][gc,stats    ]   CMR: <total>                      236 us
[0.595s][info][gc,stats    ]   CMR: Thread Roots                 192 us, workers (us): 172,  20, ---, ---, ---, ---, ---, ---, 
[0.595s][info][gc,stats    ]   CMR: VM Strong Roots               12 us, workers (us):  10,   1, ---, ---, ---, ---, ---, ---, 
[0.595s][info][gc,stats    ]   CMR: CLDG Roots                    32 us, workers (us): ---,  32, ---, ---, ---, ---, ---, ---, 
[0.595s][info][gc,stats    ] Concurrent Marking                  921 us
[0.595s][info][gc,stats    ] Pause Final Mark (G)                394 us
[0.595s][info][gc,stats    ] Pause Final Mark (N)                238 us
[0.595s][info][gc,stats    ]   Finish Mark                       140 us
[0.595s][info][gc,stats    ]   Update Region States               12 us
[0.595s][info][gc,stats    ]   Choose Collection Set              27 us
[0.595s][info][gc,stats    ]   Rebuild Free Set                   15 us
[0.595s][info][gc,stats    ] Concurrent Thread Roots              85 us, parallelism: 0.73x
[0.595s][info][gc,stats    ]   CTR: <total>                       62 us
[0.595s][info][gc,stats    ]   CTR: Thread Roots                  62 us, workers (us):  37,  26, ---, ---, ---, ---, ---, ---, 
[0.595s][info][gc,stats    ] Concurrent Weak References           93 us, parallelism: 0.48x
[0.595s][info][gc,stats    ]   CWRF: <total>                      44 us
[0.595s][info][gc,stats    ]   CWRF: Weak References              44 us, workers (us):  17,  27, ---, ---, ---, ---, ---, ---, 
[0.595s][info][gc,stats    ] Concurrent Weak Roots               152 us
[0.595s][info][gc,stats    ]   Roots                             118 us, parallelism: 1.59x
[0.595s][info][gc,stats    ]     CWR: <total>                    187 us
[0.595s][info][gc,stats    ]     CWR: Code Cache Roots            83 us, workers (us):  49,  34, ---, ---, ---, ---, ---, ---, 
[0.595s][info][gc,stats    ]     CWR: VM Weak Roots              104 us, workers (us):  57,  46, ---, ---, ---, ---, ---, ---, 
[0.595s][info][gc,stats    ]     CWR: CLDG Roots                   0 us, workers (us):   0, ---, ---, ---, ---, ---, ---, ---, 
[0.595s][info][gc,stats    ]   Rendezvous                         12 us
[0.595s][info][gc,stats    ] Concurrent Cleanup                   64 us
[0.595s][info][gc,stats    ] Concurrent Class Unloading          432 us
[0.595s][info][gc,stats    ]   Unlink Stale                      349 us
[0.595s][info][gc,stats    ]     System Dictionary                17 us
[0.595s][info][gc,stats    ]     Weak Class Links                  0 us
[0.595s][info][gc,stats    ]     Code Roots                      331 us
[0.595s][info][gc,stats    ]   Rendezvous                         26 us
[0.595s][info][gc,stats    ]   Purge Unlinked                     27 us
[0.595s][info][gc,stats    ]     Code Roots                       25 us
[0.595s][info][gc,stats    ]     CLDG                              2 us
[0.595s][info][gc,stats    ]     Exception Caches                  0 us
[0.595s][info][gc,stats    ] Concurrent Strong Roots             107 us, parallelism: 0.56x
[0.595s][info][gc,stats    ]   CSR: <total>                       61 us
[0.595s][info][gc,stats    ]   CSR: VM Strong Roots                5 us, workers (us):   5,   0, ---, ---, ---, ---, ---, ---, 
[0.595s][info][gc,stats    ]   CSR: CLDG Roots                    56 us, workers (us):  56, ---, ---, ---, ---, ---, ---, ---, 
[0.595s][info][gc,stats    ] Concurrent Evacuation              1496 us
[0.595s][info][gc,stats    ] Pause Init Update Refs (G)          129 us
[0.595s][info][gc,stats    ] Pause Init Update Refs (N)           45 us
[0.595s][info][gc,stats    ]   Manage GCLABs                       3 us
[0.595s][info][gc,stats    ] Concurrent Update Refs              954 us
[0.595s][info][gc,stats    ] Concurrent Update Thread Roots      127 us
[0.595s][info][gc,stats    ] Pause Final Update Refs (G)         140 us
[0.595s][info][gc,stats    ] Pause Final Update Refs (N)          60 us
[0.595s][info][gc,stats    ]   Update Region States               12 us
[0.595s][info][gc,stats    ]   Trash Collection Set                2 us
[0.596s][info][gc,stats    ]   Rebuild Free Set                   16 us
[0.596s][info][gc,stats    ] Concurrent Cleanup                   61 us
[0.596s][info][gc,stats    ] 
[0.596s][info][gc,stats    ] Allocation pacing accrued:
[0.596s][info][gc,stats    ]       0 of     8 ms (  0.0%): <total>
[0.596s][info][gc,stats    ]       0 of     8 ms (  0.0%): <average total>
[0.596s][info][gc,stats    ] 
[0.596s][info][gc,metaspace] Metaspace: 1300K(1472K)->1552K(1728K) NonClass: 1197K(1280K)->1425K(1536K) Class: 103K(192K)->127K(192K)
[0.596s][info][gc,ergo     ] Pacer for Idle. Initial: 40642K, Alloc Tax Rate: 1.0x
[0.597s][info][gc          ] Trigger: Start next cycle immediately
[0.597s][info][gc,ergo     ] Free: 1873M, Max: 512K regular, 1872M humongous, Frag: 1% external, 0% internal; Reserve: 101888K, Max: 512K
[0.597s][info][gc,start    ] GC(40) Concurrent reset
[0.597s][info][gc,task     ] GC(40) Using 2 of 8 workers for concurrent reset
[0.597s][info][gc,ergo     ] GC(40) Pacer for Reset. Non-Taxable: 1984M
[0.597s][info][gc          ] GC(40) Concurrent reset 0.251ms
[0.597s][info][gc,start    ] GC(40) Pause Init Mark
[0.597s][info][gc,task     ] GC(40) Using 8 of 8 workers for init marking
[0.597s][info][gc,ergo     ] GC(40) Pacer for Mark. Expected Live: 8540K, Free: 1873M, Non-Taxable: 187M, Alloc Tax Rate: 0.0x
[0.597s][info][gc          ] GC(40) Pause Init Mark 0.066ms
[0.597s][info][gc,start    ] GC(40) Concurrent marking roots
[0.597s][info][gc,task     ] GC(40) Using 2 of 8 workers for concurrent marking roots
[0.598s][info][gc          ] GC(40) Concurrent marking roots 0.295ms
[0.598s][info][gc,start    ] GC(40) Concurrent marking
[0.598s][info][gc,task     ] GC(40) Using 2 of 8 workers for concurrent marking
[0.599s][info][gc          ] GC(40) Concurrent marking 1.387ms
[0.600s][info][gc,start    ] GC(40) Pause Final Mark
[0.600s][info][gc,task     ] GC(40) Using 8 of 8 workers for final marking
[0.606s][info][gc,ergo     ] GC(40) Collectable Garbage: 2032K (100%), Immediate: 0B (0%), CSet: 2032K (100%)
[0.606s][info][gc,ergo     ] GC(40) Pacer for Evacuation. Used CSet: 9660K, Free: 1873M, Non-Taxable: 187M, Alloc Tax Rate: 1.1x
[0.606s][info][gc          ] GC(40) Pause Final Mark 6.331ms
[0.606s][info][gc,start    ] GC(40) Concurrent thread roots
[0.606s][info][gc,task     ] GC(40) Using 2 of 8 workers for Concurrent thread roots
[0.606s][info][gc          ] GC(40) Concurrent thread roots 0.106ms
[0.606s][info][gc,start    ] GC(40) Concurrent weak references
[0.606s][info][gc,task     ] GC(40) Using 2 of 8 workers for concurrent weak references
[0.607s][info][gc,ref      ] GC(40) Encountered references: Soft: 67, Weak: 193, Final: 0, Phantom: 577
[0.607s][info][gc,ref      ] GC(40) Discovered  references: Soft: 0, Weak: 52, Final: 0, Phantom: 576
[0.607s][info][gc,ref      ] GC(40) Enqueued    references: Soft: 0, Weak: 2, Final: 0, Phantom: 0
[0.607s][info][gc          ] GC(40) Concurrent weak references 0.103ms
[0.607s][info][gc,start    ] GC(40) Concurrent weak roots
[0.607s][info][gc,task     ] GC(40) Using 2 of 8 workers for concurrent weak root
[0.607s][info][gc          ] GC(40) Concurrent weak roots 0.691ms
[0.607s][info][gc,start    ] GC(40) Concurrent cleanup
[0.607s][info][gc          ] GC(40) Concurrent cleanup 12M->12M(142M) 0.059ms
[0.607s][info][gc,ergo     ] GC(40) Free: 1872M, Max: 512K regular, 1872M humongous, Frag: 1% external, 0% internal; Reserve: 101652K, Max: 512K
[0.607s][info][gc,start    ] GC(40) Concurrent strong roots
[0.607s][info][gc,task     ] GC(40) Using 2 of 8 workers for concurrent strong root
[0.608s][info][gc          ] GC(40) Concurrent strong roots 0.235ms
[0.608s][info][gc,start    ] GC(40) Concurrent evacuation
[0.608s][info][gc,task     ] GC(40) Using 2 of 8 workers for concurrent evacuation
[0.609s][info][gc          ] GC(40) Concurrent evacuation 1.699ms
[0.609s][info][gc,start    ] GC(40) Pause Init Update Refs
[0.609s][info][gc,ergo     ] GC(40) Pacer for Update Refs. Used: 20957K, Free: 1872M, Non-Taxable: 187M, Alloc Tax Rate: 1.1x
[0.609s][info][gc          ] GC(40) Pause Init Update Refs 0.027ms
[0.609s][info][gc,start    ] GC(40) Concurrent update references
[0.609s][info][gc,task     ] GC(40) Using 2 of 8 workers for concurrent reference update
[0.610s][info][gc          ] GC(40) Concurrent update references 0.904ms
[0.610s][info][gc,start    ] GC(40) Concurrent update thread roots
[0.611s][info][gc          ] GC(40) Concurrent update thread roots 0.680ms
[0.611s][info][gc,start    ] GC(40) Pause Final Update Refs
[0.611s][info][gc,task     ] GC(40) Using 8 of 8 workers for final reference update
[0.611s][info][gc          ] GC(40) Pause Final Update Refs 0.050ms
[0.611s][info][gc,start    ] GC(40) Concurrent cleanup
[0.611s][info][gc          ] GC(40) Concurrent cleanup 20M->11M(142M) 0.053ms
[0.611s][info][gc,ergo     ] Free: 1873M, Max: 512K regular, 1873M humongous, Frag: 1% external, 0% internal; Reserve: 101888K, Max: 512K
[0.611s][info][gc,stats    ] 
[0.611s][info][gc,stats    ] All times are wall-clock times, except per-root-class counters, that are sum over
[0.611s][info][gc,stats    ] all workers. Dividing the <total> over the root stage time estimates parallelism.
[0.611s][info][gc,stats    ] 
[0.611s][info][gc,stats    ] Concurrent Reset                    271 us
[0.611s][info][gc,stats    ] Pause Init Mark (G)                 167 us
[0.611s][info][gc,stats    ] Pause Init Mark (N)                  75 us
[0.611s][info][gc,stats    ]   Update Region States               14 us
[0.611s][info][gc,stats    ] Concurrent Mark Roots               307 us, parallelism: 1.10x
[0.611s][info][gc,stats    ]   CMR: <total>                      338 us
[0.611s][info][gc,stats    ]   CMR: Thread Roots                 192 us, workers (us): 172,  20, ---, ---, ---, ---, ---, ---, 
[0.611s][info][gc,stats    ]   CMR: Code Cache Roots             112 us, workers (us):  46,  66, ---, ---, ---, ---, ---, ---, 
[0.611s][info][gc,stats    ]   CMR: VM Strong Roots                4 us, workers (us):   3,   1, ---, ---, ---, ---, ---, ---, 
[0.611s][info][gc,stats    ]   CMR: CLDG Roots                    30 us, workers (us):  30, ---, ---, ---, ---, ---, ---, ---, 
[0.611s][info][gc,stats    ] Concurrent Marking                 1400 us
[0.611s][info][gc,stats    ] Pause Final Mark (G)               7156 us
[0.611s][info][gc,stats    ] Pause Final Mark (N)               6337 us
[0.612s][info][gc,stats    ]   Finish Mark                      6221 us
[0.612s][info][gc,stats    ]   Update Region States               14 us
[0.612s][info][gc,stats    ]   Choose Collection Set              42 us
[0.612s][info][gc,stats    ]   Rebuild Free Set                   16 us
[0.612s][info][gc,stats    ] Concurrent Thread Roots             117 us, parallelism: 0.49x
[0.612s][info][gc,stats    ]   CTR: <total>                       57 us
[0.612s][info][gc,stats    ]   CTR: Thread Roots                  57 us, workers (us):  57,   0, ---, ---, ---, ---, ---, ---, 
[0.612s][info][gc,stats    ] Concurrent Weak References          111 us, parallelism: 0.41x
[0.612s][info][gc,stats    ]   CWRF: <total>                      46 us
[0.612s][info][gc,stats    ]   CWRF: Weak References              46 us, workers (us):  45,   1, ---, ---, ---, ---, ---, ---, 
[0.612s][info][gc,stats    ] Concurrent Weak Roots               709 us
[0.612s][info][gc,stats    ]   Roots                              69 us, parallelism: 1.54x
[0.612s][info][gc,stats    ]     CWR: <total>                    106 us
[0.612s][info][gc,stats    ]     CWR: VM Weak Roots              106 us, workers (us):  52,  53, ---, ---, ---, ---, ---, ---, 
[0.612s][info][gc,stats    ]   Rendezvous                        605 us
[0.612s][info][gc,stats    ] Concurrent Cleanup                   68 us
[0.612s][info][gc,stats    ] Concurrent Strong Roots             248 us, parallelism: 0.97x
[0.612s][info][gc,stats    ]   CSR: <total>                      239 us
[0.612s][info][gc,stats    ]   CSR: Code Cache Roots             164 us, workers (us): 104,  60, ---, ---, ---, ---, ---, ---, 
[0.612s][info][gc,stats    ]   CSR: VM Strong Roots                7 us, workers (us):   7,   0, ---, ---, ---, ---, ---, ---, 
[0.612s][info][gc,stats    ]   CSR: CLDG Roots                    68 us, workers (us):  68, ---, ---, ---, ---, ---, ---, ---, 
[0.612s][info][gc,stats    ] Concurrent Evacuation              1720 us
[0.612s][info][gc,stats    ] Pause Init Update Refs (G)          139 us
[0.612s][info][gc,stats    ] Pause Init Update Refs (N)           35 us
[0.612s][info][gc,stats    ]   Manage GCLABs                       3 us
[0.612s][info][gc,stats    ] Concurrent Update Refs              927 us
[0.612s][info][gc,stats    ] Concurrent Update Thread Roots      702 us
[0.612s][info][gc,stats    ] Pause Final Update Refs (G)         142 us
[0.612s][info][gc,stats    ] Pause Final Update Refs (N)          60 us
[0.612s][info][gc,stats    ]   Update Region States               13 us
[0.612s][info][gc,stats    ]   Trash Collection Set                2 us
[0.612s][info][gc,stats    ]   Rebuild Free Set                   15 us
[0.612s][info][gc,stats    ] Concurrent Cleanup                   62 us
[0.612s][info][gc,stats    ] 
[0.612s][info][gc,stats    ] Allocation pacing accrued:
[0.612s][info][gc,stats    ]       0 of    16 ms (  0.0%): <total>
[0.612s][info][gc,stats    ]       0 of    16 ms (  0.0%): <average total>
[0.612s][info][gc,stats    ] 
[0.612s][info][gc,metaspace] Metaspace: 1621K(1856K)->1638K(1856K) NonClass: 1479K(1600K)->1493K(1600K) Class: 142K(256K)->144K(256K)
[0.612s][info][gc,ergo     ] Pacer for Idle. Initial: 40642K, Alloc Tax Rate: 1.0x
[0.613s][info][gc          ] Trigger: Start next cycle immediately
[0.613s][info][gc,ergo     ] Free: 1873M, Max: 512K regular, 1873M humongous, Frag: 1% external, 0% internal; Reserve: 101888K, Max: 512K
[0.613s][info][gc,start    ] GC(41) Concurrent reset
[0.613s][info][gc,task     ] GC(41) Using 2 of 8 workers for concurrent reset
[0.613s][info][gc,ergo     ] GC(41) Pacer for Reset. Non-Taxable: 1984M
[0.613s][info][gc          ] GC(41) Concurrent reset 0.245ms
[0.613s][info][gc,start    ] GC(41) Pause Init Mark (unload classes)
[0.613s][info][gc,task     ] GC(41) Using 8 of 8 workers for init marking
[0.613s][info][gc,ergo     ] GC(41) Pacer for Mark. Expected Live: 8886K, Free: 1873M, Non-Taxable: 187M, Alloc Tax Rate: 0.0x
[0.613s][info][gc          ] GC(41) Pause Init Mark (unload classes) 0.045ms
[0.613s][info][gc,start    ] GC(41) Concurrent marking roots
[0.613s][info][gc,task     ] GC(41) Using 2 of 8 workers for concurrent marking roots
[0.614s][info][gc          ] GC(41) Concurrent marking roots 0.324ms
[0.614s][info][gc,start    ] GC(41) Concurrent marking (unload classes)
[0.614s][info][gc,task     ] GC(41) Using 2 of 8 workers for concurrent marking
[0.615s][info][gc          ] GC(41) Concurrent marking (unload classes) 0.944ms
[0.615s][info][gc,start    ] GC(41) Pause Final Mark (unload classes)
[0.615s][info][gc,task     ] GC(41) Using 8 of 8 workers for final marking
[0.615s][info][gc,ergo     ] GC(41) Collectable Garbage: 2042K (100%), Immediate: 0B (0%), CSet: 2042K (100%)
[0.615s][info][gc,ergo     ] GC(41) Pacer for Evacuation. Used CSet: 9697K, Free: 1873M, Non-Taxable: 187M, Alloc Tax Rate: 1.1x
[0.615s][info][gc          ] GC(41) Pause Final Mark (unload classes) 0.268ms
[0.615s][info][gc,start    ] GC(41) Concurrent thread roots
[0.615s][info][gc,task     ] GC(41) Using 2 of 8 workers for Concurrent thread roots
[0.620s][info][gc          ] GC(41) Concurrent thread roots 4.707ms
[0.620s][info][gc,start    ] GC(41) Concurrent weak references
[0.620s][info][gc,task     ] GC(41) Using 2 of 8 workers for concurrent weak references
[0.620s][info][gc,ref      ] GC(41) Encountered references: Soft: 85, Weak: 228, Final: 0, Phantom: 577
[0.620s][info][gc,ref      ] GC(41) Discovered  references: Soft: 0, Weak: 47, Final: 0, Phantom: 577
[0.620s][info][gc,ref      ] GC(41) Enqueued    references: Soft: 0, Weak: 4, Final: 0, Phantom: 0
[0.620s][info][gc          ] GC(41) Concurrent weak references 0.098ms
[0.620s][info][gc,start    ] GC(41) Concurrent weak roots
[0.620s][info][gc,task     ] GC(41) Using 2 of 8 workers for concurrent weak root
[0.620s][info][gc          ] GC(41) Concurrent weak roots 0.160ms
[0.620s][info][gc,start    ] GC(41) Concurrent cleanup
[0.620s][info][gc          ] GC(41) Concurrent cleanup 11M->11M(142M) 0.056ms
[0.620s][info][gc,ergo     ] GC(41) Free: 1873M, Max: 512K regular, 1873M humongous, Frag: 0% external, 0% internal; Reserve: 101730K, Max: 512K
[0.620s][info][gc,start    ] GC(41) Concurrent class unloading
[0.620s][info][gc,task     ] GC(41) Using 2 of 8 workers for concurrent class unloading
[0.620s][info][gc          ] GC(41) Concurrent class unloading 0.244ms
[0.620s][info][gc,start    ] GC(41) Concurrent strong roots
[0.620s][info][gc,task     ] GC(41) Using 2 of 8 workers for concurrent strong root
[0.620s][info][gc          ] GC(41) Concurrent strong roots 0.106ms
[0.620s][info][gc,start    ] GC(41) Concurrent evacuation
[0.620s][info][gc,task     ] GC(41) Using 2 of 8 workers for concurrent evacuation
[0.622s][info][gc          ] GC(41) Concurrent evacuation 1.166ms
[0.622s][info][gc,start    ] GC(41) Pause Init Update Refs
[0.622s][info][gc,ergo     ] GC(41) Pacer for Update Refs. Used: 21028K, Free: 1873M, Non-Taxable: 187M, Alloc Tax Rate: 1.1x
[0.622s][info][gc          ] GC(41) Pause Init Update Refs 0.022ms
[0.622s][info][gc,start    ] GC(41) Concurrent update references
[0.622s][info][gc,task     ] GC(41) Using 2 of 8 workers for concurrent reference update
[0.623s][info][gc          ] GC(41) Concurrent update references 1.011ms
[0.623s][info][gc,start    ] GC(41) Concurrent update thread roots
[0.623s][info][gc          ] GC(41) Concurrent update thread roots 0.121ms
[0.625s][info][gc,start    ] GC(41) Pause Final Update Refs
[0.625s][info][gc,task     ] GC(41) Using 8 of 8 workers for final reference update
[0.625s][info][gc          ] GC(41) Pause Final Update Refs 0.053ms
[0.625s][info][gc,start    ] GC(41) Concurrent cleanup
[0.625s][info][gc          ] GC(41) Concurrent cleanup 20M->11M(142M) 0.053ms
[0.625s][info][gc,ergo     ] Free: 1873M, Max: 512K regular, 1872M humongous, Frag: 1% external, 0% internal; Reserve: 101888K, Max: 512K
[0.625s][info][gc,stats    ] 
[0.625s][info][gc,stats    ] All times are wall-clock times, except per-root-class counters, that are sum over
[0.625s][info][gc,stats    ] all workers. Dividing the <total> over the root stage time estimates parallelism.
[0.625s][info][gc,stats    ] 
[0.625s][info][gc,stats    ] Concurrent Reset                    260 us
[0.625s][info][gc,stats    ] Pause Init Mark (G)                 161 us
[0.625s][info][gc,stats    ] Pause Init Mark (N)                  66 us
[0.625s][info][gc,stats    ]   Update Region States               13 us
[0.625s][info][gc,stats    ] Concurrent Mark Roots               336 us, parallelism: 0.89x
[0.625s][info][gc,stats    ]   CMR: <total>                      300 us
[0.625s][info][gc,stats    ]   CMR: Thread Roots                 269 us, workers (us):  15, 254, ---, ---, ---, ---, ---, ---, 
[0.625s][info][gc,stats    ]   CMR: VM Strong Roots                4 us, workers (us):   3,   0, ---, ---, ---, ---, ---, ---, 
[0.625s][info][gc,stats    ]   CMR: CLDG Roots                    27 us, workers (us):  27, ---, ---, ---, ---, ---, ---, ---, 
[0.625s][info][gc,stats    ] Concurrent Marking                  965 us
[0.625s][info][gc,stats    ] Pause Final Mark (G)                292 us
[0.625s][info][gc,stats    ] Pause Final Mark (N)                276 us
[0.625s][info][gc,stats    ]   Finish Mark                       183 us
[0.625s][info][gc,stats    ]   Update Region States               12 us
[0.625s][info][gc,stats    ]   Choose Collection Set              28 us
[0.625s][info][gc,stats    ]   Rebuild Free Set                   15 us
[0.625s][info][gc,stats    ] Concurrent Thread Roots            4729 us, parallelism: 0.01x
[0.625s][info][gc,stats    ]   CTR: <total>                       66 us
[0.625s][info][gc,stats    ]   CTR: Thread Roots                  66 us, workers (us):  66,   0, ---, ---, ---, ---, ---, ---, 
[0.625s][info][gc,stats    ] Concurrent Weak References          105 us, parallelism: 0.48x
[0.625s][info][gc,stats    ]   CWRF: <total>                      51 us
[0.625s][info][gc,stats    ]   CWRF: Weak References              51 us, workers (us):  48,   3, ---, ---, ---, ---, ---, ---, 
[0.625s][info][gc,stats    ] Concurrent Weak Roots               170 us
[0.625s][info][gc,stats    ]   Roots                             126 us, parallelism: 1.71x
[0.625s][info][gc,stats    ]     CWR: <total>                    215 us
[0.625s][info][gc,stats    ]     CWR: Code Cache Roots           101 us, workers (us):  55,  46, ---, ---, ---, ---, ---, ---, 
[0.625s][info][gc,stats    ]     CWR: VM Weak Roots              113 us, workers (us):  57,  57, ---, ---, ---, ---, ---, ---, 
[0.625s][info][gc,stats    ]     CWR: CLDG Roots                   1 us, workers (us):   1, ---, ---, ---, ---, ---, ---, ---, 
[0.625s][info][gc,stats    ]   Rendezvous                         21 us
[0.625s][info][gc,stats    ] Concurrent Cleanup                   67 us
[0.625s][info][gc,stats    ] Concurrent Class Unloading          256 us
[0.625s][info][gc,stats    ]   Unlink Stale                      215 us
[0.625s][info][gc,stats    ]     System Dictionary                23 us
[0.625s][info][gc,stats    ]     Weak Class Links                  0 us
[0.625s][info][gc,stats    ]     Code Roots                      192 us
[0.625s][info][gc,stats    ]   Rendezvous                         11 us
[0.626s][info][gc,stats    ]   Purge Unlinked                      3 us
[0.626s][info][gc,stats    ]     Code Roots                        1 us
[0.626s][info][gc,stats    ]     CLDG                              2 us
[0.626s][info][gc,stats    ]     Exception Caches                  0 us
[0.626s][info][gc,stats    ] Concurrent Strong Roots             115 us, parallelism: 0.63x
[0.626s][info][gc,stats    ]   CSR: <total>                       72 us
[0.626s][info][gc,stats    ]   CSR: VM Strong Roots                5 us, workers (us):   5,   0, ---, ---, ---, ---, ---, ---, 
[0.626s][info][gc,stats    ]   CSR: CLDG Roots                    67 us, workers (us):  67, ---, ---, ---, ---, ---, ---, ---, 
[0.626s][info][gc,stats    ] Concurrent Evacuation              1186 us
[0.626s][info][gc,stats    ] Pause Init Update Refs (G)          112 us
[0.626s][info][gc,stats    ] Pause Init Update Refs (N)           30 us
[0.626s][info][gc,stats    ]   Manage GCLABs                       2 us
[0.626s][info][gc,stats    ] Concurrent Update Refs             1031 us
[0.626s][info][gc,stats    ] Concurrent Update Thread Roots      132 us
[0.626s][info][gc,stats    ] Pause Final Update Refs (G)        2178 us
[0.626s][info][gc,stats    ] Pause Final Update Refs (N)          62 us
[0.626s][info][gc,stats    ]   Update Region States               12 us
[0.626s][info][gc,stats    ]   Trash Collection Set                3 us
[0.626s][info][gc,stats    ]   Rebuild Free Set                   16 us
[0.626s][info][gc,stats    ] Concurrent Cleanup                   62 us
[0.626s][info][gc,stats    ] 
[0.626s][info][gc,stats    ] Allocation pacing accrued:
[0.626s][info][gc,stats    ]       0 of    14 ms (  0.0%): <total>
[0.626s][info][gc,stats    ]       0 of    14 ms (  0.0%): <average total>
[0.626s][info][gc,stats    ] 
[0.626s][info][gc,metaspace] Metaspace: 1643K(1856K)->1646K(1856K) NonClass: 1498K(1600K)->1501K(1600K) Class: 144K(256K)->145K(256K)
[0.626s][info][gc,ergo     ] Pacer for Idle. Initial: 40642K, Alloc Tax Rate: 1.0x
[0.627s][info][gc          ] Trigger: Start next cycle immediately
[0.627s][info][gc,ergo     ] Free: 1873M, Max: 512K regular, 1872M humongous, Frag: 1% external, 0% internal; Reserve: 101888K, Max: 512K
[0.627s][info][gc,start    ] GC(42) Concurrent reset
[0.627s][info][gc,task     ] GC(42) Using 2 of 8 workers for concurrent reset
[0.627s][info][gc,ergo     ] GC(42) Pacer for Reset. Non-Taxable: 1984M
[0.627s][info][gc          ] GC(42) Concurrent reset 0.217ms
[0.631s][info][gc,start    ] GC(42) Pause Init Mark
[0.631s][info][gc,task     ] GC(42) Using 8 of 8 workers for init marking
[0.631s][info][gc,ergo     ] GC(42) Pacer for Mark. Expected Live: 9136K, Free: 1873M, Non-Taxable: 187M, Alloc Tax Rate: 0.0x
[0.631s][info][gc          ] GC(42) Pause Init Mark 0.062ms
[0.631s][info][gc,start    ] GC(42) Concurrent marking roots
[0.631s][info][gc,task     ] GC(42) Using 2 of 8 workers for concurrent marking roots
[0.632s][info][gc          ] GC(42) Concurrent marking roots 0.364ms
[0.632s][info][gc,start    ] GC(42) Concurrent marking
[0.632s][info][gc,task     ] GC(42) Using 2 of 8 workers for concurrent marking
[0.633s][info][gc          ] GC(42) Concurrent marking 1.031ms
[0.633s][info][gc,start    ] GC(42) Pause Final Mark
[0.633s][info][gc,task     ] GC(42) Using 8 of 8 workers for final marking
[0.633s][info][gc,ergo     ] GC(42) Collectable Garbage: 2570K (100%), Immediate: 0B (0%), CSet: 2570K (100%)
[0.633s][info][gc,ergo     ] GC(42) Pacer for Evacuation. Used CSet: 10240K, Free: 1872M, Non-Taxable: 187M, Alloc Tax Rate: 1.1x
[0.633s][info][gc          ] GC(42) Pause Final Mark 0.331ms
[0.633s][info][gc,start    ] GC(42) Concurrent thread roots
[0.633s][info][gc,task     ] GC(42) Using 2 of 8 workers for Concurrent thread roots
[0.633s][info][gc          ] GC(42) Concurrent thread roots 0.083ms
[0.633s][info][gc,start    ] GC(42) Concurrent weak references
[0.633s][info][gc,task     ] GC(42) Using 2 of 8 workers for concurrent weak references
[0.633s][info][gc,ref      ] GC(42) Encountered references: Soft: 91, Weak: 251, Final: 0, Phantom: 577
[0.633s][info][gc,ref      ] GC(42) Discovered  references: Soft: 0, Weak: 57, Final: 0, Phantom: 576
[0.633s][info][gc,ref      ] GC(42) Enqueued    references: Soft: 0, Weak: 5, Final: 0, Phantom: 0
[0.633s][info][gc          ] GC(42) Concurrent weak references 0.094ms
[0.633s][info][gc,start    ] GC(42) Concurrent weak roots
[0.633s][info][gc,task     ] GC(42) Using 2 of 8 workers for concurrent weak root
[0.634s][info][gc          ] GC(42) Concurrent weak roots 0.200ms
[0.634s][info][gc,start    ] GC(42) Concurrent cleanup
[0.634s][info][gc          ] GC(42) Concurrent cleanup 12M->12M(142M) 0.060ms
[0.634s][info][gc,ergo     ] GC(42) Free: 1872M, Max: 512K regular, 1872M humongous, Frag: 0% external, 0% internal; Reserve: 101710K, Max: 512K
[0.634s][info][gc,start    ] GC(42) Concurrent strong roots
[0.634s][info][gc,task     ] GC(42) Using 2 of 8 workers for concurrent strong root
[0.634s][info][gc          ] GC(42) Concurrent strong roots 0.309ms
[0.634s][info][gc,start    ] GC(42) Concurrent evacuation
[0.634s][info][gc,task     ] GC(42) Using 2 of 8 workers for concurrent evacuation
[0.635s][info][gc          ] GC(42) Concurrent evacuation 1.223ms
[0.636s][info][gc,start    ] GC(42) Pause Init Update Refs
[0.636s][info][gc,ergo     ] GC(42) Pacer for Update Refs. Used: 21444K, Free: 1872M, Non-Taxable: 187M, Alloc Tax Rate: 1.1x
[0.636s][info][gc          ] GC(42) Pause Init Update Refs 0.030ms
[0.636s][info][gc,start    ] GC(42) Concurrent update references
[0.636s][info][gc,task     ] GC(42) Using 2 of 8 workers for concurrent reference update
[0.637s][info][gc          ] GC(42) Concurrent update references 1.041ms
[0.637s][info][gc,start    ] GC(42) Concurrent update thread roots
[0.637s][info][gc          ] GC(42) Concurrent update thread roots 0.202ms
[0.637s][info][gc,start    ] GC(42) Pause Final Update Refs
[0.637s][info][gc,task     ] GC(42) Using 8 of 8 workers for final reference update
[0.637s][info][gc          ] GC(42) Pause Final Update Refs 0.049ms
[0.637s][info][gc,start    ] GC(42) Concurrent cleanup
[0.637s][info][gc          ] GC(42) Concurrent cleanup 20M->10M(142M) 0.054ms
[0.637s][info][gc,ergo     ] Free: 1873M, Max: 512K regular, 1872M humongous, Frag: 1% external, 0% internal; Reserve: 101888K, Max: 512K
[0.637s][info][gc,stats    ] 
[0.637s][info][gc,stats    ] All times are wall-clock times, except per-root-class counters, that are sum over
[0.637s][info][gc,stats    ] all workers. Dividing the <total> over the root stage time estimates parallelism.
[0.637s][info][gc,stats    ] 
[0.637s][info][gc,stats    ] Concurrent Reset                    226 us
[0.637s][info][gc,stats    ] Pause Init Mark (G)                4274 us
[0.637s][info][gc,stats    ] Pause Init Mark (N)                  70 us
[0.637s][info][gc,stats    ]   Update Region States               19 us
[0.637s][info][gc,stats    ] Concurrent Mark Roots               383 us, parallelism: 1.20x
[0.637s][info][gc,stats    ]   CMR: <total>                      461 us
[0.637s][info][gc,stats    ]   CMR: Thread Roots                 242 us, workers (us):  22, 220, ---, ---, ---, ---, ---, ---, 
[0.637s][info][gc,stats    ]   CMR: Code Cache Roots             164 us, workers (us):  80,  84, ---, ---, ---, ---, ---, ---, 
[0.637s][info][gc,stats    ]   CMR: VM Strong Roots                5 us, workers (us):   4,   1, ---, ---, ---, ---, ---, ---, 
[0.637s][info][gc,stats    ]   CMR: CLDG Roots                    50 us, workers (us):  50, ---, ---, ---, ---, ---, ---, ---, 
[0.637s][info][gc,stats    ] Concurrent Marking                 1049 us
[0.637s][info][gc,stats    ] Pause Final Mark (G)                442 us
[0.637s][info][gc,stats    ] Pause Final Mark (N)                337 us
[0.637s][info][gc,stats    ]   Finish Mark                       224 us
[0.637s][info][gc,stats    ]   Update Region States               13 us
[0.637s][info][gc,stats    ]   Choose Collection Set              36 us
[0.637s][info][gc,stats    ]   Rebuild Free Set                   23 us
[0.637s][info][gc,stats    ] Concurrent Thread Roots              92 us, parallelism: 0.76x
[0.637s][info][gc,stats    ]   CTR: <total>                       70 us
[0.637s][info][gc,stats    ]   CTR: Thread Roots                  70 us, workers (us):  39,  31, ---, ---, ---, ---, ---, ---, 
[0.637s][info][gc,stats    ] Concurrent Weak References          102 us, parallelism: 0.48x
[0.637s][info][gc,stats    ]   CWRF: <total>                      49 us
[0.637s][info][gc,stats    ]   CWRF: Weak References              49 us, workers (us):  41,   8, ---, ---, ---, ---, ---, ---, 
[0.637s][info][gc,stats    ] Concurrent Weak Roots               211 us
[0.637s][info][gc,stats    ]   Roots                              88 us, parallelism: 1.51x
[0.637s][info][gc,stats    ]     CWR: <total>                    133 us
[0.637s][info][gc,stats    ]     CWR: VM Weak Roots              133 us, workers (us):  65,  68, ---, ---, ---, ---, ---, ---, 
[0.637s][info][gc,stats    ]   Rendezvous                         98 us
[0.637s][info][gc,stats    ] Concurrent Cleanup                   69 us
[0.637s][info][gc,stats    ] Concurrent Strong Roots             326 us, parallelism: 0.76x
[0.637s][info][gc,stats    ]   CSR: <total>                      249 us
[0.637s][info][gc,stats    ]   CSR: Code Cache Roots             168 us, workers (us): 168,   0, ---, ---, ---, ---, ---, ---, 
[0.637s][info][gc,stats    ]   CSR: VM Strong Roots                6 us, workers (us):   6,   0, ---, ---, ---, ---, ---, ---, 
[0.637s][info][gc,stats    ]   CSR: CLDG Roots                    75 us, workers (us):  75, ---, ---, ---, ---, ---, ---, ---, 
[0.637s][info][gc,stats    ] Concurrent Evacuation              1245 us
[0.637s][info][gc,stats    ] Pause Init Update Refs (G)          262 us
[0.637s][info][gc,stats    ] Pause Init Update Refs (N)           38 us
[0.637s][info][gc,stats    ]   Manage GCLABs                       3 us
[0.637s][info][gc,stats    ] Concurrent Update Refs             1059 us
[0.637s][info][gc,stats    ] Concurrent Update Thread Roots      217 us
[0.637s][info][gc,stats    ] Pause Final Update Refs (G)         150 us
[0.637s][info][gc,stats    ] Pause Final Update Refs (N)          57 us
[0.637s][info][gc,stats    ]   Update Region States               13 us
[0.637s][info][gc,stats    ]   Trash Collection Set                2 us
[0.637s][info][gc,stats    ]   Rebuild Free Set                   16 us
[0.637s][info][gc,stats    ] Concurrent Cleanup                   62 us
[0.638s][info][gc,stats    ] 
[0.638s][info][gc,stats    ] Allocation pacing accrued:
[0.638s][info][gc,stats    ]       0 of    12 ms (  0.0%): <total>
[0.638s][info][gc,stats    ]       0 of    12 ms (  0.0%): <average total>
[0.638s][info][gc,stats    ] 
[0.638s][info][gc,metaspace] Metaspace: 1651K(1856K)->1665K(1856K) NonClass: 1505K(1600K)->1519K(1600K) Class: 145K(256K)->145K(256K)
[0.638s][info][gc,ergo     ] Pacer for Idle. Initial: 40642K, Alloc Tax Rate: 1.0x
[0.639s][info][gc          ] Trigger: Start next cycle immediately
[0.639s][info][gc,ergo     ] Free: 1873M, Max: 512K regular, 1872M humongous, Frag: 1% external, 0% internal; Reserve: 101888K, Max: 512K
[0.639s][info][gc,start    ] GC(43) Concurrent reset
[0.639s][info][gc,task     ] GC(43) Using 2 of 8 workers for concurrent reset
[0.639s][info][gc,ergo     ] GC(43) Pacer for Reset. Non-Taxable: 1984M
[0.639s][info][gc          ] GC(43) Concurrent reset 0.213ms
[0.639s][info][gc,start    ] GC(43) Pause Init Mark
[0.639s][info][gc,task     ] GC(43) Using 8 of 8 workers for init marking
[0.639s][info][gc,ergo     ] GC(43) Pacer for Mark. Expected Live: 9222K, Free: 1873M, Non-Taxable: 187M, Alloc Tax Rate: 0.0x
[0.639s][info][gc          ] GC(43) Pause Init Mark 0.041ms
[0.639s][info][gc,start    ] GC(43) Concurrent marking roots
[0.639s][info][gc,task     ] GC(43) Using 2 of 8 workers for concurrent marking roots
[0.640s][info][gc          ] GC(43) Concurrent marking roots 0.292ms
[0.640s][info][gc,start    ] GC(43) Concurrent marking
[0.640s][info][gc,task     ] GC(43) Using 2 of 8 workers for concurrent marking
[0.648s][info][gc          ] GC(43) Concurrent marking 8.642ms
[0.648s][info][gc,start    ] GC(43) Pause Final Mark
[0.648s][info][gc,task     ] GC(43) Using 8 of 8 workers for final marking
[0.649s][info][gc,ergo     ] GC(43) Collectable Garbage: 2438K (100%), Immediate: 0B (0%), CSet: 2438K (100%)
[0.649s][info][gc,ergo     ] GC(43) Pacer for Evacuation. Used CSet: 10113K, Free: 1872M, Non-Taxable: 187M, Alloc Tax Rate: 1.1x
[0.649s][info][gc          ] GC(43) Pause Final Mark 0.279ms
[0.649s][info][gc,start    ] GC(43) Concurrent thread roots
[0.649s][info][gc,task     ] GC(43) Using 2 of 8 workers for Concurrent thread roots
[0.649s][info][gc          ] GC(43) Concurrent thread roots 0.067ms
[0.649s][info][gc,start    ] GC(43) Concurrent weak references
[0.649s][info][gc,task     ] GC(43) Using 2 of 8 workers for concurrent weak references
[0.649s][info][gc,ref      ] GC(43) Encountered references: Soft: 96, Weak: 251, Final: 0, Phantom: 578
[0.649s][info][gc,ref      ] GC(43) Discovered  references: Soft: 0, Weak: 156, Final: 0, Phantom: 577
[0.649s][info][gc,ref      ] GC(43) Enqueued    references: Soft: 0, Weak: 3, Final: 0, Phantom: 1
[0.649s][info][gc          ] GC(43) Concurrent weak references 0.119ms
[0.649s][info][gc,start    ] GC(43) Concurrent weak roots
[0.649s][info][gc,task     ] GC(43) Using 2 of 8 workers for concurrent weak root
[0.649s][info][gc          ] GC(43) Concurrent weak roots 0.204ms
[0.649s][info][gc,start    ] GC(43) Concurrent cleanup
[0.649s][info][gc          ] GC(43) Concurrent cleanup 12M->12M(142M) 0.062ms
[0.649s][info][gc,ergo     ] GC(43) Free: 1872M, Max: 512K regular, 1872M humongous, Frag: 0% external, 0% internal; Reserve: 101734K, Max: 512K
[0.649s][info][gc,start    ] GC(43) Concurrent strong roots
[0.649s][info][gc,task     ] GC(43) Using 2 of 8 workers for concurrent strong root
[0.650s][info][gc          ] GC(43) Concurrent strong roots 0.428ms
[0.650s][info][gc,start    ] GC(43) Concurrent evacuation
[0.650s][info][gc,task     ] GC(43) Using 2 of 8 workers for concurrent evacuation
[0.651s][info][gc          ] GC(43) Concurrent evacuation 1.262ms
[0.651s][info][gc,start    ] GC(43) Pause Init Update Refs
[0.651s][info][gc,ergo     ] GC(43) Pacer for Update Refs. Used: 21875K, Free: 1871M, Non-Taxable: 187M, Alloc Tax Rate: 1.1x
[0.651s][info][gc          ] GC(43) Pause Init Update Refs 0.049ms
[0.651s][info][gc,start    ] GC(43) Concurrent update references
[0.651s][info][gc,task     ] GC(43) Using 2 of 8 workers for concurrent reference update
[0.652s][info][gc          ] GC(43) Concurrent update references 1.167ms
[0.652s][info][gc,start    ] GC(43) Concurrent update thread roots
[0.653s][info][gc          ] GC(43) Concurrent update thread roots 0.202ms
[0.653s][info][gc,start    ] GC(43) Pause Final Update Refs
[0.653s][info][gc,task     ] GC(43) Using 8 of 8 workers for final reference update
[0.653s][info][gc          ] GC(43) Pause Final Update Refs 0.051ms
[0.653s][info][gc,start    ] GC(43) Concurrent cleanup
[0.653s][info][gc          ] GC(43) Concurrent cleanup 21M->11M(142M) 0.053ms
[0.653s][info][gc,ergo     ] Free: 1873M, Max: 512K regular, 1871M humongous, Frag: 1% external, 0% internal; Reserve: 101888K, Max: 512K
[0.653s][info][gc,stats    ] 
[0.653s][info][gc,stats    ] All times are wall-clock times, except per-root-class counters, that are sum over
[0.653s][info][gc,stats    ] all workers. Dividing the <total> over the root stage time estimates parallelism.
[0.653s][info][gc,stats    ] 
[0.653s][info][gc,stats    ] Concurrent Reset                    222 us
[0.653s][info][gc,stats    ] Pause Init Mark (G)                 135 us
[0.653s][info][gc,stats    ] Pause Init Mark (N)                  49 us
[0.653s][info][gc,stats    ]   Update Region States               12 us
[0.653s][info][gc,stats    ] Concurrent Mark Roots               304 us, parallelism: 0.83x
[0.653s][info][gc,stats    ]   CMR: <total>                      253 us
[0.653s][info][gc,stats    ]   CMR: Thread Roots                  68 us, workers (us):  51,  17, ---, ---, ---, ---, ---, ---, 
[0.653s][info][gc,stats    ]   CMR: Code Cache Roots             150 us, workers (us): 150,   0, ---, ---, ---, ---, ---, ---, 
[0.653s][info][gc,stats    ]   CMR: VM Strong Roots                3 us, workers (us):   3,   0, ---, ---, ---, ---, ---, ---, 
[0.653s][info][gc,stats    ]   CMR: CLDG Roots                    32 us, workers (us):  32, ---, ---, ---, ---, ---, ---, ---, 
[0.653s][info][gc,stats    ] Concurrent Marking                 8666 us
[0.653s][info][gc,stats    ] Pause Final Mark (G)                372 us
[0.653s][info][gc,stats    ] Pause Final Mark (N)                287 us
[0.653s][info][gc,stats    ]   Finish Mark                       177 us
[0.653s][info][gc,stats    ]   Update Region States               18 us
[0.653s][info][gc,stats    ]   Choose Collection Set              37 us
[0.653s][info][gc,stats    ]   Rebuild Free Set                   16 us
[0.653s][info][gc,stats    ] Concurrent Thread Roots              76 us, parallelism: 0.74x
[0.653s][info][gc,stats    ]   CTR: <total>                       56 us
[0.653s][info][gc,stats    ]   CTR: Thread Roots                  56 us, workers (us):  30,  26, ---, ---, ---, ---, ---, ---, 
[0.653s][info][gc,stats    ] Concurrent Weak References          126 us, parallelism: 0.56x
[0.653s][info][gc,stats    ]   CWRF: <total>                      70 us
[0.653s][info][gc,stats    ]   CWRF: Weak References              70 us, workers (us):  18,  52, ---, ---, ---, ---, ---, ---, 
[0.653s][info][gc,stats    ] Concurrent Weak Roots               216 us
[0.653s][info][gc,stats    ]   Roots                              93 us, parallelism: 1.26x
[0.653s][info][gc,stats    ]     CWR: <total>                    117 us
[0.653s][info][gc,stats    ]     CWR: VM Weak Roots              117 us, workers (us):  63,  54, ---, ---, ---, ---, ---, ---, 
[0.653s][info][gc,stats    ]   Rendezvous                         95 us
[0.653s][info][gc,stats    ] Concurrent Cleanup                   70 us
[0.653s][info][gc,stats    ] Concurrent Strong Roots             442 us, parallelism: 0.95x
[0.653s][info][gc,stats    ]   CSR: <total>                      420 us
[0.653s][info][gc,stats    ]   CSR: Code Cache Roots             330 us, workers (us): 291,  39, ---, ---, ---, ---, ---, ---, 
[0.653s][info][gc,stats    ]   CSR: VM Strong Roots                7 us, workers (us):   6,   0, ---, ---, ---, ---, ---, ---, 
[0.653s][info][gc,stats    ]   CSR: CLDG Roots                    83 us, workers (us):  83, ---, ---, ---, ---, ---, ---, ---, 
[0.653s][info][gc,stats    ] Concurrent Evacuation              1282 us
[0.653s][info][gc,stats    ] Pause Init Update Refs (G)          272 us
[0.653s][info][gc,stats    ] Pause Init Update Refs (N)           57 us
[0.653s][info][gc,stats    ]   Manage GCLABs                       4 us
[0.653s][info][gc,stats    ] Concurrent Update Refs             1188 us
[0.653s][info][gc,stats    ] Concurrent Update Thread Roots      216 us
[0.653s][info][gc,stats    ] Pause Final Update Refs (G)         143 us
[0.653s][info][gc,stats    ] Pause Final Update Refs (N)          60 us
[0.653s][info][gc,stats    ]   Update Region States               13 us
[0.653s][info][gc,stats    ]   Trash Collection Set                2 us
[0.653s][info][gc,stats    ]   Rebuild Free Set                   16 us
[0.653s][info][gc,stats    ] Concurrent Cleanup                   62 us
[0.653s][info][gc,stats    ] 
[0.653s][info][gc,stats    ] Allocation pacing accrued:
[0.653s][info][gc,stats    ]       0 of    16 ms (  0.0%): <total>
[0.653s][info][gc,stats    ]       0 of    16 ms (  0.0%): <average total>
[0.653s][info][gc,stats    ] 
[0.653s][info][gc,metaspace] Metaspace: 1690K(1856K)->1743K(1920K) NonClass: 1543K(1600K)->1590K(1664K) Class: 147K(256K)->152K(256K)
[0.653s][info][gc,ergo     ] Pacer for Idle. Initial: 40642K, Alloc Tax Rate: 1.0x
[0.655s][info][gc          ] Trigger: Start next cycle immediately
[0.655s][info][gc,ergo     ] Free: 1873M, Max: 512K regular, 1871M humongous, Frag: 1% external, 0% internal; Reserve: 101888K, Max: 512K
[0.655s][info][gc,start    ] GC(44) Concurrent reset
[0.655s][info][gc,task     ] GC(44) Using 2 of 8 workers for concurrent reset
[0.655s][info][gc,ergo     ] GC(44) Pacer for Reset. Non-Taxable: 1984M
[0.655s][info][gc          ] GC(44) Concurrent reset 0.236ms
[0.655s][info][gc,start    ] GC(44) Pause Init Mark (unload classes)
[0.655s][info][gc,task     ] GC(44) Using 8 of 8 workers for init marking
[0.655s][info][gc,ergo     ] GC(44) Pacer for Mark. Expected Live: 9243K, Free: 1873M, Non-Taxable: 187M, Alloc Tax Rate: 0.0x
[0.655s][info][gc          ] GC(44) Pause Init Mark (unload classes) 0.046ms
[0.655s][info][gc,start    ] GC(44) Concurrent marking roots
[0.655s][info][gc,task     ] GC(44) Using 2 of 8 workers for concurrent marking roots
[0.655s][info][gc          ] GC(44) Concurrent marking roots 0.187ms
[0.655s][info][gc,start    ] GC(44) Concurrent marking (unload classes)
[0.655s][info][gc,task     ] GC(44) Using 2 of 8 workers for concurrent marking
[0.662s][info][gc          ] GC(44) Concurrent marking (unload classes) 6.719ms
[0.662s][info][gc,start    ] GC(44) Pause Final Mark (unload classes)
[0.662s][info][gc,task     ] GC(44) Using 8 of 8 workers for final marking
[0.662s][info][gc,ergo     ] GC(44) Collectable Garbage: 2476K (100%), Immediate: 0B (0%), CSet: 2476K (100%)
[0.662s][info][gc,ergo     ] GC(44) Pacer for Evacuation. Used CSet: 10158K, Free: 1872M, Non-Taxable: 187M, Alloc Tax Rate: 1.1x
[0.662s][info][gc          ] GC(44) Pause Final Mark (unload classes) 0.251ms
[0.662s][info][gc,start    ] GC(44) Concurrent thread roots
[0.662s][info][gc,task     ] GC(44) Using 2 of 8 workers for Concurrent thread roots
[0.662s][info][gc          ] GC(44) Concurrent thread roots 0.085ms
[0.662s][info][gc,start    ] GC(44) Concurrent weak references
[0.662s][info][gc,task     ] GC(44) Using 2 of 8 workers for concurrent weak references
[0.663s][info][gc,ref      ] GC(44) Encountered references: Soft: 100, Weak: 254, Final: 0, Phantom: 578
[0.663s][info][gc,ref      ] GC(44) Discovered  references: Soft: 0, Weak: 68, Final: 0, Phantom: 578
[0.663s][info][gc,ref      ] GC(44) Enqueued    references: Soft: 0, Weak: 0, Final: 0, Phantom: 1
[0.663s][info][gc          ] GC(44) Concurrent weak references 0.129ms
[0.663s][info][gc,start    ] GC(44) Concurrent weak roots
[0.663s][info][gc,task     ] GC(44) Using 2 of 8 workers for concurrent weak root
[0.663s][info][gc          ] GC(44) Concurrent weak roots 0.366ms
[0.663s][info][gc,start    ] GC(44) Concurrent cleanup
[0.663s][info][gc          ] GC(44) Concurrent cleanup 12M->12M(142M) 0.067ms
[0.663s][info][gc,ergo     ] GC(44) Free: 1872M, Max: 512K regular, 1871M humongous, Frag: 1% external, 0% internal; Reserve: 101668K, Max: 512K
[0.663s][info][gc,start    ] GC(44) Concurrent class unloading
[0.663s][info][gc,task     ] GC(44) Using 2 of 8 workers for concurrent class unloading
[0.664s][info][gc          ] GC(44) Concurrent class unloading 0.723ms
[0.664s][info][gc,start    ] GC(44) Concurrent strong roots
[0.664s][info][gc,task     ] GC(44) Using 2 of 8 workers for concurrent strong root
[0.664s][info][gc          ] GC(44) Concurrent strong roots 0.119ms
[0.664s][info][gc,start    ] GC(44) Concurrent evacuation
[0.664s][info][gc,task     ] GC(44) Using 2 of 8 workers for concurrent evacuation
[0.666s][info][gc          ] GC(44) Concurrent evacuation 2.425ms
[0.666s][info][gc,start    ] GC(44) Pause Init Update Refs
[0.666s][info][gc,ergo     ] GC(44) Pacer for Update Refs. Used: 21889K, Free: 1871M, Non-Taxable: 187M, Alloc Tax Rate: 1.1x
[0.666s][info][gc          ] GC(44) Pause Init Update Refs 0.024ms
[0.667s][info][gc,start    ] GC(44) Concurrent update references
[0.667s][info][gc,task     ] GC(44) Using 2 of 8 workers for concurrent reference update
[0.668s][info][gc          ] GC(44) Concurrent update references 1.565ms
[0.668s][info][gc,start    ] GC(44) Concurrent update thread roots
[0.668s][info][gc          ] GC(44) Concurrent update thread roots 0.118ms
[0.668s][info][gc,start    ] GC(44) Pause Final Update Refs
[0.668s][info][gc,task     ] GC(44) Using 8 of 8 workers for final reference update
[0.668s][info][gc          ] GC(44) Pause Final Update Refs 0.053ms
[0.668s][info][gc,start    ] GC(44) Concurrent cleanup
[0.668s][info][gc          ] GC(44) Concurrent cleanup 21M->11M(142M) 0.053ms
[0.668s][info][gc,ergo     ] Free: 1873M, Max: 512K regular, 1872M humongous, Frag: 1% external, 0% internal; Reserve: 101888K, Max: 512K
[0.668s][info][gc,stats    ] 
[0.668s][info][gc,stats    ] All times are wall-clock times, except per-root-class counters, that are sum over
[0.668s][info][gc,stats    ] all workers. Dividing the <total> over the root stage time estimates parallelism.
[0.668s][info][gc,stats    ] 
[0.669s][info][gc,stats    ] Concurrent Reset                    254 us
[0.669s][info][gc,stats    ] Pause Init Mark (G)                 144 us
[0.669s][info][gc,stats    ] Pause Init Mark (N)                  54 us
[0.669s][info][gc,stats    ]   Update Region States               14 us
[0.669s][info][gc,stats    ] Concurrent Mark Roots               201 us, parallelism: 0.49x
[0.669s][info][gc,stats    ]   CMR: <total>                       98 us
[0.669s][info][gc,stats    ]   CMR: Thread Roots                  45 us, workers (us):  44,   0, ---, ---, ---, ---, ---, ---, 
[0.669s][info][gc,stats    ]   CMR: VM Strong Roots                4 us, workers (us):   4,   0, ---, ---, ---, ---, ---, ---, 
[0.669s][info][gc,stats    ]   CMR: CLDG Roots                    49 us, workers (us):  49, ---, ---, ---, ---, ---, ---, ---, 
[0.669s][info][gc,stats    ] Concurrent Marking                 6743 us
[0.669s][info][gc,stats    ] Pause Final Mark (G)                346 us
[0.669s][info][gc,stats    ] Pause Final Mark (N)                259 us
[0.669s][info][gc,stats    ]   Finish Mark                       144 us
[0.669s][info][gc,stats    ]   Update Region States               17 us
[0.669s][info][gc,stats    ]   Choose Collection Set              38 us
[0.669s][info][gc,stats    ]   Rebuild Free Set                   15 us
[0.669s][info][gc,stats    ] Concurrent Thread Roots              95 us, parallelism: 0.77x
[0.669s][info][gc,stats    ]   CTR: <total>                       74 us
[0.669s][info][gc,stats    ]   CTR: Thread Roots                  74 us, workers (us):  36,  38, ---, ---, ---, ---, ---, ---, 
[0.669s][info][gc,stats    ] Concurrent Weak References          137 us, parallelism: 0.36x
[0.669s][info][gc,stats    ]   CWRF: <total>                      49 us
[0.669s][info][gc,stats    ]   CWRF: Weak References              49 us, workers (us):  49,   0, ---, ---, ---, ---, ---, ---, 
[0.669s][info][gc,stats    ] Concurrent Weak Roots               384 us
[0.669s][info][gc,stats    ]   Roots                             334 us, parallelism: 0.73x
[0.669s][info][gc,stats    ]     CWR: <total>                    242 us
[0.669s][info][gc,stats    ]     CWR: Code Cache Roots           134 us, workers (us): 134,   0, ---, ---, ---, ---, ---, ---, 
[0.669s][info][gc,stats    ]     CWR: VM Weak Roots              107 us, workers (us): 106,   0, ---, ---, ---, ---, ---, ---, 
[0.669s][info][gc,stats    ]     CWR: CLDG Roots                   2 us, workers (us):   2, ---, ---, ---, ---, ---, ---, ---, 
[0.669s][info][gc,stats    ]   Rendezvous                         19 us
[0.669s][info][gc,stats    ] Concurrent Cleanup                   75 us
[0.669s][info][gc,stats    ] Concurrent Class Unloading          744 us
[0.669s][info][gc,stats    ]   Unlink Stale                      369 us
[0.669s][info][gc,stats    ]     System Dictionary                21 us
[0.669s][info][gc,stats    ]     Weak Class Links                  0 us
[0.669s][info][gc,stats    ]     Code Roots                      347 us
[0.669s][info][gc,stats    ]   Rendezvous                        333 us
[0.669s][info][gc,stats    ]   Purge Unlinked                      3 us
[0.669s][info][gc,stats    ]     Code Roots                        1 us
[0.669s][info][gc,stats    ]     CLDG                              3 us
[0.669s][info][gc,stats    ]     Exception Caches                  0 us
[0.669s][info][gc,stats    ] Concurrent Strong Roots             130 us, parallelism: 0.63x
[0.669s][info][gc,stats    ]   CSR: <total>                       82 us
[0.669s][info][gc,stats    ]   CSR: VM Strong Roots               14 us, workers (us):  12,   2, ---, ---, ---, ---, ---, ---, 
[0.669s][info][gc,stats    ]   CSR: CLDG Roots                    67 us, workers (us): ---,  67, ---, ---, ---, ---, ---, ---, 
[0.669s][info][gc,stats    ] Concurrent Evacuation              2447 us
[0.669s][info][gc,stats    ] Pause Init Update Refs (G)          121 us
[0.669s][info][gc,stats    ] Pause Init Update Refs (N)           33 us
[0.669s][info][gc,stats    ]   Manage GCLABs                       3 us
[0.669s][info][gc,stats    ] Concurrent Update Refs             1577 us
[0.669s][info][gc,stats    ] Concurrent Update Thread Roots      130 us
[0.669s][info][gc,stats    ] Pause Final Update Refs (G)         155 us
[0.669s][info][gc,stats    ] Pause Final Update Refs (N)          62 us
[0.669s][info][gc,stats    ]   Update Region States               14 us
[0.669s][info][gc,stats    ]   Trash Collection Set                2 us
[0.669s][info][gc,stats    ]   Rebuild Free Set                   16 us
[0.669s][info][gc,stats    ] Concurrent Cleanup                   62 us
[0.669s][info][gc,stats    ] 
[0.669s][info][gc,stats    ] Allocation pacing accrued:
[0.669s][info][gc,stats    ]       0 of    16 ms (  0.0%): <total>
[0.669s][info][gc,stats    ]       0 of    16 ms (  0.0%): <average total>
[0.669s][info][gc,stats    ] 
[0.669s][info][gc,metaspace] Metaspace: 1757K(1920K)->1835K(1984K) NonClass: 1603K(1664K)->1675K(1728K) Class: 153K(256K)->159K(256K)
[0.669s][info][gc,ergo     ] Pacer for Idle. Initial: 40642K, Alloc Tax Rate: 1.0x
[0.670s][info][gc          ] Trigger: Start next cycle immediately
[0.670s][info][gc,ergo     ] Free: 1873M, Max: 512K regular, 1872M humongous, Frag: 1% external, 0% internal; Reserve: 101888K, Max: 512K
[0.670s][info][gc,start    ] GC(45) Concurrent reset
[0.670s][info][gc,task     ] GC(45) Using 2 of 8 workers for concurrent reset
[0.670s][info][gc,ergo     ] GC(45) Pacer for Reset. Non-Taxable: 1984M
[0.670s][info][gc          ] GC(45) Concurrent reset 0.246ms
[0.671s][info][gc,start    ] GC(45) Pause Init Mark (unload classes)
[0.671s][info][gc,task     ] GC(45) Using 8 of 8 workers for init marking
[0.671s][info][gc,ergo     ] GC(45) Pacer for Mark. Expected Live: 9263K, Free: 1873M, Non-Taxable: 187M, Alloc Tax Rate: 0.0x
[0.671s][info][gc          ] GC(45) Pause Init Mark (unload classes) 0.047ms
[0.671s][info][gc,start    ] GC(45) Concurrent marking roots
[0.671s][info][gc,task     ] GC(45) Using 2 of 8 workers for concurrent marking roots
[0.671s][info][gc          ] GC(45) Concurrent marking roots 0.157ms
[0.671s][info][gc,start    ] GC(45) Concurrent marking (unload classes)
[0.671s][info][gc,task     ] GC(45) Using 2 of 8 workers for concurrent marking
[0.672s][info][gc          ] GC(45) Concurrent marking (unload classes) 1.025ms
[0.672s][info][gc,start    ] GC(45) Pause Final Mark (unload classes)
[0.672s][info][gc,task     ] GC(45) Using 8 of 8 workers for final marking
[0.672s][info][gc,ergo     ] GC(45) Collectable Garbage: 2417K (100%), Immediate: 0B (0%), CSet: 2417K (100%)
[0.672s][info][gc,ergo     ] GC(45) Pacer for Evacuation. Used CSet: 10127K, Free: 1872M, Non-Taxable: 187M, Alloc Tax Rate: 1.1x
[0.672s][info][gc          ] GC(45) Pause Final Mark (unload classes) 0.307ms
[0.672s][info][gc,start    ] GC(45) Concurrent thread roots
[0.672s][info][gc,task     ] GC(45) Using 2 of 8 workers for Concurrent thread roots
[0.672s][info][gc          ] GC(45) Concurrent thread roots 0.134ms
[0.672s][info][gc,start    ] GC(45) Concurrent weak references
[0.672s][info][gc,task     ] GC(45) Using 2 of 8 workers for concurrent weak references
[0.672s][info][gc,ref      ] GC(45) Encountered references: Soft: 108, Weak: 265, Final: 0, Phantom: 578
[0.672s][info][gc,ref      ] GC(45) Discovered  references: Soft: 0, Weak: 64, Final: 0, Phantom: 578
[0.672s][info][gc,ref      ] GC(45) Enqueued    references: Soft: 0, Weak: 2, Final: 0, Phantom: 1
[0.672s][info][gc          ] GC(45) Concurrent weak references 0.101ms
[0.672s][info][gc,start    ] GC(45) Concurrent weak roots
[0.672s][info][gc,task     ] GC(45) Using 2 of 8 workers for concurrent weak root
[0.673s][info][gc          ] GC(45) Concurrent weak roots 0.169ms
[0.673s][info][gc,start    ] GC(45) Concurrent cleanup
[0.673s][info][gc          ] GC(45) Concurrent cleanup 12M->12M(142M) 0.057ms
[0.673s][info][gc,ergo     ] GC(45) Free: 1872M, Max: 512K regular, 1872M humongous, Frag: 0% external, 0% internal; Reserve: 101698K, Max: 512K
[0.673s][info][gc,start    ] GC(45) Concurrent class unloading
[0.673s][info][gc,task     ] GC(45) Using 2 of 8 workers for concurrent class unloading
[0.673s][info][gc          ] GC(45) Concurrent class unloading 0.574ms
[0.673s][info][gc,start    ] GC(45) Concurrent strong roots
[0.673s][info][gc,task     ] GC(45) Using 2 of 8 workers for concurrent strong root
[0.673s][info][gc          ] GC(45) Concurrent strong roots 0.127ms
[0.673s][info][gc,start    ] GC(45) Concurrent evacuation
[0.673s][info][gc,task     ] GC(45) Using 2 of 8 workers for concurrent evacuation
[0.675s][info][gc          ] GC(45) Concurrent evacuation 1.211ms
[0.675s][info][gc,start    ] GC(45) Pause Init Update Refs
[0.675s][info][gc,ergo     ] GC(45) Pacer for Update Refs. Used: 21410K, Free: 1872M, Non-Taxable: 187M, Alloc Tax Rate: 1.1x
[0.675s][info][gc          ] GC(45) Pause Init Update Refs 0.024ms
[0.675s][info][gc,start    ] GC(45) Concurrent update references
[0.675s][info][gc,task     ] GC(45) Using 2 of 8 workers for concurrent reference update
[0.676s][info][gc          ] GC(45) Concurrent update references 1.032ms
[0.676s][info][gc,start    ] GC(45) Concurrent update thread roots
[0.676s][info][gc          ] GC(45) Concurrent update thread roots 0.198ms
[0.676s][info][gc,start    ] GC(45) Pause Final Update Refs
[0.676s][info][gc,task     ] GC(45) Using 8 of 8 workers for final reference update
[0.676s][info][gc          ] GC(45) Pause Final Update Refs 0.052ms
[0.676s][info][gc,start    ] GC(45) Concurrent cleanup
[0.676s][info][gc          ] GC(45) Concurrent cleanup 20M->11M(142M) 0.067ms
[0.676s][info][gc,ergo     ] Free: 1873M, Max: 512K regular, 1872M humongous, Frag: 1% external, 0% internal; Reserve: 101888K, Max: 512K
[0.676s][info][gc,stats    ] 
[0.676s][info][gc,stats    ] All times are wall-clock times, except per-root-class counters, that are sum over
[0.676s][info][gc,stats    ] all workers. Dividing the <total> over the root stage time estimates parallelism.
[0.676s][info][gc,stats    ] 
[0.676s][info][gc,stats    ] Concurrent Reset                    261 us
[0.676s][info][gc,stats    ] Pause Init Mark (G)                 153 us
[0.676s][info][gc,stats    ] Pause Init Mark (N)                  54 us
[0.676s][info][gc,stats    ]   Update Region States               15 us
[0.676s][info][gc,stats    ] Concurrent Mark Roots               170 us, parallelism: 0.98x
[0.676s][info][gc,stats    ]   CMR: <total>                      166 us
[0.676s][info][gc,stats    ]   CMR: Thread Roots                 120 us, workers (us):  18, 102, ---, ---, ---, ---, ---, ---, 
[0.676s][info][gc,stats    ]   CMR: VM Strong Roots                3 us, workers (us):   3,   0, ---, ---, ---, ---, ---, ---, 
[0.676s][info][gc,stats    ]   CMR: CLDG Roots                    42 us, workers (us):  42, ---, ---, ---, ---, ---, ---, ---, 
[0.676s][info][gc,stats    ] Concurrent Marking                 1046 us
[0.676s][info][gc,stats    ] Pause Final Mark (G)                413 us
[0.676s][info][gc,stats    ] Pause Final Mark (N)                315 us
[0.676s][info][gc,stats    ]   Finish Mark                       213 us
[0.676s][info][gc,stats    ]   Update Region States               12 us
[0.677s][info][gc,stats    ]   Choose Collection Set              32 us
[0.677s][info][gc,stats    ]   Rebuild Free Set                   15 us
[0.677s][info][gc,stats    ] Concurrent Thread Roots             146 us, parallelism: 0.96x
[0.677s][info][gc,stats    ]   CTR: <total>                      141 us
[0.677s][info][gc,stats    ]   CTR: Thread Roots                 141 us, workers (us):  99,  42, ---, ---, ---, ---, ---, ---, 
[0.677s][info][gc,stats    ] Concurrent Weak References          108 us, parallelism: 0.49x
[0.677s][info][gc,stats    ]   CWRF: <total>                      53 us
[0.677s][info][gc,stats    ]   CWRF: Weak References              53 us, workers (us):  51,   2, ---, ---, ---, ---, ---, ---, 
[0.677s][info][gc,stats    ] Concurrent Weak Roots               180 us
[0.677s][info][gc,stats    ]   Roots                             138 us, parallelism: 1.54x
[0.677s][info][gc,stats    ]     CWR: <total>                    213 us
[0.677s][info][gc,stats    ]     CWR: Code Cache Roots           102 us, workers (us):  55,  46, ---, ---, ---, ---, ---, ---, 
[0.677s][info][gc,stats    ]     CWR: VM Weak Roots              111 us, workers (us):  67,  45, ---, ---, ---, ---, ---, ---, 
[0.677s][info][gc,stats    ]     CWR: CLDG Roots                   1 us, workers (us):   1, ---, ---, ---, ---, ---, ---, ---, 
[0.677s][info][gc,stats    ]   Rendezvous                         15 us
[0.677s][info][gc,stats    ] Concurrent Cleanup                   65 us
[0.677s][info][gc,stats    ] Concurrent Class Unloading          588 us
[0.677s][info][gc,stats    ]   Unlink Stale                      447 us
[0.677s][info][gc,stats    ]     System Dictionary                17 us
[0.677s][info][gc,stats    ]     Weak Class Links                  0 us
[0.677s][info][gc,stats    ]     Code Roots                      428 us
[0.677s][info][gc,stats    ]   Rendezvous                         96 us
[0.677s][info][gc,stats    ]   Purge Unlinked                     15 us
[0.677s][info][gc,stats    ]     Code Roots                       13 us
[0.677s][info][gc,stats    ]     CLDG                              2 us
[0.677s][info][gc,stats    ]     Exception Caches                  0 us
[0.677s][info][gc,stats    ] Concurrent Strong Roots             140 us, parallelism: 0.51x
[0.677s][info][gc,stats    ]   CSR: <total>                       71 us
[0.677s][info][gc,stats    ]   CSR: VM Strong Roots                5 us, workers (us):   5,   0, ---, ---, ---, ---, ---, ---, 
[0.677s][info][gc,stats    ]   CSR: CLDG Roots                    66 us, workers (us):  66, ---, ---, ---, ---, ---, ---, ---, 
[0.677s][info][gc,stats    ] Concurrent Evacuation              1232 us
[0.677s][info][gc,stats    ] Pause Init Update Refs (G)          122 us
[0.677s][info][gc,stats    ] Pause Init Update Refs (N)           32 us
[0.677s][info][gc,stats    ]   Manage GCLABs                       3 us
[0.677s][info][gc,stats    ] Concurrent Update Refs             1055 us
[0.677s][info][gc,stats    ] Concurrent Update Thread Roots      211 us
[0.677s][info][gc,stats    ] Pause Final Update Refs (G)         154 us
[0.677s][info][gc,stats    ] Pause Final Update Refs (N)          61 us
[0.677s][info][gc,stats    ]   Update Region States               15 us
[0.677s][info][gc,stats    ]   Trash Collection Set                2 us
[0.677s][info][gc,stats    ]   Rebuild Free Set                   15 us
[0.677s][info][gc,stats    ] Concurrent Cleanup                   76 us
[0.677s][info][gc,stats    ] 
[0.677s][info][gc,stats    ] Allocation pacing accrued:
[0.677s][info][gc,stats    ]       0 of     8 ms (  0.0%): <total>
[0.677s][info][gc,stats    ]       0 of     8 ms (  0.0%): <average total>
[0.677s][info][gc,stats    ] 
[0.677s][info][gc,metaspace] Metaspace: 1850K(2048K)->1882K(2048K) NonClass: 1688K(1792K)->1713K(1792K) Class: 162K(256K)->168K(256K)
[0.677s][info][gc,ergo     ] Pacer for Idle. Initial: 40642K, Alloc Tax Rate: 1.0x
[0.678s][info][gc          ] Trigger: Start next cycle immediately
[0.678s][info][gc,ergo     ] Free: 1873M, Max: 512K regular, 1872M humongous, Frag: 1% external, 0% internal; Reserve: 101888K, Max: 512K
[0.678s][info][gc,start    ] GC(46) Concurrent reset
[0.678s][info][gc,task     ] GC(46) Using 2 of 8 workers for concurrent reset
[0.678s][info][gc,ergo     ] GC(46) Pacer for Reset. Non-Taxable: 1984M
[0.678s][info][gc          ] GC(46) Concurrent reset 0.197ms
[0.678s][info][gc,start    ] GC(46) Pause Init Mark
[0.678s][info][gc,task     ] GC(46) Using 8 of 8 workers for init marking
[0.678s][info][gc,ergo     ] GC(46) Pacer for Mark. Expected Live: 9280K, Free: 1873M, Non-Taxable: 187M, Alloc Tax Rate: 0.0x
[0.678s][info][gc          ] GC(46) Pause Init Mark 0.045ms
[0.678s][info][gc,start    ] GC(46) Concurrent marking roots
[0.678s][info][gc,task     ] GC(46) Using 2 of 8 workers for concurrent marking roots
[0.679s][info][gc          ] GC(46) Concurrent marking roots 0.197ms
[0.679s][info][gc,start    ] GC(46) Concurrent marking
[0.679s][info][gc,task     ] GC(46) Using 2 of 8 workers for concurrent marking
[0.680s][info][gc          ] GC(46) Concurrent marking 1.275ms
[0.680s][info][gc,start    ] GC(46) Pause Final Mark
[0.680s][info][gc,task     ] GC(46) Using 8 of 8 workers for final marking
[0.680s][info][gc,ergo     ] GC(46) Collectable Garbage: 2444K (100%), Immediate: 0B (0%), CSet: 2444K (100%)
[0.680s][info][gc,ergo     ] GC(46) Pacer for Evacuation. Used CSet: 10191K, Free: 1872M, Non-Taxable: 187M, Alloc Tax Rate: 1.1x
[0.680s][info][gc          ] GC(46) Pause Final Mark 0.353ms
[0.680s][info][gc,start    ] GC(46) Concurrent thread roots
[0.680s][info][gc,task     ] GC(46) Using 2 of 8 workers for Concurrent thread roots
[0.680s][info][gc          ] GC(46) Concurrent thread roots 0.065ms
[0.680s][info][gc,start    ] GC(46) Concurrent weak references
[0.680s][info][gc,task     ] GC(46) Using 2 of 8 workers for concurrent weak references
[0.683s][info][gc,ref      ] GC(46) Encountered references: Soft: 128, Weak: 323, Final: 0, Phantom: 578
[0.684s][info][gc,ref      ] GC(46) Discovered  references: Soft: 0, Weak: 76, Final: 0, Phantom: 576
[0.684s][info][gc,ref      ] GC(46) Enqueued    references: Soft: 0, Weak: 7, Final: 0, Phantom: 0
[0.684s][info][gc          ] GC(46) Concurrent weak references 3.125ms
[0.684s][info][gc,start    ] GC(46) Concurrent weak roots
[0.684s][info][gc,task     ] GC(46) Using 2 of 8 workers for concurrent weak root
[0.690s][info][gc          ] GC(46) Concurrent weak roots 6.596ms
[0.690s][info][gc,start    ] GC(46) Concurrent cleanup
[0.690s][info][gc          ] GC(46) Concurrent cleanup 12M->12M(142M) 0.082ms
[0.690s][info][gc,ergo     ] GC(46) Free: 1872M, Max: 512K regular, 1872M humongous, Frag: 0% external, 0% internal; Reserve: 101587K, Max: 512K
[0.690s][info][gc,start    ] GC(46) Concurrent strong roots
[0.690s][info][gc,task     ] GC(46) Using 2 of 8 workers for concurrent strong root
[0.691s][info][gc          ] GC(46) Concurrent strong roots 0.221ms
[0.691s][info][gc,start    ] GC(46) Concurrent evacuation
[0.691s][info][gc,task     ] GC(46) Using 2 of 8 workers for concurrent evacuation
[0.692s][info][gc          ] GC(46) Concurrent evacuation 1.170ms
[0.692s][info][gc,start    ] GC(46) Pause Init Update Refs
[0.692s][info][gc,ergo     ] GC(46) Pacer for Update Refs. Used: 21950K, Free: 1872M, Non-Taxable: 187M, Alloc Tax Rate: 1.1x
[0.692s][info][gc          ] GC(46) Pause Init Update Refs 0.026ms
[0.692s][info][gc,start    ] GC(46) Concurrent update references
[0.692s][info][gc,task     ] GC(46) Using 2 of 8 workers for concurrent reference update
[0.693s][info][gc          ] GC(46) Concurrent update references 1.557ms
[0.693s][info][gc,start    ] GC(46) Concurrent update thread roots
[0.694s][info][gc          ] GC(46) Concurrent update thread roots 0.176ms
[0.694s][info][gc,start    ] GC(46) Pause Final Update Refs
[0.694s][info][gc,task     ] GC(46) Using 8 of 8 workers for final reference update
[0.694s][info][gc          ] GC(46) Pause Final Update Refs 0.052ms
[0.694s][info][gc,start    ] GC(46) Concurrent cleanup
[0.694s][info][gc          ] GC(46) Concurrent cleanup 21M->11M(142M) 0.071ms
[0.694s][info][gc,ergo     ] Free: 1873M, Max: 512K regular, 1872M humongous, Frag: 1% external, 0% internal; Reserve: 101888K, Max: 512K
[0.694s][info][gc,stats    ] 
[0.694s][info][gc,stats    ] All times are wall-clock times, except per-root-class counters, that are sum over
[0.694s][info][gc,stats    ] all workers. Dividing the <total> over the root stage time estimates parallelism.
[0.694s][info][gc,stats    ] 
[0.694s][info][gc,stats    ] Concurrent Reset                    216 us
[0.694s][info][gc,stats    ] Pause Init Mark (G)                 139 us
[0.694s][info][gc,stats    ] Pause Init Mark (N)                  52 us
[0.694s][info][gc,stats    ]   Update Region States               14 us
[0.694s][info][gc,stats    ] Concurrent Mark Roots               212 us, parallelism: 1.31x
[0.694s][info][gc,stats    ]   CMR: <total>                      277 us
[0.694s][info][gc,stats    ]   CMR: Thread Roots                  83 us, workers (us):  69,  14, ---, ---, ---, ---, ---, ---, 
[0.694s][info][gc,stats    ]   CMR: Code Cache Roots             152 us, workers (us):  79,  73, ---, ---, ---, ---, ---, ---, 
[0.694s][info][gc,stats    ]   CMR: VM Strong Roots                4 us, workers (us):   3,   2, ---, ---, ---, ---, ---, ---, 
[0.694s][info][gc,stats    ]   CMR: CLDG Roots                    38 us, workers (us): ---,  38, ---, ---, ---, ---, ---, ---, 
[0.694s][info][gc,stats    ] Concurrent Marking                 1294 us
[0.694s][info][gc,stats    ] Pause Final Mark (G)                447 us
[0.694s][info][gc,stats    ] Pause Final Mark (N)                361 us
[0.694s][info][gc,stats    ]   Finish Mark                       255 us
[0.694s][info][gc,stats    ]   Update Region States               12 us
[0.694s][info][gc,stats    ]   Choose Collection Set              33 us
[0.694s][info][gc,stats    ]   Rebuild Free Set                   15 us
[0.694s][info][gc,stats    ] Concurrent Thread Roots              74 us, parallelism: 0.70x
[0.694s][info][gc,stats    ]   CTR: <total>                       52 us
[0.694s][info][gc,stats    ]   CTR: Thread Roots                  52 us, workers (us):  39,  13, ---, ---, ---, ---, ---, ---, 
[0.694s][info][gc,stats    ] Concurrent Weak References         3133 us, parallelism: 0.01x
[0.694s][info][gc,stats    ]   CWRF: <total>                      47 us
[0.694s][info][gc,stats    ]   CWRF: Weak References              47 us, workers (us):   8,  39, ---, ---, ---, ---, ---, ---, 
[0.694s][info][gc,stats    ] Concurrent Weak Roots              6617 us
[0.694s][info][gc,stats    ]   Roots                             173 us, parallelism: 1.17x
[0.694s][info][gc,stats    ]     CWR: <total>                    202 us
[0.694s][info][gc,stats    ]     CWR: VM Weak Roots              202 us, workers (us): 135,  67, ---, ---, ---, ---, ---, ---, 
[0.694s][info][gc,stats    ]   Rendezvous                       6406 us
[0.694s][info][gc,stats    ] Concurrent Cleanup                   92 us
[0.694s][info][gc,stats    ] Concurrent Strong Roots             233 us, parallelism: 1.15x
[0.694s][info][gc,stats    ]   CSR: <total>                      269 us
[0.694s][info][gc,stats    ]   CSR: Code Cache Roots             198 us, workers (us):  90, 108, ---, ---, ---, ---, ---, ---, 
[0.694s][info][gc,stats    ]   CSR: VM Strong Roots                7 us, workers (us):   5,   2, ---, ---, ---, ---, ---, ---, 
[0.694s][info][gc,stats    ]   CSR: CLDG Roots                    65 us, workers (us): ---,  65, ---, ---, ---, ---, ---, ---, 
[0.694s][info][gc,stats    ] Concurrent Evacuation              1189 us
[0.694s][info][gc,stats    ] Pause Init Update Refs (G)          172 us
[0.694s][info][gc,stats    ] Pause Init Update Refs (N)           34 us
[0.694s][info][gc,stats    ]   Manage GCLABs                       3 us
[0.694s][info][gc,stats    ] Concurrent Update Refs             1578 us
[0.694s][info][gc,stats    ] Concurrent Update Thread Roots      186 us
[0.694s][info][gc,stats    ] Pause Final Update Refs (G)         141 us
[0.694s][info][gc,stats    ] Pause Final Update Refs (N)          60 us
[0.694s][info][gc,stats    ]   Update Region States               12 us
[0.694s][info][gc,stats    ]   Trash Collection Set                2 us
[0.694s][info][gc,stats    ]   Rebuild Free Set                   16 us
[0.694s][info][gc,stats    ] Concurrent Cleanup                   81 us
[0.694s][info][gc,stats    ] 
[0.694s][info][gc,stats    ] Allocation pacing accrued:
[0.694s][info][gc,stats    ]       0 of    17 ms (  0.0%): <total>
[0.694s][info][gc,stats    ]       0 of    17 ms (  0.0%): <average total>
[0.694s][info][gc,stats    ] 
[0.694s][info][gc,metaspace] Metaspace: 1892K(2048K)->2322K(2496K) NonClass: 1723K(1792K)->2107K(2176K) Class: 169K(256K)->214K(320K)
[0.694s][info][gc,ergo     ] Pacer for Idle. Initial: 40642K, Alloc Tax Rate: 1.0x
[0.695s][info][gc          ] Trigger: Start next cycle immediately
[0.695s][info][gc,ergo     ] Free: 1873M, Max: 512K regular, 1872M humongous, Frag: 1% external, 0% internal; Reserve: 101888K, Max: 512K
[0.695s][info][gc,start    ] GC(47) Concurrent reset
[0.696s][info][gc,task     ] GC(47) Using 2 of 8 workers for concurrent reset
[0.696s][info][gc,ergo     ] GC(47) Pacer for Reset. Non-Taxable: 1984M
[0.696s][info][gc          ] GC(47) Concurrent reset 0.205ms
[0.696s][info][gc,start    ] GC(47) Pause Init Mark (unload classes)
[0.696s][info][gc,task     ] GC(47) Using 8 of 8 workers for init marking
[0.696s][info][gc,ergo     ] GC(47) Pacer for Mark. Expected Live: 9297K, Free: 1873M, Non-Taxable: 187M, Alloc Tax Rate: 0.0x
[0.696s][info][gc          ] GC(47) Pause Init Mark (unload classes) 0.044ms
[0.696s][info][gc,start    ] GC(47) Concurrent marking roots
[0.696s][info][gc,task     ] GC(47) Using 2 of 8 workers for concurrent marking roots
[0.696s][info][gc          ] GC(47) Concurrent marking roots 0.269ms
[0.696s][info][gc,start    ] GC(47) Concurrent marking (unload classes)
[0.696s][info][gc,task     ] GC(47) Using 2 of 8 workers for concurrent marking
[0.697s][info][gc          ] GC(47) Concurrent marking (unload classes) 1.247ms
[0.698s][info][gc,start    ] GC(47) Pause Final Mark (unload classes)
[0.698s][info][gc,task     ] GC(47) Using 8 of 8 workers for final marking
[0.703s][info][gc,ergo     ] GC(47) Collectable Garbage: 2330K (100%), Immediate: 0B (0%), CSet: 2330K (100%)
[0.703s][info][gc,ergo     ] GC(47) Pacer for Evacuation. Used CSet: 10155K, Free: 1872M, Non-Taxable: 187M, Alloc Tax Rate: 1.1x
[0.703s][info][gc          ] GC(47) Pause Final Mark (unload classes) 5.240ms
[0.703s][info][gc,start    ] GC(47) Concurrent thread roots
[0.703s][info][gc,task     ] GC(47) Using 2 of 8 workers for Concurrent thread roots
[0.703s][info][gc          ] GC(47) Concurrent thread roots 0.067ms
[0.703s][info][gc,start    ] GC(47) Concurrent weak references
[0.703s][info][gc,task     ] GC(47) Using 2 of 8 workers for concurrent weak references
[0.703s][info][gc,ref      ] GC(47) Encountered references: Soft: 136, Weak: 384, Final: 0, Phantom: 590
[0.703s][info][gc,ref      ] GC(47) Discovered  references: Soft: 0, Weak: 152, Final: 0, Phantom: 590
[0.703s][info][gc,ref      ] GC(47) Enqueued    references: Soft: 0, Weak: 20, Final: 0, Phantom: 11
[0.703s][info][gc          ] GC(47) Concurrent weak references 0.114ms
[0.703s][info][gc,start    ] GC(47) Concurrent weak roots
[0.703s][info][gc,task     ] GC(47) Using 2 of 8 workers for concurrent weak root
[0.706s][info][gc          ] GC(47) Concurrent weak roots 3.455ms
[0.706s][info][gc,start    ] GC(47) Concurrent cleanup
[0.707s][info][gc          ] GC(47) Concurrent cleanup 12M->12M(142M) 0.062ms
[0.707s][info][gc,ergo     ] GC(47) Free: 1872M, Max: 512K regular, 1872M humongous, Frag: 0% external, 0% internal; Reserve: 101553K, Max: 512K
[0.707s][info][gc,start    ] GC(47) Concurrent class unloading
[0.707s][info][gc,task     ] GC(47) Using 2 of 8 workers for concurrent class unloading
[0.707s][info][gc          ] GC(47) Concurrent class unloading 0.811ms
[0.707s][info][gc,start    ] GC(47) Concurrent strong roots
[0.707s][info][gc,task     ] GC(47) Using 2 of 8 workers for concurrent strong root
[0.708s][info][gc          ] GC(47) Concurrent strong roots 0.123ms
[0.708s][info][gc,start    ] GC(47) Concurrent evacuation
[0.708s][info][gc,task     ] GC(47) Using 2 of 8 workers for concurrent evacuation
[0.710s][info][gc          ] GC(47) Concurrent evacuation 2.761ms
[0.710s][info][gc,start    ] GC(47) Pause Init Update Refs
[0.710s][info][gc,ergo     ] GC(47) Pacer for Update Refs. Used: 21998K, Free: 1872M, Non-Taxable: 187M, Alloc Tax Rate: 1.1x
[0.710s][info][gc          ] GC(47) Pause Init Update Refs 0.026ms
[0.710s][info][gc,start    ] GC(47) Concurrent update references
[0.710s][info][gc,task     ] GC(47) Using 2 of 8 workers for concurrent reference update
[0.712s][info][gc          ] GC(47) Concurrent update references 1.463ms
[0.712s][info][gc,start    ] GC(47) Concurrent update thread roots
[0.712s][info][gc          ] GC(47) Concurrent update thread roots 0.208ms
[0.712s][info][gc,start    ] GC(47) Pause Final Update Refs
[0.712s][info][gc,task     ] GC(47) Using 8 of 8 workers for final reference update
[0.712s][info][gc          ] GC(47) Pause Final Update Refs 0.052ms
[0.712s][info][gc,start    ] GC(47) Concurrent cleanup
[0.712s][info][gc          ] GC(47) Concurrent cleanup 21M->11M(142M) 0.071ms
[0.712s][info][gc,ergo     ] Free: 1873M, Max: 512K regular, 1872M humongous, Frag: 1% external, 0% internal; Reserve: 101888K, Max: 512K
[0.712s][info][gc,stats    ] 
[0.712s][info][gc,stats    ] All times are wall-clock times, except per-root-class counters, that are sum over
[0.712s][info][gc,stats    ] all workers. Dividing the <total> over the root stage time estimates parallelism.
[0.712s][info][gc,stats    ] 
[0.712s][info][gc,stats    ] Concurrent Reset                    224 us
[0.712s][info][gc,stats    ] Pause Init Mark (G)                 203 us
[0.712s][info][gc,stats    ] Pause Init Mark (N)                  52 us
[0.712s][info][gc,stats    ]   Update Region States               14 us
[0.712s][info][gc,stats    ] Concurrent Mark Roots               287 us, parallelism: 1.00x
[0.712s][info][gc,stats    ]   CMR: <total>                      287 us
[0.713s][info][gc,stats    ]   CMR: Thread Roots                 248 us, workers (us):  33, 215, ---, ---, ---, ---, ---, ---, 
[0.713s][info][gc,stats    ]   CMR: VM Strong Roots                4 us, workers (us):   4,   0, ---, ---, ---, ---, ---, ---, 
[0.713s][info][gc,stats    ]   CMR: CLDG Roots                    35 us, workers (us):  35, ---, ---, ---, ---, ---, ---, ---, 
[0.713s][info][gc,stats    ] Concurrent Marking                 1262 us
[0.713s][info][gc,stats    ] Pause Final Mark (G)               5337 us
[0.713s][info][gc,stats    ] Pause Final Mark (N)               5248 us
[0.713s][info][gc,stats    ]   Finish Mark                      5124 us
[0.713s][info][gc,stats    ]   Update Region States               15 us
[0.713s][info][gc,stats    ]   Choose Collection Set              43 us
[0.713s][info][gc,stats    ]   Rebuild Free Set                   15 us
[0.713s][info][gc,stats    ] Concurrent Thread Roots              76 us, parallelism: 0.84x
[0.713s][info][gc,stats    ]   CTR: <total>                       64 us
[0.713s][info][gc,stats    ]   CTR: Thread Roots                  64 us, workers (us):  36,  27, ---, ---, ---, ---, ---, ---, 
[0.713s][info][gc,stats    ] Concurrent Weak References          122 us, parallelism: 0.50x
[0.713s][info][gc,stats    ]   CWRF: <total>                      60 us
[0.713s][info][gc,stats    ]   CWRF: Weak References              60 us, workers (us):  60,   0, ---, ---, ---, ---, ---, ---, 
[0.713s][info][gc,stats    ] Concurrent Weak Roots              3480 us
[0.713s][info][gc,stats    ]   Roots                             240 us, parallelism: 0.93x
[0.713s][info][gc,stats    ]     CWR: <total>                    223 us
[0.713s][info][gc,stats    ]     CWR: Code Cache Roots            98 us, workers (us):  98,   0, ---, ---, ---, ---, ---, ---, 
[0.713s][info][gc,stats    ]     CWR: VM Weak Roots              122 us, workers (us): 122,   0, ---, ---, ---, ---, ---, ---, 
[0.713s][info][gc,stats    ]     CWR: CLDG Roots                   2 us, workers (us):   2, ---, ---, ---, ---, ---, ---, ---, 
[0.713s][info][gc,stats    ]   Rendezvous                       3199 us
[0.713s][info][gc,stats    ] Concurrent Cleanup                   71 us
[0.713s][info][gc,stats    ] Concurrent Class Unloading          825 us
[0.713s][info][gc,stats    ]   Unlink Stale                      754 us
[0.713s][info][gc,stats    ]     System Dictionary                24 us
[0.713s][info][gc,stats    ]     Weak Class Links                  0 us
[0.713s][info][gc,stats    ]     Code Roots                      729 us
[0.713s][info][gc,stats    ]   Rendezvous                         20 us
[0.713s][info][gc,stats    ]   Purge Unlinked                     19 us
[0.713s][info][gc,stats    ]     Code Roots                       16 us
[0.713s][info][gc,stats    ]     CLDG                              2 us
[0.713s][info][gc,stats    ]     Exception Caches                  0 us
[0.713s][info][gc,stats    ] Concurrent Strong Roots             133 us, parallelism: 0.66x
[0.713s][info][gc,stats    ]   CSR: <total>                       88 us
[0.713s][info][gc,stats    ]   CSR: VM Strong Roots                6 us, workers (us):   6,   1, ---, ---, ---, ---, ---, ---, 
[0.713s][info][gc,stats    ]   CSR: CLDG Roots                    82 us, workers (us):  82, ---, ---, ---, ---, ---, ---, ---, 
[0.713s][info][gc,stats    ] Concurrent Evacuation              2785 us
[0.713s][info][gc,stats    ] Pause Init Update Refs (G)          119 us
[0.713s][info][gc,stats    ] Pause Init Update Refs (N)           34 us
[0.713s][info][gc,stats    ]   Manage GCLABs                       3 us
[0.713s][info][gc,stats    ] Concurrent Update Refs             1481 us
[0.713s][info][gc,stats    ] Concurrent Update Thread Roots      219 us
[0.713s][info][gc,stats    ] Pause Final Update Refs (G)         145 us
[0.713s][info][gc,stats    ] Pause Final Update Refs (N)          61 us
[0.713s][info][gc,stats    ]   Update Region States               13 us
[0.713s][info][gc,stats    ]   Trash Collection Set                2 us
[0.713s][info][gc,stats    ]   Rebuild Free Set                   16 us
[0.713s][info][gc,stats    ] Concurrent Cleanup                   80 us
[0.713s][info][gc,stats    ] 
[0.713s][info][gc,stats    ] Allocation pacing accrued:
[0.713s][info][gc,stats    ]       0 of    19 ms (  0.0%): <total>
[0.713s][info][gc,stats    ]       0 of    19 ms (  0.0%): <average total>
[0.713s][info][gc,stats    ] 
[0.713s][info][gc,metaspace] Metaspace: 2323K(2496K)->2433K(2624K) NonClass: 2108K(2176K)->2206K(2304K) Class: 214K(320K)->226K(320K)
[0.713s][info][gc,ergo     ] Pacer for Idle. Initial: 40642K, Alloc Tax Rate: 1.0x
[0.714s][info][gc          ] Trigger: Start next cycle immediately
[0.714s][info][gc,ergo     ] Free: 1873M, Max: 512K regular, 1872M humongous, Frag: 1% external, 0% internal; Reserve: 101888K, Max: 512K
[0.714s][info][gc,start    ] GC(48) Concurrent reset
[0.714s][info][gc,task     ] GC(48) Using 2 of 8 workers for concurrent reset
[0.714s][info][gc,ergo     ] GC(48) Pacer for Reset. Non-Taxable: 1984M
[0.714s][info][gc          ] GC(48) Concurrent reset 0.255ms
[0.714s][info][gc,start    ] GC(48) Pause Init Mark (unload classes)
[0.714s][info][gc,task     ] GC(48) Using 8 of 8 workers for init marking
[0.714s][info][gc,ergo     ] GC(48) Pacer for Mark. Expected Live: 9329K, Free: 1873M, Non-Taxable: 187M, Alloc Tax Rate: 0.0x
[0.714s][info][gc          ] GC(48) Pause Init Mark (unload classes) 0.043ms
[0.714s][info][gc,start    ] GC(48) Concurrent marking roots
[0.714s][info][gc,task     ] GC(48) Using 2 of 8 workers for concurrent marking roots
[0.715s][info][gc          ] GC(48) Concurrent marking roots 0.222ms
[0.715s][info][gc,start    ] GC(48) Concurrent marking (unload classes)
[0.715s][info][gc,task     ] GC(48) Using 2 of 8 workers for concurrent marking
[0.717s][info][gc          ] GC(48) Concurrent marking (unload classes) 2.222ms
[0.724s][info][gc,start    ] GC(48) Pause Final Mark (unload classes)
[0.724s][info][gc,task     ] GC(48) Using 8 of 8 workers for final marking
[0.724s][info][gc,ergo     ] GC(48) Collectable Garbage: 2417K (100%), Immediate: 0B (0%), CSet: 2417K (100%)
[0.724s][info][gc,ergo     ] GC(48) Pacer for Evacuation. Used CSet: 10240K, Free: 1872M, Non-Taxable: 187M, Alloc Tax Rate: 1.1x
[0.724s][info][gc          ] GC(48) Pause Final Mark (unload classes) 0.251ms
[0.724s][info][gc,start    ] GC(48) Concurrent thread roots
[0.724s][info][gc,task     ] GC(48) Using 2 of 8 workers for Concurrent thread roots
[0.724s][info][gc          ] GC(48) Concurrent thread roots 0.122ms
[0.724s][info][gc,start    ] GC(48) Concurrent weak references
[0.724s][info][gc,task     ] GC(48) Using 2 of 8 workers for concurrent weak references
[0.724s][info][gc,ref      ] GC(48) Encountered references: Soft: 145, Weak: 375, Final: 0, Phantom: 581
[0.724s][info][gc,ref      ] GC(48) Discovered  references: Soft: 0, Weak: 108, Final: 0, Phantom: 532
[0.724s][info][gc,ref      ] GC(48) Enqueued    references: Soft: 0, Weak: 6, Final: 0, Phantom: 3
[0.724s][info][gc          ] GC(48) Concurrent weak references 0.100ms
[0.724s][info][gc,start    ] GC(48) Concurrent weak roots
[0.724s][info][gc,task     ] GC(48) Using 2 of 8 workers for concurrent weak root
[0.725s][info][gc          ] GC(48) Concurrent weak roots 1.032ms
[0.725s][info][gc,start    ] GC(48) Concurrent cleanup
[0.725s][info][gc          ] GC(48) Concurrent cleanup 12M->12M(142M) 0.062ms
[0.725s][info][gc,ergo     ] GC(48) Free: 1872M, Max: 512K regular, 1872M humongous, Frag: 0% external, 0% internal; Reserve: 101692K, Max: 512K
[0.725s][info][gc,start    ] GC(48) Concurrent class unloading
[0.725s][info][gc,task     ] GC(48) Using 2 of 8 workers for concurrent class unloading
[0.726s][info][gc          ] GC(48) Concurrent class unloading 0.636ms
[0.726s][info][gc,start    ] GC(48) Concurrent strong roots
[0.726s][info][gc,task     ] GC(48) Using 2 of 8 workers for concurrent strong root
[0.726s][info][gc          ] GC(48) Concurrent strong roots 0.140ms
[0.726s][info][gc,start    ] GC(48) Concurrent evacuation
[0.726s][info][gc,task     ] GC(48) Using 2 of 8 workers for concurrent evacuation
[0.728s][info][gc          ] GC(48) Concurrent evacuation 1.302ms
[0.728s][info][gc,start    ] GC(48) Pause Init Update Refs
[0.728s][info][gc,ergo     ] GC(48) Pacer for Update Refs. Used: 21521K, Free: 1872M, Non-Taxable: 187M, Alloc Tax Rate: 1.1x
[0.728s][info][gc          ] GC(48) Pause Init Update Refs 0.023ms
[0.728s][info][gc,start    ] GC(48) Concurrent update references
[0.728s][info][gc,task     ] GC(48) Using 2 of 8 workers for concurrent reference update
[0.729s][info][gc          ] GC(48) Concurrent update references 1.162ms
[0.729s][info][gc,start    ] GC(48) Concurrent update thread roots
[0.729s][info][gc          ] GC(48) Concurrent update thread roots 0.281ms
[0.729s][info][gc,start    ] GC(48) Pause Final Update Refs
[0.729s][info][gc,task     ] GC(48) Using 8 of 8 workers for final reference update
[0.729s][info][gc          ] GC(48) Pause Final Update Refs 0.048ms
[0.729s][info][gc,start    ] GC(48) Concurrent cleanup
[0.729s][info][gc          ] GC(48) Concurrent cleanup 21M->11M(142M) 0.053ms
[0.729s][info][gc,ergo     ] Free: 1873M, Max: 512K regular, 1872M humongous, Frag: 1% external, 0% internal; Reserve: 101888K, Max: 512K
[0.729s][info][gc,stats    ] 
[0.729s][info][gc,stats    ] All times are wall-clock times, except per-root-class counters, that are sum over
[0.729s][info][gc,stats    ] all workers. Dividing the <total> over the root stage time estimates parallelism.
[0.729s][info][gc,stats    ] 
[0.729s][info][gc,stats    ] Concurrent Reset                    270 us
[0.729s][info][gc,stats    ] Pause Init Mark (G)                 135 us
[0.729s][info][gc,stats    ] Pause Init Mark (N)                  51 us
[0.729s][info][gc,stats    ]   Update Region States               13 us
[0.729s][info][gc,stats    ] Concurrent Mark Roots               231 us, parallelism: 1.00x
[0.729s][info][gc,stats    ]   CMR: <total>                      231 us
[0.729s][info][gc,stats    ]   CMR: Thread Roots                 190 us, workers (us):  20, 170, ---, ---, ---, ---, ---, ---, 
[0.729s][info][gc,stats    ]   CMR: VM Strong Roots                5 us, workers (us):   3,   2, ---, ---, ---, ---, ---, ---, 
[0.729s][info][gc,stats    ]   CMR: CLDG Roots                    36 us, workers (us):  36, ---, ---, ---, ---, ---, ---, ---, 
[0.729s][info][gc,stats    ] Concurrent Marking                 2234 us
[0.729s][info][gc,stats    ] Pause Final Mark (G)               7092 us
[0.729s][info][gc,stats    ] Pause Final Mark (N)                257 us
[0.729s][info][gc,stats    ]   Finish Mark                       143 us
[0.729s][info][gc,stats    ]   Update Region States               15 us
[0.729s][info][gc,stats    ]   Choose Collection Set              31 us
[0.729s][info][gc,stats    ]   Rebuild Free Set                   15 us
[0.729s][info][gc,stats    ] Concurrent Thread Roots             131 us, parallelism: 1.09x
[0.730s][info][gc,stats    ]   CTR: <total>                      143 us
[0.730s][info][gc,stats    ]   CTR: Thread Roots                 143 us, workers (us):  92,  50, ---, ---, ---, ---, ---, ---, 
[0.730s][info][gc,stats    ] Concurrent Weak References          107 us, parallelism: 0.50x
[0.730s][info][gc,stats    ]   CWRF: <total>                      53 us
[0.730s][info][gc,stats    ]   CWRF: Weak References              53 us, workers (us):  45,   8, ---, ---, ---, ---, ---, ---, 
[0.730s][info][gc,stats    ] Concurrent Weak Roots              1051 us
[0.730s][info][gc,stats    ]   Roots                             158 us, parallelism: 1.75x
[0.730s][info][gc,stats    ]     CWR: <total>                    276 us
[0.730s][info][gc,stats    ]     CWR: Code Cache Roots           149 us, workers (us):  75,  74, ---, ---, ---, ---, ---, ---, 
[0.730s][info][gc,stats    ]     CWR: VM Weak Roots              125 us, workers (us):  64,  61, ---, ---, ---, ---, ---, ---, 
[0.730s][info][gc,stats    ]     CWR: CLDG Roots                   2 us, workers (us): ---,   2, ---, ---, ---, ---, ---, ---, 
[0.730s][info][gc,stats    ]   Rendezvous                        836 us
[0.730s][info][gc,stats    ] Concurrent Cleanup                   70 us
[0.730s][info][gc,stats    ] Concurrent Class Unloading          650 us
[0.730s][info][gc,stats    ]   Unlink Stale                      571 us
[0.730s][info][gc,stats    ]     System Dictionary                24 us
[0.730s][info][gc,stats    ]     Weak Class Links                  0 us
[0.730s][info][gc,stats    ]     Code Roots                      546 us
[0.730s][info][gc,stats    ]   Rendezvous                         17 us
[0.730s][info][gc,stats    ]   Purge Unlinked                     30 us
[0.730s][info][gc,stats    ]     Code Roots                       28 us
[0.730s][info][gc,stats    ]     CLDG                              2 us
[0.730s][info][gc,stats    ]     Exception Caches                  0 us
[0.730s][info][gc,stats    ] Concurrent Strong Roots             150 us, parallelism: 0.58x
[0.730s][info][gc,stats    ]   CSR: <total>                       87 us
[0.730s][info][gc,stats    ]   CSR: VM Strong Roots                5 us, workers (us):   5,   0, ---, ---, ---, ---, ---, ---, 
[0.730s][info][gc,stats    ]   CSR: CLDG Roots                    82 us, workers (us):  82, ---, ---, ---, ---, ---, ---, ---, 
[0.730s][info][gc,stats    ] Concurrent Evacuation              1312 us
[0.730s][info][gc,stats    ] Pause Init Update Refs (G)          116 us
[0.730s][info][gc,stats    ] Pause Init Update Refs (N)           31 us
[0.730s][info][gc,stats    ]   Manage GCLABs                       3 us
[0.730s][info][gc,stats    ] Concurrent Update Refs             1180 us
[0.730s][info][gc,stats    ] Concurrent Update Thread Roots      290 us
[0.730s][info][gc,stats    ] Pause Final Update Refs (G)         137 us
[0.730s][info][gc,stats    ] Pause Final Update Refs (N)          57 us
[0.730s][info][gc,stats    ]   Update Region States               13 us
[0.730s][info][gc,stats    ]   Trash Collection Set                2 us
[0.730s][info][gc,stats    ]   Rebuild Free Set                   16 us
[0.730s][info][gc,stats    ] Concurrent Cleanup                   61 us
[0.730s][info][gc,stats    ] 
[0.730s][info][gc,stats    ] Allocation pacing accrued:
[0.730s][info][gc,stats    ]       0 of    17 ms (  0.0%): <total>
[0.730s][info][gc,stats    ]       0 of    17 ms (  0.0%): <average total>
[0.730s][info][gc,stats    ] 
[0.730s][info][gc,metaspace] Metaspace: 2457K(2624K)->2483K(2624K) NonClass: 2229K(2304K)->2253K(2304K) Class: 228K(320K)->229K(320K)
[0.730s][info][gc,ergo     ] Pacer for Idle. Initial: 40642K, Alloc Tax Rate: 1.0x
[0.731s][info][gc          ] Trigger: Start next cycle immediately
[0.731s][info][gc,ergo     ] Free: 1873M, Max: 512K regular, 1872M humongous, Frag: 1% external, 0% internal; Reserve: 101888K, Max: 512K
[0.731s][info][gc,start    ] GC(49) Concurrent reset
[0.731s][info][gc,task     ] GC(49) Using 2 of 8 workers for concurrent reset
[0.731s][info][gc,ergo     ] GC(49) Pacer for Reset. Non-Taxable: 1984M
[0.731s][info][gc          ] GC(49) Concurrent reset 0.236ms
[0.731s][info][gc,start    ] GC(49) Pause Init Mark
[0.731s][info][gc,task     ] GC(49) Using 8 of 8 workers for init marking
[0.731s][info][gc,ergo     ] GC(49) Pacer for Mark. Expected Live: 9359K, Free: 1873M, Non-Taxable: 187M, Alloc Tax Rate: 0.0x
[0.731s][info][gc          ] GC(49) Pause Init Mark 0.059ms
[0.731s][info][gc,start    ] GC(49) Concurrent marking roots
[0.731s][info][gc,task     ] GC(49) Using 2 of 8 workers for concurrent marking roots
[0.732s][info][gc          ] GC(49) Concurrent marking roots 0.315ms
[0.732s][info][gc,start    ] GC(49) Concurrent marking
[0.732s][info][gc,task     ] GC(49) Using 2 of 8 workers for concurrent marking
[0.733s][info][gc          ] GC(49) Concurrent marking 1.186ms
[0.733s][info][gc,start    ] GC(49) Pause Final Mark
[0.733s][info][gc,task     ] GC(49) Using 8 of 8 workers for final marking
[0.733s][info][gc,ergo     ] GC(49) Collectable Garbage: 2353K (100%), Immediate: 0B (0%), CSet: 2353K (100%)
[0.733s][info][gc,ergo     ] GC(49) Pacer for Evacuation. Used CSet: 10193K, Free: 1872M, Non-Taxable: 187M, Alloc Tax Rate: 1.1x
[0.733s][info][gc          ] GC(49) Pause Final Mark 0.219ms
[0.733s][info][gc,start    ] GC(49) Concurrent thread roots
[0.733s][info][gc,task     ] GC(49) Using 2 of 8 workers for Concurrent thread roots
[0.733s][info][gc          ] GC(49) Concurrent thread roots 0.105ms
[0.733s][info][gc,start    ] GC(49) Concurrent weak references
[0.733s][info][gc,task     ] GC(49) Using 2 of 8 workers for concurrent weak references
[0.733s][info][gc,ref      ] GC(49) Encountered references: Soft: 145, Weak: 385, Final: 0, Phantom: 582
[0.733s][info][gc,ref      ] GC(49) Discovered  references: Soft: 0, Weak: 239, Final: 0, Phantom: 581
[0.733s][info][gc,ref      ] GC(49) Enqueued    references: Soft: 0, Weak: 6, Final: 0, Phantom: 4
[0.733s][info][gc          ] GC(49) Concurrent weak references 0.143ms
[0.734s][info][gc,start    ] GC(49) Concurrent weak roots
[0.734s][info][gc,task     ] GC(49) Using 2 of 8 workers for concurrent weak root
[0.734s][info][gc          ] GC(49) Concurrent weak roots 0.224ms
[0.734s][info][gc,start    ] GC(49) Concurrent cleanup
[0.734s][info][gc          ] GC(49) Concurrent cleanup 12M->12M(142M) 0.064ms
[0.734s][info][gc,ergo     ] GC(49) Free: 1872M, Max: 512K regular, 1872M humongous, Frag: 0% external, 0% internal; Reserve: 101710K, Max: 512K
[0.734s][info][gc,start    ] GC(49) Concurrent strong roots
[0.734s][info][gc,task     ] GC(49) Using 2 of 8 workers for concurrent strong root
[0.734s][info][gc          ] GC(49) Concurrent strong roots 0.212ms
[0.734s][info][gc,start    ] GC(49) Concurrent evacuation
[0.734s][info][gc,task     ] GC(49) Using 2 of 8 workers for concurrent evacuation
[0.735s][info][gc          ] GC(49) Concurrent evacuation 1.269ms
[0.736s][info][gc,start    ] GC(49) Pause Init Update Refs
[0.736s][info][gc,ergo     ] GC(49) Pacer for Update Refs. Used: 21488K, Free: 1872M, Non-Taxable: 187M, Alloc Tax Rate: 1.1x
[0.736s][info][gc          ] GC(49) Pause Init Update Refs 0.026ms
[0.736s][info][gc,start    ] GC(49) Concurrent update references
[0.736s][info][gc,task     ] GC(49) Using 2 of 8 workers for concurrent reference update
[0.737s][info][gc          ] GC(49) Concurrent update references 1.092ms
[0.737s][info][gc,start    ] GC(49) Concurrent update thread roots
[0.737s][info][gc          ] GC(49) Concurrent update thread roots 0.214ms
[0.737s][info][gc,start    ] GC(49) Pause Final Update Refs
[0.737s][info][gc,task     ] GC(49) Using 8 of 8 workers for final reference update
[0.737s][info][gc          ] GC(49) Pause Final Update Refs 0.067ms
[0.737s][info][gc,start    ] GC(49) Concurrent cleanup
[0.737s][info][gc          ] GC(49) Concurrent cleanup 20M->11M(142M) 0.056ms
[0.737s][info][gc,ergo     ] Free: 1873M, Max: 512K regular, 1872M humongous, Frag: 1% external, 0% internal; Reserve: 101888K, Max: 512K
[0.737s][info][gc,stats    ] 
[0.737s][info][gc,stats    ] All times are wall-clock times, except per-root-class counters, that are sum over
[0.737s][info][gc,stats    ] all workers. Dividing the <total> over the root stage time estimates parallelism.
[0.737s][info][gc,stats    ] 
[0.737s][info][gc,stats    ] Concurrent Reset                    257 us
[0.737s][info][gc,stats    ] Pause Init Mark (G)                 153 us
[0.737s][info][gc,stats    ] Pause Init Mark (N)                  65 us
[0.737s][info][gc,stats    ]   Update Region States               15 us
[0.737s][info][gc,stats    ] Concurrent Mark Roots               330 us, parallelism: 1.25x
[0.737s][info][gc,stats    ]   CMR: <total>                      413 us
[0.737s][info][gc,stats    ]   CMR: Thread Roots                 187 us, workers (us):  16, 172, ---, ---, ---, ---, ---, ---, 
[0.737s][info][gc,stats    ]   CMR: Code Cache Roots             167 us, workers (us):  78,  89, ---, ---, ---, ---, ---, ---, 
[0.737s][info][gc,stats    ]   CMR: VM Strong Roots                4 us, workers (us):   4,   0, ---, ---, ---, ---, ---, ---, 
[0.737s][info][gc,stats    ]   CMR: CLDG Roots                    54 us, workers (us):  54, ---, ---, ---, ---, ---, ---, ---, 
[0.737s][info][gc,stats    ] Concurrent Marking                 1208 us
[0.737s][info][gc,stats    ] Pause Final Mark (G)                310 us
[0.737s][info][gc,stats    ] Pause Final Mark (N)                225 us
[0.737s][info][gc,stats    ]   Finish Mark                       124 us
[0.737s][info][gc,stats    ]   Update Region States               20 us
[0.737s][info][gc,stats    ]   Choose Collection Set              28 us
[0.737s][info][gc,stats    ]   Rebuild Free Set                   15 us
[0.737s][info][gc,stats    ] Concurrent Thread Roots             115 us, parallelism: 0.99x
[0.737s][info][gc,stats    ]   CTR: <total>                      113 us
[0.738s][info][gc,stats    ]   CTR: Thread Roots                 113 us, workers (us):  75,  38, ---, ---, ---, ---, ---, ---, 
[0.738s][info][gc,stats    ] Concurrent Weak References          151 us, parallelism: 1.04x
[0.738s][info][gc,stats    ]   CWRF: <total>                     157 us
[0.738s][info][gc,stats    ]   CWRF: Weak References             157 us, workers (us):  88,  70, ---, ---, ---, ---, ---, ---, 
[0.738s][info][gc,stats    ] Concurrent Weak Roots               239 us
[0.738s][info][gc,stats    ]   Roots                             106 us, parallelism: 1.21x
[0.738s][info][gc,stats    ]     CWR: <total>                    127 us
[0.738s][info][gc,stats    ]     CWR: VM Weak Roots              127 us, workers (us):  84,  43, ---, ---, ---, ---, ---, ---, 
[0.738s][info][gc,stats    ]   Rendezvous                         96 us
[0.738s][info][gc,stats    ] Concurrent Cleanup                   73 us
[0.738s][info][gc,stats    ] Concurrent Strong Roots             226 us, parallelism: 1.30x
[0.738s][info][gc,stats    ]   CSR: <total>                      294 us
[0.738s][info][gc,stats    ]   CSR: Code Cache Roots             218 us, workers (us):  86, 133, ---, ---, ---, ---, ---, ---, 
[0.738s][info][gc,stats    ]   CSR: VM Strong Roots                5 us, workers (us):   4,   0, ---, ---, ---, ---, ---, ---, 
[0.738s][info][gc,stats    ]   CSR: CLDG Roots                    71 us, workers (us):  71, ---, ---, ---, ---, ---, ---, ---, 
[0.738s][info][gc,stats    ] Concurrent Evacuation              1291 us
[0.738s][info][gc,stats    ] Pause Init Update Refs (G)          319 us
[0.738s][info][gc,stats    ] Pause Init Update Refs (N)           34 us
[0.738s][info][gc,stats    ]   Manage GCLABs                       3 us
[0.738s][info][gc,stats    ] Concurrent Update Refs             1108 us
[0.738s][info][gc,stats    ] Concurrent Update Thread Roots      228 us
[0.738s][info][gc,stats    ] Pause Final Update Refs (G)         191 us
[0.738s][info][gc,stats    ] Pause Final Update Refs (N)          76 us
[0.738s][info][gc,stats    ]   Update Region States               13 us
[0.738s][info][gc,stats    ]   Trash Collection Set                2 us
[0.738s][info][gc,stats    ]   Rebuild Free Set                   23 us
[0.738s][info][gc,stats    ] Concurrent Cleanup                   64 us
[0.738s][info][gc,stats    ] 
[0.738s][info][gc,stats    ] Allocation pacing accrued:
[0.738s][info][gc,stats    ]       0 of     8 ms (  0.0%): <total>
[0.738s][info][gc,stats    ]       0 of     8 ms (  0.0%): <average total>
[0.738s][info][gc,stats    ] 
[0.738s][info][gc,metaspace] Metaspace: 2503K(2688K)->2548K(2688K) NonClass: 2271K(2368K)->2313K(2368K) Class: 231K(320K)->235K(320K)
[0.738s][info][gc,ergo     ] Pacer for Idle. Initial: 40642K, Alloc Tax Rate: 1.0x
[0.744s][info][gc          ] Trigger: Start next cycle immediately
[0.744s][info][gc,ergo     ] Free: 1873M, Max: 512K regular, 1872M humongous, Frag: 1% external, 0% internal; Reserve: 101888K, Max: 512K
[0.744s][info][gc,start    ] GC(50) Concurrent reset
[0.744s][info][gc,task     ] GC(50) Using 2 of 8 workers for concurrent reset
[0.744s][info][gc,ergo     ] GC(50) Pacer for Reset. Non-Taxable: 1984M
[0.744s][info][gc          ] GC(50) Concurrent reset 0.236ms
[0.744s][info][gc,start    ] GC(50) Pause Init Mark
[0.744s][info][gc,task     ] GC(50) Using 8 of 8 workers for init marking
[0.744s][info][gc,ergo     ] GC(50) Pacer for Mark. Expected Live: 9390K, Free: 1873M, Non-Taxable: 187M, Alloc Tax Rate: 0.0x
[0.744s][info][gc          ] GC(50) Pause Init Mark 0.052ms
[0.744s][info][gc,start    ] GC(50) Concurrent marking roots
[0.744s][info][gc,task     ] GC(50) Using 2 of 8 workers for concurrent marking roots
[0.745s][info][gc          ] GC(50) Concurrent marking roots 0.293ms
[0.745s][info][gc,start    ] GC(50) Concurrent marking
[0.745s][info][gc,task     ] GC(50) Using 2 of 8 workers for concurrent marking
[0.746s][info][gc          ] GC(50) Concurrent marking 1.307ms
[0.746s][info][gc,start    ] GC(50) Pause Final Mark
[0.746s][info][gc,task     ] GC(50) Using 8 of 8 workers for final marking
[0.746s][info][gc,ergo     ] GC(50) Collectable Garbage: 1830K (100%), Immediate: 0B (0%), CSet: 1830K (100%)
[0.746s][info][gc,ergo     ] GC(50) Pacer for Evacuation. Used CSet: 9692K, Free: 1873M, Non-Taxable: 187M, Alloc Tax Rate: 1.1x
[0.746s][info][gc          ] GC(50) Pause Final Mark 0.275ms
[0.746s][info][gc,start    ] GC(50) Concurrent thread roots
[0.746s][info][gc,task     ] GC(50) Using 2 of 8 workers for Concurrent thread roots
[0.747s][info][gc          ] GC(50) Concurrent thread roots 0.080ms
[0.747s][info][gc,start    ] GC(50) Concurrent weak references
[0.747s][info][gc,task     ] GC(50) Using 2 of 8 workers for concurrent weak references
[0.747s][info][gc,ref      ] GC(50) Encountered references: Soft: 159, Weak: 423, Final: 0, Phantom: 584
[0.747s][info][gc,ref      ] GC(50) Discovered  references: Soft: 0, Weak: 175, Final: 0, Phantom: 582
[0.747s][info][gc,ref      ] GC(50) Enqueued    references: Soft: 0, Weak: 13, Final: 0, Phantom: 6
[0.747s][info][gc          ] GC(50) Concurrent weak references 0.180ms
[0.747s][info][gc,start    ] GC(50) Concurrent weak roots
[0.747s][info][gc,task     ] GC(50) Using 2 of 8 workers for concurrent weak root
[0.747s][info][gc          ] GC(50) Concurrent weak roots 0.226ms
[0.747s][info][gc,start    ] GC(50) Concurrent cleanup
[0.747s][info][gc          ] GC(50) Concurrent cleanup 12M->12M(142M) 0.057ms
[0.747s][info][gc,ergo     ] GC(50) Free: 1872M, Max: 512K regular, 1872M humongous, Frag: 1% external, 0% internal; Reserve: 101708K, Max: 512K
[0.747s][info][gc,start    ] GC(50) Concurrent strong roots
[0.747s][info][gc,task     ] GC(50) Using 2 of 8 workers for concurrent strong root
[0.747s][info][gc          ] GC(50) Concurrent strong roots 0.221ms
[0.747s][info][gc,start    ] GC(50) Concurrent evacuation
[0.747s][info][gc,task     ] GC(50) Using 2 of 8 workers for concurrent evacuation
[0.748s][info][gc          ] GC(50) Concurrent evacuation 1.189ms
[0.749s][info][gc,start    ] GC(50) Pause Init Update Refs
[0.749s][info][gc,ergo     ] GC(50) Pacer for Update Refs. Used: 21460K, Free: 1872M, Non-Taxable: 187M, Alloc Tax Rate: 1.1x
[0.749s][info][gc          ] GC(50) Pause Init Update Refs 0.024ms
[0.749s][info][gc,start    ] GC(50) Concurrent update references
[0.749s][info][gc,task     ] GC(50) Using 2 of 8 workers for concurrent reference update
[0.750s][info][gc          ] GC(50) Concurrent update references 1.532ms
[0.750s][info][gc,start    ] GC(50) Concurrent update thread roots
[0.750s][info][gc          ] GC(50) Concurrent update thread roots 0.160ms
[0.750s][info][gc,start    ] GC(50) Pause Final Update Refs
[0.750s][info][gc,task     ] GC(50) Using 8 of 8 workers for final reference update
[0.750s][info][gc          ] GC(50) Pause Final Update Refs 0.052ms
[0.750s][info][gc,start    ] GC(50) Concurrent cleanup
[0.751s][info][gc          ] GC(50) Concurrent cleanup 20M->11M(142M) 0.053ms
[0.751s][info][gc,ergo     ] Free: 1873M, Max: 512K regular, 1872M humongous, Frag: 1% external, 0% internal; Reserve: 101888K, Max: 512K
[0.751s][info][gc,stats    ] 
[0.751s][info][gc,stats    ] All times are wall-clock times, except per-root-class counters, that are sum over
[0.751s][info][gc,stats    ] all workers. Dividing the <total> over the root stage time estimates parallelism.
[0.751s][info][gc,stats    ] 
[0.751s][info][gc,stats    ] Concurrent Reset                    251 us
[0.751s][info][gc,stats    ] Pause Init Mark (G)                 155 us
[0.751s][info][gc,stats    ] Pause Init Mark (N)                  60 us
[0.751s][info][gc,stats    ]   Update Region States               15 us
[0.751s][info][gc,stats    ] Concurrent Mark Roots               304 us, parallelism: 1.26x
[0.751s][info][gc,stats    ]   CMR: <total>                      383 us
[0.751s][info][gc,stats    ]   CMR: Thread Roots                 170 us, workers (us):  29, 141, ---, ---, ---, ---, ---, ---, 
[0.751s][info][gc,stats    ]   CMR: Code Cache Roots             171 us, workers (us):  79,  92, ---, ---, ---, ---, ---, ---, 
[0.751s][info][gc,stats    ]   CMR: VM Strong Roots                4 us, workers (us):   3,   0, ---, ---, ---, ---, ---, ---, 
[0.751s][info][gc,stats    ]   CMR: CLDG Roots                    38 us, workers (us):  38, ---, ---, ---, ---, ---, ---, ---, 
[0.751s][info][gc,stats    ] Concurrent Marking                 1327 us
[0.751s][info][gc,stats    ] Pause Final Mark (G)                369 us
[0.751s][info][gc,stats    ] Pause Final Mark (N)                283 us
[0.751s][info][gc,stats    ]   Finish Mark                       176 us
[0.751s][info][gc,stats    ]   Update Region States               12 us
[0.751s][info][gc,stats    ]   Choose Collection Set              36 us
[0.751s][info][gc,stats    ]   Rebuild Free Set                   15 us
[0.751s][info][gc,stats    ] Concurrent Thread Roots              91 us, parallelism: 0.52x
[0.751s][info][gc,stats    ]   CTR: <total>                       47 us
[0.751s][info][gc,stats    ]   CTR: Thread Roots                  47 us, workers (us):  47,   0, ---, ---, ---, ---, ---, ---, 
[0.751s][info][gc,stats    ] Concurrent Weak References          188 us, parallelism: 0.91x
[0.751s][info][gc,stats    ]   CWRF: <total>                     171 us
[0.751s][info][gc,stats    ]   CWRF: Weak References             171 us, workers (us): 121,  50, ---, ---, ---, ---, ---, ---, 
[0.751s][info][gc,stats    ] Concurrent Weak Roots               241 us
[0.751s][info][gc,stats    ]   Roots                             112 us, parallelism: 1.19x
[0.751s][info][gc,stats    ]     CWR: <total>                    134 us
[0.751s][info][gc,stats    ]     CWR: VM Weak Roots              134 us, workers (us):  92,  42, ---, ---, ---, ---, ---, ---, 
[0.751s][info][gc,stats    ]   Rendezvous                         97 us
[0.751s][info][gc,stats    ] Concurrent Cleanup                   66 us
[0.751s][info][gc,stats    ] Concurrent Strong Roots             235 us, parallelism: 1.41x
[0.751s][info][gc,stats    ]   CSR: <total>                      331 us
[0.751s][info][gc,stats    ]   CSR: Code Cache Roots             253 us, workers (us):  88, 165, ---, ---, ---, ---, ---, ---, 
[0.751s][info][gc,stats    ]   CSR: VM Strong Roots                6 us, workers (us):   5,   0, ---, ---, ---, ---, ---, ---, 
[0.751s][info][gc,stats    ]   CSR: CLDG Roots                    72 us, workers (us):  72, ---, ---, ---, ---, ---, ---, ---, 
[0.751s][info][gc,stats    ] Concurrent Evacuation              1205 us
[0.751s][info][gc,stats    ] Pause Init Update Refs (G)          118 us
[0.751s][info][gc,stats    ] Pause Init Update Refs (N)           32 us
[0.751s][info][gc,stats    ]   Manage GCLABs                       3 us
[0.751s][info][gc,stats    ] Concurrent Update Refs             1553 us
[0.751s][info][gc,stats    ] Concurrent Update Thread Roots      175 us
[0.751s][info][gc,stats    ] Pause Final Update Refs (G)         149 us
[0.751s][info][gc,stats    ] Pause Final Update Refs (N)          60 us
[0.751s][info][gc,stats    ]   Update Region States               12 us
[0.751s][info][gc,stats    ]   Trash Collection Set                2 us
[0.751s][info][gc,stats    ]   Rebuild Free Set                   15 us
[0.751s][info][gc,stats    ] Concurrent Cleanup                   61 us
[0.751s][info][gc,stats    ] 
[0.751s][info][gc,stats    ] Allocation pacing accrued:
[0.751s][info][gc,stats    ]       0 of    13 ms (  0.0%): <total>
[0.751s][info][gc,stats    ]       0 of    13 ms (  0.0%): <average total>
[0.751s][info][gc,stats    ] 
[0.751s][info][gc,metaspace] Metaspace: 2610K(2752K)->2655K(2816K) NonClass: 2361K(2432K)->2401K(2496K) Class: 249K(320K)->254K(320K)
[0.751s][info][gc,ergo     ] Pacer for Idle. Initial: 40642K, Alloc Tax Rate: 1.0x
[0.752s][info][gc          ] Trigger: Start next cycle immediately
[0.752s][info][gc,ergo     ] Free: 1873M, Max: 512K regular, 1872M humongous, Frag: 1% external, 0% internal; Reserve: 101888K, Max: 512K
[0.752s][info][gc,start    ] GC(51) Concurrent reset
[0.752s][info][gc,task     ] GC(51) Using 2 of 8 workers for concurrent reset
[0.752s][info][gc,ergo     ] GC(51) Pacer for Reset. Non-Taxable: 1984M
[0.754s][info][gc          ] GC(51) Concurrent reset 1.892ms
[0.754s][info][gc,start    ] GC(51) Pause Init Mark
[0.754s][info][gc,task     ] GC(51) Using 8 of 8 workers for init marking
[0.754s][info][gc,ergo     ] GC(51) Pacer for Mark. Expected Live: 9420K, Free: 1873M, Non-Taxable: 187M, Alloc Tax Rate: 0.0x
[0.754s][info][gc          ] GC(51) Pause Init Mark 0.046ms
[0.754s][info][gc,start    ] GC(51) Concurrent marking roots
[0.754s][info][gc,task     ] GC(51) Using 2 of 8 workers for concurrent marking roots
[0.754s][info][gc          ] GC(51) Concurrent marking roots 0.245ms
[0.754s][info][gc,start    ] GC(51) Concurrent marking
[0.754s][info][gc,task     ] GC(51) Using 2 of 8 workers for concurrent marking
[0.756s][info][gc          ] GC(51) Concurrent marking 1.117ms
[0.756s][info][gc,start    ] GC(51) Pause Final Mark
[0.756s][info][gc,task     ] GC(51) Using 8 of 8 workers for final marking
[0.756s][info][gc,ergo     ] GC(51) Collectable Garbage: 2270K (100%), Immediate: 0B (0%), CSet: 2270K (100%)
[0.756s][info][gc,ergo     ] GC(51) Pacer for Evacuation. Used CSet: 10165K, Free: 1872M, Non-Taxable: 187M, Alloc Tax Rate: 1.1x
[0.756s][info][gc          ] GC(51) Pause Final Mark 0.203ms
[0.756s][info][gc,start    ] GC(51) Concurrent thread roots
[0.756s][info][gc,task     ] GC(51) Using 2 of 8 workers for Concurrent thread roots
[0.756s][info][gc          ] GC(51) Concurrent thread roots 0.073ms
[0.756s][info][gc,start    ] GC(51) Concurrent weak references
[0.756s][info][gc,task     ] GC(51) Using 2 of 8 workers for concurrent weak references
[0.756s][info][gc,ref      ] GC(51) Encountered references: Soft: 179, Weak: 451, Final: 0, Phantom: 582
[0.756s][info][gc,ref      ] GC(51) Discovered  references: Soft: 0, Weak: 273, Final: 0, Phantom: 581
[0.756s][info][gc,ref      ] GC(51) Enqueued    references: Soft: 0, Weak: 5, Final: 0, Phantom: 4
[0.756s][info][gc          ] GC(51) Concurrent weak references 0.147ms
[0.756s][info][gc,start    ] GC(51) Concurrent weak roots
[0.756s][info][gc,task     ] GC(51) Using 2 of 8 workers for concurrent weak root
[0.756s][info][gc          ] GC(51) Concurrent weak roots 0.296ms
[0.756s][info][gc,start    ] GC(51) Concurrent cleanup
[0.756s][info][gc          ] GC(51) Concurrent cleanup 12M->12M(142M) 0.057ms
[0.757s][info][gc,ergo     ] GC(51) Free: 1872M, Max: 512K regular, 1872M humongous, Frag: 0% external, 0% internal; Reserve: 101720K, Max: 512K
[0.757s][info][gc,start    ] GC(51) Concurrent strong roots
[0.757s][info][gc,task     ] GC(51) Using 2 of 8 workers for concurrent strong root
[0.757s][info][gc          ] GC(51) Concurrent strong roots 0.228ms
[0.757s][info][gc,start    ] GC(51) Concurrent evacuation
[0.757s][info][gc,task     ] GC(51) Using 2 of 8 workers for concurrent evacuation
[0.758s][info][gc          ] GC(51) Concurrent evacuation 1.272ms
[0.758s][info][gc,start    ] GC(51) Pause Init Update Refs
[0.758s][info][gc,ergo     ] GC(51) Pacer for Update Refs. Used: 21941K, Free: 1871M, Non-Taxable: 187M, Alloc Tax Rate: 1.1x
[0.758s][info][gc          ] GC(51) Pause Init Update Refs 0.023ms
[0.758s][info][gc,start    ] GC(51) Concurrent update references
[0.758s][info][gc,task     ] GC(51) Using 2 of 8 workers for concurrent reference update
[0.759s][info][gc          ] GC(51) Concurrent update references 1.201ms
[0.759s][info][gc,start    ] GC(51) Concurrent update thread roots
[0.760s][info][gc          ] GC(51) Concurrent update thread roots 0.116ms
[0.760s][info][gc,start    ] GC(51) Pause Final Update Refs
[0.760s][info][gc,task     ] GC(51) Using 8 of 8 workers for final reference update
[0.760s][info][gc          ] GC(51) Pause Final Update Refs 0.048ms
[0.760s][info][gc,start    ] GC(51) Concurrent cleanup
[0.760s][info][gc          ] GC(51) Concurrent cleanup 21M->11M(142M) 0.053ms
[0.760s][info][gc,ergo     ] Free: 1873M, Max: 512K regular, 1871M humongous, Frag: 1% external, 0% internal; Reserve: 101888K, Max: 512K
[0.760s][info][gc,stats    ] 
[0.760s][info][gc,stats    ] All times are wall-clock times, except per-root-class counters, that are sum over
[0.760s][info][gc,stats    ] all workers. Dividing the <total> over the root stage time estimates parallelism.
[0.760s][info][gc,stats    ] 
[0.760s][info][gc,stats    ] Concurrent Reset                   1913 us
[0.760s][info][gc,stats    ] Pause Init Mark (G)                 149 us
[0.760s][info][gc,stats    ] Pause Init Mark (N)                  54 us
[0.760s][info][gc,stats    ]   Update Region States               14 us
[0.760s][info][gc,stats    ] Concurrent Mark Roots               256 us, parallelism: 1.20x
[0.760s][info][gc,stats    ]   CMR: <total>                      307 us
[0.760s][info][gc,stats    ]   CMR: Thread Roots                  86 us, workers (us):  15,  71, ---, ---, ---, ---, ---, ---, 
[0.760s][info][gc,stats    ]   CMR: Code Cache Roots             167 us, workers (us):  73,  94, ---, ---, ---, ---, ---, ---, 
[0.760s][info][gc,stats    ]   CMR: VM Strong Roots                4 us, workers (us):   3,   0, ---, ---, ---, ---, ---, ---, 
[0.760s][info][gc,stats    ]   CMR: CLDG Roots                    50 us, workers (us):  50, ---, ---, ---, ---, ---, ---, ---, 
[0.760s][info][gc,stats    ] Concurrent Marking                 1134 us
[0.760s][info][gc,stats    ] Pause Final Mark (G)                302 us
[0.760s][info][gc,stats    ] Pause Final Mark (N)                211 us
[0.760s][info][gc,stats    ]   Finish Mark                       114 us
[0.760s][info][gc,stats    ]   Update Region States               13 us
[0.760s][info][gc,stats    ]   Choose Collection Set              30 us
[0.760s][info][gc,stats    ]   Rebuild Free Set                   15 us
[0.760s][info][gc,stats    ] Concurrent Thread Roots              83 us, parallelism: 0.69x
[0.760s][info][gc,stats    ]   CTR: <total>                       57 us
[0.760s][info][gc,stats    ]   CTR: Thread Roots                  57 us, workers (us):  29,  28, ---, ---, ---, ---, ---, ---, 
[0.760s][info][gc,stats    ] Concurrent Weak References          155 us, parallelism: 1.17x
[0.760s][info][gc,stats    ]   CWRF: <total>                     181 us
[0.760s][info][gc,stats    ]   CWRF: Weak References             181 us, workers (us):  91,  90, ---, ---, ---, ---, ---, ---, 
[0.760s][info][gc,stats    ] Concurrent Weak Roots               307 us
[0.760s][info][gc,stats    ]   Roots                             111 us, parallelism: 1.21x
[0.760s][info][gc,stats    ]     CWR: <total>                    134 us
[0.760s][info][gc,stats    ]     CWR: VM Weak Roots              134 us, workers (us):  92,  43, ---, ---, ---, ---, ---, ---, 
[0.760s][info][gc,stats    ]   Rendezvous                        171 us
[0.760s][info][gc,stats    ] Concurrent Cleanup                   65 us
[0.760s][info][gc,stats    ] Concurrent Strong Roots             237 us, parallelism: 1.32x
[0.760s][info][gc,stats    ]   CSR: <total>                      312 us
[0.760s][info][gc,stats    ]   CSR: Code Cache Roots             229 us, workers (us): 111, 118, ---, ---, ---, ---, ---, ---, 
[0.760s][info][gc,stats    ]   CSR: VM Strong Roots                7 us, workers (us):   5,   3, ---, ---, ---, ---, ---, ---, 
[0.760s][info][gc,stats    ]   CSR: CLDG Roots                    75 us, workers (us):  75, ---, ---, ---, ---, ---, ---, ---, 
[0.760s][info][gc,stats    ] Concurrent Evacuation              1289 us
[0.760s][info][gc,stats    ] Pause Init Update Refs (G)          118 us
[0.760s][info][gc,stats    ] Pause Init Update Refs (N)           28 us
[0.760s][info][gc,stats    ]   Manage GCLABs                       3 us
[0.760s][info][gc,stats    ] Concurrent Update Refs             1219 us
[0.760s][info][gc,stats    ] Concurrent Update Thread Roots      126 us
[0.760s][info][gc,stats    ] Pause Final Update Refs (G)         135 us
[0.760s][info][gc,stats    ] Pause Final Update Refs (N)          56 us
[0.760s][info][gc,stats    ]   Update Region States               13 us
[0.760s][info][gc,stats    ]   Trash Collection Set                2 us
[0.760s][info][gc,stats    ]   Rebuild Free Set                   16 us
[0.760s][info][gc,stats    ] Concurrent Cleanup                   60 us
[0.760s][info][gc,stats    ] 
[0.760s][info][gc,stats    ] Allocation pacing accrued:
[0.760s][info][gc,stats    ]       0 of     9 ms (  0.0%): <total>
[0.760s][info][gc,stats    ]       0 of     9 ms (  0.0%): <average total>
[0.760s][info][gc,stats    ] 
[0.760s][info][gc,metaspace] Metaspace: 2679K(2880K)->2718K(2880K) NonClass: 2421K(2560K)->2453K(2560K) Class: 257K(320K)->265K(320K)
[0.760s][info][gc,ergo     ] Pacer for Idle. Initial: 40642K, Alloc Tax Rate: 1.0x
[0.761s][info][gc          ] Trigger: Start next cycle immediately
[0.761s][info][gc,ergo     ] Free: 1873M, Max: 512K regular, 1871M humongous, Frag: 1% external, 0% internal; Reserve: 101888K, Max: 512K
[0.761s][info][gc,start    ] GC(52) Concurrent reset
[0.761s][info][gc,task     ] GC(52) Using 2 of 8 workers for concurrent reset
[0.761s][info][gc,ergo     ] GC(52) Pacer for Reset. Non-Taxable: 1984M
[0.762s][info][gc          ] GC(52) Concurrent reset 0.217ms
[0.762s][info][gc,start    ] GC(52) Pause Init Mark (unload classes)
[0.762s][info][gc,task     ] GC(52) Using 8 of 8 workers for init marking
[0.762s][info][gc,ergo     ] GC(52) Pacer for Mark. Expected Live: 9450K, Free: 1873M, Non-Taxable: 187M, Alloc Tax Rate: 0.0x
[0.762s][info][gc          ] GC(52) Pause Init Mark (unload classes) 0.045ms
[0.762s][info][gc,start    ] GC(52) Concurrent marking roots
[0.762s][info][gc,task     ] GC(52) Using 2 of 8 workers for concurrent marking roots
[0.762s][info][gc          ] GC(52) Concurrent marking roots 0.287ms
[0.762s][info][gc,start    ] GC(52) Concurrent marking (unload classes)
[0.762s][info][gc,task     ] GC(52) Using 2 of 8 workers for concurrent marking
[0.763s][info][gc          ] GC(52) Concurrent marking (unload classes) 1.189ms
[0.763s][info][gc,start    ] GC(52) Pause Final Mark (unload classes)
[0.763s][info][gc,task     ] GC(52) Using 8 of 8 workers for final marking
[0.763s][info][gc,ergo     ] GC(52) Collectable Garbage: 2242K (100%), Immediate: 0B (0%), CSet: 2242K (100%)
[0.764s][info][gc,ergo     ] GC(52) Pacer for Evacuation. Used CSet: 10173K, Free: 1872M, Non-Taxable: 187M, Alloc Tax Rate: 1.1x
[0.764s][info][gc          ] GC(52) Pause Final Mark (unload classes) 0.245ms
[0.764s][info][gc,start    ] GC(52) Concurrent thread roots
[0.764s][info][gc,task     ] GC(52) Using 2 of 8 workers for Concurrent thread roots
[0.764s][info][gc          ] GC(52) Concurrent thread roots 0.073ms
[0.764s][info][gc,start    ] GC(52) Concurrent weak references
[0.764s][info][gc,task     ] GC(52) Using 2 of 8 workers for concurrent weak references
[0.764s][info][gc,ref      ] GC(52) Encountered references: Soft: 182, Weak: 488, Final: 0, Phantom: 584
[0.764s][info][gc,ref      ] GC(52) Discovered  references: Soft: 0, Weak: 188, Final: 0, Phantom: 584
[0.764s][info][gc,ref      ] GC(52) Enqueued    references: Soft: 0, Weak: 6, Final: 0, Phantom: 6
[0.764s][info][gc          ] GC(52) Concurrent weak references 0.132ms
[0.764s][info][gc,start    ] GC(52) Concurrent weak roots
[0.764s][info][gc,task     ] GC(52) Using 2 of 8 workers for concurrent weak root
[0.764s][info][gc          ] GC(52) Concurrent weak roots 0.262ms
[0.764s][info][gc,start    ] GC(52) Concurrent cleanup
[0.764s][info][gc          ] GC(52) Concurrent cleanup 12M->12M(142M) 0.058ms
[0.764s][info][gc,ergo     ] GC(52) Free: 1872M, Max: 512K regular, 1871M humongous, Frag: 1% external, 0% internal; Reserve: 101551K, Max: 512K
[0.764s][info][gc,start    ] GC(52) Concurrent class unloading
[0.764s][info][gc,task     ] GC(52) Using 2 of 8 workers for concurrent class unloading
[0.765s][info][gc          ] GC(52) Concurrent class unloading 0.575ms
[0.765s][info][gc,start    ] GC(52) Concurrent strong roots
[0.765s][info][gc,task     ] GC(52) Using 2 of 8 workers for concurrent strong root
[0.765s][info][gc          ] GC(52) Concurrent strong roots 0.115ms
[0.765s][info][gc,start    ] GC(52) Concurrent evacuation
[0.765s][info][gc,task     ] GC(52) Using 2 of 8 workers for concurrent evacuation
[0.766s][info][gc          ] GC(52) Concurrent evacuation 1.263ms
[0.766s][info][gc,start    ] GC(52) Pause Init Update Refs
[0.766s][info][gc,ergo     ] GC(52) Pacer for Update Refs. Used: 23017K, Free: 1871M, Non-Taxable: 187M, Alloc Tax Rate: 1.1x
[0.766s][info][gc          ] GC(52) Pause Init Update Refs 0.025ms
[0.766s][info][gc,start    ] GC(52) Concurrent update references
[0.766s][info][gc,task     ] GC(52) Using 2 of 8 workers for concurrent reference update
[0.767s][info][gc          ] GC(52) Concurrent update references 1.084ms
[0.767s][info][gc,start    ] GC(52) Concurrent update thread roots
[0.768s][info][gc          ] GC(52) Concurrent update thread roots 0.139ms
[0.768s][info][gc,start    ] GC(52) Pause Final Update Refs
[0.768s][info][gc,task     ] GC(52) Using 8 of 8 workers for final reference update
[0.768s][info][gc          ] GC(52) Pause Final Update Refs 0.053ms
[0.768s][info][gc,start    ] GC(52) Concurrent cleanup
[0.768s][info][gc          ] GC(52) Concurrent cleanup 22M->12M(142M) 0.055ms
[0.768s][info][gc,ergo     ] Free: 1872M, Max: 512K regular, 1871M humongous, Frag: 1% external, 0% internal; Reserve: 101888K, Max: 512K
[0.768s][info][gc,stats    ] 
[0.768s][info][gc,stats    ] All times are wall-clock times, except per-root-class counters, that are sum over
[0.768s][info][gc,stats    ] all workers. Dividing the <total> over the root stage time estimates parallelism.
[0.768s][info][gc,stats    ] 
[0.768s][info][gc,stats    ] Concurrent Reset                    229 us
[0.768s][info][gc,stats    ] Pause Init Mark (G)                 138 us
[0.768s][info][gc,stats    ] Pause Init Mark (N)                  53 us
[0.768s][info][gc,stats    ]   Update Region States               14 us
[0.768s][info][gc,stats    ] Concurrent Mark Roots               304 us, parallelism: 0.95x
[0.768s][info][gc,stats    ]   CMR: <total>                      290 us
[0.768s][info][gc,stats    ]   CMR: Thread Roots                 247 us, workers (us):  13, 234, ---, ---, ---, ---, ---, ---, 
[0.768s][info][gc,stats    ]   CMR: VM Strong Roots                3 us, workers (us):   3,   0, ---, ---, ---, ---, ---, ---, 
[0.768s][info][gc,stats    ]   CMR: CLDG Roots                    39 us, workers (us):  39, ---, ---, ---, ---, ---, ---, ---, 
[0.768s][info][gc,stats    ] Concurrent Marking                 1209 us
[0.768s][info][gc,stats    ] Pause Final Mark (G)                347 us
[0.768s][info][gc,stats    ] Pause Final Mark (N)                255 us
[0.768s][info][gc,stats    ]   Finish Mark                       145 us
[0.768s][info][gc,stats    ]   Update Region States               12 us
[0.768s][info][gc,stats    ]   Choose Collection Set              29 us
[0.768s][info][gc,stats    ]   Rebuild Free Set                   19 us
[0.768s][info][gc,stats    ] Concurrent Thread Roots             106 us, parallelism: 0.35x
[0.768s][info][gc,stats    ]   CTR: <total>                       37 us
[0.768s][info][gc,stats    ]   CTR: Thread Roots                  37 us, workers (us):  37,   0, ---, ---, ---, ---, ---, ---, 
[0.768s][info][gc,stats    ] Concurrent Weak References          140 us, parallelism: 0.56x
[0.768s][info][gc,stats    ]   CWRF: <total>                      78 us
[0.768s][info][gc,stats    ]   CWRF: Weak References              78 us, workers (us):  63,  15, ---, ---, ---, ---, ---, ---, 
[0.768s][info][gc,stats    ] Concurrent Weak Roots               278 us
[0.768s][info][gc,stats    ]   Roots                             149 us, parallelism: 1.66x
[0.768s][info][gc,stats    ]     CWR: <total>                    247 us
[0.768s][info][gc,stats    ]     CWR: Code Cache Roots           111 us, workers (us):  61,  51, ---, ---, ---, ---, ---, ---, 
[0.768s][info][gc,stats    ]     CWR: VM Weak Roots              133 us, workers (us):  70,  64, ---, ---, ---, ---, ---, ---, 
[0.768s][info][gc,stats    ]     CWR: CLDG Roots                   3 us, workers (us): ---,   3, ---, ---, ---, ---, ---, ---, 
[0.768s][info][gc,stats    ]   Rendezvous                         97 us
[0.768s][info][gc,stats    ] Concurrent Cleanup                   67 us
[0.768s][info][gc,stats    ] Concurrent Class Unloading          587 us
[0.768s][info][gc,stats    ]   Unlink Stale                      488 us
[0.768s][info][gc,stats    ]     System Dictionary                24 us
[0.768s][info][gc,stats    ]     Weak Class Links                  0 us
[0.768s][info][gc,stats    ]     Code Roots                      464 us
[0.768s][info][gc,stats    ]   Rendezvous                         14 us
[0.768s][info][gc,stats    ]   Purge Unlinked                     54 us
[0.768s][info][gc,stats    ]     Code Roots                       52 us
[0.768s][info][gc,stats    ]     CLDG                              2 us
[0.768s][info][gc,stats    ]     Exception Caches                  0 us
[0.768s][info][gc,stats    ] Concurrent Strong Roots             124 us, parallelism: 0.64x
[0.768s][info][gc,stats    ]   CSR: <total>                       79 us
[0.768s][info][gc,stats    ]   CSR: VM Strong Roots                5 us, workers (us):   5,   0, ---, ---, ---, ---, ---, ---, 
[0.768s][info][gc,stats    ]   CSR: CLDG Roots                    74 us, workers (us):  74, ---, ---, ---, ---, ---, ---, ---, 
[0.768s][info][gc,stats    ] Concurrent Evacuation              1314 us
[0.768s][info][gc,stats    ] Pause Init Update Refs (G)          120 us
[0.768s][info][gc,stats    ] Pause Init Update Refs (N)           33 us
[0.768s][info][gc,stats    ]   Manage GCLABs                       3 us
[0.768s][info][gc,stats    ] Concurrent Update Refs             1106 us
[0.768s][info][gc,stats    ] Concurrent Update Thread Roots      151 us
[0.768s][info][gc,stats    ] Pause Final Update Refs (G)         152 us
[0.768s][info][gc,stats    ] Pause Final Update Refs (N)          61 us
[0.768s][info][gc,stats    ]   Update Region States               13 us
[0.768s][info][gc,stats    ]   Trash Collection Set                2 us
[0.768s][info][gc,stats    ]   Rebuild Free Set                   16 us
[0.768s][info][gc,stats    ] Concurrent Cleanup                   64 us
[0.768s][info][gc,stats    ] 
[0.768s][info][gc,stats    ] Allocation pacing accrued:
[0.768s][info][gc,stats    ]       0 of     8 ms (  0.0%): <total>
[0.768s][info][gc,stats    ]       0 of     8 ms (  0.0%): <average total>
[0.768s][info][gc,stats    ] 
[0.768s][info][gc,metaspace] Metaspace: 2723K(2880K)->2813K(3008K) NonClass: 2457K(2560K)->2538K(2624K) Class: 265K(320K)->274K(384K)
[0.768s][info][gc,ergo     ] Pacer for Idle. Initial: 40642K, Alloc Tax Rate: 1.0x
[0.769s][info][gc          ] Trigger: Start next cycle immediately
[0.770s][info][gc,ergo     ] Free: 1872M, Max: 512K regular, 1871M humongous, Frag: 1% external, 0% internal; Reserve: 101888K, Max: 512K
[0.770s][info][gc,start    ] GC(53) Concurrent reset
[0.770s][info][gc,task     ] GC(53) Using 2 of 8 workers for concurrent reset
[0.770s][info][gc,ergo     ] GC(53) Pacer for Reset. Non-Taxable: 1984M
[0.774s][info][gc          ] GC(53) Concurrent reset 4.902ms
[0.775s][info][gc,start    ] GC(53) Pause Init Mark
[0.775s][info][gc,task     ] GC(53) Using 8 of 8 workers for init marking
[0.775s][info][gc,ergo     ] GC(53) Pacer for Mark. Expected Live: 9471K, Free: 1871M, Non-Taxable: 187M, Alloc Tax Rate: 0.0x
[0.775s][info][gc          ] GC(53) Pause Init Mark 0.052ms
[0.775s][info][gc,start    ] GC(53) Concurrent marking roots
[0.775s][info][gc,task     ] GC(53) Using 2 of 8 workers for concurrent marking roots
[0.775s][info][gc          ] GC(53) Concurrent marking roots 0.401ms
[0.775s][info][gc,start    ] GC(53) Concurrent marking
[0.775s][info][gc,task     ] GC(53) Using 2 of 8 workers for concurrent marking
[0.776s][info][gc          ] GC(53) Concurrent marking 1.312ms
[0.777s][info][gc,start    ] GC(53) Pause Final Mark
[0.777s][info][gc,task     ] GC(53) Using 8 of 8 workers for final marking
[0.777s][info][gc,ergo     ] GC(53) Collectable Garbage: 3627K (100%), Immediate: 0B (0%), CSet: 3627K (100%)
[0.777s][info][gc,ergo     ] GC(53) Pacer for Evacuation. Used CSet: 11756K, Free: 1871M, Non-Taxable: 187M, Alloc Tax Rate: 1.1x
[0.777s][info][gc          ] GC(53) Pause Final Mark 0.358ms
[0.777s][info][gc,start    ] GC(53) Concurrent thread roots
[0.777s][info][gc,task     ] GC(53) Using 2 of 8 workers for Concurrent thread roots
[0.777s][info][gc          ] GC(53) Concurrent thread roots 0.078ms
[0.777s][info][gc,start    ] GC(53) Concurrent weak references
[0.777s][info][gc,task     ] GC(53) Using 2 of 8 workers for concurrent weak references
[0.777s][info][gc,ref      ] GC(53) Encountered references: Soft: 195, Weak: 525, Final: 0, Phantom: 584
[0.777s][info][gc,ref      ] GC(53) Discovered  references: Soft: 0, Weak: 202, Final: 0, Phantom: 582
[0.777s][info][gc,ref      ] GC(53) Enqueued    references: Soft: 0, Weak: 6, Final: 0, Phantom: 6
[0.777s][info][gc          ] GC(53) Concurrent weak references 0.112ms
[0.777s][info][gc,start    ] GC(53) Concurrent weak roots
[0.777s][info][gc,task     ] GC(53) Using 2 of 8 workers for concurrent weak root
[0.777s][info][gc          ] GC(53) Concurrent weak roots 0.233ms
[0.777s][info][gc,start    ] GC(53) Concurrent cleanup
[0.777s][info][gc          ] GC(53) Concurrent cleanup 14M->14M(142M) 0.059ms
[0.777s][info][gc,ergo     ] GC(53) Free: 1870M, Max: 512K regular, 1870M humongous, Frag: 0% external, 0% internal; Reserve: 101666K, Max: 512K
[0.777s][info][gc,start    ] GC(53) Concurrent strong roots
[0.777s][info][gc,task     ] GC(53) Using 2 of 8 workers for concurrent strong root
[0.778s][info][gc          ] GC(53) Concurrent strong roots 0.337ms
[0.778s][info][gc,start    ] GC(53) Concurrent evacuation
[0.778s][info][gc,task     ] GC(53) Using 2 of 8 workers for concurrent evacuation
[0.779s][info][gc          ] GC(53) Concurrent evacuation 1.626ms
[0.780s][info][gc,start    ] GC(53) Pause Init Update Refs
[0.780s][info][gc,ergo     ] GC(53) Pacer for Update Refs. Used: 24621K, Free: 1870M, Non-Taxable: 187M, Alloc Tax Rate: 1.1x
[0.780s][info][gc          ] GC(53) Pause Init Update Refs 0.026ms
[0.780s][info][gc,start    ] GC(53) Concurrent update references
[0.780s][info][gc,task     ] GC(53) Using 2 of 8 workers for concurrent reference update
[0.781s][info][gc          ] GC(53) Concurrent update references 1.301ms
[0.781s][info][gc,start    ] GC(53) Concurrent update thread roots
[0.792s][info][gc          ] GC(53) Concurrent update thread roots 10.763ms
[0.792s][info][gc,start    ] GC(53) Pause Final Update Refs
[0.792s][info][gc,task     ] GC(53) Using 8 of 8 workers for final reference update
[0.792s][info][gc          ] GC(53) Pause Final Update Refs 0.057ms
[0.792s][info][gc,start    ] GC(53) Concurrent cleanup
[0.792s][info][gc          ] GC(53) Concurrent cleanup 24M->12M(143M) 0.055ms
[0.792s][info][gc,ergo     ] Free: 1872M, Max: 512K regular, 1870M humongous, Frag: 1% external, 0% internal; Reserve: 101888K, Max: 512K
[0.792s][info][gc,stats    ] 
[0.792s][info][gc,stats    ] All times are wall-clock times, except per-root-class counters, that are sum over
[0.792s][info][gc,stats    ] all workers. Dividing the <total> over the root stage time estimates parallelism.
[0.792s][info][gc,stats    ] 
[0.792s][info][gc,stats    ] Concurrent Reset                   4925 us
[0.792s][info][gc,stats    ] Pause Init Mark (G)                 174 us
[0.792s][info][gc,stats    ] Pause Init Mark (N)                  60 us
[0.792s][info][gc,stats    ]   Update Region States               15 us
[0.792s][info][gc,stats    ] Concurrent Mark Roots               418 us, parallelism: 1.25x
[0.792s][info][gc,stats    ]   CMR: <total>                      522 us
[0.792s][info][gc,stats    ]   CMR: Thread Roots                 145 us, workers (us):  16, 129, ---, ---, ---, ---, ---, ---, 
[0.792s][info][gc,stats    ]   CMR: Code Cache Roots             321 us, workers (us): 226,  95, ---, ---, ---, ---, ---, ---, 
[0.792s][info][gc,stats    ]   CMR: VM Strong Roots                4 us, workers (us):   4,   0, ---, ---, ---, ---, ---, ---, 
[0.792s][info][gc,stats    ]   CMR: CLDG Roots                    52 us, workers (us):  52, ---, ---, ---, ---, ---, ---, ---, 
[0.792s][info][gc,stats    ] Concurrent Marking                 1333 us
[0.792s][info][gc,stats    ] Pause Final Mark (G)                516 us
[0.792s][info][gc,stats    ] Pause Final Mark (N)                366 us
[0.792s][info][gc,stats    ]   Finish Mark                       255 us
[0.792s][info][gc,stats    ]   Update Region States               12 us
[0.792s][info][gc,stats    ]   Choose Collection Set              33 us
[0.792s][info][gc,stats    ]   Rebuild Free Set                   17 us
[0.792s][info][gc,stats    ] Concurrent Thread Roots              88 us, parallelism: 0.70x
[0.792s][info][gc,stats    ]   CTR: <total>                       61 us
[0.792s][info][gc,stats    ]   CTR: Thread Roots                  61 us, workers (us):  34,  28, ---, ---, ---, ---, ---, ---, 
[0.792s][info][gc,stats    ] Concurrent Weak References          120 us, parallelism: 0.48x
[0.792s][info][gc,stats    ]   CWRF: <total>                      57 us
[0.792s][info][gc,stats    ]   CWRF: Weak References              57 us, workers (us):  52,   5, ---, ---, ---, ---, ---, ---, 
[0.792s][info][gc,stats    ] Concurrent Weak Roots               250 us
[0.792s][info][gc,stats    ]   Roots                             108 us, parallelism: 1.63x
[0.792s][info][gc,stats    ]     CWR: <total>                    177 us
[0.792s][info][gc,stats    ]     CWR: VM Weak Roots              177 us, workers (us):  88,  89, ---, ---, ---, ---, ---, ---, 
[0.792s][info][gc,stats    ]   Rendezvous                        108 us
[0.792s][info][gc,stats    ] Concurrent Cleanup                   68 us
[0.792s][info][gc,stats    ] Concurrent Strong Roots             351 us, parallelism: 0.99x
[0.792s][info][gc,stats    ]   CSR: <total>                      347 us
[0.792s][info][gc,stats    ]   CSR: Code Cache Roots             263 us, workers (us): 213,  50, ---, ---, ---, ---, ---, ---, 
[0.792s][info][gc,stats    ]   CSR: VM Strong Roots                6 us, workers (us):   6,   0, ---, ---, ---, ---, ---, ---, 
[0.792s][info][gc,stats    ]   CSR: CLDG Roots                    78 us, workers (us):  78, ---, ---, ---, ---, ---, ---, ---, 
[0.792s][info][gc,stats    ] Concurrent Evacuation              1646 us
[0.792s][info][gc,stats    ] Pause Init Update Refs (G)          184 us
[0.792s][info][gc,stats    ] Pause Init Update Refs (N)           33 us
[0.792s][info][gc,stats    ]   Manage GCLABs                       3 us
[0.792s][info][gc,stats    ] Concurrent Update Refs             1321 us
[0.792s][info][gc,stats    ] Concurrent Update Thread Roots    10788 us
[0.792s][info][gc,stats    ] Pause Final Update Refs (G)         167 us
[0.792s][info][gc,stats    ] Pause Final Update Refs (N)          81 us
[0.792s][info][gc,stats    ]   Update Region States               17 us
[0.792s][info][gc,stats    ]   Trash Collection Set                3 us
[0.792s][info][gc,stats    ]   Rebuild Free Set                   16 us
[0.792s][info][gc,stats    ] Concurrent Cleanup                   63 us
[0.792s][info][gc,stats    ] 
[0.792s][info][gc,stats    ] Allocation pacing accrued:
[0.792s][info][gc,stats    ]       0 of    24 ms (  0.0%): <total>
[0.792s][info][gc,stats    ]       0 of    24 ms (  0.0%): <average total>
[0.792s][info][gc,stats    ] 
[0.792s][info][gc,metaspace] Metaspace: 2860K(3072K)->2994K(3200K) NonClass: 2579K(2688K)->2702K(2816K) Class: 281K(384K)->292K(384K)
[0.792s][info][gc,ergo     ] Pacer for Idle. Initial: 40642K, Alloc Tax Rate: 1.0x
[0.794s][info][gc          ] Trigger: Start next cycle immediately
[0.794s][info][gc,ergo     ] Free: 1872M, Max: 512K regular, 1870M humongous, Frag: 1% external, 0% internal; Reserve: 101888K, Max: 512K
[0.794s][info][gc,start    ] GC(54) Concurrent reset
[0.794s][info][gc,task     ] GC(54) Using 2 of 8 workers for concurrent reset
[0.794s][info][gc,ergo     ] GC(54) Pacer for Reset. Non-Taxable: 1984M
[0.794s][info][gc          ] GC(54) Concurrent reset 0.227ms
[0.794s][info][gc,start    ] GC(54) Pause Init Mark (unload classes)
[0.794s][info][gc,task     ] GC(54) Using 8 of 8 workers for init marking
[0.794s][info][gc,ergo     ] GC(54) Pacer for Mark. Expected Live: 9531K, Free: 1872M, Non-Taxable: 187M, Alloc Tax Rate: 0.0x
[0.794s][info][gc          ] GC(54) Pause Init Mark (unload classes) 0.046ms
[0.794s][info][gc,start    ] GC(54) Concurrent marking roots
[0.794s][info][gc,task     ] GC(54) Using 2 of 8 workers for concurrent marking roots
[0.794s][info][gc          ] GC(54) Concurrent marking roots 0.150ms
[0.794s][info][gc,start    ] GC(54) Concurrent marking (unload classes)
[0.794s][info][gc,task     ] GC(54) Using 2 of 8 workers for concurrent marking
[0.795s][info][gc          ] GC(54) Concurrent marking (unload classes) 1.281ms
[0.796s][info][gc,start    ] GC(54) Pause Final Mark (unload classes)
[0.796s][info][gc,task     ] GC(54) Using 8 of 8 workers for final marking
[0.796s][info][gc,ergo     ] GC(54) Collectable Garbage: 3230K (100%), Immediate: 0B (0%), CSet: 3230K (100%)
[0.796s][info][gc,ergo     ] GC(54) Pacer for Evacuation. Used CSet: 11262K, Free: 1871M, Non-Taxable: 187M, Alloc Tax Rate: 1.1x
[0.796s][info][gc          ] GC(54) Pause Final Mark (unload classes) 0.436ms
[0.796s][info][gc,start    ] GC(54) Concurrent thread roots
[0.796s][info][gc,task     ] GC(54) Using 2 of 8 workers for Concurrent thread roots
[0.796s][info][gc          ] GC(54) Concurrent thread roots 0.068ms
[0.796s][info][gc,start    ] GC(54) Concurrent weak references
[0.796s][info][gc,task     ] GC(54) Using 2 of 8 workers for concurrent weak references
[0.796s][info][gc,ref      ] GC(54) Encountered references: Soft: 195, Weak: 522, Final: 0, Phantom: 579
[0.796s][info][gc,ref      ] GC(54) Discovered  references: Soft: 0, Weak: 179, Final: 0, Phantom: 579
[0.796s][info][gc,ref      ] GC(54) Enqueued    references: Soft: 0, Weak: 2, Final: 0, Phantom: 1
[0.796s][info][gc          ] GC(54) Concurrent weak references 0.131ms
[0.796s][info][gc,start    ] GC(54) Concurrent weak roots
[0.796s][info][gc,task     ] GC(54) Using 2 of 8 workers for concurrent weak root
[0.797s][info][gc          ] GC(54) Concurrent weak roots 0.379ms
[0.797s][info][gc,start    ] GC(54) Concurrent cleanup
[0.797s][info][gc          ] GC(54) Concurrent cleanup 13M->13M(143M) 0.073ms
[0.797s][info][gc,ergo     ] GC(54) Free: 1871M, Max: 512K regular, 1870M humongous, Frag: 1% external, 0% internal; Reserve: 101678K, Max: 512K
[0.797s][info][gc,start    ] GC(54) Concurrent class unloading
[0.797s][info][gc,task     ] GC(54) Using 2 of 8 workers for concurrent class unloading
[0.797s][info][gc          ] GC(54) Concurrent class unloading 0.622ms
[0.797s][info][gc,start    ] GC(54) Concurrent strong roots
[0.797s][info][gc,task     ] GC(54) Using 2 of 8 workers for concurrent strong root
[0.798s][info][gc          ] GC(54) Concurrent strong roots 0.116ms
[0.798s][info][gc,start    ] GC(54) Concurrent evacuation
[0.798s][info][gc,task     ] GC(54) Using 2 of 8 workers for concurrent evacuation
[0.799s][info][gc          ] GC(54) Concurrent evacuation 1.332ms
[0.803s][info][gc,start    ] GC(54) Pause Init Update Refs
[0.803s][info][gc,ergo     ] GC(54) Pacer for Update Refs. Used: 23102K, Free: 1870M, Non-Taxable: 187M, Alloc Tax Rate: 1.1x
[0.803s][info][gc          ] GC(54) Pause Init Update Refs 0.040ms
[0.803s][info][gc,start    ] GC(54) Concurrent update references
[0.803s][info][gc,task     ] GC(54) Using 2 of 8 workers for concurrent reference update
[0.808s][info][gc          ] GC(54) Concurrent update references 4.859ms
[0.808s][info][gc,start    ] GC(54) Concurrent update thread roots
[0.809s][info][gc          ] GC(54) Concurrent update thread roots 0.525ms
[0.809s][info][gc,start    ] GC(54) Pause Final Update Refs
[0.809s][info][gc,task     ] GC(54) Using 8 of 8 workers for final reference update
[0.809s][info][gc          ] GC(54) Pause Final Update Refs 0.056ms
[0.809s][info][gc,start    ] GC(54) Concurrent cleanup
[0.809s][info][gc          ] GC(54) Concurrent cleanup 22M->11M(143M) 0.053ms
[0.809s][info][gc,ergo     ] Free: 1873M, Max: 512K regular, 1873M humongous, Frag: 0% external, 0% internal; Reserve: 101888K, Max: 512K
[0.809s][info][gc,stats    ] 
[0.809s][info][gc,stats    ] All times are wall-clock times, except per-root-class counters, that are sum over
[0.809s][info][gc,stats    ] all workers. Dividing the <total> over the root stage time estimates parallelism.
[0.809s][info][gc,stats    ] 
[0.809s][info][gc,stats    ] Concurrent Reset                    245 us
[0.809s][info][gc,stats    ] Pause Init Mark (G)                 148 us
[0.809s][info][gc,stats    ] Pause Init Mark (N)                  54 us
[0.809s][info][gc,stats    ]   Update Region States               15 us
[0.809s][info][gc,stats    ] Concurrent Mark Roots               167 us, parallelism: 0.95x
[0.809s][info][gc,stats    ]   CMR: <total>                      158 us
[0.809s][info][gc,stats    ]   CMR: Thread Roots                  74 us, workers (us):  64,  11, ---, ---, ---, ---, ---, ---, 
[0.809s][info][gc,stats    ]   CMR: VM Strong Roots               21 us, workers (us):  19,   2, ---, ---, ---, ---, ---, ---, 
[0.809s][info][gc,stats    ]   CMR: CLDG Roots                    63 us, workers (us): ---,  63, ---, ---, ---, ---, ---, ---, 
[0.809s][info][gc,stats    ] Concurrent Marking                 1304 us
[0.809s][info][gc,stats    ] Pause Final Mark (G)                529 us
[0.809s][info][gc,stats    ] Pause Final Mark (N)                445 us
[0.809s][info][gc,stats    ]   Finish Mark                       348 us
[0.809s][info][gc,stats    ]   Update Region States               12 us
[0.809s][info][gc,stats    ]   Choose Collection Set              28 us
[0.809s][info][gc,stats    ]   Rebuild Free Set                   15 us
[0.809s][info][gc,stats    ] Concurrent Thread Roots              78 us, parallelism: 0.79x
[0.809s][info][gc,stats    ]   CTR: <total>                       61 us
[0.809s][info][gc,stats    ]   CTR: Thread Roots                  61 us, workers (us):  33,  29, ---, ---, ---, ---, ---, ---, 
[0.809s][info][gc,stats    ] Concurrent Weak References          140 us, parallelism: 0.66x
[0.809s][info][gc,stats    ]   CWRF: <total>                      92 us
[0.809s][info][gc,stats    ]   CWRF: Weak References              92 us, workers (us):  64,  28, ---, ---, ---, ---, ---, ---, 
[0.809s][info][gc,stats    ] Concurrent Weak Roots               396 us
[0.809s][info][gc,stats    ]   Roots                             266 us, parallelism: 0.92x
[0.809s][info][gc,stats    ]     CWR: <total>                    245 us
[0.809s][info][gc,stats    ]     CWR: Code Cache Roots           109 us, workers (us): 109,   0, ---, ---, ---, ---, ---, ---, 
[0.809s][info][gc,stats    ]     CWR: VM Weak Roots              134 us, workers (us): 133,   0, ---, ---, ---, ---, ---, ---, 
[0.809s][info][gc,stats    ]     CWR: CLDG Roots                   3 us, workers (us):   3, ---, ---, ---, ---, ---, ---, ---, 
[0.809s][info][gc,stats    ]   Rendezvous                         97 us
[0.809s][info][gc,stats    ] Concurrent Cleanup                  123 us
[0.809s][info][gc,stats    ] Concurrent Class Unloading          651 us
[0.809s][info][gc,stats    ]   Unlink Stale                      547 us
[0.809s][info][gc,stats    ]     System Dictionary                26 us
[0.809s][info][gc,stats    ]     Weak Class Links                  0 us
[0.809s][info][gc,stats    ]     Code Roots                      519 us
[0.809s][info][gc,stats    ]   Rendezvous                         20 us
[0.809s][info][gc,stats    ]   Purge Unlinked                     38 us
[0.809s][info][gc,stats    ]     Code Roots                       35 us
[0.809s][info][gc,stats    ]     CLDG                              2 us
[0.809s][info][gc,stats    ]     Exception Caches                  0 us
[0.809s][info][gc,stats    ] Concurrent Strong Roots             127 us, parallelism: 0.67x
[0.809s][info][gc,stats    ]   CSR: <total>                       85 us
[0.809s][info][gc,stats    ]   CSR: VM Strong Roots               10 us, workers (us):   8,   3, ---, ---, ---, ---, ---, ---, 
[0.809s][info][gc,stats    ]   CSR: CLDG Roots                    75 us, workers (us): ---,  75, ---, ---, ---, ---, ---, ---, 
[0.809s][info][gc,stats    ] Concurrent Evacuation              1367 us
[0.809s][info][gc,stats    ] Pause Init Update Refs (G)         4275 us
[0.809s][info][gc,stats    ] Pause Init Update Refs (N)           48 us
[0.809s][info][gc,stats    ]   Manage GCLABs                       4 us
[0.809s][info][gc,stats    ] Concurrent Update Refs             4886 us
[0.809s][info][gc,stats    ] Concurrent Update Thread Roots      536 us
[0.809s][info][gc,stats    ] Pause Final Update Refs (G)         146 us
[0.809s][info][gc,stats    ] Pause Final Update Refs (N)          65 us
[0.809s][info][gc,stats    ]   Update Region States               18 us
[0.809s][info][gc,stats    ]   Trash Collection Set                2 us
[0.809s][info][gc,stats    ]   Rebuild Free Set                   17 us
[0.809s][info][gc,stats    ] Concurrent Cleanup                   61 us
[0.809s][info][gc,stats    ] 
[0.809s][info][gc,stats    ] Allocation pacing accrued:
[0.809s][info][gc,stats    ]       0 of    17 ms (  0.0%): <total>
[0.809s][info][gc,stats    ]       0 of    17 ms (  0.0%): <average total>
[0.809s][info][gc,stats    ] 
[0.809s][info][gc,metaspace] Metaspace: 2996K(3200K)->3015K(3200K) NonClass: 2703K(2816K)->2721K(2816K) Class: 293K(384K)->294K(384K)
[0.809s][info][gc,ergo     ] Pacer for Idle. Initial: 40642K, Alloc Tax Rate: 1.0x
[0.810s][info][gc          ] Trigger: Start next cycle immediately
[0.810s][info][gc,ergo     ] Free: 1873M, Max: 512K regular, 1873M humongous, Frag: 0% external, 0% internal; Reserve: 101888K, Max: 512K
[0.810s][info][gc,start    ] GC(55) Concurrent reset
[0.810s][info][gc,task     ] GC(55) Using 2 of 8 workers for concurrent reset
[0.810s][info][gc,ergo     ] GC(55) Pacer for Reset. Non-Taxable: 1984M
[0.811s][info][gc          ] GC(55) Concurrent reset 0.228ms
[0.817s][info][gc,start    ] GC(55) Pause Init Mark
[0.817s][info][gc,task     ] GC(55) Using 8 of 8 workers for init marking
[0.817s][info][gc,ergo     ] GC(55) Pacer for Mark. Expected Live: 9571K, Free: 1873M, Non-Taxable: 187M, Alloc Tax Rate: 0.0x
[0.817s][info][gc          ] GC(55) Pause Init Mark 0.079ms
[0.817s][info][gc,start    ] GC(55) Concurrent marking roots
[0.817s][info][gc,task     ] GC(55) Using 2 of 8 workers for concurrent marking roots
[0.817s][info][gc          ] GC(55) Concurrent marking roots 0.257ms
[0.817s][info][gc,start    ] GC(55) Concurrent marking
[0.817s][info][gc,task     ] GC(55) Using 2 of 8 workers for concurrent marking
[0.819s][info][gc          ] GC(55) Concurrent marking 1.423ms
[0.819s][info][gc,start    ] GC(55) Pause Final Mark
[0.819s][info][gc,task     ] GC(55) Using 8 of 8 workers for final marking
[0.819s][info][gc,ergo     ] GC(55) Collectable Garbage: 2186K (100%), Immediate: 0B (0%), CSet: 2186K (100%)
[0.819s][info][gc,ergo     ] GC(55) Pacer for Evacuation. Used CSet: 10240K, Free: 1872M, Non-Taxable: 187M, Alloc Tax Rate: 1.1x
[0.819s][info][gc          ] GC(55) Pause Final Mark 0.210ms
[0.819s][info][gc,start    ] GC(55) Concurrent thread roots
[0.819s][info][gc,task     ] GC(55) Using 2 of 8 workers for Concurrent thread roots
[0.819s][info][gc          ] GC(55) Concurrent thread roots 0.081ms
[0.819s][info][gc,start    ] GC(55) Concurrent weak references
[0.819s][info][gc,task     ] GC(55) Using 2 of 8 workers for concurrent weak references
[0.819s][info][gc,ref      ] GC(55) Encountered references: Soft: 201, Weak: 552, Final: 0, Phantom: 581
[0.819s][info][gc,ref      ] GC(55) Discovered  references: Soft: 0, Weak: 333, Final: 0, Phantom: 579
[0.819s][info][gc,ref      ] GC(55) Enqueued    references: Soft: 0, Weak: 9, Final: 0, Phantom: 3
[0.819s][info][gc          ] GC(55) Concurrent weak references 0.097ms
[0.819s][info][gc,start    ] GC(55) Concurrent weak roots
[0.819s][info][gc,task     ] GC(55) Using 2 of 8 workers for concurrent weak root
[0.820s][info][gc          ] GC(55) Concurrent weak roots 0.181ms
[0.820s][info][gc,start    ] GC(55) Concurrent cleanup
[0.820s][info][gc          ] GC(55) Concurrent cleanup 12M->12M(143M) 0.063ms
[0.820s][info][gc,ergo     ] GC(55) Free: 1872M, Max: 512K regular, 1872M humongous, Frag: 0% external, 0% internal; Reserve: 101686K, Max: 512K
[0.820s][info][gc,start    ] GC(55) Concurrent strong roots
[0.820s][info][gc,task     ] GC(55) Using 2 of 8 workers for concurrent strong root
[0.820s][info][gc          ] GC(55) Concurrent strong roots 0.677ms
[0.820s][info][gc,start    ] GC(55) Concurrent evacuation
[0.820s][info][gc,task     ] GC(55) Using 2 of 8 workers for concurrent evacuation
[0.822s][info][gc          ] GC(55) Concurrent evacuation 1.988ms
[0.831s][info][gc,start    ] GC(55) Pause Init Update Refs
[0.831s][info][gc,ergo     ] GC(55) Pacer for Update Refs. Used: 23349K, Free: 1871M, Non-Taxable: 187M, Alloc Tax Rate: 1.1x
[0.831s][info][gc          ] GC(55) Pause Init Update Refs 0.043ms
[0.831s][info][gc,start    ] GC(55) Concurrent update references
[0.831s][info][gc,task     ] GC(55) Using 2 of 8 workers for concurrent reference update
[0.833s][info][gc          ] GC(55) Concurrent update references 1.478ms
[0.833s][info][gc,start    ] GC(55) Concurrent update thread roots
[0.834s][info][gc          ] GC(55) Concurrent update thread roots 1.281ms
[0.834s][info][gc,start    ] GC(55) Pause Final Update Refs
[0.834s][info][gc,task     ] GC(55) Using 8 of 8 workers for final reference update
[0.834s][info][gc          ] GC(55) Pause Final Update Refs 0.053ms
[0.834s][info][gc,start    ] GC(55) Concurrent cleanup
[0.834s][info][gc          ] GC(55) Concurrent cleanup 22M->12M(143M) 0.053ms
[0.834s][info][gc,ergo     ] Free: 1871M, Max: 512K regular, 1870M humongous, Frag: 1% external, 0% internal; Reserve: 101888K, Max: 512K
[0.834s][info][gc,stats    ] 
[0.834s][info][gc,stats    ] All times are wall-clock times, except per-root-class counters, that are sum over
[0.834s][info][gc,stats    ] all workers. Dividing the <total> over the root stage time estimates parallelism.
[0.834s][info][gc,stats    ] 
[0.834s][info][gc,stats    ] Concurrent Reset                    238 us
[0.834s][info][gc,stats    ] Pause Init Mark (G)                6440 us
[0.834s][info][gc,stats    ] Pause Init Mark (N)                  85 us
[0.834s][info][gc,stats    ]   Update Region States               25 us
[0.834s][info][gc,stats    ] Concurrent Mark Roots               268 us, parallelism: 1.47x
[0.834s][info][gc,stats    ]   CMR: <total>                      394 us
[0.834s][info][gc,stats    ]   CMR: Thread Roots                  54 us, workers (us):  38,  16, ---, ---, ---, ---, ---, ---, 
[0.834s][info][gc,stats    ]   CMR: Code Cache Roots             274 us, workers (us): 100, 175, ---, ---, ---, ---, ---, ---, 
[0.834s][info][gc,stats    ]   CMR: VM Strong Roots                5 us, workers (us):   5,   1, ---, ---, ---, ---, ---, ---, 
[0.834s][info][gc,stats    ]   CMR: CLDG Roots                    60 us, workers (us):  60, ---, ---, ---, ---, ---, ---, ---, 
[0.834s][info][gc,stats    ] Concurrent Marking                 1445 us
[0.834s][info][gc,stats    ] Pause Final Mark (G)                304 us
[0.834s][info][gc,stats    ] Pause Final Mark (N)                217 us
[0.834s][info][gc,stats    ]   Finish Mark                        98 us
[0.834s][info][gc,stats    ]   Update Region States               16 us
[0.834s][info][gc,stats    ]   Choose Collection Set              33 us
[0.834s][info][gc,stats    ]   Rebuild Free Set                   15 us
[0.834s][info][gc,stats    ] Concurrent Thread Roots              91 us, parallelism: 1.14x
[0.834s][info][gc,stats    ]   CTR: <total>                      103 us
[0.834s][info][gc,stats    ]   CTR: Thread Roots                 103 us, workers (us):  53,  51, ---, ---, ---, ---, ---, ---, 
[0.834s][info][gc,stats    ] Concurrent Weak References          105 us, parallelism: 0.65x
[0.834s][info][gc,stats    ]   CWRF: <total>                      68 us
[0.834s][info][gc,stats    ]   CWRF: Weak References              68 us, workers (us):  41,  27, ---, ---, ---, ---, ---, ---, 
[0.834s][info][gc,stats    ] Concurrent Weak Roots               190 us
[0.834s][info][gc,stats    ]   Roots                             153 us, parallelism: 0.91x
[0.834s][info][gc,stats    ]     CWR: <total>                    138 us
[0.834s][info][gc,stats    ]     CWR: VM Weak Roots              138 us, workers (us): 138,   0, ---, ---, ---, ---, ---, ---, 
[0.834s][info][gc,stats    ]   Rendezvous                         12 us
[0.834s][info][gc,stats    ] Concurrent Cleanup                   71 us
[0.834s][info][gc,stats    ] Concurrent Strong Roots             696 us, parallelism: 0.52x
[0.834s][info][gc,stats    ]   CSR: <total>                      361 us
[0.834s][info][gc,stats    ]   CSR: Code Cache Roots             266 us, workers (us): 265,   0, ---, ---, ---, ---, ---, ---, 
[0.834s][info][gc,stats    ]   CSR: VM Strong Roots                9 us, workers (us):   9,   0, ---, ---, ---, ---, ---, ---, 
[0.834s][info][gc,stats    ]   CSR: CLDG Roots                    87 us, workers (us):  87, ---, ---, ---, ---, ---, ---, ---, 
[0.834s][info][gc,stats    ] Concurrent Evacuation              2010 us
[0.834s][info][gc,stats    ] Pause Init Update Refs (G)         8702 us
[0.834s][info][gc,stats    ] Pause Init Update Refs (N)           51 us
[0.834s][info][gc,stats    ]   Manage GCLABs                       5 us
[0.834s][info][gc,stats    ] Concurrent Update Refs             1496 us
[0.834s][info][gc,stats    ] Concurrent Update Thread Roots     1297 us
[0.834s][info][gc,stats    ] Pause Final Update Refs (G)          80 us
[0.834s][info][gc,stats    ] Pause Final Update Refs (N)          62 us
[0.834s][info][gc,stats    ]   Update Region States               16 us
[0.834s][info][gc,stats    ]   Trash Collection Set                2 us
[0.834s][info][gc,stats    ]   Rebuild Free Set                   16 us
[0.834s][info][gc,stats    ] Concurrent Cleanup                   62 us
[0.834s][info][gc,stats    ] 
[0.834s][info][gc,stats    ] Allocation pacing accrued:
[0.834s][info][gc,stats    ]       0 of    25 ms (  0.0%): <total>
[0.834s][info][gc,stats    ]       0 of    25 ms (  0.0%): <average total>
[0.834s][info][gc,stats    ] 
[0.834s][info][gc,metaspace] Metaspace: 3015K(3200K)->3133K(3328K) NonClass: 2721K(2816K)->2826K(2944K) Class: 294K(384K)->307K(384K)
[0.834s][info][gc,ergo     ] Pacer for Idle. Initial: 40642K, Alloc Tax Rate: 1.0x
[0.836s][info][gc          ] Trigger: Start next cycle immediately
[0.836s][info][gc,ergo     ] Free: 1871M, Max: 512K regular, 1870M humongous, Frag: 1% external, 0% internal; Reserve: 101888K, Max: 512K
[0.836s][info][gc,start    ] GC(56) Concurrent reset
[0.836s][info][gc,task     ] GC(56) Using 2 of 8 workers for concurrent reset
[0.836s][info][gc,ergo     ] GC(56) Pacer for Reset. Non-Taxable: 1984M
[0.836s][info][gc          ] GC(56) Concurrent reset 0.203ms
[0.836s][info][gc,start    ] GC(56) Pause Init Mark (unload classes)
[0.836s][info][gc,task     ] GC(56) Using 8 of 8 workers for init marking
[0.836s][info][gc,ergo     ] GC(56) Pacer for Mark. Expected Live: 9608K, Free: 1871M, Non-Taxable: 187M, Alloc Tax Rate: 0.0x
[0.836s][info][gc          ] GC(56) Pause Init Mark (unload classes) 0.046ms
[0.837s][info][gc,start    ] GC(56) Concurrent marking roots
[0.837s][info][gc,task     ] GC(56) Using 2 of 8 workers for concurrent marking roots
[0.837s][info][gc          ] GC(56) Concurrent marking roots 0.163ms
[0.837s][info][gc,start    ] GC(56) Concurrent marking (unload classes)
[0.837s][info][gc,task     ] GC(56) Using 2 of 8 workers for concurrent marking
[0.840s][info][gc          ] GC(56) Concurrent marking (unload classes) 3.192ms
[0.840s][info][gc,start    ] GC(56) Pause Final Mark (unload classes)
[0.840s][info][gc,task     ] GC(56) Using 8 of 8 workers for final marking
[0.845s][info][gc,ergo     ] GC(56) Collectable Garbage: 3441K (100%), Immediate: 0B (0%), CSet: 3441K (100%)
[0.845s][info][gc,ergo     ] GC(56) Pacer for Evacuation. Used CSet: 11506K, Free: 1871M, Non-Taxable: 187M, Alloc Tax Rate: 1.1x
[0.845s][info][gc          ] GC(56) Pause Final Mark (unload classes) 4.898ms
[0.845s][info][gc,start    ] GC(56) Concurrent thread roots
[0.845s][info][gc,task     ] GC(56) Using 2 of 8 workers for Concurrent thread roots
[0.845s][info][gc          ] GC(56) Concurrent thread roots 0.077ms
[0.845s][info][gc,start    ] GC(56) Concurrent weak references
[0.845s][info][gc,task     ] GC(56) Using 2 of 8 workers for concurrent weak references
[0.845s][info][gc,ref      ] GC(56) Encountered references: Soft: 202, Weak: 570, Final: 0, Phantom: 584
[0.845s][info][gc,ref      ] GC(56) Discovered  references: Soft: 0, Weak: 179, Final: 0, Phantom: 583
[0.845s][info][gc,ref      ] GC(56) Enqueued    references: Soft: 0, Weak: 9, Final: 0, Phantom: 6
[0.845s][info][gc          ] GC(56) Concurrent weak references 0.128ms
[0.845s][info][gc,start    ] GC(56) Concurrent weak roots
[0.845s][info][gc,task     ] GC(56) Using 2 of 8 workers for concurrent weak root
[0.852s][info][gc          ] GC(56) Concurrent weak roots 7.030ms
[0.852s][info][gc,start    ] GC(56) Concurrent cleanup
[0.852s][info][gc          ] GC(56) Concurrent cleanup 14M->14M(143M) 0.088ms
[0.852s][info][gc,ergo     ] GC(56) Free: 1870M, Max: 512K regular, 1870M humongous, Frag: 0% external, 0% internal; Reserve: 101668K, Max: 512K
[0.852s][info][gc,start    ] GC(56) Concurrent class unloading
[0.852s][info][gc,task     ] GC(56) Using 2 of 8 workers for concurrent class unloading
[0.853s][info][gc          ] GC(56) Concurrent class unloading 0.481ms
[0.853s][info][gc,start    ] GC(56) Concurrent strong roots
[0.853s][info][gc,task     ] GC(56) Using 2 of 8 workers for concurrent strong root
[0.853s][info][gc          ] GC(56) Concurrent strong roots 0.160ms
[0.853s][info][gc,start    ] GC(56) Concurrent evacuation
[0.853s][info][gc,task     ] GC(56) Using 2 of 8 workers for concurrent evacuation
[0.855s][info][gc          ] GC(56) Concurrent evacuation 1.485ms
[0.855s][info][gc,start    ] GC(56) Pause Init Update Refs
[0.855s][info][gc,ergo     ] GC(56) Pacer for Update Refs. Used: 23851K, Free: 1870M, Non-Taxable: 187M, Alloc Tax Rate: 1.1x
[0.855s][info][gc          ] GC(56) Pause Init Update Refs 0.027ms
[0.855s][info][gc,start    ] GC(56) Concurrent update references
[0.855s][info][gc,task     ] GC(56) Using 2 of 8 workers for concurrent reference update
[0.856s][info][gc          ] GC(56) Concurrent update references 1.547ms
[0.856s][info][gc,start    ] GC(56) Concurrent update thread roots
[0.857s][info][gc          ] GC(56) Concurrent update thread roots 1.022ms
[0.857s][info][gc,start    ] GC(56) Pause Final Update Refs
[0.857s][info][gc,task     ] GC(56) Using 8 of 8 workers for final reference update
[0.857s][info][gc          ] GC(56) Pause Final Update Refs 0.073ms
[0.858s][info][gc,start    ] GC(56) Concurrent cleanup
[0.858s][info][gc          ] GC(56) Concurrent cleanup 23M->12M(143M) 0.074ms
[0.858s][info][gc,ergo     ] Free: 1872M, Max: 512K regular, 1872M humongous, Frag: 0% external, 0% internal; Reserve: 101888K, Max: 512K
[0.858s][info][gc,stats    ] 
[0.858s][info][gc,stats    ] All times are wall-clock times, except per-root-class counters, that are sum over
[0.858s][info][gc,stats    ] all workers. Dividing the <total> over the root stage time estimates parallelism.
[0.858s][info][gc,stats    ] 
[0.858s][info][gc,stats    ] Concurrent Reset                    213 us
[0.858s][info][gc,stats    ] Pause Init Mark (G)                 169 us
[0.858s][info][gc,stats    ] Pause Init Mark (N)                  54 us
[0.858s][info][gc,stats    ]   Update Region States               16 us
[0.858s][info][gc,stats    ] Concurrent Mark Roots               175 us, parallelism: 0.66x
[0.858s][info][gc,stats    ]   CMR: <total>                      116 us
[0.858s][info][gc,stats    ]   CMR: Thread Roots                  42 us, workers (us):  42,   0, ---, ---, ---, ---, ---, ---, 
[0.858s][info][gc,stats    ]   CMR: VM Strong Roots                6 us, workers (us):   6,   0, ---, ---, ---, ---, ---, ---, 
[0.858s][info][gc,stats    ]   CMR: CLDG Roots                    68 us, workers (us):  68, ---, ---, ---, ---, ---, ---, ---, 
[0.858s][info][gc,stats    ] Concurrent Marking                 3217 us
[0.858s][info][gc,stats    ] Pause Final Mark (G)               5076 us
[0.858s][info][gc,stats    ] Pause Final Mark (N)               4904 us
[0.858s][info][gc,stats    ]   Finish Mark                      4777 us
[0.858s][info][gc,stats    ]   Update Region States               19 us
[0.858s][info][gc,stats    ]   Choose Collection Set              50 us
[0.858s][info][gc,stats    ]   Rebuild Free Set                   16 us
[0.858s][info][gc,stats    ] Concurrent Thread Roots              87 us, parallelism: 1.01x
[0.858s][info][gc,stats    ]   CTR: <total>                       87 us
[0.858s][info][gc,stats    ]   CTR: Thread Roots                  87 us, workers (us):  47,  40, ---, ---, ---, ---, ---, ---, 
[0.858s][info][gc,stats    ] Concurrent Weak References          135 us, parallelism: 0.54x
[0.858s][info][gc,stats    ]   CWRF: <total>                      74 us
[0.858s][info][gc,stats    ]   CWRF: Weak References              74 us, workers (us):  69,   5, ---, ---, ---, ---, ---, ---, 
[0.858s][info][gc,stats    ] Concurrent Weak Roots              7056 us
[0.858s][info][gc,stats    ]   Roots                             562 us, parallelism: 0.61x
[0.858s][info][gc,stats    ]     CWR: <total>                    341 us
[0.858s][info][gc,stats    ]     CWR: Code Cache Roots           198 us, workers (us): 109,  88, ---, ---, ---, ---, ---, ---, 
[0.858s][info][gc,stats    ]     CWR: VM Weak Roots              141 us, workers (us): 141,   1, ---, ---, ---, ---, ---, ---, 
[0.858s][info][gc,stats    ]     CWR: CLDG Roots                   2 us, workers (us):   2, ---, ---, ---, ---, ---, ---, ---, 
[0.858s][info][gc,stats    ]   Rendezvous                       6451 us
[0.858s][info][gc,stats    ] Concurrent Cleanup                   97 us
[0.858s][info][gc,stats    ] Concurrent Class Unloading          493 us
[0.858s][info][gc,stats    ]   Unlink Stale                      395 us
[0.858s][info][gc,stats    ]     System Dictionary                24 us
[0.858s][info][gc,stats    ]     Weak Class Links                  0 us
[0.858s][info][gc,stats    ]     Code Roots                      370 us
[0.858s][info][gc,stats    ]   Rendezvous                         14 us
[0.858s][info][gc,stats    ]   Purge Unlinked                     54 us
[0.858s][info][gc,stats    ]     Code Roots                       51 us
[0.858s][info][gc,stats    ]     CLDG                              2 us
[0.858s][info][gc,stats    ]     Exception Caches                  0 us
[0.858s][info][gc,stats    ] Concurrent Strong Roots             171 us, parallelism: 0.61x
[0.858s][info][gc,stats    ]   CSR: <total>                      104 us
[0.858s][info][gc,stats    ]   CSR: VM Strong Roots                7 us, workers (us):   0,   6, ---, ---, ---, ---, ---, ---, 
[0.858s][info][gc,stats    ]   CSR: CLDG Roots                    97 us, workers (us): ---,  97, ---, ---, ---, ---, ---, ---, 
[0.858s][info][gc,stats    ] Concurrent Evacuation              1510 us
[0.858s][info][gc,stats    ] Pause Init Update Refs (G)          124 us
[0.858s][info][gc,stats    ] Pause Init Update Refs (N)           35 us
[0.858s][info][gc,stats    ]   Manage GCLABs                       4 us
[0.858s][info][gc,stats    ] Concurrent Update Refs             1571 us
[0.858s][info][gc,stats    ] Concurrent Update Thread Roots     1037 us
[0.858s][info][gc,stats    ] Pause Final Update Refs (G)         213 us
[0.858s][info][gc,stats    ] Pause Final Update Refs (N)          97 us
[0.858s][info][gc,stats    ]   Update Region States               18 us
[0.858s][info][gc,stats    ]   Trash Collection Set                3 us
[0.858s][info][gc,stats    ]   Rebuild Free Set                   17 us
[0.858s][info][gc,stats    ] Concurrent Cleanup                   84 us
[0.858s][info][gc,stats    ] 
[0.858s][info][gc,stats    ] Allocation pacing accrued:
[0.858s][info][gc,stats    ]       0 of    24 ms (  0.0%): <total>
[0.858s][info][gc,stats    ]       0 of    24 ms (  0.0%): <average total>
[0.858s][info][gc,stats    ] 
[0.858s][info][gc,metaspace] Metaspace: 3174K(3392K)->3345K(3520K) NonClass: 2864K(3008K)->3017K(3136K) Class: 310K(384K)->327K(384K)
[0.858s][info][gc,ergo     ] Pacer for Idle. Initial: 40642K, Alloc Tax Rate: 1.0x
[0.860s][info][gc          ] Trigger: Start next cycle immediately
[0.860s][info][gc,ergo     ] Free: 1872M, Max: 512K regular, 1872M humongous, Frag: 0% external, 0% internal; Reserve: 101888K, Max: 512K
[0.860s][info][gc,start    ] GC(57) Concurrent reset
[0.860s][info][gc,task     ] GC(57) Using 2 of 8 workers for concurrent reset
[0.860s][info][gc,ergo     ] GC(57) Pacer for Reset. Non-Taxable: 1984M
[0.860s][info][gc          ] GC(57) Concurrent reset 0.212ms
[0.860s][info][gc,start    ] GC(57) Pause Init Mark
[0.860s][info][gc,task     ] GC(57) Using 8 of 8 workers for init marking
[0.860s][info][gc,ergo     ] GC(57) Pacer for Mark. Expected Live: 9642K, Free: 1872M, Non-Taxable: 187M, Alloc Tax Rate: 0.0x
[0.860s][info][gc          ] GC(57) Pause Init Mark 0.060ms
[0.860s][info][gc,start    ] GC(57) Concurrent marking roots
[0.860s][info][gc,task     ] GC(57) Using 2 of 8 workers for concurrent marking roots
[0.860s][info][gc          ] GC(57) Concurrent marking roots 0.233ms
[0.860s][info][gc,start    ] GC(57) Concurrent marking
[0.860s][info][gc,task     ] GC(57) Using 2 of 8 workers for concurrent marking
[0.872s][info][gc          ] GC(57) Concurrent marking 11.401ms
[0.872s][info][gc,start    ] GC(57) Pause Final Mark
[0.872s][info][gc,task     ] GC(57) Using 8 of 8 workers for final marking
[0.872s][info][gc,ergo     ] GC(57) Collectable Garbage: 2552K (100%), Immediate: 0B (0%), CSet: 2552K (100%)
[0.872s][info][gc,ergo     ] GC(57) Pacer for Evacuation. Used CSet: 10746K, Free: 1872M, Non-Taxable: 187M, Alloc Tax Rate: 1.1x
[0.872s][info][gc          ] GC(57) Pause Final Mark 0.258ms
[0.872s][info][gc,start    ] GC(57) Concurrent thread roots
[0.872s][info][gc,task     ] GC(57) Using 2 of 8 workers for Concurrent thread roots
[0.872s][info][gc          ] GC(57) Concurrent thread roots 0.134ms
[0.872s][info][gc,start    ] GC(57) Concurrent weak references
[0.872s][info][gc,task     ] GC(57) Using 2 of 8 workers for concurrent weak references
[0.872s][info][gc,ref      ] GC(57) Encountered references: Soft: 205, Weak: 569, Final: 0, Phantom: 580
[0.872s][info][gc,ref      ] GC(57) Discovered  references: Soft: 0, Weak: 345, Final: 0, Phantom: 578
[0.872s][info][gc,ref      ] GC(57) Enqueued    references: Soft: 0, Weak: 4, Final: 0, Phantom: 2
[0.872s][info][gc          ] GC(57) Concurrent weak references 0.132ms
[0.872s][info][gc,start    ] GC(57) Concurrent weak roots
[0.872s][info][gc,task     ] GC(57) Using 2 of 8 workers for concurrent weak root
[0.873s][info][gc          ] GC(57) Concurrent weak roots 0.992ms
[0.873s][info][gc,start    ] GC(57) Concurrent cleanup
[0.873s][info][gc          ] GC(57) Concurrent cleanup 13M->13M(143M) 0.059ms
[0.873s][info][gc,ergo     ] GC(57) Free: 1871M, Max: 512K regular, 1871M humongous, Frag: 0% external, 0% internal; Reserve: 101649K, Max: 512K
[0.873s][info][gc,start    ] GC(57) Concurrent strong roots
[0.873s][info][gc,task     ] GC(57) Using 2 of 8 workers for concurrent strong root
[0.874s][info][gc          ] GC(57) Concurrent strong roots 0.359ms
[0.874s][info][gc,start    ] GC(57) Concurrent evacuation
[0.874s][info][gc,task     ] GC(57) Using 2 of 8 workers for concurrent evacuation
[0.875s][info][gc          ] GC(57) Concurrent evacuation 1.344ms
[0.875s][info][gc,start    ] GC(57) Pause Init Update Refs
[0.875s][info][gc,ergo     ] GC(57) Pacer for Update Refs. Used: 23093K, Free: 1871M, Non-Taxable: 187M, Alloc Tax Rate: 1.1x
[0.875s][info][gc          ] GC(57) Pause Init Update Refs 0.039ms
[0.875s][info][gc,start    ] GC(57) Concurrent update references
[0.875s][info][gc,task     ] GC(57) Using 2 of 8 workers for concurrent reference update
[0.878s][info][gc          ] GC(57) Concurrent update references 2.623ms
[0.878s][info][gc,start    ] GC(57) Concurrent update thread roots
[0.890s][info][gc          ] GC(57) Concurrent update thread roots 12.199ms
[0.890s][info][gc,start    ] GC(57) Pause Final Update Refs
[0.890s][info][gc,task     ] GC(57) Using 8 of 8 workers for final reference update
[0.890s][info][gc          ] GC(57) Pause Final Update Refs 0.087ms
[0.890s][info][gc,start    ] GC(57) Concurrent cleanup
[0.891s][info][gc          ] GC(57) Concurrent cleanup 22M->12M(143M) 0.080ms
[0.891s][info][gc,ergo     ] Free: 1872M, Max: 512K regular, 1871M humongous, Frag: 1% external, 0% internal; Reserve: 101888K, Max: 512K
[0.891s][info][gc,stats    ] 
[0.891s][info][gc,stats    ] All times are wall-clock times, except per-root-class counters, that are sum over
[0.891s][info][gc,stats    ] all workers. Dividing the <total> over the root stage time estimates parallelism.
[0.891s][info][gc,stats    ] 
[0.891s][info][gc,stats    ] Concurrent Reset                    223 us
[0.891s][info][gc,stats    ] Pause Init Mark (G)                 168 us
[0.891s][info][gc,stats    ] Pause Init Mark (N)                  69 us
[0.891s][info][gc,stats    ]   Update Region States               16 us
[0.891s][info][gc,stats    ] Concurrent Mark Roots               245 us, parallelism: 1.49x
[0.891s][info][gc,stats    ]   CMR: <total>                      364 us
[0.891s][info][gc,stats    ]   CMR: Thread Roots                  40 us, workers (us):  28,  12, ---, ---, ---, ---, ---, ---, 
[0.891s][info][gc,stats    ]   CMR: Code Cache Roots             256 us, workers (us):  93, 164, ---, ---, ---, ---, ---, ---, 
[0.891s][info][gc,stats    ]   CMR: VM Strong Roots                6 us, workers (us):   3,   2, ---, ---, ---, ---, ---, ---, 
[0.891s][info][gc,stats    ]   CMR: CLDG Roots                    62 us, workers (us):  62, ---, ---, ---, ---, ---, ---, ---, 
[0.891s][info][gc,stats    ] Concurrent Marking                11421 us
[0.891s][info][gc,stats    ] Pause Final Mark (G)                366 us
[0.891s][info][gc,stats    ] Pause Final Mark (N)                266 us
[0.891s][info][gc,stats    ]   Finish Mark                       137 us
[0.891s][info][gc,stats    ]   Update Region States               16 us
[0.891s][info][gc,stats    ]   Choose Collection Set              38 us
[0.891s][info][gc,stats    ]   Rebuild Free Set                   15 us
[0.891s][info][gc,stats    ] Concurrent Thread Roots             145 us, parallelism: 0.40x
[0.891s][info][gc,stats    ]   CTR: <total>                       58 us
[0.891s][info][gc,stats    ]   CTR: Thread Roots                  58 us, workers (us):  32,  25, ---, ---, ---, ---, ---, ---, 
[0.891s][info][gc,stats    ] Concurrent Weak References          139 us, parallelism: 0.55x
[0.891s][info][gc,stats    ]   CWRF: <total>                      77 us
[0.891s][info][gc,stats    ]   CWRF: Weak References              77 us, workers (us):  51,  25, ---, ---, ---, ---, ---, ---, 
[0.891s][info][gc,stats    ] Concurrent Weak Roots              1008 us
[0.891s][info][gc,stats    ]   Roots                              96 us, parallelism: 1.56x
[0.891s][info][gc,stats    ]     CWR: <total>                    150 us
[0.891s][info][gc,stats    ]     CWR: VM Weak Roots              150 us, workers (us):  75,  74, ---, ---, ---, ---, ---, ---, 
[0.891s][info][gc,stats    ]   Rendezvous                        865 us
[0.891s][info][gc,stats    ] Concurrent Cleanup                   68 us
[0.891s][info][gc,stats    ] Concurrent Strong Roots             377 us, parallelism: 1.05x
[0.891s][info][gc,stats    ]   CSR: <total>                      394 us
[0.891s][info][gc,stats    ]   CSR: Code Cache Roots             298 us, workers (us): 227,  71, ---, ---, ---, ---, ---, ---, 
[0.891s][info][gc,stats    ]   CSR: VM Strong Roots               10 us, workers (us):  10,   0, ---, ---, ---, ---, ---, ---, 
[0.891s][info][gc,stats    ]   CSR: CLDG Roots                    86 us, workers (us):  86, ---, ---, ---, ---, ---, ---, ---, 
[0.891s][info][gc,stats    ] Concurrent Evacuation              1368 us
[0.891s][info][gc,stats    ] Pause Init Update Refs (G)          152 us
[0.891s][info][gc,stats    ] Pause Init Update Refs (N)           48 us
[0.891s][info][gc,stats    ]   Manage GCLABs                       3 us
[0.891s][info][gc,stats    ] Concurrent Update Refs             2639 us
[0.891s][info][gc,stats    ] Concurrent Update Thread Roots    12226 us
[0.891s][info][gc,stats    ] Pause Final Update Refs (G)         200 us
[0.891s][info][gc,stats    ] Pause Final Update Refs (N)          97 us
[0.891s][info][gc,stats    ]   Update Region States               25 us
[0.891s][info][gc,stats    ]   Trash Collection Set                2 us
[0.891s][info][gc,stats    ]   Rebuild Free Set                   22 us
[0.891s][info][gc,stats    ] Concurrent Cleanup                   90 us
[0.891s][info][gc,stats    ] 
[0.891s][info][gc,stats    ] Allocation pacing accrued:
[0.891s][info][gc,stats    ]       0 of    33 ms (  0.0%): <total>
[0.891s][info][gc,stats    ]       0 of    33 ms (  0.0%): <average total>
[0.891s][info][gc,stats    ] 
[0.891s][info][gc,metaspace] Metaspace: 3348K(3520K)->3412K(3584K) NonClass: 3021K(3136K)->3083K(3200K) Class: 327K(384K)->328K(384K)
[0.891s][info][gc,ergo     ] Pacer for Idle. Initial: 40642K, Alloc Tax Rate: 1.0x
[0.892s][info][gc          ] Trigger: Start next cycle immediately
[0.892s][info][gc,ergo     ] Free: 1872M, Max: 512K regular, 1871M humongous, Frag: 1% external, 0% internal; Reserve: 101888K, Max: 512K
[0.892s][info][gc,start    ] GC(58) Concurrent reset
[0.892s][info][gc,task     ] GC(58) Using 2 of 8 workers for concurrent reset
[0.892s][info][gc,ergo     ] GC(58) Pacer for Reset. Non-Taxable: 1984M
[0.892s][info][gc          ] GC(58) Concurrent reset 0.211ms
[0.893s][info][gc,start    ] GC(58) Pause Init Mark
[0.893s][info][gc,task     ] GC(58) Using 8 of 8 workers for init marking
[0.893s][info][gc,ergo     ] GC(58) Pacer for Mark. Expected Live: 9694K, Free: 1872M, Non-Taxable: 187M, Alloc Tax Rate: 0.0x
[0.893s][info][gc          ] GC(58) Pause Init Mark 0.072ms
[0.893s][info][gc,start    ] GC(58) Concurrent marking roots
[0.893s][info][gc,task     ] GC(58) Using 2 of 8 workers for concurrent marking roots
[0.893s][info][gc          ] GC(58) Concurrent marking roots 0.321ms
[0.893s][info][gc,start    ] GC(58) Concurrent marking
[0.893s][info][gc,task     ] GC(58) Using 2 of 8 workers for concurrent marking
[0.895s][info][gc          ] GC(58) Concurrent marking 1.653ms
[0.895s][info][gc,start    ] GC(58) Pause Final Mark
[0.895s][info][gc,task     ] GC(58) Using 8 of 8 workers for final marking
[0.895s][info][gc,ergo     ] GC(58) Collectable Garbage: 2821K (100%), Immediate: 0B (0%), CSet: 2821K (100%)
[0.895s][info][gc,ergo     ] GC(58) Pacer for Evacuation. Used CSet: 11256K, Free: 1871M, Non-Taxable: 187M, Alloc Tax Rate: 1.1x
[0.895s][info][gc          ] GC(58) Pause Final Mark 0.207ms
[0.895s][info][gc,start    ] GC(58) Concurrent thread roots
[0.895s][info][gc,task     ] GC(58) Using 2 of 8 workers for Concurrent thread roots
[0.895s][info][gc          ] GC(58) Concurrent thread roots 0.077ms
[0.895s][info][gc,start    ] GC(58) Concurrent weak references
[0.895s][info][gc,task     ] GC(58) Using 2 of 8 workers for concurrent weak references
[0.895s][info][gc,ref      ] GC(58) Encountered references: Soft: 205, Weak: 565, Final: 0, Phantom: 578
[0.895s][info][gc,ref      ] GC(58) Discovered  references: Soft: 0, Weak: 341, Final: 0, Phantom: 576
[0.895s][info][gc,ref      ] GC(58) Enqueued    references: Soft: 0, Weak: 0, Final: 0, Phantom: 0
[0.895s][info][gc          ] GC(58) Concurrent weak references 0.102ms
[0.895s][info][gc,start    ] GC(58) Concurrent weak roots
[0.895s][info][gc,task     ] GC(58) Using 2 of 8 workers for concurrent weak root
[0.895s][info][gc          ] GC(58) Concurrent weak roots 0.129ms
[0.895s][info][gc,start    ] GC(58) Concurrent cleanup
[0.895s][info][gc          ] GC(58) Concurrent cleanup 13M->13M(143M) 0.056ms
[0.895s][info][gc,ergo     ] GC(58) Free: 1871M, Max: 512K regular, 1871M humongous, Frag: 0% external, 0% internal; Reserve: 101674K, Max: 512K
[0.895s][info][gc,start    ] GC(58) Concurrent strong roots
[0.895s][info][gc,task     ] GC(58) Using 2 of 8 workers for concurrent strong root
[0.896s][info][gc          ] GC(58) Concurrent strong roots 0.257ms
[0.896s][info][gc,start    ] GC(58) Concurrent evacuation
[0.896s][info][gc,task     ] GC(58) Using 2 of 8 workers for concurrent evacuation
[0.897s][info][gc          ] GC(58) Concurrent evacuation 1.540ms
[0.897s][info][gc,start    ] GC(58) Pause Init Update Refs
[0.897s][info][gc,ergo     ] GC(58) Pacer for Update Refs. Used: 23059K, Free: 1871M, Non-Taxable: 187M, Alloc Tax Rate: 1.1x
[0.897s][info][gc          ] GC(58) Pause Init Update Refs 0.038ms
[0.897s][info][gc,start    ] GC(58) Concurrent update references
[0.897s][info][gc,task     ] GC(58) Using 2 of 8 workers for concurrent reference update
[0.899s][info][gc          ] GC(58) Concurrent update references 1.442ms
[0.899s][info][gc,start    ] GC(58) Concurrent update thread roots
[0.899s][info][gc          ] GC(58) Concurrent update thread roots 0.132ms
[0.899s][info][gc,start    ] GC(58) Pause Final Update Refs
[0.899s][info][gc,task     ] GC(58) Using 8 of 8 workers for final reference update
[0.899s][info][gc          ] GC(58) Pause Final Update Refs 0.067ms
[0.899s][info][gc,start    ] GC(58) Concurrent cleanup
[0.899s][info][gc          ] GC(58) Concurrent cleanup 22M->11M(143M) 0.065ms
[0.899s][info][gc,ergo     ] Free: 1873M, Max: 512K regular, 1872M humongous, Frag: 1% external, 0% internal; Reserve: 101888K, Max: 512K
[0.899s][info][gc,stats    ] 
[0.899s][info][gc,stats    ] All times are wall-clock times, except per-root-class counters, that are sum over
[0.899s][info][gc,stats    ] all workers. Dividing the <total> over the root stage time estimates parallelism.
[0.899s][info][gc,stats    ] 
[0.899s][info][gc,stats    ] Concurrent Reset                    291 us
[0.899s][info][gc,stats    ] Pause Init Mark (G)                 250 us
[0.899s][info][gc,stats    ] Pause Init Mark (N)                  83 us
[0.899s][info][gc,stats    ]   Update Region States               20 us
[0.899s][info][gc,stats    ] Concurrent Mark Roots               338 us, parallelism: 1.43x
[0.899s][info][gc,stats    ]   CMR: <total>                      484 us
[0.899s][info][gc,stats    ]   CMR: Thread Roots                 113 us, workers (us): 113,   0, ---, ---, ---, ---, ---, ---, 
[0.899s][info][gc,stats    ]   CMR: Code Cache Roots             310 us, workers (us):  96, 214, ---, ---, ---, ---, ---, ---, 
[0.899s][info][gc,stats    ]   CMR: VM Strong Roots                5 us, workers (us):   4,   1, ---, ---, ---, ---, ---, ---, 
[0.899s][info][gc,stats    ]   CMR: CLDG Roots                    57 us, workers (us):  57, ---, ---, ---, ---, ---, ---, ---, 
[0.899s][info][gc,stats    ] Concurrent Marking                 1674 us
[0.899s][info][gc,stats    ] Pause Final Mark (G)                310 us
[0.899s][info][gc,stats    ] Pause Final Mark (N)                215 us
[0.899s][info][gc,stats    ]   Finish Mark                        85 us
[0.899s][info][gc,stats    ]   Update Region States               20 us
[0.899s][info][gc,stats    ]   Choose Collection Set              33 us
[0.899s][info][gc,stats    ]   Rebuild Free Set                   15 us
[0.899s][info][gc,stats    ] Concurrent Thread Roots              86 us, parallelism: 0.53x
[0.899s][info][gc,stats    ]   CTR: <total>                       46 us
[0.900s][info][gc,stats    ]   CTR: Thread Roots                  46 us, workers (us):  25,  21, ---, ---, ---, ---, ---, ---, 
[0.900s][info][gc,stats    ] Concurrent Weak References          110 us, parallelism: 0.64x
[0.900s][info][gc,stats    ]   CWRF: <total>                      70 us
[0.900s][info][gc,stats    ]   CWRF: Weak References              70 us, workers (us):  50,  20, ---, ---, ---, ---, ---, ---, 
[0.900s][info][gc,stats    ] Concurrent Weak Roots               138 us
[0.900s][info][gc,stats    ]   Roots                              94 us, parallelism: 1.68x
[0.900s][info][gc,stats    ]     CWR: <total>                    158 us
[0.900s][info][gc,stats    ]     CWR: VM Weak Roots              158 us, workers (us):  81,  77, ---, ---, ---, ---, ---, ---, 
[0.900s][info][gc,stats    ]   Rendezvous                         18 us
[0.900s][info][gc,stats    ] Concurrent Cleanup                   64 us
[0.900s][info][gc,stats    ] Concurrent Strong Roots             272 us, parallelism: 1.45x
[0.900s][info][gc,stats    ]   CSR: <total>                      394 us
[0.900s][info][gc,stats    ]   CSR: Code Cache Roots             292 us, workers (us): 179, 113, ---, ---, ---, ---, ---, ---, 
[0.900s][info][gc,stats    ]   CSR: VM Strong Roots                9 us, workers (us):   5,   3, ---, ---, ---, ---, ---, ---, 
[0.900s][info][gc,stats    ]   CSR: CLDG Roots                    94 us, workers (us): ---,  94, ---, ---, ---, ---, ---, ---, 
[0.900s][info][gc,stats    ] Concurrent Evacuation              1559 us
[0.900s][info][gc,stats    ] Pause Init Update Refs (G)          146 us
[0.900s][info][gc,stats    ] Pause Init Update Refs (N)           46 us
[0.900s][info][gc,stats    ]   Manage GCLABs                       3 us
[0.900s][info][gc,stats    ] Concurrent Update Refs             1464 us
[0.900s][info][gc,stats    ] Concurrent Update Thread Roots      142 us
[0.900s][info][gc,stats    ] Pause Final Update Refs (G)         167 us
[0.900s][info][gc,stats    ] Pause Final Update Refs (N)          78 us
[0.900s][info][gc,stats    ]   Update Region States               15 us
[0.900s][info][gc,stats    ]   Trash Collection Set                2 us
[0.900s][info][gc,stats    ]   Rebuild Free Set                   18 us
[0.900s][info][gc,stats    ] Concurrent Cleanup                   75 us
[0.900s][info][gc,stats    ] 
[0.900s][info][gc,stats    ] Allocation pacing accrued:
[0.900s][info][gc,stats    ]       0 of     9 ms (  0.0%): <total>
[0.900s][info][gc,stats    ]       0 of     9 ms (  0.0%): <average total>
[0.900s][info][gc,stats    ] 
[0.900s][info][gc,metaspace] Metaspace: 3427K(3584K)->3478K(3648K) NonClass: 3098K(3200K)->3143K(3264K) Class: 328K(384K)->335K(384K)
[0.900s][info][gc,ergo     ] Pacer for Idle. Initial: 40642K, Alloc Tax Rate: 1.0x
[0.901s][info][gc          ] Trigger: Start next cycle immediately
[0.901s][info][gc,ergo     ] Free: 1872M, Max: 512K regular, 1872M humongous, Frag: 0% external, 0% internal; Reserve: 101888K, Max: 512K
[0.901s][info][gc,start    ] GC(59) Concurrent reset
[0.901s][info][gc,task     ] GC(59) Using 2 of 8 workers for concurrent reset
[0.901s][info][gc,ergo     ] GC(59) Pacer for Reset. Non-Taxable: 1984M
[0.901s][info][gc          ] GC(59) Concurrent reset 0.194ms
[0.901s][info][gc,start    ] GC(59) Pause Init Mark
[0.901s][info][gc,task     ] GC(59) Using 8 of 8 workers for init marking
[0.901s][info][gc,ergo     ] GC(59) Pacer for Mark. Expected Live: 9756K, Free: 1872M, Non-Taxable: 187M, Alloc Tax Rate: 0.0x
[0.901s][info][gc          ] GC(59) Pause Init Mark 0.074ms
[0.901s][info][gc,start    ] GC(59) Concurrent marking roots
[0.901s][info][gc,task     ] GC(59) Using 2 of 8 workers for concurrent marking roots
[0.901s][info][gc          ] GC(59) Concurrent marking roots 0.224ms
[0.902s][info][gc,start    ] GC(59) Concurrent marking
[0.902s][info][gc,task     ] GC(59) Using 2 of 8 workers for concurrent marking
[0.903s][info][gc          ] GC(59) Concurrent marking 1.458ms
[0.903s][info][gc,start    ] GC(59) Pause Final Mark
[0.903s][info][gc,task     ] GC(59) Using 8 of 8 workers for final marking
[0.906s][info][gc,ergo     ] GC(59) Collectable Garbage: 2190K (100%), Immediate: 0B (0%), CSet: 2190K (100%)
[0.906s][info][gc,ergo     ] GC(59) Pacer for Evacuation. Used CSet: 10715K, Free: 1872M, Non-Taxable: 187M, Alloc Tax Rate: 1.1x
[0.906s][info][gc          ] GC(59) Pause Final Mark 2.791ms
[0.906s][info][gc,start    ] GC(59) Concurrent thread roots
[0.906s][info][gc,task     ] GC(59) Using 2 of 8 workers for Concurrent thread roots
[0.906s][info][gc          ] GC(59) Concurrent thread roots 0.082ms
[0.906s][info][gc,start    ] GC(59) Concurrent weak references
[0.906s][info][gc,task     ] GC(59) Using 2 of 8 workers for concurrent weak references
[0.906s][info][gc,ref      ] GC(59) Encountered references: Soft: 215, Weak: 574, Final: 0, Phantom: 578
[0.906s][info][gc,ref      ] GC(59) Discovered  references: Soft: 0, Weak: 234, Final: 0, Phantom: 576
[0.906s][info][gc,ref      ] GC(59) Enqueued    references: Soft: 0, Weak: 9, Final: 0, Phantom: 0
[0.906s][info][gc          ] GC(59) Concurrent weak references 0.110ms
[0.906s][info][gc,start    ] GC(59) Concurrent weak roots
[0.906s][info][gc,task     ] GC(59) Using 2 of 8 workers for concurrent weak root
[0.906s][info][gc          ] GC(59) Concurrent weak roots 0.328ms
[0.906s][info][gc,start    ] GC(59) Concurrent cleanup
[0.906s][info][gc          ] GC(59) Concurrent cleanup 13M->13M(143M) 0.058ms
[0.907s][info][gc,ergo     ] GC(59) Free: 1871M, Max: 512K regular, 1871M humongous, Frag: 0% external, 0% internal; Reserve: 101654K, Max: 512K
[0.907s][info][gc,start    ] GC(59) Concurrent strong roots
[0.907s][info][gc,task     ] GC(59) Using 2 of 8 workers for concurrent strong root
[0.907s][info][gc          ] GC(59) Concurrent strong roots 0.247ms
[0.907s][info][gc,start    ] GC(59) Concurrent evacuation
[0.907s][info][gc,task     ] GC(59) Using 2 of 8 workers for concurrent evacuation
[0.908s][info][gc          ] GC(59) Concurrent evacuation 1.366ms
[0.909s][info][gc,start    ] GC(59) Pause Init Update Refs
[0.909s][info][gc,ergo     ] GC(59) Pacer for Update Refs. Used: 22555K, Free: 1871M, Non-Taxable: 187M, Alloc Tax Rate: 1.1x
[0.909s][info][gc          ] GC(59) Pause Init Update Refs 0.039ms
[0.914s][info][gc,start    ] GC(59) Concurrent update references
[0.914s][info][gc,task     ] GC(59) Using 2 of 8 workers for concurrent reference update
[0.916s][info][gc          ] GC(59) Concurrent update references 1.326ms
[0.916s][info][gc,start    ] GC(59) Concurrent update thread roots
[0.919s][info][gc          ] GC(59) Concurrent update thread roots 3.188ms
[0.919s][info][gc,start    ] GC(59) Pause Final Update Refs
[0.919s][info][gc,task     ] GC(59) Using 8 of 8 workers for final reference update
[0.919s][info][gc          ] GC(59) Pause Final Update Refs 0.067ms
[0.919s][info][gc,start    ] GC(59) Concurrent cleanup
[0.919s][info][gc          ] GC(59) Concurrent cleanup 22M->11M(143M) 0.063ms
[0.919s][info][gc,ergo     ] Free: 1873M, Max: 512K regular, 1871M humongous, Frag: 1% external, 0% internal; Reserve: 101888K, Max: 512K
[0.919s][info][gc,stats    ] 
[0.919s][info][gc,stats    ] All times are wall-clock times, except per-root-class counters, that are sum over
[0.919s][info][gc,stats    ] all workers. Dividing the <total> over the root stage time estimates parallelism.
[0.919s][info][gc,stats    ] 
[0.919s][info][gc,stats    ] Concurrent Reset                    203 us
[0.919s][info][gc,stats    ] Pause Init Mark (G)                 188 us
[0.919s][info][gc,stats    ] Pause Init Mark (N)                  84 us
[0.919s][info][gc,stats    ]   Update Region States               18 us
[0.919s][info][gc,stats    ] Concurrent Mark Roots               236 us, parallelism: 1.41x
[0.919s][info][gc,stats    ]   CMR: <total>                      332 us
[0.919s][info][gc,stats    ]   CMR: Thread Roots                  45 us, workers (us):  31,  15, ---, ---, ---, ---, ---, ---, 
[0.919s][info][gc,stats    ]   CMR: Code Cache Roots             234 us, workers (us):  85, 149, ---, ---, ---, ---, ---, ---, 
[0.919s][info][gc,stats    ]   CMR: VM Strong Roots                3 us, workers (us):   3,   0, ---, ---, ---, ---, ---, ---, 
[0.919s][info][gc,stats    ]   CMR: CLDG Roots                    49 us, workers (us):  49, ---, ---, ---, ---, ---, ---, ---, 
[0.919s][info][gc,stats    ] Concurrent Marking                 1479 us
[0.919s][info][gc,stats    ] Pause Final Mark (G)               2894 us
[0.919s][info][gc,stats    ] Pause Final Mark (N)               2797 us
[0.919s][info][gc,stats    ]   Finish Mark                      2686 us
[0.919s][info][gc,stats    ]   Update Region States               16 us
[0.919s][info][gc,stats    ]   Choose Collection Set              33 us
[0.919s][info][gc,stats    ]   Rebuild Free Set                   15 us
[0.919s][info][gc,stats    ] Concurrent Thread Roots              91 us, parallelism: 0.81x
[0.919s][info][gc,stats    ]   CTR: <total>                       74 us
[0.919s][info][gc,stats    ]   CTR: Thread Roots                  74 us, workers (us):  44,  30, ---, ---, ---, ---, ---, ---, 
[0.919s][info][gc,stats    ] Concurrent Weak References          118 us, parallelism: 0.51x
[0.919s][info][gc,stats    ]   CWRF: <total>                      60 us
[0.919s][info][gc,stats    ]   CWRF: Weak References              60 us, workers (us):  60,   0, ---, ---, ---, ---, ---, ---, 
[0.919s][info][gc,stats    ] Concurrent Weak Roots               344 us
[0.919s][info][gc,stats    ]   Roots                             208 us, parallelism: 1.31x
[0.919s][info][gc,stats    ]     CWR: <total>                    273 us
[0.919s][info][gc,stats    ]     CWR: VM Weak Roots              273 us, workers (us): 100, 173, ---, ---, ---, ---, ---, ---, 
[0.919s][info][gc,stats    ]   Rendezvous                        103 us
[0.919s][info][gc,stats    ] Concurrent Cleanup                   66 us
[0.919s][info][gc,stats    ] Concurrent Strong Roots             261 us, parallelism: 1.46x
[0.919s][info][gc,stats    ]   CSR: <total>                      382 us
[0.919s][info][gc,stats    ]   CSR: Code Cache Roots             293 us, workers (us):  98, 195, ---, ---, ---, ---, ---, ---, 
[0.919s][info][gc,stats    ]   CSR: VM Strong Roots                5 us, workers (us):   5,   0, ---, ---, ---, ---, ---, ---, 
[0.919s][info][gc,stats    ]   CSR: CLDG Roots                    84 us, workers (us):  84, ---, ---, ---, ---, ---, ---, ---, 
[0.919s][info][gc,stats    ] Concurrent Evacuation              1386 us
[0.919s][info][gc,stats    ] Pause Init Update Refs (G)         6017 us
[0.919s][info][gc,stats    ] Pause Init Update Refs (N)           47 us
[0.919s][info][gc,stats    ]   Manage GCLABs                       3 us
[0.919s][info][gc,stats    ] Concurrent Update Refs             1347 us
[0.919s][info][gc,stats    ] Concurrent Update Thread Roots     3210 us
[0.919s][info][gc,stats    ] Pause Final Update Refs (G)         169 us
[0.919s][info][gc,stats    ] Pause Final Update Refs (N)          80 us
[0.919s][info][gc,stats    ]   Update Region States               17 us
[0.919s][info][gc,stats    ]   Trash Collection Set                2 us
[0.919s][info][gc,stats    ]   Rebuild Free Set                   16 us
[0.919s][info][gc,stats    ] Concurrent Cleanup                   72 us
[0.919s][info][gc,stats    ] 
[0.919s][info][gc,stats    ] Allocation pacing accrued:
[0.919s][info][gc,stats    ]       0 of    20 ms (  0.0%): <total>
[0.919s][info][gc,stats    ]       0 of    20 ms (  0.0%): <average total>
[0.920s][info][gc,stats    ] 
[0.920s][info][gc,metaspace] Metaspace: 3479K(3648K)->3496K(3648K) NonClass: 3144K(3264K)->3159K(3264K) Class: 335K(384K)->336K(384K)
[0.920s][info][gc,ergo     ] Pacer for Idle. Initial: 40642K, Alloc Tax Rate: 1.0x
[0.921s][info][gc          ] Trigger: Start next cycle immediately
[0.921s][info][gc,ergo     ] Free: 1873M, Max: 512K regular, 1871M humongous, Frag: 1% external, 0% internal; Reserve: 101888K, Max: 512K
[0.921s][info][gc,start    ] GC(60) Concurrent reset
[0.921s][info][gc,task     ] GC(60) Using 2 of 8 workers for concurrent reset
[0.921s][info][gc,ergo     ] GC(60) Pacer for Reset. Non-Taxable: 1984M
[0.921s][info][gc          ] GC(60) Concurrent reset 0.186ms
[0.921s][info][gc,start    ] GC(60) Pause Init Mark
[0.921s][info][gc,task     ] GC(60) Using 8 of 8 workers for init marking
[0.921s][info][gc,ergo     ] GC(60) Pacer for Mark. Expected Live: 9853K, Free: 1873M, Non-Taxable: 187M, Alloc Tax Rate: 0.0x
[0.921s][info][gc          ] GC(60) Pause Init Mark 0.064ms
[0.921s][info][gc,start    ] GC(60) Concurrent marking roots
[0.921s][info][gc,task     ] GC(60) Using 2 of 8 workers for concurrent marking roots
[0.921s][info][gc          ] GC(60) Concurrent marking roots 0.292ms
[0.921s][info][gc,start    ] GC(60) Concurrent marking
[0.921s][info][gc,task     ] GC(60) Using 2 of 8 workers for concurrent marking
[0.923s][info][gc          ] GC(60) Concurrent marking 1.207ms
[0.923s][info][gc,start    ] GC(60) Pause Final Mark
[0.923s][info][gc,task     ] GC(60) Using 8 of 8 workers for final marking
[0.925s][info][gc,ergo     ] GC(60) Collectable Garbage: 2017K (100%), Immediate: 0B (0%), CSet: 2017K (100%)
[0.925s][info][gc,ergo     ] GC(60) Pacer for Evacuation. Used CSet: 10236K, Free: 1872M, Non-Taxable: 187M, Alloc Tax Rate: 1.1x
[0.925s][info][gc          ] GC(60) Pause Final Mark 2.297ms
[0.925s][info][gc,start    ] GC(60) Concurrent thread roots
[0.925s][info][gc,task     ] GC(60) Using 2 of 8 workers for Concurrent thread roots
[0.925s][info][gc          ] GC(60) Concurrent thread roots 0.122ms
[0.925s][info][gc,start    ] GC(60) Concurrent weak references
[0.925s][info][gc,task     ] GC(60) Using 2 of 8 workers for concurrent weak references
[0.925s][info][gc,ref      ] GC(60) Encountered references: Soft: 215, Weak: 569, Final: 0, Phantom: 580
[0.925s][info][gc,ref      ] GC(60) Discovered  references: Soft: 0, Weak: 342, Final: 0, Phantom: 579
[0.925s][info][gc,ref      ] GC(60) Enqueued    references: Soft: 0, Weak: 4, Final: 0, Phantom: 2
[0.925s][info][gc          ] GC(60) Concurrent weak references 0.114ms
[0.925s][info][gc,start    ] GC(60) Concurrent weak roots
[0.925s][info][gc,task     ] GC(60) Using 2 of 8 workers for concurrent weak root
[0.939s][info][gc          ] GC(60) Concurrent weak roots 13.512ms
[0.939s][info][gc,start    ] GC(60) Concurrent cleanup
[0.939s][info][gc          ] GC(60) Concurrent cleanup 13M->13M(143M) 0.076ms
[0.939s][info][gc,ergo     ] GC(60) Free: 1871M, Max: 512K regular, 1871M humongous, Frag: 0% external, 0% internal; Reserve: 101528K, Max: 512K
[0.939s][info][gc,start    ] GC(60) Concurrent strong roots
[0.939s][info][gc,task     ] GC(60) Using 2 of 8 workers for concurrent strong root
[0.939s][info][gc          ] GC(60) Concurrent strong roots 0.284ms
[0.939s][info][gc,start    ] GC(60) Concurrent evacuation
[0.939s][info][gc,task     ] GC(60) Using 2 of 8 workers for concurrent evacuation
[0.941s][info][gc          ] GC(60) Concurrent evacuation 1.321ms
[0.944s][info][gc,start    ] GC(60) Pause Init Update Refs
[0.944s][info][gc,ergo     ] GC(60) Pacer for Update Refs. Used: 23314K, Free: 1871M, Non-Taxable: 187M, Alloc Tax Rate: 1.1x
[0.944s][info][gc          ] GC(60) Pause Init Update Refs 0.042ms
[0.944s][info][gc,start    ] GC(60) Concurrent update references
[0.944s][info][gc,task     ] GC(60) Using 2 of 8 workers for concurrent reference update
[0.945s][info][gc          ] GC(60) Concurrent update references 1.449ms
[0.945s][info][gc,start    ] GC(60) Concurrent update thread roots
[0.946s][info][gc          ] GC(60) Concurrent update thread roots 0.956ms
[0.947s][info][gc,start    ] GC(60) Pause Final Update Refs
[0.947s][info][gc,task     ] GC(60) Using 8 of 8 workers for final reference update
[0.947s][info][gc          ] GC(60) Pause Final Update Refs 0.066ms
[0.947s][info][gc,start    ] GC(60) Concurrent cleanup
[0.947s][info][gc          ] GC(60) Concurrent cleanup 22M->12M(143M) 0.054ms
[0.947s][info][gc,ergo     ] Free: 1871M, Max: 512K regular, 1870M humongous, Frag: 1% external, 0% internal; Reserve: 101888K, Max: 512K
[0.947s][info][gc,stats    ] 
[0.947s][info][gc,stats    ] All times are wall-clock times, except per-root-class counters, that are sum over
[0.947s][info][gc,stats    ] all workers. Dividing the <total> over the root stage time estimates parallelism.
[0.947s][info][gc,stats    ] 
[0.947s][info][gc,stats    ] Concurrent Reset                    195 us
[0.947s][info][gc,stats    ] Pause Init Mark (G)                 181 us
[0.947s][info][gc,stats    ] Pause Init Mark (N)                  72 us
[0.947s][info][gc,stats    ]   Update Region States               21 us
[0.947s][info][gc,stats    ] Concurrent Mark Roots               305 us, parallelism: 1.37x
[0.947s][info][gc,stats    ]   CMR: <total>                      416 us
[0.947s][info][gc,stats    ]   CMR: Thread Roots                  74 us, workers (us):  18,  56, ---, ---, ---, ---, ---, ---, 
[0.947s][info][gc,stats    ]   CMR: Code Cache Roots             276 us, workers (us): 159, 117, ---, ---, ---, ---, ---, ---, 
[0.947s][info][gc,stats    ]   CMR: VM Strong Roots                5 us, workers (us):   4,   1, ---, ---, ---, ---, ---, ---, 
[0.947s][info][gc,stats    ]   CMR: CLDG Roots                    61 us, workers (us):  61, ---, ---, ---, ---, ---, ---, ---, 
[0.947s][info][gc,stats    ] Concurrent Marking                 1226 us
[0.947s][info][gc,stats    ] Pause Final Mark (G)               2451 us
[0.947s][info][gc,stats    ] Pause Final Mark (N)               2305 us
[0.947s][info][gc,stats    ]   Finish Mark                      2170 us
[0.947s][info][gc,stats    ]   Update Region States               15 us
[0.947s][info][gc,stats    ]   Choose Collection Set              43 us
[0.947s][info][gc,stats    ]   Rebuild Free Set                   15 us
[0.947s][info][gc,stats    ] Concurrent Thread Roots             141 us, parallelism: 0.50x
[0.947s][info][gc,stats    ]   CTR: <total>                       71 us
[0.947s][info][gc,stats    ]   CTR: Thread Roots                  71 us, workers (us):  32,  39, ---, ---, ---, ---, ---, ---, 
[0.947s][info][gc,stats    ] Concurrent Weak References          122 us, parallelism: 0.52x
[0.947s][info][gc,stats    ]   CWRF: <total>                      63 us
[0.947s][info][gc,stats    ]   CWRF: Weak References              63 us, workers (us):  63,   1, ---, ---, ---, ---, ---, ---, 
[0.947s][info][gc,stats    ] Concurrent Weak Roots             13534 us
[0.947s][info][gc,stats    ]   Roots                             148 us, parallelism: 0.90x
[0.947s][info][gc,stats    ]     CWR: <total>                    133 us
[0.947s][info][gc,stats    ]     CWR: VM Weak Roots              133 us, workers (us): 133,   0, ---, ---, ---, ---, ---, ---, 
[0.947s][info][gc,stats    ]   Rendezvous                      13347 us
[0.947s][info][gc,stats    ] Concurrent Cleanup                   84 us
[0.947s][info][gc,stats    ] Concurrent Strong Roots             299 us, parallelism: 1.53x
[0.947s][info][gc,stats    ]   CSR: <total>                      457 us
[0.947s][info][gc,stats    ]   CSR: Code Cache Roots             342 us, workers (us): 234, 108, ---, ---, ---, ---, ---, ---, 
[0.947s][info][gc,stats    ]   CSR: VM Strong Roots                9 us, workers (us):   8,   1, ---, ---, ---, ---, ---, ---, 
[0.947s][info][gc,stats    ]   CSR: CLDG Roots                   106 us, workers (us): ---, 106, ---, ---, ---, ---, ---, ---, 
[0.947s][info][gc,stats    ] Concurrent Evacuation              1340 us
[0.947s][info][gc,stats    ] Pause Init Update Refs (G)         3251 us
[0.947s][info][gc,stats    ] Pause Init Update Refs (N)           51 us
[0.947s][info][gc,stats    ]   Manage GCLABs                       5 us
[0.947s][info][gc,stats    ] Concurrent Update Refs             1470 us
[0.947s][info][gc,stats    ] Concurrent Update Thread Roots      980 us
[0.947s][info][gc,stats    ] Pause Final Update Refs (G)         502 us
[0.947s][info][gc,stats    ] Pause Final Update Refs (N)          76 us
[0.947s][info][gc,stats    ]   Update Region States               14 us
[0.947s][info][gc,stats    ]   Trash Collection Set                2 us
[0.947s][info][gc,stats    ]   Rebuild Free Set                   15 us
[0.947s][info][gc,stats    ] Concurrent Cleanup                   63 us
[0.947s][info][gc,stats    ] 
[0.947s][info][gc,stats    ] Allocation pacing accrued:
[0.947s][info][gc,stats    ]       0 of    28 ms (  0.0%): <total>
[0.947s][info][gc,stats    ]       0 of    28 ms (  0.0%): <average total>
[0.947s][info][gc,stats    ] 
[0.947s][info][gc,metaspace] Metaspace: 3499K(3648K)->3518K(3648K) NonClass: 3162K(3264K)->3180K(3264K) Class: 336K(384K)->338K(384K)
[0.947s][info][gc,ergo     ] Pacer for Idle. Initial: 40642K, Alloc Tax Rate: 1.0x
[0.948s][info][gc          ] Trigger: Start next cycle immediately
[0.948s][info][gc,ergo     ] Free: 1871M, Max: 512K regular, 1870M humongous, Frag: 1% external, 0% internal; Reserve: 101888K, Max: 512K
[0.948s][info][gc,start    ] GC(61) Concurrent reset
[0.949s][info][gc,task     ] GC(61) Using 2 of 8 workers for concurrent reset
[0.949s][info][gc,ergo     ] GC(61) Pacer for Reset. Non-Taxable: 1984M
[0.949s][info][gc          ] GC(61) Concurrent reset 0.209ms
[0.949s][info][gc,start    ] GC(61) Pause Init Mark
[0.949s][info][gc,task     ] GC(61) Using 8 of 8 workers for init marking
[0.949s][info][gc,ergo     ] GC(61) Pacer for Mark. Expected Live: 9887K, Free: 1871M, Non-Taxable: 187M, Alloc Tax Rate: 0.0x
[0.949s][info][gc          ] GC(61) Pause Init Mark 0.046ms
[0.949s][info][gc,start    ] GC(61) Concurrent marking roots
[0.949s][info][gc,task     ] GC(61) Using 2 of 8 workers for concurrent marking roots
[0.949s][info][gc          ] GC(61) Concurrent marking roots 0.264ms
[0.949s][info][gc,start    ] GC(61) Concurrent marking
[0.949s][info][gc,task     ] GC(61) Using 2 of 8 workers for concurrent marking
[0.964s][info][gc          ] GC(61) Concurrent marking 15.237ms
[0.965s][info][gc,start    ] GC(61) Pause Final Mark
[0.965s][info][gc,task     ] GC(61) Using 8 of 8 workers for final marking
[0.965s][info][gc,ergo     ] GC(61) Collectable Garbage: 3288K (100%), Immediate: 1024K (31%), CSet: 2264K (68%)
[0.965s][info][gc,ergo     ] GC(61) Pacer for Evacuation. Used CSet: 10454K, Free: 1872M, Non-Taxable: 187M, Alloc Tax Rate: 1.1x
[0.965s][info][gc          ] GC(61) Pause Final Mark 0.241ms
[0.965s][info][gc,start    ] GC(61) Concurrent thread roots
[0.965s][info][gc,task     ] GC(61) Using 2 of 8 workers for Concurrent thread roots
[0.965s][info][gc          ] GC(61) Concurrent thread roots 0.082ms
[0.965s][info][gc,start    ] GC(61) Concurrent weak references
[0.965s][info][gc,task     ] GC(61) Using 2 of 8 workers for concurrent weak references
[0.965s][info][gc,ref      ] GC(61) Encountered references: Soft: 215, Weak: 569, Final: 0, Phantom: 581
[0.965s][info][gc,ref      ] GC(61) Discovered  references: Soft: 0, Weak: 345, Final: 0, Phantom: 579
[0.965s][info][gc,ref      ] GC(61) Enqueued    references: Soft: 0, Weak: 4, Final: 0, Phantom: 3
[0.965s][info][gc          ] GC(61) Concurrent weak references 0.164ms
[0.965s][info][gc,start    ] GC(61) Concurrent weak roots
[0.965s][info][gc,task     ] GC(61) Using 2 of 8 workers for concurrent weak root
[0.965s][info][gc          ] GC(61) Concurrent weak roots 0.244ms
[0.965s][info][gc,start    ] GC(61) Concurrent cleanup
[0.965s][info][gc          ] GC(61) Concurrent cleanup 13M->12M(143M) 0.068ms
[0.965s][info][gc,ergo     ] GC(61) Free: 1871M, Max: 512K regular, 1870M humongous, Frag: 1% external, 0% internal; Reserve: 101688K, Max: 512K
[0.965s][info][gc,start    ] GC(61) Concurrent strong roots
[0.965s][info][gc,task     ] GC(61) Using 2 of 8 workers for concurrent strong root
[0.966s][info][gc          ] GC(61) Concurrent strong roots 0.475ms
[0.966s][info][gc,start    ] GC(61) Concurrent evacuation
[0.966s][info][gc,task     ] GC(61) Using 2 of 8 workers for concurrent evacuation
[0.967s][info][gc          ] GC(61) Concurrent evacuation 1.398ms
[0.967s][info][gc,start    ] GC(61) Pause Init Update Refs
[0.967s][info][gc,ergo     ] GC(61) Pacer for Update Refs. Used: 22274K, Free: 1871M, Non-Taxable: 187M, Alloc Tax Rate: 1.1x
[0.967s][info][gc          ] GC(61) Pause Init Update Refs 0.025ms
[0.967s][info][gc,start    ] GC(61) Concurrent update references
[0.967s][info][gc,task     ] GC(61) Using 2 of 8 workers for concurrent reference update
[0.969s][info][gc          ] GC(61) Concurrent update references 1.306ms
[0.969s][info][gc,start    ] GC(61) Concurrent update thread roots
[0.969s][info][gc          ] GC(61) Concurrent update thread roots 0.306ms
[0.969s][info][gc,start    ] GC(61) Pause Final Update Refs
[0.969s][info][gc,task     ] GC(61) Using 8 of 8 workers for final reference update
[0.969s][info][gc          ] GC(61) Pause Final Update Refs 0.053ms
[0.969s][info][gc,start    ] GC(61) Concurrent cleanup
[0.969s][info][gc          ] GC(61) Concurrent cleanup 21M->11M(143M) 0.054ms
[0.969s][info][gc,ergo     ] Free: 1873M, Max: 512K regular, 1871M humongous, Frag: 1% external, 0% internal; Reserve: 101888K, Max: 512K
[0.969s][info][gc,stats    ] 
[0.969s][info][gc,stats    ] All times are wall-clock times, except per-root-class counters, that are sum over
[0.969s][info][gc,stats    ] all workers. Dividing the <total> over the root stage time estimates parallelism.
[0.969s][info][gc,stats    ] 
[0.969s][info][gc,stats    ] Concurrent Reset                    218 us
[0.969s][info][gc,stats    ] Pause Init Mark (G)                 216 us
[0.969s][info][gc,stats    ] Pause Init Mark (N)                  54 us
[0.969s][info][gc,stats    ]   Update Region States               14 us
[0.969s][info][gc,stats    ] Concurrent Mark Roots               277 us, parallelism: 1.44x
[0.969s][info][gc,stats    ]   CMR: <total>                      398 us
[0.969s][info][gc,stats    ]   CMR: Thread Roots                  49 us, workers (us):  44,   5, ---, ---, ---, ---, ---, ---, 
[0.969s][info][gc,stats    ]   CMR: Code Cache Roots             268 us, workers (us):  89, 179, ---, ---, ---, ---, ---, ---, 
[0.969s][info][gc,stats    ]   CMR: VM Strong Roots               12 us, workers (us):  12,   0, ---, ---, ---, ---, ---, ---, 
[0.969s][info][gc,stats    ]   CMR: CLDG Roots                    69 us, workers (us):  69, ---, ---, ---, ---, ---, ---, ---, 
[0.970s][info][gc,stats    ] Concurrent Marking                15260 us
[0.970s][info][gc,stats    ] Pause Final Mark (G)                340 us
[0.970s][info][gc,stats    ] Pause Final Mark (N)                249 us
[0.970s][info][gc,stats    ]   Finish Mark                       139 us
[0.970s][info][gc,stats    ]   Update Region States               18 us
[0.970s][info][gc,stats    ]   Choose Collection Set              35 us
[0.970s][info][gc,stats    ]   Rebuild Free Set                   15 us
[0.970s][info][gc,stats    ] Concurrent Thread Roots              92 us, parallelism: 0.74x
[0.970s][info][gc,stats    ]   CTR: <total>                       67 us
[0.970s][info][gc,stats    ]   CTR: Thread Roots                  67 us, workers (us):  40,  28, ---, ---, ---, ---, ---, ---, 
[0.970s][info][gc,stats    ] Concurrent Weak References          171 us, parallelism: 1.20x
[0.970s][info][gc,stats    ]   CWRF: <total>                     205 us
[0.970s][info][gc,stats    ]   CWRF: Weak References             205 us, workers (us): 112,  93, ---, ---, ---, ---, ---, ---, 
[0.970s][info][gc,stats    ] Concurrent Weak Roots               257 us
[0.970s][info][gc,stats    ]   Roots                             135 us, parallelism: 1.30x
[0.970s][info][gc,stats    ]     CWR: <total>                    176 us
[0.970s][info][gc,stats    ]     CWR: VM Weak Roots              176 us, workers (us): 115,  61, ---, ---, ---, ---, ---, ---, 
[0.970s][info][gc,stats    ]   Rendezvous                         93 us
[0.970s][info][gc,stats    ] Concurrent Cleanup                   76 us
[0.970s][info][gc,stats    ] Concurrent Strong Roots             492 us, parallelism: 0.88x
[0.970s][info][gc,stats    ]   CSR: <total>                      435 us
[0.970s][info][gc,stats    ]   CSR: Code Cache Roots             333 us, workers (us): 327,   6, ---, ---, ---, ---, ---, ---, 
[0.970s][info][gc,stats    ]   CSR: VM Strong Roots                7 us, workers (us):   7,   0, ---, ---, ---, ---, ---, ---, 
[0.970s][info][gc,stats    ]   CSR: CLDG Roots                    95 us, workers (us):  95, ---, ---, ---, ---, ---, ---, ---, 
[0.970s][info][gc,stats    ] Concurrent Evacuation              1421 us
[0.970s][info][gc,stats    ] Pause Init Update Refs (G)          124 us
[0.970s][info][gc,stats    ] Pause Init Update Refs (N)           33 us
[0.970s][info][gc,stats    ]   Manage GCLABs                       3 us
[0.970s][info][gc,stats    ] Concurrent Update Refs             1331 us
[0.970s][info][gc,stats    ] Concurrent Update Thread Roots      319 us
[0.970s][info][gc,stats    ] Pause Final Update Refs (G)         161 us
[0.970s][info][gc,stats    ] Pause Final Update Refs (N)          62 us
[0.970s][info][gc,stats    ]   Update Region States               15 us
[0.970s][info][gc,stats    ]   Trash Collection Set                2 us
[0.970s][info][gc,stats    ]   Rebuild Free Set                   16 us
[0.970s][info][gc,stats    ] Concurrent Cleanup                   62 us
[0.970s][info][gc,stats    ] 
[0.970s][info][gc,stats    ] Allocation pacing accrued:
[0.970s][info][gc,stats    ]       0 of    22 ms (  0.0%): <total>
[0.970s][info][gc,stats    ]       0 of    22 ms (  0.0%): <average total>
[0.970s][info][gc,stats    ] 
[0.970s][info][gc,metaspace] Metaspace: 3519K(3648K)->3531K(3776K) NonClass: 3181K(3264K)->3192K(3328K) Class: 338K(384K)->339K(448K)
[0.970s][info][gc,ergo     ] Pacer for Idle. Initial: 40642K, Alloc Tax Rate: 1.0x
[0.971s][info][gc          ] Trigger: Start next cycle immediately
[0.971s][info][gc,ergo     ] Free: 1873M, Max: 512K regular, 1871M humongous, Frag: 1% external, 0% internal; Reserve: 101888K, Max: 512K
[0.971s][info][gc,start    ] GC(62) Concurrent reset
[0.971s][info][gc,task     ] GC(62) Using 2 of 8 workers for concurrent reset
[0.971s][info][gc,ergo     ] GC(62) Pacer for Reset. Non-Taxable: 1984M
[0.971s][info][gc          ] GC(62) Concurrent reset 0.219ms
[0.971s][info][gc,start    ] GC(62) Pause Init Mark
[0.971s][info][gc,task     ] GC(62) Using 8 of 8 workers for init marking
[0.971s][info][gc,ergo     ] GC(62) Pacer for Mark. Expected Live: 9912K, Free: 1873M, Non-Taxable: 187M, Alloc Tax Rate: 0.0x
[0.971s][info][gc          ] GC(62) Pause Init Mark 0.043ms
[0.971s][info][gc,start    ] GC(62) Concurrent marking roots
[0.971s][info][gc,task     ] GC(62) Using 2 of 8 workers for concurrent marking roots
[0.972s][info][gc          ] GC(62) Concurrent marking roots 0.403ms
[0.972s][info][gc,start    ] GC(62) Concurrent marking
[0.972s][info][gc,task     ] GC(62) Using 2 of 8 workers for concurrent marking
[0.979s][info][gc          ] GC(62) Concurrent marking 6.783ms
[0.979s][info][gc,start    ] GC(62) Pause Final Mark
[0.979s][info][gc,task     ] GC(62) Using 8 of 8 workers for final marking
[0.979s][info][gc,ergo     ] GC(62) Collectable Garbage: 2036K (100%), Immediate: 0B (0%), CSet: 2036K (100%)
[0.979s][info][gc,ergo     ] GC(62) Pacer for Evacuation. Used CSet: 10216K, Free: 1872M, Non-Taxable: 187M, Alloc Tax Rate: 1.1x
[0.979s][info][gc          ] GC(62) Pause Final Mark 0.317ms
[0.979s][info][gc,start    ] GC(62) Concurrent thread roots
[0.979s][info][gc,task     ] GC(62) Using 2 of 8 workers for Concurrent thread roots
[0.979s][info][gc          ] GC(62) Concurrent thread roots 0.101ms
[0.979s][info][gc,start    ] GC(62) Concurrent weak references
[0.979s][info][gc,task     ] GC(62) Using 2 of 8 workers for concurrent weak references
[0.979s][info][gc,ref      ] GC(62) Encountered references: Soft: 228, Weak: 581, Final: 0, Phantom: 578
[0.979s][info][gc,ref      ] GC(62) Discovered  references: Soft: 0, Weak: 203, Final: 0, Phantom: 509
[0.979s][info][gc,ref      ] GC(62) Enqueued    references: Soft: 0, Weak: 1, Final: 0, Phantom: 0
[0.979s][info][gc          ] GC(62) Concurrent weak references 0.129ms
[0.979s][info][gc,start    ] GC(62) Concurrent weak roots
[0.979s][info][gc,task     ] GC(62) Using 2 of 8 workers for concurrent weak root
[0.979s][info][gc          ] GC(62) Concurrent weak roots 0.267ms
[0.979s][info][gc,start    ] GC(62) Concurrent cleanup
[0.980s][info][gc          ] GC(62) Concurrent cleanup 12M->12M(143M) 0.060ms
[0.980s][info][gc,ergo     ] GC(62) Free: 1872M, Max: 512K regular, 1871M humongous, Frag: 1% external, 0% internal; Reserve: 101700K, Max: 512K
[0.980s][info][gc,start    ] GC(62) Concurrent strong roots
[0.980s][info][gc,task     ] GC(62) Using 2 of 8 workers for concurrent strong root
[0.980s][info][gc          ] GC(62) Concurrent strong roots 0.420ms
[0.980s][info][gc,start    ] GC(62) Concurrent evacuation
[0.980s][info][gc,task     ] GC(62) Using 2 of 8 workers for concurrent evacuation
[0.982s][info][gc          ] GC(62) Concurrent evacuation 1.922ms
[0.982s][info][gc,start    ] GC(62) Pause Init Update Refs
[0.982s][info][gc,ergo     ] GC(62) Pacer for Update Refs. Used: 23066K, Free: 1871M, Non-Taxable: 187M, Alloc Tax Rate: 1.1x
[0.982s][info][gc          ] GC(62) Pause Init Update Refs 0.027ms
[0.982s][info][gc,start    ] GC(62) Concurrent update references
[0.982s][info][gc,task     ] GC(62) Using 2 of 8 workers for concurrent reference update
[0.984s][info][gc          ] GC(62) Concurrent update references 2.180ms
[0.984s][info][gc,start    ] GC(62) Concurrent update thread roots
[0.985s][info][gc          ] GC(62) Concurrent update thread roots 0.361ms
[0.985s][info][gc,start    ] GC(62) Pause Final Update Refs
[0.985s][info][gc,task     ] GC(62) Using 8 of 8 workers for final reference update
[0.985s][info][gc          ] GC(62) Pause Final Update Refs 0.053ms
[0.985s][info][gc,start    ] GC(62) Concurrent cleanup
[0.985s][info][gc          ] GC(62) Concurrent cleanup 22M->12M(143M) 0.053ms
[0.985s][info][gc,ergo     ] Free: 1872M, Max: 512K regular, 1872M humongous, Frag: 0% external, 0% internal; Reserve: 101888K, Max: 512K
[0.985s][info][gc,stats    ] 
[0.985s][info][gc,stats    ] All times are wall-clock times, except per-root-class counters, that are sum over
[0.985s][info][gc,stats    ] all workers. Dividing the <total> over the root stage time estimates parallelism.
[0.985s][info][gc,stats    ] 
[0.985s][info][gc,stats    ] Concurrent Reset                    236 us
[0.985s][info][gc,stats    ] Pause Init Mark (G)                 136 us
[0.985s][info][gc,stats    ] Pause Init Mark (N)                  51 us
[0.985s][info][gc,stats    ]   Update Region States               13 us
[0.985s][info][gc,stats    ] Concurrent Mark Roots               420 us, parallelism: 0.85x
[0.985s][info][gc,stats    ]   CMR: <total>                      358 us
[0.985s][info][gc,stats    ]   CMR: Thread Roots                  54 us, workers (us):  54,   0, ---, ---, ---, ---, ---, ---, 
[0.985s][info][gc,stats    ]   CMR: Code Cache Roots             244 us, workers (us): 244,   0, ---, ---, ---, ---, ---, ---, 
[0.985s][info][gc,stats    ]   CMR: VM Strong Roots                4 us, workers (us):   4,   0, ---, ---, ---, ---, ---, ---, 
[0.985s][info][gc,stats    ]   CMR: CLDG Roots                    56 us, workers (us):  56, ---, ---, ---, ---, ---, ---, ---, 
[0.985s][info][gc,stats    ] Concurrent Marking                 6806 us
[0.985s][info][gc,stats    ] Pause Final Mark (G)                345 us
[0.985s][info][gc,stats    ] Pause Final Mark (N)                323 us
[0.985s][info][gc,stats    ]   Finish Mark                       222 us
[0.985s][info][gc,stats    ]   Update Region States               15 us
[0.985s][info][gc,stats    ]   Choose Collection Set              33 us
[0.985s][info][gc,stats    ]   Rebuild Free Set                   15 us
[0.985s][info][gc,stats    ] Concurrent Thread Roots             111 us, parallelism: 0.64x
[0.985s][info][gc,stats    ]   CTR: <total>                       71 us
[0.985s][info][gc,stats    ]   CTR: Thread Roots                  71 us, workers (us):  71,   0, ---, ---, ---, ---, ---, ---, 
[0.985s][info][gc,stats    ] Concurrent Weak References          136 us, parallelism: 0.43x
[0.985s][info][gc,stats    ]   CWRF: <total>                      59 us
[0.985s][info][gc,stats    ]   CWRF: Weak References              59 us, workers (us):  12,  47, ---, ---, ---, ---, ---, ---, 
[0.985s][info][gc,stats    ] Concurrent Weak Roots               279 us
[0.985s][info][gc,stats    ]   Roots                             157 us, parallelism: 0.91x
[0.985s][info][gc,stats    ]     CWR: <total>                    143 us
[0.985s][info][gc,stats    ]     CWR: VM Weak Roots              143 us, workers (us): 143,   0, ---, ---, ---, ---, ---, ---, 
[0.985s][info][gc,stats    ]   Rendezvous                         94 us
[0.985s][info][gc,stats    ] Concurrent Cleanup                   69 us
[0.985s][info][gc,stats    ] Concurrent Strong Roots             437 us, parallelism: 1.35x
[0.985s][info][gc,stats    ]   CSR: <total>                      588 us
[0.985s][info][gc,stats    ]   CSR: Code Cache Roots             496 us, workers (us): 299, 196, ---, ---, ---, ---, ---, ---, 
[0.985s][info][gc,stats    ]   CSR: VM Strong Roots                7 us, workers (us):   7,   0, ---, ---, ---, ---, ---, ---, 
[0.985s][info][gc,stats    ]   CSR: CLDG Roots                    86 us, workers (us):  86, ---, ---, ---, ---, ---, ---, ---, 
[0.985s][info][gc,stats    ] Concurrent Evacuation              1948 us
[0.985s][info][gc,stats    ] Pause Init Update Refs (G)          136 us
[0.985s][info][gc,stats    ] Pause Init Update Refs (N)           33 us
[0.985s][info][gc,stats    ]   Manage GCLABs                       3 us
[0.985s][info][gc,stats    ] Concurrent Update Refs             2203 us
[0.985s][info][gc,stats    ] Concurrent Update Thread Roots      378 us
[0.985s][info][gc,stats    ] Pause Final Update Refs (G)         146 us
[0.985s][info][gc,stats    ] Pause Final Update Refs (N)          62 us
[0.985s][info][gc,stats    ]   Update Region States               13 us
[0.985s][info][gc,stats    ]   Trash Collection Set                2 us
[0.985s][info][gc,stats    ]   Rebuild Free Set                   16 us
[0.985s][info][gc,stats    ] Concurrent Cleanup                   61 us
[0.985s][info][gc,stats    ] 
[0.985s][info][gc,stats    ] Allocation pacing accrued:
[0.985s][info][gc,stats    ]       0 of    16 ms (  0.0%): <total>
[0.985s][info][gc,stats    ]       0 of    16 ms (  0.0%): <average total>
[0.985s][info][gc,stats    ] 
[0.985s][info][gc,metaspace] Metaspace: 3550K(3776K)->3746K(3968K) NonClass: 3208K(3328K)->3381K(3520K) Class: 341K(448K)->365K(448K)
[0.985s][info][gc,ergo     ] Pacer for Idle. Initial: 40642K, Alloc Tax Rate: 1.0x
[0.986s][info][gc          ] Trigger: Start next cycle immediately
[0.986s][info][gc,ergo     ] Free: 1872M, Max: 512K regular, 1872M humongous, Frag: 0% external, 0% internal; Reserve: 101888K, Max: 512K
[0.986s][info][gc,start    ] GC(63) Concurrent reset
[0.987s][info][gc,task     ] GC(63) Using 2 of 8 workers for concurrent reset
[0.987s][info][gc,ergo     ] GC(63) Pacer for Reset. Non-Taxable: 1984M
[0.987s][info][gc          ] GC(63) Concurrent reset 0.214ms
[0.987s][info][gc,start    ] GC(63) Pause Init Mark
[0.987s][info][gc,task     ] GC(63) Using 8 of 8 workers for init marking
[0.987s][info][gc,ergo     ] GC(63) Pacer for Mark. Expected Live: 9910K, Free: 1872M, Non-Taxable: 187M, Alloc Tax Rate: 0.0x
[0.987s][info][gc          ] GC(63) Pause Init Mark 0.042ms
[0.987s][info][gc,start    ] GC(63) Concurrent marking roots
[0.987s][info][gc,task     ] GC(63) Using 2 of 8 workers for concurrent marking roots
[0.987s][info][gc          ] GC(63) Concurrent marking roots 0.482ms
[0.987s][info][gc,start    ] GC(63) Concurrent marking
[0.987s][info][gc,task     ] GC(63) Using 2 of 8 workers for concurrent marking
[0.989s][info][gc          ] GC(63) Concurrent marking 1.571ms
[0.989s][info][gc,start    ] GC(63) Pause Final Mark
[0.989s][info][gc,task     ] GC(63) Using 8 of 8 workers for final marking
[0.990s][info][gc,ergo     ] GC(63) Collectable Garbage: 2973K (100%), Immediate: 0B (0%), CSet: 2973K (100%)
[0.990s][info][gc,ergo     ] GC(63) Pacer for Evacuation. Used CSet: 11249K, Free: 1871M, Non-Taxable: 187M, Alloc Tax Rate: 1.1x
[0.990s][info][gc          ] GC(63) Pause Final Mark 0.673ms
[0.990s][info][gc,start    ] GC(63) Concurrent thread roots
[0.990s][info][gc,task     ] GC(63) Using 2 of 8 workers for Concurrent thread roots
[0.990s][info][gc          ] GC(63) Concurrent thread roots 0.066ms
[0.990s][info][gc,start    ] GC(63) Concurrent weak references
[0.990s][info][gc,task     ] GC(63) Using 2 of 8 workers for concurrent weak references
[0.990s][info][gc,ref      ] GC(63) Encountered references: Soft: 237, Weak: 664, Final: 0, Phantom: 589
[0.990s][info][gc,ref      ] GC(63) Discovered  references: Soft: 0, Weak: 213, Final: 0, Phantom: 526
[0.990s][info][gc,ref      ] GC(63) Enqueued    references: Soft: 0, Weak: 13, Final: 0, Phantom: 11
[0.990s][info][gc          ] GC(63) Concurrent weak references 0.107ms
[0.990s][info][gc,start    ] GC(63) Concurrent weak roots
[0.990s][info][gc,task     ] GC(63) Using 2 of 8 workers for concurrent weak root
[0.990s][info][gc          ] GC(63) Concurrent weak roots 0.270ms
[0.990s][info][gc,start    ] GC(63) Concurrent cleanup
[0.990s][info][gc          ] GC(63) Concurrent cleanup 13M->13M(143M) 0.058ms
[0.990s][info][gc,ergo     ] GC(63) Free: 1871M, Max: 512K regular, 1871M humongous, Frag: 0% external, 0% internal; Reserve: 101662K, Max: 512K
[0.990s][info][gc,start    ] GC(63) Concurrent strong roots
[0.990s][info][gc,task     ] GC(63) Using 2 of 8 workers for concurrent strong root
[0.991s][info][gc          ] GC(63) Concurrent strong roots 0.246ms
[0.991s][info][gc,start    ] GC(63) Concurrent evacuation
[0.991s][info][gc,task     ] GC(63) Using 2 of 8 workers for concurrent evacuation
[0.992s][info][gc          ] GC(63) Concurrent evacuation 1.318ms
[0.992s][info][gc,start    ] GC(63) Pause Init Update Refs
[0.992s][info][gc,ergo     ] GC(63) Pacer for Update Refs. Used: 23074K, Free: 1871M, Non-Taxable: 187M, Alloc Tax Rate: 1.1x
[0.992s][info][gc          ] GC(63) Pause Init Update Refs 0.026ms
[0.992s][info][gc,start    ] GC(63) Concurrent update references
[0.992s][info][gc,task     ] GC(63) Using 2 of 8 workers for concurrent reference update
[0.994s][info][gc          ] GC(63) Concurrent update references 1.767ms
[0.994s][info][gc,start    ] GC(63) Concurrent update thread roots
[0.994s][info][gc          ] GC(63) Concurrent update thread roots 0.119ms
[0.994s][info][gc,start    ] GC(63) Pause Final Update Refs
[0.994s][info][gc,task     ] GC(63) Using 8 of 8 workers for final reference update
[0.994s][info][gc          ] GC(63) Pause Final Update Refs 0.052ms
[0.994s][info][gc,start    ] GC(63) Concurrent cleanup
[0.994s][info][gc          ] GC(63) Concurrent cleanup 22M->11M(143M) 0.063ms
[0.994s][info][gc,ergo     ] Free: 1873M, Max: 512K regular, 1871M humongous, Frag: 1% external, 0% internal; Reserve: 101888K, Max: 512K
[0.994s][info][gc,stats    ] 
[0.994s][info][gc,stats    ] All times are wall-clock times, except per-root-class counters, that are sum over
[0.994s][info][gc,stats    ] all workers. Dividing the <total> over the root stage time estimates parallelism.
[0.994s][info][gc,stats    ] 
[0.994s][info][gc,stats    ] Concurrent Reset                    224 us
[0.994s][info][gc,stats    ] Pause Init Mark (G)                 135 us
[0.994s][info][gc,stats    ] Pause Init Mark (N)                  49 us
[0.994s][info][gc,stats    ]   Update Region States               12 us
[0.994s][info][gc,stats    ] Concurrent Mark Roots               502 us, parallelism: 0.87x
[0.994s][info][gc,stats    ]   CMR: <total>                      437 us
[0.994s][info][gc,stats    ]   CMR: Thread Roots                 140 us, workers (us): 140,   0, ---, ---, ---, ---, ---, ---, 
[0.994s][info][gc,stats    ]   CMR: Code Cache Roots             245 us, workers (us): 245,   0, ---, ---, ---, ---, ---, ---, 
[0.994s][info][gc,stats    ]   CMR: VM Strong Roots                4 us, workers (us):   4,   0, ---, ---, ---, ---, ---, ---, 
[0.994s][info][gc,stats    ]   CMR: CLDG Roots                    48 us, workers (us):  48, ---, ---, ---, ---, ---, ---, ---, 
[0.994s][info][gc,stats    ] Concurrent Marking                 1593 us
[0.994s][info][gc,stats    ] Pause Final Mark (G)                761 us
[0.994s][info][gc,stats    ] Pause Final Mark (N)                679 us
[0.994s][info][gc,stats    ]   Finish Mark                       582 us
[0.994s][info][gc,stats    ]   Update Region States               13 us
[0.994s][info][gc,stats    ]   Choose Collection Set              32 us
[0.994s][info][gc,stats    ]   Rebuild Free Set                   15 us
[0.994s][info][gc,stats    ] Concurrent Thread Roots              75 us, parallelism: 0.54x
[0.994s][info][gc,stats    ]   CTR: <total>                       40 us
[0.994s][info][gc,stats    ]   CTR: Thread Roots                  40 us, workers (us):  40,   0, ---, ---, ---, ---, ---, ---, 
[0.994s][info][gc,stats    ] Concurrent Weak References          114 us, parallelism: 0.68x
[0.994s][info][gc,stats    ]   CWRF: <total>                      78 us
[0.994s][info][gc,stats    ]   CWRF: Weak References              78 us, workers (us):  57,  21, ---, ---, ---, ---, ---, ---, 
[0.994s][info][gc,stats    ] Concurrent Weak Roots               298 us
[0.994s][info][gc,stats    ]   Roots                             126 us, parallelism: 1.21x
[0.994s][info][gc,stats    ]     CWR: <total>                    152 us
[0.995s][info][gc,stats    ]     CWR: VM Weak Roots              152 us, workers (us): 105,  47, ---, ---, ---, ---, ---, ---, 
[0.995s][info][gc,stats    ]   Rendezvous                        128 us
[0.995s][info][gc,stats    ] Concurrent Cleanup                   66 us
[0.995s][info][gc,stats    ] Concurrent Strong Roots             263 us, parallelism: 1.50x
[0.995s][info][gc,stats    ]   CSR: <total>                      396 us
[0.995s][info][gc,stats    ]   CSR: Code Cache Roots             301 us, workers (us): 104, 198, ---, ---, ---, ---, ---, ---, 
[0.995s][info][gc,stats    ]   CSR: VM Strong Roots                8 us, workers (us):   8,   0, ---, ---, ---, ---, ---, ---, 
[0.995s][info][gc,stats    ]   CSR: CLDG Roots                    86 us, workers (us):  86, ---, ---, ---, ---, ---, ---, ---, 
[0.995s][info][gc,stats    ] Concurrent Evacuation              1338 us
[0.995s][info][gc,stats    ] Pause Init Update Refs (G)          119 us
[0.995s][info][gc,stats    ] Pause Init Update Refs (N)           34 us
[0.995s][info][gc,stats    ]   Manage GCLABs                       3 us
[0.995s][info][gc,stats    ] Concurrent Update Refs             1789 us
[0.995s][info][gc,stats    ] Concurrent Update Thread Roots      130 us
[0.995s][info][gc,stats    ] Pause Final Update Refs (G)         209 us
[0.995s][info][gc,stats    ] Pause Final Update Refs (N)          60 us
[0.995s][info][gc,stats    ]   Update Region States               12 us
[0.995s][info][gc,stats    ]   Trash Collection Set                2 us
[0.995s][info][gc,stats    ]   Rebuild Free Set                   15 us
[0.995s][info][gc,stats    ] Concurrent Cleanup                   72 us
[0.995s][info][gc,stats    ] 
[0.995s][info][gc,stats    ] Allocation pacing accrued:
[0.995s][info][gc,stats    ]       0 of     9 ms (  0.0%): <total>
[0.995s][info][gc,stats    ]       0 of     9 ms (  0.0%): <average total>
[0.995s][info][gc,stats    ] 
[0.995s][info][gc,metaspace] Metaspace: 3759K(3968K)->3770K(3968K) NonClass: 3392K(3520K)->3400K(3520K) Class: 367K(448K)->369K(448K)
[0.995s][info][gc,ergo     ] Pacer for Idle. Initial: 40642K, Alloc Tax Rate: 1.0x
[0.996s][info][gc          ] Trigger: Start next cycle immediately
[0.996s][info][gc,ergo     ] Free: 1873M, Max: 512K regular, 1871M humongous, Frag: 1% external, 0% internal; Reserve: 101888K, Max: 512K
[0.996s][info][gc,start    ] GC(64) Concurrent reset
[0.996s][info][gc,task     ] GC(64) Using 2 of 8 workers for concurrent reset
[0.996s][info][gc,ergo     ] GC(64) Pacer for Reset. Non-Taxable: 1984M
[0.996s][info][gc          ] GC(64) Concurrent reset 0.220ms
[0.996s][info][gc,start    ] GC(64) Pause Init Mark (unload classes)
[0.996s][info][gc,task     ] GC(64) Using 8 of 8 workers for init marking
[0.996s][info][gc,ergo     ] GC(64) Pacer for Mark. Expected Live: 9878K, Free: 1873M, Non-Taxable: 187M, Alloc Tax Rate: 0.0x
[0.996s][info][gc          ] GC(64) Pause Init Mark (unload classes) 0.048ms
[0.996s][info][gc,start    ] GC(64) Concurrent marking roots
[0.996s][info][gc,task     ] GC(64) Using 2 of 8 workers for concurrent marking roots
[0.996s][info][gc          ] GC(64) Concurrent marking roots 0.173ms
[0.996s][info][gc,start    ] GC(64) Concurrent marking (unload classes)
[0.996s][info][gc,task     ] GC(64) Using 2 of 8 workers for concurrent marking
[0.998s][info][gc          ] GC(64) Concurrent marking (unload classes) 1.328ms
[0.998s][info][gc,start    ] GC(64) Pause Final Mark (unload classes)
[0.998s][info][gc,task     ] GC(64) Using 8 of 8 workers for final marking
[0.998s][info][gc,ergo     ] GC(64) Collectable Garbage: 1936K (100%), Immediate: 0B (0%), CSet: 1936K (100%)
[0.998s][info][gc,ergo     ] GC(64) Pacer for Evacuation. Used CSet: 10221K, Free: 1872M, Non-Taxable: 187M, Alloc Tax Rate: 1.1x
[0.998s][info][gc          ] GC(64) Pause Final Mark (unload classes) 0.187ms
[0.998s][info][gc,start    ] GC(64) Concurrent thread roots
[0.998s][info][gc,task     ] GC(64) Using 2 of 8 workers for Concurrent thread roots
[0.998s][info][gc          ] GC(64) Concurrent thread roots 0.066ms
[0.998s][info][gc,start    ] GC(64) Concurrent weak references
[0.998s][info][gc,task     ] GC(64) Using 2 of 8 workers for concurrent weak references
[0.998s][info][gc,ref      ] GC(64) Encountered references: Soft: 238, Weak: 684, Final: 0, Phantom: 580
[0.998s][info][gc,ref      ] GC(64) Discovered  references: Soft: 0, Weak: 254, Final: 0, Phantom: 579
[0.998s][info][gc,ref      ] GC(64) Enqueued    references: Soft: 0, Weak: 10, Final: 0, Phantom: 2
[0.998s][info][gc          ] GC(64) Concurrent weak references 0.139ms
[0.998s][info][gc,start    ] GC(64) Concurrent weak roots
[0.998s][info][gc,task     ] GC(64) Using 2 of 8 workers for concurrent weak root
[0.999s][info][gc          ] GC(64) Concurrent weak roots 0.323ms
[0.999s][info][gc,start    ] GC(64) Concurrent cleanup
[0.999s][info][gc          ] GC(64) Concurrent cleanup 12M->12M(143M) 0.057ms
[0.999s][info][gc,ergo     ] GC(64) Free: 1872M, Max: 512K regular, 1871M humongous, Frag: 1% external, 0% internal; Reserve: 101682K, Max: 512K
[0.999s][info][gc,start    ] GC(64) Concurrent class unloading
[0.999s][info][gc,task     ] GC(64) Using 2 of 8 workers for concurrent class unloading
[0.999s][info][gc          ] GC(64) Concurrent class unloading 0.712ms
[0.999s][info][gc,start    ] GC(64) Concurrent strong roots
[0.999s][info][gc,task     ] GC(64) Using 2 of 8 workers for concurrent strong root
[1.000s][info][gc          ] GC(64) Concurrent strong roots 0.122ms
[1.000s][info][gc,start    ] GC(64) Concurrent evacuation
[1.000s][info][gc,task     ] GC(64) Using 2 of 8 workers for concurrent evacuation
[1.002s][info][gc          ] GC(64) Concurrent evacuation 2.163ms
[1.002s][info][gc,start    ] GC(64) Pause Init Update Refs
[1.002s][info][gc,ergo     ] GC(64) Pacer for Update Refs. Used: 22061K, Free: 1872M, Non-Taxable: 187M, Alloc Tax Rate: 1.1x
[1.002s][info][gc          ] GC(64) Pause Init Update Refs 0.024ms
[1.002s][info][gc,start    ] GC(64) Concurrent update references
[1.002s][info][gc,task     ] GC(64) Using 2 of 8 workers for concurrent reference update
[1.003s][info][gc          ] GC(64) Concurrent update references 1.262ms
[1.003s][info][gc,start    ] GC(64) Concurrent update thread roots
[1.003s][info][gc          ] GC(64) Concurrent update thread roots 0.198ms
[1.003s][info][gc,start    ] GC(64) Pause Final Update Refs
[1.003s][info][gc,task     ] GC(64) Using 8 of 8 workers for final reference update
[1.004s][info][gc          ] GC(64) Pause Final Update Refs 0.057ms
[1.004s][info][gc,start    ] GC(64) Concurrent cleanup
[1.004s][info][gc          ] GC(64) Concurrent cleanup 21M->11M(143M) 0.053ms
[1.004s][info][gc,ergo     ] Free: 1873M, Max: 512K regular, 1872M humongous, Frag: 1% external, 0% internal; Reserve: 101888K, Max: 512K
[1.004s][info][gc,stats    ] 
[1.004s][info][gc,stats    ] All times are wall-clock times, except per-root-class counters, that are sum over
[1.004s][info][gc,stats    ] all workers. Dividing the <total> over the root stage time estimates parallelism.
[1.004s][info][gc,stats    ] 
[1.004s][info][gc,stats    ] Concurrent Reset                    240 us
[1.004s][info][gc,stats    ] Pause Init Mark (G)                 144 us
[1.004s][info][gc,stats    ] Pause Init Mark (N)                  56 us
[1.004s][info][gc,stats    ]   Update Region States               16 us
[1.004s][info][gc,stats    ] Concurrent Mark Roots               184 us, parallelism: 1.31x
[1.004s][info][gc,stats    ]   CMR: <total>                      241 us
[1.004s][info][gc,stats    ]   CMR: Thread Roots                 144 us, workers (us): 118,  26, ---, ---, ---, ---, ---, ---, 
[1.004s][info][gc,stats    ]   CMR: VM Strong Roots                6 us, workers (us):   4,   2, ---, ---, ---, ---, ---, ---, 
[1.004s][info][gc,stats    ]   CMR: CLDG Roots                    92 us, workers (us): ---,  92, ---, ---, ---, ---, ---, ---, 
[1.004s][info][gc,stats    ] Concurrent Marking                 1347 us
[1.004s][info][gc,stats    ] Pause Final Mark (G)                279 us
[1.004s][info][gc,stats    ] Pause Final Mark (N)                195 us
[1.004s][info][gc,stats    ]   Finish Mark                        99 us
[1.004s][info][gc,stats    ]   Update Region States               12 us
[1.004s][info][gc,stats    ]   Choose Collection Set              27 us
[1.004s][info][gc,stats    ]   Rebuild Free Set                   15 us
[1.004s][info][gc,stats    ] Concurrent Thread Roots              76 us, parallelism: 0.61x
[1.004s][info][gc,stats    ]   CTR: <total>                       47 us
[1.004s][info][gc,stats    ]   CTR: Thread Roots                  47 us, workers (us):  41,   6, ---, ---, ---, ---, ---, ---, 
[1.004s][info][gc,stats    ] Concurrent Weak References          147 us, parallelism: 0.58x
[1.004s][info][gc,stats    ]   CWRF: <total>                      84 us
[1.004s][info][gc,stats    ]   CWRF: Weak References              84 us, workers (us):   6,  79, ---, ---, ---, ---, ---, ---, 
[1.004s][info][gc,stats    ] Concurrent Weak Roots               338 us
[1.004s][info][gc,stats    ]   Roots                             193 us, parallelism: 1.64x
[1.004s][info][gc,stats    ]     CWR: <total>                    317 us
[1.004s][info][gc,stats    ]     CWR: Code Cache Roots           165 us, workers (us): 102,  63, ---, ---, ---, ---, ---, ---, 
[1.004s][info][gc,stats    ]     CWR: VM Weak Roots              150 us, workers (us):  75,  75, ---, ---, ---, ---, ---, ---, 
[1.004s][info][gc,stats    ]     CWR: CLDG Roots                   2 us, workers (us):   2, ---, ---, ---, ---, ---, ---, ---, 
[1.004s][info][gc,stats    ]   Rendezvous                         96 us
[1.004s][info][gc,stats    ] Concurrent Cleanup                   65 us
[1.004s][info][gc,stats    ] Concurrent Class Unloading          726 us
[1.004s][info][gc,stats    ]   Unlink Stale                      534 us
[1.004s][info][gc,stats    ]     System Dictionary                23 us
[1.004s][info][gc,stats    ]     Weak Class Links                  0 us
[1.004s][info][gc,stats    ]     Code Roots                      509 us
[1.004s][info][gc,stats    ]   Rendezvous                         15 us
[1.004s][info][gc,stats    ]   Purge Unlinked                    146 us
[1.004s][info][gc,stats    ]     Code Roots                      143 us
[1.004s][info][gc,stats    ]     CLDG                              3 us
[1.004s][info][gc,stats    ]     Exception Caches                  0 us
[1.004s][info][gc,stats    ] Concurrent Strong Roots             147 us, parallelism: 0.59x
[1.004s][info][gc,stats    ]   CSR: <total>                       87 us
[1.004s][info][gc,stats    ]   CSR: VM Strong Roots                7 us, workers (us):   5,   2, ---, ---, ---, ---, ---, ---, 
[1.004s][info][gc,stats    ]   CSR: CLDG Roots                    80 us, workers (us):  80, ---, ---, ---, ---, ---, ---, ---, 
[1.004s][info][gc,stats    ] Concurrent Evacuation              2185 us
[1.004s][info][gc,stats    ] Pause Init Update Refs (G)          125 us
[1.004s][info][gc,stats    ] Pause Init Update Refs (N)           32 us
[1.004s][info][gc,stats    ]   Manage GCLABs                       2 us
[1.004s][info][gc,stats    ] Concurrent Update Refs             1284 us
[1.004s][info][gc,stats    ] Concurrent Update Thread Roots      210 us
[1.004s][info][gc,stats    ] Pause Final Update Refs (G)         153 us
[1.004s][info][gc,stats    ] Pause Final Update Refs (N)          65 us
[1.004s][info][gc,stats    ]   Update Region States               12 us
[1.004s][info][gc,stats    ]   Trash Collection Set                2 us
[1.004s][info][gc,stats    ]   Rebuild Free Set                   16 us
[1.004s][info][gc,stats    ] Concurrent Cleanup                   62 us
[1.004s][info][gc,stats    ] 
[1.004s][info][gc,stats    ] Allocation pacing accrued:
[1.004s][info][gc,stats    ]       0 of     9 ms (  0.0%): <total>
[1.004s][info][gc,stats    ]       0 of     9 ms (  0.0%): <average total>
[1.004s][info][gc,stats    ] 
[1.004s][info][gc,metaspace] Metaspace: 3798K(3968K)->3842K(4032K) NonClass: 3426K(3520K)->3466K(3584K) Class: 372K(448K)->376K(448K)
[1.004s][info][gc,ergo     ] Pacer for Idle. Initial: 40642K, Alloc Tax Rate: 1.0x
[1.005s][info][gc          ] Trigger: Start next cycle immediately
[1.005s][info][gc,ergo     ] Free: 1873M, Max: 512K regular, 1872M humongous, Frag: 1% external, 0% internal; Reserve: 101888K, Max: 512K
[1.005s][info][gc,start    ] GC(65) Concurrent reset
[1.005s][info][gc,task     ] GC(65) Using 2 of 8 workers for concurrent reset
[1.005s][info][gc,ergo     ] GC(65) Pacer for Reset. Non-Taxable: 1984M
[1.005s][info][gc          ] GC(65) Concurrent reset 0.225ms
[1.006s][info][gc,start    ] GC(65) Pause Init Mark (unload classes)
[1.006s][info][gc,task     ] GC(65) Using 8 of 8 workers for init marking
[1.006s][info][gc,ergo     ] GC(65) Pacer for Mark. Expected Live: 9832K, Free: 1873M, Non-Taxable: 187M, Alloc Tax Rate: 0.0x
[1.006s][info][gc          ] GC(65) Pause Init Mark (unload classes) 0.044ms
[1.006s][info][gc,start    ] GC(65) Concurrent marking roots
[1.006s][info][gc,task     ] GC(65) Using 2 of 8 workers for concurrent marking roots
[1.006s][info][gc          ] GC(65) Concurrent marking roots 0.141ms
[1.006s][info][gc,start    ] GC(65) Concurrent marking (unload classes)
[1.006s][info][gc,task     ] GC(65) Using 2 of 8 workers for concurrent marking
[1.008s][info][gc          ] GC(65) Concurrent marking (unload classes) 2.288ms
[1.008s][info][gc,start    ] GC(65) Pause Final Mark (unload classes)
[1.008s][info][gc,task     ] GC(65) Using 8 of 8 workers for final marking
[1.009s][info][gc,ergo     ] GC(65) Collectable Garbage: 1946K (100%), Immediate: 0B (0%), CSet: 1946K (100%)
[1.009s][info][gc,ergo     ] GC(65) Pacer for Evacuation. Used CSet: 10240K, Free: 1872M, Non-Taxable: 187M, Alloc Tax Rate: 1.1x
[1.009s][info][gc          ] GC(65) Pause Final Mark (unload classes) 0.214ms
[1.009s][info][gc,start    ] GC(65) Concurrent thread roots
[1.009s][info][gc,task     ] GC(65) Using 2 of 8 workers for Concurrent thread roots
[1.009s][info][gc          ] GC(65) Concurrent thread roots 0.084ms
[1.009s][info][gc,start    ] GC(65) Concurrent weak references
[1.009s][info][gc,task     ] GC(65) Using 2 of 8 workers for concurrent weak references
[1.009s][info][gc,ref      ] GC(65) Encountered references: Soft: 238, Weak: 677, Final: 0, Phantom: 580
[1.009s][info][gc,ref      ] GC(65) Discovered  references: Soft: 0, Weak: 263, Final: 0, Phantom: 580
[1.009s][info][gc,ref      ] GC(65) Enqueued    references: Soft: 0, Weak: 1, Final: 0, Phantom: 2
[1.009s][info][gc          ] GC(65) Concurrent weak references 0.114ms
[1.009s][info][gc,start    ] GC(65) Concurrent weak roots
[1.009s][info][gc,task     ] GC(65) Using 2 of 8 workers for concurrent weak root
[1.009s][info][gc          ] GC(65) Concurrent weak roots 0.313ms
[1.009s][info][gc,start    ] GC(65) Concurrent cleanup
[1.009s][info][gc          ] GC(65) Concurrent cleanup 12M->12M(143M) 0.057ms
[1.009s][info][gc,ergo     ] GC(65) Free: 1872M, Max: 512K regular, 1872M humongous, Frag: 0% external, 0% internal; Reserve: 101615K, Max: 512K
[1.009s][info][gc,start    ] GC(65) Concurrent class unloading
[1.009s][info][gc,task     ] GC(65) Using 2 of 8 workers for concurrent class unloading
[1.010s][info][gc          ] GC(65) Concurrent class unloading 0.587ms
[1.010s][info][gc,start    ] GC(65) Concurrent strong roots
[1.010s][info][gc,task     ] GC(65) Using 2 of 8 workers for concurrent strong root
[1.010s][info][gc          ] GC(65) Concurrent strong roots 0.131ms
[1.010s][info][gc,start    ] GC(65) Concurrent evacuation
[1.010s][info][gc,task     ] GC(65) Using 2 of 8 workers for concurrent evacuation
[1.011s][info][gc          ] GC(65) Concurrent evacuation 1.217ms
[1.012s][info][gc,start    ] GC(65) Pause Init Update Refs
[1.012s][info][gc,ergo     ] GC(65) Pacer for Update Refs. Used: 22545K, Free: 1872M, Non-Taxable: 187M, Alloc Tax Rate: 1.1x
[1.012s][info][gc          ] GC(65) Pause Init Update Refs 0.026ms
[1.012s][info][gc,start    ] GC(65) Concurrent update references
[1.012s][info][gc,task     ] GC(65) Using 2 of 8 workers for concurrent reference update
[1.014s][info][gc          ] GC(65) Concurrent update references 1.553ms
[1.014s][info][gc,start    ] GC(65) Concurrent update thread roots
[1.014s][info][gc          ] GC(65) Concurrent update thread roots 0.152ms
[1.014s][info][gc,start    ] GC(65) Pause Final Update Refs
[1.014s][info][gc,task     ] GC(65) Using 8 of 8 workers for final reference update
[1.014s][info][gc          ] GC(65) Pause Final Update Refs 0.050ms
[1.014s][info][gc,start    ] GC(65) Concurrent cleanup
[1.014s][info][gc          ] GC(65) Concurrent cleanup 22M->12M(143M) 0.053ms
[1.014s][info][gc,ergo     ] Free: 1872M, Max: 512K regular, 1871M humongous, Frag: 1% external, 0% internal; Reserve: 101888K, Max: 512K
[1.014s][info][gc,stats    ] 
[1.014s][info][gc,stats    ] All times are wall-clock times, except per-root-class counters, that are sum over
[1.014s][info][gc,stats    ] all workers. Dividing the <total> over the root stage time estimates parallelism.
[1.014s][info][gc,stats    ] 
[1.014s][info][gc,stats    ] Concurrent Reset                    236 us
[1.014s][info][gc,stats    ] Pause Init Mark (G)                 407 us
[1.014s][info][gc,stats    ] Pause Init Mark (N)                  53 us
[1.014s][info][gc,stats    ]   Update Region States               13 us
[1.014s][info][gc,stats    ] Concurrent Mark Roots               151 us, parallelism: 0.79x
[1.014s][info][gc,stats    ]   CMR: <total>                      120 us
[1.014s][info][gc,stats    ]   CMR: Thread Roots                  64 us, workers (us):  16,  48, ---, ---, ---, ---, ---, ---, 
[1.014s][info][gc,stats    ]   CMR: VM Strong Roots                3 us, workers (us):   3,   0, ---, ---, ---, ---, ---, ---, 
[1.014s][info][gc,stats    ]   CMR: CLDG Roots                    52 us, workers (us):  52, ---, ---, ---, ---, ---, ---, ---, 
[1.014s][info][gc,stats    ] Concurrent Marking                 2311 us
[1.014s][info][gc,stats    ] Pause Final Mark (G)                304 us
[1.014s][info][gc,stats    ] Pause Final Mark (N)                221 us
[1.014s][info][gc,stats    ]   Finish Mark                       131 us
[1.014s][info][gc,stats    ]   Update Region States               12 us
[1.014s][info][gc,stats    ]   Choose Collection Set              27 us
[1.014s][info][gc,stats    ]   Rebuild Free Set                   15 us
[1.014s][info][gc,stats    ] Concurrent Thread Roots              95 us, parallelism: 1.03x
[1.014s][info][gc,stats    ]   CTR: <total>                       97 us
[1.014s][info][gc,stats    ]   CTR: Thread Roots                  97 us, workers (us):  46,  51, ---, ---, ---, ---, ---, ---, 
[1.014s][info][gc,stats    ] Concurrent Weak References          122 us, parallelism: 0.45x
[1.014s][info][gc,stats    ]   CWRF: <total>                      55 us
[1.014s][info][gc,stats    ]   CWRF: Weak References              55 us, workers (us):  49,   6, ---, ---, ---, ---, ---, ---, 
[1.014s][info][gc,stats    ] Concurrent Weak Roots               338 us
[1.014s][info][gc,stats    ]   Roots                             200 us, parallelism: 1.47x
[1.014s][info][gc,stats    ]     CWR: <total>                    294 us
[1.014s][info][gc,stats    ]     CWR: Code Cache Roots           144 us, workers (us):  87,  56, ---, ---, ---, ---, ---, ---, 
[1.014s][info][gc,stats    ]     CWR: VM Weak Roots              150 us, workers (us):  97,  53, ---, ---, ---, ---, ---, ---, 
[1.014s][info][gc,stats    ]     CWR: CLDG Roots                   1 us, workers (us):   1, ---, ---, ---, ---, ---, ---, ---, 
[1.014s][info][gc,stats    ]   Rendezvous                         96 us
[1.014s][info][gc,stats    ] Concurrent Cleanup                   66 us
[1.014s][info][gc,stats    ] Concurrent Class Unloading          600 us
[1.014s][info][gc,stats    ]   Unlink Stale                      432 us
[1.014s][info][gc,stats    ]     System Dictionary                24 us
[1.014s][info][gc,stats    ]     Weak Class Links                  0 us
[1.014s][info][gc,stats    ]     Code Roots                      407 us
[1.014s][info][gc,stats    ]   Rendezvous                         93 us
[1.014s][info][gc,stats    ]   Purge Unlinked                     45 us
[1.014s][info][gc,stats    ]     Code Roots                       43 us
[1.014s][info][gc,stats    ]     CLDG                              2 us
[1.014s][info][gc,stats    ]     Exception Caches                  0 us
[1.014s][info][gc,stats    ] Concurrent Strong Roots             146 us, parallelism: 0.68x
[1.014s][info][gc,stats    ]   CSR: <total>                       98 us
[1.014s][info][gc,stats    ]   CSR: VM Strong Roots                6 us, workers (us):   4,   2, ---, ---, ---, ---, ---, ---, 
[1.014s][info][gc,stats    ]   CSR: CLDG Roots                    92 us, workers (us): ---,  92, ---, ---, ---, ---, ---, ---, 
[1.014s][info][gc,stats    ] Concurrent Evacuation              1238 us
[1.014s][info][gc,stats    ] Pause Init Update Refs (G)          708 us
[1.014s][info][gc,stats    ] Pause Init Update Refs (N)           34 us
[1.014s][info][gc,stats    ]   Manage GCLABs                       3 us
[1.014s][info][gc,stats    ] Concurrent Update Refs             1573 us
[1.014s][info][gc,stats    ] Concurrent Update Thread Roots      163 us
[1.014s][info][gc,stats    ] Pause Final Update Refs (G)         142 us
[1.014s][info][gc,stats    ] Pause Final Update Refs (N)          58 us
[1.014s][info][gc,stats    ]   Update Region States               12 us
[1.014s][info][gc,stats    ]   Trash Collection Set                2 us
[1.014s][info][gc,stats    ]   Rebuild Free Set                   16 us
[1.014s][info][gc,stats    ] Concurrent Cleanup                   61 us
[1.014s][info][gc,stats    ] 
[1.014s][info][gc,stats    ] Allocation pacing accrued:
[1.014s][info][gc,stats    ]       0 of    10 ms (  0.0%): <total>
[1.014s][info][gc,stats    ]       0 of    10 ms (  0.0%): <average total>
[1.014s][info][gc,stats    ] 
[1.015s][info][gc,metaspace] Metaspace: 3844K(4032K)->3878K(4032K) NonClass: 3467K(3584K)->3495K(3584K) Class: 376K(448K)->382K(448K)
[1.015s][info][gc,ergo     ] Pacer for Idle. Initial: 40642K, Alloc Tax Rate: 1.0x
[1.016s][info][gc          ] Trigger: Start next cycle immediately
[1.016s][info][gc,ergo     ] Free: 1872M, Max: 512K regular, 1871M humongous, Frag: 1% external, 0% internal; Reserve: 101888K, Max: 512K
[1.016s][info][gc,start    ] GC(66) Concurrent reset
[1.016s][info][gc,task     ] GC(66) Using 2 of 8 workers for concurrent reset
[1.016s][info][gc,ergo     ] GC(66) Pacer for Reset. Non-Taxable: 1984M
[1.016s][info][gc          ] GC(66) Concurrent reset 0.238ms
[1.016s][info][gc,start    ] GC(66) Pause Init Mark (unload classes)
[1.016s][info][gc,task     ] GC(66) Using 8 of 8 workers for init marking
[1.016s][info][gc,ergo     ] GC(66) Pacer for Mark. Expected Live: 9846K, Free: 1872M, Non-Taxable: 187M, Alloc Tax Rate: 0.0x
[1.016s][info][gc          ] GC(66) Pause Init Mark (unload classes) 0.054ms
[1.016s][info][gc,start    ] GC(66) Concurrent marking roots
[1.016s][info][gc,task     ] GC(66) Using 2 of 8 workers for concurrent marking roots
[1.016s][info][gc          ] GC(66) Concurrent marking roots 0.184ms
[1.016s][info][gc,start    ] GC(66) Concurrent marking (unload classes)
[1.016s][info][gc,task     ] GC(66) Using 2 of 8 workers for concurrent marking
[1.021s][info][gc          ] GC(66) Concurrent marking (unload classes) 4.894ms
[1.021s][info][gc,start    ] GC(66) Pause Final Mark (unload classes)
[1.021s][info][gc,task     ] GC(66) Using 8 of 8 workers for final marking
[1.030s][info][gc,ergo     ] GC(66) Collectable Garbage: 2912K (100%), Immediate: 0B (0%), CSet: 2912K (100%)
[1.030s][info][gc,ergo     ] GC(66) Pacer for Evacuation. Used CSet: 11210K, Free: 1871M, Non-Taxable: 187M, Alloc Tax Rate: 1.1x
[1.030s][info][gc          ] GC(66) Pause Final Mark (unload classes) 8.871ms
[1.030s][info][gc,start    ] GC(66) Concurrent thread roots
[1.030s][info][gc,task     ] GC(66) Using 2 of 8 workers for Concurrent thread roots
[1.030s][info][gc          ] GC(66) Concurrent thread roots 0.057ms
[1.030s][info][gc,start    ] GC(66) Concurrent weak references
[1.030s][info][gc,task     ] GC(66) Using 2 of 8 workers for concurrent weak references
[1.031s][info][gc,ref      ] GC(66) Encountered references: Soft: 240, Weak: 691, Final: 0, Phantom: 580
[1.031s][info][gc,ref      ] GC(66) Discovered  references: Soft: 0, Weak: 291, Final: 0, Phantom: 580
[1.031s][info][gc,ref      ] GC(66) Enqueued    references: Soft: 0, Weak: 4, Final: 0, Phantom: 2
[1.031s][info][gc          ] GC(66) Concurrent weak references 0.117ms
[1.031s][info][gc,start    ] GC(66) Concurrent weak roots
[1.031s][info][gc,task     ] GC(66) Using 2 of 8 workers for concurrent weak root
[1.031s][info][gc          ] GC(66) Concurrent weak roots 0.376ms
[1.031s][info][gc,start    ] GC(66) Concurrent cleanup
[1.031s][info][gc          ] GC(66) Concurrent cleanup 13M->13M(143M) 0.065ms
[1.031s][info][gc,ergo     ] GC(66) Free: 1871M, Max: 512K regular, 1871M humongous, Frag: 0% external, 0% internal; Reserve: 101635K, Max: 512K
[1.031s][info][gc,start    ] GC(66) Concurrent class unloading
[1.031s][info][gc,task     ] GC(66) Using 2 of 8 workers for concurrent class unloading
[1.032s][info][gc          ] GC(66) Concurrent class unloading 0.790ms
[1.032s][info][gc,start    ] GC(66) Concurrent strong roots
[1.032s][info][gc,task     ] GC(66) Using 2 of 8 workers for concurrent strong root
[1.032s][info][gc          ] GC(66) Concurrent strong roots 0.136ms
[1.032s][info][gc,start    ] GC(66) Concurrent evacuation
[1.032s][info][gc,task     ] GC(66) Using 2 of 8 workers for concurrent evacuation
[1.034s][info][gc          ] GC(66) Concurrent evacuation 1.711ms
[1.034s][info][gc,start    ] GC(66) Pause Init Update Refs
[1.034s][info][gc,ergo     ] GC(66) Pacer for Update Refs. Used: 24017K, Free: 1871M, Non-Taxable: 187M, Alloc Tax Rate: 1.1x
[1.034s][info][gc          ] GC(66) Pause Init Update Refs 0.036ms
[1.034s][info][gc,start    ] GC(66) Concurrent update references
[1.034s][info][gc,task     ] GC(66) Using 2 of 8 workers for concurrent reference update
[1.036s][info][gc          ] GC(66) Concurrent update references 1.572ms
[1.036s][info][gc,start    ] GC(66) Concurrent update thread roots
[1.043s][info][gc          ] GC(66) Concurrent update thread roots 7.443ms
[1.044s][info][gc,start    ] GC(66) Pause Final Update Refs
[1.044s][info][gc,task     ] GC(66) Using 8 of 8 workers for final reference update
[1.044s][info][gc          ] GC(66) Pause Final Update Refs 0.054ms
[1.044s][info][gc,start    ] GC(66) Concurrent cleanup
[1.044s][info][gc          ] GC(66) Concurrent cleanup 23M->13M(144M) 0.054ms
[1.044s][info][gc,ergo     ] Free: 1871M, Max: 512K regular, 1870M humongous, Frag: 1% external, 0% internal; Reserve: 101888K, Max: 512K
[1.044s][info][gc,stats    ] 
[1.044s][info][gc,stats    ] All times are wall-clock times, except per-root-class counters, that are sum over
[1.044s][info][gc,stats    ] all workers. Dividing the <total> over the root stage time estimates parallelism.
[1.044s][info][gc,stats    ] 
[1.044s][info][gc,stats    ] Concurrent Reset                    248 us
[1.044s][info][gc,stats    ] Pause Init Mark (G)                 343 us
[1.044s][info][gc,stats    ] Pause Init Mark (N)                  62 us
[1.044s][info][gc,stats    ]   Update Region States               17 us
[1.044s][info][gc,stats    ] Concurrent Mark Roots               194 us, parallelism: 0.98x
[1.044s][info][gc,stats    ]   CMR: <total>                      190 us
[1.044s][info][gc,stats    ]   CMR: Thread Roots                 134 us, workers (us):  15, 118, ---, ---, ---, ---, ---, ---, 
[1.044s][info][gc,stats    ]   CMR: VM Strong Roots                4 us, workers (us):   3,   0, ---, ---, ---, ---, ---, ---, 
[1.044s][info][gc,stats    ]   CMR: CLDG Roots                    52 us, workers (us):  52, ---, ---, ---, ---, ---, ---, ---, 
[1.044s][info][gc,stats    ] Concurrent Marking                 4916 us
[1.044s][info][gc,stats    ] Pause Final Mark (G)               8967 us
[1.044s][info][gc,stats    ] Pause Final Mark (N)               8880 us
[1.044s][info][gc,stats    ]   Finish Mark                      8766 us
[1.044s][info][gc,stats    ]   Update Region States               18 us
[1.044s][info][gc,stats    ]   Choose Collection Set              39 us
[1.044s][info][gc,stats    ]   Rebuild Free Set                   15 us
[1.044s][info][gc,stats    ] Concurrent Thread Roots              66 us, parallelism: 0.90x
[1.044s][info][gc,stats    ]   CTR: <total>                       59 us
[1.044s][info][gc,stats    ]   CTR: Thread Roots                  59 us, workers (us):  31,  28, ---, ---, ---, ---, ---, ---, 
[1.044s][info][gc,stats    ] Concurrent Weak References          125 us, parallelism: 0.54x
[1.044s][info][gc,stats    ]   CWRF: <total>                      68 us
[1.044s][info][gc,stats    ]   CWRF: Weak References              68 us, workers (us):  67,   1, ---, ---, ---, ---, ---, ---, 
[1.044s][info][gc,stats    ] Concurrent Weak Roots               394 us
[1.044s][info][gc,stats    ]   Roots                             265 us, parallelism: 1.35x
[1.044s][info][gc,stats    ]     CWR: <total>                    357 us
[1.044s][info][gc,stats    ]     CWR: Code Cache Roots           193 us, workers (us): 120,  72, ---, ---, ---, ---, ---, ---, 
[1.044s][info][gc,stats    ]     CWR: VM Weak Roots              161 us, workers (us): 118,  42, ---, ---, ---, ---, ---, ---, 
[1.044s][info][gc,stats    ]     CWR: CLDG Roots                   4 us, workers (us): ---,   4, ---, ---, ---, ---, ---, ---, 
[1.044s][info][gc,stats    ]   Rendezvous                         96 us
[1.044s][info][gc,stats    ] Concurrent Cleanup                   73 us
[1.044s][info][gc,stats    ] Concurrent Class Unloading          804 us
[1.044s][info][gc,stats    ]   Unlink Stale                      645 us
[1.044s][info][gc,stats    ]     System Dictionary                19 us
[1.044s][info][gc,stats    ]     Weak Class Links                  0 us
[1.044s][info][gc,stats    ]     Code Roots                      625 us
[1.044s][info][gc,stats    ]   Rendezvous                         95 us
[1.044s][info][gc,stats    ]   Purge Unlinked                     28 us
[1.044s][info][gc,stats    ]     Code Roots                       26 us
[1.044s][info][gc,stats    ]     CLDG                              2 us
[1.044s][info][gc,stats    ]     Exception Caches                  0 us
[1.044s][info][gc,stats    ] Concurrent Strong Roots             149 us, parallelism: 0.68x
[1.044s][info][gc,stats    ]   CSR: <total>                      102 us
[1.044s][info][gc,stats    ]   CSR: VM Strong Roots                8 us, workers (us):   6,   2, ---, ---, ---, ---, ---, ---, 
[1.044s][info][gc,stats    ]   CSR: CLDG Roots                    94 us, workers (us):  94, ---, ---, ---, ---, ---, ---, ---, 
[1.044s][info][gc,stats    ] Concurrent Evacuation              1732 us
[1.044s][info][gc,stats    ] Pause Init Update Refs (G)          609 us
[1.044s][info][gc,stats    ] Pause Init Update Refs (N)           45 us
[1.044s][info][gc,stats    ]   Manage GCLABs                       4 us
[1.044s][info][gc,stats    ] Concurrent Update Refs             1594 us
[1.044s][info][gc,stats    ] Concurrent Update Thread Roots     7512 us
[1.044s][info][gc,stats    ] Pause Final Update Refs (G)         157 us
[1.044s][info][gc,stats    ] Pause Final Update Refs (N)          70 us
[1.044s][info][gc,stats    ]   Update Region States               15 us
[1.044s][info][gc,stats    ]   Trash Collection Set                2 us
[1.044s][info][gc,stats    ]   Rebuild Free Set                   17 us
[1.044s][info][gc,stats    ] Concurrent Cleanup                   62 us
[1.044s][info][gc,stats    ] 
[1.044s][info][gc,stats    ] Allocation pacing accrued:
[1.044s][info][gc,stats    ]       0 of    30 ms (  0.0%): <total>
[1.044s][info][gc,stats    ]       0 of    30 ms (  0.0%): <average total>
[1.044s][info][gc,stats    ] 
[1.044s][info][gc,metaspace] Metaspace: 3905K(4096K)->4053K(4224K) NonClass: 3521K(3648K)->3652K(3776K) Class: 383K(448K)->401K(448K)
[1.044s][info][gc,ergo     ] Pacer for Idle. Initial: 40642K, Alloc Tax Rate: 1.0x
[1.045s][info][gc          ] Trigger: Start next cycle immediately
[1.045s][info][gc,ergo     ] Free: 1871M, Max: 512K regular, 1870M humongous, Frag: 1% external, 0% internal; Reserve: 101888K, Max: 512K
[1.045s][info][gc,start    ] GC(67) Concurrent reset
[1.045s][info][gc,task     ] GC(67) Using 2 of 8 workers for concurrent reset
[1.045s][info][gc,ergo     ] GC(67) Pacer for Reset. Non-Taxable: 1984M
[1.046s][info][gc          ] GC(67) Concurrent reset 0.170ms
[1.046s][info][gc,start    ] GC(67) Pause Init Mark (unload classes)
[1.046s][info][gc,task     ] GC(67) Using 8 of 8 workers for init marking
[1.046s][info][gc,ergo     ] GC(67) Pacer for Mark. Expected Live: 9868K, Free: 1871M, Non-Taxable: 187M, Alloc Tax Rate: 0.0x
[1.046s][info][gc          ] GC(67) Pause Init Mark (unload classes) 0.041ms
[1.046s][info][gc,start    ] GC(67) Concurrent marking roots
[1.046s][info][gc,task     ] GC(67) Using 2 of 8 workers for concurrent marking roots
[1.046s][info][gc          ] GC(67) Concurrent marking roots 0.099ms
[1.046s][info][gc,start    ] GC(67) Concurrent marking (unload classes)
[1.046s][info][gc,task     ] GC(67) Using 2 of 8 workers for concurrent marking
[1.049s][info][gc          ] GC(67) Concurrent marking (unload classes) 2.892ms
[1.049s][info][gc,start    ] GC(67) Pause Final Mark (unload classes)
[1.049s][info][gc,task     ] GC(67) Using 8 of 8 workers for final marking
[1.054s][info][gc,ergo     ] GC(67) Collectable Garbage: 3900K (100%), Immediate: 0B (0%), CSet: 3900K (100%)
[1.054s][info][gc,ergo     ] GC(67) Pacer for Evacuation. Used CSet: 12223K, Free: 1870M, Non-Taxable: 187M, Alloc Tax Rate: 1.1x
[1.054s][info][gc          ] GC(67) Pause Final Mark (unload classes) 5.595ms
[1.054s][info][gc,start    ] GC(67) Concurrent thread roots
[1.054s][info][gc,task     ] GC(67) Using 2 of 8 workers for Concurrent thread roots
[1.054s][info][gc          ] GC(67) Concurrent thread roots 0.099ms
[1.054s][info][gc,start    ] GC(67) Concurrent weak references
[1.054s][info][gc,task     ] GC(67) Using 2 of 8 workers for concurrent weak references
[1.055s][info][gc,ref      ] GC(67) Encountered references: Soft: 242, Weak: 715, Final: 0, Phantom: 587
[1.055s][info][gc,ref      ] GC(67) Discovered  references: Soft: 0, Weak: 240, Final: 0, Phantom: 586
[1.055s][info][gc,ref      ] GC(67) Enqueued    references: Soft: 0, Weak: 13, Final: 0, Phantom: 9
[1.055s][info][gc          ] GC(67) Concurrent weak references 0.115ms
[1.055s][info][gc,start    ] GC(67) Concurrent weak roots
[1.055s][info][gc,task     ] GC(67) Using 2 of 8 workers for concurrent weak root
[1.060s][info][gc          ] GC(67) Concurrent weak roots 5.812ms
[1.060s][info][gc,start    ] GC(67) Concurrent cleanup
[1.060s][info][gc          ] GC(67) Concurrent cleanup 14M->14M(144M) 0.063ms
[1.061s][info][gc,ergo     ] GC(67) Free: 1870M, Max: 512K regular, 1870M humongous, Frag: 0% external, 0% internal; Reserve: 101617K, Max: 512K
[1.061s][info][gc,start    ] GC(67) Concurrent class unloading
[1.061s][info][gc,task     ] GC(67) Using 2 of 8 workers for concurrent class unloading
[1.062s][info][gc          ] GC(67) Concurrent class unloading 1.262ms
[1.062s][info][gc,start    ] GC(67) Concurrent strong roots
[1.062s][info][gc,task     ] GC(67) Using 2 of 8 workers for concurrent strong root
[1.062s][info][gc          ] GC(67) Concurrent strong roots 0.153ms
[1.062s][info][gc,start    ] GC(67) Concurrent evacuation
[1.062s][info][gc,task     ] GC(67) Using 2 of 8 workers for concurrent evacuation
[1.063s][info][gc          ] GC(67) Concurrent evacuation 1.478ms
[1.064s][info][gc,start    ] GC(67) Pause Init Update Refs
[1.064s][info][gc,ergo     ] GC(67) Pacer for Update Refs. Used: 24575K, Free: 1870M, Non-Taxable: 187M, Alloc Tax Rate: 1.1x
[1.064s][info][gc          ] GC(67) Pause Init Update Refs 0.031ms
[1.064s][info][gc,start    ] GC(67) Concurrent update references
[1.064s][info][gc,task     ] GC(67) Using 2 of 8 workers for concurrent reference update
[1.065s][info][gc          ] GC(67) Concurrent update references 1.534ms
[1.065s][info][gc,start    ] GC(67) Concurrent update thread roots
[1.073s][info][gc          ] GC(67) Concurrent update thread roots 7.934ms
[1.073s][info][gc,start    ] GC(67) Pause Final Update Refs
[1.073s][info][gc,task     ] GC(67) Using 8 of 8 workers for final reference update
[1.073s][info][gc          ] GC(67) Pause Final Update Refs 0.081ms
[1.073s][info][gc,start    ] GC(67) Concurrent cleanup
[1.074s][info][gc          ] GC(67) Concurrent cleanup 23M->12M(144M) 0.072ms
[1.074s][info][gc,ergo     ] Free: 1872M, Max: 512K regular, 1871M humongous, Frag: 1% external, 0% internal; Reserve: 101888K, Max: 512K
[1.074s][info][gc,stats    ] 
[1.074s][info][gc,stats    ] All times are wall-clock times, except per-root-class counters, that are sum over
[1.074s][info][gc,stats    ] all workers. Dividing the <total> over the root stage time estimates parallelism.
[1.074s][info][gc,stats    ] 
[1.074s][info][gc,stats    ] Concurrent Reset                    180 us
[1.074s][info][gc,stats    ] Pause Init Mark (G)                 134 us
[1.074s][info][gc,stats    ] Pause Init Mark (N)                  49 us
[1.074s][info][gc,stats    ]   Update Region States               12 us
[1.074s][info][gc,stats    ] Concurrent Mark Roots               108 us, parallelism: 1.02x
[1.074s][info][gc,stats    ]   CMR: <total>                      111 us
[1.074s][info][gc,stats    ]   CMR: Thread Roots                  62 us, workers (us):  13,  49, ---, ---, ---, ---, ---, ---, 
[1.074s][info][gc,stats    ]   CMR: VM Strong Roots                5 us, workers (us):   5,   1, ---, ---, ---, ---, ---, ---, 
[1.074s][info][gc,stats    ]   CMR: CLDG Roots                    44 us, workers (us):  44, ---, ---, ---, ---, ---, ---, ---, 
[1.074s][info][gc,stats    ] Concurrent Marking                 2912 us
[1.074s][info][gc,stats    ] Pause Final Mark (G)               5689 us
[1.074s][info][gc,stats    ] Pause Final Mark (N)               5604 us
[1.074s][info][gc,stats    ]   Finish Mark                      5486 us
[1.074s][info][gc,stats    ]   Update Region States               15 us
[1.074s][info][gc,stats    ]   Choose Collection Set              44 us
[1.074s][info][gc,stats    ]   Rebuild Free Set                   16 us
[1.074s][info][gc,stats    ] Concurrent Thread Roots             110 us, parallelism: 0.54x
[1.074s][info][gc,stats    ]   CTR: <total>                       59 us
[1.074s][info][gc,stats    ]   CTR: Thread Roots                  59 us, workers (us):  59,   0, ---, ---, ---, ---, ---, ---, 
[1.074s][info][gc,stats    ] Concurrent Weak References          123 us, parallelism: 0.53x
[1.074s][info][gc,stats    ]   CWRF: <total>                      65 us
[1.074s][info][gc,stats    ]   CWRF: Weak References              65 us, workers (us):  57,   8, ---, ---, ---, ---, ---, ---, 
[1.074s][info][gc,stats    ] Concurrent Weak Roots              5836 us
[1.074s][info][gc,stats    ]   Roots                             264 us, parallelism: 1.44x
[1.074s][info][gc,stats    ]     CWR: <total>                    381 us
[1.074s][info][gc,stats    ]     CWR: Code Cache Roots           209 us, workers (us): 128,  81, ---, ---, ---, ---, ---, ---, 
[1.074s][info][gc,stats    ]     CWR: VM Weak Roots              171 us, workers (us): 119,  52, ---, ---, ---, ---, ---, ---, 
[1.074s][info][gc,stats    ]     CWR: CLDG Roots                   1 us, workers (us):   1, ---, ---, ---, ---, ---, ---, ---, 
[1.074s][info][gc,stats    ]   Rendezvous                       5516 us
[1.074s][info][gc,stats    ] Concurrent Cleanup                   72 us
[1.074s][info][gc,stats    ] Concurrent Class Unloading         1277 us
[1.074s][info][gc,stats    ]   Unlink Stale                      459 us
[1.074s][info][gc,stats    ]     System Dictionary                25 us
[1.074s][info][gc,stats    ]     Weak Class Links                  0 us
[1.074s][info][gc,stats    ]     Code Roots                      434 us
[1.074s][info][gc,stats    ]   Rendezvous                        751 us
[1.074s][info][gc,stats    ]   Purge Unlinked                     33 us
[1.074s][info][gc,stats    ]     Code Roots                       31 us
[1.074s][info][gc,stats    ]     CLDG                              2 us
[1.074s][info][gc,stats    ]     Exception Caches                  0 us
[1.074s][info][gc,stats    ] Concurrent Strong Roots             165 us, parallelism: 0.67x
[1.074s][info][gc,stats    ]   CSR: <total>                      110 us
[1.074s][info][gc,stats    ]   CSR: VM Strong Roots                9 us, workers (us):   8,   0, ---, ---, ---, ---, ---, ---, 
[1.074s][info][gc,stats    ]   CSR: CLDG Roots                   102 us, workers (us): 102, ---, ---, ---, ---, ---, ---, ---, 
[1.074s][info][gc,stats    ] Concurrent Evacuation              1504 us
[1.074s][info][gc,stats    ] Pause Init Update Refs (G)          323 us
[1.074s][info][gc,stats    ] Pause Init Update Refs (N)           40 us
[1.074s][info][gc,stats    ]   Manage GCLABs                       4 us
[1.074s][info][gc,stats    ] Concurrent Update Refs             1559 us
[1.074s][info][gc,stats    ] Concurrent Update Thread Roots     7958 us
[1.074s][info][gc,stats    ] Pause Final Update Refs (G)         127 us
[1.074s][info][gc,stats    ] Pause Final Update Refs (N)          92 us
[1.074s][info][gc,stats    ]   Update Region States               23 us
[1.074s][info][gc,stats    ]   Trash Collection Set                3 us
[1.074s][info][gc,stats    ]   Rebuild Free Set                   20 us
[1.074s][info][gc,stats    ] Concurrent Cleanup                   82 us
[1.074s][info][gc,stats    ] 
[1.074s][info][gc,stats    ] Allocation pacing accrued:
[1.074s][info][gc,stats    ]       0 of    30 ms (  0.0%): <total>
[1.074s][info][gc,stats    ]       0 of    30 ms (  0.0%): <average total>
[1.074s][info][gc,stats    ] 
[1.074s][info][gc,metaspace] Metaspace: 4090K(4288K)->4115K(4352K) NonClass: 3684K(3776K)->3706K(3840K) Class: 406K(512K)->409K(512K)
[1.074s][info][gc,ergo     ] Pacer for Idle. Initial: 40642K, Alloc Tax Rate: 1.0x
[1.076s][info][gc          ] Trigger: Start next cycle immediately
[1.076s][info][gc,ergo     ] Free: 1872M, Max: 512K regular, 1871M humongous, Frag: 1% external, 0% internal; Reserve: 101888K, Max: 512K
[1.076s][info][gc,start    ] GC(68) Concurrent reset
[1.076s][info][gc,task     ] GC(68) Using 2 of 8 workers for concurrent reset
[1.076s][info][gc,ergo     ] GC(68) Pacer for Reset. Non-Taxable: 1984M
[1.076s][info][gc          ] GC(68) Concurrent reset 0.248ms
[1.076s][info][gc,start    ] GC(68) Pause Init Mark (unload classes)
[1.076s][info][gc,task     ] GC(68) Using 8 of 8 workers for init marking
[1.076s][info][gc,ergo     ] GC(68) Pacer for Mark. Expected Live: 9896K, Free: 1872M, Non-Taxable: 187M, Alloc Tax Rate: 0.0x
[1.076s][info][gc          ] GC(68) Pause Init Mark (unload classes) 0.088ms
[1.076s][info][gc,start    ] GC(68) Concurrent marking roots
[1.076s][info][gc,task     ] GC(68) Using 2 of 8 workers for concurrent marking roots
[1.076s][info][gc          ] GC(68) Concurrent marking roots 0.155ms
[1.076s][info][gc,start    ] GC(68) Concurrent marking (unload classes)
[1.076s][info][gc,task     ] GC(68) Using 2 of 8 workers for concurrent marking
[1.082s][info][gc          ] GC(68) Concurrent marking (unload classes) 6.024ms
[1.082s][info][gc,start    ] GC(68) Pause Final Mark (unload classes)
[1.082s][info][gc,task     ] GC(68) Using 8 of 8 workers for final marking
[1.083s][info][gc,ergo     ] GC(68) Collectable Garbage: 2421K (100%), Immediate: 0B (0%), CSet: 2421K (100%)
[1.083s][info][gc,ergo     ] GC(68) Pacer for Evacuation. Used CSet: 10748K, Free: 1872M, Non-Taxable: 187M, Alloc Tax Rate: 1.1x
[1.083s][info][gc          ] GC(68) Pause Final Mark (unload classes) 0.337ms
[1.083s][info][gc,start    ] GC(68) Concurrent thread roots
[1.083s][info][gc,task     ] GC(68) Using 2 of 8 workers for Concurrent thread roots
[1.083s][info][gc          ] GC(68) Concurrent thread roots 0.070ms
[1.083s][info][gc,start    ] GC(68) Concurrent weak references
[1.083s][info][gc,task     ] GC(68) Using 2 of 8 workers for concurrent weak references
[1.083s][info][gc,ref      ] GC(68) Encountered references: Soft: 242, Weak: 720, Final: 0, Phantom: 586
[1.083s][info][gc,ref      ] GC(68) Discovered  references: Soft: 0, Weak: 249, Final: 0, Phantom: 585
[1.083s][info][gc,ref      ] GC(68) Enqueued    references: Soft: 0, Weak: 6, Final: 0, Phantom: 8
[1.083s][info][gc          ] GC(68) Concurrent weak references 0.108ms
[1.083s][info][gc,start    ] GC(68) Concurrent weak roots
[1.083s][info][gc,task     ] GC(68) Using 2 of 8 workers for concurrent weak root
[1.083s][info][gc          ] GC(68) Concurrent weak roots 0.298ms
[1.083s][info][gc,start    ] GC(68) Concurrent cleanup
[1.083s][info][gc          ] GC(68) Concurrent cleanup 13M->13M(144M) 0.057ms
[1.083s][info][gc,ergo     ] GC(68) Free: 1871M, Max: 512K regular, 1871M humongous, Frag: 1% external, 0% internal; Reserve: 101690K, Max: 512K
[1.083s][info][gc,start    ] GC(68) Concurrent class unloading
[1.083s][info][gc,task     ] GC(68) Using 2 of 8 workers for concurrent class unloading
[1.084s][info][gc          ] GC(68) Concurrent class unloading 1.007ms
[1.084s][info][gc,start    ] GC(68) Concurrent strong roots
[1.084s][info][gc,task     ] GC(68) Using 2 of 8 workers for concurrent strong root
[1.085s][info][gc          ] GC(68) Concurrent strong roots 0.152ms
[1.085s][info][gc,start    ] GC(68) Concurrent evacuation
[1.085s][info][gc,task     ] GC(68) Using 2 of 8 workers for concurrent evacuation
[1.086s][info][gc          ] GC(68) Concurrent evacuation 1.461ms
[1.086s][info][gc,start    ] GC(68) Pause Init Update Refs
[1.086s][info][gc,ergo     ] GC(68) Pacer for Update Refs. Used: 22906K, Free: 1871M, Non-Taxable: 187M, Alloc Tax Rate: 1.1x
[1.086s][info][gc          ] GC(68) Pause Init Update Refs 0.047ms
[1.086s][info][gc,start    ] GC(68) Concurrent update references
[1.086s][info][gc,task     ] GC(68) Using 2 of 8 workers for concurrent reference update
[1.088s][info][gc          ] GC(68) Concurrent update references 1.461ms
[1.088s][info][gc,start    ] GC(68) Concurrent update thread roots
[1.088s][info][gc          ] GC(68) Concurrent update thread roots 0.143ms
[1.088s][info][gc,start    ] GC(68) Pause Final Update Refs
[1.088s][info][gc,task     ] GC(68) Using 8 of 8 workers for final reference update
[1.088s][info][gc          ] GC(68) Pause Final Update Refs 0.069ms
[1.088s][info][gc,start    ] GC(68) Concurrent cleanup
[1.088s][info][gc          ] GC(68) Concurrent cleanup 22M->11M(144M) 0.063ms
[1.088s][info][gc,ergo     ] Free: 1872M, Max: 512K regular, 1872M humongous, Frag: 1% external, 0% internal; Reserve: 101888K, Max: 512K
[1.088s][info][gc,stats    ] 
[1.088s][info][gc,stats    ] All times are wall-clock times, except per-root-class counters, that are sum over
[1.088s][info][gc,stats    ] all workers. Dividing the <total> over the root stage time estimates parallelism.
[1.088s][info][gc,stats    ] 
[1.088s][info][gc,stats    ] Concurrent Reset                    262 us
[1.088s][info][gc,stats    ] Pause Init Mark (G)                 197 us
[1.088s][info][gc,stats    ] Pause Init Mark (N)                  96 us
[1.088s][info][gc,stats    ]   Update Region States               24 us
[1.088s][info][gc,stats    ] Concurrent Mark Roots               167 us, parallelism: 0.59x
[1.088s][info][gc,stats    ]   CMR: <total>                       99 us
[1.088s][info][gc,stats    ]   CMR: Thread Roots                  29 us, workers (us):  29,   0, ---, ---, ---, ---, ---, ---, 
[1.088s][info][gc,stats    ]   CMR: VM Strong Roots                5 us, workers (us):   5,   0, ---, ---, ---, ---, ---, ---, 
[1.088s][info][gc,stats    ]   CMR: CLDG Roots                    65 us, workers (us):  65, ---, ---, ---, ---, ---, ---, ---, 
[1.088s][info][gc,stats    ] Concurrent Marking                 6046 us
[1.088s][info][gc,stats    ] Pause Final Mark (G)                499 us
[1.088s][info][gc,stats    ] Pause Final Mark (N)                345 us
[1.088s][info][gc,stats    ]   Finish Mark                       227 us
[1.088s][info][gc,stats    ]   Update Region States               16 us
[1.088s][info][gc,stats    ]   Choose Collection Set              34 us
[1.088s][info][gc,stats    ]   Rebuild Free Set                   15 us
[1.088s][info][gc,stats    ] Concurrent Thread Roots              80 us, parallelism: 0.59x
[1.088s][info][gc,stats    ]   CTR: <total>                       47 us
[1.088s][info][gc,stats    ]   CTR: Thread Roots                  47 us, workers (us):  29,  18, ---, ---, ---, ---, ---, ---, 
[1.088s][info][gc,stats    ] Concurrent Weak References          116 us, parallelism: 0.56x
[1.088s][info][gc,stats    ]   CWRF: <total>                      65 us
[1.088s][info][gc,stats    ]   CWRF: Weak References              65 us, workers (us):  57,   7, ---, ---, ---, ---, ---, ---, 
[1.088s][info][gc,stats    ] Concurrent Weak Roots               313 us
[1.088s][info][gc,stats    ]   Roots                             266 us, parallelism: 1.61x
[1.088s][info][gc,stats    ]     CWR: <total>                    428 us
[1.088s][info][gc,stats    ]     CWR: Code Cache Roots           258 us, workers (us):  99, 159, ---, ---, ---, ---, ---, ---, 
[1.088s][info][gc,stats    ]     CWR: VM Weak Roots              167 us, workers (us):  89,  78, ---, ---, ---, ---, ---, ---, 
[1.088s][info][gc,stats    ]     CWR: CLDG Roots                   4 us, workers (us): ---,   4, ---, ---, ---, ---, ---, ---, 
[1.088s][info][gc,stats    ]   Rendezvous                         18 us
[1.088s][info][gc,stats    ] Concurrent Cleanup                   65 us
[1.088s][info][gc,stats    ] Concurrent Class Unloading         1022 us
[1.089s][info][gc,stats    ]   Unlink Stale                      857 us
[1.089s][info][gc,stats    ]     System Dictionary                22 us
[1.089s][info][gc,stats    ]     Weak Class Links                  0 us
[1.089s][info][gc,stats    ]     Code Roots                      834 us
[1.089s][info][gc,stats    ]   Rendezvous                        110 us
[1.089s][info][gc,stats    ]   Purge Unlinked                     22 us
[1.089s][info][gc,stats    ]     Code Roots                       20 us
[1.089s][info][gc,stats    ]     CLDG                              2 us
[1.089s][info][gc,stats    ]     Exception Caches                  0 us
[1.089s][info][gc,stats    ] Concurrent Strong Roots             163 us, parallelism: 0.76x
[1.089s][info][gc,stats    ]   CSR: <total>                      125 us
[1.089s][info][gc,stats    ]   CSR: VM Strong Roots               17 us, workers (us):   8,  10, ---, ---, ---, ---, ---, ---, 
[1.089s][info][gc,stats    ]   CSR: CLDG Roots                   108 us, workers (us): 108, ---, ---, ---, ---, ---, ---, ---, 
[1.089s][info][gc,stats    ] Concurrent Evacuation              1481 us
[1.089s][info][gc,stats    ] Pause Init Update Refs (G)          152 us
[1.089s][info][gc,stats    ] Pause Init Update Refs (N)           56 us
[1.089s][info][gc,stats    ]   Manage GCLABs                       3 us
[1.089s][info][gc,stats    ] Concurrent Update Refs             1483 us
[1.089s][info][gc,stats    ] Concurrent Update Thread Roots      153 us
[1.089s][info][gc,stats    ] Pause Final Update Refs (G)         234 us
[1.089s][info][gc,stats    ] Pause Final Update Refs (N)          79 us
[1.089s][info][gc,stats    ]   Update Region States               15 us
[1.089s][info][gc,stats    ]   Trash Collection Set                2 us
[1.089s][info][gc,stats    ]   Rebuild Free Set                   18 us
[1.089s][info][gc,stats    ] Concurrent Cleanup                   72 us
[1.089s][info][gc,stats    ] 
[1.089s][info][gc,stats    ] Allocation pacing accrued:
[1.089s][info][gc,stats    ]       0 of    15 ms (  0.0%): <total>
[1.089s][info][gc,stats    ]       0 of    15 ms (  0.0%): <average total>
[1.089s][info][gc,stats    ] 
[1.089s][info][gc,metaspace] Metaspace: 4121K(4352K)->4295K(4480K) NonClass: 3711K(3840K)->3860K(3968K) Class: 410K(512K)->434K(512K)
[1.089s][info][gc,ergo     ] Pacer for Idle. Initial: 40642K, Alloc Tax Rate: 1.0x
[1.090s][info][gc          ] Trigger: Start next cycle immediately
[1.090s][info][gc,ergo     ] Free: 1872M, Max: 512K regular, 1872M humongous, Frag: 1% external, 0% internal; Reserve: 101888K, Max: 512K
[1.090s][info][gc,start    ] GC(69) Concurrent reset
[1.090s][info][gc,task     ] GC(69) Using 2 of 8 workers for concurrent reset
[1.090s][info][gc,ergo     ] GC(69) Pacer for Reset. Non-Taxable: 1984M
[1.090s][info][gc          ] GC(69) Concurrent reset 0.185ms
[1.092s][info][gc,start    ] GC(69) Pause Init Mark (unload classes)
[1.092s][info][gc,task     ] GC(69) Using 8 of 8 workers for init marking
[1.092s][info][gc,ergo     ] GC(69) Pacer for Mark. Expected Live: 9906K, Free: 1872M, Non-Taxable: 187M, Alloc Tax Rate: 0.0x
[1.092s][info][gc          ] GC(69) Pause Init Mark (unload classes) 0.069ms
[1.092s][info][gc,start    ] GC(69) Concurrent marking roots
[1.092s][info][gc,task     ] GC(69) Using 2 of 8 workers for concurrent marking roots
[1.092s][info][gc          ] GC(69) Concurrent marking roots 0.215ms
[1.092s][info][gc,start    ] GC(69) Concurrent marking (unload classes)
[1.092s][info][gc,task     ] GC(69) Using 2 of 8 workers for concurrent marking
[1.094s][info][gc          ] GC(69) Concurrent marking (unload classes) 1.627ms
[1.094s][info][gc,start    ] GC(69) Pause Final Mark (unload classes)
[1.094s][info][gc,task     ] GC(69) Using 8 of 8 workers for final marking
[1.095s][info][gc,ergo     ] GC(69) Collectable Garbage: 2196K (100%), Immediate: 0B (0%), CSet: 2196K (100%)
[1.095s][info][gc,ergo     ] GC(69) Pacer for Evacuation. Used CSet: 10558K, Free: 1872M, Non-Taxable: 187M, Alloc Tax Rate: 1.1x
[1.095s][info][gc          ] GC(69) Pause Final Mark (unload classes) 0.373ms
[1.095s][info][gc,start    ] GC(69) Concurrent thread roots
[1.095s][info][gc,task     ] GC(69) Using 2 of 8 workers for Concurrent thread roots
[1.095s][info][gc          ] GC(69) Concurrent thread roots 0.084ms
[1.095s][info][gc,start    ] GC(69) Concurrent weak references
[1.095s][info][gc,task     ] GC(69) Using 2 of 8 workers for concurrent weak references
[1.095s][info][gc,ref      ] GC(69) Encountered references: Soft: 242, Weak: 716, Final: 0, Phantom: 580
[1.095s][info][gc,ref      ] GC(69) Discovered  references: Soft: 0, Weak: 296, Final: 0, Phantom: 580
[1.095s][info][gc,ref      ] GC(69) Enqueued    references: Soft: 0, Weak: 0, Final: 0, Phantom: 0
[1.095s][info][gc          ] GC(69) Concurrent weak references 0.112ms
[1.095s][info][gc,start    ] GC(69) Concurrent weak roots
[1.095s][info][gc,task     ] GC(69) Using 2 of 8 workers for concurrent weak root
[1.095s][info][gc          ] GC(69) Concurrent weak roots 0.543ms
[1.095s][info][gc,start    ] GC(69) Concurrent cleanup
[1.096s][info][gc          ] GC(69) Concurrent cleanup 12M->12M(144M) 0.056ms
[1.096s][info][gc,ergo     ] GC(69) Free: 1872M, Max: 512K regular, 1872M humongous, Frag: 0% external, 0% internal; Reserve: 101670K, Max: 512K
[1.096s][info][gc,start    ] GC(69) Concurrent class unloading
[1.096s][info][gc,task     ] GC(69) Using 2 of 8 workers for concurrent class unloading
[1.097s][info][gc          ] GC(69) Concurrent class unloading 1.429ms
[1.097s][info][gc,start    ] GC(69) Concurrent strong roots
[1.097s][info][gc,task     ] GC(69) Using 2 of 8 workers for concurrent strong root
[1.097s][info][gc          ] GC(69) Concurrent strong roots 0.148ms
[1.097s][info][gc,start    ] GC(69) Concurrent evacuation
[1.097s][info][gc,task     ] GC(69) Using 2 of 8 workers for concurrent evacuation
[1.099s][info][gc          ] GC(69) Concurrent evacuation 1.429ms
[1.099s][info][gc,start    ] GC(69) Pause Init Update Refs
[1.099s][info][gc,ergo     ] GC(69) Pacer for Update Refs. Used: 23421K, Free: 1871M, Non-Taxable: 187M, Alloc Tax Rate: 1.1x
[1.099s][info][gc          ] GC(69) Pause Init Update Refs 0.040ms
[1.099s][info][gc,start    ] GC(69) Concurrent update references
[1.099s][info][gc,task     ] GC(69) Using 2 of 8 workers for concurrent reference update
[1.101s][info][gc          ] GC(69) Concurrent update references 1.976ms
[1.101s][info][gc,start    ] GC(69) Concurrent update thread roots
[1.101s][info][gc          ] GC(69) Concurrent update thread roots 0.420ms
[1.101s][info][gc,start    ] GC(69) Pause Final Update Refs
[1.101s][info][gc,task     ] GC(69) Using 8 of 8 workers for final reference update
[1.101s][info][gc          ] GC(69) Pause Final Update Refs 0.072ms
[1.101s][info][gc,start    ] GC(69) Concurrent cleanup
[1.101s][info][gc          ] GC(69) Concurrent cleanup 22M->12M(144M) 0.064ms
[1.101s][info][gc,ergo     ] Free: 1872M, Max: 512K regular, 1871M humongous, Frag: 1% external, 0% internal; Reserve: 101888K, Max: 512K
[1.101s][info][gc,stats    ] 
[1.101s][info][gc,stats    ] All times are wall-clock times, except per-root-class counters, that are sum over
[1.101s][info][gc,stats    ] all workers. Dividing the <total> over the root stage time estimates parallelism.
[1.101s][info][gc,stats    ] 
[1.101s][info][gc,stats    ] Concurrent Reset                    201 us
[1.101s][info][gc,stats    ] Pause Init Mark (G)                2180 us
[1.101s][info][gc,stats    ] Pause Init Mark (N)                  77 us
[1.101s][info][gc,stats    ]   Update Region States               21 us
[1.101s][info][gc,stats    ] Concurrent Mark Roots               228 us, parallelism: 0.99x
[1.101s][info][gc,stats    ]   CMR: <total>                      226 us
[1.101s][info][gc,stats    ]   CMR: Thread Roots                 163 us, workers (us):  20, 142, ---, ---, ---, ---, ---, ---, 
[1.101s][info][gc,stats    ]   CMR: VM Strong Roots                5 us, workers (us):   3,   2, ---, ---, ---, ---, ---, ---, 
[1.101s][info][gc,stats    ]   CMR: CLDG Roots                    59 us, workers (us):  59, ---, ---, ---, ---, ---, ---, ---, 
[1.102s][info][gc,stats    ] Concurrent Marking                 1646 us
[1.102s][info][gc,stats    ] Pause Final Mark (G)                537 us
[1.102s][info][gc,stats    ] Pause Final Mark (N)                381 us
[1.102s][info][gc,stats    ]   Finish Mark                       272 us
[1.102s][info][gc,stats    ]   Update Region States               17 us
[1.102s][info][gc,stats    ]   Choose Collection Set              30 us
[1.102s][info][gc,stats    ]   Rebuild Free Set                   15 us
[1.102s][info][gc,stats    ] Concurrent Thread Roots              94 us, parallelism: 0.54x
[1.102s][info][gc,stats    ]   CTR: <total>                       51 us
[1.102s][info][gc,stats    ]   CTR: Thread Roots                  51 us, workers (us):  51,   0, ---, ---, ---, ---, ---, ---, 
[1.102s][info][gc,stats    ] Concurrent Weak References          120 us, parallelism: 0.48x
[1.102s][info][gc,stats    ]   CWRF: <total>                      58 us
[1.102s][info][gc,stats    ]   CWRF: Weak References              58 us, workers (us):  50,   7, ---, ---, ---, ---, ---, ---, 
[1.102s][info][gc,stats    ] Concurrent Weak Roots               563 us
[1.102s][info][gc,stats    ]   Roots                             495 us, parallelism: 0.76x
[1.102s][info][gc,stats    ]     CWR: <total>                    375 us
[1.102s][info][gc,stats    ]     CWR: Code Cache Roots           190 us, workers (us): 190,   0, ---, ---, ---, ---, ---, ---, 
[1.102s][info][gc,stats    ]     CWR: VM Weak Roots              181 us, workers (us): 181,   0, ---, ---, ---, ---, ---, ---, 
[1.102s][info][gc,stats    ]     CWR: CLDG Roots                   3 us, workers (us):   3, ---, ---, ---, ---, ---, ---, ---, 
[1.102s][info][gc,stats    ]   Rendezvous                         23 us
[1.102s][info][gc,stats    ] Concurrent Cleanup                   65 us
[1.102s][info][gc,stats    ] Concurrent Class Unloading         1442 us
[1.102s][info][gc,stats    ]   Unlink Stale                     1368 us
[1.102s][info][gc,stats    ]     System Dictionary                24 us
[1.102s][info][gc,stats    ]     Weak Class Links                  0 us
[1.102s][info][gc,stats    ]     Code Roots                     1344 us
[1.102s][info][gc,stats    ]   Rendezvous                         21 us
[1.102s][info][gc,stats    ]   Purge Unlinked                     23 us
[1.102s][info][gc,stats    ]     Code Roots                       21 us
[1.102s][info][gc,stats    ]     CLDG                              2 us
[1.102s][info][gc,stats    ]     Exception Caches                  0 us
[1.102s][info][gc,stats    ] Concurrent Strong Roots             158 us, parallelism: 0.73x
[1.102s][info][gc,stats    ]   CSR: <total>                      115 us
[1.102s][info][gc,stats    ]   CSR: VM Strong Roots                8 us, workers (us):   5,   3, ---, ---, ---, ---, ---, ---, 
[1.102s][info][gc,stats    ]   CSR: CLDG Roots                   107 us, workers (us): 107, ---, ---, ---, ---, ---, ---, ---, 
[1.102s][info][gc,stats    ] Concurrent Evacuation              1451 us
[1.102s][info][gc,stats    ] Pause Init Update Refs (G)           83 us
[1.102s][info][gc,stats    ] Pause Init Update Refs (N)           48 us
[1.102s][info][gc,stats    ]   Manage GCLABs                       3 us
[1.102s][info][gc,stats    ] Concurrent Update Refs             1994 us
[1.102s][info][gc,stats    ] Concurrent Update Thread Roots      435 us
[1.102s][info][gc,stats    ] Pause Final Update Refs (G)         175 us
[1.102s][info][gc,stats    ] Pause Final Update Refs (N)          84 us
[1.102s][info][gc,stats    ]   Update Region States               17 us
[1.102s][info][gc,stats    ]   Trash Collection Set                2 us
[1.102s][info][gc,stats    ]   Rebuild Free Set                   16 us
[1.102s][info][gc,stats    ] Concurrent Cleanup                   73 us
[1.102s][info][gc,stats    ] 
[1.102s][info][gc,stats    ] Allocation pacing accrued:
[1.102s][info][gc,stats    ]       0 of    13 ms (  0.0%): <total>
[1.102s][info][gc,stats    ]       0 of    13 ms (  0.0%): <average total>
[1.102s][info][gc,stats    ] 
[1.102s][info][gc,metaspace] Metaspace: 4337K(4544K)->4394K(4544K) NonClass: 3898K(4032K)->3952K(4032K) Class: 438K(512K)->441K(512K)
[1.102s][info][gc,ergo     ] Pacer for Idle. Initial: 40642K, Alloc Tax Rate: 1.0x
[1.103s][info][gc          ] Trigger: Start next cycle immediately
[1.103s][info][gc,ergo     ] Free: 1872M, Max: 512K regular, 1871M humongous, Frag: 1% external, 0% internal; Reserve: 101888K, Max: 512K
[1.103s][info][gc,start    ] GC(70) Concurrent reset
[1.103s][info][gc,task     ] GC(70) Using 2 of 8 workers for concurrent reset
[1.103s][info][gc,ergo     ] GC(70) Pacer for Reset. Non-Taxable: 1984M
[1.103s][info][gc          ] GC(70) Concurrent reset 0.230ms
[1.103s][info][gc,start    ] GC(70) Pause Init Mark
[1.103s][info][gc,task     ] GC(70) Using 8 of 8 workers for init marking
[1.103s][info][gc,ergo     ] GC(70) Pacer for Mark. Expected Live: 9921K, Free: 1872M, Non-Taxable: 187M, Alloc Tax Rate: 0.0x
[1.103s][info][gc          ] GC(70) Pause Init Mark 0.070ms
[1.103s][info][gc,start    ] GC(70) Concurrent marking roots
[1.103s][info][gc,task     ] GC(70) Using 2 of 8 workers for concurrent marking roots
[1.112s][info][gc          ] GC(70) Concurrent marking roots 8.052ms
[1.112s][info][gc,start    ] GC(70) Concurrent marking
[1.112s][info][gc,task     ] GC(70) Using 2 of 8 workers for concurrent marking
[1.113s][info][gc          ] GC(70) Concurrent marking 1.697ms
[1.113s][info][gc,start    ] GC(70) Pause Final Mark
[1.113s][info][gc,task     ] GC(70) Using 8 of 8 workers for final marking
[1.114s][info][gc,ergo     ] GC(70) Collectable Garbage: 2848K (100%), Immediate: 0B (0%), CSet: 2848K (100%)
[1.114s][info][gc,ergo     ] GC(70) Pacer for Evacuation. Used CSet: 11260K, Free: 1872M, Non-Taxable: 187M, Alloc Tax Rate: 1.1x
[1.114s][info][gc          ] GC(70) Pause Final Mark 0.349ms
[1.114s][info][gc,start    ] GC(70) Concurrent thread roots
[1.114s][info][gc,task     ] GC(70) Using 2 of 8 workers for Concurrent thread roots
[1.114s][info][gc          ] GC(70) Concurrent thread roots 0.135ms
[1.114s][info][gc,start    ] GC(70) Concurrent weak references
[1.114s][info][gc,task     ] GC(70) Using 2 of 8 workers for concurrent weak references
[1.114s][info][gc,ref      ] GC(70) Encountered references: Soft: 242, Weak: 716, Final: 0, Phantom: 580
[1.114s][info][gc,ref      ] GC(70) Discovered  references: Soft: 0, Weak: 362, Final: 0, Phantom: 579
[1.114s][info][gc,ref      ] GC(70) Enqueued    references: Soft: 0, Weak: 0, Final: 0, Phantom: 0
[1.114s][info][gc          ] GC(70) Concurrent weak references 0.114ms
[1.114s][info][gc,start    ] GC(70) Concurrent weak roots
[1.114s][info][gc,task     ] GC(70) Using 2 of 8 workers for concurrent weak root
[1.114s][info][gc          ] GC(70) Concurrent weak roots 0.380ms
[1.114s][info][gc,start    ] GC(70) Concurrent cleanup
[1.114s][info][gc          ] GC(70) Concurrent cleanup 12M->12M(144M) 0.062ms
[1.115s][info][gc,ergo     ] GC(70) Free: 1872M, Max: 512K regular, 1871M humongous, Frag: 1% external, 0% internal; Reserve: 101643K, Max: 512K
[1.115s][info][gc,start    ] GC(70) Concurrent strong roots
[1.115s][info][gc,task     ] GC(70) Using 2 of 8 workers for concurrent strong root
[1.115s][info][gc          ] GC(70) Concurrent strong roots 0.671ms
[1.115s][info][gc,start    ] GC(70) Concurrent evacuation
[1.115s][info][gc,task     ] GC(70) Using 2 of 8 workers for concurrent evacuation
[1.117s][info][gc          ] GC(70) Concurrent evacuation 2.188ms
[1.117s][info][gc,start    ] GC(70) Pause Init Update Refs
[1.118s][info][gc,ergo     ] GC(70) Pacer for Update Refs. Used: 23087K, Free: 1871M, Non-Taxable: 187M, Alloc Tax Rate: 1.1x
[1.118s][info][gc          ] GC(70) Pause Init Update Refs 0.030ms
[1.118s][info][gc,start    ] GC(70) Concurrent update references
[1.118s][info][gc,task     ] GC(70) Using 2 of 8 workers for concurrent reference update
[1.119s][info][gc          ] GC(70) Concurrent update references 1.390ms
[1.119s][info][gc,start    ] GC(70) Concurrent update thread roots
[1.119s][info][gc          ] GC(70) Concurrent update thread roots 0.322ms
[1.119s][info][gc,start    ] GC(70) Pause Final Update Refs
[1.119s][info][gc,task     ] GC(70) Using 8 of 8 workers for final reference update
[1.119s][info][gc          ] GC(70) Pause Final Update Refs 0.069ms
[1.119s][info][gc,start    ] GC(70) Concurrent cleanup
[1.120s][info][gc          ] GC(70) Concurrent cleanup 22M->11M(144M) 0.063ms
[1.120s][info][gc,ergo     ] Free: 1873M, Max: 512K regular, 1872M humongous, Frag: 1% external, 0% internal; Reserve: 101888K, Max: 512K
[1.120s][info][gc,stats    ] 
[1.120s][info][gc,stats    ] All times are wall-clock times, except per-root-class counters, that are sum over
[1.120s][info][gc,stats    ] all workers. Dividing the <total> over the root stage time estimates parallelism.
[1.120s][info][gc,stats    ] 
[1.120s][info][gc,stats    ] Concurrent Reset                    243 us
[1.120s][info][gc,stats    ] Pause Init Mark (G)                 173 us
[1.120s][info][gc,stats    ] Pause Init Mark (N)                  78 us
[1.120s][info][gc,stats    ]   Update Region States               16 us
[1.120s][info][gc,stats    ] Concurrent Mark Roots              8079 us, parallelism: 1.01x
[1.120s][info][gc,stats    ]   CMR: <total>                     8182 us
[1.120s][info][gc,stats    ]   CMR: Thread Roots                7850 us, workers (us): 7833,  17, ---, ---, ---, ---, ---, ---, 
[1.120s][info][gc,stats    ]   CMR: Code Cache Roots             278 us, workers (us): 112, 166, ---, ---, ---, ---, ---, ---, 
[1.120s][info][gc,stats    ]   CMR: VM Strong Roots                4 us, workers (us):   4,   0, ---, ---, ---, ---, ---, ---, 
[1.120s][info][gc,stats    ]   CMR: CLDG Roots                    50 us, workers (us):  50, ---, ---, ---, ---, ---, ---, ---, 
[1.120s][info][gc,stats    ] Concurrent Marking                 1716 us
[1.120s][info][gc,stats    ] Pause Final Mark (G)                490 us
[1.120s][info][gc,stats    ] Pause Final Mark (N)                357 us
[1.120s][info][gc,stats    ]   Finish Mark                       237 us
[1.120s][info][gc,stats    ]   Update Region States               19 us
[1.120s][info][gc,stats    ]   Choose Collection Set              34 us
[1.120s][info][gc,stats    ]   Rebuild Free Set                   15 us
[1.120s][info][gc,stats    ] Concurrent Thread Roots             146 us, parallelism: 0.87x
[1.120s][info][gc,stats    ]   CTR: <total>                      127 us
[1.120s][info][gc,stats    ]   CTR: Thread Roots                 127 us, workers (us):  99,  28, ---, ---, ---, ---, ---, ---, 
[1.120s][info][gc,stats    ] Concurrent Weak References          122 us, parallelism: 0.57x
[1.120s][info][gc,stats    ]   CWRF: <total>                      69 us
[1.120s][info][gc,stats    ]   CWRF: Weak References              69 us, workers (us):   6,  63, ---, ---, ---, ---, ---, ---, 
[1.120s][info][gc,stats    ] Concurrent Weak Roots               401 us
[1.120s][info][gc,stats    ]   Roots                             171 us, parallelism: 1.35x
[1.120s][info][gc,stats    ]     CWR: <total>                    231 us
[1.120s][info][gc,stats    ]     CWR: VM Weak Roots              231 us, workers (us): 148,  83, ---, ---, ---, ---, ---, ---, 
[1.120s][info][gc,stats    ]   Rendezvous                        190 us
[1.120s][info][gc,stats    ] Concurrent Cleanup                   70 us
[1.120s][info][gc,stats    ] Concurrent Strong Roots             681 us, parallelism: 0.89x
[1.120s][info][gc,stats    ]   CSR: <total>                      604 us
[1.120s][info][gc,stats    ]   CSR: Code Cache Roots             456 us, workers (us): 456,   0, ---, ---, ---, ---, ---, ---, 
[1.120s][info][gc,stats    ]   CSR: VM Strong Roots               12 us, workers (us):  12,   0, ---, ---, ---, ---, ---, ---, 
[1.120s][info][gc,stats    ]   CSR: CLDG Roots                   136 us, workers (us): 136, ---, ---, ---, ---, ---, ---, ---, 
[1.120s][info][gc,stats    ] Concurrent Evacuation              2209 us
[1.120s][info][gc,stats    ] Pause Init Update Refs (G)          128 us
[1.120s][info][gc,stats    ] Pause Init Update Refs (N)           39 us
[1.120s][info][gc,stats    ]   Manage GCLABs                       3 us
[1.120s][info][gc,stats    ] Concurrent Update Refs             1413 us
[1.120s][info][gc,stats    ] Concurrent Update Thread Roots      333 us
[1.120s][info][gc,stats    ] Pause Final Update Refs (G)         161 us
[1.120s][info][gc,stats    ] Pause Final Update Refs (N)          78 us
[1.120s][info][gc,stats    ]   Update Region States               15 us
[1.120s][info][gc,stats    ]   Trash Collection Set                3 us
[1.120s][info][gc,stats    ]   Rebuild Free Set                   18 us
[1.120s][info][gc,stats    ] Concurrent Cleanup                   73 us
[1.120s][info][gc,stats    ] 
[1.120s][info][gc,stats    ] Allocation pacing accrued:
[1.120s][info][gc,stats    ]       0 of    18 ms (  0.0%): <total>
[1.120s][info][gc,stats    ]       0 of    18 ms (  0.0%): <average total>
[1.120s][info][gc,stats    ] 
[1.120s][info][gc,metaspace] Metaspace: 4405K(4608K)->4407K(4608K) NonClass: 3959K(4096K)->3960K(4096K) Class: 445K(512K)->446K(512K)
[1.120s][info][gc,ergo     ] Pacer for Idle. Initial: 40642K, Alloc Tax Rate: 1.0x
[1.121s][info][gc          ] Trigger: Start next cycle immediately
[1.121s][info][gc,ergo     ] Free: 1873M, Max: 512K regular, 1872M humongous, Frag: 1% external, 0% internal; Reserve: 101888K, Max: 512K
[1.121s][info][gc,start    ] GC(71) Concurrent reset
[1.121s][info][gc,task     ] GC(71) Using 2 of 8 workers for concurrent reset
[1.121s][info][gc,ergo     ] GC(71) Pacer for Reset. Non-Taxable: 1984M
[1.121s][info][gc          ] GC(71) Concurrent reset 0.225ms
[1.122s][info][gc,start    ] GC(71) Pause Init Mark
[1.122s][info][gc,task     ] GC(71) Using 8 of 8 workers for init marking
[1.122s][info][gc,ergo     ] GC(71) Pacer for Mark. Expected Live: 9946K, Free: 1873M, Non-Taxable: 187M, Alloc Tax Rate: 0.0x
[1.122s][info][gc          ] GC(71) Pause Init Mark 0.050ms
[1.122s][info][gc,start    ] GC(71) Concurrent marking roots
[1.122s][info][gc,task     ] GC(71) Using 2 of 8 workers for concurrent marking roots
[1.122s][info][gc          ] GC(71) Concurrent marking roots 0.642ms
[1.122s][info][gc,start    ] GC(71) Concurrent marking
[1.122s][info][gc,task     ] GC(71) Using 2 of 8 workers for concurrent marking
[1.124s][info][gc          ] GC(71) Concurrent marking 1.655ms
[1.124s][info][gc,start    ] GC(71) Pause Final Mark
[1.124s][info][gc,task     ] GC(71) Using 8 of 8 workers for final marking
[1.124s][info][gc,ergo     ] GC(71) Collectable Garbage: 1801K (100%), Immediate: 0B (0%), CSet: 1801K (100%)
[1.124s][info][gc,ergo     ] GC(71) Pacer for Evacuation. Used CSet: 10227K, Free: 1872M, Non-Taxable: 187M, Alloc Tax Rate: 1.1x
[1.124s][info][gc          ] GC(71) Pause Final Mark 0.219ms
[1.124s][info][gc,start    ] GC(71) Concurrent thread roots
[1.124s][info][gc,task     ] GC(71) Using 2 of 8 workers for Concurrent thread roots
[1.124s][info][gc          ] GC(71) Concurrent thread roots 0.054ms
[1.124s][info][gc,start    ] GC(71) Concurrent weak references
[1.124s][info][gc,task     ] GC(71) Using 2 of 8 workers for concurrent weak references
[1.124s][info][gc,ref      ] GC(71) Encountered references: Soft: 242, Weak: 716, Final: 0, Phantom: 580
[1.124s][info][gc,ref      ] GC(71) Discovered  references: Soft: 0, Weak: 257, Final: 0, Phantom: 517
[1.124s][info][gc,ref      ] GC(71) Enqueued    references: Soft: 0, Weak: 0, Final: 0, Phantom: 0
[1.124s][info][gc          ] GC(71) Concurrent weak references 0.096ms
[1.124s][info][gc,start    ] GC(71) Concurrent weak roots
[1.124s][info][gc,task     ] GC(71) Using 2 of 8 workers for concurrent weak root
[1.125s][info][gc          ] GC(71) Concurrent weak roots 0.256ms
[1.125s][info][gc,start    ] GC(71) Concurrent cleanup
[1.125s][info][gc          ] GC(71) Concurrent cleanup 12M->12M(144M) 0.057ms
[1.125s][info][gc,ergo     ] GC(71) Free: 1872M, Max: 512K regular, 1872M humongous, Frag: 1% external, 0% internal; Reserve: 101633K, Max: 512K
[1.125s][info][gc,start    ] GC(71) Concurrent strong roots
[1.125s][info][gc,task     ] GC(71) Using 2 of 8 workers for concurrent strong root
[1.125s][info][gc          ] GC(71) Concurrent strong roots 0.659ms
[1.125s][info][gc,start    ] GC(71) Concurrent evacuation
[1.125s][info][gc,task     ] GC(71) Using 2 of 8 workers for concurrent evacuation
[1.127s][info][gc          ] GC(71) Concurrent evacuation 1.742ms
[1.127s][info][gc,start    ] GC(71) Pause Init Update Refs
[1.127s][info][gc,ergo     ] GC(71) Pacer for Update Refs. Used: 23071K, Free: 1872M, Non-Taxable: 187M, Alloc Tax Rate: 1.1x
[1.127s][info][gc          ] GC(71) Pause Init Update Refs 0.038ms
[1.127s][info][gc,start    ] GC(71) Concurrent update references
[1.127s][info][gc,task     ] GC(71) Using 2 of 8 workers for concurrent reference update
[1.129s][info][gc          ] GC(71) Concurrent update references 1.528ms
[1.129s][info][gc,start    ] GC(71) Concurrent update thread roots
[1.129s][info][gc          ] GC(71) Concurrent update thread roots 0.238ms
[1.129s][info][gc,start    ] GC(71) Pause Final Update Refs
[1.129s][info][gc,task     ] GC(71) Using 8 of 8 workers for final reference update
[1.129s][info][gc          ] GC(71) Pause Final Update Refs 0.069ms
[1.129s][info][gc,start    ] GC(71) Concurrent cleanup
[1.129s][info][gc          ] GC(71) Concurrent cleanup 22M->12M(144M) 0.068ms
[1.129s][info][gc,ergo     ] Free: 1872M, Max: 512K regular, 1871M humongous, Frag: 1% external, 0% internal; Reserve: 101888K, Max: 512K
[1.129s][info][gc,stats    ] 
[1.130s][info][gc,stats    ] All times are wall-clock times, except per-root-class counters, that are sum over
[1.130s][info][gc,stats    ] all workers. Dividing the <total> over the root stage time estimates parallelism.
[1.130s][info][gc,stats    ] 
[1.130s][info][gc,stats    ] Concurrent Reset                    236 us
[1.130s][info][gc,stats    ] Pause Init Mark (G)                 152 us
[1.130s][info][gc,stats    ] Pause Init Mark (N)                  59 us
[1.130s][info][gc,stats    ]   Update Region States               14 us
[1.130s][info][gc,stats    ] Concurrent Mark Roots               659 us, parallelism: 0.88x
[1.130s][info][gc,stats    ]   CMR: <total>                      577 us
[1.130s][info][gc,stats    ]   CMR: Thread Roots                  82 us, workers (us):  82,   0, ---, ---, ---, ---, ---, ---, 
[1.130s][info][gc,stats    ]   CMR: Code Cache Roots             396 us, workers (us): 396,   0, ---, ---, ---, ---, ---, ---, 
[1.130s][info][gc,stats    ]   CMR: VM Strong Roots                5 us, workers (us):   5,   0, ---, ---, ---, ---, ---, ---, 
[1.130s][info][gc,stats    ]   CMR: CLDG Roots                    94 us, workers (us):  94, ---, ---, ---, ---, ---, ---, ---, 
[1.130s][info][gc,stats    ] Concurrent Marking                 1673 us
[1.130s][info][gc,stats    ] Pause Final Mark (G)                315 us
[1.130s][info][gc,stats    ] Pause Final Mark (N)                228 us
[1.130s][info][gc,stats    ]   Finish Mark                       121 us
[1.130s][info][gc,stats    ]   Update Region States               15 us
[1.130s][info][gc,stats    ]   Choose Collection Set              28 us
[1.130s][info][gc,stats    ]   Rebuild Free Set                   15 us
[1.130s][info][gc,stats    ] Concurrent Thread Roots              63 us, parallelism: 0.54x
[1.130s][info][gc,stats    ]   CTR: <total>                       34 us
[1.130s][info][gc,stats    ]   CTR: Thread Roots                  34 us, workers (us):  15,  20, ---, ---, ---, ---, ---, ---, 
[1.130s][info][gc,stats    ] Concurrent Weak References          104 us, parallelism: 0.57x
[1.130s][info][gc,stats    ]   CWRF: <total>                      59 us
[1.130s][info][gc,stats    ]   CWRF: Weak References              59 us, workers (us):  49,  10, ---, ---, ---, ---, ---, ---, 
[1.130s][info][gc,stats    ] Concurrent Weak Roots               266 us
[1.130s][info][gc,stats    ]   Roots                             133 us, parallelism: 1.63x
[1.130s][info][gc,stats    ]     CWR: <total>                    218 us
[1.130s][info][gc,stats    ]     CWR: VM Weak Roots              218 us, workers (us): 109, 109, ---, ---, ---, ---, ---, ---, 
[1.130s][info][gc,stats    ]   Rendezvous                        106 us
[1.130s][info][gc,stats    ] Concurrent Cleanup                   65 us
[1.130s][info][gc,stats    ] Concurrent Strong Roots             671 us, parallelism: 0.87x
[1.130s][info][gc,stats    ]   CSR: <total>                      583 us
[1.130s][info][gc,stats    ]   CSR: Code Cache Roots             444 us, workers (us): 444,   0, ---, ---, ---, ---, ---, ---, 
[1.130s][info][gc,stats    ]   CSR: VM Strong Roots               11 us, workers (us):  11,   0, ---, ---, ---, ---, ---, ---, 
[1.130s][info][gc,stats    ]   CSR: CLDG Roots                   128 us, workers (us): 128, ---, ---, ---, ---, ---, ---, ---, 
[1.130s][info][gc,stats    ] Concurrent Evacuation              1764 us
[1.130s][info][gc,stats    ] Pause Init Update Refs (G)          159 us
[1.130s][info][gc,stats    ] Pause Init Update Refs (N)           47 us
[1.130s][info][gc,stats    ]   Manage GCLABs                       3 us
[1.130s][info][gc,stats    ] Concurrent Update Refs             1549 us
[1.130s][info][gc,stats    ] Concurrent Update Thread Roots      271 us
[1.130s][info][gc,stats    ] Pause Final Update Refs (G)         185 us
[1.130s][info][gc,stats    ] Pause Final Update Refs (N)          82 us
[1.130s][info][gc,stats    ]   Update Region States               16 us
[1.130s][info][gc,stats    ]   Trash Collection Set                3 us
[1.130s][info][gc,stats    ]   Rebuild Free Set                   17 us
[1.130s][info][gc,stats    ] Concurrent Cleanup                   78 us
[1.130s][info][gc,stats    ] 
[1.130s][info][gc,stats    ] Allocation pacing accrued:
[1.130s][info][gc,stats    ]       0 of    10 ms (  0.0%): <total>
[1.130s][info][gc,stats    ]       0 of    10 ms (  0.0%): <average total>
[1.130s][info][gc,stats    ] 
[1.130s][info][gc,metaspace] Metaspace: 4407K(4608K)->4411K(4608K) NonClass: 3960K(4096K)->3965K(4096K) Class: 446K(512K)->446K(512K)
[1.130s][info][gc,ergo     ] Pacer for Idle. Initial: 40642K, Alloc Tax Rate: 1.0x
[1.131s][info][gc          ] Trigger: Start next cycle immediately
[1.131s][info][gc,ergo     ] Free: 1871M, Max: 512K regular, 1871M humongous, Frag: 0% external, 0% internal; Reserve: 101888K, Max: 512K
[1.131s][info][gc,start    ] GC(72) Concurrent reset
[1.131s][info][gc,task     ] GC(72) Using 2 of 8 workers for concurrent reset
[1.131s][info][gc,ergo     ] GC(72) Pacer for Reset. Non-Taxable: 1984M
[1.131s][info][gc          ] GC(72) Concurrent reset 0.215ms
[1.131s][info][gc,start    ] GC(72) Pause Init Mark (unload classes)
[1.131s][info][gc,task     ] GC(72) Using 8 of 8 workers for init marking
[1.131s][info][gc,ergo     ] GC(72) Pacer for Mark. Expected Live: 9971K, Free: 1871M, Non-Taxable: 187M, Alloc Tax Rate: 0.0x
[1.131s][info][gc          ] GC(72) Pause Init Mark (unload classes) 0.055ms
[1.131s][info][gc,start    ] GC(72) Concurrent marking roots
[1.132s][info][gc,task     ] GC(72) Using 2 of 8 workers for concurrent marking roots
[1.132s][info][gc          ] GC(72) Concurrent marking roots 0.209ms
[1.132s][info][gc,start    ] GC(72) Concurrent marking (unload classes)
[1.132s][info][gc,task     ] GC(72) Using 2 of 8 workers for concurrent marking
[1.134s][info][gc          ] GC(72) Concurrent marking (unload classes) 2.073ms
[1.134s][info][gc,start    ] GC(72) Pause Final Mark (unload classes)
[1.134s][info][gc,task     ] GC(72) Using 8 of 8 workers for final marking
[1.134s][info][gc,ergo     ] GC(72) Collectable Garbage: 3301K (100%), Immediate: 0B (0%), CSet: 3301K (100%)
[1.134s][info][gc,ergo     ] GC(72) Pacer for Evacuation. Used CSet: 11756K, Free: 1871M, Non-Taxable: 187M, Alloc Tax Rate: 1.1x
[1.134s][info][gc          ] GC(72) Pause Final Mark (unload classes) 0.193ms
[1.134s][info][gc,start    ] GC(72) Concurrent thread roots
[1.134s][info][gc,task     ] GC(72) Using 2 of 8 workers for Concurrent thread roots
[1.134s][info][gc          ] GC(72) Concurrent thread roots 0.113ms
[1.134s][info][gc,start    ] GC(72) Concurrent weak references
[1.134s][info][gc,task     ] GC(72) Using 2 of 8 workers for concurrent weak references
[1.134s][info][gc,ref      ] GC(72) Encountered references: Soft: 242, Weak: 716, Final: 0, Phantom: 580
[1.134s][info][gc,ref      ] GC(72) Discovered  references: Soft: 0, Weak: 271, Final: 0, Phantom: 579
[1.134s][info][gc,ref      ] GC(72) Enqueued    references: Soft: 0, Weak: 0, Final: 0, Phantom: 0
[1.134s][info][gc          ] GC(72) Concurrent weak references 0.101ms
[1.134s][info][gc,start    ] GC(72) Concurrent weak roots
[1.134s][info][gc,task     ] GC(72) Using 2 of 8 workers for concurrent weak root
[1.135s][info][gc          ] GC(72) Concurrent weak roots 0.570ms
[1.135s][info][gc,start    ] GC(72) Concurrent cleanup
[1.135s][info][gc          ] GC(72) Concurrent cleanup 13M->13M(144M) 0.059ms
[1.135s][info][gc,ergo     ] GC(72) Free: 1871M, Max: 512K regular, 1871M humongous, Frag: 0% external, 0% internal; Reserve: 101605K, Max: 512K
[1.135s][info][gc,start    ] GC(72) Concurrent class unloading
[1.135s][info][gc,task     ] GC(72) Using 2 of 8 workers for concurrent class unloading
[1.136s][info][gc          ] GC(72) Concurrent class unloading 0.667ms
[1.136s][info][gc,start    ] GC(72) Concurrent strong roots
[1.136s][info][gc,task     ] GC(72) Using 2 of 8 workers for concurrent strong root
[1.136s][info][gc          ] GC(72) Concurrent strong roots 0.147ms
[1.136s][info][gc,start    ] GC(72) Concurrent evacuation
[1.136s][info][gc,task     ] GC(72) Using 2 of 8 workers for concurrent evacuation
[1.138s][info][gc          ] GC(72) Concurrent evacuation 1.691ms
[1.138s][info][gc,start    ] GC(72) Pause Init Update Refs
[1.138s][info][gc,ergo     ] GC(72) Pacer for Update Refs. Used: 24107K, Free: 1871M, Non-Taxable: 187M, Alloc Tax Rate: 1.1x
[1.138s][info][gc          ] GC(72) Pause Init Update Refs 0.036ms
[1.138s][info][gc,start    ] GC(72) Concurrent update references
[1.138s][info][gc,task     ] GC(72) Using 2 of 8 workers for concurrent reference update
[1.140s][info][gc          ] GC(72) Concurrent update references 1.897ms
[1.140s][info][gc,start    ] GC(72) Concurrent update thread roots
[1.140s][info][gc          ] GC(72) Concurrent update thread roots 0.251ms
[1.140s][info][gc,start    ] GC(72) Pause Final Update Refs
[1.140s][info][gc,task     ] GC(72) Using 8 of 8 workers for final reference update
[1.140s][info][gc          ] GC(72) Pause Final Update Refs 0.069ms
[1.140s][info][gc,start    ] GC(72) Concurrent cleanup
[1.140s][info][gc          ] GC(72) Concurrent cleanup 23M->12M(144M) 0.061ms
[1.140s][info][gc,ergo     ] Free: 1872M, Max: 512K regular, 1871M humongous, Frag: 1% external, 0% internal; Reserve: 101888K, Max: 512K
[1.140s][info][gc,stats    ] 
[1.140s][info][gc,stats    ] All times are wall-clock times, except per-root-class counters, that are sum over
[1.140s][info][gc,stats    ] all workers. Dividing the <total> over the root stage time estimates parallelism.
[1.140s][info][gc,stats    ] 
[1.140s][info][gc,stats    ] Concurrent Reset                    225 us
[1.140s][info][gc,stats    ] Pause Init Mark (G)                 157 us
[1.140s][info][gc,stats    ] Pause Init Mark (N)                  63 us
[1.140s][info][gc,stats    ]   Update Region States               17 us
[1.140s][info][gc,stats    ] Concurrent Mark Roots               218 us, parallelism: 0.60x
[1.140s][info][gc,stats    ]   CMR: <total>                      131 us
[1.140s][info][gc,stats    ]   CMR: Thread Roots                  43 us, workers (us):  43,   0, ---, ---, ---, ---, ---, ---, 
[1.140s][info][gc,stats    ]   CMR: VM Strong Roots                6 us, workers (us):   6,   0, ---, ---, ---, ---, ---, ---, 
[1.140s][info][gc,stats    ]   CMR: CLDG Roots                    81 us, workers (us):  81, ---, ---, ---, ---, ---, ---, ---, 
[1.140s][info][gc,stats    ] Concurrent Marking                 2095 us
[1.140s][info][gc,stats    ] Pause Final Mark (G)                293 us
[1.140s][info][gc,stats    ] Pause Final Mark (N)                201 us
[1.140s][info][gc,stats    ]   Finish Mark                        89 us
[1.140s][info][gc,stats    ]   Update Region States               15 us
[1.140s][info][gc,stats    ]   Choose Collection Set              32 us
[1.140s][info][gc,stats    ]   Rebuild Free Set                   15 us
[1.140s][info][gc,stats    ] Concurrent Thread Roots             125 us, parallelism: 0.63x
[1.140s][info][gc,stats    ]   CTR: <total>                       78 us
[1.140s][info][gc,stats    ]   CTR: Thread Roots                  78 us, workers (us):  75,   3, ---, ---, ---, ---, ---, ---, 
[1.140s][info][gc,stats    ] Concurrent Weak References          108 us, parallelism: 0.54x
[1.140s][info][gc,stats    ]   CWRF: <total>                      59 us
[1.140s][info][gc,stats    ]   CWRF: Weak References              59 us, workers (us):  54,   4, ---, ---, ---, ---, ---, ---, 
[1.140s][info][gc,stats    ] Concurrent Weak Roots               580 us
[1.140s][info][gc,stats    ]   Roots                             508 us, parallelism: 1.80x
[1.140s][info][gc,stats    ]     CWR: <total>                    915 us
[1.140s][info][gc,stats    ]     CWR: Code Cache Roots           687 us, workers (us): 339, 347, ---, ---, ---, ---, ---, ---, 
[1.140s][info][gc,stats    ]     CWR: VM Weak Roots              225 us, workers (us): 115, 110, ---, ---, ---, ---, ---, ---, 
[1.140s][info][gc,stats    ]     CWR: CLDG Roots                   4 us, workers (us): ---,   4, ---, ---, ---, ---, ---, ---, 
[1.140s][info][gc,stats    ]   Rendezvous                         46 us
[1.140s][info][gc,stats    ] Concurrent Cleanup                   67 us
[1.140s][info][gc,stats    ] Concurrent Class Unloading          676 us
[1.140s][info][gc,stats    ]   Unlink Stale                      571 us
[1.141s][info][gc,stats    ]     System Dictionary                19 us
[1.141s][info][gc,stats    ]     Weak Class Links                  0 us
[1.141s][info][gc,stats    ]     Code Roots                      551 us
[1.141s][info][gc,stats    ]   Rendezvous                         46 us
[1.141s][info][gc,stats    ]   Purge Unlinked                     19 us
[1.141s][info][gc,stats    ]     Code Roots                       16 us
[1.141s][info][gc,stats    ]     CLDG                              2 us
[1.141s][info][gc,stats    ]     Exception Caches                  0 us
[1.141s][info][gc,stats    ] Concurrent Strong Roots             158 us, parallelism: 0.71x
[1.141s][info][gc,stats    ]   CSR: <total>                      112 us
[1.141s][info][gc,stats    ]   CSR: VM Strong Roots                8 us, workers (us):   7,   0, ---, ---, ---, ---, ---, ---, 
[1.141s][info][gc,stats    ]   CSR: CLDG Roots                   104 us, workers (us): ---, 104, ---, ---, ---, ---, ---, ---, 
[1.141s][info][gc,stats    ] Concurrent Evacuation              1712 us
[1.141s][info][gc,stats    ] Pause Init Update Refs (G)          163 us
[1.141s][info][gc,stats    ] Pause Init Update Refs (N)           44 us
[1.141s][info][gc,stats    ]   Manage GCLABs                       3 us
[1.141s][info][gc,stats    ] Concurrent Update Refs             1908 us
[1.141s][info][gc,stats    ] Concurrent Update Thread Roots      259 us
[1.141s][info][gc,stats    ] Pause Final Update Refs (G)         205 us
[1.141s][info][gc,stats    ] Pause Final Update Refs (N)          82 us
[1.141s][info][gc,stats    ]   Update Region States               15 us
[1.141s][info][gc,stats    ]   Trash Collection Set                2 us
[1.141s][info][gc,stats    ]   Rebuild Free Set                   19 us
[1.141s][info][gc,stats    ] Concurrent Cleanup                   70 us
[1.141s][info][gc,stats    ] 
[1.141s][info][gc,stats    ] Allocation pacing accrued:
[1.141s][info][gc,stats    ]       0 of    11 ms (  0.0%): <total>
[1.141s][info][gc,stats    ]       0 of    11 ms (  0.0%): <average total>
[1.141s][info][gc,stats    ] 
[1.141s][info][gc,metaspace] Metaspace: 4415K(4608K)->4416K(4608K) NonClass: 3969K(4096K)->3969K(4096K) Class: 446K(512K)->446K(512K)
[1.141s][info][gc,ergo     ] Pacer for Idle. Initial: 40642K, Alloc Tax Rate: 1.0x
[1.142s][info][gc          ] Trigger: Start next cycle immediately
[1.142s][info][gc,ergo     ] Free: 1872M, Max: 512K regular, 1871M humongous, Frag: 1% external, 0% internal; Reserve: 101888K, Max: 512K
[1.142s][info][gc,start    ] GC(73) Concurrent reset
[1.142s][info][gc,task     ] GC(73) Using 2 of 8 workers for concurrent reset
[1.142s][info][gc,ergo     ] GC(73) Pacer for Reset. Non-Taxable: 1984M
[1.142s][info][gc          ] GC(73) Concurrent reset 0.220ms
[1.142s][info][gc,start    ] GC(73) Pause Init Mark
[1.142s][info][gc,task     ] GC(73) Using 8 of 8 workers for init marking
[1.142s][info][gc,ergo     ] GC(73) Pacer for Mark. Expected Live: 9996K, Free: 1872M, Non-Taxable: 187M, Alloc Tax Rate: 0.0x
[1.142s][info][gc          ] GC(73) Pause Init Mark 0.069ms
[1.142s][info][gc,start    ] GC(73) Concurrent marking roots
[1.142s][info][gc,task     ] GC(73) Using 2 of 8 workers for concurrent marking roots
[1.143s][info][gc          ] GC(73) Concurrent marking roots 0.346ms
[1.143s][info][gc,start    ] GC(73) Concurrent marking
[1.143s][info][gc,task     ] GC(73) Using 2 of 8 workers for concurrent marking
[1.144s][info][gc          ] GC(73) Concurrent marking 1.708ms
[1.144s][info][gc,start    ] GC(73) Pause Final Mark
[1.144s][info][gc,task     ] GC(73) Using 8 of 8 workers for final marking
[1.145s][info][gc,ergo     ] GC(73) Collectable Garbage: 2269K (100%), Immediate: 0B (0%), CSet: 2269K (100%)
[1.145s][info][gc,ergo     ] GC(73) Pacer for Evacuation. Used CSet: 10748K, Free: 1872M, Non-Taxable: 187M, Alloc Tax Rate: 1.1x
[1.145s][info][gc          ] GC(73) Pause Final Mark 0.212ms
[1.145s][info][gc,start    ] GC(73) Concurrent thread roots
[1.145s][info][gc,task     ] GC(73) Using 2 of 8 workers for Concurrent thread roots
[1.145s][info][gc          ] GC(73) Concurrent thread roots 0.054ms
[1.145s][info][gc,start    ] GC(73) Concurrent weak references
[1.145s][info][gc,task     ] GC(73) Using 2 of 8 workers for concurrent weak references
[1.145s][info][gc,ref      ] GC(73) Encountered references: Soft: 242, Weak: 716, Final: 0, Phantom: 580
[1.145s][info][gc,ref      ] GC(73) Discovered  references: Soft: 0, Weak: 294, Final: 0, Phantom: 579
[1.145s][info][gc,ref      ] GC(73) Enqueued    references: Soft: 0, Weak: 0, Final: 0, Phantom: 0
[1.145s][info][gc          ] GC(73) Concurrent weak references 0.127ms
[1.145s][info][gc,start    ] GC(73) Concurrent weak roots
[1.145s][info][gc,task     ] GC(73) Using 2 of 8 workers for concurrent weak root
[1.155s][info][gc          ] GC(73) Concurrent weak roots 10.581ms
[1.155s][info][gc,start    ] GC(73) Concurrent cleanup
[1.156s][info][gc          ] GC(73) Concurrent cleanup 13M->13M(144M) 0.079ms
[1.156s][info][gc,ergo     ] GC(73) Free: 1871M, Max: 512K regular, 1871M humongous, Frag: 1% external, 0% internal; Reserve: 101575K, Max: 512K
[1.156s][info][gc,start    ] GC(73) Concurrent strong roots
[1.156s][info][gc,task     ] GC(73) Using 2 of 8 workers for concurrent strong root
[1.156s][info][gc          ] GC(73) Concurrent strong roots 0.616ms
[1.156s][info][gc,start    ] GC(73) Concurrent evacuation
[1.156s][info][gc,task     ] GC(73) Using 2 of 8 workers for concurrent evacuation
[1.158s][info][gc          ] GC(73) Concurrent evacuation 1.478ms
[1.158s][info][gc,start    ] GC(73) Pause Init Update Refs
[1.158s][info][gc,ergo     ] GC(73) Pacer for Update Refs. Used: 23103K, Free: 1871M, Non-Taxable: 187M, Alloc Tax Rate: 1.1x
[1.158s][info][gc          ] GC(73) Pause Init Update Refs 0.044ms
[1.158s][info][gc,start    ] GC(73) Concurrent update references
[1.158s][info][gc,task     ] GC(73) Using 2 of 8 workers for concurrent reference update
[1.159s][info][gc          ] GC(73) Concurrent update references 1.581ms
[1.159s][info][gc,start    ] GC(73) Concurrent update thread roots
[1.160s][info][gc          ] GC(73) Concurrent update thread roots 0.160ms
[1.160s][info][gc,start    ] GC(73) Pause Final Update Refs
[1.160s][info][gc,task     ] GC(73) Using 8 of 8 workers for final reference update
[1.160s][info][gc          ] GC(73) Pause Final Update Refs 0.070ms
[1.160s][info][gc,start    ] GC(73) Concurrent cleanup
[1.160s][info][gc          ] GC(73) Concurrent cleanup 22M->12M(144M) 0.068ms
[1.160s][info][gc,ergo     ] Free: 1872M, Max: 512K regular, 1872M humongous, Frag: 1% external, 0% internal; Reserve: 101888K, Max: 512K
[1.160s][info][gc,stats    ] 
[1.160s][info][gc,stats    ] All times are wall-clock times, except per-root-class counters, that are sum over
[1.160s][info][gc,stats    ] all workers. Dividing the <total> over the root stage time estimates parallelism.
[1.160s][info][gc,stats    ] 
[1.160s][info][gc,stats    ] Concurrent Reset                    228 us
[1.160s][info][gc,stats    ] Pause Init Mark (G)                 170 us
[1.160s][info][gc,stats    ] Pause Init Mark (N)                  77 us
[1.160s][info][gc,stats    ]   Update Region States               28 us
[1.160s][info][gc,stats    ] Concurrent Mark Roots               364 us, parallelism: 1.44x
[1.160s][info][gc,stats    ]   CMR: <total>                      524 us
[1.160s][info][gc,stats    ]   CMR: Thread Roots                 119 us, workers (us):  19,  99, ---, ---, ---, ---, ---, ---, 
[1.160s][info][gc,stats    ]   CMR: Code Cache Roots             322 us, workers (us): 136, 186, ---, ---, ---, ---, ---, ---, 
[1.160s][info][gc,stats    ]   CMR: VM Strong Roots                5 us, workers (us):   4,   0, ---, ---, ---, ---, ---, ---, 
[1.160s][info][gc,stats    ]   CMR: CLDG Roots                    78 us, workers (us):  78, ---, ---, ---, ---, ---, ---, ---, 
[1.160s][info][gc,stats    ] Concurrent Marking                 1728 us
[1.160s][info][gc,stats    ] Pause Final Mark (G)                313 us
[1.160s][info][gc,stats    ] Pause Final Mark (N)                218 us
[1.160s][info][gc,stats    ]   Finish Mark                       114 us
[1.160s][info][gc,stats    ]   Update Region States               15 us
[1.160s][info][gc,stats    ]   Choose Collection Set              28 us
[1.160s][info][gc,stats    ]   Rebuild Free Set                   15 us
[1.160s][info][gc,stats    ] Concurrent Thread Roots              63 us, parallelism: 0.68x
[1.160s][info][gc,stats    ]   CTR: <total>                       43 us
[1.160s][info][gc,stats    ]   CTR: Thread Roots                  43 us, workers (us):  24,  19, ---, ---, ---, ---, ---, ---, 
[1.160s][info][gc,stats    ] Concurrent Weak References          135 us, parallelism: 1.03x
[1.160s][info][gc,stats    ]   CWRF: <total>                     139 us
[1.160s][info][gc,stats    ]   CWRF: Weak References             139 us, workers (us):  82,  57, ---, ---, ---, ---, ---, ---, 
[1.160s][info][gc,stats    ] Concurrent Weak Roots             10606 us
[1.160s][info][gc,stats    ]   Roots                           10485 us, parallelism: 1.01x
[1.160s][info][gc,stats    ]     CWR: <total>                  10555 us
[1.160s][info][gc,stats    ]     CWR: VM Weak Roots            10555 us, workers (us): 10449, 106, ---, ---, ---, ---, ---, ---, 
[1.160s][info][gc,stats    ]   Rendezvous                         78 us
[1.160s][info][gc,stats    ] Concurrent Cleanup                   89 us
[1.160s][info][gc,stats    ] Concurrent Strong Roots             625 us, parallelism: 0.88x
[1.160s][info][gc,stats    ]   CSR: <total>                      551 us
[1.160s][info][gc,stats    ]   CSR: Code Cache Roots             408 us, workers (us): 408,   0, ---, ---, ---, ---, ---, ---, 
[1.160s][info][gc,stats    ]   CSR: VM Strong Roots                8 us, workers (us):   8,   0, ---, ---, ---, ---, ---, ---, 
[1.160s][info][gc,stats    ]   CSR: CLDG Roots                   135 us, workers (us): 135, ---, ---, ---, ---, ---, ---, ---, 
[1.160s][info][gc,stats    ] Concurrent Evacuation              1500 us
[1.160s][info][gc,stats    ] Pause Init Update Refs (G)          177 us
[1.160s][info][gc,stats    ] Pause Init Update Refs (N)           53 us
[1.160s][info][gc,stats    ]   Manage GCLABs                       4 us
[1.160s][info][gc,stats    ] Concurrent Update Refs             1606 us
[1.160s][info][gc,stats    ] Concurrent Update Thread Roots      170 us
[1.160s][info][gc,stats    ] Pause Final Update Refs (G)         176 us
[1.160s][info][gc,stats    ] Pause Final Update Refs (N)          83 us
[1.160s][info][gc,stats    ]   Update Region States               17 us
[1.160s][info][gc,stats    ]   Trash Collection Set                2 us
[1.160s][info][gc,stats    ]   Rebuild Free Set                   16 us
[1.160s][info][gc,stats    ] Concurrent Cleanup                   77 us
[1.160s][info][gc,stats    ] 
[1.160s][info][gc,stats    ] Allocation pacing accrued:
[1.160s][info][gc,stats    ]       0 of    20 ms (  0.0%): <total>
[1.160s][info][gc,stats    ]       0 of    20 ms (  0.0%): <average total>
[1.160s][info][gc,stats    ] 
[1.160s][info][gc,metaspace] Metaspace: 4426K(4608K)->4510K(4672K) NonClass: 3978K(4096K)->4053K(4160K) Class: 448K(512K)->456K(512K)
[1.160s][info][gc,ergo     ] Pacer for Idle. Initial: 40642K, Alloc Tax Rate: 1.0x
[1.161s][info][gc          ] Trigger: Start next cycle immediately
[1.162s][info][gc,ergo     ] Free: 1872M, Max: 512K regular, 1872M humongous, Frag: 1% external, 0% internal; Reserve: 101888K, Max: 512K
[1.162s][info][gc,start    ] GC(74) Concurrent reset
[1.162s][info][gc,task     ] GC(74) Using 2 of 8 workers for concurrent reset
[1.162s][info][gc,ergo     ] GC(74) Pacer for Reset. Non-Taxable: 1984M
[1.162s][info][gc          ] GC(74) Concurrent reset 0.246ms
[1.162s][info][gc,start    ] GC(74) Pause Init Mark
[1.162s][info][gc,task     ] GC(74) Using 8 of 8 workers for init marking
[1.162s][info][gc,ergo     ] GC(74) Pacer for Mark. Expected Live: 10027K, Free: 1872M, Non-Taxable: 187M, Alloc Tax Rate: 0.0x
[1.162s][info][gc          ] GC(74) Pause Init Mark 0.090ms
[1.162s][info][gc,start    ] GC(74) Concurrent marking roots
[1.162s][info][gc,task     ] GC(74) Using 2 of 8 workers for concurrent marking roots
[1.162s][info][gc          ] GC(74) Concurrent marking roots 0.542ms
[1.162s][info][gc,start    ] GC(74) Concurrent marking
[1.162s][info][gc,task     ] GC(74) Using 2 of 8 workers for concurrent marking
[1.165s][info][gc          ] GC(74) Concurrent marking 2.146ms
[1.165s][info][gc,start    ] GC(74) Pause Final Mark
[1.165s][info][gc,task     ] GC(74) Using 8 of 8 workers for final marking
[1.165s][info][gc,ergo     ] GC(74) Collectable Garbage: 2231K (100%), Immediate: 0B (0%), CSet: 2231K (100%)
[1.165s][info][gc,ergo     ] GC(74) Pacer for Evacuation. Used CSet: 10752K, Free: 1872M, Non-Taxable: 187M, Alloc Tax Rate: 1.1x
[1.165s][info][gc          ] GC(74) Pause Final Mark 0.214ms
[1.165s][info][gc,start    ] GC(74) Concurrent thread roots
[1.165s][info][gc,task     ] GC(74) Using 2 of 8 workers for Concurrent thread roots
[1.165s][info][gc          ] GC(74) Concurrent thread roots 0.108ms
[1.165s][info][gc,start    ] GC(74) Concurrent weak references
[1.165s][info][gc,task     ] GC(74) Using 2 of 8 workers for concurrent weak references
[1.165s][info][gc,ref      ] GC(74) Encountered references: Soft: 244, Weak: 739, Final: 0, Phantom: 581
[1.165s][info][gc,ref      ] GC(74) Discovered  references: Soft: 0, Weak: 389, Final: 0, Phantom: 579
[1.165s][info][gc,ref      ] GC(74) Enqueued    references: Soft: 0, Weak: 5, Final: 0, Phantom: 1
[1.165s][info][gc          ] GC(74) Concurrent weak references 0.121ms
[1.165s][info][gc,start    ] GC(74) Concurrent weak roots
[1.165s][info][gc,task     ] GC(74) Using 2 of 8 workers for concurrent weak root
[1.165s][info][gc          ] GC(74) Concurrent weak roots 0.195ms
[1.165s][info][gc,start    ] GC(74) Concurrent cleanup
[1.165s][info][gc          ] GC(74) Concurrent cleanup 13M->13M(144M) 0.056ms
[1.165s][info][gc,ergo     ] GC(74) Free: 1871M, Max: 512K regular, 1871M humongous, Frag: 0% external, 0% internal; Reserve: 101611K, Max: 512K
[1.166s][info][gc,start    ] GC(74) Concurrent strong roots
[1.166s][info][gc,task     ] GC(74) Using 2 of 8 workers for concurrent strong root
[1.166s][info][gc          ] GC(74) Concurrent strong roots 0.284ms
[1.166s][info][gc,start    ] GC(74) Concurrent evacuation
[1.166s][info][gc,task     ] GC(74) Using 2 of 8 workers for concurrent evacuation
[1.167s][info][gc          ] GC(74) Concurrent evacuation 1.599ms
[1.168s][info][gc,start    ] GC(74) Pause Init Update Refs
[1.168s][info][gc,ergo     ] GC(74) Pacer for Update Refs. Used: 23615K, Free: 1871M, Non-Taxable: 187M, Alloc Tax Rate: 1.1x
[1.168s][info][gc          ] GC(74) Pause Init Update Refs 0.037ms
[1.170s][info][gc,start    ] GC(74) Concurrent update references
[1.170s][info][gc,task     ] GC(74) Using 2 of 8 workers for concurrent reference update
[1.174s][info][gc          ] GC(74) Concurrent update references 3.997ms
[1.174s][info][gc,start    ] GC(74) Concurrent update thread roots
[1.174s][info][gc          ] GC(74) Concurrent update thread roots 0.154ms
[1.174s][info][gc,start    ] GC(74) Pause Final Update Refs
[1.175s][info][gc,task     ] GC(74) Using 8 of 8 workers for final reference update
[1.175s][info][gc          ] GC(74) Pause Final Update Refs 0.071ms
[1.175s][info][gc,start    ] GC(74) Concurrent cleanup
[1.175s][info][gc          ] GC(74) Concurrent cleanup 23M->12M(144M) 0.064ms
[1.175s][info][gc,ergo     ] Free: 1872M, Max: 512K regular, 1871M humongous, Frag: 1% external, 0% internal; Reserve: 101888K, Max: 512K
[1.175s][info][gc,stats    ] 
[1.175s][info][gc,stats    ] All times are wall-clock times, except per-root-class counters, that are sum over
[1.175s][info][gc,stats    ] all workers. Dividing the <total> over the root stage time estimates parallelism.
[1.175s][info][gc,stats    ] 
[1.175s][info][gc,stats    ] Concurrent Reset                    257 us
[1.175s][info][gc,stats    ] Pause Init Mark (G)                 133 us
[1.175s][info][gc,stats    ] Pause Init Mark (N)                 101 us
[1.175s][info][gc,stats    ]   Update Region States               20 us
[1.175s][info][gc,stats    ] Concurrent Mark Roots               552 us, parallelism: 1.28x
[1.175s][info][gc,stats    ]   CMR: <total>                      708 us
[1.175s][info][gc,stats    ]   CMR: Thread Roots                 121 us, workers (us):  22,  99, ---, ---, ---, ---, ---, ---, 
[1.175s][info][gc,stats    ]   CMR: Code Cache Roots             513 us, workers (us): 359, 154, ---, ---, ---, ---, ---, ---, 
[1.175s][info][gc,stats    ]   CMR: VM Strong Roots                5 us, workers (us):   5,   0, ---, ---, ---, ---, ---, ---, 
[1.175s][info][gc,stats    ]   CMR: CLDG Roots                    69 us, workers (us):  69, ---, ---, ---, ---, ---, ---, ---, 
[1.175s][info][gc,stats    ] Concurrent Marking                 2165 us
[1.175s][info][gc,stats    ] Pause Final Mark (G)                311 us
[1.175s][info][gc,stats    ] Pause Final Mark (N)                223 us
[1.175s][info][gc,stats    ]   Finish Mark                       105 us
[1.175s][info][gc,stats    ]   Update Region States               14 us
[1.175s][info][gc,stats    ]   Choose Collection Set              33 us
[1.175s][info][gc,stats    ]   Rebuild Free Set                   15 us
[1.175s][info][gc,stats    ] Concurrent Thread Roots             118 us, parallelism: 0.72x
[1.175s][info][gc,stats    ]   CTR: <total>                       85 us
[1.175s][info][gc,stats    ]   CTR: Thread Roots                  85 us, workers (us):  62,  23, ---, ---, ---, ---, ---, ---, 
[1.175s][info][gc,stats    ] Concurrent Weak References          129 us, parallelism: 0.62x
[1.175s][info][gc,stats    ]   CWRF: <total>                      79 us
[1.175s][info][gc,stats    ]   CWRF: Weak References              79 us, workers (us):  71,   9, ---, ---, ---, ---, ---, ---, 
[1.175s][info][gc,stats    ] Concurrent Weak Roots               204 us
[1.175s][info][gc,stats    ]   Roots                             158 us, parallelism: 1.35x
[1.175s][info][gc,stats    ]     CWR: <total>                    213 us
[1.175s][info][gc,stats    ]     CWR: VM Weak Roots              213 us, workers (us): 135,  78, ---, ---, ---, ---, ---, ---, 
[1.175s][info][gc,stats    ]   Rendezvous                         24 us
[1.175s][info][gc,stats    ] Concurrent Cleanup                   65 us
[1.175s][info][gc,stats    ] Concurrent Strong Roots             299 us, parallelism: 1.58x
[1.175s][info][gc,stats    ]   CSR: <total>                      473 us
[1.175s][info][gc,stats    ]   CSR: Code Cache Roots             370 us, workers (us): 152, 218, ---, ---, ---, ---, ---, ---, 
[1.175s][info][gc,stats    ]   CSR: VM Strong Roots                8 us, workers (us):   8,   0, ---, ---, ---, ---, ---, ---, 
[1.175s][info][gc,stats    ]   CSR: CLDG Roots                    95 us, workers (us):  95, ---, ---, ---, ---, ---, ---, ---, 
[1.175s][info][gc,stats    ] Concurrent Evacuation              1621 us
[1.175s][info][gc,stats    ] Pause Init Update Refs (G)         2773 us
[1.175s][info][gc,stats    ] Pause Init Update Refs (N)           45 us
[1.175s][info][gc,stats    ]   Manage GCLABs                       3 us
[1.175s][info][gc,stats    ] Concurrent Update Refs             4036 us
[1.175s][info][gc,stats    ] Concurrent Update Thread Roots      163 us
[1.175s][info][gc,stats    ] Pause Final Update Refs (G)         190 us
[1.175s][info][gc,stats    ] Pause Final Update Refs (N)          85 us
[1.175s][info][gc,stats    ]   Update Region States               16 us
[1.175s][info][gc,stats    ]   Trash Collection Set                2 us
[1.175s][info][gc,stats    ]   Rebuild Free Set                   16 us
[1.175s][info][gc,stats    ] Concurrent Cleanup                   89 us
[1.175s][info][gc,stats    ] 
[1.175s][info][gc,stats    ] Allocation pacing accrued:
[1.175s][info][gc,stats    ]       0 of    15 ms (  0.0%): <total>
[1.175s][info][gc,stats    ]       0 of    15 ms (  0.0%): <average total>
[1.175s][info][gc,stats    ] 
[1.175s][info][gc,metaspace] Metaspace: 4511K(4672K)->4782K(4928K) NonClass: 4055K(4160K)->4298K(4416K) Class: 456K(512K)->483K(512K)
[1.175s][info][gc,ergo     ] Pacer for Idle. Initial: 40642K, Alloc Tax Rate: 1.0x
[1.176s][info][gc          ] Trigger: Start next cycle immediately
[1.176s][info][gc,ergo     ] Free: 1872M, Max: 512K regular, 1871M humongous, Frag: 1% external, 0% internal; Reserve: 101888K, Max: 512K
[1.176s][info][gc,start    ] GC(75) Concurrent reset
[1.176s][info][gc,task     ] GC(75) Using 2 of 8 workers for concurrent reset
[1.176s][info][gc,ergo     ] GC(75) Pacer for Reset. Non-Taxable: 1984M
[1.177s][info][gc          ] GC(75) Concurrent reset 0.213ms
[1.177s][info][gc,start    ] GC(75) Pause Init Mark (unload classes)
[1.177s][info][gc,task     ] GC(75) Using 8 of 8 workers for init marking
[1.177s][info][gc,ergo     ] GC(75) Pacer for Mark. Expected Live: 10059K, Free: 1872M, Non-Taxable: 187M, Alloc Tax Rate: 0.0x
[1.177s][info][gc          ] GC(75) Pause Init Mark (unload classes) 0.070ms
[1.177s][info][gc,start    ] GC(75) Concurrent marking roots
[1.177s][info][gc,task     ] GC(75) Using 2 of 8 workers for concurrent marking roots
[1.177s][info][gc          ] GC(75) Concurrent marking roots 0.162ms
[1.177s][info][gc,start    ] GC(75) Concurrent marking (unload classes)
[1.177s][info][gc,task     ] GC(75) Using 2 of 8 workers for concurrent marking
[1.179s][info][gc          ] GC(75) Concurrent marking (unload classes) 2.062ms
[1.179s][info][gc,start    ] GC(75) Pause Final Mark (unload classes)
[1.179s][info][gc,task     ] GC(75) Using 8 of 8 workers for final marking
[1.179s][info][gc,ergo     ] GC(75) Collectable Garbage: 2718K (100%), Immediate: 0B (0%), CSet: 2718K (100%)
[1.179s][info][gc,ergo     ] GC(75) Pacer for Evacuation. Used CSet: 11260K, Free: 1871M, Non-Taxable: 187M, Alloc Tax Rate: 1.1x
[1.179s][info][gc          ] GC(75) Pause Final Mark (unload classes) 0.224ms
[1.179s][info][gc,start    ] GC(75) Concurrent thread roots
[1.179s][info][gc,task     ] GC(75) Using 2 of 8 workers for Concurrent thread roots
[1.182s][info][gc          ] GC(75) Concurrent thread roots 2.882ms
[1.182s][info][gc,start    ] GC(75) Concurrent weak references
[1.182s][info][gc,task     ] GC(75) Using 2 of 8 workers for concurrent weak references
[1.182s][info][gc,ref      ] GC(75) Encountered references: Soft: 248, Weak: 758, Final: 0, Phantom: 591
[1.182s][info][gc,ref      ] GC(75) Discovered  references: Soft: 0, Weak: 327, Final: 0, Phantom: 591
[1.182s][info][gc,ref      ] GC(75) Enqueued    references: Soft: 0, Weak: 7, Final: 0, Phantom: 11
[1.182s][info][gc          ] GC(75) Concurrent weak references 0.118ms
[1.182s][info][gc,start    ] GC(75) Concurrent weak roots
[1.182s][info][gc,task     ] GC(75) Using 2 of 8 workers for concurrent weak root
[1.183s][info][gc          ] GC(75) Concurrent weak roots 0.372ms
[1.183s][info][gc,start    ] GC(75) Concurrent cleanup
[1.183s][info][gc          ] GC(75) Concurrent cleanup 14M->14M(144M) 0.066ms
[1.183s][info][gc,ergo     ] GC(75) Free: 1870M, Max: 512K regular, 1870M humongous, Frag: 0% external, 0% internal; Reserve: 101577K, Max: 512K
[1.183s][info][gc,start    ] GC(75) Concurrent class unloading
[1.183s][info][gc,task     ] GC(75) Using 2 of 8 workers for concurrent class unloading
[1.187s][info][gc          ] GC(75) Concurrent class unloading 4.391ms
[1.187s][info][gc,start    ] GC(75) Concurrent strong roots
[1.187s][info][gc,task     ] GC(75) Using 2 of 8 workers for concurrent strong root
[1.187s][info][gc          ] GC(75) Concurrent strong roots 0.164ms
[1.187s][info][gc,start    ] GC(75) Concurrent evacuation
[1.187s][info][gc,task     ] GC(75) Using 2 of 8 workers for concurrent evacuation
[1.191s][info][gc          ] GC(75) Concurrent evacuation 3.307ms
[1.191s][info][gc,start    ] GC(75) Pause Init Update Refs
[1.191s][info][gc,ergo     ] GC(75) Pacer for Update Refs. Used: 24063K, Free: 1870M, Non-Taxable: 187M, Alloc Tax Rate: 1.1x
[1.191s][info][gc          ] GC(75) Pause Init Update Refs 0.041ms
[1.191s][info][gc,start    ] GC(75) Concurrent update references
[1.191s][info][gc,task     ] GC(75) Using 2 of 8 workers for concurrent reference update
[1.192s][info][gc          ] GC(75) Concurrent update references 1.545ms
[1.193s][info][gc,start    ] GC(75) Concurrent update thread roots
[1.193s][info][gc          ] GC(75) Concurrent update thread roots 0.241ms
[1.193s][info][gc,start    ] GC(75) Pause Final Update Refs
[1.193s][info][gc,task     ] GC(75) Using 8 of 8 workers for final reference update
[1.193s][info][gc          ] GC(75) Pause Final Update Refs 0.074ms
[1.193s][info][gc,start    ] GC(75) Concurrent cleanup
[1.193s][info][gc          ] GC(75) Concurrent cleanup 23M->12M(144M) 0.073ms
[1.193s][info][gc,ergo     ] Free: 1872M, Max: 512K regular, 1870M humongous, Frag: 1% external, 0% internal; Reserve: 101888K, Max: 512K
[1.193s][info][gc,stats    ] 
[1.193s][info][gc,stats    ] All times are wall-clock times, except per-root-class counters, that are sum over
[1.193s][info][gc,stats    ] all workers. Dividing the <total> over the root stage time estimates parallelism.
[1.193s][info][gc,stats    ] 
[1.193s][info][gc,stats    ] Concurrent Reset                    225 us
[1.193s][info][gc,stats    ] Pause Init Mark (G)                 175 us
[1.193s][info][gc,stats    ] Pause Init Mark (N)                  81 us
[1.193s][info][gc,stats    ]   Update Region States               19 us
[1.193s][info][gc,stats    ] Concurrent Mark Roots               171 us, parallelism: 0.75x
[1.193s][info][gc,stats    ]   CMR: <total>                      128 us
[1.193s][info][gc,stats    ]   CMR: Thread Roots                  71 us, workers (us):  54,  17, ---, ---, ---, ---, ---, ---, 
[1.193s][info][gc,stats    ]   CMR: VM Strong Roots                4 us, workers (us):   4,   0, ---, ---, ---, ---, ---, ---, 
[1.193s][info][gc,stats    ]   CMR: CLDG Roots                    53 us, workers (us):  53, ---, ---, ---, ---, ---, ---, ---, 
[1.193s][info][gc,stats    ] Concurrent Marking                 2082 us
[1.193s][info][gc,stats    ] Pause Final Mark (G)                323 us
[1.193s][info][gc,stats    ] Pause Final Mark (N)                233 us
[1.193s][info][gc,stats    ]   Finish Mark                       117 us
[1.193s][info][gc,stats    ]   Update Region States               15 us
[1.193s][info][gc,stats    ]   Choose Collection Set              32 us
[1.193s][info][gc,stats    ]   Rebuild Free Set                   15 us
[1.193s][info][gc,stats    ] Concurrent Thread Roots            2941 us, parallelism: 0.98x
[1.193s][info][gc,stats    ]   CTR: <total>                     2868 us
[1.193s][info][gc,stats    ]   CTR: Thread Roots                2868 us, workers (us): 2843,  25, ---, ---, ---, ---, ---, ---, 
[1.193s][info][gc,stats    ] Concurrent Weak References          126 us, parallelism: 0.62x
[1.193s][info][gc,stats    ]   CWRF: <total>                      79 us
[1.193s][info][gc,stats    ]   CWRF: Weak References              79 us, workers (us):  28,  50, ---, ---, ---, ---, ---, ---, 
[1.193s][info][gc,stats    ] Concurrent Weak Roots               388 us
[1.193s][info][gc,stats    ]   Roots                             252 us, parallelism: 1.71x
[1.193s][info][gc,stats    ]     CWR: <total>                    431 us
[1.193s][info][gc,stats    ]     CWR: Code Cache Roots           234 us, workers (us): 103, 130, ---, ---, ---, ---, ---, ---, 
[1.193s][info][gc,stats    ]     CWR: VM Weak Roots              196 us, workers (us):  95, 101, ---, ---, ---, ---, ---, ---, 
[1.193s][info][gc,stats    ]     CWR: CLDG Roots                   2 us, workers (us):   2, ---, ---, ---, ---, ---, ---, ---, 
[1.193s][info][gc,stats    ]   Rendezvous                        104 us
[1.193s][info][gc,stats    ] Concurrent Cleanup                   75 us
[1.193s][info][gc,stats    ] Concurrent Class Unloading         4402 us
[1.193s][info][gc,stats    ]   Unlink Stale                      775 us
[1.193s][info][gc,stats    ]     System Dictionary                24 us
[1.193s][info][gc,stats    ]     Weak Class Links                  0 us
[1.193s][info][gc,stats    ]     Code Roots                      750 us
[1.193s][info][gc,stats    ]   Rendezvous                       3555 us
[1.193s][info][gc,stats    ]   Purge Unlinked                     43 us
[1.193s][info][gc,stats    ]     Code Roots                       39 us
[1.193s][info][gc,stats    ]     CLDG                              3 us
[1.193s][info][gc,stats    ]     Exception Caches                  0 us
[1.193s][info][gc,stats    ] Concurrent Strong Roots             173 us, parallelism: 0.65x
[1.193s][info][gc,stats    ]   CSR: <total>                      112 us
[1.194s][info][gc,stats    ]   CSR: VM Strong Roots                7 us, workers (us):   7,   0, ---, ---, ---, ---, ---, ---, 
[1.194s][info][gc,stats    ]   CSR: CLDG Roots                   104 us, workers (us): 104, ---, ---, ---, ---, ---, ---, ---, 
[1.194s][info][gc,stats    ] Concurrent Evacuation              3323 us
[1.194s][info][gc,stats    ] Pause Init Update Refs (G)          139 us
[1.194s][info][gc,stats    ] Pause Init Update Refs (N)           49 us
[1.194s][info][gc,stats    ]   Manage GCLABs                       3 us
[1.194s][info][gc,stats    ] Concurrent Update Refs             1566 us
[1.194s][info][gc,stats    ] Concurrent Update Thread Roots      264 us
[1.194s][info][gc,stats    ] Pause Final Update Refs (G)         242 us
[1.194s][info][gc,stats    ] Pause Final Update Refs (N)          86 us
[1.194s][info][gc,stats    ]   Update Region States               17 us
[1.194s][info][gc,stats    ]   Trash Collection Set                2 us
[1.194s][info][gc,stats    ]   Rebuild Free Set                   19 us
[1.194s][info][gc,stats    ] Concurrent Cleanup                   83 us
[1.194s][info][gc,stats    ] 
[1.194s][info][gc,stats    ] Allocation pacing accrued:
[1.194s][info][gc,stats    ]       0 of    18 ms (  0.0%): <total>
[1.194s][info][gc,stats    ]       0 of    18 ms (  0.0%): <average total>
[1.194s][info][gc,stats    ] 
[1.194s][info][gc,metaspace] Metaspace: 4786K(4928K)->4890K(5056K) NonClass: 4301K(4416K)->4391K(4480K) Class: 484K(512K)->498K(576K)
[1.194s][info][gc,ergo     ] Pacer for Idle. Initial: 40642K, Alloc Tax Rate: 1.0x
[1.195s][info][gc          ] Trigger: Start next cycle immediately
[1.195s][info][gc,ergo     ] Free: 1872M, Max: 512K regular, 1870M humongous, Frag: 1% external, 0% internal; Reserve: 101888K, Max: 512K
[1.195s][info][gc,start    ] GC(76) Concurrent reset
[1.195s][info][gc,task     ] GC(76) Using 2 of 8 workers for concurrent reset
[1.195s][info][gc,ergo     ] GC(76) Pacer for Reset. Non-Taxable: 1984M
[1.195s][info][gc          ] GC(76) Concurrent reset 0.198ms
[1.195s][info][gc,start    ] GC(76) Pause Init Mark (unload classes)
[1.195s][info][gc,task     ] GC(76) Using 8 of 8 workers for init marking
[1.195s][info][gc,ergo     ] GC(76) Pacer for Mark. Expected Live: 10085K, Free: 1872M, Non-Taxable: 187M, Alloc Tax Rate: 0.0x
[1.195s][info][gc          ] GC(76) Pause Init Mark (unload classes) 0.069ms
[1.195s][info][gc,start    ] GC(76) Concurrent marking roots
[1.195s][info][gc,task     ] GC(76) Using 2 of 8 workers for concurrent marking roots
[1.196s][info][gc          ] GC(76) Concurrent marking roots 0.954ms
[1.196s][info][gc,start    ] GC(76) Concurrent marking (unload classes)
[1.196s][info][gc,task     ] GC(76) Using 2 of 8 workers for concurrent marking
[1.198s][info][gc          ] GC(76) Concurrent marking (unload classes) 1.742ms
[1.198s][info][gc,start    ] GC(76) Pause Final Mark (unload classes)
[1.198s][info][gc,task     ] GC(76) Using 8 of 8 workers for final marking
[1.210s][info][gc,ergo     ] GC(76) Collectable Garbage: 2645K (100%), Immediate: 0B (0%), CSet: 2645K (100%)
[1.210s][info][gc,ergo     ] GC(76) Pacer for Evacuation. Used CSet: 11200K, Free: 1871M, Non-Taxable: 187M, Alloc Tax Rate: 1.1x
[1.210s][info][gc          ] GC(76) Pause Final Mark (unload classes) 11.945ms
[1.210s][info][gc,start    ] GC(76) Concurrent thread roots
[1.210s][info][gc,task     ] GC(76) Using 2 of 8 workers for Concurrent thread roots
[1.210s][info][gc          ] GC(76) Concurrent thread roots 0.086ms
[1.210s][info][gc,start    ] GC(76) Concurrent weak references
[1.210s][info][gc,task     ] GC(76) Using 2 of 8 workers for concurrent weak references
[1.210s][info][gc,ref      ] GC(76) Encountered references: Soft: 251, Weak: 775, Final: 0, Phantom: 586
[1.210s][info][gc,ref      ] GC(76) Discovered  references: Soft: 0, Weak: 346, Final: 0, Phantom: 204
[1.210s][info][gc,ref      ] GC(76) Enqueued    references: Soft: 0, Weak: 9, Final: 0, Phantom: 6
[1.210s][info][gc          ] GC(76) Concurrent weak references 0.110ms
[1.210s][info][gc,start    ] GC(76) Concurrent weak roots
[1.210s][info][gc,task     ] GC(76) Using 2 of 8 workers for concurrent weak root
[1.212s][info][gc          ] GC(76) Concurrent weak roots 1.566ms
[1.212s][info][gc,start    ] GC(76) Concurrent cleanup
[1.212s][info][gc          ] GC(76) Concurrent cleanup 13M->13M(144M) 0.063ms
[1.212s][info][gc,ergo     ] GC(76) Free: 1871M, Max: 512K regular, 1870M humongous, Frag: 1% external, 0% internal; Reserve: 101698K, Max: 512K
[1.212s][info][gc,start    ] GC(76) Concurrent class unloading
[1.212s][info][gc,task     ] GC(76) Using 2 of 8 workers for concurrent class unloading
[1.212s][info][gc          ] GC(76) Concurrent class unloading 0.578ms
[1.213s][info][gc,start    ] GC(76) Concurrent strong roots
[1.213s][info][gc,task     ] GC(76) Using 2 of 8 workers for concurrent strong root
[1.213s][info][gc          ] GC(76) Concurrent strong roots 0.161ms
[1.213s][info][gc,start    ] GC(76) Concurrent evacuation
[1.213s][info][gc,task     ] GC(76) Using 2 of 8 workers for concurrent evacuation
[1.214s][info][gc          ] GC(76) Concurrent evacuation 1.521ms
[1.214s][info][gc,start    ] GC(76) Pause Init Update Refs
[1.214s][info][gc,ergo     ] GC(76) Pacer for Update Refs. Used: 23551K, Free: 1871M, Non-Taxable: 187M, Alloc Tax Rate: 1.1x
[1.214s][info][gc          ] GC(76) Pause Init Update Refs 0.039ms
[1.214s][info][gc,start    ] GC(76) Concurrent update references
[1.214s][info][gc,task     ] GC(76) Using 2 of 8 workers for concurrent reference update
[1.216s][info][gc          ] GC(76) Concurrent update references 1.520ms
[1.216s][info][gc,start    ] GC(76) Concurrent update thread roots
[1.217s][info][gc          ] GC(76) Concurrent update thread roots 0.889ms
[1.217s][info][gc,start    ] GC(76) Pause Final Update Refs
[1.217s][info][gc,task     ] GC(76) Using 8 of 8 workers for final reference update
[1.217s][info][gc          ] GC(76) Pause Final Update Refs 0.067ms
[1.218s][info][gc,start    ] GC(76) Concurrent cleanup
[1.218s][info][gc          ] GC(76) Concurrent cleanup 22M->12M(144M) 0.075ms
[1.218s][info][gc,ergo     ] Free: 1872M, Max: 512K regular, 1871M humongous, Frag: 1% external, 0% internal; Reserve: 101888K, Max: 512K
[1.218s][info][gc,stats    ] 
[1.218s][info][gc,stats    ] All times are wall-clock times, except per-root-class counters, that are sum over
[1.218s][info][gc,stats    ] all workers. Dividing the <total> over the root stage time estimates parallelism.
[1.218s][info][gc,stats    ] 
[1.218s][info][gc,stats    ] Concurrent Reset                    207 us
[1.218s][info][gc,stats    ] Pause Init Mark (G)                 198 us
[1.218s][info][gc,stats    ] Pause Init Mark (N)                  83 us
[1.218s][info][gc,stats    ]   Update Region States               21 us
[1.218s][info][gc,stats    ] Concurrent Mark Roots               973 us, parallelism: 1.83x
[1.218s][info][gc,stats    ]   CMR: <total>                     1784 us
[1.218s][info][gc,stats    ]   CMR: Thread Roots                 891 us, workers (us):   2, 889, ---, ---, ---, ---, ---, ---, 
[1.218s][info][gc,stats    ]   CMR: VM Strong Roots                4 us, workers (us):   3,   1, ---, ---, ---, ---, ---, ---, 
[1.218s][info][gc,stats    ]   CMR: CLDG Roots                   889 us, workers (us): 889, ---, ---, ---, ---, ---, ---, ---, 
[1.218s][info][gc,stats    ] Concurrent Marking                 1753 us
[1.218s][info][gc,stats    ] Pause Final Mark (G)              12108 us
[1.218s][info][gc,stats    ] Pause Final Mark (N)              11953 us
[1.218s][info][gc,stats    ]   Finish Mark                     11805 us
[1.218s][info][gc,stats    ]   Update Region States               20 us
[1.218s][info][gc,stats    ]   Choose Collection Set              47 us
[1.218s][info][gc,stats    ]   Rebuild Free Set                   16 us
[1.218s][info][gc,stats    ] Concurrent Thread Roots              95 us, parallelism: 0.41x
[1.218s][info][gc,stats    ]   CTR: <total>                       39 us
[1.218s][info][gc,stats    ]   CTR: Thread Roots                  39 us, workers (us):  39,   0, ---, ---, ---, ---, ---, ---, 
[1.218s][info][gc,stats    ] Concurrent Weak References          115 us, parallelism: 0.46x
[1.218s][info][gc,stats    ]   CWRF: <total>                      53 us
[1.218s][info][gc,stats    ]   CWRF: Weak References              53 us, workers (us):  53,   0, ---, ---, ---, ---, ---, ---, 
[1.218s][info][gc,stats    ] Concurrent Weak Roots              1580 us
[1.218s][info][gc,stats    ]   Roots                             763 us, parallelism: 1.21x
[1.218s][info][gc,stats    ]     CWR: <total>                    922 us
[1.218s][info][gc,stats    ]     CWR: Code Cache Roots           291 us, workers (us):  67, 224, ---, ---, ---, ---, ---, ---, 
[1.218s][info][gc,stats    ]     CWR: VM Weak Roots              627 us, workers (us): 606,  21, ---, ---, ---, ---, ---, ---, 
[1.218s][info][gc,stats    ]     CWR: CLDG Roots                   3 us, workers (us): ---,   3, ---, ---, ---, ---, ---, ---, 
[1.218s][info][gc,stats    ]   Rendezvous                        788 us
[1.218s][info][gc,stats    ] Concurrent Cleanup                   72 us
[1.218s][info][gc,stats    ] Concurrent Class Unloading          591 us
[1.218s][info][gc,stats    ]   Unlink Stale                      506 us
[1.218s][info][gc,stats    ]     System Dictionary                22 us
[1.218s][info][gc,stats    ]     Weak Class Links                  0 us
[1.218s][info][gc,stats    ]     Code Roots                      483 us
[1.218s][info][gc,stats    ]   Rendezvous                         37 us
[1.218s][info][gc,stats    ]   Purge Unlinked                     19 us
[1.218s][info][gc,stats    ]     Code Roots                       16 us
[1.218s][info][gc,stats    ]     CLDG                              2 us
[1.218s][info][gc,stats    ]     Exception Caches                  0 us
[1.218s][info][gc,stats    ] Concurrent Strong Roots             170 us, parallelism: 0.66x
[1.218s][info][gc,stats    ]   CSR: <total>                      111 us
[1.218s][info][gc,stats    ]   CSR: VM Strong Roots                7 us, workers (us):   7,   0, ---, ---, ---, ---, ---, ---, 
[1.218s][info][gc,stats    ]   CSR: CLDG Roots                   104 us, workers (us): 104, ---, ---, ---, ---, ---, ---, ---, 
[1.218s][info][gc,stats    ] Concurrent Evacuation              1596 us
[1.218s][info][gc,stats    ] Pause Init Update Refs (G)          149 us
[1.218s][info][gc,stats    ] Pause Init Update Refs (N)           48 us
[1.218s][info][gc,stats    ]   Manage GCLABs                       3 us
[1.218s][info][gc,stats    ] Concurrent Update Refs             1531 us
[1.219s][info][gc,stats    ] Concurrent Update Thread Roots      905 us
[1.219s][info][gc,stats    ] Pause Final Update Refs (G)        1078 us
[1.219s][info][gc,stats    ] Pause Final Update Refs (N)          78 us
[1.219s][info][gc,stats    ]   Update Region States               17 us
[1.219s][info][gc,stats    ]   Trash Collection Set                2 us
[1.219s][info][gc,stats    ]   Rebuild Free Set                   19 us
[1.219s][info][gc,stats    ] Concurrent Cleanup                   84 us
[1.219s][info][gc,stats    ] 
[1.219s][info][gc,stats    ] Allocation pacing accrued:
[1.219s][info][gc,stats    ]       0 of    25 ms (  0.0%): <total>
[1.219s][info][gc,stats    ]       0 of    25 ms (  0.0%): <average total>
[1.219s][info][gc,stats    ] 
[1.219s][info][gc,metaspace] Metaspace: 4915K(5120K)->5160K(5312K) NonClass: 4412K(4544K)->4638K(4736K) Class: 502K(576K)->522K(576K)
[1.219s][info][gc,ergo     ] Pacer for Idle. Initial: 40642K, Alloc Tax Rate: 1.0x
[1.220s][info][gc          ] Trigger: Start next cycle immediately
[1.220s][info][gc,ergo     ] Free: 1872M, Max: 512K regular, 1871M humongous, Frag: 1% external, 0% internal; Reserve: 101888K, Max: 512K
[1.220s][info][gc,start    ] GC(77) Concurrent reset
[1.220s][info][gc,task     ] GC(77) Using 2 of 8 workers for concurrent reset
[1.220s][info][gc,ergo     ] GC(77) Pacer for Reset. Non-Taxable: 1984M
[1.222s][info][gc          ] GC(77) Concurrent reset 2.020ms
[1.230s][info][gc,start    ] GC(77) Pause Init Mark
[1.230s][info][gc,task     ] GC(77) Using 8 of 8 workers for init marking
[1.230s][info][gc,ergo     ] GC(77) Pacer for Mark. Expected Live: 10111K, Free: 1871M, Non-Taxable: 187M, Alloc Tax Rate: 0.0x
[1.230s][info][gc          ] GC(77) Pause Init Mark 0.087ms
[1.230s][info][gc,start    ] GC(77) Concurrent marking roots
[1.230s][info][gc,task     ] GC(77) Using 2 of 8 workers for concurrent marking roots
[1.231s][info][gc          ] GC(77) Concurrent marking roots 0.533ms
[1.231s][info][gc,start    ] GC(77) Concurrent marking
[1.231s][info][gc,task     ] GC(77) Using 2 of 8 workers for concurrent marking
[1.234s][info][gc          ] GC(77) Concurrent marking 2.843ms
[1.234s][info][gc,start    ] GC(77) Pause Final Mark
[1.234s][info][gc,task     ] GC(77) Using 8 of 8 workers for final marking
[1.234s][info][gc,ergo     ] GC(77) Collectable Garbage: 3181K (100%), Immediate: 0B (0%), CSet: 3181K (100%)
[1.234s][info][gc,ergo     ] GC(77) Pacer for Evacuation. Used CSet: 11776K, Free: 1871M, Non-Taxable: 187M, Alloc Tax Rate: 1.1x
[1.234s][info][gc          ] GC(77) Pause Final Mark 0.321ms
[1.234s][info][gc,start    ] GC(77) Concurrent thread roots
[1.234s][info][gc,task     ] GC(77) Using 2 of 8 workers for Concurrent thread roots
[1.234s][info][gc          ] GC(77) Concurrent thread roots 0.089ms
[1.234s][info][gc,start    ] GC(77) Concurrent weak references
[1.234s][info][gc,task     ] GC(77) Using 2 of 8 workers for concurrent weak references
[1.234s][info][gc,ref      ] GC(77) Encountered references: Soft: 256, Weak: 815, Final: 0, Phantom: 586
[1.234s][info][gc,ref      ] GC(77) Discovered  references: Soft: 0, Weak: 474, Final: 0, Phantom: 201
[1.234s][info][gc,ref      ] GC(77) Enqueued    references: Soft: 0, Weak: 11, Final: 0, Phantom: 5
[1.234s][info][gc          ] GC(77) Concurrent weak references 0.106ms
[1.234s][info][gc,start    ] GC(77) Concurrent weak roots
[1.234s][info][gc,task     ] GC(77) Using 2 of 8 workers for concurrent weak root
[1.238s][info][gc          ] GC(77) Concurrent weak roots 4.014ms
[1.238s][info][gc,start    ] GC(77) Concurrent cleanup
[1.238s][info][gc          ] GC(77) Concurrent cleanup 14M->14M(144M) 0.063ms
[1.238s][info][gc,ergo     ] GC(77) Free: 1870M, Max: 512K regular, 1870M humongous, Frag: 0% external, 0% internal; Reserve: 101641K, Max: 512K
[1.238s][info][gc,start    ] GC(77) Concurrent strong roots
[1.238s][info][gc,task     ] GC(77) Using 2 of 8 workers for concurrent strong root
[1.239s][info][gc          ] GC(77) Concurrent strong roots 0.651ms
[1.239s][info][gc,start    ] GC(77) Concurrent evacuation
[1.239s][info][gc,task     ] GC(77) Using 2 of 8 workers for concurrent evacuation
[1.241s][info][gc          ] GC(77) Concurrent evacuation 1.503ms
[1.241s][info][gc,start    ] GC(77) Pause Init Update Refs
[1.241s][info][gc,ergo     ] GC(77) Pacer for Update Refs. Used: 25151K, Free: 1870M, Non-Taxable: 187M, Alloc Tax Rate: 1.1x
[1.241s][info][gc          ] GC(77) Pause Init Update Refs 0.038ms
[1.241s][info][gc,start    ] GC(77) Concurrent update references
[1.241s][info][gc,task     ] GC(77) Using 2 of 8 workers for concurrent reference update
[1.245s][info][gc          ] GC(77) Concurrent update references 4.186ms
[1.245s][info][gc,start    ] GC(77) Concurrent update thread roots
[1.245s][info][gc          ] GC(77) Concurrent update thread roots 0.475ms
[1.246s][info][gc,start    ] GC(77) Pause Final Update Refs
[1.246s][info][gc,task     ] GC(77) Using 8 of 8 workers for final reference update
[1.246s][info][gc          ] GC(77) Pause Final Update Refs 0.066ms
[1.246s][info][gc,start    ] GC(77) Concurrent cleanup
[1.246s][info][gc          ] GC(77) Concurrent cleanup 24M->13M(144M) 0.065ms
[1.246s][info][gc,ergo     ] Free: 1871M, Max: 512K regular, 1869M humongous, Frag: 1% external, 0% internal; Reserve: 101888K, Max: 512K
[1.246s][info][gc,stats    ] 
[1.246s][info][gc,stats    ] All times are wall-clock times, except per-root-class counters, that are sum over
[1.246s][info][gc,stats    ] all workers. Dividing the <total> over the root stage time estimates parallelism.
[1.246s][info][gc,stats    ] 
[1.246s][info][gc,stats    ] Concurrent Reset                   2040 us
[1.246s][info][gc,stats    ] Pause Init Mark (G)                8445 us
[1.246s][info][gc,stats    ] Pause Init Mark (N)                  95 us
[1.246s][info][gc,stats    ]   Update Region States               23 us
[1.246s][info][gc,stats    ] Concurrent Mark Roots               544 us, parallelism: 1.35x
[1.246s][info][gc,stats    ]   CMR: <total>                      736 us
[1.246s][info][gc,stats    ]   CMR: Thread Roots                 308 us, workers (us): 131, 177, ---, ---, ---, ---, ---, ---, 
[1.246s][info][gc,stats    ]   CMR: Code Cache Roots             345 us, workers (us): 187, 157, ---, ---, ---, ---, ---, ---, 
[1.246s][info][gc,stats    ]   CMR: VM Strong Roots                5 us, workers (us):   5,   0, ---, ---, ---, ---, ---, ---, 
[1.246s][info][gc,stats    ]   CMR: CLDG Roots                    78 us, workers (us):  78, ---, ---, ---, ---, ---, ---, ---, 
[1.246s][info][gc,stats    ] Concurrent Marking                 2863 us
[1.246s][info][gc,stats    ] Pause Final Mark (G)                422 us
[1.246s][info][gc,stats    ] Pause Final Mark (N)                330 us
[1.246s][info][gc,stats    ]   Finish Mark                       213 us
[1.246s][info][gc,stats    ]   Update Region States               17 us
[1.246s][info][gc,stats    ]   Choose Collection Set              30 us
[1.246s][info][gc,stats    ]   Rebuild Free Set                   15 us
[1.246s][info][gc,stats    ] Concurrent Thread Roots              99 us, parallelism: 0.57x
[1.246s][info][gc,stats    ]   CTR: <total>                       57 us
[1.246s][info][gc,stats    ]   CTR: Thread Roots                  57 us, workers (us):  57,   0, ---, ---, ---, ---, ---, ---, 
[1.246s][info][gc,stats    ] Concurrent Weak References          114 us, parallelism: 0.57x
[1.246s][info][gc,stats    ]   CWRF: <total>                      65 us
[1.246s][info][gc,stats    ]   CWRF: Weak References              65 us, workers (us):  55,   9, ---, ---, ---, ---, ---, ---, 
[1.246s][info][gc,stats    ] Concurrent Weak Roots              4039 us
[1.246s][info][gc,stats    ]   Roots                             196 us, parallelism: 1.17x
[1.246s][info][gc,stats    ]     CWR: <total>                    229 us
[1.246s][info][gc,stats    ]     CWR: VM Weak Roots              229 us, workers (us): 163,  66, ---, ---, ---, ---, ---, ---, 
[1.246s][info][gc,stats    ]   Rendezvous                       3799 us
[1.246s][info][gc,stats    ] Concurrent Cleanup                   86 us
[1.246s][info][gc,stats    ] Concurrent Strong Roots             673 us, parallelism: 0.86x
[1.246s][info][gc,stats    ]   CSR: <total>                      577 us
[1.246s][info][gc,stats    ]   CSR: Code Cache Roots             411 us, workers (us): 411,   0, ---, ---, ---, ---, ---, ---, 
[1.246s][info][gc,stats    ]   CSR: VM Strong Roots               12 us, workers (us):  12,   0, ---, ---, ---, ---, ---, ---, 
[1.246s][info][gc,stats    ]   CSR: CLDG Roots                   154 us, workers (us): 154, ---, ---, ---, ---, ---, ---, ---, 
[1.246s][info][gc,stats    ] Concurrent Evacuation              1524 us
[1.246s][info][gc,stats    ] Pause Init Update Refs (G)          173 us
[1.246s][info][gc,stats    ] Pause Init Update Refs (N)           65 us
[1.246s][info][gc,stats    ]   Manage GCLABs                       3 us
[1.246s][info][gc,stats    ] Concurrent Update Refs             4206 us
[1.246s][info][gc,stats    ] Concurrent Update Thread Roots      485 us
[1.246s][info][gc,stats    ] Pause Final Update Refs (G)         173 us
[1.246s][info][gc,stats    ] Pause Final Update Refs (N)          75 us
[1.246s][info][gc,stats    ]   Update Region States               16 us
[1.246s][info][gc,stats    ]   Trash Collection Set                3 us
[1.246s][info][gc,stats    ]   Rebuild Free Set                   16 us
[1.246s][info][gc,stats    ] Concurrent Cleanup                   74 us
[1.246s][info][gc,stats    ] 
[1.246s][info][gc,stats    ] Allocation pacing accrued:
[1.246s][info][gc,stats    ]       0 of    28 ms (  0.0%): <total>
[1.246s][info][gc,stats    ]       0 of    28 ms (  0.0%): <average total>
[1.246s][info][gc,stats    ] 
[1.246s][info][gc,metaspace] Metaspace: 5181K(5312K)->5557K(5760K) NonClass: 4656K(4736K)->4991K(5056K) Class: 525K(576K)->565K(704K)
[1.246s][info][gc,ergo     ] Pacer for Idle. Initial: 40642K, Alloc Tax Rate: 1.0x
[1.247s][info][gc          ] Trigger: Start next cycle immediately
[1.247s][info][gc,ergo     ] Free: 1871M, Max: 512K regular, 1869M humongous, Frag: 1% external, 0% internal; Reserve: 101888K, Max: 512K
[1.247s][info][gc,start    ] GC(78) Concurrent reset
[1.247s][info][gc,task     ] GC(78) Using 2 of 8 workers for concurrent reset
[1.247s][info][gc,ergo     ] GC(78) Pacer for Reset. Non-Taxable: 1984M
[1.248s][info][gc          ] GC(78) Concurrent reset 0.228ms
[1.248s][info][gc,start    ] GC(78) Pause Init Mark (unload classes)
[1.248s][info][gc,task     ] GC(78) Using 8 of 8 workers for init marking
[1.248s][info][gc,ergo     ] GC(78) Pacer for Mark. Expected Live: 10139K, Free: 1871M, Non-Taxable: 187M, Alloc Tax Rate: 0.0x
[1.248s][info][gc          ] GC(78) Pause Init Mark (unload classes) 0.059ms
[1.248s][info][gc,start    ] GC(78) Concurrent marking roots
[1.248s][info][gc,task     ] GC(78) Using 2 of 8 workers for concurrent marking roots
[1.248s][info][gc          ] GC(78) Concurrent marking roots 0.296ms
[1.248s][info][gc,start    ] GC(78) Concurrent marking (unload classes)
[1.248s][info][gc,task     ] GC(78) Using 2 of 8 workers for concurrent marking
[1.250s][info][gc          ] GC(78) Concurrent marking (unload classes) 2.218ms
[1.250s][info][gc,start    ] GC(78) Pause Final Mark (unload classes)
[1.250s][info][gc,task     ] GC(78) Using 8 of 8 workers for final marking
[1.251s][info][gc,ergo     ] GC(78) Collectable Garbage: 3097K (100%), Immediate: 0B (0%), CSet: 3097K (100%)
[1.251s][info][gc,ergo     ] GC(78) Pacer for Evacuation. Used CSet: 11772K, Free: 1871M, Non-Taxable: 187M, Alloc Tax Rate: 1.1x
[1.251s][info][gc          ] GC(78) Pause Final Mark (unload classes) 0.281ms
[1.251s][info][gc,start    ] GC(78) Concurrent thread roots
[1.251s][info][gc,task     ] GC(78) Using 2 of 8 workers for Concurrent thread roots
[1.251s][info][gc          ] GC(78) Concurrent thread roots 0.087ms
[1.251s][info][gc,start    ] GC(78) Concurrent weak references
[1.251s][info][gc,task     ] GC(78) Using 2 of 8 workers for concurrent weak references
[1.251s][info][gc,ref      ] GC(78) Encountered references: Soft: 310, Weak: 844, Final: 0, Phantom: 585
[1.251s][info][gc,ref      ] GC(78) Discovered  references: Soft: 0, Weak: 386, Final: 0, Phantom: 202
[1.251s][info][gc,ref      ] GC(78) Enqueued    references: Soft: 0, Weak: 17, Final: 0, Phantom: 4
[1.251s][info][gc          ] GC(78) Concurrent weak references 0.094ms
[1.251s][info][gc,start    ] GC(78) Concurrent weak roots
[1.251s][info][gc,task     ] GC(78) Using 2 of 8 workers for concurrent weak root
[1.255s][info][gc          ] GC(78) Concurrent weak roots 3.587ms
[1.255s][info][gc,start    ] GC(78) Concurrent cleanup
[1.255s][info][gc          ] GC(78) Concurrent cleanup 14M->14M(144M) 0.058ms
[1.255s][info][gc,ergo     ] GC(78) Free: 1870M, Max: 512K regular, 1869M humongous, Frag: 1% external, 0% internal; Reserve: 101529K, Max: 512K
[1.255s][info][gc,start    ] GC(78) Concurrent class unloading
[1.255s][info][gc,task     ] GC(78) Using 2 of 8 workers for concurrent class unloading
[1.264s][info][gc          ] GC(78) Concurrent class unloading 9.792ms
[1.264s][info][gc,start    ] GC(78) Concurrent strong roots
[1.264s][info][gc,task     ] GC(78) Using 2 of 8 workers for concurrent strong root
[1.265s][info][gc          ] GC(78) Concurrent strong roots 0.441ms
[1.265s][info][gc,start    ] GC(78) Concurrent evacuation
[1.265s][info][gc,task     ] GC(78) Using 2 of 8 workers for concurrent evacuation
[1.267s][info][gc          ] GC(78) Concurrent evacuation 1.653ms
[1.267s][info][gc,start    ] GC(78) Pause Init Update Refs
[1.267s][info][gc,ergo     ] GC(78) Pacer for Update Refs. Used: 25026K, Free: 1870M, Non-Taxable: 187M, Alloc Tax Rate: 1.1x
[1.267s][info][gc          ] GC(78) Pause Init Update Refs 0.038ms
[1.267s][info][gc,start    ] GC(78) Concurrent update references
[1.267s][info][gc,task     ] GC(78) Using 2 of 8 workers for concurrent reference update
[1.268s][info][gc          ] GC(78) Concurrent update references 1.551ms
[1.268s][info][gc,start    ] GC(78) Concurrent update thread roots
[1.270s][info][gc          ] GC(78) Concurrent update thread roots 1.458ms
[1.270s][info][gc,start    ] GC(78) Pause Final Update Refs
[1.270s][info][gc,task     ] GC(78) Using 8 of 8 workers for final reference update
[1.270s][info][gc          ] GC(78) Pause Final Update Refs 0.074ms
[1.270s][info][gc,start    ] GC(78) Concurrent cleanup
[1.270s][info][gc          ] GC(78) Concurrent cleanup 24M->12M(144M) 0.081ms
[1.270s][info][gc,ergo     ] Free: 1871M, Max: 512K regular, 1871M humongous, Frag: 0% external, 0% internal; Reserve: 101888K, Max: 512K
[1.270s][info][gc,stats    ] 
[1.270s][info][gc,stats    ] All times are wall-clock times, except per-root-class counters, that are sum over
[1.270s][info][gc,stats    ] all workers. Dividing the <total> over the root stage time estimates parallelism.
[1.270s][info][gc,stats    ] 
[1.270s][info][gc,stats    ] Concurrent Reset                    238 us
[1.270s][info][gc,stats    ] Pause Init Mark (G)                 166 us
[1.270s][info][gc,stats    ] Pause Init Mark (N)                  67 us
[1.270s][info][gc,stats    ]   Update Region States               16 us
[1.270s][info][gc,stats    ] Concurrent Mark Roots               305 us, parallelism: 0.85x
[1.270s][info][gc,stats    ]   CMR: <total>                      261 us
[1.270s][info][gc,stats    ]   CMR: Thread Roots                 188 us, workers (us): 166,  22, ---, ---, ---, ---, ---, ---, 
[1.270s][info][gc,stats    ]   CMR: VM Strong Roots                5 us, workers (us):   5,   0, ---, ---, ---, ---, ---, ---, 
[1.270s][info][gc,stats    ]   CMR: CLDG Roots                    68 us, workers (us):  68, ---, ---, ---, ---, ---, ---, ---, 
[1.270s][info][gc,stats    ] Concurrent Marking                 2240 us
[1.270s][info][gc,stats    ] Pause Final Mark (G)                407 us
[1.270s][info][gc,stats    ] Pause Final Mark (N)                290 us
[1.270s][info][gc,stats    ]   Finish Mark                       180 us
[1.270s][info][gc,stats    ]   Update Region States               15 us
[1.271s][info][gc,stats    ]   Choose Collection Set              30 us
[1.271s][info][gc,stats    ]   Rebuild Free Set                   15 us
[1.271s][info][gc,stats    ] Concurrent Thread Roots              96 us, parallelism: 0.51x
[1.271s][info][gc,stats    ]   CTR: <total>                       49 us
[1.271s][info][gc,stats    ]   CTR: Thread Roots                  49 us, workers (us):  49,   0, ---, ---, ---, ---, ---, ---, 
[1.271s][info][gc,stats    ] Concurrent Weak References          103 us, parallelism: 0.44x
[1.271s][info][gc,stats    ]   CWRF: <total>                      45 us
[1.271s][info][gc,stats    ]   CWRF: Weak References              45 us, workers (us):  25,  20, ---, ---, ---, ---, ---, ---, 
[1.271s][info][gc,stats    ] Concurrent Weak Roots              3609 us
[1.271s][info][gc,stats    ]   Roots                             260 us, parallelism: 1.81x
[1.271s][info][gc,stats    ]     CWR: <total>                    471 us
[1.271s][info][gc,stats    ]     CWR: Code Cache Roots           239 us, workers (us): 116, 122, ---, ---, ---, ---, ---, ---, 
[1.271s][info][gc,stats    ]     CWR: VM Weak Roots              229 us, workers (us): 116, 113, ---, ---, ---, ---, ---, ---, 
[1.271s][info][gc,stats    ]     CWR: CLDG Roots                   4 us, workers (us): ---,   4, ---, ---, ---, ---, ---, ---, 
[1.271s][info][gc,stats    ]   Rendezvous                       3294 us
[1.271s][info][gc,stats    ] Concurrent Cleanup                   68 us
[1.271s][info][gc,stats    ] Concurrent Class Unloading         9819 us
[1.271s][info][gc,stats    ]   Unlink Stale                     2092 us
[1.271s][info][gc,stats    ]     System Dictionary                25 us
[1.271s][info][gc,stats    ]     Weak Class Links                  0 us
[1.271s][info][gc,stats    ]     Code Roots                     2065 us
[1.271s][info][gc,stats    ]   Rendezvous                       7611 us
[1.271s][info][gc,stats    ]   Purge Unlinked                     70 us
[1.271s][info][gc,stats    ]     Code Roots                       67 us
[1.271s][info][gc,stats    ]     CLDG                              3 us
[1.271s][info][gc,stats    ]     Exception Caches                  0 us
[1.271s][info][gc,stats    ] Concurrent Strong Roots             462 us, parallelism: 0.28x
[1.271s][info][gc,stats    ]   CSR: <total>                      130 us
[1.271s][info][gc,stats    ]   CSR: VM Strong Roots               10 us, workers (us):  10,   0, ---, ---, ---, ---, ---, ---, 
[1.271s][info][gc,stats    ]   CSR: CLDG Roots                   120 us, workers (us): 120, ---, ---, ---, ---, ---, ---, ---, 
[1.271s][info][gc,stats    ] Concurrent Evacuation              1699 us
[1.272s][info][gc,stats    ] Pause Init Update Refs (G)          175 us
[1.272s][info][gc,stats    ] Pause Init Update Refs (N)           49 us
[1.272s][info][gc,stats    ]   Manage GCLABs                       4 us
[1.272s][info][gc,stats    ] Concurrent Update Refs             1572 us
[1.272s][info][gc,stats    ] Concurrent Update Thread Roots     1483 us
[1.272s][info][gc,stats    ] Pause Final Update Refs (G)         223 us
[1.272s][info][gc,stats    ] Pause Final Update Refs (N)          86 us
[1.272s][info][gc,stats    ]   Update Region States               17 us
[1.272s][info][gc,stats    ]   Trash Collection Set                3 us
[1.272s][info][gc,stats    ]   Rebuild Free Set                   21 us
[1.272s][info][gc,stats    ] Concurrent Cleanup                   93 us
[1.272s][info][gc,stats    ] 
[1.272s][info][gc,stats    ] Allocation pacing accrued:
[1.272s][info][gc,stats    ]       0 of    26 ms (  0.0%): <total>
[1.272s][info][gc,stats    ]       0 of    26 ms (  0.0%): <average total>
[1.272s][info][gc,stats    ] 
[1.272s][info][gc,metaspace] Metaspace: 5570K(5824K)->5670K(5888K) NonClass: 5002K(5120K)->5092K(5184K) Class: 567K(704K)->577K(704K)
[1.272s][info][gc,ergo     ] Pacer for Idle. Initial: 40642K, Alloc Tax Rate: 1.0x
[1.277s][info][gc          ] Trigger: Start next cycle immediately
[1.277s][info][gc,ergo     ] Free: 1871M, Max: 512K regular, 1871M humongous, Frag: 0% external, 0% internal; Reserve: 101888K, Max: 512K
[1.277s][info][gc,start    ] GC(79) Concurrent reset
[1.277s][info][gc,task     ] GC(79) Using 2 of 8 workers for concurrent reset
[1.278s][info][gc,ergo     ] GC(79) Pacer for Reset. Non-Taxable: 1984M
[1.278s][info][gc          ] GC(79) Concurrent reset 0.258ms
[1.285s][info][gc,start    ] GC(79) Pause Init Mark
[1.285s][info][gc,task     ] GC(79) Using 8 of 8 workers for init marking
[1.285s][info][gc,ergo     ] GC(79) Pacer for Mark. Expected Live: 10178K, Free: 1871M, Non-Taxable: 187M, Alloc Tax Rate: 0.0x
[1.285s][info][gc          ] GC(79) Pause Init Mark 0.095ms
[1.285s][info][gc,start    ] GC(79) Concurrent marking roots
[1.285s][info][gc,task     ] GC(79) Using 2 of 8 workers for concurrent marking roots
[1.286s][info][gc          ] GC(79) Concurrent marking roots 0.599ms
[1.286s][info][gc,start    ] GC(79) Concurrent marking
[1.286s][info][gc,task     ] GC(79) Using 2 of 8 workers for concurrent marking
[1.290s][info][gc          ] GC(79) Concurrent marking 3.735ms
[1.290s][info][gc,start    ] GC(79) Pause Final Mark
[1.290s][info][gc,task     ] GC(79) Using 8 of 8 workers for final marking
[1.290s][info][gc,ergo     ] GC(79) Collectable Garbage: 3192K (100%), Immediate: 0B (0%), CSet: 3192K (100%)
[1.290s][info][gc,ergo     ] GC(79) Pacer for Evacuation. Used CSet: 12162K, Free: 1870M, Non-Taxable: 187M, Alloc Tax Rate: 1.1x
[1.290s][info][gc          ] GC(79) Pause Final Mark 0.279ms
[1.290s][info][gc,start    ] GC(79) Concurrent thread roots
[1.290s][info][gc,task     ] GC(79) Using 2 of 8 workers for Concurrent thread roots
[1.298s][info][gc          ] GC(79) Concurrent thread roots 8.025ms
[1.298s][info][gc,start    ] GC(79) Concurrent weak references
[1.298s][info][gc,task     ] GC(79) Using 2 of 8 workers for concurrent weak references
[1.298s][info][gc,ref      ] GC(79) Encountered references: Soft: 342, Weak: 882, Final: 0, Phantom: 590
[1.298s][info][gc,ref      ] GC(79) Discovered  references: Soft: 0, Weak: 554, Final: 0, Phantom: 316
[1.298s][info][gc,ref      ] GC(79) Enqueued    references: Soft: 0, Weak: 18, Final: 0, Phantom: 8
[1.298s][info][gc          ] GC(79) Concurrent weak references 0.185ms
[1.298s][info][gc,start    ] GC(79) Concurrent weak roots
[1.298s][info][gc,task     ] GC(79) Using 2 of 8 workers for concurrent weak root
[1.299s][info][gc          ] GC(79) Concurrent weak roots 0.448ms
[1.299s][info][gc,start    ] GC(79) Concurrent cleanup
[1.299s][info][gc          ] GC(79) Concurrent cleanup 16M->16M(144M) 0.076ms
[1.299s][info][gc,ergo     ] GC(79) Free: 1869M, Max: 512K regular, 1869M humongous, Frag: 0% external, 0% internal; Reserve: 100027K, Max: 512K
[1.299s][info][gc,start    ] GC(79) Concurrent strong roots
[1.299s][info][gc,task     ] GC(79) Using 2 of 8 workers for concurrent strong root
[1.299s][info][gc          ] GC(79) Concurrent strong roots 0.402ms
[1.299s][info][gc,start    ] GC(79) Concurrent evacuation
[1.299s][info][gc,task     ] GC(79) Using 2 of 8 workers for concurrent evacuation
[1.303s][info][gc          ] GC(79) Concurrent evacuation 3.159ms
[1.303s][info][gc,start    ] GC(79) Pause Init Update Refs
[1.303s][info][gc,ergo     ] GC(79) Pacer for Update Refs. Used: 26050K, Free: 1869M, Non-Taxable: 186M, Alloc Tax Rate: 1.1x
[1.303s][info][gc          ] GC(79) Pause Init Update Refs 0.027ms
[1.303s][info][gc,start    ] GC(79) Concurrent update references
[1.303s][info][gc,task     ] GC(79) Using 2 of 8 workers for concurrent reference update
[1.306s][info][gc          ] GC(79) Concurrent update references 2.861ms
[1.306s][info][gc,start    ] GC(79) Concurrent update thread roots
[1.306s][info][gc          ] GC(79) Concurrent update thread roots 0.374ms
[1.306s][info][gc,start    ] GC(79) Pause Final Update Refs
[1.306s][info][gc,task     ] GC(79) Using 8 of 8 workers for final reference update
[1.306s][info][gc          ] GC(79) Pause Final Update Refs 0.109ms
[1.306s][info][gc,start    ] GC(79) Concurrent cleanup
[1.306s][info][gc          ] GC(79) Concurrent cleanup 25M->14M(145M) 0.055ms
[1.306s][info][gc,ergo     ] Free: 1870M, Max: 512K regular, 1868M humongous, Frag: 1% external, 0% internal; Reserve: 101888K, Max: 512K
[1.306s][info][gc,stats    ] 
[1.306s][info][gc,stats    ] All times are wall-clock times, except per-root-class counters, that are sum over
[1.306s][info][gc,stats    ] all workers. Dividing the <total> over the root stage time estimates parallelism.
[1.306s][info][gc,stats    ] 
[1.306s][info][gc,stats    ] Concurrent Reset                    271 us
[1.306s][info][gc,stats    ] Pause Init Mark (G)                7555 us
[1.306s][info][gc,stats    ] Pause Init Mark (N)                 104 us
[1.306s][info][gc,stats    ]   Update Region States               25 us
[1.306s][info][gc,stats    ] Concurrent Mark Roots               609 us, parallelism: 0.93x
[1.306s][info][gc,stats    ]   CMR: <total>                      568 us
[1.306s][info][gc,stats    ]   CMR: Thread Roots                  94 us, workers (us):  57,  37, ---, ---, ---, ---, ---, ---, 
[1.306s][info][gc,stats    ]   CMR: Code Cache Roots             380 us, workers (us): 191, 189, ---, ---, ---, ---, ---, ---, 
[1.307s][info][gc,stats    ]   CMR: VM Strong Roots                6 us, workers (us):   5,   0, ---, ---, ---, ---, ---, ---, 
[1.307s][info][gc,stats    ]   CMR: CLDG Roots                    89 us, workers (us):  89, ---, ---, ---, ---, ---, ---, ---, 
[1.307s][info][gc,stats    ] Concurrent Marking                 3755 us
[1.307s][info][gc,stats    ] Pause Final Mark (G)                504 us
[1.307s][info][gc,stats    ] Pause Final Mark (N)                287 us
[1.307s][info][gc,stats    ]   Finish Mark                       173 us
[1.307s][info][gc,stats    ]   Update Region States               17 us
[1.307s][info][gc,stats    ]   Choose Collection Set              35 us
[1.307s][info][gc,stats    ]   Rebuild Free Set                   17 us
[1.307s][info][gc,stats    ] Concurrent Thread Roots            8050 us, parallelism: 0.01x
[1.307s][info][gc,stats    ]   CTR: <total>                       63 us
[1.307s][info][gc,stats    ]   CTR: Thread Roots                  63 us, workers (us):  62,   0, ---, ---, ---, ---, ---, ---, 
[1.307s][info][gc,stats    ] Concurrent Weak References          193 us, parallelism: 0.43x
[1.307s][info][gc,stats    ]   CWRF: <total>                      83 us
[1.307s][info][gc,stats    ]   CWRF: Weak References              83 us, workers (us):  82,   1, ---, ---, ---, ---, ---, ---, 
[1.307s][info][gc,stats    ] Concurrent Weak Roots               464 us
[1.307s][info][gc,stats    ]   Roots                             315 us, parallelism: 0.86x
[1.307s][info][gc,stats    ]     CWR: <total>                    271 us
[1.307s][info][gc,stats    ]     CWR: VM Weak Roots              271 us, workers (us): 265,   6, ---, ---, ---, ---, ---, ---, 
[1.307s][info][gc,stats    ]   Rendezvous                        119 us
[1.307s][info][gc,stats    ] Concurrent Cleanup                   85 us
[1.307s][info][gc,stats    ] Concurrent Strong Roots             419 us, parallelism: 1.51x
[1.307s][info][gc,stats    ]   CSR: <total>                      632 us
[1.307s][info][gc,stats    ]   CSR: Code Cache Roots             487 us, workers (us): 217, 270, ---, ---, ---, ---, ---, ---, 
[1.307s][info][gc,stats    ]   CSR: VM Strong Roots               10 us, workers (us):  10,   0, ---, ---, ---, ---, ---, ---, 
[1.307s][info][gc,stats    ]   CSR: CLDG Roots                   135 us, workers (us): 135, ---, ---, ---, ---, ---, ---, ---, 
[1.307s][info][gc,stats    ] Concurrent Evacuation              3181 us
[1.307s][info][gc,stats    ] Pause Init Update Refs (G)          195 us
[1.307s][info][gc,stats    ] Pause Init Update Refs (N)           37 us
[1.307s][info][gc,stats    ]   Manage GCLABs                       6 us
[1.307s][info][gc,stats    ] Concurrent Update Refs             2879 us
[1.307s][info][gc,stats    ] Concurrent Update Thread Roots      386 us
[1.307s][info][gc,stats    ] Pause Final Update Refs (G)         219 us
[1.307s][info][gc,stats    ] Pause Final Update Refs (N)         122 us
[1.307s][info][gc,stats    ]   Update Region States               65 us
[1.307s][info][gc,stats    ]   Trash Collection Set                3 us
[1.307s][info][gc,stats    ]   Rebuild Free Set                   18 us
[1.307s][info][gc,stats    ] Concurrent Cleanup                   63 us
[1.307s][info][gc,stats    ] 
[1.307s][info][gc,stats    ] Allocation pacing accrued:
[1.307s][info][gc,stats    ]       0 of    35 ms (  0.0%): <total>
[1.307s][info][gc,stats    ]       0 of    35 ms (  0.0%): <average total>
[1.307s][info][gc,stats    ] 
[1.307s][info][gc,metaspace] Metaspace: 5755K(5952K)->6035K(6208K) NonClass: 5168K(5248K)->5412K(5504K) Class: 586K(704K)->623K(704K)
[1.307s][info][gc,ergo     ] Pacer for Idle. Initial: 40642K, Alloc Tax Rate: 1.0x
[1.308s][info][gc          ] Trigger: Start next cycle immediately
[1.308s][info][gc,ergo     ] Free: 1870M, Max: 512K regular, 1868M humongous, Frag: 1% external, 0% internal; Reserve: 101888K, Max: 512K
[1.308s][info][gc,start    ] GC(80) Concurrent reset
[1.308s][info][gc,task     ] GC(80) Using 2 of 8 workers for concurrent reset
[1.308s][info][gc,ergo     ] GC(80) Pacer for Reset. Non-Taxable: 1984M
[1.309s][info][gc          ] GC(80) Concurrent reset 0.204ms
[1.309s][info][gc,start    ] GC(80) Pause Init Mark
[1.309s][info][gc,task     ] GC(80) Using 8 of 8 workers for init marking
[1.309s][info][gc,ergo     ] GC(80) Pacer for Mark. Expected Live: 10268K, Free: 1870M, Non-Taxable: 187M, Alloc Tax Rate: 0.0x
[1.309s][info][gc          ] GC(80) Pause Init Mark 0.051ms
[1.309s][info][gc,start    ] GC(80) Concurrent marking roots
[1.309s][info][gc,task     ] GC(80) Using 2 of 8 workers for concurrent marking roots
[1.309s][info][gc          ] GC(80) Concurrent marking roots 0.406ms
[1.309s][info][gc,start    ] GC(80) Concurrent marking
[1.309s][info][gc,task     ] GC(80) Using 2 of 8 workers for concurrent marking
[1.311s][info][gc          ] GC(80) Concurrent marking 1.999ms
[1.311s][info][gc,start    ] GC(80) Pause Final Mark
[1.311s][info][gc,task     ] GC(80) Using 8 of 8 workers for final marking
[1.312s][info][gc,ergo     ] GC(80) Collectable Garbage: 3759K (100%), Immediate: 0B (0%), CSet: 3759K (100%)
[1.312s][info][gc,ergo     ] GC(80) Pacer for Evacuation. Used CSet: 12796K, Free: 1870M, Non-Taxable: 187M, Alloc Tax Rate: 1.1x
[1.312s][info][gc          ] GC(80) Pause Final Mark 0.303ms
[1.312s][info][gc,start    ] GC(80) Concurrent thread roots
[1.312s][info][gc,task     ] GC(80) Using 2 of 8 workers for Concurrent thread roots
[1.312s][info][gc          ] GC(80) Concurrent thread roots 0.122ms
[1.312s][info][gc,start    ] GC(80) Concurrent weak references
[1.312s][info][gc,task     ] GC(80) Using 2 of 8 workers for concurrent weak references
[1.312s][info][gc,ref      ] GC(80) Encountered references: Soft: 352, Weak: 866, Final: 0, Phantom: 582
[1.312s][info][gc,ref      ] GC(80) Discovered  references: Soft: 0, Weak: 390, Final: 0, Phantom: 579
[1.312s][info][gc,ref      ] GC(80) Enqueued    references: Soft: 0, Weak: 0, Final: 0, Phantom: 0
[1.312s][info][gc          ] GC(80) Concurrent weak references 0.133ms
[1.312s][info][gc,start    ] GC(80) Concurrent weak roots
[1.312s][info][gc,task     ] GC(80) Using 2 of 8 workers for concurrent weak root
[1.313s][info][gc          ] GC(80) Concurrent weak roots 0.795ms
[1.313s][info][gc,start    ] GC(80) Concurrent cleanup
[1.313s][info][gc          ] GC(80) Concurrent cleanup 14M->14M(145M) 0.076ms
[1.313s][info][gc,ergo     ] GC(80) Free: 1870M, Max: 512K regular, 1868M humongous, Frag: 1% external, 0% internal; Reserve: 101557K, Max: 512K
[1.313s][info][gc,start    ] GC(80) Concurrent strong roots
[1.313s][info][gc,task     ] GC(80) Using 2 of 8 workers for concurrent strong root
[1.314s][info][gc          ] GC(80) Concurrent strong roots 0.723ms
[1.314s][info][gc,start    ] GC(80) Concurrent evacuation
[1.314s][info][gc,task     ] GC(80) Using 2 of 8 workers for concurrent evacuation
[1.317s][info][gc          ] GC(80) Concurrent evacuation 3.298ms
[1.317s][info][gc,start    ] GC(80) Pause Init Update Refs
[1.317s][info][gc,ergo     ] GC(80) Pacer for Update Refs. Used: 25409K, Free: 1869M, Non-Taxable: 186M, Alloc Tax Rate: 1.1x
[1.317s][info][gc          ] GC(80) Pause Init Update Refs 0.030ms
[1.317s][info][gc,start    ] GC(80) Concurrent update references
[1.317s][info][gc,task     ] GC(80) Using 2 of 8 workers for concurrent reference update
[1.319s][info][gc          ] GC(80) Concurrent update references 1.699ms
[1.319s][info][gc,start    ] GC(80) Concurrent update thread roots
[1.320s][info][gc          ] GC(80) Concurrent update thread roots 1.549ms
[1.320s][info][gc,start    ] GC(80) Pause Final Update Refs
[1.321s][info][gc,task     ] GC(80) Using 8 of 8 workers for final reference update
[1.321s][info][gc          ] GC(80) Pause Final Update Refs 0.058ms
[1.321s][info][gc,start    ] GC(80) Concurrent cleanup
[1.321s][info][gc          ] GC(80) Concurrent cleanup 24M->12M(145M) 0.055ms
[1.321s][info][gc,ergo     ] Free: 1872M, Max: 512K regular, 1871M humongous, Frag: 1% external, 0% internal; Reserve: 101888K, Max: 512K
[1.321s][info][gc,stats    ] 
[1.321s][info][gc,stats    ] All times are wall-clock times, except per-root-class counters, that are sum over
[1.321s][info][gc,stats    ] all workers. Dividing the <total> over the root stage time estimates parallelism.
[1.321s][info][gc,stats    ] 
[1.321s][info][gc,stats    ] Concurrent Reset                    216 us
[1.321s][info][gc,stats    ] Pause Init Mark (G)                 199 us
[1.321s][info][gc,stats    ] Pause Init Mark (N)                  58 us
[1.321s][info][gc,stats    ]   Update Region States               16 us
[1.321s][info][gc,stats    ] Concurrent Mark Roots               421 us, parallelism: 1.55x
[1.321s][info][gc,stats    ]   CMR: <total>                      651 us
[1.321s][info][gc,stats    ]   CMR: Thread Roots                 203 us, workers (us):  38, 165, ---, ---, ---, ---, ---, ---, 
[1.321s][info][gc,stats    ]   CMR: Code Cache Roots             375 us, workers (us): 192, 183, ---, ---, ---, ---, ---, ---, 
[1.321s][info][gc,stats    ]   CMR: VM Strong Roots                5 us, workers (us):   4,   2, ---, ---, ---, ---, ---, ---, 
[1.321s][info][gc,stats    ]   CMR: CLDG Roots                    67 us, workers (us):  67, ---, ---, ---, ---, ---, ---, ---, 
[1.321s][info][gc,stats    ] Concurrent Marking                 2019 us
[1.321s][info][gc,stats    ] Pause Final Mark (G)                462 us
[1.321s][info][gc,stats    ] Pause Final Mark (N)                311 us
[1.321s][info][gc,stats    ]   Finish Mark                       200 us
[1.321s][info][gc,stats    ]   Update Region States               13 us
[1.321s][info][gc,stats    ]   Choose Collection Set              35 us
[1.321s][info][gc,stats    ]   Rebuild Free Set                   17 us
[1.321s][info][gc,stats    ] Concurrent Thread Roots             133 us, parallelism: 0.75x
[1.321s][info][gc,stats    ]   CTR: <total>                      100 us
[1.321s][info][gc,stats    ]   CTR: Thread Roots                 100 us, workers (us):  55,  45, ---, ---, ---, ---, ---, ---, 
[1.321s][info][gc,stats    ] Concurrent Weak References          140 us, parallelism: 0.45x
[1.321s][info][gc,stats    ]   CWRF: <total>                      63 us
[1.321s][info][gc,stats    ]   CWRF: Weak References              63 us, workers (us):  63,   0, ---, ---, ---, ---, ---, ---, 
[1.321s][info][gc,stats    ] Concurrent Weak Roots               815 us
[1.321s][info][gc,stats    ]   Roots                             169 us, parallelism: 1.67x
[1.321s][info][gc,stats    ]     CWR: <total>                    284 us
[1.321s][info][gc,stats    ]     CWR: VM Weak Roots              284 us, workers (us): 141, 143, ---, ---, ---, ---, ---, ---, 
[1.321s][info][gc,stats    ]   Rendezvous                        609 us
[1.321s][info][gc,stats    ] Concurrent Cleanup                   85 us
[1.321s][info][gc,stats    ] Concurrent Strong Roots             742 us, parallelism: 1.13x
[1.321s][info][gc,stats    ]   CSR: <total>                      842 us
[1.321s][info][gc,stats    ]   CSR: Code Cache Roots             707 us, workers (us): 509, 198, ---, ---, ---, ---, ---, ---, 
[1.321s][info][gc,stats    ]   CSR: VM Strong Roots                9 us, workers (us):   8,   0, ---, ---, ---, ---, ---, ---, 
[1.321s][info][gc,stats    ]   CSR: CLDG Roots                   126 us, workers (us): 126, ---, ---, ---, ---, ---, ---, ---, 
[1.321s][info][gc,stats    ] Concurrent Evacuation              3320 us
[1.321s][info][gc,stats    ] Pause Init Update Refs (G)          156 us
[1.321s][info][gc,stats    ] Pause Init Update Refs (N)           38 us
[1.321s][info][gc,stats    ]   Manage GCLABs                       6 us
[1.321s][info][gc,stats    ] Concurrent Update Refs             1719 us
[1.321s][info][gc,stats    ] Concurrent Update Thread Roots     1571 us
[1.321s][info][gc,stats    ] Pause Final Update Refs (G)         168 us
[1.321s][info][gc,stats    ] Pause Final Update Refs (N)          67 us
[1.321s][info][gc,stats    ]   Update Region States               14 us
[1.321s][info][gc,stats    ]   Trash Collection Set                3 us
[1.321s][info][gc,stats    ]   Rebuild Free Set                   16 us
[1.321s][info][gc,stats    ] Concurrent Cleanup                   63 us
[1.321s][info][gc,stats    ] 
[1.321s][info][gc,stats    ] Allocation pacing accrued:
[1.321s][info][gc,stats    ]       0 of    14 ms (  0.0%): <total>
[1.321s][info][gc,stats    ]       0 of    14 ms (  0.0%): <average total>
[1.321s][info][gc,stats    ] 
[1.321s][info][gc,metaspace] Metaspace: 6035K(6208K)->6090K(6272K) NonClass: 5412K(5504K)->5462K(5568K) Class: 623K(704K)->628K(704K)
[1.321s][info][gc,ergo     ] Pacer for Idle. Initial: 40642K, Alloc Tax Rate: 1.0x
[1.322s][info][gc          ] Trigger: Start next cycle immediately
[1.322s][info][gc,ergo     ] Free: 1872M, Max: 512K regular, 1871M humongous, Frag: 1% external, 0% internal; Reserve: 101888K, Max: 512K
[1.322s][info][gc,start    ] GC(81) Concurrent reset
[1.322s][info][gc,task     ] GC(81) Using 2 of 8 workers for concurrent reset
[1.322s][info][gc,ergo     ] GC(81) Pacer for Reset. Non-Taxable: 1984M
[1.323s][info][gc          ] GC(81) Concurrent reset 0.266ms
[1.323s][info][gc,start    ] GC(81) Pause Init Mark
[1.323s][info][gc,task     ] GC(81) Using 8 of 8 workers for init marking
[1.323s][info][gc,ergo     ] GC(81) Pacer for Mark. Expected Live: 10367K, Free: 1872M, Non-Taxable: 187M, Alloc Tax Rate: 0.0x
[1.323s][info][gc          ] GC(81) Pause Init Mark 0.051ms
[1.323s][info][gc,start    ] GC(81) Concurrent marking roots
[1.323s][info][gc,task     ] GC(81) Using 2 of 8 workers for concurrent marking roots
[1.323s][info][gc          ] GC(81) Concurrent marking roots 0.587ms
[1.323s][info][gc,start    ] GC(81) Concurrent marking
[1.324s][info][gc,task     ] GC(81) Using 2 of 8 workers for concurrent marking
[1.325s][info][gc          ] GC(81) Concurrent marking 1.882ms
[1.325s][info][gc,start    ] GC(81) Pause Final Mark
[1.325s][info][gc,task     ] GC(81) Using 8 of 8 workers for final marking
[1.326s][info][gc,ergo     ] GC(81) Collectable Garbage: 1939K (100%), Immediate: 0B (0%), CSet: 1939K (100%)
[1.326s][info][gc,ergo     ] GC(81) Pacer for Evacuation. Used CSet: 11010K, Free: 1871M, Non-Taxable: 187M, Alloc Tax Rate: 1.1x
[1.326s][info][gc          ] GC(81) Pause Final Mark 0.425ms
[1.326s][info][gc,start    ] GC(81) Concurrent thread roots
[1.326s][info][gc,task     ] GC(81) Using 2 of 8 workers for Concurrent thread roots
[1.326s][info][gc          ] GC(81) Concurrent thread roots 0.084ms
[1.326s][info][gc,start    ] GC(81) Concurrent weak references
[1.326s][info][gc,task     ] GC(81) Using 2 of 8 workers for concurrent weak references
[1.326s][info][gc,ref      ] GC(81) Encountered references: Soft: 369, Weak: 896, Final: 0, Phantom: 582
[1.326s][info][gc,ref      ] GC(81) Discovered  references: Soft: 0, Weak: 408, Final: 0, Phantom: 215
[1.326s][info][gc,ref      ] GC(81) Enqueued    references: Soft: 0, Weak: 5, Final: 0, Phantom: 0
[1.326s][info][gc          ] GC(81) Concurrent weak references 0.127ms
[1.326s][info][gc,start    ] GC(81) Concurrent weak roots
[1.326s][info][gc,task     ] GC(81) Using 2 of 8 workers for concurrent weak root
[1.326s][info][gc          ] GC(81) Concurrent weak roots 0.225ms
[1.326s][info][gc,start    ] GC(81) Concurrent cleanup
[1.326s][info][gc          ] GC(81) Concurrent cleanup 13M->13M(145M) 0.059ms
[1.326s][info][gc,ergo     ] GC(81) Free: 1871M, Max: 512K regular, 1871M humongous, Frag: 0% external, 0% internal; Reserve: 101563K, Max: 512K
[1.326s][info][gc,start    ] GC(81) Concurrent strong roots
[1.326s][info][gc,task     ] GC(81) Using 2 of 8 workers for concurrent strong root
[1.327s][info][gc          ] GC(81) Concurrent strong roots 0.513ms
[1.327s][info][gc,start    ] GC(81) Concurrent evacuation
[1.327s][info][gc,task     ] GC(81) Using 2 of 8 workers for concurrent evacuation
[1.329s][info][gc          ] GC(81) Concurrent evacuation 1.615ms
[1.329s][info][gc,start    ] GC(81) Pause Init Update Refs
[1.329s][info][gc,ergo     ] GC(81) Pacer for Update Refs. Used: 24385K, Free: 1871M, Non-Taxable: 187M, Alloc Tax Rate: 1.1x
[1.329s][info][gc          ] GC(81) Pause Init Update Refs 0.029ms
[1.329s][info][gc,start    ] GC(81) Concurrent update references
[1.329s][info][gc,task     ] GC(81) Using 2 of 8 workers for concurrent reference update
[1.332s][info][gc          ] GC(81) Concurrent update references 2.776ms
[1.332s][info][gc,start    ] GC(81) Concurrent update thread roots
[1.332s][info][gc          ] GC(81) Concurrent update thread roots 0.234ms
[1.332s][info][gc,start    ] GC(81) Pause Final Update Refs
[1.332s][info][gc,task     ] GC(81) Using 8 of 8 workers for final reference update
[1.332s][info][gc          ] GC(81) Pause Final Update Refs 0.057ms
[1.332s][info][gc,start    ] GC(81) Concurrent cleanup
[1.332s][info][gc          ] GC(81) Concurrent cleanup 23M->13M(145M) 0.060ms
[1.332s][info][gc,ergo     ] Free: 1871M, Max: 512K regular, 1870M humongous, Frag: 1% external, 0% internal; Reserve: 101888K, Max: 512K
[1.332s][info][gc,stats    ] 
[1.332s][info][gc,stats    ] All times are wall-clock times, except per-root-class counters, that are sum over
[1.332s][info][gc,stats    ] all workers. Dividing the <total> over the root stage time estimates parallelism.
[1.332s][info][gc,stats    ] 
[1.332s][info][gc,stats    ] Concurrent Reset                    282 us
[1.332s][info][gc,stats    ] Pause Init Mark (G)                 173 us
[1.332s][info][gc,stats    ] Pause Init Mark (N)                  59 us
[1.332s][info][gc,stats    ]   Update Region States               15 us
[1.332s][info][gc,stats    ] Concurrent Mark Roots               607 us, parallelism: 0.82x
[1.332s][info][gc,stats    ]   CMR: <total>                      500 us
[1.332s][info][gc,stats    ]   CMR: Thread Roots                  71 us, workers (us):  71,   0, ---, ---, ---, ---, ---, ---, 
[1.332s][info][gc,stats    ]   CMR: Code Cache Roots             362 us, workers (us): 362,   0, ---, ---, ---, ---, ---, ---, 
[1.332s][info][gc,stats    ]   CMR: VM Strong Roots                4 us, workers (us):   4,   0, ---, ---, ---, ---, ---, ---, 
[1.332s][info][gc,stats    ]   CMR: CLDG Roots                    62 us, workers (us):  62, ---, ---, ---, ---, ---, ---, ---, 
[1.332s][info][gc,stats    ] Concurrent Marking                 1904 us
[1.332s][info][gc,stats    ] Pause Final Mark (G)                487 us
[1.332s][info][gc,stats    ] Pause Final Mark (N)                434 us
[1.332s][info][gc,stats    ]   Finish Mark                       312 us
[1.332s][info][gc,stats    ]   Update Region States               13 us
[1.332s][info][gc,stats    ]   Choose Collection Set              36 us
[1.332s][info][gc,stats    ]   Rebuild Free Set                   17 us
[1.332s][info][gc,stats    ] Concurrent Thread Roots              95 us, parallelism: 0.52x
[1.332s][info][gc,stats    ]   CTR: <total>                       49 us
[1.332s][info][gc,stats    ]   CTR: Thread Roots                  49 us, workers (us):  49,   0, ---, ---, ---, ---, ---, ---, 
[1.332s][info][gc,stats    ] Concurrent Weak References          135 us, parallelism: 0.39x
[1.332s][info][gc,stats    ]   CWRF: <total>                      53 us
[1.332s][info][gc,stats    ]   CWRF: Weak References              53 us, workers (us):  53,   0, ---, ---, ---, ---, ---, ---, 
[1.332s][info][gc,stats    ] Concurrent Weak Roots               237 us
[1.332s][info][gc,stats    ]   Roots                             192 us, parallelism: 1.57x
[1.332s][info][gc,stats    ]     CWR: <total>                    301 us
[1.332s][info][gc,stats    ]     CWR: VM Weak Roots              301 us, workers (us): 147, 154, ---, ---, ---, ---, ---, ---, 
[1.332s][info][gc,stats    ]   Rendezvous                         17 us
[1.332s][info][gc,stats    ] Concurrent Cleanup                   68 us
[1.332s][info][gc,stats    ] Concurrent Strong Roots             530 us, parallelism: 1.00x
[1.332s][info][gc,stats    ]   CSR: <total>                      531 us
[1.332s][info][gc,stats    ]   CSR: Code Cache Roots             403 us, workers (us): 290, 113, ---, ---, ---, ---, ---, ---, 
[1.332s][info][gc,stats    ]   CSR: VM Strong Roots                9 us, workers (us):   8,   1, ---, ---, ---, ---, ---, ---, 
[1.332s][info][gc,stats    ]   CSR: CLDG Roots                   119 us, workers (us): 119, ---, ---, ---, ---, ---, ---, ---, 
[1.332s][info][gc,stats    ] Concurrent Evacuation              1635 us
[1.332s][info][gc,stats    ] Pause Init Update Refs (G)          150 us
[1.332s][info][gc,stats    ] Pause Init Update Refs (N)           37 us
[1.332s][info][gc,stats    ]   Manage GCLABs                       5 us
[1.332s][info][gc,stats    ] Concurrent Update Refs             2802 us
[1.333s][info][gc,stats    ] Concurrent Update Thread Roots      250 us
[1.333s][info][gc,stats    ] Pause Final Update Refs (G)         186 us
[1.333s][info][gc,stats    ] Pause Final Update Refs (N)          66 us
[1.333s][info][gc,stats    ]   Update Region States               14 us
[1.333s][info][gc,stats    ]   Trash Collection Set                2 us
[1.333s][info][gc,stats    ]   Rebuild Free Set                   16 us
[1.333s][info][gc,stats    ] Concurrent Cleanup                   69 us
[1.333s][info][gc,stats    ] 
[1.333s][info][gc,stats    ] Allocation pacing accrued:
[1.333s][info][gc,stats    ]       0 of    11 ms (  0.0%): <total>
[1.333s][info][gc,stats    ]       0 of    11 ms (  0.0%): <average total>
[1.333s][info][gc,stats    ] 
[1.333s][info][gc,metaspace] Metaspace: 6109K(6336K)->6227K(6464K) NonClass: 5479K(5632K)->5587K(5696K) Class: 629K(704K)->640K(768K)
[1.333s][info][gc,ergo     ] Pacer for Idle. Initial: 40642K, Alloc Tax Rate: 1.0x
[1.334s][info][gc          ] Trigger: Start next cycle immediately
[1.334s][info][gc,ergo     ] Free: 1871M, Max: 512K regular, 1870M humongous, Frag: 1% external, 0% internal; Reserve: 101888K, Max: 512K
[1.334s][info][gc,start    ] GC(82) Concurrent reset
[1.334s][info][gc,task     ] GC(82) Using 2 of 8 workers for concurrent reset
[1.334s][info][gc,ergo     ] GC(82) Pacer for Reset. Non-Taxable: 1984M
[1.334s][info][gc          ] GC(82) Concurrent reset 0.210ms
[1.334s][info][gc,start    ] GC(82) Pause Init Mark
[1.334s][info][gc,task     ] GC(82) Using 8 of 8 workers for init marking
[1.334s][info][gc,ergo     ] GC(82) Pacer for Mark. Expected Live: 10470K, Free: 1871M, Non-Taxable: 187M, Alloc Tax Rate: 0.0x
[1.334s][info][gc          ] GC(82) Pause Init Mark 0.052ms
[1.334s][info][gc,start    ] GC(82) Concurrent marking roots
[1.334s][info][gc,task     ] GC(82) Using 2 of 8 workers for concurrent marking roots
[1.334s][info][gc          ] GC(82) Concurrent marking roots 0.362ms
[1.335s][info][gc,start    ] GC(82) Concurrent marking
[1.335s][info][gc,task     ] GC(82) Using 2 of 8 workers for concurrent marking
[1.346s][info][gc          ] GC(82) Concurrent marking 11.749ms
[1.346s][info][gc,start    ] GC(82) Pause Final Mark
[1.346s][info][gc,task     ] GC(82) Using 8 of 8 workers for final marking
[1.347s][info][gc,ergo     ] GC(82) Collectable Garbage: 3187K (100%), Immediate: 0B (0%), CSet: 3187K (100%)
[1.347s][info][gc,ergo     ] GC(82) Pacer for Evacuation. Used CSet: 12284K, Free: 1870M, Non-Taxable: 187M, Alloc Tax Rate: 1.1x
[1.347s][info][gc          ] GC(82) Pause Final Mark 0.373ms
[1.347s][info][gc,start    ] GC(82) Concurrent thread roots
[1.347s][info][gc,task     ] GC(82) Using 2 of 8 workers for Concurrent thread roots
[1.347s][info][gc          ] GC(82) Concurrent thread roots 0.082ms
[1.347s][info][gc,start    ] GC(82) Concurrent weak references
[1.347s][info][gc,task     ] GC(82) Using 2 of 8 workers for concurrent weak references
[1.347s][info][gc,ref      ] GC(82) Encountered references: Soft: 371, Weak: 895, Final: 1, Phantom: 582
[1.347s][info][gc,ref      ] GC(82) Discovered  references: Soft: 0, Weak: 388, Final: 0, Phantom: 198
[1.347s][info][gc,ref      ] GC(82) Enqueued    references: Soft: 0, Weak: 2, Final: 0, Phantom: 0
[1.347s][info][gc          ] GC(82) Concurrent weak references 0.129ms
[1.347s][info][gc,start    ] GC(82) Concurrent weak roots
[1.347s][info][gc,task     ] GC(82) Using 2 of 8 workers for concurrent weak root
[1.347s][info][gc          ] GC(82) Concurrent weak roots 0.298ms
[1.347s][info][gc,start    ] GC(82) Concurrent cleanup
[1.347s][info][gc          ] GC(82) Concurrent cleanup 14M->14M(145M) 0.077ms
[1.347s][info][gc,ergo     ] GC(82) Free: 1870M, Max: 512K regular, 1870M humongous, Frag: 0% external, 0% internal; Reserve: 101575K, Max: 512K
[1.347s][info][gc,start    ] GC(82) Concurrent strong roots
[1.347s][info][gc,task     ] GC(82) Using 2 of 8 workers for concurrent strong root
[1.348s][info][gc          ] GC(82) Concurrent strong roots 0.612ms
[1.348s][info][gc,start    ] GC(82) Concurrent evacuation
[1.348s][info][gc,task     ] GC(82) Using 2 of 8 workers for concurrent evacuation
[1.350s][info][gc          ] GC(82) Concurrent evacuation 1.690ms
[1.350s][info][gc,start    ] GC(82) Pause Init Update Refs
[1.350s][info][gc,ergo     ] GC(82) Pacer for Update Refs. Used: 25655K, Free: 1870M, Non-Taxable: 187M, Alloc Tax Rate: 1.1x
[1.350s][info][gc          ] GC(82) Pause Init Update Refs 0.029ms
[1.350s][info][gc,start    ] GC(82) Concurrent update references
[1.350s][info][gc,task     ] GC(82) Using 2 of 8 workers for concurrent reference update
[1.352s][info][gc          ] GC(82) Concurrent update references 1.720ms
[1.352s][info][gc,start    ] GC(82) Concurrent update thread roots
[1.352s][info][gc          ] GC(82) Concurrent update thread roots 0.105ms
[1.352s][info][gc,start    ] GC(82) Pause Final Update Refs
[1.352s][info][gc,task     ] GC(82) Using 8 of 8 workers for final reference update
[1.352s][info][gc          ] GC(82) Pause Final Update Refs 0.054ms
[1.352s][info][gc,start    ] GC(82) Concurrent cleanup
[1.352s][info][gc          ] GC(82) Concurrent cleanup 25M->13M(145M) 0.061ms
[1.352s][info][gc,ergo     ] Free: 1871M, Max: 512K regular, 1870M humongous, Frag: 1% external, 0% internal; Reserve: 101888K, Max: 512K
[1.352s][info][gc,stats    ] 
[1.352s][info][gc,stats    ] All times are wall-clock times, except per-root-class counters, that are sum over
[1.352s][info][gc,stats    ] all workers. Dividing the <total> over the root stage time estimates parallelism.
[1.352s][info][gc,stats    ] 
[1.352s][info][gc,stats    ] Concurrent Reset                    223 us
[1.352s][info][gc,stats    ] Pause Init Mark (G)                 178 us
[1.352s][info][gc,stats    ] Pause Init Mark (N)                  60 us
[1.352s][info][gc,stats    ]   Update Region States               15 us
[1.352s][info][gc,stats    ] Concurrent Mark Roots               380 us, parallelism: 1.41x
[1.352s][info][gc,stats    ]   CMR: <total>                      537 us
[1.352s][info][gc,stats    ]   CMR: Thread Roots                  83 us, workers (us):  21,  63, ---, ---, ---, ---, ---, ---, 
[1.352s][info][gc,stats    ]   CMR: Code Cache Roots             350 us, workers (us): 243, 107, ---, ---, ---, ---, ---, ---, 
[1.352s][info][gc,stats    ]   CMR: VM Strong Roots                5 us, workers (us):   4,   0, ---, ---, ---, ---, ---, ---, 
[1.352s][info][gc,stats    ]   CMR: CLDG Roots                    99 us, workers (us): ---,  99, ---, ---, ---, ---, ---, ---, 
[1.352s][info][gc,stats    ] Concurrent Marking                11772 us
[1.352s][info][gc,stats    ] Pause Final Mark (G)                505 us
[1.352s][info][gc,stats    ] Pause Final Mark (N)                382 us
[1.352s][info][gc,stats    ]   Finish Mark                       258 us
[1.352s][info][gc,stats    ]   Update Region States               19 us
[1.352s][info][gc,stats    ]   Choose Collection Set              43 us
[1.352s][info][gc,stats    ]   Rebuild Free Set                   17 us
[1.352s][info][gc,stats    ] Concurrent Thread Roots             107 us, parallelism: 0.60x
[1.352s][info][gc,stats    ]   CTR: <total>                       64 us
[1.352s][info][gc,stats    ]   CTR: Thread Roots                  64 us, workers (us):  34,  31, ---, ---, ---, ---, ---, ---, 
[1.352s][info][gc,stats    ] Concurrent Weak References          137 us, parallelism: 0.55x
[1.352s][info][gc,stats    ]   CWRF: <total>                      75 us
[1.352s][info][gc,stats    ]   CWRF: Weak References              75 us, workers (us):  54,  21, ---, ---, ---, ---, ---, ---, 
[1.352s][info][gc,stats    ] Concurrent Weak Roots               311 us
[1.352s][info][gc,stats    ]   Roots                             185 us, parallelism: 1.52x
[1.352s][info][gc,stats    ]     CWR: <total>                    281 us
[1.352s][info][gc,stats    ]     CWR: VM Weak Roots              281 us, workers (us): 143, 137, ---, ---, ---, ---, ---, ---, 
[1.352s][info][gc,stats    ]   Rendezvous                         97 us
[1.352s][info][gc,stats    ] Concurrent Cleanup                   86 us
[1.352s][info][gc,stats    ] Concurrent Strong Roots             630 us, parallelism: 0.86x
[1.352s][info][gc,stats    ]   CSR: <total>                      543 us
[1.352s][info][gc,stats    ]   CSR: Code Cache Roots             408 us, workers (us): 408,   0, ---, ---, ---, ---, ---, ---, 
[1.352s][info][gc,stats    ]   CSR: VM Strong Roots                9 us, workers (us):   9,   0, ---, ---, ---, ---, ---, ---, 
[1.352s][info][gc,stats    ]   CSR: CLDG Roots                   126 us, workers (us): 126, ---, ---, ---, ---, ---, ---, ---, 
[1.352s][info][gc,stats    ] Concurrent Evacuation              1708 us
[1.352s][info][gc,stats    ] Pause Init Update Refs (G)          145 us
[1.352s][info][gc,stats    ] Pause Init Update Refs (N)           37 us
[1.353s][info][gc,stats    ]   Manage GCLABs                       3 us
[1.353s][info][gc,stats    ] Concurrent Update Refs             1743 us
[1.353s][info][gc,stats    ] Concurrent Update Thread Roots      127 us
[1.353s][info][gc,stats    ] Pause Final Update Refs (G)         180 us
[1.353s][info][gc,stats    ] Pause Final Update Refs (N)          63 us
[1.353s][info][gc,stats    ]   Update Region States               16 us
[1.353s][info][gc,stats    ]   Trash Collection Set                2 us
[1.353s][info][gc,stats    ]   Rebuild Free Set                   16 us
[1.353s][info][gc,stats    ] Concurrent Cleanup                   70 us
[1.353s][info][gc,stats    ] 
[1.353s][info][gc,stats    ] Allocation pacing accrued:
[1.353s][info][gc,stats    ]       0 of    20 ms (  0.0%): <total>
[1.353s][info][gc,stats    ]       0 of    20 ms (  0.0%): <average total>
[1.353s][info][gc,stats    ] 
[1.353s][info][gc,metaspace] Metaspace: 6243K(6528K)->6580K(6848K) NonClass: 5600K(5760K)->5892K(6016K) Class: 642K(768K)->687K(832K)
[1.353s][info][gc,ergo     ] Pacer for Idle. Initial: 40642K, Alloc Tax Rate: 1.0x
[1.354s][info][gc          ] Trigger: Start next cycle immediately
[1.354s][info][gc,ergo     ] Free: 1871M, Max: 512K regular, 1870M humongous, Frag: 1% external, 0% internal; Reserve: 101888K, Max: 512K
[1.354s][info][gc,start    ] GC(83) Concurrent reset
[1.354s][info][gc,task     ] GC(83) Using 2 of 8 workers for concurrent reset
[1.354s][info][gc,ergo     ] GC(83) Pacer for Reset. Non-Taxable: 1984M
[1.354s][info][gc          ] GC(83) Concurrent reset 0.227ms
[1.354s][info][gc,start    ] GC(83) Pause Init Mark (unload classes)
[1.354s][info][gc,task     ] GC(83) Using 8 of 8 workers for init marking
[1.354s][info][gc,ergo     ] GC(83) Pacer for Mark. Expected Live: 10572K, Free: 1871M, Non-Taxable: 187M, Alloc Tax Rate: 0.0x
[1.354s][info][gc          ] GC(83) Pause Init Mark (unload classes) 0.057ms
[1.354s][info][gc,start    ] GC(83) Concurrent marking roots
[1.354s][info][gc,task     ] GC(83) Using 2 of 8 workers for concurrent marking roots
[1.355s][info][gc          ] GC(83) Concurrent marking roots 0.367ms
[1.355s][info][gc,start    ] GC(83) Concurrent marking (unload classes)
[1.355s][info][gc,task     ] GC(83) Using 2 of 8 workers for concurrent marking
[1.400s][info][gc          ] GC(83) Concurrent marking (unload classes) 45.277ms
[1.401s][info][gc,start    ] GC(83) Pause Final Mark (unload classes)
[1.401s][info][gc,task     ] GC(83) Using 8 of 8 workers for final marking
[1.401s][info][gc,ergo     ] GC(83) Collectable Garbage: 2613K (100%), Immediate: 0B (0%), CSet: 2613K (100%)
[1.401s][info][gc,ergo     ] GC(83) Pacer for Evacuation. Used CSet: 11771K, Free: 1870M, Non-Taxable: 187M, Alloc Tax Rate: 1.1x
[1.401s][info][gc          ] GC(83) Pause Final Mark (unload classes) 0.351ms
[1.401s][info][gc,start    ] GC(83) Concurrent thread roots
[1.401s][info][gc,task     ] GC(83) Using 2 of 8 workers for Concurrent thread roots
[1.401s][info][gc          ] GC(83) Concurrent thread roots 0.131ms
[1.401s][info][gc,start    ] GC(83) Concurrent weak references
[1.401s][info][gc,task     ] GC(83) Using 2 of 8 workers for concurrent weak references
[1.401s][info][gc,ref      ] GC(83) Encountered references: Soft: 413, Weak: 982, Final: 1, Phantom: 588
[1.401s][info][gc,ref      ] GC(83) Discovered  references: Soft: 0, Weak: 402, Final: 0, Phantom: 204
[1.401s][info][gc,ref      ] GC(83) Enqueued    references: Soft: 0, Weak: 3, Final: 0, Phantom: 5
[1.401s][info][gc          ] GC(83) Concurrent weak references 0.135ms
[1.401s][info][gc,start    ] GC(83) Concurrent weak roots
[1.401s][info][gc,task     ] GC(83) Using 2 of 8 workers for concurrent weak root
[1.410s][info][gc          ] GC(83) Concurrent weak roots 8.401ms
[1.410s][info][gc,start    ] GC(83) Concurrent cleanup
[1.410s][info][gc          ] GC(83) Concurrent cleanup 16M->16M(145M) 0.275ms
[1.410s][info][gc,ergo     ] GC(83) Free: 1869M, Max: 512K regular, 1869M humongous, Frag: 0% external, 0% internal; Reserve: 100864K, Max: 512K
[1.410s][info][gc,start    ] GC(83) Concurrent class unloading
[1.410s][info][gc,task     ] GC(83) Using 2 of 8 workers for concurrent class unloading
[1.417s][info][gc          ] GC(83) Concurrent class unloading 6.779ms
[1.417s][info][gc,start    ] GC(83) Concurrent strong roots
[1.417s][info][gc,task     ] GC(83) Using 2 of 8 workers for concurrent strong root
[1.418s][info][gc          ] GC(83) Concurrent strong roots 0.312ms
[1.418s][info][gc,start    ] GC(83) Concurrent evacuation
[1.418s][info][gc,task     ] GC(83) Using 2 of 8 workers for concurrent evacuation
[1.420s][info][gc          ] GC(83) Concurrent evacuation 2.241ms
[1.421s][info][gc,start    ] GC(83) Pause Init Update Refs
[1.421s][info][gc,ergo     ] GC(83) Pacer for Update Refs. Used: 26170K, Free: 1869M, Non-Taxable: 186M, Alloc Tax Rate: 1.1x
[1.421s][info][gc          ] GC(83) Pause Init Update Refs 0.078ms
[1.421s][info][gc,start    ] GC(83) Concurrent update references
[1.421s][info][gc,task     ] GC(83) Using 2 of 8 workers for concurrent reference update
[1.426s][info][gc          ] GC(83) Concurrent update references 5.260ms
[1.426s][info][gc,start    ] GC(83) Concurrent update thread roots
[1.432s][info][gc          ] GC(83) Concurrent update thread roots 5.471ms
[1.432s][info][gc,start    ] GC(83) Pause Final Update Refs
[1.432s][info][gc,task     ] GC(83) Using 8 of 8 workers for final reference update
[1.432s][info][gc          ] GC(83) Pause Final Update Refs 0.072ms
[1.432s][info][gc,start    ] GC(83) Concurrent cleanup
[1.432s][info][gc          ] GC(83) Concurrent cleanup 26M->14M(145M) 0.070ms
[1.432s][info][gc,ergo     ] Free: 1870M, Max: 512K regular, 1869M humongous, Frag: 1% external, 0% internal; Reserve: 101888K, Max: 512K
[1.432s][info][gc,stats    ] 
[1.432s][info][gc,stats    ] All times are wall-clock times, except per-root-class counters, that are sum over
[1.432s][info][gc,stats    ] all workers. Dividing the <total> over the root stage time estimates parallelism.
[1.432s][info][gc,stats    ] 
[1.432s][info][gc,stats    ] Concurrent Reset                    238 us
[1.432s][info][gc,stats    ] Pause Init Mark (G)                 374 us
[1.432s][info][gc,stats    ] Pause Init Mark (N)                  65 us
[1.432s][info][gc,stats    ]   Update Region States               17 us
[1.432s][info][gc,stats    ] Concurrent Mark Roots               383 us, parallelism: 0.79x
[1.432s][info][gc,stats    ]   CMR: <total>                      304 us
[1.432s][info][gc,stats    ]   CMR: Thread Roots                 230 us, workers (us): 230,   0, ---, ---, ---, ---, ---, ---, 
[1.432s][info][gc,stats    ]   CMR: VM Strong Roots                4 us, workers (us):   4,   0, ---, ---, ---, ---, ---, ---, 
[1.432s][info][gc,stats    ]   CMR: CLDG Roots                    70 us, workers (us):  70, ---, ---, ---, ---, ---, ---, ---, 
[1.432s][info][gc,stats    ] Concurrent Marking                45307 us
[1.432s][info][gc,stats    ] Pause Final Mark (G)               1060 us
[1.432s][info][gc,stats    ] Pause Final Mark (N)                361 us
[1.432s][info][gc,stats    ]   Finish Mark                       177 us
[1.432s][info][gc,stats    ]   Update Region States               40 us
[1.432s][info][gc,stats    ]   Choose Collection Set              49 us
[1.432s][info][gc,stats    ]   Rebuild Free Set                   16 us
[1.432s][info][gc,stats    ] Concurrent Thread Roots             147 us, parallelism: 0.66x
[1.432s][info][gc,stats    ]   CTR: <total>                       98 us
[1.432s][info][gc,stats    ]   CTR: Thread Roots                  98 us, workers (us):  98,   0, ---, ---, ---, ---, ---, ---, 
[1.432s][info][gc,stats    ] Concurrent Weak References          143 us, parallelism: 0.44x
[1.432s][info][gc,stats    ]   CWRF: <total>                      62 us
[1.432s][info][gc,stats    ]   CWRF: Weak References              62 us, workers (us):  61,   1, ---, ---, ---, ---, ---, ---, 
[1.432s][info][gc,stats    ] Concurrent Weak Roots              8481 us
[1.432s][info][gc,stats    ]   Roots                             435 us, parallelism: 1.61x
[1.432s][info][gc,stats    ]     CWR: <total>                    698 us
[1.432s][info][gc,stats    ]     CWR: Code Cache Roots           390 us, workers (us): 211, 180, ---, ---, ---, ---, ---, ---, 
[1.432s][info][gc,stats    ]     CWR: VM Weak Roots              304 us, workers (us): 155, 149, ---, ---, ---, ---, ---, ---, 
[1.432s][info][gc,stats    ]     CWR: CLDG Roots                   3 us, workers (us): ---,   3, ---, ---, ---, ---, ---, ---, 
[1.432s][info][gc,stats    ]   Rendezvous                       7947 us
[1.432s][info][gc,stats    ] Concurrent Cleanup                  362 us
[1.432s][info][gc,stats    ] Concurrent Class Unloading         6841 us
[1.432s][info][gc,stats    ]   Unlink Stale                     2988 us
[1.432s][info][gc,stats    ]     System Dictionary                98 us
[1.432s][info][gc,stats    ]     Weak Class Links                  0 us
[1.432s][info][gc,stats    ]     Code Roots                     2887 us
[1.433s][info][gc,stats    ]   Rendezvous                       3217 us
[1.433s][info][gc,stats    ]   Purge Unlinked                    509 us
[1.433s][info][gc,stats    ]     Code Roots                      500 us
[1.433s][info][gc,stats    ]     CLDG                              8 us
[1.433s][info][gc,stats    ]     Exception Caches                  0 us
[1.433s][info][gc,stats    ] Concurrent Strong Roots             343 us, parallelism: 0.53x
[1.433s][info][gc,stats    ]   CSR: <total>                      180 us
[1.433s][info][gc,stats    ]   CSR: VM Strong Roots               10 us, workers (us):   9,   1, ---, ---, ---, ---, ---, ---, 
[1.433s][info][gc,stats    ]   CSR: CLDG Roots                   170 us, workers (us): 170, ---, ---, ---, ---, ---, ---, ---, 
[1.433s][info][gc,stats    ] Concurrent Evacuation              2294 us
[1.433s][info][gc,stats    ] Pause Init Update Refs (G)         1129 us
[1.433s][info][gc,stats    ] Pause Init Update Refs (N)           96 us
[1.433s][info][gc,stats    ]   Manage GCLABs                       6 us
[1.433s][info][gc,stats    ] Concurrent Update Refs             5301 us
[1.433s][info][gc,stats    ] Concurrent Update Thread Roots     5490 us
[1.433s][info][gc,stats    ] Pause Final Update Refs (G)         196 us
[1.433s][info][gc,stats    ] Pause Final Update Refs (N)          82 us
[1.433s][info][gc,stats    ]   Update Region States               27 us
[1.433s][info][gc,stats    ]   Trash Collection Set                3 us
[1.433s][info][gc,stats    ]   Rebuild Free Set                   18 us
[1.433s][info][gc,stats    ] Concurrent Cleanup                  119 us
[1.433s][info][gc,stats    ] 
[1.433s][info][gc,stats    ] Allocation pacing accrued:
[1.433s][info][gc,stats    ]       0 of    80 ms (  0.0%): <total>
[1.433s][info][gc,stats    ]       0 of    80 ms (  0.0%): <average total>
[1.433s][info][gc,stats    ] 
[1.433s][info][gc,metaspace] Metaspace: 6589K(6848K)->6957K(7232K) NonClass: 5900K(6016K)->6248K(6400K) Class: 688K(832K)->709K(832K)
[1.433s][info][gc,ergo     ] Pacer for Idle. Initial: 40642K, Alloc Tax Rate: 1.0x
[1.434s][info][gc          ] Trigger: Start next cycle immediately
[1.434s][info][gc,ergo     ] Free: 1870M, Max: 512K regular, 1869M humongous, Frag: 1% external, 0% internal; Reserve: 101888K, Max: 512K
[1.434s][info][gc,start    ] GC(84) Concurrent reset
[1.434s][info][gc,task     ] GC(84) Using 2 of 8 workers for concurrent reset
[1.434s][info][gc,ergo     ] GC(84) Pacer for Reset. Non-Taxable: 1984M
[1.442s][info][gc          ] GC(84) Concurrent reset 8.289ms
[1.445s][info][gc,start    ] GC(84) Pause Init Mark
[1.445s][info][gc,task     ] GC(84) Using 8 of 8 workers for init marking
[1.445s][info][gc,ergo     ] GC(84) Pacer for Mark. Expected Live: 10668K, Free: 1869M, Non-Taxable: 186M, Alloc Tax Rate: 0.0x
[1.445s][info][gc          ] GC(84) Pause Init Mark 0.079ms
[1.445s][info][gc,start    ] GC(84) Concurrent marking roots
[1.445s][info][gc,task     ] GC(84) Using 2 of 8 workers for concurrent marking roots
[1.446s][info][gc          ] GC(84) Concurrent marking roots 0.588ms
[1.446s][info][gc,start    ] GC(84) Concurrent marking
[1.446s][info][gc,task     ] GC(84) Using 2 of 8 workers for concurrent marking
[1.461s][info][gc          ] GC(84) Concurrent marking 15.259ms
[1.461s][info][gc,start    ] GC(84) Pause Final Mark
[1.461s][info][gc,task     ] GC(84) Using 8 of 8 workers for final marking
[1.461s][info][gc,ergo     ] GC(84) Collectable Garbage: 4048K (100%), Immediate: 0B (0%), CSet: 4048K (100%)
[1.461s][info][gc,ergo     ] GC(84) Pacer for Evacuation. Used CSet: 13820K, Free: 1869M, Non-Taxable: 186M, Alloc Tax Rate: 1.1x
[1.461s][info][gc          ] GC(84) Pause Final Mark 0.293ms
[1.461s][info][gc,start    ] GC(84) Concurrent thread roots
[1.462s][info][gc,task     ] GC(84) Using 2 of 8 workers for Concurrent thread roots
[1.462s][info][gc          ] GC(84) Concurrent thread roots 0.107ms
[1.462s][info][gc,start    ] GC(84) Concurrent weak references
[1.462s][info][gc,task     ] GC(84) Using 2 of 8 workers for concurrent weak references
[1.463s][info][gc,ref      ] GC(84) Encountered references: Soft: 3591, Weak: 1135, Final: 4, Phantom: 586
[1.463s][info][gc,ref      ] GC(84) Discovered  references: Soft: 0, Weak: 328, Final: 4, Phantom: 201
[1.463s][info][gc,ref      ] GC(84) Enqueued    references: Soft: 0, Weak: 10, Final: 0, Phantom: 4
[1.463s][info][gc          ] GC(84) Concurrent weak references 1.087ms
[1.463s][info][gc,start    ] GC(84) Concurrent weak roots
[1.463s][info][gc,task     ] GC(84) Using 2 of 8 workers for concurrent weak root
[1.463s][info][gc          ] GC(84) Concurrent weak roots 0.277ms
[1.463s][info][gc,start    ] GC(84) Concurrent cleanup
[1.463s][info][gc          ] GC(84) Concurrent cleanup 17M->17M(145M) 0.096ms
[1.463s][info][gc,ergo     ] GC(84) Free: 1868M, Max: 512K regular, 1868M humongous, Frag: 0% external, 0% internal; Reserve: 100606K, Max: 512K
[1.463s][info][gc,start    ] GC(84) Concurrent strong roots
[1.463s][info][gc,task     ] GC(84) Using 2 of 8 workers for concurrent strong root
[1.464s][info][gc          ] GC(84) Concurrent strong roots 0.886ms
[1.464s][info][gc,start    ] GC(84) Concurrent evacuation
[1.464s][info][gc,task     ] GC(84) Using 2 of 8 workers for concurrent evacuation
[1.466s][info][gc          ] GC(84) Concurrent evacuation 2.097ms
[1.466s][info][gc,start    ] GC(84) Pause Init Update Refs
[1.466s][info][gc,ergo     ] GC(84) Pacer for Update Refs. Used: 27457K, Free: 1868M, Non-Taxable: 186M, Alloc Tax Rate: 1.1x
[1.466s][info][gc          ] GC(84) Pause Init Update Refs 0.032ms
[1.466s][info][gc,start    ] GC(84) Concurrent update references
[1.466s][info][gc,task     ] GC(84) Using 2 of 8 workers for concurrent reference update
[1.469s][info][gc          ] GC(84) Concurrent update references 2.213ms
[1.469s][info][gc,start    ] GC(84) Concurrent update thread roots
[1.469s][info][gc          ] GC(84) Concurrent update thread roots 0.471ms
[1.469s][info][gc,start    ] GC(84) Pause Final Update Refs
[1.469s][info][gc,task     ] GC(84) Using 8 of 8 workers for final reference update
[1.469s][info][gc          ] GC(84) Pause Final Update Refs 0.070ms
[1.469s][info][gc,start    ] GC(84) Concurrent cleanup
[1.469s][info][gc          ] GC(84) Concurrent cleanup 26M->13M(145M) 0.062ms
[1.469s][info][gc,ergo     ] Free: 1871M, Max: 512K regular, 1867M humongous, Frag: 1% external, 0% internal; Reserve: 101888K, Max: 512K
[1.469s][info][gc,stats    ] 
[1.469s][info][gc,stats    ] All times are wall-clock times, except per-root-class counters, that are sum over
[1.469s][info][gc,stats    ] all workers. Dividing the <total> over the root stage time estimates parallelism.
[1.469s][info][gc,stats    ] 
[1.469s][info][gc,stats    ] Concurrent Reset                   8316 us
[1.469s][info][gc,stats    ] Pause Init Mark (G)                2921 us
[1.469s][info][gc,stats    ] Pause Init Mark (N)                  88 us
[1.469s][info][gc,stats    ]   Update Region States               27 us
[1.469s][info][gc,stats    ] Concurrent Mark Roots               608 us, parallelism: 1.50x
[1.469s][info][gc,stats    ]   CMR: <total>                      913 us
[1.469s][info][gc,stats    ]   CMR: Thread Roots                 230 us, workers (us):  60, 170, ---, ---, ---, ---, ---, ---, 
[1.469s][info][gc,stats    ]   CMR: Code Cache Roots             592 us, workers (us): 265, 326, ---, ---, ---, ---, ---, ---, 
[1.469s][info][gc,stats    ]   CMR: VM Strong Roots                8 us, workers (us):   5,   3, ---, ---, ---, ---, ---, ---, 
[1.469s][info][gc,stats    ]   CMR: CLDG Roots                    84 us, workers (us):  84, ---, ---, ---, ---, ---, ---, ---, 
[1.469s][info][gc,stats    ] Concurrent Marking                15284 us
[1.469s][info][gc,stats    ] Pause Final Mark (G)                425 us
[1.469s][info][gc,stats    ] Pause Final Mark (N)                302 us
[1.470s][info][gc,stats    ]   Finish Mark                       151 us
[1.470s][info][gc,stats    ]   Update Region States               30 us
[1.470s][info][gc,stats    ]   Choose Collection Set              48 us
[1.470s][info][gc,stats    ]   Rebuild Free Set                   18 us
[1.470s][info][gc,stats    ] Concurrent Thread Roots             117 us, parallelism: 0.49x
[1.470s][info][gc,stats    ]   CTR: <total>                       57 us
[1.470s][info][gc,stats    ]   CTR: Thread Roots                  57 us, workers (us):  57,   0, ---, ---, ---, ---, ---, ---, 
[1.470s][info][gc,stats    ] Concurrent Weak References         1096 us, parallelism: 0.05x
[1.470s][info][gc,stats    ]   CWRF: <total>                      57 us
[1.470s][info][gc,stats    ]   CWRF: Weak References              57 us, workers (us):  32,  25, ---, ---, ---, ---, ---, ---, 
[1.470s][info][gc,stats    ] Concurrent Weak Roots               297 us
[1.470s][info][gc,stats    ]   Roots                             240 us, parallelism: 1.56x
[1.470s][info][gc,stats    ]     CWR: <total>                    374 us
[1.470s][info][gc,stats    ]     CWR: VM Weak Roots              374 us, workers (us): 186, 189, ---, ---, ---, ---, ---, ---, 
[1.470s][info][gc,stats    ]   Rendezvous                         20 us
[1.470s][info][gc,stats    ] Concurrent Cleanup                  104 us
[1.470s][info][gc,stats    ] Concurrent Strong Roots             904 us, parallelism: 0.90x
[1.470s][info][gc,stats    ]   CSR: <total>                      815 us
[1.470s][info][gc,stats    ]   CSR: Code Cache Roots             641 us, workers (us): 641,   0, ---, ---, ---, ---, ---, ---, 
[1.470s][info][gc,stats    ]   CSR: VM Strong Roots               11 us, workers (us):  11,   0, ---, ---, ---, ---, ---, ---, 
[1.470s][info][gc,stats    ]   CSR: CLDG Roots                   163 us, workers (us): 163, ---, ---, ---, ---, ---, ---, ---, 
[1.470s][info][gc,stats    ] Concurrent Evacuation              2119 us
[1.470s][info][gc,stats    ] Pause Init Update Refs (G)          157 us
[1.470s][info][gc,stats    ] Pause Init Update Refs (N)           41 us
[1.470s][info][gc,stats    ]   Manage GCLABs                       6 us
[1.470s][info][gc,stats    ] Concurrent Update Refs             2233 us
[1.470s][info][gc,stats    ] Concurrent Update Thread Roots      489 us
[1.470s][info][gc,stats    ] Pause Final Update Refs (G)         208 us
[1.470s][info][gc,stats    ] Pause Final Update Refs (N)          79 us
[1.470s][info][gc,stats    ]   Update Region States               17 us
[1.470s][info][gc,stats    ]   Trash Collection Set                3 us
[1.470s][info][gc,stats    ]   Rebuild Free Set                   16 us
[1.470s][info][gc,stats    ] Concurrent Cleanup                   71 us
[1.470s][info][gc,stats    ] 
[1.470s][info][gc,stats    ] Allocation pacing accrued:
[1.470s][info][gc,stats    ]       0 of    37 ms (  0.0%): <total>
[1.470s][info][gc,stats    ]       0 of    37 ms (  0.0%): <average total>
[1.470s][info][gc,stats    ] 
[1.470s][info][gc,metaspace] Metaspace: 6966K(7232K)->7301K(7488K) NonClass: 6253K(6400K)->6549K(6656K) Class: 712K(832K)->751K(832K)
[1.470s][info][gc,ergo     ] Pacer for Idle. Initial: 40642K, Alloc Tax Rate: 1.0x
[1.471s][info][gc          ] Trigger: Start next cycle immediately
[1.471s][info][gc,ergo     ] Free: 1871M, Max: 512K regular, 1867M humongous, Frag: 1% external, 0% internal; Reserve: 101888K, Max: 512K
[1.471s][info][gc,start    ] GC(85) Concurrent reset
[1.471s][info][gc,task     ] GC(85) Using 2 of 8 workers for concurrent reset
[1.471s][info][gc,ergo     ] GC(85) Pacer for Reset. Non-Taxable: 1984M
[1.471s][info][gc          ] GC(85) Concurrent reset 0.236ms
[1.471s][info][gc,start    ] GC(85) Pause Init Mark
[1.471s][info][gc,task     ] GC(85) Using 8 of 8 workers for init marking
[1.471s][info][gc,ergo     ] GC(85) Pacer for Mark. Expected Live: 10828K, Free: 1871M, Non-Taxable: 187M, Alloc Tax Rate: 0.0x
[1.471s][info][gc          ] GC(85) Pause Init Mark 0.052ms
[1.471s][info][gc,start    ] GC(85) Concurrent marking roots
[1.471s][info][gc,task     ] GC(85) Using 2 of 8 workers for concurrent marking roots
[1.472s][info][gc          ] GC(85) Concurrent marking roots 0.445ms
[1.472s][info][gc,start    ] GC(85) Concurrent marking
[1.472s][info][gc,task     ] GC(85) Using 2 of 8 workers for concurrent marking
[1.474s][info][gc          ] GC(85) Concurrent marking 2.446ms
[1.474s][info][gc,start    ] GC(85) Pause Final Mark
[1.474s][info][gc,task     ] GC(85) Using 8 of 8 workers for final marking
[1.475s][info][gc,ergo     ] GC(85) Collectable Garbage: 2218K (100%), Immediate: 0B (0%), CSet: 2218K (100%)
[1.475s][info][gc,ergo     ] GC(85) Pacer for Evacuation. Used CSet: 12034K, Free: 1871M, Non-Taxable: 187M, Alloc Tax Rate: 1.1x
[1.475s][info][gc          ] GC(85) Pause Final Mark 0.398ms
[1.475s][info][gc,start    ] GC(85) Concurrent thread roots
[1.475s][info][gc,task     ] GC(85) Using 2 of 8 workers for Concurrent thread roots
[1.475s][info][gc          ] GC(85) Concurrent thread roots 0.102ms
[1.475s][info][gc,start    ] GC(85) Concurrent weak references
[1.475s][info][gc,task     ] GC(85) Using 2 of 8 workers for concurrent weak references
[1.475s][info][gc,ref      ] GC(85) Encountered references: Soft: 3592, Weak: 1146, Final: 4, Phantom: 586
[1.475s][info][gc,ref      ] GC(85) Discovered  references: Soft: 0, Weak: 447, Final: 0, Phantom: 200
[1.475s][info][gc,ref      ] GC(85) Enqueued    references: Soft: 0, Weak: 11, Final: 0, Phantom: 4
[1.475s][info][gc          ] GC(85) Concurrent weak references 0.142ms
[1.475s][info][gc,start    ] GC(85) Concurrent weak roots
[1.475s][info][gc,task     ] GC(85) Using 2 of 8 workers for concurrent weak root
[1.476s][info][gc          ] GC(85) Concurrent weak roots 0.474ms
[1.476s][info][gc,start    ] GC(85) Concurrent cleanup
[1.476s][info][gc          ] GC(85) Concurrent cleanup 14M->14M(145M) 0.060ms
[1.476s][info][gc,ergo     ] GC(85) Free: 1870M, Max: 512K regular, 1867M humongous, Frag: 1% external, 0% internal; Reserve: 101553K, Max: 512K
[1.476s][info][gc,start    ] GC(85) Concurrent strong roots
[1.476s][info][gc,task     ] GC(85) Using 2 of 8 workers for concurrent strong root
[1.476s][info][gc          ] GC(85) Concurrent strong roots 0.431ms
[1.476s][info][gc,start    ] GC(85) Concurrent evacuation
[1.476s][info][gc,task     ] GC(85) Using 2 of 8 workers for concurrent evacuation
[1.479s][info][gc          ] GC(85) Concurrent evacuation 2.911ms
[1.481s][info][gc,start    ] GC(85) Pause Init Update Refs
[1.481s][info][gc,ergo     ] GC(85) Pacer for Update Refs. Used: 25445K, Free: 1870M, Non-Taxable: 187M, Alloc Tax Rate: 1.1x
[1.481s][info][gc          ] GC(85) Pause Init Update Refs 0.045ms
[1.481s][info][gc,start    ] GC(85) Concurrent update references
[1.481s][info][gc,task     ] GC(85) Using 2 of 8 workers for concurrent reference update
[1.483s][info][gc          ] GC(85) Concurrent update references 2.123ms
[1.483s][info][gc,start    ] GC(85) Concurrent update thread roots
[1.484s][info][gc          ] GC(85) Concurrent update thread roots 0.133ms
[1.484s][info][gc,start    ] GC(85) Pause Final Update Refs
[1.484s][info][gc,task     ] GC(85) Using 8 of 8 workers for final reference update
[1.484s][info][gc          ] GC(85) Pause Final Update Refs 0.055ms
[1.484s][info][gc,start    ] GC(85) Concurrent cleanup
[1.484s][info][gc          ] GC(85) Concurrent cleanup 24M->13M(147M) 0.061ms
[1.484s][info][gc,ergo     ] Free: 1871M, Max: 512K regular, 1870M humongous, Frag: 1% external, 0% internal; Reserve: 101888K, Max: 512K
[1.484s][info][gc,stats    ] 
[1.484s][info][gc,stats    ] All times are wall-clock times, except per-root-class counters, that are sum over
[1.484s][info][gc,stats    ] all workers. Dividing the <total> over the root stage time estimates parallelism.
[1.484s][info][gc,stats    ] 
[1.484s][info][gc,stats    ] Concurrent Reset                    250 us
[1.484s][info][gc,stats    ] Pause Init Mark (G)                 178 us
[1.484s][info][gc,stats    ] Pause Init Mark (N)                  60 us
[1.484s][info][gc,stats    ]   Update Region States               16 us
[1.484s][info][gc,stats    ] Concurrent Mark Roots               465 us, parallelism: 1.60x
[1.484s][info][gc,stats    ]   CMR: <total>                      745 us
[1.484s][info][gc,stats    ]   CMR: Thread Roots                  91 us, workers (us):  37,  54, ---, ---, ---, ---, ---, ---, 
[1.484s][info][gc,stats    ]   CMR: Code Cache Roots             537 us, workers (us): 219, 318, ---, ---, ---, ---, ---, ---, 
[1.484s][info][gc,stats    ]   CMR: VM Strong Roots                5 us, workers (us):   5,   0, ---, ---, ---, ---, ---, ---, 
[1.484s][info][gc,stats    ]   CMR: CLDG Roots                   112 us, workers (us): 112, ---, ---, ---, ---, ---, ---, ---, 
[1.484s][info][gc,stats    ] Concurrent Marking                 2479 us
[1.484s][info][gc,stats    ] Pause Final Mark (G)                523 us
[1.484s][info][gc,stats    ] Pause Final Mark (N)                407 us
[1.484s][info][gc,stats    ]   Finish Mark                       291 us
[1.484s][info][gc,stats    ]   Update Region States               14 us
[1.484s][info][gc,stats    ]   Choose Collection Set              38 us
[1.484s][info][gc,stats    ]   Rebuild Free Set                   18 us
[1.484s][info][gc,stats    ] Concurrent Thread Roots             113 us, parallelism: 0.45x
[1.484s][info][gc,stats    ]   CTR: <total>                       50 us
[1.484s][info][gc,stats    ]   CTR: Thread Roots                  50 us, workers (us):  25,  26, ---, ---, ---, ---, ---, ---, 
[1.484s][info][gc,stats    ] Concurrent Weak References          150 us, parallelism: 0.73x
[1.484s][info][gc,stats    ]   CWRF: <total>                     110 us
[1.484s][info][gc,stats    ]   CWRF: Weak References             110 us, workers (us):  54,  56, ---, ---, ---, ---, ---, ---, 
[1.484s][info][gc,stats    ] Concurrent Weak Roots               492 us
[1.484s][info][gc,stats    ]   Roots                             360 us, parallelism: 0.86x
[1.484s][info][gc,stats    ]     CWR: <total>                    311 us
[1.484s][info][gc,stats    ]     CWR: VM Weak Roots              311 us, workers (us): 311,   0, ---, ---, ---, ---, ---, ---, 
[1.484s][info][gc,stats    ]   Rendezvous                         98 us
[1.484s][info][gc,stats    ] Concurrent Cleanup                   68 us
[1.484s][info][gc,stats    ] Concurrent Strong Roots             452 us, parallelism: 1.56x
[1.484s][info][gc,stats    ]   CSR: <total>                      703 us
[1.484s][info][gc,stats    ]   CSR: Code Cache Roots             543 us, workers (us): 224, 318, ---, ---, ---, ---, ---, ---, 
[1.484s][info][gc,stats    ]   CSR: VM Strong Roots                9 us, workers (us):   9,   0, ---, ---, ---, ---, ---, ---, 
[1.484s][info][gc,stats    ]   CSR: CLDG Roots                   152 us, workers (us): 152, ---, ---, ---, ---, ---, ---, ---, 
[1.484s][info][gc,stats    ] Concurrent Evacuation              2934 us
[1.484s][info][gc,stats    ] Pause Init Update Refs (G)         2143 us
[1.484s][info][gc,stats    ] Pause Init Update Refs (N)           53 us
[1.484s][info][gc,stats    ]   Manage GCLABs                       7 us
[1.484s][info][gc,stats    ] Concurrent Update Refs             2156 us
[1.484s][info][gc,stats    ] Concurrent Update Thread Roots      147 us
[1.484s][info][gc,stats    ] Pause Final Update Refs (G)         125 us
[1.484s][info][gc,stats    ] Pause Final Update Refs (N)          63 us
[1.484s][info][gc,stats    ]   Update Region States               14 us
[1.484s][info][gc,stats    ]   Trash Collection Set                2 us
[1.484s][info][gc,stats    ]   Rebuild Free Set                   16 us
[1.484s][info][gc,stats    ] Concurrent Cleanup                   70 us
[1.484s][info][gc,stats    ] 
[1.484s][info][gc,stats    ] Allocation pacing accrued:
[1.484s][info][gc,stats    ]       0 of    14 ms (  0.0%): <total>
[1.484s][info][gc,stats    ]       0 of    14 ms (  0.0%): <average total>
[1.484s][info][gc,stats    ] 
[1.484s][info][gc,metaspace] Metaspace: 7312K(7552K)->7319K(7552K) NonClass: 6558K(6656K)->6564K(6656K) Class: 754K(896K)->755K(896K)
[1.484s][info][gc,ergo     ] Pacer for Idle. Initial: 40642K, Alloc Tax Rate: 1.0x
[1.485s][info][gc          ] Trigger: Start next cycle immediately
[1.485s][info][gc,ergo     ] Free: 1871M, Max: 512K regular, 1870M humongous, Frag: 1% external, 0% internal; Reserve: 101888K, Max: 512K
[1.485s][info][gc,start    ] GC(86) Concurrent reset
[1.485s][info][gc,task     ] GC(86) Using 2 of 8 workers for concurrent reset
[1.485s][info][gc,ergo     ] GC(86) Pacer for Reset. Non-Taxable: 1984M
[1.486s][info][gc          ] GC(86) Concurrent reset 0.233ms
[1.486s][info][gc,start    ] GC(86) Pause Init Mark
[1.486s][info][gc,task     ] GC(86) Using 8 of 8 workers for init marking
[1.486s][info][gc,ergo     ] GC(86) Pacer for Mark. Expected Live: 10984K, Free: 1871M, Non-Taxable: 187M, Alloc Tax Rate: 0.0x
[1.486s][info][gc          ] GC(86) Pause Init Mark 0.061ms
[1.486s][info][gc,start    ] GC(86) Concurrent marking roots
[1.486s][info][gc,task     ] GC(86) Using 2 of 8 workers for concurrent marking roots
[1.487s][info][gc          ] GC(86) Concurrent marking roots 0.663ms
[1.487s][info][gc,start    ] GC(86) Concurrent marking
[1.487s][info][gc,task     ] GC(86) Using 2 of 8 workers for concurrent marking
[1.489s][info][gc          ] GC(86) Concurrent marking 2.427ms
[1.489s][info][gc,start    ] GC(86) Pause Final Mark
[1.489s][info][gc,task     ] GC(86) Using 8 of 8 workers for final marking
[1.490s][info][gc,ergo     ] GC(86) Collectable Garbage: 1992K (100%), Immediate: 33024B (1%), CSet: 1959K (98%)
[1.490s][info][gc,ergo     ] GC(86) Pacer for Evacuation. Used CSet: 11776K, Free: 1871M, Non-Taxable: 187M, Alloc Tax Rate: 1.1x
[1.490s][info][gc          ] GC(86) Pause Final Mark 0.581ms
[1.490s][info][gc,start    ] GC(86) Concurrent thread roots
[1.490s][info][gc,task     ] GC(86) Using 2 of 8 workers for Concurrent thread roots
[1.490s][info][gc          ] GC(86) Concurrent thread roots 0.072ms
[1.490s][info][gc,start    ] GC(86) Concurrent weak references
[1.490s][info][gc,task     ] GC(86) Using 2 of 8 workers for concurrent weak references
[1.490s][info][gc,ref      ] GC(86) Encountered references: Soft: 3592, Weak: 1135, Final: 4, Phantom: 582
[1.490s][info][gc,ref      ] GC(86) Discovered  references: Soft: 0, Weak: 348, Final: 0, Phantom: 522
[1.490s][info][gc,ref      ] GC(86) Enqueued    references: Soft: 0, Weak: 0, Final: 0, Phantom: 0
[1.490s][info][gc          ] GC(86) Concurrent weak references 0.127ms
[1.490s][info][gc,start    ] GC(86) Concurrent weak roots
[1.490s][info][gc,task     ] GC(86) Using 2 of 8 workers for concurrent weak root
[1.491s][info][gc          ] GC(86) Concurrent weak roots 0.862ms
[1.491s][info][gc,start    ] GC(86) Concurrent cleanup
[1.491s][info][gc          ] GC(86) Concurrent cleanup 16M->16M(147M) 0.085ms
[1.491s][info][gc,ergo     ] GC(86) Free: 1870M, Max: 512K regular, 1870M humongous, Frag: 0% external, 0% internal; Reserve: 100352K, Max: 512K
[1.491s][info][gc,start    ] GC(86) Concurrent strong roots
[1.491s][info][gc,task     ] GC(86) Using 2 of 8 workers for concurrent strong root
[1.492s][info][gc          ] GC(86) Concurrent strong roots 0.750ms
[1.492s][info][gc,start    ] GC(86) Concurrent evacuation
[1.492s][info][gc,task     ] GC(86) Using 2 of 8 workers for concurrent evacuation
[1.494s][info][gc          ] GC(86) Concurrent evacuation 1.785ms
[1.494s][info][gc,start    ] GC(86) Pause Init Update Refs
[1.494s][info][gc,ergo     ] GC(86) Pacer for Update Refs. Used: 26123K, Free: 1870M, Non-Taxable: 187M, Alloc Tax Rate: 1.1x
[1.494s][info][gc          ] GC(86) Pause Init Update Refs 0.029ms
[1.494s][info][gc,start    ] GC(86) Concurrent update references
[1.494s][info][gc,task     ] GC(86) Using 2 of 8 workers for concurrent reference update
[1.497s][info][gc          ] GC(86) Concurrent update references 3.331ms
[1.497s][info][gc,start    ] GC(86) Concurrent update thread roots
[1.501s][info][gc          ] GC(86) Concurrent update thread roots 4.286ms
[1.501s][info][gc,start    ] GC(86) Pause Final Update Refs
[1.501s][info][gc,task     ] GC(86) Using 8 of 8 workers for final reference update
[1.501s][info][gc          ] GC(86) Pause Final Update Refs 0.061ms
[1.502s][info][gc,start    ] GC(86) Concurrent cleanup
[1.502s][info][gc          ] GC(86) Concurrent cleanup 25M->14M(147M) 0.054ms
[1.502s][info][gc,ergo     ] Free: 1870M, Max: 512K regular, 1870M humongous, Frag: 1% external, 0% internal; Reserve: 101888K, Max: 512K
[1.502s][info][gc,stats    ] 
[1.502s][info][gc,stats    ] All times are wall-clock times, except per-root-class counters, that are sum over
[1.502s][info][gc,stats    ] all workers. Dividing the <total> over the root stage time estimates parallelism.
[1.502s][info][gc,stats    ] 
[1.502s][info][gc,stats    ] Concurrent Reset                    246 us
[1.502s][info][gc,stats    ] Pause Init Mark (G)                 182 us
[1.502s][info][gc,stats    ] Pause Init Mark (N)                  70 us
[1.502s][info][gc,stats    ]   Update Region States               14 us
[1.502s][info][gc,stats    ] Concurrent Mark Roots               685 us, parallelism: 0.89x
[1.502s][info][gc,stats    ]   CMR: <total>                      609 us
[1.502s][info][gc,stats    ]   CMR: Thread Roots                  33 us, workers (us):  33,   0, ---, ---, ---, ---, ---, ---, 
[1.502s][info][gc,stats    ]   CMR: Code Cache Roots             488 us, workers (us): 488,   0, ---, ---, ---, ---, ---, ---, 
[1.502s][info][gc,stats    ]   CMR: VM Strong Roots                4 us, workers (us):   4,   0, ---, ---, ---, ---, ---, ---, 
[1.502s][info][gc,stats    ]   CMR: CLDG Roots                    84 us, workers (us):  84, ---, ---, ---, ---, ---, ---, ---, 
[1.502s][info][gc,stats    ] Concurrent Marking                 2452 us
[1.502s][info][gc,stats    ] Pause Final Mark (G)                717 us
[1.502s][info][gc,stats    ] Pause Final Mark (N)                589 us
[1.502s][info][gc,stats    ]   Finish Mark                       452 us
[1.502s][info][gc,stats    ]   Update Region States               13 us
[1.502s][info][gc,stats    ]   Choose Collection Set              56 us
[1.502s][info][gc,stats    ]   Rebuild Free Set                   20 us
[1.502s][info][gc,stats    ] Concurrent Thread Roots              83 us, parallelism: 0.45x
[1.502s][info][gc,stats    ]   CTR: <total>                       37 us
[1.502s][info][gc,stats    ]   CTR: Thread Roots                  37 us, workers (us):  37,   0, ---, ---, ---, ---, ---, ---, 
[1.502s][info][gc,stats    ] Concurrent Weak References          135 us, parallelism: 0.49x
[1.502s][info][gc,stats    ]   CWRF: <total>                      66 us
[1.502s][info][gc,stats    ]   CWRF: Weak References              66 us, workers (us):  55,  11, ---, ---, ---, ---, ---, ---, 
[1.502s][info][gc,stats    ] Concurrent Weak Roots               886 us
[1.502s][info][gc,stats    ]   Roots                             372 us, parallelism: 0.90x
[1.502s][info][gc,stats    ]     CWR: <total>                    336 us
[1.502s][info][gc,stats    ]     CWR: VM Weak Roots              336 us, workers (us): 336,   0, ---, ---, ---, ---, ---, ---, 
[1.502s][info][gc,stats    ]   Rendezvous                        473 us
[1.502s][info][gc,stats    ] Concurrent Cleanup                   95 us
[1.502s][info][gc,stats    ] Concurrent Strong Roots             774 us, parallelism: 0.90x
[1.502s][info][gc,stats    ]   CSR: <total>                      697 us
[1.502s][info][gc,stats    ]   CSR: Code Cache Roots             525 us, workers (us): 525,   0, ---, ---, ---, ---, ---, ---, 
[1.502s][info][gc,stats    ]   CSR: VM Strong Roots                8 us, workers (us):   8,   0, ---, ---, ---, ---, ---, ---, 
[1.502s][info][gc,stats    ]   CSR: CLDG Roots                   163 us, workers (us): 163, ---, ---, ---, ---, ---, ---, ---, 
[1.502s][info][gc,stats    ] Concurrent Evacuation              1810 us
[1.502s][info][gc,stats    ] Pause Init Update Refs (G)          146 us
[1.502s][info][gc,stats    ] Pause Init Update Refs (N)           37 us
[1.502s][info][gc,stats    ]   Manage GCLABs                       5 us
[1.502s][info][gc,stats    ] Concurrent Update Refs             3355 us
[1.502s][info][gc,stats    ] Concurrent Update Thread Roots     4310 us
[1.502s][info][gc,stats    ] Pause Final Update Refs (G)         164 us
[1.502s][info][gc,stats    ] Pause Final Update Refs (N)          70 us
[1.502s][info][gc,stats    ]   Update Region States               17 us
[1.502s][info][gc,stats    ]   Trash Collection Set                3 us
[1.502s][info][gc,stats    ]   Rebuild Free Set                   17 us
[1.502s][info][gc,stats    ] Concurrent Cleanup                   62 us
[1.502s][info][gc,stats    ] 
[1.502s][info][gc,stats    ] Allocation pacing accrued:
[1.502s][info][gc,stats    ]       0 of    18 ms (  0.0%): <total>
[1.502s][info][gc,stats    ]       0 of    18 ms (  0.0%): <average total>
[1.502s][info][gc,stats    ] 
[1.502s][info][gc,metaspace] Metaspace: 7319K(7552K)->7480K(7680K) NonClass: 6564K(6656K)->6710K(6784K) Class: 755K(896K)->769K(896K)
[1.502s][info][gc,ergo     ] Pacer for Idle. Initial: 40642K, Alloc Tax Rate: 1.0x
[1.503s][info][gc          ] Trigger: Start next cycle immediately
[1.503s][info][gc,ergo     ] Free: 1870M, Max: 512K regular, 1870M humongous, Frag: 1% external, 0% internal; Reserve: 101888K, Max: 512K
[1.503s][info][gc,start    ] GC(87) Concurrent reset
[1.503s][info][gc,task     ] GC(87) Using 2 of 8 workers for concurrent reset
[1.503s][info][gc,ergo     ] GC(87) Pacer for Reset. Non-Taxable: 1984M
[1.503s][info][gc          ] GC(87) Concurrent reset 0.195ms
[1.504s][info][gc,start    ] GC(87) Pause Init Mark
[1.504s][info][gc,task     ] GC(87) Using 8 of 8 workers for init marking
[1.504s][info][gc,ergo     ] GC(87) Pacer for Mark. Expected Live: 11133K, Free: 1870M, Non-Taxable: 187M, Alloc Tax Rate: 0.0x
[1.504s][info][gc          ] GC(87) Pause Init Mark 0.046ms
[1.504s][info][gc,start    ] GC(87) Concurrent marking roots
[1.504s][info][gc,task     ] GC(87) Using 2 of 8 workers for concurrent marking roots
[1.504s][info][gc          ] GC(87) Concurrent marking roots 0.713ms
[1.504s][info][gc,start    ] GC(87) Concurrent marking
[1.504s][info][gc,task     ] GC(87) Using 2 of 8 workers for concurrent marking
[1.507s][info][gc          ] GC(87) Concurrent marking 2.499ms
[1.507s][info][gc,start    ] GC(87) Pause Final Mark
[1.507s][info][gc,task     ] GC(87) Using 8 of 8 workers for final marking
[1.507s][info][gc,ergo     ] GC(87) Collectable Garbage: 2906K (100%), Immediate: 0B (0%), CSet: 2906K (100%)
[1.507s][info][gc,ergo     ] GC(87) Pacer for Evacuation. Used CSet: 12744K, Free: 1870M, Non-Taxable: 187M, Alloc Tax Rate: 1.1x
[1.507s][info][gc          ] GC(87) Pause Final Mark 0.216ms
[1.507s][info][gc,start    ] GC(87) Concurrent thread roots
[1.507s][info][gc,task     ] GC(87) Using 2 of 8 workers for Concurrent thread roots
[1.507s][info][gc          ] GC(87) Concurrent thread roots 0.081ms
[1.507s][info][gc,start    ] GC(87) Concurrent weak references
[1.507s][info][gc,task     ] GC(87) Using 2 of 8 workers for concurrent weak references
[1.507s][info][gc,ref      ] GC(87) Encountered references: Soft: 3593, Weak: 1135, Final: 4, Phantom: 582
[1.507s][info][gc,ref      ] GC(87) Discovered  references: Soft: 0, Weak: 341, Final: 0, Phantom: 546
[1.507s][info][gc,ref      ] GC(87) Enqueued    references: Soft: 0, Weak: 0, Final: 0, Phantom: 0
[1.507s][info][gc          ] GC(87) Concurrent weak references 0.103ms
[1.507s][info][gc,start    ] GC(87) Concurrent weak roots
[1.507s][info][gc,task     ] GC(87) Using 2 of 8 workers for concurrent weak root
[1.508s][info][gc          ] GC(87) Concurrent weak roots 0.219ms
[1.508s][info][gc,start    ] GC(87) Concurrent cleanup
[1.508s][info][gc          ] GC(87) Concurrent cleanup 14M->14M(147M) 0.056ms
[1.508s][info][gc,ergo     ] GC(87) Free: 1870M, Max: 512K regular, 1870M humongous, Frag: 0% external, 0% internal; Reserve: 101525K, Max: 512K
[1.508s][info][gc,start    ] GC(87) Concurrent strong roots
[1.508s][info][gc,task     ] GC(87) Using 2 of 8 workers for concurrent strong root
[1.508s][info][gc          ] GC(87) Concurrent strong roots 0.485ms
[1.508s][info][gc,start    ] GC(87) Concurrent evacuation
[1.508s][info][gc,task     ] GC(87) Using 2 of 8 workers for concurrent evacuation
[1.510s][info][gc          ] GC(87) Concurrent evacuation 1.886ms
[1.510s][info][gc,start    ] GC(87) Pause Init Update Refs
[1.510s][info][gc,ergo     ] GC(87) Pacer for Update Refs. Used: 26118K, Free: 1869M, Non-Taxable: 186M, Alloc Tax Rate: 1.1x
[1.510s][info][gc          ] GC(87) Pause Init Update Refs 0.033ms
[1.510s][info][gc,start    ] GC(87) Concurrent update references
[1.510s][info][gc,task     ] GC(87) Using 2 of 8 workers for concurrent reference update
[1.513s][info][gc          ] GC(87) Concurrent update references 2.080ms
[1.513s][info][gc,start    ] GC(87) Concurrent update thread roots
[1.513s][info][gc          ] GC(87) Concurrent update thread roots 0.119ms
[1.513s][info][gc,start    ] GC(87) Pause Final Update Refs
[1.513s][info][gc,task     ] GC(87) Using 8 of 8 workers for final reference update
[1.513s][info][gc          ] GC(87) Pause Final Update Refs 0.053ms
[1.513s][info][gc,start    ] GC(87) Concurrent cleanup
[1.513s][info][gc          ] GC(87) Concurrent cleanup 25M->13M(147M) 0.053ms
[1.513s][info][gc,ergo     ] Free: 1871M, Max: 512K regular, 1870M humongous, Frag: 1% external, 0% internal; Reserve: 101888K, Max: 512K
[1.513s][info][gc,stats    ] 
[1.513s][info][gc,stats    ] All times are wall-clock times, except per-root-class counters, that are sum over
[1.513s][info][gc,stats    ] all workers. Dividing the <total> over the root stage time estimates parallelism.
[1.513s][info][gc,stats    ] 
[1.513s][info][gc,stats    ] Concurrent Reset                    228 us
[1.513s][info][gc,stats    ] Pause Init Mark (G)                 145 us
[1.513s][info][gc,stats    ] Pause Init Mark (N)                  54 us
[1.513s][info][gc,stats    ]   Update Region States               15 us
[1.513s][info][gc,stats    ] Concurrent Mark Roots               738 us, parallelism: 0.87x
[1.513s][info][gc,stats    ]   CMR: <total>                      640 us
[1.513s][info][gc,stats    ]   CMR: Thread Roots                  50 us, workers (us):  50,   0, ---, ---, ---, ---, ---, ---, 
[1.513s][info][gc,stats    ]   CMR: Code Cache Roots             493 us, workers (us): 492,   0, ---, ---, ---, ---, ---, ---, 
[1.513s][info][gc,stats    ]   CMR: VM Strong Roots                6 us, workers (us):   6,   0, ---, ---, ---, ---, ---, ---, 
[1.513s][info][gc,stats    ]   CMR: CLDG Roots                    91 us, workers (us):  91, ---, ---, ---, ---, ---, ---, ---, 
[1.513s][info][gc,stats    ] Concurrent Marking                 2522 us
[1.513s][info][gc,stats    ] Pause Final Mark (G)                308 us
[1.513s][info][gc,stats    ] Pause Final Mark (N)                224 us
[1.513s][info][gc,stats    ]   Finish Mark                       124 us
[1.513s][info][gc,stats    ]   Update Region States               13 us
[1.513s][info][gc,stats    ]   Choose Collection Set              31 us
[1.513s][info][gc,stats    ]   Rebuild Free Set                   15 us
[1.513s][info][gc,stats    ] Concurrent Thread Roots              90 us, parallelism: 0.82x
[1.513s][info][gc,stats    ]   CTR: <total>                       73 us
[1.513s][info][gc,stats    ]   CTR: Thread Roots                  73 us, workers (us):  51,  23, ---, ---, ---, ---, ---, ---, 
[1.513s][info][gc,stats    ] Concurrent Weak References          110 us, parallelism: 0.65x
[1.513s][info][gc,stats    ]   CWRF: <total>                      72 us
[1.513s][info][gc,stats    ]   CWRF: Weak References              72 us, workers (us):  57,  15, ---, ---, ---, ---, ---, ---, 
[1.513s][info][gc,stats    ] Concurrent Weak Roots               229 us
[1.513s][info][gc,stats    ]   Roots                             188 us, parallelism: 1.71x
[1.513s][info][gc,stats    ]     CWR: <total>                    321 us
[1.513s][info][gc,stats    ]     CWR: VM Weak Roots              321 us, workers (us): 162, 158, ---, ---, ---, ---, ---, ---, 
[1.513s][info][gc,stats    ]   Rendezvous                         13 us
[1.513s][info][gc,stats    ] Concurrent Cleanup                   65 us
[1.513s][info][gc,stats    ] Concurrent Strong Roots             505 us, parallelism: 1.52x
[1.513s][info][gc,stats    ]   CSR: <total>                      767 us
[1.513s][info][gc,stats    ]   CSR: Code Cache Roots             622 us, workers (us): 297, 325, ---, ---, ---, ---, ---, ---, 
[1.513s][info][gc,stats    ]   CSR: VM Strong Roots                9 us, workers (us):   9,   0, ---, ---, ---, ---, ---, ---, 
[1.513s][info][gc,stats    ]   CSR: CLDG Roots                   136 us, workers (us): 136, ---, ---, ---, ---, ---, ---, ---, 
[1.513s][info][gc,stats    ] Concurrent Evacuation              1912 us
[1.513s][info][gc,stats    ] Pause Init Update Refs (G)          366 us
[1.513s][info][gc,stats    ] Pause Init Update Refs (N)           41 us
[1.513s][info][gc,stats    ]   Manage GCLABs                       4 us
[1.513s][info][gc,stats    ] Concurrent Update Refs             2101 us
[1.513s][info][gc,stats    ] Concurrent Update Thread Roots      129 us
[1.513s][info][gc,stats    ] Pause Final Update Refs (G)         160 us
[1.513s][info][gc,stats    ] Pause Final Update Refs (N)          61 us
[1.513s][info][gc,stats    ]   Update Region States               13 us
[1.513s][info][gc,stats    ]   Trash Collection Set                3 us
[1.513s][info][gc,stats    ]   Rebuild Free Set                   16 us
[1.513s][info][gc,stats    ] Concurrent Cleanup                   67 us
[1.513s][info][gc,stats    ] 
[1.513s][info][gc,stats    ] Allocation pacing accrued:
[1.513s][info][gc,stats    ]       0 of    11 ms (  0.0%): <total>
[1.513s][info][gc,stats    ]       0 of    11 ms (  0.0%): <average total>
[1.513s][info][gc,stats    ] 
[1.513s][info][gc,metaspace] Metaspace: 7510K(7744K)->7568K(7808K) NonClass: 6738K(6848K)->6795K(6912K) Class: 771K(896K)->773K(896K)
[1.513s][info][gc,ergo     ] Pacer for Idle. Initial: 40642K, Alloc Tax Rate: 1.0x
[1.515s][info][gc          ] Trigger: Start next cycle immediately
[1.515s][info][gc,ergo     ] Free: 1871M, Max: 512K regular, 1870M humongous, Frag: 1% external, 0% internal; Reserve: 101888K, Max: 512K
[1.515s][info][gc,start    ] GC(88) Concurrent reset
[1.515s][info][gc,task     ] GC(88) Using 2 of 8 workers for concurrent reset
[1.515s][info][gc,ergo     ] GC(88) Pacer for Reset. Non-Taxable: 1984M
[1.515s][info][gc          ] GC(88) Concurrent reset 0.198ms
[1.515s][info][gc,start    ] GC(88) Pause Init Mark
[1.515s][info][gc,task     ] GC(88) Using 8 of 8 workers for init marking
[1.515s][info][gc,ergo     ] GC(88) Pacer for Mark. Expected Live: 11282K, Free: 1871M, Non-Taxable: 187M, Alloc Tax Rate: 0.0x
[1.515s][info][gc          ] GC(88) Pause Init Mark 0.042ms
[1.515s][info][gc,start    ] GC(88) Concurrent marking roots
[1.515s][info][gc,task     ] GC(88) Using 2 of 8 workers for concurrent marking roots
[1.516s][info][gc          ] GC(88) Concurrent marking roots 0.670ms
[1.516s][info][gc,start    ] GC(88) Concurrent marking
[1.516s][info][gc,task     ] GC(88) Using 2 of 8 workers for concurrent marking
[1.519s][info][gc          ] GC(88) Concurrent marking 3.449ms
[1.519s][info][gc,start    ] GC(88) Pause Final Mark
[1.519s][info][gc,task     ] GC(88) Using 8 of 8 workers for final marking
[1.519s][info][gc,ergo     ] GC(88) Collectable Garbage: 1912K (100%), Immediate: 0B (0%), CSet: 1912K (100%)
[1.519s][info][gc,ergo     ] GC(88) Pacer for Evacuation. Used CSet: 11771K, Free: 1871M, Non-Taxable: 187M, Alloc Tax Rate: 1.1x
[1.519s][info][gc          ] GC(88) Pause Final Mark 0.197ms
[1.519s][info][gc,start    ] GC(88) Concurrent thread roots
[1.519s][info][gc,task     ] GC(88) Using 2 of 8 workers for Concurrent thread roots
[1.520s][info][gc          ] GC(88) Concurrent thread roots 0.065ms
[1.520s][info][gc,start    ] GC(88) Concurrent weak references
[1.520s][info][gc,task     ] GC(88) Using 2 of 8 workers for concurrent weak references
[1.520s][info][gc,ref      ] GC(88) Encountered references: Soft: 3594, Weak: 1135, Final: 4, Phantom: 582
[1.520s][info][gc,ref      ] GC(88) Discovered  references: Soft: 0, Weak: 419, Final: 4, Phantom: 579
[1.520s][info][gc,ref      ] GC(88) Enqueued    references: Soft: 0, Weak: 0, Final: 0, Phantom: 0
[1.520s][info][gc          ] GC(88) Concurrent weak references 0.121ms
[1.520s][info][gc,start    ] GC(88) Concurrent weak roots
[1.520s][info][gc,task     ] GC(88) Using 2 of 8 workers for concurrent weak root
[1.520s][info][gc          ] GC(88) Concurrent weak roots 0.223ms
[1.520s][info][gc,start    ] GC(88) Concurrent cleanup
[1.520s][info][gc          ] GC(88) Concurrent cleanup 13M->13M(147M) 0.064ms
[1.520s][info][gc,ergo     ] GC(88) Free: 1871M, Max: 512K regular, 1870M humongous, Frag: 1% external, 0% internal; Reserve: 101516K, Max: 512K
[1.520s][info][gc,start    ] GC(88) Concurrent strong roots
[1.520s][info][gc,task     ] GC(88) Using 2 of 8 workers for concurrent strong root
[1.520s][info][gc          ] GC(88) Concurrent strong roots 0.376ms
[1.520s][info][gc,start    ] GC(88) Concurrent evacuation
[1.520s][info][gc,task     ] GC(88) Using 2 of 8 workers for concurrent evacuation
[1.522s][info][gc          ] GC(88) Concurrent evacuation 1.803ms
[1.522s][info][gc,start    ] GC(88) Pause Init Update Refs
[1.522s][info][gc,ergo     ] GC(88) Pacer for Update Refs. Used: 25588K, Free: 1870M, Non-Taxable: 187M, Alloc Tax Rate: 1.1x
[1.522s][info][gc          ] GC(88) Pause Init Update Refs 0.025ms
[1.522s][info][gc,start    ] GC(88) Concurrent update references
[1.522s][info][gc,task     ] GC(88) Using 2 of 8 workers for concurrent reference update
[1.525s][info][gc          ] GC(88) Concurrent update references 2.297ms
[1.525s][info][gc,start    ] GC(88) Concurrent update thread roots
[1.525s][info][gc          ] GC(88) Concurrent update thread roots 0.204ms
[1.525s][info][gc,start    ] GC(88) Pause Final Update Refs
[1.525s][info][gc,task     ] GC(88) Using 8 of 8 workers for final reference update
[1.525s][info][gc          ] GC(88) Pause Final Update Refs 0.051ms
[1.525s][info][gc,start    ] GC(88) Concurrent cleanup
[1.525s][info][gc          ] GC(88) Concurrent cleanup 24M->13M(147M) 0.053ms
[1.525s][info][gc,ergo     ] Free: 1871M, Max: 512K regular, 1870M humongous, Frag: 1% external, 0% internal; Reserve: 101888K, Max: 512K
[1.525s][info][gc,stats    ] 
[1.525s][info][gc,stats    ] All times are wall-clock times, except per-root-class counters, that are sum over
[1.525s][info][gc,stats    ] all workers. Dividing the <total> over the root stage time estimates parallelism.
[1.525s][info][gc,stats    ] 
[1.525s][info][gc,stats    ] Concurrent Reset                    208 us
[1.525s][info][gc,stats    ] Pause Init Mark (G)                 136 us
[1.525s][info][gc,stats    ] Pause Init Mark (N)                  49 us
[1.525s][info][gc,stats    ]   Update Region States               12 us
[1.525s][info][gc,stats    ] Concurrent Mark Roots               692 us, parallelism: 0.87x
[1.525s][info][gc,stats    ]   CMR: <total>                      600 us
[1.525s][info][gc,stats    ]   CMR: Thread Roots                  63 us, workers (us):  63,   0, ---, ---, ---, ---, ---, ---, 
[1.525s][info][gc,stats    ]   CMR: Code Cache Roots             453 us, workers (us): 453,   0, ---, ---, ---, ---, ---, ---, 
[1.525s][info][gc,stats    ]   CMR: VM Strong Roots                6 us, workers (us):   6,   0, ---, ---, ---, ---, ---, ---, 
[1.525s][info][gc,stats    ]   CMR: CLDG Roots                    78 us, workers (us):  78, ---, ---, ---, ---, ---, ---, ---, 
[1.525s][info][gc,stats    ] Concurrent Marking                 3474 us
[1.525s][info][gc,stats    ] Pause Final Mark (G)                354 us
[1.525s][info][gc,stats    ] Pause Final Mark (N)                205 us
[1.525s][info][gc,stats    ]   Finish Mark                       102 us
[1.525s][info][gc,stats    ]   Update Region States               13 us
[1.525s][info][gc,stats    ]   Choose Collection Set              32 us
[1.525s][info][gc,stats    ]   Rebuild Free Set                   15 us
[1.525s][info][gc,stats    ] Concurrent Thread Roots              75 us, parallelism: 0.88x
[1.525s][info][gc,stats    ]   CTR: <total>                       66 us
[1.525s][info][gc,stats    ]   CTR: Thread Roots                  66 us, workers (us):  38,  27, ---, ---, ---, ---, ---, ---, 
[1.525s][info][gc,stats    ] Concurrent Weak References          129 us, parallelism: 0.54x
[1.525s][info][gc,stats    ]   CWRF: <total>                      70 us
[1.525s][info][gc,stats    ]   CWRF: Weak References              70 us, workers (us):  68,   2, ---, ---, ---, ---, ---, ---, 
[1.525s][info][gc,stats    ] Concurrent Weak Roots               244 us
[1.525s][info][gc,stats    ]   Roots                             189 us, parallelism: 1.66x
[1.525s][info][gc,stats    ]     CWR: <total>                    315 us
[1.525s][info][gc,stats    ]     CWR: VM Weak Roots              315 us, workers (us): 166, 149, ---, ---, ---, ---, ---, ---, 
[1.525s][info][gc,stats    ]   Rendezvous                         18 us
[1.525s][info][gc,stats    ] Concurrent Cleanup                   78 us
[1.525s][info][gc,stats    ] Concurrent Strong Roots             393 us, parallelism: 1.64x
[1.525s][info][gc,stats    ]   CSR: <total>                      645 us
[1.525s][info][gc,stats    ]   CSR: Code Cache Roots             504 us, workers (us): 196, 308, ---, ---, ---, ---, ---, ---, 
[1.525s][info][gc,stats    ]   CSR: VM Strong Roots                8 us, workers (us):   8,   0, ---, ---, ---, ---, ---, ---, 
[1.525s][info][gc,stats    ]   CSR: CLDG Roots                   133 us, workers (us): 133, ---, ---, ---, ---, ---, ---, ---, 
[1.525s][info][gc,stats    ] Concurrent Evacuation              1823 us
[1.525s][info][gc,stats    ] Pause Init Update Refs (G)          123 us
[1.525s][info][gc,stats    ] Pause Init Update Refs (N)           33 us
[1.525s][info][gc,stats    ]   Manage GCLABs                       3 us
[1.525s][info][gc,stats    ] Concurrent Update Refs             2334 us
[1.525s][info][gc,stats    ] Concurrent Update Thread Roots      217 us
[1.525s][info][gc,stats    ] Pause Final Update Refs (G)         140 us
[1.526s][info][gc,stats    ] Pause Final Update Refs (N)          60 us
[1.526s][info][gc,stats    ]   Update Region States               12 us
[1.526s][info][gc,stats    ]   Trash Collection Set                3 us
[1.526s][info][gc,stats    ]   Rebuild Free Set                   16 us
[1.526s][info][gc,stats    ] Concurrent Cleanup                   61 us
[1.526s][info][gc,stats    ] 
[1.526s][info][gc,stats    ] Allocation pacing accrued:
[1.526s][info][gc,stats    ]       0 of    12 ms (  0.0%): <total>
[1.526s][info][gc,stats    ]       0 of    12 ms (  0.0%): <average total>
[1.526s][info][gc,stats    ] 
[1.526s][info][gc,metaspace] Metaspace: 7597K(7808K)->7630K(7808K) NonClass: 6822K(6912K)->6850K(6912K) Class: 775K(896K)->779K(896K)
[1.526s][info][gc,ergo     ] Pacer for Idle. Initial: 40642K, Alloc Tax Rate: 1.0x
[1.527s][info][gc          ] Trigger: Start next cycle immediately
[1.527s][info][gc,ergo     ] Free: 1871M, Max: 512K regular, 1870M humongous, Frag: 1% external, 0% internal; Reserve: 101888K, Max: 512K
[1.527s][info][gc,start    ] GC(89) Concurrent reset
[1.527s][info][gc,task     ] GC(89) Using 2 of 8 workers for concurrent reset
[1.527s][info][gc,ergo     ] GC(89) Pacer for Reset. Non-Taxable: 1984M
[1.527s][info][gc          ] GC(89) Concurrent reset 0.225ms
[1.530s][info][gc,start    ] GC(89) Pause Init Mark (unload classes)
[1.530s][info][gc,task     ] GC(89) Using 8 of 8 workers for init marking
[1.530s][info][gc,ergo     ] GC(89) Pacer for Mark. Expected Live: 11422K, Free: 1871M, Non-Taxable: 187M, Alloc Tax Rate: 0.0x
[1.530s][info][gc          ] GC(89) Pause Init Mark (unload classes) 0.087ms
[1.530s][info][gc,start    ] GC(89) Concurrent marking roots
[1.530s][info][gc,task     ] GC(89) Using 2 of 8 workers for concurrent marking roots
[1.530s][info][gc          ] GC(89) Concurrent marking roots 0.125ms
[1.530s][info][gc,start    ] GC(89) Concurrent marking (unload classes)
[1.530s][info][gc,task     ] GC(89) Using 2 of 8 workers for concurrent marking
[1.534s][info][gc          ] GC(89) Concurrent marking (unload classes) 3.648ms
[1.534s][info][gc,start    ] GC(89) Pause Final Mark (unload classes)
[1.534s][info][gc,task     ] GC(89) Using 8 of 8 workers for final marking
[1.534s][info][gc,ergo     ] GC(89) Collectable Garbage: 2363K (100%), Immediate: 0B (0%), CSet: 2363K (100%)
[1.534s][info][gc,ergo     ] GC(89) Pacer for Evacuation. Used CSet: 12214K, Free: 1870M, Non-Taxable: 187M, Alloc Tax Rate: 1.1x
[1.534s][info][gc          ] GC(89) Pause Final Mark (unload classes) 0.219ms
[1.534s][info][gc,start    ] GC(89) Concurrent thread roots
[1.534s][info][gc,task     ] GC(89) Using 2 of 8 workers for Concurrent thread roots
[1.534s][info][gc          ] GC(89) Concurrent thread roots 0.096ms
[1.534s][info][gc,start    ] GC(89) Concurrent weak references
[1.534s][info][gc,task     ] GC(89) Using 2 of 8 workers for concurrent weak references
[1.534s][info][gc,ref      ] GC(89) Encountered references: Soft: 3603, Weak: 1141, Final: 4, Phantom: 582
[1.535s][info][gc,ref      ] GC(89) Discovered  references: Soft: 0, Weak: 423, Final: 4, Phantom: 579
[1.535s][info][gc,ref      ] GC(89) Enqueued    references: Soft: 0, Weak: 1, Final: 0, Phantom: 0
[1.535s][info][gc          ] GC(89) Concurrent weak references 0.117ms
[1.535s][info][gc,start    ] GC(89) Concurrent weak roots
[1.535s][info][gc,task     ] GC(89) Using 2 of 8 workers for concurrent weak root
[1.535s][info][gc          ] GC(89) Concurrent weak roots 0.603ms
[1.535s][info][gc,start    ] GC(89) Concurrent cleanup
[1.535s][info][gc          ] GC(89) Concurrent cleanup 14M->15M(147M) 0.074ms
[1.535s][info][gc,ergo     ] GC(89) Free: 1870M, Max: 512K regular, 1870M humongous, Frag: 0% external, 0% internal; Reserve: 100352K, Max: 512K
[1.535s][info][gc,start    ] GC(89) Concurrent class unloading
[1.535s][info][gc,task     ] GC(89) Using 2 of 8 workers for concurrent class unloading
[1.536s][info][gc          ] GC(89) Concurrent class unloading 0.979ms
[1.536s][info][gc,start    ] GC(89) Concurrent strong roots
[1.536s][info][gc,task     ] GC(89) Using 2 of 8 workers for concurrent strong root
[1.536s][info][gc          ] GC(89) Concurrent strong roots 0.188ms
[1.536s][info][gc,start    ] GC(89) Concurrent evacuation
[1.536s][info][gc,task     ] GC(89) Using 2 of 8 workers for concurrent evacuation
[1.538s][info][gc          ] GC(89) Concurrent evacuation 1.973ms
[1.539s][info][gc,start    ] GC(89) Pause Init Update Refs
[1.539s][info][gc,ergo     ] GC(89) Pacer for Update Refs. Used: 26613K, Free: 1870M, Non-Taxable: 187M, Alloc Tax Rate: 1.1x
[1.539s][info][gc          ] GC(89) Pause Init Update Refs 0.049ms
[1.539s][info][gc,start    ] GC(89) Concurrent update references
[1.539s][info][gc,task     ] GC(89) Using 2 of 8 workers for concurrent reference update
[1.541s][info][gc          ] GC(89) Concurrent update references 1.984ms
[1.541s][info][gc,start    ] GC(89) Concurrent update thread roots
[1.541s][info][gc          ] GC(89) Concurrent update thread roots 0.063ms
[1.541s][info][gc,start    ] GC(89) Pause Final Update Refs
[1.541s][info][gc,task     ] GC(89) Using 8 of 8 workers for final reference update
[1.541s][info][gc          ] GC(89) Pause Final Update Refs 0.053ms
[1.541s][info][gc,start    ] GC(89) Concurrent cleanup
[1.541s][info][gc          ] GC(89) Concurrent cleanup 25M->14M(147M) 0.053ms
[1.541s][info][gc,ergo     ] Free: 1870M, Max: 512K regular, 1869M humongous, Frag: 1% external, 0% internal; Reserve: 101888K, Max: 512K
[1.541s][info][gc,stats    ] 
[1.541s][info][gc,stats    ] All times are wall-clock times, except per-root-class counters, that are sum over
[1.541s][info][gc,stats    ] all workers. Dividing the <total> over the root stage time estimates parallelism.
[1.541s][info][gc,stats    ] 
[1.541s][info][gc,stats    ] Concurrent Reset                    237 us
[1.541s][info][gc,stats    ] Pause Init Mark (G)                3283 us
[1.541s][info][gc,stats    ] Pause Init Mark (N)                  96 us
[1.541s][info][gc,stats    ]   Update Region States               35 us
[1.541s][info][gc,stats    ] Concurrent Mark Roots               136 us, parallelism: 0.96x
[1.541s][info][gc,stats    ]   CMR: <total>                      130 us
[1.541s][info][gc,stats    ]   CMR: Thread Roots                  69 us, workers (us):  12,  56, ---, ---, ---, ---, ---, ---, 
[1.541s][info][gc,stats    ]   CMR: VM Strong Roots                5 us, workers (us):   4,   0, ---, ---, ---, ---, ---, ---, 
[1.541s][info][gc,stats    ]   CMR: CLDG Roots                    57 us, workers (us):  57, ---, ---, ---, ---, ---, ---, ---, 
[1.541s][info][gc,stats    ] Concurrent Marking                 3670 us
[1.541s][info][gc,stats    ] Pause Final Mark (G)                248 us
[1.541s][info][gc,stats    ] Pause Final Mark (N)                228 us
[1.541s][info][gc,stats    ]   Finish Mark                       129 us
[1.541s][info][gc,stats    ]   Update Region States               13 us
[1.541s][info][gc,stats    ]   Choose Collection Set              32 us
[1.541s][info][gc,stats    ]   Rebuild Free Set                   15 us
[1.541s][info][gc,stats    ] Concurrent Thread Roots             107 us, parallelism: 0.75x
[1.541s][info][gc,stats    ]   CTR: <total>                       80 us
[1.541s][info][gc,stats    ]   CTR: Thread Roots                  80 us, workers (us):  55,  25, ---, ---, ---, ---, ---, ---, 
[1.541s][info][gc,stats    ] Concurrent Weak References          125 us, parallelism: 0.56x
[1.541s][info][gc,stats    ]   CWRF: <total>                      69 us
[1.541s][info][gc,stats    ]   CWRF: Weak References              69 us, workers (us):  67,   3, ---, ---, ---, ---, ---, ---, 
[1.541s][info][gc,stats    ] Concurrent Weak Roots               624 us
[1.541s][info][gc,stats    ]   Roots                             567 us, parallelism: 1.18x
[1.541s][info][gc,stats    ]     CWR: <total>                    671 us
[1.541s][info][gc,stats    ]     CWR: Code Cache Roots           350 us, workers (us): 201, 149, ---, ---, ---, ---, ---, ---, 
[1.541s][info][gc,stats    ]     CWR: VM Weak Roots              316 us, workers (us): 315,   1, ---, ---, ---, ---, ---, ---, 
[1.541s][info][gc,stats    ]     CWR: CLDG Roots                   5 us, workers (us):   5, ---, ---, ---, ---, ---, ---, ---, 
[1.541s][info][gc,stats    ]   Rendezvous                         20 us
[1.541s][info][gc,stats    ] Concurrent Cleanup                   83 us
[1.541s][info][gc,stats    ] Concurrent Class Unloading          993 us
[1.541s][info][gc,stats    ]   Unlink Stale                      781 us
[1.541s][info][gc,stats    ]     System Dictionary                27 us
[1.541s][info][gc,stats    ]     Weak Class Links                  0 us
[1.541s][info][gc,stats    ]     Code Roots                      753 us
[1.541s][info][gc,stats    ]   Rendezvous                         21 us
[1.541s][info][gc,stats    ]   Purge Unlinked                    159 us
[1.541s][info][gc,stats    ]     Code Roots                      156 us
[1.541s][info][gc,stats    ]     CLDG                              3 us
[1.541s][info][gc,stats    ]     Exception Caches                  0 us
[1.541s][info][gc,stats    ] Concurrent Strong Roots             204 us, parallelism: 0.67x
[1.541s][info][gc,stats    ]   CSR: <total>                      137 us
[1.541s][info][gc,stats    ]   CSR: VM Strong Roots                9 us, workers (us):   8,   2, ---, ---, ---, ---, ---, ---, 
[1.541s][info][gc,stats    ]   CSR: CLDG Roots                   127 us, workers (us): 127, ---, ---, ---, ---, ---, ---, ---, 
[1.541s][info][gc,stats    ] Concurrent Evacuation              1995 us
[1.541s][info][gc,stats    ] Pause Init Update Refs (G)          145 us
[1.541s][info][gc,stats    ] Pause Init Update Refs (N)           57 us
[1.541s][info][gc,stats    ]   Manage GCLABs                      24 us
[1.541s][info][gc,stats    ] Concurrent Update Refs             2006 us
[1.541s][info][gc,stats    ] Concurrent Update Thread Roots       73 us
[1.541s][info][gc,stats    ] Pause Final Update Refs (G)         143 us
[1.541s][info][gc,stats    ] Pause Final Update Refs (N)          61 us
[1.541s][info][gc,stats    ]   Update Region States               13 us
[1.541s][info][gc,stats    ]   Trash Collection Set                2 us
[1.541s][info][gc,stats    ]   Rebuild Free Set                   16 us
[1.541s][info][gc,stats    ] Concurrent Cleanup                   61 us
[1.541s][info][gc,stats    ] 
[1.541s][info][gc,stats    ] Allocation pacing accrued:
[1.541s][info][gc,stats    ]       0 of    16 ms (  0.0%): <total>
[1.541s][info][gc,stats    ]       0 of    16 ms (  0.0%): <average total>
[1.541s][info][gc,stats    ] 
[1.541s][info][gc,metaspace] Metaspace: 7636K(7872K)->7651K(7872K) NonClass: 6856K(6976K)->6868K(6976K) Class: 780K(896K)->782K(896K)
[1.541s][info][gc,ergo     ] Pacer for Idle. Initial: 40642K, Alloc Tax Rate: 1.0x
[1.543s][info][gc          ] Trigger: Start next cycle immediately
[1.543s][info][gc,ergo     ] Free: 1870M, Max: 512K regular, 1869M humongous, Frag: 1% external, 0% internal; Reserve: 101888K, Max: 512K
[1.543s][info][gc,start    ] GC(90) Concurrent reset
[1.543s][info][gc,task     ] GC(90) Using 2 of 8 workers for concurrent reset
[1.543s][info][gc,ergo     ] GC(90) Pacer for Reset. Non-Taxable: 1984M
[1.543s][info][gc          ] GC(90) Concurrent reset 0.208ms
[1.543s][info][gc,start    ] GC(90) Pause Init Mark (unload classes)
[1.543s][info][gc,task     ] GC(90) Using 8 of 8 workers for init marking
[1.543s][info][gc,ergo     ] GC(90) Pacer for Mark. Expected Live: 11438K, Free: 1870M, Non-Taxable: 187M, Alloc Tax Rate: 0.0x
[1.543s][info][gc          ] GC(90) Pause Init Mark (unload classes) 0.050ms
[1.543s][info][gc,start    ] GC(90) Concurrent marking roots
[1.543s][info][gc,task     ] GC(90) Using 2 of 8 workers for concurrent marking roots
[1.543s][info][gc          ] GC(90) Concurrent marking roots 0.131ms
[1.543s][info][gc,start    ] GC(90) Concurrent marking (unload classes)
[1.543s][info][gc,task     ] GC(90) Using 2 of 8 workers for concurrent marking
[1.545s][info][gc          ] GC(90) Concurrent marking (unload classes) 2.342ms
[1.546s][info][gc,start    ] GC(90) Pause Final Mark (unload classes)
[1.546s][info][gc,task     ] GC(90) Using 8 of 8 workers for final marking
[1.550s][info][gc,ergo     ] GC(90) Collectable Garbage: 3451K (100%), Immediate: 0B (0%), CSet: 3451K (100%)
[1.550s][info][gc,ergo     ] GC(90) Pacer for Evacuation. Used CSet: 13308K, Free: 1869M, Non-Taxable: 186M, Alloc Tax Rate: 1.1x
[1.550s][info][gc          ] GC(90) Pause Final Mark (unload classes) 4.334ms
[1.550s][info][gc,start    ] GC(90) Concurrent thread roots
[1.550s][info][gc,task     ] GC(90) Using 2 of 8 workers for Concurrent thread roots
[1.550s][info][gc          ] GC(90) Concurrent thread roots 0.244ms
[1.550s][info][gc,start    ] GC(90) Concurrent weak references
[1.550s][info][gc,task     ] GC(90) Using 2 of 8 workers for concurrent weak references
[1.550s][info][gc,ref      ] GC(90) Encountered references: Soft: 3594, Weak: 1134, Final: 4, Phantom: 582
[1.550s][info][gc,ref      ] GC(90) Discovered  references: Soft: 0, Weak: 407, Final: 1, Phantom: 580
[1.550s][info][gc,ref      ] GC(90) Enqueued    references: Soft: 0, Weak: 0, Final: 0, Phantom: 0
[1.550s][info][gc          ] GC(90) Concurrent weak references 0.117ms
[1.550s][info][gc,start    ] GC(90) Concurrent weak roots
[1.550s][info][gc,task     ] GC(90) Using 2 of 8 workers for concurrent weak root
[1.551s][info][gc          ] GC(90) Concurrent weak roots 0.407ms
[1.551s][info][gc,start    ] GC(90) Concurrent cleanup
[1.551s][info][gc          ] GC(90) Concurrent cleanup 16M->16M(147M) 0.056ms
[1.551s][info][gc,ergo     ] GC(90) Free: 1869M, Max: 512K regular, 1869M humongous, Frag: 0% external, 0% internal; Reserve: 100352K, Max: 512K
[1.551s][info][gc,start    ] GC(90) Concurrent class unloading
[1.551s][info][gc,task     ] GC(90) Using 2 of 8 workers for concurrent class unloading
[1.560s][info][gc          ] GC(90) Concurrent class unloading 8.816ms
[1.560s][info][gc,start    ] GC(90) Concurrent strong roots
[1.560s][info][gc,task     ] GC(90) Using 2 of 8 workers for concurrent strong root
[1.560s][info][gc          ] GC(90) Concurrent strong roots 0.218ms
[1.560s][info][gc,start    ] GC(90) Concurrent evacuation
[1.560s][info][gc,task     ] GC(90) Using 2 of 8 workers for concurrent evacuation
[1.562s][info][gc          ] GC(90) Concurrent evacuation 1.903ms
[1.562s][info][gc,start    ] GC(90) Pause Init Update Refs
[1.562s][info][gc,ergo     ] GC(90) Pacer for Update Refs. Used: 27194K, Free: 1869M, Non-Taxable: 186M, Alloc Tax Rate: 1.1x
[1.562s][info][gc          ] GC(90) Pause Init Update Refs 0.027ms
[1.562s][info][gc,start    ] GC(90) Concurrent update references
[1.562s][info][gc,task     ] GC(90) Using 2 of 8 workers for concurrent reference update
[1.564s][info][gc          ] GC(90) Concurrent update references 2.208ms
[1.564s][info][gc,start    ] GC(90) Concurrent update thread roots
[1.564s][info][gc          ] GC(90) Concurrent update thread roots 0.047ms
[1.564s][info][gc,start    ] GC(90) Pause Final Update Refs
[1.564s][info][gc,task     ] GC(90) Using 8 of 8 workers for final reference update
[1.564s][info][gc          ] GC(90) Pause Final Update Refs 0.057ms
[1.564s][info][gc,start    ] GC(90) Concurrent cleanup
[1.564s][info][gc          ] GC(90) Concurrent cleanup 26M->13M(147M) 0.054ms
[1.564s][info][gc,ergo     ] Free: 1871M, Max: 512K regular, 1869M humongous, Frag: 1% external, 0% internal; Reserve: 101888K, Max: 512K
[1.565s][info][gc,stats    ] 
[1.565s][info][gc,stats    ] All times are wall-clock times, except per-root-class counters, that are sum over
[1.565s][info][gc,stats    ] all workers. Dividing the <total> over the root stage time estimates parallelism.
[1.565s][info][gc,stats    ] 
[1.565s][info][gc,stats    ] Concurrent Reset                    224 us
[1.565s][info][gc,stats    ] Pause Init Mark (G)                 159 us
[1.565s][info][gc,stats    ] Pause Init Mark (N)                  64 us
[1.565s][info][gc,stats    ]   Update Region States               15 us
[1.565s][info][gc,stats    ] Concurrent Mark Roots               141 us, parallelism: 1.11x
[1.565s][info][gc,stats    ]   CMR: <total>                      156 us
[1.565s][info][gc,stats    ]   CMR: Thread Roots                  98 us, workers (us):  29,  69, ---, ---, ---, ---, ---, ---, 
[1.565s][info][gc,stats    ]   CMR: VM Strong Roots                5 us, workers (us):   4,   0, ---, ---, ---, ---, ---, ---, 
[1.565s][info][gc,stats    ]   CMR: CLDG Roots                    53 us, workers (us):  53, ---, ---, ---, ---, ---, ---, ---, 
[1.565s][info][gc,stats    ] Concurrent Marking                 2363 us
[1.565s][info][gc,stats    ] Pause Final Mark (G)               4430 us
[1.565s][info][gc,stats    ] Pause Final Mark (N)               4342 us
[1.565s][info][gc,stats    ]   Finish Mark                      4229 us
[1.565s][info][gc,stats    ]   Update Region States               13 us
[1.565s][info][gc,stats    ]   Choose Collection Set              40 us
[1.565s][info][gc,stats    ]   Rebuild Free Set                   16 us
[1.565s][info][gc,stats    ] Concurrent Thread Roots             269 us, parallelism: 0.91x
[1.565s][info][gc,stats    ]   CTR: <total>                      243 us
[1.565s][info][gc,stats    ]   CTR: Thread Roots                 243 us, workers (us): 213,  30, ---, ---, ---, ---, ---, ---, 
[1.565s][info][gc,stats    ] Concurrent Weak References          124 us, parallelism: 0.56x
[1.565s][info][gc,stats    ]   CWRF: <total>                      70 us
[1.565s][info][gc,stats    ]   CWRF: Weak References              70 us, workers (us):  67,   3, ---, ---, ---, ---, ---, ---, 
[1.565s][info][gc,stats    ] Concurrent Weak Roots               424 us
[1.565s][info][gc,stats    ]   Roots                             373 us, parallelism: 1.77x
[1.565s][info][gc,stats    ]     CWR: <total>                    661 us
[1.565s][info][gc,stats    ]     CWR: Code Cache Roots           313 us, workers (us): 178, 134, ---, ---, ---, ---, ---, ---, 
[1.565s][info][gc,stats    ]     CWR: VM Weak Roots              344 us, workers (us): 176, 168, ---, ---, ---, ---, ---, ---, 
[1.565s][info][gc,stats    ]     CWR: CLDG Roots                   5 us, workers (us): ---,   5, ---, ---, ---, ---, ---, ---, 
[1.565s][info][gc,stats    ]   Rendezvous                         17 us
[1.565s][info][gc,stats    ] Concurrent Cleanup                   65 us
[1.565s][info][gc,stats    ] Concurrent Class Unloading         8831 us
[1.565s][info][gc,stats    ]   Unlink Stale                     3350 us
[1.565s][info][gc,stats    ]     System Dictionary                25 us
[1.565s][info][gc,stats    ]     Weak Class Links                  0 us
[1.565s][info][gc,stats    ]     Code Roots                     3324 us
[1.565s][info][gc,stats    ]   Rendezvous                       5388 us
[1.565s][info][gc,stats    ]   Purge Unlinked                     59 us
[1.565s][info][gc,stats    ]     Code Roots                       56 us
[1.565s][info][gc,stats    ]     CLDG                              3 us
[1.565s][info][gc,stats    ]     Exception Caches                  0 us
[1.565s][info][gc,stats    ] Concurrent Strong Roots             235 us, parallelism: 0.75x
[1.565s][info][gc,stats    ]   CSR: <total>                      177 us
[1.565s][info][gc,stats    ]   CSR: VM Strong Roots               10 us, workers (us):   9,   0, ---, ---, ---, ---, ---, ---, 
[1.565s][info][gc,stats    ]   CSR: CLDG Roots                   167 us, workers (us): 167, ---, ---, ---, ---, ---, ---, ---, 
[1.565s][info][gc,stats    ] Concurrent Evacuation              1925 us
[1.565s][info][gc,stats    ] Pause Init Update Refs (G)          121 us
[1.565s][info][gc,stats    ] Pause Init Update Refs (N)           35 us
[1.565s][info][gc,stats    ]   Manage GCLABs                       3 us
[1.565s][info][gc,stats    ] Concurrent Update Refs             2232 us
[1.565s][info][gc,stats    ] Concurrent Update Thread Roots       56 us
[1.565s][info][gc,stats    ] Pause Final Update Refs (G)         151 us
[1.565s][info][gc,stats    ] Pause Final Update Refs (N)          66 us
[1.565s][info][gc,stats    ]   Update Region States               17 us
[1.565s][info][gc,stats    ]   Trash Collection Set                3 us
[1.565s][info][gc,stats    ]   Rebuild Free Set                   17 us
[1.565s][info][gc,stats    ] Concurrent Cleanup                   62 us
[1.565s][info][gc,stats    ] 
[1.565s][info][gc,stats    ] Allocation pacing accrued:
[1.565s][info][gc,stats    ]       0 of    24 ms (  0.0%): <total>
[1.565s][info][gc,stats    ]       0 of    24 ms (  0.0%): <average total>
[1.565s][info][gc,stats    ] 
[1.565s][info][gc,metaspace] Metaspace: 7656K(7872K)->7793K(8000K) NonClass: 6871K(6976K)->6995K(7104K) Class: 785K(896K)->797K(896K)
[1.565s][info][gc,ergo     ] Pacer for Idle. Initial: 40642K, Alloc Tax Rate: 1.0x
[1.566s][info][gc          ] Trigger: Start next cycle immediately
[1.566s][info][gc,ergo     ] Free: 1871M, Max: 512K regular, 1869M humongous, Frag: 1% external, 0% internal; Reserve: 101888K, Max: 512K
[1.566s][info][gc,start    ] GC(91) Concurrent reset
[1.566s][info][gc,task     ] GC(91) Using 2 of 8 workers for concurrent reset
[1.566s][info][gc,ergo     ] GC(91) Pacer for Reset. Non-Taxable: 1984M
[1.567s][info][gc          ] GC(91) Concurrent reset 0.245ms
[1.567s][info][gc,start    ] GC(91) Pause Init Mark (unload classes)
[1.567s][info][gc,task     ] GC(91) Using 8 of 8 workers for init marking
[1.567s][info][gc,ergo     ] GC(91) Pacer for Mark. Expected Live: 11446K, Free: 1871M, Non-Taxable: 187M, Alloc Tax Rate: 0.0x
[1.567s][info][gc          ] GC(91) Pause Init Mark (unload classes) 0.045ms
[1.567s][info][gc,start    ] GC(91) Concurrent marking roots
[1.567s][info][gc,task     ] GC(91) Using 2 of 8 workers for concurrent marking roots
[1.567s][info][gc          ] GC(91) Concurrent marking roots 0.774ms
[1.568s][info][gc,start    ] GC(91) Concurrent marking (unload classes)
[1.568s][info][gc,task     ] GC(91) Using 2 of 8 workers for concurrent marking
[1.570s][info][gc          ] GC(91) Concurrent marking (unload classes) 2.339ms
[1.570s][info][gc,start    ] GC(91) Pause Final Mark (unload classes)
[1.570s][info][gc,task     ] GC(91) Using 8 of 8 workers for final marking
[1.577s][info][gc,ergo     ] GC(91) Collectable Garbage: 1920K (79%), Immediate: 0B (0%), CSet: 1920K (79%)
[1.577s][info][gc,ergo     ] GC(91) Pacer for Evacuation. Used CSet: 11776K, Free: 1871M, Non-Taxable: 187M, Alloc Tax Rate: 1.1x
[1.577s][info][gc          ] GC(91) Pause Final Mark (unload classes) 6.923ms
[1.577s][info][gc,start    ] GC(91) Concurrent thread roots
[1.577s][info][gc,task     ] GC(91) Using 2 of 8 workers for Concurrent thread roots
[1.577s][info][gc          ] GC(91) Concurrent thread roots 0.344ms
[1.577s][info][gc,start    ] GC(91) Concurrent weak references
[1.577s][info][gc,task     ] GC(91) Using 2 of 8 workers for concurrent weak references
[1.577s][info][gc,ref      ] GC(91) Encountered references: Soft: 3594, Weak: 1135, Final: 4, Phantom: 583
[1.577s][info][gc,ref      ] GC(91) Discovered  references: Soft: 0, Weak: 400, Final: 0, Phantom: 198
[1.577s][info][gc,ref      ] GC(91) Enqueued    references: Soft: 0, Weak: 0, Final: 0, Phantom: 0
[1.577s][info][gc          ] GC(91) Concurrent weak references 0.092ms
[1.577s][info][gc,start    ] GC(91) Concurrent weak roots
[1.577s][info][gc,task     ] GC(91) Using 2 of 8 workers for concurrent weak root
[1.578s][info][gc          ] GC(91) Concurrent weak roots 0.469ms
[1.578s][info][gc,start    ] GC(91) Concurrent cleanup
[1.578s][info][gc          ] GC(91) Concurrent cleanup 14M->14M(147M) 0.065ms
[1.578s][info][gc,ergo     ] GC(91) Free: 1870M, Max: 512K regular, 1869M humongous, Frag: 1% external, 0% internal; Reserve: 101118K, Max: 512K
[1.578s][info][gc,start    ] GC(91) Concurrent class unloading
[1.578s][info][gc,task     ] GC(91) Using 2 of 8 workers for concurrent class unloading
[1.585s][info][gc          ] GC(91) Concurrent class unloading 6.496ms
[1.585s][info][gc,start    ] GC(91) Concurrent strong roots
[1.585s][info][gc,task     ] GC(91) Using 2 of 8 workers for concurrent strong root
[1.585s][info][gc          ] GC(91) Concurrent strong roots 0.204ms
[1.585s][info][gc,start    ] GC(91) Concurrent evacuation
[1.585s][info][gc,task     ] GC(91) Using 2 of 8 workers for concurrent evacuation
[1.588s][info][gc          ] GC(91) Concurrent evacuation 3.652ms
[1.592s][info][gc,start    ] GC(91) Pause Init Update Refs
[1.592s][info][gc,ergo     ] GC(91) Pacer for Update Refs. Used: 25661K, Free: 1870M, Non-Taxable: 187M, Alloc Tax Rate: 1.1x
[1.592s][info][gc          ] GC(91) Pause Init Update Refs 0.041ms
[1.592s][info][gc,start    ] GC(91) Concurrent update references
[1.592s][info][gc,task     ] GC(91) Using 2 of 8 workers for concurrent reference update
[1.594s][info][gc          ] GC(91) Concurrent update references 2.154ms
[1.594s][info][gc,start    ] GC(91) Concurrent update thread roots
[1.594s][info][gc          ] GC(91) Concurrent update thread roots 0.307ms
[1.594s][info][gc,start    ] GC(91) Pause Final Update Refs
[1.594s][info][gc,task     ] GC(91) Using 8 of 8 workers for final reference update
[1.594s][info][gc          ] GC(91) Pause Final Update Refs 0.064ms
[1.594s][info][gc,start    ] GC(91) Concurrent cleanup
[1.595s][info][gc          ] GC(91) Concurrent cleanup 25M->13M(147M) 0.055ms
[1.595s][info][gc,ergo     ] Free: 1871M, Max: 512K regular, 1869M humongous, Frag: 1% external, 0% internal; Reserve: 101888K, Max: 512K
[1.595s][info][gc,stats    ] 
[1.595s][info][gc,stats    ] All times are wall-clock times, except per-root-class counters, that are sum over
[1.595s][info][gc,stats    ] all workers. Dividing the <total> over the root stage time estimates parallelism.
[1.595s][info][gc,stats    ] 
[1.595s][info][gc,stats    ] Concurrent Reset                    258 us
[1.595s][info][gc,stats    ] Pause Init Mark (G)                 142 us
[1.595s][info][gc,stats    ] Pause Init Mark (N)                  53 us
[1.595s][info][gc,stats    ]   Update Region States               13 us
[1.595s][info][gc,stats    ] Concurrent Mark Roots               848 us, parallelism: 0.21x
[1.595s][info][gc,stats    ]   CMR: <total>                      175 us
[1.595s][info][gc,stats    ]   CMR: Thread Roots                  81 us, workers (us):  81,   0, ---, ---, ---, ---, ---, ---, 
[1.595s][info][gc,stats    ]   CMR: VM Strong Roots                4 us, workers (us):   4,   0, ---, ---, ---, ---, ---, ---, 
[1.595s][info][gc,stats    ]   CMR: CLDG Roots                    90 us, workers (us):  90, ---, ---, ---, ---, ---, ---, ---, 
[1.595s][info][gc,stats    ] Concurrent Marking                 2362 us
[1.595s][info][gc,stats    ] Pause Final Mark (G)               6999 us
[1.595s][info][gc,stats    ] Pause Final Mark (N)               6930 us
[1.595s][info][gc,stats    ]   Finish Mark                      6804 us
[1.595s][info][gc,stats    ]   Update Region States               21 us
[1.595s][info][gc,stats    ]   Choose Collection Set              48 us
[1.595s][info][gc,stats    ]   Rebuild Free Set                   16 us
[1.595s][info][gc,stats    ] Concurrent Thread Roots             385 us, parallelism: 0.23x
[1.595s][info][gc,stats    ]   CTR: <total>                       87 us
[1.595s][info][gc,stats    ]   CTR: Thread Roots                  87 us, workers (us):  48,  39, ---, ---, ---, ---, ---, ---, 
[1.595s][info][gc,stats    ] Concurrent Weak References           99 us, parallelism: 0.46x
[1.595s][info][gc,stats    ]   CWRF: <total>                      45 us
[1.595s][info][gc,stats    ]   CWRF: Weak References              45 us, workers (us):  42,   3, ---, ---, ---, ---, ---, ---, 
[1.595s][info][gc,stats    ] Concurrent Weak Roots               486 us
[1.595s][info][gc,stats    ]   Roots                             416 us, parallelism: 1.80x
[1.595s][info][gc,stats    ]     CWR: <total>                    750 us
[1.595s][info][gc,stats    ]     CWR: Code Cache Roots           383 us, workers (us): 207, 176, ---, ---, ---, ---, ---, ---, 
[1.595s][info][gc,stats    ]     CWR: VM Weak Roots              365 us, workers (us): 185, 180, ---, ---, ---, ---, ---, ---, 
[1.595s][info][gc,stats    ]     CWR: CLDG Roots                   2 us, workers (us):   2, ---, ---, ---, ---, ---, ---, ---, 
[1.595s][info][gc,stats    ]   Rendezvous                         37 us
[1.595s][info][gc,stats    ] Concurrent Cleanup                   73 us
[1.595s][info][gc,stats    ] Concurrent Class Unloading         6521 us
[1.595s][info][gc,stats    ]   Unlink Stale                     1123 us
[1.595s][info][gc,stats    ]     System Dictionary                22 us
[1.595s][info][gc,stats    ]     Weak Class Links                  0 us
[1.595s][info][gc,stats    ]     Code Roots                     1099 us
[1.595s][info][gc,stats    ]   Rendezvous                       5347 us
[1.595s][info][gc,stats    ]   Purge Unlinked                      9 us
[1.595s][info][gc,stats    ]     Code Roots                        1 us
[1.595s][info][gc,stats    ]     CLDG                              7 us
[1.595s][info][gc,stats    ]     Exception Caches                  0 us
[1.595s][info][gc,stats    ] Concurrent Strong Roots             215 us, parallelism: 0.72x
[1.595s][info][gc,stats    ]   CSR: <total>                      155 us
[1.595s][info][gc,stats    ]   CSR: VM Strong Roots               11 us, workers (us):  11,   0, ---, ---, ---, ---, ---, ---, 
[1.595s][info][gc,stats    ]   CSR: CLDG Roots                   144 us, workers (us): 144, ---, ---, ---, ---, ---, ---, ---, 
[1.595s][info][gc,stats    ] Concurrent Evacuation              3672 us
[1.595s][info][gc,stats    ] Pause Init Update Refs (G)         3298 us
[1.595s][info][gc,stats    ] Pause Init Update Refs (N)           50 us
[1.595s][info][gc,stats    ]   Manage GCLABs                       6 us
[1.595s][info][gc,stats    ] Concurrent Update Refs             2179 us
[1.595s][info][gc,stats    ] Concurrent Update Thread Roots      323 us
[1.595s][info][gc,stats    ] Pause Final Update Refs (G)         225 us
[1.595s][info][gc,stats    ] Pause Final Update Refs (N)          73 us
[1.595s][info][gc,stats    ]   Update Region States               18 us
[1.595s][info][gc,stats    ]   Trash Collection Set                2 us
[1.595s][info][gc,stats    ]   Rebuild Free Set                   16 us
[1.595s][info][gc,stats    ] Concurrent Cleanup                   62 us
[1.595s][info][gc,stats    ] 
[1.595s][info][gc,stats    ] Allocation pacing accrued:
[1.595s][info][gc,stats    ]       0 of    30 ms (  0.0%): <total>
[1.595s][info][gc,stats    ]       0 of    30 ms (  0.0%): <average total>
[1.595s][info][gc,stats    ] 
[1.595s][info][gc,metaspace] Metaspace: 7810K(8064K)->7894K(8128K) NonClass: 7010K(7168K)->7082K(7232K) Class: 800K(896K)->812K(896K)
[1.595s][info][gc,ergo     ] Pacer for Idle. Initial: 40642K, Alloc Tax Rate: 1.0x
[1.596s][info][gc          ] Trigger: Start next cycle immediately
[1.596s][info][gc,ergo     ] Free: 1871M, Max: 512K regular, 1869M humongous, Frag: 1% external, 0% internal; Reserve: 101888K, Max: 512K
[1.596s][info][gc,start    ] GC(92) Concurrent reset
[1.596s][info][gc,task     ] GC(92) Using 2 of 8 workers for concurrent reset
[1.596s][info][gc,ergo     ] GC(92) Pacer for Reset. Non-Taxable: 1984M
[1.596s][info][gc          ] GC(92) Concurrent reset 0.192ms
[1.597s][info][gc,start    ] GC(92) Pause Init Mark
[1.597s][info][gc,task     ] GC(92) Using 8 of 8 workers for init marking
[1.597s][info][gc,ergo     ] GC(92) Pacer for Mark. Expected Live: 11456K, Free: 1871M, Non-Taxable: 187M, Alloc Tax Rate: 0.0x
[1.597s][info][gc          ] GC(92) Pause Init Mark 0.064ms
[1.597s][info][gc,start    ] GC(92) Concurrent marking roots
[1.597s][info][gc,task     ] GC(92) Using 2 of 8 workers for concurrent marking roots
[1.598s][info][gc          ] GC(92) Concurrent marking roots 0.751ms
[1.598s][info][gc,start    ] GC(92) Concurrent marking
[1.598s][info][gc,task     ] GC(92) Using 2 of 8 workers for concurrent marking
[1.600s][info][gc          ] GC(92) Concurrent marking 2.590ms
[1.600s][info][gc,start    ] GC(92) Pause Final Mark
[1.600s][info][gc,task     ] GC(92) Using 8 of 8 workers for final marking
[1.602s][info][gc,ergo     ] GC(92) Collectable Garbage: 2406K (100%), Immediate: 0B (0%), CSet: 2406K (100%)
[1.602s][info][gc,ergo     ] GC(92) Pacer for Evacuation. Used CSet: 12282K, Free: 1870M, Non-Taxable: 187M, Alloc Tax Rate: 1.1x
[1.602s][info][gc          ] GC(92) Pause Final Mark 1.864ms
[1.602s][info][gc,start    ] GC(92) Concurrent thread roots
[1.602s][info][gc,task     ] GC(92) Using 2 of 8 workers for Concurrent thread roots
[1.602s][info][gc          ] GC(92) Concurrent thread roots 0.069ms
[1.602s][info][gc,start    ] GC(92) Concurrent weak references
[1.602s][info][gc,task     ] GC(92) Using 2 of 8 workers for concurrent weak references
[1.603s][info][gc,ref      ] GC(92) Encountered references: Soft: 3594, Weak: 1146, Final: 4, Phantom: 585
[1.603s][info][gc,ref      ] GC(92) Discovered  references: Soft: 0, Weak: 363, Final: 0, Phantom: 199
[1.603s][info][gc,ref      ] GC(92) Enqueued    references: Soft: 0, Weak: 3, Final: 0, Phantom: 3
[1.603s][info][gc          ] GC(92) Concurrent weak references 0.099ms
[1.603s][info][gc,start    ] GC(92) Concurrent weak roots
[1.603s][info][gc,task     ] GC(92) Using 2 of 8 workers for concurrent weak root
[1.603s][info][gc          ] GC(92) Concurrent weak roots 0.257ms
[1.603s][info][gc,start    ] GC(92) Concurrent cleanup
[1.603s][info][gc          ] GC(92) Concurrent cleanup 14M->14M(147M) 0.062ms
[1.603s][info][gc,ergo     ] GC(92) Free: 1870M, Max: 512K regular, 1869M humongous, Frag: 1% external, 0% internal; Reserve: 101519K, Max: 512K
[1.603s][info][gc,start    ] GC(92) Concurrent strong roots
[1.603s][info][gc,task     ] GC(92) Using 2 of 8 workers for concurrent strong root
[1.603s][info][gc          ] GC(92) Concurrent strong roots 0.413ms
[1.603s][info][gc,start    ] GC(92) Concurrent evacuation
[1.603s][info][gc,task     ] GC(92) Using 2 of 8 workers for concurrent evacuation
[1.605s][info][gc          ] GC(92) Concurrent evacuation 1.938ms
[1.605s][info][gc,start    ] GC(92) Pause Init Update Refs
[1.605s][info][gc,ergo     ] GC(92) Pacer for Update Refs. Used: 26703K, Free: 1870M, Non-Taxable: 187M, Alloc Tax Rate: 1.1x
[1.605s][info][gc          ] GC(92) Pause Init Update Refs 0.028ms
[1.605s][info][gc,start    ] GC(92) Concurrent update references
[1.605s][info][gc,task     ] GC(92) Using 2 of 8 workers for concurrent reference update
[1.609s][info][gc          ] GC(92) Concurrent update references 3.640ms
[1.609s][info][gc,start    ] GC(92) Concurrent update thread roots
[1.609s][info][gc          ] GC(92) Concurrent update thread roots 0.241ms
[1.609s][info][gc,start    ] GC(92) Pause Final Update Refs
[1.609s][info][gc,task     ] GC(92) Using 8 of 8 workers for final reference update
[1.610s][info][gc          ] GC(92) Pause Final Update Refs 0.054ms
[1.610s][info][gc,start    ] GC(92) Concurrent cleanup
[1.610s][info][gc          ] GC(92) Concurrent cleanup 26M->14M(147M) 0.062ms
[1.610s][info][gc,ergo     ] Free: 1869M, Max: 512K regular, 1869M humongous, Frag: 1% external, 0% internal; Reserve: 101888K, Max: 512K
[1.610s][info][gc,stats    ] 
[1.610s][info][gc,stats    ] All times are wall-clock times, except per-root-class counters, that are sum over
[1.610s][info][gc,stats    ] all workers. Dividing the <total> over the root stage time estimates parallelism.
[1.610s][info][gc,stats    ] 
[1.610s][info][gc,stats    ] Concurrent Reset                    208 us
[1.610s][info][gc,stats    ] Pause Init Mark (G)                 544 us
[1.610s][info][gc,stats    ] Pause Init Mark (N)                  72 us
[1.610s][info][gc,stats    ]   Update Region States               17 us
[1.610s][info][gc,stats    ] Concurrent Mark Roots               776 us, parallelism: 0.88x
[1.610s][info][gc,stats    ]   CMR: <total>                      679 us
[1.610s][info][gc,stats    ]   CMR: Thread Roots                  98 us, workers (us):  97,   0, ---, ---, ---, ---, ---, ---, 
[1.610s][info][gc,stats    ]   CMR: Code Cache Roots             492 us, workers (us): 492,   0, ---, ---, ---, ---, ---, ---, 
[1.610s][info][gc,stats    ]   CMR: VM Strong Roots                5 us, workers (us):   5,   0, ---, ---, ---, ---, ---, ---, 
[1.610s][info][gc,stats    ]   CMR: CLDG Roots                    85 us, workers (us):  85, ---, ---, ---, ---, ---, ---, ---, 
[1.610s][info][gc,stats    ] Concurrent Marking                 2610 us
[1.610s][info][gc,stats    ] Pause Final Mark (G)               1976 us
[1.610s][info][gc,stats    ] Pause Final Mark (N)               1872 us
[1.610s][info][gc,stats    ]   Finish Mark                      1757 us
[1.610s][info][gc,stats    ]   Update Region States               14 us
[1.610s][info][gc,stats    ]   Choose Collection Set              38 us
[1.610s][info][gc,stats    ]   Rebuild Free Set                   17 us
[1.610s][info][gc,stats    ] Concurrent Thread Roots              79 us, parallelism: 0.88x
[1.610s][info][gc,stats    ]   CTR: <total>                       70 us
[1.610s][info][gc,stats    ]   CTR: Thread Roots                  70 us, workers (us):  34,  36, ---, ---, ---, ---, ---, ---, 
[1.610s][info][gc,stats    ] Concurrent Weak References          107 us, parallelism: 0.42x
[1.610s][info][gc,stats    ]   CWRF: <total>                      45 us
[1.610s][info][gc,stats    ]   CWRF: Weak References              45 us, workers (us):  38,   7, ---, ---, ---, ---, ---, ---, 
[1.610s][info][gc,stats    ] Concurrent Weak Roots               275 us
[1.610s][info][gc,stats    ]   Roots                             219 us, parallelism: 1.54x
[1.610s][info][gc,stats    ]     CWR: <total>                    337 us
[1.610s][info][gc,stats    ]     CWR: VM Weak Roots              337 us, workers (us): 190, 147, ---, ---, ---, ---, ---, ---, 
[1.610s][info][gc,stats    ]   Rendezvous                         22 us
[1.610s][info][gc,stats    ] Concurrent Cleanup                   70 us
[1.610s][info][gc,stats    ] Concurrent Strong Roots             430 us, parallelism: 1.67x
[1.610s][info][gc,stats    ]   CSR: <total>                      717 us
[1.610s][info][gc,stats    ]   CSR: Code Cache Roots             557 us, workers (us): 210, 348, ---, ---, ---, ---, ---, ---, 
[1.610s][info][gc,stats    ]   CSR: VM Strong Roots                8 us, workers (us):   8,   0, ---, ---, ---, ---, ---, ---, 
[1.610s][info][gc,stats    ]   CSR: CLDG Roots                   151 us, workers (us): 151, ---, ---, ---, ---, ---, ---, ---, 
[1.610s][info][gc,stats    ] Concurrent Evacuation              1962 us
[1.610s][info][gc,stats    ] Pause Init Update Refs (G)          162 us
[1.610s][info][gc,stats    ] Pause Init Update Refs (N)           38 us
[1.610s][info][gc,stats    ]   Manage GCLABs                       5 us
[1.610s][info][gc,stats    ] Concurrent Update Refs             3677 us
[1.610s][info][gc,stats    ] Concurrent Update Thread Roots      254 us
[1.610s][info][gc,stats    ] Pause Final Update Refs (G)         175 us
[1.610s][info][gc,stats    ] Pause Final Update Refs (N)          63 us
[1.610s][info][gc,stats    ]   Update Region States               13 us
[1.610s][info][gc,stats    ]   Trash Collection Set                3 us
[1.610s][info][gc,stats    ]   Rebuild Free Set                   16 us
[1.610s][info][gc,stats    ] Concurrent Cleanup                   71 us
[1.610s][info][gc,stats    ] 
[1.610s][info][gc,stats    ] Allocation pacing accrued:
[1.610s][info][gc,stats    ]       0 of    15 ms (  0.0%): <total>
[1.610s][info][gc,stats    ]       0 of    15 ms (  0.0%): <average total>
[1.610s][info][gc,stats    ] 
[1.610s][info][gc,metaspace] Metaspace: 7904K(8128K)->7909K(8128K) NonClass: 7089K(7232K)->7092K(7232K) Class: 814K(896K)->816K(896K)
[1.610s][info][gc,ergo     ] Pacer for Idle. Initial: 40642K, Alloc Tax Rate: 1.0x
[1.612s][info][gc          ] Trigger: Start next cycle immediately
[1.612s][info][gc,ergo     ] Free: 1869M, Max: 512K regular, 1869M humongous, Frag: 1% external, 0% internal; Reserve: 101888K, Max: 512K
[1.612s][info][gc,start    ] GC(93) Concurrent reset
[1.612s][info][gc,task     ] GC(93) Using 2 of 8 workers for concurrent reset
[1.612s][info][gc,ergo     ] GC(93) Pacer for Reset. Non-Taxable: 1984M
[1.612s][info][gc          ] GC(93) Concurrent reset 0.185ms
[1.612s][info][gc,start    ] GC(93) Pause Init Mark
[1.612s][info][gc,task     ] GC(93) Using 8 of 8 workers for init marking
[1.612s][info][gc,ergo     ] GC(93) Pacer for Mark. Expected Live: 11464K, Free: 1869M, Non-Taxable: 186M, Alloc Tax Rate: 0.0x
[1.612s][info][gc          ] GC(93) Pause Init Mark 0.042ms
[1.612s][info][gc,start    ] GC(93) Concurrent marking roots
[1.612s][info][gc,task     ] GC(93) Using 2 of 8 workers for concurrent marking roots
[1.613s][info][gc          ] GC(93) Concurrent marking roots 0.493ms
[1.613s][info][gc,start    ] GC(93) Concurrent marking
[1.613s][info][gc,task     ] GC(93) Using 2 of 8 workers for concurrent marking
[1.615s][info][gc          ] GC(93) Concurrent marking 2.460ms
[1.616s][info][gc,start    ] GC(93) Pause Final Mark
[1.616s][info][gc,task     ] GC(93) Using 8 of 8 workers for final marking
[1.617s][info][gc,ergo     ] GC(93) Collectable Garbage: 3448K (100%), Immediate: 66048B (1%), CSet: 3384K (98%)
[1.617s][info][gc,ergo     ] GC(93) Pacer for Evacuation. Used CSet: 13266K, Free: 1869M, Non-Taxable: 186M, Alloc Tax Rate: 1.1x
[1.617s][info][gc          ] GC(93) Pause Final Mark 0.916ms
[1.617s][info][gc,start    ] GC(93) Concurrent thread roots
[1.617s][info][gc,task     ] GC(93) Using 2 of 8 workers for Concurrent thread roots
[1.617s][info][gc          ] GC(93) Concurrent thread roots 0.096ms
[1.617s][info][gc,start    ] GC(93) Concurrent weak references
[1.617s][info][gc,task     ] GC(93) Using 2 of 8 workers for concurrent weak references
[1.618s][info][gc,ref      ] GC(93) Encountered references: Soft: 3595, Weak: 1151, Final: 4, Phantom: 583
[1.618s][info][gc,ref      ] GC(93) Discovered  references: Soft: 0, Weak: 377, Final: 0, Phantom: 289
[1.618s][info][gc,ref      ] GC(93) Enqueued    references: Soft: 0, Weak: 3, Final: 0, Phantom: 1
[1.618s][info][gc          ] GC(93) Concurrent weak references 0.116ms
[1.618s][info][gc,start    ] GC(93) Concurrent weak roots
[1.618s][info][gc,task     ] GC(93) Using 2 of 8 workers for concurrent weak root
[1.618s][info][gc          ] GC(93) Concurrent weak roots 0.398ms
[1.618s][info][gc,start    ] GC(93) Concurrent cleanup
[1.618s][info][gc          ] GC(93) Concurrent cleanup 15M->15M(147M) 0.060ms
[1.618s][info][gc,ergo     ] GC(93) Free: 1869M, Max: 512K regular, 1869M humongous, Frag: 0% external, 0% internal; Reserve: 101512K, Max: 512K
[1.618s][info][gc,start    ] GC(93) Concurrent strong roots
[1.618s][info][gc,task     ] GC(93) Using 2 of 8 workers for concurrent strong root
[1.619s][info][gc          ] GC(93) Concurrent strong roots 0.421ms
[1.619s][info][gc,start    ] GC(93) Concurrent evacuation
[1.619s][info][gc,task     ] GC(93) Using 2 of 8 workers for concurrent evacuation
[1.622s][info][gc          ] GC(93) Concurrent evacuation 3.458ms
[1.622s][info][gc,start    ] GC(93) Pause Init Update Refs
[1.622s][info][gc,ergo     ] GC(93) Pacer for Update Refs. Used: 27665K, Free: 1868M, Non-Taxable: 186M, Alloc Tax Rate: 1.1x
[1.622s][info][gc          ] GC(93) Pause Init Update Refs 0.030ms
[1.622s][info][gc,start    ] GC(93) Concurrent update references
[1.622s][info][gc,task     ] GC(93) Using 2 of 8 workers for concurrent reference update
[1.624s][info][gc          ] GC(93) Concurrent update references 2.011ms
[1.624s][info][gc,start    ] GC(93) Concurrent update thread roots
[1.624s][info][gc          ] GC(93) Concurrent update thread roots 0.149ms
[1.624s][info][gc,start    ] GC(93) Pause Final Update Refs
[1.624s][info][gc,task     ] GC(93) Using 8 of 8 workers for final reference update
[1.625s][info][gc          ] GC(93) Pause Final Update Refs 0.053ms
[1.625s][info][gc,start    ] GC(93) Concurrent cleanup
[1.625s][info][gc          ] GC(93) Concurrent cleanup 27M->14M(147M) 0.062ms
[1.625s][info][gc,ergo     ] Free: 1870M, Max: 512K regular, 1869M humongous, Frag: 1% external, 0% internal; Reserve: 101888K, Max: 512K
[1.625s][info][gc,stats    ] 
[1.625s][info][gc,stats    ] All times are wall-clock times, except per-root-class counters, that are sum over
[1.625s][info][gc,stats    ] all workers. Dividing the <total> over the root stage time estimates parallelism.
[1.625s][info][gc,stats    ] 
[1.625s][info][gc,stats    ] Concurrent Reset                    200 us
[1.625s][info][gc,stats    ] Pause Init Mark (G)                  93 us
[1.625s][info][gc,stats    ] Pause Init Mark (N)                  50 us
[1.625s][info][gc,stats    ]   Update Region States               12 us
[1.625s][info][gc,stats    ] Concurrent Mark Roots               510 us, parallelism: 1.43x
[1.625s][info][gc,stats    ]   CMR: <total>                      728 us
[1.625s][info][gc,stats    ]   CMR: Thread Roots                 159 us, workers (us):  28, 131, ---, ---, ---, ---, ---, ---, 
[1.625s][info][gc,stats    ]   CMR: Code Cache Roots             489 us, workers (us): 285, 204, ---, ---, ---, ---, ---, ---, 
[1.625s][info][gc,stats    ]   CMR: VM Strong Roots                5 us, workers (us):   5,   0, ---, ---, ---, ---, ---, ---, 
[1.625s][info][gc,stats    ]   CMR: CLDG Roots                    76 us, workers (us):  76, ---, ---, ---, ---, ---, ---, ---, 
[1.625s][info][gc,stats    ] Concurrent Marking                 2502 us
[1.625s][info][gc,stats    ] Pause Final Mark (G)               2065 us
[1.625s][info][gc,stats    ] Pause Final Mark (N)                923 us
[1.625s][info][gc,stats    ]   Finish Mark                       789 us
[1.625s][info][gc,stats    ]   Update Region States               14 us
[1.625s][info][gc,stats    ]   Choose Collection Set              43 us
[1.625s][info][gc,stats    ]   Rebuild Free Set                   18 us
[1.625s][info][gc,stats    ] Concurrent Thread Roots             106 us, parallelism: 0.57x
[1.625s][info][gc,stats    ]   CTR: <total>                       61 us
[1.625s][info][gc,stats    ]   CTR: Thread Roots                  61 us, workers (us):  61,   0, ---, ---, ---, ---, ---, ---, 
[1.625s][info][gc,stats    ] Concurrent Weak References          124 us, parallelism: 0.46x
[1.625s][info][gc,stats    ]   CWRF: <total>                      57 us
[1.625s][info][gc,stats    ]   CWRF: Weak References              57 us, workers (us):  43,  14, ---, ---, ---, ---, ---, ---, 
[1.625s][info][gc,stats    ] Concurrent Weak Roots               413 us
[1.625s][info][gc,stats    ]   Roots                             354 us, parallelism: 0.88x
[1.625s][info][gc,stats    ]     CWR: <total>                    310 us
[1.625s][info][gc,stats    ]     CWR: VM Weak Roots              310 us, workers (us): 310,   0, ---, ---, ---, ---, ---, ---, 
[1.625s][info][gc,stats    ]   Rendezvous                         28 us
[1.625s][info][gc,stats    ] Concurrent Cleanup                   67 us
[1.625s][info][gc,stats    ] Concurrent Strong Roots             440 us, parallelism: 1.56x
[1.625s][info][gc,stats    ]   CSR: <total>                      687 us
[1.625s][info][gc,stats    ]   CSR: Code Cache Roots             523 us, workers (us): 208, 314, ---, ---, ---, ---, ---, ---, 
[1.625s][info][gc,stats    ]   CSR: VM Strong Roots                8 us, workers (us):   7,   0, ---, ---, ---, ---, ---, ---, 
[1.625s][info][gc,stats    ]   CSR: CLDG Roots                   157 us, workers (us): 157, ---, ---, ---, ---, ---, ---, ---, 
[1.625s][info][gc,stats    ] Concurrent Evacuation              3484 us
[1.625s][info][gc,stats    ] Pause Init Update Refs (G)          145 us
[1.625s][info][gc,stats    ] Pause Init Update Refs (N)           39 us
[1.625s][info][gc,stats    ]   Manage GCLABs                       4 us
[1.625s][info][gc,stats    ] Concurrent Update Refs             2031 us
[1.625s][info][gc,stats    ] Concurrent Update Thread Roots      162 us
[1.625s][info][gc,stats    ] Pause Final Update Refs (G)         152 us
[1.625s][info][gc,stats    ] Pause Final Update Refs (N)          62 us
[1.625s][info][gc,stats    ]   Update Region States               12 us
[1.625s][info][gc,stats    ]   Trash Collection Set                3 us
[1.625s][info][gc,stats    ]   Rebuild Free Set                   17 us
[1.625s][info][gc,stats    ] Concurrent Cleanup                   70 us
[1.625s][info][gc,stats    ] 
[1.625s][info][gc,stats    ] Allocation pacing accrued:
[1.625s][info][gc,stats    ]       0 of    15 ms (  0.0%): <total>
[1.625s][info][gc,stats    ]       0 of    15 ms (  0.0%): <average total>
[1.625s][info][gc,stats    ] 
[1.625s][info][gc,metaspace] Metaspace: 7916K(8192K)->7932K(8192K) NonClass: 7098K(7232K)->7111K(7232K) Class: 817K(960K)->820K(960K)
[1.625s][info][gc,ergo     ] Pacer for Idle. Initial: 40642K, Alloc Tax Rate: 1.0x
[1.626s][info][gc          ] Trigger: Start next cycle immediately
[1.626s][info][gc,ergo     ] Free: 1870M, Max: 512K regular, 1869M humongous, Frag: 1% external, 0% internal; Reserve: 101888K, Max: 512K
[1.626s][info][gc,start    ] GC(94) Concurrent reset
[1.626s][info][gc,task     ] GC(94) Using 2 of 8 workers for concurrent reset
[1.626s][info][gc,ergo     ] GC(94) Pacer for Reset. Non-Taxable: 1984M
[1.627s][info][gc          ] GC(94) Concurrent reset 0.258ms
[1.627s][info][gc,start    ] GC(94) Pause Init Mark (unload classes)
[1.627s][info][gc,task     ] GC(94) Using 8 of 8 workers for init marking
[1.627s][info][gc,ergo     ] GC(94) Pacer for Mark. Expected Live: 11468K, Free: 1870M, Non-Taxable: 187M, Alloc Tax Rate: 0.0x
[1.627s][info][gc          ] GC(94) Pause Init Mark (unload classes) 0.048ms
[1.627s][info][gc,start    ] GC(94) Concurrent marking roots
[1.627s][info][gc,task     ] GC(94) Using 2 of 8 workers for concurrent marking roots
[1.627s][info][gc          ] GC(94) Concurrent marking roots 0.147ms
[1.627s][info][gc,start    ] GC(94) Concurrent marking (unload classes)
[1.627s][info][gc,task     ] GC(94) Using 2 of 8 workers for concurrent marking
[1.645s][info][gc          ] GC(94) Concurrent marking (unload classes) 17.889ms
[1.645s][info][gc,start    ] GC(94) Pause Final Mark (unload classes)
[1.645s][info][gc,task     ] GC(94) Using 8 of 8 workers for final marking
[1.645s][info][gc,ergo     ] GC(94) Collectable Garbage: 2896K (100%), Immediate: 512K (17%), CSet: 2384K (82%)
[1.645s][info][gc,ergo     ] GC(94) Pacer for Evacuation. Used CSet: 12283K, Free: 1870M, Non-Taxable: 187M, Alloc Tax Rate: 1.1x
[1.645s][info][gc          ] GC(94) Pause Final Mark (unload classes) 0.373ms
[1.645s][info][gc,start    ] GC(94) Concurrent thread roots
[1.645s][info][gc,task     ] GC(94) Using 2 of 8 workers for Concurrent thread roots
[1.645s][info][gc          ] GC(94) Concurrent thread roots 0.074ms
[1.645s][info][gc,start    ] GC(94) Concurrent weak references
[1.645s][info][gc,task     ] GC(94) Using 2 of 8 workers for concurrent weak references
[1.646s][info][gc,ref      ] GC(94) Encountered references: Soft: 3609, Weak: 1163, Final: 4, Phantom: 582
[1.646s][info][gc,ref      ] GC(94) Discovered  references: Soft: 0, Weak: 447, Final: 4, Phantom: 579
[1.646s][info][gc,ref      ] GC(94) Enqueued    references: Soft: 0, Weak: 0, Final: 0, Phantom: 0
[1.646s][info][gc          ] GC(94) Concurrent weak references 0.149ms
[1.646s][info][gc,start    ] GC(94) Concurrent weak roots
[1.646s][info][gc,task     ] GC(94) Using 2 of 8 workers for concurrent weak root
[1.648s][info][gc          ] GC(94) Concurrent weak roots 2.403ms
[1.648s][info][gc,start    ] GC(94) Concurrent cleanup
[1.648s][info][gc          ] GC(94) Concurrent cleanup 15M->14M(147M) 0.101ms
[1.648s][info][gc,ergo     ] GC(94) Free: 1870M, Max: 512K regular, 1869M humongous, Frag: 1% external, 0% internal; Reserve: 101553K, Max: 512K
[1.648s][info][gc,start    ] GC(94) Concurrent class unloading
[1.648s][info][gc,task     ] GC(94) Using 2 of 8 workers for concurrent class unloading
[1.656s][info][gc          ] GC(94) Concurrent class unloading 8.188ms
[1.656s][info][gc,start    ] GC(94) Concurrent strong roots
[1.656s][info][gc,task     ] GC(94) Using 2 of 8 workers for concurrent strong root
[1.657s][info][gc          ] GC(94) Concurrent strong roots 0.235ms
[1.657s][info][gc,start    ] GC(94) Concurrent evacuation
[1.657s][info][gc,task     ] GC(94) Using 2 of 8 workers for concurrent evacuation
[1.659s][info][gc          ] GC(94) Concurrent evacuation 2.042ms
[1.660s][info][gc,start    ] GC(94) Pause Init Update Refs
[1.660s][info][gc,ergo     ] GC(94) Pacer for Update Refs. Used: 25465K, Free: 1870M, Non-Taxable: 187M, Alloc Tax Rate: 1.1x
[1.660s][info][gc          ] GC(94) Pause Init Update Refs 0.042ms
[1.660s][info][gc,start    ] GC(94) Concurrent update references
[1.660s][info][gc,task     ] GC(94) Using 2 of 8 workers for concurrent reference update
[1.662s][info][gc          ] GC(94) Concurrent update references 2.475ms
[1.662s][info][gc,start    ] GC(94) Concurrent update thread roots
[1.667s][info][gc          ] GC(94) Concurrent update thread roots 4.473ms
[1.670s][info][gc,start    ] GC(94) Pause Final Update Refs
[1.670s][info][gc,task     ] GC(94) Using 8 of 8 workers for final reference update
[1.670s][info][gc          ] GC(94) Pause Final Update Refs 0.103ms
[1.670s][info][gc,start    ] GC(94) Concurrent cleanup
[1.670s][info][gc          ] GC(94) Concurrent cleanup 24M->12M(147M) 0.059ms
[1.670s][info][gc,ergo     ] Free: 1871M, Max: 512K regular, 1871M humongous, Frag: 1% external, 0% internal; Reserve: 101888K, Max: 512K
[1.670s][info][gc,stats    ] 
[1.670s][info][gc,stats    ] All times are wall-clock times, except per-root-class counters, that are sum over
[1.670s][info][gc,stats    ] all workers. Dividing the <total> over the root stage time estimates parallelism.
[1.670s][info][gc,stats    ] 
[1.670s][info][gc,stats    ] Concurrent Reset                    269 us
[1.670s][info][gc,stats    ] Pause Init Mark (G)                 173 us
[1.670s][info][gc,stats    ] Pause Init Mark (N)                  56 us
[1.670s][info][gc,stats    ]   Update Region States               15 us
[1.670s][info][gc,stats    ] Concurrent Mark Roots               157 us, parallelism: 1.13x
[1.670s][info][gc,stats    ]   CMR: <total>                      177 us
[1.670s][info][gc,stats    ]   CMR: Thread Roots                 110 us, workers (us):  24,  86, ---, ---, ---, ---, ---, ---, 
[1.670s][info][gc,stats    ]   CMR: VM Strong Roots                5 us, workers (us):   4,   2, ---, ---, ---, ---, ---, ---, 
[1.670s][info][gc,stats    ]   CMR: CLDG Roots                    62 us, workers (us):  62, ---, ---, ---, ---, ---, ---, ---, 
[1.670s][info][gc,stats    ] Concurrent Marking                17915 us
[1.670s][info][gc,stats    ] Pause Final Mark (G)                594 us
[1.670s][info][gc,stats    ] Pause Final Mark (N)                382 us
[1.670s][info][gc,stats    ]   Finish Mark                       236 us
[1.670s][info][gc,stats    ]   Update Region States               27 us
[1.670s][info][gc,stats    ]   Choose Collection Set              49 us
[1.671s][info][gc,stats    ]   Rebuild Free Set                   18 us
[1.671s][info][gc,stats    ] Concurrent Thread Roots              85 us, parallelism: 0.90x
[1.671s][info][gc,stats    ]   CTR: <total>                       77 us
[1.671s][info][gc,stats    ]   CTR: Thread Roots                  77 us, workers (us):  41,  36, ---, ---, ---, ---, ---, ---, 
[1.671s][info][gc,stats    ] Concurrent Weak References          156 us, parallelism: 0.56x
[1.671s][info][gc,stats    ]   CWRF: <total>                      87 us
[1.671s][info][gc,stats    ]   CWRF: Weak References              87 us, workers (us):  87,   1, ---, ---, ---, ---, ---, ---, 
[1.671s][info][gc,stats    ] Concurrent Weak Roots              2424 us
[1.671s][info][gc,stats    ]   Roots                             432 us, parallelism: 1.65x
[1.671s][info][gc,stats    ]     CWR: <total>                    715 us
[1.671s][info][gc,stats    ]     CWR: Code Cache Roots           380 us, workers (us): 153, 227, ---, ---, ---, ---, ---, ---, 
[1.671s][info][gc,stats    ]     CWR: VM Weak Roots              329 us, workers (us): 172, 157, ---, ---, ---, ---, ---, ---, 
[1.671s][info][gc,stats    ]     CWR: CLDG Roots                   6 us, workers (us):   6, ---, ---, ---, ---, ---, ---, ---, 
[1.671s][info][gc,stats    ]   Rendezvous                       1952 us
[1.671s][info][gc,stats    ] Concurrent Cleanup                  110 us
[1.671s][info][gc,stats    ] Concurrent Class Unloading         8202 us
[1.671s][info][gc,stats    ]   Unlink Stale                     1384 us
[1.671s][info][gc,stats    ]     System Dictionary                27 us
[1.671s][info][gc,stats    ]     Weak Class Links                  0 us
[1.671s][info][gc,stats    ]     Code Roots                     1355 us
[1.671s][info][gc,stats    ]   Rendezvous                       6695 us
[1.671s][info][gc,stats    ]   Purge Unlinked                     90 us
[1.671s][info][gc,stats    ]     Code Roots                       87 us
[1.671s][info][gc,stats    ]     CLDG                              3 us
[1.671s][info][gc,stats    ]     Exception Caches                  0 us
[1.671s][info][gc,stats    ] Concurrent Strong Roots             250 us, parallelism: 0.73x
[1.671s][info][gc,stats    ]   CSR: <total>                      182 us
[1.671s][info][gc,stats    ]   CSR: VM Strong Roots               14 us, workers (us):   9,   6, ---, ---, ---, ---, ---, ---, 
[1.671s][info][gc,stats    ]   CSR: CLDG Roots                   167 us, workers (us): 167, ---, ---, ---, ---, ---, ---, ---, 
[1.671s][info][gc,stats    ] Concurrent Evacuation              2067 us
[1.671s][info][gc,stats    ] Pause Init Update Refs (G)         1100 us
[1.671s][info][gc,stats    ] Pause Init Update Refs (N)           50 us
[1.671s][info][gc,stats    ]   Manage GCLABs                       9 us
[1.671s][info][gc,stats    ] Concurrent Update Refs             2499 us
[1.671s][info][gc,stats    ] Concurrent Update Thread Roots     4500 us
[1.671s][info][gc,stats    ] Pause Final Update Refs (G)        3428 us
[1.671s][info][gc,stats    ] Pause Final Update Refs (N)         114 us
[1.671s][info][gc,stats    ]   Update Region States               32 us
[1.671s][info][gc,stats    ]   Trash Collection Set                3 us
[1.671s][info][gc,stats    ]   Rebuild Free Set                   32 us
[1.671s][info][gc,stats    ] Concurrent Cleanup                   68 us
[1.671s][info][gc,stats    ] 
[1.671s][info][gc,stats    ] Allocation pacing accrued:
[1.671s][info][gc,stats    ]       0 of    46 ms (  0.0%): <total>
[1.671s][info][gc,stats    ]       0 of    46 ms (  0.0%): <average total>
[1.671s][info][gc,stats    ] 
[1.671s][info][gc,metaspace] Metaspace: 7937K(8192K)->8109K(8384K) NonClass: 7115K(7232K)->7281K(7424K) Class: 822K(960K)->827K(960K)
[1.671s][info][gc,ergo     ] Pacer for Idle. Initial: 40642K, Alloc Tax Rate: 1.0x
[1.672s][info][gc          ] Trigger: Start next cycle immediately
[1.672s][info][gc,ergo     ] Free: 1871M, Max: 512K regular, 1871M humongous, Frag: 1% external, 0% internal; Reserve: 101888K, Max: 512K
[1.672s][info][gc,start    ] GC(95) Concurrent reset
[1.672s][info][gc,task     ] GC(95) Using 2 of 8 workers for concurrent reset
[1.672s][info][gc,ergo     ] GC(95) Pacer for Reset. Non-Taxable: 1984M
[1.672s][info][gc          ] GC(95) Concurrent reset 0.250ms
[1.672s][info][gc,start    ] GC(95) Pause Init Mark (unload classes)
[1.672s][info][gc,task     ] GC(95) Using 8 of 8 workers for init marking
[1.673s][info][gc,ergo     ] GC(95) Pacer for Mark. Expected Live: 11478K, Free: 1871M, Non-Taxable: 187M, Alloc Tax Rate: 0.0x
[1.673s][info][gc          ] GC(95) Pause Init Mark (unload classes) 0.072ms
[1.673s][info][gc,start    ] GC(95) Concurrent marking roots
[1.673s][info][gc,task     ] GC(95) Using 2 of 8 workers for concurrent marking roots
[1.673s][info][gc          ] GC(95) Concurrent marking roots 0.189ms
[1.673s][info][gc,start    ] GC(95) Concurrent marking (unload classes)
[1.673s][info][gc,task     ] GC(95) Using 2 of 8 workers for concurrent marking
[1.685s][info][gc          ] GC(95) Concurrent marking (unload classes) 12.475ms
[1.685s][info][gc,start    ] GC(95) Pause Final Mark (unload classes)
[1.685s][info][gc,task     ] GC(95) Using 8 of 8 workers for final marking
[1.686s][info][gc,ergo     ] GC(95) Collectable Garbage: 1577K (100%), Immediate: 0B (0%), CSet: 1577K (100%)
[1.686s][info][gc,ergo     ] GC(95) Pacer for Evacuation. Used CSet: 11579K, Free: 1871M, Non-Taxable: 187M, Alloc Tax Rate: 1.1x
[1.686s][info][gc          ] GC(95) Pause Final Mark (unload classes) 0.335ms
[1.686s][info][gc,start    ] GC(95) Concurrent thread roots
[1.686s][info][gc,task     ] GC(95) Using 2 of 8 workers for Concurrent thread roots
[1.686s][info][gc          ] GC(95) Concurrent thread roots 0.069ms
[1.686s][info][gc,start    ] GC(95) Concurrent weak references
[1.686s][info][gc,task     ] GC(95) Using 2 of 8 workers for concurrent weak references
[1.686s][info][gc,ref      ] GC(95) Encountered references: Soft: 3602, Weak: 1170, Final: 4, Phantom: 583
[1.686s][info][gc,ref      ] GC(95) Discovered  references: Soft: 0, Weak: 426, Final: 0, Phantom: 199
[1.686s][info][gc,ref      ] GC(95) Enqueued    references: Soft: 0, Weak: 6, Final: 0, Phantom: 1
[1.686s][info][gc          ] GC(95) Concurrent weak references 0.118ms
[1.686s][info][gc,start    ] GC(95) Concurrent weak roots
[1.686s][info][gc,task     ] GC(95) Using 2 of 8 workers for concurrent weak root
[1.687s][info][gc          ] GC(95) Concurrent weak roots 0.574ms
[1.687s][info][gc,start    ] GC(95) Concurrent cleanup
[1.687s][info][gc          ] GC(95) Concurrent cleanup 14M->14M(147M) 0.067ms
[1.687s][info][gc,ergo     ] GC(95) Free: 1870M, Max: 512K regular, 1870M humongous, Frag: 0% external, 0% internal; Reserve: 101567K, Max: 512K
[1.687s][info][gc,start    ] GC(95) Concurrent class unloading
[1.687s][info][gc,task     ] GC(95) Using 2 of 8 workers for concurrent class unloading
[1.688s][info][gc          ] GC(95) Concurrent class unloading 1.290ms
[1.688s][info][gc,start    ] GC(95) Concurrent strong roots
[1.688s][info][gc,task     ] GC(95) Using 2 of 8 workers for concurrent strong root
[1.688s][info][gc          ] GC(95) Concurrent strong roots 0.225ms
[1.688s][info][gc,start    ] GC(95) Concurrent evacuation
[1.688s][info][gc,task     ] GC(95) Using 2 of 8 workers for concurrent evacuation
[1.690s][info][gc          ] GC(95) Concurrent evacuation 2.128ms
[1.691s][info][gc,start    ] GC(95) Pause Init Update Refs
[1.691s][info][gc,ergo     ] GC(95) Pacer for Update Refs. Used: 25434K, Free: 1870M, Non-Taxable: 187M, Alloc Tax Rate: 1.1x
[1.691s][info][gc          ] GC(95) Pause Init Update Refs 0.040ms
[1.691s][info][gc,start    ] GC(95) Concurrent update references
[1.691s][info][gc,task     ] GC(95) Using 2 of 8 workers for concurrent reference update
[1.694s][info][gc          ] GC(95) Concurrent update references 3.077ms
[1.695s][info][gc,start    ] GC(95) Concurrent update thread roots
[1.695s][info][gc          ] GC(95) Concurrent update thread roots 0.130ms
[1.695s][info][gc,start    ] GC(95) Pause Final Update Refs
[1.695s][info][gc,task     ] GC(95) Using 8 of 8 workers for final reference update
[1.695s][info][gc          ] GC(95) Pause Final Update Refs 0.054ms
[1.695s][info][gc,start    ] GC(95) Concurrent cleanup
[1.695s][info][gc          ] GC(95) Concurrent cleanup 24M->13M(147M) 0.054ms
[1.695s][info][gc,ergo     ] Free: 1871M, Max: 512K regular, 1870M humongous, Frag: 1% external, 0% internal; Reserve: 101888K, Max: 512K
[1.695s][info][gc,stats    ] 
[1.695s][info][gc,stats    ] All times are wall-clock times, except per-root-class counters, that are sum over
[1.695s][info][gc,stats    ] all workers. Dividing the <total> over the root stage time estimates parallelism.
[1.695s][info][gc,stats    ] 
[1.695s][info][gc,stats    ] Concurrent Reset                    270 us
[1.695s][info][gc,stats    ] Pause Init Mark (G)                 234 us
[1.695s][info][gc,stats    ] Pause Init Mark (N)                  83 us
[1.695s][info][gc,stats    ]   Update Region States               23 us
[1.695s][info][gc,stats    ] Concurrent Mark Roots               207 us, parallelism: 0.77x
[1.695s][info][gc,stats    ]   CMR: <total>                      160 us
[1.695s][info][gc,stats    ]   CMR: Thread Roots                  78 us, workers (us):  35,  43, ---, ---, ---, ---, ---, ---, 
[1.695s][info][gc,stats    ]   CMR: VM Strong Roots                6 us, workers (us):   6,   1, ---, ---, ---, ---, ---, ---, 
[1.695s][info][gc,stats    ]   CMR: CLDG Roots                    76 us, workers (us):  76, ---, ---, ---, ---, ---, ---, ---, 
[1.695s][info][gc,stats    ] Concurrent Marking                12507 us
[1.695s][info][gc,stats    ] Pause Final Mark (G)                501 us
[1.695s][info][gc,stats    ] Pause Final Mark (N)                341 us
[1.695s][info][gc,stats    ]   Finish Mark                       228 us
[1.695s][info][gc,stats    ]   Update Region States               18 us
[1.695s][info][gc,stats    ]   Choose Collection Set              40 us
[1.695s][info][gc,stats    ]   Rebuild Free Set                   15 us
[1.695s][info][gc,stats    ] Concurrent Thread Roots              78 us, parallelism: 0.84x
[1.695s][info][gc,stats    ]   CTR: <total>                       66 us
[1.695s][info][gc,stats    ]   CTR: Thread Roots                  66 us, workers (us):  35,  30, ---, ---, ---, ---, ---, ---, 
[1.695s][info][gc,stats    ] Concurrent Weak References          125 us, parallelism: 0.41x
[1.695s][info][gc,stats    ]   CWRF: <total>                      51 us
[1.695s][info][gc,stats    ]   CWRF: Weak References              51 us, workers (us):  48,   3, ---, ---, ---, ---, ---, ---, 
[1.695s][info][gc,stats    ] Concurrent Weak Roots               596 us
[1.695s][info][gc,stats    ]   Roots                             459 us, parallelism: 1.71x
[1.695s][info][gc,stats    ]     CWR: <total>                    787 us
[1.695s][info][gc,stats    ]     CWR: Code Cache Roots           397 us, workers (us): 161, 236, ---, ---, ---, ---, ---, ---, 
[1.695s][info][gc,stats    ]     CWR: VM Weak Roots              384 us, workers (us): 194, 190, ---, ---, ---, ---, ---, ---, 
[1.695s][info][gc,stats    ]     CWR: CLDG Roots                   6 us, workers (us):   6, ---, ---, ---, ---, ---, ---, ---, 
[1.695s][info][gc,stats    ]   Rendezvous                         99 us
[1.695s][info][gc,stats    ] Concurrent Cleanup                   76 us
[1.695s][info][gc,stats    ] Concurrent Class Unloading         1300 us
[1.695s][info][gc,stats    ]   Unlink Stale                      906 us
[1.695s][info][gc,stats    ]     System Dictionary                20 us
[1.695s][info][gc,stats    ]     Weak Class Links                  0 us
[1.695s][info][gc,stats    ]     Code Roots                      884 us
[1.695s][info][gc,stats    ]   Rendezvous                        324 us
[1.695s][info][gc,stats    ]   Purge Unlinked                     43 us
[1.695s][info][gc,stats    ]     Code Roots                       40 us
[1.695s][info][gc,stats    ]     CLDG                              3 us
[1.695s][info][gc,stats    ]     Exception Caches                  0 us
[1.695s][info][gc,stats    ] Concurrent Strong Roots             239 us, parallelism: 0.70x
[1.695s][info][gc,stats    ]   CSR: <total>                      168 us
[1.695s][info][gc,stats    ]   CSR: VM Strong Roots               10 us, workers (us):  10,   0, ---, ---, ---, ---, ---, ---, 
[1.695s][info][gc,stats    ]   CSR: CLDG Roots                   158 us, workers (us): 158, ---, ---, ---, ---, ---, ---, ---, 
[1.695s][info][gc,stats    ] Concurrent Evacuation              2150 us
[1.695s][info][gc,stats    ] Pause Init Update Refs (G)         1047 us
[1.695s][info][gc,stats    ] Pause Init Update Refs (N)           48 us
[1.695s][info][gc,stats    ]   Manage GCLABs                       5 us
[1.695s][info][gc,stats    ] Concurrent Update Refs             3102 us
[1.695s][info][gc,stats    ] Concurrent Update Thread Roots      141 us
[1.695s][info][gc,stats    ] Pause Final Update Refs (G)         144 us
[1.695s][info][gc,stats    ] Pause Final Update Refs (N)          63 us
[1.695s][info][gc,stats    ]   Update Region States               15 us
[1.695s][info][gc,stats    ]   Trash Collection Set                3 us
[1.695s][info][gc,stats    ]   Rebuild Free Set                   16 us
[1.695s][info][gc,stats    ] Concurrent Cleanup                   62 us
[1.695s][info][gc,stats    ] 
[1.695s][info][gc,stats    ] Allocation pacing accrued:
[1.695s][info][gc,stats    ]       0 of    25 ms (  0.0%): <total>
[1.695s][info][gc,stats    ]       0 of    25 ms (  0.0%): <average total>
[1.695s][info][gc,stats    ] 
[1.695s][info][gc,metaspace] Metaspace: 8111K(8384K)->8138K(8384K) NonClass: 7283K(7424K)->7306K(7424K) Class: 828K(960K)->832K(960K)
[1.695s][info][gc,ergo     ] Pacer for Idle. Initial: 40642K, Alloc Tax Rate: 1.0x
[1.702s][info][gc          ] Trigger: Start next cycle immediately
[1.702s][info][gc,ergo     ] Free: 1871M, Max: 512K regular, 1870M humongous, Frag: 1% external, 0% internal; Reserve: 101888K, Max: 512K
[1.702s][info][gc,start    ] GC(96) Concurrent reset
[1.702s][info][gc,task     ] GC(96) Using 2 of 8 workers for concurrent reset
[1.702s][info][gc,ergo     ] GC(96) Pacer for Reset. Non-Taxable: 1984M
[1.702s][info][gc          ] GC(96) Concurrent reset 0.183ms
[1.703s][info][gc,start    ] GC(96) Pause Init Mark (unload classes)
[1.703s][info][gc,task     ] GC(96) Using 8 of 8 workers for init marking
[1.703s][info][gc,ergo     ] GC(96) Pacer for Mark. Expected Live: 11508K, Free: 1871M, Non-Taxable: 187M, Alloc Tax Rate: 0.0x
[1.703s][info][gc          ] GC(96) Pause Init Mark (unload classes) 0.074ms
[1.703s][info][gc,start    ] GC(96) Concurrent marking roots
[1.703s][info][gc,task     ] GC(96) Using 2 of 8 workers for concurrent marking roots
[1.703s][info][gc          ] GC(96) Concurrent marking roots 0.370ms
[1.703s][info][gc,start    ] GC(96) Concurrent marking (unload classes)
[1.703s][info][gc,task     ] GC(96) Using 2 of 8 workers for concurrent marking
[1.706s][info][gc          ] GC(96) Concurrent marking (unload classes) 2.763ms
[1.714s][info][gc,start    ] GC(96) Pause Final Mark (unload classes)
[1.714s][info][gc,task     ] GC(96) Using 8 of 8 workers for final marking
[1.717s][info][gc,ergo     ] GC(96) Collectable Garbage: 2219K (100%), Immediate: 0B (0%), CSet: 2219K (100%)
[1.718s][info][gc,ergo     ] GC(96) Pacer for Evacuation. Used CSet: 12251K, Free: 1870M, Non-Taxable: 187M, Alloc Tax Rate: 1.1x
[1.718s][info][gc          ] GC(96) Pause Final Mark (unload classes) 3.648ms
[1.718s][info][gc,start    ] GC(96) Concurrent thread roots
[1.718s][info][gc,task     ] GC(96) Using 2 of 8 workers for Concurrent thread roots
[1.718s][info][gc          ] GC(96) Concurrent thread roots 0.124ms
[1.718s][info][gc,start    ] GC(96) Concurrent weak references
[1.718s][info][gc,task     ] GC(96) Using 2 of 8 workers for concurrent weak references
[1.718s][info][gc,ref      ] GC(96) Encountered references: Soft: 3606, Weak: 1176, Final: 4, Phantom: 582
[1.718s][info][gc,ref      ] GC(96) Discovered  references: Soft: 0, Weak: 439, Final: 1, Phantom: 580
[1.718s][info][gc,ref      ] GC(96) Enqueued    references: Soft: 0, Weak: 7, Final: 0, Phantom: 0
[1.718s][info][gc          ] GC(96) Concurrent weak references 0.176ms
[1.718s][info][gc,start    ] GC(96) Concurrent weak roots
[1.718s][info][gc,task     ] GC(96) Using 2 of 8 workers for concurrent weak root
[1.719s][info][gc          ] GC(96) Concurrent weak roots 0.665ms
[1.719s][info][gc,start    ] GC(96) Concurrent cleanup
[1.719s][info][gc          ] GC(96) Concurrent cleanup 16M->16M(147M) 0.058ms
[1.719s][info][gc,ergo     ] GC(96) Free: 1870M, Max: 512K regular, 1870M humongous, Frag: 0% external, 0% internal; Reserve: 100352K, Max: 512K
[1.719s][info][gc,start    ] GC(96) Concurrent class unloading
[1.719s][info][gc,task     ] GC(96) Using 2 of 8 workers for concurrent class unloading
[1.723s][info][gc          ] GC(96) Concurrent class unloading 4.027ms
[1.723s][info][gc,start    ] GC(96) Concurrent strong roots
[1.723s][info][gc,task     ] GC(96) Using 2 of 8 workers for concurrent strong root
[1.723s][info][gc          ] GC(96) Concurrent strong roots 0.237ms
[1.723s][info][gc,start    ] GC(96) Concurrent evacuation
[1.723s][info][gc,task     ] GC(96) Using 2 of 8 workers for concurrent evacuation
[1.725s][info][gc          ] GC(96) Concurrent evacuation 1.870ms
[1.726s][info][gc,start    ] GC(96) Pause Init Update Refs
[1.726s][info][gc,ergo     ] GC(96) Pacer for Update Refs. Used: 26223K, Free: 1870M, Non-Taxable: 187M, Alloc Tax Rate: 1.1x
[1.726s][info][gc          ] GC(96) Pause Init Update Refs 0.107ms
[1.726s][info][gc,start    ] GC(96) Concurrent update references
[1.726s][info][gc,task     ] GC(96) Using 2 of 8 workers for concurrent reference update
[1.728s][info][gc          ] GC(96) Concurrent update references 2.667ms
[1.728s][info][gc,start    ] GC(96) Concurrent update thread roots
[1.732s][info][gc          ] GC(96) Concurrent update thread roots 3.645ms
[1.732s][info][gc,start    ] GC(96) Pause Final Update Refs
[1.732s][info][gc,task     ] GC(96) Using 8 of 8 workers for final reference update
[1.732s][info][gc          ] GC(96) Pause Final Update Refs 0.105ms
[1.732s][info][gc,start    ] GC(96) Concurrent cleanup
[1.733s][info][gc          ] GC(96) Concurrent cleanup 25M->13M(147M) 0.092ms
[1.733s][info][gc,ergo     ] Free: 1870M, Max: 512K regular, 1870M humongous, Frag: 1% external, 0% internal; Reserve: 101888K, Max: 512K
[1.733s][info][gc,stats    ] 
[1.733s][info][gc,stats    ] All times are wall-clock times, except per-root-class counters, that are sum over
[1.733s][info][gc,stats    ] all workers. Dividing the <total> over the root stage time estimates parallelism.
[1.733s][info][gc,stats    ] 
[1.733s][info][gc,stats    ] Concurrent Reset                    193 us
[1.733s][info][gc,stats    ] Pause Init Mark (G)                 457 us
[1.733s][info][gc,stats    ] Pause Init Mark (N)                  82 us
[1.733s][info][gc,stats    ]   Update Region States               32 us
[1.733s][info][gc,stats    ] Concurrent Mark Roots               387 us, parallelism: 0.54x
[1.733s][info][gc,stats    ]   CMR: <total>                      209 us
[1.733s][info][gc,stats    ]   CMR: Thread Roots                 143 us, workers (us):  32, 111, ---, ---, ---, ---, ---, ---, 
[1.733s][info][gc,stats    ]   CMR: VM Strong Roots                5 us, workers (us):   5,   0, ---, ---, ---, ---, ---, ---, 
[1.733s][info][gc,stats    ]   CMR: CLDG Roots                    61 us, workers (us):  61, ---, ---, ---, ---, ---, ---, ---, 
[1.733s][info][gc,stats    ] Concurrent Marking                 2783 us
[1.733s][info][gc,stats    ] Pause Final Mark (G)              11820 us
[1.733s][info][gc,stats    ] Pause Final Mark (N)               3684 us
[1.733s][info][gc,stats    ]   Finish Mark                      2805 us
[1.733s][info][gc,stats    ]   Update Region States               20 us
[1.733s][info][gc,stats    ]   Choose Collection Set             702 us
[1.733s][info][gc,stats    ]   Rebuild Free Set                   33 us
[1.733s][info][gc,stats    ] Concurrent Thread Roots             136 us, parallelism: 0.83x
[1.733s][info][gc,stats    ]   CTR: <total>                      113 us
[1.733s][info][gc,stats    ]   CTR: Thread Roots                 113 us, workers (us):  52,  62, ---, ---, ---, ---, ---, ---, 
[1.733s][info][gc,stats    ] Concurrent Weak References          184 us, parallelism: 0.60x
[1.733s][info][gc,stats    ]   CWRF: <total>                     111 us
[1.733s][info][gc,stats    ]   CWRF: Weak References             111 us, workers (us): 107,   4, ---, ---, ---, ---, ---, ---, 
[1.733s][info][gc,stats    ] Concurrent Weak Roots               684 us
[1.733s][info][gc,stats    ]   Roots                             457 us, parallelism: 1.72x
[1.733s][info][gc,stats    ]     CWR: <total>                    786 us
[1.733s][info][gc,stats    ]     CWR: Code Cache Roots           426 us, workers (us): 250, 176, ---, ---, ---, ---, ---, ---, 
[1.733s][info][gc,stats    ]     CWR: VM Weak Roots              357 us, workers (us): 176, 181, ---, ---, ---, ---, ---, ---, 
[1.733s][info][gc,stats    ]     CWR: CLDG Roots                   3 us, workers (us):   3, ---, ---, ---, ---, ---, ---, ---, 
[1.733s][info][gc,stats    ]   Rendezvous                        189 us
[1.733s][info][gc,stats    ] Concurrent Cleanup                   66 us
[1.733s][info][gc,stats    ] Concurrent Class Unloading         4045 us
[1.733s][info][gc,stats    ]   Unlink Stale                      763 us
[1.733s][info][gc,stats    ]     System Dictionary                29 us
[1.733s][info][gc,stats    ]     Weak Class Links                  0 us
[1.733s][info][gc,stats    ]     Code Roots                      733 us
[1.733s][info][gc,stats    ]   Rendezvous                       3169 us
[1.733s][info][gc,stats    ]   Purge Unlinked                     76 us
[1.733s][info][gc,stats    ]     Code Roots                       72 us
[1.733s][info][gc,stats    ]     CLDG                              4 us
[1.733s][info][gc,stats    ]     Exception Caches                  0 us
[1.733s][info][gc,stats    ] Concurrent Strong Roots             270 us, parallelism: 0.68x
[1.733s][info][gc,stats    ]   CSR: <total>                      185 us
[1.733s][info][gc,stats    ]   CSR: VM Strong Roots               11 us, workers (us):   6,   5, ---, ---, ---, ---, ---, ---, 
[1.733s][info][gc,stats    ]   CSR: CLDG Roots                   174 us, workers (us): 174, ---, ---, ---, ---, ---, ---, ---, 
[1.733s][info][gc,stats    ] Concurrent Evacuation              1893 us
[1.733s][info][gc,stats    ] Pause Init Update Refs (G)          441 us
[1.733s][info][gc,stats    ] Pause Init Update Refs (N)          134 us
[1.733s][info][gc,stats    ]   Manage GCLABs                       5 us
[1.733s][info][gc,stats    ] Concurrent Update Refs             2694 us
[1.733s][info][gc,stats    ] Concurrent Update Thread Roots     3673 us
[1.733s][info][gc,stats    ] Pause Final Update Refs (G)         362 us
[1.733s][info][gc,stats    ] Pause Final Update Refs (N)         192 us
[1.733s][info][gc,stats    ]   Update Region States               18 us
[1.733s][info][gc,stats    ]   Trash Collection Set                2 us
[1.733s][info][gc,stats    ]   Rebuild Free Set                   21 us
[1.733s][info][gc,stats    ] Concurrent Cleanup                  103 us
[1.733s][info][gc,stats    ] 
[1.733s][info][gc,stats    ] Allocation pacing accrued:
[1.733s][info][gc,stats    ]       0 of    38 ms (  0.0%): <total>
[1.733s][info][gc,stats    ]       0 of    38 ms (  0.0%): <average total>
[1.733s][info][gc,stats    ] 
[1.733s][info][gc,metaspace] Metaspace: 8155K(8384K)->8234K(8448K) NonClass: 7321K(7424K)->7390K(7488K) Class: 833K(960K)->843K(960K)
[1.733s][info][gc,ergo     ] Pacer for Idle. Initial: 40642K, Alloc Tax Rate: 1.0x
[1.734s][info][gc          ] Trigger: Start next cycle immediately
[1.734s][info][gc,ergo     ] Free: 1870M, Max: 512K regular, 1870M humongous, Frag: 1% external, 0% internal; Reserve: 101888K, Max: 512K
[1.734s][info][gc,start    ] GC(97) Concurrent reset
[1.734s][info][gc,task     ] GC(97) Using 2 of 8 workers for concurrent reset
[1.734s][info][gc,ergo     ] GC(97) Pacer for Reset. Non-Taxable: 1984M
[1.735s][info][gc          ] GC(97) Concurrent reset 0.233ms
[1.735s][info][gc,start    ] GC(97) Pause Init Mark (unload classes)
[1.735s][info][gc,task     ] GC(97) Using 8 of 8 workers for init marking
[1.735s][info][gc,ergo     ] GC(97) Pacer for Mark. Expected Live: 11541K, Free: 1870M, Non-Taxable: 187M, Alloc Tax Rate: 0.0x
[1.735s][info][gc          ] GC(97) Pause Init Mark (unload classes) 0.067ms
[1.735s][info][gc,start    ] GC(97) Concurrent marking roots
[1.735s][info][gc,task     ] GC(97) Using 2 of 8 workers for concurrent marking roots
[1.735s][info][gc          ] GC(97) Concurrent marking roots 0.169ms
[1.735s][info][gc,start    ] GC(97) Concurrent marking (unload classes)
[1.735s][info][gc,task     ] GC(97) Using 2 of 8 workers for concurrent marking
[1.738s][info][gc          ] GC(97) Concurrent marking (unload classes) 2.749ms
[1.738s][info][gc,start    ] GC(97) Pause Final Mark (unload classes)
[1.738s][info][gc,task     ] GC(97) Using 8 of 8 workers for final marking
[1.738s][info][gc,ergo     ] GC(97) Collectable Garbage: 2316K (100%), Immediate: 0B (0%), CSet: 2316K (100%)
[1.738s][info][gc,ergo     ] GC(97) Pacer for Evacuation. Used CSet: 12368K, Free: 1870M, Non-Taxable: 187M, Alloc Tax Rate: 1.1x
[1.738s][info][gc          ] GC(97) Pause Final Mark (unload classes) 0.271ms
[1.738s][info][gc,start    ] GC(97) Concurrent thread roots
[1.738s][info][gc,task     ] GC(97) Using 2 of 8 workers for Concurrent thread roots
[1.738s][info][gc          ] GC(97) Concurrent thread roots 0.124ms
[1.738s][info][gc,start    ] GC(97) Concurrent weak references
[1.738s][info][gc,task     ] GC(97) Using 2 of 8 workers for concurrent weak references
[1.738s][info][gc,ref      ] GC(97) Encountered references: Soft: 3606, Weak: 1170, Final: 4, Phantom: 585
[1.738s][info][gc,ref      ] GC(97) Discovered  references: Soft: 0, Weak: 430, Final: 1, Phantom: 380
[1.738s][info][gc,ref      ] GC(97) Enqueued    references: Soft: 0, Weak: 0, Final: 0, Phantom: 0
[1.738s][info][gc          ] GC(97) Concurrent weak references 0.124ms
[1.738s][info][gc,start    ] GC(97) Concurrent weak roots
[1.738s][info][gc,task     ] GC(97) Using 2 of 8 workers for concurrent weak root
[1.739s][info][gc          ] GC(97) Concurrent weak roots 0.467ms
[1.739s][info][gc,start    ] GC(97) Concurrent cleanup
[1.739s][info][gc          ] GC(97) Concurrent cleanup 14M->14M(147M) 0.063ms
[1.739s][info][gc,ergo     ] GC(97) Free: 1870M, Max: 512K regular, 1870M humongous, Frag: 0% external, 0% internal; Reserve: 100989K, Max: 512K
[1.739s][info][gc,start    ] GC(97) Concurrent class unloading
[1.739s][info][gc,task     ] GC(97) Using 2 of 8 workers for concurrent class unloading
[1.740s][info][gc          ] GC(97) Concurrent class unloading 1.219ms
[1.740s][info][gc,start    ] GC(97) Concurrent strong roots
[1.740s][info][gc,task     ] GC(97) Using 2 of 8 workers for concurrent strong root
[1.740s][info][gc          ] GC(97) Concurrent strong roots 0.207ms
[1.740s][info][gc,start    ] GC(97) Concurrent evacuation
[1.740s][info][gc,task     ] GC(97) Using 2 of 8 workers for concurrent evacuation
[1.742s][info][gc          ] GC(97) Concurrent evacuation 2.045ms
[1.743s][info][gc,start    ] GC(97) Pause Init Update Refs
[1.743s][info][gc,ergo     ] GC(97) Pacer for Update Refs. Used: 26205K, Free: 1870M, Non-Taxable: 187M, Alloc Tax Rate: 1.1x
[1.743s][info][gc          ] GC(97) Pause Init Update Refs 0.039ms
[1.743s][info][gc,start    ] GC(97) Concurrent update references
[1.743s][info][gc,task     ] GC(97) Using 2 of 8 workers for concurrent reference update
[1.745s][info][gc          ] GC(97) Concurrent update references 2.287ms
[1.745s][info][gc,start    ] GC(97) Concurrent update thread roots
[1.745s][info][gc          ] GC(97) Concurrent update thread roots 0.149ms
[1.747s][info][gc,start    ] GC(97) Pause Final Update Refs
[1.747s][info][gc,task     ] GC(97) Using 8 of 8 workers for final reference update
[1.747s][info][gc          ] GC(97) Pause Final Update Refs 0.070ms
[1.747s][info][gc,start    ] GC(97) Concurrent cleanup
[1.748s][info][gc          ] GC(97) Concurrent cleanup 25M->13M(147M) 0.102ms
[1.748s][info][gc,ergo     ] Free: 1871M, Max: 512K regular, 1870M humongous, Frag: 1% external, 0% internal; Reserve: 101888K, Max: 512K
[1.748s][info][gc,stats    ] 
[1.748s][info][gc,stats    ] All times are wall-clock times, except per-root-class counters, that are sum over
[1.748s][info][gc,stats    ] all workers. Dividing the <total> over the root stage time estimates parallelism.
[1.748s][info][gc,stats    ] 
[1.748s][info][gc,stats    ] Concurrent Reset                    250 us
[1.748s][info][gc,stats    ] Pause Init Mark (G)                 192 us
[1.748s][info][gc,stats    ] Pause Init Mark (N)                  76 us
[1.748s][info][gc,stats    ]   Update Region States               18 us
[1.748s][info][gc,stats    ] Concurrent Mark Roots               178 us, parallelism: 0.92x
[1.748s][info][gc,stats    ]   CMR: <total>                      163 us
[1.748s][info][gc,stats    ]   CMR: Thread Roots                  86 us, workers (us):  10,  75, ---, ---, ---, ---, ---, ---, 
[1.748s][info][gc,stats    ]   CMR: VM Strong Roots                6 us, workers (us):   5,   1, ---, ---, ---, ---, ---, ---, 
[1.748s][info][gc,stats    ]   CMR: CLDG Roots                    72 us, workers (us):  72, ---, ---, ---, ---, ---, ---, ---, 
[1.748s][info][gc,stats    ] Concurrent Marking                 2771 us
[1.748s][info][gc,stats    ] Pause Final Mark (G)                344 us
[1.748s][info][gc,stats    ] Pause Final Mark (N)                280 us
[1.748s][info][gc,stats    ]   Finish Mark                       115 us
[1.748s][info][gc,stats    ]   Update Region States               12 us
[1.748s][info][gc,stats    ]   Choose Collection Set              80 us
[1.748s][info][gc,stats    ]   Rebuild Free Set                   21 us
[1.748s][info][gc,stats    ] Concurrent Thread Roots             137 us, parallelism: 0.67x
[1.748s][info][gc,stats    ]   CTR: <total>                       91 us
[1.748s][info][gc,stats    ]   CTR: Thread Roots                  91 us, workers (us):  91,   0, ---, ---, ---, ---, ---, ---, 
[1.748s][info][gc,stats    ] Concurrent Weak References          131 us, parallelism: 0.44x
[1.748s][info][gc,stats    ]   CWRF: <total>                      58 us
[1.748s][info][gc,stats    ]   CWRF: Weak References              58 us, workers (us):  55,   3, ---, ---, ---, ---, ---, ---, 
[1.748s][info][gc,stats    ] Concurrent Weak Roots               478 us
[1.748s][info][gc,stats    ]   Roots                             425 us, parallelism: 1.73x
[1.748s][info][gc,stats    ]     CWR: <total>                    736 us
[1.748s][info][gc,stats    ]     CWR: Code Cache Roots           361 us, workers (us): 153, 208, ---, ---, ---, ---, ---, ---, 
[1.748s][info][gc,stats    ]     CWR: VM Weak Roots              369 us, workers (us): 182, 187, ---, ---, ---, ---, ---, ---, 
[1.748s][info][gc,stats    ]     CWR: CLDG Roots                   6 us, workers (us):   6, ---, ---, ---, ---, ---, ---, ---, 
[1.748s][info][gc,stats    ]   Rendezvous                         26 us
[1.748s][info][gc,stats    ] Concurrent Cleanup                   72 us
[1.748s][info][gc,stats    ] Concurrent Class Unloading         1240 us
[1.748s][info][gc,stats    ]   Unlink Stale                      734 us
[1.748s][info][gc,stats    ]     System Dictionary                32 us
[1.748s][info][gc,stats    ]     Weak Class Links                  0 us
[1.748s][info][gc,stats    ]     Code Roots                      701 us
[1.748s][info][gc,stats    ]   Rendezvous                        346 us
[1.748s][info][gc,stats    ]   Purge Unlinked                    118 us
[1.748s][info][gc,stats    ]     Code Roots                      114 us
[1.748s][info][gc,stats    ]     CLDG                              4 us
[1.748s][info][gc,stats    ]     Exception Caches                  0 us
[1.748s][info][gc,stats    ] Concurrent Strong Roots             218 us, parallelism: 0.78x
[1.748s][info][gc,stats    ]   CSR: <total>                      171 us
[1.748s][info][gc,stats    ]   CSR: VM Strong Roots                9 us, workers (us):   5,   4, ---, ---, ---, ---, ---, ---, 
[1.748s][info][gc,stats    ]   CSR: CLDG Roots                   162 us, workers (us): ---, 162, ---, ---, ---, ---, ---, ---, 
[1.748s][info][gc,stats    ] Concurrent Evacuation              2067 us
[1.748s][info][gc,stats    ] Pause Init Update Refs (G)          149 us
[1.748s][info][gc,stats    ] Pause Init Update Refs (N)           48 us
[1.748s][info][gc,stats    ]   Manage GCLABs                       5 us
[1.748s][info][gc,stats    ] Concurrent Update Refs             2322 us
[1.748s][info][gc,stats    ] Concurrent Update Thread Roots      161 us
[1.748s][info][gc,stats    ] Pause Final Update Refs (G)        2249 us
[1.748s][info][gc,stats    ] Pause Final Update Refs (N)          79 us
[1.748s][info][gc,stats    ]   Update Region States               15 us
[1.748s][info][gc,stats    ]   Trash Collection Set                3 us
[1.748s][info][gc,stats    ]   Rebuild Free Set                   15 us
[1.748s][info][gc,stats    ] Concurrent Cleanup                  115 us
[1.748s][info][gc,stats    ] 
[1.748s][info][gc,stats    ] Allocation pacing accrued:
[1.748s][info][gc,stats    ]       0 of    15 ms (  0.0%): <total>
[1.748s][info][gc,stats    ]       0 of    15 ms (  0.0%): <average total>
[1.748s][info][gc,stats    ] 
[1.748s][info][gc,metaspace] Metaspace: 8249K(8512K)->8276K(8512K) NonClass: 7402K(7552K)->7426K(7552K) Class: 846K(960K)->850K(960K)
[1.748s][info][gc,ergo     ] Pacer for Idle. Initial: 40642K, Alloc Tax Rate: 1.0x
[1.754s][info][gc          ] Trigger: Start next cycle immediately
[1.754s][info][gc,ergo     ] Free: 1871M, Max: 512K regular, 1870M humongous, Frag: 1% external, 0% internal; Reserve: 101888K, Max: 512K
[1.754s][info][gc,start    ] GC(98) Concurrent reset
[1.754s][info][gc,task     ] GC(98) Using 2 of 8 workers for concurrent reset
[1.754s][info][gc,ergo     ] GC(98) Pacer for Reset. Non-Taxable: 1984M
[1.754s][info][gc          ] GC(98) Concurrent reset 0.241ms
[1.758s][info][gc,start    ] GC(98) Pause Init Mark (unload classes)
[1.758s][info][gc,task     ] GC(98) Using 8 of 8 workers for init marking
[1.758s][info][gc,ergo     ] GC(98) Pacer for Mark. Expected Live: 11576K, Free: 1871M, Non-Taxable: 187M, Alloc Tax Rate: 0.0x
[1.758s][info][gc          ] GC(98) Pause Init Mark (unload classes) 0.085ms
[1.758s][info][gc,start    ] GC(98) Concurrent marking roots
[1.758s][info][gc,task     ] GC(98) Using 2 of 8 workers for concurrent marking roots
[1.758s][info][gc          ] GC(98) Concurrent marking roots 0.176ms
[1.758s][info][gc,start    ] GC(98) Concurrent marking (unload classes)
[1.758s][info][gc,task     ] GC(98) Using 2 of 8 workers for concurrent marking
[1.762s][info][gc          ] GC(98) Concurrent marking (unload classes) 3.563ms
[1.762s][info][gc,start    ] GC(98) Pause Final Mark (unload classes)
[1.762s][info][gc,task     ] GC(98) Using 8 of 8 workers for final marking
[1.762s][info][gc,ergo     ] GC(98) Collectable Garbage: 2142K (100%), Immediate: 0B (0%), CSet: 2142K (100%)
[1.762s][info][gc,ergo     ] GC(98) Pacer for Evacuation. Used CSet: 12237K, Free: 1870M, Non-Taxable: 187M, Alloc Tax Rate: 1.1x
[1.762s][info][gc          ] GC(98) Pause Final Mark (unload classes) 0.208ms
[1.762s][info][gc,start    ] GC(98) Concurrent thread roots
[1.762s][info][gc,task     ] GC(98) Using 2 of 8 workers for Concurrent thread roots
[1.762s][info][gc          ] GC(98) Concurrent thread roots 0.148ms
[1.762s][info][gc,start    ] GC(98) Concurrent weak references
[1.762s][info][gc,task     ] GC(98) Using 2 of 8 workers for concurrent weak references
[1.762s][info][gc,ref      ] GC(98) Encountered references: Soft: 3606, Weak: 1170, Final: 4, Phantom: 585
[1.762s][info][gc,ref      ] GC(98) Discovered  references: Soft: 0, Weak: 424, Final: 0, Phantom: 380
[1.762s][info][gc,ref      ] GC(98) Enqueued    references: Soft: 0, Weak: 0, Final: 0, Phantom: 0
[1.762s][info][gc          ] GC(98) Concurrent weak references 0.164ms
[1.762s][info][gc,start    ] GC(98) Concurrent weak roots
[1.762s][info][gc,task     ] GC(98) Using 2 of 8 workers for concurrent weak root
[1.763s][info][gc          ] GC(98) Concurrent weak roots 0.653ms
[1.763s][info][gc,start    ] GC(98) Concurrent cleanup
[1.763s][info][gc          ] GC(98) Concurrent cleanup 14M->14M(147M) 0.075ms
[1.763s][info][gc,ergo     ] GC(98) Free: 1870M, Max: 512K regular, 1870M humongous, Frag: 0% external, 0% internal; Reserve: 101529K, Max: 512K
[1.763s][info][gc,start    ] GC(98) Concurrent class unloading
[1.763s][info][gc,task     ] GC(98) Using 2 of 8 workers for concurrent class unloading
[1.764s][info][gc          ] GC(98) Concurrent class unloading 1.121ms
[1.764s][info][gc,start    ] GC(98) Concurrent strong roots
[1.764s][info][gc,task     ] GC(98) Using 2 of 8 workers for concurrent strong root
[1.765s][info][gc          ] GC(98) Concurrent strong roots 0.210ms
[1.765s][info][gc,start    ] GC(98) Concurrent evacuation
[1.765s][info][gc,task     ] GC(98) Using 2 of 8 workers for concurrent evacuation
[1.767s][info][gc          ] GC(98) Concurrent evacuation 2.070ms
[1.767s][info][gc,start    ] GC(98) Pause Init Update Refs
[1.767s][info][gc,ergo     ] GC(98) Pacer for Update Refs. Used: 26401K, Free: 1870M, Non-Taxable: 187M, Alloc Tax Rate: 1.1x
[1.767s][info][gc          ] GC(98) Pause Init Update Refs 0.056ms
[1.767s][info][gc,start    ] GC(98) Concurrent update references
[1.767s][info][gc,task     ] GC(98) Using 2 of 8 workers for concurrent reference update
[1.769s][info][gc          ] GC(98) Concurrent update references 2.328ms
[1.769s][info][gc,start    ] GC(98) Concurrent update thread roots
[1.769s][info][gc          ] GC(98) Concurrent update thread roots 0.226ms
[1.769s][info][gc,start    ] GC(98) Pause Final Update Refs
[1.770s][info][gc,task     ] GC(98) Using 8 of 8 workers for final reference update
[1.770s][info][gc          ] GC(98) Pause Final Update Refs 0.067ms
[1.770s][info][gc,start    ] GC(98) Concurrent cleanup
[1.770s][info][gc          ] GC(98) Concurrent cleanup 25M->13M(147M) 0.070ms
[1.770s][info][gc,ergo     ] Free: 1870M, Max: 512K regular, 1870M humongous, Frag: 1% external, 0% internal; Reserve: 101888K, Max: 512K
[1.770s][info][gc,stats    ] 
[1.770s][info][gc,stats    ] All times are wall-clock times, except per-root-class counters, that are sum over
[1.770s][info][gc,stats    ] all workers. Dividing the <total> over the root stage time estimates parallelism.
[1.770s][info][gc,stats    ] 
[1.770s][info][gc,stats    ] Concurrent Reset                    258 us
[1.770s][info][gc,stats    ] Pause Init Mark (G)                3966 us
[1.770s][info][gc,stats    ] Pause Init Mark (N)                  95 us
[1.770s][info][gc,stats    ]   Update Region States               18 us
[1.770s][info][gc,stats    ] Concurrent Mark Roots               188 us, parallelism: 0.72x
[1.770s][info][gc,stats    ]   CMR: <total>                      135 us
[1.770s][info][gc,stats    ]   CMR: Thread Roots                  61 us, workers (us):   0,  61, ---, ---, ---, ---, ---, ---, 
[1.770s][info][gc,stats    ]   CMR: VM Strong Roots                6 us, workers (us):   3,   3, ---, ---, ---, ---, ---, ---, 
[1.770s][info][gc,stats    ]   CMR: CLDG Roots                    68 us, workers (us):  68, ---, ---, ---, ---, ---, ---, ---, 
[1.770s][info][gc,stats    ] Concurrent Marking                 3585 us
[1.770s][info][gc,stats    ] Pause Final Mark (G)                313 us
[1.770s][info][gc,stats    ] Pause Final Mark (N)                218 us
[1.770s][info][gc,stats    ]   Finish Mark                        90 us
[1.770s][info][gc,stats    ]   Update Region States               12 us
[1.770s][info][gc,stats    ]   Choose Collection Set              36 us
[1.770s][info][gc,stats    ]   Rebuild Free Set                   15 us
[1.770s][info][gc,stats    ] Concurrent Thread Roots             159 us, parallelism: 0.86x
[1.770s][info][gc,stats    ]   CTR: <total>                      138 us
[1.770s][info][gc,stats    ]   CTR: Thread Roots                 138 us, workers (us):  90,  47, ---, ---, ---, ---, ---, ---, 
[1.770s][info][gc,stats    ] Concurrent Weak References          172 us, parallelism: 1.20x
[1.770s][info][gc,stats    ]   CWRF: <total>                     206 us
[1.770s][info][gc,stats    ]   CWRF: Weak References             206 us, workers (us): 105, 102, ---, ---, ---, ---, ---, ---, 
[1.770s][info][gc,stats    ] Concurrent Weak Roots               673 us
[1.770s][info][gc,stats    ]   Roots                             529 us, parallelism: 1.59x
[1.770s][info][gc,stats    ]     CWR: <total>                    840 us
[1.770s][info][gc,stats    ]     CWR: Code Cache Roots           473 us, workers (us): 294, 179, ---, ---, ---, ---, ---, ---, 
[1.770s][info][gc,stats    ]     CWR: VM Weak Roots              364 us, workers (us): 186, 178, ---, ---, ---, ---, ---, ---, 
[1.770s][info][gc,stats    ]     CWR: CLDG Roots                   4 us, workers (us): ---,   4, ---, ---, ---, ---, ---, ---, 
[1.770s][info][gc,stats    ]   Rendezvous                        104 us
[1.770s][info][gc,stats    ] Concurrent Cleanup                   84 us
[1.770s][info][gc,stats    ] Concurrent Class Unloading         1143 us
[1.770s][info][gc,stats    ]   Unlink Stale                      826 us
[1.770s][info][gc,stats    ]     System Dictionary                45 us
[1.770s][info][gc,stats    ]     Weak Class Links                  0 us
[1.770s][info][gc,stats    ]     Code Roots                      779 us
[1.770s][info][gc,stats    ]   Rendezvous                        269 us
[1.770s][info][gc,stats    ]   Purge Unlinked                      8 us
[1.770s][info][gc,stats    ]     Code Roots                        1 us
[1.770s][info][gc,stats    ]     CLDG                              6 us
[1.770s][info][gc,stats    ]     Exception Caches                  0 us
[1.770s][info][gc,stats    ] Concurrent Strong Roots             225 us, parallelism: 0.83x
[1.770s][info][gc,stats    ]   CSR: <total>                      186 us
[1.770s][info][gc,stats    ]   CSR: VM Strong Roots               25 us, workers (us):  22,   3, ---, ---, ---, ---, ---, ---, 
[1.770s][info][gc,stats    ]   CSR: CLDG Roots                   162 us, workers (us): ---, 162, ---, ---, ---, ---, ---, ---, 
[1.770s][info][gc,stats    ] Concurrent Evacuation              2106 us
[1.770s][info][gc,stats    ] Pause Init Update Refs (G)           98 us
[1.770s][info][gc,stats    ] Pause Init Update Refs (N)           73 us
[1.770s][info][gc,stats    ]   Manage GCLABs                       3 us
[1.770s][info][gc,stats    ] Concurrent Update Refs             2351 us
[1.770s][info][gc,stats    ] Concurrent Update Thread Roots      241 us
[1.770s][info][gc,stats    ] Pause Final Update Refs (G)         176 us
[1.770s][info][gc,stats    ] Pause Final Update Refs (N)          77 us
[1.770s][info][gc,stats    ]   Update Region States               18 us
[1.770s][info][gc,stats    ]   Trash Collection Set                2 us
[1.770s][info][gc,stats    ]   Rebuild Free Set                   16 us
[1.770s][info][gc,stats    ] Concurrent Cleanup                   81 us
[1.770s][info][gc,stats    ] 
[1.770s][info][gc,stats    ] Allocation pacing accrued:
[1.770s][info][gc,stats    ]       0 of    22 ms (  0.0%): <total>
[1.770s][info][gc,stats    ]       0 of    22 ms (  0.0%): <average total>
[1.770s][info][gc,stats    ] 
[1.770s][info][gc,metaspace] Metaspace: 8318K(8512K)->8446K(8704K) NonClass: 7464K(7552K)->7591K(7744K) Class: 853K(960K)->854K(960K)
[1.770s][info][gc,ergo     ] Pacer for Idle. Initial: 40642K, Alloc Tax Rate: 1.0x
[1.772s][info][gc          ] Trigger: Start next cycle immediately
[1.772s][info][gc,ergo     ] Free: 1870M, Max: 512K regular, 1870M humongous, Frag: 1% external, 0% internal; Reserve: 101888K, Max: 512K
[1.772s][info][gc,start    ] GC(99) Concurrent reset
[1.772s][info][gc,task     ] GC(99) Using 2 of 8 workers for concurrent reset
[1.772s][info][gc,ergo     ] GC(99) Pacer for Reset. Non-Taxable: 1984M
[1.772s][info][gc          ] GC(99) Concurrent reset 0.248ms
[1.772s][info][gc,start    ] GC(99) Pause Init Mark (unload classes)
[1.772s][info][gc,task     ] GC(99) Using 8 of 8 workers for init marking
[1.772s][info][gc,ergo     ] GC(99) Pacer for Mark. Expected Live: 11619K, Free: 1870M, Non-Taxable: 187M, Alloc Tax Rate: 0.0x
[1.772s][info][gc          ] GC(99) Pause Init Mark (unload classes) 0.074ms
[1.772s][info][gc,start    ] GC(99) Concurrent marking roots
[1.772s][info][gc,task     ] GC(99) Using 2 of 8 workers for concurrent marking roots
[1.772s][info][gc          ] GC(99) Concurrent marking roots 0.139ms
[1.772s][info][gc,start    ] GC(99) Concurrent marking (unload classes)
[1.772s][info][gc,task     ] GC(99) Using 2 of 8 workers for concurrent marking
[1.775s][info][gc          ] GC(99) Concurrent marking (unload classes) 3.098ms
[1.776s][info][gc,start    ] GC(99) Pause Final Mark (unload classes)
[1.776s][info][gc,task     ] GC(99) Using 8 of 8 workers for final marking
[1.776s][info][gc,ergo     ] GC(99) Collectable Garbage: 2422K (100%), Immediate: 0B (0%), CSet: 2422K (100%)
[1.776s][info][gc,ergo     ] GC(99) Pacer for Evacuation. Used CSet: 12288K, Free: 1870M, Non-Taxable: 187M, Alloc Tax Rate: 1.1x
[1.776s][info][gc          ] GC(99) Pause Final Mark (unload classes) 0.231ms
[1.776s][info][gc,start    ] GC(99) Concurrent thread roots
[1.776s][info][gc,task     ] GC(99) Using 2 of 8 workers for Concurrent thread roots
[1.776s][info][gc          ] GC(99) Concurrent thread roots 0.097ms
[1.776s][info][gc,start    ] GC(99) Concurrent weak references
[1.776s][info][gc,task     ] GC(99) Using 2 of 8 workers for concurrent weak references
[1.776s][info][gc,ref      ] GC(99) Encountered references: Soft: 3606, Weak: 1170, Final: 4, Phantom: 585
[1.776s][info][gc,ref      ] GC(99) Discovered  references: Soft: 0, Weak: 423, Final: 0, Phantom: 381
[1.776s][info][gc,ref      ] GC(99) Enqueued    references: Soft: 0, Weak: 0, Final: 0, Phantom: 0
[1.776s][info][gc          ] GC(99) Concurrent weak references 0.100ms
[1.776s][info][gc,start    ] GC(99) Concurrent weak roots
[1.776s][info][gc,task     ] GC(99) Using 2 of 8 workers for concurrent weak root
[1.777s][info][gc          ] GC(99) Concurrent weak roots 0.472ms
[1.777s][info][gc,start    ] GC(99) Concurrent cleanup
[1.777s][info][gc          ] GC(99) Concurrent cleanup 15M->15M(147M) 0.066ms
[1.777s][info][gc,ergo     ] GC(99) Free: 1869M, Max: 512K regular, 1869M humongous, Frag: 0% external, 0% internal; Reserve: 100864K, Max: 512K
[1.777s][info][gc,start    ] GC(99) Concurrent class unloading
[1.777s][info][gc,task     ] GC(99) Using 2 of 8 workers for concurrent class unloading
[1.778s][info][gc          ] GC(99) Concurrent class unloading 0.951ms
[1.778s][info][gc,start    ] GC(99) Concurrent strong roots
[1.778s][info][gc,task     ] GC(99) Using 2 of 8 workers for concurrent strong root
[1.778s][info][gc          ] GC(99) Concurrent strong roots 0.196ms
[1.778s][info][gc,start    ] GC(99) Concurrent evacuation
[1.778s][info][gc,task     ] GC(99) Using 2 of 8 workers for concurrent evacuation
[1.780s][info][gc          ] GC(99) Concurrent evacuation 1.872ms
[1.780s][info][gc,start    ] GC(99) Pause Init Update Refs
[1.780s][info][gc,ergo     ] GC(99) Pacer for Update Refs. Used: 26904K, Free: 1869M, Non-Taxable: 186M, Alloc Tax Rate: 1.1x
[1.780s][info][gc          ] GC(99) Pause Init Update Refs 0.032ms
[1.780s][info][gc,start    ] GC(99) Concurrent update references
[1.780s][info][gc,task     ] GC(99) Using 2 of 8 workers for concurrent reference update
[1.790s][info][gc          ] GC(99) Concurrent update references 9.769ms
[1.790s][info][gc,start    ] GC(99) Concurrent update thread roots
[1.799s][info][gc          ] GC(99) Concurrent update thread roots 8.495ms
[1.799s][info][gc,start    ] GC(99) Pause Final Update Refs
[1.799s][info][gc,task     ] GC(99) Using 8 of 8 workers for final reference update
[1.799s][info][gc          ] GC(99) Pause Final Update Refs 0.089ms
[1.799s][info][gc,start    ] GC(99) Concurrent cleanup
[1.799s][info][gc          ] GC(99) Concurrent cleanup 26M->14M(147M) 0.104ms
[1.799s][info][gc,ergo     ] Free: 1870M, Max: 512K regular, 1869M humongous, Frag: 1% external, 0% internal; Reserve: 101888K, Max: 512K
[1.800s][info][gc,stats    ] 
[1.800s][info][gc,stats    ] All times are wall-clock times, except per-root-class counters, that are sum over
[1.800s][info][gc,stats    ] all workers. Dividing the <total> over the root stage time estimates parallelism.
[1.800s][info][gc,stats    ] 
[1.800s][info][gc,stats    ] Concurrent Reset                    268 us
[1.800s][info][gc,stats    ] Pause Init Mark (G)                 182 us
[1.800s][info][gc,stats    ] Pause Init Mark (N)                  84 us
[1.800s][info][gc,stats    ]   Update Region States               17 us
[1.800s][info][gc,stats    ] Concurrent Mark Roots               151 us, parallelism: 0.72x
[1.800s][info][gc,stats    ]   CMR: <total>                      109 us
[1.800s][info][gc,stats    ]   CMR: Thread Roots                  41 us, workers (us):   0,  41, ---, ---, ---, ---, ---, ---, 
[1.800s][info][gc,stats    ]   CMR: VM Strong Roots                6 us, workers (us):   3,   2, ---, ---, ---, ---, ---, ---, 
[1.800s][info][gc,stats    ]   CMR: CLDG Roots                    62 us, workers (us):  62, ---, ---, ---, ---, ---, ---, ---, 
[1.800s][info][gc,stats    ] Concurrent Marking                 3123 us
[1.800s][info][gc,stats    ] Pause Final Mark (G)                811 us
[1.800s][info][gc,stats    ] Pause Final Mark (N)                241 us
[1.800s][info][gc,stats    ]   Finish Mark                       114 us
[1.800s][info][gc,stats    ]   Update Region States               12 us
[1.800s][info][gc,stats    ]   Choose Collection Set              33 us
[1.800s][info][gc,stats    ]   Rebuild Free Set                   15 us
[1.800s][info][gc,stats    ] Concurrent Thread Roots             108 us, parallelism: 0.64x
[1.800s][info][gc,stats    ]   CTR: <total>                       68 us
[1.800s][info][gc,stats    ]   CTR: Thread Roots                  68 us, workers (us):  33,  35, ---, ---, ---, ---, ---, ---, 
[1.800s][info][gc,stats    ] Concurrent Weak References          108 us, parallelism: 0.56x
[1.800s][info][gc,stats    ]   CWRF: <total>                      60 us
[1.800s][info][gc,stats    ]   CWRF: Weak References              60 us, workers (us):  28,  32, ---, ---, ---, ---, ---, ---, 
[1.800s][info][gc,stats    ] Concurrent Weak Roots               489 us
[1.800s][info][gc,stats    ]   Roots                             426 us, parallelism: 1.71x
[1.800s][info][gc,stats    ]     CWR: <total>                    727 us
[1.800s][info][gc,stats    ]     CWR: Code Cache Roots           362 us, workers (us): 153, 209, ---, ---, ---, ---, ---, ---, 
[1.800s][info][gc,stats    ]     CWR: VM Weak Roots              362 us, workers (us): 179, 183, ---, ---, ---, ---, ---, ---, 
[1.800s][info][gc,stats    ]     CWR: CLDG Roots                   3 us, workers (us):   3, ---, ---, ---, ---, ---, ---, ---, 
[1.800s][info][gc,stats    ]   Rendezvous                         27 us
[1.800s][info][gc,stats    ] Concurrent Cleanup                   74 us
[1.800s][info][gc,stats    ] Concurrent Class Unloading          972 us
[1.800s][info][gc,stats    ]   Unlink Stale                      801 us
[1.800s][info][gc,stats    ]     System Dictionary                31 us
[1.800s][info][gc,stats    ]     Weak Class Links                  0 us
[1.800s][info][gc,stats    ]     Code Roots                      769 us
[1.800s][info][gc,stats    ]   Rendezvous                        125 us
[1.800s][info][gc,stats    ]   Purge Unlinked                      4 us
[1.800s][info][gc,stats    ]     Code Roots                        1 us
[1.800s][info][gc,stats    ]     CLDG                              3 us
[1.800s][info][gc,stats    ]     Exception Caches                  0 us
[1.800s][info][gc,stats    ] Concurrent Strong Roots             209 us, parallelism: 0.77x
[1.800s][info][gc,stats    ]   CSR: <total>                      161 us
[1.800s][info][gc,stats    ]   CSR: VM Strong Roots               10 us, workers (us):   5,   5, ---, ---, ---, ---, ---, ---, 
[1.800s][info][gc,stats    ]   CSR: CLDG Roots                   151 us, workers (us): 151, ---, ---, ---, ---, ---, ---, ---, 
[1.800s][info][gc,stats    ] Concurrent Evacuation              1897 us
[1.800s][info][gc,stats    ] Pause Init Update Refs (G)          371 us
[1.800s][info][gc,stats    ] Pause Init Update Refs (N)           40 us
[1.800s][info][gc,stats    ]   Manage GCLABs                       3 us
[1.800s][info][gc,stats    ] Concurrent Update Refs             9795 us
[1.800s][info][gc,stats    ] Concurrent Update Thread Roots     8524 us
[1.800s][info][gc,stats    ] Pause Final Update Refs (G)         585 us
[1.800s][info][gc,stats    ] Pause Final Update Refs (N)         103 us
[1.800s][info][gc,stats    ]   Update Region States               26 us
[1.800s][info][gc,stats    ]   Trash Collection Set                3 us
[1.800s][info][gc,stats    ]   Rebuild Free Set                   16 us
[1.800s][info][gc,stats    ] Concurrent Cleanup                  116 us
[1.800s][info][gc,stats    ] 
[1.800s][info][gc,stats    ] Allocation pacing accrued:
[1.800s][info][gc,stats    ]       0 of    30 ms (  0.0%): <total>
[1.800s][info][gc,stats    ]       0 of    30 ms (  0.0%): <average total>
[1.800s][info][gc,stats    ] 
[1.800s][info][gc,metaspace] Metaspace: 8493K(8768K)->8590K(8832K) NonClass: 7635K(7808K)->7709K(7872K) Class: 857K(960K)->881K(960K)
[1.800s][info][gc,ergo     ] Pacer for Idle. Initial: 40642K, Alloc Tax Rate: 1.0x
[1.801s][info][gc          ] Trigger: Start next cycle immediately
[1.801s][info][gc,ergo     ] Free: 1870M, Max: 512K regular, 1869M humongous, Frag: 1% external, 0% internal; Reserve: 101888K, Max: 512K
[1.801s][info][gc,start    ] GC(100) Concurrent reset
[1.801s][info][gc,task     ] GC(100) Using 2 of 8 workers for concurrent reset
[1.801s][info][gc,ergo     ] GC(100) Pacer for Reset. Non-Taxable: 1984M
[1.802s][info][gc          ] GC(100) Concurrent reset 0.233ms
[1.802s][info][gc,start    ] GC(100) Pause Init Mark (unload classes)
[1.802s][info][gc,task     ] GC(100) Using 8 of 8 workers for init marking
[1.802s][info][gc,ergo     ] GC(100) Pacer for Mark. Expected Live: 11666K, Free: 1870M, Non-Taxable: 187M, Alloc Tax Rate: 0.0x
[1.802s][info][gc          ] GC(100) Pause Init Mark (unload classes) 0.069ms
[1.802s][info][gc,start    ] GC(100) Concurrent marking roots
[1.802s][info][gc,task     ] GC(100) Using 2 of 8 workers for concurrent marking roots
[1.802s][info][gc          ] GC(100) Concurrent marking roots 0.156ms
[1.802s][info][gc,start    ] GC(100) Concurrent marking (unload classes)
[1.802s][info][gc,task     ] GC(100) Using 2 of 8 workers for concurrent marking
[1.805s][info][gc          ] GC(100) Concurrent marking (unload classes) 3.425ms
[1.806s][info][gc,start    ] GC(100) Pause Final Mark (unload classes)
[1.806s][info][gc,task     ] GC(100) Using 8 of 8 workers for final marking
[1.807s][info][gc,ergo     ] GC(100) Collectable Garbage: 2926K (100%), Immediate: 0B (0%), CSet: 2926K (100%)
[1.809s][info][gc,ergo     ] GC(100) Pacer for Evacuation. Used CSet: 12741K, Free: 1869M, Non-Taxable: 186M, Alloc Tax Rate: 1.1x
[1.809s][info][gc          ] GC(100) Pause Final Mark (unload classes) 3.139ms
[1.809s][info][gc,start    ] GC(100) Concurrent thread roots
[1.809s][info][gc,task     ] GC(100) Using 2 of 8 workers for Concurrent thread roots
[1.809s][info][gc          ] GC(100) Concurrent thread roots 0.112ms
[1.809s][info][gc,start    ] GC(100) Concurrent weak references
[1.809s][info][gc,task     ] GC(100) Using 2 of 8 workers for concurrent weak references
[1.809s][info][gc,ref      ] GC(100) Encountered references: Soft: 3606, Weak: 1170, Final: 4, Phantom: 585
[1.809s][info][gc,ref      ] GC(100) Discovered  references: Soft: 0, Weak: 435, Final: 1, Phantom: 380
[1.809s][info][gc,ref      ] GC(100) Enqueued    references: Soft: 0, Weak: 0, Final: 0, Phantom: 0
[1.809s][info][gc          ] GC(100) Concurrent weak references 0.158ms
[1.809s][info][gc,start    ] GC(100) Concurrent weak roots
[1.809s][info][gc,task     ] GC(100) Using 2 of 8 workers for concurrent weak root
[1.816s][info][gc          ] GC(100) Concurrent weak roots 6.639ms
[1.816s][info][gc,start    ] GC(100) Concurrent cleanup
[1.816s][info][gc          ] GC(100) Concurrent cleanup 15M->15M(147M) 0.076ms
[1.816s][info][gc,ergo     ] GC(100) Free: 1869M, Max: 512K regular, 1869M humongous, Frag: 0% external, 0% internal; Reserve: 101490K, Max: 512K
[1.816s][info][gc,start    ] GC(100) Concurrent class unloading
[1.816s][info][gc,task     ] GC(100) Using 2 of 8 workers for concurrent class unloading
[1.817s][info][gc          ] GC(100) Concurrent class unloading 1.606ms
[1.817s][info][gc,start    ] GC(100) Concurrent strong roots
[1.817s][info][gc,task     ] GC(100) Using 2 of 8 workers for concurrent strong root
[1.818s][info][gc          ] GC(100) Concurrent strong roots 0.931ms
[1.818s][info][gc,start    ] GC(100) Concurrent evacuation
[1.818s][info][gc,task     ] GC(100) Using 2 of 8 workers for concurrent evacuation
[1.820s][info][gc          ] GC(100) Concurrent evacuation 1.908ms
[1.820s][info][gc,start    ] GC(100) Pause Init Update Refs
[1.820s][info][gc,ergo     ] GC(100) Pacer for Update Refs. Used: 26389K, Free: 1869M, Non-Taxable: 186M, Alloc Tax Rate: 1.1x
[1.821s][info][gc          ] GC(100) Pause Init Update Refs 0.060ms
[1.821s][info][gc,start    ] GC(100) Concurrent update references
[1.821s][info][gc,task     ] GC(100) Using 2 of 8 workers for concurrent reference update
[1.823s][info][gc          ] GC(100) Concurrent update references 2.487ms
[1.823s][info][gc,start    ] GC(100) Concurrent update thread roots
[1.823s][info][gc          ] GC(100) Concurrent update thread roots 0.094ms
[1.823s][info][gc,start    ] GC(100) Pause Final Update Refs
[1.823s][info][gc,task     ] GC(100) Using 8 of 8 workers for final reference update
[1.823s][info][gc          ] GC(100) Pause Final Update Refs 0.069ms
[1.823s][info][gc,start    ] GC(100) Concurrent cleanup
[1.823s][info][gc          ] GC(100) Concurrent cleanup 25M->13M(147M) 0.071ms
[1.823s][info][gc,ergo     ] Free: 1871M, Max: 512K regular, 1870M humongous, Frag: 1% external, 0% internal; Reserve: 101888K, Max: 512K
[1.823s][info][gc,stats    ] 
[1.823s][info][gc,stats    ] All times are wall-clock times, except per-root-class counters, that are sum over
[1.823s][info][gc,stats    ] all workers. Dividing the <total> over the root stage time estimates parallelism.
[1.823s][info][gc,stats    ] 
[1.823s][info][gc,stats    ] Concurrent Reset                    243 us
[1.823s][info][gc,stats    ] Pause Init Mark (G)                 106 us
[1.823s][info][gc,stats    ] Pause Init Mark (N)                  77 us
[1.823s][info][gc,stats    ]   Update Region States               19 us
[1.823s][info][gc,stats    ] Concurrent Mark Roots               167 us, parallelism: 0.77x
[1.823s][info][gc,stats    ]   CMR: <total>                      129 us
[1.824s][info][gc,stats    ]   CMR: Thread Roots                  54 us, workers (us):   0,  54, ---, ---, ---, ---, ---, ---, 
[1.824s][info][gc,stats    ]   CMR: VM Strong Roots                6 us, workers (us):   4,   2, ---, ---, ---, ---, ---, ---, 
[1.824s][info][gc,stats    ]   CMR: CLDG Roots                    68 us, workers (us):  68, ---, ---, ---, ---, ---, ---, ---, 
[1.824s][info][gc,stats    ] Concurrent Marking                 3451 us
[1.824s][info][gc,stats    ] Pause Final Mark (G)               3383 us
[1.824s][info][gc,stats    ] Pause Final Mark (N)               3149 us
[1.824s][info][gc,stats    ]   Finish Mark                      1096 us
[1.824s][info][gc,stats    ]   Update Region States               16 us
[1.824s][info][gc,stats    ]   Choose Collection Set            1937 us
[1.824s][info][gc,stats    ]   Rebuild Free Set                   27 us
[1.824s][info][gc,stats    ] Concurrent Thread Roots             123 us, parallelism: 0.69x
[1.824s][info][gc,stats    ]   CTR: <total>                       84 us
[1.824s][info][gc,stats    ]   CTR: Thread Roots                  84 us, workers (us):  47,  38, ---, ---, ---, ---, ---, ---, 
[1.824s][info][gc,stats    ] Concurrent Weak References          166 us, parallelism: 1.28x
[1.824s][info][gc,stats    ]   CWRF: <total>                     213 us
[1.824s][info][gc,stats    ]   CWRF: Weak References             213 us, workers (us): 109, 104, ---, ---, ---, ---, ---, ---, 
[1.824s][info][gc,stats    ] Concurrent Weak Roots              6664 us
[1.824s][info][gc,stats    ]   Roots                            6078 us, parallelism: 0.13x
[1.824s][info][gc,stats    ]     CWR: <total>                    813 us
[1.824s][info][gc,stats    ]     CWR: Code Cache Roots           439 us, workers (us): 181, 258, ---, ---, ---, ---, ---, ---, 
[1.824s][info][gc,stats    ]     CWR: VM Weak Roots              367 us, workers (us): 367,   1, ---, ---, ---, ---, ---, ---, 
[1.824s][info][gc,stats    ]     CWR: CLDG Roots                   6 us, workers (us):   6, ---, ---, ---, ---, ---, ---, ---, 
[1.824s][info][gc,stats    ]   Rendezvous                        542 us
[1.824s][info][gc,stats    ] Concurrent Cleanup                   85 us
[1.824s][info][gc,stats    ] Concurrent Class Unloading         1621 us
[1.824s][info][gc,stats    ]   Unlink Stale                     1450 us
[1.824s][info][gc,stats    ]     System Dictionary                27 us
[1.824s][info][gc,stats    ]     Weak Class Links                  0 us
[1.824s][info][gc,stats    ]     Code Roots                     1421 us
[1.824s][info][gc,stats    ]   Rendezvous                        107 us
[1.824s][info][gc,stats    ]   Purge Unlinked                     29 us
[1.824s][info][gc,stats    ]     Code Roots                       25 us
[1.824s][info][gc,stats    ]     CLDG                              3 us
[1.824s][info][gc,stats    ]     Exception Caches                  0 us
[1.824s][info][gc,stats    ] Concurrent Strong Roots             955 us, parallelism: 0.19x
[1.824s][info][gc,stats    ]   CSR: <total>                      178 us
[1.824s][info][gc,stats    ]   CSR: VM Strong Roots               12 us, workers (us):  12,   0, ---, ---, ---, ---, ---, ---, 
[1.824s][info][gc,stats    ]   CSR: CLDG Roots                   166 us, workers (us): 166, ---, ---, ---, ---, ---, ---, ---, 
[1.824s][info][gc,stats    ] Concurrent Evacuation              1928 us
[1.824s][info][gc,stats    ] Pause Init Update Refs (G)          171 us
[1.824s][info][gc,stats    ] Pause Init Update Refs (N)           70 us
[1.824s][info][gc,stats    ]   Manage GCLABs                       5 us
[1.824s][info][gc,stats    ] Concurrent Update Refs             2511 us
[1.824s][info][gc,stats    ] Concurrent Update Thread Roots      106 us
[1.824s][info][gc,stats    ] Pause Final Update Refs (G)          99 us
[1.824s][info][gc,stats    ] Pause Final Update Refs (N)          78 us
[1.824s][info][gc,stats    ]   Update Region States               16 us
[1.824s][info][gc,stats    ]   Trash Collection Set                2 us
[1.824s][info][gc,stats    ]   Rebuild Free Set                   16 us
[1.824s][info][gc,stats    ] Concurrent Cleanup                   80 us
[1.824s][info][gc,stats    ] 
[1.824s][info][gc,stats    ] Allocation pacing accrued:
[1.824s][info][gc,stats    ]       0 of    24 ms (  0.0%): <total>
[1.824s][info][gc,stats    ]       0 of    24 ms (  0.0%): <average total>
[1.824s][info][gc,stats    ] 
[1.824s][info][gc,metaspace] Metaspace: 8590K(8832K)->8662K(8832K) NonClass: 7709K(7872K)->7772K(7872K) Class: 881K(960K)->890K(960K)
[1.824s][info][gc,ergo     ] Pacer for Idle. Initial: 40642K, Alloc Tax Rate: 1.0x
[1.825s][info][gc          ] Trigger: Start next cycle immediately
[1.825s][info][gc,ergo     ] Free: 1871M, Max: 512K regular, 1870M humongous, Frag: 1% external, 0% internal; Reserve: 101888K, Max: 512K
[1.825s][info][gc,start    ] GC(101) Concurrent reset
[1.825s][info][gc,task     ] GC(101) Using 2 of 8 workers for concurrent reset
[1.825s][info][gc,ergo     ] GC(101) Pacer for Reset. Non-Taxable: 1984M
[1.825s][info][gc          ] GC(101) Concurrent reset 0.205ms
[1.826s][info][gc,start    ] GC(101) Pause Init Mark (unload classes)
[1.826s][info][gc,task     ] GC(101) Using 8 of 8 workers for init marking
[1.826s][info][gc,ergo     ] GC(101) Pacer for Mark. Expected Live: 11683K, Free: 1871M, Non-Taxable: 187M, Alloc Tax Rate: 0.0x
[1.826s][info][gc          ] GC(101) Pause Init Mark (unload classes) 0.072ms
[1.826s][info][gc,start    ] GC(101) Concurrent marking roots
[1.826s][info][gc,task     ] GC(101) Using 2 of 8 workers for concurrent marking roots
[1.826s][info][gc          ] GC(101) Concurrent marking roots 0.161ms
[1.826s][info][gc,start    ] GC(101) Concurrent marking (unload classes)
[1.826s][info][gc,task     ] GC(101) Using 2 of 8 workers for concurrent marking
[1.831s][info][gc          ] GC(101) Concurrent marking (unload classes) 5.273ms
[1.831s][info][gc,start    ] GC(101) Pause Final Mark (unload classes)
[1.831s][info][gc,task     ] GC(101) Using 8 of 8 workers for final marking
[1.832s][info][gc,ergo     ] GC(101) Collectable Garbage: 1947K (100%), Immediate: 512K (26%), CSet: 1435K (73%)
[1.832s][info][gc,ergo     ] GC(101) Pacer for Evacuation. Used CSet: 11260K, Free: 1871M, Non-Taxable: 187M, Alloc Tax Rate: 1.1x
[1.832s][info][gc          ] GC(101) Pause Final Mark (unload classes) 0.401ms
[1.832s][info][gc,start    ] GC(101) Concurrent thread roots
[1.832s][info][gc,task     ] GC(101) Using 2 of 8 workers for Concurrent thread roots
[1.832s][info][gc          ] GC(101) Concurrent thread roots 0.081ms
[1.832s][info][gc,start    ] GC(101) Concurrent weak references
[1.832s][info][gc,task     ] GC(101) Using 2 of 8 workers for concurrent weak references
[1.832s][info][gc,ref      ] GC(101) Encountered references: Soft: 3606, Weak: 1170, Final: 4, Phantom: 585
[1.832s][info][gc,ref      ] GC(101) Discovered  references: Soft: 0, Weak: 419, Final: 0, Phantom: 381
[1.832s][info][gc,ref      ] GC(101) Enqueued    references: Soft: 0, Weak: 0, Final: 0, Phantom: 0
[1.832s][info][gc          ] GC(101) Concurrent weak references 0.099ms
[1.832s][info][gc,start    ] GC(101) Concurrent weak roots
[1.832s][info][gc,task     ] GC(101) Using 2 of 8 workers for concurrent weak root
[1.833s][info][gc          ] GC(101) Concurrent weak roots 0.735ms
[1.833s][info][gc,start    ] GC(101) Concurrent cleanup
[1.833s][info][gc          ] GC(101) Concurrent cleanup 14M->13M(147M) 0.061ms
[1.833s][info][gc,ergo     ] GC(101) Free: 1871M, Max: 512K regular, 1870M humongous, Frag: 1% external, 0% internal; Reserve: 101545K, Max: 512K
[1.833s][info][gc,start    ] GC(101) Concurrent class unloading
[1.833s][info][gc,task     ] GC(101) Using 2 of 8 workers for concurrent class unloading
[1.837s][info][gc          ] GC(101) Concurrent class unloading 4.144ms
[1.837s][info][gc,start    ] GC(101) Concurrent strong roots
[1.837s][info][gc,task     ] GC(101) Using 2 of 8 workers for concurrent strong root
[1.837s][info][gc          ] GC(101) Concurrent strong roots 0.218ms
[1.837s][info][gc,start    ] GC(101) Concurrent evacuation
[1.837s][info][gc,task     ] GC(101) Using 2 of 8 workers for concurrent evacuation
[1.846s][info][gc          ] GC(101) Concurrent evacuation 9.025ms
[1.848s][info][gc,start    ] GC(101) Pause Init Update Refs
[1.848s][info][gc,ergo     ] GC(101) Pacer for Update Refs. Used: 24907K, Free: 1870M, Non-Taxable: 187M, Alloc Tax Rate: 1.1x
[1.848s][info][gc          ] GC(101) Pause Init Update Refs 0.053ms
[1.848s][info][gc,start    ] GC(101) Concurrent update references
[1.848s][info][gc,task     ] GC(101) Using 2 of 8 workers for concurrent reference update
[1.851s][info][gc          ] GC(101) Concurrent update references 2.546ms
[1.851s][info][gc,start    ] GC(101) Concurrent update thread roots
[1.863s][info][gc          ] GC(101) Concurrent update thread roots 11.905ms
[1.863s][info][gc,start    ] GC(101) Pause Final Update Refs
[1.863s][info][gc,task     ] GC(101) Using 8 of 8 workers for final reference update
[1.863s][info][gc          ] GC(101) Pause Final Update Refs 0.087ms
[1.863s][info][gc,start    ] GC(101) Concurrent cleanup
[1.863s][info][gc          ] GC(101) Concurrent cleanup 24M->13M(147M) 0.098ms
[1.863s][info][gc,ergo     ] Free: 1871M, Max: 512K regular, 1870M humongous, Frag: 1% external, 0% internal; Reserve: 101888K, Max: 512K
[1.863s][info][gc,stats    ] 
[1.863s][info][gc,stats    ] All times are wall-clock times, except per-root-class counters, that are sum over
[1.863s][info][gc,stats    ] all workers. Dividing the <total> over the root stage time estimates parallelism.
[1.863s][info][gc,stats    ] 
[1.863s][info][gc,stats    ] Concurrent Reset                    221 us
[1.863s][info][gc,stats    ] Pause Init Mark (G)                 175 us
[1.863s][info][gc,stats    ] Pause Init Mark (N)                  82 us
[1.863s][info][gc,stats    ]   Update Region States               16 us
[1.863s][info][gc,stats    ] Concurrent Mark Roots               173 us, parallelism: 0.85x
[1.863s][info][gc,stats    ]   CMR: <total>                      146 us
[1.863s][info][gc,stats    ]   CMR: Thread Roots                  47 us, workers (us):  47,   0, ---, ---, ---, ---, ---, ---, 
[1.863s][info][gc,stats    ]   CMR: VM Strong Roots                9 us, workers (us):   7,   3, ---, ---, ---, ---, ---, ---, 
[1.863s][info][gc,stats    ]   CMR: CLDG Roots                    90 us, workers (us): ---,  90, ---, ---, ---, ---, ---, ---, 
[1.863s][info][gc,stats    ] Concurrent Marking                 5300 us
[1.863s][info][gc,stats    ] Pause Final Mark (G)                540 us
[1.863s][info][gc,stats    ] Pause Final Mark (N)                425 us
[1.863s][info][gc,stats    ]   Finish Mark                       284 us
[1.863s][info][gc,stats    ]   Update Region States               13 us
[1.864s][info][gc,stats    ]   Choose Collection Set              40 us
[1.864s][info][gc,stats    ]   Rebuild Free Set                   15 us
[1.864s][info][gc,stats    ] Concurrent Thread Roots              92 us, parallelism: 0.65x
[1.864s][info][gc,stats    ]   CTR: <total>                       60 us
[1.864s][info][gc,stats    ]   CTR: Thread Roots                  60 us, workers (us):  30,  30, ---, ---, ---, ---, ---, ---, 
[1.864s][info][gc,stats    ] Concurrent Weak References          105 us, parallelism: 0.68x
[1.864s][info][gc,stats    ]   CWRF: <total>                      72 us
[1.864s][info][gc,stats    ]   CWRF: Weak References              72 us, workers (us):  38,  34, ---, ---, ---, ---, ---, ---, 
[1.864s][info][gc,stats    ] Concurrent Weak Roots               757 us
[1.864s][info][gc,stats    ]   Roots                             468 us, parallelism: 1.68x
[1.864s][info][gc,stats    ]     CWR: <total>                    787 us
[1.864s][info][gc,stats    ]     CWR: Code Cache Roots           422 us, workers (us): 247, 175, ---, ---, ---, ---, ---, ---, 
[1.864s][info][gc,stats    ]     CWR: VM Weak Roots              360 us, workers (us): 183, 177, ---, ---, ---, ---, ---, ---, 
[1.864s][info][gc,stats    ]     CWR: CLDG Roots                   5 us, workers (us):   5, ---, ---, ---, ---, ---, ---, ---, 
[1.864s][info][gc,stats    ]   Rendezvous                        240 us
[1.864s][info][gc,stats    ] Concurrent Cleanup                   75 us
[1.864s][info][gc,stats    ] Concurrent Class Unloading         4169 us
[1.864s][info][gc,stats    ]   Unlink Stale                     3637 us
[1.864s][info][gc,stats    ]     System Dictionary                47 us
[1.864s][info][gc,stats    ]     Weak Class Links                  0 us
[1.864s][info][gc,stats    ]     Code Roots                     3589 us
[1.864s][info][gc,stats    ]   Rendezvous                        477 us
[1.864s][info][gc,stats    ]   Purge Unlinked                      7 us
[1.864s][info][gc,stats    ]     Code Roots                        2 us
[1.864s][info][gc,stats    ]     CLDG                              5 us
[1.864s][info][gc,stats    ]     Exception Caches                  0 us
[1.864s][info][gc,stats    ] Concurrent Strong Roots             241 us, parallelism: 0.75x
[1.864s][info][gc,stats    ]   CSR: <total>                      180 us
[1.864s][info][gc,stats    ]   CSR: VM Strong Roots               12 us, workers (us):   8,   4, ---, ---, ---, ---, ---, ---, 
[1.864s][info][gc,stats    ]   CSR: CLDG Roots                   168 us, workers (us): ---, 168, ---, ---, ---, ---, ---, ---, 
[1.864s][info][gc,stats    ] Concurrent Evacuation              9051 us
[1.864s][info][gc,stats    ] Pause Init Update Refs (G)         2187 us
[1.864s][info][gc,stats    ] Pause Init Update Refs (N)           62 us
[1.864s][info][gc,stats    ]   Manage GCLABs                       5 us
[1.864s][info][gc,stats    ] Concurrent Update Refs             2573 us
[1.864s][info][gc,stats    ] Concurrent Update Thread Roots    11935 us
[1.864s][info][gc,stats    ] Pause Final Update Refs (G)         258 us
[1.864s][info][gc,stats    ] Pause Final Update Refs (N)          96 us
[1.864s][info][gc,stats    ]   Update Region States               32 us
[1.864s][info][gc,stats    ]   Trash Collection Set                3 us
[1.864s][info][gc,stats    ]   Rebuild Free Set                   16 us
[1.864s][info][gc,stats    ] Concurrent Cleanup                  109 us
[1.864s][info][gc,stats    ] 
[1.864s][info][gc,stats    ] Allocation pacing accrued:
[1.864s][info][gc,stats    ]       0 of    40 ms (  0.0%): <total>
[1.864s][info][gc,stats    ]       0 of    40 ms (  0.0%): <average total>
[1.864s][info][gc,stats    ] 
[1.864s][info][gc,metaspace] Metaspace: 8662K(8832K)->8785K(8960K) NonClass: 7772K(7872K)->7885K(8000K) Class: 890K(960K)->900K(960K)
[1.864s][info][gc,ergo     ] Pacer for Idle. Initial: 40642K, Alloc Tax Rate: 1.0x
[1.870s][info][gc          ] Trigger: Start next cycle immediately
[1.870s][info][gc,ergo     ] Free: 1871M, Max: 512K regular, 1870M humongous, Frag: 1% external, 0% internal; Reserve: 101888K, Max: 512K
[1.870s][info][gc,start    ] GC(102) Concurrent reset
[1.870s][info][gc,task     ] GC(102) Using 2 of 8 workers for concurrent reset
[1.870s][info][gc,ergo     ] GC(102) Pacer for Reset. Non-Taxable: 1984M
[1.870s][info][gc          ] GC(102) Concurrent reset 0.236ms
[1.870s][info][gc,start    ] GC(102) Pause Init Mark (unload classes)
[1.870s][info][gc,task     ] GC(102) Using 8 of 8 workers for init marking
[1.870s][info][gc,ergo     ] GC(102) Pacer for Mark. Expected Live: 11696K, Free: 1871M, Non-Taxable: 187M, Alloc Tax Rate: 0.0x
[1.877s][info][gc          ] GC(102) Pause Init Mark (unload classes) 6.426ms
[1.877s][info][gc,start    ] GC(102) Concurrent marking roots
[1.877s][info][gc,task     ] GC(102) Using 2 of 8 workers for concurrent marking roots
[1.877s][info][gc          ] GC(102) Concurrent marking roots 0.180ms
[1.877s][info][gc,start    ] GC(102) Concurrent marking (unload classes)
[1.877s][info][gc,task     ] GC(102) Using 2 of 8 workers for concurrent marking
[1.882s][info][gc          ] GC(102) Concurrent marking (unload classes) 5.320ms
[1.882s][info][gc,start    ] GC(102) Pause Final Mark (unload classes)
[1.883s][info][gc,task     ] GC(102) Using 8 of 8 workers for final marking
[1.883s][info][gc,ergo     ] GC(102) Collectable Garbage: 1912K (100%), Immediate: 0B (0%), CSet: 1912K (100%)
[1.883s][info][gc,ergo     ] GC(102) Pacer for Evacuation. Used CSet: 11774K, Free: 1870M, Non-Taxable: 187M, Alloc Tax Rate: 1.1x
[1.883s][info][gc          ] GC(102) Pause Final Mark (unload classes) 0.465ms
[1.883s][info][gc,start    ] GC(102) Concurrent thread roots
[1.883s][info][gc,task     ] GC(102) Using 2 of 8 workers for Concurrent thread roots
[1.883s][info][gc          ] GC(102) Concurrent thread roots 0.108ms
[1.883s][info][gc,start    ] GC(102) Concurrent weak references
[1.883s][info][gc,task     ] GC(102) Using 2 of 8 workers for concurrent weak references
[1.883s][info][gc,ref      ] GC(102) Encountered references: Soft: 3606, Weak: 1171, Final: 4, Phantom: 586
[1.883s][info][gc,ref      ] GC(102) Discovered  references: Soft: 0, Weak: 423, Final: 0, Phantom: 415
[1.883s][info][gc,ref      ] GC(102) Enqueued    references: Soft: 0, Weak: 0, Final: 0, Phantom: 0
[1.883s][info][gc          ] GC(102) Concurrent weak references 0.124ms
[1.883s][info][gc,start    ] GC(102) Concurrent weak roots
[1.883s][info][gc,task     ] GC(102) Using 2 of 8 workers for concurrent weak root
[1.885s][info][gc          ] GC(102) Concurrent weak roots 1.510ms
[1.885s][info][gc,start    ] GC(102) Concurrent cleanup
[1.885s][info][gc          ] GC(102) Concurrent cleanup 15M->15M(147M) 0.079ms
[1.885s][info][gc,ergo     ] GC(102) Free: 1870M, Max: 512K regular, 1870M humongous, Frag: 0% external, 0% internal; Reserve: 100924K, Max: 512K
[1.885s][info][gc,start    ] GC(102) Concurrent class unloading
[1.885s][info][gc,task     ] GC(102) Using 2 of 8 workers for concurrent class unloading
[1.886s][info][gc          ] GC(102) Concurrent class unloading 1.032ms
[1.886s][info][gc,start    ] GC(102) Concurrent strong roots
[1.886s][info][gc,task     ] GC(102) Using 2 of 8 workers for concurrent strong root
[1.886s][info][gc          ] GC(102) Concurrent strong roots 0.221ms
[1.886s][info][gc,start    ] GC(102) Concurrent evacuation
[1.886s][info][gc,task     ] GC(102) Using 2 of 8 workers for concurrent evacuation
[1.888s][info][gc          ] GC(102) Concurrent evacuation 1.939ms
[1.893s][info][gc,start    ] GC(102) Pause Init Update Refs
[1.893s][info][gc,ergo     ] GC(102) Pacer for Update Refs. Used: 25873K, Free: 1870M, Non-Taxable: 187M, Alloc Tax Rate: 1.1x
[1.893s][info][gc          ] GC(102) Pause Init Update Refs 0.066ms
[1.893s][info][gc,start    ] GC(102) Concurrent update references
[1.893s][info][gc,task     ] GC(102) Using 2 of 8 workers for concurrent reference update
[1.896s][info][gc          ] GC(102) Concurrent update references 2.409ms
[1.896s][info][gc,start    ] GC(102) Concurrent update thread roots
[1.896s][info][gc          ] GC(102) Concurrent update thread roots 0.141ms
[1.896s][info][gc,start    ] GC(102) Pause Final Update Refs
[1.896s][info][gc,task     ] GC(102) Using 8 of 8 workers for final reference update
[1.896s][info][gc          ] GC(102) Pause Final Update Refs 0.068ms
[1.896s][info][gc,start    ] GC(102) Concurrent cleanup
[1.896s][info][gc          ] GC(102) Concurrent cleanup 25M->13M(147M) 0.092ms
[1.896s][info][gc,ergo     ] Free: 1870M, Max: 512K regular, 1869M humongous, Frag: 1% external, 0% internal; Reserve: 101888K, Max: 512K
[1.896s][info][gc,stats    ] 
[1.896s][info][gc,stats    ] All times are wall-clock times, except per-root-class counters, that are sum over
[1.896s][info][gc,stats    ] all workers. Dividing the <total> over the root stage time estimates parallelism.
[1.896s][info][gc,stats    ] 
[1.896s][info][gc,stats    ] Concurrent Reset                    256 us
[1.896s][info][gc,stats    ] Pause Init Mark (G)                6505 us
[1.896s][info][gc,stats    ] Pause Init Mark (N)                6461 us
[1.896s][info][gc,stats    ]   Update Region States               21 us
[1.896s][info][gc,stats    ] Concurrent Mark Roots               190 us, parallelism: 1.01x
[1.896s][info][gc,stats    ]   CMR: <total>                      192 us
[1.896s][info][gc,stats    ]   CMR: Thread Roots                 104 us, workers (us):  14,  90, ---, ---, ---, ---, ---, ---, 
[1.896s][info][gc,stats    ]   CMR: VM Strong Roots                6 us, workers (us):   5,   1, ---, ---, ---, ---, ---, ---, 
[1.896s][info][gc,stats    ]   CMR: CLDG Roots                    83 us, workers (us):  83, ---, ---, ---, ---, ---, ---, ---, 
[1.896s][info][gc,stats    ] Concurrent Marking                 5345 us
[1.896s][info][gc,stats    ] Pause Final Mark (G)                575 us
[1.896s][info][gc,stats    ] Pause Final Mark (N)                478 us
[1.896s][info][gc,stats    ]   Finish Mark                       115 us
[1.896s][info][gc,stats    ]   Update Region States               27 us
[1.896s][info][gc,stats    ]   Choose Collection Set              45 us
[1.896s][info][gc,stats    ]   Rebuild Free Set                   17 us
[1.896s][info][gc,stats    ] Concurrent Thread Roots             118 us, parallelism: 0.47x
[1.896s][info][gc,stats    ]   CTR: <total>                       55 us
[1.896s][info][gc,stats    ]   CTR: Thread Roots                  55 us, workers (us):  55,   0, ---, ---, ---, ---, ---, ---, 
[1.896s][info][gc,stats    ] Concurrent Weak References          131 us, parallelism: 0.59x
[1.896s][info][gc,stats    ]   CWRF: <total>                      77 us
[1.896s][info][gc,stats    ]   CWRF: Weak References              77 us, workers (us):  73,   4, ---, ---, ---, ---, ---, ---, 
[1.896s][info][gc,stats    ] Concurrent Weak Roots              1530 us
[1.897s][info][gc,stats    ]   Roots                            1378 us, parallelism: 1.75x
[1.897s][info][gc,stats    ]     CWR: <total>                   2409 us
[1.897s][info][gc,stats    ]     CWR: Code Cache Roots          2027 us, workers (us): 1093, 933, ---, ---, ---, ---, ---, ---, 
[1.897s][info][gc,stats    ]     CWR: VM Weak Roots              375 us, workers (us): 224, 151, ---, ---, ---, ---, ---, ---, 
[1.897s][info][gc,stats    ]     CWR: CLDG Roots                   8 us, workers (us):   8, ---, ---, ---, ---, ---, ---, ---, 
[1.897s][info][gc,stats    ]   Rendezvous                        111 us
[1.897s][info][gc,stats    ] Concurrent Cleanup                   87 us
[1.897s][info][gc,stats    ] Concurrent Class Unloading         1045 us
[1.897s][info][gc,stats    ]   Unlink Stale                      828 us
[1.897s][info][gc,stats    ]     System Dictionary                27 us
[1.897s][info][gc,stats    ]     Weak Class Links                  0 us
[1.897s][info][gc,stats    ]     Code Roots                      799 us
[1.897s][info][gc,stats    ]   Rendezvous                        150 us
[1.897s][info][gc,stats    ]   Purge Unlinked                     35 us
[1.897s][info][gc,stats    ]     Code Roots                       32 us
[1.897s][info][gc,stats    ]     CLDG                              3 us
[1.897s][info][gc,stats    ]     Exception Caches                  0 us
[1.897s][info][gc,stats    ] Concurrent Strong Roots             233 us, parallelism: 0.80x
[1.897s][info][gc,stats    ]   CSR: <total>                      186 us
[1.897s][info][gc,stats    ]   CSR: VM Strong Roots               10 us, workers (us):  10,   0, ---, ---, ---, ---, ---, ---, 
[1.897s][info][gc,stats    ]   CSR: CLDG Roots                   176 us, workers (us): ---, 176, ---, ---, ---, ---, ---, ---, 
[1.897s][info][gc,stats    ] Concurrent Evacuation              1963 us
[1.897s][info][gc,stats    ] Pause Init Update Refs (G)         5391 us
[1.897s][info][gc,stats    ] Pause Init Update Refs (N)           80 us
[1.897s][info][gc,stats    ]   Manage GCLABs                       6 us
[1.897s][info][gc,stats    ] Concurrent Update Refs             2432 us
[1.897s][info][gc,stats    ] Concurrent Update Thread Roots      151 us
[1.897s][info][gc,stats    ] Pause Final Update Refs (G)          95 us
[1.897s][info][gc,stats    ] Pause Final Update Refs (N)          77 us
[1.897s][info][gc,stats    ]   Update Region States               17 us
[1.897s][info][gc,stats    ]   Trash Collection Set                2 us
[1.897s][info][gc,stats    ]   Rebuild Free Set                   16 us
[1.897s][info][gc,stats    ] Concurrent Cleanup                  103 us
[1.897s][info][gc,stats    ] 
[1.897s][info][gc,stats    ] Allocation pacing accrued:
[1.897s][info][gc,stats    ]       0 of    33 ms (  0.0%): <total>
[1.897s][info][gc,stats    ]       0 of    33 ms (  0.0%): <average total>
[1.897s][info][gc,stats    ] 
[1.897s][info][gc,metaspace] Metaspace: 8818K(9024K)->8893K(9088K) NonClass: 7913K(8000K)->7977K(8064K) Class: 904K(1024K)->915K(1024K)
[1.897s][info][gc,ergo     ] Pacer for Idle. Initial: 40642K, Alloc Tax Rate: 1.0x
[1.898s][info][gc          ] Trigger: Start next cycle immediately
[1.898s][info][gc,ergo     ] Free: 1870M, Max: 512K regular, 1869M humongous, Frag: 1% external, 0% internal; Reserve: 101888K, Max: 512K
[1.898s][info][gc,start    ] GC(103) Concurrent reset
[1.898s][info][gc,task     ] GC(103) Using 2 of 8 workers for concurrent reset
[1.898s][info][gc,ergo     ] GC(103) Pacer for Reset. Non-Taxable: 1984M
[1.898s][info][gc          ] GC(103) Concurrent reset 0.236ms
[1.900s][info][gc,start    ] GC(103) Pause Init Mark (unload classes)
[1.901s][info][gc,task     ] GC(103) Using 8 of 8 workers for init marking
[1.901s][info][gc,ergo     ] GC(103) Pacer for Mark. Expected Live: 11713K, Free: 1870M, Non-Taxable: 187M, Alloc Tax Rate: 0.0x
[1.901s][info][gc          ] GC(103) Pause Init Mark (unload classes) 0.072ms
[1.901s][info][gc,start    ] GC(103) Concurrent marking roots
[1.901s][info][gc,task     ] GC(103) Using 2 of 8 workers for concurrent marking roots
[1.901s][info][gc          ] GC(103) Concurrent marking roots 0.164ms
[1.901s][info][gc,start    ] GC(103) Concurrent marking (unload classes)
[1.901s][info][gc,task     ] GC(103) Using 2 of 8 workers for concurrent marking
[1.906s][info][gc          ] GC(103) Concurrent marking (unload classes) 5.283ms
[1.906s][info][gc,start    ] GC(103) Pause Final Mark (unload classes)
[1.906s][info][gc,task     ] GC(103) Using 8 of 8 workers for final marking
[1.906s][info][gc,ergo     ] GC(103) Collectable Garbage: 2377K (100%), Immediate: 0B (0%), CSet: 2377K (100%)
[1.907s][info][gc,ergo     ] GC(103) Pacer for Evacuation. Used CSet: 12223K, Free: 1870M, Non-Taxable: 187M, Alloc Tax Rate: 1.1x
[1.907s][info][gc          ] GC(103) Pause Final Mark (unload classes) 0.384ms
[1.907s][info][gc,start    ] GC(103) Concurrent thread roots
[1.907s][info][gc,task     ] GC(103) Using 2 of 8 workers for Concurrent thread roots
[1.907s][info][gc          ] GC(103) Concurrent thread roots 0.114ms
[1.907s][info][gc,start    ] GC(103) Concurrent weak references
[1.907s][info][gc,task     ] GC(103) Using 2 of 8 workers for concurrent weak references
[1.907s][info][gc,ref      ] GC(103) Encountered references: Soft: 3606, Weak: 1172, Final: 4, Phantom: 585
[1.907s][info][gc,ref      ] GC(103) Discovered  references: Soft: 0, Weak: 434, Final: 1, Phantom: 380
[1.907s][info][gc,ref      ] GC(103) Enqueued    references: Soft: 0, Weak: 0, Final: 0, Phantom: 0
[1.907s][info][gc          ] GC(103) Concurrent weak references 0.083ms
[1.907s][info][gc,start    ] GC(103) Concurrent weak roots
[1.907s][info][gc,task     ] GC(103) Using 2 of 8 workers for concurrent weak root
[1.908s][info][gc          ] GC(103) Concurrent weak roots 1.577ms
[1.908s][info][gc,start    ] GC(103) Concurrent cleanup
[1.908s][info][gc          ] GC(103) Concurrent cleanup 15M->15M(147M) 0.075ms
[1.908s][info][gc,ergo     ] GC(103) Free: 1869M, Max: 512K regular, 1869M humongous, Frag: 0% external, 0% internal; Reserve: 101529K, Max: 512K
[1.908s][info][gc,start    ] GC(103) Concurrent class unloading
[1.908s][info][gc,task     ] GC(103) Using 2 of 8 workers for concurrent class unloading
[1.910s][info][gc          ] GC(103) Concurrent class unloading 1.185ms
[1.910s][info][gc,start    ] GC(103) Concurrent strong roots
[1.910s][info][gc,task     ] GC(103) Using 2 of 8 workers for concurrent strong root
[1.910s][info][gc          ] GC(103) Concurrent strong roots 0.211ms
[1.910s][info][gc,start    ] GC(103) Concurrent evacuation
[1.910s][info][gc,task     ] GC(103) Using 2 of 8 workers for concurrent evacuation
[1.912s][info][gc          ] GC(103) Concurrent evacuation 1.954ms
[1.912s][info][gc,start    ] GC(103) Pause Init Update Refs
[1.912s][info][gc,ergo     ] GC(103) Pacer for Update Refs. Used: 26382K, Free: 1869M, Non-Taxable: 186M, Alloc Tax Rate: 1.1x
[1.912s][info][gc          ] GC(103) Pause Init Update Refs 0.040ms
[1.912s][info][gc,start    ] GC(103) Concurrent update references
[1.912s][info][gc,task     ] GC(103) Using 2 of 8 workers for concurrent reference update
[1.915s][info][gc          ] GC(103) Concurrent update references 2.558ms
[1.915s][info][gc,start    ] GC(103) Concurrent update thread roots
[1.915s][info][gc          ] GC(103) Concurrent update thread roots 0.217ms
[1.915s][info][gc,start    ] GC(103) Pause Final Update Refs
[1.915s][info][gc,task     ] GC(103) Using 8 of 8 workers for final reference update
[1.915s][info][gc          ] GC(103) Pause Final Update Refs 0.071ms
[1.915s][info][gc,start    ] GC(103) Concurrent cleanup
[1.915s][info][gc          ] GC(103) Concurrent cleanup 25M->13M(147M) 0.071ms
[1.915s][info][gc,ergo     ] Free: 1870M, Max: 512K regular, 1870M humongous, Frag: 1% external, 0% internal; Reserve: 101888K, Max: 512K
[1.915s][info][gc,stats    ] 
[1.915s][info][gc,stats    ] All times are wall-clock times, except per-root-class counters, that are sum over
[1.915s][info][gc,stats    ] all workers. Dividing the <total> over the root stage time estimates parallelism.
[1.915s][info][gc,stats    ] 
[1.915s][info][gc,stats    ] Concurrent Reset                    247 us
[1.915s][info][gc,stats    ] Pause Init Mark (G)                2205 us
[1.915s][info][gc,stats    ] Pause Init Mark (N)                  81 us
[1.915s][info][gc,stats    ]   Update Region States               18 us
[1.915s][info][gc,stats    ] Concurrent Mark Roots               175 us, parallelism: 0.73x
[1.915s][info][gc,stats    ]   CMR: <total>                      128 us
[1.915s][info][gc,stats    ]   CMR: Thread Roots                  40 us, workers (us):   0,  40, ---, ---, ---, ---, ---, ---, 
[1.915s][info][gc,stats    ]   CMR: VM Strong Roots                7 us, workers (us):   5,   2, ---, ---, ---, ---, ---, ---, 
[1.915s][info][gc,stats    ]   CMR: CLDG Roots                    82 us, workers (us):  82, ---, ---, ---, ---, ---, ---, ---, 
[1.915s][info][gc,stats    ] Concurrent Marking                 5306 us
[1.915s][info][gc,stats    ] Pause Final Mark (G)                478 us
[1.915s][info][gc,stats    ] Pause Final Mark (N)                393 us
[1.915s][info][gc,stats    ]   Finish Mark                       274 us
[1.915s][info][gc,stats    ]   Update Region States               13 us
[1.915s][info][gc,stats    ]   Choose Collection Set              36 us
[1.915s][info][gc,stats    ]   Rebuild Free Set                   15 us
[1.915s][info][gc,stats    ] Concurrent Thread Roots             125 us, parallelism: 0.48x
[1.915s][info][gc,stats    ]   CTR: <total>                       60 us
[1.915s][info][gc,stats    ]   CTR: Thread Roots                  60 us, workers (us):  35,  25, ---, ---, ---, ---, ---, ---, 
[1.915s][info][gc,stats    ] Concurrent Weak References           91 us, parallelism: 0.69x
[1.915s][info][gc,stats    ]   CWRF: <total>                      63 us
[1.915s][info][gc,stats    ]   CWRF: Weak References              63 us, workers (us):  32,  31, ---, ---, ---, ---, ---, ---, 
[1.916s][info][gc,stats    ] Concurrent Weak Roots              1601 us
[1.916s][info][gc,stats    ]   Roots                             472 us, parallelism: 1.71x
[1.916s][info][gc,stats    ]     CWR: <total>                    806 us
[1.916s][info][gc,stats    ]     CWR: Code Cache Roots           425 us, workers (us): 175, 250, ---, ---, ---, ---, ---, ---, 
[1.916s][info][gc,stats    ]     CWR: VM Weak Roots              378 us, workers (us): 190, 188, ---, ---, ---, ---, ---, ---, 
[1.916s][info][gc,stats    ]     CWR: CLDG Roots                   3 us, workers (us):   3, ---, ---, ---, ---, ---, ---, ---, 
[1.916s][info][gc,stats    ]   Rendezvous                       1081 us
[1.916s][info][gc,stats    ] Concurrent Cleanup                   85 us
[1.916s][info][gc,stats    ] Concurrent Class Unloading         1206 us
[1.916s][info][gc,stats    ]   Unlink Stale                      888 us
[1.916s][info][gc,stats    ]     System Dictionary                41 us
[1.916s][info][gc,stats    ]     Weak Class Links                  0 us
[1.916s][info][gc,stats    ]     Code Roots                      845 us
[1.916s][info][gc,stats    ]   Rendezvous                        268 us
[1.916s][info][gc,stats    ]   Purge Unlinked                      6 us
[1.916s][info][gc,stats    ]     Code Roots                        1 us
[1.916s][info][gc,stats    ]     CLDG                              5 us
[1.916s][info][gc,stats    ]     Exception Caches                  0 us
[1.916s][info][gc,stats    ] Concurrent Strong Roots             222 us, parallelism: 0.79x
[1.916s][info][gc,stats    ]   CSR: <total>                      175 us
[1.916s][info][gc,stats    ]   CSR: VM Strong Roots               16 us, workers (us):  12,   4, ---, ---, ---, ---, ---, ---, 
[1.916s][info][gc,stats    ]   CSR: CLDG Roots                   160 us, workers (us): ---, 160, ---, ---, ---, ---, ---, ---, 
[1.916s][info][gc,stats    ] Concurrent Evacuation              1978 us
[1.916s][info][gc,stats    ] Pause Init Update Refs (G)          155 us
[1.916s][info][gc,stats    ] Pause Init Update Refs (N)           49 us
[1.916s][info][gc,stats    ]   Manage GCLABs                       4 us
[1.916s][info][gc,stats    ] Concurrent Update Refs             2582 us
[1.916s][info][gc,stats    ] Concurrent Update Thread Roots      228 us
[1.916s][info][gc,stats    ] Pause Final Update Refs (G)         171 us
[1.916s][info][gc,stats    ] Pause Final Update Refs (N)          84 us
[1.916s][info][gc,stats    ]   Update Region States               14 us
[1.916s][info][gc,stats    ]   Trash Collection Set                2 us
[1.916s][info][gc,stats    ]   Rebuild Free Set                   16 us
[1.916s][info][gc,stats    ] Concurrent Cleanup                   81 us
[1.916s][info][gc,stats    ] 
[1.916s][info][gc,stats    ] Allocation pacing accrued:
[1.916s][info][gc,stats    ]       0 of    19 ms (  0.0%): <total>
[1.916s][info][gc,stats    ]       0 of    19 ms (  0.0%): <average total>
[1.916s][info][gc,stats    ] 
[1.916s][info][gc,metaspace] Metaspace: 8925K(9088K)->8981K(9152K) NonClass: 8006K(8064K)->8062K(8128K) Class: 918K(1024K)->918K(1024K)
[1.916s][info][gc,ergo     ] Pacer for Idle. Initial: 40642K, Alloc Tax Rate: 1.0x
[1.917s][info][gc          ] Trigger: Start next cycle immediately
[1.917s][info][gc,ergo     ] Free: 1870M, Max: 512K regular, 1870M humongous, Frag: 1% external, 0% internal; Reserve: 101888K, Max: 512K
[1.917s][info][gc,start    ] GC(104) Concurrent reset
[1.917s][info][gc,task     ] GC(104) Using 2 of 8 workers for concurrent reset
[1.917s][info][gc,ergo     ] GC(104) Pacer for Reset. Non-Taxable: 1984M
[1.917s][info][gc          ] GC(104) Concurrent reset 0.243ms
[1.919s][info][gc,start    ] GC(104) Pause Init Mark (unload classes)
[1.919s][info][gc,task     ] GC(104) Using 8 of 8 workers for init marking
[1.919s][info][gc,ergo     ] GC(104) Pacer for Mark. Expected Live: 11717K, Free: 1870M, Non-Taxable: 187M, Alloc Tax Rate: 0.0x
[1.919s][info][gc          ] GC(104) Pause Init Mark (unload classes) 0.057ms
[1.919s][info][gc,start    ] GC(104) Concurrent marking roots
[1.919s][info][gc,task     ] GC(104) Using 2 of 8 workers for concurrent marking roots
[1.920s][info][gc          ] GC(104) Concurrent marking roots 0.154ms
[1.920s][info][gc,start    ] GC(104) Concurrent marking (unload classes)
[1.920s][info][gc,task     ] GC(104) Using 2 of 8 workers for concurrent marking
[1.927s][info][gc          ] GC(104) Concurrent marking (unload classes) 7.162ms
[1.927s][info][gc,start    ] GC(104) Pause Final Mark (unload classes)
[1.927s][info][gc,task     ] GC(104) Using 8 of 8 workers for final marking
[1.932s][info][gc,ergo     ] GC(104) Collectable Garbage: 2439K (100%), Immediate: 0B (0%), CSet: 2439K (100%)
[1.932s][info][gc,ergo     ] GC(104) Pacer for Evacuation. Used CSet: 12287K, Free: 1870M, Non-Taxable: 187M, Alloc Tax Rate: 1.1x
[1.932s][info][gc          ] GC(104) Pause Final Mark (unload classes) 5.342ms
[1.932s][info][gc,start    ] GC(104) Concurrent thread roots
[1.933s][info][gc,task     ] GC(104) Using 2 of 8 workers for Concurrent thread roots
[1.933s][info][gc          ] GC(104) Concurrent thread roots 0.109ms
[1.933s][info][gc,start    ] GC(104) Concurrent weak references
[1.933s][info][gc,task     ] GC(104) Using 2 of 8 workers for concurrent weak references
[1.933s][info][gc,ref      ] GC(104) Encountered references: Soft: 3624, Weak: 1178, Final: 4, Phantom: 585
[1.933s][info][gc,ref      ] GC(104) Discovered  references: Soft: 0, Weak: 450, Final: 4, Phantom: 381
[1.933s][info][gc,ref      ] GC(104) Enqueued    references: Soft: 0, Weak: 0, Final: 0, Phantom: 0
[1.933s][info][gc          ] GC(104) Concurrent weak references 0.141ms
[1.933s][info][gc,start    ] GC(104) Concurrent weak roots
[1.933s][info][gc,task     ] GC(104) Using 2 of 8 workers for concurrent weak root
[1.933s][info][gc          ] GC(104) Concurrent weak roots 0.708ms
[1.933s][info][gc,start    ] GC(104) Concurrent cleanup
[1.934s][info][gc          ] GC(104) Concurrent cleanup 15M->15M(147M) 0.116ms
[1.934s][info][gc,ergo     ] GC(104) Free: 1869M, Max: 512K regular, 1869M humongous, Frag: 0% external, 0% internal; Reserve: 101529K, Max: 512K
[1.934s][info][gc,start    ] GC(104) Concurrent class unloading
[1.934s][info][gc,task     ] GC(104) Using 2 of 8 workers for concurrent class unloading
[1.935s][info][gc          ] GC(104) Concurrent class unloading 1.814ms
[1.935s][info][gc,start    ] GC(104) Concurrent strong roots
[1.935s][info][gc,task     ] GC(104) Using 2 of 8 workers for concurrent strong root
[1.936s][info][gc          ] GC(104) Concurrent strong roots 0.214ms
[1.936s][info][gc,start    ] GC(104) Concurrent evacuation
[1.936s][info][gc,task     ] GC(104) Using 2 of 8 workers for concurrent evacuation
[1.938s][info][gc          ] GC(104) Concurrent evacuation 2.042ms
[1.946s][info][gc,start    ] GC(104) Pause Init Update Refs
[1.946s][info][gc,ergo     ] GC(104) Pacer for Update Refs. Used: 26406K, Free: 1869M, Non-Taxable: 186M, Alloc Tax Rate: 1.1x
[1.946s][info][gc          ] GC(104) Pause Init Update Refs 0.253ms
[1.946s][info][gc,start    ] GC(104) Concurrent update references
[1.946s][info][gc,task     ] GC(104) Using 2 of 8 workers for concurrent reference update
[1.949s][info][gc          ] GC(104) Concurrent update references 2.755ms
[1.949s][info][gc,start    ] GC(104) Concurrent update thread roots
[1.949s][info][gc          ] GC(104) Concurrent update thread roots 0.308ms
[1.950s][info][gc,start    ] GC(104) Pause Final Update Refs
[1.950s][info][gc,task     ] GC(104) Using 8 of 8 workers for final reference update
[1.950s][info][gc          ] GC(104) Pause Final Update Refs 0.069ms
[1.950s][info][gc,start    ] GC(104) Concurrent cleanup
[1.950s][info][gc          ] GC(104) Concurrent cleanup 25M->13M(147M) 0.070ms
[1.950s][info][gc,ergo     ] Free: 1870M, Max: 512K regular, 1869M humongous, Frag: 1% external, 0% internal; Reserve: 101888K, Max: 512K
[1.950s][info][gc,stats    ] 
[1.950s][info][gc,stats    ] All times are wall-clock times, except per-root-class counters, that are sum over
[1.950s][info][gc,stats    ] all workers. Dividing the <total> over the root stage time estimates parallelism.
[1.950s][info][gc,stats    ] 
[1.950s][info][gc,stats    ] Concurrent Reset                    256 us
[1.950s][info][gc,stats    ] Pause Init Mark (G)                2172 us
[1.950s][info][gc,stats    ] Pause Init Mark (N)                  65 us
[1.950s][info][gc,stats    ]   Update Region States               18 us
[1.950s][info][gc,stats    ] Concurrent Mark Roots               164 us, parallelism: 0.94x
[1.950s][info][gc,stats    ]   CMR: <total>                      154 us
[1.950s][info][gc,stats    ]   CMR: Thread Roots                  81 us, workers (us):  11,  69, ---, ---, ---, ---, ---, ---, 
[1.950s][info][gc,stats    ]   CMR: VM Strong Roots                6 us, workers (us):   5,   0, ---, ---, ---, ---, ---, ---, 
[1.950s][info][gc,stats    ]   CMR: CLDG Roots                    68 us, workers (us):  68, ---, ---, ---, ---, ---, ---, ---, 
[1.950s][info][gc,stats    ] Concurrent Marking                 7187 us
[1.950s][info][gc,stats    ] Pause Final Mark (G)               5685 us
[1.950s][info][gc,stats    ] Pause Final Mark (N)               5351 us
[1.950s][info][gc,stats    ]   Finish Mark                      5199 us
[1.950s][info][gc,stats    ]   Update Region States               30 us
[1.950s][info][gc,stats    ]   Choose Collection Set              55 us
[1.950s][info][gc,stats    ]   Rebuild Free Set                   16 us
[1.950s][info][gc,stats    ] Concurrent Thread Roots             120 us, parallelism: 0.38x
[1.950s][info][gc,stats    ]   CTR: <total>                       46 us
[1.950s][info][gc,stats    ]   CTR: Thread Roots                  46 us, workers (us):  46,   0, ---, ---, ---, ---, ---, ---, 
[1.950s][info][gc,stats    ] Concurrent Weak References          149 us, parallelism: 0.61x
[1.950s][info][gc,stats    ]   CWRF: <total>                      91 us
[1.950s][info][gc,stats    ]   CWRF: Weak References              91 us, workers (us):  88,   3, ---, ---, ---, ---, ---, ---, 
[1.950s][info][gc,stats    ] Concurrent Weak Roots               727 us
[1.950s][info][gc,stats    ]   Roots                             542 us, parallelism: 1.69x
[1.950s][info][gc,stats    ]     CWR: <total>                    916 us
[1.950s][info][gc,stats    ]     CWR: Code Cache Roots           546 us, workers (us): 313, 233, ---, ---, ---, ---, ---, ---, 
[1.950s][info][gc,stats    ]     CWR: VM Weak Roots              366 us, workers (us): 184, 183, ---, ---, ---, ---, ---, ---, 
[1.950s][info][gc,stats    ]     CWR: CLDG Roots                   4 us, workers (us):   4, ---, ---, ---, ---, ---, ---, ---, 
[1.950s][info][gc,stats    ]   Rendezvous                        148 us
[1.950s][info][gc,stats    ] Concurrent Cleanup                  125 us
[1.950s][info][gc,stats    ] Concurrent Class Unloading         1827 us
[1.950s][info][gc,stats    ]   Unlink Stale                     1579 us
[1.950s][info][gc,stats    ]     System Dictionary                50 us
[1.950s][info][gc,stats    ]     Weak Class Links                  0 us
[1.950s][info][gc,stats    ]     Code Roots                     1528 us
[1.950s][info][gc,stats    ]   Rendezvous                        189 us
[1.950s][info][gc,stats    ]   Purge Unlinked                     26 us
[1.950s][info][gc,stats    ]     Code Roots                       23 us
[1.950s][info][gc,stats    ]     CLDG                              3 us
[1.950s][info][gc,stats    ]     Exception Caches                  0 us
[1.950s][info][gc,stats    ] Concurrent Strong Roots             225 us, parallelism: 0.78x
[1.950s][info][gc,stats    ]   CSR: <total>                      176 us
[1.950s][info][gc,stats    ]   CSR: VM Strong Roots               11 us, workers (us):  11,   0, ---, ---, ---, ---, ---, ---, 
[1.950s][info][gc,stats    ]   CSR: CLDG Roots                   164 us, workers (us): 164, ---, ---, ---, ---, ---, ---, ---, 
[1.950s][info][gc,stats    ] Concurrent Evacuation             10351 us
[1.950s][info][gc,stats    ] Pause Init Update Refs (G)          351 us
[1.950s][info][gc,stats    ] Pause Init Update Refs (N)          283 us
[1.950s][info][gc,stats    ]   Manage GCLABs                       6 us
[1.950s][info][gc,stats    ] Concurrent Update Refs             2783 us
[1.950s][info][gc,stats    ] Concurrent Update Thread Roots      320 us
[1.950s][info][gc,stats    ] Pause Final Update Refs (G)         195 us
[1.950s][info][gc,stats    ] Pause Final Update Refs (N)          79 us
[1.950s][info][gc,stats    ]   Update Region States               19 us
[1.950s][info][gc,stats    ]   Trash Collection Set                3 us
[1.950s][info][gc,stats    ]   Rebuild Free Set                   17 us
[1.950s][info][gc,stats    ] Concurrent Cleanup                   83 us
[1.950s][info][gc,stats    ] 
[1.950s][info][gc,stats    ] Allocation pacing accrued:
[1.950s][info][gc,stats    ]       0 of    35 ms (  0.0%): <total>
[1.950s][info][gc,stats    ]       0 of    35 ms (  0.0%): <average total>
[1.950s][info][gc,stats    ] 
[1.950s][info][gc,metaspace] Metaspace: 8981K(9152K)->9000K(9216K) NonClass: 8062K(8128K)->8081K(8192K) Class: 918K(1024K)->918K(1024K)
[1.950s][info][gc,ergo     ] Pacer for Idle. Initial: 40642K, Alloc Tax Rate: 1.0x
[1.951s][info][gc          ] Trigger: Start next cycle immediately
[1.952s][info][gc,ergo     ] Free: 1870M, Max: 512K regular, 1869M humongous, Frag: 1% external, 0% internal; Reserve: 101888K, Max: 512K
[1.952s][info][gc,start    ] GC(105) Concurrent reset
[1.952s][info][gc,task     ] GC(105) Using 2 of 8 workers for concurrent reset
[1.952s][info][gc,ergo     ] GC(105) Pacer for Reset. Non-Taxable: 1984M
[1.952s][info][gc          ] GC(105) Concurrent reset 0.211ms
[1.952s][info][gc,start    ] GC(105) Pause Init Mark (unload classes)
[1.952s][info][gc,task     ] GC(105) Using 8 of 8 workers for init marking
[1.952s][info][gc,ergo     ] GC(105) Pacer for Mark. Expected Live: 11714K, Free: 1870M, Non-Taxable: 187M, Alloc Tax Rate: 0.0x
[1.952s][info][gc          ] GC(105) Pause Init Mark (unload classes) 0.065ms
[1.952s][info][gc,start    ] GC(105) Concurrent marking roots
[1.952s][info][gc,task     ] GC(105) Using 2 of 8 workers for concurrent marking roots
[1.952s][info][gc          ] GC(105) Concurrent marking roots 0.191ms
[1.952s][info][gc,start    ] GC(105) Concurrent marking (unload classes)
[1.952s][info][gc,task     ] GC(105) Using 2 of 8 workers for concurrent marking
[1.977s][info][gc          ] GC(105) Concurrent marking (unload classes) 24.774ms
[1.979s][info][gc,start    ] GC(105) Pause Final Mark (unload classes)
[1.979s][info][gc,task     ] GC(105) Using 8 of 8 workers for final marking
[1.979s][info][gc,ergo     ] GC(105) Collectable Garbage: 2384K (100%), Immediate: 0B (0%), CSet: 2384K (100%)
[1.979s][info][gc,ergo     ] GC(105) Pacer for Evacuation. Used CSet: 12243K, Free: 1870M, Non-Taxable: 187M, Alloc Tax Rate: 1.1x
[1.979s][info][gc          ] GC(105) Pause Final Mark (unload classes) 0.352ms
[1.979s][info][gc,start    ] GC(105) Concurrent thread roots
[1.979s][info][gc,task     ] GC(105) Using 2 of 8 workers for Concurrent thread roots
[1.980s][info][gc          ] GC(105) Concurrent thread roots 0.114ms
[1.980s][info][gc,start    ] GC(105) Concurrent weak references
[1.980s][info][gc,task     ] GC(105) Using 2 of 8 workers for concurrent weak references
[1.980s][info][gc,ref      ] GC(105) Encountered references: Soft: 3606, Weak: 1172, Final: 4, Phantom: 585
[1.980s][info][gc,ref      ] GC(105) Discovered  references: Soft: 0, Weak: 421, Final: 0, Phantom: 381
[1.980s][info][gc,ref      ] GC(105) Enqueued    references: Soft: 0, Weak: 0, Final: 0, Phantom: 0
[1.980s][info][gc          ] GC(105) Concurrent weak references 0.136ms
[1.980s][info][gc,start    ] GC(105) Concurrent weak roots
[1.980s][info][gc,task     ] GC(105) Using 2 of 8 workers for concurrent weak root
[1.983s][info][gc          ] GC(105) Concurrent weak roots 3.219ms
[1.983s][info][gc,start    ] GC(105) Concurrent cleanup
[1.983s][info][gc          ] GC(105) Concurrent cleanup 15M->15M(147M) 0.111ms
[1.983s][info][gc,ergo     ] GC(105) Free: 1869M, Max: 512K regular, 1869M humongous, Frag: 0% external, 0% internal; Reserve: 101513K, Max: 512K
[1.983s][info][gc,start    ] GC(105) Concurrent class unloading
[1.983s][info][gc,task     ] GC(105) Using 2 of 8 workers for concurrent class unloading
[1.985s][info][gc          ] GC(105) Concurrent class unloading 1.796ms
[1.985s][info][gc,start    ] GC(105) Concurrent strong roots
[1.985s][info][gc,task     ] GC(105) Using 2 of 8 workers for concurrent strong root
[1.985s][info][gc          ] GC(105) Concurrent strong roots 0.247ms
[1.992s][info][gc,start    ] GC(105) Concurrent evacuation
[1.992s][info][gc,task     ] GC(105) Using 2 of 8 workers for concurrent evacuation
[1.994s][info][gc          ] GC(105) Concurrent evacuation 2.060ms
[1.994s][info][gc,start    ] GC(105) Pause Init Update Refs
[1.994s][info][gc,ergo     ] GC(105) Pacer for Update Refs. Used: 25890K, Free: 1869M, Non-Taxable: 186M, Alloc Tax Rate: 1.1x
[1.994s][info][gc          ] GC(105) Pause Init Update Refs 0.039ms
[1.994s][info][gc,start    ] GC(105) Concurrent update references
[1.994s][info][gc,task     ] GC(105) Using 2 of 8 workers for concurrent reference update
[2.005s][info][gc          ] GC(105) Concurrent update references 10.994ms
[2.005s][info][gc,start    ] GC(105) Concurrent update thread roots
[2.005s][info][gc          ] GC(105) Concurrent update thread roots 0.350ms
[2.006s][info][gc,start    ] GC(105) Pause Final Update Refs
[2.006s][info][gc,task     ] GC(105) Using 8 of 8 workers for final reference update
[2.006s][info][gc          ] GC(105) Pause Final Update Refs 0.097ms
[2.006s][info][gc,start    ] GC(105) Concurrent cleanup
[2.006s][info][gc          ] GC(105) Concurrent cleanup 25M->13M(147M) 0.108ms
[2.006s][info][gc,ergo     ] Free: 1871M, Max: 512K regular, 1870M humongous, Frag: 1% external, 0% internal; Reserve: 101888K, Max: 512K
[2.006s][info][gc,stats    ] 
[2.006s][info][gc,stats    ] All times are wall-clock times, except per-root-class counters, that are sum over
[2.006s][info][gc,stats    ] all workers. Dividing the <total> over the root stage time estimates parallelism.
[2.006s][info][gc,stats    ] 
[2.006s][info][gc,stats    ] Concurrent Reset                    227 us
[2.006s][info][gc,stats    ] Pause Init Mark (G)                 168 us
[2.006s][info][gc,stats    ] Pause Init Mark (N)                  74 us
[2.006s][info][gc,stats    ]   Update Region States               18 us
[2.006s][info][gc,stats    ] Concurrent Mark Roots               205 us, parallelism: 0.62x
[2.006s][info][gc,stats    ]   CMR: <total>                      126 us
[2.006s][info][gc,stats    ]   CMR: Thread Roots                  48 us, workers (us):  48,   0, ---, ---, ---, ---, ---, ---, 
[2.006s][info][gc,stats    ]   CMR: VM Strong Roots                6 us, workers (us):   6,   0, ---, ---, ---, ---, ---, ---, 
[2.006s][info][gc,stats    ]   CMR: CLDG Roots                    72 us, workers (us):  72, ---, ---, ---, ---, ---, ---, ---, 
[2.006s][info][gc,stats    ] Concurrent Marking                24805 us
[2.006s][info][gc,stats    ] Pause Final Mark (G)               2477 us
[2.006s][info][gc,stats    ] Pause Final Mark (N)                362 us
[2.006s][info][gc,stats    ]   Finish Mark                       179 us
[2.006s][info][gc,stats    ]   Update Region States               35 us
[2.006s][info][gc,stats    ]   Choose Collection Set              54 us
[2.006s][info][gc,stats    ]   Rebuild Free Set                   16 us
[2.006s][info][gc,stats    ] Concurrent Thread Roots             124 us, parallelism: 0.63x
[2.006s][info][gc,stats    ]   CTR: <total>                       78 us
[2.006s][info][gc,stats    ]   CTR: Thread Roots                  78 us, workers (us):  46,  32, ---, ---, ---, ---, ---, ---, 
[2.006s][info][gc,stats    ] Concurrent Weak References          143 us, parallelism: 0.58x
[2.006s][info][gc,stats    ]   CWRF: <total>                      83 us
[2.006s][info][gc,stats    ]   CWRF: Weak References              83 us, workers (us):  82,   1, ---, ---, ---, ---, ---, ---, 
[2.006s][info][gc,stats    ] Concurrent Weak Roots              3470 us
[2.006s][info][gc,stats    ]   Roots                             523 us, parallelism: 1.76x
[2.006s][info][gc,stats    ]     CWR: <total>                    918 us
[2.006s][info][gc,stats    ]     CWR: Code Cache Roots           532 us, workers (us): 297, 235, ---, ---, ---, ---, ---, ---, 
[2.006s][info][gc,stats    ]     CWR: VM Weak Roots              382 us, workers (us): 190, 192, ---, ---, ---, ---, ---, ---, 
[2.006s][info][gc,stats    ]     CWR: CLDG Roots                   3 us, workers (us):   3, ---, ---, ---, ---, ---, ---, ---, 
[2.006s][info][gc,stats    ]   Rendezvous                       2677 us
[2.007s][info][gc,stats    ] Concurrent Cleanup                  134 us
[2.007s][info][gc,stats    ] Concurrent Class Unloading         1815 us
[2.007s][info][gc,stats    ]   Unlink Stale                     1589 us
[2.007s][info][gc,stats    ]     System Dictionary                30 us
[2.007s][info][gc,stats    ]     Weak Class Links                  0 us
[2.007s][info][gc,stats    ]     Code Roots                     1558 us
[2.007s][info][gc,stats    ]   Rendezvous                        182 us
[2.007s][info][gc,stats    ]   Purge Unlinked                      6 us
[2.007s][info][gc,stats    ]     Code Roots                        2 us
[2.007s][info][gc,stats    ]     CLDG                              4 us
[2.007s][info][gc,stats    ]     Exception Caches                  0 us
[2.007s][info][gc,stats    ] Concurrent Strong Roots            6379 us, parallelism: 0.03x
[2.007s][info][gc,stats    ]   CSR: <total>                      200 us
[2.007s][info][gc,stats    ]   CSR: VM Strong Roots               22 us, workers (us):  16,   6, ---, ---, ---, ---, ---, ---, 
[2.007s][info][gc,stats    ]   CSR: CLDG Roots                   178 us, workers (us): ---, 178, ---, ---, ---, ---, ---, ---, 
[2.007s][info][gc,stats    ] Concurrent Evacuation              2085 us
[2.007s][info][gc,stats    ] Pause Init Update Refs (G)          150 us
[2.007s][info][gc,stats    ] Pause Init Update Refs (N)           48 us
[2.007s][info][gc,stats    ]   Manage GCLABs                       4 us
[2.007s][info][gc,stats    ] Concurrent Update Refs            11021 us
[2.007s][info][gc,stats    ] Concurrent Update Thread Roots      361 us
[2.007s][info][gc,stats    ] Pause Final Update Refs (G)         779 us
[2.007s][info][gc,stats    ] Pause Final Update Refs (N)         111 us
[2.007s][info][gc,stats    ]   Update Region States               34 us
[2.007s][info][gc,stats    ]   Trash Collection Set                2 us
[2.007s][info][gc,stats    ]   Rebuild Free Set                   17 us
[2.007s][info][gc,stats    ] Concurrent Cleanup                  122 us
[2.007s][info][gc,stats    ] 
[2.007s][info][gc,stats    ] Allocation pacing accrued:
[2.007s][info][gc,stats    ]       0 of    56 ms (  0.0%): <total>
[2.007s][info][gc,stats    ]       0 of    56 ms (  0.0%): <average total>
[2.007s][info][gc,stats    ] 
[2.007s][info][gc,metaspace] Metaspace: 9004K(9216K)->9046K(9280K) NonClass: 8085K(8192K)->8127K(8256K) Class: 918K(1024K)->918K(1024K)
[2.007s][info][gc,ergo     ] Pacer for Idle. Initial: 40642K, Alloc Tax Rate: 1.0x
[2.008s][info][gc          ] Trigger: Start next cycle immediately
[2.008s][info][gc,ergo     ] Free: 1871M, Max: 512K regular, 1870M humongous, Frag: 1% external, 0% internal; Reserve: 101888K, Max: 512K
[2.008s][info][gc,start    ] GC(106) Concurrent reset
[2.008s][info][gc,task     ] GC(106) Using 2 of 8 workers for concurrent reset
[2.008s][info][gc,ergo     ] GC(106) Pacer for Reset. Non-Taxable: 1984M
[2.009s][info][gc          ] GC(106) Concurrent reset 0.216ms
[2.015s][info][gc,start    ] GC(106) Pause Init Mark (unload classes)
[2.015s][info][gc,task     ] GC(106) Using 8 of 8 workers for init marking
[2.015s][info][gc,ergo     ] GC(106) Pacer for Mark. Expected Live: 11723K, Free: 1871M, Non-Taxable: 187M, Alloc Tax Rate: 0.0x
[2.015s][info][gc          ] GC(106) Pause Init Mark (unload classes) 0.082ms
[2.015s][info][gc,start    ] GC(106) Concurrent marking roots
[2.015s][info][gc,task     ] GC(106) Using 2 of 8 workers for concurrent marking roots
[2.015s][info][gc          ] GC(106) Concurrent marking roots 0.199ms
[2.015s][info][gc,start    ] GC(106) Concurrent marking (unload classes)
[2.015s][info][gc,task     ] GC(106) Using 2 of 8 workers for concurrent marking
[2.019s][info][gc          ] GC(106) Concurrent marking (unload classes) 4.152ms
[2.019s][info][gc,start    ] GC(106) Pause Final Mark (unload classes)
[2.019s][info][gc,task     ] GC(106) Using 8 of 8 workers for final marking
[2.020s][info][gc,ergo     ] GC(106) Collectable Garbage: 1874K (100%), Immediate: 0B (0%), CSet: 1874K (100%)
[2.020s][info][gc,ergo     ] GC(106) Pacer for Evacuation. Used CSet: 11776K, Free: 1870M, Non-Taxable: 187M, Alloc Tax Rate: 1.1x
[2.020s][info][gc          ] GC(106) Pause Final Mark (unload classes) 0.263ms
[2.020s][info][gc,start    ] GC(106) Concurrent thread roots
[2.020s][info][gc,task     ] GC(106) Using 2 of 8 workers for Concurrent thread roots
[2.020s][info][gc          ] GC(106) Concurrent thread roots 0.082ms
[2.020s][info][gc,start    ] GC(106) Concurrent weak references
[2.020s][info][gc,task     ] GC(106) Using 2 of 8 workers for concurrent weak references
[2.020s][info][gc,ref      ] GC(106) Encountered references: Soft: 3607, Weak: 1171, Final: 4, Phantom: 583
[2.020s][info][gc,ref      ] GC(106) Discovered  references: Soft: 0, Weak: 423, Final: 0, Phantom: 199
[2.020s][info][gc,ref      ] GC(106) Enqueued    references: Soft: 0, Weak: 0, Final: 0, Phantom: 0
[2.020s][info][gc          ] GC(106) Concurrent weak references 0.105ms
[2.020s][info][gc,start    ] GC(106) Concurrent weak roots
[2.020s][info][gc,task     ] GC(106) Using 2 of 8 workers for concurrent weak root
[2.021s][info][gc          ] GC(106) Concurrent weak roots 0.636ms
[2.021s][info][gc,start    ] GC(106) Concurrent cleanup
[2.021s][info][gc          ] GC(106) Concurrent cleanup 14M->14M(147M) 0.073ms
[2.021s][info][gc,ergo     ] GC(106) Free: 1870M, Max: 512K regular, 1870M humongous, Frag: 0% external, 0% internal; Reserve: 101430K, Max: 512K
[2.021s][info][gc,start    ] GC(106) Concurrent class unloading
[2.021s][info][gc,task     ] GC(106) Using 2 of 8 workers for concurrent class unloading
[2.027s][info][gc          ] GC(106) Concurrent class unloading 6.385ms
[2.027s][info][gc,start    ] GC(106) Concurrent strong roots
[2.027s][info][gc,task     ] GC(106) Using 2 of 8 workers for concurrent strong root
[2.027s][info][gc          ] GC(106) Concurrent strong roots 0.222ms
[2.027s][info][gc,start    ] GC(106) Concurrent evacuation
[2.027s][info][gc,task     ] GC(106) Using 2 of 8 workers for concurrent evacuation
[2.029s][info][gc          ] GC(106) Concurrent evacuation 2.010ms
[2.029s][info][gc,start    ] GC(106) Pause Init Update Refs
[2.029s][info][gc,ergo     ] GC(106) Pacer for Update Refs. Used: 26177K, Free: 1870M, Non-Taxable: 187M, Alloc Tax Rate: 1.1x
[2.029s][info][gc          ] GC(106) Pause Init Update Refs 0.048ms
[2.029s][info][gc,start    ] GC(106) Concurrent update references
[2.030s][info][gc,task     ] GC(106) Using 2 of 8 workers for concurrent reference update
[2.032s][info][gc          ] GC(106) Concurrent update references 2.566ms
[2.032s][info][gc,start    ] GC(106) Concurrent update thread roots
[2.033s][info][gc          ] GC(106) Concurrent update thread roots 1.209ms
[2.033s][info][gc,start    ] GC(106) Pause Final Update Refs
[2.033s][info][gc,task     ] GC(106) Using 8 of 8 workers for final reference update
[2.033s][info][gc          ] GC(106) Pause Final Update Refs 0.075ms
[2.033s][info][gc,start    ] GC(106) Concurrent cleanup
[2.034s][info][gc          ] GC(106) Concurrent cleanup 25M->14M(147M) 0.079ms
[2.034s][info][gc,ergo     ] Free: 1870M, Max: 512K regular, 1869M humongous, Frag: 1% external, 0% internal; Reserve: 101888K, Max: 512K
[2.034s][info][gc,stats    ] 
[2.034s][info][gc,stats    ] All times are wall-clock times, except per-root-class counters, that are sum over
[2.034s][info][gc,stats    ] all workers. Dividing the <total> over the root stage time estimates parallelism.
[2.034s][info][gc,stats    ] 
[2.034s][info][gc,stats    ] Concurrent Reset                    229 us
[2.034s][info][gc,stats    ] Pause Init Mark (G)                6314 us
[2.034s][info][gc,stats    ] Pause Init Mark (N)                  91 us
[2.034s][info][gc,stats    ]   Update Region States               27 us
[2.034s][info][gc,stats    ] Concurrent Mark Roots               209 us, parallelism: 0.59x
[2.034s][info][gc,stats    ]   CMR: <total>                      124 us
[2.034s][info][gc,stats    ]   CMR: Thread Roots                  51 us, workers (us):  51,   0, ---, ---, ---, ---, ---, ---, 
[2.034s][info][gc,stats    ]   CMR: VM Strong Roots                5 us, workers (us):   5,   0, ---, ---, ---, ---, ---, ---, 
[2.034s][info][gc,stats    ]   CMR: CLDG Roots                    67 us, workers (us):  67, ---, ---, ---, ---, ---, ---, ---, 
[2.034s][info][gc,stats    ] Concurrent Marking                 4172 us
[2.034s][info][gc,stats    ] Pause Final Mark (G)                380 us
[2.034s][info][gc,stats    ] Pause Final Mark (N)                273 us
[2.034s][info][gc,stats    ]   Finish Mark                       133 us
[2.034s][info][gc,stats    ]   Update Region States               16 us
[2.034s][info][gc,stats    ]   Choose Collection Set              42 us
[2.034s][info][gc,stats    ]   Rebuild Free Set                   16 us
[2.034s][info][gc,stats    ] Concurrent Thread Roots              92 us, parallelism: 0.75x
[2.034s][info][gc,stats    ]   CTR: <total>                       69 us
[2.034s][info][gc,stats    ]   CTR: Thread Roots                  69 us, workers (us):  35,  34, ---, ---, ---, ---, ---, ---, 
[2.034s][info][gc,stats    ] Concurrent Weak References          112 us, parallelism: 0.44x
[2.034s][info][gc,stats    ]   CWRF: <total>                      49 us
[2.034s][info][gc,stats    ]   CWRF: Weak References              49 us, workers (us):  45,   4, ---, ---, ---, ---, ---, ---, 
[2.034s][info][gc,stats    ] Concurrent Weak Roots               655 us
[2.034s][info][gc,stats    ]   Roots                             511 us, parallelism: 1.77x
[2.034s][info][gc,stats    ]     CWR: <total>                    905 us
[2.034s][info][gc,stats    ]     CWR: Code Cache Roots           492 us, workers (us): 218, 275, ---, ---, ---, ---, ---, ---, 
[2.034s][info][gc,stats    ]     CWR: VM Weak Roots              408 us, workers (us): 209, 200, ---, ---, ---, ---, ---, ---, 
[2.034s][info][gc,stats    ]     CWR: CLDG Roots                   4 us, workers (us): ---,   4, ---, ---, ---, ---, ---, ---, 
[2.034s][info][gc,stats    ]   Rendezvous                        106 us
[2.034s][info][gc,stats    ] Concurrent Cleanup                   82 us
[2.034s][info][gc,stats    ] Concurrent Class Unloading         6400 us
[2.034s][info][gc,stats    ]   Unlink Stale                      907 us
[2.034s][info][gc,stats    ]     System Dictionary                48 us
[2.034s][info][gc,stats    ]     Weak Class Links                  0 us
[2.034s][info][gc,stats    ]     Code Roots                      858 us
[2.034s][info][gc,stats    ]   Rendezvous                       5363 us
[2.034s][info][gc,stats    ]   Purge Unlinked                     93 us
[2.034s][info][gc,stats    ]     Code Roots                       89 us
[2.034s][info][gc,stats    ]     CLDG                              4 us
[2.034s][info][gc,stats    ]     Exception Caches                  0 us
[2.034s][info][gc,stats    ] Concurrent Strong Roots             237 us, parallelism: 0.80x
[2.034s][info][gc,stats    ]   CSR: <total>                      189 us
[2.034s][info][gc,stats    ]   CSR: VM Strong Roots               11 us, workers (us):   6,   5, ---, ---, ---, ---, ---, ---, 
[2.034s][info][gc,stats    ]   CSR: CLDG Roots                   178 us, workers (us): ---, 178, ---, ---, ---, ---, ---, ---, 
[2.034s][info][gc,stats    ] Concurrent Evacuation              2033 us
[2.034s][info][gc,stats    ] Pause Init Update Refs (G)           97 us
[2.034s][info][gc,stats    ] Pause Init Update Refs (N)           59 us
[2.034s][info][gc,stats    ]   Manage GCLABs                       4 us
[2.034s][info][gc,stats    ] Concurrent Update Refs             2588 us
[2.034s][info][gc,stats    ] Concurrent Update Thread Roots     1228 us
[2.034s][info][gc,stats    ] Pause Final Update Refs (G)         175 us
[2.034s][info][gc,stats    ] Pause Final Update Refs (N)          88 us
[2.034s][info][gc,stats    ]   Update Region States               18 us
[2.034s][info][gc,stats    ]   Trash Collection Set                2 us
[2.034s][info][gc,stats    ]   Rebuild Free Set                   16 us
[2.034s][info][gc,stats    ] Concurrent Cleanup                   89 us
[2.034s][info][gc,stats    ] 
[2.034s][info][gc,stats    ] Allocation pacing accrued:
[2.034s][info][gc,stats    ]       0 of    27 ms (  0.0%): <total>
[2.034s][info][gc,stats    ]       0 of    27 ms (  0.0%): <average total>
[2.034s][info][gc,stats    ] 
[2.034s][info][gc,metaspace] Metaspace: 9051K(9280K)->9071K(9344K) NonClass: 8131K(8256K)->8151K(8320K) Class: 919K(1024K)->920K(1024K)
[2.034s][info][gc,ergo     ] Pacer for Idle. Initial: 40642K, Alloc Tax Rate: 1.0x
[2.035s][info][gc          ] Trigger: Start next cycle immediately
[2.035s][info][gc,ergo     ] Free: 1870M, Max: 512K regular, 1869M humongous, Frag: 1% external, 0% internal; Reserve: 101888K, Max: 512K
[2.036s][info][gc,start    ] GC(107) Concurrent reset
[2.036s][info][gc,task     ] GC(107) Using 2 of 8 workers for concurrent reset
[2.036s][info][gc,ergo     ] GC(107) Pacer for Reset. Non-Taxable: 1984M
[2.036s][info][gc          ] GC(107) Concurrent reset 0.258ms
[2.036s][info][gc,start    ] GC(107) Pause Init Mark (unload classes)
[2.036s][info][gc,task     ] GC(107) Using 8 of 8 workers for init marking
[2.036s][info][gc,ergo     ] GC(107) Pacer for Mark. Expected Live: 11738K, Free: 1870M, Non-Taxable: 187M, Alloc Tax Rate: 0.0x
[2.036s][info][gc          ] GC(107) Pause Init Mark (unload classes) 0.071ms
[2.036s][info][gc,start    ] GC(107) Concurrent marking roots
[2.036s][info][gc,task     ] GC(107) Using 2 of 8 workers for concurrent marking roots
[2.036s][info][gc          ] GC(107) Concurrent marking roots 0.161ms
[2.036s][info][gc,start    ] GC(107) Concurrent marking (unload classes)
[2.036s][info][gc,task     ] GC(107) Using 2 of 8 workers for concurrent marking
[2.042s][info][gc          ] GC(107) Concurrent marking (unload classes) 5.873ms
[2.043s][info][gc,start    ] GC(107) Pause Final Mark (unload classes)
[2.043s][info][gc,task     ] GC(107) Using 8 of 8 workers for final marking
[2.044s][info][gc,ergo     ] GC(107) Collectable Garbage: 2609K (100%), Immediate: 0B (0%), CSet: 2609K (100%)
[2.044s][info][gc,ergo     ] GC(107) Pacer for Evacuation. Used CSet: 12526K, Free: 1869M, Non-Taxable: 186M, Alloc Tax Rate: 1.1x
[2.044s][info][gc          ] GC(107) Pause Final Mark (unload classes) 0.407ms
[2.044s][info][gc,start    ] GC(107) Concurrent thread roots
[2.044s][info][gc,task     ] GC(107) Using 2 of 8 workers for Concurrent thread roots
[2.044s][info][gc          ] GC(107) Concurrent thread roots 0.105ms
[2.044s][info][gc,start    ] GC(107) Concurrent weak references
[2.044s][info][gc,task     ] GC(107) Using 2 of 8 workers for concurrent weak references
[2.044s][info][gc,ref      ] GC(107) Encountered references: Soft: 3607, Weak: 1172, Final: 4, Phantom: 585
[2.044s][info][gc,ref      ] GC(107) Discovered  references: Soft: 0, Weak: 426, Final: 0, Phantom: 423
[2.044s][info][gc,ref      ] GC(107) Enqueued    references: Soft: 0, Weak: 0, Final: 0, Phantom: 0
[2.044s][info][gc          ] GC(107) Concurrent weak references 0.107ms
[2.044s][info][gc,start    ] GC(107) Concurrent weak roots
[2.044s][info][gc,task     ] GC(107) Using 2 of 8 workers for concurrent weak root
[2.045s][info][gc          ] GC(107) Concurrent weak roots 1.118ms
[2.045s][info][gc,start    ] GC(107) Concurrent cleanup
[2.045s][info][gc          ] GC(107) Concurrent cleanup 14M->14M(147M) 0.075ms
[2.045s][info][gc,ergo     ] GC(107) Free: 1869M, Max: 512K regular, 1869M humongous, Frag: 1% external, 0% internal; Reserve: 101551K, Max: 512K
[2.045s][info][gc,start    ] GC(107) Concurrent class unloading
[2.045s][info][gc,task     ] GC(107) Using 2 of 8 workers for concurrent class unloading
[2.050s][info][gc          ] GC(107) Concurrent class unloading 5.268ms
[2.050s][info][gc,start    ] GC(107) Concurrent strong roots
[2.051s][info][gc,task     ] GC(107) Using 2 of 8 workers for concurrent strong root
[2.051s][info][gc          ] GC(107) Concurrent strong roots 0.218ms
[2.051s][info][gc,start    ] GC(107) Concurrent evacuation
[2.051s][info][gc,task     ] GC(107) Using 2 of 8 workers for concurrent evacuation
[2.053s][info][gc          ] GC(107) Concurrent evacuation 2.134ms
[2.054s][info][gc,start    ] GC(107) Pause Init Update Refs
[2.054s][info][gc,ergo     ] GC(107) Pacer for Update Refs. Used: 27201K, Free: 1869M, Non-Taxable: 186M, Alloc Tax Rate: 1.1x
[2.054s][info][gc          ] GC(107) Pause Init Update Refs 0.035ms
[2.054s][info][gc,start    ] GC(107) Concurrent update references
[2.054s][info][gc,task     ] GC(107) Using 2 of 8 workers for concurrent reference update
[2.056s][info][gc          ] GC(107) Concurrent update references 2.618ms
[2.056s][info][gc,start    ] GC(107) Concurrent update thread roots
[2.058s][info][gc          ] GC(107) Concurrent update thread roots 2.123ms
[2.059s][info][gc,start    ] GC(107) Pause Final Update Refs
[2.059s][info][gc,task     ] GC(107) Using 8 of 8 workers for final reference update
[2.059s][info][gc          ] GC(107) Pause Final Update Refs 0.070ms
[2.059s][info][gc,start    ] GC(107) Concurrent cleanup
[2.059s][info][gc          ] GC(107) Concurrent cleanup 26M->14M(148M) 0.074ms
[2.059s][info][gc,ergo     ] Free: 1870M, Max: 512K regular, 1869M humongous, Frag: 1% external, 0% internal; Reserve: 101888K, Max: 512K
[2.059s][info][gc,stats    ] 
[2.059s][info][gc,stats    ] All times are wall-clock times, except per-root-class counters, that are sum over
[2.059s][info][gc,stats    ] all workers. Dividing the <total> over the root stage time estimates parallelism.
[2.059s][info][gc,stats    ] 
[2.059s][info][gc,stats    ] Concurrent Reset                    286 us
[2.059s][info][gc,stats    ] Pause Init Mark (G)                 436 us
[2.059s][info][gc,stats    ] Pause Init Mark (N)                  79 us
[2.059s][info][gc,stats    ]   Update Region States               18 us
[2.059s][info][gc,stats    ] Concurrent Mark Roots               172 us, parallelism: 0.73x
[2.059s][info][gc,stats    ]   CMR: <total>                      125 us
[2.059s][info][gc,stats    ]   CMR: Thread Roots                  46 us, workers (us):   0,  46, ---, ---, ---, ---, ---, ---, 
[2.059s][info][gc,stats    ]   CMR: VM Strong Roots                5 us, workers (us):   4,   1, ---, ---, ---, ---, ---, ---, 
[2.059s][info][gc,stats    ]   CMR: CLDG Roots                    74 us, workers (us):  74, ---, ---, ---, ---, ---, ---, ---, 
[2.059s][info][gc,stats    ] Concurrent Marking                 5897 us
[2.059s][info][gc,stats    ] Pause Final Mark (G)               1413 us
[2.059s][info][gc,stats    ] Pause Final Mark (N)                417 us
[2.059s][info][gc,stats    ]   Finish Mark                       151 us
[2.059s][info][gc,stats    ]   Update Region States               14 us
[2.059s][info][gc,stats    ]   Choose Collection Set             162 us
[2.059s][info][gc,stats    ]   Rebuild Free Set                   20 us
[2.059s][info][gc,stats    ] Concurrent Thread Roots             133 us, parallelism: 0.40x
[2.059s][info][gc,stats    ]   CTR: <total>                       54 us
[2.059s][info][gc,stats    ]   CTR: Thread Roots                  54 us, workers (us):  47,   7, ---, ---, ---, ---, ---, ---, 
[2.059s][info][gc,stats    ] Concurrent Weak References          115 us, parallelism: 0.67x
[2.059s][info][gc,stats    ]   CWRF: <total>                      77 us
[2.059s][info][gc,stats    ]   CWRF: Weak References              77 us, workers (us):  36,  41, ---, ---, ---, ---, ---, ---, 
[2.059s][info][gc,stats    ] Concurrent Weak Roots              1138 us
[2.059s][info][gc,stats    ]   Roots                             498 us, parallelism: 1.74x
[2.059s][info][gc,stats    ]     CWR: <total>                    865 us
[2.059s][info][gc,stats    ]     CWR: Code Cache Roots           461 us, workers (us): 264, 196, ---, ---, ---, ---, ---, ---, 
[2.059s][info][gc,stats    ]     CWR: VM Weak Roots              398 us, workers (us): 199, 199, ---, ---, ---, ---, ---, ---, 
[2.059s][info][gc,stats    ]     CWR: CLDG Roots                   6 us, workers (us): ---,   6, ---, ---, ---, ---, ---, ---, 
[2.059s][info][gc,stats    ]   Rendezvous                        586 us
[2.059s][info][gc,stats    ] Concurrent Cleanup                   84 us
[2.059s][info][gc,stats    ] Concurrent Class Unloading         5283 us
[2.059s][info][gc,stats    ]   Unlink Stale                     5081 us
[2.059s][info][gc,stats    ]     System Dictionary                50 us
[2.059s][info][gc,stats    ]     Weak Class Links                  0 us
[2.059s][info][gc,stats    ]     Code Roots                     5030 us
[2.059s][info][gc,stats    ]   Rendezvous                        109 us
[2.059s][info][gc,stats    ]   Purge Unlinked                     57 us
[2.059s][info][gc,stats    ]     Code Roots                       53 us
[2.059s][info][gc,stats    ]     CLDG                              4 us
[2.059s][info][gc,stats    ]     Exception Caches                  0 us
[2.059s][info][gc,stats    ] Concurrent Strong Roots             632 us, parallelism: 0.29x
[2.059s][info][gc,stats    ]   CSR: <total>                      183 us
[2.059s][info][gc,stats    ]   CSR: VM Strong Roots               12 us, workers (us):   9,   3, ---, ---, ---, ---, ---, ---, 
[2.059s][info][gc,stats    ]   CSR: CLDG Roots                   171 us, workers (us): ---, 171, ---, ---, ---, ---, ---, ---, 
[2.059s][info][gc,stats    ] Concurrent Evacuation              2154 us
[2.059s][info][gc,stats    ] Pause Init Update Refs (G)          351 us
[2.059s][info][gc,stats    ] Pause Init Update Refs (N)           44 us
[2.059s][info][gc,stats    ]   Manage GCLABs                       5 us
[2.059s][info][gc,stats    ] Concurrent Update Refs             2641 us
[2.059s][info][gc,stats    ] Concurrent Update Thread Roots     2144 us
[2.059s][info][gc,stats    ] Pause Final Update Refs (G)         175 us
[2.059s][info][gc,stats    ] Pause Final Update Refs (N)          80 us
[2.059s][info][gc,stats    ]   Update Region States               21 us
[2.059s][info][gc,stats    ]   Trash Collection Set                2 us
[2.059s][info][gc,stats    ]   Rebuild Free Set                   16 us
[2.059s][info][gc,stats    ] Concurrent Cleanup                   83 us
[2.059s][info][gc,stats    ] 
[2.059s][info][gc,stats    ] Allocation pacing accrued:
[2.059s][info][gc,stats    ]       0 of    25 ms (  0.0%): <total>
[2.059s][info][gc,stats    ]       0 of    25 ms (  0.0%): <average total>
[2.059s][info][gc,stats    ] 
[2.059s][info][gc,metaspace] Metaspace: 9071K(9344K)->9075K(9344K) NonClass: 8151K(8320K)->8155K(8320K) Class: 920K(1024K)->920K(1024K)
[2.059s][info][gc,ergo     ] Pacer for Idle. Initial: 40642K, Alloc Tax Rate: 1.0x
[2.060s][info][gc          ] Trigger: Start next cycle immediately
[2.064s][info][gc,ergo     ] Free: 1870M, Max: 512K regular, 1869M humongous, Frag: 1% external, 0% internal; Reserve: 101888K, Max: 512K
[2.064s][info][gc,start    ] GC(108) Concurrent reset
[2.064s][info][gc,task     ] GC(108) Using 2 of 8 workers for concurrent reset
[2.064s][info][gc,ergo     ] GC(108) Pacer for Reset. Non-Taxable: 1984M
[2.064s][info][gc          ] GC(108) Concurrent reset 0.202ms
[2.067s][info][gc,start    ] GC(108) Pause Init Mark (unload classes)
[2.067s][info][gc,task     ] GC(108) Using 8 of 8 workers for init marking
[2.067s][info][gc,ergo     ] GC(108) Pacer for Mark. Expected Live: 11749K, Free: 1870M, Non-Taxable: 187M, Alloc Tax Rate: 0.0x
[2.067s][info][gc          ] GC(108) Pause Init Mark (unload classes) 0.147ms
[2.067s][info][gc,start    ] GC(108) Concurrent marking roots
[2.067s][info][gc,task     ] GC(108) Using 2 of 8 workers for concurrent marking roots
[2.067s][info][gc          ] GC(108) Concurrent marking roots 0.220ms
[2.067s][info][gc,start    ] GC(108) Concurrent marking (unload classes)
[2.067s][info][gc,task     ] GC(108) Using 2 of 8 workers for concurrent marking
[2.090s][info][gc          ] GC(108) Concurrent marking (unload classes) 22.727ms
[2.091s][info][gc,start    ] GC(108) Pause Final Mark (unload classes)
[2.091s][info][gc,task     ] GC(108) Using 8 of 8 workers for final marking
[2.091s][info][gc,ergo     ] GC(108) Collectable Garbage: 2855K (100%), Immediate: 0B (0%), CSet: 2855K (100%)
[2.091s][info][gc,ergo     ] GC(108) Pacer for Evacuation. Used CSet: 12800K, Free: 1869M, Non-Taxable: 186M, Alloc Tax Rate: 1.1x
[2.091s][info][gc          ] GC(108) Pause Final Mark (unload classes) 0.378ms
[2.091s][info][gc,start    ] GC(108) Concurrent thread roots
[2.091s][info][gc,task     ] GC(108) Using 2 of 8 workers for Concurrent thread roots
[2.091s][info][gc          ] GC(108) Concurrent thread roots 0.087ms
[2.091s][info][gc,start    ] GC(108) Concurrent weak references
[2.091s][info][gc,task     ] GC(108) Using 2 of 8 workers for concurrent weak references
[2.092s][info][gc,ref      ] GC(108) Encountered references: Soft: 3607, Weak: 1172, Final: 4, Phantom: 585
[2.092s][info][gc,ref      ] GC(108) Discovered  references: Soft: 0, Weak: 418, Final: 0, Phantom: 423
[2.092s][info][gc,ref      ] GC(108) Enqueued    references: Soft: 0, Weak: 0, Final: 0, Phantom: 0
[2.092s][info][gc          ] GC(108) Concurrent weak references 0.142ms
[2.092s][info][gc,start    ] GC(108) Concurrent weak roots
[2.092s][info][gc,task     ] GC(108) Using 2 of 8 workers for concurrent weak root
[2.092s][info][gc          ] GC(108) Concurrent weak roots 0.614ms
[2.092s][info][gc,start    ] GC(108) Concurrent cleanup
[2.092s][info][gc          ] GC(108) Concurrent cleanup 15M->15M(148M) 0.105ms
[2.092s][info][gc,ergo     ] GC(108) Free: 1869M, Max: 512K regular, 1869M humongous, Frag: 0% external, 0% internal; Reserve: 101268K, Max: 512K
[2.092s][info][gc,start    ] GC(108) Concurrent class unloading
[2.092s][info][gc,task     ] GC(108) Using 2 of 8 workers for concurrent class unloading
[2.093s][info][gc          ] GC(108) Concurrent class unloading 0.969ms
[2.093s][info][gc,start    ] GC(108) Concurrent strong roots
[2.093s][info][gc,task     ] GC(108) Using 2 of 8 workers for concurrent strong root
[2.094s][info][gc          ] GC(108) Concurrent strong roots 0.239ms
[2.094s][info][gc,start    ] GC(108) Concurrent evacuation
[2.094s][info][gc,task     ] GC(108) Using 2 of 8 workers for concurrent evacuation
[2.096s][info][gc          ] GC(108) Concurrent evacuation 2.068ms
[2.104s][info][gc,start    ] GC(108) Pause Init Update Refs
[2.104s][info][gc,ergo     ] GC(108) Pacer for Update Refs. Used: 26894K, Free: 1869M, Non-Taxable: 186M, Alloc Tax Rate: 1.1x
[2.104s][info][gc          ] GC(108) Pause Init Update Refs 0.049ms
[2.104s][info][gc,start    ] GC(108) Concurrent update references
[2.104s][info][gc,task     ] GC(108) Using 2 of 8 workers for concurrent reference update
[2.107s][info][gc          ] GC(108) Concurrent update references 2.677ms
[2.107s][info][gc,start    ] GC(108) Concurrent update thread roots
[2.116s][info][gc          ] GC(108) Concurrent update thread roots 8.606ms
[2.122s][info][gc,start    ] GC(108) Pause Final Update Refs
[2.122s][info][gc,task     ] GC(108) Using 8 of 8 workers for final reference update
[2.122s][info][gc          ] GC(108) Pause Final Update Refs 0.099ms
[2.130s][info][gc,start    ] GC(108) Concurrent cleanup
[2.130s][info][gc          ] GC(108) Concurrent cleanup 26M->14M(148M) 0.165ms
[2.130s][info][gc,ergo     ] Free: 1870M, Max: 512K regular, 1869M humongous, Frag: 1% external, 0% internal; Reserve: 101888K, Max: 512K
[2.130s][info][gc,stats    ] 
[2.130s][info][gc,stats    ] All times are wall-clock times, except per-root-class counters, that are sum over
[2.130s][info][gc,stats    ] all workers. Dividing the <total> over the root stage time estimates parallelism.
[2.130s][info][gc,stats    ] 
[2.130s][info][gc,stats    ] Concurrent Reset                    212 us
[2.130s][info][gc,stats    ] Pause Init Mark (G)                3358 us
[2.130s][info][gc,stats    ] Pause Init Mark (N)                 173 us
[2.130s][info][gc,stats    ]   Update Region States               21 us
[2.131s][info][gc,stats    ] Concurrent Mark Roots               231 us, parallelism: 0.58x
[2.131s][info][gc,stats    ]   CMR: <total>                      134 us
[2.131s][info][gc,stats    ]   CMR: Thread Roots                  45 us, workers (us):  45,   0, ---, ---, ---, ---, ---, ---, 
[2.131s][info][gc,stats    ]   CMR: VM Strong Roots                5 us, workers (us):   5,   0, ---, ---, ---, ---, ---, ---, 
[2.131s][info][gc,stats    ]   CMR: CLDG Roots                    84 us, workers (us):  84, ---, ---, ---, ---, ---, ---, ---, 
[2.131s][info][gc,stats    ] Concurrent Marking                22756 us
[2.131s][info][gc,stats    ] Pause Final Mark (G)               1095 us
[2.131s][info][gc,stats    ] Pause Final Mark (N)                412 us
[2.131s][info][gc,stats    ]   Finish Mark                        98 us
[2.131s][info][gc,stats    ]   Update Region States               36 us
[2.131s][info][gc,stats    ]   Choose Collection Set              80 us
[2.131s][info][gc,stats    ]   Rebuild Free Set                   25 us
[2.131s][info][gc,stats    ] Concurrent Thread Roots              97 us, parallelism: 0.79x
[2.131s][info][gc,stats    ]   CTR: <total>                       77 us
[2.131s][info][gc,stats    ]   CTR: Thread Roots                  77 us, workers (us):  41,  36, ---, ---, ---, ---, ---, ---, 
[2.131s][info][gc,stats    ] Concurrent Weak References          150 us, parallelism: 0.60x
[2.131s][info][gc,stats    ]   CWRF: <total>                      91 us
[2.131s][info][gc,stats    ]   CWRF: Weak References              91 us, workers (us):  86,   4, ---, ---, ---, ---, ---, ---, 
[2.131s][info][gc,stats    ] Concurrent Weak Roots               632 us
[2.131s][info][gc,stats    ]   Roots                             541 us, parallelism: 1.76x
[2.131s][info][gc,stats    ]     CWR: <total>                    952 us
[2.131s][info][gc,stats    ]     CWR: Code Cache Roots           508 us, workers (us): 291, 217, ---, ---, ---, ---, ---, ---, 
[2.131s][info][gc,stats    ]     CWR: VM Weak Roots              437 us, workers (us): 219, 217, ---, ---, ---, ---, ---, ---, 
[2.131s][info][gc,stats    ]     CWR: CLDG Roots                   8 us, workers (us): ---,   8, ---, ---, ---, ---, ---, ---, 
[2.131s][info][gc,stats    ]   Rendezvous                         57 us
[2.131s][info][gc,stats    ] Concurrent Cleanup                  114 us
[2.131s][info][gc,stats    ] Concurrent Class Unloading          982 us
[2.131s][info][gc,stats    ]   Unlink Stale                      860 us
[2.131s][info][gc,stats    ]     System Dictionary                33 us
[2.131s][info][gc,stats    ]     Weak Class Links                  0 us
[2.131s][info][gc,stats    ]     Code Roots                      825 us
[2.131s][info][gc,stats    ]   Rendezvous                         26 us
[2.131s][info][gc,stats    ]   Purge Unlinked                     61 us
[2.131s][info][gc,stats    ]     Code Roots                       58 us
[2.131s][info][gc,stats    ]     CLDG                              3 us
[2.131s][info][gc,stats    ]     Exception Caches                  0 us
[2.131s][info][gc,stats    ] Concurrent Strong Roots             250 us, parallelism: 0.74x
[2.131s][info][gc,stats    ]   CSR: <total>                      184 us
[2.131s][info][gc,stats    ]   CSR: VM Strong Roots               12 us, workers (us):   4,   8, ---, ---, ---, ---, ---, ---, 
[2.131s][info][gc,stats    ]   CSR: CLDG Roots                   172 us, workers (us): 172, ---, ---, ---, ---, ---, ---, ---, 
[2.131s][info][gc,stats    ] Concurrent Evacuation              2089 us
[2.131s][info][gc,stats    ] Pause Init Update Refs (G)         8530 us
[2.131s][info][gc,stats    ] Pause Init Update Refs (N)           58 us
[2.131s][info][gc,stats    ]   Manage GCLABs                       8 us
[2.131s][info][gc,stats    ] Concurrent Update Refs             2701 us
[2.131s][info][gc,stats    ] Concurrent Update Thread Roots     8634 us
[2.131s][info][gc,stats    ] Pause Final Update Refs (G)       14652 us
[2.131s][info][gc,stats    ] Pause Final Update Refs (N)         119 us
[2.131s][info][gc,stats    ]   Update Region States               39 us
[2.131s][info][gc,stats    ]   Trash Collection Set                2 us
[2.131s][info][gc,stats    ]   Rebuild Free Set                   18 us
[2.131s][info][gc,stats    ] Concurrent Cleanup                  176 us
[2.131s][info][gc,stats    ] 
[2.131s][info][gc,stats    ] Allocation pacing accrued:
[2.131s][info][gc,stats    ]       0 of    72 ms (  0.0%): <total>
[2.131s][info][gc,stats    ]       0 of    72 ms (  0.0%): <average total>
[2.131s][info][gc,stats    ] 
[2.131s][info][gc,metaspace] Metaspace: 9075K(9344K)->9094K(9344K) NonClass: 8155K(8320K)->8174K(8320K) Class: 920K(1024K)->920K(1024K)
[2.131s][info][gc,ergo     ] Pacer for Idle. Initial: 40642K, Alloc Tax Rate: 1.0x
[2.132s][info][gc          ] Trigger: Start next cycle immediately
[2.132s][info][gc,ergo     ] Free: 1869M, Max: 512K regular, 1869M humongous, Frag: 1% external, 0% internal; Reserve: 101888K, Max: 512K
[2.132s][info][gc,start    ] GC(109) Concurrent reset
[2.132s][info][gc,task     ] GC(109) Using 2 of 8 workers for concurrent reset
[2.132s][info][gc,ergo     ] GC(109) Pacer for Reset. Non-Taxable: 1984M
[2.133s][info][gc          ] GC(109) Concurrent reset 0.288ms
[2.133s][info][gc,start    ] GC(109) Pause Init Mark (unload classes)
[2.133s][info][gc,task     ] GC(109) Using 8 of 8 workers for init marking
[2.133s][info][gc,ergo     ] GC(109) Pacer for Mark. Expected Live: 11769K, Free: 1869M, Non-Taxable: 186M, Alloc Tax Rate: 0.0x
[2.133s][info][gc          ] GC(109) Pause Init Mark (unload classes) 0.286ms
[2.133s][info][gc,start    ] GC(109) Concurrent marking roots
[2.133s][info][gc,task     ] GC(109) Using 2 of 8 workers for concurrent marking roots
[2.133s][info][gc          ] GC(109) Concurrent marking roots 0.374ms
[2.133s][info][gc,start    ] GC(109) Concurrent marking (unload classes)
[2.133s][info][gc,task     ] GC(109) Using 2 of 8 workers for concurrent marking
[2.146s][info][gc          ] GC(109) Concurrent marking (unload classes) 12.760ms
[2.146s][info][gc,start    ] GC(109) Pause Final Mark (unload classes)
[2.146s][info][gc,task     ] GC(109) Using 8 of 8 workers for final marking
[2.147s][info][gc,ergo     ] GC(109) Collectable Garbage: 3097K (100%), Immediate: 0B (0%), CSet: 3097K (100%)
[2.147s][info][gc,ergo     ] GC(109) Pacer for Evacuation. Used CSet: 13243K, Free: 1869M, Non-Taxable: 186M, Alloc Tax Rate: 1.1x
[2.147s][info][gc          ] GC(109) Pause Final Mark (unload classes) 0.447ms
[2.147s][info][gc,start    ] GC(109) Concurrent thread roots
[2.147s][info][gc,task     ] GC(109) Using 2 of 8 workers for Concurrent thread roots
[2.147s][info][gc          ] GC(109) Concurrent thread roots 0.076ms
[2.147s][info][gc,start    ] GC(109) Concurrent weak references
[2.147s][info][gc,task     ] GC(109) Using 2 of 8 workers for concurrent weak references
[2.147s][info][gc,ref      ] GC(109) Encountered references: Soft: 3607, Weak: 1172, Final: 4, Phantom: 585
[2.147s][info][gc,ref      ] GC(109) Discovered  references: Soft: 0, Weak: 430, Final: 0, Phantom: 245
[2.147s][info][gc,ref      ] GC(109) Enqueued    references: Soft: 0, Weak: 0, Final: 0, Phantom: 0
[2.147s][info][gc          ] GC(109) Concurrent weak references 0.120ms
[2.147s][info][gc,start    ] GC(109) Concurrent weak roots
[2.147s][info][gc,task     ] GC(109) Using 2 of 8 workers for concurrent weak root
[2.148s][info][gc          ] GC(109) Concurrent weak roots 0.693ms
[2.148s][info][gc,start    ] GC(109) Concurrent cleanup
[2.148s][info][gc          ] GC(109) Concurrent cleanup 15M->15M(148M) 0.082ms
[2.148s][info][gc,ergo     ] GC(109) Free: 1869M, Max: 512K regular, 1869M humongous, Frag: 0% external, 0% internal; Reserve: 101376K, Max: 512K
[2.148s][info][gc,start    ] GC(109) Concurrent class unloading
[2.148s][info][gc,task     ] GC(109) Using 2 of 8 workers for concurrent class unloading
[2.149s][info][gc          ] GC(109) Concurrent class unloading 0.984ms
[2.149s][info][gc,start    ] GC(109) Concurrent strong roots
[2.149s][info][gc,task     ] GC(109) Using 2 of 8 workers for concurrent strong root
[2.149s][info][gc          ] GC(109) Concurrent strong roots 0.227ms
[2.149s][info][gc,start    ] GC(109) Concurrent evacuation
[2.149s][info][gc,task     ] GC(109) Using 2 of 8 workers for concurrent evacuation
[2.151s][info][gc          ] GC(109) Concurrent evacuation 2.198ms
[2.151s][info][gc,start    ] GC(109) Pause Init Update Refs
[2.151s][info][gc,ergo     ] GC(109) Pacer for Update Refs. Used: 26864K, Free: 1869M, Non-Taxable: 186M, Alloc Tax Rate: 1.1x
[2.151s][info][gc          ] GC(109) Pause Init Update Refs 0.042ms
[2.151s][info][gc,start    ] GC(109) Concurrent update references
[2.151s][info][gc,task     ] GC(109) Using 2 of 8 workers for concurrent reference update
[2.154s][info][gc          ] GC(109) Concurrent update references 2.620ms
[2.158s][info][gc,start    ] GC(109) Concurrent update thread roots
[2.158s][info][gc          ] GC(109) Concurrent update thread roots 0.194ms
[2.159s][info][gc,start    ] GC(109) Pause Final Update Refs
[2.159s][info][gc,task     ] GC(109) Using 8 of 8 workers for final reference update
[2.159s][info][gc          ] GC(109) Pause Final Update Refs 0.125ms
[2.159s][info][gc,start    ] GC(109) Concurrent cleanup
[2.159s][info][gc          ] GC(109) Concurrent cleanup 26M->13M(148M) 0.083ms
[2.159s][info][gc,ergo     ] Free: 1871M, Max: 512K regular, 1870M humongous, Frag: 1% external, 0% internal; Reserve: 101888K, Max: 512K
[2.159s][info][gc,stats    ] 
[2.159s][info][gc,stats    ] All times are wall-clock times, except per-root-class counters, that are sum over
[2.159s][info][gc,stats    ] all workers. Dividing the <total> over the root stage time estimates parallelism.
[2.159s][info][gc,stats    ] 
[2.159s][info][gc,stats    ] Concurrent Reset                    303 us
[2.159s][info][gc,stats    ] Pause Init Mark (G)                 407 us
[2.159s][info][gc,stats    ] Pause Init Mark (N)                 296 us
[2.159s][info][gc,stats    ]   Update Region States               19 us
[2.159s][info][gc,stats    ] Concurrent Mark Roots               390 us, parallelism: 1.15x
[2.159s][info][gc,stats    ]   CMR: <total>                      449 us
[2.159s][info][gc,stats    ]   CMR: Thread Roots                 341 us, workers (us): 293,  48, ---, ---, ---, ---, ---, ---, 
[2.159s][info][gc,stats    ]   CMR: VM Strong Roots               21 us, workers (us):  17,   3, ---, ---, ---, ---, ---, ---, 
[2.159s][info][gc,stats    ]   CMR: CLDG Roots                    87 us, workers (us): ---,  87, ---, ---, ---, ---, ---, ---, 
[2.159s][info][gc,stats    ] Concurrent Marking                12787 us
[2.159s][info][gc,stats    ] Pause Final Mark (G)                581 us
[2.159s][info][gc,stats    ] Pause Final Mark (N)                474 us
[2.159s][info][gc,stats    ]   Finish Mark                       290 us
[2.159s][info][gc,stats    ]   Update Region States               21 us
[2.159s][info][gc,stats    ]   Choose Collection Set              45 us
[2.159s][info][gc,stats    ]   Rebuild Free Set                   15 us
[2.159s][info][gc,stats    ] Concurrent Thread Roots              91 us, parallelism: 0.73x
[2.159s][info][gc,stats    ]   CTR: <total>                       67 us
[2.159s][info][gc,stats    ]   CTR: Thread Roots                  67 us, workers (us):  35,  32, ---, ---, ---, ---, ---, ---, 
[2.159s][info][gc,stats    ] Concurrent Weak References          127 us, parallelism: 0.45x
[2.159s][info][gc,stats    ]   CWRF: <total>                      57 us
[2.159s][info][gc,stats    ]   CWRF: Weak References              57 us, workers (us):  57,   1, ---, ---, ---, ---, ---, ---, 
[2.159s][info][gc,stats    ] Concurrent Weak Roots               712 us
[2.159s][info][gc,stats    ]   Roots                             557 us, parallelism: 1.82x
[2.159s][info][gc,stats    ]     CWR: <total>                   1015 us
[2.159s][info][gc,stats    ]     CWR: Code Cache Roots           495 us, workers (us): 266, 229, ---, ---, ---, ---, ---, ---, 
[2.159s][info][gc,stats    ]     CWR: VM Weak Roots              515 us, workers (us): 257, 258, ---, ---, ---, ---, ---, ---, 
[2.159s][info][gc,stats    ]     CWR: CLDG Roots                   5 us, workers (us):   5, ---, ---, ---, ---, ---, ---, ---, 
[2.159s][info][gc,stats    ]   Rendezvous                        111 us
[2.159s][info][gc,stats    ] Concurrent Cleanup                   90 us
[2.159s][info][gc,stats    ] Concurrent Class Unloading         1008 us
[2.159s][info][gc,stats    ]   Unlink Stale                      875 us
[2.159s][info][gc,stats    ]     System Dictionary                43 us
[2.159s][info][gc,stats    ]     Weak Class Links                  0 us
[2.159s][info][gc,stats    ]     Code Roots                      832 us
[2.159s][info][gc,stats    ]   Rendezvous                         24 us
[2.159s][info][gc,stats    ]   Purge Unlinked                     66 us
[2.159s][info][gc,stats    ]     Code Roots                       62 us
[2.159s][info][gc,stats    ]     CLDG                              4 us
[2.159s][info][gc,stats    ]     Exception Caches                  0 us
[2.159s][info][gc,stats    ] Concurrent Strong Roots             236 us, parallelism: 0.81x
[2.159s][info][gc,stats    ]   CSR: <total>                      192 us
[2.159s][info][gc,stats    ]   CSR: VM Strong Roots               12 us, workers (us):  12,   1, ---, ---, ---, ---, ---, ---, 
[2.159s][info][gc,stats    ]   CSR: CLDG Roots                   180 us, workers (us): ---, 180, ---, ---, ---, ---, ---, ---, 
[2.159s][info][gc,stats    ] Concurrent Evacuation              2220 us
[2.159s][info][gc,stats    ] Pause Init Update Refs (G)           81 us
[2.159s][info][gc,stats    ] Pause Init Update Refs (N)           52 us
[2.159s][info][gc,stats    ]   Manage GCLABs                       3 us
[2.159s][info][gc,stats    ] Concurrent Update Refs             6860 us
[2.159s][info][gc,stats    ] Concurrent Update Thread Roots      205 us
[2.159s][info][gc,stats    ] Pause Final Update Refs (G)         277 us
[2.159s][info][gc,stats    ] Pause Final Update Refs (N)         165 us
[2.160s][info][gc,stats    ]   Update Region States               18 us
[2.160s][info][gc,stats    ]   Trash Collection Set                2 us
[2.160s][info][gc,stats    ]   Rebuild Free Set                   18 us
[2.160s][info][gc,stats    ] Concurrent Cleanup                   93 us
[2.160s][info][gc,stats    ] 
[2.160s][info][gc,stats    ] Allocation pacing accrued:
[2.160s][info][gc,stats    ]       0 of    28 ms (  0.0%): <total>
[2.160s][info][gc,stats    ]       0 of    28 ms (  0.0%): <average total>
[2.160s][info][gc,stats    ] 
[2.160s][info][gc,metaspace] Metaspace: 9098K(9344K)->9259K(9472K) NonClass: 8177K(8320K)->8326K(8448K) Class: 920K(1024K)->932K(1024K)
[2.160s][info][gc,ergo     ] Pacer for Idle. Initial: 40642K, Alloc Tax Rate: 1.0x
[2.161s][info][gc          ] Trigger: Start next cycle immediately
[2.161s][info][gc,ergo     ] Free: 1870M, Max: 512K regular, 1870M humongous, Frag: 1% external, 0% internal; Reserve: 101888K, Max: 512K
[2.161s][info][gc,start    ] GC(110) Concurrent reset
[2.161s][info][gc,task     ] GC(110) Using 2 of 8 workers for concurrent reset
[2.161s][info][gc,ergo     ] GC(110) Pacer for Reset. Non-Taxable: 1984M
[2.161s][info][gc          ] GC(110) Concurrent reset 0.226ms
[2.161s][info][gc,start    ] GC(110) Pause Init Mark (unload classes)
[2.161s][info][gc,task     ] GC(110) Using 8 of 8 workers for init marking
[2.161s][info][gc,ergo     ] GC(110) Pacer for Mark. Expected Live: 11827K, Free: 1870M, Non-Taxable: 187M, Alloc Tax Rate: 0.0x
[2.161s][info][gc          ] GC(110) Pause Init Mark (unload classes) 0.158ms
[2.161s][info][gc,start    ] GC(110) Concurrent marking roots
[2.161s][info][gc,task     ] GC(110) Using 2 of 8 workers for concurrent marking roots
[2.162s][info][gc          ] GC(110) Concurrent marking roots 0.318ms
[2.162s][info][gc,start    ] GC(110) Concurrent marking (unload classes)
[2.162s][info][gc,task     ] GC(110) Using 2 of 8 workers for concurrent marking
[2.167s][info][gc          ] GC(110) Concurrent marking (unload classes) 5.311ms
[2.167s][info][gc,start    ] GC(110) Pause Final Mark (unload classes)
[2.167s][info][gc,task     ] GC(110) Using 8 of 8 workers for final marking
[2.167s][info][gc,ergo     ] GC(110) Collectable Garbage: 2045K (100%), Immediate: 0B (0%), CSet: 2045K (100%)
[2.167s][info][gc,ergo     ] GC(110) Pacer for Evacuation. Used CSet: 12257K, Free: 1870M, Non-Taxable: 187M, Alloc Tax Rate: 1.1x
[2.167s][info][gc          ] GC(110) Pause Final Mark (unload classes) 0.423ms
[2.167s][info][gc,start    ] GC(110) Concurrent thread roots
[2.168s][info][gc,task     ] GC(110) Using 2 of 8 workers for Concurrent thread roots
[2.168s][info][gc          ] GC(110) Concurrent thread roots 0.079ms
[2.168s][info][gc,start    ] GC(110) Concurrent weak references
[2.168s][info][gc,task     ] GC(110) Using 2 of 8 workers for concurrent weak references
[2.168s][info][gc,ref      ] GC(110) Encountered references: Soft: 3607, Weak: 1180, Final: 4, Phantom: 583
[2.168s][info][gc,ref      ] GC(110) Discovered  references: Soft: 0, Weak: 429, Final: 0, Phantom: 199
[2.168s][info][gc,ref      ] GC(110) Enqueued    references: Soft: 0, Weak: 3, Final: 0, Phantom: 1
[2.168s][info][gc          ] GC(110) Concurrent weak references 0.108ms
[2.168s][info][gc,start    ] GC(110) Concurrent weak roots
[2.168s][info][gc,task     ] GC(110) Using 2 of 8 workers for concurrent weak root
[2.168s][info][gc          ] GC(110) Concurrent weak roots 0.658ms
[2.168s][info][gc,start    ] GC(110) Concurrent cleanup
[2.168s][info][gc          ] GC(110) Concurrent cleanup 15M->15M(148M) 0.069ms
[2.169s][info][gc,ergo     ] GC(110) Free: 1869M, Max: 512K regular, 1869M humongous, Frag: 0% external, 0% internal; Reserve: 101440K, Max: 512K
[2.169s][info][gc,start    ] GC(110) Concurrent class unloading
[2.169s][info][gc,task     ] GC(110) Using 2 of 8 workers for concurrent class unloading
[2.169s][info][gc          ] GC(110) Concurrent class unloading 0.957ms
[2.169s][info][gc,start    ] GC(110) Concurrent strong roots
[2.170s][info][gc,task     ] GC(110) Using 2 of 8 workers for concurrent strong root
[2.170s][info][gc          ] GC(110) Concurrent strong roots 0.237ms
[2.170s][info][gc,start    ] GC(110) Concurrent evacuation
[2.170s][info][gc,task     ] GC(110) Using 2 of 8 workers for concurrent evacuation
[2.172s][info][gc          ] GC(110) Concurrent evacuation 2.128ms
[2.172s][info][gc,start    ] GC(110) Pause Init Update Refs
[2.172s][info][gc,ergo     ] GC(110) Pacer for Update Refs. Used: 26622K, Free: 1869M, Non-Taxable: 186M, Alloc Tax Rate: 1.1x
[2.172s][info][gc          ] GC(110) Pause Init Update Refs 0.040ms
[2.172s][info][gc,start    ] GC(110) Concurrent update references
[2.172s][info][gc,task     ] GC(110) Using 2 of 8 workers for concurrent reference update
[2.175s][info][gc          ] GC(110) Concurrent update references 2.586ms
[2.175s][info][gc,start    ] GC(110) Concurrent update thread roots
[2.198s][info][gc          ] GC(110) Concurrent update thread roots 22.946ms
[2.198s][info][gc,start    ] GC(110) Pause Final Update Refs
[2.198s][info][gc,task     ] GC(110) Using 8 of 8 workers for final reference update
[2.198s][info][gc          ] GC(110) Pause Final Update Refs 0.154ms
[2.198s][info][gc,start    ] GC(110) Concurrent cleanup
[2.198s][info][gc          ] GC(110) Concurrent cleanup 26M->14M(148M) 0.132ms
[2.198s][info][gc,ergo     ] Free: 1870M, Max: 512K regular, 1868M humongous, Frag: 1% external, 0% internal; Reserve: 101888K, Max: 512K
[2.198s][info][gc,stats    ] 
[2.198s][info][gc,stats    ] All times are wall-clock times, except per-root-class counters, that are sum over
[2.198s][info][gc,stats    ] all workers. Dividing the <total> over the root stage time estimates parallelism.
[2.198s][info][gc,stats    ] 
[2.198s][info][gc,stats    ] Concurrent Reset                    237 us
[2.198s][info][gc,stats    ] Pause Init Mark (G)                 294 us
[2.198s][info][gc,stats    ] Pause Init Mark (N)                 186 us
[2.198s][info][gc,stats    ]   Update Region States               26 us
[2.198s][info][gc,stats    ] Concurrent Mark Roots               328 us, parallelism: 0.75x
[2.198s][info][gc,stats    ]   CMR: <total>                      246 us
[2.198s][info][gc,stats    ]   CMR: Thread Roots                 164 us, workers (us): 164,   0, ---, ---, ---, ---, ---, ---, 
[2.198s][info][gc,stats    ]   CMR: VM Strong Roots                6 us, workers (us):   6,   0, ---, ---, ---, ---, ---, ---, 
[2.198s][info][gc,stats    ]   CMR: CLDG Roots                    76 us, workers (us):  76, ---, ---, ---, ---, ---, ---, ---, 
[2.198s][info][gc,stats    ] Concurrent Marking                 5342 us
[2.198s][info][gc,stats    ] Pause Final Mark (G)                524 us
[2.198s][info][gc,stats    ] Pause Final Mark (N)                458 us
[2.198s][info][gc,stats    ]   Finish Mark                       166 us
[2.198s][info][gc,stats    ]   Update Region States               17 us
[2.198s][info][gc,stats    ]   Choose Collection Set              84 us
[2.198s][info][gc,stats    ]   Rebuild Free Set                   27 us
[2.199s][info][gc,stats    ] Concurrent Thread Roots             135 us, parallelism: 0.51x
[2.199s][info][gc,stats    ]   CTR: <total>                       69 us
[2.199s][info][gc,stats    ]   CTR: Thread Roots                  69 us, workers (us):  32,  37, ---, ---, ---, ---, ---, ---, 
[2.199s][info][gc,stats    ] Concurrent Weak References          116 us, parallelism: 0.46x
[2.199s][info][gc,stats    ]   CWRF: <total>                      53 us
[2.199s][info][gc,stats    ]   CWRF: Weak References              53 us, workers (us):  50,   3, ---, ---, ---, ---, ---, ---, 
[2.199s][info][gc,stats    ] Concurrent Weak Roots               676 us
[2.199s][info][gc,stats    ]   Roots                             532 us, parallelism: 1.68x
[2.199s][info][gc,stats    ]     CWR: <total>                    896 us
[2.199s][info][gc,stats    ]     CWR: Code Cache Roots           448 us, workers (us): 243, 205, ---, ---, ---, ---, ---, ---, 
[2.199s][info][gc,stats    ]     CWR: VM Weak Roots              443 us, workers (us): 256, 187, ---, ---, ---, ---, ---, ---, 
[2.199s][info][gc,stats    ]     CWR: CLDG Roots                   6 us, workers (us): ---,   6, ---, ---, ---, ---, ---, ---, 
[2.199s][info][gc,stats    ]   Rendezvous                        108 us
[2.199s][info][gc,stats    ] Concurrent Cleanup                   78 us
[2.199s][info][gc,stats    ] Concurrent Class Unloading          971 us
[2.199s][info][gc,stats    ]   Unlink Stale                      848 us
[2.199s][info][gc,stats    ]     System Dictionary                30 us
[2.199s][info][gc,stats    ]     Weak Class Links                  0 us
[2.199s][info][gc,stats    ]     Code Roots                      817 us
[2.199s][info][gc,stats    ]   Rendezvous                         29 us
[2.199s][info][gc,stats    ]   Purge Unlinked                     59 us
[2.199s][info][gc,stats    ]     Code Roots                       55 us
[2.199s][info][gc,stats    ]     CLDG                              4 us
[2.199s][info][gc,stats    ]     Exception Caches                  0 us
[2.199s][info][gc,stats    ] Concurrent Strong Roots             252 us, parallelism: 0.72x
[2.199s][info][gc,stats    ]   CSR: <total>                      182 us
[2.199s][info][gc,stats    ]   CSR: VM Strong Roots               11 us, workers (us):   9,   2, ---, ---, ---, ---, ---, ---, 
[2.199s][info][gc,stats    ]   CSR: CLDG Roots                   171 us, workers (us): 171, ---, ---, ---, ---, ---, ---, ---, 
[2.199s][info][gc,stats    ] Concurrent Evacuation              2152 us
[2.199s][info][gc,stats    ] Pause Init Update Refs (G)          217 us
[2.199s][info][gc,stats    ] Pause Init Update Refs (N)           49 us
[2.199s][info][gc,stats    ]   Manage GCLABs                       7 us
[2.199s][info][gc,stats    ] Concurrent Update Refs             2600 us
[2.199s][info][gc,stats    ] Concurrent Update Thread Roots    22975 us
[2.199s][info][gc,stats    ] Pause Final Update Refs (G)         404 us
[2.199s][info][gc,stats    ] Pause Final Update Refs (N)         195 us
[2.199s][info][gc,stats    ]   Update Region States               36 us
[2.199s][info][gc,stats    ]   Trash Collection Set                2 us
[2.199s][info][gc,stats    ]   Rebuild Free Set                   20 us
[2.199s][info][gc,stats    ] Concurrent Cleanup                  144 us
[2.199s][info][gc,stats    ] 
[2.199s][info][gc,stats    ] Allocation pacing accrued:
[2.199s][info][gc,stats    ]       0 of    39 ms (  0.0%): <total>
[2.199s][info][gc,stats    ]       0 of    39 ms (  0.0%): <average total>
[2.199s][info][gc,stats    ] 
[2.199s][info][gc,metaspace] Metaspace: 9281K(9472K)->9441K(9664K) NonClass: 8347K(8448K)->8485K(8576K) Class: 934K(1024K)->955K(1088K)
[2.199s][info][gc,ergo     ] Pacer for Idle. Initial: 40642K, Alloc Tax Rate: 1.0x
[2.200s][info][gc          ] Trigger: Start next cycle immediately
[2.200s][info][gc,ergo     ] Free: 1869M, Max: 512K regular, 1868M humongous, Frag: 1% external, 0% internal; Reserve: 101888K, Max: 512K
[2.200s][info][gc,start    ] GC(111) Concurrent reset
[2.200s][info][gc,task     ] GC(111) Using 2 of 8 workers for concurrent reset
[2.200s][info][gc,ergo     ] GC(111) Pacer for Reset. Non-Taxable: 1984M
[2.200s][info][gc          ] GC(111) Concurrent reset 0.212ms
[2.200s][info][gc,start    ] GC(111) Pause Init Mark
[2.200s][info][gc,task     ] GC(111) Using 8 of 8 workers for init marking
[2.201s][info][gc,ergo     ] GC(111) Pacer for Mark. Expected Live: 11897K, Free: 1869M, Non-Taxable: 186M, Alloc Tax Rate: 0.0x
[2.201s][info][gc          ] GC(111) Pause Init Mark 0.143ms
[2.201s][info][gc,start    ] GC(111) Concurrent marking roots
[2.201s][info][gc,task     ] GC(111) Using 2 of 8 workers for concurrent marking roots
[2.202s][info][gc          ] GC(111) Concurrent marking roots 1.028ms
[2.202s][info][gc,start    ] GC(111) Concurrent marking
[2.202s][info][gc,task     ] GC(111) Using 2 of 8 workers for concurrent marking
[2.205s][info][gc          ] GC(111) Concurrent marking 3.194ms
[2.205s][info][gc,start    ] GC(111) Pause Final Mark
[2.205s][info][gc,task     ] GC(111) Using 8 of 8 workers for final marking
[2.205s][info][gc,ergo     ] GC(111) Collectable Garbage: 3552K (100%), Immediate: 512K (14%), CSet: 3040K (85%)
[2.205s][info][gc,ergo     ] GC(111) Pacer for Evacuation. Used CSet: 13001K, Free: 1869M, Non-Taxable: 186M, Alloc Tax Rate: 1.1x
[2.205s][info][gc          ] GC(111) Pause Final Mark 0.242ms
[2.205s][info][gc,start    ] GC(111) Concurrent thread roots
[2.205s][info][gc,task     ] GC(111) Using 2 of 8 workers for Concurrent thread roots
[2.205s][info][gc          ] GC(111) Concurrent thread roots 0.106ms
[2.205s][info][gc,start    ] GC(111) Concurrent weak references
[2.205s][info][gc,task     ] GC(111) Using 2 of 8 workers for concurrent weak references
[2.205s][info][gc,ref      ] GC(111) Encountered references: Soft: 3619, Weak: 1236, Final: 4, Phantom: 587
[2.205s][info][gc,ref      ] GC(111) Discovered  references: Soft: 0, Weak: 395, Final: 0, Phantom: 206
[2.205s][info][gc,ref      ] GC(111) Enqueued    references: Soft: 0, Weak: 15, Final: 0, Phantom: 5
[2.205s][info][gc          ] GC(111) Concurrent weak references 0.132ms
[2.205s][info][gc,start    ] GC(111) Concurrent weak roots
[2.205s][info][gc,task     ] GC(111) Using 2 of 8 workers for concurrent weak root
[2.206s][info][gc          ] GC(111) Concurrent weak roots 0.904ms
[2.206s][info][gc,start    ] GC(111) Concurrent cleanup
[2.206s][info][gc          ] GC(111) Concurrent cleanup 15M->15M(148M) 0.074ms
[2.206s][info][gc,ergo     ] GC(111) Free: 1868M, Max: 512K regular, 1868M humongous, Frag: 0% external, 0% internal; Reserve: 101577K, Max: 512K
[2.206s][info][gc,start    ] GC(111) Concurrent strong roots
[2.207s][info][gc,task     ] GC(111) Using 2 of 8 workers for concurrent strong root
[2.207s][info][gc          ] GC(111) Concurrent strong roots 0.537ms
[2.207s][info][gc,start    ] GC(111) Concurrent evacuation
[2.207s][info][gc,task     ] GC(111) Using 2 of 8 workers for concurrent evacuation
[2.209s][info][gc          ] GC(111) Concurrent evacuation 2.003ms
[2.209s][info][gc,start    ] GC(111) Pause Init Update Refs
[2.209s][info][gc,ergo     ] GC(111) Pacer for Update Refs. Used: 28671K, Free: 1868M, Non-Taxable: 186M, Alloc Tax Rate: 1.1x
[2.209s][info][gc          ] GC(111) Pause Init Update Refs 0.094ms
[2.213s][info][gc,start    ] GC(111) Concurrent update references
[2.213s][info][gc,task     ] GC(111) Using 2 of 8 workers for concurrent reference update
[2.216s][info][gc          ] GC(111) Concurrent update references 3.120ms
[2.216s][info][gc,start    ] GC(111) Concurrent update thread roots
[2.216s][info][gc          ] GC(111) Concurrent update thread roots 0.130ms
[2.216s][info][gc,start    ] GC(111) Pause Final Update Refs
[2.216s][info][gc,task     ] GC(111) Using 8 of 8 workers for final reference update
[2.216s][info][gc          ] GC(111) Pause Final Update Refs 0.075ms
[2.216s][info][gc,start    ] GC(111) Concurrent cleanup
[2.216s][info][gc          ] GC(111) Concurrent cleanup 27M->15M(148M) 0.090ms
[2.216s][info][gc,ergo     ] Free: 1869M, Max: 512K regular, 1867M humongous, Frag: 1% external, 0% internal; Reserve: 101888K, Max: 512K
[2.216s][info][gc,stats    ] 
[2.216s][info][gc,stats    ] All times are wall-clock times, except per-root-class counters, that are sum over
[2.216s][info][gc,stats    ] all workers. Dividing the <total> over the root stage time estimates parallelism.
[2.216s][info][gc,stats    ] 
[2.216s][info][gc,stats    ] Concurrent Reset                    222 us
[2.216s][info][gc,stats    ] Pause Init Mark (G)                 286 us
[2.216s][info][gc,stats    ] Pause Init Mark (N)                 176 us
[2.216s][info][gc,stats    ]   Update Region States               24 us
[2.216s][info][gc,stats    ] Concurrent Mark Roots              1049 us, parallelism: 0.91x
[2.216s][info][gc,stats    ]   CMR: <total>                      957 us
[2.216s][info][gc,stats    ]   CMR: Thread Roots                 154 us, workers (us): 154,   0, ---, ---, ---, ---, ---, ---, 
[2.216s][info][gc,stats    ]   CMR: Code Cache Roots             703 us, workers (us): 703,   0, ---, ---, ---, ---, ---, ---, 
[2.216s][info][gc,stats    ]   CMR: VM Strong Roots                7 us, workers (us):   7,   0, ---, ---, ---, ---, ---, ---, 
[2.216s][info][gc,stats    ]   CMR: CLDG Roots                    92 us, workers (us):  92, ---, ---, ---, ---, ---, ---, ---, 
[2.216s][info][gc,stats    ] Concurrent Marking                 3213 us
[2.216s][info][gc,stats    ] Pause Final Mark (G)                347 us
[2.216s][info][gc,stats    ] Pause Final Mark (N)                251 us
[2.216s][info][gc,stats    ]   Finish Mark                       114 us
[2.216s][info][gc,stats    ]   Update Region States               17 us
[2.216s][info][gc,stats    ]   Choose Collection Set              40 us
[2.216s][info][gc,stats    ]   Rebuild Free Set                   24 us
[2.216s][info][gc,stats    ] Concurrent Thread Roots             116 us, parallelism: 0.62x
[2.216s][info][gc,stats    ]   CTR: <total>                       72 us
[2.216s][info][gc,stats    ]   CTR: Thread Roots                  72 us, workers (us):  72,   0, ---, ---, ---, ---, ---, ---, 
[2.216s][info][gc,stats    ] Concurrent Weak References          140 us, parallelism: 0.38x
[2.216s][info][gc,stats    ]   CWRF: <total>                      54 us
[2.216s][info][gc,stats    ]   CWRF: Weak References              54 us, workers (us):  44,   9, ---, ---, ---, ---, ---, ---, 
[2.216s][info][gc,stats    ] Concurrent Weak Roots               922 us
[2.216s][info][gc,stats    ]   Roots                             443 us, parallelism: 0.94x
[2.217s][info][gc,stats    ]     CWR: <total>                    418 us
[2.217s][info][gc,stats    ]     CWR: VM Weak Roots              418 us, workers (us): 418,   0, ---, ---, ---, ---, ---, ---, 
[2.217s][info][gc,stats    ]   Rendezvous                        440 us
[2.217s][info][gc,stats    ] Concurrent Cleanup                   83 us
[2.217s][info][gc,stats    ] Concurrent Strong Roots             555 us, parallelism: 1.73x
[2.217s][info][gc,stats    ]   CSR: <total>                      958 us
[2.217s][info][gc,stats    ]   CSR: Code Cache Roots             757 us, workers (us): 287, 469, ---, ---, ---, ---, ---, ---, 
[2.217s][info][gc,stats    ]   CSR: VM Strong Roots               15 us, workers (us):  11,   4, ---, ---, ---, ---, ---, ---, 
[2.217s][info][gc,stats    ]   CSR: CLDG Roots                   186 us, workers (us): 186, ---, ---, ---, ---, ---, ---, ---, 
[2.217s][info][gc,stats    ] Concurrent Evacuation              2023 us
[2.217s][info][gc,stats    ] Pause Init Update Refs (G)         3480 us
[2.217s][info][gc,stats    ] Pause Init Update Refs (N)          120 us
[2.217s][info][gc,stats    ]   Manage GCLABs                       3 us
[2.217s][info][gc,stats    ] Concurrent Update Refs             3141 us
[2.217s][info][gc,stats    ] Concurrent Update Thread Roots      139 us
[2.217s][info][gc,stats    ] Pause Final Update Refs (G)         184 us
[2.217s][info][gc,stats    ] Pause Final Update Refs (N)          85 us
[2.217s][info][gc,stats    ]   Update Region States               15 us
[2.217s][info][gc,stats    ]   Trash Collection Set                6 us
[2.217s][info][gc,stats    ]   Rebuild Free Set                   19 us
[2.217s][info][gc,stats    ] Concurrent Cleanup                  101 us
[2.217s][info][gc,stats    ] 
[2.217s][info][gc,stats    ] Allocation pacing accrued:
[2.217s][info][gc,stats    ]       0 of    18 ms (  0.0%): <total>
[2.217s][info][gc,stats    ]       0 of    18 ms (  0.0%): <average total>
[2.217s][info][gc,stats    ] 
[2.217s][info][gc,metaspace] Metaspace: 9441K(9664K)->9535K(9792K) NonClass: 8486K(8576K)->8572K(8704K) Class: 955K(1088K)->962K(1088K)
[2.217s][info][gc,ergo     ] Pacer for Idle. Initial: 40642K, Alloc Tax Rate: 1.0x
[2.218s][info][gc          ] Trigger: Start next cycle immediately
[2.218s][info][gc,ergo     ] Free: 1869M, Max: 512K regular, 1867M humongous, Frag: 1% external, 0% internal; Reserve: 101888K, Max: 512K
[2.218s][info][gc,start    ] GC(112) Concurrent reset
[2.218s][info][gc,task     ] GC(112) Using 2 of 8 workers for concurrent reset
[2.218s][info][gc,ergo     ] GC(112) Pacer for Reset. Non-Taxable: 1984M
[2.220s][info][gc          ] GC(112) Concurrent reset 1.739ms
[2.220s][info][gc,start    ] GC(112) Pause Init Mark (unload classes)
[2.220s][info][gc,task     ] GC(112) Using 8 of 8 workers for init marking
[2.220s][info][gc,ergo     ] GC(112) Pacer for Mark. Expected Live: 11909K, Free: 1869M, Non-Taxable: 186M, Alloc Tax Rate: 0.0x
[2.220s][info][gc          ] GC(112) Pause Init Mark (unload classes) 0.155ms
[2.220s][info][gc,start    ] GC(112) Concurrent marking roots
[2.220s][info][gc,task     ] GC(112) Using 2 of 8 workers for concurrent marking roots
[2.220s][info][gc          ] GC(112) Concurrent marking roots 0.169ms
[2.220s][info][gc,start    ] GC(112) Concurrent marking (unload classes)
[2.220s][info][gc,task     ] GC(112) Using 2 of 8 workers for concurrent marking
[2.223s][info][gc          ] GC(112) Concurrent marking (unload classes) 2.986ms
[2.223s][info][gc,start    ] GC(112) Pause Final Mark (unload classes)
[2.223s][info][gc,task     ] GC(112) Using 8 of 8 workers for final marking
[2.224s][info][gc,ergo     ] GC(112) Collectable Garbage: 3832K (100%), Immediate: 0B (0%), CSet: 3832K (100%)
[2.224s][info][gc,ergo     ] GC(112) Pacer for Evacuation. Used CSet: 13795K, Free: 1868M, Non-Taxable: 186M, Alloc Tax Rate: 1.1x
[2.224s][info][gc          ] GC(112) Pause Final Mark (unload classes) 0.335ms
[2.224s][info][gc,start    ] GC(112) Concurrent thread roots
[2.224s][info][gc,task     ] GC(112) Using 2 of 8 workers for Concurrent thread roots
[2.224s][info][gc          ] GC(112) Concurrent thread roots 0.117ms
[2.224s][info][gc,start    ] GC(112) Concurrent weak references
[2.224s][info][gc,task     ] GC(112) Using 2 of 8 workers for concurrent weak references
[2.224s][info][gc,ref      ] GC(112) Encountered references: Soft: 3619, Weak: 1221, Final: 4, Phantom: 582
[2.224s][info][gc,ref      ] GC(112) Discovered  references: Soft: 0, Weak: 459, Final: 0, Phantom: 580
[2.224s][info][gc,ref      ] GC(112) Enqueued    references: Soft: 0, Weak: 0, Final: 0, Phantom: 0
[2.224s][info][gc          ] GC(112) Concurrent weak references 0.115ms
[2.224s][info][gc,start    ] GC(112) Concurrent weak roots
[2.224s][info][gc,task     ] GC(112) Using 2 of 8 workers for concurrent weak root
[2.225s][info][gc          ] GC(112) Concurrent weak roots 0.613ms
[2.225s][info][gc,start    ] GC(112) Concurrent cleanup
[2.225s][info][gc          ] GC(112) Concurrent cleanup 16M->17M(148M) 0.065ms
[2.225s][info][gc,ergo     ] GC(112) Free: 1868M, Max: 512K regular, 1867M humongous, Frag: 1% external, 0% internal; Reserve: 100864K, Max: 512K
[2.225s][info][gc,start    ] GC(112) Concurrent class unloading
[2.225s][info][gc,task     ] GC(112) Using 2 of 8 workers for concurrent class unloading
[2.227s][info][gc          ] GC(112) Concurrent class unloading 2.621ms
[2.227s][info][gc,start    ] GC(112) Concurrent strong roots
[2.227s][info][gc,task     ] GC(112) Using 2 of 8 workers for concurrent strong root
[2.228s][info][gc          ] GC(112) Concurrent strong roots 0.276ms
[2.228s][info][gc,start    ] GC(112) Concurrent evacuation
[2.228s][info][gc,task     ] GC(112) Using 2 of 8 workers for concurrent evacuation
[2.230s][info][gc          ] GC(112) Concurrent evacuation 2.101ms
[2.230s][info][gc,start    ] GC(112) Pause Init Update Refs
[2.230s][info][gc,ergo     ] GC(112) Pacer for Update Refs. Used: 27835K, Free: 1868M, Non-Taxable: 186M, Alloc Tax Rate: 1.1x
[2.230s][info][gc          ] GC(112) Pause Init Update Refs 0.041ms
[2.230s][info][gc,start    ] GC(112) Concurrent update references
[2.230s][info][gc,task     ] GC(112) Using 2 of 8 workers for concurrent reference update
[2.232s][info][gc          ] GC(112) Concurrent update references 2.132ms
[2.232s][info][gc,start    ] GC(112) Concurrent update thread roots
[2.242s][info][gc          ] GC(112) Concurrent update thread roots 9.681ms
[2.242s][info][gc,start    ] GC(112) Pause Final Update Refs
[2.242s][info][gc,task     ] GC(112) Using 8 of 8 workers for final reference update
[2.242s][info][gc          ] GC(112) Pause Final Update Refs 0.122ms
[2.242s][info][gc,start    ] GC(112) Concurrent cleanup
[2.242s][info][gc          ] GC(112) Concurrent cleanup 27M->13M(148M) 0.076ms
[2.242s][info][gc,ergo     ] Free: 1870M, Max: 512K regular, 1869M humongous, Frag: 1% external, 0% internal; Reserve: 101888K, Max: 512K
[2.242s][info][gc,stats    ] 
[2.242s][info][gc,stats    ] All times are wall-clock times, except per-root-class counters, that are sum over
[2.242s][info][gc,stats    ] all workers. Dividing the <total> over the root stage time estimates parallelism.
[2.242s][info][gc,stats    ] 
[2.242s][info][gc,stats    ] Concurrent Reset                   1761 us
[2.242s][info][gc,stats    ] Pause Init Mark (G)                 292 us
[2.242s][info][gc,stats    ] Pause Init Mark (N)                 193 us
[2.242s][info][gc,stats    ]   Update Region States               18 us
[2.242s][info][gc,stats    ] Concurrent Mark Roots               179 us, parallelism: 0.78x
[2.242s][info][gc,stats    ]   CMR: <total>                      139 us
[2.242s][info][gc,stats    ]   CMR: Thread Roots                  52 us, workers (us):   0,  52, ---, ---, ---, ---, ---, ---, 
[2.242s][info][gc,stats    ]   CMR: VM Strong Roots                6 us, workers (us):   4,   2, ---, ---, ---, ---, ---, ---, 
[2.242s][info][gc,stats    ]   CMR: CLDG Roots                    81 us, workers (us):  81, ---, ---, ---, ---, ---, ---, ---, 
[2.242s][info][gc,stats    ] Concurrent Marking                 3008 us
[2.242s][info][gc,stats    ] Pause Final Mark (G)                497 us
[2.242s][info][gc,stats    ] Pause Final Mark (N)                373 us
[2.242s][info][gc,stats    ]   Finish Mark                        95 us
[2.242s][info][gc,stats    ]   Update Region States               13 us
[2.242s][info][gc,stats    ]   Choose Collection Set              75 us
[2.242s][info][gc,stats    ]   Rebuild Free Set                   18 us
[2.242s][info][gc,stats    ] Concurrent Thread Roots             126 us, parallelism: 0.57x
[2.242s][info][gc,stats    ]   CTR: <total>                       72 us
[2.242s][info][gc,stats    ]   CTR: Thread Roots                  72 us, workers (us):  72,   0, ---, ---, ---, ---, ---, ---, 
[2.242s][info][gc,stats    ] Concurrent Weak References          122 us, parallelism: 0.80x
[2.242s][info][gc,stats    ]   CWRF: <total>                      98 us
[2.242s][info][gc,stats    ]   CWRF: Weak References              98 us, workers (us):  47,  51, ---, ---, ---, ---, ---, ---, 
[2.242s][info][gc,stats    ] Concurrent Weak Roots               632 us
[2.243s][info][gc,stats    ]   Roots                             564 us, parallelism: 1.85x
[2.243s][info][gc,stats    ]     CWR: <total>                   1043 us
[2.243s][info][gc,stats    ]     CWR: Code Cache Roots           607 us, workers (us): 316, 291, ---, ---, ---, ---, ---, ---, 
[2.243s][info][gc,stats    ]     CWR: VM Weak Roots              432 us, workers (us): 215, 217, ---, ---, ---, ---, ---, ---, 
[2.243s][info][gc,stats    ]     CWR: CLDG Roots                   5 us, workers (us):   5, ---, ---, ---, ---, ---, ---, ---, 
[2.243s][info][gc,stats    ]   Rendezvous                         29 us
[2.243s][info][gc,stats    ] Concurrent Cleanup                   73 us
[2.243s][info][gc,stats    ] Concurrent Class Unloading         2651 us
[2.243s][info][gc,stats    ]   Unlink Stale                      851 us
[2.243s][info][gc,stats    ]     System Dictionary                25 us
[2.243s][info][gc,stats    ]     Weak Class Links                  0 us
[2.243s][info][gc,stats    ]     Code Roots                      826 us
[2.243s][info][gc,stats    ]   Rendezvous                       1633 us
[2.243s][info][gc,stats    ]   Purge Unlinked                    118 us
[2.243s][info][gc,stats    ]     Code Roots                      114 us
[2.243s][info][gc,stats    ]     CLDG                              4 us
[2.243s][info][gc,stats    ]     Exception Caches                  0 us
[2.243s][info][gc,stats    ] Concurrent Strong Roots             287 us, parallelism: 0.77x
[2.243s][info][gc,stats    ]   CSR: <total>                      220 us
[2.243s][info][gc,stats    ]   CSR: VM Strong Roots                9 us, workers (us):   9,   0, ---, ---, ---, ---, ---, ---, 
[2.243s][info][gc,stats    ]   CSR: CLDG Roots                   211 us, workers (us): 211, ---, ---, ---, ---, ---, ---, ---, 
[2.243s][info][gc,stats    ] Concurrent Evacuation              2124 us
[2.243s][info][gc,stats    ] Pause Init Update Refs (G)          150 us
[2.243s][info][gc,stats    ] Pause Init Update Refs (N)           51 us
[2.243s][info][gc,stats    ]   Manage GCLABs                       4 us
[2.243s][info][gc,stats    ] Concurrent Update Refs             2155 us
[2.243s][info][gc,stats    ] Concurrent Update Thread Roots     9705 us
[2.243s][info][gc,stats    ] Pause Final Update Refs (G)         284 us
[2.243s][info][gc,stats    ] Pause Final Update Refs (N)         161 us
[2.243s][info][gc,stats    ]   Update Region States               18 us
[2.243s][info][gc,stats    ]   Trash Collection Set                3 us
[2.243s][info][gc,stats    ]   Rebuild Free Set                   17 us
[2.243s][info][gc,stats    ] Concurrent Cleanup                   87 us
[2.243s][info][gc,stats    ] 
[2.243s][info][gc,stats    ] Allocation pacing accrued:
[2.243s][info][gc,stats    ]       0 of    26 ms (  0.0%): <total>
[2.243s][info][gc,stats    ]       0 of    26 ms (  0.0%): <average total>
[2.243s][info][gc,stats    ] 
[2.243s][info][gc,metaspace] Metaspace: 9556K(9792K)->9770K(9984K) NonClass: 8591K(8704K)->8788K(8896K) Class: 964K(1088K)->981K(1088K)
[2.243s][info][gc,ergo     ] Pacer for Idle. Initial: 40642K, Alloc Tax Rate: 1.0x
[2.244s][info][gc          ] Trigger: Start next cycle immediately
[2.244s][info][gc,ergo     ] Free: 1870M, Max: 512K regular, 1869M humongous, Frag: 1% external, 0% internal; Reserve: 101888K, Max: 512K
[2.244s][info][gc,start    ] GC(113) Concurrent reset
[2.244s][info][gc,task     ] GC(113) Using 2 of 8 workers for concurrent reset
[2.244s][info][gc,ergo     ] GC(113) Pacer for Reset. Non-Taxable: 1984M
[2.244s][info][gc          ] GC(113) Concurrent reset 0.196ms
[2.245s][info][gc,start    ] GC(113) Pause Init Mark (unload classes)
[2.245s][info][gc,task     ] GC(113) Using 8 of 8 workers for init marking
[2.245s][info][gc,ergo     ] GC(113) Pacer for Mark. Expected Live: 11918K, Free: 1870M, Non-Taxable: 187M, Alloc Tax Rate: 0.0x
[2.245s][info][gc          ] GC(113) Pause Init Mark (unload classes) 0.068ms
[2.245s][info][gc,start    ] GC(113) Concurrent marking roots
[2.245s][info][gc,task     ] GC(113) Using 2 of 8 workers for concurrent marking roots
[2.245s][info][gc          ] GC(113) Concurrent marking roots 0.207ms
[2.245s][info][gc,start    ] GC(113) Concurrent marking (unload classes)
[2.245s][info][gc,task     ] GC(113) Using 2 of 8 workers for concurrent marking
[2.248s][info][gc          ] GC(113) Concurrent marking (unload classes) 2.729ms
[2.248s][info][gc,start    ] GC(113) Pause Final Mark (unload classes)
[2.248s][info][gc,task     ] GC(113) Using 8 of 8 workers for final marking
[2.248s][info][gc,ergo     ] GC(113) Collectable Garbage: 2113K (100%), Immediate: 0B (0%), CSet: 2113K (100%)
[2.248s][info][gc,ergo     ] GC(113) Pacer for Evacuation. Used CSet: 12164K, Free: 1870M, Non-Taxable: 187M, Alloc Tax Rate: 1.1x
[2.248s][info][gc          ] GC(113) Pause Final Mark (unload classes) 0.258ms
[2.248s][info][gc,start    ] GC(113) Concurrent thread roots
[2.248s][info][gc,task     ] GC(113) Using 2 of 8 workers for Concurrent thread roots
[2.248s][info][gc          ] GC(113) Concurrent thread roots 0.173ms
[2.248s][info][gc,start    ] GC(113) Concurrent weak references
[2.248s][info][gc,task     ] GC(113) Using 2 of 8 workers for concurrent weak references
[2.248s][info][gc,ref      ] GC(113) Encountered references: Soft: 3619, Weak: 1221, Final: 4, Phantom: 582
[2.248s][info][gc,ref      ] GC(113) Discovered  references: Soft: 0, Weak: 470, Final: 1, Phantom: 580
[2.248s][info][gc,ref      ] GC(113) Enqueued    references: Soft: 0, Weak: 0, Final: 0, Phantom: 0
[2.248s][info][gc          ] GC(113) Concurrent weak references 0.154ms
[2.248s][info][gc,start    ] GC(113) Concurrent weak roots
[2.248s][info][gc,task     ] GC(113) Using 2 of 8 workers for concurrent weak root
[2.249s][info][gc          ] GC(113) Concurrent weak roots 0.529ms
[2.249s][info][gc,start    ] GC(113) Concurrent cleanup
[2.249s][info][gc          ] GC(113) Concurrent cleanup 14M->14M(148M) 0.064ms
[2.249s][info][gc,ergo     ] GC(113) Free: 1870M, Max: 512K regular, 1869M humongous, Frag: 1% external, 0% internal; Reserve: 101533K, Max: 512K
[2.249s][info][gc,start    ] GC(113) Concurrent class unloading
[2.249s][info][gc,task     ] GC(113) Using 2 of 8 workers for concurrent class unloading
[2.251s][info][gc          ] GC(113) Concurrent class unloading 1.532ms
[2.251s][info][gc,start    ] GC(113) Concurrent strong roots
[2.251s][info][gc,task     ] GC(113) Using 2 of 8 workers for concurrent strong root
[2.251s][info][gc          ] GC(113) Concurrent strong roots 0.204ms
[2.251s][info][gc,start    ] GC(113) Concurrent evacuation
[2.251s][info][gc,task     ] GC(113) Using 2 of 8 workers for concurrent evacuation
[2.253s][info][gc          ] GC(113) Concurrent evacuation 1.911ms
[2.253s][info][gc,start    ] GC(113) Pause Init Update Refs
[2.253s][info][gc,ergo     ] GC(113) Pacer for Update Refs. Used: 26322K, Free: 1869M, Non-Taxable: 186M, Alloc Tax Rate: 1.1x
[2.253s][info][gc          ] GC(113) Pause Init Update Refs 0.037ms
[2.253s][info][gc,start    ] GC(113) Concurrent update references
[2.253s][info][gc,task     ] GC(113) Using 2 of 8 workers for concurrent reference update
[2.256s][info][gc          ] GC(113) Concurrent update references 2.325ms
[2.256s][info][gc,start    ] GC(113) Concurrent update thread roots
[2.256s][info][gc          ] GC(113) Concurrent update thread roots 0.504ms
[2.256s][info][gc,start    ] GC(113) Pause Final Update Refs
[2.256s][info][gc,task     ] GC(113) Using 8 of 8 workers for final reference update
[2.256s][info][gc          ] GC(113) Pause Final Update Refs 0.064ms
[2.256s][info][gc,start    ] GC(113) Concurrent cleanup
[2.256s][info][gc          ] GC(113) Concurrent cleanup 25M->13M(148M) 0.085ms
[2.256s][info][gc,ergo     ] Free: 1870M, Max: 512K regular, 1870M humongous, Frag: 1% external, 0% internal; Reserve: 101888K, Max: 512K
[2.257s][info][gc,stats    ] 
[2.257s][info][gc,stats    ] All times are wall-clock times, except per-root-class counters, that are sum over
[2.257s][info][gc,stats    ] all workers. Dividing the <total> over the root stage time estimates parallelism.
[2.257s][info][gc,stats    ] 
[2.257s][info][gc,stats    ] Concurrent Reset                    211 us
[2.257s][info][gc,stats    ] Pause Init Mark (G)                 572 us
[2.257s][info][gc,stats    ] Pause Init Mark (N)                  76 us
[2.257s][info][gc,stats    ]   Update Region States               18 us
[2.257s][info][gc,stats    ] Concurrent Mark Roots               217 us, parallelism: 0.60x
[2.257s][info][gc,stats    ]   CMR: <total>                      130 us
[2.257s][info][gc,stats    ]   CMR: Thread Roots                  51 us, workers (us):  51,   0, ---, ---, ---, ---, ---, ---, 
[2.257s][info][gc,stats    ]   CMR: VM Strong Roots                5 us, workers (us):   5,   0, ---, ---, ---, ---, ---, ---, 
[2.257s][info][gc,stats    ]   CMR: CLDG Roots                    74 us, workers (us):  74, ---, ---, ---, ---, ---, ---, ---, 
[2.257s][info][gc,stats    ] Concurrent Marking                 2750 us
[2.257s][info][gc,stats    ] Pause Final Mark (G)                289 us
[2.257s][info][gc,stats    ] Pause Final Mark (N)                267 us
[2.257s][info][gc,stats    ]   Finish Mark                       138 us
[2.257s][info][gc,stats    ]   Update Region States               13 us
[2.257s][info][gc,stats    ]   Choose Collection Set              38 us
[2.257s][info][gc,stats    ]   Rebuild Free Set                   17 us
[2.257s][info][gc,stats    ] Concurrent Thread Roots             184 us, parallelism: 0.25x
[2.257s][info][gc,stats    ]   CTR: <total>                       46 us
[2.257s][info][gc,stats    ]   CTR: Thread Roots                  46 us, workers (us):  46,   0, ---, ---, ---, ---, ---, ---, 
[2.257s][info][gc,stats    ] Concurrent Weak References          162 us, parallelism: 0.47x
[2.257s][info][gc,stats    ]   CWRF: <total>                      76 us
[2.257s][info][gc,stats    ]   CWRF: Weak References              76 us, workers (us):  73,   3, ---, ---, ---, ---, ---, ---, 
[2.257s][info][gc,stats    ] Concurrent Weak Roots               546 us
[2.257s][info][gc,stats    ]   Roots                             461 us, parallelism: 1.83x
[2.257s][info][gc,stats    ]     CWR: <total>                    841 us
[2.257s][info][gc,stats    ]     CWR: Code Cache Roots           422 us, workers (us): 225, 197, ---, ---, ---, ---, ---, ---, 
[2.257s][info][gc,stats    ]     CWR: VM Weak Roots              414 us, workers (us): 211, 202, ---, ---, ---, ---, ---, ---, 
[2.257s][info][gc,stats    ]     CWR: CLDG Roots                   6 us, workers (us): ---,   6, ---, ---, ---, ---, ---, ---, 
[2.257s][info][gc,stats    ]   Rendezvous                         53 us
[2.257s][info][gc,stats    ] Concurrent Cleanup                   72 us
[2.257s][info][gc,stats    ] Concurrent Class Unloading         1543 us
[2.257s][info][gc,stats    ]   Unlink Stale                     1386 us
[2.257s][info][gc,stats    ]     System Dictionary                47 us
[2.257s][info][gc,stats    ]     Weak Class Links                  0 us
[2.257s][info][gc,stats    ]     Code Roots                     1338 us
[2.257s][info][gc,stats    ]   Rendezvous                         46 us
[2.257s][info][gc,stats    ]   Purge Unlinked                     48 us
[2.257s][info][gc,stats    ]     Code Roots                       44 us
[2.257s][info][gc,stats    ]     CLDG                              3 us
[2.257s][info][gc,stats    ]     Exception Caches                  0 us
[2.257s][info][gc,stats    ] Concurrent Strong Roots             218 us, parallelism: 0.76x
[2.257s][info][gc,stats    ]   CSR: <total>                      167 us
[2.257s][info][gc,stats    ]   CSR: VM Strong Roots               16 us, workers (us):   9,   8, ---, ---, ---, ---, ---, ---, 
[2.257s][info][gc,stats    ]   CSR: CLDG Roots                   150 us, workers (us): 150, ---, ---, ---, ---, ---, ---, ---, 
[2.257s][info][gc,stats    ] Concurrent Evacuation              1933 us
[2.257s][info][gc,stats    ] Pause Init Update Refs (G)          516 us
[2.257s][info][gc,stats    ] Pause Init Update Refs (N)           84 us
[2.257s][info][gc,stats    ]   Manage GCLABs                       4 us
[2.257s][info][gc,stats    ] Concurrent Update Refs             2347 us
[2.257s][info][gc,stats    ] Concurrent Update Thread Roots      524 us
[2.257s][info][gc,stats    ] Pause Final Update Refs (G)         189 us
[2.257s][info][gc,stats    ] Pause Final Update Refs (N)          73 us
[2.257s][info][gc,stats    ]   Update Region States               14 us
[2.257s][info][gc,stats    ]   Trash Collection Set                2 us
[2.257s][info][gc,stats    ]   Rebuild Free Set                   16 us
[2.257s][info][gc,stats    ] Concurrent Cleanup                   97 us
[2.257s][info][gc,stats    ] 
[2.257s][info][gc,stats    ] Allocation pacing accrued:
[2.257s][info][gc,stats    ]       0 of    14 ms (  0.0%): <total>
[2.257s][info][gc,stats    ]       0 of    14 ms (  0.0%): <average total>
[2.257s][info][gc,stats    ] 
[2.257s][info][gc,metaspace] Metaspace: 9799K(9984K)->9908K(10240K) NonClass: 8817K(8896K)->8912K(9088K) Class: 982K(1088K)->995K(1152K)
[2.257s][info][gc,ergo     ] Pacer for Idle. Initial: 40642K, Alloc Tax Rate: 1.0x
[2.258s][info][gc          ] Trigger: Start next cycle immediately
[2.258s][info][gc,ergo     ] Free: 1870M, Max: 512K regular, 1870M humongous, Frag: 1% external, 0% internal; Reserve: 101888K, Max: 512K
[2.258s][info][gc,start    ] GC(114) Concurrent reset
[2.258s][info][gc,task     ] GC(114) Using 2 of 8 workers for concurrent reset
[2.258s][info][gc,ergo     ] GC(114) Pacer for Reset. Non-Taxable: 1984M
[2.259s][info][gc          ] GC(114) Concurrent reset 0.213ms
[2.259s][info][gc,start    ] GC(114) Pause Init Mark (unload classes)
[2.259s][info][gc,task     ] GC(114) Using 8 of 8 workers for init marking
[2.259s][info][gc,ergo     ] GC(114) Pacer for Mark. Expected Live: 11940K, Free: 1870M, Non-Taxable: 187M, Alloc Tax Rate: 0.0x
[2.259s][info][gc          ] GC(114) Pause Init Mark (unload classes) 0.126ms
[2.259s][info][gc,start    ] GC(114) Concurrent marking roots
[2.259s][info][gc,task     ] GC(114) Using 2 of 8 workers for concurrent marking roots
[2.259s][info][gc          ] GC(114) Concurrent marking roots 0.196ms
[2.259s][info][gc,start    ] GC(114) Concurrent marking (unload classes)
[2.259s][info][gc,task     ] GC(114) Using 2 of 8 workers for concurrent marking
[2.265s][info][gc          ] GC(114) Concurrent marking (unload classes) 5.637ms
[2.265s][info][gc,start    ] GC(114) Pause Final Mark (unload classes)
[2.265s][info][gc,task     ] GC(114) Using 8 of 8 workers for final marking
[2.274s][info][gc,ergo     ] GC(114) Collectable Garbage: 2294K (100%), Immediate: 0B (0%), CSet: 2294K (100%)
[2.274s][info][gc,ergo     ] GC(114) Pacer for Evacuation. Used CSet: 12286K, Free: 1870M, Non-Taxable: 187M, Alloc Tax Rate: 1.1x
[2.274s][info][gc          ] GC(114) Pause Final Mark (unload classes) 9.014ms
[2.274s][info][gc,start    ] GC(114) Concurrent thread roots
[2.274s][info][gc,task     ] GC(114) Using 2 of 8 workers for Concurrent thread roots
[2.274s][info][gc          ] GC(114) Concurrent thread roots 0.147ms
[2.274s][info][gc,start    ] GC(114) Concurrent weak references
[2.274s][info][gc,task     ] GC(114) Using 2 of 8 workers for concurrent weak references
[2.274s][info][gc,ref      ] GC(114) Encountered references: Soft: 3619, Weak: 1221, Final: 4, Phantom: 582
[2.274s][info][gc,ref      ] GC(114) Discovered  references: Soft: 0, Weak: 339, Final: 0, Phantom: 500
[2.274s][info][gc,ref      ] GC(114) Enqueued    references: Soft: 0, Weak: 0, Final: 0, Phantom: 0
[2.274s][info][gc          ] GC(114) Concurrent weak references 0.185ms
[2.274s][info][gc,start    ] GC(114) Concurrent weak roots
[2.274s][info][gc,task     ] GC(114) Using 2 of 8 workers for concurrent weak root
[2.286s][info][gc          ] GC(114) Concurrent weak roots 11.767ms
[2.286s][info][gc,start    ] GC(114) Concurrent cleanup
[2.286s][info][gc          ] GC(114) Concurrent cleanup 15M->15M(148M) 0.129ms
[2.286s][info][gc,ergo     ] GC(114) Free: 1869M, Max: 512K regular, 1869M humongous, Frag: 0% external, 0% internal; Reserve: 101440K, Max: 512K
[2.286s][info][gc,start    ] GC(114) Concurrent class unloading
[2.286s][info][gc,task     ] GC(114) Using 2 of 8 workers for concurrent class unloading
[2.289s][info][gc          ] GC(114) Concurrent class unloading 2.376ms
[2.289s][info][gc,start    ] GC(114) Concurrent strong roots
[2.289s][info][gc,task     ] GC(114) Using 2 of 8 workers for concurrent strong root
[2.289s][info][gc          ] GC(114) Concurrent strong roots 0.240ms
[2.289s][info][gc,start    ] GC(114) Concurrent evacuation
[2.289s][info][gc,task     ] GC(114) Using 2 of 8 workers for concurrent evacuation
[2.291s][info][gc          ] GC(114) Concurrent evacuation 2.189ms
[2.291s][info][gc,start    ] GC(114) Pause Init Update Refs
[2.291s][info][gc,ergo     ] GC(114) Pacer for Update Refs. Used: 26643K, Free: 1869M, Non-Taxable: 186M, Alloc Tax Rate: 1.1x
[2.291s][info][gc          ] GC(114) Pause Init Update Refs 0.114ms
[2.291s][info][gc,start    ] GC(114) Concurrent update references
[2.291s][info][gc,task     ] GC(114) Using 2 of 8 workers for concurrent reference update
[2.296s][info][gc          ] GC(114) Concurrent update references 4.933ms
[2.296s][info][gc,start    ] GC(114) Concurrent update thread roots
[2.297s][info][gc          ] GC(114) Concurrent update thread roots 0.139ms
[2.297s][info][gc,start    ] GC(114) Pause Final Update Refs
[2.297s][info][gc,task     ] GC(114) Using 8 of 8 workers for final reference update
[2.297s][info][gc          ] GC(114) Pause Final Update Refs 0.079ms
[2.297s][info][gc,start    ] GC(114) Concurrent cleanup
[2.297s][info][gc          ] GC(114) Concurrent cleanup 26M->14M(148M) 0.126ms
[2.297s][info][gc,ergo     ] Free: 1870M, Max: 512K regular, 1869M humongous, Frag: 1% external, 0% internal; Reserve: 101888K, Max: 512K
[2.297s][info][gc,stats    ] 
[2.297s][info][gc,stats    ] All times are wall-clock times, except per-root-class counters, that are sum over
[2.297s][info][gc,stats    ] all workers. Dividing the <total> over the root stage time estimates parallelism.
[2.297s][info][gc,stats    ] 
[2.297s][info][gc,stats    ] Concurrent Reset                    228 us
[2.297s][info][gc,stats    ] Pause Init Mark (G)                 491 us
[2.297s][info][gc,stats    ] Pause Init Mark (N)                 153 us
[2.297s][info][gc,stats    ]   Update Region States               18 us
[2.297s][info][gc,stats    ] Concurrent Mark Roots               206 us, parallelism: 1.24x
[2.297s][info][gc,stats    ]   CMR: <total>                      256 us
[2.297s][info][gc,stats    ]   CMR: Thread Roots                 166 us, workers (us): 127,  38, ---, ---, ---, ---, ---, ---, 
[2.297s][info][gc,stats    ]   CMR: VM Strong Roots                8 us, workers (us):   6,   2, ---, ---, ---, ---, ---, ---, 
[2.297s][info][gc,stats    ]   CMR: CLDG Roots                    82 us, workers (us): ---,  82, ---, ---, ---, ---, ---, ---, 
[2.297s][info][gc,stats    ] Concurrent Marking                 5662 us
[2.297s][info][gc,stats    ] Pause Final Mark (G)               9101 us
[2.297s][info][gc,stats    ] Pause Final Mark (N)               9044 us
[2.297s][info][gc,stats    ]   Finish Mark                      8779 us
[2.297s][info][gc,stats    ]   Update Region States               29 us
[2.297s][info][gc,stats    ]   Choose Collection Set             100 us
[2.297s][info][gc,stats    ]   Rebuild Free Set                   25 us
[2.297s][info][gc,stats    ] Concurrent Thread Roots             158 us, parallelism: 0.62x
[2.297s][info][gc,stats    ]   CTR: <total>                       98 us
[2.297s][info][gc,stats    ]   CTR: Thread Roots                  98 us, workers (us):  98,   0, ---, ---, ---, ---, ---, ---, 
[2.297s][info][gc,stats    ] Concurrent Weak References          191 us, parallelism: 0.89x
[2.297s][info][gc,stats    ]   CWRF: <total>                     170 us
[2.297s][info][gc,stats    ]   CWRF: Weak References             170 us, workers (us): 101,  69, ---, ---, ---, ---, ---, ---, 
[2.297s][info][gc,stats    ] Concurrent Weak Roots             11795 us
[2.297s][info][gc,stats    ]   Roots                             939 us, parallelism: 0.96x
[2.297s][info][gc,stats    ]     CWR: <total>                    898 us
[2.297s][info][gc,stats    ]     CWR: Code Cache Roots           496 us, workers (us): 496,   0, ---, ---, ---, ---, ---, ---, 
[2.297s][info][gc,stats    ]     CWR: VM Weak Roots              394 us, workers (us): 394,   0, ---, ---, ---, ---, ---, ---, 
[2.297s][info][gc,stats    ]     CWR: CLDG Roots                   8 us, workers (us):   8, ---, ---, ---, ---, ---, ---, ---, 
[2.297s][info][gc,stats    ]   Rendezvous                      10799 us
[2.297s][info][gc,stats    ] Concurrent Cleanup                  138 us
[2.297s][info][gc,stats    ] Concurrent Class Unloading         2390 us
[2.297s][info][gc,stats    ]   Unlink Stale                     1616 us
[2.297s][info][gc,stats    ]     System Dictionary                50 us
[2.297s][info][gc,stats    ]     Weak Class Links                  0 us
[2.297s][info][gc,stats    ]     Code Roots                     1564 us
[2.297s][info][gc,stats    ]   Rendezvous                        693 us
[2.297s][info][gc,stats    ]   Purge Unlinked                     46 us
[2.297s][info][gc,stats    ]     Code Roots                       42 us
[2.297s][info][gc,stats    ]     CLDG                              4 us
[2.297s][info][gc,stats    ]     Exception Caches                  0 us
[2.297s][info][gc,stats    ] Concurrent Strong Roots             257 us, parallelism: 0.74x
[2.297s][info][gc,stats    ]   CSR: <total>                      191 us
[2.297s][info][gc,stats    ]   CSR: VM Strong Roots               11 us, workers (us):   5,   6, ---, ---, ---, ---, ---, ---, 
[2.297s][info][gc,stats    ]   CSR: CLDG Roots                   180 us, workers (us): 180, ---, ---, ---, ---, ---, ---, ---, 
[2.297s][info][gc,stats    ] Concurrent Evacuation              2212 us
[2.297s][info][gc,stats    ] Pause Init Update Refs (G)          177 us
[2.297s][info][gc,stats    ] Pause Init Update Refs (N)          139 us
[2.298s][info][gc,stats    ]   Manage GCLABs                       4 us
[2.298s][info][gc,stats    ] Concurrent Update Refs             4959 us
[2.298s][info][gc,stats    ] Concurrent Update Thread Roots      151 us
[2.298s][info][gc,stats    ] Pause Final Update Refs (G)         179 us
[2.298s][info][gc,stats    ] Pause Final Update Refs (N)          88 us
[2.298s][info][gc,stats    ]   Update Region States               23 us
[2.298s][info][gc,stats    ]   Trash Collection Set                2 us
[2.298s][info][gc,stats    ]   Rebuild Free Set                   17 us
[2.298s][info][gc,stats    ] Concurrent Cleanup                  138 us
[2.298s][info][gc,stats    ] 
[2.298s][info][gc,stats    ] Allocation pacing accrued:
[2.298s][info][gc,stats    ]       0 of    40 ms (  0.0%): <total>
[2.298s][info][gc,stats    ]       0 of    40 ms (  0.0%): <average total>
[2.298s][info][gc,stats    ] 
[2.298s][info][gc,metaspace] Metaspace: 9915K(10240K)->10350K(10624K) NonClass: 8917K(9088K)->9315K(9472K) Class: 997K(1152K)->1034K(1152K)
[2.298s][info][gc,ergo     ] Pacer for Idle. Initial: 40642K, Alloc Tax Rate: 1.0x
[2.299s][info][gc          ] Trigger: Start next cycle immediately
[2.299s][info][gc,ergo     ] Free: 1870M, Max: 512K regular, 1869M humongous, Frag: 1% external, 0% internal; Reserve: 101888K, Max: 512K
[2.299s][info][gc,start    ] GC(115) Concurrent reset
[2.299s][info][gc,task     ] GC(115) Using 2 of 8 workers for concurrent reset
[2.299s][info][gc,ergo     ] GC(115) Pacer for Reset. Non-Taxable: 1984M
[2.299s][info][gc          ] GC(115) Concurrent reset 0.216ms
[2.299s][info][gc,start    ] GC(115) Pause Init Mark (unload classes)
[2.299s][info][gc,task     ] GC(115) Using 8 of 8 workers for init marking
[2.299s][info][gc,ergo     ] GC(115) Pacer for Mark. Expected Live: 11909K, Free: 1870M, Non-Taxable: 187M, Alloc Tax Rate: 0.0x
[2.299s][info][gc          ] GC(115) Pause Init Mark (unload classes) 0.114ms
[2.299s][info][gc,start    ] GC(115) Concurrent marking roots
[2.299s][info][gc,task     ] GC(115) Using 2 of 8 workers for concurrent marking roots
[2.300s][info][gc          ] GC(115) Concurrent marking roots 0.164ms
[2.300s][info][gc,start    ] GC(115) Concurrent marking (unload classes)
[2.300s][info][gc,task     ] GC(115) Using 2 of 8 workers for concurrent marking
[2.302s][info][gc          ] GC(115) Concurrent marking (unload classes) 2.914ms
[2.303s][info][gc,start    ] GC(115) Pause Final Mark (unload classes)
[2.303s][info][gc,task     ] GC(115) Using 8 of 8 workers for final marking
[2.303s][info][gc,ergo     ] GC(115) Collectable Garbage: 2804K (100%), Immediate: 0B (0%), CSet: 2804K (100%)
[2.303s][info][gc,ergo     ] GC(115) Pacer for Evacuation. Used CSet: 12993K, Free: 1869M, Non-Taxable: 186M, Alloc Tax Rate: 1.1x
[2.303s][info][gc          ] GC(115) Pause Final Mark (unload classes) 0.223ms
[2.303s][info][gc,start    ] GC(115) Concurrent thread roots
[2.303s][info][gc,task     ] GC(115) Using 2 of 8 workers for Concurrent thread roots
[2.303s][info][gc          ] GC(115) Concurrent thread roots 0.095ms
[2.303s][info][gc,start    ] GC(115) Concurrent weak references
[2.303s][info][gc,task     ] GC(115) Using 2 of 8 workers for concurrent weak references
[2.303s][info][gc,ref      ] GC(115) Encountered references: Soft: 3637, Weak: 1236, Final: 4, Phantom: 588
[2.303s][info][gc,ref      ] GC(115) Discovered  references: Soft: 0, Weak: 478, Final: 0, Phantom: 204
[2.303s][info][gc,ref      ] GC(115) Enqueued    references: Soft: 0, Weak: 8, Final: 0, Phantom: 6
[2.303s][info][gc          ] GC(115) Concurrent weak references 0.106ms
[2.303s][info][gc,start    ] GC(115) Concurrent weak roots
[2.303s][info][gc,task     ] GC(115) Using 2 of 8 workers for concurrent weak root
[2.304s][info][gc          ] GC(115) Concurrent weak roots 0.532ms
[2.304s][info][gc,start    ] GC(115) Concurrent cleanup
[2.304s][info][gc          ] GC(115) Concurrent cleanup 17M->17M(148M) 0.061ms
[2.304s][info][gc,ergo     ] GC(115) Free: 1868M, Max: 512K regular, 1868M humongous, Frag: 0% external, 0% internal; Reserve: 100352K, Max: 512K
[2.304s][info][gc,start    ] GC(115) Concurrent class unloading
[2.304s][info][gc,task     ] GC(115) Using 2 of 8 workers for concurrent class unloading
[2.305s][info][gc          ] GC(115) Concurrent class unloading 0.946ms
[2.305s][info][gc,start    ] GC(115) Concurrent strong roots
[2.305s][info][gc,task     ] GC(115) Using 2 of 8 workers for concurrent strong root
[2.305s][info][gc          ] GC(115) Concurrent strong roots 0.240ms
[2.305s][info][gc,start    ] GC(115) Concurrent evacuation
[2.305s][info][gc,task     ] GC(115) Using 2 of 8 workers for concurrent evacuation
[2.307s][info][gc          ] GC(115) Concurrent evacuation 1.989ms
[2.307s][info][gc,start    ] GC(115) Pause Init Update Refs
[2.307s][info][gc,ergo     ] GC(115) Pacer for Update Refs. Used: 28176K, Free: 1868M, Non-Taxable: 186M, Alloc Tax Rate: 1.1x
[2.307s][info][gc          ] GC(115) Pause Init Update Refs 0.095ms
[2.307s][info][gc,start    ] GC(115) Concurrent update references
[2.307s][info][gc,task     ] GC(115) Using 2 of 8 workers for concurrent reference update
[2.310s][info][gc          ] GC(115) Concurrent update references 2.477ms
[2.310s][info][gc,start    ] GC(115) Concurrent update thread roots
[2.310s][info][gc          ] GC(115) Concurrent update thread roots 0.225ms
[2.310s][info][gc,start    ] GC(115) Pause Final Update Refs
[2.310s][info][gc,task     ] GC(115) Using 8 of 8 workers for final reference update
[2.310s][info][gc          ] GC(115) Pause Final Update Refs 0.096ms
[2.310s][info][gc,start    ] GC(115) Concurrent cleanup
[2.310s][info][gc          ] GC(115) Concurrent cleanup 27M->14M(148M) 0.071ms
[2.310s][info][gc,ergo     ] Free: 1869M, Max: 512K regular, 1868M humongous, Frag: 1% external, 0% internal; Reserve: 101888K, Max: 512K
[2.311s][info][gc,stats    ] 
[2.311s][info][gc,stats    ] All times are wall-clock times, except per-root-class counters, that are sum over
[2.311s][info][gc,stats    ] all workers. Dividing the <total> over the root stage time estimates parallelism.
[2.311s][info][gc,stats    ] 
[2.311s][info][gc,stats    ] Concurrent Reset                    227 us
[2.311s][info][gc,stats    ] Pause Init Mark (G)                 272 us
[2.311s][info][gc,stats    ] Pause Init Mark (N)                 160 us
[2.311s][info][gc,stats    ]   Update Region States               16 us
[2.311s][info][gc,stats    ] Concurrent Mark Roots               176 us, parallelism: 0.79x
[2.311s][info][gc,stats    ]   CMR: <total>                      139 us
[2.311s][info][gc,stats    ]   CMR: Thread Roots                  46 us, workers (us):  46,   0, ---, ---, ---, ---, ---, ---, 
[2.311s][info][gc,stats    ]   CMR: VM Strong Roots                8 us, workers (us):   6,   2, ---, ---, ---, ---, ---, ---, 
[2.311s][info][gc,stats    ]   CMR: CLDG Roots                    86 us, workers (us): ---,  86, ---, ---, ---, ---, ---, ---, 
[2.311s][info][gc,stats    ] Concurrent Marking                 2936 us
[2.311s][info][gc,stats    ] Pause Final Mark (G)                325 us
[2.311s][info][gc,stats    ] Pause Final Mark (N)                232 us
[2.311s][info][gc,stats    ]   Finish Mark                       112 us
[2.311s][info][gc,stats    ]   Update Region States               13 us
[2.311s][info][gc,stats    ]   Choose Collection Set              34 us
[2.311s][info][gc,stats    ]   Rebuild Free Set                   17 us
[2.311s][info][gc,stats    ] Concurrent Thread Roots             105 us, parallelism: 0.81x
[2.311s][info][gc,stats    ]   CTR: <total>                       86 us
[2.311s][info][gc,stats    ]   CTR: Thread Roots                  86 us, workers (us):  48,  37, ---, ---, ---, ---, ---, ---, 
[2.311s][info][gc,stats    ] Concurrent Weak References          114 us, parallelism: 0.42x
[2.311s][info][gc,stats    ]   CWRF: <total>                      48 us
[2.311s][info][gc,stats    ]   CWRF: Weak References              48 us, workers (us):  48,   0, ---, ---, ---, ---, ---, ---, 
[2.311s][info][gc,stats    ] Concurrent Weak Roots               550 us
[2.311s][info][gc,stats    ]   Roots                             490 us, parallelism: 1.85x
[2.311s][info][gc,stats    ]     CWR: <total>                    906 us
[2.311s][info][gc,stats    ]     CWR: Code Cache Roots           465 us, workers (us): 221, 244, ---, ---, ---, ---, ---, ---, 
[2.311s][info][gc,stats    ]     CWR: VM Weak Roots              438 us, workers (us): 219, 219, ---, ---, ---, ---, ---, ---, 
[2.311s][info][gc,stats    ]     CWR: CLDG Roots                   3 us, workers (us):   3, ---, ---, ---, ---, ---, ---, ---, 
[2.311s][info][gc,stats    ]   Rendezvous                         25 us
[2.311s][info][gc,stats    ] Concurrent Cleanup                   70 us
[2.311s][info][gc,stats    ] Concurrent Class Unloading          979 us
[2.311s][info][gc,stats    ]   Unlink Stale                      828 us
[2.311s][info][gc,stats    ]     System Dictionary                44 us
[2.311s][info][gc,stats    ]     Weak Class Links                  0 us
[2.311s][info][gc,stats    ]     Code Roots                      783 us
[2.311s][info][gc,stats    ]   Rendezvous                         37 us
[2.311s][info][gc,stats    ]   Purge Unlinked                     60 us
[2.311s][info][gc,stats    ]     Code Roots                       55 us
[2.311s][info][gc,stats    ]     CLDG                              4 us
[2.311s][info][gc,stats    ]     Exception Caches                  0 us
[2.311s][info][gc,stats    ] Concurrent Strong Roots             259 us, parallelism: 0.79x
[2.311s][info][gc,stats    ]   CSR: <total>                      204 us
[2.311s][info][gc,stats    ]   CSR: VM Strong Roots               17 us, workers (us):  10,   7, ---, ---, ---, ---, ---, ---, 
[2.311s][info][gc,stats    ]   CSR: CLDG Roots                   188 us, workers (us): ---, 188, ---, ---, ---, ---, ---, ---, 
[2.311s][info][gc,stats    ] Concurrent Evacuation              2008 us
[2.311s][info][gc,stats    ] Pause Init Update Refs (G)          248 us
[2.311s][info][gc,stats    ] Pause Init Update Refs (N)          120 us
[2.311s][info][gc,stats    ]   Manage GCLABs                       3 us
[2.311s][info][gc,stats    ] Concurrent Update Refs             2498 us
[2.311s][info][gc,stats    ] Concurrent Update Thread Roots      237 us
[2.311s][info][gc,stats    ] Pause Final Update Refs (G)         503 us
[2.311s][info][gc,stats    ] Pause Final Update Refs (N)         135 us
[2.311s][info][gc,stats    ]   Update Region States               14 us
[2.311s][info][gc,stats    ]   Trash Collection Set                3 us
[2.311s][info][gc,stats    ]   Rebuild Free Set                   16 us
[2.311s][info][gc,stats    ] Concurrent Cleanup                   80 us
[2.311s][info][gc,stats    ] 
[2.311s][info][gc,stats    ] Allocation pacing accrued:
[2.311s][info][gc,stats    ]       0 of    13 ms (  0.0%): <total>
[2.311s][info][gc,stats    ]       0 of    13 ms (  0.0%): <average total>
[2.311s][info][gc,stats    ] 
[2.311s][info][gc,metaspace] Metaspace: 10379K(10624K)->10416K(10688K) NonClass: 9343K(9472K)->9376K(9536K) Class: 1035K(1152K)->1039K(1152K)
[2.311s][info][gc,ergo     ] Pacer for Idle. Initial: 40642K, Alloc Tax Rate: 1.0x
[2.312s][info][gc          ] Trigger: Start next cycle immediately
[2.312s][info][gc,ergo     ] Free: 1869M, Max: 512K regular, 1868M humongous, Frag: 1% external, 0% internal; Reserve: 101888K, Max: 512K
[2.312s][info][gc,start    ] GC(116) Concurrent reset
[2.312s][info][gc,task     ] GC(116) Using 2 of 8 workers for concurrent reset
[2.312s][info][gc,ergo     ] GC(116) Pacer for Reset. Non-Taxable: 1984M
[2.312s][info][gc          ] GC(116) Concurrent reset 0.219ms
[2.313s][info][gc,start    ] GC(116) Pause Init Mark (unload classes)
[2.313s][info][gc,task     ] GC(116) Using 8 of 8 workers for init marking
[2.313s][info][gc,ergo     ] GC(116) Pacer for Mark. Expected Live: 11905K, Free: 1869M, Non-Taxable: 186M, Alloc Tax Rate: 0.0x
[2.313s][info][gc          ] GC(116) Pause Init Mark (unload classes) 0.097ms
[2.313s][info][gc,start    ] GC(116) Concurrent marking roots
[2.313s][info][gc,task     ] GC(116) Using 2 of 8 workers for concurrent marking roots
[2.313s][info][gc          ] GC(116) Concurrent marking roots 0.155ms
[2.313s][info][gc,start    ] GC(116) Concurrent marking (unload classes)
[2.313s][info][gc,task     ] GC(116) Using 2 of 8 workers for concurrent marking
[2.316s][info][gc          ] GC(116) Concurrent marking (unload classes) 3.148ms
[2.320s][info][gc,start    ] GC(116) Pause Final Mark (unload classes)
[2.320s][info][gc,task     ] GC(116) Using 8 of 8 workers for final marking
[2.324s][info][gc,ergo     ] GC(116) Collectable Garbage: 3113K (100%), Immediate: 0B (0%), CSet: 3113K (100%)
[2.324s][info][gc,ergo     ] GC(116) Pacer for Evacuation. Used CSet: 13307K, Free: 1869M, Non-Taxable: 186M, Alloc Tax Rate: 1.1x
[2.324s][info][gc          ] GC(116) Pause Final Mark (unload classes) 3.410ms
[2.324s][info][gc,start    ] GC(116) Concurrent thread roots
[2.324s][info][gc,task     ] GC(116) Using 2 of 8 workers for Concurrent thread roots
[2.324s][info][gc          ] GC(116) Concurrent thread roots 0.332ms
[2.324s][info][gc,start    ] GC(116) Concurrent weak references
[2.324s][info][gc,task     ] GC(116) Using 2 of 8 workers for concurrent weak references
[2.324s][info][gc,ref      ] GC(116) Encountered references: Soft: 3637, Weak: 1228, Final: 4, Phantom: 582
[2.324s][info][gc,ref      ] GC(116) Discovered  references: Soft: 0, Weak: 464, Final: 0, Phantom: 580
[2.324s][info][gc,ref      ] GC(116) Enqueued    references: Soft: 0, Weak: 0, Final: 0, Phantom: 0
[2.324s][info][gc          ] GC(116) Concurrent weak references 0.125ms
[2.324s][info][gc,start    ] GC(116) Concurrent weak roots
[2.324s][info][gc,task     ] GC(116) Using 2 of 8 workers for concurrent weak root
[2.325s][info][gc          ] GC(116) Concurrent weak roots 0.541ms
[2.325s][info][gc,start    ] GC(116) Concurrent cleanup
[2.325s][info][gc          ] GC(116) Concurrent cleanup 17M->17M(148M) 0.060ms
[2.325s][info][gc,ergo     ] GC(116) Free: 1868M, Max: 512K regular, 1868M humongous, Frag: 1% external, 0% internal; Reserve: 100352K, Max: 512K
[2.325s][info][gc,start    ] GC(116) Concurrent class unloading
[2.325s][info][gc,task     ] GC(116) Using 2 of 8 workers for concurrent class unloading
[2.326s][info][gc          ] GC(116) Concurrent class unloading 0.872ms
[2.326s][info][gc,start    ] GC(116) Concurrent strong roots
[2.326s][info][gc,task     ] GC(116) Using 2 of 8 workers for concurrent strong root
[2.326s][info][gc          ] GC(116) Concurrent strong roots 0.260ms
[2.326s][info][gc,start    ] GC(116) Concurrent evacuation
[2.326s][info][gc,task     ] GC(116) Using 2 of 8 workers for concurrent evacuation
[2.328s][info][gc          ] GC(116) Concurrent evacuation 2.252ms
[2.330s][info][gc,start    ] GC(116) Pause Init Update Refs
[2.331s][info][gc,ergo     ] GC(116) Pacer for Update Refs. Used: 27724K, Free: 1868M, Non-Taxable: 186M, Alloc Tax Rate: 1.1x
[2.331s][info][gc          ] GC(116) Pause Init Update Refs 0.045ms
[2.336s][info][gc,start    ] GC(116) Concurrent update references
[2.336s][info][gc,task     ] GC(116) Using 2 of 8 workers for concurrent reference update
[2.339s][info][gc          ] GC(116) Concurrent update references 2.494ms
[2.339s][info][gc,start    ] GC(116) Concurrent update thread roots
[2.339s][info][gc          ] GC(116) Concurrent update thread roots 0.143ms
[2.339s][info][gc,start    ] GC(116) Pause Final Update Refs
[2.339s][info][gc,task     ] GC(116) Using 8 of 8 workers for final reference update
[2.339s][info][gc          ] GC(116) Pause Final Update Refs 0.068ms
[2.339s][info][gc,start    ] GC(116) Concurrent cleanup
[2.339s][info][gc          ] GC(116) Concurrent cleanup 27M->14M(148M) 0.054ms
[2.339s][info][gc,ergo     ] Free: 1870M, Max: 512K regular, 1869M humongous, Frag: 1% external, 0% internal; Reserve: 101888K, Max: 512K
[2.339s][info][gc,stats    ] 
[2.339s][info][gc,stats    ] All times are wall-clock times, except per-root-class counters, that are sum over
[2.339s][info][gc,stats    ] all workers. Dividing the <total> over the root stage time estimates parallelism.
[2.339s][info][gc,stats    ] 
[2.339s][info][gc,stats    ] Concurrent Reset                    229 us
[2.339s][info][gc,stats    ] Pause Init Mark (G)                 444 us
[2.339s][info][gc,stats    ] Pause Init Mark (N)                 108 us
[2.339s][info][gc,stats    ]   Update Region States               16 us
[2.339s][info][gc,stats    ] Concurrent Mark Roots               166 us, parallelism: 1.06x
[2.339s][info][gc,stats    ]   CMR: <total>                      176 us
[2.339s][info][gc,stats    ]   CMR: Thread Roots                  94 us, workers (us):  11,  83, ---, ---, ---, ---, ---, ---, 
[2.339s][info][gc,stats    ]   CMR: VM Strong Roots                8 us, workers (us):   7,   2, ---, ---, ---, ---, ---, ---, 
[2.339s][info][gc,stats    ]   CMR: CLDG Roots                    73 us, workers (us):  73, ---, ---, ---, ---, ---, ---, ---, 
[2.339s][info][gc,stats    ] Concurrent Marking                 3168 us
[2.339s][info][gc,stats    ] Pause Final Mark (G)               7487 us
[2.339s][info][gc,stats    ] Pause Final Mark (N)               3418 us
[2.339s][info][gc,stats    ]   Finish Mark                      3283 us
[2.339s][info][gc,stats    ]   Update Region States               15 us
[2.339s][info][gc,stats    ]   Choose Collection Set              43 us
[2.339s][info][gc,stats    ]   Rebuild Free Set                   15 us
[2.339s][info][gc,stats    ] Concurrent Thread Roots             342 us, parallelism: 0.17x
[2.339s][info][gc,stats    ]   CTR: <total>                       57 us
[2.339s][info][gc,stats    ]   CTR: Thread Roots                  57 us, workers (us):  57,   0, ---, ---, ---, ---, ---, ---, 
[2.339s][info][gc,stats    ] Concurrent Weak References          130 us, parallelism: 0.62x
[2.339s][info][gc,stats    ]   CWRF: <total>                      81 us
[2.339s][info][gc,stats    ]   CWRF: Weak References              81 us, workers (us):  79,   3, ---, ---, ---, ---, ---, ---, 
[2.339s][info][gc,stats    ] Concurrent Weak Roots               559 us
[2.339s][info][gc,stats    ]   Roots                             482 us, parallelism: 1.78x
[2.339s][info][gc,stats    ]     CWR: <total>                    859 us
[2.339s][info][gc,stats    ]     CWR: Code Cache Roots           438 us, workers (us): 228, 209, ---, ---, ---, ---, ---, ---, 
[2.339s][info][gc,stats    ]     CWR: VM Weak Roots              415 us, workers (us): 207, 208, ---, ---, ---, ---, ---, ---, 
[2.339s][info][gc,stats    ]     CWR: CLDG Roots                   7 us, workers (us):   7, ---, ---, ---, ---, ---, ---, ---, 
[2.339s][info][gc,stats    ]   Rendezvous                         42 us
[2.339s][info][gc,stats    ] Concurrent Cleanup                   68 us
[2.339s][info][gc,stats    ] Concurrent Class Unloading          895 us
[2.339s][info][gc,stats    ]   Unlink Stale                      829 us
[2.339s][info][gc,stats    ]     System Dictionary                19 us
[2.339s][info][gc,stats    ]     Weak Class Links                  0 us
[2.339s][info][gc,stats    ]     Code Roots                      809 us
[2.339s][info][gc,stats    ]   Rendezvous                         22 us
[2.339s][info][gc,stats    ]   Purge Unlinked                      3 us
[2.339s][info][gc,stats    ]     Code Roots                        1 us
[2.339s][info][gc,stats    ]     CLDG                              2 us
[2.339s][info][gc,stats    ]     Exception Caches                  0 us
[2.339s][info][gc,stats    ] Concurrent Strong Roots             273 us, parallelism: 0.75x
[2.340s][info][gc,stats    ]   CSR: <total>                      204 us
[2.340s][info][gc,stats    ]   CSR: VM Strong Roots                9 us, workers (us):   9,   0, ---, ---, ---, ---, ---, ---, 
[2.340s][info][gc,stats    ]   CSR: CLDG Roots                   195 us, workers (us): 195, ---, ---, ---, ---, ---, ---, ---, 
[2.340s][info][gc,stats    ] Concurrent Evacuation              2277 us
[2.340s][info][gc,stats    ] Pause Init Update Refs (G)         7869 us
[2.340s][info][gc,stats    ] Pause Init Update Refs (N)           56 us
[2.340s][info][gc,stats    ]   Manage GCLABs                       6 us
[2.340s][info][gc,stats    ] Concurrent Update Refs             2517 us
[2.340s][info][gc,stats    ] Concurrent Update Thread Roots      154 us
[2.340s][info][gc,stats    ] Pause Final Update Refs (G)         167 us
[2.340s][info][gc,stats    ] Pause Final Update Refs (N)          77 us
[2.340s][info][gc,stats    ]   Update Region States               15 us
[2.340s][info][gc,stats    ]   Trash Collection Set                3 us
[2.340s][info][gc,stats    ]   Rebuild Free Set                   16 us
[2.340s][info][gc,stats    ] Concurrent Cleanup                   62 us
[2.340s][info][gc,stats    ] 
[2.340s][info][gc,stats    ] Allocation pacing accrued:
[2.340s][info][gc,stats    ]       0 of    29 ms (  0.0%): <total>
[2.340s][info][gc,stats    ]       0 of    29 ms (  0.0%): <average total>
[2.340s][info][gc,stats    ] 
[2.340s][info][gc,metaspace] Metaspace: 10438K(10688K)->10550K(10816K) NonClass: 9396K(9536K)->9488K(9664K) Class: 1042K(1152K)->1062K(1152K)
[2.340s][info][gc,ergo     ] Pacer for Idle. Initial: 40642K, Alloc Tax Rate: 1.0x
[2.341s][info][gc          ] Trigger: Start next cycle immediately
[2.341s][info][gc,ergo     ] Free: 1870M, Max: 512K regular, 1869M humongous, Frag: 1% external, 0% internal; Reserve: 101888K, Max: 512K
[2.341s][info][gc,start    ] GC(117) Concurrent reset
[2.341s][info][gc,task     ] GC(117) Using 2 of 8 workers for concurrent reset
[2.341s][info][gc,ergo     ] GC(117) Pacer for Reset. Non-Taxable: 1984M
[2.341s][info][gc          ] GC(117) Concurrent reset 0.208ms
[2.347s][info][gc,start    ] GC(117) Pause Init Mark
[2.347s][info][gc,task     ] GC(117) Using 8 of 8 workers for init marking
[2.347s][info][gc,ergo     ] GC(117) Pacer for Mark. Expected Live: 11952K, Free: 1870M, Non-Taxable: 187M, Alloc Tax Rate: 0.0x
[2.347s][info][gc          ] GC(117) Pause Init Mark 0.063ms
[2.347s][info][gc,start    ] GC(117) Concurrent marking roots
[2.347s][info][gc,task     ] GC(117) Using 2 of 8 workers for concurrent marking roots
[2.347s][info][gc          ] GC(117) Concurrent marking roots 0.510ms
[2.347s][info][gc,start    ] GC(117) Concurrent marking
[2.347s][info][gc,task     ] GC(117) Using 2 of 8 workers for concurrent marking
[2.369s][info][gc          ] GC(117) Concurrent marking 22.061ms
[2.370s][info][gc,start    ] GC(117) Pause Final Mark
[2.370s][info][gc,task     ] GC(117) Using 8 of 8 workers for final marking
[2.371s][info][gc,ergo     ] GC(117) Collectable Garbage: 2313K (100%), Immediate: 0B (0%), CSet: 2313K (100%)
[2.371s][info][gc,ergo     ] GC(117) Pacer for Evacuation. Used CSet: 12541K, Free: 1869M, Non-Taxable: 186M, Alloc Tax Rate: 1.1x
[2.371s][info][gc          ] GC(117) Pause Final Mark 0.840ms
[2.371s][info][gc,start    ] GC(117) Concurrent thread roots
[2.371s][info][gc,task     ] GC(117) Using 2 of 8 workers for Concurrent thread roots
[2.371s][info][gc          ] GC(117) Concurrent thread roots 0.179ms
[2.372s][info][gc,start    ] GC(117) Concurrent weak references
[2.372s][info][gc,task     ] GC(117) Using 2 of 8 workers for concurrent weak references
[2.372s][info][gc,ref      ] GC(117) Encountered references: Soft: 3637, Weak: 1230, Final: 4, Phantom: 583
[2.372s][info][gc,ref      ] GC(117) Discovered  references: Soft: 0, Weak: 498, Final: 1, Phantom: 197
[2.372s][info][gc,ref      ] GC(117) Enqueued    references: Soft: 0, Weak: 2, Final: 0, Phantom: 1
[2.372s][info][gc          ] GC(117) Concurrent weak references 0.095ms
[2.372s][info][gc,start    ] GC(117) Concurrent weak roots
[2.372s][info][gc,task     ] GC(117) Using 2 of 8 workers for concurrent weak root
[2.372s][info][gc          ] GC(117) Concurrent weak roots 0.358ms
[2.372s][info][gc,start    ] GC(117) Concurrent cleanup
[2.372s][info][gc          ] GC(117) Concurrent cleanup 15M->15M(148M) 0.092ms
[2.372s][info][gc,ergo     ] GC(117) Free: 1869M, Max: 512K regular, 1869M humongous, Frag: 0% external, 0% internal; Reserve: 101446K, Max: 512K
[2.372s][info][gc,start    ] GC(117) Concurrent strong roots
[2.372s][info][gc,task     ] GC(117) Using 2 of 8 workers for concurrent strong root
[2.373s][info][gc          ] GC(117) Concurrent strong roots 0.617ms
[2.373s][info][gc,start    ] GC(117) Concurrent evacuation
[2.373s][info][gc,task     ] GC(117) Using 2 of 8 workers for concurrent evacuation
[2.375s][info][gc          ] GC(117) Concurrent evacuation 2.188ms
[2.375s][info][gc,start    ] GC(117) Pause Init Update Refs
[2.375s][info][gc,ergo     ] GC(117) Pacer for Update Refs. Used: 26705K, Free: 1869M, Non-Taxable: 186M, Alloc Tax Rate: 1.1x
[2.375s][info][gc          ] GC(117) Pause Init Update Refs 0.024ms
[2.375s][info][gc,start    ] GC(117) Concurrent update references
[2.375s][info][gc,task     ] GC(117) Using 2 of 8 workers for concurrent reference update
[2.378s][info][gc          ] GC(117) Concurrent update references 2.488ms
[2.378s][info][gc,start    ] GC(117) Concurrent update thread roots
[2.381s][info][gc          ] GC(117) Concurrent update thread roots 3.162ms
[2.387s][info][gc,start    ] GC(117) Pause Final Update Refs
[2.387s][info][gc,task     ] GC(117) Using 8 of 8 workers for final reference update
[2.387s][info][gc          ] GC(117) Pause Final Update Refs 0.075ms
[2.387s][info][gc,start    ] GC(117) Concurrent cleanup
[2.387s][info][gc          ] GC(117) Concurrent cleanup 26M->13M(148M) 0.056ms
[2.387s][info][gc,ergo     ] Free: 1870M, Max: 512K regular, 1869M humongous, Frag: 1% external, 0% internal; Reserve: 101888K, Max: 512K
[2.387s][info][gc,stats    ] 
[2.387s][info][gc,stats    ] All times are wall-clock times, except per-root-class counters, that are sum over
[2.387s][info][gc,stats    ] all workers. Dividing the <total> over the root stage time estimates parallelism.
[2.387s][info][gc,stats    ] 
[2.387s][info][gc,stats    ] Concurrent Reset                    220 us
[2.387s][info][gc,stats    ] Pause Init Mark (G)                5675 us
[2.387s][info][gc,stats    ] Pause Init Mark (N)                  72 us
[2.387s][info][gc,stats    ]   Update Region States               18 us
[2.387s][info][gc,stats    ] Concurrent Mark Roots               524 us, parallelism: 1.68x
[2.387s][info][gc,stats    ]   CMR: <total>                      880 us
[2.387s][info][gc,stats    ]   CMR: Thread Roots                  99 us, workers (us):  74,  25, ---, ---, ---, ---, ---, ---, 
[2.387s][info][gc,stats    ]   CMR: Code Cache Roots             653 us, workers (us): 239, 414, ---, ---, ---, ---, ---, ---, 
[2.388s][info][gc,stats    ]   CMR: VM Strong Roots                6 us, workers (us):   5,   1, ---, ---, ---, ---, ---, ---, 
[2.388s][info][gc,stats    ]   CMR: CLDG Roots                   122 us, workers (us): 122, ---, ---, ---, ---, ---, ---, ---, 
[2.388s][info][gc,stats    ] Concurrent Marking                22087 us
[2.388s][info][gc,stats    ] Pause Final Mark (G)               1887 us
[2.388s][info][gc,stats    ] Pause Final Mark (N)                849 us
[2.388s][info][gc,stats    ]   Finish Mark                       715 us
[2.388s][info][gc,stats    ]   Update Region States               28 us
[2.388s][info][gc,stats    ]   Choose Collection Set              46 us
[2.388s][info][gc,stats    ]   Rebuild Free Set                   15 us
[2.388s][info][gc,stats    ] Concurrent Thread Roots             188 us, parallelism: 1.09x
[2.388s][info][gc,stats    ]   CTR: <total>                      205 us
[2.388s][info][gc,stats    ]   CTR: Thread Roots                 205 us, workers (us): 143,  62, ---, ---, ---, ---, ---, ---, 
[2.388s][info][gc,stats    ] Concurrent Weak References          101 us, parallelism: 0.68x
[2.388s][info][gc,stats    ]   CWRF: <total>                      68 us
[2.388s][info][gc,stats    ]   CWRF: Weak References              68 us, workers (us):  29,  39, ---, ---, ---, ---, ---, ---, 
[2.388s][info][gc,stats    ] Concurrent Weak Roots               369 us
[2.388s][info][gc,stats    ]   Roots                             239 us, parallelism: 1.80x
[2.388s][info][gc,stats    ]     CWR: <total>                    431 us
[2.388s][info][gc,stats    ]     CWR: VM Weak Roots              431 us, workers (us): 219, 212, ---, ---, ---, ---, ---, ---, 
[2.388s][info][gc,stats    ]   Rendezvous                        103 us
[2.388s][info][gc,stats    ] Concurrent Cleanup                  101 us
[2.388s][info][gc,stats    ] Concurrent Strong Roots             635 us, parallelism: 1.80x
[2.388s][info][gc,stats    ]   CSR: <total>                     1144 us
[2.388s][info][gc,stats    ]   CSR: Code Cache Roots             724 us, workers (us): 158, 566, ---, ---, ---, ---, ---, ---, 
[2.388s][info][gc,stats    ]   CSR: VM Strong Roots               14 us, workers (us):   8,   6, ---, ---, ---, ---, ---, ---, 
[2.388s][info][gc,stats    ]   CSR: CLDG Roots                   405 us, workers (us): 405, ---, ---, ---, ---, ---, ---, ---, 
[2.388s][info][gc,stats    ] Concurrent Evacuation              2199 us
[2.388s][info][gc,stats    ] Pause Init Update Refs (G)          199 us
[2.388s][info][gc,stats    ] Pause Init Update Refs (N)           34 us
[2.388s][info][gc,stats    ]   Manage GCLABs                       4 us
[2.388s][info][gc,stats    ] Concurrent Update Refs             2511 us
[2.388s][info][gc,stats    ] Concurrent Update Thread Roots     3185 us
[2.388s][info][gc,stats    ] Pause Final Update Refs (G)        6444 us
[2.388s][info][gc,stats    ] Pause Final Update Refs (N)          84 us
[2.388s][info][gc,stats    ]   Update Region States               22 us
[2.388s][info][gc,stats    ]   Trash Collection Set                3 us
[2.388s][info][gc,stats    ]   Rebuild Free Set                   15 us
[2.388s][info][gc,stats    ] Concurrent Cleanup                   65 us
[2.388s][info][gc,stats    ] 
[2.388s][info][gc,stats    ] Allocation pacing accrued:
[2.388s][info][gc,stats    ]       0 of    48 ms (  0.0%): <total>
[2.388s][info][gc,stats    ]       0 of    48 ms (  0.0%): <average total>
[2.388s][info][gc,stats    ] 
[2.388s][info][gc,metaspace] Metaspace: 10550K(10816K)->10621K(10944K) NonClass: 9488K(9664K)->9547K(9728K) Class: 1062K(1152K)->1074K(1216K)
[2.388s][info][gc,ergo     ] Pacer for Idle. Initial: 40642K, Alloc Tax Rate: 1.0x
[2.389s][info][gc          ] Trigger: Start next cycle immediately
[2.389s][info][gc,ergo     ] Free: 1870M, Max: 512K regular, 1869M humongous, Frag: 1% external, 0% internal; Reserve: 101888K, Max: 512K
[2.389s][info][gc,start    ] GC(118) Concurrent reset
[2.389s][info][gc,task     ] GC(118) Using 2 of 8 workers for concurrent reset
[2.389s][info][gc,ergo     ] GC(118) Pacer for Reset. Non-Taxable: 1984M
[2.389s][info][gc          ] GC(118) Concurrent reset 0.222ms
[2.389s][info][gc,start    ] GC(118) Pause Init Mark
[2.389s][info][gc,task     ] GC(118) Using 8 of 8 workers for init marking
[2.389s][info][gc,ergo     ] GC(118) Pacer for Mark. Expected Live: 12005K, Free: 1870M, Non-Taxable: 187M, Alloc Tax Rate: 0.0x
[2.389s][info][gc          ] GC(118) Pause Init Mark 0.044ms
[2.389s][info][gc,start    ] GC(118) Concurrent marking roots
[2.389s][info][gc,task     ] GC(118) Using 2 of 8 workers for concurrent marking roots
[2.390s][info][gc          ] GC(118) Concurrent marking roots 0.482ms
[2.390s][info][gc,start    ] GC(118) Concurrent marking
[2.390s][info][gc,task     ] GC(118) Using 2 of 8 workers for concurrent marking
[2.394s][info][gc          ] GC(118) Concurrent marking 3.800ms
[2.394s][info][gc,start    ] GC(118) Pause Final Mark
[2.394s][info][gc,task     ] GC(118) Using 8 of 8 workers for final marking
[2.394s][info][gc,ergo     ] GC(118) Collectable Garbage: 2036K (100%), Immediate: 0B (0%), CSet: 2036K (100%)
[2.394s][info][gc,ergo     ] GC(118) Pacer for Evacuation. Used CSet: 12288K, Free: 1870M, Non-Taxable: 187M, Alloc Tax Rate: 1.1x
[2.394s][info][gc          ] GC(118) Pause Final Mark 0.215ms
[2.394s][info][gc,start    ] GC(118) Concurrent thread roots
[2.394s][info][gc,task     ] GC(118) Using 2 of 8 workers for Concurrent thread roots
[2.394s][info][gc          ] GC(118) Concurrent thread roots 0.069ms
[2.394s][info][gc,start    ] GC(118) Concurrent weak references
[2.394s][info][gc,task     ] GC(118) Using 2 of 8 workers for concurrent weak references
[2.394s][info][gc,ref      ] GC(118) Encountered references: Soft: 3641, Weak: 1240, Final: 4, Phantom: 583
[2.394s][info][gc,ref      ] GC(118) Discovered  references: Soft: 0, Weak: 249, Final: 1, Phantom: 198
[2.394s][info][gc,ref      ] GC(118) Enqueued    references: Soft: 0, Weak: 7, Final: 0, Phantom: 1
[2.394s][info][gc          ] GC(118) Concurrent weak references 0.103ms
[2.394s][info][gc,start    ] GC(118) Concurrent weak roots
[2.394s][info][gc,task     ] GC(118) Using 2 of 8 workers for concurrent weak root
[2.395s][info][gc          ] GC(118) Concurrent weak roots 0.341ms
[2.395s][info][gc,start    ] GC(118) Concurrent cleanup
[2.395s][info][gc          ] GC(118) Concurrent cleanup 15M->15M(148M) 0.061ms
[2.395s][info][gc,ergo     ] GC(118) Free: 1869M, Max: 512K regular, 1869M humongous, Frag: 0% external, 0% internal; Reserve: 101442K, Max: 512K
[2.395s][info][gc,start    ] GC(118) Concurrent strong roots
[2.395s][info][gc,task     ] GC(118) Using 2 of 8 workers for concurrent strong root
[2.396s][info][gc          ] GC(118) Concurrent strong roots 0.896ms
[2.396s][info][gc,start    ] GC(118) Concurrent evacuation
[2.396s][info][gc,task     ] GC(118) Using 2 of 8 workers for concurrent evacuation
[2.398s][info][gc          ] GC(118) Concurrent evacuation 2.100ms
[2.398s][info][gc,start    ] GC(118) Pause Init Update Refs
[2.398s][info][gc,ergo     ] GC(118) Pacer for Update Refs. Used: 27251K, Free: 1869M, Non-Taxable: 186M, Alloc Tax Rate: 1.1x
[2.398s][info][gc          ] GC(118) Pause Init Update Refs 0.024ms
[2.398s][info][gc,start    ] GC(118) Concurrent update references
[2.398s][info][gc,task     ] GC(118) Using 2 of 8 workers for concurrent reference update
[2.400s][info][gc          ] GC(118) Concurrent update references 2.366ms
[2.400s][info][gc,start    ] GC(118) Concurrent update thread roots
[2.400s][info][gc          ] GC(118) Concurrent update thread roots 0.129ms
[2.400s][info][gc,start    ] GC(118) Pause Final Update Refs
[2.400s][info][gc,task     ] GC(118) Using 8 of 8 workers for final reference update
[2.400s][info][gc          ] GC(118) Pause Final Update Refs 0.049ms
[2.400s][info][gc,start    ] GC(118) Concurrent cleanup
[2.400s][info][gc          ] GC(118) Concurrent cleanup 26M->14M(148M) 0.053ms
[2.401s][info][gc,ergo     ] Free: 1869M, Max: 512K regular, 1868M humongous, Frag: 1% external, 0% internal; Reserve: 101888K, Max: 512K
[2.401s][info][gc,stats    ] 
[2.401s][info][gc,stats    ] All times are wall-clock times, except per-root-class counters, that are sum over
[2.401s][info][gc,stats    ] all workers. Dividing the <total> over the root stage time estimates parallelism.
[2.401s][info][gc,stats    ] 
[2.401s][info][gc,stats    ] Concurrent Reset                    231 us
[2.401s][info][gc,stats    ] Pause Init Mark (G)                 206 us
[2.401s][info][gc,stats    ] Pause Init Mark (N)                  51 us
[2.401s][info][gc,stats    ]   Update Region States               13 us
[2.401s][info][gc,stats    ] Concurrent Mark Roots               497 us, parallelism: 1.73x
[2.401s][info][gc,stats    ]   CMR: <total>                      858 us
[2.401s][info][gc,stats    ]   CMR: Thread Roots                  80 us, workers (us):   0,  80, ---, ---, ---, ---, ---, ---, 
[2.401s][info][gc,stats    ]   CMR: Code Cache Roots             675 us, workers (us): 332, 343, ---, ---, ---, ---, ---, ---, 
[2.401s][info][gc,stats    ]   CMR: VM Strong Roots                5 us, workers (us):   5,   0, ---, ---, ---, ---, ---, ---, 
[2.401s][info][gc,stats    ]   CMR: CLDG Roots                    98 us, workers (us):  98, ---, ---, ---, ---, ---, ---, ---, 
[2.401s][info][gc,stats    ] Concurrent Marking                 3820 us
[2.401s][info][gc,stats    ] Pause Final Mark (G)                305 us
[2.401s][info][gc,stats    ] Pause Final Mark (N)                223 us
[2.401s][info][gc,stats    ]   Finish Mark                       120 us
[2.401s][info][gc,stats    ]   Update Region States               15 us
[2.401s][info][gc,stats    ]   Choose Collection Set              34 us
[2.401s][info][gc,stats    ]   Rebuild Free Set                   15 us
[2.401s][info][gc,stats    ] Concurrent Thread Roots              78 us, parallelism: 1.04x
[2.401s][info][gc,stats    ]   CTR: <total>                       81 us
[2.401s][info][gc,stats    ]   CTR: Thread Roots                  81 us, workers (us):  43,  38, ---, ---, ---, ---, ---, ---, 
[2.401s][info][gc,stats    ] Concurrent Weak References          112 us, parallelism: 0.32x
[2.401s][info][gc,stats    ]   CWRF: <total>                      36 us
[2.401s][info][gc,stats    ]   CWRF: Weak References              36 us, workers (us):  35,   1, ---, ---, ---, ---, ---, ---, 
[2.401s][info][gc,stats    ] Concurrent Weak Roots               352 us
[2.401s][info][gc,stats    ]   Roots                             305 us, parallelism: 1.63x
[2.401s][info][gc,stats    ]     CWR: <total>                    499 us
[2.401s][info][gc,stats    ]     CWR: VM Weak Roots              499 us, workers (us): 267, 232, ---, ---, ---, ---, ---, ---, 
[2.401s][info][gc,stats    ]   Rendezvous                         20 us
[2.401s][info][gc,stats    ] Concurrent Cleanup                   69 us
[2.401s][info][gc,stats    ] Concurrent Strong Roots             914 us, parallelism: 0.92x
[2.401s][info][gc,stats    ]   CSR: <total>                      843 us
[2.401s][info][gc,stats    ]   CSR: Code Cache Roots             655 us, workers (us): 655,   0, ---, ---, ---, ---, ---, ---, 
[2.401s][info][gc,stats    ]   CSR: VM Strong Roots                8 us, workers (us):   8,   0, ---, ---, ---, ---, ---, ---, 
[2.401s][info][gc,stats    ]   CSR: CLDG Roots                   179 us, workers (us): 179, ---, ---, ---, ---, ---, ---, ---, 
[2.401s][info][gc,stats    ] Concurrent Evacuation              2120 us
[2.401s][info][gc,stats    ] Pause Init Update Refs (G)          118 us
[2.401s][info][gc,stats    ] Pause Init Update Refs (N)           32 us
[2.401s][info][gc,stats    ]   Manage GCLABs                       3 us
[2.401s][info][gc,stats    ] Concurrent Update Refs             2388 us
[2.401s][info][gc,stats    ] Concurrent Update Thread Roots      139 us
[2.401s][info][gc,stats    ] Pause Final Update Refs (G)          72 us
[2.401s][info][gc,stats    ] Pause Final Update Refs (N)          57 us
[2.401s][info][gc,stats    ]   Update Region States               13 us
[2.401s][info][gc,stats    ]   Trash Collection Set                3 us
[2.401s][info][gc,stats    ]   Rebuild Free Set                   15 us
[2.401s][info][gc,stats    ] Concurrent Cleanup                   61 us
[2.401s][info][gc,stats    ] 
[2.401s][info][gc,stats    ] Allocation pacing accrued:
[2.401s][info][gc,stats    ]       0 of    13 ms (  0.0%): <total>
[2.401s][info][gc,stats    ]       0 of    13 ms (  0.0%): <average total>
[2.401s][info][gc,stats    ] 
[2.401s][info][gc,metaspace] Metaspace: 10628K(10944K)->10752K(11008K) NonClass: 9554K(9728K)->9671K(9792K) Class: 1074K(1216K)->1081K(1216K)
[2.401s][info][gc,ergo     ] Pacer for Idle. Initial: 40642K, Alloc Tax Rate: 1.0x
[2.402s][info][gc          ] Trigger: Start next cycle immediately
[2.402s][info][gc,ergo     ] Free: 1869M, Max: 512K regular, 1868M humongous, Frag: 1% external, 0% internal; Reserve: 101888K, Max: 512K
[2.402s][info][gc,start    ] GC(119) Concurrent reset
[2.402s][info][gc,task     ] GC(119) Using 2 of 8 workers for concurrent reset
[2.402s][info][gc,ergo     ] GC(119) Pacer for Reset. Non-Taxable: 1984M
[2.402s][info][gc          ] GC(119) Concurrent reset 0.223ms
[2.402s][info][gc,start    ] GC(119) Pause Init Mark (unload classes)
[2.402s][info][gc,task     ] GC(119) Using 8 of 8 workers for init marking
[2.402s][info][gc,ergo     ] GC(119) Pacer for Mark. Expected Live: 12045K, Free: 1869M, Non-Taxable: 186M, Alloc Tax Rate: 0.0x
[2.402s][info][gc          ] GC(119) Pause Init Mark (unload classes) 0.042ms
[2.402s][info][gc,start    ] GC(119) Concurrent marking roots
[2.402s][info][gc,task     ] GC(119) Using 2 of 8 workers for concurrent marking roots
[2.403s][info][gc          ] GC(119) Concurrent marking roots 0.241ms
[2.403s][info][gc,start    ] GC(119) Concurrent marking (unload classes)
[2.403s][info][gc,task     ] GC(119) Using 2 of 8 workers for concurrent marking
[2.407s][info][gc          ] GC(119) Concurrent marking (unload classes) 3.887ms
[2.407s][info][gc,start    ] GC(119) Pause Final Mark (unload classes)
[2.407s][info][gc,task     ] GC(119) Using 8 of 8 workers for final marking
[2.407s][info][gc,ergo     ] GC(119) Collectable Garbage: 2831K (100%), Immediate: 0B (0%), CSet: 2831K (100%)
[2.407s][info][gc,ergo     ] GC(119) Pacer for Evacuation. Used CSet: 13088K, Free: 1869M, Non-Taxable: 186M, Alloc Tax Rate: 1.1x
[2.407s][info][gc          ] GC(119) Pause Final Mark (unload classes) 0.202ms
[2.407s][info][gc,start    ] GC(119) Concurrent thread roots
[2.407s][info][gc,task     ] GC(119) Using 2 of 8 workers for Concurrent thread roots
[2.407s][info][gc          ] GC(119) Concurrent thread roots 0.098ms
[2.407s][info][gc,start    ] GC(119) Concurrent weak references
[2.407s][info][gc,task     ] GC(119) Using 2 of 8 workers for concurrent weak references
[2.407s][info][gc,ref      ] GC(119) Encountered references: Soft: 3642, Weak: 1234, Final: 4, Phantom: 582
[2.407s][info][gc,ref      ] GC(119) Discovered  references: Soft: 0, Weak: 427, Final: 0, Phantom: 579
[2.407s][info][gc,ref      ] GC(119) Enqueued    references: Soft: 0, Weak: 0, Final: 0, Phantom: 0
[2.407s][info][gc          ] GC(119) Concurrent weak references 0.153ms
[2.407s][info][gc,start    ] GC(119) Concurrent weak roots
[2.407s][info][gc,task     ] GC(119) Using 2 of 8 workers for concurrent weak root
[2.408s][info][gc          ] GC(119) Concurrent weak roots 0.575ms
[2.408s][info][gc,start    ] GC(119) Concurrent cleanup
[2.408s][info][gc          ] GC(119) Concurrent cleanup 16M->16M(148M) 0.058ms
[2.408s][info][gc,ergo     ] GC(119) Free: 1868M, Max: 512K regular, 1868M humongous, Frag: 0% external, 0% internal; Reserve: 101382K, Max: 512K
[2.408s][info][gc,start    ] GC(119) Concurrent class unloading
[2.408s][info][gc,task     ] GC(119) Using 2 of 8 workers for concurrent class unloading
[2.411s][info][gc          ] GC(119) Concurrent class unloading 3.129ms
[2.411s][info][gc,start    ] GC(119) Concurrent strong roots
[2.411s][info][gc,task     ] GC(119) Using 2 of 8 workers for concurrent strong root
[2.411s][info][gc          ] GC(119) Concurrent strong roots 0.206ms
[2.411s][info][gc,start    ] GC(119) Concurrent evacuation
[2.411s][info][gc,task     ] GC(119) Using 2 of 8 workers for concurrent evacuation
[2.413s][info][gc          ] GC(119) Concurrent evacuation 2.043ms
[2.413s][info][gc,start    ] GC(119) Pause Init Update Refs
[2.413s][info][gc,ergo     ] GC(119) Pacer for Update Refs. Used: 27215K, Free: 1868M, Non-Taxable: 186M, Alloc Tax Rate: 1.1x
[2.413s][info][gc          ] GC(119) Pause Init Update Refs 0.022ms
[2.413s][info][gc,start    ] GC(119) Concurrent update references
[2.413s][info][gc,task     ] GC(119) Using 2 of 8 workers for concurrent reference update
[2.416s][info][gc          ] GC(119) Concurrent update references 2.339ms
[2.416s][info][gc,start    ] GC(119) Concurrent update thread roots
[2.416s][info][gc          ] GC(119) Concurrent update thread roots 0.158ms
[2.416s][info][gc,start    ] GC(119) Pause Final Update Refs
[2.416s][info][gc,task     ] GC(119) Using 8 of 8 workers for final reference update
[2.416s][info][gc          ] GC(119) Pause Final Update Refs 0.053ms
[2.416s][info][gc,start    ] GC(119) Concurrent cleanup
[2.416s][info][gc          ] GC(119) Concurrent cleanup 26M->13M(148M) 0.053ms
[2.416s][info][gc,ergo     ] Free: 1870M, Max: 512K regular, 1869M humongous, Frag: 1% external, 0% internal; Reserve: 101888K, Max: 512K
[2.416s][info][gc,stats    ] 
[2.416s][info][gc,stats    ] All times are wall-clock times, except per-root-class counters, that are sum over
[2.416s][info][gc,stats    ] all workers. Dividing the <total> over the root stage time estimates parallelism.
[2.416s][info][gc,stats    ] 
[2.416s][info][gc,stats    ] Concurrent Reset                    236 us
[2.416s][info][gc,stats    ] Pause Init Mark (G)                 138 us
[2.416s][info][gc,stats    ] Pause Init Mark (N)                  50 us
[2.416s][info][gc,stats    ]   Update Region States               12 us
[2.416s][info][gc,stats    ] Concurrent Mark Roots               251 us, parallelism: 0.88x
[2.416s][info][gc,stats    ]   CMR: <total>                      221 us
[2.416s][info][gc,stats    ]   CMR: Thread Roots                 140 us, workers (us): 111,  29, ---, ---, ---, ---, ---, ---, 
[2.416s][info][gc,stats    ]   CMR: VM Strong Roots                5 us, workers (us):   4,   0, ---, ---, ---, ---, ---, ---, 
[2.416s][info][gc,stats    ]   CMR: CLDG Roots                    77 us, workers (us):  77, ---, ---, ---, ---, ---, ---, ---, 
[2.416s][info][gc,stats    ] Concurrent Marking                 3907 us
[2.416s][info][gc,stats    ] Pause Final Mark (G)                301 us
[2.416s][info][gc,stats    ] Pause Final Mark (N)                211 us
[2.416s][info][gc,stats    ]   Finish Mark                       107 us
[2.417s][info][gc,stats    ]   Update Region States               13 us
[2.417s][info][gc,stats    ]   Choose Collection Set              30 us
[2.417s][info][gc,stats    ]   Rebuild Free Set                   15 us
[2.417s][info][gc,stats    ] Concurrent Thread Roots             109 us, parallelism: 0.55x
[2.417s][info][gc,stats    ]   CTR: <total>                       60 us
[2.417s][info][gc,stats    ]   CTR: Thread Roots                  60 us, workers (us):  60,   0, ---, ---, ---, ---, ---, ---, 
[2.417s][info][gc,stats    ] Concurrent Weak References          161 us, parallelism: 0.98x
[2.417s][info][gc,stats    ]   CWRF: <total>                     157 us
[2.417s][info][gc,stats    ]   CWRF: Weak References             157 us, workers (us):  71,  86, ---, ---, ---, ---, ---, ---, 
[2.417s][info][gc,stats    ] Concurrent Weak Roots               593 us
[2.417s][info][gc,stats    ]   Roots                             542 us, parallelism: 1.55x
[2.417s][info][gc,stats    ]     CWR: <total>                    840 us
[2.417s][info][gc,stats    ]     CWR: Code Cache Roots           412 us, workers (us): 221, 191, ---, ---, ---, ---, ---, ---, 
[2.417s][info][gc,stats    ]     CWR: VM Weak Roots              421 us, workers (us): 294, 127, ---, ---, ---, ---, ---, ---, 
[2.417s][info][gc,stats    ]     CWR: CLDG Roots                   6 us, workers (us): ---,   6, ---, ---, ---, ---, ---, ---, 
[2.417s][info][gc,stats    ]   Rendezvous                         16 us
[2.417s][info][gc,stats    ] Concurrent Cleanup                   66 us
[2.417s][info][gc,stats    ] Concurrent Class Unloading         3143 us
[2.417s][info][gc,stats    ]   Unlink Stale                     2952 us
[2.417s][info][gc,stats    ]     System Dictionary                26 us
[2.417s][info][gc,stats    ]     Weak Class Links                  0 us
[2.417s][info][gc,stats    ]     Code Roots                     2925 us
[2.417s][info][gc,stats    ]   Rendezvous                        102 us
[2.417s][info][gc,stats    ]   Purge Unlinked                     56 us
[2.417s][info][gc,stats    ]     Code Roots                       53 us
[2.417s][info][gc,stats    ]     CLDG                              2 us
[2.417s][info][gc,stats    ]     Exception Caches                  0 us
[2.417s][info][gc,stats    ] Concurrent Strong Roots             221 us, parallelism: 0.75x
[2.417s][info][gc,stats    ]   CSR: <total>                      166 us
[2.417s][info][gc,stats    ]   CSR: VM Strong Roots                7 us, workers (us):   6,   0, ---, ---, ---, ---, ---, ---, 
[2.417s][info][gc,stats    ]   CSR: CLDG Roots                   159 us, workers (us): 159, ---, ---, ---, ---, ---, ---, ---, 
[2.417s][info][gc,stats    ] Concurrent Evacuation              2056 us
[2.417s][info][gc,stats    ] Pause Init Update Refs (G)          126 us
[2.417s][info][gc,stats    ] Pause Init Update Refs (N)           30 us
[2.417s][info][gc,stats    ]   Manage GCLABs                       3 us
[2.417s][info][gc,stats    ] Concurrent Update Refs             2364 us
[2.417s][info][gc,stats    ] Concurrent Update Thread Roots      304 us
[2.417s][info][gc,stats    ] Pause Final Update Refs (G)         150 us
[2.417s][info][gc,stats    ] Pause Final Update Refs (N)          63 us
[2.417s][info][gc,stats    ]   Update Region States               13 us
[2.417s][info][gc,stats    ]   Trash Collection Set                2 us
[2.417s][info][gc,stats    ]   Rebuild Free Set                   16 us
[2.417s][info][gc,stats    ] Concurrent Cleanup                   61 us
[2.417s][info][gc,stats    ] 
[2.417s][info][gc,stats    ] Allocation pacing accrued:
[2.417s][info][gc,stats    ]       0 of    16 ms (  0.0%): <total>
[2.417s][info][gc,stats    ]       0 of    16 ms (  0.0%): <average total>
[2.417s][info][gc,stats    ] 
[2.417s][info][gc,metaspace] Metaspace: 10768K(11008K)->10782K(11072K) NonClass: 9685K(9792K)->9696K(9856K) Class: 1082K(1216K)->1086K(1216K)
[2.417s][info][gc,ergo     ] Pacer for Idle. Initial: 40642K, Alloc Tax Rate: 1.0x
[2.418s][info][gc          ] Trigger: Start next cycle immediately
[2.418s][info][gc,ergo     ] Free: 1870M, Max: 512K regular, 1869M humongous, Frag: 1% external, 0% internal; Reserve: 101888K, Max: 512K
[2.418s][info][gc,start    ] GC(120) Concurrent reset
[2.418s][info][gc,task     ] GC(120) Using 2 of 8 workers for concurrent reset
[2.418s][info][gc,ergo     ] GC(120) Pacer for Reset. Non-Taxable: 1984M
[2.418s][info][gc          ] GC(120) Concurrent reset 0.374ms
[2.422s][info][gc,start    ] GC(120) Pause Init Mark (unload classes)
[2.422s][info][gc,task     ] GC(120) Using 8 of 8 workers for init marking
[2.422s][info][gc,ergo     ] GC(120) Pacer for Mark. Expected Live: 12099K, Free: 1870M, Non-Taxable: 187M, Alloc Tax Rate: 0.0x
[2.422s][info][gc          ] GC(120) Pause Init Mark (unload classes) 0.051ms
[2.422s][info][gc,start    ] GC(120) Concurrent marking roots
[2.422s][info][gc,task     ] GC(120) Using 2 of 8 workers for concurrent marking roots
[2.422s][info][gc          ] GC(120) Concurrent marking roots 0.134ms
[2.422s][info][gc,start    ] GC(120) Concurrent marking (unload classes)
[2.422s][info][gc,task     ] GC(120) Using 2 of 8 workers for concurrent marking
[2.431s][info][gc          ] GC(120) Concurrent marking (unload classes) 9.680ms
[2.432s][info][gc,start    ] GC(120) Pause Final Mark (unload classes)
[2.432s][info][gc,task     ] GC(120) Using 8 of 8 workers for final marking
[2.441s][info][gc,ergo     ] GC(120) Collectable Garbage: 1948K (100%), Immediate: 0B (0%), CSet: 1948K (100%)
[2.441s][info][gc,ergo     ] GC(120) Pacer for Evacuation. Used CSet: 12251K, Free: 1870M, Non-Taxable: 187M, Alloc Tax Rate: 1.1x
[2.441s][info][gc          ] GC(120) Pause Final Mark (unload classes) 9.674ms
[2.441s][info][gc,start    ] GC(120) Concurrent thread roots
[2.441s][info][gc,task     ] GC(120) Using 2 of 8 workers for Concurrent thread roots
[2.441s][info][gc          ] GC(120) Concurrent thread roots 0.091ms
[2.441s][info][gc,start    ] GC(120) Concurrent weak references
[2.441s][info][gc,task     ] GC(120) Using 2 of 8 workers for concurrent weak references
[2.441s][info][gc,ref      ] GC(120) Encountered references: Soft: 3643, Weak: 1234, Final: 4, Phantom: 582
[2.441s][info][gc,ref      ] GC(120) Discovered  references: Soft: 0, Weak: 469, Final: 0, Phantom: 580
[2.441s][info][gc,ref      ] GC(120) Enqueued    references: Soft: 0, Weak: 0, Final: 0, Phantom: 0
[2.441s][info][gc          ] GC(120) Concurrent weak references 0.135ms
[2.441s][info][gc,start    ] GC(120) Concurrent weak roots
[2.441s][info][gc,task     ] GC(120) Using 2 of 8 workers for concurrent weak root
[2.446s][info][gc          ] GC(120) Concurrent weak roots 4.541ms
[2.446s][info][gc,start    ] GC(120) Concurrent cleanup
[2.446s][info][gc          ] GC(120) Concurrent cleanup 15M->15M(148M) 0.078ms
[2.446s][info][gc,ergo     ] GC(120) Free: 1869M, Max: 512K regular, 1869M humongous, Frag: 0% external, 0% internal; Reserve: 101359K, Max: 512K
[2.446s][info][gc,start    ] GC(120) Concurrent class unloading
[2.446s][info][gc,task     ] GC(120) Using 2 of 8 workers for concurrent class unloading
[2.447s][info][gc          ] GC(120) Concurrent class unloading 0.997ms
[2.447s][info][gc,start    ] GC(120) Concurrent strong roots
[2.447s][info][gc,task     ] GC(120) Using 2 of 8 workers for concurrent strong root
[2.447s][info][gc          ] GC(120) Concurrent strong roots 0.214ms
[2.447s][info][gc,start    ] GC(120) Concurrent evacuation
[2.447s][info][gc,task     ] GC(120) Using 2 of 8 workers for concurrent evacuation
[2.450s][info][gc          ] GC(120) Concurrent evacuation 2.138ms
[2.450s][info][gc,start    ] GC(120) Pause Init Update Refs
[2.450s][info][gc,ergo     ] GC(120) Pacer for Update Refs. Used: 26414K, Free: 1869M, Non-Taxable: 186M, Alloc Tax Rate: 1.1x
[2.450s][info][gc          ] GC(120) Pause Init Update Refs 0.028ms
[2.450s][info][gc,start    ] GC(120) Concurrent update references
[2.450s][info][gc,task     ] GC(120) Using 2 of 8 workers for concurrent reference update
[2.452s][info][gc          ] GC(120) Concurrent update references 2.337ms
[2.452s][info][gc,start    ] GC(120) Concurrent update thread roots
[2.454s][info][gc          ] GC(120) Concurrent update thread roots 2.090ms
[2.454s][info][gc,start    ] GC(120) Pause Final Update Refs
[2.454s][info][gc,task     ] GC(120) Using 8 of 8 workers for final reference update
[2.454s][info][gc          ] GC(120) Pause Final Update Refs 0.056ms
[2.454s][info][gc,start    ] GC(120) Concurrent cleanup
[2.454s][info][gc          ] GC(120) Concurrent cleanup 25M->13M(148M) 0.054ms
[2.454s][info][gc,ergo     ] Free: 1870M, Max: 512K regular, 1870M humongous, Frag: 1% external, 0% internal; Reserve: 101888K, Max: 512K
[2.454s][info][gc,stats    ] 
[2.454s][info][gc,stats    ] All times are wall-clock times, except per-root-class counters, that are sum over
[2.454s][info][gc,stats    ] all workers. Dividing the <total> over the root stage time estimates parallelism.
[2.454s][info][gc,stats    ] 
[2.454s][info][gc,stats    ] Concurrent Reset                    388 us
[2.454s][info][gc,stats    ] Pause Init Mark (G)                3224 us
[2.454s][info][gc,stats    ] Pause Init Mark (N)                  59 us
[2.454s][info][gc,stats    ]   Update Region States               15 us
[2.454s][info][gc,stats    ] Concurrent Mark Roots               145 us, parallelism: 1.27x
[2.454s][info][gc,stats    ]   CMR: <total>                      184 us
[2.454s][info][gc,stats    ]   CMR: Thread Roots                 116 us, workers (us):  28,  88, ---, ---, ---, ---, ---, ---, 
[2.454s][info][gc,stats    ]   CMR: VM Strong Roots                6 us, workers (us):   3,   3, ---, ---, ---, ---, ---, ---, 
[2.455s][info][gc,stats    ]   CMR: CLDG Roots                    62 us, workers (us):  62, ---, ---, ---, ---, ---, ---, ---, 
[2.455s][info][gc,stats    ] Concurrent Marking                 9703 us
[2.455s][info][gc,stats    ] Pause Final Mark (G)               9779 us
[2.455s][info][gc,stats    ] Pause Final Mark (N)               9683 us
[2.455s][info][gc,stats    ]   Finish Mark                      9536 us
[2.455s][info][gc,stats    ]   Update Region States               24 us
[2.455s][info][gc,stats    ]   Choose Collection Set              58 us
[2.455s][info][gc,stats    ]   Rebuild Free Set                   17 us
[2.455s][info][gc,stats    ] Concurrent Thread Roots             101 us, parallelism: 0.92x
[2.455s][info][gc,stats    ]   CTR: <total>                       93 us
[2.455s][info][gc,stats    ]   CTR: Thread Roots                  93 us, workers (us):  44,  48, ---, ---, ---, ---, ---, ---, 
[2.455s][info][gc,stats    ] Concurrent Weak References          142 us, parallelism: 0.64x
[2.455s][info][gc,stats    ]   CWRF: <total>                      91 us
[2.455s][info][gc,stats    ]   CWRF: Weak References              91 us, workers (us):  87,   4, ---, ---, ---, ---, ---, ---, 
[2.455s][info][gc,stats    ] Concurrent Weak Roots              4566 us
[2.455s][info][gc,stats    ]   Roots                             722 us, parallelism: 1.25x
[2.455s][info][gc,stats    ]     CWR: <total>                    901 us
[2.455s][info][gc,stats    ]     CWR: Code Cache Roots           466 us, workers (us): 239, 228, ---, ---, ---, ---, ---, ---, 
[2.455s][info][gc,stats    ]     CWR: VM Weak Roots              429 us, workers (us): 213, 216, ---, ---, ---, ---, ---, ---, 
[2.455s][info][gc,stats    ]     CWR: CLDG Roots                   6 us, workers (us):   6, ---, ---, ---, ---, ---, ---, ---, 
[2.455s][info][gc,stats    ]   Rendezvous                       3802 us
[2.455s][info][gc,stats    ] Concurrent Cleanup                   88 us
[2.455s][info][gc,stats    ] Concurrent Class Unloading         1018 us
[2.455s][info][gc,stats    ]   Unlink Stale                      877 us
[2.455s][info][gc,stats    ]     System Dictionary                35 us
[2.455s][info][gc,stats    ]     Weak Class Links                  0 us
[2.455s][info][gc,stats    ]     Code Roots                      841 us
[2.455s][info][gc,stats    ]   Rendezvous                         98 us
[2.455s][info][gc,stats    ]   Purge Unlinked                      3 us
[2.455s][info][gc,stats    ]     Code Roots                        1 us
[2.455s][info][gc,stats    ]     CLDG                              2 us
[2.455s][info][gc,stats    ]     Exception Caches                  0 us
[2.455s][info][gc,stats    ] Concurrent Strong Roots             248 us, parallelism: 0.72x
[2.455s][info][gc,stats    ]   CSR: <total>                      179 us
[2.455s][info][gc,stats    ]   CSR: VM Strong Roots               11 us, workers (us):   9,   2, ---, ---, ---, ---, ---, ---, 
[2.455s][info][gc,stats    ]   CSR: CLDG Roots                   168 us, workers (us): ---, 168, ---, ---, ---, ---, ---, ---, 
[2.455s][info][gc,stats    ] Concurrent Evacuation              2159 us
[2.455s][info][gc,stats    ] Pause Init Update Refs (G)          120 us
[2.455s][info][gc,stats    ] Pause Init Update Refs (N)           34 us
[2.455s][info][gc,stats    ]   Manage GCLABs                       4 us
[2.455s][info][gc,stats    ] Concurrent Update Refs             2357 us
[2.455s][info][gc,stats    ] Concurrent Update Thread Roots     2110 us
[2.455s][info][gc,stats    ] Pause Final Update Refs (G)         103 us
[2.455s][info][gc,stats    ] Pause Final Update Refs (N)          65 us
[2.455s][info][gc,stats    ]   Update Region States               16 us
[2.455s][info][gc,stats    ]   Trash Collection Set                3 us
[2.455s][info][gc,stats    ]   Rebuild Free Set                   16 us
[2.455s][info][gc,stats    ] Concurrent Cleanup                   85 us
[2.455s][info][gc,stats    ] 
[2.455s][info][gc,stats    ] Allocation pacing accrued:
[2.455s][info][gc,stats    ]       0 of    38 ms (  0.0%): <total>
[2.455s][info][gc,stats    ]       0 of    38 ms (  0.0%): <average total>
[2.455s][info][gc,stats    ] 
[2.455s][info][gc,metaspace] Metaspace: 10782K(11072K)->10814K(11072K) NonClass: 9696K(9856K)->9727K(9856K) Class: 1086K(1216K)->1087K(1216K)
[2.455s][info][gc,ergo     ] Pacer for Idle. Initial: 40642K, Alloc Tax Rate: 1.0x
[2.456s][info][gc          ] Trigger: Start next cycle immediately
[2.456s][info][gc,ergo     ] Free: 1870M, Max: 512K regular, 1870M humongous, Frag: 1% external, 0% internal; Reserve: 101888K, Max: 512K
[2.456s][info][gc,start    ] GC(121) Concurrent reset
[2.456s][info][gc,task     ] GC(121) Using 2 of 8 workers for concurrent reset
[2.456s][info][gc,ergo     ] GC(121) Pacer for Reset. Non-Taxable: 1984M
[2.456s][info][gc          ] GC(121) Concurrent reset 0.207ms
[2.457s][info][gc,start    ] GC(121) Pause Init Mark
[2.457s][info][gc,task     ] GC(121) Using 8 of 8 workers for init marking
[2.457s][info][gc,ergo     ] GC(121) Pacer for Mark. Expected Live: 12122K, Free: 1870M, Non-Taxable: 187M, Alloc Tax Rate: 0.0x
[2.457s][info][gc          ] GC(121) Pause Init Mark 0.055ms
[2.457s][info][gc,start    ] GC(121) Concurrent marking roots
[2.457s][info][gc,task     ] GC(121) Using 2 of 8 workers for concurrent marking roots
[2.457s][info][gc          ] GC(121) Concurrent marking roots 0.468ms
[2.457s][info][gc,start    ] GC(121) Concurrent marking
[2.457s][info][gc,task     ] GC(121) Using 2 of 8 workers for concurrent marking
[2.462s][info][gc          ] GC(121) Concurrent marking 4.623ms
[2.462s][info][gc,start    ] GC(121) Pause Final Mark
[2.462s][info][gc,task     ] GC(121) Using 8 of 8 workers for final marking
[2.462s][info][gc,ergo     ] GC(121) Collectable Garbage: 1994K (100%), Immediate: 0B (0%), CSet: 1994K (100%)
[2.462s][info][gc,ergo     ] GC(121) Pacer for Evacuation. Used CSet: 12288K, Free: 1870M, Non-Taxable: 187M, Alloc Tax Rate: 1.1x
[2.462s][info][gc          ] GC(121) Pause Final Mark 0.215ms
[2.462s][info][gc,start    ] GC(121) Concurrent thread roots
[2.462s][info][gc,task     ] GC(121) Using 2 of 8 workers for Concurrent thread roots
[2.462s][info][gc          ] GC(121) Concurrent thread roots 0.059ms
[2.462s][info][gc,start    ] GC(121) Concurrent weak references
[2.462s][info][gc,task     ] GC(121) Using 2 of 8 workers for concurrent weak references
[2.463s][info][gc,ref      ] GC(121) Encountered references: Soft: 3644, Weak: 1239, Final: 4, Phantom: 582
[2.463s][info][gc,ref      ] GC(121) Discovered  references: Soft: 0, Weak: 507, Final: 1, Phantom: 578
[2.463s][info][gc,ref      ] GC(121) Enqueued    references: Soft: 0, Weak: 4, Final: 0, Phantom: 0
[2.463s][info][gc          ] GC(121) Concurrent weak references 0.097ms
[2.463s][info][gc,start    ] GC(121) Concurrent weak roots
[2.463s][info][gc,task     ] GC(121) Using 2 of 8 workers for concurrent weak root
[2.463s][info][gc          ] GC(121) Concurrent weak roots 0.285ms
[2.463s][info][gc,start    ] GC(121) Concurrent cleanup
[2.463s][info][gc          ] GC(121) Concurrent cleanup 14M->14M(148M) 0.057ms
[2.463s][info][gc,ergo     ] GC(121) Free: 1870M, Max: 512K regular, 1870M humongous, Frag: 0% external, 0% internal; Reserve: 101400K, Max: 512K
[2.463s][info][gc,start    ] GC(121) Concurrent strong roots
[2.463s][info][gc,task     ] GC(121) Using 2 of 8 workers for concurrent strong root
[2.463s][info][gc          ] GC(121) Concurrent strong roots 0.466ms
[2.463s][info][gc,start    ] GC(121) Concurrent evacuation
[2.463s][info][gc,task     ] GC(121) Using 2 of 8 workers for concurrent evacuation
[2.465s][info][gc          ] GC(121) Concurrent evacuation 2.018ms
[2.466s][info][gc,start    ] GC(121) Pause Init Update Refs
[2.466s][info][gc,ergo     ] GC(121) Pacer for Update Refs. Used: 26444K, Free: 1869M, Non-Taxable: 186M, Alloc Tax Rate: 1.1x
[2.466s][info][gc          ] GC(121) Pause Init Update Refs 0.030ms
[2.466s][info][gc,start    ] GC(121) Concurrent update references
[2.466s][info][gc,task     ] GC(121) Using 2 of 8 workers for concurrent reference update
[2.468s][info][gc          ] GC(121) Concurrent update references 2.168ms
[2.468s][info][gc,start    ] GC(121) Concurrent update thread roots
[2.468s][info][gc          ] GC(121) Concurrent update thread roots 0.213ms
[2.468s][info][gc,start    ] GC(121) Pause Final Update Refs
[2.468s][info][gc,task     ] GC(121) Using 8 of 8 workers for final reference update
[2.468s][info][gc          ] GC(121) Pause Final Update Refs 0.054ms
[2.468s][info][gc,start    ] GC(121) Concurrent cleanup
[2.468s][info][gc          ] GC(121) Concurrent cleanup 25M->13M(148M) 0.054ms
[2.468s][info][gc,ergo     ] Free: 1870M, Max: 512K regular, 1869M humongous, Frag: 1% external, 0% internal; Reserve: 101888K, Max: 512K
[2.468s][info][gc,stats    ] 
[2.468s][info][gc,stats    ] All times are wall-clock times, except per-root-class counters, that are sum over
[2.468s][info][gc,stats    ] all workers. Dividing the <total> over the root stage time estimates parallelism.
[2.468s][info][gc,stats    ] 
[2.468s][info][gc,stats    ] Concurrent Reset                    216 us
[2.468s][info][gc,stats    ] Pause Init Mark (G)                 682 us
[2.468s][info][gc,stats    ] Pause Init Mark (N)                  62 us
[2.468s][info][gc,stats    ]   Update Region States               17 us
[2.468s][info][gc,stats    ] Concurrent Mark Roots               486 us, parallelism: 1.72x
[2.468s][info][gc,stats    ]   CMR: <total>                      836 us
[2.468s][info][gc,stats    ]   CMR: Thread Roots                  99 us, workers (us):  87,  11, ---, ---, ---, ---, ---, ---, 
[2.468s][info][gc,stats    ]   CMR: Code Cache Roots             635 us, workers (us): 233, 402, ---, ---, ---, ---, ---, ---, 
[2.468s][info][gc,stats    ]   CMR: VM Strong Roots                6 us, workers (us):   4,   2, ---, ---, ---, ---, ---, ---, 
[2.468s][info][gc,stats    ]   CMR: CLDG Roots                    96 us, workers (us):  96, ---, ---, ---, ---, ---, ---, ---, 
[2.468s][info][gc,stats    ] Concurrent Marking                 4644 us
[2.468s][info][gc,stats    ] Pause Final Mark (G)                313 us
[2.468s][info][gc,stats    ] Pause Final Mark (N)                224 us
[2.468s][info][gc,stats    ]   Finish Mark                       109 us
[2.468s][info][gc,stats    ]   Update Region States               14 us
[2.468s][info][gc,stats    ]   Choose Collection Set              44 us
[2.468s][info][gc,stats    ]   Rebuild Free Set                   16 us
[2.468s][info][gc,stats    ] Concurrent Thread Roots              68 us, parallelism: 0.80x
[2.468s][info][gc,stats    ]   CTR: <total>                       55 us
[2.468s][info][gc,stats    ]   CTR: Thread Roots                  55 us, workers (us):  26,  28, ---, ---, ---, ---, ---, ---, 
[2.468s][info][gc,stats    ] Concurrent Weak References          104 us, parallelism: 0.76x
[2.468s][info][gc,stats    ]   CWRF: <total>                      79 us
[2.468s][info][gc,stats    ]   CWRF: Weak References              79 us, workers (us):  47,  32, ---, ---, ---, ---, ---, ---, 
[2.468s][info][gc,stats    ] Concurrent Weak Roots               296 us
[2.468s][info][gc,stats    ]   Roots                             235 us, parallelism: 1.84x
[2.468s][info][gc,stats    ]     CWR: <total>                    431 us
[2.468s][info][gc,stats    ]     CWR: VM Weak Roots              431 us, workers (us): 218, 214, ---, ---, ---, ---, ---, ---, 
[2.468s][info][gc,stats    ]   Rendezvous                         35 us
[2.469s][info][gc,stats    ] Concurrent Cleanup                   65 us
[2.469s][info][gc,stats    ] Concurrent Strong Roots             484 us, parallelism: 1.66x
[2.469s][info][gc,stats    ]   CSR: <total>                      802 us
[2.469s][info][gc,stats    ]   CSR: Code Cache Roots             638 us, workers (us): 223, 415, ---, ---, ---, ---, ---, ---, 
[2.469s][info][gc,stats    ]   CSR: VM Strong Roots               10 us, workers (us):   9,   0, ---, ---, ---, ---, ---, ---, 
[2.469s][info][gc,stats    ]   CSR: CLDG Roots                   155 us, workers (us): 155, ---, ---, ---, ---, ---, ---, ---, 
[2.469s][info][gc,stats    ] Concurrent Evacuation              2044 us
[2.469s][info][gc,stats    ] Pause Init Update Refs (G)           75 us
[2.469s][info][gc,stats    ] Pause Init Update Refs (N)           40 us
[2.469s][info][gc,stats    ]   Manage GCLABs                       4 us
[2.469s][info][gc,stats    ] Concurrent Update Refs             2191 us
[2.469s][info][gc,stats    ] Concurrent Update Thread Roots      228 us
[2.469s][info][gc,stats    ] Pause Final Update Refs (G)         155 us
[2.469s][info][gc,stats    ] Pause Final Update Refs (N)          63 us
[2.469s][info][gc,stats    ]   Update Region States               13 us
[2.469s][info][gc,stats    ]   Trash Collection Set                3 us
[2.469s][info][gc,stats    ]   Rebuild Free Set                   16 us
[2.470s][info][gc,stats    ] Concurrent Cleanup                   62 us
[2.470s][info][gc,stats    ] 
[2.470s][info][gc,stats    ] Allocation pacing accrued:
[2.470s][info][gc,stats    ]       0 of    15 ms (  0.0%): <total>
[2.470s][info][gc,stats    ]       0 of    15 ms (  0.0%): <average total>
[2.470s][info][gc,stats    ] 
[2.470s][info][gc,metaspace] Metaspace: 10819K(11072K)->10857K(11072K) NonClass: 9732K(9856K)->9766K(9856K) Class: 1087K(1216K)->1091K(1216K)
[2.470s][info][gc,ergo     ] Pacer for Idle. Initial: 40642K, Alloc Tax Rate: 1.0x
[2.471s][info][gc          ] Trigger: Start next cycle immediately
[2.471s][info][gc,ergo     ] Free: 1870M, Max: 512K regular, 1869M humongous, Frag: 1% external, 0% internal; Reserve: 101888K, Max: 512K
[2.471s][info][gc,start    ] GC(122) Concurrent reset
[2.471s][info][gc,task     ] GC(122) Using 2 of 8 workers for concurrent reset
[2.471s][info][gc,ergo     ] GC(122) Pacer for Reset. Non-Taxable: 1984M
[2.471s][info][gc          ] GC(122) Concurrent reset 0.225ms
[2.471s][info][gc,start    ] GC(122) Pause Init Mark
[2.471s][info][gc,task     ] GC(122) Using 8 of 8 workers for init marking
[2.471s][info][gc,ergo     ] GC(122) Pacer for Mark. Expected Live: 12141K, Free: 1870M, Non-Taxable: 187M, Alloc Tax Rate: 0.0x
[2.471s][info][gc          ] GC(122) Pause Init Mark 0.039ms
[2.471s][info][gc,start    ] GC(122) Concurrent marking roots
[2.471s][info][gc,task     ] GC(122) Using 2 of 8 workers for concurrent marking roots
[2.472s][info][gc          ] GC(122) Concurrent marking roots 0.453ms
[2.472s][info][gc,start    ] GC(122) Concurrent marking
[2.472s][info][gc,task     ] GC(122) Using 2 of 8 workers for concurrent marking
[2.486s][info][gc          ] GC(122) Concurrent marking 14.349ms
[2.486s][info][gc,start    ] GC(122) Pause Final Mark
[2.486s][info][gc,task     ] GC(122) Using 8 of 8 workers for final marking
[2.487s][info][gc,ergo     ] GC(122) Collectable Garbage: 1949K (100%), Immediate: 0B (0%), CSet: 1949K (100%)
[2.487s][info][gc,ergo     ] GC(122) Pacer for Evacuation. Used CSet: 12285K, Free: 1870M, Non-Taxable: 187M, Alloc Tax Rate: 1.1x
[2.487s][info][gc          ] GC(122) Pause Final Mark 0.233ms
[2.487s][info][gc,start    ] GC(122) Concurrent thread roots
[2.487s][info][gc,task     ] GC(122) Using 2 of 8 workers for Concurrent thread roots
[2.487s][info][gc          ] GC(122) Concurrent thread roots 0.062ms
[2.487s][info][gc,start    ] GC(122) Concurrent weak references
[2.487s][info][gc,task     ] GC(122) Using 2 of 8 workers for concurrent weak references
[2.487s][info][gc,ref      ] GC(122) Encountered references: Soft: 3646, Weak: 1237, Final: 4, Phantom: 582
[2.487s][info][gc,ref      ] GC(122) Discovered  references: Soft: 0, Weak: 387, Final: 1, Phantom: 579
[2.487s][info][gc,ref      ] GC(122) Enqueued    references: Soft: 0, Weak: 1, Final: 0, Phantom: 0
[2.487s][info][gc          ] GC(122) Concurrent weak references 0.135ms
[2.487s][info][gc,start    ] GC(122) Concurrent weak roots
[2.487s][info][gc,task     ] GC(122) Using 2 of 8 workers for concurrent weak root
[2.491s][info][gc          ] GC(122) Concurrent weak roots 3.721ms
[2.491s][info][gc,start    ] GC(122) Concurrent cleanup
[2.491s][info][gc          ] GC(122) Concurrent cleanup 15M->15M(148M) 0.079ms
[2.491s][info][gc,ergo     ] GC(122) Free: 1869M, Max: 512K regular, 1869M humongous, Frag: 0% external, 0% internal; Reserve: 101319K, Max: 512K
[2.491s][info][gc,start    ] GC(122) Concurrent strong roots
[2.491s][info][gc,task     ] GC(122) Using 2 of 8 workers for concurrent strong root
[2.492s][info][gc          ] GC(122) Concurrent strong roots 0.916ms
[2.492s][info][gc,start    ] GC(122) Concurrent evacuation
[2.492s][info][gc,task     ] GC(122) Using 2 of 8 workers for concurrent evacuation
[2.494s][info][gc          ] GC(122) Concurrent evacuation 2.166ms
[2.494s][info][gc,start    ] GC(122) Pause Init Update Refs
[2.494s][info][gc,ergo     ] GC(122) Pacer for Update Refs. Used: 27726K, Free: 1869M, Non-Taxable: 186M, Alloc Tax Rate: 1.1x
[2.494s][info][gc          ] GC(122) Pause Init Update Refs 0.023ms
[2.494s][info][gc,start    ] GC(122) Concurrent update references
[2.494s][info][gc,task     ] GC(122) Using 2 of 8 workers for concurrent reference update
[2.496s][info][gc          ] GC(122) Concurrent update references 2.525ms
[2.496s][info][gc,start    ] GC(122) Concurrent update thread roots
[2.499s][info][gc          ] GC(122) Concurrent update thread roots 2.162ms
[2.499s][info][gc,start    ] GC(122) Pause Final Update Refs
[2.499s][info][gc,task     ] GC(122) Using 8 of 8 workers for final reference update
[2.499s][info][gc          ] GC(122) Pause Final Update Refs 0.068ms
[2.499s][info][gc,start    ] GC(122) Concurrent cleanup
[2.499s][info][gc          ] GC(122) Concurrent cleanup 27M->15M(148M) 0.053ms
[2.499s][info][gc,ergo     ] Free: 1869M, Max: 512K regular, 1868M humongous, Frag: 1% external, 0% internal; Reserve: 101888K, Max: 512K
[2.499s][info][gc,stats    ] 
[2.499s][info][gc,stats    ] All times are wall-clock times, except per-root-class counters, that are sum over
[2.499s][info][gc,stats    ] all workers. Dividing the <total> over the root stage time estimates parallelism.
[2.499s][info][gc,stats    ] 
[2.499s][info][gc,stats    ] Concurrent Reset                    236 us
[2.499s][info][gc,stats    ] Pause Init Mark (G)                  68 us
[2.499s][info][gc,stats    ] Pause Init Mark (N)                  46 us
[2.499s][info][gc,stats    ]   Update Region States               10 us
[2.499s][info][gc,stats    ] Concurrent Mark Roots               469 us, parallelism: 1.62x
[2.499s][info][gc,stats    ]   CMR: <total>                      762 us
[2.499s][info][gc,stats    ]   CMR: Thread Roots                  39 us, workers (us):   0,  39, ---, ---, ---, ---, ---, ---, 
[2.499s][info][gc,stats    ]   CMR: Code Cache Roots             637 us, workers (us): 300, 337, ---, ---, ---, ---, ---, ---, 
[2.499s][info][gc,stats    ]   CMR: VM Strong Roots                5 us, workers (us):   4,   0, ---, ---, ---, ---, ---, ---, 
[2.499s][info][gc,stats    ]   CMR: CLDG Roots                    81 us, workers (us):  81, ---, ---, ---, ---, ---, ---, ---, 
[2.499s][info][gc,stats    ] Concurrent Marking                14375 us
[2.499s][info][gc,stats    ] Pause Final Mark (G)                330 us
[2.499s][info][gc,stats    ] Pause Final Mark (N)                241 us
[2.499s][info][gc,stats    ]   Finish Mark                       128 us
[2.499s][info][gc,stats    ]   Update Region States               21 us
[2.499s][info][gc,stats    ]   Choose Collection Set              37 us
[2.499s][info][gc,stats    ]   Rebuild Free Set                   15 us
[2.499s][info][gc,stats    ] Concurrent Thread Roots              72 us, parallelism: 0.85x
[2.499s][info][gc,stats    ]   CTR: <total>                       61 us
[2.499s][info][gc,stats    ]   CTR: Thread Roots                  61 us, workers (us):  28,  33, ---, ---, ---, ---, ---, ---, 
[2.499s][info][gc,stats    ] Concurrent Weak References          142 us, parallelism: 0.59x
[2.499s][info][gc,stats    ]   CWRF: <total>                      83 us
[2.499s][info][gc,stats    ]   CWRF: Weak References              83 us, workers (us):  10,  73, ---, ---, ---, ---, ---, ---, 
[2.499s][info][gc,stats    ] Concurrent Weak Roots              3745 us
[2.499s][info][gc,stats    ]   Roots                             471 us, parallelism: 0.88x
[2.499s][info][gc,stats    ]     CWR: <total>                    416 us
[2.499s][info][gc,stats    ]     CWR: VM Weak Roots              416 us, workers (us): 415,   0, ---, ---, ---, ---, ---, ---, 
[2.499s][info][gc,stats    ]   Rendezvous                       3233 us
[2.499s][info][gc,stats    ] Concurrent Cleanup                   88 us
[2.499s][info][gc,stats    ] Concurrent Strong Roots             936 us, parallelism: 0.93x
[2.499s][info][gc,stats    ]   CSR: <total>                      874 us
[2.499s][info][gc,stats    ]   CSR: Code Cache Roots             702 us, workers (us): 702,   0, ---, ---, ---, ---, ---, ---, 
[2.499s][info][gc,stats    ]   CSR: VM Strong Roots                9 us, workers (us):   9,   0, ---, ---, ---, ---, ---, ---, 
[2.499s][info][gc,stats    ]   CSR: CLDG Roots                   163 us, workers (us): 163, ---, ---, ---, ---, ---, ---, ---, 
[2.499s][info][gc,stats    ] Concurrent Evacuation              2187 us
[2.499s][info][gc,stats    ] Pause Init Update Refs (G)           52 us
[2.499s][info][gc,stats    ] Pause Init Update Refs (N)           31 us
[2.499s][info][gc,stats    ]   Manage GCLABs                       3 us
[2.499s][info][gc,stats    ] Concurrent Update Refs             2547 us
[2.499s][info][gc,stats    ] Concurrent Update Thread Roots     2184 us
[2.499s][info][gc,stats    ] Pause Final Update Refs (G)         161 us
[2.499s][info][gc,stats    ] Pause Final Update Refs (N)          77 us
[2.499s][info][gc,stats    ]   Update Region States               19 us
[2.499s][info][gc,stats    ]   Trash Collection Set                3 us
[2.499s][info][gc,stats    ]   Rebuild Free Set                   16 us
[2.499s][info][gc,stats    ] Concurrent Cleanup                   61 us
[2.499s][info][gc,stats    ] 
[2.499s][info][gc,stats    ] Allocation pacing accrued:
[2.499s][info][gc,stats    ]       0 of    29 ms (  0.0%): <total>
[2.499s][info][gc,stats    ]       0 of    29 ms (  0.0%): <average total>
[2.499s][info][gc,stats    ] 
[2.499s][info][gc,metaspace] Metaspace: 10872K(11136K)->10932K(11136K) NonClass: 9778K(9920K)->9833K(9920K) Class: 1093K(1216K)->1099K(1216K)
[2.499s][info][gc,ergo     ] Pacer for Idle. Initial: 40642K, Alloc Tax Rate: 1.0x
[2.500s][info][gc          ] Trigger: Start next cycle immediately
[2.500s][info][gc,ergo     ] Free: 1869M, Max: 512K regular, 1868M humongous, Frag: 1% external, 0% internal; Reserve: 101888K, Max: 512K
[2.500s][info][gc,start    ] GC(123) Concurrent reset
[2.500s][info][gc,task     ] GC(123) Using 2 of 8 workers for concurrent reset
[2.500s][info][gc,ergo     ] GC(123) Pacer for Reset. Non-Taxable: 1984M
[2.501s][info][gc          ] GC(123) Concurrent reset 0.204ms
[2.501s][info][gc,start    ] GC(123) Pause Init Mark
[2.501s][info][gc,task     ] GC(123) Using 8 of 8 workers for init marking
[2.501s][info][gc,ergo     ] GC(123) Pacer for Mark. Expected Live: 12163K, Free: 1869M, Non-Taxable: 186M, Alloc Tax Rate: 0.0x
[2.501s][info][gc          ] GC(123) Pause Init Mark 0.042ms
[2.501s][info][gc,start    ] GC(123) Concurrent marking roots
[2.501s][info][gc,task     ] GC(123) Using 2 of 8 workers for concurrent marking roots
[2.502s][info][gc          ] GC(123) Concurrent marking roots 0.932ms
[2.502s][info][gc,start    ] GC(123) Concurrent marking
[2.502s][info][gc,task     ] GC(123) Using 2 of 8 workers for concurrent marking
[2.507s][info][gc          ] GC(123) Concurrent marking 5.010ms
[2.507s][info][gc,start    ] GC(123) Pause Final Mark
[2.507s][info][gc,task     ] GC(123) Using 8 of 8 workers for final marking
[2.508s][info][gc,ergo     ] GC(123) Collectable Garbage: 3177K (100%), Immediate: 0B (0%), CSet: 3177K (100%)
[2.508s][info][gc,ergo     ] GC(123) Pacer for Evacuation. Used CSet: 13570K, Free: 1868M, Non-Taxable: 186M, Alloc Tax Rate: 1.1x
[2.508s][info][gc          ] GC(123) Pause Final Mark 0.670ms
[2.508s][info][gc,start    ] GC(123) Concurrent thread roots
[2.508s][info][gc,task     ] GC(123) Using 2 of 8 workers for Concurrent thread roots
[2.508s][info][gc          ] GC(123) Concurrent thread roots 0.091ms
[2.508s][info][gc,start    ] GC(123) Concurrent weak references
[2.508s][info][gc,task     ] GC(123) Using 2 of 8 workers for concurrent weak references
[2.508s][info][gc,ref      ] GC(123) Encountered references: Soft: 3650, Weak: 1242, Final: 4, Phantom: 584
[2.508s][info][gc,ref      ] GC(123) Discovered  references: Soft: 0, Weak: 417, Final: 0, Phantom: 198
[2.508s][info][gc,ref      ] GC(123) Enqueued    references: Soft: 0, Weak: 3, Final: 0, Phantom: 2
[2.508s][info][gc          ] GC(123) Concurrent weak references 0.097ms
[2.508s][info][gc,start    ] GC(123) Concurrent weak roots
[2.508s][info][gc,task     ] GC(123) Using 2 of 8 workers for concurrent weak root
[2.508s][info][gc          ] GC(123) Concurrent weak roots 0.314ms
[2.508s][info][gc,start    ] GC(123) Concurrent cleanup
[2.508s][info][gc          ] GC(123) Concurrent cleanup 17M->17M(148M) 0.058ms
[2.508s][info][gc,ergo     ] GC(123) Free: 1867M, Max: 512K regular, 1867M humongous, Frag: 0% external, 0% internal; Reserve: 101422K, Max: 512K
[2.508s][info][gc,start    ] GC(123) Concurrent strong roots
[2.508s][info][gc,task     ] GC(123) Using 2 of 8 workers for concurrent strong root
[2.509s][info][gc          ] GC(123) Concurrent strong roots 1.104ms
[2.509s][info][gc,start    ] GC(123) Concurrent evacuation
[2.509s][info][gc,task     ] GC(123) Using 2 of 8 workers for concurrent evacuation
[2.514s][info][gc          ] GC(123) Concurrent evacuation 4.882ms
[2.514s][info][gc,start    ] GC(123) Pause Init Update Refs
[2.514s][info][gc,ergo     ] GC(123) Pacer for Update Refs. Used: 28752K, Free: 1867M, Non-Taxable: 186M, Alloc Tax Rate: 1.1x
[2.514s][info][gc          ] GC(123) Pause Init Update Refs 0.030ms
[2.514s][info][gc,start    ] GC(123) Concurrent update references
[2.514s][info][gc,task     ] GC(123) Using 2 of 8 workers for concurrent reference update
[2.517s][info][gc          ] GC(123) Concurrent update references 2.318ms
[2.517s][info][gc,start    ] GC(123) Concurrent update thread roots
[2.517s][info][gc          ] GC(123) Concurrent update thread roots 0.614ms
[2.517s][info][gc,start    ] GC(123) Pause Final Update Refs
[2.517s][info][gc,task     ] GC(123) Using 8 of 8 workers for final reference update
[2.517s][info][gc          ] GC(123) Pause Final Update Refs 0.052ms
[2.517s][info][gc,start    ] GC(123) Concurrent cleanup
[2.518s][info][gc          ] GC(123) Concurrent cleanup 28M->14M(149M) 0.053ms
[2.518s][info][gc,ergo     ] Free: 1869M, Max: 512K regular, 1868M humongous, Frag: 1% external, 0% internal; Reserve: 101888K, Max: 512K
[2.518s][info][gc,stats    ] 
[2.518s][info][gc,stats    ] All times are wall-clock times, except per-root-class counters, that are sum over
[2.518s][info][gc,stats    ] all workers. Dividing the <total> over the root stage time estimates parallelism.
[2.518s][info][gc,stats    ] 
[2.518s][info][gc,stats    ] Concurrent Reset                    213 us
[2.518s][info][gc,stats    ] Pause Init Mark (G)                 144 us
[2.518s][info][gc,stats    ] Pause Init Mark (N)                  50 us
[2.518s][info][gc,stats    ]   Update Region States               12 us
[2.518s][info][gc,stats    ] Concurrent Mark Roots               952 us, parallelism: 0.92x
[2.518s][info][gc,stats    ]   CMR: <total>                      880 us
[2.518s][info][gc,stats    ]   CMR: Thread Roots                  72 us, workers (us):  72,   0, ---, ---, ---, ---, ---, ---, 
[2.518s][info][gc,stats    ]   CMR: Code Cache Roots             699 us, workers (us): 699,   0, ---, ---, ---, ---, ---, ---, 
[2.518s][info][gc,stats    ]   CMR: VM Strong Roots                4 us, workers (us):   4,   0, ---, ---, ---, ---, ---, ---, 
[2.518s][info][gc,stats    ]   CMR: CLDG Roots                   105 us, workers (us): 105, ---, ---, ---, ---, ---, ---, ---, 
[2.518s][info][gc,stats    ] Concurrent Marking                 5048 us
[2.518s][info][gc,stats    ] Pause Final Mark (G)                789 us
[2.518s][info][gc,stats    ] Pause Final Mark (N)                678 us
[2.518s][info][gc,stats    ]   Finish Mark                       572 us
[2.518s][info][gc,stats    ]   Update Region States               16 us
[2.518s][info][gc,stats    ]   Choose Collection Set              33 us
[2.518s][info][gc,stats    ]   Rebuild Free Set                   15 us
[2.518s][info][gc,stats    ] Concurrent Thread Roots             100 us, parallelism: 0.85x
[2.518s][info][gc,stats    ]   CTR: <total>                       86 us
[2.518s][info][gc,stats    ]   CTR: Thread Roots                  86 us, workers (us):  47,  39, ---, ---, ---, ---, ---, ---, 
[2.518s][info][gc,stats    ] Concurrent Weak References          105 us, parallelism: 0.50x
[2.518s][info][gc,stats    ]   CWRF: <total>                      53 us
[2.518s][info][gc,stats    ]   CWRF: Weak References              53 us, workers (us):  45,   8, ---, ---, ---, ---, ---, ---, 
[2.518s][info][gc,stats    ] Concurrent Weak Roots               325 us
[2.518s][info][gc,stats    ]   Roots                             264 us, parallelism: 1.62x
[2.518s][info][gc,stats    ]     CWR: <total>                    429 us
[2.518s][info][gc,stats    ]     CWR: VM Weak Roots              429 us, workers (us): 235, 193, ---, ---, ---, ---, ---, ---, 
[2.518s][info][gc,stats    ]   Rendezvous                         34 us
[2.518s][info][gc,stats    ] Concurrent Cleanup                   66 us
[2.518s][info][gc,stats    ] Concurrent Strong Roots            1124 us, parallelism: 0.75x
[2.518s][info][gc,stats    ]   CSR: <total>                      845 us
[2.518s][info][gc,stats    ]   CSR: Code Cache Roots             683 us, workers (us): 683,   0, ---, ---, ---, ---, ---, ---, 
[2.518s][info][gc,stats    ]   CSR: VM Strong Roots                9 us, workers (us):   9,   0, ---, ---, ---, ---, ---, ---, 
[2.518s][info][gc,stats    ]   CSR: CLDG Roots                   153 us, workers (us): 153, ---, ---, ---, ---, ---, ---, ---, 
[2.518s][info][gc,stats    ] Concurrent Evacuation              4910 us
[2.518s][info][gc,stats    ] Pause Init Update Refs (G)          126 us
[2.518s][info][gc,stats    ] Pause Init Update Refs (N)           36 us
[2.518s][info][gc,stats    ]   Manage GCLABs                       3 us
[2.518s][info][gc,stats    ] Concurrent Update Refs             2338 us
[2.518s][info][gc,stats    ] Concurrent Update Thread Roots      629 us
[2.518s][info][gc,stats    ] Pause Final Update Refs (G)         145 us
[2.518s][info][gc,stats    ] Pause Final Update Refs (N)          60 us
[2.518s][info][gc,stats    ]   Update Region States               14 us
[2.518s][info][gc,stats    ]   Trash Collection Set                3 us
[2.518s][info][gc,stats    ]   Rebuild Free Set                   16 us
[2.518s][info][gc,stats    ] Concurrent Cleanup                   61 us
[2.518s][info][gc,stats    ] 
[2.518s][info][gc,stats    ] Allocation pacing accrued:
[2.518s][info][gc,stats    ]       0 of    19 ms (  0.0%): <total>
[2.518s][info][gc,stats    ]       0 of    19 ms (  0.0%): <average total>
[2.518s][info][gc,stats    ] 
[2.518s][info][gc,metaspace] Metaspace: 10932K(11136K)->10952K(11200K) NonClass: 9833K(9920K)->9853K(9984K) Class: 1099K(1216K)->1099K(1216K)
[2.518s][info][gc,ergo     ] Pacer for Idle. Initial: 40642K, Alloc Tax Rate: 1.0x
[2.519s][info][gc          ] Trigger: Start next cycle immediately
[2.519s][info][gc,ergo     ] Free: 1869M, Max: 512K regular, 1868M humongous, Frag: 1% external, 0% internal; Reserve: 101888K, Max: 512K
[2.519s][info][gc,start    ] GC(124) Concurrent reset
[2.519s][info][gc,task     ] GC(124) Using 2 of 8 workers for concurrent reset
[2.519s][info][gc,ergo     ] GC(124) Pacer for Reset. Non-Taxable: 1984M
[2.519s][info][gc          ] GC(124) Concurrent reset 0.212ms
[2.520s][info][gc,start    ] GC(124) Pause Init Mark
[2.520s][info][gc,task     ] GC(124) Using 8 of 8 workers for init marking
[2.520s][info][gc,ergo     ] GC(124) Pacer for Mark. Expected Live: 12191K, Free: 1869M, Non-Taxable: 186M, Alloc Tax Rate: 0.0x
[2.520s][info][gc          ] GC(124) Pause Init Mark 0.058ms
[2.520s][info][gc,start    ] GC(124) Concurrent marking roots
[2.520s][info][gc,task     ] GC(124) Using 2 of 8 workers for concurrent marking roots
[2.521s][info][gc          ] GC(124) Concurrent marking roots 0.633ms
[2.521s][info][gc,start    ] GC(124) Concurrent marking
[2.521s][info][gc,task     ] GC(124) Using 2 of 8 workers for concurrent marking
[2.524s][info][gc          ] GC(124) Concurrent marking 2.960ms
[2.524s][info][gc,start    ] GC(124) Pause Final Mark
[2.524s][info][gc,task     ] GC(124) Using 8 of 8 workers for final marking
[2.532s][info][gc,ergo     ] GC(124) Collectable Garbage: 2897K (100%), Immediate: 0B (0%), CSet: 2897K (100%)
[2.533s][info][gc,ergo     ] GC(124) Pacer for Evacuation. Used CSet: 13312K, Free: 1869M, Non-Taxable: 186M, Alloc Tax Rate: 1.1x
[2.533s][info][gc          ] GC(124) Pause Final Mark 8.497ms
[2.533s][info][gc,start    ] GC(124) Concurrent thread roots
[2.533s][info][gc,task     ] GC(124) Using 2 of 8 workers for Concurrent thread roots
[2.533s][info][gc          ] GC(124) Concurrent thread roots 0.074ms
[2.533s][info][gc,start    ] GC(124) Concurrent weak references
[2.533s][info][gc,task     ] GC(124) Using 2 of 8 workers for concurrent weak references
[2.533s][info][gc,ref      ] GC(124) Encountered references: Soft: 3651, Weak: 1246, Final: 4, Phantom: 582
[2.533s][info][gc,ref      ] GC(124) Discovered  references: Soft: 0, Weak: 504, Final: 1, Phantom: 578
[2.533s][info][gc,ref      ] GC(124) Enqueued    references: Soft: 0, Weak: 1, Final: 0, Phantom: 0
[2.533s][info][gc          ] GC(124) Concurrent weak references 0.129ms
[2.533s][info][gc,start    ] GC(124) Concurrent weak roots
[2.533s][info][gc,task     ] GC(124) Using 2 of 8 workers for concurrent weak root
[2.533s][info][gc          ] GC(124) Concurrent weak roots 0.298ms
[2.533s][info][gc,start    ] GC(124) Concurrent cleanup
[2.533s][info][gc          ] GC(124) Concurrent cleanup 16M->16M(149M) 0.084ms
[2.533s][info][gc,ergo     ] GC(124) Free: 1868M, Max: 512K regular, 1868M humongous, Frag: 0% external, 0% internal; Reserve: 101182K, Max: 512K
[2.533s][info][gc,start    ] GC(124) Concurrent strong roots
[2.533s][info][gc,task     ] GC(124) Using 2 of 8 workers for concurrent strong root
[2.534s][info][gc          ] GC(124) Concurrent strong roots 0.538ms
[2.534s][info][gc,start    ] GC(124) Concurrent evacuation
[2.534s][info][gc,task     ] GC(124) Using 2 of 8 workers for concurrent evacuation
[2.536s][info][gc          ] GC(124) Concurrent evacuation 2.072ms
[2.536s][info][gc,start    ] GC(124) Pause Init Update Refs
[2.536s][info][gc,ergo     ] GC(124) Pacer for Update Refs. Used: 27987K, Free: 1868M, Non-Taxable: 186M, Alloc Tax Rate: 1.1x
[2.536s][info][gc          ] GC(124) Pause Init Update Refs 0.024ms
[2.536s][info][gc,start    ] GC(124) Concurrent update references
[2.536s][info][gc,task     ] GC(124) Using 2 of 8 workers for concurrent reference update
[2.538s][info][gc          ] GC(124) Concurrent update references 2.414ms
[2.538s][info][gc,start    ] GC(124) Concurrent update thread roots
[2.542s][info][gc          ] GC(124) Concurrent update thread roots 3.160ms
[2.542s][info][gc,start    ] GC(124) Pause Final Update Refs
[2.542s][info][gc,task     ] GC(124) Using 8 of 8 workers for final reference update
[2.542s][info][gc          ] GC(124) Pause Final Update Refs 0.057ms
[2.542s][info][gc,start    ] GC(124) Concurrent cleanup
[2.542s][info][gc          ] GC(124) Concurrent cleanup 27M->14M(149M) 0.053ms
[2.542s][info][gc,ergo     ] Free: 1870M, Max: 512K regular, 1869M humongous, Frag: 1% external, 0% internal; Reserve: 101888K, Max: 512K
[2.542s][info][gc,stats    ] 
[2.542s][info][gc,stats    ] All times are wall-clock times, except per-root-class counters, that are sum over
[2.542s][info][gc,stats    ] all workers. Dividing the <total> over the root stage time estimates parallelism.
[2.542s][info][gc,stats    ] 
[2.542s][info][gc,stats    ] Concurrent Reset                    221 us
[2.542s][info][gc,stats    ] Pause Init Mark (G)                 922 us
[2.542s][info][gc,stats    ] Pause Init Mark (N)                  66 us
[2.542s][info][gc,stats    ]   Update Region States               17 us
[2.542s][info][gc,stats    ] Concurrent Mark Roots               651 us, parallelism: 1.67x
[2.542s][info][gc,stats    ]   CMR: <total>                     1085 us
[2.542s][info][gc,stats    ]   CMR: Thread Roots                 271 us, workers (us): 236,  35, ---, ---, ---, ---, ---, ---, 
[2.542s][info][gc,stats    ]   CMR: Code Cache Roots             717 us, workers (us): 255, 462, ---, ---, ---, ---, ---, ---, 
[2.542s][info][gc,stats    ]   CMR: VM Strong Roots                6 us, workers (us):   4,   2, ---, ---, ---, ---, ---, ---, 
[2.542s][info][gc,stats    ]   CMR: CLDG Roots                    92 us, workers (us):  92, ---, ---, ---, ---, ---, ---, ---, 
[2.542s][info][gc,stats    ] Concurrent Marking                 2981 us
[2.542s][info][gc,stats    ] Pause Final Mark (G)               8611 us
[2.542s][info][gc,stats    ] Pause Final Mark (N)               8506 us
[2.542s][info][gc,stats    ]   Finish Mark                      8365 us
[2.542s][info][gc,stats    ]   Update Region States               21 us
[2.542s][info][gc,stats    ]   Choose Collection Set              49 us
[2.542s][info][gc,stats    ]   Rebuild Free Set                   16 us
[2.542s][info][gc,stats    ] Concurrent Thread Roots              83 us, parallelism: 0.99x
[2.542s][info][gc,stats    ]   CTR: <total>                       82 us
[2.542s][info][gc,stats    ]   CTR: Thread Roots                  82 us, workers (us):  47,  36, ---, ---, ---, ---, ---, ---, 
[2.542s][info][gc,stats    ] Concurrent Weak References          135 us, parallelism: 0.62x
[2.542s][info][gc,stats    ]   CWRF: <total>                      83 us
[2.542s][info][gc,stats    ]   CWRF: Weak References              83 us, workers (us):   9,  74, ---, ---, ---, ---, ---, ---, 
[2.542s][info][gc,stats    ] Concurrent Weak Roots               309 us
[2.542s][info][gc,stats    ]   Roots                             236 us, parallelism: 1.82x
[2.542s][info][gc,stats    ]     CWR: <total>                    429 us
[2.542s][info][gc,stats    ]     CWR: VM Weak Roots              429 us, workers (us): 218, 211, ---, ---, ---, ---, ---, ---, 
[2.542s][info][gc,stats    ]   Rendezvous                         40 us
[2.542s][info][gc,stats    ] Concurrent Cleanup                   92 us
[2.542s][info][gc,stats    ] Concurrent Strong Roots             557 us, parallelism: 1.65x
[2.542s][info][gc,stats    ]   CSR: <total>                      919 us
[2.542s][info][gc,stats    ]   CSR: Code Cache Roots             716 us, workers (us): 245, 471, ---, ---, ---, ---, ---, ---, 
[2.542s][info][gc,stats    ]   CSR: VM Strong Roots               29 us, workers (us):   8,  21, ---, ---, ---, ---, ---, ---, 
[2.542s][info][gc,stats    ]   CSR: CLDG Roots                   174 us, workers (us): 174, ---, ---, ---, ---, ---, ---, ---, 
[2.542s][info][gc,stats    ] Concurrent Evacuation              2093 us
[2.542s][info][gc,stats    ] Pause Init Update Refs (G)          119 us
[2.542s][info][gc,stats    ] Pause Init Update Refs (N)           32 us
[2.542s][info][gc,stats    ]   Manage GCLABs                       3 us
[2.542s][info][gc,stats    ] Concurrent Update Refs             2435 us
[2.542s][info][gc,stats    ] Concurrent Update Thread Roots     3182 us
[2.542s][info][gc,stats    ] Pause Final Update Refs (G)         151 us
[2.542s][info][gc,stats    ] Pause Final Update Refs (N)          66 us
[2.542s][info][gc,stats    ]   Update Region States               18 us
[2.542s][info][gc,stats    ]   Trash Collection Set                3 us
[2.542s][info][gc,stats    ]   Rebuild Free Set                   16 us
[2.542s][info][gc,stats    ] Concurrent Cleanup                   61 us
[2.542s][info][gc,stats    ] 
[2.542s][info][gc,stats    ] Allocation pacing accrued:
[2.542s][info][gc,stats    ]       0 of    24 ms (  0.0%): <total>
[2.542s][info][gc,stats    ]       0 of    24 ms (  0.0%): <average total>
[2.542s][info][gc,stats    ] 
[2.542s][info][gc,metaspace] Metaspace: 10959K(11200K)->11038K(11328K) NonClass: 9859K(9984K)->9931K(10112K) Class: 1100K(1216K)->1107K(1216K)
[2.542s][info][gc,ergo     ] Pacer for Idle. Initial: 40642K, Alloc Tax Rate: 1.0x
[2.543s][info][gc          ] Trigger: Start next cycle immediately
[2.543s][info][gc,ergo     ] Free: 1870M, Max: 512K regular, 1869M humongous, Frag: 1% external, 0% internal; Reserve: 101888K, Max: 512K
[2.543s][info][gc,start    ] GC(125) Concurrent reset
[2.543s][info][gc,task     ] GC(125) Using 2 of 8 workers for concurrent reset
[2.543s][info][gc,ergo     ] GC(125) Pacer for Reset. Non-Taxable: 1984M
[2.544s][info][gc          ] GC(125) Concurrent reset 0.236ms
[2.544s][info][gc,start    ] GC(125) Pause Init Mark (unload classes)
[2.544s][info][gc,task     ] GC(125) Using 8 of 8 workers for init marking
[2.544s][info][gc,ergo     ] GC(125) Pacer for Mark. Expected Live: 12223K, Free: 1870M, Non-Taxable: 187M, Alloc Tax Rate: 0.0x
[2.544s][info][gc          ] GC(125) Pause Init Mark (unload classes) 0.041ms
[2.544s][info][gc,start    ] GC(125) Concurrent marking roots
[2.544s][info][gc,task     ] GC(125) Using 2 of 8 workers for concurrent marking roots
[2.544s][info][gc          ] GC(125) Concurrent marking roots 0.123ms
[2.544s][info][gc,start    ] GC(125) Concurrent marking (unload classes)
[2.544s][info][gc,task     ] GC(125) Using 2 of 8 workers for concurrent marking
[2.547s][info][gc          ] GC(125) Concurrent marking (unload classes) 3.077ms
[2.547s][info][gc,start    ] GC(125) Pause Final Mark (unload classes)
[2.547s][info][gc,task     ] GC(125) Using 8 of 8 workers for final marking
[2.547s][info][gc,ergo     ] GC(125) Collectable Garbage: 2371K (100%), Immediate: 0B (0%), CSet: 2371K (100%)
[2.547s][info][gc,ergo     ] GC(125) Pacer for Evacuation. Used CSet: 12800K, Free: 1869M, Non-Taxable: 186M, Alloc Tax Rate: 1.1x
[2.547s][info][gc          ] GC(125) Pause Final Mark (unload classes) 0.244ms
[2.547s][info][gc,start    ] GC(125) Concurrent thread roots
[2.547s][info][gc,task     ] GC(125) Using 2 of 8 workers for Concurrent thread roots
[2.547s][info][gc          ] GC(125) Concurrent thread roots 0.100ms
[2.547s][info][gc,start    ] GC(125) Concurrent weak references
[2.547s][info][gc,task     ] GC(125) Using 2 of 8 workers for concurrent weak references
[2.548s][info][gc,ref      ] GC(125) Encountered references: Soft: 3659, Weak: 1270, Final: 4, Phantom: 583
[2.548s][info][gc,ref      ] GC(125) Discovered  references: Soft: 0, Weak: 494, Final: 1, Phantom: 581
[2.548s][info][gc,ref      ] GC(125) Enqueued    references: Soft: 0, Weak: 5, Final: 0, Phantom: 1
[2.548s][info][gc          ] GC(125) Concurrent weak references 0.124ms
[2.548s][info][gc,start    ] GC(125) Concurrent weak roots
[2.548s][info][gc,task     ] GC(125) Using 2 of 8 workers for concurrent weak root
[2.564s][info][gc          ] GC(125) Concurrent weak roots 16.318ms
[2.564s][info][gc,start    ] GC(125) Concurrent cleanup
[2.564s][info][gc          ] GC(125) Concurrent cleanup 16M->16M(149M) 0.092ms
[2.564s][info][gc,ergo     ] GC(125) Free: 1869M, Max: 512K regular, 1869M humongous, Frag: 0% external, 0% internal; Reserve: 100892K, Max: 512K
[2.564s][info][gc,start    ] GC(125) Concurrent class unloading
[2.564s][info][gc,task     ] GC(125) Using 2 of 8 workers for concurrent class unloading
[2.566s][info][gc          ] GC(125) Concurrent class unloading 1.862ms
[2.566s][info][gc,start    ] GC(125) Concurrent strong roots
[2.566s][info][gc,task     ] GC(125) Using 2 of 8 workers for concurrent strong root
[2.566s][info][gc          ] GC(125) Concurrent strong roots 0.234ms
[2.566s][info][gc,start    ] GC(125) Concurrent evacuation
[2.566s][info][gc,task     ] GC(125) Using 2 of 8 workers for concurrent evacuation
[2.570s][info][gc          ] GC(125) Concurrent evacuation 3.955ms
[2.570s][info][gc,start    ] GC(125) Pause Init Update Refs
[2.570s][info][gc,ergo     ] GC(125) Pacer for Update Refs. Used: 26896K, Free: 1869M, Non-Taxable: 186M, Alloc Tax Rate: 1.1x
[2.570s][info][gc          ] GC(125) Pause Init Update Refs 0.031ms
[2.570s][info][gc,start    ] GC(125) Concurrent update references
[2.570s][info][gc,task     ] GC(125) Using 2 of 8 workers for concurrent reference update
[2.574s][info][gc          ] GC(125) Concurrent update references 3.897ms
[2.574s][info][gc,start    ] GC(125) Concurrent update thread roots
[2.577s][info][gc          ] GC(125) Concurrent update thread roots 2.773ms
[2.577s][info][gc,start    ] GC(125) Pause Final Update Refs
[2.577s][info][gc,task     ] GC(125) Using 8 of 8 workers for final reference update
[2.577s][info][gc          ] GC(125) Pause Final Update Refs 0.077ms
[2.577s][info][gc,start    ] GC(125) Concurrent cleanup
[2.577s][info][gc          ] GC(125) Concurrent cleanup 26M->13M(149M) 0.059ms
[2.577s][info][gc,ergo     ] Free: 1870M, Max: 512K regular, 1869M humongous, Frag: 1% external, 0% internal; Reserve: 101888K, Max: 512K
[2.577s][info][gc,stats    ] 
[2.577s][info][gc,stats    ] All times are wall-clock times, except per-root-class counters, that are sum over
[2.577s][info][gc,stats    ] all workers. Dividing the <total> over the root stage time estimates parallelism.
[2.577s][info][gc,stats    ] 
[2.577s][info][gc,stats    ] Concurrent Reset                    250 us
[2.577s][info][gc,stats    ] Pause Init Mark (G)                 137 us
[2.577s][info][gc,stats    ] Pause Init Mark (N)                  49 us
[2.577s][info][gc,stats    ]   Update Region States               12 us
[2.577s][info][gc,stats    ] Concurrent Mark Roots               131 us, parallelism: 1.15x
[2.577s][info][gc,stats    ]   CMR: <total>                      151 us
[2.577s][info][gc,stats    ]   CMR: Thread Roots                  86 us, workers (us):  18,  69, ---, ---, ---, ---, ---, ---, 
[2.577s][info][gc,stats    ]   CMR: VM Strong Roots                7 us, workers (us):   4,   3, ---, ---, ---, ---, ---, ---, 
[2.577s][info][gc,stats    ]   CMR: CLDG Roots                    57 us, workers (us):  57, ---, ---, ---, ---, ---, ---, ---, 
[2.577s][info][gc,stats    ] Concurrent Marking                 3097 us
[2.577s][info][gc,stats    ] Pause Final Mark (G)                273 us
[2.577s][info][gc,stats    ] Pause Final Mark (N)                253 us
[2.577s][info][gc,stats    ]   Finish Mark                       145 us
[2.577s][info][gc,stats    ]   Update Region States               15 us
[2.577s][info][gc,stats    ]   Choose Collection Set              31 us
[2.577s][info][gc,stats    ]   Rebuild Free Set                   15 us
[2.577s][info][gc,stats    ] Concurrent Thread Roots             109 us, parallelism: 0.69x
[2.577s][info][gc,stats    ]   CTR: <total>                       75 us
[2.577s][info][gc,stats    ]   CTR: Thread Roots                  75 us, workers (us):  75,   0, ---, ---, ---, ---, ---, ---, 
[2.577s][info][gc,stats    ] Concurrent Weak References          131 us, parallelism: 0.56x
[2.578s][info][gc,stats    ]   CWRF: <total>                      73 us
[2.578s][info][gc,stats    ]   CWRF: Weak References              73 us, workers (us):  69,   4, ---, ---, ---, ---, ---, ---, 
[2.578s][info][gc,stats    ] Concurrent Weak Roots             16345 us
[2.578s][info][gc,stats    ]   Roots                             479 us, parallelism: 1.82x
[2.578s][info][gc,stats    ]     CWR: <total>                    870 us
[2.578s][info][gc,stats    ]     CWR: Code Cache Roots           418 us, workers (us): 211, 207, ---, ---, ---, ---, ---, ---, 
[2.578s][info][gc,stats    ]     CWR: VM Weak Roots              448 us, workers (us): 241, 206, ---, ---, ---, ---, ---, ---, 
[2.578s][info][gc,stats    ]     CWR: CLDG Roots                   4 us, workers (us):   4, ---, ---, ---, ---, ---, ---, ---, 
[2.578s][info][gc,stats    ]   Rendezvous                      15825 us
[2.578s][info][gc,stats    ] Concurrent Cleanup                  101 us
[2.578s][info][gc,stats    ] Concurrent Class Unloading         1876 us
[2.578s][info][gc,stats    ]   Unlink Stale                     1695 us
[2.578s][info][gc,stats    ]     System Dictionary                30 us
[2.578s][info][gc,stats    ]     Weak Class Links                  0 us
[2.578s][info][gc,stats    ]     Code Roots                     1663 us
[2.578s][info][gc,stats    ]   Rendezvous                         45 us
[2.578s][info][gc,stats    ]   Purge Unlinked                    104 us
[2.578s][info][gc,stats    ]     Code Roots                      101 us
[2.578s][info][gc,stats    ]     CLDG                              3 us
[2.578s][info][gc,stats    ]     Exception Caches                  0 us
[2.578s][info][gc,stats    ] Concurrent Strong Roots             244 us, parallelism: 0.79x
[2.578s][info][gc,stats    ]   CSR: <total>                      194 us
[2.578s][info][gc,stats    ]   CSR: VM Strong Roots               12 us, workers (us):  10,   3, ---, ---, ---, ---, ---, ---, 
[2.578s][info][gc,stats    ]   CSR: CLDG Roots                   181 us, workers (us): 181, ---, ---, ---, ---, ---, ---, ---, 
[2.578s][info][gc,stats    ] Concurrent Evacuation              3980 us
[2.578s][info][gc,stats    ] Pause Init Update Refs (G)          158 us
[2.578s][info][gc,stats    ] Pause Init Update Refs (N)           41 us
[2.578s][info][gc,stats    ]   Manage GCLABs                       5 us
[2.578s][info][gc,stats    ] Concurrent Update Refs             3919 us
[2.578s][info][gc,stats    ] Concurrent Update Thread Roots     2794 us
[2.578s][info][gc,stats    ] Pause Final Update Refs (G)         174 us
[2.578s][info][gc,stats    ] Pause Final Update Refs (N)          86 us
[2.578s][info][gc,stats    ]   Update Region States               24 us
[2.578s][info][gc,stats    ]   Trash Collection Set                2 us
[2.578s][info][gc,stats    ]   Rebuild Free Set                   20 us
[2.578s][info][gc,stats    ] Concurrent Cleanup                   67 us
[2.578s][info][gc,stats    ] 
[2.578s][info][gc,stats    ] Allocation pacing accrued:
[2.578s][info][gc,stats    ]       0 of    36 ms (  0.0%): <total>
[2.578s][info][gc,stats    ]       0 of    36 ms (  0.0%): <average total>
[2.578s][info][gc,stats    ] 
[2.578s][info][gc,metaspace] Metaspace: 11047K(11328K)->11105K(11328K) NonClass: 9938K(10112K)->9986K(10112K) Class: 1108K(1216K)->1118K(1216K)
[2.578s][info][gc,ergo     ] Pacer for Idle. Initial: 40642K, Alloc Tax Rate: 1.0x
[2.579s][info][gc          ] Trigger: Start next cycle immediately
[2.579s][info][gc,ergo     ] Free: 1870M, Max: 512K regular, 1869M humongous, Frag: 1% external, 0% internal; Reserve: 101888K, Max: 512K
[2.579s][info][gc,start    ] GC(126) Concurrent reset
[2.579s][info][gc,task     ] GC(126) Using 2 of 8 workers for concurrent reset
[2.579s][info][gc,ergo     ] GC(126) Pacer for Reset. Non-Taxable: 1984M
[2.579s][info][gc          ] GC(126) Concurrent reset 0.192ms
[2.579s][info][gc,start    ] GC(126) Pause Init Mark (unload classes)
[2.579s][info][gc,task     ] GC(126) Using 8 of 8 workers for init marking
[2.579s][info][gc,ergo     ] GC(126) Pacer for Mark. Expected Live: 12248K, Free: 1870M, Non-Taxable: 187M, Alloc Tax Rate: 0.0x
[2.579s][info][gc          ] GC(126) Pause Init Mark (unload classes) 0.076ms
[2.579s][info][gc,start    ] GC(126) Concurrent marking roots
[2.579s][info][gc,task     ] GC(126) Using 2 of 8 workers for concurrent marking roots
[2.579s][info][gc          ] GC(126) Concurrent marking roots 0.136ms
[2.580s][info][gc,start    ] GC(126) Concurrent marking (unload classes)
[2.580s][info][gc,task     ] GC(126) Using 2 of 8 workers for concurrent marking
[2.586s][info][gc          ] GC(126) Concurrent marking (unload classes) 6.086ms
[2.586s][info][gc,start    ] GC(126) Pause Final Mark (unload classes)
[2.586s][info][gc,task     ] GC(126) Using 8 of 8 workers for final marking
[2.586s][info][gc,ergo     ] GC(126) Collectable Garbage: 1705K (100%), Immediate: 0B (0%), CSet: 1705K (100%)
[2.586s][info][gc,ergo     ] GC(126) Pacer for Evacuation. Used CSet: 12221K, Free: 1870M, Non-Taxable: 187M, Alloc Tax Rate: 1.1x
[2.586s][info][gc          ] GC(126) Pause Final Mark (unload classes) 0.185ms
[2.586s][info][gc,start    ] GC(126) Concurrent thread roots
[2.586s][info][gc,task     ] GC(126) Using 2 of 8 workers for Concurrent thread roots
[2.586s][info][gc          ] GC(126) Concurrent thread roots 0.091ms
[2.586s][info][gc,start    ] GC(126) Concurrent weak references
[2.586s][info][gc,task     ] GC(126) Using 2 of 8 workers for concurrent weak references
[2.586s][info][gc,ref      ] GC(126) Encountered references: Soft: 3669, Weak: 1269, Final: 4, Phantom: 585
[2.586s][info][gc,ref      ] GC(126) Discovered  references: Soft: 0, Weak: 94, Final: 1, Phantom: 380
[2.586s][info][gc,ref      ] GC(126) Enqueued    references: Soft: 0, Weak: 1, Final: 0, Phantom: 0
[2.586s][info][gc          ] GC(126) Concurrent weak references 0.095ms
[2.586s][info][gc,start    ] GC(126) Concurrent weak roots
[2.586s][info][gc,task     ] GC(126) Using 2 of 8 workers for concurrent weak root
[2.587s][info][gc          ] GC(126) Concurrent weak roots 0.564ms
[2.587s][info][gc,start    ] GC(126) Concurrent cleanup
[2.587s][info][gc          ] GC(126) Concurrent cleanup 15M->15M(149M) 0.068ms
[2.587s][info][gc,ergo     ] GC(126) Free: 1869M, Max: 512K regular, 1869M humongous, Frag: 0% external, 0% internal; Reserve: 101359K, Max: 512K
[2.587s][info][gc,start    ] GC(126) Concurrent class unloading
[2.587s][info][gc,task     ] GC(126) Using 2 of 8 workers for concurrent class unloading
[2.588s][info][gc          ] GC(126) Concurrent class unloading 1.683ms
[2.588s][info][gc,start    ] GC(126) Concurrent strong roots
[2.588s][info][gc,task     ] GC(126) Using 2 of 8 workers for concurrent strong root
[2.589s][info][gc          ] GC(126) Concurrent strong roots 0.222ms
[2.589s][info][gc,start    ] GC(126) Concurrent evacuation
[2.589s][info][gc,task     ] GC(126) Using 2 of 8 workers for concurrent evacuation
[2.591s][info][gc          ] GC(126) Concurrent evacuation 2.179ms
[2.591s][info][gc,start    ] GC(126) Pause Init Update Refs
[2.591s][info][gc,ergo     ] GC(126) Pacer for Update Refs. Used: 27248K, Free: 1869M, Non-Taxable: 186M, Alloc Tax Rate: 1.1x
[2.591s][info][gc          ] GC(126) Pause Init Update Refs 0.025ms
[2.591s][info][gc,start    ] GC(126) Concurrent update references
[2.591s][info][gc,task     ] GC(126) Using 2 of 8 workers for concurrent reference update
[2.594s][info][gc          ] GC(126) Concurrent update references 2.806ms
[2.594s][info][gc,start    ] GC(126) Concurrent update thread roots
[2.594s][info][gc          ] GC(126) Concurrent update thread roots 0.293ms
[2.594s][info][gc,start    ] GC(126) Pause Final Update Refs
[2.594s][info][gc,task     ] GC(126) Using 8 of 8 workers for final reference update
[2.594s][info][gc          ] GC(126) Pause Final Update Refs 0.056ms
[2.594s][info][gc,start    ] GC(126) Concurrent cleanup
[2.594s][info][gc          ] GC(126) Concurrent cleanup 26M->14M(149M) 0.054ms
[2.594s][info][gc,ergo     ] Free: 1869M, Max: 512K regular, 1869M humongous, Frag: 1% external, 0% internal; Reserve: 101888K, Max: 512K
[2.594s][info][gc,stats    ] 
[2.594s][info][gc,stats    ] All times are wall-clock times, except per-root-class counters, that are sum over
[2.594s][info][gc,stats    ] all workers. Dividing the <total> over the root stage time estimates parallelism.
[2.594s][info][gc,stats    ] 
[2.594s][info][gc,stats    ] Concurrent Reset                    201 us
[2.594s][info][gc,stats    ] Pause Init Mark (G)                 172 us
[2.594s][info][gc,stats    ] Pause Init Mark (N)                  84 us
[2.594s][info][gc,stats    ]   Update Region States               21 us
[2.595s][info][gc,stats    ] Concurrent Mark Roots               145 us, parallelism: 1.01x
[2.595s][info][gc,stats    ]   CMR: <total>                      147 us
[2.595s][info][gc,stats    ]   CMR: Thread Roots                  69 us, workers (us):   0,  69, ---, ---, ---, ---, ---, ---, 
[2.595s][info][gc,stats    ]   CMR: VM Strong Roots                6 us, workers (us):   5,   1, ---, ---, ---, ---, ---, ---, 
[2.595s][info][gc,stats    ]   CMR: CLDG Roots                    73 us, workers (us):  73, ---, ---, ---, ---, ---, ---, ---, 
[2.595s][info][gc,stats    ] Concurrent Marking                 6107 us
[2.595s][info][gc,stats    ] Pause Final Mark (G)                279 us
[2.595s][info][gc,stats    ] Pause Final Mark (N)                193 us
[2.595s][info][gc,stats    ]   Finish Mark                        85 us
[2.595s][info][gc,stats    ]   Update Region States               18 us
[2.595s][info][gc,stats    ]   Choose Collection Set              35 us
[2.595s][info][gc,stats    ]   Rebuild Free Set                   15 us
[2.595s][info][gc,stats    ] Concurrent Thread Roots             101 us, parallelism: 1.01x
[2.595s][info][gc,stats    ]   CTR: <total>                      101 us
[2.595s][info][gc,stats    ]   CTR: Thread Roots                 101 us, workers (us):  57,  44, ---, ---, ---, ---, ---, ---, 
[2.595s][info][gc,stats    ] Concurrent Weak References          102 us, parallelism: 0.38x
[2.595s][info][gc,stats    ]   CWRF: <total>                      39 us
[2.595s][info][gc,stats    ]   CWRF: Weak References              39 us, workers (us):   2,  37, ---, ---, ---, ---, ---, ---, 
[2.595s][info][gc,stats    ] Concurrent Weak Roots               582 us
[2.595s][info][gc,stats    ]   Roots                             507 us, parallelism: 1.86x
[2.595s][info][gc,stats    ]     CWR: <total>                    941 us
[2.595s][info][gc,stats    ]     CWR: Code Cache Roots           458 us, workers (us): 228, 229, ---, ---, ---, ---, ---, ---, 
[2.595s][info][gc,stats    ]     CWR: VM Weak Roots              476 us, workers (us): 243, 233, ---, ---, ---, ---, ---, ---, 
[2.595s][info][gc,stats    ]     CWR: CLDG Roots                   7 us, workers (us): ---,   7, ---, ---, ---, ---, ---, ---, 
[2.595s][info][gc,stats    ]   Rendezvous                         40 us
[2.595s][info][gc,stats    ] Concurrent Cleanup                   77 us
[2.595s][info][gc,stats    ] Concurrent Class Unloading         1696 us
[2.595s][info][gc,stats    ]   Unlink Stale                     1621 us
[2.595s][info][gc,stats    ]     System Dictionary                25 us
[2.595s][info][gc,stats    ]     Weak Class Links                  0 us
[2.595s][info][gc,stats    ]     Code Roots                     1595 us
[2.595s][info][gc,stats    ]   Rendezvous                         16 us
[2.595s][info][gc,stats    ]   Purge Unlinked                     28 us
[2.595s][info][gc,stats    ]     Code Roots                       25 us
[2.595s][info][gc,stats    ]     CLDG                              2 us
[2.595s][info][gc,stats    ]     Exception Caches                  0 us
[2.595s][info][gc,stats    ] Concurrent Strong Roots             232 us, parallelism: 0.80x
[2.595s][info][gc,stats    ]   CSR: <total>                      185 us
[2.595s][info][gc,stats    ]   CSR: VM Strong Roots               10 us, workers (us):   7,   3, ---, ---, ---, ---, ---, ---, 
[2.595s][info][gc,stats    ]   CSR: CLDG Roots                   175 us, workers (us): 175, ---, ---, ---, ---, ---, ---, ---, 
[2.595s][info][gc,stats    ] Concurrent Evacuation              2217 us
[2.595s][info][gc,stats    ] Pause Init Update Refs (G)          121 us
[2.595s][info][gc,stats    ] Pause Init Update Refs (N)           33 us
[2.595s][info][gc,stats    ]   Manage GCLABs                       3 us
[2.595s][info][gc,stats    ] Concurrent Update Refs             2829 us
[2.595s][info][gc,stats    ] Concurrent Update Thread Roots      306 us
[2.595s][info][gc,stats    ] Pause Final Update Refs (G)         156 us
[2.595s][info][gc,stats    ] Pause Final Update Refs (N)          65 us
[2.595s][info][gc,stats    ]   Update Region States               15 us
[2.595s][info][gc,stats    ]   Trash Collection Set                2 us
[2.595s][info][gc,stats    ]   Rebuild Free Set                   16 us
[2.595s][info][gc,stats    ] Concurrent Cleanup                   62 us
[2.595s][info][gc,stats    ] 
[2.595s][info][gc,stats    ] Allocation pacing accrued:
[2.595s][info][gc,stats    ]       0 of    17 ms (  0.0%): <total>
[2.595s][info][gc,stats    ]       0 of    17 ms (  0.0%): <average total>
[2.595s][info][gc,stats    ] 
[2.595s][info][gc,metaspace] Metaspace: 11105K(11328K)->11108K(11328K) NonClass: 9986K(10112K)->9989K(10112K) Class: 1118K(1216K)->1118K(1216K)
[2.595s][info][gc,ergo     ] Pacer for Idle. Initial: 40642K, Alloc Tax Rate: 1.0x
[2.596s][info][gc          ] Trigger: Start next cycle immediately
[2.596s][info][gc,ergo     ] Free: 1869M, Max: 512K regular, 1869M humongous, Frag: 1% external, 0% internal; Reserve: 101888K, Max: 512K
[2.596s][info][gc,start    ] GC(127) Concurrent reset
[2.596s][info][gc,task     ] GC(127) Using 2 of 8 workers for concurrent reset
[2.596s][info][gc,ergo     ] GC(127) Pacer for Reset. Non-Taxable: 1984M
[2.596s][info][gc          ] GC(127) Concurrent reset 0.185ms
[2.596s][info][gc,start    ] GC(127) Pause Init Mark
[2.596s][info][gc,task     ] GC(127) Using 8 of 8 workers for init marking
[2.596s][info][gc,ergo     ] GC(127) Pacer for Mark. Expected Live: 12292K, Free: 1869M, Non-Taxable: 186M, Alloc Tax Rate: 0.0x
[2.596s][info][gc          ] GC(127) Pause Init Mark 0.039ms
[2.596s][info][gc,start    ] GC(127) Concurrent marking roots
[2.596s][info][gc,task     ] GC(127) Using 2 of 8 workers for concurrent marking roots
[2.597s][info][gc          ] GC(127) Concurrent marking roots 0.465ms
[2.597s][info][gc,start    ] GC(127) Concurrent marking
[2.597s][info][gc,task     ] GC(127) Using 2 of 8 workers for concurrent marking
[2.600s][info][gc          ] GC(127) Concurrent marking 3.285ms
[2.600s][info][gc,start    ] GC(127) Pause Final Mark
[2.600s][info][gc,task     ] GC(127) Using 8 of 8 workers for final marking
[2.600s][info][gc,ergo     ] GC(127) Collectable Garbage: 2501K (100%), Immediate: 0B (0%), CSet: 2501K (100%)
[2.600s][info][gc,ergo     ] GC(127) Pacer for Evacuation. Used CSet: 13151K, Free: 1869M, Non-Taxable: 186M, Alloc Tax Rate: 1.1x
[2.600s][info][gc          ] GC(127) Pause Final Mark 0.204ms
[2.600s][info][gc,start    ] GC(127) Concurrent thread roots
[2.600s][info][gc,task     ] GC(127) Using 2 of 8 workers for Concurrent thread roots
[2.601s][info][gc          ] GC(127) Concurrent thread roots 0.066ms
[2.601s][info][gc,start    ] GC(127) Concurrent weak references
[2.601s][info][gc,task     ] GC(127) Using 2 of 8 workers for concurrent weak references
[2.601s][info][gc,ref      ] GC(127) Encountered references: Soft: 3669, Weak: 1269, Final: 4, Phantom: 585
[2.601s][info][gc,ref      ] GC(127) Discovered  references: Soft: 0, Weak: 522, Final: 1, Phantom: 243
[2.601s][info][gc,ref      ] GC(127) Enqueued    references: Soft: 0, Weak: 0, Final: 0, Phantom: 0
[2.601s][info][gc          ] GC(127) Concurrent weak references 0.115ms
[2.601s][info][gc,start    ] GC(127) Concurrent weak roots
[2.601s][info][gc,task     ] GC(127) Using 2 of 8 workers for concurrent weak root
[2.601s][info][gc          ] GC(127) Concurrent weak roots 0.385ms
[2.601s][info][gc,start    ] GC(127) Concurrent cleanup
[2.601s][info][gc          ] GC(127) Concurrent cleanup 16M->16M(149M) 0.058ms
[2.601s][info][gc,ergo     ] GC(127) Free: 1868M, Max: 512K regular, 1868M humongous, Frag: 0% external, 0% internal; Reserve: 101385K, Max: 512K
[2.601s][info][gc,start    ] GC(127) Concurrent strong roots
[2.601s][info][gc,task     ] GC(127) Using 2 of 8 workers for concurrent strong root
[2.602s][info][gc          ] GC(127) Concurrent strong roots 0.806ms
[2.602s][info][gc,start    ] GC(127) Concurrent evacuation
[2.602s][info][gc,task     ] GC(127) Using 2 of 8 workers for concurrent evacuation
[2.604s][info][gc          ] GC(127) Concurrent evacuation 2.266ms
[2.604s][info][gc,start    ] GC(127) Pause Init Update Refs
[2.604s][info][gc,ergo     ] GC(127) Pacer for Update Refs. Used: 27310K, Free: 1868M, Non-Taxable: 186M, Alloc Tax Rate: 1.1x
[2.604s][info][gc          ] GC(127) Pause Init Update Refs 0.025ms
[2.604s][info][gc,start    ] GC(127) Concurrent update references
[2.604s][info][gc,task     ] GC(127) Using 2 of 8 workers for concurrent reference update
[2.607s][info][gc          ] GC(127) Concurrent update references 2.473ms
[2.607s][info][gc,start    ] GC(127) Concurrent update thread roots
[2.607s][info][gc          ] GC(127) Concurrent update thread roots 0.077ms
[2.607s][info][gc,start    ] GC(127) Pause Final Update Refs
[2.607s][info][gc,task     ] GC(127) Using 8 of 8 workers for final reference update
[2.607s][info][gc          ] GC(127) Pause Final Update Refs 0.053ms
[2.607s][info][gc,start    ] GC(127) Concurrent cleanup
[2.607s][info][gc          ] GC(127) Concurrent cleanup 26M->13M(149M) 0.053ms
[2.607s][info][gc,ergo     ] Free: 1870M, Max: 512K regular, 1869M humongous, Frag: 1% external, 0% internal; Reserve: 101888K, Max: 512K
[2.607s][info][gc,stats    ] 
[2.607s][info][gc,stats    ] All times are wall-clock times, except per-root-class counters, that are sum over
[2.607s][info][gc,stats    ] all workers. Dividing the <total> over the root stage time estimates parallelism.
[2.607s][info][gc,stats    ] 
[2.607s][info][gc,stats    ] Concurrent Reset                    195 us
[2.607s][info][gc,stats    ] Pause Init Mark (G)                  69 us
[2.607s][info][gc,stats    ] Pause Init Mark (N)                  50 us
[2.607s][info][gc,stats    ]   Update Region States               10 us
[2.607s][info][gc,stats    ] Concurrent Mark Roots               483 us, parallelism: 1.68x
[2.607s][info][gc,stats    ]   CMR: <total>                      809 us
[2.607s][info][gc,stats    ]   CMR: Thread Roots                  45 us, workers (us):  45,   0, ---, ---, ---, ---, ---, ---, 
[2.607s][info][gc,stats    ]   CMR: Code Cache Roots             630 us, workers (us): 225, 405, ---, ---, ---, ---, ---, ---, 
[2.607s][info][gc,stats    ]   CMR: VM Strong Roots                5 us, workers (us):   4,   1, ---, ---, ---, ---, ---, ---, 
[2.607s][info][gc,stats    ]   CMR: CLDG Roots                   129 us, workers (us): 129, ---, ---, ---, ---, ---, ---, ---, 
[2.607s][info][gc,stats    ] Concurrent Marking                 3307 us
[2.607s][info][gc,stats    ] Pause Final Mark (G)                309 us
[2.607s][info][gc,stats    ] Pause Final Mark (N)                225 us
[2.607s][info][gc,stats    ]   Finish Mark                       114 us
[2.607s][info][gc,stats    ]   Update Region States               13 us
[2.607s][info][gc,stats    ]   Choose Collection Set              29 us
[2.607s][info][gc,stats    ]   Rebuild Free Set                   15 us
[2.607s][info][gc,stats    ] Concurrent Thread Roots              76 us, parallelism: 0.96x
[2.607s][info][gc,stats    ]   CTR: <total>                       73 us
[2.607s][info][gc,stats    ]   CTR: Thread Roots                  73 us, workers (us):  41,  31, ---, ---, ---, ---, ---, ---, 
[2.607s][info][gc,stats    ] Concurrent Weak References          121 us, parallelism: 0.72x
[2.607s][info][gc,stats    ]   CWRF: <total>                      87 us
[2.607s][info][gc,stats    ]   CWRF: Weak References              87 us, workers (us):  42,  45, ---, ---, ---, ---, ---, ---, 
[2.607s][info][gc,stats    ] Concurrent Weak Roots               398 us
[2.607s][info][gc,stats    ]   Roots                             352 us, parallelism: 1.83x
[2.607s][info][gc,stats    ]     CWR: <total>                    644 us
[2.607s][info][gc,stats    ]     CWR: VM Weak Roots              644 us, workers (us): 324, 320, ---, ---, ---, ---, ---, ---, 
[2.607s][info][gc,stats    ]   Rendezvous                         14 us
[2.607s][info][gc,stats    ] Concurrent Cleanup                   66 us
[2.607s][info][gc,stats    ] Concurrent Strong Roots             825 us, parallelism: 0.92x
[2.607s][info][gc,stats    ]   CSR: <total>                      761 us
[2.607s][info][gc,stats    ]   CSR: Code Cache Roots             601 us, workers (us): 601,   0, ---, ---, ---, ---, ---, ---, 
[2.607s][info][gc,stats    ]   CSR: VM Strong Roots                8 us, workers (us):   8,   0, ---, ---, ---, ---, ---, ---, 
[2.608s][info][gc,stats    ]   CSR: CLDG Roots                   151 us, workers (us): 151, ---, ---, ---, ---, ---, ---, ---, 
[2.608s][info][gc,stats    ] Concurrent Evacuation              2288 us
[2.608s][info][gc,stats    ] Pause Init Update Refs (G)          120 us
[2.608s][info][gc,stats    ] Pause Init Update Refs (N)           33 us
[2.608s][info][gc,stats    ]   Manage GCLABs                       3 us
[2.608s][info][gc,stats    ] Concurrent Update Refs             2496 us
[2.608s][info][gc,stats    ] Concurrent Update Thread Roots       88 us
[2.608s][info][gc,stats    ] Pause Final Update Refs (G)         145 us
[2.608s][info][gc,stats    ] Pause Final Update Refs (N)          62 us
[2.608s][info][gc,stats    ]   Update Region States               15 us
[2.608s][info][gc,stats    ]   Trash Collection Set                2 us
[2.608s][info][gc,stats    ]   Rebuild Free Set                   16 us
[2.608s][info][gc,stats    ] Concurrent Cleanup                   61 us
[2.608s][info][gc,stats    ] 
[2.608s][info][gc,stats    ] Allocation pacing accrued:
[2.608s][info][gc,stats    ]       0 of    13 ms (  0.0%): <total>
[2.608s][info][gc,stats    ]       0 of    13 ms (  0.0%): <average total>
[2.608s][info][gc,stats    ] 
[2.608s][info][gc,metaspace] Metaspace: 11108K(11328K)->11110K(11328K) NonClass: 9989K(10112K)->9991K(10112K) Class: 1118K(1216K)->1118K(1216K)
[2.608s][info][gc,ergo     ] Pacer for Idle. Initial: 40642K, Alloc Tax Rate: 1.0x
[2.609s][info][gc          ] Trigger: Start next cycle immediately
[2.609s][info][gc,ergo     ] Free: 1870M, Max: 512K regular, 1869M humongous, Frag: 1% external, 0% internal; Reserve: 101888K, Max: 512K
[2.609s][info][gc,start    ] GC(128) Concurrent reset
[2.609s][info][gc,task     ] GC(128) Using 2 of 8 workers for concurrent reset
[2.609s][info][gc,ergo     ] GC(128) Pacer for Reset. Non-Taxable: 1984M
[2.609s][info][gc          ] GC(128) Concurrent reset 0.209ms
[2.609s][info][gc,start    ] GC(128) Pause Init Mark
[2.609s][info][gc,task     ] GC(128) Using 8 of 8 workers for init marking
[2.609s][info][gc,ergo     ] GC(128) Pacer for Mark. Expected Live: 12355K, Free: 1870M, Non-Taxable: 187M, Alloc Tax Rate: 0.0x
[2.609s][info][gc          ] GC(128) Pause Init Mark 0.057ms
[2.609s][info][gc,start    ] GC(128) Concurrent marking roots
[2.609s][info][gc,task     ] GC(128) Using 2 of 8 workers for concurrent marking roots
[2.610s][info][gc          ] GC(128) Concurrent marking roots 0.810ms
[2.610s][info][gc,start    ] GC(128) Concurrent marking
[2.610s][info][gc,task     ] GC(128) Using 2 of 8 workers for concurrent marking
[2.613s][info][gc          ] GC(128) Concurrent marking 3.377ms
[2.613s][info][gc,start    ] GC(128) Pause Final Mark
[2.613s][info][gc,task     ] GC(128) Using 8 of 8 workers for final marking
[2.614s][info][gc,ergo     ] GC(128) Collectable Garbage: 1559K (100%), Immediate: 0B (0%), CSet: 1559K (100%)
[2.614s][info][gc,ergo     ] GC(128) Pacer for Evacuation. Used CSet: 12283K, Free: 1870M, Non-Taxable: 187M, Alloc Tax Rate: 1.1x
[2.614s][info][gc          ] GC(128) Pause Final Mark 0.836ms
[2.614s][info][gc,start    ] GC(128) Concurrent thread roots
[2.614s][info][gc,task     ] GC(128) Using 2 of 8 workers for Concurrent thread roots
[2.614s][info][gc          ] GC(128) Concurrent thread roots 0.086ms
[2.614s][info][gc,start    ] GC(128) Concurrent weak references
[2.614s][info][gc,task     ] GC(128) Using 2 of 8 workers for concurrent weak references
[2.614s][info][gc,ref      ] GC(128) Encountered references: Soft: 3669, Weak: 1269, Final: 4, Phantom: 585
[2.615s][info][gc,ref      ] GC(128) Discovered  references: Soft: 0, Weak: 411, Final: 0, Phantom: 333
[2.615s][info][gc,ref      ] GC(128) Enqueued    references: Soft: 0, Weak: 0, Final: 0, Phantom: 0
[2.615s][info][gc          ] GC(128) Concurrent weak references 0.086ms
[2.615s][info][gc,start    ] GC(128) Concurrent weak roots
[2.615s][info][gc,task     ] GC(128) Using 2 of 8 workers for concurrent weak root
[2.615s][info][gc          ] GC(128) Concurrent weak roots 0.298ms
[2.615s][info][gc,start    ] GC(128) Concurrent cleanup
[2.615s][info][gc          ] GC(128) Concurrent cleanup 15M->15M(149M) 0.057ms
[2.615s][info][gc,ergo     ] GC(128) Free: 1869M, Max: 512K regular, 1869M humongous, Frag: 0% external, 0% internal; Reserve: 101351K, Max: 512K
[2.615s][info][gc,start    ] GC(128) Concurrent strong roots
[2.615s][info][gc,task     ] GC(128) Using 2 of 8 workers for concurrent strong root
[2.616s][info][gc          ] GC(128) Concurrent strong roots 0.840ms
[2.616s][info][gc,start    ] GC(128) Concurrent evacuation
[2.616s][info][gc,task     ] GC(128) Using 2 of 8 workers for concurrent evacuation
[2.618s][info][gc          ] GC(128) Concurrent evacuation 2.194ms
[2.618s][info][gc,start    ] GC(128) Pause Init Update Refs
[2.618s][info][gc,ergo     ] GC(128) Pacer for Update Refs. Used: 26955K, Free: 1869M, Non-Taxable: 186M, Alloc Tax Rate: 1.1x
[2.618s][info][gc          ] GC(128) Pause Init Update Refs 0.027ms
[2.618s][info][gc,start    ] GC(128) Concurrent update references
[2.618s][info][gc,task     ] GC(128) Using 2 of 8 workers for concurrent reference update
[2.620s][info][gc          ] GC(128) Concurrent update references 2.341ms
[2.620s][info][gc,start    ] GC(128) Concurrent update thread roots
[2.621s][info][gc          ] GC(128) Concurrent update thread roots 0.292ms
[2.621s][info][gc,start    ] GC(128) Pause Final Update Refs
[2.621s][info][gc,task     ] GC(128) Using 8 of 8 workers for final reference update
[2.621s][info][gc          ] GC(128) Pause Final Update Refs 0.054ms
[2.621s][info][gc,start    ] GC(128) Concurrent cleanup
[2.621s][info][gc          ] GC(128) Concurrent cleanup 26M->14M(149M) 0.054ms
[2.621s][info][gc,ergo     ] Free: 1870M, Max: 512K regular, 1869M humongous, Frag: 1% external, 0% internal; Reserve: 101888K, Max: 512K
[2.621s][info][gc,stats    ] 
[2.621s][info][gc,stats    ] All times are wall-clock times, except per-root-class counters, that are sum over
[2.621s][info][gc,stats    ] all workers. Dividing the <total> over the root stage time estimates parallelism.
[2.621s][info][gc,stats    ] 
[2.621s][info][gc,stats    ] Concurrent Reset                    217 us
[2.621s][info][gc,stats    ] Pause Init Mark (G)                 177 us
[2.621s][info][gc,stats    ] Pause Init Mark (N)                  65 us
[2.621s][info][gc,stats    ]   Update Region States               14 us
[2.621s][info][gc,stats    ] Concurrent Mark Roots               831 us, parallelism: 0.91x
[2.621s][info][gc,stats    ]   CMR: <total>                      758 us
[2.621s][info][gc,stats    ]   CMR: Thread Roots                  50 us, workers (us):  49,   0, ---, ---, ---, ---, ---, ---, 
[2.621s][info][gc,stats    ]   CMR: Code Cache Roots             617 us, workers (us): 616,   0, ---, ---, ---, ---, ---, ---, 
[2.621s][info][gc,stats    ]   CMR: VM Strong Roots                4 us, workers (us):   4,   0, ---, ---, ---, ---, ---, ---, 
[2.621s][info][gc,stats    ]   CMR: CLDG Roots                    88 us, workers (us):  88, ---, ---, ---, ---, ---, ---, ---, 
[2.621s][info][gc,stats    ] Concurrent Marking                 3398 us
[2.621s][info][gc,stats    ] Pause Final Mark (G)                934 us
[2.621s][info][gc,stats    ] Pause Final Mark (N)                844 us
[2.621s][info][gc,stats    ]   Finish Mark                       731 us
[2.621s][info][gc,stats    ]   Update Region States               15 us
[2.621s][info][gc,stats    ]   Choose Collection Set              40 us
[2.621s][info][gc,stats    ]   Rebuild Free Set                   16 us
[2.621s][info][gc,stats    ] Concurrent Thread Roots              95 us, parallelism: 1.07x
[2.621s][info][gc,stats    ]   CTR: <total>                      102 us
[2.621s][info][gc,stats    ]   CTR: Thread Roots                 102 us, workers (us):  49,  53, ---, ---, ---, ---, ---, ---, 
[2.621s][info][gc,stats    ] Concurrent Weak References           91 us, parallelism: 0.63x
[2.621s][info][gc,stats    ]   CWRF: <total>                      57 us
[2.621s][info][gc,stats    ]   CWRF: Weak References              57 us, workers (us):  40,  17, ---, ---, ---, ---, ---, ---, 
[2.621s][info][gc,stats    ] Concurrent Weak Roots               310 us
[2.621s][info][gc,stats    ]   Roots                             268 us, parallelism: 1.83x
[2.621s][info][gc,stats    ]     CWR: <total>                    489 us
[2.621s][info][gc,stats    ]     CWR: VM Weak Roots              489 us, workers (us): 244, 246, ---, ---, ---, ---, ---, ---, 
[2.621s][info][gc,stats    ]   Rendezvous                         15 us
[2.621s][info][gc,stats    ] Concurrent Cleanup                   66 us
[2.621s][info][gc,stats    ] Concurrent Strong Roots             859 us, parallelism: 0.94x
[2.621s][info][gc,stats    ]   CSR: <total>                      807 us
[2.621s][info][gc,stats    ]   CSR: Code Cache Roots             649 us, workers (us): 649,   0, ---, ---, ---, ---, ---, ---, 
[2.621s][info][gc,stats    ]   CSR: VM Strong Roots                8 us, workers (us):   8,   0, ---, ---, ---, ---, ---, ---, 
[2.621s][info][gc,stats    ]   CSR: CLDG Roots                   150 us, workers (us): 150, ---, ---, ---, ---, ---, ---, ---, 
[2.621s][info][gc,stats    ] Concurrent Evacuation              2215 us
[2.621s][info][gc,stats    ] Pause Init Update Refs (G)          127 us
[2.621s][info][gc,stats    ] Pause Init Update Refs (N)           35 us
[2.621s][info][gc,stats    ]   Manage GCLABs                       4 us
[2.621s][info][gc,stats    ] Concurrent Update Refs             2362 us
[2.621s][info][gc,stats    ] Concurrent Update Thread Roots      305 us
[2.621s][info][gc,stats    ] Pause Final Update Refs (G)         152 us
[2.621s][info][gc,stats    ] Pause Final Update Refs (N)          63 us
[2.621s][info][gc,stats    ]   Update Region States               14 us
[2.621s][info][gc,stats    ]   Trash Collection Set                2 us
[2.621s][info][gc,stats    ]   Rebuild Free Set                   16 us
[2.621s][info][gc,stats    ] Concurrent Cleanup                   62 us
[2.621s][info][gc,stats    ] 
[2.621s][info][gc,stats    ] Allocation pacing accrued:
[2.621s][info][gc,stats    ]       0 of    14 ms (  0.0%): <total>
[2.621s][info][gc,stats    ]       0 of    14 ms (  0.0%): <average total>
[2.621s][info][gc,stats    ] 
[2.622s][info][gc,metaspace] Metaspace: 11114K(11328K)->11150K(11392K) NonClass: 9995K(10112K)->10029K(10176K) Class: 1118K(1216K)->1120K(1216K)
[2.622s][info][gc,ergo     ] Pacer for Idle. Initial: 40642K, Alloc Tax Rate: 1.0x
[2.623s][info][gc          ] Trigger: Start next cycle immediately
[2.623s][info][gc,ergo     ] Free: 1870M, Max: 512K regular, 1869M humongous, Frag: 1% external, 0% internal; Reserve: 101888K, Max: 512K
[2.623s][info][gc,start    ] GC(129) Concurrent reset
[2.623s][info][gc,task     ] GC(129) Using 2 of 8 workers for concurrent reset
[2.623s][info][gc,ergo     ] GC(129) Pacer for Reset. Non-Taxable: 1984M
[2.623s][info][gc          ] GC(129) Concurrent reset 0.211ms
[2.623s][info][gc,start    ] GC(129) Pause Init Mark
[2.623s][info][gc,task     ] GC(129) Using 8 of 8 workers for init marking
[2.623s][info][gc,ergo     ] GC(129) Pacer for Mark. Expected Live: 12422K, Free: 1870M, Non-Taxable: 187M, Alloc Tax Rate: 0.0x
[2.623s][info][gc          ] GC(129) Pause Init Mark 0.044ms
[2.623s][info][gc,start    ] GC(129) Concurrent marking roots
[2.623s][info][gc,task     ] GC(129) Using 2 of 8 workers for concurrent marking roots
[2.624s][info][gc          ] GC(129) Concurrent marking roots 0.531ms
[2.624s][info][gc,start    ] GC(129) Concurrent marking
[2.624s][info][gc,task     ] GC(129) Using 2 of 8 workers for concurrent marking
[2.627s][info][gc          ] GC(129) Concurrent marking 3.157ms
[2.627s][info][gc,start    ] GC(129) Pause Final Mark
[2.627s][info][gc,task     ] GC(129) Using 8 of 8 workers for final marking
[2.628s][info][gc,ergo     ] GC(129) Collectable Garbage: 2032K (100%), Immediate: 0B (0%), CSet: 2032K (100%)
[2.628s][info][gc,ergo     ] GC(129) Pacer for Evacuation. Used CSet: 12796K, Free: 1869M, Non-Taxable: 186M, Alloc Tax Rate: 1.1x
[2.628s][info][gc          ] GC(129) Pause Final Mark 1.255ms
[2.628s][info][gc,start    ] GC(129) Concurrent thread roots
[2.628s][info][gc,task     ] GC(129) Using 2 of 8 workers for Concurrent thread roots
[2.628s][info][gc          ] GC(129) Concurrent thread roots 0.075ms
[2.628s][info][gc,start    ] GC(129) Concurrent weak references
[2.628s][info][gc,task     ] GC(129) Using 2 of 8 workers for concurrent weak references
[2.628s][info][gc,ref      ] GC(129) Encountered references: Soft: 3670, Weak: 1268, Final: 4, Phantom: 584
[2.628s][info][gc,ref      ] GC(129) Discovered  references: Soft: 0, Weak: 500, Final: 1, Phantom: 198
[2.628s][info][gc,ref      ] GC(129) Enqueued    references: Soft: 0, Weak: 0, Final: 0, Phantom: 0
[2.628s][info][gc          ] GC(129) Concurrent weak references 0.089ms
[2.628s][info][gc,start    ] GC(129) Concurrent weak roots
[2.628s][info][gc,task     ] GC(129) Using 2 of 8 workers for concurrent weak root
[2.629s][info][gc          ] GC(129) Concurrent weak roots 0.319ms
[2.629s][info][gc,start    ] GC(129) Concurrent cleanup
[2.629s][info][gc          ] GC(129) Concurrent cleanup 16M->16M(149M) 0.058ms
[2.629s][info][gc,ergo     ] GC(129) Free: 1869M, Max: 512K regular, 1869M humongous, Frag: 0% external, 0% internal; Reserve: 101118K, Max: 512K
[2.629s][info][gc,start    ] GC(129) Concurrent strong roots
[2.629s][info][gc,task     ] GC(129) Using 2 of 8 workers for concurrent strong root
[2.629s][info][gc          ] GC(129) Concurrent strong roots 0.492ms
[2.629s][info][gc,start    ] GC(129) Concurrent evacuation
[2.629s][info][gc,task     ] GC(129) Using 2 of 8 workers for concurrent evacuation
[2.631s][info][gc          ] GC(129) Concurrent evacuation 2.262ms
[2.632s][info][gc,start    ] GC(129) Pause Init Update Refs
[2.632s][info][gc,ergo     ] GC(129) Pacer for Update Refs. Used: 27935K, Free: 1869M, Non-Taxable: 186M, Alloc Tax Rate: 1.1x
[2.632s][info][gc          ] GC(129) Pause Init Update Refs 0.037ms
[2.632s][info][gc,start    ] GC(129) Concurrent update references
[2.632s][info][gc,task     ] GC(129) Using 2 of 8 workers for concurrent reference update
[2.635s][info][gc          ] GC(129) Concurrent update references 2.713ms
[2.635s][info][gc,start    ] GC(129) Concurrent update thread roots
[2.635s][info][gc          ] GC(129) Concurrent update thread roots 0.220ms
[2.636s][info][gc,start    ] GC(129) Pause Final Update Refs
[2.636s][info][gc,task     ] GC(129) Using 8 of 8 workers for final reference update
[2.636s][info][gc          ] GC(129) Pause Final Update Refs 0.054ms
[2.636s][info][gc,start    ] GC(129) Concurrent cleanup
[2.636s][info][gc          ] GC(129) Concurrent cleanup 27M->15M(149M) 0.053ms
[2.636s][info][gc,ergo     ] Free: 1869M, Max: 512K regular, 1868M humongous, Frag: 1% external, 0% internal; Reserve: 101888K, Max: 512K
[2.636s][info][gc,stats    ] 
[2.636s][info][gc,stats    ] All times are wall-clock times, except per-root-class counters, that are sum over
[2.636s][info][gc,stats    ] all workers. Dividing the <total> over the root stage time estimates parallelism.
[2.636s][info][gc,stats    ] 
[2.636s][info][gc,stats    ] Concurrent Reset                    220 us
[2.636s][info][gc,stats    ] Pause Init Mark (G)                 139 us
[2.636s][info][gc,stats    ] Pause Init Mark (N)                  52 us
[2.636s][info][gc,stats    ]   Update Region States               13 us
[2.636s][info][gc,stats    ] Concurrent Mark Roots               549 us, parallelism: 1.73x
[2.636s][info][gc,stats    ]   CMR: <total>                      950 us
[2.636s][info][gc,stats    ]   CMR: Thread Roots                 198 us, workers (us):  45, 152, ---, ---, ---, ---, ---, ---, 
[2.636s][info][gc,stats    ]   CMR: Code Cache Roots             645 us, workers (us): 422, 222, ---, ---, ---, ---, ---, ---, 
[2.636s][info][gc,stats    ]   CMR: VM Strong Roots                4 us, workers (us):   4,   0, ---, ---, ---, ---, ---, ---, 
[2.636s][info][gc,stats    ]   CMR: CLDG Roots                   104 us, workers (us): ---, 104, ---, ---, ---, ---, ---, ---, 
[2.636s][info][gc,stats    ] Concurrent Marking                 3179 us
[2.636s][info][gc,stats    ] Pause Final Mark (G)               1348 us
[2.636s][info][gc,stats    ] Pause Final Mark (N)               1263 us
[2.636s][info][gc,stats    ]   Finish Mark                      1163 us
[2.636s][info][gc,stats    ]   Update Region States               14 us
[2.636s][info][gc,stats    ]   Choose Collection Set              31 us
[2.636s][info][gc,stats    ]   Rebuild Free Set                   15 us
[2.636s][info][gc,stats    ] Concurrent Thread Roots              85 us, parallelism: 0.86x
[2.636s][info][gc,stats    ]   CTR: <total>                       73 us
[2.636s][info][gc,stats    ]   CTR: Thread Roots                  73 us, workers (us):  35,  38, ---, ---, ---, ---, ---, ---, 
[2.636s][info][gc,stats    ] Concurrent Weak References           97 us, parallelism: 0.54x
[2.636s][info][gc,stats    ]   CWRF: <total>                      53 us
[2.636s][info][gc,stats    ]   CWRF: Weak References              53 us, workers (us):  44,   9, ---, ---, ---, ---, ---, ---, 
[2.636s][info][gc,stats    ] Concurrent Weak Roots               331 us
[2.636s][info][gc,stats    ]   Roots                             265 us, parallelism: 1.80x
[2.636s][info][gc,stats    ]     CWR: <total>                    479 us
[2.636s][info][gc,stats    ]     CWR: VM Weak Roots              479 us, workers (us): 242, 237, ---, ---, ---, ---, ---, ---, 
[2.636s][info][gc,stats    ]   Rendezvous                         39 us
[2.636s][info][gc,stats    ] Concurrent Cleanup                   66 us
[2.636s][info][gc,stats    ] Concurrent Strong Roots             508 us, parallelism: 1.67x
[2.636s][info][gc,stats    ]   CSR: <total>                      851 us
[2.636s][info][gc,stats    ]   CSR: Code Cache Roots             681 us, workers (us): 451, 230, ---, ---, ---, ---, ---, ---, 
[2.636s][info][gc,stats    ]   CSR: VM Strong Roots                9 us, workers (us):   6,   3, ---, ---, ---, ---, ---, ---, 
[2.636s][info][gc,stats    ]   CSR: CLDG Roots                   161 us, workers (us): ---, 161, ---, ---, ---, ---, ---, ---, 
[2.636s][info][gc,stats    ] Concurrent Evacuation              2284 us
[2.636s][info][gc,stats    ] Pause Init Update Refs (G)          985 us
[2.636s][info][gc,stats    ] Pause Init Update Refs (N)           45 us
[2.636s][info][gc,stats    ]   Manage GCLABs                       5 us
[2.636s][info][gc,stats    ] Concurrent Update Refs             2745 us
[2.636s][info][gc,stats    ] Concurrent Update Thread Roots      231 us
[2.636s][info][gc,stats    ] Pause Final Update Refs (G)         145 us
[2.636s][info][gc,stats    ] Pause Final Update Refs (N)          63 us
[2.636s][info][gc,stats    ]   Update Region States               16 us
[2.636s][info][gc,stats    ]   Trash Collection Set                2 us
[2.636s][info][gc,stats    ]   Rebuild Free Set                   17 us
[2.636s][info][gc,stats    ] Concurrent Cleanup                   61 us
[2.636s][info][gc,stats    ] 
[2.636s][info][gc,stats    ] Allocation pacing accrued:
[2.636s][info][gc,stats    ]       0 of    15 ms (  0.0%): <total>
[2.636s][info][gc,stats    ]       0 of    15 ms (  0.0%): <average total>
[2.636s][info][gc,stats    ] 
[2.636s][info][gc,metaspace] Metaspace: 11169K(11392K)->11385K(11584K) NonClass: 10045K(10176K)->10252K(10368K) Class: 1124K(1216K)->1133K(1216K)
[2.636s][info][gc,ergo     ] Pacer for Idle. Initial: 40642K, Alloc Tax Rate: 1.0x
[2.637s][info][gc          ] Trigger: Start next cycle immediately
[2.637s][info][gc,ergo     ] Free: 1869M, Max: 512K regular, 1868M humongous, Frag: 1% external, 0% internal; Reserve: 101888K, Max: 512K
[2.637s][info][gc,start    ] GC(130) Concurrent reset
[2.637s][info][gc,task     ] GC(130) Using 2 of 8 workers for concurrent reset
[2.637s][info][gc,ergo     ] GC(130) Pacer for Reset. Non-Taxable: 1984M
[2.637s][info][gc          ] GC(130) Concurrent reset 0.218ms
[2.638s][info][gc,start    ] GC(130) Pause Init Mark (unload classes)
[2.638s][info][gc,task     ] GC(130) Using 8 of 8 workers for init marking
[2.638s][info][gc,ergo     ] GC(130) Pacer for Mark. Expected Live: 12491K, Free: 1869M, Non-Taxable: 186M, Alloc Tax Rate: 0.0x
[2.638s][info][gc          ] GC(130) Pause Init Mark (unload classes) 0.045ms
[2.638s][info][gc,start    ] GC(130) Concurrent marking roots
[2.638s][info][gc,task     ] GC(130) Using 2 of 8 workers for concurrent marking roots
[2.638s][info][gc          ] GC(130) Concurrent marking roots 0.139ms
[2.638s][info][gc,start    ] GC(130) Concurrent marking (unload classes)
[2.638s][info][gc,task     ] GC(130) Using 2 of 8 workers for concurrent marking
[2.641s][info][gc          ] GC(130) Concurrent marking (unload classes) 3.204ms
[2.641s][info][gc,start    ] GC(130) Pause Final Mark (unload classes)
[2.641s][info][gc,task     ] GC(130) Using 8 of 8 workers for final marking
[2.642s][info][gc,ergo     ] GC(130) Collectable Garbage: 2998K (100%), Immediate: 0B (0%), CSet: 2998K (100%)
[2.642s][info][gc,ergo     ] GC(130) Pacer for Evacuation. Used CSet: 13776K, Free: 1868M, Non-Taxable: 186M, Alloc Tax Rate: 1.1x
[2.642s][info][gc          ] GC(130) Pause Final Mark (unload classes) 1.142ms
[2.642s][info][gc,start    ] GC(130) Concurrent thread roots
[2.642s][info][gc,task     ] GC(130) Using 2 of 8 workers for Concurrent thread roots
[2.642s][info][gc          ] GC(130) Concurrent thread roots 0.092ms
[2.642s][info][gc,start    ] GC(130) Concurrent weak references
[2.642s][info][gc,task     ] GC(130) Using 2 of 8 workers for concurrent weak references
[2.642s][info][gc,ref      ] GC(130) Encountered references: Soft: 3671, Weak: 1268, Final: 4, Phantom: 586
[2.642s][info][gc,ref      ] GC(130) Discovered  references: Soft: 0, Weak: 477, Final: 0, Phantom: 353
[2.642s][info][gc,ref      ] GC(130) Enqueued    references: Soft: 0, Weak: 0, Final: 0, Phantom: 0
[2.642s][info][gc          ] GC(130) Concurrent weak references 0.083ms
[2.642s][info][gc,start    ] GC(130) Concurrent weak roots
[2.642s][info][gc,task     ] GC(130) Using 2 of 8 workers for concurrent weak root
[2.643s][info][gc          ] GC(130) Concurrent weak roots 0.603ms
[2.643s][info][gc,start    ] GC(130) Concurrent cleanup
[2.643s][info][gc          ] GC(130) Concurrent cleanup 17M->18M(149M) 0.064ms
[2.643s][info][gc,ergo     ] GC(130) Free: 1868M, Max: 512K regular, 1868M humongous, Frag: 0% external, 0% internal; Reserve: 99840K, Max: 512K
[2.643s][info][gc,start    ] GC(130) Concurrent class unloading
[2.643s][info][gc,task     ] GC(130) Using 2 of 8 workers for concurrent class unloading
[2.644s][info][gc          ] GC(130) Concurrent class unloading 1.043ms
[2.644s][info][gc,start    ] GC(130) Concurrent strong roots
[2.644s][info][gc,task     ] GC(130) Using 2 of 8 workers for concurrent strong root
[2.644s][info][gc          ] GC(130) Concurrent strong roots 0.257ms
[2.644s][info][gc,start    ] GC(130) Concurrent evacuation
[2.644s][info][gc,task     ] GC(130) Using 2 of 8 workers for concurrent evacuation
[2.647s][info][gc          ] GC(130) Concurrent evacuation 2.177ms
[2.647s][info][gc,start    ] GC(130) Pause Init Update Refs
[2.647s][info][gc,ergo     ] GC(130) Pacer for Update Refs. Used: 28963K, Free: 1868M, Non-Taxable: 186M, Alloc Tax Rate: 1.1x
[2.647s][info][gc          ] GC(130) Pause Init Update Refs 0.024ms
[2.647s][info][gc,start    ] GC(130) Concurrent update references
[2.647s][info][gc,task     ] GC(130) Using 2 of 8 workers for concurrent reference update
[2.649s][info][gc          ] GC(130) Concurrent update references 2.343ms
[2.649s][info][gc,start    ] GC(130) Concurrent update thread roots
[2.649s][info][gc          ] GC(130) Concurrent update thread roots 0.092ms
[2.649s][info][gc,start    ] GC(130) Pause Final Update Refs
[2.649s][info][gc,task     ] GC(130) Using 8 of 8 workers for final reference update
[2.649s][info][gc          ] GC(130) Pause Final Update Refs 0.050ms
[2.649s][info][gc,start    ] GC(130) Concurrent cleanup
[2.649s][info][gc          ] GC(130) Concurrent cleanup 28M->14M(149M) 0.053ms
[2.649s][info][gc,ergo     ] Free: 1869M, Max: 512K regular, 1869M humongous, Frag: 1% external, 0% internal; Reserve: 101888K, Max: 512K
[2.649s][info][gc,stats    ] 
[2.649s][info][gc,stats    ] All times are wall-clock times, except per-root-class counters, that are sum over
[2.649s][info][gc,stats    ] all workers. Dividing the <total> over the root stage time estimates parallelism.
[2.649s][info][gc,stats    ] 
[2.649s][info][gc,stats    ] Concurrent Reset                    227 us
[2.649s][info][gc,stats    ] Pause Init Mark (G)                 136 us
[2.649s][info][gc,stats    ] Pause Init Mark (N)                  52 us
[2.649s][info][gc,stats    ]   Update Region States               13 us
[2.649s][info][gc,stats    ] Concurrent Mark Roots               149 us, parallelism: 0.80x
[2.649s][info][gc,stats    ]   CMR: <total>                      119 us
[2.650s][info][gc,stats    ]   CMR: Thread Roots                  42 us, workers (us):  42,   0, ---, ---, ---, ---, ---, ---, 
[2.650s][info][gc,stats    ]   CMR: VM Strong Roots                5 us, workers (us):   5,   0, ---, ---, ---, ---, ---, ---, 
[2.650s][info][gc,stats    ]   CMR: CLDG Roots                    72 us, workers (us): ---,  72, ---, ---, ---, ---, ---, ---, 
[2.650s][info][gc,stats    ] Concurrent Marking                 3225 us
[2.650s][info][gc,stats    ] Pause Final Mark (G)               1234 us
[2.650s][info][gc,stats    ] Pause Final Mark (N)               1150 us
[2.650s][info][gc,stats    ]   Finish Mark                      1028 us
[2.650s][info][gc,stats    ]   Update Region States               15 us
[2.650s][info][gc,stats    ]   Choose Collection Set              38 us
[2.650s][info][gc,stats    ]   Rebuild Free Set                   25 us
[2.650s][info][gc,stats    ] Concurrent Thread Roots             102 us, parallelism: 1.04x
[2.650s][info][gc,stats    ]   CTR: <total>                      105 us
[2.650s][info][gc,stats    ]   CTR: Thread Roots                 105 us, workers (us):  66,  39, ---, ---, ---, ---, ---, ---, 
[2.650s][info][gc,stats    ] Concurrent Weak References           90 us, parallelism: 0.71x
[2.650s][info][gc,stats    ]   CWRF: <total>                      64 us
[2.650s][info][gc,stats    ]   CWRF: Weak References              64 us, workers (us):  27,  36, ---, ---, ---, ---, ---, ---, 
[2.650s][info][gc,stats    ] Concurrent Weak Roots               622 us
[2.650s][info][gc,stats    ]   Roots                             491 us, parallelism: 1.87x
[2.650s][info][gc,stats    ]     CWR: <total>                    918 us
[2.650s][info][gc,stats    ]     CWR: Code Cache Roots           442 us, workers (us): 231, 211, ---, ---, ---, ---, ---, ---, 
[2.650s][info][gc,stats    ]     CWR: VM Weak Roots              469 us, workers (us): 238, 231, ---, ---, ---, ---, ---, ---, 
[2.650s][info][gc,stats    ]     CWR: CLDG Roots                   6 us, workers (us): ---,   6, ---, ---, ---, ---, ---, ---, 
[2.650s][info][gc,stats    ]   Rendezvous                         99 us
[2.650s][info][gc,stats    ] Concurrent Cleanup                   72 us
[2.650s][info][gc,stats    ] Concurrent Class Unloading         1056 us
[2.650s][info][gc,stats    ]   Unlink Stale                      975 us
[2.650s][info][gc,stats    ]     System Dictionary                25 us
[2.650s][info][gc,stats    ]     Weak Class Links                  0 us
[2.650s][info][gc,stats    ]     Code Roots                      949 us
[2.650s][info][gc,stats    ]   Rendezvous                         20 us
[2.650s][info][gc,stats    ]   Purge Unlinked                     30 us
[2.650s][info][gc,stats    ]     Code Roots                       28 us
[2.650s][info][gc,stats    ]     CLDG                              2 us
[2.650s][info][gc,stats    ]     Exception Caches                  0 us
[2.650s][info][gc,stats    ] Concurrent Strong Roots             272 us, parallelism: 0.65x
[2.650s][info][gc,stats    ]   CSR: <total>                      176 us
[2.650s][info][gc,stats    ]   CSR: VM Strong Roots                7 us, workers (us):   7,   0, ---, ---, ---, ---, ---, ---, 
[2.650s][info][gc,stats    ]   CSR: CLDG Roots                   169 us, workers (us): 169, ---, ---, ---, ---, ---, ---, ---, 
[2.650s][info][gc,stats    ] Concurrent Evacuation              2198 us
[2.650s][info][gc,stats    ] Pause Init Update Refs (G)          116 us
[2.650s][info][gc,stats    ] Pause Init Update Refs (N)           32 us
[2.650s][info][gc,stats    ]   Manage GCLABs                       3 us
[2.650s][info][gc,stats    ] Concurrent Update Refs             2363 us
[2.650s][info][gc,stats    ] Concurrent Update Thread Roots      102 us
[2.650s][info][gc,stats    ] Pause Final Update Refs (G)          73 us
[2.650s][info][gc,stats    ] Pause Final Update Refs (N)          58 us
[2.650s][info][gc,stats    ]   Update Region States               14 us
[2.650s][info][gc,stats    ]   Trash Collection Set                2 us
[2.650s][info][gc,stats    ]   Rebuild Free Set                   16 us
[2.650s][info][gc,stats    ] Concurrent Cleanup                   61 us
[2.650s][info][gc,stats    ] 
[2.650s][info][gc,stats    ] Allocation pacing accrued:
[2.650s][info][gc,stats    ]       0 of    14 ms (  0.0%): <total>
[2.650s][info][gc,stats    ]       0 of    14 ms (  0.0%): <average total>
[2.650s][info][gc,stats    ] 
[2.650s][info][gc,metaspace] Metaspace: 11417K(11584K)->11571K(11776K) NonClass: 10280K(10368K)->10406K(10496K) Class: 1136K(1216K)->1164K(1280K)
[2.650s][info][gc,ergo     ] Pacer for Idle. Initial: 40642K, Alloc Tax Rate: 1.0x
[2.651s][info][gc          ] Trigger: Start next cycle immediately
[2.651s][info][gc,ergo     ] Free: 1869M, Max: 512K regular, 1869M humongous, Frag: 0% external, 0% internal; Reserve: 101888K, Max: 512K
[2.651s][info][gc,start    ] GC(131) Concurrent reset
[2.651s][info][gc,task     ] GC(131) Using 2 of 8 workers for concurrent reset
[2.651s][info][gc,ergo     ] GC(131) Pacer for Reset. Non-Taxable: 1984M
[2.651s][info][gc          ] GC(131) Concurrent reset 0.231ms
[2.651s][info][gc,start    ] GC(131) Pause Init Mark (unload classes)
[2.651s][info][gc,task     ] GC(131) Using 8 of 8 workers for init marking
[2.651s][info][gc,ergo     ] GC(131) Pacer for Mark. Expected Live: 12561K, Free: 1869M, Non-Taxable: 186M, Alloc Tax Rate: 0.0x
[2.651s][info][gc          ] GC(131) Pause Init Mark (unload classes) 0.050ms
[2.651s][info][gc,start    ] GC(131) Concurrent marking roots
[2.651s][info][gc,task     ] GC(131) Using 2 of 8 workers for concurrent marking roots
[2.652s][info][gc          ] GC(131) Concurrent marking roots 0.195ms
[2.652s][info][gc,start    ] GC(131) Concurrent marking (unload classes)
[2.652s][info][gc,task     ] GC(131) Using 2 of 8 workers for concurrent marking
[2.655s][info][gc          ] GC(131) Concurrent marking (unload classes) 2.923ms
[2.655s][info][gc,start    ] GC(131) Pause Final Mark (unload classes)
[2.655s][info][gc,task     ] GC(131) Using 8 of 8 workers for final marking
[2.655s][info][gc,ergo     ] GC(131) Collectable Garbage: 3006K (100%), Immediate: 0B (0%), CSet: 3006K (100%)
[2.655s][info][gc,ergo     ] GC(131) Pacer for Evacuation. Used CSet: 13823K, Free: 1868M, Non-Taxable: 186M, Alloc Tax Rate: 1.1x
[2.655s][info][gc          ] GC(131) Pause Final Mark (unload classes) 0.736ms
[2.655s][info][gc,start    ] GC(131) Concurrent thread roots
[2.655s][info][gc,task     ] GC(131) Using 2 of 8 workers for Concurrent thread roots
[2.655s][info][gc          ] GC(131) Concurrent thread roots 0.090ms
[2.655s][info][gc,start    ] GC(131) Concurrent weak references
[2.655s][info][gc,task     ] GC(131) Using 2 of 8 workers for concurrent weak references
[2.655s][info][gc,ref      ] GC(131) Encountered references: Soft: 3671, Weak: 1278, Final: 4, Phantom: 587
[2.655s][info][gc,ref      ] GC(131) Discovered  references: Soft: 0, Weak: 469, Final: 0, Phantom: 354
[2.655s][info][gc,ref      ] GC(131) Enqueued    references: Soft: 0, Weak: 2, Final: 0, Phantom: 1
[2.655s][info][gc          ] GC(131) Concurrent weak references 0.103ms
[2.656s][info][gc,start    ] GC(131) Concurrent weak roots
[2.656s][info][gc,task     ] GC(131) Using 2 of 8 workers for concurrent weak root
[2.656s][info][gc          ] GC(131) Concurrent weak roots 0.988ms
[2.657s][info][gc,start    ] GC(131) Concurrent cleanup
[2.657s][info][gc          ] GC(131) Concurrent cleanup 17M->17M(149M) 0.058ms
[2.657s][info][gc,ergo     ] GC(131) Free: 1868M, Max: 512K regular, 1868M humongous, Frag: 0% external, 0% internal; Reserve: 100872K, Max: 512K
[2.657s][info][gc,start    ] GC(131) Concurrent class unloading
[2.657s][info][gc,task     ] GC(131) Using 2 of 8 workers for concurrent class unloading
[2.658s][info][gc          ] GC(131) Concurrent class unloading 1.171ms
[2.658s][info][gc,start    ] GC(131) Concurrent strong roots
[2.658s][info][gc,task     ] GC(131) Using 2 of 8 workers for concurrent strong root
[2.658s][info][gc          ] GC(131) Concurrent strong roots 0.226ms
[2.658s][info][gc,start    ] GC(131) Concurrent evacuation
[2.658s][info][gc,task     ] GC(131) Using 2 of 8 workers for concurrent evacuation
[2.662s][info][gc          ] GC(131) Concurrent evacuation 4.432ms
[2.663s][info][gc,start    ] GC(131) Pause Init Update Refs
[2.663s][info][gc,ergo     ] GC(131) Pacer for Update Refs. Used: 30026K, Free: 1867M, Non-Taxable: 186M, Alloc Tax Rate: 1.1x
[2.663s][info][gc          ] GC(131) Pause Init Update Refs 0.023ms
[2.663s][info][gc,start    ] GC(131) Concurrent update references
[2.663s][info][gc,task     ] GC(131) Using 2 of 8 workers for concurrent reference update
[2.667s][info][gc          ] GC(131) Concurrent update references 4.468ms
[2.667s][info][gc,start    ] GC(131) Concurrent update thread roots
[2.674s][info][gc          ] GC(131) Concurrent update thread roots 7.180ms
[2.674s][info][gc,start    ] GC(131) Pause Final Update Refs
[2.674s][info][gc,task     ] GC(131) Using 8 of 8 workers for final reference update
[2.674s][info][gc          ] GC(131) Pause Final Update Refs 0.066ms
[2.674s][info][gc,start    ] GC(131) Concurrent cleanup
[2.674s][info][gc          ] GC(131) Concurrent cleanup 29M->15M(149M) 0.055ms
[2.675s][info][gc,ergo     ] Free: 1868M, Max: 512K regular, 1867M humongous, Frag: 1% external, 0% internal; Reserve: 101888K, Max: 512K
[2.675s][info][gc,stats    ] 
[2.675s][info][gc,stats    ] All times are wall-clock times, except per-root-class counters, that are sum over
[2.675s][info][gc,stats    ] all workers. Dividing the <total> over the root stage time estimates parallelism.
[2.675s][info][gc,stats    ] 
[2.675s][info][gc,stats    ] Concurrent Reset                    242 us
[2.675s][info][gc,stats    ] Pause Init Mark (G)                  78 us
[2.675s][info][gc,stats    ] Pause Init Mark (N)                  58 us
[2.675s][info][gc,stats    ]   Update Region States               12 us
[2.675s][info][gc,stats    ] Concurrent Mark Roots               206 us, parallelism: 0.75x
[2.675s][info][gc,stats    ]   CMR: <total>                      155 us
[2.675s][info][gc,stats    ]   CMR: Thread Roots                  82 us, workers (us):  82,   0, ---, ---, ---, ---, ---, ---, 
[2.675s][info][gc,stats    ]   CMR: VM Strong Roots                4 us, workers (us):   4,   0, ---, ---, ---, ---, ---, ---, 
[2.675s][info][gc,stats    ]   CMR: CLDG Roots                    69 us, workers (us):  69, ---, ---, ---, ---, ---, ---, ---, 
[2.675s][info][gc,stats    ] Concurrent Marking                 2944 us
[2.675s][info][gc,stats    ] Pause Final Mark (G)                765 us
[2.675s][info][gc,stats    ] Pause Final Mark (N)                745 us
[2.675s][info][gc,stats    ]   Finish Mark                       637 us
[2.675s][info][gc,stats    ]   Update Region States               14 us
[2.675s][info][gc,stats    ]   Choose Collection Set              38 us
[2.675s][info][gc,stats    ]   Rebuild Free Set                   15 us
[2.675s][info][gc,stats    ] Concurrent Thread Roots              99 us, parallelism: 0.93x
[2.675s][info][gc,stats    ]   CTR: <total>                       92 us
[2.675s][info][gc,stats    ]   CTR: Thread Roots                  92 us, workers (us):  54,  38, ---, ---, ---, ---, ---, ---, 
[2.675s][info][gc,stats    ] Concurrent Weak References          111 us, parallelism: 0.52x
[2.675s][info][gc,stats    ]   CWRF: <total>                      57 us
[2.675s][info][gc,stats    ]   CWRF: Weak References              57 us, workers (us):  53,   4, ---, ---, ---, ---, ---, ---, 
[2.675s][info][gc,stats    ] Concurrent Weak Roots              1006 us
[2.675s][info][gc,stats    ]   Roots                             874 us, parallelism: 0.98x
[2.675s][info][gc,stats    ]     CWR: <total>                    852 us
[2.675s][info][gc,stats    ]     CWR: Code Cache Roots           381 us, workers (us): 381,   0, ---, ---, ---, ---, ---, ---, 
[2.675s][info][gc,stats    ]     CWR: VM Weak Roots              468 us, workers (us): 467,   0, ---, ---, ---, ---, ---, ---, 
[2.675s][info][gc,stats    ]     CWR: CLDG Roots                   3 us, workers (us):   3, ---, ---, ---, ---, ---, ---, ---, 
[2.675s][info][gc,stats    ]   Rendezvous                         98 us
[2.675s][info][gc,stats    ] Concurrent Cleanup                   66 us
[2.675s][info][gc,stats    ] Concurrent Class Unloading         1185 us
[2.675s][info][gc,stats    ]   Unlink Stale                      930 us
[2.675s][info][gc,stats    ]     System Dictionary                25 us
[2.675s][info][gc,stats    ]     Weak Class Links                  0 us
[2.675s][info][gc,stats    ]     Code Roots                      904 us
[2.675s][info][gc,stats    ]   Rendezvous                        177 us
[2.675s][info][gc,stats    ]   Purge Unlinked                     30 us
[2.675s][info][gc,stats    ]     Code Roots                       27 us
[2.675s][info][gc,stats    ]     CLDG                              2 us
[2.675s][info][gc,stats    ]     Exception Caches                  0 us
[2.675s][info][gc,stats    ] Concurrent Strong Roots             239 us, parallelism: 0.78x
[2.675s][info][gc,stats    ]   CSR: <total>                      188 us
[2.675s][info][gc,stats    ]   CSR: VM Strong Roots                9 us, workers (us):   5,   3, ---, ---, ---, ---, ---, ---, 
[2.675s][info][gc,stats    ]   CSR: CLDG Roots                   179 us, workers (us): ---, 179, ---, ---, ---, ---, ---, ---, 
[2.675s][info][gc,stats    ] Concurrent Evacuation              4454 us
[2.675s][info][gc,stats    ] Pause Init Update Refs (G)           52 us
[2.675s][info][gc,stats    ] Pause Init Update Refs (N)           31 us
[2.675s][info][gc,stats    ]   Manage GCLABs                       3 us
[2.675s][info][gc,stats    ] Concurrent Update Refs             4492 us
[2.675s][info][gc,stats    ] Concurrent Update Thread Roots     7205 us
[2.675s][info][gc,stats    ] Pause Final Update Refs (G)         169 us
[2.675s][info][gc,stats    ] Pause Final Update Refs (N)          74 us
[2.675s][info][gc,stats    ]   Update Region States               23 us
[2.675s][info][gc,stats    ]   Trash Collection Set                2 us
[2.675s][info][gc,stats    ]   Rebuild Free Set                   19 us
[2.675s][info][gc,stats    ] Concurrent Cleanup                   63 us
[2.675s][info][gc,stats    ] 
[2.675s][info][gc,stats    ] Allocation pacing accrued:
[2.675s][info][gc,stats    ]       0 of    25 ms (  0.0%): <total>
[2.675s][info][gc,stats    ]       0 of    25 ms (  0.0%): <average total>
[2.675s][info][gc,stats    ] 
[2.675s][info][gc,metaspace] Metaspace: 11609K(11840K)->11899K(12160K) NonClass: 10443K(10560K)->10710K(10880K) Class: 1166K(1280K)->1189K(1280K)
[2.675s][info][gc,ergo     ] Pacer for Idle. Initial: 40642K, Alloc Tax Rate: 1.0x
[2.676s][info][gc          ] Trigger: Start next cycle immediately
[2.676s][info][gc,ergo     ] Free: 1868M, Max: 512K regular, 1867M humongous, Frag: 1% external, 0% internal; Reserve: 101888K, Max: 512K
[2.676s][info][gc,start    ] GC(132) Concurrent reset
[2.676s][info][gc,task     ] GC(132) Using 2 of 8 workers for concurrent reset
[2.676s][info][gc,ergo     ] GC(132) Pacer for Reset. Non-Taxable: 1984M
[2.676s][info][gc          ] GC(132) Concurrent reset 0.224ms
[2.676s][info][gc,start    ] GC(132) Pause Init Mark (unload classes)
[2.677s][info][gc,task     ] GC(132) Using 8 of 8 workers for init marking
[2.677s][info][gc,ergo     ] GC(132) Pacer for Mark. Expected Live: 12621K, Free: 1868M, Non-Taxable: 186M, Alloc Tax Rate: 0.0x
[2.677s][info][gc          ] GC(132) Pause Init Mark (unload classes) 0.041ms
[2.677s][info][gc,start    ] GC(132) Concurrent marking roots
[2.677s][info][gc,task     ] GC(132) Using 2 of 8 workers for concurrent marking roots
[2.677s][info][gc          ] GC(132) Concurrent marking roots 0.128ms
[2.677s][info][gc,start    ] GC(132) Concurrent marking (unload classes)
[2.677s][info][gc,task     ] GC(132) Using 2 of 8 workers for concurrent marking
[2.680s][info][gc          ] GC(132) Concurrent marking (unload classes) 3.321ms
[2.680s][info][gc,start    ] GC(132) Pause Final Mark (unload classes)
[2.680s][info][gc,task     ] GC(132) Using 8 of 8 workers for final marking
[2.680s][info][gc,ergo     ] GC(132) Collectable Garbage: 3499K (100%), Immediate: 0B (0%), CSet: 3499K (100%)
[2.680s][info][gc,ergo     ] GC(132) Pacer for Evacuation. Used CSet: 14327K, Free: 1868M, Non-Taxable: 186M, Alloc Tax Rate: 1.1x
[2.680s][info][gc          ] GC(132) Pause Final Mark (unload classes) 0.177ms
[2.680s][info][gc,start    ] GC(132) Concurrent thread roots
[2.680s][info][gc,task     ] GC(132) Using 2 of 8 workers for Concurrent thread roots
[2.680s][info][gc          ] GC(132) Concurrent thread roots 0.068ms
[2.680s][info][gc,start    ] GC(132) Concurrent weak references
[2.680s][info][gc,task     ] GC(132) Using 2 of 8 workers for concurrent weak references
[2.680s][info][gc,ref      ] GC(132) Encountered references: Soft: 3674, Weak: 1276, Final: 4, Phantom: 586
[2.680s][info][gc,ref      ] GC(132) Discovered  references: Soft: 0, Weak: 482, Final: 0, Phantom: 353
[2.680s][info][gc,ref      ] GC(132) Enqueued    references: Soft: 0, Weak: 0, Final: 0, Phantom: 0
[2.680s][info][gc          ] GC(132) Concurrent weak references 0.080ms
[2.680s][info][gc,start    ] GC(132) Concurrent weak roots
[2.680s][info][gc,task     ] GC(132) Using 2 of 8 workers for concurrent weak root
[2.681s][info][gc          ] GC(132) Concurrent weak roots 0.586ms
[2.681s][info][gc,start    ] GC(132) Concurrent cleanup
[2.681s][info][gc          ] GC(132) Concurrent cleanup 16M->16M(149M) 0.058ms
[2.681s][info][gc,ergo     ] GC(132) Free: 1868M, Max: 512K regular, 1867M humongous, Frag: 1% external, 0% internal; Reserve: 101376K, Max: 512K
[2.681s][info][gc,start    ] GC(132) Concurrent class unloading
[2.681s][info][gc,task     ] GC(132) Using 2 of 8 workers for concurrent class unloading
[2.682s][info][gc          ] GC(132) Concurrent class unloading 1.176ms
[2.682s][info][gc,start    ] GC(132) Concurrent strong roots
[2.682s][info][gc,task     ] GC(132) Using 2 of 8 workers for concurrent strong root
[2.683s][info][gc          ] GC(132) Concurrent strong roots 0.228ms
[2.683s][info][gc,start    ] GC(132) Concurrent evacuation
[2.683s][info][gc,task     ] GC(132) Using 2 of 8 workers for concurrent evacuation
[2.685s][info][gc          ] GC(132) Concurrent evacuation 2.334ms
[2.685s][info][gc,start    ] GC(132) Pause Init Update Refs
[2.685s][info][gc,ergo     ] GC(132) Pacer for Update Refs. Used: 29962K, Free: 1867M, Non-Taxable: 186M, Alloc Tax Rate: 1.1x
[2.685s][info][gc          ] GC(132) Pause Init Update Refs 0.030ms
[2.685s][info][gc,start    ] GC(132) Concurrent update references
[2.685s][info][gc,task     ] GC(132) Using 2 of 8 workers for concurrent reference update
[2.688s][info][gc          ] GC(132) Concurrent update references 2.680ms
[2.693s][info][gc,start    ] GC(132) Concurrent update thread roots
[2.693s][info][gc          ] GC(132) Concurrent update thread roots 0.070ms
[2.693s][info][gc,start    ] GC(132) Pause Final Update Refs
[2.693s][info][gc,task     ] GC(132) Using 8 of 8 workers for final reference update
[2.693s][info][gc          ] GC(132) Pause Final Update Refs 0.056ms
[2.693s][info][gc,start    ] GC(132) Concurrent cleanup
[2.693s][info][gc          ] GC(132) Concurrent cleanup 29M->15M(149M) 0.053ms
[2.693s][info][gc,ergo     ] Free: 1869M, Max: 512K regular, 1868M humongous, Frag: 1% external, 0% internal; Reserve: 101888K, Max: 512K
[2.693s][info][gc,stats    ] 
[2.693s][info][gc,stats    ] All times are wall-clock times, except per-root-class counters, that are sum over
[2.693s][info][gc,stats    ] all workers. Dividing the <total> over the root stage time estimates parallelism.
[2.693s][info][gc,stats    ] 
[2.693s][info][gc,stats    ] Concurrent Reset                    233 us
[2.693s][info][gc,stats    ] Pause Init Mark (G)                 133 us
[2.693s][info][gc,stats    ] Pause Init Mark (N)                  48 us
[2.693s][info][gc,stats    ]   Update Region States               11 us
[2.693s][info][gc,stats    ] Concurrent Mark Roots               137 us, parallelism: 0.98x
[2.693s][info][gc,stats    ]   CMR: <total>                      133 us
[2.693s][info][gc,stats    ]   CMR: Thread Roots                  55 us, workers (us):   0,  55, ---, ---, ---, ---, ---, ---, 
[2.693s][info][gc,stats    ]   CMR: VM Strong Roots                6 us, workers (us):   5,   0, ---, ---, ---, ---, ---, ---, 
[2.693s][info][gc,stats    ]   CMR: CLDG Roots                    73 us, workers (us):  73, ---, ---, ---, ---, ---, ---, ---, 
[2.693s][info][gc,stats    ] Concurrent Marking                 3343 us
[2.693s][info][gc,stats    ] Pause Final Mark (G)                267 us
[2.693s][info][gc,stats    ] Pause Final Mark (N)                184 us
[2.693s][info][gc,stats    ]   Finish Mark                        85 us
[2.693s][info][gc,stats    ]   Update Region States               14 us
[2.693s][info][gc,stats    ]   Choose Collection Set              31 us
[2.693s][info][gc,stats    ]   Rebuild Free Set                   15 us
[2.693s][info][gc,stats    ] Concurrent Thread Roots              77 us, parallelism: 1.05x
[2.693s][info][gc,stats    ]   CTR: <total>                       81 us
[2.693s][info][gc,stats    ]   CTR: Thread Roots                  81 us, workers (us):  39,  42, ---, ---, ---, ---, ---, ---, 
[2.693s][info][gc,stats    ] Concurrent Weak References           85 us, parallelism: 0.70x
[2.693s][info][gc,stats    ]   CWRF: <total>                      59 us
[2.693s][info][gc,stats    ]   CWRF: Weak References              59 us, workers (us):  29,  30, ---, ---, ---, ---, ---, ---, 
[2.693s][info][gc,stats    ] Concurrent Weak Roots               607 us
[2.693s][info][gc,stats    ]   Roots                             552 us, parallelism: 1.87x
[2.693s][info][gc,stats    ]     CWR: <total>                   1033 us
[2.693s][info][gc,stats    ]     CWR: Code Cache Roots           532 us, workers (us): 274, 258, ---, ---, ---, ---, ---, ---, 
[2.693s][info][gc,stats    ]     CWR: VM Weak Roots              496 us, workers (us): 247, 249, ---, ---, ---, ---, ---, ---, 
[2.693s][info][gc,stats    ]     CWR: CLDG Roots                   5 us, workers (us):   5, ---, ---, ---, ---, ---, ---, ---, 
[2.693s][info][gc,stats    ]   Rendezvous                         18 us
[2.693s][info][gc,stats    ] Concurrent Cleanup                   82 us
[2.693s][info][gc,stats    ] Concurrent Class Unloading         1190 us
[2.693s][info][gc,stats    ]   Unlink Stale                     1077 us
[2.693s][info][gc,stats    ]     System Dictionary                23 us
[2.693s][info][gc,stats    ]     Weak Class Links                  0 us
[2.693s][info][gc,stats    ]     Code Roots                     1053 us
[2.693s][info][gc,stats    ]   Rendezvous                         16 us
[2.693s][info][gc,stats    ]   Purge Unlinked                     65 us
[2.693s][info][gc,stats    ]     Code Roots                       62 us
[2.693s][info][gc,stats    ]     CLDG                              2 us
[2.693s][info][gc,stats    ]     Exception Caches                  0 us
[2.693s][info][gc,stats    ] Concurrent Strong Roots             240 us, parallelism: 0.79x
[2.693s][info][gc,stats    ]   CSR: <total>                      190 us
[2.693s][info][gc,stats    ]   CSR: VM Strong Roots               11 us, workers (us):  10,   0, ---, ---, ---, ---, ---, ---, 
[2.693s][info][gc,stats    ]   CSR: CLDG Roots                   180 us, workers (us): 180, ---, ---, ---, ---, ---, ---, ---, 
[2.693s][info][gc,stats    ] Concurrent Evacuation              2355 us
[2.693s][info][gc,stats    ] Pause Init Update Refs (G)          119 us
[2.693s][info][gc,stats    ] Pause Init Update Refs (N)           35 us
[2.693s][info][gc,stats    ]   Manage GCLABs                       3 us
[2.693s][info][gc,stats    ] Concurrent Update Refs             7547 us
[2.693s][info][gc,stats    ] Concurrent Update Thread Roots       80 us
[2.693s][info][gc,stats    ] Pause Final Update Refs (G)         150 us
[2.693s][info][gc,stats    ] Pause Final Update Refs (N)          65 us
[2.693s][info][gc,stats    ]   Update Region States               18 us
[2.693s][info][gc,stats    ]   Trash Collection Set                2 us
[2.693s][info][gc,stats    ]   Rebuild Free Set                   16 us
[2.693s][info][gc,stats    ] Concurrent Cleanup                   61 us
[2.693s][info][gc,stats    ] 
[2.693s][info][gc,stats    ] Allocation pacing accrued:
[2.693s][info][gc,stats    ]       0 of    18 ms (  0.0%): <total>
[2.693s][info][gc,stats    ]       0 of    18 ms (  0.0%): <average total>
[2.693s][info][gc,stats    ] 
[2.694s][info][gc,metaspace] Metaspace: 11899K(12160K)->11904K(12160K) NonClass: 10710K(10880K)->10714K(10880K) Class: 1189K(1280K)->1189K(1280K)
[2.694s][info][gc,ergo     ] Pacer for Idle. Initial: 40642K, Alloc Tax Rate: 1.0x
[2.695s][info][gc          ] Trigger: Start next cycle immediately
[2.695s][info][gc,ergo     ] Free: 1869M, Max: 512K regular, 1868M humongous, Frag: 1% external, 0% internal; Reserve: 101888K, Max: 512K
[2.695s][info][gc,start    ] GC(133) Concurrent reset
[2.695s][info][gc,task     ] GC(133) Using 2 of 8 workers for concurrent reset
[2.695s][info][gc,ergo     ] GC(133) Pacer for Reset. Non-Taxable: 1984M
[2.695s][info][gc          ] GC(133) Concurrent reset 0.215ms
[2.707s][info][gc,start    ] GC(133) Pause Init Mark
[2.707s][info][gc,task     ] GC(133) Using 8 of 8 workers for init marking
[2.707s][info][gc,ergo     ] GC(133) Pacer for Mark. Expected Live: 12657K, Free: 1869M, Non-Taxable: 186M, Alloc Tax Rate: 0.0x
[2.707s][info][gc          ] GC(133) Pause Init Mark 0.075ms
[2.707s][info][gc,start    ] GC(133) Concurrent marking roots
[2.707s][info][gc,task     ] GC(133) Using 2 of 8 workers for concurrent marking roots
[2.707s][info][gc          ] GC(133) Concurrent marking roots 0.786ms
[2.707s][info][gc,start    ] GC(133) Concurrent marking
[2.707s][info][gc,task     ] GC(133) Using 2 of 8 workers for concurrent marking
[2.723s][info][gc          ] GC(133) Concurrent marking 15.380ms
[2.723s][info][gc,start    ] GC(133) Pause Final Mark
[2.723s][info][gc,task     ] GC(133) Using 8 of 8 workers for final marking
[2.730s][info][gc,ergo     ] GC(133) Collectable Garbage: 2930K (100%), Immediate: 512K (17%), CSet: 2418K (82%)
[2.730s][info][gc,ergo     ] GC(133) Pacer for Evacuation. Used CSet: 13251K, Free: 1869M, Non-Taxable: 186M, Alloc Tax Rate: 1.1x
[2.730s][info][gc          ] GC(133) Pause Final Mark 7.439ms
[2.730s][info][gc,start    ] GC(133) Concurrent thread roots
[2.730s][info][gc,task     ] GC(133) Using 2 of 8 workers for Concurrent thread roots
[2.731s][info][gc          ] GC(133) Concurrent thread roots 0.127ms
[2.731s][info][gc,start    ] GC(133) Concurrent weak references
[2.731s][info][gc,task     ] GC(133) Using 2 of 8 workers for concurrent weak references
[2.731s][info][gc,ref      ] GC(133) Encountered references: Soft: 3674, Weak: 1276, Final: 4, Phantom: 586
[2.731s][info][gc,ref      ] GC(133) Discovered  references: Soft: 0, Weak: 410, Final: 0, Phantom: 352
[2.731s][info][gc,ref      ] GC(133) Enqueued    references: Soft: 0, Weak: 0, Final: 0, Phantom: 0
[2.731s][info][gc          ] GC(133) Concurrent weak references 0.130ms
[2.731s][info][gc,start    ] GC(133) Concurrent weak roots
[2.731s][info][gc,task     ] GC(133) Using 2 of 8 workers for concurrent weak root
[2.731s][info][gc          ] GC(133) Concurrent weak roots 0.497ms
[2.731s][info][gc,start    ] GC(133) Concurrent cleanup
[2.731s][info][gc          ] GC(133) Concurrent cleanup 16M->15M(149M) 0.092ms
[2.731s][info][gc,ergo     ] GC(133) Free: 1869M, Max: 512K regular, 1868M humongous, Frag: 1% external, 0% internal; Reserve: 101412K, Max: 512K
[2.731s][info][gc,start    ] GC(133) Concurrent strong roots
[2.731s][info][gc,task     ] GC(133) Using 2 of 8 workers for concurrent strong root
[2.733s][info][gc          ] GC(133) Concurrent strong roots 1.176ms
[2.733s][info][gc,start    ] GC(133) Concurrent evacuation
[2.733s][info][gc,task     ] GC(133) Using 2 of 8 workers for concurrent evacuation
[2.735s][info][gc          ] GC(133) Concurrent evacuation 2.585ms
[2.738s][info][gc,start    ] GC(133) Pause Init Update Refs
[2.738s][info][gc,ergo     ] GC(133) Pacer for Update Refs. Used: 27922K, Free: 1868M, Non-Taxable: 186M, Alloc Tax Rate: 1.1x
[2.738s][info][gc          ] GC(133) Pause Init Update Refs 0.041ms
[2.738s][info][gc,start    ] GC(133) Concurrent update references
[2.738s][info][gc,task     ] GC(133) Using 2 of 8 workers for concurrent reference update
[2.741s][info][gc          ] GC(133) Concurrent update references 2.828ms
[2.741s][info][gc,start    ] GC(133) Concurrent update thread roots
[2.741s][info][gc          ] GC(133) Concurrent update thread roots 0.056ms
[2.741s][info][gc,start    ] GC(133) Pause Final Update Refs
[2.741s][info][gc,task     ] GC(133) Using 8 of 8 workers for final reference update
[2.741s][info][gc          ] GC(133) Pause Final Update Refs 0.052ms
[2.741s][info][gc,start    ] GC(133) Concurrent cleanup
[2.741s][info][gc          ] GC(133) Concurrent cleanup 27M->14M(149M) 0.054ms
[2.742s][info][gc,ergo     ] Free: 1870M, Max: 512K regular, 1869M humongous, Frag: 1% external, 0% internal; Reserve: 101888K, Max: 512K
[2.742s][info][gc,stats    ] 
[2.742s][info][gc,stats    ] All times are wall-clock times, except per-root-class counters, that are sum over
[2.742s][info][gc,stats    ] all workers. Dividing the <total> over the root stage time estimates parallelism.
[2.742s][info][gc,stats    ] 
[2.742s][info][gc,stats    ] Concurrent Reset                    224 us
[2.742s][info][gc,stats    ] Pause Init Mark (G)               11749 us
[2.742s][info][gc,stats    ] Pause Init Mark (N)                  99 us
[2.742s][info][gc,stats    ]   Update Region States               27 us
[2.742s][info][gc,stats    ] Concurrent Mark Roots               805 us, parallelism: 1.25x
[2.742s][info][gc,stats    ]   CMR: <total>                     1003 us
[2.742s][info][gc,stats    ]   CMR: Thread Roots                  57 us, workers (us):  57,   0, ---, ---, ---, ---, ---, ---, 
[2.742s][info][gc,stats    ]   CMR: Code Cache Roots             820 us, workers (us): 487, 332, ---, ---, ---, ---, ---, ---, 
[2.742s][info][gc,stats    ]   CMR: VM Strong Roots                6 us, workers (us):   5,   1, ---, ---, ---, ---, ---, ---, 
[2.742s][info][gc,stats    ]   CMR: CLDG Roots                   120 us, workers (us): 120, ---, ---, ---, ---, ---, ---, ---, 
[2.742s][info][gc,stats    ] Concurrent Marking                15405 us
[2.742s][info][gc,stats    ] Pause Final Mark (G)               7556 us
[2.742s][info][gc,stats    ] Pause Final Mark (N)               7450 us
[2.742s][info][gc,stats    ]   Finish Mark                      7288 us
[2.742s][info][gc,stats    ]   Update Region States               27 us
[2.742s][info][gc,stats    ]   Choose Collection Set              62 us
[2.742s][info][gc,stats    ]   Rebuild Free Set                   22 us
[2.742s][info][gc,stats    ] Concurrent Thread Roots             139 us, parallelism: 0.98x
[2.742s][info][gc,stats    ]   CTR: <total>                      135 us
[2.742s][info][gc,stats    ]   CTR: Thread Roots                 135 us, workers (us):  85,  51, ---, ---, ---, ---, ---, ---, 
[2.742s][info][gc,stats    ] Concurrent Weak References          140 us, parallelism: 0.46x
[2.742s][info][gc,stats    ]   CWRF: <total>                      64 us
[2.742s][info][gc,stats    ]   CWRF: Weak References              64 us, workers (us):  64,   0, ---, ---, ---, ---, ---, ---, 
[2.742s][info][gc,stats    ] Concurrent Weak Roots               513 us
[2.742s][info][gc,stats    ]   Roots                             434 us, parallelism: 1.47x
[2.742s][info][gc,stats    ]     CWR: <total>                    636 us
[2.742s][info][gc,stats    ]     CWR: VM Weak Roots              636 us, workers (us): 409, 227, ---, ---, ---, ---, ---, ---, 
[2.742s][info][gc,stats    ]   Rendezvous                         43 us
[2.742s][info][gc,stats    ] Concurrent Cleanup                  103 us
[2.742s][info][gc,stats    ] Concurrent Strong Roots            1199 us, parallelism: 0.94x
[2.742s][info][gc,stats    ]   CSR: <total>                     1128 us
[2.742s][info][gc,stats    ]   CSR: Code Cache Roots             895 us, workers (us): 895,   0, ---, ---, ---, ---, ---, ---, 
[2.742s][info][gc,stats    ]   CSR: VM Strong Roots               13 us, workers (us):  13,   0, ---, ---, ---, ---, ---, ---, 
[2.742s][info][gc,stats    ]   CSR: CLDG Roots                   221 us, workers (us): 221, ---, ---, ---, ---, ---, ---, ---, 
[2.742s][info][gc,stats    ] Concurrent Evacuation              2607 us
[2.742s][info][gc,stats    ] Pause Init Update Refs (G)         3220 us
[2.742s][info][gc,stats    ] Pause Init Update Refs (N)           48 us
[2.742s][info][gc,stats    ]   Manage GCLABs                       5 us
[2.742s][info][gc,stats    ] Concurrent Update Refs             2846 us
[2.742s][info][gc,stats    ] Concurrent Update Thread Roots       66 us
[2.742s][info][gc,stats    ] Pause Final Update Refs (G)         144 us
[2.742s][info][gc,stats    ] Pause Final Update Refs (N)          61 us
[2.742s][info][gc,stats    ]   Update Region States               14 us
[2.742s][info][gc,stats    ]   Trash Collection Set                3 us
[2.742s][info][gc,stats    ]   Rebuild Free Set                   16 us
[2.742s][info][gc,stats    ] Concurrent Cleanup                   62 us
[2.742s][info][gc,stats    ] 
[2.742s][info][gc,stats    ] Allocation pacing accrued:
[2.742s][info][gc,stats    ]       0 of    48 ms (  0.0%): <total>
[2.742s][info][gc,stats    ]       0 of    48 ms (  0.0%): <average total>
[2.742s][info][gc,stats    ] 
[2.742s][info][gc,metaspace] Metaspace: 11904K(12160K)->11904K(12160K) NonClass: 10714K(10880K)->10714K(10880K) Class: 1189K(1280K)->1189K(1280K)
[2.742s][info][gc,ergo     ] Pacer for Idle. Initial: 40642K, Alloc Tax Rate: 1.0x
[2.743s][info][gc          ] Trigger: Start next cycle immediately
[2.743s][info][gc,ergo     ] Free: 1870M, Max: 512K regular, 1869M humongous, Frag: 1% external, 0% internal; Reserve: 101888K, Max: 512K
[2.743s][info][gc,start    ] GC(134) Concurrent reset
[2.743s][info][gc,task     ] GC(134) Using 2 of 8 workers for concurrent reset
[2.743s][info][gc,ergo     ] GC(134) Pacer for Reset. Non-Taxable: 1984M
[2.743s][info][gc          ] GC(134) Concurrent reset 0.233ms
[2.743s][info][gc,start    ] GC(134) Pause Init Mark
[2.743s][info][gc,task     ] GC(134) Using 8 of 8 workers for init marking
[2.743s][info][gc,ergo     ] GC(134) Pacer for Mark. Expected Live: 12677K, Free: 1870M, Non-Taxable: 187M, Alloc Tax Rate: 0.0x
[2.743s][info][gc          ] GC(134) Pause Init Mark 0.043ms
[2.744s][info][gc,start    ] GC(134) Concurrent marking roots
[2.744s][info][gc,task     ] GC(134) Using 2 of 8 workers for concurrent marking roots
[2.744s][info][gc          ] GC(134) Concurrent marking roots 0.606ms
[2.744s][info][gc,start    ] GC(134) Concurrent marking
[2.744s][info][gc,task     ] GC(134) Using 2 of 8 workers for concurrent marking
[2.747s][info][gc          ] GC(134) Concurrent marking 3.252ms
[2.747s][info][gc,start    ] GC(134) Pause Final Mark
[2.747s][info][gc,task     ] GC(134) Using 8 of 8 workers for final marking
[2.748s][info][gc,ergo     ] GC(134) Collectable Garbage: 1967K (100%), Immediate: 512K (26%), CSet: 1455K (73%)
[2.748s][info][gc,ergo     ] GC(134) Pacer for Evacuation. Used CSet: 12283K, Free: 1870M, Non-Taxable: 187M, Alloc Tax Rate: 1.1x
[2.748s][info][gc          ] GC(134) Pause Final Mark 0.191ms
[2.748s][info][gc,start    ] GC(134) Concurrent thread roots
[2.748s][info][gc,task     ] GC(134) Using 2 of 8 workers for Concurrent thread roots
[2.748s][info][gc          ] GC(134) Concurrent thread roots 0.087ms
[2.748s][info][gc,start    ] GC(134) Concurrent weak references
[2.748s][info][gc,task     ] GC(134) Using 2 of 8 workers for concurrent weak references
[2.748s][info][gc,ref      ] GC(134) Encountered references: Soft: 3674, Weak: 1276, Final: 4, Phantom: 586
[2.748s][info][gc,ref      ] GC(134) Discovered  references: Soft: 0, Weak: 305, Final: 1, Phantom: 352
[2.748s][info][gc,ref      ] GC(134) Enqueued    references: Soft: 0, Weak: 0, Final: 0, Phantom: 0
[2.748s][info][gc          ] GC(134) Concurrent weak references 0.107ms
[2.748s][info][gc,start    ] GC(134) Concurrent weak roots
[2.748s][info][gc,task     ] GC(134) Using 2 of 8 workers for concurrent weak root
[2.748s][info][gc          ] GC(134) Concurrent weak roots 0.302ms
[2.748s][info][gc,start    ] GC(134) Concurrent cleanup
[2.748s][info][gc          ] GC(134) Concurrent cleanup 14M->14M(149M) 0.058ms
[2.748s][info][gc,ergo     ] GC(134) Free: 1870M, Max: 512K regular, 1869M humongous, Frag: 1% external, 0% internal; Reserve: 101376K, Max: 512K
[2.748s][info][gc,start    ] GC(134) Concurrent strong roots
[2.748s][info][gc,task     ] GC(134) Using 2 of 8 workers for concurrent strong root
[2.749s][info][gc          ] GC(134) Concurrent strong roots 0.559ms
[2.749s][info][gc,start    ] GC(134) Concurrent evacuation
[2.749s][info][gc,task     ] GC(134) Using 2 of 8 workers for concurrent evacuation
[2.751s][info][gc          ] GC(134) Concurrent evacuation 2.415ms
[2.751s][info][gc,start    ] GC(134) Pause Init Update Refs
[2.751s][info][gc,ergo     ] GC(134) Pacer for Update Refs. Used: 27467K, Free: 1870M, Non-Taxable: 187M, Alloc Tax Rate: 1.1x
[2.751s][info][gc          ] GC(134) Pause Init Update Refs 0.025ms
[2.751s][info][gc,start    ] GC(134) Concurrent update references
[2.751s][info][gc,task     ] GC(134) Using 2 of 8 workers for concurrent reference update
[2.754s][info][gc          ] GC(134) Concurrent update references 2.511ms
[2.754s][info][gc,start    ] GC(134) Concurrent update thread roots
[2.759s][info][gc          ] GC(134) Concurrent update thread roots 5.309ms
[2.762s][info][gc,start    ] GC(134) Pause Final Update Refs
[2.762s][info][gc,task     ] GC(134) Using 8 of 8 workers for final reference update
[2.762s][info][gc          ] GC(134) Pause Final Update Refs 0.066ms
[2.762s][info][gc,start    ] GC(134) Concurrent cleanup
[2.762s][info][gc          ] GC(134) Concurrent cleanup 26M->14M(149M) 0.054ms
[2.763s][info][gc,ergo     ] Free: 1869M, Max: 512K regular, 1868M humongous, Frag: 1% external, 0% internal; Reserve: 101888K, Max: 512K
[2.763s][info][gc,stats    ] 
[2.763s][info][gc,stats    ] All times are wall-clock times, except per-root-class counters, that are sum over
[2.763s][info][gc,stats    ] all workers. Dividing the <total> over the root stage time estimates parallelism.
[2.763s][info][gc,stats    ] 
[2.763s][info][gc,stats    ] Concurrent Reset                    247 us
[2.763s][info][gc,stats    ] Pause Init Mark (G)                 137 us
[2.763s][info][gc,stats    ] Pause Init Mark (N)                  51 us
[2.763s][info][gc,stats    ]   Update Region States               13 us
[2.763s][info][gc,stats    ] Concurrent Mark Roots               622 us, parallelism: 1.63x
[2.763s][info][gc,stats    ]   CMR: <total>                     1013 us
[2.763s][info][gc,stats    ]   CMR: Thread Roots                  67 us, workers (us):   0,  67, ---, ---, ---, ---, ---, ---, 
[2.763s][info][gc,stats    ]   CMR: Code Cache Roots             821 us, workers (us): 433, 387, ---, ---, ---, ---, ---, ---, 
[2.763s][info][gc,stats    ]   CMR: VM Strong Roots                5 us, workers (us):   5,   1, ---, ---, ---, ---, ---, ---, 
[2.763s][info][gc,stats    ]   CMR: CLDG Roots                   120 us, workers (us): 120, ---, ---, ---, ---, ---, ---, ---, 
[2.763s][info][gc,stats    ] Concurrent Marking                 3273 us
[2.763s][info][gc,stats    ] Pause Final Mark (G)                282 us
[2.763s][info][gc,stats    ] Pause Final Mark (N)                199 us
[2.763s][info][gc,stats    ]   Finish Mark                       101 us
[2.763s][info][gc,stats    ]   Update Region States               15 us
[2.763s][info][gc,stats    ]   Choose Collection Set              30 us
[2.763s][info][gc,stats    ]   Rebuild Free Set                   15 us
[2.763s][info][gc,stats    ] Concurrent Thread Roots              97 us, parallelism: 1.06x
[2.763s][info][gc,stats    ]   CTR: <total>                      103 us
[2.763s][info][gc,stats    ]   CTR: Thread Roots                 103 us, workers (us):  55,  48, ---, ---, ---, ---, ---, ---, 
[2.763s][info][gc,stats    ] Concurrent Weak References          115 us, parallelism: 0.50x
[2.763s][info][gc,stats    ]   CWRF: <total>                      57 us
[2.763s][info][gc,stats    ]   CWRF: Weak References              57 us, workers (us):  56,   1, ---, ---, ---, ---, ---, ---, 
[2.763s][info][gc,stats    ] Concurrent Weak Roots               312 us
[2.763s][info][gc,stats    ]   Roots                             274 us, parallelism: 1.81x
[2.763s][info][gc,stats    ]     CWR: <total>                    495 us
[2.763s][info][gc,stats    ]     CWR: VM Weak Roots              495 us, workers (us): 251, 244, ---, ---, ---, ---, ---, ---, 
[2.763s][info][gc,stats    ]   Rendezvous                         15 us
[2.763s][info][gc,stats    ] Concurrent Cleanup                   66 us
[2.763s][info][gc,stats    ] Concurrent Strong Roots             580 us, parallelism: 1.68x
[2.763s][info][gc,stats    ]   CSR: <total>                      975 us
[2.763s][info][gc,stats    ]   CSR: Code Cache Roots             796 us, workers (us): 517, 279, ---, ---, ---, ---, ---, ---, 
[2.763s][info][gc,stats    ]   CSR: VM Strong Roots               12 us, workers (us):   6,   6, ---, ---, ---, ---, ---, ---, 
[2.763s][info][gc,stats    ]   CSR: CLDG Roots                   166 us, workers (us): ---, 166, ---, ---, ---, ---, ---, ---, 
[2.763s][info][gc,stats    ] Concurrent Evacuation              2436 us
[2.763s][info][gc,stats    ] Pause Init Update Refs (G)          123 us
[2.763s][info][gc,stats    ] Pause Init Update Refs (N)           33 us
[2.763s][info][gc,stats    ]   Manage GCLABs                       4 us
[2.763s][info][gc,stats    ] Concurrent Update Refs             2535 us
[2.763s][info][gc,stats    ] Concurrent Update Thread Roots     8282 us
[2.763s][info][gc,stats    ] Pause Final Update Refs (G)         171 us
[2.763s][info][gc,stats    ] Pause Final Update Refs (N)          75 us
[2.763s][info][gc,stats    ]   Update Region States               18 us
[2.763s][info][gc,stats    ]   Trash Collection Set                2 us
[2.763s][info][gc,stats    ]   Rebuild Free Set                   17 us
[2.763s][info][gc,stats    ] Concurrent Cleanup                   62 us
[2.763s][info][gc,stats    ] 
[2.763s][info][gc,stats    ] Allocation pacing accrued:
[2.763s][info][gc,stats    ]       0 of    21 ms (  0.0%): <total>
[2.763s][info][gc,stats    ]       0 of    21 ms (  0.0%): <average total>
[2.763s][info][gc,stats    ] 
[2.763s][info][gc,metaspace] Metaspace: 11904K(12160K)->11905K(12160K) NonClass: 10714K(10880K)->10715K(10880K) Class: 1189K(1280K)->1189K(1280K)
[2.763s][info][gc,ergo     ] Pacer for Idle. Initial: 40642K, Alloc Tax Rate: 1.0x
[2.764s][info][gc          ] Trigger: Start next cycle immediately
[2.764s][info][gc,ergo     ] Free: 1869M, Max: 512K regular, 1868M humongous, Frag: 1% external, 0% internal; Reserve: 101888K, Max: 512K
[2.764s][info][gc,start    ] GC(135) Concurrent reset
[2.764s][info][gc,task     ] GC(135) Using 2 of 8 workers for concurrent reset
[2.764s][info][gc,ergo     ] GC(135) Pacer for Reset. Non-Taxable: 1984M
[2.764s][info][gc          ] GC(135) Concurrent reset 0.201ms
[2.764s][info][gc,start    ] GC(135) Pause Init Mark
[2.764s][info][gc,task     ] GC(135) Using 8 of 8 workers for init marking
[2.764s][info][gc,ergo     ] GC(135) Pacer for Mark. Expected Live: 12691K, Free: 1869M, Non-Taxable: 186M, Alloc Tax Rate: 0.0x
[2.764s][info][gc          ] GC(135) Pause Init Mark 0.042ms
[2.764s][info][gc,start    ] GC(135) Concurrent marking roots
[2.764s][info][gc,task     ] GC(135) Using 2 of 8 workers for concurrent marking roots
[2.765s][info][gc          ] GC(135) Concurrent marking roots 0.550ms
[2.765s][info][gc,start    ] GC(135) Concurrent marking
[2.765s][info][gc,task     ] GC(135) Using 2 of 8 workers for concurrent marking
[2.768s][info][gc          ] GC(135) Concurrent marking 3.264ms
[2.769s][info][gc,start    ] GC(135) Pause Final Mark
[2.769s][info][gc,task     ] GC(135) Using 8 of 8 workers for final marking
[2.769s][info][gc,ergo     ] GC(135) Collectable Garbage: 2479K (100%), Immediate: 0B (0%), CSet: 2479K (100%)
[2.769s][info][gc,ergo     ] GC(135) Pacer for Evacuation. Used CSet: 13308K, Free: 1869M, Non-Taxable: 186M, Alloc Tax Rate: 1.1x
[2.769s][info][gc          ] GC(135) Pause Final Mark 0.195ms
[2.769s][info][gc,start    ] GC(135) Concurrent thread roots
[2.769s][info][gc,task     ] GC(135) Using 2 of 8 workers for Concurrent thread roots
[2.769s][info][gc          ] GC(135) Concurrent thread roots 0.105ms
[2.769s][info][gc,start    ] GC(135) Concurrent weak references
[2.769s][info][gc,task     ] GC(135) Using 2 of 8 workers for concurrent weak references
[2.769s][info][gc,ref      ] GC(135) Encountered references: Soft: 3674, Weak: 1276, Final: 4, Phantom: 586
[2.769s][info][gc,ref      ] GC(135) Discovered  references: Soft: 0, Weak: 528, Final: 1, Phantom: 351
[2.769s][info][gc,ref      ] GC(135) Enqueued    references: Soft: 0, Weak: 0, Final: 0, Phantom: 0
[2.769s][info][gc          ] GC(135) Concurrent weak references 0.086ms
[2.769s][info][gc,start    ] GC(135) Concurrent weak roots
[2.769s][info][gc,task     ] GC(135) Using 2 of 8 workers for concurrent weak root
[2.770s][info][gc          ] GC(135) Concurrent weak roots 0.464ms
[2.770s][info][gc,start    ] GC(135) Concurrent cleanup
[2.770s][info][gc          ] GC(135) Concurrent cleanup 15M->15M(149M) 0.058ms
[2.770s][info][gc,ergo     ] GC(135) Free: 1869M, Max: 512K regular, 1868M humongous, Frag: 1% external, 0% internal; Reserve: 101365K, Max: 512K
[2.770s][info][gc,start    ] GC(135) Concurrent strong roots
[2.770s][info][gc,task     ] GC(135) Using 2 of 8 workers for concurrent strong root
[2.770s][info][gc          ] GC(135) Concurrent strong roots 0.572ms
[2.771s][info][gc,start    ] GC(135) Concurrent evacuation
[2.771s][info][gc,task     ] GC(135) Using 2 of 8 workers for concurrent evacuation
[2.773s][info][gc          ] GC(135) Concurrent evacuation 2.438ms
[2.773s][info][gc,start    ] GC(135) Pause Init Update Refs
[2.773s][info][gc,ergo     ] GC(135) Pacer for Update Refs. Used: 28491K, Free: 1868M, Non-Taxable: 186M, Alloc Tax Rate: 1.1x
[2.773s][info][gc          ] GC(135) Pause Init Update Refs 0.024ms
[2.773s][info][gc,start    ] GC(135) Concurrent update references
[2.773s][info][gc,task     ] GC(135) Using 2 of 8 workers for concurrent reference update
[2.776s][info][gc          ] GC(135) Concurrent update references 2.595ms
[2.776s][info][gc,start    ] GC(135) Concurrent update thread roots
[2.776s][info][gc          ] GC(135) Concurrent update thread roots 0.077ms
[2.776s][info][gc,start    ] GC(135) Pause Final Update Refs
[2.776s][info][gc,task     ] GC(135) Using 8 of 8 workers for final reference update
[2.776s][info][gc          ] GC(135) Pause Final Update Refs 0.050ms
[2.776s][info][gc,start    ] GC(135) Concurrent cleanup
[2.776s][info][gc          ] GC(135) Concurrent cleanup 27M->14M(149M) 0.053ms
[2.776s][info][gc,ergo     ] Free: 1869M, Max: 512K regular, 1869M humongous, Frag: 1% external, 0% internal; Reserve: 101888K, Max: 512K
[2.776s][info][gc,stats    ] 
[2.776s][info][gc,stats    ] All times are wall-clock times, except per-root-class counters, that are sum over
[2.776s][info][gc,stats    ] all workers. Dividing the <total> over the root stage time estimates parallelism.
[2.776s][info][gc,stats    ] 
[2.776s][info][gc,stats    ] Concurrent Reset                    210 us
[2.776s][info][gc,stats    ] Pause Init Mark (G)                 139 us
[2.776s][info][gc,stats    ] Pause Init Mark (N)                  50 us
[2.776s][info][gc,stats    ]   Update Region States               12 us
[2.776s][info][gc,stats    ] Concurrent Mark Roots               569 us, parallelism: 1.63x
[2.776s][info][gc,stats    ]   CMR: <total>                      926 us
[2.776s][info][gc,stats    ]   CMR: Thread Roots                  47 us, workers (us):  47,   0, ---, ---, ---, ---, ---, ---, 
[2.776s][info][gc,stats    ]   CMR: Code Cache Roots             765 us, workers (us): 276, 490, ---, ---, ---, ---, ---, ---, 
[2.776s][info][gc,stats    ]   CMR: VM Strong Roots                5 us, workers (us):   4,   0, ---, ---, ---, ---, ---, ---, 
[2.776s][info][gc,stats    ]   CMR: CLDG Roots                   109 us, workers (us): 109, ---, ---, ---, ---, ---, ---, ---, 
[2.776s][info][gc,stats    ] Concurrent Marking                 3284 us
[2.776s][info][gc,stats    ] Pause Final Mark (G)                803 us
[2.776s][info][gc,stats    ] Pause Final Mark (N)                203 us
[2.776s][info][gc,stats    ]   Finish Mark                        90 us
[2.776s][info][gc,stats    ]   Update Region States               14 us
[2.776s][info][gc,stats    ]   Choose Collection Set              32 us
[2.776s][info][gc,stats    ]   Rebuild Free Set                   15 us
[2.776s][info][gc,stats    ] Concurrent Thread Roots             115 us, parallelism: 1.26x
[2.776s][info][gc,stats    ]   CTR: <total>                      145 us
[2.776s][info][gc,stats    ]   CTR: Thread Roots                 145 us, workers (us):  72,  73, ---, ---, ---, ---, ---, ---, 
[2.776s][info][gc,stats    ] Concurrent Weak References           91 us, parallelism: 0.79x
[2.776s][info][gc,stats    ]   CWRF: <total>                      72 us
[2.776s][info][gc,stats    ]   CWRF: Weak References              72 us, workers (us):  37,  35, ---, ---, ---, ---, ---, ---, 
[2.776s][info][gc,stats    ] Concurrent Weak Roots               480 us
[2.776s][info][gc,stats    ]   Roots                             273 us, parallelism: 1.84x
[2.776s][info][gc,stats    ]     CWR: <total>                    501 us
[2.776s][info][gc,stats    ]     CWR: VM Weak Roots              501 us, workers (us): 255, 246, ---, ---, ---, ---, ---, ---, 
[2.776s][info][gc,stats    ]   Rendezvous                        175 us
[2.776s][info][gc,stats    ] Concurrent Cleanup                   66 us
[2.776s][info][gc,stats    ] Concurrent Strong Roots             593 us, parallelism: 1.63x
[2.776s][info][gc,stats    ]   CSR: <total>                      967 us
[2.776s][info][gc,stats    ]   CSR: Code Cache Roots             786 us, workers (us): 504, 282, ---, ---, ---, ---, ---, ---, 
[2.776s][info][gc,stats    ]   CSR: VM Strong Roots               10 us, workers (us):   9,   0, ---, ---, ---, ---, ---, ---, 
[2.776s][info][gc,stats    ]   CSR: CLDG Roots                   170 us, workers (us): ---, 170, ---, ---, ---, ---, ---, ---, 
[2.776s][info][gc,stats    ] Concurrent Evacuation              2458 us
[2.776s][info][gc,stats    ] Pause Init Update Refs (G)          119 us
[2.776s][info][gc,stats    ] Pause Init Update Refs (N)           32 us
[2.776s][info][gc,stats    ]   Manage GCLABs                       3 us
[2.776s][info][gc,stats    ] Concurrent Update Refs             2619 us
[2.776s][info][gc,stats    ] Concurrent Update Thread Roots       86 us
[2.776s][info][gc,stats    ] Pause Final Update Refs (G)         140 us
[2.776s][info][gc,stats    ] Pause Final Update Refs (N)          58 us
[2.776s][info][gc,stats    ]   Update Region States               13 us
[2.776s][info][gc,stats    ]   Trash Collection Set                2 us
[2.776s][info][gc,stats    ]   Rebuild Free Set                   16 us
[2.776s][info][gc,stats    ] Concurrent Cleanup                   61 us
[2.776s][info][gc,stats    ] 
[2.776s][info][gc,stats    ] Allocation pacing accrued:
[2.776s][info][gc,stats    ]       0 of    13 ms (  0.0%): <total>
[2.776s][info][gc,stats    ]       0 of    13 ms (  0.0%): <average total>
[2.776s][info][gc,stats    ] 
[2.776s][info][gc,metaspace] Metaspace: 11905K(12160K)->11906K(12160K) NonClass: 10715K(10880K)->10716K(10880K) Class: 1189K(1280K)->1189K(1280K)
[2.776s][info][gc,ergo     ] Pacer for Idle. Initial: 40642K, Alloc Tax Rate: 1.0x
[2.778s][info][gc          ] Trigger: Start next cycle immediately
[2.778s][info][gc,ergo     ] Free: 1869M, Max: 512K regular, 1869M humongous, Frag: 1% external, 0% internal; Reserve: 101888K, Max: 512K
[2.778s][info][gc,start    ] GC(136) Concurrent reset
[2.778s][info][gc,task     ] GC(136) Using 2 of 8 workers for concurrent reset
[2.778s][info][gc,ergo     ] GC(136) Pacer for Reset. Non-Taxable: 1984M
[2.778s][info][gc          ] GC(136) Concurrent reset 0.169ms
[2.778s][info][gc,start    ] GC(136) Pause Init Mark (unload classes)
[2.778s][info][gc,task     ] GC(136) Using 8 of 8 workers for init marking
[2.778s][info][gc,ergo     ] GC(136) Pacer for Mark. Expected Live: 12701K, Free: 1869M, Non-Taxable: 186M, Alloc Tax Rate: 0.0x
[2.778s][info][gc          ] GC(136) Pause Init Mark (unload classes) 0.043ms
[2.778s][info][gc,start    ] GC(136) Concurrent marking roots
[2.778s][info][gc,task     ] GC(136) Using 2 of 8 workers for concurrent marking roots
[2.778s][info][gc          ] GC(136) Concurrent marking roots 0.122ms
[2.778s][info][gc,start    ] GC(136) Concurrent marking (unload classes)
[2.778s][info][gc,task     ] GC(136) Using 2 of 8 workers for concurrent marking
[2.781s][info][gc          ] GC(136) Concurrent marking (unload classes) 2.988ms
[2.781s][info][gc,start    ] GC(136) Pause Final Mark (unload classes)
[2.781s][info][gc,task     ] GC(136) Using 8 of 8 workers for final marking
[2.781s][info][gc,ergo     ] GC(136) Collectable Garbage: 2478K (100%), Immediate: 0B (0%), CSet: 2478K (100%)
[2.781s][info][gc,ergo     ] GC(136) Pacer for Evacuation. Used CSet: 13307K, Free: 1869M, Non-Taxable: 186M, Alloc Tax Rate: 1.1x
[2.781s][info][gc          ] GC(136) Pause Final Mark (unload classes) 0.163ms
[2.781s][info][gc,start    ] GC(136) Concurrent thread roots
[2.781s][info][gc,task     ] GC(136) Using 2 of 8 workers for Concurrent thread roots
[2.781s][info][gc          ] GC(136) Concurrent thread roots 0.068ms
[2.781s][info][gc,start    ] GC(136) Concurrent weak references
[2.781s][info][gc,task     ] GC(136) Using 2 of 8 workers for concurrent weak references
[2.781s][info][gc,ref      ] GC(136) Encountered references: Soft: 3674, Weak: 1276, Final: 4, Phantom: 586
[2.781s][info][gc,ref      ] GC(136) Discovered  references: Soft: 0, Weak: 480, Final: 0, Phantom: 353
[2.782s][info][gc,ref      ] GC(136) Enqueued    references: Soft: 0, Weak: 0, Final: 0, Phantom: 0
[2.782s][info][gc          ] GC(136) Concurrent weak references 0.094ms
[2.782s][info][gc,start    ] GC(136) Concurrent weak roots
[2.782s][info][gc,task     ] GC(136) Using 2 of 8 workers for concurrent weak root
[2.782s][info][gc          ] GC(136) Concurrent weak roots 0.556ms
[2.782s][info][gc,start    ] GC(136) Concurrent cleanup
[2.782s][info][gc          ] GC(136) Concurrent cleanup 15M->15M(149M) 0.058ms
[2.782s][info][gc,ergo     ] GC(136) Free: 1869M, Max: 512K regular, 1869M humongous, Frag: 0% external, 0% internal; Reserve: 101367K, Max: 512K
[2.782s][info][gc,start    ] GC(136) Concurrent class unloading
[2.782s][info][gc,task     ] GC(136) Using 2 of 8 workers for concurrent class unloading
[2.783s][info][gc          ] GC(136) Concurrent class unloading 1.112ms
[2.783s][info][gc,start    ] GC(136) Concurrent strong roots
[2.783s][info][gc,task     ] GC(136) Using 2 of 8 workers for concurrent strong root
[2.784s][info][gc          ] GC(136) Concurrent strong roots 0.189ms
[2.784s][info][gc,start    ] GC(136) Concurrent evacuation
[2.784s][info][gc,task     ] GC(136) Using 2 of 8 workers for concurrent evacuation
[2.786s][info][gc          ] GC(136) Concurrent evacuation 2.217ms
[2.786s][info][gc,start    ] GC(136) Pause Init Update Refs
[2.786s][info][gc,ergo     ] GC(136) Pacer for Update Refs. Used: 28490K, Free: 1868M, Non-Taxable: 186M, Alloc Tax Rate: 1.1x
[2.786s][info][gc          ] GC(136) Pause Init Update Refs 0.026ms
[2.786s][info][gc,start    ] GC(136) Concurrent update references
[2.786s][info][gc,task     ] GC(136) Using 2 of 8 workers for concurrent reference update
[2.788s][info][gc          ] GC(136) Concurrent update references 2.484ms
[2.788s][info][gc,start    ] GC(136) Concurrent update thread roots
[2.788s][info][gc          ] GC(136) Concurrent update thread roots 0.050ms
[2.789s][info][gc,start    ] GC(136) Pause Final Update Refs
[2.789s][info][gc,task     ] GC(136) Using 8 of 8 workers for final reference update
[2.789s][info][gc          ] GC(136) Pause Final Update Refs 0.050ms
[2.789s][info][gc,start    ] GC(136) Concurrent cleanup
[2.789s][info][gc          ] GC(136) Concurrent cleanup 27M->14M(149M) 0.053ms
[2.789s][info][gc,ergo     ] Free: 1869M, Max: 512K regular, 1868M humongous, Frag: 1% external, 0% internal; Reserve: 101888K, Max: 512K
[2.789s][info][gc,stats    ] 
[2.789s][info][gc,stats    ] All times are wall-clock times, except per-root-class counters, that are sum over
[2.789s][info][gc,stats    ] all workers. Dividing the <total> over the root stage time estimates parallelism.
[2.789s][info][gc,stats    ] 
[2.789s][info][gc,stats    ] Concurrent Reset                    178 us
[2.789s][info][gc,stats    ] Pause Init Mark (G)                 135 us
[2.789s][info][gc,stats    ] Pause Init Mark (N)                  51 us
[2.789s][info][gc,stats    ]   Update Region States               13 us
[2.789s][info][gc,stats    ] Concurrent Mark Roots               131 us, parallelism: 0.90x
[2.789s][info][gc,stats    ]   CMR: <total>                      118 us
[2.789s][info][gc,stats    ]   CMR: Thread Roots                  45 us, workers (us):   0,  45, ---, ---, ---, ---, ---, ---, 
[2.789s][info][gc,stats    ]   CMR: VM Strong Roots                5 us, workers (us):   4,   1, ---, ---, ---, ---, ---, ---, 
[2.789s][info][gc,stats    ]   CMR: CLDG Roots                    67 us, workers (us):  67, ---, ---, ---, ---, ---, ---, ---, 
[2.789s][info][gc,stats    ] Concurrent Marking                 3012 us
[2.789s][info][gc,stats    ] Pause Final Mark (G)                254 us
[2.789s][info][gc,stats    ] Pause Final Mark (N)                171 us
[2.789s][info][gc,stats    ]   Finish Mark                        65 us
[2.789s][info][gc,stats    ]   Update Region States               13 us
[2.789s][info][gc,stats    ]   Choose Collection Set              28 us
[2.789s][info][gc,stats    ]   Rebuild Free Set                   15 us
[2.789s][info][gc,stats    ] Concurrent Thread Roots              92 us, parallelism: 0.75x
[2.789s][info][gc,stats    ]   CTR: <total>                       69 us
[2.789s][info][gc,stats    ]   CTR: Thread Roots                  69 us, workers (us):  39,  30, ---, ---, ---, ---, ---, ---, 
[2.789s][info][gc,stats    ] Concurrent Weak References          100 us, parallelism: 0.58x
[2.789s][info][gc,stats    ]   CWRF: <total>                      57 us
[2.789s][info][gc,stats    ]   CWRF: Weak References              57 us, workers (us):  28,  29, ---, ---, ---, ---, ---, ---, 
[2.789s][info][gc,stats    ] Concurrent Weak Roots               575 us
[2.789s][info][gc,stats    ]   Roots                             522 us, parallelism: 1.88x
[2.789s][info][gc,stats    ]     CWR: <total>                    982 us
[2.789s][info][gc,stats    ]     CWR: Code Cache Roots           481 us, workers (us): 240, 241, ---, ---, ---, ---, ---, ---, 
[2.789s][info][gc,stats    ]     CWR: VM Weak Roots              496 us, workers (us): 250, 245, ---, ---, ---, ---, ---, ---, 
[2.789s][info][gc,stats    ]     CWR: CLDG Roots                   6 us, workers (us): ---,   6, ---, ---, ---, ---, ---, ---, 
[2.789s][info][gc,stats    ]   Rendezvous                         19 us
[2.789s][info][gc,stats    ] Concurrent Cleanup                   67 us
[2.789s][info][gc,stats    ] Concurrent Class Unloading         1126 us
[2.789s][info][gc,stats    ]   Unlink Stale                      963 us
[2.789s][info][gc,stats    ]     System Dictionary                26 us
[2.789s][info][gc,stats    ]     Weak Class Links                  0 us
[2.789s][info][gc,stats    ]     Code Roots                      936 us
[2.789s][info][gc,stats    ]   Rendezvous                         23 us
[2.789s][info][gc,stats    ]   Purge Unlinked                    107 us
[2.789s][info][gc,stats    ]     Code Roots                      104 us
[2.789s][info][gc,stats    ]     CLDG                              3 us
[2.789s][info][gc,stats    ]     Exception Caches                  0 us
[2.789s][info][gc,stats    ] Concurrent Strong Roots             205 us, parallelism: 0.76x
[2.789s][info][gc,stats    ]   CSR: <total>                      155 us
[2.789s][info][gc,stats    ]   CSR: VM Strong Roots                9 us, workers (us):   7,   2, ---, ---, ---, ---, ---, ---, 
[2.789s][info][gc,stats    ]   CSR: CLDG Roots                   147 us, workers (us): ---, 147, ---, ---, ---, ---, ---, ---, 
[2.789s][info][gc,stats    ] Concurrent Evacuation              2238 us
[2.789s][info][gc,stats    ] Pause Init Update Refs (G)          119 us
[2.789s][info][gc,stats    ] Pause Init Update Refs (N)           34 us
[2.789s][info][gc,stats    ]   Manage GCLABs                       3 us
[2.789s][info][gc,stats    ] Concurrent Update Refs             2505 us
[2.789s][info][gc,stats    ] Concurrent Update Thread Roots       59 us
[2.789s][info][gc,stats    ] Pause Final Update Refs (G)         140 us
[2.789s][info][gc,stats    ] Pause Final Update Refs (N)          59 us
[2.789s][info][gc,stats    ]   Update Region States               13 us
[2.789s][info][gc,stats    ]   Trash Collection Set                2 us
[2.789s][info][gc,stats    ]   Rebuild Free Set                   16 us
[2.789s][info][gc,stats    ] Concurrent Cleanup                   62 us
[2.789s][info][gc,stats    ] 
[2.789s][info][gc,stats    ] Allocation pacing accrued:
[2.789s][info][gc,stats    ]       0 of    13 ms (  0.0%): <total>
[2.789s][info][gc,stats    ]       0 of    13 ms (  0.0%): <average total>
[2.789s][info][gc,stats    ] 
[2.789s][info][gc,metaspace] Metaspace: 11906K(12160K)->11906K(12160K) NonClass: 10716K(10880K)->10716K(10880K) Class: 1189K(1280K)->1189K(1280K)
[2.789s][info][gc,ergo     ] Pacer for Idle. Initial: 40642K, Alloc Tax Rate: 1.0x
[2.790s][info][gc          ] Trigger: Start next cycle immediately
[2.794s][info][gc,ergo     ] Free: 1869M, Max: 512K regular, 1868M humongous, Frag: 1% external, 0% internal; Reserve: 101888K, Max: 512K
[2.794s][info][gc,start    ] GC(137) Concurrent reset
[2.794s][info][gc,task     ] GC(137) Using 2 of 8 workers for concurrent reset
[2.794s][info][gc,ergo     ] GC(137) Pacer for Reset. Non-Taxable: 1984M
[2.794s][info][gc          ] GC(137) Concurrent reset 0.186ms
[2.795s][info][gc,start    ] GC(137) Pause Init Mark
[2.795s][info][gc,task     ] GC(137) Using 8 of 8 workers for init marking
[2.795s][info][gc,ergo     ] GC(137) Pacer for Mark. Expected Live: 12703K, Free: 1869M, Non-Taxable: 186M, Alloc Tax Rate: 0.0x
[2.795s][info][gc          ] GC(137) Pause Init Mark 0.055ms
[2.795s][info][gc,start    ] GC(137) Concurrent marking roots
[2.795s][info][gc,task     ] GC(137) Using 2 of 8 workers for concurrent marking roots
[2.796s][info][gc          ] GC(137) Concurrent marking roots 0.523ms
[2.796s][info][gc,start    ] GC(137) Concurrent marking
[2.796s][info][gc,task     ] GC(137) Using 2 of 8 workers for concurrent marking
[2.813s][info][gc          ] GC(137) Concurrent marking 17.130ms
[2.813s][info][gc,start    ] GC(137) Pause Final Mark
[2.813s][info][gc,task     ] GC(137) Using 8 of 8 workers for final marking
[2.813s][info][gc,ergo     ] GC(137) Collectable Garbage: 2479K (100%), Immediate: 512K (20%), CSet: 1967K (79%)
[2.813s][info][gc,ergo     ] GC(137) Pacer for Evacuation. Used CSet: 12795K, Free: 1869M, Non-Taxable: 186M, Alloc Tax Rate: 1.1x
[2.813s][info][gc          ] GC(137) Pause Final Mark 0.249ms
[2.813s][info][gc,start    ] GC(137) Concurrent thread roots
[2.813s][info][gc,task     ] GC(137) Using 2 of 8 workers for Concurrent thread roots
[2.813s][info][gc          ] GC(137) Concurrent thread roots 0.141ms
[2.813s][info][gc,start    ] GC(137) Concurrent weak references
[2.813s][info][gc,task     ] GC(137) Using 2 of 8 workers for concurrent weak references
[2.813s][info][gc,ref      ] GC(137) Encountered references: Soft: 3674, Weak: 1276, Final: 4, Phantom: 586
[2.813s][info][gc,ref      ] GC(137) Discovered  references: Soft: 0, Weak: 535, Final: 1, Phantom: 351
[2.813s][info][gc,ref      ] GC(137) Enqueued    references: Soft: 0, Weak: 0, Final: 0, Phantom: 0
[2.813s][info][gc          ] GC(137) Concurrent weak references 0.095ms
[2.813s][info][gc,start    ] GC(137) Concurrent weak roots
[2.813s][info][gc,task     ] GC(137) Using 2 of 8 workers for concurrent weak root
[2.814s][info][gc          ] GC(137) Concurrent weak roots 0.311ms
[2.814s][info][gc,start    ] GC(137) Concurrent cleanup
[2.814s][info][gc          ] GC(137) Concurrent cleanup 15M->15M(149M) 0.089ms
[2.814s][info][gc,ergo     ] GC(137) Free: 1869M, Max: 512K regular, 1868M humongous, Frag: 1% external, 0% internal; Reserve: 101376K, Max: 512K
[2.814s][info][gc,start    ] GC(137) Concurrent strong roots
[2.814s][info][gc,task     ] GC(137) Using 2 of 8 workers for concurrent strong root
[2.814s][info][gc          ] GC(137) Concurrent strong roots 0.624ms
[2.814s][info][gc,start    ] GC(137) Concurrent evacuation
[2.814s][info][gc,task     ] GC(137) Using 2 of 8 workers for concurrent evacuation
[2.817s][info][gc          ] GC(137) Concurrent evacuation 2.331ms
[2.817s][info][gc,start    ] GC(137) Pause Init Update Refs
[2.817s][info][gc,ergo     ] GC(137) Pacer for Update Refs. Used: 26959K, Free: 1869M, Non-Taxable: 186M, Alloc Tax Rate: 1.1x
[2.817s][info][gc          ] GC(137) Pause Init Update Refs 0.025ms
[2.817s][info][gc,start    ] GC(137) Concurrent update references
[2.817s][info][gc,task     ] GC(137) Using 2 of 8 workers for concurrent reference update
[2.821s][info][gc          ] GC(137) Concurrent update references 3.622ms
[2.821s][info][gc,start    ] GC(137) Concurrent update thread roots
[2.825s][info][gc          ] GC(137) Concurrent update thread roots 4.892ms
[2.826s][info][gc,start    ] GC(137) Pause Final Update Refs
[2.826s][info][gc,task     ] GC(137) Using 8 of 8 workers for final reference update
[2.826s][info][gc          ] GC(137) Pause Final Update Refs 0.083ms
[2.826s][info][gc,start    ] GC(137) Concurrent cleanup
[2.826s][info][gc          ] GC(137) Concurrent cleanup 26M->14M(149M) 0.054ms
[2.826s][info][gc,ergo     ] Free: 1870M, Max: 512K regular, 1869M humongous, Frag: 1% external, 0% internal; Reserve: 101888K, Max: 512K
[2.826s][info][gc,stats    ] 
[2.826s][info][gc,stats    ] All times are wall-clock times, except per-root-class counters, that are sum over
[2.826s][info][gc,stats    ] all workers. Dividing the <total> over the root stage time estimates parallelism.
[2.826s][info][gc,stats    ] 
[2.826s][info][gc,stats    ] Concurrent Reset                    196 us
[2.826s][info][gc,stats    ] Pause Init Mark (G)                 667 us
[2.826s][info][gc,stats    ] Pause Init Mark (N)                  63 us
[2.826s][info][gc,stats    ]   Update Region States               17 us
[2.826s][info][gc,stats    ] Concurrent Mark Roots               540 us, parallelism: 1.60x
[2.826s][info][gc,stats    ]   CMR: <total>                      864 us
[2.826s][info][gc,stats    ]   CMR: Thread Roots                  49 us, workers (us):  49,   0, ---, ---, ---, ---, ---, ---, 
[2.826s][info][gc,stats    ]   CMR: Code Cache Roots             708 us, workers (us): 243, 465, ---, ---, ---, ---, ---, ---, 
[2.826s][info][gc,stats    ]   CMR: VM Strong Roots                6 us, workers (us):   3,   2, ---, ---, ---, ---, ---, ---, 
[2.826s][info][gc,stats    ]   CMR: CLDG Roots                   101 us, workers (us): 101, ---, ---, ---, ---, ---, ---, ---, 
[2.826s][info][gc,stats    ] Concurrent Marking                17154 us
[2.826s][info][gc,stats    ] Pause Final Mark (G)                349 us
[2.826s][info][gc,stats    ] Pause Final Mark (N)                259 us
[2.826s][info][gc,stats    ]   Finish Mark                       136 us
[2.826s][info][gc,stats    ]   Update Region States               25 us
[2.826s][info][gc,stats    ]   Choose Collection Set              39 us
[2.826s][info][gc,stats    ]   Rebuild Free Set                   15 us
[2.826s][info][gc,stats    ] Concurrent Thread Roots             152 us, parallelism: 0.69x
[2.826s][info][gc,stats    ]   CTR: <total>                      104 us
[2.826s][info][gc,stats    ]   CTR: Thread Roots                 104 us, workers (us):  85,  19, ---, ---, ---, ---, ---, ---, 
[2.826s][info][gc,stats    ] Concurrent Weak References          102 us, parallelism: 0.78x
[2.826s][info][gc,stats    ]   CWRF: <total>                      80 us
[2.826s][info][gc,stats    ]   CWRF: Weak References              80 us, workers (us):  38,  42, ---, ---, ---, ---, ---, ---, 
[2.826s][info][gc,stats    ] Concurrent Weak Roots               322 us
[2.826s][info][gc,stats    ]   Roots                             276 us, parallelism: 1.77x
[2.826s][info][gc,stats    ]     CWR: <total>                    489 us
[2.826s][info][gc,stats    ]     CWR: VM Weak Roots              489 us, workers (us): 244, 245, ---, ---, ---, ---, ---, ---, 
[2.826s][info][gc,stats    ]   Rendezvous                         20 us
[2.826s][info][gc,stats    ] Concurrent Cleanup                   98 us
[2.826s][info][gc,stats    ] Concurrent Strong Roots             643 us, parallelism: 1.67x
[2.826s][info][gc,stats    ]   CSR: <total>                     1071 us
[2.826s][info][gc,stats    ]   CSR: Code Cache Roots             887 us, workers (us): 332, 554, ---, ---, ---, ---, ---, ---, 
[2.826s][info][gc,stats    ]   CSR: VM Strong Roots               10 us, workers (us):  10,   0, ---, ---, ---, ---, ---, ---, 
[2.826s][info][gc,stats    ]   CSR: CLDG Roots                   174 us, workers (us): 174, ---, ---, ---, ---, ---, ---, ---, 
[2.826s][info][gc,stats    ] Concurrent Evacuation              2344 us
[2.826s][info][gc,stats    ] Pause Init Update Refs (G)          135 us
[2.826s][info][gc,stats    ] Pause Init Update Refs (N)           33 us
[2.826s][info][gc,stats    ]   Manage GCLABs                       4 us
[2.826s][info][gc,stats    ] Concurrent Update Refs             3646 us
[2.826s][info][gc,stats    ] Concurrent Update Thread Roots     4916 us
[2.826s][info][gc,stats    ] Pause Final Update Refs (G)         183 us
[2.826s][info][gc,stats    ] Pause Final Update Refs (N)          92 us
[2.826s][info][gc,stats    ]   Update Region States               23 us
[2.826s][info][gc,stats    ]   Trash Collection Set                2 us
[2.826s][info][gc,stats    ]   Rebuild Free Set                   17 us
[2.826s][info][gc,stats    ] Concurrent Cleanup                   63 us
[2.826s][info][gc,stats    ] 
[2.826s][info][gc,stats    ] Allocation pacing accrued:
[2.826s][info][gc,stats    ]       0 of    37 ms (  0.0%): <total>
[2.826s][info][gc,stats    ]       0 of    37 ms (  0.0%): <average total>
[2.826s][info][gc,stats    ] 
[2.826s][info][gc,metaspace] Metaspace: 11906K(12160K)->11906K(12160K) NonClass: 10716K(10880K)->10716K(10880K) Class: 1189K(1280K)->1189K(1280K)
[2.826s][info][gc,ergo     ] Pacer for Idle. Initial: 40642K, Alloc Tax Rate: 1.0x
[2.827s][info][gc          ] Trigger: Start next cycle immediately
[2.827s][info][gc,ergo     ] Free: 1870M, Max: 512K regular, 1869M humongous, Frag: 1% external, 0% internal; Reserve: 101888K, Max: 512K
[2.827s][info][gc,start    ] GC(138) Concurrent reset
[2.827s][info][gc,task     ] GC(138) Using 2 of 8 workers for concurrent reset
[2.827s][info][gc,ergo     ] GC(138) Pacer for Reset. Non-Taxable: 1984M
[2.828s][info][gc          ] GC(138) Concurrent reset 0.212ms
[2.828s][info][gc,start    ] GC(138) Pause Init Mark
[2.828s][info][gc,task     ] GC(138) Using 8 of 8 workers for init marking
[2.828s][info][gc,ergo     ] GC(138) Pacer for Mark. Expected Live: 12703K, Free: 1870M, Non-Taxable: 187M, Alloc Tax Rate: 0.0x
[2.828s][info][gc          ] GC(138) Pause Init Mark 0.044ms
[2.828s][info][gc,start    ] GC(138) Concurrent marking roots
[2.828s][info][gc,task     ] GC(138) Using 2 of 8 workers for concurrent marking roots
[2.829s][info][gc          ] GC(138) Concurrent marking roots 1.034ms
[2.829s][info][gc,start    ] GC(138) Concurrent marking
[2.829s][info][gc,task     ] GC(138) Using 2 of 8 workers for concurrent marking
[2.832s][info][gc          ] GC(138) Concurrent marking 3.548ms
[2.832s][info][gc,start    ] GC(138) Pause Final Mark
[2.832s][info][gc,task     ] GC(138) Using 8 of 8 workers for final marking
[2.833s][info][gc,ergo     ] GC(138) Collectable Garbage: 1965K (100%), Immediate: 0B (0%), CSet: 1965K (100%)
[2.833s][info][gc,ergo     ] GC(138) Pacer for Evacuation. Used CSet: 12800K, Free: 1869M, Non-Taxable: 186M, Alloc Tax Rate: 1.1x
[2.833s][info][gc          ] GC(138) Pause Final Mark 0.533ms
[2.833s][info][gc,start    ] GC(138) Concurrent thread roots
[2.833s][info][gc,task     ] GC(138) Using 2 of 8 workers for Concurrent thread roots
[2.833s][info][gc          ] GC(138) Concurrent thread roots 0.093ms
[2.833s][info][gc,start    ] GC(138) Concurrent weak references
[2.833s][info][gc,task     ] GC(138) Using 2 of 8 workers for concurrent weak references
[2.833s][info][gc,ref      ] GC(138) Encountered references: Soft: 3674, Weak: 1276, Final: 4, Phantom: 586
[2.833s][info][gc,ref      ] GC(138) Discovered  references: Soft: 0, Weak: 413, Final: 0, Phantom: 361
[2.833s][info][gc,ref      ] GC(138) Enqueued    references: Soft: 0, Weak: 0, Final: 0, Phantom: 0
[2.833s][info][gc          ] GC(138) Concurrent weak references 0.109ms
[2.833s][info][gc,start    ] GC(138) Concurrent weak roots
[2.833s][info][gc,task     ] GC(138) Using 2 of 8 workers for concurrent weak root
[2.834s][info][gc          ] GC(138) Concurrent weak roots 0.550ms
[2.834s][info][gc,start    ] GC(138) Concurrent cleanup
[2.834s][info][gc          ] GC(138) Concurrent cleanup 15M->15M(149M) 0.059ms
[2.834s][info][gc,ergo     ] GC(138) Free: 1869M, Max: 512K regular, 1869M humongous, Frag: 0% external, 0% internal; Reserve: 101376K, Max: 512K
[2.834s][info][gc,start    ] GC(138) Concurrent strong roots
[2.834s][info][gc,task     ] GC(138) Using 2 of 8 workers for concurrent strong root
[2.835s][info][gc          ] GC(138) Concurrent strong roots 0.772ms
[2.835s][info][gc,start    ] GC(138) Concurrent evacuation
[2.835s][info][gc,task     ] GC(138) Using 2 of 8 workers for concurrent evacuation
[2.837s][info][gc          ] GC(138) Concurrent evacuation 2.294ms
[2.837s][info][gc,start    ] GC(138) Pause Init Update Refs
[2.837s][info][gc,ergo     ] GC(138) Pacer for Update Refs. Used: 27948K, Free: 1869M, Non-Taxable: 186M, Alloc Tax Rate: 1.1x
[2.837s][info][gc          ] GC(138) Pause Init Update Refs 0.026ms
[2.837s][info][gc,start    ] GC(138) Concurrent update references
[2.837s][info][gc,task     ] GC(138) Using 2 of 8 workers for concurrent reference update
[2.840s][info][gc          ] GC(138) Concurrent update references 3.165ms
[2.840s][info][gc,start    ] GC(138) Concurrent update thread roots
[2.840s][info][gc          ] GC(138) Concurrent update thread roots 0.132ms
[2.840s][info][gc,start    ] GC(138) Pause Final Update Refs
[2.840s][info][gc,task     ] GC(138) Using 8 of 8 workers for final reference update
[2.840s][info][gc          ] GC(138) Pause Final Update Refs 0.051ms
[2.840s][info][gc,start    ] GC(138) Concurrent cleanup
[2.841s][info][gc          ] GC(138) Concurrent cleanup 27M->14M(149M) 0.053ms
[2.841s][info][gc,ergo     ] Free: 1869M, Max: 512K regular, 1868M humongous, Frag: 1% external, 0% internal; Reserve: 101888K, Max: 512K
[2.841s][info][gc,stats    ] 
[2.841s][info][gc,stats    ] All times are wall-clock times, except per-root-class counters, that are sum over
[2.841s][info][gc,stats    ] all workers. Dividing the <total> over the root stage time estimates parallelism.
[2.841s][info][gc,stats    ] 
[2.841s][info][gc,stats    ] Concurrent Reset                    221 us
[2.841s][info][gc,stats    ] Pause Init Mark (G)                 137 us
[2.841s][info][gc,stats    ] Pause Init Mark (N)                  51 us
[2.841s][info][gc,stats    ]   Update Region States               12 us
[2.841s][info][gc,stats    ] Concurrent Mark Roots              1055 us, parallelism: 0.93x
[2.841s][info][gc,stats    ]   CMR: <total>                      979 us
[2.841s][info][gc,stats    ]   CMR: Thread Roots                  48 us, workers (us):  48,   0, ---, ---, ---, ---, ---, ---, 
[2.841s][info][gc,stats    ]   CMR: Code Cache Roots             816 us, workers (us): 815,   0, ---, ---, ---, ---, ---, ---, 
[2.841s][info][gc,stats    ]   CMR: VM Strong Roots                5 us, workers (us):   4,   0, ---, ---, ---, ---, ---, ---, 
[2.841s][info][gc,stats    ]   CMR: CLDG Roots                   111 us, workers (us): 111, ---, ---, ---, ---, ---, ---, ---, 
[2.841s][info][gc,stats    ] Concurrent Marking                 3569 us
[2.841s][info][gc,stats    ] Pause Final Mark (G)                627 us
[2.841s][info][gc,stats    ] Pause Final Mark (N)                541 us
[2.841s][info][gc,stats    ]   Finish Mark                       422 us
[2.841s][info][gc,stats    ]   Update Region States               18 us
[2.841s][info][gc,stats    ]   Choose Collection Set              42 us
[2.841s][info][gc,stats    ]   Rebuild Free Set                   15 us
[2.841s][info][gc,stats    ] Concurrent Thread Roots             102 us, parallelism: 1.07x
[2.841s][info][gc,stats    ]   CTR: <total>                      110 us
[2.841s][info][gc,stats    ]   CTR: Thread Roots                 110 us, workers (us):  61,  49, ---, ---, ---, ---, ---, ---, 
[2.841s][info][gc,stats    ] Concurrent Weak References          117 us, parallelism: 0.51x
[2.841s][info][gc,stats    ]   CWRF: <total>                      59 us
[2.841s][info][gc,stats    ]   CWRF: Weak References              59 us, workers (us):  48,  11, ---, ---, ---, ---, ---, ---, 
[2.841s][info][gc,stats    ] Concurrent Weak Roots               563 us
[2.841s][info][gc,stats    ]   Roots                             506 us, parallelism: 0.95x
[2.841s][info][gc,stats    ]     CWR: <total>                    482 us
[2.841s][info][gc,stats    ]     CWR: VM Weak Roots              482 us, workers (us): 482,   0, ---, ---, ---, ---, ---, ---, 
[2.841s][info][gc,stats    ]   Rendezvous                         28 us
[2.841s][info][gc,stats    ] Concurrent Cleanup                   68 us
[2.841s][info][gc,stats    ] Concurrent Strong Roots             793 us, parallelism: 1.26x
[2.841s][info][gc,stats    ]   CSR: <total>                     1001 us
[2.841s][info][gc,stats    ]   CSR: Code Cache Roots             819 us, workers (us): 423, 396, ---, ---, ---, ---, ---, ---, 
[2.841s][info][gc,stats    ]   CSR: VM Strong Roots                9 us, workers (us):   8,   0, ---, ---, ---, ---, ---, ---, 
[2.841s][info][gc,stats    ]   CSR: CLDG Roots                   174 us, workers (us): 174, ---, ---, ---, ---, ---, ---, ---, 
[2.841s][info][gc,stats    ] Concurrent Evacuation              2336 us
[2.841s][info][gc,stats    ] Pause Init Update Refs (G)          123 us
[2.841s][info][gc,stats    ] Pause Init Update Refs (N)           35 us
[2.841s][info][gc,stats    ]   Manage GCLABs                       4 us
[2.841s][info][gc,stats    ] Concurrent Update Refs             3189 us
[2.841s][info][gc,stats    ] Concurrent Update Thread Roots      142 us
[2.841s][info][gc,stats    ] Pause Final Update Refs (G)          73 us
[2.841s][info][gc,stats    ] Pause Final Update Refs (N)          59 us
[2.841s][info][gc,stats    ]   Update Region States               15 us
[2.841s][info][gc,stats    ]   Trash Collection Set                2 us
[2.841s][info][gc,stats    ]   Rebuild Free Set                   16 us
[2.841s][info][gc,stats    ] Concurrent Cleanup                   61 us
[2.841s][info][gc,stats    ] 
[2.841s][info][gc,stats    ] Allocation pacing accrued:
[2.841s][info][gc,stats    ]       0 of    15 ms (  0.0%): <total>
[2.841s][info][gc,stats    ]       0 of    15 ms (  0.0%): <average total>
[2.841s][info][gc,stats    ] 
[2.841s][info][gc,metaspace] Metaspace: 11906K(12160K)->11918K(12160K) NonClass: 10716K(10880K)->10728K(10880K) Class: 1189K(1280K)->1190K(1280K)
[2.841s][info][gc,ergo     ] Pacer for Idle. Initial: 40642K, Alloc Tax Rate: 1.0x
[2.842s][info][gc          ] Trigger: Start next cycle immediately
[2.842s][info][gc,ergo     ] Free: 1869M, Max: 512K regular, 1868M humongous, Frag: 1% external, 0% internal; Reserve: 101888K, Max: 512K
[2.842s][info][gc,start    ] GC(139) Concurrent reset
[2.842s][info][gc,task     ] GC(139) Using 2 of 8 workers for concurrent reset
[2.842s][info][gc,ergo     ] GC(139) Pacer for Reset. Non-Taxable: 1984M
[2.842s][info][gc          ] GC(139) Concurrent reset 0.183ms
[2.843s][info][gc,start    ] GC(139) Pause Init Mark
[2.843s][info][gc,task     ] GC(139) Using 8 of 8 workers for init marking
[2.843s][info][gc,ergo     ] GC(139) Pacer for Mark. Expected Live: 12704K, Free: 1869M, Non-Taxable: 186M, Alloc Tax Rate: 0.0x
[2.843s][info][gc          ] GC(139) Pause Init Mark 0.061ms
[2.843s][info][gc,start    ] GC(139) Concurrent marking roots
[2.843s][info][gc,task     ] GC(139) Using 2 of 8 workers for concurrent marking roots
[2.844s][info][gc          ] GC(139) Concurrent marking roots 0.536ms
[2.844s][info][gc,start    ] GC(139) Concurrent marking
[2.844s][info][gc,task     ] GC(139) Using 2 of 8 workers for concurrent marking
[2.847s][info][gc          ] GC(139) Concurrent marking 3.276ms
[2.847s][info][gc,start    ] GC(139) Pause Final Mark
[2.847s][info][gc,task     ] GC(139) Using 8 of 8 workers for final marking
[2.847s][info][gc,ergo     ] GC(139) Collectable Garbage: 2393K (100%), Immediate: 0B (0%), CSet: 2393K (100%)
[2.847s][info][gc,ergo     ] GC(139) Pacer for Evacuation. Used CSet: 13273K, Free: 1869M, Non-Taxable: 186M, Alloc Tax Rate: 1.1x
[2.847s][info][gc          ] GC(139) Pause Final Mark 0.178ms
[2.848s][info][gc,start    ] GC(139) Concurrent thread roots
[2.848s][info][gc,task     ] GC(139) Using 2 of 8 workers for Concurrent thread roots
[2.848s][info][gc          ] GC(139) Concurrent thread roots 0.140ms
[2.848s][info][gc,start    ] GC(139) Concurrent weak references
[2.848s][info][gc,task     ] GC(139) Using 2 of 8 workers for concurrent weak references
[2.848s][info][gc,ref      ] GC(139) Encountered references: Soft: 3674, Weak: 1281, Final: 4, Phantom: 587
[2.848s][info][gc,ref      ] GC(139) Discovered  references: Soft: 0, Weak: 528, Final: 1, Phantom: 352
[2.848s][info][gc,ref      ] GC(139) Enqueued    references: Soft: 0, Weak: 1, Final: 0, Phantom: 1
[2.848s][info][gc          ] GC(139) Concurrent weak references 0.186ms
[2.848s][info][gc,start    ] GC(139) Concurrent weak roots
[2.848s][info][gc,task     ] GC(139) Using 2 of 8 workers for concurrent weak root
[2.848s][info][gc          ] GC(139) Concurrent weak roots 0.318ms
[2.848s][info][gc,start    ] GC(139) Concurrent cleanup
[2.848s][info][gc          ] GC(139) Concurrent cleanup 16M->16M(149M) 0.057ms
[2.848s][info][gc,ergo     ] GC(139) Free: 1868M, Max: 512K regular, 1868M humongous, Frag: 0% external, 0% internal; Reserve: 101376K, Max: 512K
[2.848s][info][gc,start    ] GC(139) Concurrent strong roots
[2.848s][info][gc,task     ] GC(139) Using 2 of 8 workers for concurrent strong root
[2.849s][info][gc          ] GC(139) Concurrent strong roots 0.561ms
[2.849s][info][gc,start    ] GC(139) Concurrent evacuation
[2.849s][info][gc,task     ] GC(139) Using 2 of 8 workers for concurrent evacuation
[2.851s][info][gc          ] GC(139) Concurrent evacuation 2.280ms
[2.851s][info][gc,start    ] GC(139) Pause Init Update Refs
[2.851s][info][gc,ergo     ] GC(139) Pacer for Update Refs. Used: 28456K, Free: 1868M, Non-Taxable: 186M, Alloc Tax Rate: 1.1x
[2.851s][info][gc          ] GC(139) Pause Init Update Refs 0.029ms
[2.851s][info][gc,start    ] GC(139) Concurrent update references
[2.851s][info][gc,task     ] GC(139) Using 2 of 8 workers for concurrent reference update
[2.854s][info][gc          ] GC(139) Concurrent update references 2.651ms
[2.854s][info][gc,start    ] GC(139) Concurrent update thread roots
[2.854s][info][gc          ] GC(139) Concurrent update thread roots 0.131ms
[2.854s][info][gc,start    ] GC(139) Pause Final Update Refs
[2.854s][info][gc,task     ] GC(139) Using 8 of 8 workers for final reference update
[2.854s][info][gc          ] GC(139) Pause Final Update Refs 0.065ms
[2.854s][info][gc,start    ] GC(139) Concurrent cleanup
[2.854s][info][gc          ] GC(139) Concurrent cleanup 27M->14M(149M) 0.054ms
[2.854s][info][gc,ergo     ] Free: 1869M, Max: 512K regular, 1868M humongous, Frag: 1% external, 0% internal; Reserve: 101888K, Max: 512K
[2.854s][info][gc,stats    ] 
[2.854s][info][gc,stats    ] All times are wall-clock times, except per-root-class counters, that are sum over
[2.854s][info][gc,stats    ] all workers. Dividing the <total> over the root stage time estimates parallelism.
[2.854s][info][gc,stats    ] 
[2.854s][info][gc,stats    ] Concurrent Reset                    192 us
[2.854s][info][gc,stats    ] Pause Init Mark (G)                1006 us
[2.854s][info][gc,stats    ] Pause Init Mark (N)                  69 us
[2.854s][info][gc,stats    ]   Update Region States               18 us
[2.854s][info][gc,stats    ] Concurrent Mark Roots               555 us, parallelism: 1.67x
[2.854s][info][gc,stats    ]   CMR: <total>                      927 us
[2.854s][info][gc,stats    ]   CMR: Thread Roots                  52 us, workers (us):  52,   0, ---, ---, ---, ---, ---, ---, 
[2.854s][info][gc,stats    ]   CMR: Code Cache Roots             765 us, workers (us): 294, 471, ---, ---, ---, ---, ---, ---, 
[2.854s][info][gc,stats    ]   CMR: VM Strong Roots                6 us, workers (us):   4,   2, ---, ---, ---, ---, ---, ---, 
[2.854s][info][gc,stats    ]   CMR: CLDG Roots                   104 us, workers (us): 104, ---, ---, ---, ---, ---, ---, ---, 
[2.854s][info][gc,stats    ] Concurrent Marking                 3297 us
[2.854s][info][gc,stats    ] Pause Final Mark (G)                268 us
[2.854s][info][gc,stats    ] Pause Final Mark (N)                186 us
[2.854s][info][gc,stats    ]   Finish Mark                        86 us
[2.854s][info][gc,stats    ]   Update Region States               14 us
[2.855s][info][gc,stats    ]   Choose Collection Set              30 us
[2.855s][info][gc,stats    ]   Rebuild Free Set                   15 us
[2.855s][info][gc,stats    ] Concurrent Thread Roots             150 us, parallelism: 0.98x
[2.855s][info][gc,stats    ]   CTR: <total>                      147 us
[2.855s][info][gc,stats    ]   CTR: Thread Roots                 147 us, workers (us): 107,  40, ---, ---, ---, ---, ---, ---, 
[2.855s][info][gc,stats    ] Concurrent Weak References          194 us, parallelism: 1.10x
[2.855s][info][gc,stats    ]   CWRF: <total>                     213 us
[2.855s][info][gc,stats    ]   CWRF: Weak References             213 us, workers (us): 104, 109, ---, ---, ---, ---, ---, ---, 
[2.855s][info][gc,stats    ] Concurrent Weak Roots               333 us
[2.855s][info][gc,stats    ]   Roots                             286 us, parallelism: 1.71x
[2.855s][info][gc,stats    ]     CWR: <total>                    491 us
[2.855s][info][gc,stats    ]     CWR: VM Weak Roots              491 us, workers (us): 268, 223, ---, ---, ---, ---, ---, ---, 
[2.855s][info][gc,stats    ]   Rendezvous                         15 us
[2.855s][info][gc,stats    ] Concurrent Cleanup                   66 us
[2.855s][info][gc,stats    ] Concurrent Strong Roots             574 us, parallelism: 1.65x
[2.855s][info][gc,stats    ]   CSR: <total>                      948 us
[2.855s][info][gc,stats    ]   CSR: Code Cache Roots             774 us, workers (us): 271, 503, ---, ---, ---, ---, ---, ---, 
[2.855s][info][gc,stats    ]   CSR: VM Strong Roots                9 us, workers (us):   8,   0, ---, ---, ---, ---, ---, ---, 
[2.855s][info][gc,stats    ]   CSR: CLDG Roots                   166 us, workers (us): 166, ---, ---, ---, ---, ---, ---, ---, 
[2.855s][info][gc,stats    ] Concurrent Evacuation              2302 us
[2.855s][info][gc,stats    ] Pause Init Update Refs (G)          125 us
[2.855s][info][gc,stats    ] Pause Init Update Refs (N)           37 us
[2.855s][info][gc,stats    ]   Manage GCLABs                       4 us
[2.855s][info][gc,stats    ] Concurrent Update Refs             2669 us
[2.855s][info][gc,stats    ] Concurrent Update Thread Roots      144 us
[2.855s][info][gc,stats    ] Pause Final Update Refs (G)         164 us
[2.855s][info][gc,stats    ] Pause Final Update Refs (N)          73 us
[2.855s][info][gc,stats    ]   Update Region States               15 us
[2.855s][info][gc,stats    ]   Trash Collection Set                2 us
[2.855s][info][gc,stats    ]   Rebuild Free Set                   17 us
[2.855s][info][gc,stats    ] Concurrent Cleanup                   62 us
[2.855s][info][gc,stats    ] 
[2.855s][info][gc,stats    ] Allocation pacing accrued:
[2.855s][info][gc,stats    ]       0 of    14 ms (  0.0%): <total>
[2.855s][info][gc,stats    ]       0 of    14 ms (  0.0%): <average total>
[2.855s][info][gc,stats    ] 
[2.855s][info][gc,metaspace] Metaspace: 11932K(12160K)->11964K(12224K) NonClass: 10741K(10880K)->10768K(10944K) Class: 1191K(1280K)->1196K(1280K)
[2.855s][info][gc,ergo     ] Pacer for Idle. Initial: 40642K, Alloc Tax Rate: 1.0x
[2.856s][info][gc          ] Trigger: Start next cycle immediately
[2.856s][info][gc,ergo     ] Free: 1869M, Max: 512K regular, 1868M humongous, Frag: 1% external, 0% internal; Reserve: 101888K, Max: 512K
[2.856s][info][gc,start    ] GC(140) Concurrent reset
[2.856s][info][gc,task     ] GC(140) Using 2 of 8 workers for concurrent reset
[2.856s][info][gc,ergo     ] GC(140) Pacer for Reset. Non-Taxable: 1984M
[2.856s][info][gc          ] GC(140) Concurrent reset 0.215ms
[2.856s][info][gc,start    ] GC(140) Pause Init Mark (unload classes)
[2.856s][info][gc,task     ] GC(140) Using 8 of 8 workers for init marking
[2.856s][info][gc,ergo     ] GC(140) Pacer for Mark. Expected Live: 12714K, Free: 1869M, Non-Taxable: 186M, Alloc Tax Rate: 0.0x
[2.856s][info][gc          ] GC(140) Pause Init Mark (unload classes) 0.047ms
[2.856s][info][gc,start    ] GC(140) Concurrent marking roots
[2.856s][info][gc,task     ] GC(140) Using 2 of 8 workers for concurrent marking roots
[2.857s][info][gc          ] GC(140) Concurrent marking roots 0.156ms
[2.857s][info][gc,start    ] GC(140) Concurrent marking (unload classes)
[2.857s][info][gc,task     ] GC(140) Using 2 of 8 workers for concurrent marking
[2.867s][info][gc          ] GC(140) Concurrent marking (unload classes) 10.961ms
[2.868s][info][gc,start    ] GC(140) Pause Final Mark (unload classes)
[2.868s][info][gc,task     ] GC(140) Using 8 of 8 workers for final marking
[2.868s][info][gc,ergo     ] GC(140) Collectable Garbage: 2430K (100%), Immediate: 0B (0%), CSet: 2430K (100%)
[2.868s][info][gc,ergo     ] GC(140) Pacer for Evacuation. Used CSet: 13307K, Free: 1869M, Non-Taxable: 186M, Alloc Tax Rate: 1.1x
[2.868s][info][gc          ] GC(140) Pause Final Mark (unload classes) 0.189ms
[2.868s][info][gc,start    ] GC(140) Concurrent thread roots
[2.868s][info][gc,task     ] GC(140) Using 2 of 8 workers for Concurrent thread roots
[2.868s][info][gc          ] GC(140) Concurrent thread roots 0.079ms
[2.868s][info][gc,start    ] GC(140) Concurrent weak references
[2.868s][info][gc,task     ] GC(140) Using 2 of 8 workers for concurrent weak references
[2.868s][info][gc,ref      ] GC(140) Encountered references: Soft: 3674, Weak: 1280, Final: 4, Phantom: 586
[2.868s][info][gc,ref      ] GC(140) Discovered  references: Soft: 0, Weak: 480, Final: 0, Phantom: 524
[2.868s][info][gc,ref      ] GC(140) Enqueued    references: Soft: 0, Weak: 0, Final: 0, Phantom: 0
[2.868s][info][gc          ] GC(140) Concurrent weak references 0.166ms
[2.868s][info][gc,start    ] GC(140) Concurrent weak roots
[2.868s][info][gc,task     ] GC(140) Using 2 of 8 workers for concurrent weak root
[2.874s][info][gc          ] GC(140) Concurrent weak roots 5.940ms
[2.874s][info][gc,start    ] GC(140) Concurrent cleanup
[2.874s][info][gc          ] GC(140) Concurrent cleanup 15M->16M(149M) 0.072ms
[2.874s][info][gc,ergo     ] GC(140) Free: 1868M, Max: 512K regular, 1868M humongous, Frag: 0% external, 0% internal; Reserve: 101361K, Max: 512K
[2.874s][info][gc,start    ] GC(140) Concurrent class unloading
[2.874s][info][gc,task     ] GC(140) Using 2 of 8 workers for concurrent class unloading
[2.877s][info][gc          ] GC(140) Concurrent class unloading 2.852ms
[2.877s][info][gc,start    ] GC(140) Concurrent strong roots
[2.877s][info][gc,task     ] GC(140) Using 2 of 8 workers for concurrent strong root
[2.877s][info][gc          ] GC(140) Concurrent strong roots 0.253ms
[2.877s][info][gc,start    ] GC(140) Concurrent evacuation
[2.877s][info][gc,task     ] GC(140) Using 2 of 8 workers for concurrent evacuation
[2.880s][info][gc          ] GC(140) Concurrent evacuation 2.291ms
[2.880s][info][gc,start    ] GC(140) Pause Init Update Refs
[2.880s][info][gc,ergo     ] GC(140) Pacer for Update Refs. Used: 28236K, Free: 1868M, Non-Taxable: 186M, Alloc Tax Rate: 1.1x
[2.880s][info][gc          ] GC(140) Pause Init Update Refs 0.024ms
[2.880s][info][gc,start    ] GC(140) Concurrent update references
[2.880s][info][gc,task     ] GC(140) Using 2 of 8 workers for concurrent reference update
[2.883s][info][gc          ] GC(140) Concurrent update references 2.916ms
[2.883s][info][gc,start    ] GC(140) Concurrent update thread roots
[2.883s][info][gc          ] GC(140) Concurrent update thread roots 0.541ms
[2.883s][info][gc,start    ] GC(140) Pause Final Update Refs
[2.883s][info][gc,task     ] GC(140) Using 8 of 8 workers for final reference update
[2.883s][info][gc          ] GC(140) Pause Final Update Refs 0.059ms
[2.883s][info][gc,start    ] GC(140) Concurrent cleanup
[2.883s][info][gc          ] GC(140) Concurrent cleanup 27M->14M(149M) 0.054ms
[2.883s][info][gc,ergo     ] Free: 1869M, Max: 512K regular, 1868M humongous, Frag: 1% external, 0% internal; Reserve: 101888K, Max: 512K
[2.883s][info][gc,stats    ] 
[2.883s][info][gc,stats    ] All times are wall-clock times, except per-root-class counters, that are sum over
[2.883s][info][gc,stats    ] all workers. Dividing the <total> over the root stage time estimates parallelism.
[2.883s][info][gc,stats    ] 
[2.883s][info][gc,stats    ] Concurrent Reset                    225 us
[2.883s][info][gc,stats    ] Pause Init Mark (G)                 148 us
[2.883s][info][gc,stats    ] Pause Init Mark (N)                  54 us
[2.883s][info][gc,stats    ]   Update Region States               14 us
[2.884s][info][gc,stats    ] Concurrent Mark Roots               174 us, parallelism: 1.10x
[2.884s][info][gc,stats    ]   CMR: <total>                      190 us
[2.884s][info][gc,stats    ]   CMR: Thread Roots                 103 us, workers (us):  14,  89, ---, ---, ---, ---, ---, ---, 
[2.884s][info][gc,stats    ]   CMR: VM Strong Roots                5 us, workers (us):   5,   0, ---, ---, ---, ---, ---, ---, 
[2.884s][info][gc,stats    ]   CMR: CLDG Roots                    82 us, workers (us):  82, ---, ---, ---, ---, ---, ---, ---, 
[2.884s][info][gc,stats    ] Concurrent Marking                10984 us
[2.884s][info][gc,stats    ] Pause Final Mark (G)                290 us
[2.884s][info][gc,stats    ] Pause Final Mark (N)                197 us
[2.884s][info][gc,stats    ]   Finish Mark                        87 us
[2.884s][info][gc,stats    ]   Update Region States               19 us
[2.884s][info][gc,stats    ]   Choose Collection Set              34 us
[2.884s][info][gc,stats    ]   Rebuild Free Set                   15 us
[2.884s][info][gc,stats    ] Concurrent Thread Roots              89 us, parallelism: 0.88x
[2.884s][info][gc,stats    ]   CTR: <total>                       78 us
[2.884s][info][gc,stats    ]   CTR: Thread Roots                  78 us, workers (us):  46,  31, ---, ---, ---, ---, ---, ---, 
[2.884s][info][gc,stats    ] Concurrent Weak References          174 us, parallelism: 1.16x
[2.884s][info][gc,stats    ]   CWRF: <total>                     202 us
[2.884s][info][gc,stats    ]   CWRF: Weak References             202 us, workers (us): 113,  89, ---, ---, ---, ---, ---, ---, 
[2.884s][info][gc,stats    ] Concurrent Weak Roots              5964 us
[2.884s][info][gc,stats    ]   Roots                             562 us, parallelism: 1.86x
[2.884s][info][gc,stats    ]     CWR: <total>                   1046 us
[2.884s][info][gc,stats    ]     CWR: Code Cache Roots           551 us, workers (us): 275, 275, ---, ---, ---, ---, ---, ---, 
[2.884s][info][gc,stats    ]     CWR: VM Weak Roots              490 us, workers (us): 251, 239, ---, ---, ---, ---, ---, ---, 
[2.884s][info][gc,stats    ]     CWR: CLDG Roots                   5 us, workers (us):   5, ---, ---, ---, ---, ---, ---, ---, 
[2.884s][info][gc,stats    ]   Rendezvous                       5361 us
[2.884s][info][gc,stats    ] Concurrent Cleanup                   81 us
[2.884s][info][gc,stats    ] Concurrent Class Unloading         2866 us
[2.884s][info][gc,stats    ]   Unlink Stale                     2671 us
[2.884s][info][gc,stats    ]     System Dictionary                35 us
[2.884s][info][gc,stats    ]     Weak Class Links                  0 us
[2.884s][info][gc,stats    ]     Code Roots                     2635 us
[2.884s][info][gc,stats    ]   Rendezvous                         19 us
[2.884s][info][gc,stats    ]   Purge Unlinked                    137 us
[2.884s][info][gc,stats    ]     Code Roots                      133 us
[2.884s][info][gc,stats    ]     CLDG                              3 us
[2.884s][info][gc,stats    ]     Exception Caches                  0 us
[2.884s][info][gc,stats    ] Concurrent Strong Roots             269 us, parallelism: 0.77x
[2.884s][info][gc,stats    ]   CSR: <total>                      206 us
[2.884s][info][gc,stats    ]   CSR: VM Strong Roots                9 us, workers (us):   9,   0, ---, ---, ---, ---, ---, ---, 
[2.884s][info][gc,stats    ]   CSR: CLDG Roots                   197 us, workers (us): 197, ---, ---, ---, ---, ---, ---, ---, 
[2.884s][info][gc,stats    ] Concurrent Evacuation              2310 us
[2.884s][info][gc,stats    ] Pause Init Update Refs (G)           60 us
[2.884s][info][gc,stats    ] Pause Init Update Refs (N)           32 us
[2.884s][info][gc,stats    ]   Manage GCLABs                       4 us
[2.884s][info][gc,stats    ] Concurrent Update Refs             2940 us
[2.884s][info][gc,stats    ] Concurrent Update Thread Roots      553 us
[2.884s][info][gc,stats    ] Pause Final Update Refs (G)         161 us
[2.884s][info][gc,stats    ] Pause Final Update Refs (N)          69 us
[2.884s][info][gc,stats    ]   Update Region States               18 us
[2.884s][info][gc,stats    ]   Trash Collection Set                3 us
[2.884s][info][gc,stats    ]   Rebuild Free Set                   17 us
[2.884s][info][gc,stats    ] Concurrent Cleanup                   62 us
[2.884s][info][gc,stats    ] 
[2.884s][info][gc,stats    ] Allocation pacing accrued:
[2.884s][info][gc,stats    ]       0 of    29 ms (  0.0%): <total>
[2.884s][info][gc,stats    ]       0 of    29 ms (  0.0%): <average total>
[2.884s][info][gc,stats    ] 
[2.884s][info][gc,metaspace] Metaspace: 11974K(12224K)->11975K(12224K) NonClass: 10777K(10944K)->10779K(10944K) Class: 1196K(1280K)->1196K(1280K)
[2.884s][info][gc,ergo     ] Pacer for Idle. Initial: 40642K, Alloc Tax Rate: 1.0x
[2.885s][info][gc          ] Trigger: Start next cycle immediately
[2.885s][info][gc,ergo     ] Free: 1869M, Max: 512K regular, 1868M humongous, Frag: 1% external, 0% internal; Reserve: 101888K, Max: 512K
[2.885s][info][gc,start    ] GC(141) Concurrent reset
[2.885s][info][gc,task     ] GC(141) Using 2 of 8 workers for concurrent reset
[2.885s][info][gc,ergo     ] GC(141) Pacer for Reset. Non-Taxable: 1984M
[2.885s][info][gc          ] GC(141) Concurrent reset 0.211ms
[2.885s][info][gc,start    ] GC(141) Pause Init Mark
[2.885s][info][gc,task     ] GC(141) Using 8 of 8 workers for init marking
[2.885s][info][gc,ergo     ] GC(141) Pacer for Mark. Expected Live: 12724K, Free: 1869M, Non-Taxable: 186M, Alloc Tax Rate: 0.0x
[2.885s][info][gc          ] GC(141) Pause Init Mark 0.047ms
[2.885s][info][gc,start    ] GC(141) Concurrent marking roots
[2.885s][info][gc,task     ] GC(141) Using 2 of 8 workers for concurrent marking roots
[2.886s][info][gc          ] GC(141) Concurrent marking roots 0.579ms
[2.886s][info][gc,start    ] GC(141) Concurrent marking
[2.886s][info][gc,task     ] GC(141) Using 2 of 8 workers for concurrent marking
[2.889s][info][gc          ] GC(141) Concurrent marking 3.321ms
[2.889s][info][gc,start    ] GC(141) Pause Final Mark
[2.890s][info][gc,task     ] GC(141) Using 8 of 8 workers for final marking
[2.890s][info][gc,ergo     ] GC(141) Collectable Garbage: 2171K (100%), Immediate: 0B (0%), CSet: 2171K (100%)
[2.890s][info][gc,ergo     ] GC(141) Pacer for Evacuation. Used CSet: 13053K, Free: 1869M, Non-Taxable: 186M, Alloc Tax Rate: 1.1x
[2.890s][info][gc          ] GC(141) Pause Final Mark 0.200ms
[2.890s][info][gc,start    ] GC(141) Concurrent thread roots
[2.890s][info][gc,task     ] GC(141) Using 2 of 8 workers for Concurrent thread roots
[2.890s][info][gc          ] GC(141) Concurrent thread roots 0.103ms
[2.890s][info][gc,start    ] GC(141) Concurrent weak references
[2.890s][info][gc,task     ] GC(141) Using 2 of 8 workers for concurrent weak references
[2.890s][info][gc,ref      ] GC(141) Encountered references: Soft: 3674, Weak: 1280, Final: 4, Phantom: 586
[2.890s][info][gc,ref      ] GC(141) Discovered  references: Soft: 0, Weak: 407, Final: 1, Phantom: 352
[2.890s][info][gc,ref      ] GC(141) Enqueued    references: Soft: 0, Weak: 0, Final: 0, Phantom: 0
[2.890s][info][gc          ] GC(141) Concurrent weak references 0.103ms
[2.890s][info][gc,start    ] GC(141) Concurrent weak roots
[2.890s][info][gc,task     ] GC(141) Using 2 of 8 workers for concurrent weak root
[2.890s][info][gc          ] GC(141) Concurrent weak roots 0.547ms
[2.890s][info][gc,start    ] GC(141) Concurrent cleanup
[2.891s][info][gc          ] GC(141) Concurrent cleanup 16M->16M(149M) 0.058ms
[2.891s][info][gc,ergo     ] GC(141) Free: 1868M, Max: 512K regular, 1868M humongous, Frag: 0% external, 0% internal; Reserve: 101359K, Max: 512K
[2.891s][info][gc,start    ] GC(141) Concurrent strong roots
[2.891s][info][gc,task     ] GC(141) Using 2 of 8 workers for concurrent strong root
[2.891s][info][gc          ] GC(141) Concurrent strong roots 0.590ms
[2.891s][info][gc,start    ] GC(141) Concurrent evacuation
[2.891s][info][gc,task     ] GC(141) Using 2 of 8 workers for concurrent evacuation
[2.893s][info][gc          ] GC(141) Concurrent evacuation 2.285ms
[2.894s][info][gc,start    ] GC(141) Pause Init Update Refs
[2.894s][info][gc,ergo     ] GC(141) Pacer for Update Refs. Used: 28680K, Free: 1868M, Non-Taxable: 186M, Alloc Tax Rate: 1.1x
[2.894s][info][gc          ] GC(141) Pause Init Update Refs 0.025ms
[2.894s][info][gc,start    ] GC(141) Concurrent update references
[2.894s][info][gc,task     ] GC(141) Using 2 of 8 workers for concurrent reference update
[2.896s][info][gc          ] GC(141) Concurrent update references 2.745ms
[2.896s][info][gc,start    ] GC(141) Concurrent update thread roots
[2.897s][info][gc          ] GC(141) Concurrent update thread roots 0.294ms
[2.897s][info][gc,start    ] GC(141) Pause Final Update Refs
[2.897s][info][gc,task     ] GC(141) Using 8 of 8 workers for final reference update
[2.897s][info][gc          ] GC(141) Pause Final Update Refs 0.059ms
[2.897s][info][gc,start    ] GC(141) Concurrent cleanup
[2.897s][info][gc          ] GC(141) Concurrent cleanup 28M->15M(149M) 0.053ms
[2.897s][info][gc,ergo     ] Free: 1868M, Max: 512K regular, 1867M humongous, Frag: 1% external, 0% internal; Reserve: 101888K, Max: 512K
[2.897s][info][gc,stats    ] 
[2.897s][info][gc,stats    ] All times are wall-clock times, except per-root-class counters, that are sum over
[2.897s][info][gc,stats    ] all workers. Dividing the <total> over the root stage time estimates parallelism.
[2.897s][info][gc,stats    ] 
[2.897s][info][gc,stats    ] Concurrent Reset                    227 us
[2.897s][info][gc,stats    ] Pause Init Mark (G)                 150 us
[2.897s][info][gc,stats    ] Pause Init Mark (N)                  55 us
[2.897s][info][gc,stats    ]   Update Region States               16 us
[2.897s][info][gc,stats    ] Concurrent Mark Roots               595 us, parallelism: 1.75x
[2.897s][info][gc,stats    ]   CMR: <total>                     1039 us
[2.897s][info][gc,stats    ]   CMR: Thread Roots                 206 us, workers (us): 177,  29, ---, ---, ---, ---, ---, ---, 
[2.897s][info][gc,stats    ]   CMR: Code Cache Roots             722 us, workers (us): 246, 477, ---, ---, ---, ---, ---, ---, 
[2.898s][info][gc,stats    ]   CMR: VM Strong Roots                5 us, workers (us):   5,   0, ---, ---, ---, ---, ---, ---, 
[2.898s][info][gc,stats    ]   CMR: CLDG Roots                   106 us, workers (us): 106, ---, ---, ---, ---, ---, ---, ---, 
[2.898s][info][gc,stats    ] Concurrent Marking                 3344 us
[2.898s][info][gc,stats    ] Pause Final Mark (G)                294 us
[2.898s][info][gc,stats    ] Pause Final Mark (N)                209 us
[2.898s][info][gc,stats    ]   Finish Mark                       107 us
[2.898s][info][gc,stats    ]   Update Region States               13 us
[2.898s][info][gc,stats    ]   Choose Collection Set              33 us
[2.898s][info][gc,stats    ]   Rebuild Free Set                   15 us
[2.898s][info][gc,stats    ] Concurrent Thread Roots             112 us, parallelism: 1.04x
[2.898s][info][gc,stats    ]   CTR: <total>                      117 us
[2.898s][info][gc,stats    ]   CTR: Thread Roots                 117 us, workers (us):  78,  39, ---, ---, ---, ---, ---, ---, 
[2.898s][info][gc,stats    ] Concurrent Weak References          110 us, parallelism: 0.54x
[2.898s][info][gc,stats    ]   CWRF: <total>                      60 us
[2.898s][info][gc,stats    ]   CWRF: Weak References              60 us, workers (us):  10,  50, ---, ---, ---, ---, ---, ---, 
[2.898s][info][gc,stats    ] Concurrent Weak Roots               562 us
[2.898s][info][gc,stats    ]   Roots                             516 us, parallelism: 0.95x
[2.898s][info][gc,stats    ]     CWR: <total>                    490 us
[2.898s][info][gc,stats    ]     CWR: VM Weak Roots              490 us, workers (us): 489,   0, ---, ---, ---, ---, ---, ---, 
[2.898s][info][gc,stats    ]   Rendezvous                         15 us
[2.898s][info][gc,stats    ] Concurrent Cleanup                   66 us
[2.898s][info][gc,stats    ] Concurrent Strong Roots             604 us, parallelism: 1.44x
[2.898s][info][gc,stats    ]   CSR: <total>                      871 us
[2.898s][info][gc,stats    ]   CSR: Code Cache Roots             690 us, workers (us): 352, 338, ---, ---, ---, ---, ---, ---, 
[2.898s][info][gc,stats    ]   CSR: VM Strong Roots               12 us, workers (us):  12,   0, ---, ---, ---, ---, ---, ---, 
[2.898s][info][gc,stats    ]   CSR: CLDG Roots                   169 us, workers (us): 169, ---, ---, ---, ---, ---, ---, ---, 
[2.898s][info][gc,stats    ] Concurrent Evacuation              2305 us
[2.898s][info][gc,stats    ] Pause Init Update Refs (G)          117 us
[2.898s][info][gc,stats    ] Pause Init Update Refs (N)           32 us
[2.898s][info][gc,stats    ]   Manage GCLABs                       3 us
[2.898s][info][gc,stats    ] Concurrent Update Refs             2771 us
[2.898s][info][gc,stats    ] Concurrent Update Thread Roots      305 us
[2.898s][info][gc,stats    ] Pause Final Update Refs (G)         605 us
[2.898s][info][gc,stats    ] Pause Final Update Refs (N)          67 us
[2.898s][info][gc,stats    ]   Update Region States               13 us
[2.898s][info][gc,stats    ]   Trash Collection Set                3 us
[2.898s][info][gc,stats    ]   Rebuild Free Set                   16 us
[2.898s][info][gc,stats    ] Concurrent Cleanup                   62 us
[2.898s][info][gc,stats    ] 
[2.898s][info][gc,stats    ] Allocation pacing accrued:
[2.898s][info][gc,stats    ]       0 of    14 ms (  0.0%): <total>
[2.898s][info][gc,stats    ]       0 of    14 ms (  0.0%): <average total>
[2.898s][info][gc,stats    ] 
[2.898s][info][gc,metaspace] Metaspace: 11975K(12224K)->11976K(12224K) NonClass: 10779K(10944K)->10779K(10944K) Class: 1196K(1280K)->1196K(1280K)
[2.898s][info][gc,ergo     ] Pacer for Idle. Initial: 40642K, Alloc Tax Rate: 1.0x
[2.899s][info][gc          ] Trigger: Start next cycle immediately
[2.899s][info][gc,ergo     ] Free: 1868M, Max: 512K regular, 1867M humongous, Frag: 1% external, 0% internal; Reserve: 101888K, Max: 512K
[2.899s][info][gc,start    ] GC(142) Concurrent reset
[2.899s][info][gc,task     ] GC(142) Using 2 of 8 workers for concurrent reset
[2.899s][info][gc,ergo     ] GC(142) Pacer for Reset. Non-Taxable: 1984M
[2.899s][info][gc          ] GC(142) Concurrent reset 0.229ms
[2.899s][info][gc,start    ] GC(142) Pause Init Mark (unload classes)
[2.899s][info][gc,task     ] GC(142) Using 8 of 8 workers for init marking
[2.899s][info][gc,ergo     ] GC(142) Pacer for Mark. Expected Live: 12735K, Free: 1868M, Non-Taxable: 186M, Alloc Tax Rate: 0.0x
[2.899s][info][gc          ] GC(142) Pause Init Mark (unload classes) 0.044ms
[2.899s][info][gc,start    ] GC(142) Concurrent marking roots
[2.899s][info][gc,task     ] GC(142) Using 2 of 8 workers for concurrent marking roots
[2.900s][info][gc          ] GC(142) Concurrent marking roots 0.118ms
[2.900s][info][gc,start    ] GC(142) Concurrent marking (unload classes)
[2.900s][info][gc,task     ] GC(142) Using 2 of 8 workers for concurrent marking
[2.903s][info][gc          ] GC(142) Concurrent marking (unload classes) 3.108ms
[2.903s][info][gc,start    ] GC(142) Pause Final Mark (unload classes)
[2.903s][info][gc,task     ] GC(142) Using 8 of 8 workers for final marking
[2.905s][info][gc,ergo     ] GC(142) Collectable Garbage: 3370K (100%), Immediate: 0B (0%), CSet: 3370K (100%)
[2.905s][info][gc,ergo     ] GC(142) Pacer for Evacuation. Used CSet: 14263K, Free: 1868M, Non-Taxable: 186M, Alloc Tax Rate: 1.1x
[2.905s][info][gc          ] GC(142) Pause Final Mark (unload classes) 2.341ms
[2.905s][info][gc,start    ] GC(142) Concurrent thread roots
[2.905s][info][gc,task     ] GC(142) Using 2 of 8 workers for Concurrent thread roots
[2.905s][info][gc          ] GC(142) Concurrent thread roots 0.063ms
[2.905s][info][gc,start    ] GC(142) Concurrent weak references
[2.905s][info][gc,task     ] GC(142) Using 2 of 8 workers for concurrent weak references
[2.905s][info][gc,ref      ] GC(142) Encountered references: Soft: 3674, Weak: 1280, Final: 4, Phantom: 586
[2.905s][info][gc,ref      ] GC(142) Discovered  references: Soft: 0, Weak: 480, Final: 0, Phantom: 353
[2.905s][info][gc,ref      ] GC(142) Enqueued    references: Soft: 0, Weak: 0, Final: 0, Phantom: 0
[2.905s][info][gc          ] GC(142) Concurrent weak references 0.103ms
[2.905s][info][gc,start    ] GC(142) Concurrent weak roots
[2.905s][info][gc,task     ] GC(142) Using 2 of 8 workers for concurrent weak root
[2.922s][info][gc          ] GC(142) Concurrent weak roots 17.153ms
[2.922s][info][gc,start    ] GC(142) Concurrent cleanup
[2.923s][info][gc          ] GC(142) Concurrent cleanup 17M->18M(149M) 0.107ms
[2.923s][info][gc,ergo     ] GC(142) Free: 1867M, Max: 512K regular, 1866M humongous, Frag: 0% external, 0% internal; Reserve: 101148K, Max: 512K
[2.923s][info][gc,start    ] GC(142) Concurrent class unloading
[2.923s][info][gc,task     ] GC(142) Using 2 of 8 workers for concurrent class unloading
[2.924s][info][gc          ] GC(142) Concurrent class unloading 1.153ms
[2.924s][info][gc,start    ] GC(142) Concurrent strong roots
[2.924s][info][gc,task     ] GC(142) Using 2 of 8 workers for concurrent strong root
[2.924s][info][gc          ] GC(142) Concurrent strong roots 0.254ms
[2.924s][info][gc,start    ] GC(142) Concurrent evacuation
[2.924s][info][gc,task     ] GC(142) Using 2 of 8 workers for concurrent evacuation
[2.926s][info][gc          ] GC(142) Concurrent evacuation 2.374ms
[2.926s][info][gc,start    ] GC(142) Pause Init Update Refs
[2.926s][info][gc,ergo     ] GC(142) Pacer for Update Refs. Used: 30296K, Free: 1866M, Non-Taxable: 186M, Alloc Tax Rate: 1.1x
[2.926s][info][gc          ] GC(142) Pause Init Update Refs 0.026ms
[2.927s][info][gc,start    ] GC(142) Concurrent update references
[2.927s][info][gc,task     ] GC(142) Using 2 of 8 workers for concurrent reference update
[2.930s][info][gc          ] GC(142) Concurrent update references 3.280ms
[2.930s][info][gc,start    ] GC(142) Concurrent update thread roots
[2.930s][info][gc          ] GC(142) Concurrent update thread roots 0.236ms
[2.930s][info][gc,start    ] GC(142) Pause Final Update Refs
[2.930s][info][gc,task     ] GC(142) Using 8 of 8 workers for final reference update
[2.930s][info][gc          ] GC(142) Pause Final Update Refs 0.069ms
[2.930s][info][gc,start    ] GC(142) Concurrent cleanup
[2.930s][info][gc          ] GC(142) Concurrent cleanup 30M->16M(149M) 0.055ms
[2.930s][info][gc,ergo     ] Free: 1868M, Max: 512K regular, 1866M humongous, Frag: 1% external, 0% internal; Reserve: 101888K, Max: 512K
[2.930s][info][gc,stats    ] 
[2.930s][info][gc,stats    ] All times are wall-clock times, except per-root-class counters, that are sum over
[2.930s][info][gc,stats    ] all workers. Dividing the <total> over the root stage time estimates parallelism.
[2.930s][info][gc,stats    ] 
[2.930s][info][gc,stats    ] Concurrent Reset                    241 us
[2.930s][info][gc,stats    ] Pause Init Mark (G)                 138 us
[2.930s][info][gc,stats    ] Pause Init Mark (N)                  52 us
[2.930s][info][gc,stats    ]   Update Region States               13 us
[2.930s][info][gc,stats    ] Concurrent Mark Roots               127 us, parallelism: 0.95x
[2.930s][info][gc,stats    ]   CMR: <total>                      120 us
[2.930s][info][gc,stats    ]   CMR: Thread Roots                  49 us, workers (us):   0,  49, ---, ---, ---, ---, ---, ---, 
[2.930s][info][gc,stats    ]   CMR: VM Strong Roots                4 us, workers (us):   4,   0, ---, ---, ---, ---, ---, ---, 
[2.930s][info][gc,stats    ]   CMR: CLDG Roots                    67 us, workers (us):  67, ---, ---, ---, ---, ---, ---, ---, 
[2.930s][info][gc,stats    ] Concurrent Marking                 3128 us
[2.930s][info][gc,stats    ] Pause Final Mark (G)               2441 us
[2.930s][info][gc,stats    ] Pause Final Mark (N)               2349 us
[2.930s][info][gc,stats    ]   Finish Mark                      2212 us
[2.930s][info][gc,stats    ]   Update Region States               15 us
[2.930s][info][gc,stats    ]   Choose Collection Set              60 us
[2.930s][info][gc,stats    ]   Rebuild Free Set                   17 us
[2.930s][info][gc,stats    ] Concurrent Thread Roots              79 us, parallelism: 0.78x
[2.931s][info][gc,stats    ]   CTR: <total>                       61 us
[2.931s][info][gc,stats    ]   CTR: Thread Roots                  61 us, workers (us):  34,  27, ---, ---, ---, ---, ---, ---, 
[2.931s][info][gc,stats    ] Concurrent Weak References          110 us, parallelism: 0.68x
[2.931s][info][gc,stats    ]   CWRF: <total>                      75 us
[2.931s][info][gc,stats    ]   CWRF: Weak References              75 us, workers (us):  36,  39, ---, ---, ---, ---, ---, ---, 
[2.931s][info][gc,stats    ] Concurrent Weak Roots             17184 us
[2.931s][info][gc,stats    ]   Roots                           16908 us, parallelism: 0.06x
[2.931s][info][gc,stats    ]     CWR: <total>                    979 us
[2.931s][info][gc,stats    ]     CWR: Code Cache Roots           467 us, workers (us): 238, 229, ---, ---, ---, ---, ---, ---, 
[2.931s][info][gc,stats    ]     CWR: VM Weak Roots              506 us, workers (us): 259, 247, ---, ---, ---, ---, ---, ---, 
[2.931s][info][gc,stats    ]     CWR: CLDG Roots                   7 us, workers (us): ---,   7, ---, ---, ---, ---, ---, ---, 
[2.931s][info][gc,stats    ]   Rendezvous                        228 us
[2.931s][info][gc,stats    ] Concurrent Cleanup                  115 us
[2.931s][info][gc,stats    ] Concurrent Class Unloading         1166 us
[2.931s][info][gc,stats    ]   Unlink Stale                     1040 us
[2.931s][info][gc,stats    ]     System Dictionary                32 us
[2.931s][info][gc,stats    ]     Weak Class Links                  0 us
[2.931s][info][gc,stats    ]     Code Roots                     1007 us
[2.931s][info][gc,stats    ]   Rendezvous                         22 us
[2.931s][info][gc,stats    ]   Purge Unlinked                     72 us
[2.931s][info][gc,stats    ]     Code Roots                       69 us
[2.931s][info][gc,stats    ]     CLDG                              3 us
[2.931s][info][gc,stats    ]     Exception Caches                  0 us
[2.931s][info][gc,stats    ] Concurrent Strong Roots             264 us, parallelism: 0.81x
[2.931s][info][gc,stats    ]   CSR: <total>                      212 us
[2.931s][info][gc,stats    ]   CSR: VM Strong Roots               12 us, workers (us):   8,   4, ---, ---, ---, ---, ---, ---, 
[2.931s][info][gc,stats    ]   CSR: CLDG Roots                   201 us, workers (us): ---, 201, ---, ---, ---, ---, ---, ---, 
[2.931s][info][gc,stats    ] Concurrent Evacuation              2395 us
[2.931s][info][gc,stats    ] Pause Init Update Refs (G)           61 us
[2.931s][info][gc,stats    ] Pause Init Update Refs (N)           34 us
[2.931s][info][gc,stats    ]   Manage GCLABs                       5 us
[2.931s][info][gc,stats    ] Concurrent Update Refs             3302 us
[2.931s][info][gc,stats    ] Concurrent Update Thread Roots      246 us
[2.931s][info][gc,stats    ] Pause Final Update Refs (G)         162 us
[2.931s][info][gc,stats    ] Pause Final Update Refs (N)          79 us
[2.931s][info][gc,stats    ]   Update Region States               20 us
[2.931s][info][gc,stats    ]   Trash Collection Set                2 us
[2.931s][info][gc,stats    ]   Rebuild Free Set                   25 us
[2.931s][info][gc,stats    ] Concurrent Cleanup                   64 us
[2.931s][info][gc,stats    ] 
[2.931s][info][gc,stats    ] Allocation pacing accrued:
[2.931s][info][gc,stats    ]       0 of    33 ms (  0.0%): <total>
[2.931s][info][gc,stats    ]       0 of    33 ms (  0.0%): <average total>
[2.931s][info][gc,stats    ] 
[2.931s][info][gc,metaspace] Metaspace: 11976K(12224K)->12074K(12288K) NonClass: 10779K(10944K)->10874K(11008K) Class: 1196K(1280K)->1200K(1280K)
[2.931s][info][gc,ergo     ] Pacer for Idle. Initial: 40642K, Alloc Tax Rate: 1.0x
[2.932s][info][gc          ] Trigger: Start next cycle immediately
[2.932s][info][gc,ergo     ] Free: 1868M, Max: 512K regular, 1866M humongous, Frag: 1% external, 0% internal; Reserve: 101888K, Max: 512K
[2.932s][info][gc,start    ] GC(143) Concurrent reset
[2.932s][info][gc,task     ] GC(143) Using 2 of 8 workers for concurrent reset
[2.932s][info][gc,ergo     ] GC(143) Pacer for Reset. Non-Taxable: 1984M
[2.932s][info][gc          ] GC(143) Concurrent reset 0.226ms
[2.932s][info][gc,start    ] GC(143) Pause Init Mark (unload classes)
[2.932s][info][gc,task     ] GC(143) Using 8 of 8 workers for init marking
[2.932s][info][gc,ergo     ] GC(143) Pacer for Mark. Expected Live: 12747K, Free: 1868M, Non-Taxable: 186M, Alloc Tax Rate: 0.0x
[2.932s][info][gc          ] GC(143) Pause Init Mark (unload classes) 0.043ms
[2.932s][info][gc,start    ] GC(143) Concurrent marking roots
[2.932s][info][gc,task     ] GC(143) Using 2 of 8 workers for concurrent marking roots
[2.933s][info][gc          ] GC(143) Concurrent marking roots 0.139ms
[2.933s][info][gc,start    ] GC(143) Concurrent marking (unload classes)
[2.933s][info][gc,task     ] GC(143) Using 2 of 8 workers for concurrent marking
[2.936s][info][gc          ] GC(143) Concurrent marking (unload classes) 3.459ms
[2.936s][info][gc,start    ] GC(143) Pause Final Mark (unload classes)
[2.936s][info][gc,task     ] GC(143) Using 8 of 8 workers for final marking
[2.936s][info][gc,ergo     ] GC(143) Collectable Garbage: 3768K (100%), Immediate: 1024K (27%), CSet: 2744K (72%)
[2.937s][info][gc,ergo     ] GC(143) Pacer for Evacuation. Used CSet: 13641K, Free: 1868M, Non-Taxable: 186M, Alloc Tax Rate: 1.1x
[2.937s][info][gc          ] GC(143) Pause Final Mark (unload classes) 0.394ms
[2.937s][info][gc,start    ] GC(143) Concurrent thread roots
[2.937s][info][gc,task     ] GC(143) Using 2 of 8 workers for Concurrent thread roots
[2.937s][info][gc          ] GC(143) Concurrent thread roots 0.075ms
[2.937s][info][gc,start    ] GC(143) Concurrent weak references
[2.937s][info][gc,task     ] GC(143) Using 2 of 8 workers for concurrent weak references
[2.937s][info][gc,ref      ] GC(143) Encountered references: Soft: 3674, Weak: 1283, Final: 4, Phantom: 588
[2.937s][info][gc,ref      ] GC(143) Discovered  references: Soft: 0, Weak: 491, Final: 1, Phantom: 355
[2.937s][info][gc,ref      ] GC(143) Enqueued    references: Soft: 0, Weak: 3, Final: 0, Phantom: 2
[2.937s][info][gc          ] GC(143) Concurrent weak references 0.085ms
[2.937s][info][gc,start    ] GC(143) Concurrent weak roots
[2.937s][info][gc,task     ] GC(143) Using 2 of 8 workers for concurrent weak root
[2.937s][info][gc          ] GC(143) Concurrent weak roots 0.604ms
[2.937s][info][gc,start    ] GC(143) Concurrent cleanup
[2.937s][info][gc          ] GC(143) Concurrent cleanup 17M->17M(149M) 0.065ms
[2.937s][info][gc,ergo     ] GC(143) Free: 1868M, Max: 512K regular, 1866M humongous, Frag: 1% external, 0% internal; Reserve: 100868K, Max: 512K
[2.937s][info][gc,start    ] GC(143) Concurrent class unloading
[2.937s][info][gc,task     ] GC(143) Using 2 of 8 workers for concurrent class unloading
[2.939s][info][gc          ] GC(143) Concurrent class unloading 1.195ms
[2.939s][info][gc,start    ] GC(143) Concurrent strong roots
[2.939s][info][gc,task     ] GC(143) Using 2 of 8 workers for concurrent strong root
[2.939s][info][gc          ] GC(143) Concurrent strong roots 0.239ms
[2.939s][info][gc,start    ] GC(143) Concurrent evacuation
[2.939s][info][gc,task     ] GC(143) Using 2 of 8 workers for concurrent evacuation
[2.941s][info][gc          ] GC(143) Concurrent evacuation 2.205ms
[2.941s][info][gc,start    ] GC(143) Pause Init Update Refs
[2.941s][info][gc,ergo     ] GC(143) Pacer for Update Refs. Used: 29334K, Free: 1867M, Non-Taxable: 186M, Alloc Tax Rate: 1.1x
[2.941s][info][gc          ] GC(143) Pause Init Update Refs 0.025ms
[2.941s][info][gc,start    ] GC(143) Concurrent update references
[2.941s][info][gc,task     ] GC(143) Using 2 of 8 workers for concurrent reference update
[2.944s][info][gc          ] GC(143) Concurrent update references 2.695ms
[2.944s][info][gc,start    ] GC(143) Concurrent update thread roots
[2.944s][info][gc          ] GC(143) Concurrent update thread roots 0.156ms
[2.944s][info][gc,start    ] GC(143) Pause Final Update Refs
[2.944s][info][gc,task     ] GC(143) Using 8 of 8 workers for final reference update
[2.944s][info][gc          ] GC(143) Pause Final Update Refs 0.050ms
[2.944s][info][gc,start    ] GC(143) Concurrent cleanup
[2.944s][info][gc          ] GC(143) Concurrent cleanup 28M->15M(149M) 0.053ms
[2.944s][info][gc,ergo     ] Free: 1869M, Max: 512K regular, 1869M humongous, Frag: 0% external, 0% internal; Reserve: 101888K, Max: 512K
[2.944s][info][gc,stats    ] 
[2.944s][info][gc,stats    ] All times are wall-clock times, except per-root-class counters, that are sum over
[2.944s][info][gc,stats    ] all workers. Dividing the <total> over the root stage time estimates parallelism.
[2.944s][info][gc,stats    ] 
[2.944s][info][gc,stats    ] Concurrent Reset                    235 us
[2.944s][info][gc,stats    ] Pause Init Mark (G)                 142 us
[2.944s][info][gc,stats    ] Pause Init Mark (N)                  52 us
[2.944s][info][gc,stats    ]   Update Region States               13 us
[2.944s][info][gc,stats    ] Concurrent Mark Roots               147 us, parallelism: 1.12x
[2.944s][info][gc,stats    ]   CMR: <total>                      164 us
[2.944s][info][gc,stats    ]   CMR: Thread Roots                  81 us, workers (us):   0,  80, ---, ---, ---, ---, ---, ---, 
[2.944s][info][gc,stats    ]   CMR: VM Strong Roots                6 us, workers (us):   6,   0, ---, ---, ---, ---, ---, ---, 
[2.944s][info][gc,stats    ]   CMR: CLDG Roots                    78 us, workers (us):  78, ---, ---, ---, ---, ---, ---, ---, 
[2.945s][info][gc,stats    ] Concurrent Marking                 3479 us
[2.945s][info][gc,stats    ] Pause Final Mark (G)                485 us
[2.945s][info][gc,stats    ] Pause Final Mark (N)                402 us
[2.945s][info][gc,stats    ]   Finish Mark                       292 us
[2.945s][info][gc,stats    ]   Update Region States               18 us
[2.945s][info][gc,stats    ]   Choose Collection Set              37 us
[2.945s][info][gc,stats    ]   Rebuild Free Set                   15 us
[2.945s][info][gc,stats    ] Concurrent Thread Roots              83 us, parallelism: 0.83x
[2.945s][info][gc,stats    ]   CTR: <total>                       69 us
[2.945s][info][gc,stats    ]   CTR: Thread Roots                  69 us, workers (us):  40,  29, ---, ---, ---, ---, ---, ---, 
[2.945s][info][gc,stats    ] Concurrent Weak References           93 us, parallelism: 0.69x
[2.945s][info][gc,stats    ]   CWRF: <total>                      64 us
[2.945s][info][gc,stats    ]   CWRF: Weak References              64 us, workers (us):  34,  30, ---, ---, ---, ---, ---, ---, 
[2.945s][info][gc,stats    ] Concurrent Weak Roots               631 us
[2.945s][info][gc,stats    ]   Roots                             565 us, parallelism: 1.80x
[2.945s][info][gc,stats    ]     CWR: <total>                   1014 us
[2.945s][info][gc,stats    ]     CWR: Code Cache Roots           510 us, workers (us): 261, 249, ---, ---, ---, ---, ---, ---, 
[2.945s][info][gc,stats    ]     CWR: VM Weak Roots              497 us, workers (us): 274, 222, ---, ---, ---, ---, ---, ---, 
[2.945s][info][gc,stats    ]     CWR: CLDG Roots                   7 us, workers (us): ---,   7, ---, ---, ---, ---, ---, ---, 
[2.945s][info][gc,stats    ]   Rendezvous                         23 us
[2.945s][info][gc,stats    ] Concurrent Cleanup                   76 us
[2.945s][info][gc,stats    ] Concurrent Class Unloading         1209 us
[2.945s][info][gc,stats    ]   Unlink Stale                     1034 us
[2.945s][info][gc,stats    ]     System Dictionary                30 us
[2.945s][info][gc,stats    ]     Weak Class Links                  0 us
[2.945s][info][gc,stats    ]     Code Roots                     1003 us
[2.945s][info][gc,stats    ]   Rendezvous                         98 us
[2.945s][info][gc,stats    ]   Purge Unlinked                     45 us
[2.945s][info][gc,stats    ]     Code Roots                       43 us
[2.945s][info][gc,stats    ]     CLDG                              2 us
[2.945s][info][gc,stats    ]     Exception Caches                  0 us
[2.945s][info][gc,stats    ] Concurrent Strong Roots             249 us, parallelism: 0.80x
[2.945s][info][gc,stats    ]   CSR: <total>                      198 us
[2.945s][info][gc,stats    ]   CSR: VM Strong Roots                9 us, workers (us):   8,   0, ---, ---, ---, ---, ---, ---, 
[2.945s][info][gc,stats    ]   CSR: CLDG Roots                   190 us, workers (us): 190, ---, ---, ---, ---, ---, ---, ---, 
[2.945s][info][gc,stats    ] Concurrent Evacuation              2225 us
[2.945s][info][gc,stats    ] Pause Init Update Refs (G)          119 us
[2.945s][info][gc,stats    ] Pause Init Update Refs (N)           34 us
[2.945s][info][gc,stats    ]   Manage GCLABs                       4 us
[2.945s][info][gc,stats    ] Concurrent Update Refs             2717 us
[2.945s][info][gc,stats    ] Concurrent Update Thread Roots      182 us
[2.945s][info][gc,stats    ] Pause Final Update Refs (G)         146 us
[2.945s][info][gc,stats    ] Pause Final Update Refs (N)          58 us
[2.945s][info][gc,stats    ]   Update Region States               13 us
[2.945s][info][gc,stats    ]   Trash Collection Set                2 us
[2.945s][info][gc,stats    ]   Rebuild Free Set                   16 us
[2.945s][info][gc,stats    ] Concurrent Cleanup                   61 us
[2.945s][info][gc,stats    ] 
[2.945s][info][gc,stats    ] Allocation pacing accrued:
[2.945s][info][gc,stats    ]       0 of    14 ms (  0.0%): <total>
[2.945s][info][gc,stats    ]       0 of    14 ms (  0.0%): <average total>
[2.945s][info][gc,stats    ] 
[2.945s][info][gc,metaspace] Metaspace: 12093K(12288K)->12117K(12352K) NonClass: 10889K(11008K)->10910K(11072K) Class: 1204K(1280K)->1206K(1280K)
[2.945s][info][gc,ergo     ] Pacer for Idle. Initial: 40642K, Alloc Tax Rate: 1.0x
[2.946s][info][gc          ] Trigger: Start next cycle immediately
[2.946s][info][gc,ergo     ] Free: 1869M, Max: 512K regular, 1869M humongous, Frag: 0% external, 0% internal; Reserve: 101888K, Max: 512K
[2.946s][info][gc,start    ] GC(144) Concurrent reset
[2.946s][info][gc,task     ] GC(144) Using 2 of 8 workers for concurrent reset
[2.946s][info][gc,ergo     ] GC(144) Pacer for Reset. Non-Taxable: 1984M
[2.946s][info][gc          ] GC(144) Concurrent reset 0.191ms
[2.946s][info][gc,start    ] GC(144) Pause Init Mark (unload classes)
[2.946s][info][gc,task     ] GC(144) Using 8 of 8 workers for init marking
[2.946s][info][gc,ergo     ] GC(144) Pacer for Mark. Expected Live: 12761K, Free: 1869M, Non-Taxable: 186M, Alloc Tax Rate: 0.0x
[2.946s][info][gc          ] GC(144) Pause Init Mark (unload classes) 0.043ms
[2.946s][info][gc,start    ] GC(144) Concurrent marking roots
[2.946s][info][gc,task     ] GC(144) Using 2 of 8 workers for concurrent marking roots
[2.947s][info][gc          ] GC(144) Concurrent marking roots 0.217ms
[2.947s][info][gc,start    ] GC(144) Concurrent marking (unload classes)
[2.947s][info][gc,task     ] GC(144) Using 2 of 8 workers for concurrent marking
[2.950s][info][gc          ] GC(144) Concurrent marking (unload classes) 3.003ms
[2.950s][info][gc,start    ] GC(144) Pause Final Mark (unload classes)
[2.950s][info][gc,task     ] GC(144) Using 8 of 8 workers for final marking
[2.950s][info][gc,ergo     ] GC(144) Collectable Garbage: 2919K (100%), Immediate: 0B (0%), CSet: 2919K (100%)
[2.950s][info][gc,ergo     ] GC(144) Pacer for Evacuation. Used CSet: 13819K, Free: 1869M, Non-Taxable: 186M, Alloc Tax Rate: 1.1x
[2.950s][info][gc          ] GC(144) Pause Final Mark (unload classes) 0.168ms
[2.950s][info][gc,start    ] GC(144) Concurrent thread roots
[2.950s][info][gc,task     ] GC(144) Using 2 of 8 workers for Concurrent thread roots
[2.950s][info][gc          ] GC(144) Concurrent thread roots 0.092ms
[2.950s][info][gc,start    ] GC(144) Concurrent weak references
[2.950s][info][gc,task     ] GC(144) Using 2 of 8 workers for concurrent weak references
[2.950s][info][gc,ref      ] GC(144) Encountered references: Soft: 3675, Weak: 1283, Final: 4, Phantom: 586
[2.950s][info][gc,ref      ] GC(144) Discovered  references: Soft: 0, Weak: 501, Final: 4, Phantom: 353
[2.950s][info][gc,ref      ] GC(144) Enqueued    references: Soft: 0, Weak: 0, Final: 0, Phantom: 0
[2.950s][info][gc          ] GC(144) Concurrent weak references 0.115ms
[2.950s][info][gc,start    ] GC(144) Concurrent weak roots
[2.950s][info][gc,task     ] GC(144) Using 2 of 8 workers for concurrent weak root
[2.951s][info][gc          ] GC(144) Concurrent weak roots 0.523ms
[2.951s][info][gc,start    ] GC(144) Concurrent cleanup
[2.951s][info][gc          ] GC(144) Concurrent cleanup 16M->16M(149M) 0.058ms
[2.951s][info][gc,ergo     ] GC(144) Free: 1868M, Max: 512K regular, 1868M humongous, Frag: 0% external, 0% internal; Reserve: 101247K, Max: 512K
[2.951s][info][gc,start    ] GC(144) Concurrent class unloading
[2.951s][info][gc,task     ] GC(144) Using 2 of 8 workers for concurrent class unloading
[2.952s][info][gc          ] GC(144) Concurrent class unloading 1.639ms
[2.952s][info][gc,start    ] GC(144) Concurrent strong roots
[2.952s][info][gc,task     ] GC(144) Using 2 of 8 workers for concurrent strong root
[2.953s][info][gc          ] GC(144) Concurrent strong roots 0.243ms
[2.953s][info][gc,start    ] GC(144) Concurrent evacuation
[2.953s][info][gc,task     ] GC(144) Using 2 of 8 workers for concurrent evacuation
[2.955s][info][gc          ] GC(144) Concurrent evacuation 2.243ms
[2.955s][info][gc,start    ] GC(144) Pause Init Update Refs
[2.955s][info][gc,ergo     ] GC(144) Pacer for Update Refs. Used: 28491K, Free: 1868M, Non-Taxable: 186M, Alloc Tax Rate: 1.1x
[2.955s][info][gc          ] GC(144) Pause Init Update Refs 0.025ms
[2.955s][info][gc,start    ] GC(144) Concurrent update references
[2.955s][info][gc,task     ] GC(144) Using 2 of 8 workers for concurrent reference update
[2.958s][info][gc          ] GC(144) Concurrent update references 2.607ms
[2.958s][info][gc,start    ] GC(144) Concurrent update thread roots
[2.958s][info][gc          ] GC(144) Concurrent update thread roots 0.106ms
[2.958s][info][gc,start    ] GC(144) Pause Final Update Refs
[2.958s][info][gc,task     ] GC(144) Using 8 of 8 workers for final reference update
[2.958s][info][gc          ] GC(144) Pause Final Update Refs 0.050ms
[2.958s][info][gc,start    ] GC(144) Concurrent cleanup
[2.958s][info][gc          ] GC(144) Concurrent cleanup 27M->14M(149M) 0.053ms
[2.958s][info][gc,ergo     ] Free: 1870M, Max: 512K regular, 1868M humongous, Frag: 1% external, 0% internal; Reserve: 101888K, Max: 512K
[2.958s][info][gc,stats    ] 
[2.958s][info][gc,stats    ] All times are wall-clock times, except per-root-class counters, that are sum over
[2.958s][info][gc,stats    ] all workers. Dividing the <total> over the root stage time estimates parallelism.
[2.958s][info][gc,stats    ] 
[2.958s][info][gc,stats    ] Concurrent Reset                    204 us
[2.958s][info][gc,stats    ] Pause Init Mark (G)                 137 us
[2.958s][info][gc,stats    ] Pause Init Mark (N)                  49 us
[2.958s][info][gc,stats    ]   Update Region States               13 us
[2.958s][info][gc,stats    ] Concurrent Mark Roots               227 us, parallelism: 1.22x
[2.958s][info][gc,stats    ]   CMR: <total>                      276 us
[2.958s][info][gc,stats    ]   CMR: Thread Roots                 193 us, workers (us):  30, 163, ---, ---, ---, ---, ---, ---, 
[2.958s][info][gc,stats    ]   CMR: VM Strong Roots                5 us, workers (us):   4,   0, ---, ---, ---, ---, ---, ---, 
[2.958s][info][gc,stats    ]   CMR: CLDG Roots                    79 us, workers (us):  79, ---, ---, ---, ---, ---, ---, ---, 
[2.958s][info][gc,stats    ] Concurrent Marking                 3022 us
[2.958s][info][gc,stats    ] Pause Final Mark (G)                270 us
[2.958s][info][gc,stats    ] Pause Final Mark (N)                176 us
[2.958s][info][gc,stats    ]   Finish Mark                        83 us
[2.958s][info][gc,stats    ]   Update Region States               13 us
[2.958s][info][gc,stats    ]   Choose Collection Set              28 us
[2.958s][info][gc,stats    ]   Rebuild Free Set                   15 us
[2.958s][info][gc,stats    ] Concurrent Thread Roots             101 us, parallelism: 1.07x
[2.958s][info][gc,stats    ]   CTR: <total>                      108 us
[2.958s][info][gc,stats    ]   CTR: Thread Roots                 108 us, workers (us):  60,  48, ---, ---, ---, ---, ---, ---, 
[2.958s][info][gc,stats    ] Concurrent Weak References          123 us, parallelism: 0.45x
[2.958s][info][gc,stats    ]   CWRF: <total>                      55 us
[2.958s][info][gc,stats    ]   CWRF: Weak References              55 us, workers (us):  50,   5, ---, ---, ---, ---, ---, ---, 
[2.958s][info][gc,stats    ] Concurrent Weak Roots               543 us
[2.958s][info][gc,stats    ]   Roots                             491 us, parallelism: 1.85x
[2.958s][info][gc,stats    ]     CWR: <total>                    910 us
[2.958s][info][gc,stats    ]     CWR: Code Cache Roots           419 us, workers (us): 214, 205, ---, ---, ---, ---, ---, ---, 
[2.958s][info][gc,stats    ]     CWR: VM Weak Roots              488 us, workers (us): 245, 244, ---, ---, ---, ---, ---, ---, 
[2.958s][info][gc,stats    ]     CWR: CLDG Roots                   3 us, workers (us):   3, ---, ---, ---, ---, ---, ---, ---, 
[2.958s][info][gc,stats    ]   Rendezvous                         16 us
[2.958s][info][gc,stats    ] Concurrent Cleanup                   66 us
[2.958s][info][gc,stats    ] Concurrent Class Unloading         1653 us
[2.958s][info][gc,stats    ]   Unlink Stale                     1571 us
[2.958s][info][gc,stats    ]     System Dictionary                27 us
[2.958s][info][gc,stats    ]     Weak Class Links                  0 us
[2.958s][info][gc,stats    ]     Code Roots                     1543 us
[2.958s][info][gc,stats    ]   Rendezvous                         19 us
[2.958s][info][gc,stats    ]   Purge Unlinked                     32 us
[2.958s][info][gc,stats    ]     Code Roots                       30 us
[2.958s][info][gc,stats    ]     CLDG                              2 us
[2.958s][info][gc,stats    ]     Exception Caches                  0 us
[2.958s][info][gc,stats    ] Concurrent Strong Roots             253 us, parallelism: 0.73x
[2.958s][info][gc,stats    ]   CSR: <total>                      185 us
[2.958s][info][gc,stats    ]   CSR: VM Strong Roots               11 us, workers (us):  11,   0, ---, ---, ---, ---, ---, ---, 
[2.958s][info][gc,stats    ]   CSR: CLDG Roots                   174 us, workers (us): 174, ---, ---, ---, ---, ---, ---, ---, 
[2.958s][info][gc,stats    ] Concurrent Evacuation              2264 us
[2.958s][info][gc,stats    ] Pause Init Update Refs (G)          122 us
[2.958s][info][gc,stats    ] Pause Init Update Refs (N)           33 us
[2.958s][info][gc,stats    ]   Manage GCLABs                       4 us
[2.958s][info][gc,stats    ] Concurrent Update Refs             2631 us
[2.958s][info][gc,stats    ] Concurrent Update Thread Roots      116 us
[2.958s][info][gc,stats    ] Pause Final Update Refs (G)          71 us
[2.958s][info][gc,stats    ] Pause Final Update Refs (N)          58 us
[2.958s][info][gc,stats    ]   Update Region States               13 us
[2.958s][info][gc,stats    ]   Trash Collection Set                2 us
[2.958s][info][gc,stats    ]   Rebuild Free Set                   16 us
[2.958s][info][gc,stats    ] Concurrent Cleanup                   61 us
[2.958s][info][gc,stats    ] 
[2.958s][info][gc,stats    ] Allocation pacing accrued:
[2.959s][info][gc,stats    ]       0 of    14 ms (  0.0%): <total>
[2.959s][info][gc,stats    ]       0 of    14 ms (  0.0%): <average total>
[2.959s][info][gc,stats    ] 
[2.959s][info][gc,metaspace] Metaspace: 12137K(12352K)->12146K(12480K) NonClass: 10927K(11072K)->10934K(11136K) Class: 1209K(1280K)->1211K(1344K)
[2.959s][info][gc,ergo     ] Pacer for Idle. Initial: 40642K, Alloc Tax Rate: 1.0x
[2.960s][info][gc          ] Trigger: Start next cycle immediately
[2.960s][info][gc,ergo     ] Free: 1870M, Max: 512K regular, 1868M humongous, Frag: 1% external, 0% internal; Reserve: 101888K, Max: 512K
[2.960s][info][gc,start    ] GC(145) Concurrent reset
[2.960s][info][gc,task     ] GC(145) Using 2 of 8 workers for concurrent reset
[2.960s][info][gc,ergo     ] GC(145) Pacer for Reset. Non-Taxable: 1984M
[2.961s][info][gc          ] GC(145) Concurrent reset 0.923ms
[2.961s][info][gc,start    ] GC(145) Pause Init Mark (unload classes)
[2.961s][info][gc,task     ] GC(145) Using 8 of 8 workers for init marking
[2.961s][info][gc,ergo     ] GC(145) Pacer for Mark. Expected Live: 12764K, Free: 1870M, Non-Taxable: 187M, Alloc Tax Rate: 0.0x
[2.961s][info][gc          ] GC(145) Pause Init Mark (unload classes) 0.044ms
[2.961s][info][gc,start    ] GC(145) Concurrent marking roots
[2.961s][info][gc,task     ] GC(145) Using 2 of 8 workers for concurrent marking roots
[2.962s][info][gc          ] GC(145) Concurrent marking roots 1.620ms
[2.962s][info][gc,start    ] GC(145) Concurrent marking (unload classes)
[2.962s][info][gc,task     ] GC(145) Using 2 of 8 workers for concurrent marking
[2.965s][info][gc          ] GC(145) Concurrent marking (unload classes) 3.085ms
[2.966s][info][gc,start    ] GC(145) Pause Final Mark (unload classes)
[2.966s][info][gc,task     ] GC(145) Using 8 of 8 workers for final marking
[2.966s][info][gc,ergo     ] GC(145) Collectable Garbage: 1882K (100%), Immediate: 0B (0%), CSet: 1882K (100%)
[2.966s][info][gc,ergo     ] GC(145) Pacer for Evacuation. Used CSet: 12795K, Free: 1869M, Non-Taxable: 186M, Alloc Tax Rate: 1.1x
[2.966s][info][gc          ] GC(145) Pause Final Mark (unload classes) 0.255ms
[2.966s][info][gc,start    ] GC(145) Concurrent thread roots
[2.966s][info][gc,task     ] GC(145) Using 2 of 8 workers for Concurrent thread roots
[2.966s][info][gc          ] GC(145) Concurrent thread roots 0.106ms
[2.966s][info][gc,start    ] GC(145) Concurrent weak references
[2.966s][info][gc,task     ] GC(145) Using 2 of 8 workers for concurrent weak references
[2.966s][info][gc,ref      ] GC(145) Encountered references: Soft: 3676, Weak: 1290, Final: 4, Phantom: 592
[2.966s][info][gc,ref      ] GC(145) Discovered  references: Soft: 0, Weak: 473, Final: 0, Phantom: 388
[2.966s][info][gc,ref      ] GC(145) Enqueued    references: Soft: 0, Weak: 3, Final: 0, Phantom: 2
[2.966s][info][gc          ] GC(145) Concurrent weak references 0.110ms
[2.966s][info][gc,start    ] GC(145) Concurrent weak roots
[2.966s][info][gc,task     ] GC(145) Using 2 of 8 workers for concurrent weak root
[2.967s][info][gc          ] GC(145) Concurrent weak roots 0.534ms
[2.967s][info][gc,start    ] GC(145) Concurrent cleanup
[2.967s][info][gc          ] GC(145) Concurrent cleanup 16M->16M(149M) 0.058ms
[2.967s][info][gc,ergo     ] GC(145) Free: 1869M, Max: 512K regular, 1868M humongous, Frag: 1% external, 0% internal; Reserve: 101118K, Max: 512K
[2.967s][info][gc,start    ] GC(145) Concurrent class unloading
[2.967s][info][gc,task     ] GC(145) Using 2 of 8 workers for concurrent class unloading
[2.973s][info][gc          ] GC(145) Concurrent class unloading 5.924ms
[2.973s][info][gc,start    ] GC(145) Concurrent strong roots
[2.973s][info][gc,task     ] GC(145) Using 2 of 8 workers for concurrent strong root
[2.973s][info][gc          ] GC(145) Concurrent strong roots 0.234ms
[2.973s][info][gc,start    ] GC(145) Concurrent evacuation
[2.973s][info][gc,task     ] GC(145) Using 2 of 8 workers for concurrent evacuation
[2.975s][info][gc          ] GC(145) Concurrent evacuation 2.179ms
[2.975s][info][gc,start    ] GC(145) Pause Init Update Refs
[2.975s][info][gc,ergo     ] GC(145) Pacer for Update Refs. Used: 29412K, Free: 1868M, Non-Taxable: 186M, Alloc Tax Rate: 1.1x
[2.975s][info][gc          ] GC(145) Pause Init Update Refs 0.026ms
[2.975s][info][gc,start    ] GC(145) Concurrent update references
[2.975s][info][gc,task     ] GC(145) Using 2 of 8 workers for concurrent reference update
[2.978s][info][gc          ] GC(145) Concurrent update references 2.666ms
[2.978s][info][gc,start    ] GC(145) Concurrent update thread roots
[2.979s][info][gc          ] GC(145) Concurrent update thread roots 0.552ms
[2.979s][info][gc,start    ] GC(145) Pause Final Update Refs
[2.979s][info][gc,task     ] GC(145) Using 8 of 8 workers for final reference update
[2.979s][info][gc          ] GC(145) Pause Final Update Refs 0.062ms
[2.979s][info][gc,start    ] GC(145) Concurrent cleanup
[2.979s][info][gc          ] GC(145) Concurrent cleanup 28M->16M(149M) 0.054ms
[2.979s][info][gc,ergo     ] Free: 1868M, Max: 512K regular, 1867M humongous, Frag: 1% external, 0% internal; Reserve: 101888K, Max: 512K
[2.979s][info][gc,stats    ] 
[2.979s][info][gc,stats    ] All times are wall-clock times, except per-root-class counters, that are sum over
[2.979s][info][gc,stats    ] all workers. Dividing the <total> over the root stage time estimates parallelism.
[2.979s][info][gc,stats    ] 
[2.979s][info][gc,stats    ] Concurrent Reset                    944 us
[2.979s][info][gc,stats    ] Pause Init Mark (G)                 138 us
[2.979s][info][gc,stats    ] Pause Init Mark (N)                  50 us
[2.979s][info][gc,stats    ]   Update Region States               14 us
[2.979s][info][gc,stats    ] Concurrent Mark Roots              1643 us, parallelism: 0.07x
[2.979s][info][gc,stats    ]   CMR: <total>                      118 us
[2.979s][info][gc,stats    ]   CMR: Thread Roots                  50 us, workers (us):  50,   0, ---, ---, ---, ---, ---, ---, 
[2.979s][info][gc,stats    ]   CMR: VM Strong Roots                5 us, workers (us):   5,   0, ---, ---, ---, ---, ---, ---, 
[2.979s][info][gc,stats    ]   CMR: CLDG Roots                    63 us, workers (us):  63, ---, ---, ---, ---, ---, ---, ---, 
[2.979s][info][gc,stats    ] Concurrent Marking                 3107 us
[2.979s][info][gc,stats    ] Pause Final Mark (G)                352 us
[2.979s][info][gc,stats    ] Pause Final Mark (N)                264 us
[2.979s][info][gc,stats    ]   Finish Mark                       157 us
[2.979s][info][gc,stats    ]   Update Region States               12 us
[2.979s][info][gc,stats    ]   Choose Collection Set              35 us
[2.979s][info][gc,stats    ]   Rebuild Free Set                   15 us
[2.979s][info][gc,stats    ] Concurrent Thread Roots             116 us, parallelism: 0.70x
[2.979s][info][gc,stats    ]   CTR: <total>                       82 us
[2.979s][info][gc,stats    ]   CTR: Thread Roots                  82 us, workers (us):  82,   0, ---, ---, ---, ---, ---, ---, 
[2.979s][info][gc,stats    ] Concurrent Weak References          118 us, parallelism: 0.65x
[2.979s][info][gc,stats    ]   CWRF: <total>                      77 us
[2.979s][info][gc,stats    ]   CWRF: Weak References              77 us, workers (us):  61,  15, ---, ---, ---, ---, ---, ---, 
[2.979s][info][gc,stats    ] Concurrent Weak Roots               554 us
[2.979s][info][gc,stats    ]   Roots                             493 us, parallelism: 1.84x
[2.979s][info][gc,stats    ]     CWR: <total>                    910 us
[2.979s][info][gc,stats    ]     CWR: Code Cache Roots           397 us, workers (us): 202, 195, ---, ---, ---, ---, ---, ---, 
[2.979s][info][gc,stats    ]     CWR: VM Weak Roots              510 us, workers (us): 269, 241, ---, ---, ---, ---, ---, ---, 
[2.979s][info][gc,stats    ]     CWR: CLDG Roots                   3 us, workers (us):   3, ---, ---, ---, ---, ---, ---, ---, 
[2.979s][info][gc,stats    ]   Rendezvous                         25 us
[2.979s][info][gc,stats    ] Concurrent Cleanup                   66 us
[2.979s][info][gc,stats    ] Concurrent Class Unloading         5950 us
[2.979s][info][gc,stats    ]   Unlink Stale                     3781 us
[2.979s][info][gc,stats    ]     System Dictionary                28 us
[2.979s][info][gc,stats    ]     Weak Class Links                  0 us
[2.979s][info][gc,stats    ]     Code Roots                     3751 us
[2.979s][info][gc,stats    ]   Rendezvous                       2123 us
[2.979s][info][gc,stats    ]   Purge Unlinked                      4 us
[2.979s][info][gc,stats    ]     Code Roots                        1 us
[2.979s][info][gc,stats    ]     CLDG                              2 us
[2.979s][info][gc,stats    ]     Exception Caches                  0 us
[2.979s][info][gc,stats    ] Concurrent Strong Roots             244 us, parallelism: 0.79x
[2.979s][info][gc,stats    ]   CSR: <total>                      193 us
[2.979s][info][gc,stats    ]   CSR: VM Strong Roots                9 us, workers (us):   9,   0, ---, ---, ---, ---, ---, ---, 
[2.979s][info][gc,stats    ]   CSR: CLDG Roots                   184 us, workers (us): 184, ---, ---, ---, ---, ---, ---, ---, 
[2.979s][info][gc,stats    ] Concurrent Evacuation              2201 us
[2.979s][info][gc,stats    ] Pause Init Update Refs (G)          128 us
[2.979s][info][gc,stats    ] Pause Init Update Refs (N)           34 us
[2.979s][info][gc,stats    ]   Manage GCLABs                       3 us
[2.979s][info][gc,stats    ] Concurrent Update Refs             2693 us
[2.979s][info][gc,stats    ] Concurrent Update Thread Roots      587 us
[2.979s][info][gc,stats    ] Pause Final Update Refs (G)         163 us
[2.979s][info][gc,stats    ] Pause Final Update Refs (N)          71 us
[2.979s][info][gc,stats    ]   Update Region States               19 us
[2.979s][info][gc,stats    ]   Trash Collection Set                2 us
[2.979s][info][gc,stats    ]   Rebuild Free Set                   16 us
[2.979s][info][gc,stats    ] Concurrent Cleanup                   63 us
[2.979s][info][gc,stats    ] 
[2.979s][info][gc,stats    ] Allocation pacing accrued:
[2.979s][info][gc,stats    ]       0 of    21 ms (  0.0%): <total>
[2.979s][info][gc,stats    ]       0 of    21 ms (  0.0%): <average total>
[2.979s][info][gc,stats    ] 
[2.979s][info][gc,metaspace] Metaspace: 12146K(12480K)->12179K(12480K) NonClass: 10934K(11136K)->10961K(11136K) Class: 1211K(1344K)->1217K(1344K)
[2.979s][info][gc,ergo     ] Pacer for Idle. Initial: 40642K, Alloc Tax Rate: 1.0x
[2.980s][info][gc          ] Trigger: Start next cycle immediately
[2.980s][info][gc,ergo     ] Free: 1868M, Max: 512K regular, 1867M humongous, Frag: 1% external, 0% internal; Reserve: 101888K, Max: 512K
[2.980s][info][gc,start    ] GC(146) Concurrent reset
[2.980s][info][gc,task     ] GC(146) Using 2 of 8 workers for concurrent reset
[2.980s][info][gc,ergo     ] GC(146) Pacer for Reset. Non-Taxable: 1984M
[2.981s][info][gc          ] GC(146) Concurrent reset 0.176ms
[2.981s][info][gc,start    ] GC(146) Pause Init Mark (unload classes)
[2.981s][info][gc,task     ] GC(146) Using 8 of 8 workers for init marking
[2.981s][info][gc,ergo     ] GC(146) Pacer for Mark. Expected Live: 12772K, Free: 1868M, Non-Taxable: 186M, Alloc Tax Rate: 0.0x
[2.981s][info][gc          ] GC(146) Pause Init Mark (unload classes) 0.058ms
[2.981s][info][gc,start    ] GC(146) Concurrent marking roots
[2.981s][info][gc,task     ] GC(146) Using 2 of 8 workers for concurrent marking roots
[2.981s][info][gc          ] GC(146) Concurrent marking roots 0.133ms
[2.981s][info][gc,start    ] GC(146) Concurrent marking (unload classes)
[2.981s][info][gc,task     ] GC(146) Using 2 of 8 workers for concurrent marking
[2.985s][info][gc          ] GC(146) Concurrent marking (unload classes) 3.102ms
[2.985s][info][gc,start    ] GC(146) Pause Final Mark (unload classes)
[2.985s][info][gc,task     ] GC(146) Using 8 of 8 workers for final marking
[2.985s][info][gc,ergo     ] GC(146) Collectable Garbage: 3827K (100%), Immediate: 0B (0%), CSet: 3827K (100%)
[2.985s][info][gc,ergo     ] GC(146) Pacer for Evacuation. Used CSet: 14741K, Free: 1867M, Non-Taxable: 186M, Alloc Tax Rate: 1.1x
[2.985s][info][gc          ] GC(146) Pause Final Mark (unload classes) 0.209ms
[2.985s][info][gc,start    ] GC(146) Concurrent thread roots
[2.985s][info][gc,task     ] GC(146) Using 2 of 8 workers for Concurrent thread roots
[2.985s][info][gc          ] GC(146) Concurrent thread roots 0.059ms
[2.985s][info][gc,start    ] GC(146) Concurrent weak references
[2.985s][info][gc,task     ] GC(146) Using 2 of 8 workers for concurrent weak references
[2.985s][info][gc,ref      ] GC(146) Encountered references: Soft: 3676, Weak: 1286, Final: 4, Phantom: 587
[2.985s][info][gc,ref      ] GC(146) Discovered  references: Soft: 0, Weak: 507, Final: 4, Phantom: 353
[2.985s][info][gc,ref      ] GC(146) Enqueued    references: Soft: 0, Weak: 1, Final: 0, Phantom: 0
[2.985s][info][gc          ] GC(146) Concurrent weak references 0.161ms
[2.985s][info][gc,start    ] GC(146) Concurrent weak roots
[2.985s][info][gc,task     ] GC(146) Using 2 of 8 workers for concurrent weak root
[2.986s][info][gc          ] GC(146) Concurrent weak roots 0.562ms
[2.986s][info][gc,start    ] GC(146) Concurrent cleanup
[2.986s][info][gc          ] GC(146) Concurrent cleanup 18M->18M(149M) 0.059ms
[2.986s][info][gc,ergo     ] GC(146) Free: 1867M, Max: 512K regular, 1867M humongous, Frag: 0% external, 0% internal; Reserve: 100560K, Max: 512K
[2.986s][info][gc,start    ] GC(146) Concurrent class unloading
[2.986s][info][gc,task     ] GC(146) Using 2 of 8 workers for concurrent class unloading
[2.987s][info][gc          ] GC(146) Concurrent class unloading 1.076ms
[2.987s][info][gc,start    ] GC(146) Concurrent strong roots
[2.987s][info][gc,task     ] GC(146) Using 2 of 8 workers for concurrent strong root
[2.987s][info][gc          ] GC(146) Concurrent strong roots 0.221ms
[2.987s][info][gc,start    ] GC(146) Concurrent evacuation
[2.987s][info][gc,task     ] GC(146) Using 2 of 8 workers for concurrent evacuation
[2.990s][info][gc          ] GC(146) Concurrent evacuation 2.575ms
[2.990s][info][gc,start    ] GC(146) Pause Init Update Refs
[2.990s][info][gc,ergo     ] GC(146) Pacer for Update Refs. Used: 30758K, Free: 1867M, Non-Taxable: 186M, Alloc Tax Rate: 1.1x
[2.990s][info][gc          ] GC(146) Pause Init Update Refs 0.023ms
[2.990s][info][gc,start    ] GC(146) Concurrent update references
[2.990s][info][gc,task     ] GC(146) Using 2 of 8 workers for concurrent reference update
[2.992s][info][gc          ] GC(146) Concurrent update references 2.524ms
[2.992s][info][gc,start    ] GC(146) Concurrent update thread roots
[2.992s][info][gc          ] GC(146) Concurrent update thread roots 0.052ms
[2.992s][info][gc,start    ] GC(146) Pause Final Update Refs
[2.992s][info][gc,task     ] GC(146) Using 8 of 8 workers for final reference update
[2.992s][info][gc          ] GC(146) Pause Final Update Refs 0.051ms
[2.992s][info][gc,start    ] GC(146) Concurrent cleanup
[2.992s][info][gc          ] GC(146) Concurrent cleanup 30M->15M(150M) 0.053ms
[2.992s][info][gc,ergo     ] Free: 1868M, Max: 512K regular, 1866M humongous, Frag: 1% external, 0% internal; Reserve: 101888K, Max: 512K
[2.992s][info][gc,stats    ] 
[2.992s][info][gc,stats    ] All times are wall-clock times, except per-root-class counters, that are sum over
[2.992s][info][gc,stats    ] all workers. Dividing the <total> over the root stage time estimates parallelism.
[2.992s][info][gc,stats    ] 
[2.992s][info][gc,stats    ] Concurrent Reset                    185 us
[2.992s][info][gc,stats    ] Pause Init Mark (G)                 602 us
[2.993s][info][gc,stats    ] Pause Init Mark (N)                  66 us
[2.993s][info][gc,stats    ]   Update Region States               18 us
[2.993s][info][gc,stats    ] Concurrent Mark Roots               142 us, parallelism: 0.86x
[2.993s][info][gc,stats    ]   CMR: <total>                      122 us
[2.993s][info][gc,stats    ]   CMR: Thread Roots                  51 us, workers (us):   0,  51, ---, ---, ---, ---, ---, ---, 
[2.993s][info][gc,stats    ]   CMR: VM Strong Roots                6 us, workers (us):   4,   2, ---, ---, ---, ---, ---, ---, 
[2.993s][info][gc,stats    ]   CMR: CLDG Roots                    64 us, workers (us):  64, ---, ---, ---, ---, ---, ---, ---, 
[2.993s][info][gc,stats    ] Concurrent Marking                 3124 us
[2.993s][info][gc,stats    ] Pause Final Mark (G)                239 us
[2.993s][info][gc,stats    ] Pause Final Mark (N)                217 us
[2.993s][info][gc,stats    ]   Finish Mark                       119 us
[2.993s][info][gc,stats    ]   Update Region States               13 us
[2.993s][info][gc,stats    ]   Choose Collection Set              32 us
[2.993s][info][gc,stats    ]   Rebuild Free Set                   15 us
[2.993s][info][gc,stats    ] Concurrent Thread Roots              68 us, parallelism: 0.84x
[2.993s][info][gc,stats    ]   CTR: <total>                       57 us
[2.993s][info][gc,stats    ]   CTR: Thread Roots                  57 us, workers (us):  31,  26, ---, ---, ---, ---, ---, ---, 
[2.993s][info][gc,stats    ] Concurrent Weak References          168 us, parallelism: 0.93x
[2.993s][info][gc,stats    ]   CWRF: <total>                     157 us
[2.993s][info][gc,stats    ]   CWRF: Weak References             157 us, workers (us):  79,  78, ---, ---, ---, ---, ---, ---, 
[2.993s][info][gc,stats    ] Concurrent Weak Roots               581 us
[2.993s][info][gc,stats    ]   Roots                             505 us, parallelism: 1.89x
[2.993s][info][gc,stats    ]     CWR: <total>                    956 us
[2.993s][info][gc,stats    ]     CWR: Code Cache Roots           437 us, workers (us): 219, 218, ---, ---, ---, ---, ---, ---, 
[2.993s][info][gc,stats    ]     CWR: VM Weak Roots              516 us, workers (us): 256, 259, ---, ---, ---, ---, ---, ---, 
[2.993s][info][gc,stats    ]     CWR: CLDG Roots                   3 us, workers (us):   3, ---, ---, ---, ---, ---, ---, ---, 
[2.993s][info][gc,stats    ]   Rendezvous                         41 us
[2.993s][info][gc,stats    ] Concurrent Cleanup                   67 us
[2.993s][info][gc,stats    ] Concurrent Class Unloading         1090 us
[2.993s][info][gc,stats    ]   Unlink Stale                      907 us
[2.993s][info][gc,stats    ]     System Dictionary                30 us
[2.993s][info][gc,stats    ]     Weak Class Links                  0 us
[2.993s][info][gc,stats    ]     Code Roots                      876 us
[2.993s][info][gc,stats    ]   Rendezvous                         97 us
[2.993s][info][gc,stats    ]   Purge Unlinked                     55 us
[2.993s][info][gc,stats    ]     Code Roots                       52 us
[2.993s][info][gc,stats    ]     CLDG                              2 us
[2.993s][info][gc,stats    ]     Exception Caches                  0 us
[2.993s][info][gc,stats    ] Concurrent Strong Roots             239 us, parallelism: 0.76x
[2.993s][info][gc,stats    ]   CSR: <total>                      182 us
[2.993s][info][gc,stats    ]   CSR: VM Strong Roots                8 us, workers (us):   8,   0, ---, ---, ---, ---, ---, ---, 
[2.993s][info][gc,stats    ]   CSR: CLDG Roots                   174 us, workers (us): 174, ---, ---, ---, ---, ---, ---, ---, 
[2.993s][info][gc,stats    ] Concurrent Evacuation              2598 us
[2.993s][info][gc,stats    ] Pause Init Update Refs (G)           51 us
[2.993s][info][gc,stats    ] Pause Init Update Refs (N)           31 us
[2.993s][info][gc,stats    ]   Manage GCLABs                       3 us
[2.993s][info][gc,stats    ] Concurrent Update Refs             2549 us
[2.993s][info][gc,stats    ] Concurrent Update Thread Roots       61 us
[2.993s][info][gc,stats    ] Pause Final Update Refs (G)          73 us
[2.993s][info][gc,stats    ] Pause Final Update Refs (N)          60 us
[2.993s][info][gc,stats    ]   Update Region States               14 us
[2.993s][info][gc,stats    ]   Trash Collection Set                3 us
[2.993s][info][gc,stats    ]   Rebuild Free Set                   16 us
[2.993s][info][gc,stats    ] Concurrent Cleanup                   61 us
[2.993s][info][gc,stats    ] 
[2.993s][info][gc,stats    ] Allocation pacing accrued:
[2.993s][info][gc,stats    ]       0 of    14 ms (  0.0%): <total>
[2.993s][info][gc,stats    ]       0 of    14 ms (  0.0%): <average total>
[2.993s][info][gc,stats    ] 
[2.993s][info][gc,metaspace] Metaspace: 12196K(12480K)->12286K(12544K) NonClass: 10976K(11136K)->11049K(11200K) Class: 1219K(1344K)->1236K(1344K)
[2.993s][info][gc,ergo     ] Pacer for Idle. Initial: 40642K, Alloc Tax Rate: 1.0x
[2.994s][info][gc          ] Trigger: Start next cycle immediately
[2.995s][info][gc,ergo     ] Free: 1868M, Max: 512K regular, 1866M humongous, Frag: 1% external, 0% internal; Reserve: 101888K, Max: 512K
[2.995s][info][gc,start    ] GC(147) Concurrent reset
[2.995s][info][gc,task     ] GC(147) Using 2 of 8 workers for concurrent reset
[2.995s][info][gc,ergo     ] GC(147) Pacer for Reset. Non-Taxable: 1984M
[2.995s][info][gc          ] GC(147) Concurrent reset 0.215ms
[2.996s][info][gc,start    ] GC(147) Pause Init Mark
[2.996s][info][gc,task     ] GC(147) Using 8 of 8 workers for init marking
[2.996s][info][gc,ergo     ] GC(147) Pacer for Mark. Expected Live: 12778K, Free: 1868M, Non-Taxable: 186M, Alloc Tax Rate: 0.0x
[2.996s][info][gc          ] GC(147) Pause Init Mark 0.065ms
[2.996s][info][gc,start    ] GC(147) Concurrent marking roots
[2.996s][info][gc,task     ] GC(147) Using 2 of 8 workers for concurrent marking roots
[2.996s][info][gc          ] GC(147) Concurrent marking roots 0.469ms
[2.996s][info][gc,start    ] GC(147) Concurrent marking
[2.996s][info][gc,task     ] GC(147) Using 2 of 8 workers for concurrent marking
[3.000s][info][gc          ] GC(147) Concurrent marking 3.232ms
[3.000s][info][gc,start    ] GC(147) Pause Final Mark
[3.000s][info][gc,task     ] GC(147) Using 8 of 8 workers for final marking
[3.001s][info][gc,ergo     ] GC(147) Collectable Garbage: 3211K (100%), Immediate: 0B (0%), CSet: 3211K (100%)
[3.001s][info][gc,ergo     ] GC(147) Pacer for Evacuation. Used CSet: 14141K, Free: 1868M, Non-Taxable: 186M, Alloc Tax Rate: 1.1x
[3.001s][info][gc          ] GC(147) Pause Final Mark 1.272ms
[3.001s][info][gc,start    ] GC(147) Concurrent thread roots
[3.001s][info][gc,task     ] GC(147) Using 2 of 8 workers for Concurrent thread roots
[3.001s][info][gc          ] GC(147) Concurrent thread roots 0.073ms
[3.001s][info][gc,start    ] GC(147) Concurrent weak references
[3.001s][info][gc,task     ] GC(147) Using 2 of 8 workers for concurrent weak references
[3.001s][info][gc,ref      ] GC(147) Encountered references: Soft: 3679, Weak: 1285, Final: 4, Phantom: 587
[3.001s][info][gc,ref      ] GC(147) Discovered  references: Soft: 0, Weak: 539, Final: 1, Phantom: 352
[3.001s][info][gc,ref      ] GC(147) Enqueued    references: Soft: 0, Weak: 0, Final: 0, Phantom: 0
[3.001s][info][gc          ] GC(147) Concurrent weak references 0.118ms
[3.001s][info][gc,start    ] GC(147) Concurrent weak roots
[3.001s][info][gc,task     ] GC(147) Using 2 of 8 workers for concurrent weak root
[3.001s][info][gc          ] GC(147) Concurrent weak roots 0.315ms
[3.001s][info][gc,start    ] GC(147) Concurrent cleanup
[3.002s][info][gc          ] GC(147) Concurrent cleanup 16M->16M(150M) 0.057ms
[3.002s][info][gc,ergo     ] GC(147) Free: 1868M, Max: 512K regular, 1866M humongous, Frag: 1% external, 0% internal; Reserve: 101343K, Max: 512K
[3.002s][info][gc,start    ] GC(147) Concurrent strong roots
[3.002s][info][gc,task     ] GC(147) Using 2 of 8 workers for concurrent strong root
[3.002s][info][gc          ] GC(147) Concurrent strong roots 0.827ms
[3.002s][info][gc,start    ] GC(147) Concurrent evacuation
[3.002s][info][gc,task     ] GC(147) Using 2 of 8 workers for concurrent evacuation
[3.006s][info][gc          ] GC(147) Concurrent evacuation 3.270ms
[3.006s][info][gc,start    ] GC(147) Pause Init Update Refs
[3.006s][info][gc,ergo     ] GC(147) Pacer for Update Refs. Used: 29329K, Free: 1867M, Non-Taxable: 186M, Alloc Tax Rate: 1.1x
[3.006s][info][gc          ] GC(147) Pause Init Update Refs 0.026ms
[3.006s][info][gc,start    ] GC(147) Concurrent update references
[3.006s][info][gc,task     ] GC(147) Using 2 of 8 workers for concurrent reference update
[3.010s][info][gc          ] GC(147) Concurrent update references 4.399ms
[3.010s][info][gc,start    ] GC(147) Concurrent update thread roots
[3.015s][info][gc          ] GC(147) Concurrent update thread roots 4.533ms
[3.015s][info][gc,start    ] GC(147) Pause Final Update Refs
[3.015s][info][gc,task     ] GC(147) Using 8 of 8 workers for final reference update
[3.015s][info][gc          ] GC(147) Pause Final Update Refs 0.053ms
[3.015s][info][gc,start    ] GC(147) Concurrent cleanup
[3.015s][info][gc          ] GC(147) Concurrent cleanup 28M->14M(150M) 0.055ms
[3.015s][info][gc,ergo     ] Free: 1869M, Max: 512K regular, 1869M humongous, Frag: 1% external, 0% internal; Reserve: 101888K, Max: 512K
[3.015s][info][gc,stats    ] 
[3.015s][info][gc,stats    ] All times are wall-clock times, except per-root-class counters, that are sum over
[3.015s][info][gc,stats    ] all workers. Dividing the <total> over the root stage time estimates parallelism.
[3.015s][info][gc,stats    ] 
[3.015s][info][gc,stats    ] Concurrent Reset                    225 us
[3.015s][info][gc,stats    ] Pause Init Mark (G)                 509 us
[3.015s][info][gc,stats    ] Pause Init Mark (N)                  71 us
[3.015s][info][gc,stats    ]   Update Region States               17 us
[3.015s][info][gc,stats    ] Concurrent Mark Roots               488 us, parallelism: 1.66x
[3.015s][info][gc,stats    ]   CMR: <total>                      811 us
[3.015s][info][gc,stats    ]   CMR: Thread Roots                  40 us, workers (us):  40,   0, ---, ---, ---, ---, ---, ---, 
[3.015s][info][gc,stats    ]   CMR: Code Cache Roots             658 us, workers (us): 244, 414, ---, ---, ---, ---, ---, ---, 
[3.015s][info][gc,stats    ]   CMR: VM Strong Roots                6 us, workers (us):   3,   3, ---, ---, ---, ---, ---, ---, 
[3.015s][info][gc,stats    ]   CMR: CLDG Roots                   107 us, workers (us): 107, ---, ---, ---, ---, ---, ---, ---, 
[3.015s][info][gc,stats    ] Concurrent Marking                 3257 us
[3.015s][info][gc,stats    ] Pause Final Mark (G)               1377 us
[3.015s][info][gc,stats    ] Pause Final Mark (N)               1281 us
[3.015s][info][gc,stats    ]   Finish Mark                      1164 us
[3.015s][info][gc,stats    ]   Update Region States               14 us
[3.015s][info][gc,stats    ]   Choose Collection Set              41 us
[3.015s][info][gc,stats    ]   Rebuild Free Set                   16 us
[3.015s][info][gc,stats    ] Concurrent Thread Roots              84 us, parallelism: 0.88x
[3.015s][info][gc,stats    ]   CTR: <total>                       74 us
[3.015s][info][gc,stats    ]   CTR: Thread Roots                  74 us, workers (us):  37,  37, ---, ---, ---, ---, ---, ---, 
[3.015s][info][gc,stats    ] Concurrent Weak References          126 us, parallelism: 0.48x
[3.015s][info][gc,stats    ]   CWRF: <total>                      60 us
[3.015s][info][gc,stats    ]   CWRF: Weak References              60 us, workers (us):  60,   0, ---, ---, ---, ---, ---, ---, 
[3.015s][info][gc,stats    ] Concurrent Weak Roots               326 us
[3.015s][info][gc,stats    ]   Roots                             284 us, parallelism: 1.79x
[3.015s][info][gc,stats    ]     CWR: <total>                    509 us
[3.015s][info][gc,stats    ]     CWR: VM Weak Roots              509 us, workers (us): 261, 248, ---, ---, ---, ---, ---, ---, 
[3.015s][info][gc,stats    ]   Rendezvous                         16 us
[3.015s][info][gc,stats    ] Concurrent Cleanup                   65 us
[3.015s][info][gc,stats    ] Concurrent Strong Roots             851 us, parallelism: 1.73x
[3.015s][info][gc,stats    ]   CSR: <total>                     1468 us
[3.015s][info][gc,stats    ]   CSR: Code Cache Roots            1277 us, workers (us): 786, 490, ---, ---, ---, ---, ---, ---, 
[3.015s][info][gc,stats    ]   CSR: VM Strong Roots               11 us, workers (us):   7,   4, ---, ---, ---, ---, ---, ---, 
[3.015s][info][gc,stats    ]   CSR: CLDG Roots                   181 us, workers (us): ---, 181, ---, ---, ---, ---, ---, ---, 
[3.015s][info][gc,stats    ] Concurrent Evacuation              3294 us
[3.015s][info][gc,stats    ] Pause Init Update Refs (G)          123 us
[3.015s][info][gc,stats    ] Pause Init Update Refs (N)           35 us
[3.015s][info][gc,stats    ]   Manage GCLABs                       3 us
[3.015s][info][gc,stats    ] Concurrent Update Refs             4422 us
[3.015s][info][gc,stats    ] Concurrent Update Thread Roots     4556 us
[3.015s][info][gc,stats    ] Pause Final Update Refs (G)          83 us
[3.015s][info][gc,stats    ] Pause Final Update Refs (N)          61 us
[3.015s][info][gc,stats    ]   Update Region States               18 us
[3.015s][info][gc,stats    ]   Trash Collection Set                3 us
[3.015s][info][gc,stats    ]   Rebuild Free Set                   16 us
[3.015s][info][gc,stats    ] Concurrent Cleanup                   67 us
[3.015s][info][gc,stats    ] 
[3.015s][info][gc,stats    ] Allocation pacing accrued:
[3.015s][info][gc,stats    ]       0 of    23 ms (  0.0%): <total>
[3.015s][info][gc,stats    ]       0 of    23 ms (  0.0%): <average total>
[3.015s][info][gc,stats    ] 
[3.015s][info][gc,metaspace] Metaspace: 12333K(12608K)->12414K(12672K) NonClass: 11092K(11264K)->11167K(11328K) Class: 1240K(1344K)->1246K(1344K)
[3.015s][info][gc,ergo     ] Pacer for Idle. Initial: 40642K, Alloc Tax Rate: 1.0x
[3.017s][info][gc          ] Trigger: Start next cycle immediately
[3.017s][info][gc,ergo     ] Free: 1869M, Max: 512K regular, 1869M humongous, Frag: 1% external, 0% internal; Reserve: 101888K, Max: 512K
[3.017s][info][gc,start    ] GC(148) Concurrent reset
[3.017s][info][gc,task     ] GC(148) Using 2 of 8 workers for concurrent reset
[3.017s][info][gc,ergo     ] GC(148) Pacer for Reset. Non-Taxable: 1984M
[3.017s][info][gc          ] GC(148) Concurrent reset 0.241ms
[3.017s][info][gc,start    ] GC(148) Pause Init Mark
[3.017s][info][gc,task     ] GC(148) Using 8 of 8 workers for init marking
[3.017s][info][gc,ergo     ] GC(148) Pacer for Mark. Expected Live: 12785K, Free: 1869M, Non-Taxable: 186M, Alloc Tax Rate: 0.0x
[3.017s][info][gc          ] GC(148) Pause Init Mark 0.042ms
[3.017s][info][gc,start    ] GC(148) Concurrent marking roots
[3.017s][info][gc,task     ] GC(148) Using 2 of 8 workers for concurrent marking roots
[3.018s][info][gc          ] GC(148) Concurrent marking roots 0.555ms
[3.018s][info][gc,start    ] GC(148) Concurrent marking
[3.018s][info][gc,task     ] GC(148) Using 2 of 8 workers for concurrent marking
[3.026s][info][gc          ] GC(148) Concurrent marking 8.607ms
[3.026s][info][gc,start    ] GC(148) Pause Final Mark
[3.026s][info][gc,task     ] GC(148) Using 8 of 8 workers for final marking
[3.029s][info][gc,ergo     ] GC(148) Collectable Garbage: 2366K (100%), Immediate: 0B (0%), CSet: 2366K (100%)
[3.029s][info][gc,ergo     ] GC(148) Pacer for Evacuation. Used CSet: 13312K, Free: 1869M, Non-Taxable: 186M, Alloc Tax Rate: 1.1x
[3.029s][info][gc          ] GC(148) Pause Final Mark 3.021ms
[3.029s][info][gc,start    ] GC(148) Concurrent thread roots
[3.029s][info][gc,task     ] GC(148) Using 2 of 8 workers for Concurrent thread roots
[3.029s][info][gc          ] GC(148) Concurrent thread roots 0.100ms
[3.029s][info][gc,start    ] GC(148) Concurrent weak references
[3.029s][info][gc,task     ] GC(148) Using 2 of 8 workers for concurrent weak references
[3.030s][info][gc,ref      ] GC(148) Encountered references: Soft: 3680, Weak: 1285, Final: 4, Phantom: 587
[3.030s][info][gc,ref      ] GC(148) Discovered  references: Soft: 0, Weak: 543, Final: 1, Phantom: 352
[3.030s][info][gc,ref      ] GC(148) Enqueued    references: Soft: 0, Weak: 0, Final: 0, Phantom: 0
[3.030s][info][gc          ] GC(148) Concurrent weak references 0.113ms
[3.030s][info][gc,start    ] GC(148) Concurrent weak roots
[3.030s][info][gc,task     ] GC(148) Using 2 of 8 workers for concurrent weak root
[3.030s][info][gc          ] GC(148) Concurrent weak roots 0.540ms
[3.030s][info][gc,start    ] GC(148) Concurrent cleanup
[3.030s][info][gc          ] GC(148) Concurrent cleanup 17M->17M(150M) 0.086ms
[3.030s][info][gc,ergo     ] GC(148) Free: 1868M, Max: 512K regular, 1868M humongous, Frag: 0% external, 0% internal; Reserve: 100606K, Max: 512K
[3.030s][info][gc,start    ] GC(148) Concurrent strong roots
[3.030s][info][gc,task     ] GC(148) Using 2 of 8 workers for concurrent strong root
[3.031s][info][gc          ] GC(148) Concurrent strong roots 0.710ms
[3.031s][info][gc,start    ] GC(148) Concurrent evacuation
[3.031s][info][gc,task     ] GC(148) Using 2 of 8 workers for concurrent evacuation
[3.033s][info][gc          ] GC(148) Concurrent evacuation 2.278ms
[3.034s][info][gc,start    ] GC(148) Pause Init Update Refs
[3.034s][info][gc,ergo     ] GC(148) Pacer for Update Refs. Used: 29007K, Free: 1868M, Non-Taxable: 186M, Alloc Tax Rate: 1.1x
[3.034s][info][gc          ] GC(148) Pause Init Update Refs 0.053ms
[3.034s][info][gc,start    ] GC(148) Concurrent update references
[3.034s][info][gc,task     ] GC(148) Using 2 of 8 workers for concurrent reference update
[3.040s][info][gc          ] GC(148) Concurrent update references 5.574ms
[3.040s][info][gc,start    ] GC(148) Concurrent update thread roots
[3.043s][info][gc          ] GC(148) Concurrent update thread roots 3.212ms
[3.044s][info][gc,start    ] GC(148) Pause Final Update Refs
[3.044s][info][gc,task     ] GC(148) Using 8 of 8 workers for final reference update
[3.044s][info][gc          ] GC(148) Pause Final Update Refs 0.069ms
[3.044s][info][gc,start    ] GC(148) Concurrent cleanup
[3.044s][info][gc          ] GC(148) Concurrent cleanup 28M->15M(150M) 0.055ms
[3.044s][info][gc,ergo     ] Free: 1869M, Max: 512K regular, 1868M humongous, Frag: 1% external, 0% internal; Reserve: 101888K, Max: 512K
[3.044s][info][gc,stats    ] 
[3.044s][info][gc,stats    ] All times are wall-clock times, except per-root-class counters, that are sum over
[3.044s][info][gc,stats    ] all workers. Dividing the <total> over the root stage time estimates parallelism.
[3.044s][info][gc,stats    ] 
[3.044s][info][gc,stats    ] Concurrent Reset                    255 us
[3.044s][info][gc,stats    ] Pause Init Mark (G)                 137 us
[3.044s][info][gc,stats    ] Pause Init Mark (N)                  50 us
[3.044s][info][gc,stats    ]   Update Region States               12 us
[3.044s][info][gc,stats    ] Concurrent Mark Roots               573 us, parallelism: 1.74x
[3.044s][info][gc,stats    ]   CMR: <total>                      996 us
[3.044s][info][gc,stats    ]   CMR: Thread Roots                  49 us, workers (us):   0,  49, ---, ---, ---, ---, ---, ---, 
[3.044s][info][gc,stats    ]   CMR: Code Cache Roots             770 us, workers (us): 494, 276, ---, ---, ---, ---, ---, ---, 
[3.044s][info][gc,stats    ]   CMR: VM Strong Roots                6 us, workers (us):   4,   2, ---, ---, ---, ---, ---, ---, 
[3.045s][info][gc,stats    ]   CMR: CLDG Roots                   171 us, workers (us): ---, 171, ---, ---, ---, ---, ---, ---, 
[3.045s][info][gc,stats    ] Concurrent Marking                 8631 us
[3.045s][info][gc,stats    ] Pause Final Mark (G)               3116 us
[3.045s][info][gc,stats    ] Pause Final Mark (N)               3029 us
[3.045s][info][gc,stats    ]   Finish Mark                      2906 us
[3.045s][info][gc,stats    ]   Update Region States               22 us
[3.045s][info][gc,stats    ]   Choose Collection Set              44 us
[3.045s][info][gc,stats    ]   Rebuild Free Set                   15 us
[3.045s][info][gc,stats    ] Concurrent Thread Roots             110 us, parallelism: 1.00x
[3.045s][info][gc,stats    ]   CTR: <total>                      110 us
[3.045s][info][gc,stats    ]   CTR: Thread Roots                 110 us, workers (us):  65,  45, ---, ---, ---, ---, ---, ---, 
[3.045s][info][gc,stats    ] Concurrent Weak References          121 us, parallelism: 0.55x
[3.045s][info][gc,stats    ]   CWRF: <total>                      67 us
[3.045s][info][gc,stats    ]   CWRF: Weak References              67 us, workers (us):  67,   0, ---, ---, ---, ---, ---, ---, 
[3.045s][info][gc,stats    ] Concurrent Weak Roots               554 us
[3.045s][info][gc,stats    ]   Roots                             508 us, parallelism: 0.95x
[3.045s][info][gc,stats    ]     CWR: <total>                    484 us
[3.045s][info][gc,stats    ]     CWR: VM Weak Roots              484 us, workers (us): 484,   0, ---, ---, ---, ---, ---, ---, 
[3.045s][info][gc,stats    ]   Rendezvous                         16 us
[3.045s][info][gc,stats    ] Concurrent Cleanup                   95 us
[3.045s][info][gc,stats    ] Concurrent Strong Roots             722 us, parallelism: 1.54x
[3.045s][info][gc,stats    ]   CSR: <total>                     1112 us
[3.045s][info][gc,stats    ]   CSR: Code Cache Roots             888 us, workers (us): 432, 456, ---, ---, ---, ---, ---, ---, 
[3.045s][info][gc,stats    ]   CSR: VM Strong Roots               13 us, workers (us):  12,   0, ---, ---, ---, ---, ---, ---, 
[3.045s][info][gc,stats    ]   CSR: CLDG Roots                   211 us, workers (us): 211, ---, ---, ---, ---, ---, ---, ---, 
[3.045s][info][gc,stats    ] Concurrent Evacuation              2298 us
[3.045s][info][gc,stats    ] Pause Init Update Refs (G)         1125 us
[3.045s][info][gc,stats    ] Pause Init Update Refs (N)           61 us
[3.045s][info][gc,stats    ]   Manage GCLABs                       5 us
[3.045s][info][gc,stats    ] Concurrent Update Refs             5600 us
[3.045s][info][gc,stats    ] Concurrent Update Thread Roots     3234 us
[3.045s][info][gc,stats    ] Pause Final Update Refs (G)        1057 us
[3.045s][info][gc,stats    ] Pause Final Update Refs (N)          77 us
[3.045s][info][gc,stats    ]   Update Region States               20 us
[3.045s][info][gc,stats    ]   Trash Collection Set                3 us
[3.045s][info][gc,stats    ]   Rebuild Free Set                   16 us
[3.045s][info][gc,stats    ] Concurrent Cleanup                   63 us
[3.045s][info][gc,stats    ] 
[3.045s][info][gc,stats    ] Allocation pacing accrued:
[3.045s][info][gc,stats    ]       0 of    29 ms (  0.0%): <total>
[3.045s][info][gc,stats    ]       0 of    29 ms (  0.0%): <average total>
[3.045s][info][gc,stats    ] 
[3.045s][info][gc,metaspace] Metaspace: 12482K(12736K)->12664K(12928K) NonClass: 11235K(11392K)->11415K(11584K) Class: 1246K(1344K)->1249K(1344K)
[3.045s][info][gc,ergo     ] Pacer for Idle. Initial: 40642K, Alloc Tax Rate: 1.0x
[3.046s][info][gc          ] Trigger: Start next cycle immediately
[3.046s][info][gc,ergo     ] Free: 1869M, Max: 512K regular, 1868M humongous, Frag: 1% external, 0% internal; Reserve: 101888K, Max: 512K
[3.046s][info][gc,start    ] GC(149) Concurrent reset
[3.046s][info][gc,task     ] GC(149) Using 2 of 8 workers for concurrent reset
[3.046s][info][gc,ergo     ] GC(149) Pacer for Reset. Non-Taxable: 1984M
[3.046s][info][gc          ] GC(149) Concurrent reset 0.257ms
[3.046s][info][gc,start    ] GC(149) Pause Init Mark (unload classes)
[3.046s][info][gc,task     ] GC(149) Using 8 of 8 workers for init marking
[3.046s][info][gc,ergo     ] GC(149) Pacer for Mark. Expected Live: 12795K, Free: 1869M, Non-Taxable: 186M, Alloc Tax Rate: 0.0x
[3.046s][info][gc          ] GC(149) Pause Init Mark (unload classes) 0.043ms
[3.046s][info][gc,start    ] GC(149) Concurrent marking roots
[3.046s][info][gc,task     ] GC(149) Using 2 of 8 workers for concurrent marking roots
[3.047s][info][gc          ] GC(149) Concurrent marking roots 0.150ms
[3.047s][info][gc,start    ] GC(149) Concurrent marking (unload classes)
[3.047s][info][gc,task     ] GC(149) Using 2 of 8 workers for concurrent marking
[3.051s][info][gc          ] GC(149) Concurrent marking (unload classes) 4.112ms
[3.051s][info][gc,start    ] GC(149) Pause Final Mark (unload classes)
[3.051s][info][gc,task     ] GC(149) Using 8 of 8 workers for final marking
[3.052s][info][gc,ergo     ] GC(149) Collectable Garbage: 2865K (100%), Immediate: 0B (0%), CSet: 2865K (100%)
[3.052s][info][gc,ergo     ] GC(149) Pacer for Evacuation. Used CSet: 13819K, Free: 1868M, Non-Taxable: 186M, Alloc Tax Rate: 1.1x
[3.052s][info][gc          ] GC(149) Pause Final Mark (unload classes) 1.321ms
[3.052s][info][gc,start    ] GC(149) Concurrent thread roots
[3.052s][info][gc,task     ] GC(149) Using 2 of 8 workers for Concurrent thread roots
[3.052s][info][gc          ] GC(149) Concurrent thread roots 0.066ms
[3.052s][info][gc,start    ] GC(149) Concurrent weak references
[3.052s][info][gc,task     ] GC(149) Using 2 of 8 workers for concurrent weak references
[3.052s][info][gc,ref      ] GC(149) Encountered references: Soft: 3680, Weak: 1285, Final: 4, Phantom: 587
[3.052s][info][gc,ref      ] GC(149) Discovered  references: Soft: 0, Weak: 481, Final: 0, Phantom: 353
[3.052s][info][gc,ref      ] GC(149) Enqueued    references: Soft: 0, Weak: 0, Final: 0, Phantom: 0
[3.052s][info][gc          ] GC(149) Concurrent weak references 0.096ms
[3.052s][info][gc,start    ] GC(149) Concurrent weak roots
[3.052s][info][gc,task     ] GC(149) Using 2 of 8 workers for concurrent weak root
[3.053s][info][gc          ] GC(149) Concurrent weak roots 0.672ms
[3.053s][info][gc,start    ] GC(149) Concurrent cleanup
[3.053s][info][gc          ] GC(149) Concurrent cleanup 16M->16M(150M) 0.060ms
[3.053s][info][gc,ergo     ] GC(149) Free: 1868M, Max: 512K regular, 1868M humongous, Frag: 1% external, 0% internal; Reserve: 101367K, Max: 512K
[3.053s][info][gc,start    ] GC(149) Concurrent class unloading
[3.053s][info][gc,task     ] GC(149) Using 2 of 8 workers for concurrent class unloading
[3.055s][info][gc          ] GC(149) Concurrent class unloading 1.517ms
[3.055s][info][gc,start    ] GC(149) Concurrent strong roots
[3.055s][info][gc,task     ] GC(149) Using 2 of 8 workers for concurrent strong root
[3.055s][info][gc          ] GC(149) Concurrent strong roots 0.242ms
[3.055s][info][gc,start    ] GC(149) Concurrent evacuation
[3.055s][info][gc,task     ] GC(149) Using 2 of 8 workers for concurrent evacuation
[3.057s][info][gc          ] GC(149) Concurrent evacuation 2.585ms
[3.058s][info][gc,start    ] GC(149) Pause Init Update Refs
[3.058s][info][gc,ergo     ] GC(149) Pacer for Update Refs. Used: 28997K, Free: 1868M, Non-Taxable: 186M, Alloc Tax Rate: 1.1x
[3.058s][info][gc          ] GC(149) Pause Init Update Refs 0.029ms
[3.058s][info][gc,start    ] GC(149) Concurrent update references
[3.058s][info][gc,task     ] GC(149) Using 2 of 8 workers for concurrent reference update
[3.061s][info][gc          ] GC(149) Concurrent update references 2.997ms
[3.061s][info][gc,start    ] GC(149) Concurrent update thread roots
[3.061s][info][gc          ] GC(149) Concurrent update thread roots 0.088ms
[3.061s][info][gc,start    ] GC(149) Pause Final Update Refs
[3.061s][info][gc,task     ] GC(149) Using 8 of 8 workers for final reference update
[3.061s][info][gc          ] GC(149) Pause Final Update Refs 0.060ms
[3.061s][info][gc,start    ] GC(149) Concurrent cleanup
[3.061s][info][gc          ] GC(149) Concurrent cleanup 28M->15M(150M) 0.073ms
[3.061s][info][gc,ergo     ] Free: 1869M, Max: 512K regular, 1868M humongous, Frag: 1% external, 0% internal; Reserve: 101888K, Max: 512K
[3.061s][info][gc,stats    ] 
[3.061s][info][gc,stats    ] All times are wall-clock times, except per-root-class counters, that are sum over
[3.061s][info][gc,stats    ] all workers. Dividing the <total> over the root stage time estimates parallelism.
[3.061s][info][gc,stats    ] 
[3.061s][info][gc,stats    ] Concurrent Reset                    270 us
[3.061s][info][gc,stats    ] Pause Init Mark (G)                 137 us
[3.061s][info][gc,stats    ] Pause Init Mark (N)                  51 us
[3.061s][info][gc,stats    ]   Update Region States               13 us
[3.061s][info][gc,stats    ] Concurrent Mark Roots               160 us, parallelism: 1.04x
[3.061s][info][gc,stats    ]   CMR: <total>                      167 us
[3.061s][info][gc,stats    ]   CMR: Thread Roots                  68 us, workers (us):  68,   0, ---, ---, ---, ---, ---, ---, 
[3.061s][info][gc,stats    ]   CMR: VM Strong Roots                6 us, workers (us):   6,   1, ---, ---, ---, ---, ---, ---, 
[3.061s][info][gc,stats    ]   CMR: CLDG Roots                    92 us, workers (us): ---,  92, ---, ---, ---, ---, ---, ---, 
[3.061s][info][gc,stats    ] Concurrent Marking                 4126 us
[3.061s][info][gc,stats    ] Pause Final Mark (G)               1417 us
[3.061s][info][gc,stats    ] Pause Final Mark (N)               1329 us
[3.061s][info][gc,stats    ]   Finish Mark                      1220 us
[3.061s][info][gc,stats    ]   Update Region States               15 us
[3.061s][info][gc,stats    ]   Choose Collection Set              40 us
[3.061s][info][gc,stats    ]   Rebuild Free Set                   15 us
[3.061s][info][gc,stats    ] Concurrent Thread Roots              75 us, parallelism: 0.94x
[3.061s][info][gc,stats    ]   CTR: <total>                       70 us
[3.061s][info][gc,stats    ]   CTR: Thread Roots                  70 us, workers (us):  39,  31, ---, ---, ---, ---, ---, ---, 
[3.061s][info][gc,stats    ] Concurrent Weak References          104 us, parallelism: 0.58x
[3.061s][info][gc,stats    ]   CWRF: <total>                      60 us
[3.061s][info][gc,stats    ]   CWRF: Weak References              60 us, workers (us):  31,  30, ---, ---, ---, ---, ---, ---, 
[3.061s][info][gc,stats    ] Concurrent Weak Roots               689 us
[3.061s][info][gc,stats    ]   Roots                             556 us, parallelism: 1.91x
[3.061s][info][gc,stats    ]     CWR: <total>                   1062 us
[3.061s][info][gc,stats    ]     CWR: Code Cache Roots           565 us, workers (us): 280, 285, ---, ---, ---, ---, ---, ---, 
[3.061s][info][gc,stats    ]     CWR: VM Weak Roots              493 us, workers (us): 250, 243, ---, ---, ---, ---, ---, ---, 
[3.061s][info][gc,stats    ]     CWR: CLDG Roots                   4 us, workers (us): ---,   4, ---, ---, ---, ---, ---, ---, 
[3.061s][info][gc,stats    ]   Rendezvous                         99 us
[3.061s][info][gc,stats    ] Concurrent Cleanup                   69 us
[3.061s][info][gc,stats    ] Concurrent Class Unloading         1533 us
[3.061s][info][gc,stats    ]   Unlink Stale                     1098 us
[3.061s][info][gc,stats    ]     System Dictionary                40 us
[3.061s][info][gc,stats    ]     Weak Class Links                  0 us
[3.061s][info][gc,stats    ]     Code Roots                     1056 us
[3.061s][info][gc,stats    ]   Rendezvous                        328 us
[3.061s][info][gc,stats    ]   Purge Unlinked                     75 us
[3.061s][info][gc,stats    ]     Code Roots                       71 us
[3.061s][info][gc,stats    ]     CLDG                              4 us
[3.062s][info][gc,stats    ]     Exception Caches                  0 us
[3.062s][info][gc,stats    ] Concurrent Strong Roots             251 us, parallelism: 0.81x
[3.062s][info][gc,stats    ]   CSR: <total>                      203 us
[3.062s][info][gc,stats    ]   CSR: VM Strong Roots                8 us, workers (us):   8,   0, ---, ---, ---, ---, ---, ---, 
[3.062s][info][gc,stats    ]   CSR: CLDG Roots                   195 us, workers (us): 195, ---, ---, ---, ---, ---, ---, ---, 
[3.062s][info][gc,stats    ] Concurrent Evacuation              2600 us
[3.062s][info][gc,stats    ] Pause Init Update Refs (G)          121 us
[3.062s][info][gc,stats    ] Pause Init Update Refs (N)           37 us
[3.062s][info][gc,stats    ]   Manage GCLABs                       4 us
[3.062s][info][gc,stats    ] Concurrent Update Refs             3039 us
[3.062s][info][gc,stats    ] Concurrent Update Thread Roots      103 us
[3.062s][info][gc,stats    ] Pause Final Update Refs (G)         159 us
[3.062s][info][gc,stats    ] Pause Final Update Refs (N)          69 us
[3.062s][info][gc,stats    ]   Update Region States               16 us
[3.062s][info][gc,stats    ]   Trash Collection Set                3 us
[3.062s][info][gc,stats    ]   Rebuild Free Set                   19 us
[3.062s][info][gc,stats    ] Concurrent Cleanup                   83 us
[3.062s][info][gc,stats    ] 
[3.062s][info][gc,stats    ] Allocation pacing accrued:
[3.062s][info][gc,stats    ]       0 of    17 ms (  0.0%): <total>
[3.062s][info][gc,stats    ]       0 of    17 ms (  0.0%): <average total>
[3.062s][info][gc,stats    ] 
[3.062s][info][gc,metaspace] Metaspace: 12750K(12992K)->12755K(12992K) NonClass: 11478K(11648K)->11484K(11648K) Class: 1271K(1344K)->1271K(1344K)
[3.062s][info][gc,ergo     ] Pacer for Idle. Initial: 40642K, Alloc Tax Rate: 1.0x
[3.063s][info][gc          ] Trigger: Start next cycle immediately
[3.063s][info][gc,ergo     ] Free: 1869M, Max: 512K regular, 1868M humongous, Frag: 1% external, 0% internal; Reserve: 101888K, Max: 512K
[3.063s][info][gc,start    ] GC(150) Concurrent reset
[3.063s][info][gc,task     ] GC(150) Using 2 of 8 workers for concurrent reset
[3.063s][info][gc,ergo     ] GC(150) Pacer for Reset. Non-Taxable: 1984M
[3.064s][info][gc          ] GC(150) Concurrent reset 0.892ms
[3.065s][info][gc,start    ] GC(150) Pause Init Mark
[3.065s][info][gc,task     ] GC(150) Using 8 of 8 workers for init marking
[3.065s][info][gc,ergo     ] GC(150) Pacer for Mark. Expected Live: 12806K, Free: 1869M, Non-Taxable: 186M, Alloc Tax Rate: 0.0x
[3.065s][info][gc          ] GC(150) Pause Init Mark 0.076ms
[3.065s][info][gc,start    ] GC(150) Concurrent marking roots
[3.065s][info][gc,task     ] GC(150) Using 2 of 8 workers for concurrent marking roots
[3.069s][info][gc          ] GC(150) Concurrent marking roots 3.765ms
[3.069s][info][gc,start    ] GC(150) Concurrent marking
[3.069s][info][gc,task     ] GC(150) Using 2 of 8 workers for concurrent marking
[3.073s][info][gc          ] GC(150) Concurrent marking 4.277ms
[3.073s][info][gc,start    ] GC(150) Pause Final Mark
[3.073s][info][gc,task     ] GC(150) Using 8 of 8 workers for final marking
[3.075s][info][gc,ergo     ] GC(150) Collectable Garbage: 2838K (100%), Immediate: 0B (0%), CSet: 2838K (100%)
[3.075s][info][gc,ergo     ] GC(150) Pacer for Evacuation. Used CSet: 13814K, Free: 1868M, Non-Taxable: 186M, Alloc Tax Rate: 1.1x
[3.075s][info][gc          ] GC(150) Pause Final Mark 1.512ms
[3.075s][info][gc,start    ] GC(150) Concurrent thread roots
[3.075s][info][gc,task     ] GC(150) Using 2 of 8 workers for Concurrent thread roots
[3.075s][info][gc          ] GC(150) Concurrent thread roots 0.110ms
[3.075s][info][gc,start    ] GC(150) Concurrent weak references
[3.075s][info][gc,task     ] GC(150) Using 2 of 8 workers for concurrent weak references
[3.075s][info][gc,ref      ] GC(150) Encountered references: Soft: 3680, Weak: 1285, Final: 4, Phantom: 587
[3.075s][info][gc,ref      ] GC(150) Discovered  references: Soft: 0, Weak: 495, Final: 1, Phantom: 200
[3.075s][info][gc,ref      ] GC(150) Enqueued    references: Soft: 0, Weak: 0, Final: 0, Phantom: 0
[3.075s][info][gc          ] GC(150) Concurrent weak references 0.115ms
[3.075s][info][gc,start    ] GC(150) Concurrent weak roots
[3.075s][info][gc,task     ] GC(150) Using 2 of 8 workers for concurrent weak root
[3.075s][info][gc          ] GC(150) Concurrent weak roots 0.352ms
[3.075s][info][gc,start    ] GC(150) Concurrent cleanup
[3.076s][info][gc          ] GC(150) Concurrent cleanup 16M->16M(150M) 0.061ms
[3.076s][info][gc,ergo     ] GC(150) Free: 1868M, Max: 512K regular, 1868M humongous, Frag: 0% external, 0% internal; Reserve: 101376K, Max: 512K
[3.076s][info][gc,start    ] GC(150) Concurrent strong roots
[3.076s][info][gc,task     ] GC(150) Using 2 of 8 workers for concurrent strong root
[3.077s][info][gc          ] GC(150) Concurrent strong roots 1.015ms
[3.077s][info][gc,start    ] GC(150) Concurrent evacuation
[3.077s][info][gc,task     ] GC(150) Using 2 of 8 workers for concurrent evacuation
[3.079s][info][gc          ] GC(150) Concurrent evacuation 2.323ms
[3.085s][info][gc,start    ] GC(150) Pause Init Update Refs
[3.085s][info][gc,ergo     ] GC(150) Pacer for Update Refs. Used: 28977K, Free: 1868M, Non-Taxable: 186M, Alloc Tax Rate: 1.1x
[3.085s][info][gc          ] GC(150) Pause Init Update Refs 0.031ms
[3.085s][info][gc,start    ] GC(150) Concurrent update references
[3.085s][info][gc,task     ] GC(150) Using 2 of 8 workers for concurrent reference update
[3.091s][info][gc          ] GC(150) Concurrent update references 5.276ms
[3.091s][info][gc,start    ] GC(150) Concurrent update thread roots
[3.091s][info][gc          ] GC(150) Concurrent update thread roots 0.196ms
[3.091s][info][gc,start    ] GC(150) Pause Final Update Refs
[3.091s][info][gc,task     ] GC(150) Using 8 of 8 workers for final reference update
[3.091s][info][gc          ] GC(150) Pause Final Update Refs 0.065ms
[3.091s][info][gc,start    ] GC(150) Concurrent cleanup
[3.091s][info][gc          ] GC(150) Concurrent cleanup 28M->14M(150M) 0.063ms
[3.091s][info][gc,ergo     ] Free: 1869M, Max: 512K regular, 1868M humongous, Frag: 1% external, 0% internal; Reserve: 101888K, Max: 512K
[3.091s][info][gc,stats    ] 
[3.091s][info][gc,stats    ] All times are wall-clock times, except per-root-class counters, that are sum over
[3.091s][info][gc,stats    ] all workers. Dividing the <total> over the root stage time estimates parallelism.
[3.091s][info][gc,stats    ] 
[3.091s][info][gc,stats    ] Concurrent Reset                    917 us
[3.091s][info][gc,stats    ] Pause Init Mark (G)                1167 us
[3.091s][info][gc,stats    ] Pause Init Mark (N)                  85 us
[3.091s][info][gc,stats    ]   Update Region States               22 us
[3.091s][info][gc,stats    ] Concurrent Mark Roots              3782 us, parallelism: 0.24x
[3.091s][info][gc,stats    ]   CMR: <total>                      913 us
[3.091s][info][gc,stats    ]   CMR: Thread Roots                  84 us, workers (us):  84,   0, ---, ---, ---, ---, ---, ---, 
[3.091s][info][gc,stats    ]   CMR: Code Cache Roots             710 us, workers (us): 710,   0, ---, ---, ---, ---, ---, ---, 
[3.091s][info][gc,stats    ]   CMR: VM Strong Roots                6 us, workers (us):   5,   0, ---, ---, ---, ---, ---, ---, 
[3.091s][info][gc,stats    ]   CMR: CLDG Roots                   114 us, workers (us): 114, ---, ---, ---, ---, ---, ---, ---, 
[3.091s][info][gc,stats    ] Concurrent Marking                 4301 us
[3.091s][info][gc,stats    ] Pause Final Mark (G)               1609 us
[3.091s][info][gc,stats    ] Pause Final Mark (N)               1521 us
[3.091s][info][gc,stats    ]   Finish Mark                      1390 us
[3.091s][info][gc,stats    ]   Update Region States               17 us
[3.091s][info][gc,stats    ]   Choose Collection Set              48 us
[3.091s][info][gc,stats    ]   Rebuild Free Set                   19 us
[3.091s][info][gc,stats    ] Concurrent Thread Roots             122 us, parallelism: 0.61x
[3.091s][info][gc,stats    ]   CTR: <total>                       75 us
[3.091s][info][gc,stats    ]   CTR: Thread Roots                  75 us, workers (us):  75,   0, ---, ---, ---, ---, ---, ---, 
[3.091s][info][gc,stats    ] Concurrent Weak References          123 us, parallelism: 0.57x
[3.091s][info][gc,stats    ]   CWRF: <total>                      70 us
[3.091s][info][gc,stats    ]   CWRF: Weak References              70 us, workers (us):  54,  16, ---, ---, ---, ---, ---, ---, 
[3.091s][info][gc,stats    ] Concurrent Weak Roots               371 us
[3.091s][info][gc,stats    ]   Roots                             313 us, parallelism: 1.77x
[3.091s][info][gc,stats    ]     CWR: <total>                    554 us
[3.091s][info][gc,stats    ]     CWR: VM Weak Roots              554 us, workers (us): 281, 273, ---, ---, ---, ---, ---, ---, 
[3.091s][info][gc,stats    ]   Rendezvous                         20 us
[3.091s][info][gc,stats    ] Concurrent Cleanup                   70 us
[3.092s][info][gc,stats    ] Concurrent Strong Roots            1040 us, parallelism: 0.93x
[3.092s][info][gc,stats    ]   CSR: <total>                      965 us
[3.092s][info][gc,stats    ]   CSR: Code Cache Roots             766 us, workers (us): 766,   0, ---, ---, ---, ---, ---, ---, 
[3.092s][info][gc,stats    ]   CSR: VM Strong Roots                9 us, workers (us):   9,   0, ---, ---, ---, ---, ---, ---, 
[3.092s][info][gc,stats    ]   CSR: CLDG Roots                   190 us, workers (us): 190, ---, ---, ---, ---, ---, ---, ---, 
[3.092s][info][gc,stats    ] Concurrent Evacuation              2348 us
[3.092s][info][gc,stats    ] Pause Init Update Refs (G)         6399 us
[3.092s][info][gc,stats    ] Pause Init Update Refs (N)           39 us
[3.092s][info][gc,stats    ]   Manage GCLABs                       3 us
[3.092s][info][gc,stats    ] Concurrent Update Refs             5302 us
[3.092s][info][gc,stats    ] Concurrent Update Thread Roots      214 us
[3.092s][info][gc,stats    ] Pause Final Update Refs (G)         170 us
[3.092s][info][gc,stats    ] Pause Final Update Refs (N)          79 us
[3.092s][info][gc,stats    ]   Update Region States               19 us
[3.092s][info][gc,stats    ]   Trash Collection Set                3 us
[3.092s][info][gc,stats    ]   Rebuild Free Set                   17 us
[3.092s][info][gc,stats    ] Concurrent Cleanup                   73 us
[3.092s][info][gc,stats    ] 
[3.092s][info][gc,stats    ] Allocation pacing accrued:
[3.092s][info][gc,stats    ]       0 of    30 ms (  0.0%): <total>
[3.092s][info][gc,stats    ]       0 of    30 ms (  0.0%): <average total>
[3.092s][info][gc,stats    ] 
[3.092s][info][gc,metaspace] Metaspace: 12770K(12992K)->12833K(13056K) NonClass: 11496K(11648K)->11552K(11712K) Class: 1273K(1344K)->1281K(1344K)
[3.092s][info][gc,ergo     ] Pacer for Idle. Initial: 40642K, Alloc Tax Rate: 1.0x
[3.093s][info][gc          ] Trigger: Start next cycle immediately
[3.093s][info][gc,ergo     ] Free: 1869M, Max: 512K regular, 1868M humongous, Frag: 1% external, 0% internal; Reserve: 101888K, Max: 512K
[3.093s][info][gc,start    ] GC(151) Concurrent reset
[3.093s][info][gc,task     ] GC(151) Using 2 of 8 workers for concurrent reset
[3.093s][info][gc,ergo     ] GC(151) Pacer for Reset. Non-Taxable: 1984M
[3.093s][info][gc          ] GC(151) Concurrent reset 0.243ms
[3.094s][info][gc,start    ] GC(151) Pause Init Mark
[3.094s][info][gc,task     ] GC(151) Using 8 of 8 workers for init marking
[3.094s][info][gc,ergo     ] GC(151) Pacer for Mark. Expected Live: 12818K, Free: 1869M, Non-Taxable: 186M, Alloc Tax Rate: 0.0x
[3.094s][info][gc          ] GC(151) Pause Init Mark 0.077ms
[3.094s][info][gc,start    ] GC(151) Concurrent marking roots
[3.094s][info][gc,task     ] GC(151) Using 2 of 8 workers for concurrent marking roots
[3.095s][info][gc          ] GC(151) Concurrent marking roots 1.099ms
[3.095s][info][gc,start    ] GC(151) Concurrent marking
[3.095s][info][gc,task     ] GC(151) Using 2 of 8 workers for concurrent marking
[3.099s][info][gc          ] GC(151) Concurrent marking 4.109ms
[3.099s][info][gc,start    ] GC(151) Pause Final Mark
[3.099s][info][gc,task     ] GC(151) Using 8 of 8 workers for final marking
[3.099s][info][gc,ergo     ] GC(151) Collectable Garbage: 2316K (100%), Immediate: 0B (0%), CSet: 2316K (100%)
[3.099s][info][gc,ergo     ] GC(151) Pacer for Evacuation. Used CSet: 13288K, Free: 1869M, Non-Taxable: 186M, Alloc Tax Rate: 1.1x
[3.099s][info][gc          ] GC(151) Pause Final Mark 0.257ms
[3.099s][info][gc,start    ] GC(151) Concurrent thread roots
[3.099s][info][gc,task     ] GC(151) Using 2 of 8 workers for Concurrent thread roots
[3.099s][info][gc          ] GC(151) Concurrent thread roots 0.077ms
[3.099s][info][gc,start    ] GC(151) Concurrent weak references
[3.099s][info][gc,task     ] GC(151) Using 2 of 8 workers for concurrent weak references
[3.099s][info][gc,ref      ] GC(151) Encountered references: Soft: 3683, Weak: 1295, Final: 4, Phantom: 588
[3.099s][info][gc,ref      ] GC(151) Discovered  references: Soft: 0, Weak: 448, Final: 1, Phantom: 201
[3.099s][info][gc,ref      ] GC(151) Enqueued    references: Soft: 0, Weak: 5, Final: 0, Phantom: 1
[3.099s][info][gc          ] GC(151) Concurrent weak references 0.100ms
[3.099s][info][gc,start    ] GC(151) Concurrent weak roots
[3.099s][info][gc,task     ] GC(151) Using 2 of 8 workers for concurrent weak root
[3.100s][info][gc          ] GC(151) Concurrent weak roots 0.680ms
[3.101s][info][gc,start    ] GC(151) Concurrent cleanup
[3.101s][info][gc          ] GC(151) Concurrent cleanup 16M->16M(150M) 0.065ms
[3.101s][info][gc,ergo     ] GC(151) Free: 1868M, Max: 512K regular, 1868M humongous, Frag: 0% external, 0% internal; Reserve: 100864K, Max: 512K
[3.101s][info][gc,start    ] GC(151) Concurrent strong roots
[3.101s][info][gc,task     ] GC(151) Using 2 of 8 workers for concurrent strong root
[3.101s][info][gc          ] GC(151) Concurrent strong roots 0.568ms
[3.101s][info][gc,start    ] GC(151) Concurrent evacuation
[3.101s][info][gc,task     ] GC(151) Using 2 of 8 workers for concurrent evacuation
[3.105s][info][gc          ] GC(151) Concurrent evacuation 3.399ms
[3.105s][info][gc,start    ] GC(151) Pause Init Update Refs
[3.105s][info][gc,ergo     ] GC(151) Pacer for Update Refs. Used: 28733K, Free: 1868M, Non-Taxable: 186M, Alloc Tax Rate: 1.1x
[3.105s][info][gc          ] GC(151) Pause Init Update Refs 0.041ms
[3.105s][info][gc,start    ] GC(151) Concurrent update references
[3.105s][info][gc,task     ] GC(151) Using 2 of 8 workers for concurrent reference update
[3.110s][info][gc          ] GC(151) Concurrent update references 4.841ms
[3.110s][info][gc,start    ] GC(151) Concurrent update thread roots
[3.110s][info][gc          ] GC(151) Concurrent update thread roots 0.159ms
[3.110s][info][gc,start    ] GC(151) Pause Final Update Refs
[3.110s][info][gc,task     ] GC(151) Using 8 of 8 workers for final reference update
[3.110s][info][gc          ] GC(151) Pause Final Update Refs 0.075ms
[3.110s][info][gc,start    ] GC(151) Concurrent cleanup
[3.110s][info][gc          ] GC(151) Concurrent cleanup 28M->15M(150M) 0.072ms
[3.110s][info][gc,ergo     ] Free: 1869M, Max: 512K regular, 1868M humongous, Frag: 1% external, 0% internal; Reserve: 101888K, Max: 512K
[3.110s][info][gc,stats    ] 
[3.110s][info][gc,stats    ] All times are wall-clock times, except per-root-class counters, that are sum over
[3.110s][info][gc,stats    ] all workers. Dividing the <total> over the root stage time estimates parallelism.
[3.110s][info][gc,stats    ] 
[3.110s][info][gc,stats    ] Concurrent Reset                    273 us
[3.110s][info][gc,stats    ] Pause Init Mark (G)                 448 us
[3.110s][info][gc,stats    ] Pause Init Mark (N)                  87 us
[3.111s][info][gc,stats    ]   Update Region States               22 us
[3.111s][info][gc,stats    ] Concurrent Mark Roots              1130 us, parallelism: 0.76x
[3.111s][info][gc,stats    ]   CMR: <total>                      864 us
[3.111s][info][gc,stats    ]   CMR: Thread Roots                  51 us, workers (us):  51,   0, ---, ---, ---, ---, ---, ---, 
[3.111s][info][gc,stats    ]   CMR: Code Cache Roots             707 us, workers (us): 707,   0, ---, ---, ---, ---, ---, ---, 
[3.111s][info][gc,stats    ]   CMR: VM Strong Roots                5 us, workers (us):   5,   0, ---, ---, ---, ---, ---, ---, 
[3.111s][info][gc,stats    ]   CMR: CLDG Roots                   102 us, workers (us): 102, ---, ---, ---, ---, ---, ---, ---, 
[3.111s][info][gc,stats    ] Concurrent Marking                 4137 us
[3.111s][info][gc,stats    ] Pause Final Mark (G)                365 us
[3.111s][info][gc,stats    ] Pause Final Mark (N)                267 us
[3.111s][info][gc,stats    ]   Finish Mark                       147 us
[3.111s][info][gc,stats    ]   Update Region States               15 us
[3.111s][info][gc,stats    ]   Choose Collection Set              33 us
[3.111s][info][gc,stats    ]   Rebuild Free Set                   15 us
[3.111s][info][gc,stats    ] Concurrent Thread Roots              87 us, parallelism: 0.99x
[3.111s][info][gc,stats    ]   CTR: <total>                       86 us
[3.111s][info][gc,stats    ]   CTR: Thread Roots                  86 us, workers (us):  47,  39, ---, ---, ---, ---, ---, ---, 
[3.111s][info][gc,stats    ] Concurrent Weak References          108 us, parallelism: 0.40x
[3.111s][info][gc,stats    ]   CWRF: <total>                      43 us
[3.111s][info][gc,stats    ]   CWRF: Weak References              43 us, workers (us):  43,   0, ---, ---, ---, ---, ---, ---, 
[3.111s][info][gc,stats    ] Concurrent Weak Roots              1145 us
[3.111s][info][gc,stats    ]   Roots                             351 us, parallelism: 1.42x
[3.111s][info][gc,stats    ]     CWR: <total>                    497 us
[3.111s][info][gc,stats    ]     CWR: VM Weak Roots              497 us, workers (us): 258, 239, ---, ---, ---, ---, ---, ---, 
[3.111s][info][gc,stats    ]   Rendezvous                        311 us
[3.111s][info][gc,stats    ] Concurrent Cleanup                   76 us
[3.111s][info][gc,stats    ] Concurrent Strong Roots             623 us, parallelism: 1.58x
[3.111s][info][gc,stats    ]   CSR: <total>                      981 us
[3.111s][info][gc,stats    ]   CSR: Code Cache Roots             750 us, workers (us): 281, 469, ---, ---, ---, ---, ---, ---, 
[3.111s][info][gc,stats    ]   CSR: VM Strong Roots               10 us, workers (us):  10,   0, ---, ---, ---, ---, ---, ---, 
[3.111s][info][gc,stats    ]   CSR: CLDG Roots                   221 us, workers (us): 221, ---, ---, ---, ---, ---, ---, ---, 
[3.111s][info][gc,stats    ] Concurrent Evacuation              3418 us
[3.111s][info][gc,stats    ] Pause Init Update Refs (G)          143 us
[3.111s][info][gc,stats    ] Pause Init Update Refs (N)           50 us
[3.111s][info][gc,stats    ]   Manage GCLABs                       4 us
[3.111s][info][gc,stats    ] Concurrent Update Refs             4908 us
[3.111s][info][gc,stats    ] Concurrent Update Thread Roots      194 us
[3.111s][info][gc,stats    ] Pause Final Update Refs (G)         134 us
[3.111s][info][gc,stats    ] Pause Final Update Refs (N)         114 us
[3.111s][info][gc,stats    ]   Update Region States               17 us
[3.111s][info][gc,stats    ]   Trash Collection Set                3 us
[3.111s][info][gc,stats    ]   Rebuild Free Set                   17 us
[3.111s][info][gc,stats    ] Concurrent Cleanup                  111 us
[3.111s][info][gc,stats    ] 
[3.111s][info][gc,stats    ] Allocation pacing accrued:
[3.111s][info][gc,stats    ]       0 of    20 ms (  0.0%): <total>
[3.111s][info][gc,stats    ]       0 of    20 ms (  0.0%): <average total>
[3.111s][info][gc,stats    ] 
[3.111s][info][gc,metaspace] Metaspace: 12841K(13056K)->12951K(13248K) NonClass: 11559K(11712K)->11643K(11776K) Class: 1282K(1344K)->1307K(1472K)
[3.111s][info][gc,ergo     ] Pacer for Idle. Initial: 40642K, Alloc Tax Rate: 1.0x
[3.113s][info][gc          ] Trigger: Start next cycle immediately
[3.113s][info][gc,ergo     ] Free: 1868M, Max: 512K regular, 1868M humongous, Frag: 0% external, 0% internal; Reserve: 101888K, Max: 512K
[3.113s][info][gc,start    ] GC(152) Concurrent reset
[3.113s][info][gc,task     ] GC(152) Using 2 of 8 workers for concurrent reset
[3.113s][info][gc,ergo     ] GC(152) Pacer for Reset. Non-Taxable: 1984M
[3.113s][info][gc          ] GC(152) Concurrent reset 0.617ms
[3.114s][info][gc,start    ] GC(152) Pause Init Mark (unload classes)
[3.114s][info][gc,task     ] GC(152) Using 8 of 8 workers for init marking
[3.114s][info][gc,ergo     ] GC(152) Pacer for Mark. Expected Live: 12829K, Free: 1868M, Non-Taxable: 186M, Alloc Tax Rate: 0.0x
[3.114s][info][gc          ] GC(152) Pause Init Mark (unload classes) 0.072ms
[3.114s][info][gc,start    ] GC(152) Concurrent marking roots
[3.114s][info][gc,task     ] GC(152) Using 2 of 8 workers for concurrent marking roots
[3.114s][info][gc          ] GC(152) Concurrent marking roots 0.211ms
[3.114s][info][gc,start    ] GC(152) Concurrent marking (unload classes)
[3.114s][info][gc,task     ] GC(152) Using 2 of 8 workers for concurrent marking
[3.130s][info][gc          ] GC(152) Concurrent marking (unload classes) 15.924ms
[3.131s][info][gc,start    ] GC(152) Pause Final Mark (unload classes)
[3.132s][info][gc,task     ] GC(152) Using 8 of 8 workers for final marking
[3.132s][info][gc,ergo     ] GC(152) Collectable Garbage: 3021K (100%), Immediate: 0B (0%), CSet: 3021K (100%)
[3.132s][info][gc,ergo     ] GC(152) Pacer for Evacuation. Used CSet: 14081K, Free: 1867M, Non-Taxable: 186M, Alloc Tax Rate: 1.1x
[3.132s][info][gc          ] GC(152) Pause Final Mark (unload classes) 0.357ms
[3.132s][info][gc,start    ] GC(152) Concurrent thread roots
[3.132s][info][gc,task     ] GC(152) Using 2 of 8 workers for Concurrent thread roots
[3.132s][info][gc          ] GC(152) Concurrent thread roots 0.138ms
[3.132s][info][gc,start    ] GC(152) Concurrent weak references
[3.132s][info][gc,task     ] GC(152) Using 2 of 8 workers for concurrent weak references
[3.133s][info][gc,ref      ] GC(152) Encountered references: Soft: 3688, Weak: 1299, Final: 4, Phantom: 589
[3.133s][info][gc,ref      ] GC(152) Discovered  references: Soft: 0, Weak: 479, Final: 0, Phantom: 356
[3.133s][info][gc,ref      ] GC(152) Enqueued    references: Soft: 0, Weak: 6, Final: 0, Phantom: 2
[3.133s][info][gc          ] GC(152) Concurrent weak references 1.167ms
[3.133s][info][gc,start    ] GC(152) Concurrent weak roots
[3.133s][info][gc,task     ] GC(152) Using 2 of 8 workers for concurrent weak root
[3.136s][info][gc          ] GC(152) Concurrent weak roots 2.750ms
[3.136s][info][gc,start    ] GC(152) Concurrent cleanup
[3.136s][info][gc          ] GC(152) Concurrent cleanup 19M->19M(150M) 0.123ms
[3.136s][info][gc,ergo     ] GC(152) Free: 1866M, Max: 512K regular, 1866M humongous, Frag: 0% external, 0% internal; Reserve: 99840K, Max: 512K
[3.136s][info][gc,start    ] GC(152) Concurrent class unloading
[3.136s][info][gc,task     ] GC(152) Using 2 of 8 workers for concurrent class unloading
[3.140s][info][gc          ] GC(152) Concurrent class unloading 3.435ms
[3.140s][info][gc,start    ] GC(152) Concurrent strong roots
[3.140s][info][gc,task     ] GC(152) Using 2 of 8 workers for concurrent strong root
[3.140s][info][gc          ] GC(152) Concurrent strong roots 0.334ms
[3.140s][info][gc,start    ] GC(152) Concurrent evacuation
[3.140s][info][gc,task     ] GC(152) Using 2 of 8 workers for concurrent evacuation
[3.160s][info][gc          ] GC(152) Concurrent evacuation 20.245ms
[3.160s][info][gc,start    ] GC(152) Pause Init Update Refs
[3.160s][info][gc,ergo     ] GC(152) Pacer for Update Refs. Used: 31316K, Free: 1865M, Non-Taxable: 186M, Alloc Tax Rate: 1.1x
[3.160s][info][gc          ] GC(152) Pause Init Update Refs 0.048ms
[3.160s][info][gc,start    ] GC(152) Concurrent update references
[3.160s][info][gc,task     ] GC(152) Using 2 of 8 workers for concurrent reference update
[3.164s][info][gc          ] GC(152) Concurrent update references 3.959ms
[3.164s][info][gc,start    ] GC(152) Concurrent update thread roots
[3.165s][info][gc          ] GC(152) Concurrent update thread roots 0.233ms
[3.165s][info][gc,start    ] GC(152) Pause Final Update Refs
[3.165s][info][gc,task     ] GC(152) Using 8 of 8 workers for final reference update
[3.165s][info][gc          ] GC(152) Pause Final Update Refs 0.094ms
[3.165s][info][gc,start    ] GC(152) Concurrent cleanup
[3.165s][info][gc          ] GC(152) Concurrent cleanup 30M->16M(150M) 0.092ms
[3.165s][info][gc,ergo     ] Free: 1867M, Max: 512K regular, 1866M humongous, Frag: 1% external, 0% internal; Reserve: 101888K, Max: 512K
[3.165s][info][gc,stats    ] 
[3.165s][info][gc,stats    ] All times are wall-clock times, except per-root-class counters, that are sum over
[3.165s][info][gc,stats    ] all workers. Dividing the <total> over the root stage time estimates parallelism.
[3.165s][info][gc,stats    ] 
[3.165s][info][gc,stats    ] Concurrent Reset                    641 us
[3.165s][info][gc,stats    ] Pause Init Mark (G)                 909 us
[3.165s][info][gc,stats    ] Pause Init Mark (N)                  81 us
[3.165s][info][gc,stats    ]   Update Region States               21 us
[3.165s][info][gc,stats    ] Concurrent Mark Roots               225 us, parallelism: 0.99x
[3.165s][info][gc,stats    ]   CMR: <total>                      222 us
[3.165s][info][gc,stats    ]   CMR: Thread Roots                 134 us, workers (us): 110,  24, ---, ---, ---, ---, ---, ---, 
[3.165s][info][gc,stats    ]   CMR: VM Strong Roots                7 us, workers (us):   4,   3, ---, ---, ---, ---, ---, ---, 
[3.165s][info][gc,stats    ]   CMR: CLDG Roots                    81 us, workers (us): ---,  81, ---, ---, ---, ---, ---, ---, 
[3.165s][info][gc,stats    ] Concurrent Marking                15947 us
[3.165s][info][gc,stats    ] Pause Final Mark (G)               1568 us
[3.165s][info][gc,stats    ] Pause Final Mark (N)                366 us
[3.165s][info][gc,stats    ]   Finish Mark                       226 us
[3.165s][info][gc,stats    ]   Update Region States               28 us
[3.165s][info][gc,stats    ]   Choose Collection Set              44 us
[3.165s][info][gc,stats    ]   Rebuild Free Set                   15 us
[3.165s][info][gc,stats    ] Concurrent Thread Roots             152 us, parallelism: 0.56x
[3.165s][info][gc,stats    ]   CTR: <total>                       86 us
[3.165s][info][gc,stats    ]   CTR: Thread Roots                  86 us, workers (us):  86,   0, ---, ---, ---, ---, ---, ---, 
[3.165s][info][gc,stats    ] Concurrent Weak References         1196 us, parallelism: 0.18x
[3.165s][info][gc,stats    ]   CWRF: <total>                     210 us
[3.165s][info][gc,stats    ]   CWRF: Weak References             210 us, workers (us): 105, 105, ---, ---, ---, ---, ---, ---, 
[3.165s][info][gc,stats    ] Concurrent Weak Roots              2771 us
[3.165s][info][gc,stats    ]   Roots                            2682 us, parallelism: 0.40x
[3.165s][info][gc,stats    ]     CWR: <total>                   1081 us
[3.165s][info][gc,stats    ]     CWR: Code Cache Roots           553 us, workers (us): 269, 284, ---, ---, ---, ---, ---, ---, 
[3.165s][info][gc,stats    ]     CWR: VM Weak Roots              520 us, workers (us): 262, 258, ---, ---, ---, ---, ---, ---, 
[3.165s][info][gc,stats    ]     CWR: CLDG Roots                   8 us, workers (us): ---,   8, ---, ---, ---, ---, ---, ---, 
[3.165s][info][gc,stats    ]   Rendezvous                         48 us
[3.165s][info][gc,stats    ] Concurrent Cleanup                  133 us
[3.165s][info][gc,stats    ] Concurrent Class Unloading         3452 us
[3.165s][info][gc,stats    ]   Unlink Stale                     1043 us
[3.165s][info][gc,stats    ]     System Dictionary                70 us
[3.165s][info][gc,stats    ]     Weak Class Links                  0 us
[3.165s][info][gc,stats    ]     Code Roots                      972 us
[3.165s][info][gc,stats    ]   Rendezvous                       2295 us
[3.165s][info][gc,stats    ]   Purge Unlinked                     77 us
[3.165s][info][gc,stats    ]     Code Roots                       71 us
[3.165s][info][gc,stats    ]     CLDG                              5 us
[3.165s][info][gc,stats    ]     Exception Caches                  0 us
[3.165s][info][gc,stats    ] Concurrent Strong Roots             351 us, parallelism: 0.62x
[3.165s][info][gc,stats    ]   CSR: <total>                      216 us
[3.165s][info][gc,stats    ]   CSR: VM Strong Roots               10 us, workers (us):  10,   0, ---, ---, ---, ---, ---, ---, 
[3.165s][info][gc,stats    ]   CSR: CLDG Roots                   206 us, workers (us): 206, ---, ---, ---, ---, ---, ---, ---, 
[3.165s][info][gc,stats    ] Concurrent Evacuation             20285 us
[3.165s][info][gc,stats    ] Pause Init Update Refs (G)           92 us
[3.165s][info][gc,stats    ] Pause Init Update Refs (N)           59 us
[3.165s][info][gc,stats    ]   Manage GCLABs                       4 us
[3.165s][info][gc,stats    ] Concurrent Update Refs             3989 us
[3.165s][info][gc,stats    ] Concurrent Update Thread Roots      245 us
[3.165s][info][gc,stats    ] Pause Final Update Refs (G)         135 us
[3.165s][info][gc,stats    ] Pause Final Update Refs (N)         108 us
[3.165s][info][gc,stats    ]   Update Region States               30 us
[3.165s][info][gc,stats    ]   Trash Collection Set                2 us
[3.165s][info][gc,stats    ]   Rebuild Free Set                   18 us
[3.165s][info][gc,stats    ] Concurrent Cleanup                  103 us
[3.165s][info][gc,stats    ] 
[3.165s][info][gc,stats    ] Allocation pacing accrued:
[3.165s][info][gc,stats    ]       0 of    54 ms (  0.0%): <total>
[3.165s][info][gc,stats    ]       0 of    54 ms (  0.0%): <average total>
[3.165s][info][gc,stats    ] 
[3.165s][info][gc,metaspace] Metaspace: 12957K(13248K)->13696K(13952K) NonClass: 11648K(11776K)->12277K(12416K) Class: 1308K(1472K)->1418K(1536K)
[3.165s][info][gc,ergo     ] Pacer for Idle. Initial: 40642K, Alloc Tax Rate: 1.0x
[3.166s][info][gc          ] Trigger: Start next cycle immediately
[3.167s][info][gc,ergo     ] Free: 1867M, Max: 512K regular, 1866M humongous, Frag: 1% external, 0% internal; Reserve: 101888K, Max: 512K
[3.167s][info][gc,start    ] GC(153) Concurrent reset
[3.167s][info][gc,task     ] GC(153) Using 2 of 8 workers for concurrent reset
[3.167s][info][gc,ergo     ] GC(153) Pacer for Reset. Non-Taxable: 1984M
[3.167s][info][gc          ] GC(153) Concurrent reset 0.239ms
[3.167s][info][gc,start    ] GC(153) Pause Init Mark
[3.167s][info][gc,task     ] GC(153) Using 8 of 8 workers for init marking
[3.167s][info][gc,ergo     ] GC(153) Pacer for Mark. Expected Live: 12856K, Free: 1867M, Non-Taxable: 186M, Alloc Tax Rate: 0.0x
[3.167s][info][gc          ] GC(153) Pause Init Mark 0.076ms
[3.167s][info][gc,start    ] GC(153) Concurrent marking roots
[3.167s][info][gc,task     ] GC(153) Using 2 of 8 workers for concurrent marking roots
[3.168s][info][gc          ] GC(153) Concurrent marking roots 1.283ms
[3.168s][info][gc,start    ] GC(153) Concurrent marking
[3.168s][info][gc,task     ] GC(153) Using 2 of 8 workers for concurrent marking
[3.198s][info][gc          ] GC(153) Concurrent marking 30.015ms
[3.198s][info][gc,start    ] GC(153) Pause Final Mark
[3.198s][info][gc,task     ] GC(153) Using 8 of 8 workers for final marking
[3.199s][info][gc,ergo     ] GC(153) Collectable Garbage: 4204K (100%), Immediate: 0B (0%), CSet: 4204K (100%)
[3.199s][info][gc,ergo     ] GC(153) Pacer for Evacuation. Used CSet: 15359K, Free: 1865M, Non-Taxable: 186M, Alloc Tax Rate: 1.1x
[3.199s][info][gc          ] GC(153) Pause Final Mark 0.319ms
[3.199s][info][gc,start    ] GC(153) Concurrent thread roots
[3.199s][info][gc,task     ] GC(153) Using 2 of 8 workers for Concurrent thread roots
[3.199s][info][gc          ] GC(153) Concurrent thread roots 0.206ms
[3.199s][info][gc,start    ] GC(153) Concurrent weak references
[3.199s][info][gc,task     ] GC(153) Using 2 of 8 workers for concurrent weak references
[3.199s][info][gc,ref      ] GC(153) Encountered references: Soft: 3694, Weak: 1309, Final: 4, Phantom: 592
[3.199s][info][gc,ref      ] GC(153) Discovered  references: Soft: 0, Weak: 508, Final: 1, Phantom: 358
[3.199s][info][gc,ref      ] GC(153) Enqueued    references: Soft: 0, Weak: 8, Final: 0, Phantom: 5
[3.199s][info][gc          ] GC(153) Concurrent weak references 0.137ms
[3.199s][info][gc,start    ] GC(153) Concurrent weak roots
[3.199s][info][gc,task     ] GC(153) Using 2 of 8 workers for concurrent weak root
[3.200s][info][gc          ] GC(153) Concurrent weak roots 0.425ms
[3.200s][info][gc,start    ] GC(153) Concurrent cleanup
[3.200s][info][gc          ] GC(153) Concurrent cleanup 20M->20M(150M) 0.107ms
[3.200s][info][gc,ergo     ] GC(153) Free: 1864M, Max: 512K regular, 1864M humongous, Frag: 0% external, 0% internal; Reserve: 101317K, Max: 512K
[3.200s][info][gc,start    ] GC(153) Concurrent strong roots
[3.200s][info][gc,task     ] GC(153) Using 2 of 8 workers for concurrent strong root
[3.200s][info][gc          ] GC(153) Concurrent strong roots 0.647ms
[3.200s][info][gc,start    ] GC(153) Concurrent evacuation
[3.200s][info][gc,task     ] GC(153) Using 2 of 8 workers for concurrent evacuation
[3.203s][info][gc          ] GC(153) Concurrent evacuation 2.566ms
[3.203s][info][gc,start    ] GC(153) Pause Init Update Refs
[3.203s][info][gc,ergo     ] GC(153) Pacer for Update Refs. Used: 33106K, Free: 1864M, Non-Taxable: 186M, Alloc Tax Rate: 1.1x
[3.203s][info][gc          ] GC(153) Pause Init Update Refs 0.048ms
[3.203s][info][gc,start    ] GC(153) Concurrent update references
[3.203s][info][gc,task     ] GC(153) Using 2 of 8 workers for concurrent reference update
[3.207s][info][gc          ] GC(153) Concurrent update references 3.719ms
[3.207s][info][gc,start    ] GC(153) Concurrent update thread roots
[3.207s][info][gc          ] GC(153) Concurrent update thread roots 0.233ms
[3.207s][info][gc,start    ] GC(153) Pause Final Update Refs
[3.207s][info][gc,task     ] GC(153) Using 8 of 8 workers for final reference update
[3.207s][info][gc          ] GC(153) Pause Final Update Refs 0.079ms
[3.207s][info][gc,start    ] GC(153) Concurrent cleanup
[3.207s][info][gc          ] GC(153) Concurrent cleanup 32M->17M(150M) 0.091ms
[3.207s][info][gc,ergo     ] Free: 1867M, Max: 512K regular, 1864M humongous, Frag: 1% external, 0% internal; Reserve: 101888K, Max: 512K
[3.207s][info][gc,stats    ] 
[3.208s][info][gc,stats    ] All times are wall-clock times, except per-root-class counters, that are sum over
[3.208s][info][gc,stats    ] all workers. Dividing the <total> over the root stage time estimates parallelism.
[3.208s][info][gc,stats    ] 
[3.208s][info][gc,stats    ] Concurrent Reset                    271 us
[3.208s][info][gc,stats    ] Pause Init Mark (G)                 181 us
[3.208s][info][gc,stats    ] Pause Init Mark (N)                  86 us
[3.208s][info][gc,stats    ]   Update Region States               18 us
[3.208s][info][gc,stats    ] Concurrent Mark Roots              1305 us, parallelism: 0.91x
[3.208s][info][gc,stats    ]   CMR: <total>                     1190 us
[3.208s][info][gc,stats    ]   CMR: Thread Roots                 181 us, workers (us): 181,   0, ---, ---, ---, ---, ---, ---, 
[3.208s][info][gc,stats    ]   CMR: Code Cache Roots             859 us, workers (us): 859,   0, ---, ---, ---, ---, ---, ---, 
[3.208s][info][gc,stats    ]   CMR: VM Strong Roots                7 us, workers (us):   6,   0, ---, ---, ---, ---, ---, ---, 
[3.208s][info][gc,stats    ]   CMR: CLDG Roots                   143 us, workers (us): 143, ---, ---, ---, ---, ---, ---, ---, 
[3.208s][info][gc,stats    ] Concurrent Marking                30041 us
[3.208s][info][gc,stats    ] Pause Final Mark (G)                444 us
[3.208s][info][gc,stats    ] Pause Final Mark (N)                329 us
[3.208s][info][gc,stats    ]   Finish Mark                       160 us
[3.208s][info][gc,stats    ]   Update Region States               38 us
[3.208s][info][gc,stats    ]   Choose Collection Set              47 us
[3.208s][info][gc,stats    ]   Rebuild Free Set                   15 us
[3.208s][info][gc,stats    ] Concurrent Thread Roots             222 us, parallelism: 0.98x
[3.208s][info][gc,stats    ]   CTR: <total>                      218 us
[3.208s][info][gc,stats    ]   CTR: Thread Roots                 218 us, workers (us): 152,  66, ---, ---, ---, ---, ---, ---, 
[3.208s][info][gc,stats    ] Concurrent Weak References          146 us, parallelism: 0.52x
[3.208s][info][gc,stats    ]   CWRF: <total>                      76 us
[3.208s][info][gc,stats    ]   CWRF: Weak References              76 us, workers (us):  72,   4, ---, ---, ---, ---, ---, ---, 
[3.208s][info][gc,stats    ] Concurrent Weak Roots               445 us
[3.208s][info][gc,stats    ]   Roots                             305 us, parallelism: 1.76x
[3.208s][info][gc,stats    ]     CWR: <total>                    537 us
[3.208s][info][gc,stats    ]     CWR: VM Weak Roots              537 us, workers (us): 270, 266, ---, ---, ---, ---, ---, ---, 
[3.208s][info][gc,stats    ]   Rendezvous                         96 us
[3.208s][info][gc,stats    ] Concurrent Cleanup                  116 us
[3.208s][info][gc,stats    ] Concurrent Strong Roots             671 us, parallelism: 1.78x
[3.208s][info][gc,stats    ]   CSR: <total>                     1196 us
[3.208s][info][gc,stats    ]   CSR: Code Cache Roots             932 us, workers (us): 343, 589, ---, ---, ---, ---, ---, ---, 
[3.208s][info][gc,stats    ]   CSR: VM Strong Roots               12 us, workers (us):   8,   4, ---, ---, ---, ---, ---, ---, 
[3.208s][info][gc,stats    ]   CSR: CLDG Roots                   252 us, workers (us): 252, ---, ---, ---, ---, ---, ---, ---, 
[3.208s][info][gc,stats    ] Concurrent Evacuation              2591 us
[3.208s][info][gc,stats    ] Pause Init Update Refs (G)          125 us
[3.208s][info][gc,stats    ] Pause Init Update Refs (N)           57 us
[3.208s][info][gc,stats    ]   Manage GCLABs                       4 us
[3.208s][info][gc,stats    ] Concurrent Update Refs             3745 us
[3.208s][info][gc,stats    ] Concurrent Update Thread Roots      252 us
[3.208s][info][gc,stats    ] Pause Final Update Refs (G)         186 us
[3.208s][info][gc,stats    ] Pause Final Update Refs (N)          92 us
[3.208s][info][gc,stats    ]   Update Region States               21 us
[3.208s][info][gc,stats    ]   Trash Collection Set                3 us
[3.208s][info][gc,stats    ]   Rebuild Free Set                   17 us
[3.208s][info][gc,stats    ] Concurrent Cleanup                  102 us
[3.208s][info][gc,stats    ] 
[3.208s][info][gc,stats    ] Allocation pacing accrued:
[3.208s][info][gc,stats    ]       0 of    43 ms (  0.0%): <total>
[3.208s][info][gc,stats    ]       0 of    43 ms (  0.0%): <average total>
[3.208s][info][gc,stats    ] 
[3.208s][info][gc,metaspace] Metaspace: 13724K(13952K)->14262K(14592K) NonClass: 12304K(12416K)->12754K(12928K) Class: 1420K(1536K)->1507K(1664K)
[3.208s][info][gc,ergo     ] Pacer for Idle. Initial: 40642K, Alloc Tax Rate: 1.0x
[3.209s][info][gc          ] Trigger: Start next cycle immediately
[3.209s][info][gc,ergo     ] Free: 1866M, Max: 512K regular, 1864M humongous, Frag: 1% external, 0% internal; Reserve: 101888K, Max: 512K
[3.209s][info][gc,start    ] GC(154) Concurrent reset
[3.209s][info][gc,task     ] GC(154) Using 2 of 8 workers for concurrent reset
[3.209s][info][gc,ergo     ] GC(154) Pacer for Reset. Non-Taxable: 1984M
[3.209s][info][gc          ] GC(154) Concurrent reset 0.266ms
[3.209s][info][gc,start    ] GC(154) Pause Init Mark (unload classes)
[3.210s][info][gc,task     ] GC(154) Using 8 of 8 workers for init marking
[3.210s][info][gc,ergo     ] GC(154) Pacer for Mark. Expected Live: 12897K, Free: 1866M, Non-Taxable: 186M, Alloc Tax Rate: 0.0x
[3.210s][info][gc          ] GC(154) Pause Init Mark (unload classes) 0.067ms
[3.210s][info][gc,start    ] GC(154) Concurrent marking roots
[3.210s][info][gc,task     ] GC(154) Using 2 of 8 workers for concurrent marking roots
[3.210s][info][gc          ] GC(154) Concurrent marking roots 0.180ms
[3.210s][info][gc,start    ] GC(154) Concurrent marking (unload classes)
[3.210s][info][gc,task     ] GC(154) Using 2 of 8 workers for concurrent marking
[3.213s][info][gc          ] GC(154) Concurrent marking (unload classes) 3.655ms
[3.214s][info][gc,start    ] GC(154) Pause Final Mark (unload classes)
[3.214s][info][gc,task     ] GC(154) Using 8 of 8 workers for final marking
[3.214s][info][gc,ergo     ] GC(154) Collectable Garbage: 5088K (100%), Immediate: 0B (0%), CSet: 5088K (100%)
[3.214s][info][gc,ergo     ] GC(154) Pacer for Evacuation. Used CSet: 16384K, Free: 1866M, Non-Taxable: 186M, Alloc Tax Rate: 1.1x
[3.214s][info][gc          ] GC(154) Pause Final Mark (unload classes) 0.496ms
[3.214s][info][gc,start    ] GC(154) Concurrent thread roots
[3.214s][info][gc,task     ] GC(154) Using 2 of 8 workers for Concurrent thread roots
[3.214s][info][gc          ] GC(154) Concurrent thread roots 0.107ms
[3.214s][info][gc,start    ] GC(154) Concurrent weak references
[3.214s][info][gc,task     ] GC(154) Using 2 of 8 workers for concurrent weak references
[3.214s][info][gc,ref      ] GC(154) Encountered references: Soft: 3699, Weak: 1327, Final: 4, Phantom: 591
[3.214s][info][gc,ref      ] GC(154) Discovered  references: Soft: 0, Weak: 540, Final: 4, Phantom: 336
[3.214s][info][gc,ref      ] GC(154) Enqueued    references: Soft: 0, Weak: 7, Final: 0, Phantom: 2
[3.214s][info][gc          ] GC(154) Concurrent weak references 0.128ms
[3.214s][info][gc,start    ] GC(154) Concurrent weak roots
[3.214s][info][gc,task     ] GC(154) Using 2 of 8 workers for concurrent weak root
[3.215s][info][gc          ] GC(154) Concurrent weak roots 0.791ms
[3.215s][info][gc,start    ] GC(154) Concurrent cleanup
[3.215s][info][gc          ] GC(154) Concurrent cleanup 20M->20M(150M) 0.062ms
[3.215s][info][gc,ergo     ] GC(154) Free: 1865M, Max: 512K regular, 1864M humongous, Frag: 1% external, 0% internal; Reserve: 100349K, Max: 512K
[3.215s][info][gc,start    ] GC(154) Concurrent class unloading
[3.215s][info][gc,task     ] GC(154) Using 2 of 8 workers for concurrent class unloading
[3.217s][info][gc          ] GC(154) Concurrent class unloading 2.183ms
[3.217s][info][gc,start    ] GC(154) Concurrent strong roots
[3.217s][info][gc,task     ] GC(154) Using 2 of 8 workers for concurrent strong root
[3.218s][info][gc          ] GC(154) Concurrent strong roots 0.300ms
[3.218s][info][gc,start    ] GC(154) Concurrent evacuation
[3.218s][info][gc,task     ] GC(154) Using 2 of 8 workers for concurrent evacuation
[3.223s][info][gc          ] GC(154) Concurrent evacuation 4.970ms
[3.223s][info][gc,start    ] GC(154) Pause Init Update Refs
[3.223s][info][gc,ergo     ] GC(154) Pacer for Update Refs. Used: 32596K, Free: 1865M, Non-Taxable: 186M, Alloc Tax Rate: 1.1x
[3.223s][info][gc          ] GC(154) Pause Init Update Refs 0.042ms
[3.223s][info][gc,start    ] GC(154) Concurrent update references
[3.223s][info][gc,task     ] GC(154) Using 2 of 8 workers for concurrent reference update
[3.226s][info][gc          ] GC(154) Concurrent update references 3.168ms
[3.226s][info][gc,start    ] GC(154) Concurrent update thread roots
[3.231s][info][gc          ] GC(154) Concurrent update thread roots 4.527ms
[3.233s][info][gc,start    ] GC(154) Pause Final Update Refs
[3.233s][info][gc,task     ] GC(154) Using 8 of 8 workers for final reference update
[3.233s][info][gc          ] GC(154) Pause Final Update Refs 0.087ms
[3.233s][info][gc,start    ] GC(154) Concurrent cleanup
[3.233s][info][gc          ] GC(154) Concurrent cleanup 31M->15M(150M) 0.625ms
[3.234s][info][gc,ergo     ] Free: 1868M, Max: 512K regular, 1866M humongous, Frag: 1% external, 0% internal; Reserve: 101888K, Max: 512K
[3.234s][info][gc,stats    ] 
[3.234s][info][gc,stats    ] All times are wall-clock times, except per-root-class counters, that are sum over
[3.234s][info][gc,stats    ] all workers. Dividing the <total> over the root stage time estimates parallelism.
[3.234s][info][gc,stats    ] 
[3.234s][info][gc,stats    ] Concurrent Reset                    289 us
[3.234s][info][gc,stats    ] Pause Init Mark (G)                 191 us
[3.234s][info][gc,stats    ] Pause Init Mark (N)                  76 us
[3.234s][info][gc,stats    ]   Update Region States               15 us
[3.234s][info][gc,stats    ] Concurrent Mark Roots               194 us, parallelism: 1.06x
[3.234s][info][gc,stats    ]   CMR: <total>                      207 us
[3.234s][info][gc,stats    ]   CMR: Thread Roots                 113 us, workers (us): 101,  12, ---, ---, ---, ---, ---, ---, 
[3.234s][info][gc,stats    ]   CMR: VM Strong Roots                7 us, workers (us):   5,   2, ---, ---, ---, ---, ---, ---, 
[3.234s][info][gc,stats    ]   CMR: CLDG Roots                    87 us, workers (us): ---,  87, ---, ---, ---, ---, ---, ---, 
[3.234s][info][gc,stats    ] Concurrent Marking                 3679 us
[3.234s][info][gc,stats    ] Pause Final Mark (G)                631 us
[3.234s][info][gc,stats    ] Pause Final Mark (N)                510 us
[3.234s][info][gc,stats    ]   Finish Mark                       389 us
[3.234s][info][gc,stats    ]   Update Region States               15 us
[3.234s][info][gc,stats    ]   Choose Collection Set              33 us
[3.234s][info][gc,stats    ]   Rebuild Free Set                   15 us
[3.234s][info][gc,stats    ] Concurrent Thread Roots             119 us, parallelism: 0.66x
[3.234s][info][gc,stats    ]   CTR: <total>                       79 us
[3.234s][info][gc,stats    ]   CTR: Thread Roots                  79 us, workers (us):  46,  33, ---, ---, ---, ---, ---, ---, 
[3.234s][info][gc,stats    ] Concurrent Weak References          137 us, parallelism: 0.44x
[3.234s][info][gc,stats    ]   CWRF: <total>                      60 us
[3.234s][info][gc,stats    ]   CWRF: Weak References              60 us, workers (us):  60,   0, ---, ---, ---, ---, ---, ---, 
[3.234s][info][gc,stats    ] Concurrent Weak Roots               815 us
[3.234s][info][gc,stats    ]   Roots                             598 us, parallelism: 1.85x
[3.234s][info][gc,stats    ]     CWR: <total>                   1108 us
[3.234s][info][gc,stats    ]     CWR: Code Cache Roots           566 us, workers (us): 269, 297, ---, ---, ---, ---, ---, ---, 
[3.234s][info][gc,stats    ]     CWR: VM Weak Roots              534 us, workers (us): 267, 267, ---, ---, ---, ---, ---, ---, 
[3.234s][info][gc,stats    ]     CWR: CLDG Roots                   8 us, workers (us):   8, ---, ---, ---, ---, ---, ---, ---, 
[3.234s][info][gc,stats    ]   Rendezvous                        174 us
[3.234s][info][gc,stats    ] Concurrent Cleanup                   71 us
[3.234s][info][gc,stats    ] Concurrent Class Unloading         2198 us
[3.234s][info][gc,stats    ]   Unlink Stale                     1969 us
[3.234s][info][gc,stats    ]     System Dictionary                29 us
[3.234s][info][gc,stats    ]     Weak Class Links                  0 us
[3.234s][info][gc,stats    ]     Code Roots                     1938 us
[3.234s][info][gc,stats    ]   Rendezvous                        106 us
[3.234s][info][gc,stats    ]   Purge Unlinked                     88 us
[3.234s][info][gc,stats    ]     Code Roots                       84 us
[3.234s][info][gc,stats    ]     CLDG                              4 us
[3.234s][info][gc,stats    ]     Exception Caches                  0 us
[3.234s][info][gc,stats    ] Concurrent Strong Roots             319 us, parallelism: 0.82x
[3.234s][info][gc,stats    ]   CSR: <total>                      262 us
[3.234s][info][gc,stats    ]   CSR: VM Strong Roots               13 us, workers (us):   9,   4, ---, ---, ---, ---, ---, ---, 
[3.234s][info][gc,stats    ]   CSR: CLDG Roots                   249 us, workers (us): ---, 249, ---, ---, ---, ---, ---, ---, 
[3.234s][info][gc,stats    ] Concurrent Evacuation              4995 us
[3.234s][info][gc,stats    ] Pause Init Update Refs (G)           90 us
[3.234s][info][gc,stats    ] Pause Init Update Refs (N)           58 us
[3.234s][info][gc,stats    ]   Manage GCLABs                       3 us
[3.234s][info][gc,stats    ] Concurrent Update Refs             3192 us
[3.234s][info][gc,stats    ] Concurrent Update Thread Roots     4548 us
[3.234s][info][gc,stats    ] Pause Final Update Refs (G)        2219 us
[3.234s][info][gc,stats    ] Pause Final Update Refs (N)          98 us
[3.234s][info][gc,stats    ]   Update Region States               25 us
[3.234s][info][gc,stats    ]   Trash Collection Set                2 us
[3.234s][info][gc,stats    ]   Rebuild Free Set                   16 us
[3.234s][info][gc,stats    ] Concurrent Cleanup                  645 us
[3.234s][info][gc,stats    ] 
[3.234s][info][gc,stats    ] Allocation pacing accrued:
[3.234s][info][gc,stats    ]       0 of    26 ms (  0.0%): <total>
[3.234s][info][gc,stats    ]       0 of    26 ms (  0.0%): <average total>
[3.234s][info][gc,stats    ] 
[3.234s][info][gc,metaspace] Metaspace: 14293K(14592K)->14520K(14784K) NonClass: 12781K(12928K)->12975K(13120K) Class: 1512K(1664K)->1545K(1664K)
[3.234s][info][gc,ergo     ] Pacer for Idle. Initial: 40642K, Alloc Tax Rate: 1.0x
[3.235s][info][gc          ] Trigger: Start next cycle immediately
[3.235s][info][gc,ergo     ] Free: 1868M, Max: 512K regular, 1866M humongous, Frag: 1% external, 0% internal; Reserve: 101888K, Max: 512K
[3.235s][info][gc,start    ] GC(155) Concurrent reset
[3.235s][info][gc,task     ] GC(155) Using 2 of 8 workers for concurrent reset
[3.235s][info][gc,ergo     ] GC(155) Pacer for Reset. Non-Taxable: 1984M
[3.236s][info][gc          ] GC(155) Concurrent reset 0.266ms
[3.236s][info][gc,start    ] GC(155) Pause Init Mark (unload classes)
[3.236s][info][gc,task     ] GC(155) Using 8 of 8 workers for init marking
[3.236s][info][gc,ergo     ] GC(155) Pacer for Mark. Expected Live: 12966K, Free: 1868M, Non-Taxable: 186M, Alloc Tax Rate: 0.0x
[3.236s][info][gc          ] GC(155) Pause Init Mark (unload classes) 0.087ms
[3.236s][info][gc,start    ] GC(155) Concurrent marking roots
[3.236s][info][gc,task     ] GC(155) Using 2 of 8 workers for concurrent marking roots
[3.236s][info][gc          ] GC(155) Concurrent marking roots 0.191ms
[3.236s][info][gc,start    ] GC(155) Concurrent marking (unload classes)
[3.236s][info][gc,task     ] GC(155) Using 2 of 8 workers for concurrent marking
[3.245s][info][gc          ] GC(155) Concurrent marking (unload classes) 9.177ms
[3.245s][info][gc,start    ] GC(155) Pause Final Mark (unload classes)
[3.245s][info][gc,task     ] GC(155) Using 8 of 8 workers for final marking
[3.246s][info][gc,ergo     ] GC(155) Collectable Garbage: 3516K (100%), Immediate: 0B (0%), CSet: 3516K (100%)
[3.246s][info][gc,ergo     ] GC(155) Pacer for Evacuation. Used CSet: 14843K, Free: 1867M, Non-Taxable: 186M, Alloc Tax Rate: 1.1x
[3.247s][info][gc          ] GC(155) Pause Final Mark (unload classes) 1.313ms
[3.247s][info][gc,start    ] GC(155) Concurrent thread roots
[3.247s][info][gc,task     ] GC(155) Using 2 of 8 workers for Concurrent thread roots
[3.247s][info][gc          ] GC(155) Concurrent thread roots 0.184ms
[3.247s][info][gc,start    ] GC(155) Concurrent weak references
[3.247s][info][gc,task     ] GC(155) Using 2 of 8 workers for concurrent weak references
[3.247s][info][gc,ref      ] GC(155) Encountered references: Soft: 3699, Weak: 1321, Final: 4, Phantom: 590
[3.247s][info][gc,ref      ] GC(155) Discovered  references: Soft: 0, Weak: 473, Final: 0, Phantom: 205
[3.247s][info][gc,ref      ] GC(155) Enqueued    references: Soft: 0, Weak: 0, Final: 0, Phantom: 0
[3.247s][info][gc          ] GC(155) Concurrent weak references 0.130ms
[3.247s][info][gc,start    ] GC(155) Concurrent weak roots
[3.247s][info][gc,task     ] GC(155) Using 2 of 8 workers for concurrent weak root
[3.249s][info][gc          ] GC(155) Concurrent weak roots 1.659ms
[3.249s][info][gc,start    ] GC(155) Concurrent cleanup
[3.249s][info][gc          ] GC(155) Concurrent cleanup 18M->18M(150M) 0.099ms
[3.249s][info][gc,ergo     ] GC(155) Free: 1866M, Max: 512K regular, 1866M humongous, Frag: 1% external, 0% internal; Reserve: 100352K, Max: 512K
[3.249s][info][gc,start    ] GC(155) Concurrent class unloading
[3.249s][info][gc,task     ] GC(155) Using 2 of 8 workers for concurrent class unloading
[3.250s][info][gc          ] GC(155) Concurrent class unloading 1.209ms
[3.250s][info][gc,start    ] GC(155) Concurrent strong roots
[3.250s][info][gc,task     ] GC(155) Using 2 of 8 workers for concurrent strong root
[3.250s][info][gc          ] GC(155) Concurrent strong roots 0.294ms
[3.250s][info][gc,start    ] GC(155) Concurrent evacuation
[3.250s][info][gc,task     ] GC(155) Using 2 of 8 workers for concurrent evacuation
[3.253s][info][gc          ] GC(155) Concurrent evacuation 2.587ms
[3.254s][info][gc,start    ] GC(155) Pause Init Update Refs
[3.254s][info][gc,ergo     ] GC(155) Pacer for Update Refs. Used: 31022K, Free: 1866M, Non-Taxable: 186M, Alloc Tax Rate: 1.1x
[3.254s][info][gc          ] GC(155) Pause Init Update Refs 0.052ms
[3.254s][info][gc,start    ] GC(155) Concurrent update references
[3.254s][info][gc,task     ] GC(155) Using 2 of 8 workers for concurrent reference update
[3.258s][info][gc          ] GC(155) Concurrent update references 4.194ms
[3.258s][info][gc,start    ] GC(155) Concurrent update thread roots
[3.258s][info][gc          ] GC(155) Concurrent update thread roots 0.093ms
[3.258s][info][gc,start    ] GC(155) Pause Final Update Refs
[3.258s][info][gc,task     ] GC(155) Using 8 of 8 workers for final reference update
[3.258s][info][gc          ] GC(155) Pause Final Update Refs 0.081ms
[3.258s][info][gc,start    ] GC(155) Concurrent cleanup
[3.258s][info][gc          ] GC(155) Concurrent cleanup 30M->16M(151M) 0.110ms
[3.258s][info][gc,ergo     ] Free: 1868M, Max: 512K regular, 1868M humongous, Frag: 0% external, 0% internal; Reserve: 101888K, Max: 512K
[3.258s][info][gc,stats    ] 
[3.258s][info][gc,stats    ] All times are wall-clock times, except per-root-class counters, that are sum over
[3.258s][info][gc,stats    ] all workers. Dividing the <total> over the root stage time estimates parallelism.
[3.258s][info][gc,stats    ] 
[3.258s][info][gc,stats    ] Concurrent Reset                    280 us
[3.258s][info][gc,stats    ] Pause Init Mark (G)                 131 us
[3.258s][info][gc,stats    ] Pause Init Mark (N)                  97 us
[3.258s][info][gc,stats    ]   Update Region States               29 us
[3.258s][info][gc,stats    ] Concurrent Mark Roots               201 us, parallelism: 1.05x
[3.258s][info][gc,stats    ]   CMR: <total>                      210 us
[3.258s][info][gc,stats    ]   CMR: Thread Roots                 121 us, workers (us):  16, 105, ---, ---, ---, ---, ---, ---, 
[3.258s][info][gc,stats    ]   CMR: VM Strong Roots                6 us, workers (us):   6,   1, ---, ---, ---, ---, ---, ---, 
[3.258s][info][gc,stats    ]   CMR: CLDG Roots                    83 us, workers (us):  83, ---, ---, ---, ---, ---, ---, ---, 
[3.258s][info][gc,stats    ] Concurrent Marking                 9203 us
[3.258s][info][gc,stats    ] Pause Final Mark (G)               1369 us
[3.258s][info][gc,stats    ] Pause Final Mark (N)               1322 us
[3.259s][info][gc,stats    ]   Finish Mark                      1161 us
[3.259s][info][gc,stats    ]   Update Region States               22 us
[3.259s][info][gc,stats    ]   Choose Collection Set              49 us
[3.259s][info][gc,stats    ]   Rebuild Free Set                   16 us
[3.259s][info][gc,stats    ] Concurrent Thread Roots             200 us, parallelism: 0.55x
[3.259s][info][gc,stats    ]   CTR: <total>                      111 us
[3.259s][info][gc,stats    ]   CTR: Thread Roots                 111 us, workers (us): 111,   0, ---, ---, ---, ---, ---, ---, 
[3.259s][info][gc,stats    ] Concurrent Weak References          140 us, parallelism: 0.36x
[3.259s][info][gc,stats    ]   CWRF: <total>                      51 us
[3.259s][info][gc,stats    ]   CWRF: Weak References              51 us, workers (us):  50,   0, ---, ---, ---, ---, ---, ---, 
[3.259s][info][gc,stats    ] Concurrent Weak Roots              1677 us
[3.259s][info][gc,stats    ]   Roots                            1172 us, parallelism: 0.93x
[3.259s][info][gc,stats    ]     CWR: <total>                   1090 us
[3.259s][info][gc,stats    ]     CWR: Code Cache Roots           565 us, workers (us): 565,   0, ---, ---, ---, ---, ---, ---, 
[3.259s][info][gc,stats    ]     CWR: VM Weak Roots              516 us, workers (us): 515,   1, ---, ---, ---, ---, ---, ---, 
[3.259s][info][gc,stats    ]     CWR: CLDG Roots                   9 us, workers (us):   9, ---, ---, ---, ---, ---, ---, ---, 
[3.259s][info][gc,stats    ]   Rendezvous                        459 us
[3.259s][info][gc,stats    ] Concurrent Cleanup                  111 us
[3.259s][info][gc,stats    ] Concurrent Class Unloading         1227 us
[3.259s][info][gc,stats    ]   Unlink Stale                     1065 us
[3.259s][info][gc,stats    ]     System Dictionary                38 us
[3.259s][info][gc,stats    ]     Weak Class Links                  0 us
[3.259s][info][gc,stats    ]     Code Roots                     1026 us
[3.259s][info][gc,stats    ]   Rendezvous                        114 us
[3.259s][info][gc,stats    ]   Purge Unlinked                      6 us
[3.259s][info][gc,stats    ]     Code Roots                        1 us
[3.259s][info][gc,stats    ]     CLDG                              4 us
[3.259s][info][gc,stats    ]     Exception Caches                  0 us
[3.259s][info][gc,stats    ] Concurrent Strong Roots             309 us, parallelism: 0.80x
[3.259s][info][gc,stats    ]   CSR: <total>                      248 us
[3.259s][info][gc,stats    ]   CSR: VM Strong Roots               11 us, workers (us):   7,   4, ---, ---, ---, ---, ---, ---, 
[3.259s][info][gc,stats    ]   CSR: CLDG Roots                   237 us, workers (us): ---, 237, ---, ---, ---, ---, ---, ---, 
[3.259s][info][gc,stats    ] Concurrent Evacuation              2604 us
[3.259s][info][gc,stats    ] Pause Init Update Refs (G)          763 us
[3.259s][info][gc,stats    ] Pause Init Update Refs (N)           63 us
[3.259s][info][gc,stats    ]   Manage GCLABs                       5 us
[3.259s][info][gc,stats    ] Concurrent Update Refs             4224 us
[3.259s][info][gc,stats    ] Concurrent Update Thread Roots      106 us
[3.259s][info][gc,stats    ] Pause Final Update Refs (G)         195 us
[3.259s][info][gc,stats    ] Pause Final Update Refs (N)          94 us
[3.259s][info][gc,stats    ]   Update Region States               21 us
[3.259s][info][gc,stats    ]   Trash Collection Set                3 us
[3.259s][info][gc,stats    ]   Rebuild Free Set                   16 us
[3.259s][info][gc,stats    ] Concurrent Cleanup                  124 us
[3.259s][info][gc,stats    ] 
[3.259s][info][gc,stats    ] Allocation pacing accrued:
[3.259s][info][gc,stats    ]       0 of    25 ms (  0.0%): <total>
[3.259s][info][gc,stats    ]       0 of    25 ms (  0.0%): <average total>
[3.259s][info][gc,stats    ] 
[3.259s][info][gc,metaspace] Metaspace: 14541K(14784K)->14718K(15040K) NonClass: 12991K(13120K)->13137K(13312K) Class: 1549K(1664K)->1581K(1728K)
[3.259s][info][gc,ergo     ] Pacer for Idle. Initial: 40642K, Alloc Tax Rate: 1.0x
[3.260s][info][gc          ] Trigger: Start next cycle immediately
[3.260s][info][gc,ergo     ] Free: 1868M, Max: 512K regular, 1868M humongous, Frag: 0% external, 0% internal; Reserve: 101888K, Max: 512K
[3.260s][info][gc,start    ] GC(156) Concurrent reset
[3.260s][info][gc,task     ] GC(156) Using 2 of 8 workers for concurrent reset
[3.260s][info][gc,ergo     ] GC(156) Pacer for Reset. Non-Taxable: 1984M
[3.260s][info][gc          ] GC(156) Concurrent reset 0.253ms
[3.261s][info][gc,start    ] GC(156) Pause Init Mark (unload classes)
[3.261s][info][gc,task     ] GC(156) Using 8 of 8 workers for init marking
[3.261s][info][gc,ergo     ] GC(156) Pacer for Mark. Expected Live: 13037K, Free: 1868M, Non-Taxable: 186M, Alloc Tax Rate: 0.0x
[3.261s][info][gc          ] GC(156) Pause Init Mark (unload classes) 0.079ms
[3.261s][info][gc,start    ] GC(156) Concurrent marking roots
[3.261s][info][gc,task     ] GC(156) Using 2 of 8 workers for concurrent marking roots
[3.261s][info][gc          ] GC(156) Concurrent marking roots 0.203ms
[3.261s][info][gc,start    ] GC(156) Concurrent marking (unload classes)
[3.261s][info][gc,task     ] GC(156) Using 2 of 8 workers for concurrent marking
[3.265s][info][gc          ] GC(156) Concurrent marking (unload classes) 3.907ms
[3.265s][info][gc,start    ] GC(156) Pause Final Mark (unload classes)
[3.265s][info][gc,task     ] GC(156) Using 8 of 8 workers for final marking
[3.266s][info][gc,ergo     ] GC(156) Collectable Garbage: 3484K (100%), Immediate: 0B (0%), CSet: 3484K (100%)
[3.266s][info][gc,ergo     ] GC(156) Pacer for Evacuation. Used CSet: 14819K, Free: 1867M, Non-Taxable: 186M, Alloc Tax Rate: 1.1x
[3.266s][info][gc          ] GC(156) Pause Final Mark (unload classes) 0.609ms
[3.266s][info][gc,start    ] GC(156) Concurrent thread roots
[3.266s][info][gc,task     ] GC(156) Using 2 of 8 workers for Concurrent thread roots
[3.266s][info][gc          ] GC(156) Concurrent thread roots 0.159ms
[3.266s][info][gc,start    ] GC(156) Concurrent weak references
[3.266s][info][gc,task     ] GC(156) Using 2 of 8 workers for concurrent weak references
[3.266s][info][gc,ref      ] GC(156) Encountered references: Soft: 3699, Weak: 1320, Final: 4, Phantom: 589
[3.266s][info][gc,ref      ] GC(156) Discovered  references: Soft: 0, Weak: 528, Final: 4, Phantom: 334
[3.266s][info][gc,ref      ] GC(156) Enqueued    references: Soft: 0, Weak: 0, Final: 0, Phantom: 0
[3.266s][info][gc          ] GC(156) Concurrent weak references 0.133ms
[3.266s][info][gc,start    ] GC(156) Concurrent weak roots
[3.266s][info][gc,task     ] GC(156) Using 2 of 8 workers for concurrent weak root
[3.267s][info][gc          ] GC(156) Concurrent weak roots 0.647ms
[3.267s][info][gc,start    ] GC(156) Concurrent cleanup
[3.267s][info][gc          ] GC(156) Concurrent cleanup 18M->18M(151M) 0.063ms
[3.267s][info][gc,ergo     ] GC(156) Free: 1867M, Max: 512K regular, 1867M humongous, Frag: 0% external, 0% internal; Reserve: 101118K, Max: 512K
[3.267s][info][gc,start    ] GC(156) Concurrent class unloading
[3.267s][info][gc,task     ] GC(156) Using 2 of 8 workers for concurrent class unloading
[3.270s][info][gc          ] GC(156) Concurrent class unloading 2.757ms
[3.270s][info][gc,start    ] GC(156) Concurrent strong roots
[3.270s][info][gc,task     ] GC(156) Using 2 of 8 workers for concurrent strong root
[3.270s][info][gc          ] GC(156) Concurrent strong roots 0.231ms
[3.270s][info][gc,start    ] GC(156) Concurrent evacuation
[3.270s][info][gc,task     ] GC(156) Using 2 of 8 workers for concurrent evacuation
[3.277s][info][gc          ] GC(156) Concurrent evacuation 6.598ms
[3.277s][info][gc,start    ] GC(156) Pause Init Update Refs
[3.277s][info][gc,ergo     ] GC(156) Pacer for Update Refs. Used: 30515K, Free: 1867M, Non-Taxable: 186M, Alloc Tax Rate: 1.1x
[3.277s][info][gc          ] GC(156) Pause Init Update Refs 0.044ms
[3.277s][info][gc,start    ] GC(156) Concurrent update references
[3.277s][info][gc,task     ] GC(156) Using 2 of 8 workers for concurrent reference update
[3.281s][info][gc          ] GC(156) Concurrent update references 3.464ms
[3.281s][info][gc,start    ] GC(156) Concurrent update thread roots
[3.281s][info][gc          ] GC(156) Concurrent update thread roots 0.163ms
[3.282s][info][gc,start    ] GC(156) Pause Final Update Refs
[3.282s][info][gc,task     ] GC(156) Using 8 of 8 workers for final reference update
[3.282s][info][gc          ] GC(156) Pause Final Update Refs 0.082ms
[3.282s][info][gc,start    ] GC(156) Concurrent cleanup
[3.282s][info][gc          ] GC(156) Concurrent cleanup 29M->15M(151M) 0.080ms
[3.282s][info][gc,ergo     ] Free: 1869M, Max: 512K regular, 1867M humongous, Frag: 1% external, 0% internal; Reserve: 101888K, Max: 512K
[3.282s][info][gc,stats    ] 
[3.282s][info][gc,stats    ] All times are wall-clock times, except per-root-class counters, that are sum over
[3.282s][info][gc,stats    ] all workers. Dividing the <total> over the root stage time estimates parallelism.
[3.282s][info][gc,stats    ] 
[3.282s][info][gc,stats    ] Concurrent Reset                    268 us
[3.282s][info][gc,stats    ] Pause Init Mark (G)                 765 us
[3.282s][info][gc,stats    ] Pause Init Mark (N)                  89 us
[3.282s][info][gc,stats    ]   Update Region States               20 us
[3.282s][info][gc,stats    ] Concurrent Mark Roots               217 us, parallelism: 1.09x
[3.282s][info][gc,stats    ]   CMR: <total>                      235 us
[3.282s][info][gc,stats    ]   CMR: Thread Roots                 149 us, workers (us): 112,  37, ---, ---, ---, ---, ---, ---, 
[3.282s][info][gc,stats    ]   CMR: VM Strong Roots                7 us, workers (us):   5,   3, ---, ---, ---, ---, ---, ---, 
[3.282s][info][gc,stats    ]   CMR: CLDG Roots                    79 us, workers (us): ---,  79, ---, ---, ---, ---, ---, ---, 
[3.282s][info][gc,stats    ] Concurrent Marking                 3965 us
[3.282s][info][gc,stats    ] Pause Final Mark (G)                729 us
[3.282s][info][gc,stats    ] Pause Final Mark (N)                626 us
[3.282s][info][gc,stats    ]   Finish Mark                       469 us
[3.282s][info][gc,stats    ]   Update Region States               16 us
[3.282s][info][gc,stats    ]   Choose Collection Set              50 us
[3.282s][info][gc,stats    ]   Rebuild Free Set                   16 us
[3.282s][info][gc,stats    ] Concurrent Thread Roots             172 us, parallelism: 0.90x
[3.282s][info][gc,stats    ]   CTR: <total>                      155 us
[3.282s][info][gc,stats    ]   CTR: Thread Roots                 155 us, workers (us): 105,  50, ---, ---, ---, ---, ---, ---, 
[3.282s][info][gc,stats    ] Concurrent Weak References          141 us, parallelism: 0.46x
[3.282s][info][gc,stats    ]   CWRF: <total>                      65 us
[3.282s][info][gc,stats    ]   CWRF: Weak References              65 us, workers (us):  64,   1, ---, ---, ---, ---, ---, ---, 
[3.282s][info][gc,stats    ] Concurrent Weak Roots               662 us
[3.282s][info][gc,stats    ]   Roots                             602 us, parallelism: 1.82x
[3.282s][info][gc,stats    ]     CWR: <total>                   1094 us
[3.282s][info][gc,stats    ]     CWR: Code Cache Roots           554 us, workers (us): 290, 264, ---, ---, ---, ---, ---, ---, 
[3.282s][info][gc,stats    ]     CWR: VM Weak Roots              533 us, workers (us): 266, 267, ---, ---, ---, ---, ---, ---, 
[3.282s][info][gc,stats    ]     CWR: CLDG Roots                   7 us, workers (us):   7, ---, ---, ---, ---, ---, ---, ---, 
[3.282s][info][gc,stats    ]   Rendezvous                         28 us
[3.282s][info][gc,stats    ] Concurrent Cleanup                   72 us
[3.282s][info][gc,stats    ] Concurrent Class Unloading         2769 us
[3.282s][info][gc,stats    ]   Unlink Stale                     1736 us
[3.282s][info][gc,stats    ]     System Dictionary                28 us
[3.282s][info][gc,stats    ]     Weak Class Links                  0 us
[3.282s][info][gc,stats    ]     Code Roots                     1707 us
[3.282s][info][gc,stats    ]   Rendezvous                        968 us
[3.282s][info][gc,stats    ]   Purge Unlinked                     35 us
[3.282s][info][gc,stats    ]     Code Roots                       31 us
[3.282s][info][gc,stats    ]     CLDG                              4 us
[3.282s][info][gc,stats    ]     Exception Caches                  0 us
[3.282s][info][gc,stats    ] Concurrent Strong Roots             244 us, parallelism: 0.73x
[3.282s][info][gc,stats    ]   CSR: <total>                      177 us
[3.282s][info][gc,stats    ]   CSR: VM Strong Roots               10 us, workers (us):  10,   0, ---, ---, ---, ---, ---, ---, 
[3.282s][info][gc,stats    ]   CSR: CLDG Roots                   167 us, workers (us): 167, ---, ---, ---, ---, ---, ---, ---, 
[3.282s][info][gc,stats    ] Concurrent Evacuation              6634 us
[3.282s][info][gc,stats    ] Pause Init Update Refs (G)          301 us
[3.282s][info][gc,stats    ] Pause Init Update Refs (N)           53 us
[3.282s][info][gc,stats    ]   Manage GCLABs                       4 us
[3.282s][info][gc,stats    ] Concurrent Update Refs             3480 us
[3.282s][info][gc,stats    ] Concurrent Update Thread Roots      175 us
[3.282s][info][gc,stats    ] Pause Final Update Refs (G)        1086 us
[3.282s][info][gc,stats    ] Pause Final Update Refs (N)          97 us
[3.282s][info][gc,stats    ]   Update Region States               20 us
[3.282s][info][gc,stats    ]   Trash Collection Set                2 us
[3.282s][info][gc,stats    ]   Rebuild Free Set                   16 us
[3.282s][info][gc,stats    ] Concurrent Cleanup                   91 us
[3.283s][info][gc,stats    ] 
[3.283s][info][gc,stats    ] Allocation pacing accrued:
[3.283s][info][gc,stats    ]       0 of    24 ms (  0.0%): <total>
[3.283s][info][gc,stats    ]       0 of    24 ms (  0.0%): <average total>
[3.283s][info][gc,stats    ] 
[3.283s][info][gc,metaspace] Metaspace: 14732K(15040K)->14782K(15040K) NonClass: 13148K(13312K)->13192K(13312K) Class: 1583K(1728K)->1589K(1728K)
[3.283s][info][gc,ergo     ] Pacer for Idle. Initial: 40642K, Alloc Tax Rate: 1.0x
[3.284s][info][gc          ] Trigger: Start next cycle immediately
[3.284s][info][gc,ergo     ] Free: 1868M, Max: 512K regular, 1867M humongous, Frag: 1% external, 0% internal; Reserve: 101888K, Max: 512K
[3.284s][info][gc,start    ] GC(157) Concurrent reset
[3.284s][info][gc,task     ] GC(157) Using 2 of 8 workers for concurrent reset
[3.284s][info][gc,ergo     ] GC(157) Pacer for Reset. Non-Taxable: 1984M
[3.284s][info][gc          ] GC(157) Concurrent reset 0.265ms
[3.284s][info][gc,start    ] GC(157) Pause Init Mark
[3.284s][info][gc,task     ] GC(157) Using 8 of 8 workers for init marking
[3.284s][info][gc,ergo     ] GC(157) Pacer for Mark. Expected Live: 13108K, Free: 1868M, Non-Taxable: 186M, Alloc Tax Rate: 0.0x
[3.284s][info][gc          ] GC(157) Pause Init Mark 0.072ms
[3.284s][info][gc,start    ] GC(157) Concurrent marking roots
[3.284s][info][gc,task     ] GC(157) Using 2 of 8 workers for concurrent marking roots
[3.285s][info][gc          ] GC(157) Concurrent marking roots 1.079ms
[3.285s][info][gc,start    ] GC(157) Concurrent marking
[3.285s][info][gc,task     ] GC(157) Using 2 of 8 workers for concurrent marking
[3.292s][info][gc          ] GC(157) Concurrent marking 6.936ms
[3.293s][info][gc,start    ] GC(157) Pause Final Mark
[3.293s][info][gc,task     ] GC(157) Using 8 of 8 workers for final marking
[3.293s][info][gc,ergo     ] GC(157) Collectable Garbage: 2941K (100%), Immediate: 0B (0%), CSet: 2941K (100%)
[3.293s][info][gc,ergo     ] GC(157) Pacer for Evacuation. Used CSet: 14332K, Free: 1868M, Non-Taxable: 186M, Alloc Tax Rate: 1.1x
[3.293s][info][gc          ] GC(157) Pause Final Mark 0.609ms
[3.293s][info][gc,start    ] GC(157) Concurrent thread roots
[3.293s][info][gc,task     ] GC(157) Using 2 of 8 workers for Concurrent thread roots
[3.293s][info][gc          ] GC(157) Concurrent thread roots 0.123ms
[3.293s][info][gc,start    ] GC(157) Concurrent weak references
[3.293s][info][gc,task     ] GC(157) Using 2 of 8 workers for concurrent weak references
[3.294s][info][gc,ref      ] GC(157) Encountered references: Soft: 3708, Weak: 1338, Final: 4, Phantom: 590
[3.294s][info][gc,ref      ] GC(157) Discovered  references: Soft: 0, Weak: 532, Final: 1, Phantom: 334
[3.294s][info][gc,ref      ] GC(157) Enqueued    references: Soft: 0, Weak: 4, Final: 0, Phantom: 1
[3.294s][info][gc          ] GC(157) Concurrent weak references 0.149ms
[3.294s][info][gc,start    ] GC(157) Concurrent weak roots
[3.294s][info][gc,task     ] GC(157) Using 2 of 8 workers for concurrent weak root
[3.294s][info][gc          ] GC(157) Concurrent weak roots 0.453ms
[3.294s][info][gc,start    ] GC(157) Concurrent cleanup
[3.294s][info][gc          ] GC(157) Concurrent cleanup 17M->17M(151M) 0.072ms
[3.294s][info][gc,ergo     ] GC(157) Free: 1867M, Max: 512K regular, 1867M humongous, Frag: 0% external, 0% internal; Reserve: 100864K, Max: 512K
[3.294s][info][gc,start    ] GC(157) Concurrent strong roots
[3.294s][info][gc,task     ] GC(157) Using 2 of 8 workers for concurrent strong root
[3.295s][info][gc          ] GC(157) Concurrent strong roots 0.591ms
[3.295s][info][gc,start    ] GC(157) Concurrent evacuation
[3.295s][info][gc,task     ] GC(157) Using 2 of 8 workers for concurrent evacuation
[3.300s][info][gc          ] GC(157) Concurrent evacuation 4.783ms
[3.300s][info][gc,start    ] GC(157) Pause Init Update Refs
[3.300s][info][gc,ergo     ] GC(157) Pacer for Update Refs. Used: 30543K, Free: 1867M, Non-Taxable: 186M, Alloc Tax Rate: 1.1x
[3.300s][info][gc          ] GC(157) Pause Init Update Refs 0.045ms
[3.300s][info][gc,start    ] GC(157) Concurrent update references
[3.300s][info][gc,task     ] GC(157) Using 2 of 8 workers for concurrent reference update
[3.303s][info][gc          ] GC(157) Concurrent update references 2.996ms
[3.303s][info][gc,start    ] GC(157) Concurrent update thread roots
[3.304s][info][gc          ] GC(157) Concurrent update thread roots 0.250ms
[3.304s][info][gc,start    ] GC(157) Pause Final Update Refs
[3.304s][info][gc,task     ] GC(157) Using 8 of 8 workers for final reference update
[3.304s][info][gc          ] GC(157) Pause Final Update Refs 0.074ms
[3.304s][info][gc,start    ] GC(157) Concurrent cleanup
[3.304s][info][gc          ] GC(157) Concurrent cleanup 29M->15M(151M) 0.076ms
[3.304s][info][gc,ergo     ] Free: 1868M, Max: 512K regular, 1867M humongous, Frag: 1% external, 0% internal; Reserve: 101888K, Max: 512K
[3.304s][info][gc,stats    ] 
[3.304s][info][gc,stats    ] All times are wall-clock times, except per-root-class counters, that are sum over
[3.304s][info][gc,stats    ] all workers. Dividing the <total> over the root stage time estimates parallelism.
[3.304s][info][gc,stats    ] 
[3.304s][info][gc,stats    ] Concurrent Reset                    281 us
[3.304s][info][gc,stats    ] Pause Init Mark (G)                 325 us
[3.304s][info][gc,stats    ] Pause Init Mark (N)                  82 us
[3.304s][info][gc,stats    ]   Update Region States               21 us
[3.304s][info][gc,stats    ] Concurrent Mark Roots              1105 us, parallelism: 0.90x
[3.304s][info][gc,stats    ]   CMR: <total>                      999 us
[3.304s][info][gc,stats    ]   CMR: Thread Roots                  58 us, workers (us):  58,   0, ---, ---, ---, ---, ---, ---, 
[3.304s][info][gc,stats    ]   CMR: Code Cache Roots             808 us, workers (us): 808,   0, ---, ---, ---, ---, ---, ---, 
[3.304s][info][gc,stats    ]   CMR: VM Strong Roots                7 us, workers (us):   6,   0, ---, ---, ---, ---, ---, ---, 
[3.304s][info][gc,stats    ]   CMR: CLDG Roots                   126 us, workers (us): 126, ---, ---, ---, ---, ---, ---, ---, 
[3.304s][info][gc,stats    ] Concurrent Marking                 6952 us
[3.304s][info][gc,stats    ] Pause Final Mark (G)                958 us
[3.304s][info][gc,stats    ] Pause Final Mark (N)                620 us
[3.304s][info][gc,stats    ]   Finish Mark                       472 us
[3.304s][info][gc,stats    ]   Update Region States               17 us
[3.304s][info][gc,stats    ]   Choose Collection Set              44 us
[3.304s][info][gc,stats    ]   Rebuild Free Set                   16 us
[3.304s][info][gc,stats    ] Concurrent Thread Roots             134 us, parallelism: 0.84x
[3.304s][info][gc,stats    ]   CTR: <total>                      113 us
[3.304s][info][gc,stats    ]   CTR: Thread Roots                 113 us, workers (us):  72,  41, ---, ---, ---, ---, ---, ---, 
[3.304s][info][gc,stats    ] Concurrent Weak References          158 us, parallelism: 0.53x
[3.304s][info][gc,stats    ]   CWRF: <total>                      83 us
[3.304s][info][gc,stats    ]   CWRF: Weak References              83 us, workers (us):  83,   0, ---, ---, ---, ---, ---, ---, 
[3.304s][info][gc,stats    ] Concurrent Weak Roots               473 us
[3.304s][info][gc,stats    ]   Roots                             303 us, parallelism: 1.75x
[3.304s][info][gc,stats    ]     CWR: <total>                    530 us
[3.304s][info][gc,stats    ]     CWR: VM Weak Roots              530 us, workers (us): 263, 267, ---, ---, ---, ---, ---, ---, 
[3.304s][info][gc,stats    ]   Rendezvous                        131 us
[3.304s][info][gc,stats    ] Concurrent Cleanup                   81 us
[3.304s][info][gc,stats    ] Concurrent Strong Roots             611 us, parallelism: 1.69x
[3.304s][info][gc,stats    ]   CSR: <total>                     1035 us
[3.304s][info][gc,stats    ]   CSR: Code Cache Roots             804 us, workers (us): 317, 486, ---, ---, ---, ---, ---, ---, 
[3.304s][info][gc,stats    ]   CSR: VM Strong Roots               12 us, workers (us):  11,   0, ---, ---, ---, ---, ---, ---, 
[3.304s][info][gc,stats    ]   CSR: CLDG Roots                   220 us, workers (us): 220, ---, ---, ---, ---, ---, ---, ---, 
[3.304s][info][gc,stats    ] Concurrent Evacuation              4807 us
[3.304s][info][gc,stats    ] Pause Init Update Refs (G)          785 us
[3.304s][info][gc,stats    ] Pause Init Update Refs (N)           55 us
[3.304s][info][gc,stats    ]   Manage GCLABs                       4 us
[3.304s][info][gc,stats    ] Concurrent Update Refs             3021 us
[3.304s][info][gc,stats    ] Concurrent Update Thread Roots      261 us
[3.304s][info][gc,stats    ] Pause Final Update Refs (G)         123 us
[3.304s][info][gc,stats    ] Pause Final Update Refs (N)          87 us
[3.304s][info][gc,stats    ]   Update Region States               18 us
[3.304s][info][gc,stats    ]   Trash Collection Set                2 us
[3.304s][info][gc,stats    ]   Rebuild Free Set                   16 us
[3.304s][info][gc,stats    ] Concurrent Cleanup                   97 us
[3.304s][info][gc,stats    ] 
[3.304s][info][gc,stats    ] Allocation pacing accrued:
[3.304s][info][gc,stats    ]       0 of    22 ms (  0.0%): <total>
[3.304s][info][gc,stats    ]       0 of    22 ms (  0.0%): <average total>
[3.304s][info][gc,stats    ] 
[3.304s][info][gc,metaspace] Metaspace: 14784K(15040K)->14907K(15232K) NonClass: 13195K(13312K)->13300K(13504K) Class: 1589K(1728K)->1606K(1728K)
[3.305s][info][gc,ergo     ] Pacer for Idle. Initial: 40642K, Alloc Tax Rate: 1.0x
[3.306s][info][gc          ] Trigger: Start next cycle immediately
[3.306s][info][gc,ergo     ] Free: 1868M, Max: 512K regular, 1867M humongous, Frag: 1% external, 0% internal; Reserve: 101888K, Max: 512K
[3.306s][info][gc,start    ] GC(158) Concurrent reset
[3.306s][info][gc,task     ] GC(158) Using 2 of 8 workers for concurrent reset
[3.306s][info][gc,ergo     ] GC(158) Pacer for Reset. Non-Taxable: 1984M
[3.306s][info][gc          ] GC(158) Concurrent reset 0.207ms
[3.306s][info][gc,start    ] GC(158) Pause Init Mark (unload classes)
[3.306s][info][gc,task     ] GC(158) Using 8 of 8 workers for init marking
[3.306s][info][gc,ergo     ] GC(158) Pacer for Mark. Expected Live: 13173K, Free: 1868M, Non-Taxable: 186M, Alloc Tax Rate: 0.0x
[3.306s][info][gc          ] GC(158) Pause Init Mark (unload classes) 0.088ms
[3.306s][info][gc,start    ] GC(158) Concurrent marking roots
[3.306s][info][gc,task     ] GC(158) Using 2 of 8 workers for concurrent marking roots
[3.319s][info][gc          ] GC(158) Concurrent marking roots 12.543ms
[3.319s][info][gc,start    ] GC(158) Concurrent marking (unload classes)
[3.319s][info][gc,task     ] GC(158) Using 2 of 8 workers for concurrent marking
[3.323s][info][gc          ] GC(158) Concurrent marking (unload classes) 4.585ms
[3.323s][info][gc,start    ] GC(158) Pause Final Mark (unload classes)
[3.323s][info][gc,task     ] GC(158) Using 8 of 8 workers for final marking
[3.325s][info][gc,ergo     ] GC(158) Collectable Garbage: 3425K (100%), Immediate: 0B (0%), CSet: 3425K (100%)
[3.325s][info][gc,ergo     ] GC(158) Pacer for Evacuation. Used CSet: 14848K, Free: 1868M, Non-Taxable: 186M, Alloc Tax Rate: 1.1x
[3.325s][info][gc          ] GC(158) Pause Final Mark (unload classes) 1.639ms
[3.325s][info][gc,start    ] GC(158) Concurrent thread roots
[3.325s][info][gc,task     ] GC(158) Using 2 of 8 workers for Concurrent thread roots
[3.325s][info][gc          ] GC(158) Concurrent thread roots 0.169ms
[3.325s][info][gc,start    ] GC(158) Concurrent weak references
[3.325s][info][gc,task     ] GC(158) Using 2 of 8 workers for concurrent weak references
[3.325s][info][gc,ref      ] GC(158) Encountered references: Soft: 3714, Weak: 1343, Final: 4, Phantom: 589
[3.325s][info][gc,ref      ] GC(158) Discovered  references: Soft: 0, Weak: 513, Final: 0, Phantom: 334
[3.325s][info][gc,ref      ] GC(158) Enqueued    references: Soft: 0, Weak: 4, Final: 0, Phantom: 0
[3.325s][info][gc          ] GC(158) Concurrent weak references 0.128ms
[3.325s][info][gc,start    ] GC(158) Concurrent weak roots
[3.325s][info][gc,task     ] GC(158) Using 2 of 8 workers for concurrent weak root
[3.326s][info][gc          ] GC(158) Concurrent weak roots 0.774ms
[3.326s][info][gc,start    ] GC(158) Concurrent cleanup
[3.326s][info][gc          ] GC(158) Concurrent cleanup 18M->18M(151M) 0.082ms
[3.326s][info][gc,ergo     ] GC(158) Free: 1867M, Max: 512K regular, 1867M humongous, Frag: 1% external, 0% internal; Reserve: 100094K, Max: 512K
[3.326s][info][gc,start    ] GC(158) Concurrent class unloading
[3.326s][info][gc,task     ] GC(158) Using 2 of 8 workers for concurrent class unloading
[3.329s][info][gc          ] GC(158) Concurrent class unloading 2.409ms
[3.329s][info][gc,start    ] GC(158) Concurrent strong roots
[3.329s][info][gc,task     ] GC(158) Using 2 of 8 workers for concurrent strong root
[3.329s][info][gc          ] GC(158) Concurrent strong roots 0.289ms
[3.329s][info][gc,start    ] GC(158) Concurrent evacuation
[3.329s][info][gc,task     ] GC(158) Using 2 of 8 workers for concurrent evacuation
[3.332s][info][gc          ] GC(158) Concurrent evacuation 2.723ms
[3.332s][info][gc,start    ] GC(158) Pause Init Update Refs
[3.332s][info][gc,ergo     ] GC(158) Pacer for Update Refs. Used: 30629K, Free: 1867M, Non-Taxable: 186M, Alloc Tax Rate: 1.1x
[3.332s][info][gc          ] GC(158) Pause Init Update Refs 0.049ms
[3.332s][info][gc,start    ] GC(158) Concurrent update references
[3.332s][info][gc,task     ] GC(158) Using 2 of 8 workers for concurrent reference update
[3.335s][info][gc          ] GC(158) Concurrent update references 3.552ms
[3.335s][info][gc,start    ] GC(158) Concurrent update thread roots
[3.335s][info][gc          ] GC(158) Concurrent update thread roots 0.067ms
[3.336s][info][gc,start    ] GC(158) Pause Final Update Refs
[3.336s][info][gc,task     ] GC(158) Using 8 of 8 workers for final reference update
[3.336s][info][gc          ] GC(158) Pause Final Update Refs 0.074ms
[3.336s][info][gc,start    ] GC(158) Concurrent cleanup
[3.336s][info][gc          ] GC(158) Concurrent cleanup 29M->15M(151M) 0.081ms
[3.336s][info][gc,ergo     ] Free: 1869M, Max: 512K regular, 1867M humongous, Frag: 1% external, 0% internal; Reserve: 101888K, Max: 512K
[3.336s][info][gc,stats    ] 
[3.336s][info][gc,stats    ] All times are wall-clock times, except per-root-class counters, that are sum over
[3.336s][info][gc,stats    ] all workers. Dividing the <total> over the root stage time estimates parallelism.
[3.336s][info][gc,stats    ] 
[3.336s][info][gc,stats    ] Concurrent Reset                    221 us
[3.336s][info][gc,stats    ] Pause Init Mark (G)                 129 us
[3.336s][info][gc,stats    ] Pause Init Mark (N)                  97 us
[3.336s][info][gc,stats    ]   Update Region States               21 us
[3.336s][info][gc,stats    ] Concurrent Mark Roots             12574 us, parallelism: 1.00x
[3.336s][info][gc,stats    ]   CMR: <total>                    12532 us
[3.336s][info][gc,stats    ]   CMR: Thread Roots               12454 us, workers (us): 12181, 273, ---, ---, ---, ---, ---, ---, 
[3.336s][info][gc,stats    ]   CMR: VM Strong Roots                6 us, workers (us):   5,   0, ---, ---, ---, ---, ---, ---, 
[3.336s][info][gc,stats    ]   CMR: CLDG Roots                    72 us, workers (us):  72, ---, ---, ---, ---, ---, ---, ---, 
[3.336s][info][gc,stats    ] Concurrent Marking                 4609 us
[3.336s][info][gc,stats    ] Pause Final Mark (G)               1759 us
[3.336s][info][gc,stats    ] Pause Final Mark (N)               1648 us
[3.336s][info][gc,stats    ]   Finish Mark                      1491 us
[3.336s][info][gc,stats    ]   Update Region States               27 us
[3.336s][info][gc,stats    ]   Choose Collection Set              49 us
[3.336s][info][gc,stats    ]   Rebuild Free Set                   16 us
[3.336s][info][gc,stats    ] Concurrent Thread Roots             186 us, parallelism: 0.61x
[3.336s][info][gc,stats    ]   CTR: <total>                      113 us
[3.336s][info][gc,stats    ]   CTR: Thread Roots                 113 us, workers (us): 113,   0, ---, ---, ---, ---, ---, ---, 
[3.336s][info][gc,stats    ] Concurrent Weak References          136 us, parallelism: 0.50x
[3.336s][info][gc,stats    ]   CWRF: <total>                      68 us
[3.336s][info][gc,stats    ]   CWRF: Weak References              68 us, workers (us):  59,   9, ---, ---, ---, ---, ---, ---, 
[3.336s][info][gc,stats    ] Concurrent Weak Roots               795 us
[3.336s][info][gc,stats    ]   Roots                             649 us, parallelism: 1.78x
[3.336s][info][gc,stats    ]     CWR: <total>                   1158 us
[3.336s][info][gc,stats    ]     CWR: Code Cache Roots           606 us, workers (us): 320, 286, ---, ---, ---, ---, ---, ---, 
[3.336s][info][gc,stats    ]     CWR: VM Weak Roots              544 us, workers (us): 281, 262, ---, ---, ---, ---, ---, ---, 
[3.336s][info][gc,stats    ]     CWR: CLDG Roots                   8 us, workers (us): ---,   8, ---, ---, ---, ---, ---, ---, 
[3.336s][info][gc,stats    ]   Rendezvous                        108 us
[3.336s][info][gc,stats    ] Concurrent Cleanup                  103 us
[3.336s][info][gc,stats    ] Concurrent Class Unloading         2431 us
[3.336s][info][gc,stats    ]   Unlink Stale                     2272 us
[3.336s][info][gc,stats    ]     System Dictionary                31 us
[3.336s][info][gc,stats    ]     Weak Class Links                  0 us
[3.336s][info][gc,stats    ]     Code Roots                     2239 us
[3.336s][info][gc,stats    ]   Rendezvous                        112 us
[3.336s][info][gc,stats    ]   Purge Unlinked                      5 us
[3.336s][info][gc,stats    ]     Code Roots                        1 us
[3.336s][info][gc,stats    ]     CLDG                              4 us
[3.336s][info][gc,stats    ]     Exception Caches                  0 us
[3.336s][info][gc,stats    ] Concurrent Strong Roots             301 us, parallelism: 0.80x
[3.336s][info][gc,stats    ]   CSR: <total>                      240 us
[3.336s][info][gc,stats    ]   CSR: VM Strong Roots               11 us, workers (us):  11,   0, ---, ---, ---, ---, ---, ---, 
[3.336s][info][gc,stats    ]   CSR: CLDG Roots                   229 us, workers (us): 229, ---, ---, ---, ---, ---, ---, ---, 
[3.336s][info][gc,stats    ] Concurrent Evacuation              2749 us
[3.336s][info][gc,stats    ] Pause Init Update Refs (G)          101 us
[3.336s][info][gc,stats    ] Pause Init Update Refs (N)           58 us
[3.336s][info][gc,stats    ]   Manage GCLABs                       4 us
[3.336s][info][gc,stats    ] Concurrent Update Refs             3576 us
[3.336s][info][gc,stats    ] Concurrent Update Thread Roots       75 us
[3.336s][info][gc,stats    ] Pause Final Update Refs (G)         315 us
[3.336s][info][gc,stats    ] Pause Final Update Refs (N)          88 us
[3.336s][info][gc,stats    ]   Update Region States               20 us
[3.336s][info][gc,stats    ]   Trash Collection Set                2 us
[3.336s][info][gc,stats    ]   Rebuild Free Set                   16 us
[3.336s][info][gc,stats    ] Concurrent Cleanup                   92 us
[3.336s][info][gc,stats    ] 
[3.336s][info][gc,stats    ] Allocation pacing accrued:
[3.336s][info][gc,stats    ]       0 of    32 ms (  0.0%): <total>
[3.336s][info][gc,stats    ]       0 of    32 ms (  0.0%): <average total>
[3.336s][info][gc,stats    ] 
[3.336s][info][gc,metaspace] Metaspace: 14916K(15232K)->14934K(15232K) NonClass: 13308K(13504K)->13321K(13504K) Class: 1608K(1728K)->1612K(1728K)
[3.336s][info][gc,ergo     ] Pacer for Idle. Initial: 40642K, Alloc Tax Rate: 1.0x
[3.338s][info][gc          ] Trigger: Start next cycle immediately
[3.338s][info][gc,ergo     ] Free: 1869M, Max: 512K regular, 1867M humongous, Frag: 1% external, 0% internal; Reserve: 101888K, Max: 512K
[3.338s][info][gc,start    ] GC(159) Concurrent reset
[3.338s][info][gc,task     ] GC(159) Using 2 of 8 workers for concurrent reset
[3.338s][info][gc,ergo     ] GC(159) Pacer for Reset. Non-Taxable: 1984M
[3.338s][info][gc          ] GC(159) Concurrent reset 0.208ms
[3.338s][info][gc,start    ] GC(159) Pause Init Mark
[3.338s][info][gc,task     ] GC(159) Using 8 of 8 workers for init marking
[3.338s][info][gc,ergo     ] GC(159) Pacer for Mark. Expected Live: 13226K, Free: 1869M, Non-Taxable: 186M, Alloc Tax Rate: 0.0x
[3.338s][info][gc          ] GC(159) Pause Init Mark 0.065ms
[3.338s][info][gc,start    ] GC(159) Concurrent marking roots
[3.338s][info][gc,task     ] GC(159) Using 2 of 8 workers for concurrent marking roots
[3.339s][info][gc          ] GC(159) Concurrent marking roots 1.065ms
[3.339s][info][gc,start    ] GC(159) Concurrent marking
[3.339s][info][gc,task     ] GC(159) Using 2 of 8 workers for concurrent marking
[3.345s][info][gc          ] GC(159) Concurrent marking 5.975ms
[3.345s][info][gc,start    ] GC(159) Pause Final Mark
[3.345s][info][gc,task     ] GC(159) Using 8 of 8 workers for final marking
[3.348s][info][gc,ergo     ] GC(159) Collectable Garbage: 2467K (100%), Immediate: 0B (0%), CSet: 2467K (100%)
[3.348s][info][gc,ergo     ] GC(159) Pacer for Evacuation. Used CSet: 13906K, Free: 1868M, Non-Taxable: 186M, Alloc Tax Rate: 1.1x
[3.348s][info][gc          ] GC(159) Pause Final Mark 2.899ms
[3.348s][info][gc,start    ] GC(159) Concurrent thread roots
[3.348s][info][gc,task     ] GC(159) Using 2 of 8 workers for Concurrent thread roots
[3.348s][info][gc          ] GC(159) Concurrent thread roots 0.099ms
[3.348s][info][gc,start    ] GC(159) Concurrent weak references
[3.348s][info][gc,task     ] GC(159) Using 2 of 8 workers for concurrent weak references
[3.348s][info][gc,ref      ] GC(159) Encountered references: Soft: 3719, Weak: 1342, Final: 4, Phantom: 589
[3.348s][info][gc,ref      ] GC(159) Discovered  references: Soft: 0, Weak: 448, Final: 1, Phantom: 333
[3.348s][info][gc,ref      ] GC(159) Enqueued    references: Soft: 0, Weak: 2, Final: 0, Phantom: 0
[3.348s][info][gc          ] GC(159) Concurrent weak references 0.114ms
[3.348s][info][gc,start    ] GC(159) Concurrent weak roots
[3.348s][info][gc,task     ] GC(159) Using 2 of 8 workers for concurrent weak root
[3.349s][info][gc          ] GC(159) Concurrent weak roots 0.704ms
[3.349s][info][gc,start    ] GC(159) Concurrent cleanup
[3.349s][info][gc          ] GC(159) Concurrent cleanup 17M->17M(151M) 0.070ms
[3.349s][info][gc,ergo     ] GC(159) Free: 1867M, Max: 512K regular, 1867M humongous, Frag: 1% external, 0% internal; Reserve: 100352K, Max: 512K
[3.349s][info][gc,start    ] GC(159) Concurrent strong roots
[3.349s][info][gc,task     ] GC(159) Using 2 of 8 workers for concurrent strong root
[3.350s][info][gc          ] GC(159) Concurrent strong roots 0.613ms
[3.350s][info][gc,start    ] GC(159) Concurrent evacuation
[3.350s][info][gc,task     ] GC(159) Using 2 of 8 workers for concurrent evacuation
[3.352s][info][gc          ] GC(159) Concurrent evacuation 2.479ms
[3.352s][info][gc,start    ] GC(159) Pause Init Update Refs
[3.352s][info][gc,ergo     ] GC(159) Pacer for Update Refs. Used: 30024K, Free: 1867M, Non-Taxable: 186M, Alloc Tax Rate: 1.1x
[3.352s][info][gc          ] GC(159) Pause Init Update Refs 0.042ms
[3.352s][info][gc,start    ] GC(159) Concurrent update references
[3.352s][info][gc,task     ] GC(159) Using 2 of 8 workers for concurrent reference update
[3.355s][info][gc          ] GC(159) Concurrent update references 3.074ms
[3.355s][info][gc,start    ] GC(159) Concurrent update thread roots
[3.357s][info][gc          ] GC(159) Concurrent update thread roots 1.854ms
[3.357s][info][gc,start    ] GC(159) Pause Final Update Refs
[3.366s][info][gc,task     ] GC(159) Using 8 of 8 workers for final reference update
[3.366s][info][gc          ] GC(159) Pause Final Update Refs 8.854ms
[3.366s][info][gc,start    ] GC(159) Concurrent cleanup
[3.366s][info][gc          ] GC(159) Concurrent cleanup 29M->16M(151M) 0.103ms
[3.366s][info][gc,ergo     ] Free: 1868M, Max: 512K regular, 1868M humongous, Frag: 0% external, 0% internal; Reserve: 101888K, Max: 512K
[3.366s][info][gc,stats    ] 
[3.367s][info][gc,stats    ] All times are wall-clock times, except per-root-class counters, that are sum over
[3.367s][info][gc,stats    ] all workers. Dividing the <total> over the root stage time estimates parallelism.
[3.367s][info][gc,stats    ] 
[3.367s][info][gc,stats    ] Concurrent Reset                    224 us
[3.367s][info][gc,stats    ] Pause Init Mark (G)                 120 us
[3.367s][info][gc,stats    ] Pause Init Mark (N)                  74 us
[3.367s][info][gc,stats    ]   Update Region States               21 us
[3.367s][info][gc,stats    ] Concurrent Mark Roots              1088 us, parallelism: 0.90x
[3.367s][info][gc,stats    ]   CMR: <total>                      978 us
[3.367s][info][gc,stats    ]   CMR: Thread Roots                  84 us, workers (us):  84,   0, ---, ---, ---, ---, ---, ---, 
[3.367s][info][gc,stats    ]   CMR: Code Cache Roots             764 us, workers (us): 764,   0, ---, ---, ---, ---, ---, ---, 
[3.367s][info][gc,stats    ]   CMR: VM Strong Roots                5 us, workers (us):   5,   0, ---, ---, ---, ---, ---, ---, 
[3.367s][info][gc,stats    ]   CMR: CLDG Roots                   124 us, workers (us): 124, ---, ---, ---, ---, ---, ---, ---, 
[3.367s][info][gc,stats    ] Concurrent Marking                 5994 us
[3.367s][info][gc,stats    ] Pause Final Mark (G)               2940 us
[3.367s][info][gc,stats    ] Pause Final Mark (N)               2909 us
[3.367s][info][gc,stats    ]   Finish Mark                      2774 us
[3.367s][info][gc,stats    ]   Update Region States               17 us
[3.367s][info][gc,stats    ]   Choose Collection Set              45 us
[3.367s][info][gc,stats    ]   Rebuild Free Set                   16 us
[3.367s][info][gc,stats    ] Concurrent Thread Roots             110 us, parallelism: 0.74x
[3.367s][info][gc,stats    ]   CTR: <total>                       81 us
[3.367s][info][gc,stats    ]   CTR: Thread Roots                  81 us, workers (us):  42,  40, ---, ---, ---, ---, ---, ---, 
[3.367s][info][gc,stats    ] Concurrent Weak References          122 us, parallelism: 0.46x
[3.367s][info][gc,stats    ]   CWRF: <total>                      56 us
[3.367s][info][gc,stats    ]   CWRF: Weak References              56 us, workers (us):  50,   7, ---, ---, ---, ---, ---, ---, 
[3.367s][info][gc,stats    ] Concurrent Weak Roots               722 us
[3.367s][info][gc,stats    ]   Roots                             656 us, parallelism: 0.81x
[3.367s][info][gc,stats    ]     CWR: <total>                    534 us
[3.367s][info][gc,stats    ]     CWR: VM Weak Roots              534 us, workers (us): 271, 263, ---, ---, ---, ---, ---, ---, 
[3.367s][info][gc,stats    ]   Rendezvous                         33 us
[3.367s][info][gc,stats    ] Concurrent Cleanup                   78 us
[3.367s][info][gc,stats    ] Concurrent Strong Roots             633 us, parallelism: 1.64x
[3.367s][info][gc,stats    ]   CSR: <total>                     1039 us
[3.367s][info][gc,stats    ]   CSR: Code Cache Roots             808 us, workers (us): 306, 502, ---, ---, ---, ---, ---, ---, 
[3.367s][info][gc,stats    ]   CSR: VM Strong Roots                9 us, workers (us):   9,   0, ---, ---, ---, ---, ---, ---, 
[3.367s][info][gc,stats    ]   CSR: CLDG Roots                   222 us, workers (us): 222, ---, ---, ---, ---, ---, ---, ---, 
[3.367s][info][gc,stats    ] Concurrent Evacuation              2505 us
[3.367s][info][gc,stats    ] Pause Init Update Refs (G)          149 us
[3.367s][info][gc,stats    ] Pause Init Update Refs (N)           52 us
[3.367s][info][gc,stats    ]   Manage GCLABs                       3 us
[3.367s][info][gc,stats    ] Concurrent Update Refs             3100 us
[3.367s][info][gc,stats    ] Concurrent Update Thread Roots     1871 us
[3.367s][info][gc,stats    ] Pause Final Update Refs (G)        9038 us
[3.367s][info][gc,stats    ] Pause Final Update Refs (N)        8869 us
[3.367s][info][gc,stats    ]   Update Region States               23 us
[3.367s][info][gc,stats    ]   Trash Collection Set                3 us
[3.367s][info][gc,stats    ]   Rebuild Free Set                   16 us
[3.367s][info][gc,stats    ] Concurrent Cleanup                  115 us
[3.367s][info][gc,stats    ] 
[3.367s][info][gc,stats    ] Allocation pacing accrued:
[3.367s][info][gc,stats    ]       0 of    30 ms (  0.0%): <total>
[3.367s][info][gc,stats    ]       0 of    30 ms (  0.0%): <average total>
[3.367s][info][gc,stats    ] 
[3.367s][info][gc,metaspace] Metaspace: 14946K(15232K)->15038K(15360K) NonClass: 13331K(13504K)->13409K(13568K) Class: 1615K(1728K)->1629K(1792K)
[3.367s][info][gc,ergo     ] Pacer for Idle. Initial: 40642K, Alloc Tax Rate: 1.0x
[3.368s][info][gc          ] Trigger: Start next cycle immediately
[3.368s][info][gc,ergo     ] Free: 1868M, Max: 512K regular, 1868M humongous, Frag: 0% external, 0% internal; Reserve: 101888K, Max: 512K
[3.368s][info][gc,start    ] GC(160) Concurrent reset
[3.368s][info][gc,task     ] GC(160) Using 2 of 8 workers for concurrent reset
[3.368s][info][gc,ergo     ] GC(160) Pacer for Reset. Non-Taxable: 1984M
[3.368s][info][gc          ] GC(160) Concurrent reset 0.252ms
[3.372s][info][gc,start    ] GC(160) Pause Init Mark
[3.372s][info][gc,task     ] GC(160) Using 8 of 8 workers for init marking
[3.372s][info][gc,ergo     ] GC(160) Pacer for Mark. Expected Live: 13254K, Free: 1868M, Non-Taxable: 186M, Alloc Tax Rate: 0.0x
[3.372s][info][gc          ] GC(160) Pause Init Mark 0.088ms
[3.372s][info][gc,start    ] GC(160) Concurrent marking roots
[3.372s][info][gc,task     ] GC(160) Using 2 of 8 workers for concurrent marking roots
[3.372s][info][gc          ] GC(160) Concurrent marking roots 0.742ms
[3.372s][info][gc,start    ] GC(160) Concurrent marking
[3.372s][info][gc,task     ] GC(160) Using 2 of 8 workers for concurrent marking
[3.381s][info][gc          ] GC(160) Concurrent marking 8.498ms
[3.383s][info][gc,start    ] GC(160) Pause Final Mark
[3.383s][info][gc,task     ] GC(160) Using 8 of 8 workers for final marking
[3.383s][info][gc,ergo     ] GC(160) Collectable Garbage: 3312K (100%), Immediate: 0B (0%), CSet: 3312K (100%)
[3.383s][info][gc,ergo     ] GC(160) Pacer for Evacuation. Used CSet: 14759K, Free: 1867M, Non-Taxable: 186M, Alloc Tax Rate: 1.1x
[3.383s][info][gc          ] GC(160) Pause Final Mark 0.249ms
[3.383s][info][gc,start    ] GC(160) Concurrent thread roots
[3.383s][info][gc,task     ] GC(160) Using 2 of 8 workers for Concurrent thread roots
[3.383s][info][gc          ] GC(160) Concurrent thread roots 0.116ms
[3.383s][info][gc,start    ] GC(160) Concurrent weak references
[3.383s][info][gc,task     ] GC(160) Using 2 of 8 workers for concurrent weak references
[3.384s][info][gc,ref      ] GC(160) Encountered references: Soft: 3720, Weak: 1346, Final: 4, Phantom: 590
[3.384s][info][gc,ref      ] GC(160) Discovered  references: Soft: 0, Weak: 573, Final: 1, Phantom: 332
[3.384s][info][gc,ref      ] GC(160) Enqueued    references: Soft: 0, Weak: 1, Final: 0, Phantom: 1
[3.384s][info][gc          ] GC(160) Concurrent weak references 0.136ms
[3.384s][info][gc,start    ] GC(160) Concurrent weak roots
[3.384s][info][gc,task     ] GC(160) Using 2 of 8 workers for concurrent weak root
[3.384s][info][gc          ] GC(160) Concurrent weak roots 0.381ms
[3.384s][info][gc,start    ] GC(160) Concurrent cleanup
[3.384s][info][gc          ] GC(160) Concurrent cleanup 19M->19M(151M) 0.075ms
[3.384s][info][gc,ergo     ] GC(160) Free: 1866M, Max: 512K regular, 1866M humongous, Frag: 0% external, 0% internal; Reserve: 101109K, Max: 512K
[3.384s][info][gc,start    ] GC(160) Concurrent strong roots
[3.384s][info][gc,task     ] GC(160) Using 2 of 8 workers for concurrent strong root
[3.385s][info][gc          ] GC(160) Concurrent strong roots 0.626ms
[3.385s][info][gc,start    ] GC(160) Concurrent evacuation
[3.385s][info][gc,task     ] GC(160) Using 2 of 8 workers for concurrent evacuation
[3.387s][info][gc          ] GC(160) Concurrent evacuation 2.504ms
[3.387s][info][gc,start    ] GC(160) Pause Init Update Refs
[3.387s][info][gc,ergo     ] GC(160) Pacer for Update Refs. Used: 31994K, Free: 1865M, Non-Taxable: 186M, Alloc Tax Rate: 1.1x
[3.387s][info][gc          ] GC(160) Pause Init Update Refs 0.040ms
[3.388s][info][gc,start    ] GC(160) Concurrent update references
[3.388s][info][gc,task     ] GC(160) Using 2 of 8 workers for concurrent reference update
[3.391s][info][gc          ] GC(160) Concurrent update references 3.460ms
[3.391s][info][gc,start    ] GC(160) Concurrent update thread roots
[3.391s][info][gc          ] GC(160) Concurrent update thread roots 0.323ms
[3.391s][info][gc,start    ] GC(160) Pause Final Update Refs
[3.391s][info][gc,task     ] GC(160) Using 8 of 8 workers for final reference update
[3.391s][info][gc          ] GC(160) Pause Final Update Refs 0.064ms
[3.392s][info][gc,start    ] GC(160) Concurrent cleanup
[3.392s][info][gc          ] GC(160) Concurrent cleanup 32M->17M(151M) 0.074ms
[3.392s][info][gc,ergo     ] Free: 1866M, Max: 512K regular, 1864M humongous, Frag: 1% external, 0% internal; Reserve: 101888K, Max: 512K
[3.392s][info][gc,stats    ] 
[3.392s][info][gc,stats    ] All times are wall-clock times, except per-root-class counters, that are sum over
[3.392s][info][gc,stats    ] all workers. Dividing the <total> over the root stage time estimates parallelism.
[3.392s][info][gc,stats    ] 
[3.392s][info][gc,stats    ] Concurrent Reset                    264 us
[3.392s][info][gc,stats    ] Pause Init Mark (G)                3245 us
[3.392s][info][gc,stats    ] Pause Init Mark (N)                  98 us
[3.392s][info][gc,stats    ]   Update Region States               21 us
[3.392s][info][gc,stats    ] Concurrent Mark Roots               765 us, parallelism: 1.50x
[3.392s][info][gc,stats    ]   CMR: <total>                     1146 us
[3.392s][info][gc,stats    ]   CMR: Thread Roots                 119 us, workers (us):  48,  71, ---, ---, ---, ---, ---, ---, 
[3.392s][info][gc,stats    ]   CMR: Code Cache Roots             849 us, workers (us): 511, 337, ---, ---, ---, ---, ---, ---, 
[3.392s][info][gc,stats    ]   CMR: VM Strong Roots                8 us, workers (us):   5,   2, ---, ---, ---, ---, ---, ---, 
[3.392s][info][gc,stats    ]   CMR: CLDG Roots                   170 us, workers (us): ---, 170, ---, ---, ---, ---, ---, ---, 
[3.392s][info][gc,stats    ] Concurrent Marking                 8521 us
[3.392s][info][gc,stats    ] Pause Final Mark (G)               2378 us
[3.392s][info][gc,stats    ] Pause Final Mark (N)                259 us
[3.392s][info][gc,stats    ]   Finish Mark                       111 us
[3.392s][info][gc,stats    ]   Update Region States               16 us
[3.392s][info][gc,stats    ]   Choose Collection Set              40 us
[3.392s][info][gc,stats    ]   Rebuild Free Set                   15 us
[3.392s][info][gc,stats    ] Concurrent Thread Roots             127 us, parallelism: 0.81x
[3.392s][info][gc,stats    ]   CTR: <total>                      103 us
[3.392s][info][gc,stats    ]   CTR: Thread Roots                 103 us, workers (us):  55,  48, ---, ---, ---, ---, ---, ---, 
[3.392s][info][gc,stats    ] Concurrent Weak References          144 us, parallelism: 0.57x
[3.392s][info][gc,stats    ]   CWRF: <total>                      81 us
[3.392s][info][gc,stats    ]   CWRF: Weak References              81 us, workers (us):  71,  11, ---, ---, ---, ---, ---, ---, 
[3.392s][info][gc,stats    ] Concurrent Weak Roots               397 us
[3.392s][info][gc,stats    ]   Roots                             327 us, parallelism: 1.64x
[3.392s][info][gc,stats    ]     CWR: <total>                    536 us
[3.392s][info][gc,stats    ]     CWR: VM Weak Roots              536 us, workers (us): 269, 268, ---, ---, ---, ---, ---, ---, 
[3.392s][info][gc,stats    ]   Rendezvous                         36 us
[3.392s][info][gc,stats    ] Concurrent Cleanup                   84 us
[3.392s][info][gc,stats    ] Concurrent Strong Roots             647 us, parallelism: 1.71x
[3.392s][info][gc,stats    ]   CSR: <total>                     1108 us
[3.392s][info][gc,stats    ]   CSR: Code Cache Roots             870 us, workers (us): 345, 526, ---, ---, ---, ---, ---, ---, 
[3.392s][info][gc,stats    ]   CSR: VM Strong Roots               11 us, workers (us):  10,   0, ---, ---, ---, ---, ---, ---, 
[3.392s][info][gc,stats    ]   CSR: CLDG Roots                   227 us, workers (us): 227, ---, ---, ---, ---, ---, ---, ---, 
[3.392s][info][gc,stats    ] Concurrent Evacuation              2531 us
[3.392s][info][gc,stats    ] Pause Init Update Refs (G)          235 us
[3.392s][info][gc,stats    ] Pause Init Update Refs (N)           49 us
[3.392s][info][gc,stats    ]   Manage GCLABs                       4 us
[3.392s][info][gc,stats    ] Concurrent Update Refs             3482 us
[3.392s][info][gc,stats    ] Concurrent Update Thread Roots      337 us
[3.392s][info][gc,stats    ] Pause Final Update Refs (G)         179 us
[3.392s][info][gc,stats    ] Pause Final Update Refs (N)          73 us
[3.392s][info][gc,stats    ]   Update Region States               16 us
[3.392s][info][gc,stats    ]   Trash Collection Set                2 us
[3.392s][info][gc,stats    ]   Rebuild Free Set                   15 us
[3.392s][info][gc,stats    ] Concurrent Cleanup                   85 us
[3.392s][info][gc,stats    ] 
[3.392s][info][gc,stats    ] Allocation pacing accrued:
[3.392s][info][gc,stats    ]       0 of    25 ms (  0.0%): <total>
[3.392s][info][gc,stats    ]       0 of    25 ms (  0.0%): <average total>
[3.392s][info][gc,stats    ] 
[3.392s][info][gc,metaspace] Metaspace: 15069K(15360K)->15296K(15552K) NonClass: 13439K(13568K)->13633K(13760K) Class: 1630K(1792K)->1662K(1792K)
[3.392s][info][gc,ergo     ] Pacer for Idle. Initial: 40642K, Alloc Tax Rate: 1.0x
[3.393s][info][gc          ] Trigger: Start next cycle immediately
[3.393s][info][gc,ergo     ] Free: 1866M, Max: 512K regular, 1864M humongous, Frag: 1% external, 0% internal; Reserve: 101888K, Max: 512K
[3.393s][info][gc,start    ] GC(161) Concurrent reset
[3.393s][info][gc,task     ] GC(161) Using 2 of 8 workers for concurrent reset
[3.393s][info][gc,ergo     ] GC(161) Pacer for Reset. Non-Taxable: 1984M
[3.394s][info][gc          ] GC(161) Concurrent reset 0.254ms
[3.394s][info][gc,start    ] GC(161) Pause Init Mark
[3.394s][info][gc,task     ] GC(161) Using 8 of 8 workers for init marking
[3.394s][info][gc,ergo     ] GC(161) Pacer for Mark. Expected Live: 13278K, Free: 1866M, Non-Taxable: 186M, Alloc Tax Rate: 0.0x
[3.394s][info][gc          ] GC(161) Pause Init Mark 0.086ms
[3.394s][info][gc,start    ] GC(161) Concurrent marking roots
[3.394s][info][gc,task     ] GC(161) Using 2 of 8 workers for concurrent marking roots
[3.394s][info][gc          ] GC(161) Concurrent marking roots 0.584ms
[3.394s][info][gc,start    ] GC(161) Concurrent marking
[3.394s][info][gc,task     ] GC(161) Using 2 of 8 workers for concurrent marking
[3.399s][info][gc          ] GC(161) Concurrent marking 4.197ms
[3.399s][info][gc,start    ] GC(161) Pause Final Mark
[3.399s][info][gc,task     ] GC(161) Using 8 of 8 workers for final marking
[3.399s][info][gc,ergo     ] GC(161) Collectable Garbage: 3880K (100%), Immediate: 0B (0%), CSet: 3880K (100%)
[3.399s][info][gc,ergo     ] GC(161) Pacer for Evacuation. Used CSet: 15359K, Free: 1866M, Non-Taxable: 186M, Alloc Tax Rate: 1.1x
[3.399s][info][gc          ] GC(161) Pause Final Mark 0.187ms
[3.399s][info][gc,start    ] GC(161) Concurrent thread roots
[3.399s][info][gc,task     ] GC(161) Using 2 of 8 workers for Concurrent thread roots
[3.399s][info][gc          ] GC(161) Concurrent thread roots 0.097ms
[3.399s][info][gc,start    ] GC(161) Concurrent weak references
[3.399s][info][gc,task     ] GC(161) Using 2 of 8 workers for concurrent weak references
[3.400s][info][gc,ref      ] GC(161) Encountered references: Soft: 3724, Weak: 1357, Final: 4, Phantom: 591
[3.401s][info][gc,ref      ] GC(161) Discovered  references: Soft: 0, Weak: 583, Final: 1, Phantom: 335
[3.401s][info][gc,ref      ] GC(161) Enqueued    references: Soft: 0, Weak: 4, Final: 0, Phantom: 2
[3.401s][info][gc          ] GC(161) Concurrent weak references 1.524ms
[3.401s][info][gc,start    ] GC(161) Concurrent weak roots
[3.401s][info][gc,task     ] GC(161) Using 2 of 8 workers for concurrent weak root
[3.401s][info][gc          ] GC(161) Concurrent weak roots 0.794ms
[3.401s][info][gc,start    ] GC(161) Concurrent cleanup
[3.401s][info][gc          ] GC(161) Concurrent cleanup 19M->19M(151M) 0.075ms
[3.401s][info][gc,ergo     ] GC(161) Free: 1864M, Max: 512K regular, 1863M humongous, Frag: 1% external, 0% internal; Reserve: 101373K, Max: 512K
[3.401s][info][gc,start    ] GC(161) Concurrent strong roots
[3.401s][info][gc,task     ] GC(161) Using 2 of 8 workers for concurrent strong root
[3.402s][info][gc          ] GC(161) Concurrent strong roots 0.618ms
[3.402s][info][gc,start    ] GC(161) Concurrent evacuation
[3.402s][info][gc,task     ] GC(161) Using 2 of 8 workers for concurrent evacuation
[3.405s][info][gc          ] GC(161) Concurrent evacuation 2.592ms
[3.405s][info][gc,start    ] GC(161) Pause Init Update Refs
[3.405s][info][gc,ergo     ] GC(161) Pacer for Update Refs. Used: 33107K, Free: 1864M, Non-Taxable: 186M, Alloc Tax Rate: 1.1x
[3.405s][info][gc          ] GC(161) Pause Init Update Refs 0.044ms
[3.405s][info][gc,start    ] GC(161) Concurrent update references
[3.405s][info][gc,task     ] GC(161) Using 2 of 8 workers for concurrent reference update
[3.408s][info][gc          ] GC(161) Concurrent update references 3.111ms
[3.408s][info][gc,start    ] GC(161) Concurrent update thread roots
[3.408s][info][gc          ] GC(161) Concurrent update thread roots 0.232ms
[3.408s][info][gc,start    ] GC(161) Pause Final Update Refs
[3.408s][info][gc,task     ] GC(161) Using 8 of 8 workers for final reference update
[3.409s][info][gc          ] GC(161) Pause Final Update Refs 0.071ms
[3.409s][info][gc,start    ] GC(161) Concurrent cleanup
[3.409s][info][gc          ] GC(161) Concurrent cleanup 32M->17M(151M) 0.074ms
[3.409s][info][gc,ergo     ] Free: 1866M, Max: 512K regular, 1862M humongous, Frag: 1% external, 0% internal; Reserve: 101888K, Max: 512K
[3.409s][info][gc,stats    ] 
[3.409s][info][gc,stats    ] All times are wall-clock times, except per-root-class counters, that are sum over
[3.409s][info][gc,stats    ] all workers. Dividing the <total> over the root stage time estimates parallelism.
[3.409s][info][gc,stats    ] 
[3.409s][info][gc,stats    ] Concurrent Reset                    271 us
[3.409s][info][gc,stats    ] Pause Init Mark (G)                 179 us
[3.409s][info][gc,stats    ] Pause Init Mark (N)                  98 us
[3.409s][info][gc,stats    ]   Update Region States               21 us
[3.409s][info][gc,stats    ] Concurrent Mark Roots               598 us, parallelism: 1.65x
[3.409s][info][gc,stats    ]   CMR: <total>                      990 us
[3.409s][info][gc,stats    ]   CMR: Thread Roots                  68 us, workers (us):  39,  29, ---, ---, ---, ---, ---, ---, 
[3.409s][info][gc,stats    ]   CMR: Code Cache Roots             789 us, workers (us): 328, 461, ---, ---, ---, ---, ---, ---, 
[3.409s][info][gc,stats    ]   CMR: VM Strong Roots                6 us, workers (us):   3,   3, ---, ---, ---, ---, ---, ---, 
[3.409s][info][gc,stats    ]   CMR: CLDG Roots                   127 us, workers (us): 127, ---, ---, ---, ---, ---, ---, ---, 
[3.409s][info][gc,stats    ] Concurrent Marking                 4215 us
[3.409s][info][gc,stats    ] Pause Final Mark (G)                287 us
[3.409s][info][gc,stats    ] Pause Final Mark (N)                196 us
[3.409s][info][gc,stats    ]   Finish Mark                        71 us
[3.409s][info][gc,stats    ]   Update Region States               15 us
[3.409s][info][gc,stats    ]   Choose Collection Set              34 us
[3.409s][info][gc,stats    ]   Rebuild Free Set                   15 us
[3.409s][info][gc,stats    ] Concurrent Thread Roots             107 us, parallelism: 0.90x
[3.409s][info][gc,stats    ]   CTR: <total>                       96 us
[3.409s][info][gc,stats    ]   CTR: Thread Roots                  96 us, workers (us):  47,  49, ---, ---, ---, ---, ---, ---, 
[3.409s][info][gc,stats    ] Concurrent Weak References         1533 us, parallelism: 0.05x
[3.409s][info][gc,stats    ]   CWRF: <total>                      70 us
[3.409s][info][gc,stats    ]   CWRF: Weak References              70 us, workers (us):  11,  59, ---, ---, ---, ---, ---, ---, 
[3.409s][info][gc,stats    ] Concurrent Weak Roots               814 us
[3.409s][info][gc,stats    ]   Roots                             321 us, parallelism: 1.71x
[3.409s][info][gc,stats    ]     CWR: <total>                    548 us
[3.409s][info][gc,stats    ]     CWR: VM Weak Roots              548 us, workers (us): 291, 257, ---, ---, ---, ---, ---, ---, 
[3.409s][info][gc,stats    ]   Rendezvous                        454 us
[3.409s][info][gc,stats    ] Concurrent Cleanup                   83 us
[3.409s][info][gc,stats    ] Concurrent Strong Roots             639 us, parallelism: 1.69x
[3.409s][info][gc,stats    ]   CSR: <total>                     1080 us
[3.409s][info][gc,stats    ]   CSR: Code Cache Roots             844 us, workers (us): 503, 342, ---, ---, ---, ---, ---, ---, 
[3.409s][info][gc,stats    ]   CSR: VM Strong Roots               13 us, workers (us):   8,   5, ---, ---, ---, ---, ---, ---, 
[3.409s][info][gc,stats    ]   CSR: CLDG Roots                   223 us, workers (us): ---, 223, ---, ---, ---, ---, ---, ---, 
[3.409s][info][gc,stats    ] Concurrent Evacuation              2620 us
[3.409s][info][gc,stats    ] Pause Init Update Refs (G)          229 us
[3.409s][info][gc,stats    ] Pause Init Update Refs (N)           57 us
[3.409s][info][gc,stats    ]   Manage GCLABs                       4 us
[3.409s][info][gc,stats    ] Concurrent Update Refs             3136 us
[3.409s][info][gc,stats    ] Concurrent Update Thread Roots      249 us
[3.409s][info][gc,stats    ] Pause Final Update Refs (G)         181 us
[3.409s][info][gc,stats    ] Pause Final Update Refs (N)          84 us
[3.409s][info][gc,stats    ]   Update Region States               16 us
[3.409s][info][gc,stats    ]   Trash Collection Set                3 us
[3.409s][info][gc,stats    ]   Rebuild Free Set                   16 us
[3.409s][info][gc,stats    ] Concurrent Cleanup                   84 us
[3.409s][info][gc,stats    ] 
[3.409s][info][gc,stats    ] Allocation pacing accrued:
[3.409s][info][gc,stats    ]       0 of    17 ms (  0.0%): <total>
[3.409s][info][gc,stats    ]       0 of    17 ms (  0.0%): <average total>
[3.409s][info][gc,stats    ] 
[3.409s][info][gc,metaspace] Metaspace: 15296K(15552K)->15337K(15616K) NonClass: 13633K(13760K)->13669K(13824K) Class: 1662K(1792K)->1668K(1792K)
[3.409s][info][gc,ergo     ] Pacer for Idle. Initial: 40642K, Alloc Tax Rate: 1.0x
[3.413s][info][gc          ] Trigger: Start next cycle immediately
[3.413s][info][gc,ergo     ] Free: 1866M, Max: 512K regular, 1862M humongous, Frag: 1% external, 0% internal; Reserve: 101888K, Max: 512K
[3.413s][info][gc,start    ] GC(162) Concurrent reset
[3.413s][info][gc,task     ] GC(162) Using 2 of 8 workers for concurrent reset
[3.413s][info][gc,ergo     ] GC(162) Pacer for Reset. Non-Taxable: 1984M
[3.414s][info][gc          ] GC(162) Concurrent reset 0.555ms
[3.417s][info][gc,start    ] GC(162) Pause Init Mark (unload classes)
[3.417s][info][gc,task     ] GC(162) Using 8 of 8 workers for init marking
[3.417s][info][gc,ergo     ] GC(162) Pacer for Mark. Expected Live: 13513K, Free: 1866M, Non-Taxable: 186M, Alloc Tax Rate: 0.0x
[3.417s][info][gc          ] GC(162) Pause Init Mark (unload classes) 0.087ms
[3.418s][info][gc,start    ] GC(162) Concurrent marking roots
[3.418s][info][gc,task     ] GC(162) Using 2 of 8 workers for concurrent marking roots
[3.418s][info][gc          ] GC(162) Concurrent marking roots 0.187ms
[3.418s][info][gc,start    ] GC(162) Concurrent marking (unload classes)
[3.418s][info][gc,task     ] GC(162) Using 2 of 8 workers for concurrent marking
[3.427s][info][gc          ] GC(162) Concurrent marking (unload classes) 9.481ms
[3.427s][info][gc,start    ] GC(162) Pause Final Mark (unload classes)
[3.427s][info][gc,task     ] GC(162) Using 8 of 8 workers for final marking
[3.434s][info][gc,ergo     ] GC(162) Collectable Garbage: 2326K (100%), Immediate: 0B (0%), CSet: 2326K (100%)
[3.434s][info][gc,ergo     ] GC(162) Pacer for Evacuation. Used CSet: 13824K, Free: 1865M, Non-Taxable: 186M, Alloc Tax Rate: 1.1x
[3.434s][info][gc          ] GC(162) Pause Final Mark (unload classes) 6.278ms
[3.434s][info][gc,start    ] GC(162) Concurrent thread roots
[3.434s][info][gc,task     ] GC(162) Using 2 of 8 workers for Concurrent thread roots
[3.434s][info][gc          ] GC(162) Concurrent thread roots 0.104ms
[3.434s][info][gc,start    ] GC(162) Concurrent weak references
[3.434s][info][gc,task     ] GC(162) Using 2 of 8 workers for concurrent weak references
[3.434s][info][gc,ref      ] GC(162) Encountered references: Soft: 3730, Weak: 1358, Final: 4, Phantom: 590
[3.434s][info][gc,ref      ] GC(162) Discovered  references: Soft: 0, Weak: 455, Final: 0, Phantom: 334
[3.434s][info][gc,ref      ] GC(162) Enqueued    references: Soft: 0, Weak: 3, Final: 0, Phantom: 1
[3.434s][info][gc          ] GC(162) Concurrent weak references 0.156ms
[3.434s][info][gc,start    ] GC(162) Concurrent weak roots
[3.434s][info][gc,task     ] GC(162) Using 2 of 8 workers for concurrent weak root
[3.435s][info][gc          ] GC(162) Concurrent weak roots 0.702ms
[3.435s][info][gc,start    ] GC(162) Concurrent cleanup
[3.435s][info][gc          ] GC(162) Concurrent cleanup 19M->19M(151M) 0.058ms
[3.435s][info][gc,ergo     ] GC(162) Free: 1864M, Max: 512K regular, 1862M humongous, Frag: 1% external, 0% internal; Reserve: 101376K, Max: 512K
[3.435s][info][gc,start    ] GC(162) Concurrent class unloading
[3.435s][info][gc,task     ] GC(162) Using 2 of 8 workers for concurrent class unloading
[3.437s][info][gc          ] GC(162) Concurrent class unloading 2.686ms
[3.438s][info][gc,start    ] GC(162) Concurrent strong roots
[3.438s][info][gc,task     ] GC(162) Using 2 of 8 workers for concurrent strong root
[3.438s][info][gc          ] GC(162) Concurrent strong roots 0.282ms
[3.438s][info][gc,start    ] GC(162) Concurrent evacuation
[3.438s][info][gc,task     ] GC(162) Using 2 of 8 workers for concurrent evacuation
[3.440s][info][gc          ] GC(162) Concurrent evacuation 2.571ms
[3.440s][info][gc,start    ] GC(162) Pause Init Update Refs
[3.440s][info][gc,ergo     ] GC(162) Pacer for Update Refs. Used: 34638K, Free: 1862M, Non-Taxable: 186M, Alloc Tax Rate: 1.1x
[3.441s][info][gc          ] GC(162) Pause Init Update Refs 0.044ms
[3.441s][info][gc,start    ] GC(162) Concurrent update references
[3.441s][info][gc,task     ] GC(162) Using 2 of 8 workers for concurrent reference update
[3.444s][info][gc          ] GC(162) Concurrent update references 3.384ms
[3.444s][info][gc,start    ] GC(162) Concurrent update thread roots
[3.444s][info][gc          ] GC(162) Concurrent update thread roots 0.136ms
[3.444s][info][gc,start    ] GC(162) Pause Final Update Refs
[3.444s][info][gc,task     ] GC(162) Using 8 of 8 workers for final reference update
[3.444s][info][gc          ] GC(162) Pause Final Update Refs 0.052ms
[3.444s][info][gc,start    ] GC(162) Concurrent cleanup
[3.444s][info][gc          ] GC(162) Concurrent cleanup 37M->23M(151M) 0.053ms
[3.444s][info][gc,ergo     ] Free: 1859M, Max: 512K regular, 1859M humongous, Frag: 1% external, 0% internal; Reserve: 101888K, Max: 512K
[3.444s][info][gc,stats    ] 
[3.444s][info][gc,stats    ] All times are wall-clock times, except per-root-class counters, that are sum over
[3.444s][info][gc,stats    ] all workers. Dividing the <total> over the root stage time estimates parallelism.
[3.444s][info][gc,stats    ] 
[3.444s][info][gc,stats    ] Concurrent Reset                    579 us
[3.444s][info][gc,stats    ] Pause Init Mark (G)                3712 us
[3.444s][info][gc,stats    ] Pause Init Mark (N)                  97 us
[3.444s][info][gc,stats    ]   Update Region States               21 us
[3.444s][info][gc,stats    ] Concurrent Mark Roots               200 us, parallelism: 1.11x
[3.444s][info][gc,stats    ]   CMR: <total>                      221 us
[3.444s][info][gc,stats    ]   CMR: Thread Roots                 131 us, workers (us): 105,  26, ---, ---, ---, ---, ---, ---, 
[3.444s][info][gc,stats    ]   CMR: VM Strong Roots                5 us, workers (us):   5,   0, ---, ---, ---, ---, ---, ---, 
[3.444s][info][gc,stats    ]   CMR: CLDG Roots                    85 us, workers (us): ---,  85, ---, ---, ---, ---, ---, ---, 
[3.444s][info][gc,stats    ] Concurrent Marking                 9503 us
[3.444s][info][gc,stats    ] Pause Final Mark (G)               6401 us
[3.444s][info][gc,stats    ] Pause Final Mark (N)               6287 us
[3.444s][info][gc,stats    ]   Finish Mark                      6169 us
[3.444s][info][gc,stats    ]   Update Region States               16 us
[3.444s][info][gc,stats    ]   Choose Collection Set              43 us
[3.444s][info][gc,stats    ]   Rebuild Free Set                   16 us
[3.444s][info][gc,stats    ] Concurrent Thread Roots             120 us, parallelism: 0.84x
[3.444s][info][gc,stats    ]   CTR: <total>                      101 us
[3.445s][info][gc,stats    ]   CTR: Thread Roots                 101 us, workers (us):  77,  25, ---, ---, ---, ---, ---, ---, 
[3.445s][info][gc,stats    ] Concurrent Weak References          164 us, parallelism: 1.02x
[3.445s][info][gc,stats    ]   CWRF: <total>                     168 us
[3.445s][info][gc,stats    ]   CWRF: Weak References             168 us, workers (us):  91,  76, ---, ---, ---, ---, ---, ---, 
[3.445s][info][gc,stats    ] Concurrent Weak Roots               716 us
[3.445s][info][gc,stats    ]   Roots                             671 us, parallelism: 1.76x
[3.445s][info][gc,stats    ]     CWR: <total>                   1182 us
[3.445s][info][gc,stats    ]     CWR: Code Cache Roots           607 us, workers (us): 335, 272, ---, ---, ---, ---, ---, ---, 
[3.445s][info][gc,stats    ]     CWR: VM Weak Roots              566 us, workers (us): 306, 259, ---, ---, ---, ---, ---, ---, 
[3.445s][info][gc,stats    ]     CWR: CLDG Roots                   9 us, workers (us): ---,   9, ---, ---, ---, ---, ---, ---, 
[3.445s][info][gc,stats    ]   Rendezvous                         15 us
[3.445s][info][gc,stats    ] Concurrent Cleanup                   66 us
[3.445s][info][gc,stats    ] Concurrent Class Unloading         2700 us
[3.445s][info][gc,stats    ]   Unlink Stale                     2535 us
[3.445s][info][gc,stats    ]     System Dictionary                29 us
[3.445s][info][gc,stats    ]     Weak Class Links                  0 us
[3.445s][info][gc,stats    ]     Code Roots                     2505 us
[3.445s][info][gc,stats    ]   Rendezvous                         19 us
[3.445s][info][gc,stats    ]   Purge Unlinked                    115 us
[3.445s][info][gc,stats    ]     Code Roots                      113 us
[3.445s][info][gc,stats    ]     CLDG                              2 us
[3.445s][info][gc,stats    ]     Exception Caches                  0 us
[3.445s][info][gc,stats    ] Concurrent Strong Roots             293 us, parallelism: 0.82x
[3.445s][info][gc,stats    ]   CSR: <total>                      240 us
[3.445s][info][gc,stats    ]   CSR: VM Strong Roots               11 us, workers (us):  11,   0, ---, ---, ---, ---, ---, ---, 
[3.445s][info][gc,stats    ]   CSR: CLDG Roots                   229 us, workers (us): 229, ---, ---, ---, ---, ---, ---, ---, 
[3.445s][info][gc,stats    ] Concurrent Evacuation              2593 us
[3.445s][info][gc,stats    ] Pause Init Update Refs (G)          138 us
[3.445s][info][gc,stats    ] Pause Init Update Refs (N)           52 us
[3.445s][info][gc,stats    ]   Manage GCLABs                       5 us
[3.445s][info][gc,stats    ] Concurrent Update Refs             3401 us
[3.445s][info][gc,stats    ] Concurrent Update Thread Roots      146 us
[3.445s][info][gc,stats    ] Pause Final Update Refs (G)         142 us
[3.445s][info][gc,stats    ] Pause Final Update Refs (N)          61 us
[3.445s][info][gc,stats    ]   Update Region States               14 us
[3.445s][info][gc,stats    ]   Trash Collection Set                3 us
[3.445s][info][gc,stats    ]   Rebuild Free Set                   17 us
[3.445s][info][gc,stats    ] Concurrent Cleanup                   61 us
[3.445s][info][gc,stats    ] 
[3.445s][info][gc,stats    ] Allocation pacing accrued:
[3.445s][info][gc,stats    ]       0 of    36 ms (  0.0%): <total>
[3.445s][info][gc,stats    ]       0 of    36 ms (  0.0%): <average total>
[3.445s][info][gc,stats    ] 
[3.445s][info][gc,metaspace] Metaspace: 15352K(15616K)->15360K(15616K) NonClass: 13682K(13824K)->13690K(13824K) Class: 1670K(1792K)->1670K(1792K)
[3.445s][info][gc,ergo     ] Pacer for Idle. Initial: 40642K, Alloc Tax Rate: 1.0x
[3.446s][info][gc          ] Trigger: Start next cycle immediately
[3.446s][info][gc,ergo     ] Free: 1858M, Max: 512K regular, 1858M humongous, Frag: 0% external, 0% internal; Reserve: 101888K, Max: 512K
[3.446s][info][gc,start    ] GC(163) Concurrent reset
[3.446s][info][gc,task     ] GC(163) Using 2 of 8 workers for concurrent reset
[3.446s][info][gc,ergo     ] GC(163) Pacer for Reset. Non-Taxable: 1984M
[3.446s][info][gc          ] GC(163) Concurrent reset 0.224ms
[3.446s][info][gc,start    ] GC(163) Pause Init Mark
[3.446s][info][gc,task     ] GC(163) Using 8 of 8 workers for init marking
[3.446s][info][gc,ergo     ] GC(163) Pacer for Mark. Expected Live: 13946K, Free: 1858M, Non-Taxable: 185M, Alloc Tax Rate: 0.0x
[3.446s][info][gc          ] GC(163) Pause Init Mark 0.043ms
[3.446s][info][gc,start    ] GC(163) Concurrent marking roots
[3.446s][info][gc,task     ] GC(163) Using 2 of 8 workers for concurrent marking roots
[3.447s][info][gc          ] GC(163) Concurrent marking roots 0.552ms
[3.447s][info][gc,start    ] GC(163) Concurrent marking
[3.447s][info][gc,task     ] GC(163) Using 2 of 8 workers for concurrent marking
[3.454s][info][gc          ] GC(163) Concurrent marking 6.971ms
[3.454s][info][gc,start    ] GC(163) Pause Final Mark
[3.454s][info][gc,task     ] GC(163) Using 8 of 8 workers for final marking
[3.456s][info][gc,ergo     ] GC(163) Collectable Garbage: 1924K (100%), Immediate: 0B (0%), CSet: 1924K (100%)
[3.456s][info][gc,ergo     ] GC(163) Pacer for Evacuation. Used CSet: 21504K, Free: 1858M, Non-Taxable: 185M, Alloc Tax Rate: 1.1x
[3.456s][info][gc          ] GC(163) Pause Final Mark 2.158ms
[3.456s][info][gc,start    ] GC(163) Concurrent thread roots
[3.456s][info][gc,task     ] GC(163) Using 2 of 8 workers for Concurrent thread roots
[3.456s][info][gc          ] GC(163) Concurrent thread roots 0.154ms
[3.456s][info][gc,start    ] GC(163) Concurrent weak references
[3.456s][info][gc,task     ] GC(163) Using 2 of 8 workers for concurrent weak references
[3.456s][info][gc,ref      ] GC(163) Encountered references: Soft: 3734, Weak: 1355, Final: 4, Phantom: 589
[3.456s][info][gc,ref      ] GC(163) Discovered  references: Soft: 0, Weak: 82, Final: 4, Phantom: 333
[3.456s][info][gc,ref      ] GC(163) Enqueued    references: Soft: 0, Weak: 0, Final: 0, Phantom: 0
[3.456s][info][gc          ] GC(163) Concurrent weak references 0.092ms
[3.456s][info][gc,start    ] GC(163) Concurrent weak roots
[3.456s][info][gc,task     ] GC(163) Using 2 of 8 workers for concurrent weak root
[3.457s][info][gc          ] GC(163) Concurrent weak roots 0.321ms
[3.457s][info][gc,start    ] GC(163) Concurrent cleanup
[3.457s][info][gc          ] GC(163) Concurrent cleanup 26M->26M(151M) 0.061ms
[3.457s][info][gc,ergo     ] GC(163) Free: 1857M, Max: 512K regular, 1857M humongous, Frag: 0% external, 0% internal; Reserve: 101376K, Max: 512K
[3.457s][info][gc,start    ] GC(163) Concurrent strong roots
[3.457s][info][gc,task     ] GC(163) Using 2 of 8 workers for concurrent strong root
[3.457s][info][gc          ] GC(163) Concurrent strong roots 0.614ms
[3.458s][info][gc,start    ] GC(163) Concurrent evacuation
[3.458s][info][gc,task     ] GC(163) Using 2 of 8 workers for concurrent evacuation
[3.471s][info][gc          ] GC(163) Concurrent evacuation 13.860ms
[3.472s][info][gc,start    ] GC(163) Pause Init Update Refs
[3.472s][info][gc,ergo     ] GC(163) Pacer for Update Refs. Used: 56652K, Free: 1848M, Non-Taxable: 184M, Alloc Tax Rate: 1.1x
[3.472s][info][gc          ] GC(163) Pause Init Update Refs 0.029ms
[3.472s][info][gc,start    ] GC(163) Concurrent update references
[3.472s][info][gc,task     ] GC(163) Using 2 of 8 workers for concurrent reference update
[3.484s][info][gc          ] GC(163) Concurrent update references 12.271ms
[3.484s][info][gc,start    ] GC(163) Concurrent update thread roots
[3.484s][info][gc          ] GC(163) Concurrent update thread roots 0.108ms
[3.484s][info][gc,start    ] GC(163) Pause Final Update Refs
[3.484s][info][gc,task     ] GC(163) Using 8 of 8 workers for final reference update
[3.484s][info][gc          ] GC(163) Pause Final Update Refs 0.075ms
[3.484s][info][gc,start    ] GC(163) Concurrent cleanup
[3.484s][info][gc          ] GC(163) Concurrent cleanup 62M->41M(158M) 0.055ms
[3.484s][info][gc,ergo     ] Free: 1841M, Max: 512K regular, 1833M humongous, Frag: 1% external, 0% internal; Reserve: 101888K, Max: 512K
[3.484s][info][gc,stats    ] 
[3.484s][info][gc,stats    ] All times are wall-clock times, except per-root-class counters, that are sum over
[3.484s][info][gc,stats    ] all workers. Dividing the <total> over the root stage time estimates parallelism.
[3.484s][info][gc,stats    ] 
[3.484s][info][gc,stats    ] Concurrent Reset                    237 us
[3.484s][info][gc,stats    ] Pause Init Mark (G)                 138 us
[3.484s][info][gc,stats    ] Pause Init Mark (N)                  50 us
[3.484s][info][gc,stats    ]   Update Region States               13 us
[3.484s][info][gc,stats    ] Concurrent Mark Roots               568 us, parallelism: 1.74x
[3.484s][info][gc,stats    ]   CMR: <total>                      992 us
[3.484s][info][gc,stats    ]   CMR: Thread Roots                  62 us, workers (us):  36,  26, ---, ---, ---, ---, ---, ---, 
[3.484s][info][gc,stats    ]   CMR: Code Cache Roots             752 us, workers (us): 456, 296, ---, ---, ---, ---, ---, ---, 
[3.484s][info][gc,stats    ]   CMR: VM Strong Roots                5 us, workers (us):   5,   0, ---, ---, ---, ---, ---, ---, 
[3.484s][info][gc,stats    ]   CMR: CLDG Roots                   173 us, workers (us): ---, 173, ---, ---, ---, ---, ---, ---, 
[3.484s][info][gc,stats    ] Concurrent Marking                 6993 us
[3.484s][info][gc,stats    ] Pause Final Mark (G)               2256 us
[3.484s][info][gc,stats    ] Pause Final Mark (N)               2167 us
[3.484s][info][gc,stats    ]   Finish Mark                      2051 us
[3.484s][info][gc,stats    ]   Update Region States               14 us
[3.484s][info][gc,stats    ]   Choose Collection Set              42 us
[3.484s][info][gc,stats    ]   Rebuild Free Set                   16 us
[3.484s][info][gc,stats    ] Concurrent Thread Roots             164 us, parallelism: 0.96x
[3.484s][info][gc,stats    ]   CTR: <total>                      157 us
[3.484s][info][gc,stats    ]   CTR: Thread Roots                 157 us, workers (us): 113,  44, ---, ---, ---, ---, ---, ---, 
[3.484s][info][gc,stats    ] Concurrent Weak References          100 us, parallelism: 0.70x
[3.484s][info][gc,stats    ]   CWRF: <total>                      70 us
[3.484s][info][gc,stats    ]   CWRF: Weak References              70 us, workers (us):  44,  26, ---, ---, ---, ---, ---, ---, 
[3.484s][info][gc,stats    ] Concurrent Weak Roots               332 us
[3.484s][info][gc,stats    ]   Roots                             289 us, parallelism: 1.85x
[3.484s][info][gc,stats    ]     CWR: <total>                    534 us
[3.485s][info][gc,stats    ]     CWR: VM Weak Roots              534 us, workers (us): 265, 268, ---, ---, ---, ---, ---, ---, 
[3.485s][info][gc,stats    ]   Rendezvous                         16 us
[3.485s][info][gc,stats    ] Concurrent Cleanup                   69 us
[3.485s][info][gc,stats    ] Concurrent Strong Roots             651 us, parallelism: 1.66x
[3.485s][info][gc,stats    ]   CSR: <total>                     1079 us
[3.485s][info][gc,stats    ]   CSR: Code Cache Roots             848 us, workers (us): 512, 336, ---, ---, ---, ---, ---, ---, 
[3.485s][info][gc,stats    ]   CSR: VM Strong Roots               11 us, workers (us):   6,   5, ---, ---, ---, ---, ---, ---, 
[3.485s][info][gc,stats    ]   CSR: CLDG Roots                   219 us, workers (us): ---, 219, ---, ---, ---, ---, ---, ---, 
[3.485s][info][gc,stats    ] Concurrent Evacuation             13886 us
[3.485s][info][gc,stats    ] Pause Init Update Refs (G)          142 us
[3.485s][info][gc,stats    ] Pause Init Update Refs (N)           37 us
[3.485s][info][gc,stats    ]   Manage GCLABs                       4 us
[3.485s][info][gc,stats    ] Concurrent Update Refs            12297 us
[3.485s][info][gc,stats    ] Concurrent Update Thread Roots      120 us
[3.485s][info][gc,stats    ] Pause Final Update Refs (G)         174 us
[3.485s][info][gc,stats    ] Pause Final Update Refs (N)          85 us
[3.485s][info][gc,stats    ]   Update Region States               28 us
[3.485s][info][gc,stats    ]   Trash Collection Set                3 us
[3.485s][info][gc,stats    ]   Rebuild Free Set                   22 us
[3.485s][info][gc,stats    ] Concurrent Cleanup                   63 us
[3.485s][info][gc,stats    ] 
[3.485s][info][gc,stats    ] Allocation pacing accrued:
[3.485s][info][gc,stats    ]       0 of    40 ms (  0.0%): <total>
[3.485s][info][gc,stats    ]       0 of    40 ms (  0.0%): <average total>
[3.485s][info][gc,stats    ] 
[3.485s][info][gc,metaspace] Metaspace: 15360K(15616K)->15361K(15616K) NonClass: 13690K(13824K)->13690K(13824K) Class: 1670K(1792K)->1670K(1792K)
[3.485s][info][gc,ergo     ] Pacer for Idle. Initial: 40642K, Alloc Tax Rate: 1.0x
[3.486s][info][gc          ] Trigger: Start next cycle immediately
[3.486s][info][gc,ergo     ] Free: 1833M, Max: 512K regular, 1833M humongous, Frag: 0% external, 0% internal; Reserve: 101888K, Max: 512K
[3.486s][info][gc,start    ] GC(164) Concurrent reset
[3.486s][info][gc,task     ] GC(164) Using 2 of 8 workers for concurrent reset
[3.486s][info][gc,ergo     ] GC(164) Pacer for Reset. Non-Taxable: 1984M
[3.486s][info][gc          ] GC(164) Concurrent reset 0.250ms
[3.486s][info][gc,start    ] GC(164) Pause Init Mark
[3.486s][info][gc,task     ] GC(164) Using 8 of 8 workers for init marking
[3.486s][info][gc,ergo     ] GC(164) Pacer for Mark. Expected Live: 15986K, Free: 1832M, Non-Taxable: 183M, Alloc Tax Rate: 0.0x
[3.486s][info][gc          ] GC(164) Pause Init Mark 0.063ms
[3.486s][info][gc,start    ] GC(164) Concurrent marking roots
[3.486s][info][gc,task     ] GC(164) Using 2 of 8 workers for concurrent marking roots
[3.487s][info][gc          ] GC(164) Concurrent marking roots 0.666ms
[3.487s][info][gc,start    ] GC(164) Concurrent marking
[3.487s][info][gc,task     ] GC(164) Using 2 of 8 workers for concurrent marking
[3.521s][info][gc          ] GC(164) Concurrent marking 34.074ms
[3.521s][info][gc,start    ] GC(164) Pause Final Mark
[3.521s][info][gc,task     ] GC(164) Using 8 of 8 workers for final marking
[3.528s][info][gc,ergo     ] GC(164) Collectable Garbage: 1917K (100%), Immediate: 0B (0%), CSet: 1917K (100%)
[3.528s][info][gc,ergo     ] GC(164) Pacer for Evacuation. Used CSet: 48128K, Free: 1825M, Non-Taxable: 182M, Alloc Tax Rate: 1.1x
[3.528s][info][gc          ] GC(164) Pause Final Mark 6.693ms
[3.528s][info][gc,start    ] GC(164) Concurrent thread roots
[3.528s][info][gc,task     ] GC(164) Using 2 of 8 workers for Concurrent thread roots
[3.528s][info][gc          ] GC(164) Concurrent thread roots 0.093ms
[3.528s][info][gc,start    ] GC(164) Concurrent weak references
[3.528s][info][gc,task     ] GC(164) Using 2 of 8 workers for concurrent weak references
[3.528s][info][gc,ref      ] GC(164) Encountered references: Soft: 3734, Weak: 1355, Final: 4, Phantom: 589
[3.528s][info][gc,ref      ] GC(164) Discovered  references: Soft: 0, Weak: 572, Final: 0, Phantom: 501
[3.528s][info][gc,ref      ] GC(164) Enqueued    references: Soft: 0, Weak: 0, Final: 0, Phantom: 0
[3.528s][info][gc          ] GC(164) Concurrent weak references 0.159ms
[3.528s][info][gc,start    ] GC(164) Concurrent weak roots
[3.528s][info][gc,task     ] GC(164) Using 2 of 8 workers for concurrent weak root
[3.529s][info][gc          ] GC(164) Concurrent weak roots 0.426ms
[3.529s][info][gc,start    ] GC(164) Concurrent cleanup
[3.529s][info][gc          ] GC(164) Concurrent cleanup 58M->58M(158M) 0.114ms
[3.529s][info][gc,ergo     ] GC(164) Free: 1825M, Max: 512K regular, 1825M humongous, Frag: 0% external, 0% internal; Reserve: 101093K, Max: 512K
[3.529s][info][gc,start    ] GC(164) Concurrent strong roots
[3.529s][info][gc,task     ] GC(164) Using 2 of 8 workers for concurrent strong root
[3.530s][info][gc          ] GC(164) Concurrent strong roots 0.760ms
[3.530s][info][gc,start    ] GC(164) Concurrent evacuation
[3.530s][info][gc,task     ] GC(164) Using 2 of 8 workers for concurrent evacuation
[3.622s][info][gc          ] GC(164) Concurrent evacuation 91.882ms
[3.622s][info][gc,start    ] GC(164) Pause Init Update Refs
[3.622s][info][gc,ergo     ] GC(164) Pacer for Update Refs. Used: 107M, Free: 1822M, Non-Taxable: 182M, Alloc Tax Rate: 1.1x
[3.622s][info][gc          ] GC(164) Pause Init Update Refs 0.029ms
[3.622s][info][gc,start    ] GC(164) Concurrent update references
[3.622s][info][gc,task     ] GC(164) Using 2 of 8 workers for concurrent reference update
[3.643s][info][gc          ] GC(164) Concurrent update references 21.531ms
[3.643s][info][gc,start    ] GC(164) Concurrent update thread roots
[3.645s][info][gc          ] GC(164) Concurrent update thread roots 2.143ms
[3.646s][info][gc,start    ] GC(164) Pause Final Update Refs
[3.646s][info][gc,task     ] GC(164) Using 8 of 8 workers for final reference update
[3.646s][info][gc          ] GC(164) Pause Final Update Refs 0.092ms
[3.646s][info][gc,start    ] GC(164) Concurrent cleanup
[3.646s][info][gc          ] GC(164) Concurrent cleanup 107M->60M(192M) 0.061ms
[3.646s][info][gc,ergo     ] Free: 1822M, Max: 512K regular, 1796M humongous, Frag: 2% external, 0% internal; Reserve: 101888K, Max: 512K
[3.646s][info][gc,stats    ] 
[3.646s][info][gc,stats    ] All times are wall-clock times, except per-root-class counters, that are sum over
[3.646s][info][gc,stats    ] all workers. Dividing the <total> over the root stage time estimates parallelism.
[3.646s][info][gc,stats    ] 
[3.646s][info][gc,stats    ] Concurrent Reset                    259 us
[3.646s][info][gc,stats    ] Pause Init Mark (G)                 169 us
[3.646s][info][gc,stats    ] Pause Init Mark (N)                  71 us
[3.646s][info][gc,stats    ]   Update Region States               13 us
[3.646s][info][gc,stats    ] Concurrent Mark Roots               686 us, parallelism: 1.71x
[3.646s][info][gc,stats    ]   CMR: <total>                     1172 us
[3.646s][info][gc,stats    ]   CMR: Thread Roots                  82 us, workers (us):  68,  14, ---, ---, ---, ---, ---, ---, 
[3.646s][info][gc,stats    ]   CMR: Code Cache Roots             939 us, workers (us): 381, 558, ---, ---, ---, ---, ---, ---, 
[3.646s][info][gc,stats    ]   CMR: VM Strong Roots                6 us, workers (us):   5,   0, ---, ---, ---, ---, ---, ---, 
[3.646s][info][gc,stats    ]   CMR: CLDG Roots                   146 us, workers (us): 146, ---, ---, ---, ---, ---, ---, ---, 
[3.646s][info][gc,stats    ] Concurrent Marking                34101 us
[3.646s][info][gc,stats    ] Pause Final Mark (G)               6992 us
[3.646s][info][gc,stats    ] Pause Final Mark (N)               6702 us
[3.646s][info][gc,stats    ]   Finish Mark                      6541 us
[3.646s][info][gc,stats    ]   Update Region States               41 us
[3.646s][info][gc,stats    ]   Choose Collection Set              54 us
[3.646s][info][gc,stats    ]   Rebuild Free Set                   17 us
[3.646s][info][gc,stats    ] Concurrent Thread Roots             103 us, parallelism: 1.15x
[3.646s][info][gc,stats    ]   CTR: <total>                      119 us
[3.646s][info][gc,stats    ]   CTR: Thread Roots                 119 us, workers (us):  61,  58, ---, ---, ---, ---, ---, ---, 
[3.646s][info][gc,stats    ] Concurrent Weak References          167 us, parallelism: 0.73x
[3.646s][info][gc,stats    ]   CWRF: <total>                     121 us
[3.646s][info][gc,stats    ]   CWRF: Weak References             121 us, workers (us):  40,  81, ---, ---, ---, ---, ---, ---, 
[3.646s][info][gc,stats    ] Concurrent Weak Roots               440 us
[3.646s][info][gc,stats    ]   Roots                             311 us, parallelism: 1.73x
[3.646s][info][gc,stats    ]     CWR: <total>                    539 us
[3.646s][info][gc,stats    ]     CWR: VM Weak Roots              539 us, workers (us): 273, 265, ---, ---, ---, ---, ---, ---, 
[3.646s][info][gc,stats    ]   Rendezvous                         99 us
[3.646s][info][gc,stats    ] Concurrent Cleanup                  122 us
[3.646s][info][gc,stats    ] Concurrent Strong Roots             778 us, parallelism: 1.79x
[3.646s][info][gc,stats    ]   CSR: <total>                     1392 us
[3.646s][info][gc,stats    ]   CSR: Code Cache Roots            1117 us, workers (us): 677, 440, ---, ---, ---, ---, ---, ---, 
[3.646s][info][gc,stats    ]   CSR: VM Strong Roots               16 us, workers (us):  11,   5, ---, ---, ---, ---, ---, ---, 
[3.646s][info][gc,stats    ]   CSR: CLDG Roots                   259 us, workers (us): ---, 259, ---, ---, ---, ---, ---, ---, 
[3.646s][info][gc,stats    ] Concurrent Evacuation             91911 us
[3.646s][info][gc,stats    ] Pause Init Update Refs (G)          136 us
[3.646s][info][gc,stats    ] Pause Init Update Refs (N)           38 us
[3.646s][info][gc,stats    ]   Manage GCLABs                       4 us
[3.646s][info][gc,stats    ] Concurrent Update Refs            21562 us
[3.646s][info][gc,stats    ] Concurrent Update Thread Roots     2166 us
[3.646s][info][gc,stats    ] Pause Final Update Refs (G)         192 us
[3.646s][info][gc,stats    ] Pause Final Update Refs (N)         102 us
[3.646s][info][gc,stats    ]   Update Region States               42 us
[3.646s][info][gc,stats    ]   Trash Collection Set                3 us
[3.646s][info][gc,stats    ]   Rebuild Free Set                   23 us
[3.646s][info][gc,stats    ] Concurrent Cleanup                   70 us
[3.646s][info][gc,stats    ] 
[3.646s][info][gc,stats    ] Allocation pacing accrued:
[3.646s][info][gc,stats    ]       0 of   162 ms (  0.0%): <total>
[3.646s][info][gc,stats    ]       0 of   162 ms (  0.0%): <average total>
[3.646s][info][gc,stats    ] 
[3.646s][info][gc,metaspace] Metaspace: 15361K(15616K)->16078K(16320K) NonClass: 13690K(13824K)->14322K(14464K) Class: 1670K(1792K)->1755K(1856K)
[3.646s][info][gc,ergo     ] Pacer for Idle. Initial: 40642K, Alloc Tax Rate: 1.0x
[3.647s][info][gc          ] Trigger: Start next cycle immediately
[3.647s][info][gc,ergo     ] Free: 1822M, Max: 512K regular, 1796M humongous, Frag: 2% external, 0% internal; Reserve: 101888K, Max: 512K
[3.647s][info][gc,start    ] GC(165) Concurrent reset
[3.647s][info][gc,task     ] GC(165) Using 2 of 8 workers for concurrent reset
[3.647s][info][gc,ergo     ] GC(165) Pacer for Reset. Non-Taxable: 1984M
[3.648s][info][gc          ] GC(165) Concurrent reset 0.345ms
[3.649s][info][gc,start    ] GC(165) Pause Init Mark (unload classes)
[3.649s][info][gc,task     ] GC(165) Using 8 of 8 workers for init marking
[3.649s][info][gc,ergo     ] GC(165) Pacer for Mark. Expected Live: 23349K, Free: 1822M, Non-Taxable: 182M, Alloc Tax Rate: 0.0x
[3.649s][info][gc          ] GC(165) Pause Init Mark (unload classes) 0.067ms
[3.649s][info][gc,start    ] GC(165) Concurrent marking roots
[3.649s][info][gc,task     ] GC(165) Using 2 of 8 workers for concurrent marking roots
[3.649s][info][gc          ] GC(165) Concurrent marking roots 0.307ms
[3.649s][info][gc,start    ] GC(165) Concurrent marking (unload classes)
[3.649s][info][gc,task     ] GC(165) Using 2 of 8 workers for concurrent marking
[3.690s][info][gc          ] GC(165) Concurrent marking (unload classes) 40.859ms
[3.690s][info][gc,start    ] GC(165) Pause Final Mark (unload classes)
[3.690s][info][gc,task     ] GC(165) Using 8 of 8 workers for final marking
[3.690s][info][gc,ergo     ] GC(165) Collectable Garbage: 5684K (100%), Immediate: 0B (0%), CSet: 5684K (100%)
[3.690s][info][gc,ergo     ] GC(165) Pacer for Evacuation. Used CSet: 58342K, Free: 1821M, Non-Taxable: 182M, Alloc Tax Rate: 1.1x
[3.690s][info][gc          ] GC(165) Pause Final Mark (unload classes) 0.269ms
[3.690s][info][gc,start    ] GC(165) Concurrent thread roots
[3.690s][info][gc,task     ] GC(165) Using 2 of 8 workers for Concurrent thread roots
[3.690s][info][gc          ] GC(165) Concurrent thread roots 0.087ms
[3.690s][info][gc,start    ] GC(165) Concurrent weak references
[3.690s][info][gc,task     ] GC(165) Using 2 of 8 workers for concurrent weak references
[3.690s][info][gc,ref      ] GC(165) Encountered references: Soft: 3777, Weak: 1429, Final: 4, Phantom: 596
[3.690s][info][gc,ref      ] GC(165) Discovered  references: Soft: 0, Weak: 203, Final: 1, Phantom: 340
[3.690s][info][gc,ref      ] GC(165) Enqueued    references: Soft: 0, Weak: 41, Final: 0, Phantom: 7
[3.691s][info][gc          ] GC(165) Concurrent weak references 0.119ms
[3.691s][info][gc,start    ] GC(165) Concurrent weak roots
[3.691s][info][gc,task     ] GC(165) Using 2 of 8 workers for concurrent weak root
[3.691s][info][gc          ] GC(165) Concurrent weak roots 0.738ms
[3.691s][info][gc,start    ] GC(165) Concurrent cleanup
[3.691s][info][gc          ] GC(165) Concurrent cleanup 62M->62M(192M) 0.110ms
[3.691s][info][gc,ergo     ] GC(165) Free: 1821M, Max: 512K regular, 1796M humongous, Frag: 2% external, 0% internal; Reserve: 101367K, Max: 512K
[3.691s][info][gc,start    ] GC(165) Concurrent class unloading
[3.691s][info][gc,task     ] GC(165) Using 2 of 8 workers for concurrent class unloading
[3.700s][info][gc          ] GC(165) Concurrent class unloading 9.037ms
[3.700s][info][gc,start    ] GC(165) Concurrent strong roots
[3.700s][info][gc,task     ] GC(165) Using 2 of 8 workers for concurrent strong root
[3.701s][info][gc          ] GC(165) Concurrent strong roots 0.325ms
[3.701s][info][gc,start    ] GC(165) Concurrent evacuation
[3.701s][info][gc,task     ] GC(165) Using 2 of 8 workers for concurrent evacuation
[3.765s][info][gc          ] GC(165) Concurrent evacuation 63.880ms
[3.765s][info][gc,start    ] GC(165) Pause Init Update Refs
[3.765s][info][gc,ergo     ] GC(165) Pacer for Update Refs. Used: 118M, Free: 1818M, Non-Taxable: 181M, Alloc Tax Rate: 1.1x
[3.765s][info][gc          ] GC(165) Pause Init Update Refs 0.030ms
[3.765s][info][gc,start    ] GC(165) Concurrent update references
[3.765s][info][gc,task     ] GC(165) Using 2 of 8 workers for concurrent reference update
[3.788s][info][gc          ] GC(165) Concurrent update references 22.816ms
[3.788s][info][gc,start    ] GC(165) Concurrent update thread roots
[3.798s][info][gc          ] GC(165) Concurrent update thread roots 10.720ms
[3.799s][info][gc,start    ] GC(165) Pause Final Update Refs
[3.799s][info][gc,task     ] GC(165) Using 8 of 8 workers for final reference update
[3.799s][info][gc          ] GC(165) Pause Final Update Refs 0.101ms
[3.799s][info][gc,start    ] GC(165) Concurrent cleanup
[3.799s][info][gc          ] GC(165) Concurrent cleanup 118M->61M(225M) 0.088ms
[3.799s][info][gc,ergo     ] Free: 1822M, Max: 512K regular, 1822M humongous, Frag: 0% external, 0% internal; Reserve: 101888K, Max: 512K
[3.799s][info][gc,stats    ] 
[3.799s][info][gc,stats    ] All times are wall-clock times, except per-root-class counters, that are sum over
[3.799s][info][gc,stats    ] all workers. Dividing the <total> over the root stage time estimates parallelism.
[3.799s][info][gc,stats    ] 
[3.799s][info][gc,stats    ] Concurrent Reset                    360 us
[3.799s][info][gc,stats    ] Pause Init Mark (G)                 871 us
[3.799s][info][gc,stats    ] Pause Init Mark (N)                  75 us
[3.799s][info][gc,stats    ]   Update Region States               25 us
[3.799s][info][gc,stats    ] Concurrent Mark Roots               321 us, parallelism: 1.36x
[3.799s][info][gc,stats    ]   CMR: <total>                      437 us
[3.799s][info][gc,stats    ]   CMR: Thread Roots                 251 us, workers (us):  71, 180, ---, ---, ---, ---, ---, ---, 
[3.799s][info][gc,stats    ]   CMR: VM Strong Roots               52 us, workers (us):  28,  24, ---, ---, ---, ---, ---, ---, 
[3.799s][info][gc,stats    ]   CMR: CLDG Roots                   134 us, workers (us): 134, ---, ---, ---, ---, ---, ---, ---, 
[3.799s][info][gc,stats    ] Concurrent Marking                40885 us
[3.799s][info][gc,stats    ] Pause Final Mark (G)                371 us
[3.799s][info][gc,stats    ] Pause Final Mark (N)                278 us
[3.799s][info][gc,stats    ]   Finish Mark                       125 us
[3.799s][info][gc,stats    ]   Update Region States               36 us
[3.799s][info][gc,stats    ]   Choose Collection Set              56 us
[3.799s][info][gc,stats    ]   Rebuild Free Set                   16 us
[3.799s][info][gc,stats    ] Concurrent Thread Roots              97 us, parallelism: 1.10x
[3.799s][info][gc,stats    ]   CTR: <total>                      107 us
[3.799s][info][gc,stats    ]   CTR: Thread Roots                 107 us, workers (us):  53,  54, ---, ---, ---, ---, ---, ---, 
[3.799s][info][gc,stats    ] Concurrent Weak References          127 us, parallelism: 0.53x
[3.799s][info][gc,stats    ]   CWRF: <total>                      67 us
[3.799s][info][gc,stats    ]   CWRF: Weak References              67 us, workers (us):  66,   1, ---, ---, ---, ---, ---, ---, 
[3.799s][info][gc,stats    ] Concurrent Weak Roots               760 us
[3.799s][info][gc,stats    ]   Roots                             700 us, parallelism: 1.75x
[3.799s][info][gc,stats    ]     CWR: <total>                   1224 us
[3.799s][info][gc,stats    ]     CWR: Code Cache Roots           633 us, workers (us): 353, 280, ---, ---, ---, ---, ---, ---, 
[3.799s][info][gc,stats    ]     CWR: VM Weak Roots              580 us, workers (us): 310, 270, ---, ---, ---, ---, ---, ---, 
[3.799s][info][gc,stats    ]     CWR: CLDG Roots                  11 us, workers (us): ---,  11, ---, ---, ---, ---, ---, ---, 
[3.799s][info][gc,stats    ]   Rendezvous                         21 us
[3.799s][info][gc,stats    ] Concurrent Cleanup                  118 us
[3.799s][info][gc,stats    ] Concurrent Class Unloading         9054 us
[3.799s][info][gc,stats    ]   Unlink Stale                     1344 us
[3.799s][info][gc,stats    ]     System Dictionary                32 us
[3.799s][info][gc,stats    ]     Weak Class Links                  0 us
[3.799s][info][gc,stats    ]     Code Roots                     1311 us
[3.799s][info][gc,stats    ]   Rendezvous                       7497 us
[3.799s][info][gc,stats    ]   Purge Unlinked                    176 us
[3.799s][info][gc,stats    ]     Code Roots                      173 us
[3.799s][info][gc,stats    ]     CLDG                              4 us
[3.799s][info][gc,stats    ]     Exception Caches                  0 us
[3.799s][info][gc,stats    ] Concurrent Strong Roots             337 us, parallelism: 0.83x
[3.799s][info][gc,stats    ]   CSR: <total>                      280 us
[3.799s][info][gc,stats    ]   CSR: VM Strong Roots               11 us, workers (us):  11,   0, ---, ---, ---, ---, ---, ---, 
[3.799s][info][gc,stats    ]   CSR: CLDG Roots                   268 us, workers (us): 268, ---, ---, ---, ---, ---, ---, ---, 
[3.799s][info][gc,stats    ] Concurrent Evacuation             63907 us
[3.799s][info][gc,stats    ] Pause Init Update Refs (G)          146 us
[3.799s][info][gc,stats    ] Pause Init Update Refs (N)           39 us
[3.799s][info][gc,stats    ]   Manage GCLABs                       5 us
[3.799s][info][gc,stats    ] Concurrent Update Refs            22846 us
[3.799s][info][gc,stats    ] Concurrent Update Thread Roots    10746 us
[3.799s][info][gc,stats    ] Pause Final Update Refs (G)         247 us
[3.799s][info][gc,stats    ] Pause Final Update Refs (N)         111 us
[3.799s][info][gc,stats    ]   Update Region States               45 us
[3.799s][info][gc,stats    ]   Trash Collection Set                4 us
[3.799s][info][gc,stats    ]   Rebuild Free Set                   23 us
[3.799s][info][gc,stats    ] Concurrent Cleanup                   99 us
[3.799s][info][gc,stats    ] 
[3.799s][info][gc,stats    ] Allocation pacing accrued:
[3.799s][info][gc,stats    ]       0 of   153 ms (  0.0%): <total>
[3.799s][info][gc,stats    ]       0 of   153 ms (  0.0%): <average total>
[3.799s][info][gc,stats    ] 
[3.799s][info][gc,metaspace] Metaspace: 16080K(16320K)->16642K(16960K) NonClass: 14324K(14464K)->14815K(14976K) Class: 1755K(1856K)->1827K(1984K)
[3.799s][info][gc,ergo     ] Pacer for Idle. Initial: 40642K, Alloc Tax Rate: 1.0x
[3.801s][info][gc          ] Trigger: Start next cycle immediately
[3.801s][info][gc,ergo     ] Free: 1822M, Max: 512K regular, 1822M humongous, Frag: 0% external, 0% internal; Reserve: 101888K, Max: 512K
[3.801s][info][gc,start    ] GC(166) Concurrent reset
[3.801s][info][gc,task     ] GC(166) Using 2 of 8 workers for concurrent reset
[3.801s][info][gc,ergo     ] GC(166) Pacer for Reset. Non-Taxable: 1984M
[3.801s][info][gc          ] GC(166) Concurrent reset 0.481ms
[3.801s][info][gc,start    ] GC(166) Pause Init Mark (unload classes)
[3.801s][info][gc,task     ] GC(166) Using 8 of 8 workers for init marking
[3.801s][info][gc,ergo     ] GC(166) Pacer for Mark. Expected Live: 32001K, Free: 1822M, Non-Taxable: 182M, Alloc Tax Rate: 0.0x
[3.801s][info][gc          ] GC(166) Pause Init Mark (unload classes) 0.073ms
[3.801s][info][gc,start    ] GC(166) Concurrent marking roots
[3.801s][info][gc,task     ] GC(166) Using 2 of 8 workers for concurrent marking roots
[3.802s][info][gc          ] GC(166) Concurrent marking roots 0.263ms
[3.802s][info][gc,start    ] GC(166) Concurrent marking (unload classes)
[3.802s][info][gc,task     ] GC(166) Using 2 of 8 workers for concurrent marking
[3.857s][info][gc          ] GC(166) Concurrent marking (unload classes) 55.330ms
[3.857s][info][gc,start    ] GC(166) Pause Final Mark (unload classes)
[3.857s][info][gc,task     ] GC(166) Using 8 of 8 workers for final marking
[3.857s][info][gc,ergo     ] GC(166) Collectable Garbage: 6012K (100%), Immediate: 0B (0%), CSet: 6012K (100%)
[3.857s][info][gc,ergo     ] GC(166) Pacer for Evacuation. Used CSet: 58880K, Free: 1820M, Non-Taxable: 182M, Alloc Tax Rate: 1.1x
[3.857s][info][gc          ] GC(166) Pause Final Mark (unload classes) 0.414ms
[3.857s][info][gc,start    ] GC(166) Concurrent thread roots
[3.857s][info][gc,task     ] GC(166) Using 2 of 8 workers for Concurrent thread roots
[3.858s][info][gc          ] GC(166) Concurrent thread roots 0.171ms
[3.858s][info][gc,start    ] GC(166) Concurrent weak references
[3.858s][info][gc,task     ] GC(166) Using 2 of 8 workers for concurrent weak references
[3.858s][info][gc,ref      ] GC(166) Encountered references: Soft: 3879, Weak: 1554, Final: 4, Phantom: 601
[3.858s][info][gc,ref      ] GC(166) Discovered  references: Soft: 0, Weak: 535, Final: 1, Phantom: 267
[3.858s][info][gc,ref      ] GC(166) Enqueued    references: Soft: 0, Weak: 79, Final: 0, Phantom: 12
[3.858s][info][gc          ] GC(166) Concurrent weak references 0.148ms
[3.858s][info][gc,start    ] GC(166) Concurrent weak roots
[3.858s][info][gc,task     ] GC(166) Using 2 of 8 workers for concurrent weak root
[3.859s][info][gc          ] GC(166) Concurrent weak roots 1.453ms
[3.859s][info][gc,start    ] GC(166) Concurrent cleanup
[3.859s][info][gc          ] GC(166) Concurrent cleanup 63M->63M(225M) 0.119ms
[3.859s][info][gc,ergo     ] GC(166) Free: 1820M, Max: 512K regular, 1820M humongous, Frag: 0% external, 0% internal; Reserve: 101373K, Max: 512K
[3.859s][info][gc,start    ] GC(166) Concurrent class unloading
[3.859s][info][gc,task     ] GC(166) Using 2 of 8 workers for concurrent class unloading
[3.861s][info][gc          ] GC(166) Concurrent class unloading 1.468ms
[3.861s][info][gc,start    ] GC(166) Concurrent strong roots
[3.861s][info][gc,task     ] GC(166) Using 2 of 8 workers for concurrent strong root
[3.861s][info][gc          ] GC(166) Concurrent strong roots 0.387ms
[3.861s][info][gc,start    ] GC(166) Concurrent evacuation
[3.861s][info][gc,task     ] GC(166) Using 2 of 8 workers for concurrent evacuation
[3.891s][info][gc          ] GC(166) Concurrent evacuation 29.449ms
[3.891s][info][gc,start    ] GC(166) Pause Init Update Refs
[3.891s][info][gc,ergo     ] GC(166) Pacer for Update Refs. Used: 118M, Free: 1816M, Non-Taxable: 181M, Alloc Tax Rate: 1.1x
[3.891s][info][gc          ] GC(166) Pause Init Update Refs 0.033ms
[3.891s][info][gc,start    ] GC(166) Concurrent update references
[3.891s][info][gc,task     ] GC(166) Using 2 of 8 workers for concurrent reference update
[3.939s][info][gc          ] GC(166) Concurrent update references 47.870ms
[3.939s][info][gc,start    ] GC(166) Concurrent update thread roots
[3.945s][info][gc          ] GC(166) Concurrent update thread roots 5.575ms
[3.945s][info][gc,start    ] GC(166) Pause Final Update Refs
[3.945s][info][gc,task     ] GC(166) Using 8 of 8 workers for final reference update
[3.945s][info][gc          ] GC(166) Pause Final Update Refs 0.122ms
[3.945s][info][gc,start    ] GC(166) Concurrent cleanup
[3.945s][info][gc          ] GC(166) Concurrent cleanup 124M->67M(231M) 0.132ms
[3.945s][info][gc,ergo     ] Free: 1815M, Max: 512K regular, 1811M humongous, Frag: 1% external, 0% internal; Reserve: 101888K, Max: 512K
[3.945s][info][gc,stats    ] 
[3.945s][info][gc,stats    ] All times are wall-clock times, except per-root-class counters, that are sum over
[3.945s][info][gc,stats    ] all workers. Dividing the <total> over the root stage time estimates parallelism.
[3.945s][info][gc,stats    ] 
[3.945s][info][gc,stats    ] Concurrent Reset                    497 us
[3.945s][info][gc,stats    ] Pause Init Mark (G)                 178 us
[3.945s][info][gc,stats    ] Pause Init Mark (N)                  82 us
[3.945s][info][gc,stats    ]   Update Region States               19 us
[3.945s][info][gc,stats    ] Concurrent Mark Roots               279 us, parallelism: 1.15x
[3.945s][info][gc,stats    ]   CMR: <total>                      321 us
[3.945s][info][gc,stats    ]   CMR: Thread Roots                 232 us, workers (us):  63, 170, ---, ---, ---, ---, ---, ---, 
[3.945s][info][gc,stats    ]   CMR: VM Strong Roots               15 us, workers (us):  15,   1, ---, ---, ---, ---, ---, ---, 
[3.945s][info][gc,stats    ]   CMR: CLDG Roots                    73 us, workers (us):  73, ---, ---, ---, ---, ---, ---, ---, 
[3.945s][info][gc,stats    ] Concurrent Marking                55359 us
[3.945s][info][gc,stats    ] Pause Final Mark (G)                523 us
[3.945s][info][gc,stats    ] Pause Final Mark (N)                423 us
[3.945s][info][gc,stats    ]   Finish Mark                       261 us
[3.945s][info][gc,stats    ]   Update Region States               41 us
[3.945s][info][gc,stats    ]   Choose Collection Set              52 us
[3.945s][info][gc,stats    ]   Rebuild Free Set                   15 us
[3.945s][info][gc,stats    ] Concurrent Thread Roots             182 us, parallelism: 0.60x
[3.945s][info][gc,stats    ]   CTR: <total>                      110 us
[3.946s][info][gc,stats    ]   CTR: Thread Roots                 110 us, workers (us): 109,   0, ---, ---, ---, ---, ---, ---, 
[3.946s][info][gc,stats    ] Concurrent Weak References          156 us, parallelism: 0.73x
[3.946s][info][gc,stats    ]   CWRF: <total>                     114 us
[3.946s][info][gc,stats    ]   CWRF: Weak References             114 us, workers (us):  71,  43, ---, ---, ---, ---, ---, ---, 
[3.946s][info][gc,stats    ] Concurrent Weak Roots              1476 us
[3.946s][info][gc,stats    ]   Roots                            1331 us, parallelism: 0.95x
[3.946s][info][gc,stats    ]     CWR: <total>                   1266 us
[3.946s][info][gc,stats    ]     CWR: Code Cache Roots           632 us, workers (us): 632,   0, ---, ---, ---, ---, ---, ---, 
[3.946s][info][gc,stats    ]     CWR: VM Weak Roots              620 us, workers (us): 619,   1, ---, ---, ---, ---, ---, ---, 
[3.946s][info][gc,stats    ]     CWR: CLDG Roots                  15 us, workers (us):  15, ---, ---, ---, ---, ---, ---, ---, 
[3.946s][info][gc,stats    ]   Rendezvous                        105 us
[3.946s][info][gc,stats    ] Concurrent Cleanup                  128 us
[3.946s][info][gc,stats    ] Concurrent Class Unloading         1483 us
[3.946s][info][gc,stats    ]   Unlink Stale                     1205 us
[3.946s][info][gc,stats    ]     System Dictionary                34 us
[3.946s][info][gc,stats    ]     Weak Class Links                  0 us
[3.946s][info][gc,stats    ]     Code Roots                     1170 us
[3.946s][info][gc,stats    ]   Rendezvous                         99 us
[3.946s][info][gc,stats    ]   Purge Unlinked                    146 us
[3.946s][info][gc,stats    ]     Code Roots                      142 us
[3.946s][info][gc,stats    ]     CLDG                              3 us
[3.946s][info][gc,stats    ]     Exception Caches                  0 us
[3.946s][info][gc,stats    ] Concurrent Strong Roots             407 us, parallelism: 0.84x
[3.946s][info][gc,stats    ]   CSR: <total>                      343 us
[3.946s][info][gc,stats    ]   CSR: VM Strong Roots               12 us, workers (us):   7,   5, ---, ---, ---, ---, ---, ---, 
[3.946s][info][gc,stats    ]   CSR: CLDG Roots                   331 us, workers (us): 331, ---, ---, ---, ---, ---, ---, ---, 
[3.946s][info][gc,stats    ] Concurrent Evacuation             29477 us
[3.946s][info][gc,stats    ] Pause Init Update Refs (G)          220 us
[3.946s][info][gc,stats    ] Pause Init Update Refs (N)           39 us
[3.946s][info][gc,stats    ]   Manage GCLABs                       5 us
[3.946s][info][gc,stats    ] Concurrent Update Refs            47901 us
[3.946s][info][gc,stats    ] Concurrent Update Thread Roots     5603 us
[3.946s][info][gc,stats    ] Pause Final Update Refs (G)         449 us
[3.946s][info][gc,stats    ] Pause Final Update Refs (N)         136 us
[3.946s][info][gc,stats    ]   Update Region States               43 us
[3.946s][info][gc,stats    ]   Trash Collection Set                5 us
[3.946s][info][gc,stats    ]   Rebuild Free Set                   37 us
[3.946s][info][gc,stats    ] Concurrent Cleanup                  146 us
[3.946s][info][gc,stats    ] 
[3.946s][info][gc,stats    ] Allocation pacing accrued:
[3.946s][info][gc,stats    ]       0 of   147 ms (  0.0%): <total>
[3.946s][info][gc,stats    ]       0 of   147 ms (  0.0%): <average total>
[3.946s][info][gc,stats    ] 
[3.946s][info][gc,metaspace] Metaspace: 16656K(16960K)->17030K(17344K) NonClass: 14827K(14976K)->15151K(15360K) Class: 1829K(1984K)->1879K(1984K)
[3.946s][info][gc,ergo     ] Pacer for Idle. Initial: 40642K, Alloc Tax Rate: 1.0x
[3.947s][info][gc          ] Trigger: Start next cycle immediately
[3.947s][info][gc,ergo     ] Free: 1815M, Max: 512K regular, 1811M humongous, Frag: 1% external, 0% internal; Reserve: 101888K, Max: 512K
[3.947s][info][gc,start    ] GC(167) Concurrent reset
[3.947s][info][gc,task     ] GC(167) Using 2 of 8 workers for concurrent reset
[3.947s][info][gc,ergo     ] GC(167) Pacer for Reset. Non-Taxable: 1984M
[3.948s][info][gc          ] GC(167) Concurrent reset 0.497ms
[3.948s][info][gc,start    ] GC(167) Pause Init Mark (unload classes)
[3.948s][info][gc,task     ] GC(167) Using 8 of 8 workers for init marking
[3.948s][info][gc,ergo     ] GC(167) Pacer for Mark. Expected Live: 40480K, Free: 1815M, Non-Taxable: 181M, Alloc Tax Rate: 0.0x
[3.948s][info][gc          ] GC(167) Pause Init Mark (unload classes) 0.063ms
[3.948s][info][gc,start    ] GC(167) Concurrent marking roots
[3.948s][info][gc,task     ] GC(167) Using 2 of 8 workers for concurrent marking roots
[3.948s][info][gc          ] GC(167) Concurrent marking roots 0.267ms
[3.948s][info][gc,start    ] GC(167) Concurrent marking (unload classes)
[3.948s][info][gc,task     ] GC(167) Using 2 of 8 workers for concurrent marking
[3.984s][info][gc          ] GC(167) Concurrent marking (unload classes) 35.441ms
[3.984s][info][gc,start    ] GC(167) Pause Final Mark (unload classes)
[3.984s][info][gc,task     ] GC(167) Using 8 of 8 workers for final marking
[3.984s][info][gc,ergo     ] GC(167) Collectable Garbage: 3827K (100%), Immediate: 512K (13%), CSet: 3315K (86%)
[3.984s][info][gc,ergo     ] GC(167) Pacer for Evacuation. Used CSet: 62464K, Free: 1814M, Non-Taxable: 181M, Alloc Tax Rate: 1.1x
[3.984s][info][gc          ] GC(167) Pause Final Mark (unload classes) 0.289ms
[3.984s][info][gc,start    ] GC(167) Concurrent thread roots
[3.984s][info][gc,task     ] GC(167) Using 2 of 8 workers for Concurrent thread roots
[3.984s][info][gc          ] GC(167) Concurrent thread roots 0.096ms
[3.984s][info][gc,start    ] GC(167) Concurrent weak references
[3.984s][info][gc,task     ] GC(167) Using 2 of 8 workers for concurrent weak references
[3.984s][info][gc,ref      ] GC(167) Encountered references: Soft: 3925, Weak: 1582, Final: 4, Phantom: 592
[3.984s][info][gc,ref      ] GC(167) Discovered  references: Soft: 0, Weak: 544, Final: 0, Phantom: 204
[3.984s][info][gc,ref      ] GC(167) Enqueued    references: Soft: 0, Weak: 33, Final: 0, Phantom: 2
[3.984s][info][gc          ] GC(167) Concurrent weak references 0.126ms
[3.984s][info][gc,start    ] GC(167) Concurrent weak roots
[3.984s][info][gc,task     ] GC(167) Using 2 of 8 workers for concurrent weak root
[3.986s][info][gc          ] GC(167) Concurrent weak roots 1.408ms
[3.986s][info][gc,start    ] GC(167) Concurrent cleanup
[3.986s][info][gc          ] GC(167) Concurrent cleanup 70M->70M(231M) 0.115ms
[3.986s][info][gc,ergo     ] GC(167) Free: 1813M, Max: 512K regular, 1811M humongous, Frag: 1% external, 0% internal; Reserve: 100349K, Max: 512K
[3.986s][info][gc,start    ] GC(167) Concurrent class unloading
[3.986s][info][gc,task     ] GC(167) Using 2 of 8 workers for concurrent class unloading
[3.988s][info][gc          ] GC(167) Concurrent class unloading 2.372ms
[3.988s][info][gc,start    ] GC(167) Concurrent strong roots
[3.988s][info][gc,task     ] GC(167) Using 2 of 8 workers for concurrent strong root
[3.989s][info][gc          ] GC(167) Concurrent strong roots 0.349ms
[3.989s][info][gc,start    ] GC(167) Concurrent evacuation
[3.989s][info][gc,task     ] GC(167) Using 2 of 8 workers for concurrent evacuation
[4.037s][info][gc          ] GC(167) Concurrent evacuation 48.214ms
[4.037s][info][gc,start    ] GC(167) Pause Init Update Refs
[4.037s][info][gc,ergo     ] GC(167) Pacer for Update Refs. Used: 130M, Free: 1811M, Non-Taxable: 181M, Alloc Tax Rate: 1.1x
[4.037s][info][gc          ] GC(167) Pause Init Update Refs 0.030ms
[4.037s][info][gc,start    ] GC(167) Concurrent update references
[4.037s][info][gc,task     ] GC(167) Using 2 of 8 workers for concurrent reference update
[4.102s][info][gc          ] GC(167) Concurrent update references 65.211ms
[4.102s][info][gc,start    ] GC(167) Concurrent update thread roots
[4.102s][info][gc          ] GC(167) Concurrent update thread roots 0.138ms
[4.102s][info][gc,start    ] GC(167) Pause Final Update Refs
[4.102s][info][gc,task     ] GC(167) Using 8 of 8 workers for final reference update
[4.103s][info][gc          ] GC(167) Pause Final Update Refs 0.122ms
[4.103s][info][gc,start    ] GC(167) Concurrent cleanup
[4.103s][info][gc          ] GC(167) Concurrent cleanup 136M->75M(237M) 0.063ms
[4.103s][info][gc,ergo     ] Free: 1807M, Max: 512K regular, 1799M humongous, Frag: 1% external, 0% internal; Reserve: 101888K, Max: 512K
[4.103s][info][gc,stats    ] 
[4.103s][info][gc,stats    ] All times are wall-clock times, except per-root-class counters, that are sum over
[4.103s][info][gc,stats    ] all workers. Dividing the <total> over the root stage time estimates parallelism.
[4.103s][info][gc,stats    ] 
[4.103s][info][gc,stats    ] Concurrent Reset                    519 us
[4.103s][info][gc,stats    ] Pause Init Mark (G)                 178 us
[4.103s][info][gc,stats    ] Pause Init Mark (N)                  74 us
[4.103s][info][gc,stats    ]   Update Region States               17 us
[4.103s][info][gc,stats    ] Concurrent Mark Roots               282 us, parallelism: 1.25x
[4.103s][info][gc,stats    ]   CMR: <total>                      352 us
[4.103s][info][gc,stats    ]   CMR: Thread Roots                 242 us, workers (us):  69, 173, ---, ---, ---, ---, ---, ---, 
[4.103s][info][gc,stats    ]   CMR: VM Strong Roots                8 us, workers (us):   7,   1, ---, ---, ---, ---, ---, ---, 
[4.103s][info][gc,stats    ]   CMR: CLDG Roots                   102 us, workers (us): 102, ---, ---, ---, ---, ---, ---, ---, 
[4.103s][info][gc,stats    ] Concurrent Marking                35466 us
[4.103s][info][gc,stats    ] Pause Final Mark (G)                332 us
[4.103s][info][gc,stats    ] Pause Final Mark (N)                298 us
[4.103s][info][gc,stats    ]   Finish Mark                       153 us
[4.103s][info][gc,stats    ]   Update Region States               37 us
[4.103s][info][gc,stats    ]   Choose Collection Set              49 us
[4.103s][info][gc,stats    ]   Rebuild Free Set                   16 us
[4.103s][info][gc,stats    ] Concurrent Thread Roots             119 us, parallelism: 0.89x
[4.103s][info][gc,stats    ]   CTR: <total>                      106 us
[4.103s][info][gc,stats    ]   CTR: Thread Roots                 106 us, workers (us):  57,  49, ---, ---, ---, ---, ---, ---, 
[4.103s][info][gc,stats    ] Concurrent Weak References          134 us, parallelism: 0.62x
[4.103s][info][gc,stats    ]   CWRF: <total>                      83 us
[4.103s][info][gc,stats    ]   CWRF: Weak References              83 us, workers (us):  64,  20, ---, ---, ---, ---, ---, ---, 
[4.103s][info][gc,stats    ] Concurrent Weak Roots              1430 us
[4.103s][info][gc,stats    ]   Roots                            1371 us, parallelism: 0.91x
[4.103s][info][gc,stats    ]     CWR: <total>                   1248 us
[4.103s][info][gc,stats    ]     CWR: Code Cache Roots           647 us, workers (us): 647,   0, ---, ---, ---, ---, ---, ---, 
[4.103s][info][gc,stats    ]     CWR: VM Weak Roots              585 us, workers (us): 584,   0, ---, ---, ---, ---, ---, ---, 
[4.103s][info][gc,stats    ]     CWR: CLDG Roots                  16 us, workers (us):  16, ---, ---, ---, ---, ---, ---, ---, 
[4.103s][info][gc,stats    ]   Rendezvous                         21 us
[4.103s][info][gc,stats    ] Concurrent Cleanup                  123 us
[4.103s][info][gc,stats    ] Concurrent Class Unloading         2387 us
[4.103s][info][gc,stats    ]   Unlink Stale                     2216 us
[4.103s][info][gc,stats    ]     System Dictionary                33 us
[4.103s][info][gc,stats    ]     Weak Class Links                  0 us
[4.103s][info][gc,stats    ]     Code Roots                     2182 us
[4.103s][info][gc,stats    ]   Rendezvous                         29 us
[4.103s][info][gc,stats    ]   Purge Unlinked                    109 us
[4.103s][info][gc,stats    ]     Code Roots                      106 us
[4.103s][info][gc,stats    ]     CLDG                              3 us
[4.103s][info][gc,stats    ]     Exception Caches                  0 us
[4.103s][info][gc,stats    ] Concurrent Strong Roots             359 us, parallelism: 0.86x
[4.103s][info][gc,stats    ]   CSR: <total>                      310 us
[4.103s][info][gc,stats    ]   CSR: VM Strong Roots               22 us, workers (us):  15,   7, ---, ---, ---, ---, ---, ---, 
[4.103s][info][gc,stats    ]   CSR: CLDG Roots                   288 us, workers (us): ---, 288, ---, ---, ---, ---, ---, ---, 
[4.103s][info][gc,stats    ] Concurrent Evacuation             48245 us
[4.103s][info][gc,stats    ] Pause Init Update Refs (G)          146 us
[4.103s][info][gc,stats    ] Pause Init Update Refs (N)           38 us
[4.103s][info][gc,stats    ]   Manage GCLABs                       5 us
[4.103s][info][gc,stats    ] Concurrent Update Refs            65242 us
[4.103s][info][gc,stats    ] Concurrent Update Thread Roots      150 us
[4.103s][info][gc,stats    ] Pause Final Update Refs (G)         226 us
[4.103s][info][gc,stats    ] Pause Final Update Refs (N)         132 us
[4.103s][info][gc,stats    ]   Update Region States               75 us
[4.103s][info][gc,stats    ]   Trash Collection Set                3 us
[4.103s][info][gc,stats    ]   Rebuild Free Set                   20 us
[4.103s][info][gc,stats    ] Concurrent Cleanup                   72 us
[4.103s][info][gc,stats    ] 
[4.103s][info][gc,stats    ] Allocation pacing accrued:
[4.103s][info][gc,stats    ]       0 of   157 ms (  0.0%): <total>
[4.103s][info][gc,stats    ]       0 of   157 ms (  0.0%): <average total>
[4.103s][info][gc,stats    ] 
[4.103s][info][gc,metaspace] Metaspace: 17033K(17344K)->19102K(19392K) NonClass: 15153K(15360K)->17031K(17216K) Class: 1879K(1984K)->2071K(2176K)
[4.103s][info][gc,ergo     ] Pacer for Idle. Initial: 40642K, Alloc Tax Rate: 1.0x
[4.104s][info][gc          ] Trigger: Start next cycle immediately
[4.104s][info][gc,ergo     ] Free: 1807M, Max: 512K regular, 1799M humongous, Frag: 1% external, 0% internal; Reserve: 101888K, Max: 512K
[4.104s][info][gc,start    ] GC(168) Concurrent reset
[4.104s][info][gc,task     ] GC(168) Using 2 of 8 workers for concurrent reset
[4.104s][info][gc,ergo     ] GC(168) Pacer for Reset. Non-Taxable: 1984M
[4.105s][info][gc          ] GC(168) Concurrent reset 0.613ms
[4.105s][info][gc,start    ] GC(168) Pause Init Mark (unload classes)
[4.105s][info][gc,task     ] GC(168) Using 8 of 8 workers for init marking
[4.105s][info][gc,ergo     ] GC(168) Pacer for Mark. Expected Live: 50420K, Free: 1807M, Non-Taxable: 180M, Alloc Tax Rate: 0.0x
[4.105s][info][gc          ] GC(168) Pause Init Mark (unload classes) 0.059ms
[4.105s][info][gc,start    ] GC(168) Concurrent marking roots
[4.105s][info][gc,task     ] GC(168) Using 2 of 8 workers for concurrent marking roots
[4.106s][info][gc          ] GC(168) Concurrent marking roots 0.285ms
[4.106s][info][gc,start    ] GC(168) Concurrent marking (unload classes)
[4.106s][info][gc,task     ] GC(168) Using 2 of 8 workers for concurrent marking
[4.156s][info][gc          ] GC(168) Concurrent marking (unload classes) 50.602ms
[4.156s][info][gc,start    ] GC(168) Pause Final Mark (unload classes)
[4.156s][info][gc,task     ] GC(168) Using 8 of 8 workers for final marking
[4.159s][info][gc,ergo     ] GC(168) Collectable Garbage: 11800K (100%), Immediate: 1022K (8%), CSet: 10777K (91%)
[4.160s][info][gc,ergo     ] GC(168) Pacer for Evacuation. Used CSet: 70108K, Free: 1802M, Non-Taxable: 180M, Alloc Tax Rate: 1.1x
[4.160s][info][gc          ] GC(168) Pause Final Mark (unload classes) 3.098ms
[4.160s][info][gc,start    ] GC(168) Concurrent thread roots
[4.160s][info][gc,task     ] GC(168) Using 2 of 8 workers for Concurrent thread roots
[4.161s][info][gc          ] GC(168) Concurrent thread roots 0.476ms
[4.161s][info][gc,start    ] GC(168) Concurrent weak references
[4.161s][info][gc,task     ] GC(168) Using 2 of 8 workers for concurrent weak references
[4.166s][info][gc,ref      ] GC(168) Encountered references: Soft: 3942, Weak: 1591, Final: 4, Phantom: 591
[4.166s][info][gc,ref      ] GC(168) Discovered  references: Soft: 0, Weak: 326, Final: 0, Phantom: 257
[4.166s][info][gc,ref      ] GC(168) Enqueued    references: Soft: 0, Weak: 7, Final: 0, Phantom: 1
[4.166s][info][gc          ] GC(168) Concurrent weak references 5.482ms
[4.166s][info][gc,start    ] GC(168) Concurrent weak roots
[4.166s][info][gc,task     ] GC(168) Using 2 of 8 workers for concurrent weak root
[4.168s][info][gc          ] GC(168) Concurrent weak roots 1.541ms
[4.168s][info][gc,start    ] GC(168) Concurrent cleanup
[4.168s][info][gc          ] GC(168) Concurrent cleanup 83M->82M(237M) 0.133ms
[4.168s][info][gc,ergo     ] GC(168) Free: 1801M, Max: 512K regular, 1799M humongous, Frag: 1% external, 0% internal; Reserve: 99837K, Max: 512K
[4.168s][info][gc,start    ] GC(168) Concurrent class unloading
[4.168s][info][gc,task     ] GC(168) Using 2 of 8 workers for concurrent class unloading
[4.171s][info][gc          ] GC(168) Concurrent class unloading 2.644ms
[4.171s][info][gc,start    ] GC(168) Concurrent strong roots
[4.171s][info][gc,task     ] GC(168) Using 2 of 8 workers for concurrent strong root
[4.171s][info][gc          ] GC(168) Concurrent strong roots 0.417ms
[4.171s][info][gc,start    ] GC(168) Concurrent evacuation
[4.171s][info][gc,task     ] GC(168) Using 2 of 8 workers for concurrent evacuation
[4.209s][info][gc          ] GC(168) Concurrent evacuation 37.955ms
[4.209s][info][gc,start    ] GC(168) Pause Init Update Refs
[4.209s][info][gc,ergo     ] GC(168) Pacer for Update Refs. Used: 142M, Free: 1799M, Non-Taxable: 179M, Alloc Tax Rate: 1.1x
[4.209s][info][gc          ] GC(168) Pause Init Update Refs 0.045ms
[4.209s][info][gc,start    ] GC(168) Concurrent update references
[4.209s][info][gc,task     ] GC(168) Using 2 of 8 workers for concurrent reference update
[4.260s][info][gc          ] GC(168) Concurrent update references 50.857ms
[4.260s][info][gc,start    ] GC(168) Concurrent update thread roots
[4.261s][info][gc          ] GC(168) Concurrent update thread roots 0.246ms
[4.261s][info][gc,start    ] GC(168) Pause Final Update Refs
[4.261s][info][gc,task     ] GC(168) Using 8 of 8 workers for final reference update
[4.261s][info][gc          ] GC(168) Pause Final Update Refs 0.101ms
[4.261s][info][gc,start    ] GC(168) Concurrent cleanup
[4.261s][info][gc          ] GC(168) Concurrent cleanup 144M->76M(243M) 0.111ms
[4.261s][info][gc,ergo     ] Free: 1806M, Max: 512K regular, 1797M humongous, Frag: 1% external, 0% internal; Reserve: 101888K, Max: 512K
[4.261s][info][gc,stats    ] 
[4.261s][info][gc,stats    ] All times are wall-clock times, except per-root-class counters, that are sum over
[4.261s][info][gc,stats    ] all workers. Dividing the <total> over the root stage time estimates parallelism.
[4.261s][info][gc,stats    ] 
[4.261s][info][gc,stats    ] Concurrent Reset                    628 us
[4.261s][info][gc,stats    ] Pause Init Mark (G)                 287 us
[4.261s][info][gc,stats    ] Pause Init Mark (N)                  67 us
[4.261s][info][gc,stats    ]   Update Region States               23 us
[4.261s][info][gc,stats    ] Concurrent Mark Roots               297 us, parallelism: 0.69x
[4.261s][info][gc,stats    ]   CMR: <total>                      204 us
[4.261s][info][gc,stats    ]   CMR: Thread Roots                 104 us, workers (us): 104,   0, ---, ---, ---, ---, ---, ---, 
[4.261s][info][gc,stats    ]   CMR: VM Strong Roots                7 us, workers (us):   7,   0, ---, ---, ---, ---, ---, ---, 
[4.261s][info][gc,stats    ]   CMR: CLDG Roots                    93 us, workers (us):  93, ---, ---, ---, ---, ---, ---, ---, 
[4.262s][info][gc,stats    ] Concurrent Marking                50637 us
[4.262s][info][gc,stats    ] Pause Final Mark (G)               4021 us
[4.262s][info][gc,stats    ] Pause Final Mark (N)               3107 us
[4.262s][info][gc,stats    ]   Finish Mark                      2919 us
[4.262s][info][gc,stats    ]   Update Region States               40 us
[4.262s][info][gc,stats    ]   Choose Collection Set              68 us
[4.262s][info][gc,stats    ]   Rebuild Free Set                   22 us
[4.262s][info][gc,stats    ] Concurrent Thread Roots             498 us, parallelism: 0.32x
[4.262s][info][gc,stats    ]   CTR: <total>                      159 us
[4.262s][info][gc,stats    ]   CTR: Thread Roots                 159 us, workers (us): 159,   0, ---, ---, ---, ---, ---, ---, 
[4.262s][info][gc,stats    ] Concurrent Weak References         5491 us, parallelism: 0.01x
[4.262s][info][gc,stats    ]   CWRF: <total>                      79 us
[4.262s][info][gc,stats    ]   CWRF: Weak References              79 us, workers (us):  34,  45, ---, ---, ---, ---, ---, ---, 
[4.262s][info][gc,stats    ] Concurrent Weak Roots              1563 us
[4.262s][info][gc,stats    ]   Roots                            1434 us, parallelism: 0.96x
[4.262s][info][gc,stats    ]     CWR: <total>                   1378 us
[4.262s][info][gc,stats    ]     CWR: Code Cache Roots           677 us, workers (us): 677,   0, ---, ---, ---, ---, ---, ---, 
[4.262s][info][gc,stats    ]     CWR: VM Weak Roots              685 us, workers (us): 685,   0, ---, ---, ---, ---, ---, ---, 
[4.262s][info][gc,stats    ]     CWR: CLDG Roots                  15 us, workers (us):  15, ---, ---, ---, ---, ---, ---, ---, 
[4.262s][info][gc,stats    ]   Rendezvous                         86 us
[4.262s][info][gc,stats    ] Concurrent Cleanup                  147 us
[4.262s][info][gc,stats    ] Concurrent Class Unloading         2661 us
[4.262s][info][gc,stats    ]   Unlink Stale                     2357 us
[4.262s][info][gc,stats    ]     System Dictionary                45 us
[4.262s][info][gc,stats    ]     Weak Class Links                  0 us
[4.262s][info][gc,stats    ]     Code Roots                     2310 us
[4.262s][info][gc,stats    ]   Rendezvous                        106 us
[4.262s][info][gc,stats    ]   Purge Unlinked                    159 us
[4.262s][info][gc,stats    ]     Code Roots                      154 us
[4.262s][info][gc,stats    ]     CLDG                              5 us
[4.262s][info][gc,stats    ]     Exception Caches                  0 us
[4.262s][info][gc,stats    ] Concurrent Strong Roots             441 us, parallelism: 0.84x
[4.262s][info][gc,stats    ]   CSR: <total>                      371 us
[4.262s][info][gc,stats    ]   CSR: VM Strong Roots               11 us, workers (us):  11,   0, ---, ---, ---, ---, ---, ---, 
[4.262s][info][gc,stats    ]   CSR: CLDG Roots                   360 us, workers (us): 360, ---, ---, ---, ---, ---, ---, ---, 
[4.262s][info][gc,stats    ] Concurrent Evacuation             37993 us
[4.262s][info][gc,stats    ] Pause Init Update Refs (G)          183 us
[4.262s][info][gc,stats    ] Pause Init Update Refs (N)           54 us
[4.262s][info][gc,stats    ]   Manage GCLABs                       5 us
[4.262s][info][gc,stats    ] Concurrent Update Refs            51020 us
[4.262s][info][gc,stats    ] Concurrent Update Thread Roots      265 us
[4.262s][info][gc,stats    ] Pause Final Update Refs (G)         226 us
[4.262s][info][gc,stats    ] Pause Final Update Refs (N)         111 us
[4.262s][info][gc,stats    ]   Update Region States               41 us
[4.262s][info][gc,stats    ]   Trash Collection Set                3 us
[4.262s][info][gc,stats    ]   Rebuild Free Set                   19 us
[4.262s][info][gc,stats    ] Concurrent Cleanup                  227 us
[4.262s][info][gc,stats    ] 
[4.262s][info][gc,stats    ] Allocation pacing accrued:
[4.262s][info][gc,stats    ]       0 of   159 ms (  0.0%): <total>
[4.262s][info][gc,stats    ]       0 of   159 ms (  0.0%): <average total>
[4.262s][info][gc,stats    ] 
[4.262s][info][gc,metaspace] Metaspace: 19133K(19392K)->21644K(22016K) NonClass: 17057K(17216K)->19242K(19456K) Class: 2076K(2176K)->2402K(2560K)
[4.262s][info][gc,ergo     ] Pacer for Idle. Initial: 40642K, Alloc Tax Rate: 1.0x
[4.264s][info][gc          ] Trigger: Start next cycle immediately
[4.264s][info][gc,ergo     ] Free: 1806M, Max: 512K regular, 1797M humongous, Frag: 1% external, 0% internal; Reserve: 101888K, Max: 512K
[4.264s][info][gc,start    ] GC(169) Concurrent reset
[4.264s][info][gc,task     ] GC(169) Using 2 of 8 workers for concurrent reset
[4.264s][info][gc,ergo     ] GC(169) Pacer for Reset. Non-Taxable: 1984M
[4.266s][info][gc          ] GC(169) Concurrent reset 2.165ms
[4.266s][info][gc,start    ] GC(169) Pause Init Mark (unload classes)
[4.266s][info][gc,task     ] GC(169) Using 8 of 8 workers for init marking
[4.266s][info][gc,ergo     ] GC(169) Pacer for Mark. Expected Live: 58781K, Free: 1805M, Non-Taxable: 180M, Alloc Tax Rate: 0.0x
[4.266s][info][gc          ] GC(169) Pause Init Mark (unload classes) 0.066ms
[4.266s][info][gc,start    ] GC(169) Concurrent marking roots
[4.266s][info][gc,task     ] GC(169) Using 2 of 8 workers for concurrent marking roots
[4.266s][info][gc          ] GC(169) Concurrent marking roots 0.322ms
[4.266s][info][gc,start    ] GC(169) Concurrent marking (unload classes)
[4.266s][info][gc,task     ] GC(169) Using 2 of 8 workers for concurrent marking
[4.311s][info][gc          ] GC(169) Concurrent marking (unload classes) 44.283ms
[4.311s][info][gc,start    ] GC(169) Pause Final Mark (unload classes)
[4.311s][info][gc,task     ] GC(169) Using 8 of 8 workers for final marking
[4.311s][info][gc,ergo     ] GC(169) Collectable Garbage: 12830K (100%), Immediate: 512K (3%), CSet: 12318K (96%)
[4.311s][info][gc,ergo     ] GC(169) Pacer for Evacuation. Used CSet: 72158K, Free: 1803M, Non-Taxable: 180M, Alloc Tax Rate: 1.1x
[4.311s][info][gc          ] GC(169) Pause Final Mark (unload classes) 0.334ms
[4.311s][info][gc,start    ] GC(169) Concurrent thread roots
[4.311s][info][gc,task     ] GC(169) Using 2 of 8 workers for Concurrent thread roots
[4.311s][info][gc          ] GC(169) Concurrent thread roots 0.100ms
[4.311s][info][gc,start    ] GC(169) Concurrent weak references
[4.311s][info][gc,task     ] GC(169) Using 2 of 8 workers for concurrent weak references
[4.311s][info][gc,ref      ] GC(169) Encountered references: Soft: 3981, Weak: 1643, Final: 4, Phantom: 594
[4.311s][info][gc,ref      ] GC(169) Discovered  references: Soft: 0, Weak: 342, Final: 0, Phantom: 203
[4.311s][info][gc,ref      ] GC(169) Enqueued    references: Soft: 0, Weak: 20, Final: 0, Phantom: 1
[4.311s][info][gc          ] GC(169) Concurrent weak references 0.103ms
[4.311s][info][gc,start    ] GC(169) Concurrent weak roots
[4.311s][info][gc,task     ] GC(169) Using 2 of 8 workers for concurrent weak root
[4.312s][info][gc          ] GC(169) Concurrent weak roots 0.897ms
[4.312s][info][gc,start    ] GC(169) Concurrent cleanup
[4.312s][info][gc          ] GC(169) Concurrent cleanup 81M->81M(243M) 0.114ms
[4.313s][info][gc,ergo     ] GC(169) Free: 1802M, Max: 512K regular, 1797M humongous, Frag: 1% external, 0% internal; Reserve: 100420K, Max: 512K
[4.313s][info][gc,start    ] GC(169) Concurrent class unloading
[4.313s][info][gc,task     ] GC(169) Using 2 of 8 workers for concurrent class unloading
[4.314s][info][gc          ] GC(169) Concurrent class unloading 1.868ms
[4.314s][info][gc,start    ] GC(169) Concurrent strong roots
[4.314s][info][gc,task     ] GC(169) Using 2 of 8 workers for concurrent strong root
[4.315s][info][gc          ] GC(169) Concurrent strong roots 0.463ms
[4.315s][info][gc,start    ] GC(169) Concurrent evacuation
[4.315s][info][gc,task     ] GC(169) Using 2 of 8 workers for concurrent evacuation
[4.347s][info][gc          ] GC(169) Concurrent evacuation 31.798ms
[4.347s][info][gc,start    ] GC(169) Pause Init Update Refs
[4.347s][info][gc,ergo     ] GC(169) Pacer for Update Refs. Used: 143M, Free: 1799M, Non-Taxable: 179M, Alloc Tax Rate: 1.1x
[4.347s][info][gc          ] GC(169) Pause Init Update Refs 0.044ms
[4.347s][info][gc,start    ] GC(169) Concurrent update references
[4.347s][info][gc,task     ] GC(169) Using 2 of 8 workers for concurrent reference update
[4.394s][info][gc          ] GC(169) Concurrent update references 47.597ms
[4.394s][info][gc,start    ] GC(169) Concurrent update thread roots
[4.395s][info][gc          ] GC(169) Concurrent update thread roots 0.466ms
[4.395s][info][gc,start    ] GC(169) Pause Final Update Refs
[4.395s][info][gc,task     ] GC(169) Using 8 of 8 workers for final reference update
[4.395s][info][gc          ] GC(169) Pause Final Update Refs 0.106ms
[4.395s][info][gc,start    ] GC(169) Concurrent cleanup
[4.395s][info][gc          ] GC(169) Concurrent cleanup 146M->75M(244M) 0.108ms
[4.395s][info][gc,ergo     ] Free: 1806M, Max: 512K regular, 1795M humongous, Frag: 1% external, 0% internal; Reserve: 101888K, Max: 512K
[4.395s][info][gc,stats    ] 
[4.395s][info][gc,stats    ] All times are wall-clock times, except per-root-class counters, that are sum over
[4.395s][info][gc,stats    ] all workers. Dividing the <total> over the root stage time estimates parallelism.
[4.395s][info][gc,stats    ] 
[4.395s][info][gc,stats    ] Concurrent Reset                   2179 us
[4.395s][info][gc,stats    ] Pause Init Mark (G)                 199 us
[4.395s][info][gc,stats    ] Pause Init Mark (N)                  75 us
[4.395s][info][gc,stats    ]   Update Region States               18 us
[4.395s][info][gc,stats    ] Concurrent Mark Roots               336 us, parallelism: 0.73x
[4.395s][info][gc,stats    ]   CMR: <total>                      246 us
[4.395s][info][gc,stats    ]   CMR: Thread Roots                 162 us, workers (us): 162,   0, ---, ---, ---, ---, ---, ---, 
[4.395s][info][gc,stats    ]   CMR: VM Strong Roots                7 us, workers (us):   6,   0, ---, ---, ---, ---, ---, ---, 
[4.395s][info][gc,stats    ]   CMR: CLDG Roots                    77 us, workers (us):  77, ---, ---, ---, ---, ---, ---, ---, 
[4.395s][info][gc,stats    ] Concurrent Marking                44305 us
[4.395s][info][gc,stats    ] Pause Final Mark (G)                551 us
[4.395s][info][gc,stats    ] Pause Final Mark (N)                344 us
[4.395s][info][gc,stats    ]   Finish Mark                       182 us
[4.395s][info][gc,stats    ]   Update Region States               35 us
[4.395s][info][gc,stats    ]   Choose Collection Set              48 us
[4.395s][info][gc,stats    ]   Rebuild Free Set                   18 us
[4.395s][info][gc,stats    ] Concurrent Thread Roots             114 us, parallelism: 0.92x
[4.395s][info][gc,stats    ]   CTR: <total>                      105 us
[4.395s][info][gc,stats    ]   CTR: Thread Roots                 105 us, workers (us):  53,  53, ---, ---, ---, ---, ---, ---, 
[4.395s][info][gc,stats    ] Concurrent Weak References          112 us, parallelism: 0.57x
[4.395s][info][gc,stats    ]   CWRF: <total>                      64 us
[4.395s][info][gc,stats    ]   CWRF: Weak References              64 us, workers (us):  34,  30, ---, ---, ---, ---, ---, ---, 
[4.395s][info][gc,stats    ] Concurrent Weak Roots               921 us
[4.395s][info][gc,stats    ]   Roots                             846 us, parallelism: 1.78x
[4.396s][info][gc,stats    ]     CWR: <total>                   1509 us
[4.396s][info][gc,stats    ]     CWR: Code Cache Roots           718 us, workers (us): 348, 370, ---, ---, ---, ---, ---, ---, 
[4.396s][info][gc,stats    ]     CWR: VM Weak Roots              770 us, workers (us): 415, 355, ---, ---, ---, ---, ---, ---, 
[4.396s][info][gc,stats    ]     CWR: CLDG Roots                  20 us, workers (us): ---,  20, ---, ---, ---, ---, ---, ---, 
[4.396s][info][gc,stats    ]   Rendezvous                         29 us
[4.396s][info][gc,stats    ] Concurrent Cleanup                  126 us
[4.396s][info][gc,stats    ] Concurrent Class Unloading         1883 us
[4.396s][info][gc,stats    ]   Unlink Stale                     1350 us
[4.396s][info][gc,stats    ]     System Dictionary                46 us
[4.396s][info][gc,stats    ]     Weak Class Links                  0 us
[4.396s][info][gc,stats    ]     Code Roots                     1302 us
[4.396s][info][gc,stats    ]   Rendezvous                        306 us
[4.396s][info][gc,stats    ]   Purge Unlinked                    188 us
[4.396s][info][gc,stats    ]     Code Roots                      183 us
[4.396s][info][gc,stats    ]     CLDG                              4 us
[4.396s][info][gc,stats    ]     Exception Caches                  0 us
[4.396s][info][gc,stats    ] Concurrent Strong Roots             471 us, parallelism: 0.90x
[4.396s][info][gc,stats    ]   CSR: <total>                      422 us
[4.396s][info][gc,stats    ]   CSR: VM Strong Roots               12 us, workers (us):  12,   0, ---, ---, ---, ---, ---, ---, 
[4.396s][info][gc,stats    ]   CSR: CLDG Roots                   410 us, workers (us): ---, 410, ---, ---, ---, ---, ---, ---, 
[4.396s][info][gc,stats    ] Concurrent Evacuation             31826 us
[4.396s][info][gc,stats    ] Pause Init Update Refs (G)          101 us
[4.396s][info][gc,stats    ] Pause Init Update Refs (N)           53 us
[4.396s][info][gc,stats    ]   Manage GCLABs                       5 us
[4.396s][info][gc,stats    ] Concurrent Update Refs            47628 us
[4.396s][info][gc,stats    ] Concurrent Update Thread Roots      484 us
[4.396s][info][gc,stats    ] Pause Final Update Refs (G)         158 us
[4.396s][info][gc,stats    ] Pause Final Update Refs (N)         116 us
[4.396s][info][gc,stats    ]   Update Region States               42 us
[4.396s][info][gc,stats    ]   Trash Collection Set                4 us
[4.396s][info][gc,stats    ]   Rebuild Free Set                   18 us
[4.396s][info][gc,stats    ] Concurrent Cleanup                  118 us
[4.396s][info][gc,stats    ] 
[4.396s][info][gc,stats    ] Allocation pacing accrued:
[4.396s][info][gc,stats    ]       0 of   133 ms (  0.0%): <total>
[4.396s][info][gc,stats    ]       0 of   133 ms (  0.0%): <average total>
[4.396s][info][gc,stats    ] 
[4.396s][info][gc,metaspace] Metaspace: 21644K(22016K)->24397K(24768K) NonClass: 19242K(19456K)->21689K(21888K) Class: 2402K(2560K)->2708K(2880K)
[4.396s][info][gc,ergo     ] Pacer for Idle. Initial: 40642K, Alloc Tax Rate: 1.0x
[4.397s][info][gc          ] Trigger: Start next cycle immediately
[4.397s][info][gc,ergo     ] Free: 1806M, Max: 512K regular, 1795M humongous, Frag: 1% external, 0% internal; Reserve: 101888K, Max: 512K
[4.397s][info][gc,start    ] GC(170) Concurrent reset
[4.397s][info][gc,task     ] GC(170) Using 2 of 8 workers for concurrent reset
[4.397s][info][gc,ergo     ] GC(170) Pacer for Reset. Non-Taxable: 1984M
[4.397s][info][gc          ] GC(170) Concurrent reset 0.441ms
[4.398s][info][gc,start    ] GC(170) Pause Init Mark
[4.398s][info][gc,task     ] GC(170) Using 8 of 8 workers for init marking
[4.398s][info][gc,ergo     ] GC(170) Pacer for Mark. Expected Live: 61914K, Free: 1806M, Non-Taxable: 180M, Alloc Tax Rate: 0.0x
[4.398s][info][gc          ] GC(170) Pause Init Mark 0.071ms
[4.398s][info][gc,start    ] GC(170) Concurrent marking roots
[4.398s][info][gc,task     ] GC(170) Using 2 of 8 workers for concurrent marking roots
[4.399s][info][gc          ] GC(170) Concurrent marking roots 0.783ms
[4.399s][info][gc,start    ] GC(170) Concurrent marking
[4.399s][info][gc,task     ] GC(170) Using 2 of 8 workers for concurrent marking
[4.457s][info][gc          ] GC(170) Concurrent marking 57.512ms
[4.457s][info][gc,start    ] GC(170) Pause Final Mark
[4.457s][info][gc,task     ] GC(170) Using 8 of 8 workers for final marking
[4.457s][info][gc,ergo     ] GC(170) Collectable Garbage: 11502K (100%), Immediate: 512K (4%), CSet: 10990K (95%)
[4.457s][info][gc,ergo     ] GC(170) Pacer for Evacuation. Used CSet: 71120K, Free: 1805M, Non-Taxable: 180M, Alloc Tax Rate: 1.1x
[4.457s][info][gc          ] GC(170) Pause Final Mark 0.458ms
[4.457s][info][gc,start    ] GC(170) Concurrent thread roots
[4.457s][info][gc,task     ] GC(170) Using 2 of 8 workers for Concurrent thread roots
[4.457s][info][gc          ] GC(170) Concurrent thread roots 0.134ms
[4.457s][info][gc,start    ] GC(170) Concurrent weak references
[4.457s][info][gc,task     ] GC(170) Using 2 of 8 workers for concurrent weak references
[4.458s][info][gc,ref      ] GC(170) Encountered references: Soft: 4020, Weak: 1725, Final: 4, Phantom: 598
[4.458s][info][gc,ref      ] GC(170) Discovered  references: Soft: 0, Weak: 122, Final: 4, Phantom: 339
[4.458s][info][gc,ref      ] GC(170) Enqueued    references: Soft: 0, Weak: 27, Final: 0, Phantom: 8
[4.458s][info][gc          ] GC(170) Concurrent weak references 0.123ms
[4.458s][info][gc,start    ] GC(170) Concurrent weak roots
[4.458s][info][gc,task     ] GC(170) Using 2 of 8 workers for concurrent weak root
[4.458s][info][gc          ] GC(170) Concurrent weak roots 0.556ms
[4.458s][info][gc,start    ] GC(170) Concurrent cleanup
[4.458s][info][gc          ] GC(170) Concurrent cleanup 78M->78M(244M) 0.137ms
[4.458s][info][gc,ergo     ] GC(170) Free: 1805M, Max: 512K regular, 1795M humongous, Frag: 1% external, 0% internal; Reserve: 101115K, Max: 512K
[4.458s][info][gc,start    ] GC(170) Concurrent strong roots
[4.458s][info][gc,task     ] GC(170) Using 2 of 8 workers for concurrent strong root
[4.459s][info][gc          ] GC(170) Concurrent strong roots 0.979ms
[4.459s][info][gc,start    ] GC(170) Concurrent evacuation
[4.459s][info][gc,task     ] GC(170) Using 2 of 8 workers for concurrent evacuation
[4.476s][info][gc          ] GC(170) Concurrent evacuation 16.320ms
[4.476s][info][gc,start    ] GC(170) Pause Init Update Refs
[4.476s][info][gc,ergo     ] GC(170) Pacer for Update Refs. Used: 138M, Free: 1804M, Non-Taxable: 180M, Alloc Tax Rate: 1.1x
[4.476s][info][gc          ] GC(170) Pause Init Update Refs 0.036ms
[4.476s][info][gc,start    ] GC(170) Concurrent update references
[4.476s][info][gc,task     ] GC(170) Using 2 of 8 workers for concurrent reference update
[4.509s][info][gc          ] GC(170) Concurrent update references 32.622ms
[4.509s][info][gc,start    ] GC(170) Concurrent update thread roots
[4.509s][info][gc          ] GC(170) Concurrent update thread roots 0.202ms
[4.509s][info][gc,start    ] GC(170) Pause Final Update Refs
[4.509s][info][gc,task     ] GC(170) Using 8 of 8 workers for final reference update
[4.509s][info][gc          ] GC(170) Pause Final Update Refs 0.114ms
[4.509s][info][gc,start    ] GC(170) Concurrent cleanup
[4.509s][info][gc          ] GC(170) Concurrent cleanup 138M->68M(246M) 0.093ms
[4.509s][info][gc,ergo     ] Free: 1813M, Max: 512K regular, 1809M humongous, Frag: 1% external, 0% internal; Reserve: 101888K, Max: 512K
[4.509s][info][gc,stats    ] 
[4.509s][info][gc,stats    ] All times are wall-clock times, except per-root-class counters, that are sum over
[4.509s][info][gc,stats    ] all workers. Dividing the <total> over the root stage time estimates parallelism.
[4.509s][info][gc,stats    ] 
[4.509s][info][gc,stats    ] Concurrent Reset                    455 us
[4.509s][info][gc,stats    ] Pause Init Mark (G)                 953 us
[4.509s][info][gc,stats    ] Pause Init Mark (N)                  80 us
[4.509s][info][gc,stats    ]   Update Region States               21 us
[4.509s][info][gc,stats    ] Concurrent Mark Roots               805 us, parallelism: 1.72x
[4.509s][info][gc,stats    ]   CMR: <total>                     1384 us
[4.509s][info][gc,stats    ]   CMR: Thread Roots                 106 us, workers (us):  66,  40, ---, ---, ---, ---, ---, ---, 
[4.509s][info][gc,stats    ]   CMR: Code Cache Roots            1060 us, workers (us): 412, 648, ---, ---, ---, ---, ---, ---, 
[4.509s][info][gc,stats    ]   CMR: VM Strong Roots               10 us, workers (us):   5,   4, ---, ---, ---, ---, ---, ---, 
[4.509s][info][gc,stats    ]   CMR: CLDG Roots                   209 us, workers (us): 209, ---, ---, ---, ---, ---, ---, ---, 
[4.509s][info][gc,stats    ] Concurrent Marking                57546 us
[4.509s][info][gc,stats    ] Pause Final Mark (G)                501 us
[4.509s][info][gc,stats    ] Pause Final Mark (N)                467 us
[4.509s][info][gc,stats    ]   Finish Mark                       298 us
[4.509s][info][gc,stats    ]   Update Region States               38 us
[4.509s][info][gc,stats    ]   Choose Collection Set              51 us
[4.509s][info][gc,stats    ]   Rebuild Free Set                   17 us
[4.509s][info][gc,stats    ] Concurrent Thread Roots             143 us, parallelism: 1.09x
[4.509s][info][gc,stats    ]   CTR: <total>                      156 us
[4.509s][info][gc,stats    ]   CTR: Thread Roots                 156 us, workers (us):  71,  85, ---, ---, ---, ---, ---, ---, 
[4.509s][info][gc,stats    ] Concurrent Weak References          129 us, parallelism: 0.44x
[4.509s][info][gc,stats    ]   CWRF: <total>                      57 us
[4.509s][info][gc,stats    ]   CWRF: Weak References              57 us, workers (us):  53,   4, ---, ---, ---, ---, ---, ---, 
[4.509s][info][gc,stats    ] Concurrent Weak Roots               571 us
[4.509s][info][gc,stats    ]   Roots                             430 us, parallelism: 1.73x
[4.509s][info][gc,stats    ]     CWR: <total>                    743 us
[4.509s][info][gc,stats    ]     CWR: VM Weak Roots              743 us, workers (us): 373, 370, ---, ---, ---, ---, ---, ---, 
[4.509s][info][gc,stats    ]   Rendezvous                        109 us
[4.509s][info][gc,stats    ] Concurrent Cleanup                  153 us
[4.509s][info][gc,stats    ] Concurrent Strong Roots            1003 us, parallelism: 1.70x
[4.509s][info][gc,stats    ]   CSR: <total>                     1709 us
[4.509s][info][gc,stats    ]   CSR: Code Cache Roots            1277 us, workers (us): 898, 378, ---, ---, ---, ---, ---, ---, 
[4.509s][info][gc,stats    ]   CSR: VM Strong Roots               16 us, workers (us):  11,   5, ---, ---, ---, ---, ---, ---, 
[4.509s][info][gc,stats    ]   CSR: CLDG Roots                   416 us, workers (us): ---, 416, ---, ---, ---, ---, ---, ---, 
[4.509s][info][gc,stats    ] Concurrent Evacuation             16364 us
[4.509s][info][gc,stats    ] Pause Init Update Refs (G)          160 us
[4.509s][info][gc,stats    ] Pause Init Update Refs (N)           43 us
[4.509s][info][gc,stats    ]   Manage GCLABs                       5 us
[4.509s][info][gc,stats    ] Concurrent Update Refs            32658 us
[4.509s][info][gc,stats    ] Concurrent Update Thread Roots      211 us
[4.509s][info][gc,stats    ] Pause Final Update Refs (G)         148 us
[4.509s][info][gc,stats    ] Pause Final Update Refs (N)         125 us
[4.509s][info][gc,stats    ]   Update Region States               52 us
[4.509s][info][gc,stats    ]   Trash Collection Set                4 us
[4.509s][info][gc,stats    ]   Rebuild Free Set                   22 us
[4.509s][info][gc,stats    ] Concurrent Cleanup                  102 us
[4.509s][info][gc,stats    ] 
[4.509s][info][gc,stats    ] Allocation pacing accrued:
[4.509s][info][gc,stats    ]       0 of   114 ms (  0.0%): <total>
[4.510s][info][gc,stats    ]       0 of   114 ms (  0.0%): <average total>
[4.510s][info][gc,stats    ] 
[4.510s][info][gc,metaspace] Metaspace: 24417K(24832K)->24516K(24896K) NonClass: 21708K(21952K)->21797K(22016K) Class: 2709K(2880K)->2718K(2880K)
[4.510s][info][gc,ergo     ] Pacer for Idle. Initial: 40642K, Alloc Tax Rate: 1.0x
[4.511s][info][gc          ] Trigger: Start next cycle immediately
[4.511s][info][gc,ergo     ] Free: 1813M, Max: 512K regular, 1809M humongous, Frag: 1% external, 0% internal; Reserve: 101888K, Max: 512K
[4.511s][info][gc,start    ] GC(171) Concurrent reset
[4.511s][info][gc,task     ] GC(171) Using 2 of 8 workers for concurrent reset
[4.511s][info][gc,ergo     ] GC(171) Pacer for Reset. Non-Taxable: 1984M
[4.511s][info][gc          ] GC(171) Concurrent reset 0.451ms
[4.511s][info][gc,start    ] GC(171) Pause Init Mark
[4.511s][info][gc,task     ] GC(171) Using 8 of 8 workers for init marking
[4.511s][info][gc,ergo     ] GC(171) Pacer for Mark. Expected Live: 63818K, Free: 1813M, Non-Taxable: 181M, Alloc Tax Rate: 0.0x
[4.511s][info][gc          ] GC(171) Pause Init Mark 0.062ms
[4.511s][info][gc,start    ] GC(171) Concurrent marking roots
[4.511s][info][gc,task     ] GC(171) Using 2 of 8 workers for concurrent marking roots
[4.512s][info][gc          ] GC(171) Concurrent marking roots 0.837ms
[4.512s][info][gc,start    ] GC(171) Concurrent marking
[4.512s][info][gc,task     ] GC(171) Using 2 of 8 workers for concurrent marking
[4.547s][info][gc          ] GC(171) Concurrent marking 34.637ms
[4.547s][info][gc,start    ] GC(171) Pause Final Mark
[4.547s][info][gc,task     ] GC(171) Using 8 of 8 workers for final marking
[4.567s][info][gc,ergo     ] GC(171) Collectable Garbage: 4195K (100%), Immediate: 512K (12%), CSet: 3683K (87%)
[4.567s][info][gc,ergo     ] GC(171) Pacer for Evacuation. Used CSet: 63838K, Free: 1813M, Non-Taxable: 181M, Alloc Tax Rate: 1.1x
[4.567s][info][gc          ] GC(171) Pause Final Mark 20.024ms
[4.567s][info][gc,start    ] GC(171) Concurrent thread roots
[4.567s][info][gc,task     ] GC(171) Using 2 of 8 workers for Concurrent thread roots
[4.567s][info][gc          ] GC(171) Concurrent thread roots 0.223ms
[4.567s][info][gc,start    ] GC(171) Concurrent weak references
[4.567s][info][gc,task     ] GC(171) Using 2 of 8 workers for concurrent weak references
[4.567s][info][gc,ref      ] GC(171) Encountered references: Soft: 4020, Weak: 1713, Final: 4, Phantom: 592
[4.567s][info][gc,ref      ] GC(171) Discovered  references: Soft: 0, Weak: 844, Final: 0, Phantom: 335
[4.567s][info][gc,ref      ] GC(171) Enqueued    references: Soft: 0, Weak: 4, Final: 0, Phantom: 0
[4.567s][info][gc          ] GC(171) Concurrent weak references 0.223ms
[4.567s][info][gc,start    ] GC(171) Concurrent weak roots
[4.567s][info][gc,task     ] GC(171) Using 2 of 8 workers for concurrent weak root
[4.568s][info][gc          ] GC(171) Concurrent weak roots 0.472ms
[4.568s][info][gc,start    ] GC(171) Concurrent cleanup
[4.568s][info][gc          ] GC(171) Concurrent cleanup 71M->71M(246M) 0.135ms
[4.568s][info][gc,ergo     ] GC(171) Free: 1812M, Max: 512K regular, 1809M humongous, Frag: 1% external, 0% internal; Reserve: 100352K, Max: 512K
[4.568s][info][gc,start    ] GC(171) Concurrent strong roots
[4.568s][info][gc,task     ] GC(171) Using 2 of 8 workers for concurrent strong root
[4.569s][info][gc          ] GC(171) Concurrent strong roots 0.910ms
[4.569s][info][gc,start    ] GC(171) Concurrent evacuation
[4.569s][info][gc,task     ] GC(171) Using 2 of 8 workers for concurrent evacuation
[4.595s][info][gc          ] GC(171) Concurrent evacuation 26.426ms
[4.596s][info][gc,start    ] GC(171) Pause Init Update Refs
[4.596s][info][gc,ergo     ] GC(171) Pacer for Update Refs. Used: 131M, Free: 1811M, Non-Taxable: 181M, Alloc Tax Rate: 1.1x
[4.596s][info][gc          ] GC(171) Pause Init Update Refs 0.054ms
[4.596s][info][gc,start    ] GC(171) Concurrent update references
[4.596s][info][gc,task     ] GC(171) Using 2 of 8 workers for concurrent reference update
[4.631s][info][gc          ] GC(171) Concurrent update references 35.330ms
[4.631s][info][gc,start    ] GC(171) Concurrent update thread roots
[4.631s][info][gc          ] GC(171) Concurrent update thread roots 0.264ms
[4.631s][info][gc,start    ] GC(171) Pause Final Update Refs
[4.631s][info][gc,task     ] GC(171) Using 8 of 8 workers for final reference update
[4.631s][info][gc          ] GC(171) Pause Final Update Refs 0.103ms
[4.631s][info][gc,start    ] GC(171) Concurrent cleanup
[4.631s][info][gc          ] GC(171) Concurrent cleanup 131M->68M(246M) 0.097ms
[4.632s][info][gc,ergo     ] Free: 1813M, Max: 512K regular, 1809M humongous, Frag: 1% external, 0% internal; Reserve: 101888K, Max: 512K
[4.632s][info][gc,stats    ] 
[4.632s][info][gc,stats    ] All times are wall-clock times, except per-root-class counters, that are sum over
[4.632s][info][gc,stats    ] all workers. Dividing the <total> over the root stage time estimates parallelism.
[4.632s][info][gc,stats    ] 
[4.632s][info][gc,stats    ] Concurrent Reset                    470 us
[4.632s][info][gc,stats    ] Pause Init Mark (G)                  97 us
[4.632s][info][gc,stats    ] Pause Init Mark (N)                  70 us
[4.632s][info][gc,stats    ]   Update Region States               17 us
[4.632s][info][gc,stats    ] Concurrent Mark Roots               877 us, parallelism: 1.71x
[4.632s][info][gc,stats    ]   CMR: <total>                     1497 us
[4.632s][info][gc,stats    ]   CMR: Thread Roots                 131 us, workers (us):  50,  82, ---, ---, ---, ---, ---, ---, 
[4.632s][info][gc,stats    ]   CMR: Code Cache Roots            1143 us, workers (us): 699, 444, ---, ---, ---, ---, ---, ---, 
[4.632s][info][gc,stats    ]   CMR: VM Strong Roots                9 us, workers (us):   5,   4, ---, ---, ---, ---, ---, ---, 
[4.632s][info][gc,stats    ]   CMR: CLDG Roots                   215 us, workers (us): ---, 215, ---, ---, ---, ---, ---, ---, 
[4.632s][info][gc,stats    ] Concurrent Marking                34675 us
[4.632s][info][gc,stats    ] Pause Final Mark (G)              20108 us
[4.632s][info][gc,stats    ] Pause Final Mark (N)              20034 us
[4.632s][info][gc,stats    ]   Finish Mark                     19845 us
[4.632s][info][gc,stats    ]   Update Region States               42 us
[4.632s][info][gc,stats    ]   Choose Collection Set              65 us
[4.632s][info][gc,stats    ]   Rebuild Free Set                   18 us
[4.632s][info][gc,stats    ] Concurrent Thread Roots             240 us, parallelism: 0.86x
[4.632s][info][gc,stats    ]   CTR: <total>                      207 us
[4.632s][info][gc,stats    ]   CTR: Thread Roots                 207 us, workers (us):  92, 114, ---, ---, ---, ---, ---, ---, 
[4.632s][info][gc,stats    ] Concurrent Weak References          232 us, parallelism: 0.59x
[4.632s][info][gc,stats    ]   CWRF: <total>                     137 us
[4.632s][info][gc,stats    ]   CWRF: Weak References             137 us, workers (us): 136,   1, ---, ---, ---, ---, ---, ---, 
[4.632s][info][gc,stats    ] Concurrent Weak Roots               487 us
[4.632s][info][gc,stats    ]   Roots                             392 us, parallelism: 1.76x
[4.632s][info][gc,stats    ]     CWR: <total>                    690 us
[4.632s][info][gc,stats    ]     CWR: VM Weak Roots              690 us, workers (us): 347, 343, ---, ---, ---, ---, ---, ---, 
[4.632s][info][gc,stats    ]   Rendezvous                         63 us
[4.632s][info][gc,stats    ] Concurrent Cleanup                  148 us
[4.632s][info][gc,stats    ] Concurrent Strong Roots             930 us, parallelism: 1.76x
[4.632s][info][gc,stats    ]   CSR: <total>                     1637 us
[4.632s][info][gc,stats    ]   CSR: Code Cache Roots            1244 us, workers (us): 779, 465, ---, ---, ---, ---, ---, ---, 
[4.632s][info][gc,stats    ]   CSR: VM Strong Roots               15 us, workers (us):   9,   6, ---, ---, ---, ---, ---, ---, 
[4.632s][info][gc,stats    ]   CSR: CLDG Roots                   378 us, workers (us): ---, 378, ---, ---, ---, ---, ---, ---, 
[4.632s][info][gc,stats    ] Concurrent Evacuation             26459 us
[4.632s][info][gc,stats    ] Pause Init Update Refs (G)          118 us
[4.632s][info][gc,stats    ] Pause Init Update Refs (N)           63 us
[4.632s][info][gc,stats    ]   Manage GCLABs                       5 us
[4.632s][info][gc,stats    ] Concurrent Update Refs            35367 us
[4.632s][info][gc,stats    ] Concurrent Update Thread Roots      278 us
[4.632s][info][gc,stats    ] Pause Final Update Refs (G)         140 us
[4.632s][info][gc,stats    ] Pause Final Update Refs (N)         113 us
[4.632s][info][gc,stats    ]   Update Region States               43 us
[4.632s][info][gc,stats    ]   Trash Collection Set                3 us
[4.632s][info][gc,stats    ]   Rebuild Free Set                   18 us
[4.632s][info][gc,stats    ] Concurrent Cleanup                  107 us
[4.632s][info][gc,stats    ] 
[4.632s][info][gc,stats    ] Allocation pacing accrued:
[4.632s][info][gc,stats    ]       0 of   122 ms (  0.0%): <total>
[4.632s][info][gc,stats    ]       0 of   122 ms (  0.0%): <average total>
[4.632s][info][gc,stats    ] 
[4.632s][info][gc,metaspace] Metaspace: 24516K(24896K)->24677K(25024K) NonClass: 21797K(22016K)->21938K(22144K) Class: 2718K(2880K)->2738K(2880K)
[4.632s][info][gc,ergo     ] Pacer for Idle. Initial: 40642K, Alloc Tax Rate: 1.0x
[4.633s][info][gc          ] Trigger: Start next cycle immediately
[4.633s][info][gc,ergo     ] Free: 1813M, Max: 512K regular, 1809M humongous, Frag: 1% external, 0% internal; Reserve: 101888K, Max: 512K
[4.633s][info][gc,start    ] GC(172) Concurrent reset
[4.633s][info][gc,task     ] GC(172) Using 2 of 8 workers for concurrent reset
[4.633s][info][gc,ergo     ] GC(172) Pacer for Reset. Non-Taxable: 1984M
[4.634s][info][gc          ] GC(172) Concurrent reset 0.389ms
[4.634s][info][gc,start    ] GC(172) Pause Init Mark (unload classes)
[4.634s][info][gc,task     ] GC(172) Using 8 of 8 workers for init marking
[4.634s][info][gc,ergo     ] GC(172) Pacer for Mark. Expected Live: 65688K, Free: 1813M, Non-Taxable: 181M, Alloc Tax Rate: 0.0x
[4.634s][info][gc          ] GC(172) Pause Init Mark (unload classes) 0.069ms
[4.634s][info][gc,start    ] GC(172) Concurrent marking roots
[4.634s][info][gc,task     ] GC(172) Using 2 of 8 workers for concurrent marking roots
[4.634s][info][gc          ] GC(172) Concurrent marking roots 0.222ms
[4.634s][info][gc,start    ] GC(172) Concurrent marking (unload classes)
[4.634s][info][gc,task     ] GC(172) Using 2 of 8 workers for concurrent marking
[4.673s][info][gc          ] GC(172) Concurrent marking (unload classes) 38.595ms
[4.673s][info][gc,start    ] GC(172) Pause Final Mark (unload classes)
[4.673s][info][gc,task     ] GC(172) Using 8 of 8 workers for final marking
[4.673s][info][gc,ergo     ] GC(172) Collectable Garbage: 4314K (100%), Immediate: 510K (11%), CSet: 3804K (88%)
[4.673s][info][gc,ergo     ] GC(172) Pacer for Evacuation. Used CSet: 63980K, Free: 1813M, Non-Taxable: 181M, Alloc Tax Rate: 1.1x
[4.673s][info][gc          ] GC(172) Pause Final Mark (unload classes) 0.289ms
[4.673s][info][gc,start    ] GC(172) Concurrent thread roots
[4.673s][info][gc,task     ] GC(172) Using 2 of 8 workers for Concurrent thread roots
[4.673s][info][gc          ] GC(172) Concurrent thread roots 0.127ms
[4.673s][info][gc,start    ] GC(172) Concurrent weak references
[4.673s][info][gc,task     ] GC(172) Using 2 of 8 workers for concurrent weak references
[4.673s][info][gc,ref      ] GC(172) Encountered references: Soft: 4021, Weak: 1710, Final: 4, Phantom: 592
[4.673s][info][gc,ref      ] GC(172) Discovered  references: Soft: 0, Weak: 278, Final: 0, Phantom: 204
[4.673s][info][gc,ref      ] GC(172) Enqueued    references: Soft: 0, Weak: 0, Final: 0, Phantom: 0
[4.673s][info][gc          ] GC(172) Concurrent weak references 0.095ms
[4.673s][info][gc,start    ] GC(172) Concurrent weak roots
[4.673s][info][gc,task     ] GC(172) Using 2 of 8 workers for concurrent weak root
[4.674s][info][gc          ] GC(172) Concurrent weak roots 1.059ms
[4.674s][info][gc,start    ] GC(172) Concurrent cleanup
[4.674s][info][gc          ] GC(172) Concurrent cleanup 69M->69M(246M) 0.123ms
[4.674s][info][gc,ergo     ] GC(172) Free: 1813M, Max: 512K regular, 1809M humongous, Frag: 1% external, 0% internal; Reserve: 101376K, Max: 512K
[4.674s][info][gc,start    ] GC(172) Concurrent class unloading
[4.674s][info][gc,task     ] GC(172) Using 2 of 8 workers for concurrent class unloading
[4.676s][info][gc          ] GC(172) Concurrent class unloading 1.596ms
[4.676s][info][gc,start    ] GC(172) Concurrent strong roots
[4.676s][info][gc,task     ] GC(172) Using 2 of 8 workers for concurrent strong root
[4.676s][info][gc          ] GC(172) Concurrent strong roots 0.417ms
[4.676s][info][gc,start    ] GC(172) Concurrent evacuation
[4.676s][info][gc,task     ] GC(172) Using 2 of 8 workers for concurrent evacuation
[4.696s][info][gc          ] GC(172) Concurrent evacuation 19.376ms
[4.698s][info][gc,start    ] GC(172) Pause Init Update Refs
[4.698s][info][gc,ergo     ] GC(172) Pacer for Update Refs. Used: 129M, Free: 1812M, Non-Taxable: 181M, Alloc Tax Rate: 1.1x
[4.698s][info][gc          ] GC(172) Pause Init Update Refs 0.069ms
[4.699s][info][gc,start    ] GC(172) Concurrent update references
[4.699s][info][gc,task     ] GC(172) Using 2 of 8 workers for concurrent reference update
[4.735s][info][gc          ] GC(172) Concurrent update references 35.435ms
[4.735s][info][gc,start    ] GC(172) Concurrent update thread roots
[4.735s][info][gc          ] GC(172) Concurrent update thread roots 0.185ms
[4.735s][info][gc,start    ] GC(172) Pause Final Update Refs
[4.735s][info][gc,task     ] GC(172) Using 8 of 8 workers for final reference update
[4.735s][info][gc          ] GC(172) Pause Final Update Refs 0.105ms
[4.735s][info][gc,start    ] GC(172) Concurrent cleanup
[4.735s][info][gc          ] GC(172) Concurrent cleanup 129M->67M(246M) 0.099ms
[4.735s][info][gc,ergo     ] Free: 1815M, Max: 512K regular, 1810M humongous, Frag: 1% external, 0% internal; Reserve: 101888K, Max: 512K
[4.735s][info][gc,stats    ] 
[4.735s][info][gc,stats    ] All times are wall-clock times, except per-root-class counters, that are sum over
[4.735s][info][gc,stats    ] all workers. Dividing the <total> over the root stage time estimates parallelism.
[4.735s][info][gc,stats    ] 
[4.735s][info][gc,stats    ] Concurrent Reset                    403 us
[4.735s][info][gc,stats    ] Pause Init Mark (G)                 108 us
[4.735s][info][gc,stats    ] Pause Init Mark (N)                  77 us
[4.735s][info][gc,stats    ]   Update Region States               18 us
[4.735s][info][gc,stats    ] Concurrent Mark Roots               232 us, parallelism: 1.18x
[4.735s][info][gc,stats    ]   CMR: <total>                      274 us
[4.735s][info][gc,stats    ]   CMR: Thread Roots                 177 us, workers (us):  48, 130, ---, ---, ---, ---, ---, ---, 
[4.735s][info][gc,stats    ]   CMR: VM Strong Roots                8 us, workers (us):   8,   0, ---, ---, ---, ---, ---, ---, 
[4.735s][info][gc,stats    ]   CMR: CLDG Roots                    88 us, workers (us):  88, ---, ---, ---, ---, ---, ---, ---, 
[4.735s][info][gc,stats    ] Concurrent Marking                38633 us
[4.735s][info][gc,stats    ] Pause Final Mark (G)                336 us
[4.735s][info][gc,stats    ] Pause Final Mark (N)                297 us
[4.735s][info][gc,stats    ]   Finish Mark                       135 us
[4.735s][info][gc,stats    ]   Update Region States               39 us
[4.735s][info][gc,stats    ]   Choose Collection Set              46 us
[4.736s][info][gc,stats    ]   Rebuild Free Set                   16 us
[4.736s][info][gc,stats    ] Concurrent Thread Roots             139 us, parallelism: 0.96x
[4.736s][info][gc,stats    ]   CTR: <total>                      134 us
[4.736s][info][gc,stats    ]   CTR: Thread Roots                 134 us, workers (us):  91,  43, ---, ---, ---, ---, ---, ---, 
[4.736s][info][gc,stats    ] Concurrent Weak References          103 us, parallelism: 0.59x
[4.736s][info][gc,stats    ]   CWRF: <total>                      61 us
[4.736s][info][gc,stats    ]   CWRF: Weak References              61 us, workers (us):  32,  29, ---, ---, ---, ---, ---, ---, 
[4.736s][info][gc,stats    ] Concurrent Weak Roots              1072 us
[4.736s][info][gc,stats    ]   Roots                            1001 us, parallelism: 1.56x
[4.736s][info][gc,stats    ]     CWR: <total>                   1566 us
[4.736s][info][gc,stats    ]     CWR: Code Cache Roots           870 us, workers (us): 429, 441, ---, ---, ---, ---, ---, ---, 
[4.736s][info][gc,stats    ]     CWR: VM Weak Roots              677 us, workers (us): 475, 202, ---, ---, ---, ---, ---, ---, 
[4.736s][info][gc,stats    ]     CWR: CLDG Roots                  18 us, workers (us): ---,  18, ---, ---, ---, ---, ---, ---, 
[4.736s][info][gc,stats    ]   Rendezvous                         41 us
[4.736s][info][gc,stats    ] Concurrent Cleanup                  133 us
[4.736s][info][gc,stats    ] Concurrent Class Unloading         1609 us
[4.736s][info][gc,stats    ]   Unlink Stale                     1409 us
[4.736s][info][gc,stats    ]     System Dictionary                33 us
[4.736s][info][gc,stats    ]     Weak Class Links                  0 us
[4.736s][info][gc,stats    ]     Code Roots                     1374 us
[4.736s][info][gc,stats    ]   Rendezvous                         30 us
[4.736s][info][gc,stats    ]   Purge Unlinked                    128 us
[4.736s][info][gc,stats    ]     Code Roots                      124 us
[4.736s][info][gc,stats    ]     CLDG                              4 us
[4.736s][info][gc,stats    ]     Exception Caches                  0 us
[4.736s][info][gc,stats    ] Concurrent Strong Roots             425 us, parallelism: 0.86x
[4.736s][info][gc,stats    ]   CSR: <total>                      364 us
[4.736s][info][gc,stats    ]   CSR: VM Strong Roots               16 us, workers (us):  16,   0, ---, ---, ---, ---, ---, ---, 
[4.736s][info][gc,stats    ]   CSR: CLDG Roots                   348 us, workers (us): 348, ---, ---, ---, ---, ---, ---, ---, 
[4.736s][info][gc,stats    ] Concurrent Evacuation             19409 us
[4.736s][info][gc,stats    ] Pause Init Update Refs (G)         3465 us
[4.736s][info][gc,stats    ] Pause Init Update Refs (N)           77 us
[4.736s][info][gc,stats    ]   Manage GCLABs                       6 us
[4.736s][info][gc,stats    ] Concurrent Update Refs            35502 us
[4.736s][info][gc,stats    ] Concurrent Update Thread Roots      198 us
[4.736s][info][gc,stats    ] Pause Final Update Refs (G)         147 us
[4.736s][info][gc,stats    ] Pause Final Update Refs (N)         115 us
[4.736s][info][gc,stats    ]   Update Region States               40 us
[4.736s][info][gc,stats    ]   Trash Collection Set                4 us
[4.736s][info][gc,stats    ]   Rebuild Free Set                   19 us
[4.736s][info][gc,stats    ] Concurrent Cleanup                  110 us
[4.736s][info][gc,stats    ] 
[4.736s][info][gc,stats    ] Allocation pacing accrued:
[4.736s][info][gc,stats    ]       0 of   104 ms (  0.0%): <total>
[4.736s][info][gc,stats    ]       0 of   104 ms (  0.0%): <average total>
[4.736s][info][gc,stats    ] 
[4.736s][info][gc,metaspace] Metaspace: 24677K(25024K)->24680K(25024K) NonClass: 21938K(22144K)->21941K(22144K) Class: 2738K(2880K)->2738K(2880K)
[4.736s][info][gc,ergo     ] Pacer for Idle. Initial: 40642K, Alloc Tax Rate: 1.0x
[4.737s][info][gc          ] Trigger: Start next cycle immediately
[4.737s][info][gc,ergo     ] Free: 1815M, Max: 512K regular, 1810M humongous, Frag: 1% external, 0% internal; Reserve: 101888K, Max: 512K
[4.737s][info][gc,start    ] GC(173) Concurrent reset
[4.737s][info][gc,task     ] GC(173) Using 2 of 8 workers for concurrent reset
[4.737s][info][gc,ergo     ] GC(173) Pacer for Reset. Non-Taxable: 1984M
[4.737s][info][gc          ] GC(173) Concurrent reset 0.418ms
[4.737s][info][gc,start    ] GC(173) Pause Init Mark (unload classes)
[4.737s][info][gc,task     ] GC(173) Using 8 of 8 workers for init marking
[4.738s][info][gc,ergo     ] GC(173) Pacer for Mark. Expected Live: 65893K, Free: 1815M, Non-Taxable: 181M, Alloc Tax Rate: 0.0x
[4.738s][info][gc          ] GC(173) Pause Init Mark (unload classes) 0.053ms
[4.738s][info][gc,start    ] GC(173) Concurrent marking roots
[4.738s][info][gc,task     ] GC(173) Using 2 of 8 workers for concurrent marking roots
[4.738s][info][gc          ] GC(173) Concurrent marking roots 0.198ms
[4.738s][info][gc,start    ] GC(173) Concurrent marking (unload classes)
[4.738s][info][gc,task     ] GC(173) Using 2 of 8 workers for concurrent marking
[4.777s][info][gc          ] GC(173) Concurrent marking (unload classes) 38.907ms
[4.778s][info][gc,start    ] GC(173) Pause Final Mark (unload classes)
[4.778s][info][gc,task     ] GC(173) Using 8 of 8 workers for final marking
[4.789s][info][gc,ergo     ] GC(173) Collectable Garbage: 2790K (100%), Immediate: 512K (18%), CSet: 2278K (81%)
[4.789s][info][gc,ergo     ] GC(173) Pacer for Evacuation. Used CSet: 62462K, Free: 1815M, Non-Taxable: 181M, Alloc Tax Rate: 1.1x
[4.789s][info][gc          ] GC(173) Pause Final Mark (unload classes) 10.692ms
[4.789s][info][gc,start    ] GC(173) Concurrent thread roots
[4.789s][info][gc,task     ] GC(173) Using 2 of 8 workers for Concurrent thread roots
[4.789s][info][gc          ] GC(173) Concurrent thread roots 0.124ms
[4.789s][info][gc,start    ] GC(173) Concurrent weak references
[4.789s][info][gc,task     ] GC(173) Using 2 of 8 workers for concurrent weak references
[4.789s][info][gc,ref      ] GC(173) Encountered references: Soft: 4021, Weak: 1710, Final: 4, Phantom: 592
[4.789s][info][gc,ref      ] GC(173) Discovered  references: Soft: 0, Weak: 873, Final: 4, Phantom: 204
[4.789s][info][gc,ref      ] GC(173) Enqueued    references: Soft: 0, Weak: 0, Final: 0, Phantom: 0
[4.789s][info][gc          ] GC(173) Concurrent weak references 0.207ms
[4.789s][info][gc,start    ] GC(173) Concurrent weak roots
[4.789s][info][gc,task     ] GC(173) Using 2 of 8 workers for concurrent weak root
[4.793s][info][gc          ] GC(173) Concurrent weak roots 3.765ms
[4.793s][info][gc,start    ] GC(173) Concurrent cleanup
[4.793s][info][gc          ] GC(173) Concurrent cleanup 69M->68M(246M) 0.184ms
[4.793s][info][gc,ergo     ] GC(173) Free: 1814M, Max: 512K regular, 1810M humongous, Frag: 1% external, 0% internal; Reserve: 101373K, Max: 512K
[4.793s][info][gc,start    ] GC(173) Concurrent class unloading
[4.793s][info][gc,task     ] GC(173) Using 2 of 8 workers for concurrent class unloading
[4.795s][info][gc          ] GC(173) Concurrent class unloading 1.707ms
[4.795s][info][gc,start    ] GC(173) Concurrent strong roots
[4.795s][info][gc,task     ] GC(173) Using 2 of 8 workers for concurrent strong root
[4.795s][info][gc          ] GC(173) Concurrent strong roots 0.443ms
[4.796s][info][gc,start    ] GC(173) Concurrent evacuation
[4.796s][info][gc,task     ] GC(173) Using 2 of 8 workers for concurrent evacuation
[4.823s][info][gc          ] GC(173) Concurrent evacuation 27.681ms
[4.826s][info][gc,start    ] GC(173) Pause Init Update Refs
[4.826s][info][gc,ergo     ] GC(173) Pacer for Update Refs. Used: 127M, Free: 1814M, Non-Taxable: 181M, Alloc Tax Rate: 1.1x
[4.826s][info][gc          ] GC(173) Pause Init Update Refs 0.044ms
[4.826s][info][gc,start    ] GC(173) Concurrent update references
[4.826s][info][gc,task     ] GC(173) Using 2 of 8 workers for concurrent reference update
[4.884s][info][gc          ] GC(173) Concurrent update references 57.694ms
[4.884s][info][gc,start    ] GC(173) Concurrent update thread roots
[4.884s][info][gc          ] GC(173) Concurrent update thread roots 0.174ms
[4.884s][info][gc,start    ] GC(173) Pause Final Update Refs
[4.884s][info][gc,task     ] GC(173) Using 8 of 8 workers for final reference update
[4.885s][info][gc          ] GC(173) Pause Final Update Refs 0.153ms
[4.885s][info][gc,start    ] GC(173) Concurrent cleanup
[4.885s][info][gc          ] GC(173) Concurrent cleanup 127M->66M(246M) 0.066ms
[4.885s][info][gc,ergo     ] Free: 1815M, Max: 512K regular, 1810M humongous, Frag: 1% external, 0% internal; Reserve: 101888K, Max: 512K
[4.885s][info][gc,stats    ] 
[4.885s][info][gc,stats    ] All times are wall-clock times, except per-root-class counters, that are sum over
[4.885s][info][gc,stats    ] all workers. Dividing the <total> over the root stage time estimates parallelism.
[4.885s][info][gc,stats    ] 
[4.885s][info][gc,stats    ] Concurrent Reset                    437 us
[4.885s][info][gc,stats    ] Pause Init Mark (G)                  92 us
[4.885s][info][gc,stats    ] Pause Init Mark (N)                  62 us
[4.885s][info][gc,stats    ]   Update Region States               14 us
[4.885s][info][gc,stats    ] Concurrent Mark Roots               209 us, parallelism: 1.07x
[4.885s][info][gc,stats    ]   CMR: <total>                      224 us
[4.885s][info][gc,stats    ]   CMR: Thread Roots                 106 us, workers (us):   0, 106, ---, ---, ---, ---, ---, ---, 
[4.885s][info][gc,stats    ]   CMR: VM Strong Roots                9 us, workers (us):   5,   3, ---, ---, ---, ---, ---, ---, 
[4.885s][info][gc,stats    ]   CMR: CLDG Roots                   109 us, workers (us): 109, ---, ---, ---, ---, ---, ---, ---, 
[4.885s][info][gc,stats    ] Concurrent Marking                38951 us
[4.885s][info][gc,stats    ] Pause Final Mark (G)              12071 us
[4.885s][info][gc,stats    ] Pause Final Mark (N)              10702 us
[4.885s][info][gc,stats    ]   Finish Mark                     10519 us
[4.885s][info][gc,stats    ]   Update Region States               40 us
[4.885s][info][gc,stats    ]   Choose Collection Set              58 us
[4.885s][info][gc,stats    ]   Rebuild Free Set                   20 us
[4.885s][info][gc,stats    ] Concurrent Thread Roots             136 us, parallelism: 1.18x
[4.885s][info][gc,stats    ]   CTR: <total>                      161 us
[4.885s][info][gc,stats    ]   CTR: Thread Roots                 161 us, workers (us):  83,  78, ---, ---, ---, ---, ---, ---, 
[4.885s][info][gc,stats    ] Concurrent Weak References          215 us, parallelism: 1.00x
[4.885s][info][gc,stats    ]   CWRF: <total>                     215 us
[4.885s][info][gc,stats    ]   CWRF: Weak References             215 us, workers (us): 131,  84, ---, ---, ---, ---, ---, ---, 
[4.885s][info][gc,stats    ] Concurrent Weak Roots              3792 us
[4.885s][info][gc,stats    ]   Roots                            1611 us, parallelism: 0.96x
[4.885s][info][gc,stats    ]     CWR: <total>                   1554 us
[4.885s][info][gc,stats    ]     CWR: Code Cache Roots           862 us, workers (us): 862,   0, ---, ---, ---, ---, ---, ---, 
[4.885s][info][gc,stats    ]     CWR: VM Weak Roots              669 us, workers (us): 668,   1, ---, ---, ---, ---, ---, ---, 
[4.885s][info][gc,stats    ]     CWR: CLDG Roots                  23 us, workers (us):  23, ---, ---, ---, ---, ---, ---, ---, 
[4.885s][info][gc,stats    ]   Rendezvous                       2130 us
[4.885s][info][gc,stats    ] Concurrent Cleanup                  230 us
[4.885s][info][gc,stats    ] Concurrent Class Unloading         1777 us
[4.886s][info][gc,stats    ]   Unlink Stale                     1616 us
[4.886s][info][gc,stats    ]     System Dictionary               139 us
[4.886s][info][gc,stats    ]     Weak Class Links                  0 us
[4.886s][info][gc,stats    ]     Code Roots                     1475 us
[4.886s][info][gc,stats    ]   Rendezvous                         21 us
[4.886s][info][gc,stats    ]   Purge Unlinked                      6 us
[4.886s][info][gc,stats    ]     Code Roots                        1 us
[4.886s][info][gc,stats    ]     CLDG                              5 us
[4.886s][info][gc,stats    ]     Exception Caches                  0 us
[4.886s][info][gc,stats    ] Concurrent Strong Roots             504 us, parallelism: 0.68x
[4.886s][info][gc,stats    ]   CSR: <total>                      344 us
[4.886s][info][gc,stats    ]   CSR: VM Strong Roots               13 us, workers (us):   9,   4, ---, ---, ---, ---, ---, ---, 
[4.886s][info][gc,stats    ]   CSR: CLDG Roots                   331 us, workers (us): 331, ---, ---, ---, ---, ---, ---, ---, 
[4.886s][info][gc,stats    ] Concurrent Evacuation             30789 us
[4.886s][info][gc,stats    ] Pause Init Update Refs (G)           83 us
[4.886s][info][gc,stats    ] Pause Init Update Refs (N)           54 us
[4.886s][info][gc,stats    ]   Manage GCLABs                       6 us
[4.886s][info][gc,stats    ] Concurrent Update Refs            57820 us
[4.886s][info][gc,stats    ] Concurrent Update Thread Roots      212 us
[4.886s][info][gc,stats    ] Pause Final Update Refs (G)         218 us
[4.886s][info][gc,stats    ] Pause Final Update Refs (N)         195 us
[4.886s][info][gc,stats    ]   Update Region States               40 us
[4.886s][info][gc,stats    ]   Trash Collection Set                4 us
[4.886s][info][gc,stats    ]   Rebuild Free Set                   24 us
[4.886s][info][gc,stats    ] Concurrent Cleanup                   76 us
[4.886s][info][gc,stats    ] 
[4.886s][info][gc,stats    ] Allocation pacing accrued:
[4.886s][info][gc,stats    ]       0 of   150 ms (  0.0%): <total>
[4.886s][info][gc,stats    ]       0 of   150 ms (  0.0%): <average total>
[4.886s][info][gc,stats    ] 
[4.886s][info][gc,metaspace] Metaspace: 24680K(25024K)->24681K(25024K) NonClass: 21941K(22144K)->21942K(22144K) Class: 2738K(2880K)->2738K(2880K)
[4.886s][info][gc,ergo     ] Pacer for Idle. Initial: 40642K, Alloc Tax Rate: 1.0x
[4.887s][info][gc          ] Trigger: Start next cycle immediately
[4.887s][info][gc,ergo     ] Free: 1815M, Max: 512K regular, 1810M humongous, Frag: 1% external, 0% internal; Reserve: 101888K, Max: 512K
[4.887s][info][gc,start    ] GC(174) Concurrent reset
[4.887s][info][gc,task     ] GC(174) Using 2 of 8 workers for concurrent reset
[4.887s][info][gc,ergo     ] GC(174) Pacer for Reset. Non-Taxable: 1984M
[4.888s][info][gc          ] GC(174) Concurrent reset 0.447ms
[4.888s][info][gc,start    ] GC(174) Pause Init Mark
[4.888s][info][gc,task     ] GC(174) Using 8 of 8 workers for init marking
[4.888s][info][gc,ergo     ] GC(174) Pacer for Mark. Expected Live: 66062K, Free: 1815M, Non-Taxable: 181M, Alloc Tax Rate: 0.0x
[4.888s][info][gc          ] GC(174) Pause Init Mark 0.053ms
[4.888s][info][gc,start    ] GC(174) Concurrent marking roots
[4.888s][info][gc,task     ] GC(174) Using 2 of 8 workers for concurrent marking roots
[4.889s][info][gc          ] GC(174) Concurrent marking roots 0.891ms
[4.889s][info][gc,start    ] GC(174) Concurrent marking
[4.889s][info][gc,task     ] GC(174) Using 2 of 8 workers for concurrent marking
[4.936s][info][gc          ] GC(174) Concurrent marking 47.219ms
[4.936s][info][gc,start    ] GC(174) Pause Final Mark
[4.936s][info][gc,task     ] GC(174) Using 8 of 8 workers for final marking
[4.937s][info][gc,ergo     ] GC(174) Collectable Garbage: 2277K (100%), Immediate: 510K (22%), CSet: 1767K (77%)
[4.937s][info][gc,ergo     ] GC(174) Pacer for Evacuation. Used CSet: 61943K, Free: 1815M, Non-Taxable: 181M, Alloc Tax Rate: 1.1x
[4.937s][info][gc          ] GC(174) Pause Final Mark 0.358ms
[4.937s][info][gc,start    ] GC(174) Concurrent thread roots
[4.937s][info][gc,task     ] GC(174) Using 2 of 8 workers for Concurrent thread roots
[4.937s][info][gc          ] GC(174) Concurrent thread roots 0.158ms
[4.937s][info][gc,start    ] GC(174) Concurrent weak references
[4.937s][info][gc,task     ] GC(174) Using 2 of 8 workers for concurrent weak references
[4.937s][info][gc,ref      ] GC(174) Encountered references: Soft: 4021, Weak: 1710, Final: 4, Phantom: 592
[4.937s][info][gc,ref      ] GC(174) Discovered  references: Soft: 0, Weak: 841, Final: 0, Phantom: 335
[4.937s][info][gc,ref      ] GC(174) Enqueued    references: Soft: 0, Weak: 0, Final: 0, Phantom: 0
[4.937s][info][gc          ] GC(174) Concurrent weak references 0.191ms
[4.937s][info][gc,start    ] GC(174) Concurrent weak roots
[4.937s][info][gc,task     ] GC(174) Using 2 of 8 workers for concurrent weak root
[4.938s][info][gc          ] GC(174) Concurrent weak roots 0.470ms
[4.938s][info][gc,start    ] GC(174) Concurrent cleanup
[4.938s][info][gc          ] GC(174) Concurrent cleanup 68M->68M(246M) 0.104ms
[4.938s][info][gc,ergo     ] GC(174) Free: 1815M, Max: 512K regular, 1810M humongous, Frag: 1% external, 0% internal; Reserve: 101118K, Max: 512K
[4.938s][info][gc,start    ] GC(174) Concurrent strong roots
[4.938s][info][gc,task     ] GC(174) Using 2 of 8 workers for concurrent strong root
[4.939s][info][gc          ] GC(174) Concurrent strong roots 1.179ms
[4.939s][info][gc,start    ] GC(174) Concurrent evacuation
[4.939s][info][gc,task     ] GC(174) Using 2 of 8 workers for concurrent evacuation
[4.964s][info][gc          ] GC(174) Concurrent evacuation 25.040ms
[4.964s][info][gc,start    ] GC(174) Pause Init Update Refs
[4.964s][info][gc,ergo     ] GC(174) Pacer for Update Refs. Used: 127M, Free: 1814M, Non-Taxable: 181M, Alloc Tax Rate: 1.1x
[4.964s][info][gc          ] GC(174) Pause Init Update Refs 0.034ms
[4.964s][info][gc,start    ] GC(174) Concurrent update references
[4.964s][info][gc,task     ] GC(174) Using 2 of 8 workers for concurrent reference update
[4.990s][info][gc          ] GC(174) Concurrent update references 25.539ms
[4.990s][info][gc,start    ] GC(174) Concurrent update thread roots
[4.990s][info][gc          ] GC(174) Concurrent update thread roots 0.237ms
[4.990s][info][gc,start    ] GC(174) Pause Final Update Refs
[4.990s][info][gc,task     ] GC(174) Using 8 of 8 workers for final reference update
[4.990s][info][gc          ] GC(174) Pause Final Update Refs 0.208ms
[4.991s][info][gc,start    ] GC(174) Concurrent cleanup
[4.991s][info][gc          ] GC(174) Concurrent cleanup 127M->67M(246M) 0.090ms
[4.991s][info][gc,ergo     ] Free: 1815M, Max: 512K regular, 1810M humongous, Frag: 1% external, 0% internal; Reserve: 101888K, Max: 512K
[4.991s][info][gc,stats    ] 
[4.991s][info][gc,stats    ] All times are wall-clock times, except per-root-class counters, that are sum over
[4.991s][info][gc,stats    ] all workers. Dividing the <total> over the root stage time estimates parallelism.
[4.991s][info][gc,stats    ] 
[4.991s][info][gc,stats    ] Concurrent Reset                    493 us
[4.991s][info][gc,stats    ] Pause Init Mark (G)                 106 us
[4.991s][info][gc,stats    ] Pause Init Mark (N)                  62 us
[4.991s][info][gc,stats    ]   Update Region States               14 us
[4.991s][info][gc,stats    ] Concurrent Mark Roots               955 us, parallelism: 1.53x
[4.992s][info][gc,stats    ]   CMR: <total>                     1459 us
[4.992s][info][gc,stats    ]   CMR: Thread Roots                 119 us, workers (us):  81,  37, ---, ---, ---, ---, ---, ---, 
[4.992s][info][gc,stats    ]   CMR: Code Cache Roots            1128 us, workers (us): 439, 689, ---, ---, ---, ---, ---, ---, 
[4.992s][info][gc,stats    ]   CMR: VM Strong Roots                7 us, workers (us):   6,   1, ---, ---, ---, ---, ---, ---, 
[4.992s][info][gc,stats    ]   CMR: CLDG Roots                   205 us, workers (us): 205, ---, ---, ---, ---, ---, ---, ---, 
[4.992s][info][gc,stats    ] Concurrent Marking                47338 us
[4.992s][info][gc,stats    ] Pause Final Mark (G)                428 us
[4.992s][info][gc,stats    ] Pause Final Mark (N)                392 us
[4.992s][info][gc,stats    ]   Finish Mark                       113 us
[4.992s][info][gc,stats    ]   Update Region States               39 us
[4.993s][info][gc,stats    ]   Choose Collection Set              91 us
[4.993s][info][gc,stats    ]   Rebuild Free Set                   19 us
[4.993s][info][gc,stats    ] Concurrent Thread Roots             170 us, parallelism: 0.72x
[4.993s][info][gc,stats    ]   CTR: <total>                      123 us
[4.993s][info][gc,stats    ]   CTR: Thread Roots                 123 us, workers (us): 123,   0, ---, ---, ---, ---, ---, ---, 
[4.993s][info][gc,stats    ] Concurrent Weak References          200 us, parallelism: 0.54x
[4.993s][info][gc,stats    ]   CWRF: <total>                     109 us
[4.993s][info][gc,stats    ]   CWRF: Weak References             109 us, workers (us): 108,   1, ---, ---, ---, ---, ---, ---, 
[4.993s][info][gc,stats    ] Concurrent Weak Roots               488 us
[4.993s][info][gc,stats    ]   Roots                             428 us, parallelism: 1.61x
[4.993s][info][gc,stats    ]     CWR: <total>                    690 us
[4.993s][info][gc,stats    ]     CWR: VM Weak Roots              690 us, workers (us): 347, 343, ---, ---, ---, ---, ---, ---, 
[4.993s][info][gc,stats    ]   Rendezvous                         23 us
[4.993s][info][gc,stats    ] Concurrent Cleanup                  145 us
[4.994s][info][gc,stats    ] Concurrent Strong Roots            1257 us, parallelism: 1.39x
[4.994s][info][gc,stats    ]   CSR: <total>                     1747 us
[4.994s][info][gc,stats    ]   CSR: Code Cache Roots            1353 us, workers (us): 662, 691, ---, ---, ---, ---, ---, ---, 
[4.994s][info][gc,stats    ]   CSR: VM Strong Roots               16 us, workers (us):  16,   0, ---, ---, ---, ---, ---, ---, 
[4.994s][info][gc,stats    ]   CSR: CLDG Roots                   378 us, workers (us): 378, ---, ---, ---, ---, ---, ---, ---, 
[4.994s][info][gc,stats    ] Concurrent Evacuation             25155 us
[4.994s][info][gc,stats    ] Pause Init Update Refs (G)           73 us
[4.994s][info][gc,stats    ] Pause Init Update Refs (N)           44 us
[4.994s][info][gc,stats    ]   Manage GCLABs                       6 us
[4.994s][info][gc,stats    ] Concurrent Update Refs            25664 us
[4.994s][info][gc,stats    ] Concurrent Update Thread Roots      290 us
[4.994s][info][gc,stats    ] Pause Final Update Refs (G)         319 us
[4.994s][info][gc,stats    ] Pause Final Update Refs (N)         283 us
[4.994s][info][gc,stats    ]   Update Region States               41 us
[4.994s][info][gc,stats    ]   Trash Collection Set                9 us
[4.994s][info][gc,stats    ]   Rebuild Free Set                   25 us
[4.994s][info][gc,stats    ] Concurrent Cleanup                  125 us
[4.995s][info][gc,stats    ] 
[4.995s][info][gc,stats    ] Allocation pacing accrued:
[4.995s][info][gc,stats    ]       0 of   109 ms (  0.0%): <total>
[4.995s][info][gc,stats    ]       0 of   109 ms (  0.0%): <average total>
[4.995s][info][gc,stats    ] 
[4.995s][info][gc,metaspace] Metaspace: 24681K(25024K)->24681K(25024K) NonClass: 21942K(22144K)->21942K(22144K) Class: 2738K(2880K)->2738K(2880K)
[4.995s][info][gc,ergo     ] Pacer for Idle. Initial: 40642K, Alloc Tax Rate: 1.0x
[4.998s][info][gc          ] Trigger: Start next cycle immediately
[4.998s][info][gc,ergo     ] Free: 1815M, Max: 512K regular, 1810M humongous, Frag: 1% external, 0% internal; Reserve: 101888K, Max: 512K
[4.998s][info][gc,start    ] GC(175) Concurrent reset
[4.998s][info][gc,task     ] GC(175) Using 2 of 8 workers for concurrent reset
[4.998s][info][gc,ergo     ] GC(175) Pacer for Reset. Non-Taxable: 1984M
[5.000s][info][gc          ] GC(175) Concurrent reset 1.683ms
[5.006s][info][gc,start    ] GC(175) Pause Init Mark (unload classes)
[5.006s][info][gc,task     ] GC(175) Using 8 of 8 workers for init marking
[5.006s][info][gc,ergo     ] GC(175) Pacer for Mark. Expected Live: 66134K, Free: 1815M, Non-Taxable: 181M, Alloc Tax Rate: 0.0x
[5.006s][info][gc          ] GC(175) Pause Init Mark (unload classes) 0.151ms
[5.006s][info][gc,start    ] GC(175) Concurrent marking roots
[5.006s][info][gc,task     ] GC(175) Using 2 of 8 workers for concurrent marking roots
[5.007s][info][gc          ] GC(175) Concurrent marking roots 0.256ms
[5.007s][info][gc,start    ] GC(175) Concurrent marking (unload classes)
[5.007s][info][gc,task     ] GC(175) Using 2 of 8 workers for concurrent marking
[5.059s][info][gc          ] GC(175) Concurrent marking (unload classes) 52.639ms
[5.059s][info][gc,start    ] GC(175) Pause Final Mark (unload classes)
[5.059s][info][gc,task     ] GC(175) Using 8 of 8 workers for final marking
[5.060s][info][gc,ergo     ] GC(175) Collectable Garbage: 2791K (100%), Immediate: 510K (18%), CSet: 2280K (81%)
[5.060s][info][gc,ergo     ] GC(175) Pacer for Evacuation. Used CSet: 62464K, Free: 1815M, Non-Taxable: 181M, Alloc Tax Rate: 1.1x
[5.060s][info][gc          ] GC(175) Pause Final Mark (unload classes) 0.367ms
[5.060s][info][gc,start    ] GC(175) Concurrent thread roots
[5.060s][info][gc,task     ] GC(175) Using 2 of 8 workers for Concurrent thread roots
[5.060s][info][gc          ] GC(175) Concurrent thread roots 0.112ms
[5.060s][info][gc,start    ] GC(175) Concurrent weak references
[5.060s][info][gc,task     ] GC(175) Using 2 of 8 workers for concurrent weak references
[5.060s][info][gc,ref      ] GC(175) Encountered references: Soft: 4021, Weak: 1710, Final: 4, Phantom: 592
[5.060s][info][gc,ref      ] GC(175) Discovered  references: Soft: 0, Weak: 869, Final: 2, Phantom: 204
[5.060s][info][gc,ref      ] GC(175) Enqueued    references: Soft: 0, Weak: 0, Final: 0, Phantom: 0
[5.060s][info][gc          ] GC(175) Concurrent weak references 0.113ms
[5.060s][info][gc,start    ] GC(175) Concurrent weak roots
[5.060s][info][gc,task     ] GC(175) Using 2 of 8 workers for concurrent weak root
[5.061s][info][gc          ] GC(175) Concurrent weak roots 0.906ms
[5.061s][info][gc,start    ] GC(175) Concurrent cleanup
[5.061s][info][gc          ] GC(175) Concurrent cleanup 69M->68M(246M) 0.109ms
[5.061s][info][gc,ergo     ] GC(175) Free: 1814M, Max: 512K regular, 1810M humongous, Frag: 1% external, 0% internal; Reserve: 101113K, Max: 512K
[5.061s][info][gc,start    ] GC(175) Concurrent class unloading
[5.061s][info][gc,task     ] GC(175) Using 2 of 8 workers for concurrent class unloading
[5.064s][info][gc          ] GC(175) Concurrent class unloading 2.830ms
[5.064s][info][gc,start    ] GC(175) Concurrent strong roots
[5.064s][info][gc,task     ] GC(175) Using 2 of 8 workers for concurrent strong root
[5.064s][info][gc          ] GC(175) Concurrent strong roots 0.430ms
[5.064s][info][gc,start    ] GC(175) Concurrent evacuation
[5.065s][info][gc,task     ] GC(175) Using 2 of 8 workers for concurrent evacuation
[5.108s][info][gc          ] GC(175) Concurrent evacuation 43.493ms
[5.108s][info][gc,start    ] GC(175) Pause Init Update Refs
[5.108s][info][gc,ergo     ] GC(175) Pacer for Update Refs. Used: 127M, Free: 1814M, Non-Taxable: 181M, Alloc Tax Rate: 1.1x
[5.108s][info][gc          ] GC(175) Pause Init Update Refs 0.080ms
[5.108s][info][gc,start    ] GC(175) Concurrent update references
[5.108s][info][gc,task     ] GC(175) Using 2 of 8 workers for concurrent reference update
[5.150s][info][gc          ] GC(175) Concurrent update references 42.208ms
[5.150s][info][gc,start    ] GC(175) Concurrent update thread roots
[5.151s][info][gc          ] GC(175) Concurrent update thread roots 0.278ms
[5.151s][info][gc,start    ] GC(175) Pause Final Update Refs
[5.151s][info][gc,task     ] GC(175) Using 8 of 8 workers for final reference update
[5.151s][info][gc          ] GC(175) Pause Final Update Refs 0.166ms
[5.151s][info][gc,start    ] GC(175) Concurrent cleanup
[5.151s][info][gc          ] GC(175) Concurrent cleanup 127M->66M(246M) 0.105ms
[5.151s][info][gc,ergo     ] Free: 1815M, Max: 512K regular, 1810M humongous, Frag: 1% external, 0% internal; Reserve: 101888K, Max: 512K
[5.151s][info][gc,stats    ] 
[5.151s][info][gc,stats    ] All times are wall-clock times, except per-root-class counters, that are sum over
[5.151s][info][gc,stats    ] all workers. Dividing the <total> over the root stage time estimates parallelism.
[5.151s][info][gc,stats    ] 
[5.151s][info][gc,stats    ] Concurrent Reset                   1701 us
[5.151s][info][gc,stats    ] Pause Init Mark (G)                6309 us
[5.151s][info][gc,stats    ] Pause Init Mark (N)                 163 us
[5.151s][info][gc,stats    ]   Update Region States               42 us
[5.151s][info][gc,stats    ] Concurrent Mark Roots               269 us, parallelism: 1.00x
[5.151s][info][gc,stats    ]   CMR: <total>                      269 us
[5.151s][info][gc,stats    ]   CMR: Thread Roots                 158 us, workers (us):  26, 132, ---, ---, ---, ---, ---, ---, 
[5.151s][info][gc,stats    ]   CMR: VM Strong Roots                8 us, workers (us):   7,   0, ---, ---, ---, ---, ---, ---, 
[5.151s][info][gc,stats    ]   CMR: CLDG Roots                   104 us, workers (us): 104, ---, ---, ---, ---, ---, ---, ---, 
[5.151s][info][gc,stats    ] Concurrent Marking                52677 us
[5.151s][info][gc,stats    ] Pause Final Mark (G)                516 us
[5.151s][info][gc,stats    ] Pause Final Mark (N)                401 us
[5.151s][info][gc,stats    ]   Finish Mark                       116 us
[5.151s][info][gc,stats    ]   Update Region States               41 us
[5.151s][info][gc,stats    ]   Choose Collection Set              86 us
[5.151s][info][gc,stats    ]   Rebuild Free Set                   20 us
[5.151s][info][gc,stats    ] Concurrent Thread Roots             122 us, parallelism: 1.14x
[5.151s][info][gc,stats    ]   CTR: <total>                      139 us
[5.151s][info][gc,stats    ]   CTR: Thread Roots                 139 us, workers (us):  68,  71, ---, ---, ---, ---, ---, ---, 
[5.151s][info][gc,stats    ] Concurrent Weak References          118 us, parallelism: 0.87x
[5.151s][info][gc,stats    ]   CWRF: <total>                     103 us
[5.151s][info][gc,stats    ]   CWRF: Weak References             103 us, workers (us):  67,  36, ---, ---, ---, ---, ---, ---, 
[5.151s][info][gc,stats    ] Concurrent Weak Roots               924 us
[5.151s][info][gc,stats    ]   Roots                             851 us, parallelism: 1.86x
[5.151s][info][gc,stats    ]     CWR: <total>                   1582 us
[5.151s][info][gc,stats    ]     CWR: Code Cache Roots           871 us, workers (us): 422, 449, ---, ---, ---, ---, ---, ---, 
[5.151s][info][gc,stats    ]     CWR: VM Weak Roots              696 us, workers (us): 348, 348, ---, ---, ---, ---, ---, ---, 
[5.151s][info][gc,stats    ]     CWR: CLDG Roots                  16 us, workers (us):  16, ---, ---, ---, ---, ---, ---, ---, 
[5.151s][info][gc,stats    ]   Rendezvous                         38 us
[5.151s][info][gc,stats    ] Concurrent Cleanup                  117 us
[5.151s][info][gc,stats    ] Concurrent Class Unloading         2849 us
[5.151s][info][gc,stats    ]   Unlink Stale                     2751 us
[5.151s][info][gc,stats    ]     System Dictionary                43 us
[5.151s][info][gc,stats    ]     Weak Class Links                  0 us
[5.151s][info][gc,stats    ]     Code Roots                     2706 us
[5.151s][info][gc,stats    ]   Rendezvous                         31 us
[5.151s][info][gc,stats    ]   Purge Unlinked                      8 us
[5.151s][info][gc,stats    ]     Code Roots                        1 us
[5.151s][info][gc,stats    ]     CLDG                              6 us
[5.151s][info][gc,stats    ]     Exception Caches                  0 us
[5.152s][info][gc,stats    ] Concurrent Strong Roots             455 us, parallelism: 0.83x
[5.152s][info][gc,stats    ]   CSR: <total>                      377 us
[5.152s][info][gc,stats    ]   CSR: VM Strong Roots               13 us, workers (us):   8,   5, ---, ---, ---, ---, ---, ---, 
[5.152s][info][gc,stats    ]   CSR: CLDG Roots                   364 us, workers (us): 364, ---, ---, ---, ---, ---, ---, ---, 
[5.152s][info][gc,stats    ] Concurrent Evacuation             43520 us
[5.152s][info][gc,stats    ] Pause Init Update Refs (G)          178 us
[5.152s][info][gc,stats    ] Pause Init Update Refs (N)          108 us
[5.152s][info][gc,stats    ]   Manage GCLABs                       6 us
[5.152s][info][gc,stats    ] Concurrent Update Refs            42249 us
[5.152s][info][gc,stats    ] Concurrent Update Thread Roots      294 us
[5.152s][info][gc,stats    ] Pause Final Update Refs (G)         260 us
[5.152s][info][gc,stats    ] Pause Final Update Refs (N)         208 us
[5.152s][info][gc,stats    ]   Update Region States               44 us
[5.152s][info][gc,stats    ]   Trash Collection Set                3 us
[5.152s][info][gc,stats    ]   Rebuild Free Set                   24 us
[5.152s][info][gc,stats    ] Concurrent Cleanup                  115 us
[5.152s][info][gc,stats    ] 
[5.152s][info][gc,stats    ] Allocation pacing accrued:
[5.152s][info][gc,stats    ]       0 of   157 ms (  0.0%): <total>
[5.152s][info][gc,stats    ]       0 of   157 ms (  0.0%): <average total>
[5.152s][info][gc,stats    ] 
[5.152s][info][gc,metaspace] Metaspace: 24681K(25024K)->24690K(25024K) NonClass: 21942K(22144K)->21951K(22144K) Class: 2738K(2880K)->2738K(2880K)
[5.152s][info][gc,ergo     ] Pacer for Idle. Initial: 40642K, Alloc Tax Rate: 1.0x
[5.153s][info][gc          ] Trigger: Start next cycle immediately
[5.153s][info][gc,ergo     ] Free: 1815M, Max: 512K regular, 1810M humongous, Frag: 1% external, 0% internal; Reserve: 101888K, Max: 512K
[5.153s][info][gc,start    ] GC(176) Concurrent reset
[5.153s][info][gc,task     ] GC(176) Using 2 of 8 workers for concurrent reset
[5.153s][info][gc,ergo     ] GC(176) Pacer for Reset. Non-Taxable: 1984M
[5.153s][info][gc          ] GC(176) Concurrent reset 0.560ms
[5.153s][info][gc,start    ] GC(176) Pause Init Mark (unload classes)
[5.153s][info][gc,task     ] GC(176) Using 8 of 8 workers for init marking
[5.154s][info][gc,ergo     ] GC(176) Pacer for Mark. Expected Live: 66143K, Free: 1815M, Non-Taxable: 181M, Alloc Tax Rate: 0.0x
[5.154s][info][gc          ] GC(176) Pause Init Mark (unload classes) 0.080ms
[5.154s][info][gc,start    ] GC(176) Concurrent marking roots
[5.154s][info][gc,task     ] GC(176) Using 2 of 8 workers for concurrent marking roots
[5.154s][info][gc          ] GC(176) Concurrent marking roots 0.223ms
[5.154s][info][gc,start    ] GC(176) Concurrent marking (unload classes)
[5.154s][info][gc,task     ] GC(176) Using 2 of 8 workers for concurrent marking
[5.203s][info][gc          ] GC(176) Concurrent marking (unload classes) 48.923ms
[5.203s][info][gc,start    ] GC(176) Pause Final Mark (unload classes)
[5.203s][info][gc,task     ] GC(176) Using 8 of 8 workers for final marking
[5.204s][info][gc,ergo     ] GC(176) Collectable Garbage: 2274K (100%), Immediate: 510K (22%), CSet: 1764K (77%)
[5.204s][info][gc,ergo     ] GC(176) Pacer for Evacuation. Used CSet: 61939K, Free: 1815M, Non-Taxable: 181M, Alloc Tax Rate: 1.1x
[5.204s][info][gc          ] GC(176) Pause Final Mark (unload classes) 0.821ms
[5.204s][info][gc,start    ] GC(176) Concurrent thread roots
[5.204s][info][gc,task     ] GC(176) Using 2 of 8 workers for Concurrent thread roots
[5.204s][info][gc          ] GC(176) Concurrent thread roots 0.155ms
[5.204s][info][gc,start    ] GC(176) Concurrent weak references
[5.204s][info][gc,task     ] GC(176) Using 2 of 8 workers for concurrent weak references
[5.204s][info][gc,ref      ] GC(176) Encountered references: Soft: 4021, Weak: 1710, Final: 4, Phantom: 592
[5.204s][info][gc,ref      ] GC(176) Discovered  references: Soft: 0, Weak: 278, Final: 0, Phantom: 204
[5.204s][info][gc,ref      ] GC(176) Enqueued    references: Soft: 0, Weak: 0, Final: 0, Phantom: 0
[5.204s][info][gc          ] GC(176) Concurrent weak references 0.088ms
[5.204s][info][gc,start    ] GC(176) Concurrent weak roots
[5.204s][info][gc,task     ] GC(176) Using 2 of 8 workers for concurrent weak root
[5.205s][info][gc          ] GC(176) Concurrent weak roots 0.899ms
[5.205s][info][gc,start    ] GC(176) Concurrent cleanup
[5.205s][info][gc          ] GC(176) Concurrent cleanup 67M->67M(246M) 0.096ms
[5.205s][info][gc,ergo     ] GC(176) Free: 1815M, Max: 512K regular, 1810M humongous, Frag: 1% external, 0% internal; Reserve: 101376K, Max: 512K
[5.205s][info][gc,start    ] GC(176) Concurrent class unloading
[5.205s][info][gc,task     ] GC(176) Using 2 of 8 workers for concurrent class unloading
[5.207s][info][gc          ] GC(176) Concurrent class unloading 1.540ms
[5.207s][info][gc,start    ] GC(176) Concurrent strong roots
[5.207s][info][gc,task     ] GC(176) Using 2 of 8 workers for concurrent strong root
[5.207s][info][gc          ] GC(176) Concurrent strong roots 0.435ms
[5.207s][info][gc,start    ] GC(176) Concurrent evacuation
[5.207s][info][gc,task     ] GC(176) Using 2 of 8 workers for concurrent evacuation
[5.231s][info][gc          ] GC(176) Concurrent evacuation 24.330ms
[5.231s][info][gc,start    ] GC(176) Pause Init Update Refs
[5.232s][info][gc,ergo     ] GC(176) Pacer for Update Refs. Used: 127M, Free: 1815M, Non-Taxable: 181M, Alloc Tax Rate: 1.1x
[5.232s][info][gc          ] GC(176) Pause Init Update Refs 0.052ms
[5.232s][info][gc,start    ] GC(176) Concurrent update references
[5.232s][info][gc,task     ] GC(176) Using 2 of 8 workers for concurrent reference update
[5.257s][info][gc          ] GC(176) Concurrent update references 25.424ms
[5.257s][info][gc,start    ] GC(176) Concurrent update thread roots
[5.257s][info][gc          ] GC(176) Concurrent update thread roots 0.198ms
[5.257s][info][gc,start    ] GC(176) Pause Final Update Refs
[5.257s][info][gc,task     ] GC(176) Using 8 of 8 workers for final reference update
[5.257s][info][gc          ] GC(176) Pause Final Update Refs 0.097ms
[5.257s][info][gc,start    ] GC(176) Concurrent cleanup
[5.257s][info][gc          ] GC(176) Concurrent cleanup 127M->66M(246M) 0.101ms
[5.258s][info][gc,ergo     ] Free: 1815M, Max: 512K regular, 1810M humongous, Frag: 1% external, 0% internal; Reserve: 101888K, Max: 512K
[5.258s][info][gc,stats    ] 
[5.258s][info][gc,stats    ] All times are wall-clock times, except per-root-class counters, that are sum over
[5.258s][info][gc,stats    ] all workers. Dividing the <total> over the root stage time estimates parallelism.
[5.258s][info][gc,stats    ] 
[5.258s][info][gc,stats    ] Concurrent Reset                    578 us
[5.258s][info][gc,stats    ] Pause Init Mark (G)                 161 us
[5.258s][info][gc,stats    ] Pause Init Mark (N)                  92 us
[5.258s][info][gc,stats    ]   Update Region States               21 us
[5.258s][info][gc,stats    ] Concurrent Mark Roots               247 us, parallelism: 1.01x
[5.258s][info][gc,stats    ]   CMR: <total>                      250 us
[5.258s][info][gc,stats    ]   CMR: Thread Roots                 146 us, workers (us):  29, 118, ---, ---, ---, ---, ---, ---, 
[5.258s][info][gc,stats    ]   CMR: VM Strong Roots                8 us, workers (us):   7,   1, ---, ---, ---, ---, ---, ---, 
[5.258s][info][gc,stats    ]   CMR: CLDG Roots                    97 us, workers (us):  97, ---, ---, ---, ---, ---, ---, ---, 
[5.258s][info][gc,stats    ] Concurrent Marking                48957 us
[5.258s][info][gc,stats    ] Pause Final Mark (G)                964 us
[5.258s][info][gc,stats    ] Pause Final Mark (N)                856 us
[5.258s][info][gc,stats    ]   Finish Mark                       556 us
[5.258s][info][gc,stats    ]   Update Region States               40 us
[5.258s][info][gc,stats    ]   Choose Collection Set              99 us
[5.258s][info][gc,stats    ]   Rebuild Free Set                   25 us
[5.258s][info][gc,stats    ] Concurrent Thread Roots             165 us, parallelism: 0.92x
[5.258s][info][gc,stats    ]   CTR: <total>                      152 us
[5.258s][info][gc,stats    ]   CTR: Thread Roots                 152 us, workers (us): 106,  46, ---, ---, ---, ---, ---, ---, 
[5.258s][info][gc,stats    ] Concurrent Weak References           96 us, parallelism: 0.64x
[5.258s][info][gc,stats    ]   CWRF: <total>                      61 us
[5.258s][info][gc,stats    ]   CWRF: Weak References              61 us, workers (us):  31,  30, ---, ---, ---, ---, ---, ---, 
[5.258s][info][gc,stats    ] Concurrent Weak Roots               916 us
[5.258s][info][gc,stats    ]   Roots                             851 us, parallelism: 1.84x
[5.258s][info][gc,stats    ]     CWR: <total>                   1568 us
[5.258s][info][gc,stats    ]     CWR: Code Cache Roots           880 us, workers (us): 442, 438, ---, ---, ---, ---, ---, ---, 
[5.258s][info][gc,stats    ]     CWR: VM Weak Roots              667 us, workers (us): 336, 331, ---, ---, ---, ---, ---, ---, 
[5.258s][info][gc,stats    ]     CWR: CLDG Roots                  21 us, workers (us): ---,  21, ---, ---, ---, ---, ---, ---, 
[5.258s][info][gc,stats    ]   Rendezvous                         31 us
[5.258s][info][gc,stats    ] Concurrent Cleanup                  104 us
[5.258s][info][gc,stats    ] Concurrent Class Unloading         1555 us
[5.258s][info][gc,stats    ]   Unlink Stale                     1456 us
[5.258s][info][gc,stats    ]     System Dictionary                36 us
[5.258s][info][gc,stats    ]     Weak Class Links                  0 us
[5.258s][info][gc,stats    ]     Code Roots                     1419 us
[5.258s][info][gc,stats    ]   Rendezvous                         31 us
[5.258s][info][gc,stats    ]   Purge Unlinked                     33 us
[5.258s][info][gc,stats    ]     Code Roots                       28 us
[5.258s][info][gc,stats    ]     CLDG                              5 us
[5.258s][info][gc,stats    ]     Exception Caches                  0 us
[5.258s][info][gc,stats    ] Concurrent Strong Roots             446 us, parallelism: 0.86x
[5.258s][info][gc,stats    ]   CSR: <total>                      384 us
[5.258s][info][gc,stats    ]   CSR: VM Strong Roots               12 us, workers (us):  11,   0, ---, ---, ---, ---, ---, ---, 
[5.258s][info][gc,stats    ]   CSR: CLDG Roots                   372 us, workers (us): 372, ---, ---, ---, ---, ---, ---, ---, 
[5.258s][info][gc,stats    ] Concurrent Evacuation             24364 us
[5.258s][info][gc,stats    ] Pause Init Update Refs (G)          113 us
[5.258s][info][gc,stats    ] Pause Init Update Refs (N)           62 us
[5.258s][info][gc,stats    ]   Manage GCLABs                       6 us
[5.258s][info][gc,stats    ] Concurrent Update Refs            25461 us
[5.258s][info][gc,stats    ] Concurrent Update Thread Roots      215 us
[5.258s][info][gc,stats    ] Pause Final Update Refs (G)         130 us
[5.258s][info][gc,stats    ] Pause Final Update Refs (N)         107 us
[5.258s][info][gc,stats    ]   Update Region States               41 us
[5.258s][info][gc,stats    ]   Trash Collection Set                3 us
[5.258s][info][gc,stats    ]   Rebuild Free Set                   18 us
[5.258s][info][gc,stats    ] Concurrent Cleanup                  116 us
[5.258s][info][gc,stats    ] 
[5.258s][info][gc,stats    ] Allocation pacing accrued:
[5.258s][info][gc,stats    ]       0 of   106 ms (  0.0%): <total>
[5.258s][info][gc,stats    ]       0 of   106 ms (  0.0%): <average total>
[5.258s][info][gc,stats    ] 
[5.258s][info][gc,metaspace] Metaspace: 24690K(25024K)->24690K(25024K) NonClass: 21951K(22144K)->21951K(22144K) Class: 2738K(2880K)->2738K(2880K)
[5.258s][info][gc,ergo     ] Pacer for Idle. Initial: 40642K, Alloc Tax Rate: 1.0x
[5.259s][info][gc          ] Trigger: Start next cycle immediately
[5.259s][info][gc,ergo     ] Free: 1815M, Max: 512K regular, 1810M humongous, Frag: 1% external, 0% internal; Reserve: 101888K, Max: 512K
[5.259s][info][gc,start    ] GC(177) Concurrent reset
[5.259s][info][gc,task     ] GC(177) Using 2 of 8 workers for concurrent reset
[5.259s][info][gc,ergo     ] GC(177) Pacer for Reset. Non-Taxable: 1984M
[5.260s][info][gc          ] GC(177) Concurrent reset 0.381ms
[5.260s][info][gc,start    ] GC(177) Pause Init Mark (unload classes)
[5.260s][info][gc,task     ] GC(177) Using 8 of 8 workers for init marking
[5.260s][info][gc,ergo     ] GC(177) Pacer for Mark. Expected Live: 66147K, Free: 1815M, Non-Taxable: 181M, Alloc Tax Rate: 0.0x
[5.260s][info][gc          ] GC(177) Pause Init Mark (unload classes) 0.069ms
[5.260s][info][gc,start    ] GC(177) Concurrent marking roots
[5.260s][info][gc,task     ] GC(177) Using 2 of 8 workers for concurrent marking roots
[5.260s][info][gc          ] GC(177) Concurrent marking roots 0.223ms
[5.260s][info][gc,start    ] GC(177) Concurrent marking (unload classes)
[5.260s][info][gc,task     ] GC(177) Using 2 of 8 workers for concurrent marking
[5.300s][info][gc          ] GC(177) Concurrent marking (unload classes) 40.460ms
[5.301s][info][gc,start    ] GC(177) Pause Final Mark (unload classes)
[5.301s][info][gc,task     ] GC(177) Using 8 of 8 workers for final marking
[5.302s][info][gc,ergo     ] GC(177) Collectable Garbage: 2288K (100%), Immediate: 512K (22%), CSet: 1776K (77%)
[5.302s][info][gc,ergo     ] GC(177) Pacer for Evacuation. Used CSet: 61952K, Free: 1815M, Non-Taxable: 181M, Alloc Tax Rate: 1.1x
[5.302s][info][gc          ] GC(177) Pause Final Mark (unload classes) 1.280ms
[5.302s][info][gc,start    ] GC(177) Concurrent thread roots
[5.302s][info][gc,task     ] GC(177) Using 2 of 8 workers for Concurrent thread roots
[5.302s][info][gc          ] GC(177) Concurrent thread roots 0.163ms
[5.302s][info][gc,start    ] GC(177) Concurrent weak references
[5.302s][info][gc,task     ] GC(177) Using 2 of 8 workers for concurrent weak references
[5.302s][info][gc,ref      ] GC(177) Encountered references: Soft: 4021, Weak: 1710, Final: 4, Phantom: 592
[5.302s][info][gc,ref      ] GC(177) Discovered  references: Soft: 0, Weak: 278, Final: 0, Phantom: 204
[5.302s][info][gc,ref      ] GC(177) Enqueued    references: Soft: 0, Weak: 0, Final: 0, Phantom: 0
[5.302s][info][gc          ] GC(177) Concurrent weak references 0.114ms
[5.302s][info][gc,start    ] GC(177) Concurrent weak roots
[5.302s][info][gc,task     ] GC(177) Using 2 of 8 workers for concurrent weak root
[5.303s][info][gc          ] GC(177) Concurrent weak roots 0.932ms
[5.303s][info][gc,start    ] GC(177) Concurrent cleanup
[5.303s][info][gc          ] GC(177) Concurrent cleanup 67M->67M(246M) 0.113ms
[5.303s][info][gc,ergo     ] GC(177) Free: 1815M, Max: 512K regular, 1810M humongous, Frag: 1% external, 0% internal; Reserve: 101376K, Max: 512K
[5.303s][info][gc,start    ] GC(177) Concurrent class unloading
[5.303s][info][gc,task     ] GC(177) Using 2 of 8 workers for concurrent class unloading
[5.306s][info][gc          ] GC(177) Concurrent class unloading 2.987ms
[5.306s][info][gc,start    ] GC(177) Concurrent strong roots
[5.306s][info][gc,task     ] GC(177) Using 2 of 8 workers for concurrent strong root
[5.307s][info][gc          ] GC(177) Concurrent strong roots 0.426ms
[5.307s][info][gc,start    ] GC(177) Concurrent evacuation
[5.307s][info][gc,task     ] GC(177) Using 2 of 8 workers for concurrent evacuation
[5.324s][info][gc          ] GC(177) Concurrent evacuation 17.410ms
[5.324s][info][gc,start    ] GC(177) Pause Init Update Refs
[5.324s][info][gc,ergo     ] GC(177) Pacer for Update Refs. Used: 126M, Free: 1815M, Non-Taxable: 181M, Alloc Tax Rate: 1.1x
[5.324s][info][gc          ] GC(177) Pause Init Update Refs 0.045ms
[5.324s][info][gc,start    ] GC(177) Concurrent update references
[5.324s][info][gc,task     ] GC(177) Using 2 of 8 workers for concurrent reference update
[5.352s][info][gc          ] GC(177) Concurrent update references 27.492ms
[5.352s][info][gc,start    ] GC(177) Concurrent update thread roots
[5.352s][info][gc          ] GC(177) Concurrent update thread roots 0.201ms
[5.352s][info][gc,start    ] GC(177) Pause Final Update Refs
[5.352s][info][gc,task     ] GC(177) Using 8 of 8 workers for final reference update
[5.352s][info][gc          ] GC(177) Pause Final Update Refs 0.104ms
[5.352s][info][gc,start    ] GC(177) Concurrent cleanup
[5.352s][info][gc          ] GC(177) Concurrent cleanup 126M->66M(246M) 0.100ms
[5.352s][info][gc,ergo     ] Free: 1816M, Max: 512K regular, 1810M humongous, Frag: 1% external, 0% internal; Reserve: 101888K, Max: 512K
[5.352s][info][gc,stats    ] 
[5.352s][info][gc,stats    ] All times are wall-clock times, except per-root-class counters, that are sum over
[5.352s][info][gc,stats    ] all workers. Dividing the <total> over the root stage time estimates parallelism.
[5.352s][info][gc,stats    ] 
[5.352s][info][gc,stats    ] Concurrent Reset                    396 us
[5.352s][info][gc,stats    ] Pause Init Mark (G)                 107 us
[5.352s][info][gc,stats    ] Pause Init Mark (N)                  78 us
[5.352s][info][gc,stats    ]   Update Region States               22 us
[5.352s][info][gc,stats    ] Concurrent Mark Roots               232 us, parallelism: 1.07x
[5.352s][info][gc,stats    ]   CMR: <total>                      249 us
[5.352s][info][gc,stats    ]   CMR: Thread Roots                 133 us, workers (us):  25, 109, ---, ---, ---, ---, ---, ---, 
[5.352s][info][gc,stats    ]   CMR: VM Strong Roots                8 us, workers (us):   8,   1, ---, ---, ---, ---, ---, ---, 
[5.352s][info][gc,stats    ]   CMR: CLDG Roots                   107 us, workers (us): 107, ---, ---, ---, ---, ---, ---, ---, 
[5.352s][info][gc,stats    ] Concurrent Marking                40495 us
[5.352s][info][gc,stats    ] Pause Final Mark (G)               1327 us
[5.352s][info][gc,stats    ] Pause Final Mark (N)               1290 us
[5.352s][info][gc,stats    ]   Finish Mark                      1096 us
[5.352s][info][gc,stats    ]   Update Region States               41 us
[5.353s][info][gc,stats    ]   Choose Collection Set              65 us
[5.353s][info][gc,stats    ]   Rebuild Free Set                   16 us
[5.353s][info][gc,stats    ] Concurrent Thread Roots             172 us, parallelism: 0.87x
[5.353s][info][gc,stats    ]   CTR: <total>                      150 us
[5.353s][info][gc,stats    ]   CTR: Thread Roots                 150 us, workers (us):  96,  54, ---, ---, ---, ---, ---, ---, 
[5.353s][info][gc,stats    ] Concurrent Weak References          121 us, parallelism: 0.49x
[5.353s][info][gc,stats    ]   CWRF: <total>                      60 us
[5.353s][info][gc,stats    ]   CWRF: Weak References              60 us, workers (us):  60,   0, ---, ---, ---, ---, ---, ---, 
[5.353s][info][gc,stats    ] Concurrent Weak Roots               951 us
[5.353s][info][gc,stats    ]   Roots                             879 us, parallelism: 1.83x
[5.353s][info][gc,stats    ]     CWR: <total>                   1611 us
[5.353s][info][gc,stats    ]     CWR: Code Cache Roots           899 us, workers (us): 439, 459, ---, ---, ---, ---, ---, ---, 
[5.353s][info][gc,stats    ]     CWR: VM Weak Roots              692 us, workers (us): 346, 345, ---, ---, ---, ---, ---, ---, 
[5.353s][info][gc,stats    ]     CWR: CLDG Roots                  21 us, workers (us): ---,  21, ---, ---, ---, ---, ---, ---, 
[5.353s][info][gc,stats    ]   Rendezvous                         35 us
[5.353s][info][gc,stats    ] Concurrent Cleanup                  121 us
[5.353s][info][gc,stats    ] Concurrent Class Unloading         3031 us
[5.353s][info][gc,stats    ]   Unlink Stale                     2919 us
[5.353s][info][gc,stats    ]     System Dictionary                48 us
[5.353s][info][gc,stats    ]     Weak Class Links                  0 us
[5.353s][info][gc,stats    ]     Code Roots                     2869 us
[5.353s][info][gc,stats    ]   Rendezvous                         32 us
[5.353s][info][gc,stats    ]   Purge Unlinked                     17 us
[5.353s][info][gc,stats    ]     Code Roots                        1 us
[5.353s][info][gc,stats    ]     CLDG                             15 us
[5.353s][info][gc,stats    ]     Exception Caches                  0 us
[5.353s][info][gc,stats    ] Concurrent Strong Roots             446 us, parallelism: 0.82x
[5.353s][info][gc,stats    ]   CSR: <total>                      365 us
[5.353s][info][gc,stats    ]   CSR: VM Strong Roots               11 us, workers (us):  11,   0, ---, ---, ---, ---, ---, ---, 
[5.353s][info][gc,stats    ]   CSR: CLDG Roots                   354 us, workers (us): 354, ---, ---, ---, ---, ---, ---, ---, 
[5.353s][info][gc,stats    ] Concurrent Evacuation             17459 us
[5.353s][info][gc,stats    ] Pause Init Update Refs (G)          105 us
[5.353s][info][gc,stats    ] Pause Init Update Refs (N)           54 us
[5.353s][info][gc,stats    ]   Manage GCLABs                       5 us
[5.353s][info][gc,stats    ] Concurrent Update Refs            27551 us
[5.353s][info][gc,stats    ] Concurrent Update Thread Roots      214 us
[5.353s][info][gc,stats    ] Pause Final Update Refs (G)         137 us
[5.353s][info][gc,stats    ] Pause Final Update Refs (N)         114 us
[5.353s][info][gc,stats    ]   Update Region States               44 us
[5.353s][info][gc,stats    ]   Trash Collection Set                3 us
[5.353s][info][gc,stats    ]   Rebuild Free Set                   18 us
[5.353s][info][gc,stats    ] Concurrent Cleanup                  114 us
[5.353s][info][gc,stats    ] 
[5.353s][info][gc,stats    ] Allocation pacing accrued:
[5.353s][info][gc,stats    ]       0 of    95 ms (  0.0%): <total>
[5.353s][info][gc,stats    ]       0 of    95 ms (  0.0%): <average total>
[5.353s][info][gc,stats    ] 
[5.353s][info][gc,metaspace] Metaspace: 24690K(25024K)->24690K(25024K) NonClass: 21951K(22144K)->21951K(22144K) Class: 2738K(2880K)->2738K(2880K)
[5.353s][info][gc,ergo     ] Pacer for Idle. Initial: 40642K, Alloc Tax Rate: 1.0x
[5.354s][info][gc          ] Trigger: Start next cycle immediately
[5.354s][info][gc,ergo     ] Free: 1816M, Max: 512K regular, 1810M humongous, Frag: 1% external, 0% internal; Reserve: 101888K, Max: 512K
[5.354s][info][gc,start    ] GC(178) Concurrent reset
[5.354s][info][gc,task     ] GC(178) Using 2 of 8 workers for concurrent reset
[5.354s][info][gc,ergo     ] GC(178) Pacer for Reset. Non-Taxable: 1984M
[5.355s][info][gc          ] GC(178) Concurrent reset 0.542ms
[5.355s][info][gc,start    ] GC(178) Pause Init Mark
[5.355s][info][gc,task     ] GC(178) Using 8 of 8 workers for init marking
[5.355s][info][gc,ergo     ] GC(178) Pacer for Mark. Expected Live: 66147K, Free: 1816M, Non-Taxable: 181M, Alloc Tax Rate: 0.0x
[5.355s][info][gc          ] GC(178) Pause Init Mark 0.072ms
[5.355s][info][gc,start    ] GC(178) Concurrent marking roots
[5.355s][info][gc,task     ] GC(178) Using 2 of 8 workers for concurrent marking roots
[5.356s][info][gc          ] GC(178) Concurrent marking roots 0.897ms
[5.356s][info][gc,start    ] GC(178) Concurrent marking
[5.356s][info][gc,task     ] GC(178) Using 2 of 8 workers for concurrent marking
[5.387s][info][gc          ] GC(178) Concurrent marking 31.488ms
[5.387s][info][gc,start    ] GC(178) Pause Final Mark
[5.387s][info][gc,task     ] GC(178) Using 8 of 8 workers for final marking
[5.393s][info][gc,ergo     ] GC(178) Collectable Garbage: 1745K (100%), Immediate: 512K (29%), CSet: 1233K (70%)
[5.394s][info][gc,ergo     ] GC(178) Pacer for Evacuation. Used CSet: 61409K, Free: 1816M, Non-Taxable: 181M, Alloc Tax Rate: 1.1x
[5.394s][info][gc          ] GC(178) Pause Final Mark 6.352ms
[5.394s][info][gc,start    ] GC(178) Concurrent thread roots
[5.394s][info][gc,task     ] GC(178) Using 2 of 8 workers for Concurrent thread roots
[5.394s][info][gc          ] GC(178) Concurrent thread roots 0.152ms
[5.394s][info][gc,start    ] GC(178) Concurrent weak references
[5.394s][info][gc,task     ] GC(178) Using 2 of 8 workers for concurrent weak references
[5.394s][info][gc,ref      ] GC(178) Encountered references: Soft: 4021, Weak: 1710, Final: 4, Phantom: 592
[5.394s][info][gc,ref      ] GC(178) Discovered  references: Soft: 0, Weak: 804, Final: 1, Phantom: 335
[5.394s][info][gc,ref      ] GC(178) Enqueued    references: Soft: 0, Weak: 0, Final: 0, Phantom: 0
[5.394s][info][gc          ] GC(178) Concurrent weak references 0.195ms
[5.394s][info][gc,start    ] GC(178) Concurrent weak roots
[5.394s][info][gc,task     ] GC(178) Using 2 of 8 workers for concurrent weak root
[5.394s][info][gc          ] GC(178) Concurrent weak roots 0.466ms
[5.394s][info][gc,start    ] GC(178) Concurrent cleanup
[5.395s][info][gc          ] GC(178) Concurrent cleanup 67M->67M(246M) 0.115ms
[5.395s][info][gc,ergo     ] GC(178) Free: 1816M, Max: 512K regular, 1810M humongous, Frag: 1% external, 0% internal; Reserve: 101115K, Max: 512K
[5.395s][info][gc,start    ] GC(178) Concurrent strong roots
[5.395s][info][gc,task     ] GC(178) Using 2 of 8 workers for concurrent strong root
[5.395s][info][gc          ] GC(178) Concurrent strong roots 0.902ms
[5.396s][info][gc,start    ] GC(178) Concurrent evacuation
[5.396s][info][gc,task     ] GC(178) Using 2 of 8 workers for concurrent evacuation
[5.416s][info][gc          ] GC(178) Concurrent evacuation 20.149ms
[5.416s][info][gc,start    ] GC(178) Pause Init Update Refs
[5.416s][info][gc,ergo     ] GC(178) Pacer for Update Refs. Used: 126M, Free: 1815M, Non-Taxable: 181M, Alloc Tax Rate: 1.1x
[5.416s][info][gc          ] GC(178) Pause Init Update Refs 0.052ms
[5.416s][info][gc,start    ] GC(178) Concurrent update references
[5.416s][info][gc,task     ] GC(178) Using 2 of 8 workers for concurrent reference update
[5.457s][info][gc          ] GC(178) Concurrent update references 41.231ms
[5.457s][info][gc,start    ] GC(178) Concurrent update thread roots
[5.457s][info][gc          ] GC(178) Concurrent update thread roots 0.194ms
[5.457s][info][gc,start    ] GC(178) Pause Final Update Refs
[5.457s][info][gc,task     ] GC(178) Using 8 of 8 workers for final reference update
[5.457s][info][gc          ] GC(178) Pause Final Update Refs 0.101ms
[5.457s][info][gc,start    ] GC(178) Concurrent cleanup
[5.458s][info][gc          ] GC(178) Concurrent cleanup 126M->66M(246M) 0.098ms
[5.458s][info][gc,ergo     ] Free: 1815M, Max: 512K regular, 1810M humongous, Frag: 1% external, 0% internal; Reserve: 101888K, Max: 512K
[5.458s][info][gc,stats    ] 
[5.458s][info][gc,stats    ] All times are wall-clock times, except per-root-class counters, that are sum over
[5.458s][info][gc,stats    ] all workers. Dividing the <total> over the root stage time estimates parallelism.
[5.458s][info][gc,stats    ] 
[5.458s][info][gc,stats    ] Concurrent Reset                    561 us
[5.458s][info][gc,stats    ] Pause Init Mark (G)                 109 us
[5.458s][info][gc,stats    ] Pause Init Mark (N)                  81 us
[5.458s][info][gc,stats    ]   Update Region States               22 us
[5.458s][info][gc,stats    ] Concurrent Mark Roots               923 us, parallelism: 1.72x
[5.458s][info][gc,stats    ]   CMR: <total>                     1587 us
[5.458s][info][gc,stats    ]   CMR: Thread Roots                 145 us, workers (us): 127,  17, ---, ---, ---, ---, ---, ---, 
[5.458s][info][gc,stats    ]   CMR: Code Cache Roots            1172 us, workers (us): 675, 497, ---, ---, ---, ---, ---, ---, 
[5.458s][info][gc,stats    ]   CMR: VM Strong Roots                8 us, workers (us):   4,   4, ---, ---, ---, ---, ---, ---, 
[5.458s][info][gc,stats    ]   CMR: CLDG Roots                   262 us, workers (us): ---, 262, ---, ---, ---, ---, ---, ---, 
[5.458s][info][gc,stats    ] Concurrent Marking                31529 us
[5.458s][info][gc,stats    ] Pause Final Mark (G)               6397 us
[5.458s][info][gc,stats    ] Pause Final Mark (N)               6361 us
[5.458s][info][gc,stats    ]   Finish Mark                      6161 us
[5.458s][info][gc,stats    ]   Update Region States               47 us
[5.458s][info][gc,stats    ]   Choose Collection Set              69 us
[5.458s][info][gc,stats    ]   Rebuild Free Set                   17 us
[5.458s][info][gc,stats    ] Concurrent Thread Roots             168 us, parallelism: 1.06x
[5.458s][info][gc,stats    ]   CTR: <total>                      178 us
[5.458s][info][gc,stats    ]   CTR: Thread Roots                 178 us, workers (us):  95,  83, ---, ---, ---, ---, ---, ---, 
[5.458s][info][gc,stats    ] Concurrent Weak References          204 us, parallelism: 0.56x
[5.458s][info][gc,stats    ]   CWRF: <total>                     115 us
[5.458s][info][gc,stats    ]   CWRF: Weak References             115 us, workers (us): 115,   0, ---, ---, ---, ---, ---, ---, 
[5.458s][info][gc,stats    ] Concurrent Weak Roots               480 us
[5.458s][info][gc,stats    ]   Roots                             410 us, parallelism: 1.74x
[5.458s][info][gc,stats    ]     CWR: <total>                    712 us
[5.458s][info][gc,stats    ]     CWR: VM Weak Roots              712 us, workers (us): 361, 351, ---, ---, ---, ---, ---, ---, 
[5.458s][info][gc,stats    ]   Rendezvous                         32 us
[5.458s][info][gc,stats    ] Concurrent Cleanup                  124 us
[5.458s][info][gc,stats    ] Concurrent Strong Roots             923 us, parallelism: 1.82x
[5.458s][info][gc,stats    ]   CSR: <total>                     1678 us
[5.458s][info][gc,stats    ]   CSR: Code Cache Roots            1323 us, workers (us): 502, 821, ---, ---, ---, ---, ---, ---, 
[5.458s][info][gc,stats    ]   CSR: VM Strong Roots               18 us, workers (us):  11,   7, ---, ---, ---, ---, ---, ---, 
[5.458s][info][gc,stats    ]   CSR: CLDG Roots                   337 us, workers (us): 337, ---, ---, ---, ---, ---, ---, ---, 
[5.458s][info][gc,stats    ] Concurrent Evacuation             20196 us
[5.458s][info][gc,stats    ] Pause Init Update Refs (G)          116 us
[5.458s][info][gc,stats    ] Pause Init Update Refs (N)           62 us
[5.458s][info][gc,stats    ]   Manage GCLABs                       6 us
[5.458s][info][gc,stats    ] Concurrent Update Refs            41271 us
[5.458s][info][gc,stats    ] Concurrent Update Thread Roots      209 us
[5.458s][info][gc,stats    ] Pause Final Update Refs (G)         134 us
[5.458s][info][gc,stats    ] Pause Final Update Refs (N)         112 us
[5.458s][info][gc,stats    ]   Update Region States               41 us
[5.458s][info][gc,stats    ]   Trash Collection Set                3 us
[5.458s][info][gc,stats    ]   Rebuild Free Set                   20 us
[5.458s][info][gc,stats    ] Concurrent Cleanup                  113 us
[5.458s][info][gc,stats    ] 
[5.458s][info][gc,stats    ] Allocation pacing accrued:
[5.458s][info][gc,stats    ]       0 of   105 ms (  0.0%): <total>
[5.458s][info][gc,stats    ]       0 of   105 ms (  0.0%): <average total>
[5.458s][info][gc,stats    ] 
[5.458s][info][gc,metaspace] Metaspace: 24690K(25024K)->24691K(25024K) NonClass: 21951K(22144K)->21952K(22144K) Class: 2738K(2880K)->2738K(2880K)
[5.458s][info][gc,ergo     ] Pacer for Idle. Initial: 40642K, Alloc Tax Rate: 1.0x
[5.459s][info][gc          ] Trigger: Start next cycle immediately
[5.459s][info][gc,ergo     ] Free: 1815M, Max: 512K regular, 1810M humongous, Frag: 1% external, 0% internal; Reserve: 101888K, Max: 512K
[5.459s][info][gc,start    ] GC(179) Concurrent reset
[5.459s][info][gc,task     ] GC(179) Using 2 of 8 workers for concurrent reset
[5.459s][info][gc,ergo     ] GC(179) Pacer for Reset. Non-Taxable: 1984M
[5.460s][info][gc          ] GC(179) Concurrent reset 0.351ms
[5.460s][info][gc,start    ] GC(179) Pause Init Mark
[5.460s][info][gc,task     ] GC(179) Using 8 of 8 workers for init marking
[5.460s][info][gc,ergo     ] GC(179) Pacer for Mark. Expected Live: 66147K, Free: 1815M, Non-Taxable: 181M, Alloc Tax Rate: 0.0x
[5.460s][info][gc          ] GC(179) Pause Init Mark 0.066ms
[5.460s][info][gc,start    ] GC(179) Concurrent marking roots
[5.460s][info][gc,task     ] GC(179) Using 2 of 8 workers for concurrent marking roots
[5.461s][info][gc          ] GC(179) Concurrent marking roots 0.843ms
[5.461s][info][gc,start    ] GC(179) Concurrent marking
[5.461s][info][gc,task     ] GC(179) Using 2 of 8 workers for concurrent marking
[5.488s][info][gc          ] GC(179) Concurrent marking 27.852ms
[5.489s][info][gc,start    ] GC(179) Pause Final Mark
[5.489s][info][gc,task     ] GC(179) Using 8 of 8 workers for final marking
[5.489s][info][gc,ergo     ] GC(179) Collectable Garbage: 2286K (100%), Immediate: 512K (22%), CSet: 1774K (77%)
[5.489s][info][gc,ergo     ] GC(179) Pacer for Evacuation. Used CSet: 61950K, Free: 1815M, Non-Taxable: 181M, Alloc Tax Rate: 1.1x
[5.489s][info][gc          ] GC(179) Pause Final Mark 0.278ms
[5.489s][info][gc,start    ] GC(179) Concurrent thread roots
[5.489s][info][gc,task     ] GC(179) Using 2 of 8 workers for Concurrent thread roots
[5.489s][info][gc          ] GC(179) Concurrent thread roots 0.126ms
[5.489s][info][gc,start    ] GC(179) Concurrent weak references
[5.489s][info][gc,task     ] GC(179) Using 2 of 8 workers for concurrent weak references
[5.489s][info][gc,ref      ] GC(179) Encountered references: Soft: 4021, Weak: 1710, Final: 4, Phantom: 592
[5.489s][info][gc,ref      ] GC(179) Discovered  references: Soft: 0, Weak: 841, Final: 0, Phantom: 331
[5.489s][info][gc,ref      ] GC(179) Enqueued    references: Soft: 0, Weak: 0, Final: 0, Phantom: 0
[5.489s][info][gc          ] GC(179) Concurrent weak references 0.152ms
[5.489s][info][gc,start    ] GC(179) Concurrent weak roots
[5.489s][info][gc,task     ] GC(179) Using 2 of 8 workers for concurrent weak root
[5.490s][info][gc          ] GC(179) Concurrent weak roots 1.365ms
[5.491s][info][gc,start    ] GC(179) Concurrent cleanup
[5.491s][info][gc          ] GC(179) Concurrent cleanup 68M->67M(246M) 0.100ms
[5.491s][info][gc,ergo     ] GC(179) Free: 1815M, Max: 512K regular, 1810M humongous, Frag: 1% external, 0% internal; Reserve: 101118K, Max: 512K
[5.491s][info][gc,start    ] GC(179) Concurrent strong roots
[5.491s][info][gc,task     ] GC(179) Using 2 of 8 workers for concurrent strong root
[5.492s][info][gc          ] GC(179) Concurrent strong roots 1.604ms
[5.492s][info][gc,start    ] GC(179) Concurrent evacuation
[5.492s][info][gc,task     ] GC(179) Using 2 of 8 workers for concurrent evacuation
[5.508s][info][gc          ] GC(179) Concurrent evacuation 15.290ms
[5.508s][info][gc,start    ] GC(179) Pause Init Update Refs
[5.508s][info][gc,ergo     ] GC(179) Pacer for Update Refs. Used: 127M, Free: 1815M, Non-Taxable: 181M, Alloc Tax Rate: 1.1x
[5.508s][info][gc          ] GC(179) Pause Init Update Refs 0.044ms
[5.508s][info][gc,start    ] GC(179) Concurrent update references
[5.508s][info][gc,task     ] GC(179) Using 2 of 8 workers for concurrent reference update
[5.535s][info][gc          ] GC(179) Concurrent update references 27.416ms
[5.535s][info][gc,start    ] GC(179) Concurrent update thread roots
[5.535s][info][gc          ] GC(179) Concurrent update thread roots 0.207ms
[5.535s][info][gc,start    ] GC(179) Pause Final Update Refs
[5.535s][info][gc,task     ] GC(179) Using 8 of 8 workers for final reference update
[5.536s][info][gc          ] GC(179) Pause Final Update Refs 0.099ms
[5.536s][info][gc,start    ] GC(179) Concurrent cleanup
[5.536s][info][gc          ] GC(179) Concurrent cleanup 127M->67M(246M) 0.101ms
[5.536s][info][gc,ergo     ] Free: 1815M, Max: 512K regular, 1809M humongous, Frag: 1% external, 0% internal; Reserve: 101888K, Max: 512K
[5.536s][info][gc,stats    ] 
[5.536s][info][gc,stats    ] All times are wall-clock times, except per-root-class counters, that are sum over
[5.536s][info][gc,stats    ] all workers. Dividing the <total> over the root stage time estimates parallelism.
[5.536s][info][gc,stats    ] 
[5.536s][info][gc,stats    ] Concurrent Reset                    366 us
[5.536s][info][gc,stats    ] Pause Init Mark (G)                  98 us
[5.536s][info][gc,stats    ] Pause Init Mark (N)                  74 us
[5.536s][info][gc,stats    ]   Update Region States               22 us
[5.536s][info][gc,stats    ] Concurrent Mark Roots               871 us, parallelism: 1.72x
[5.536s][info][gc,stats    ]   CMR: <total>                     1495 us
[5.536s][info][gc,stats    ]   CMR: Thread Roots                 116 us, workers (us): 100,  16, ---, ---, ---, ---, ---, ---, 
[5.536s][info][gc,stats    ]   CMR: Code Cache Roots            1174 us, workers (us): 446, 728, ---, ---, ---, ---, ---, ---, 
[5.536s][info][gc,stats    ]   CMR: VM Strong Roots                9 us, workers (us):   6,   4, ---, ---, ---, ---, ---, ---, 
[5.536s][info][gc,stats    ]   CMR: CLDG Roots                   196 us, workers (us): 196, ---, ---, ---, ---, ---, ---, ---, 
[5.536s][info][gc,stats    ] Concurrent Marking                27890 us
[5.536s][info][gc,stats    ] Pause Final Mark (G)                311 us
[5.536s][info][gc,stats    ] Pause Final Mark (N)                287 us
[5.536s][info][gc,stats    ]   Finish Mark                       141 us
[5.536s][info][gc,stats    ]   Update Region States               30 us
[5.536s][info][gc,stats    ]   Choose Collection Set              46 us
[5.536s][info][gc,stats    ]   Rebuild Free Set                   15 us
[5.536s][info][gc,stats    ] Concurrent Thread Roots             142 us, parallelism: 0.89x
[5.536s][info][gc,stats    ]   CTR: <total>                      126 us
[5.536s][info][gc,stats    ]   CTR: Thread Roots                 126 us, workers (us):  65,  61, ---, ---, ---, ---, ---, ---, 
[5.536s][info][gc,stats    ] Concurrent Weak References          162 us, parallelism: 0.56x
[5.536s][info][gc,stats    ]   CWRF: <total>                      91 us
[5.536s][info][gc,stats    ]   CWRF: Weak References              91 us, workers (us):  90,   1, ---, ---, ---, ---, ---, ---, 
[5.536s][info][gc,stats    ] Concurrent Weak Roots              1431 us
[5.536s][info][gc,stats    ]   Roots                             398 us, parallelism: 1.67x
[5.537s][info][gc,stats    ]     CWR: <total>                    665 us
[5.537s][info][gc,stats    ]     CWR: VM Weak Roots              665 us, workers (us): 331, 333, ---, ---, ---, ---, ---, ---, 
[5.537s][info][gc,stats    ]   Rendezvous                        946 us
[5.537s][info][gc,stats    ] Concurrent Cleanup                  114 us
[5.537s][info][gc,stats    ] Concurrent Strong Roots            1630 us, parallelism: 0.95x
[5.537s][info][gc,stats    ]   CSR: <total>                     1546 us
[5.537s][info][gc,stats    ]   CSR: Code Cache Roots            1212 us, workers (us): 1212,   0, ---, ---, ---, ---, ---, ---, 
[5.537s][info][gc,stats    ]   CSR: VM Strong Roots               12 us, workers (us):  12,   0, ---, ---, ---, ---, ---, ---, 
[5.537s][info][gc,stats    ]   CSR: CLDG Roots                   322 us, workers (us): 322, ---, ---, ---, ---, ---, ---, ---, 
[5.537s][info][gc,stats    ] Concurrent Evacuation             15331 us
[5.537s][info][gc,stats    ] Pause Init Update Refs (G)           88 us
[5.537s][info][gc,stats    ] Pause Init Update Refs (N)           54 us
[5.537s][info][gc,stats    ]   Manage GCLABs                       4 us
[5.537s][info][gc,stats    ] Concurrent Update Refs            27463 us
[5.537s][info][gc,stats    ] Concurrent Update Thread Roots      229 us
[5.537s][info][gc,stats    ] Pause Final Update Refs (G)         133 us
[5.537s][info][gc,stats    ] Pause Final Update Refs (N)         108 us
[5.537s][info][gc,stats    ]   Update Region States               38 us
[5.537s][info][gc,stats    ]   Trash Collection Set                3 us
[5.537s][info][gc,stats    ]   Rebuild Free Set                   20 us
[5.537s][info][gc,stats    ] Concurrent Cleanup                  172 us
[5.537s][info][gc,stats    ] 
[5.537s][info][gc,stats    ] Allocation pacing accrued:
[5.537s][info][gc,stats    ]       0 of    79 ms (  0.0%): <total>
[5.537s][info][gc,stats    ]       0 of    79 ms (  0.0%): <average total>
[5.537s][info][gc,stats    ] 
[5.537s][info][gc,metaspace] Metaspace: 24691K(25024K)->24691K(25024K) NonClass: 21952K(22144K)->21952K(22144K) Class: 2738K(2880K)->2738K(2880K)
[5.537s][info][gc,ergo     ] Pacer for Idle. Initial: 40642K, Alloc Tax Rate: 1.0x
[5.538s][info][gc          ] Trigger: Start next cycle immediately
[5.538s][info][gc,ergo     ] Free: 1815M, Max: 512K regular, 1809M humongous, Frag: 1% external, 0% internal; Reserve: 101888K, Max: 512K
[5.538s][info][gc,start    ] GC(180) Concurrent reset
[5.538s][info][gc,task     ] GC(180) Using 2 of 8 workers for concurrent reset
[5.538s][info][gc,ergo     ] GC(180) Pacer for Reset. Non-Taxable: 1984M
[5.539s][info][gc          ] GC(180) Concurrent reset 0.443ms
[5.539s][info][gc,start    ] GC(180) Pause Init Mark (unload classes)
[5.539s][info][gc,task     ] GC(180) Using 8 of 8 workers for init marking
[5.539s][info][gc,ergo     ] GC(180) Pacer for Mark. Expected Live: 66147K, Free: 1815M, Non-Taxable: 181M, Alloc Tax Rate: 0.0x
[5.539s][info][gc          ] GC(180) Pause Init Mark (unload classes) 0.081ms
[5.539s][info][gc,start    ] GC(180) Concurrent marking roots
[5.539s][info][gc,task     ] GC(180) Using 2 of 8 workers for concurrent marking roots
[5.539s][info][gc          ] GC(180) Concurrent marking roots 0.284ms
[5.539s][info][gc,start    ] GC(180) Concurrent marking (unload classes)
[5.539s][info][gc,task     ] GC(180) Using 2 of 8 workers for concurrent marking
[5.581s][info][gc          ] GC(180) Concurrent marking (unload classes) 42.196ms
[5.582s][info][gc,start    ] GC(180) Pause Final Mark (unload classes)
[5.582s][info][gc,task     ] GC(180) Using 8 of 8 workers for final marking
[5.583s][info][gc,ergo     ] GC(180) Collectable Garbage: 2800K (100%), Immediate: 512K (18%), CSet: 2288K (81%)
[5.583s][info][gc,ergo     ] GC(180) Pacer for Evacuation. Used CSet: 62464K, Free: 1815M, Non-Taxable: 181M, Alloc Tax Rate: 1.1x
[5.583s][info][gc          ] GC(180) Pause Final Mark (unload classes) 1.773ms
[5.583s][info][gc,start    ] GC(180) Concurrent thread roots
[5.583s][info][gc,task     ] GC(180) Using 2 of 8 workers for Concurrent thread roots
[5.583s][info][gc          ] GC(180) Concurrent thread roots 0.149ms
[5.584s][info][gc,start    ] GC(180) Concurrent weak references
[5.584s][info][gc,task     ] GC(180) Using 2 of 8 workers for concurrent weak references
[5.584s][info][gc,ref      ] GC(180) Encountered references: Soft: 4021, Weak: 1710, Final: 4, Phantom: 592
[5.584s][info][gc,ref      ] GC(180) Discovered  references: Soft: 0, Weak: 337, Final: 0, Phantom: 258
[5.584s][info][gc,ref      ] GC(180) Enqueued    references: Soft: 0, Weak: 0, Final: 0, Phantom: 0
[5.584s][info][gc          ] GC(180) Concurrent weak references 0.135ms
[5.584s][info][gc,start    ] GC(180) Concurrent weak roots
[5.584s][info][gc,task     ] GC(180) Using 2 of 8 workers for concurrent weak root
[5.585s][info][gc          ] GC(180) Concurrent weak roots 0.881ms
[5.585s][info][gc,start    ] GC(180) Concurrent cleanup
[5.585s][info][gc          ] GC(180) Concurrent cleanup 68M->67M(246M) 0.131ms
[5.585s][info][gc,ergo     ] GC(180) Free: 1815M, Max: 512K regular, 1809M humongous, Frag: 1% external, 0% internal; Reserve: 101376K, Max: 512K
[5.585s][info][gc,start    ] GC(180) Concurrent class unloading
[5.585s][info][gc,task     ] GC(180) Using 2 of 8 workers for concurrent class unloading
[5.586s][info][gc          ] GC(180) Concurrent class unloading 1.628ms
[5.587s][info][gc,start    ] GC(180) Concurrent strong roots
[5.587s][info][gc,task     ] GC(180) Using 2 of 8 workers for concurrent strong root
[5.587s][info][gc          ] GC(180) Concurrent strong roots 0.467ms
[5.587s][info][gc,start    ] GC(180) Concurrent evacuation
[5.587s][info][gc,task     ] GC(180) Using 2 of 8 workers for concurrent evacuation
[5.605s][info][gc          ] GC(180) Concurrent evacuation 17.832ms
[5.605s][info][gc,start    ] GC(180) Pause Init Update Refs
[5.605s][info][gc,ergo     ] GC(180) Pacer for Update Refs. Used: 127M, Free: 1814M, Non-Taxable: 181M, Alloc Tax Rate: 1.1x
[5.605s][info][gc          ] GC(180) Pause Init Update Refs 0.043ms
[5.605s][info][gc,start    ] GC(180) Concurrent update references
[5.605s][info][gc,task     ] GC(180) Using 2 of 8 workers for concurrent reference update
[5.628s][info][gc          ] GC(180) Concurrent update references 23.477ms
[5.629s][info][gc,start    ] GC(180) Concurrent update thread roots
[5.629s][info][gc          ] GC(180) Concurrent update thread roots 0.171ms
[5.629s][info][gc,start    ] GC(180) Pause Final Update Refs
[5.629s][info][gc,task     ] GC(180) Using 8 of 8 workers for final reference update
[5.629s][info][gc          ] GC(180) Pause Final Update Refs 0.082ms
[5.629s][info][gc,start    ] GC(180) Concurrent cleanup
[5.629s][info][gc          ] GC(180) Concurrent cleanup 127M->66M(246M) 0.098ms
[5.629s][info][gc,ergo     ] Free: 1815M, Max: 512K regular, 1810M humongous, Frag: 1% external, 0% internal; Reserve: 101888K, Max: 512K
[5.629s][info][gc,stats    ] 
[5.629s][info][gc,stats    ] All times are wall-clock times, except per-root-class counters, that are sum over
[5.629s][info][gc,stats    ] all workers. Dividing the <total> over the root stage time estimates parallelism.
[5.629s][info][gc,stats    ] 
[5.629s][info][gc,stats    ] Concurrent Reset                    485 us
[5.629s][info][gc,stats    ] Pause Init Mark (G)                 149 us
[5.629s][info][gc,stats    ] Pause Init Mark (N)                  90 us
[5.629s][info][gc,stats    ]   Update Region States               21 us
[5.629s][info][gc,stats    ] Concurrent Mark Roots               323 us, parallelism: 0.63x
[5.629s][info][gc,stats    ]   CMR: <total>                      202 us
[5.629s][info][gc,stats    ]   CMR: Thread Roots                 112 us, workers (us): 112,   0, ---, ---, ---, ---, ---, ---, 
[5.629s][info][gc,stats    ]   CMR: VM Strong Roots                6 us, workers (us):   6,   0, ---, ---, ---, ---, ---, ---, 
[5.629s][info][gc,stats    ]   CMR: CLDG Roots                    84 us, workers (us):  84, ---, ---, ---, ---, ---, ---, ---, 
[5.629s][info][gc,stats    ] Concurrent Marking                42294 us
[5.629s][info][gc,stats    ] Pause Final Mark (G)               1816 us
[5.629s][info][gc,stats    ] Pause Final Mark (N)               1780 us
[5.629s][info][gc,stats    ]   Finish Mark                      1613 us
[5.629s][info][gc,stats    ]   Update Region States               35 us
[5.629s][info][gc,stats    ]   Choose Collection Set              56 us
[5.629s][info][gc,stats    ]   Rebuild Free Set                   17 us
[5.629s][info][gc,stats    ] Concurrent Thread Roots             163 us, parallelism: 0.94x
[5.629s][info][gc,stats    ]   CTR: <total>                      153 us
[5.629s][info][gc,stats    ]   CTR: Thread Roots                 153 us, workers (us):  82,  71, ---, ---, ---, ---, ---, ---, 
[5.629s][info][gc,stats    ] Concurrent Weak References          159 us, parallelism: 0.43x
[5.629s][info][gc,stats    ]   CWRF: <total>                      68 us
[5.629s][info][gc,stats    ]   CWRF: Weak References              68 us, workers (us):  29,  39, ---, ---, ---, ---, ---, ---, 
[5.629s][info][gc,stats    ] Concurrent Weak Roots               943 us
[5.629s][info][gc,stats    ]   Roots                             813 us, parallelism: 1.86x
[5.629s][info][gc,stats    ]     CWR: <total>                   1510 us
[5.629s][info][gc,stats    ]     CWR: Code Cache Roots           842 us, workers (us): 427, 415, ---, ---, ---, ---, ---, ---, 
[5.629s][info][gc,stats    ]     CWR: VM Weak Roots              652 us, workers (us): 331, 321, ---, ---, ---, ---, ---, ---, 
[5.629s][info][gc,stats    ]     CWR: CLDG Roots                  16 us, workers (us): ---,  16, ---, ---, ---, ---, ---, ---, 
[5.629s][info][gc,stats    ]   Rendezvous                         32 us
[5.629s][info][gc,stats    ] Concurrent Cleanup                  172 us
[5.629s][info][gc,stats    ] Concurrent Class Unloading         1676 us
[5.629s][info][gc,stats    ]   Unlink Stale                     1531 us
[5.629s][info][gc,stats    ]     System Dictionary               128 us
[5.629s][info][gc,stats    ]     Weak Class Links                  0 us
[5.629s][info][gc,stats    ]     Code Roots                     1402 us
[5.629s][info][gc,stats    ]   Rendezvous                         25 us
[5.629s][info][gc,stats    ]   Purge Unlinked                      5 us
[5.629s][info][gc,stats    ]     Code Roots                        1 us
[5.629s][info][gc,stats    ]     CLDG                              4 us
[5.629s][info][gc,stats    ]     Exception Caches                  0 us
[5.629s][info][gc,stats    ] Concurrent Strong Roots             503 us, parallelism: 0.66x
[5.629s][info][gc,stats    ]   CSR: <total>                      332 us
[5.629s][info][gc,stats    ]   CSR: VM Strong Roots               12 us, workers (us):   7,   5, ---, ---, ---, ---, ---, ---, 
[5.629s][info][gc,stats    ]   CSR: CLDG Roots                   319 us, workers (us): 319, ---, ---, ---, ---, ---, ---, ---, 
[5.629s][info][gc,stats    ] Concurrent Evacuation             17869 us
[5.629s][info][gc,stats    ] Pause Init Update Refs (G)           84 us
[5.629s][info][gc,stats    ] Pause Init Update Refs (N)           51 us
[5.629s][info][gc,stats    ]   Manage GCLABs                       4 us
[5.629s][info][gc,stats    ] Concurrent Update Refs            23512 us
[5.629s][info][gc,stats    ] Concurrent Update Thread Roots      183 us
[5.629s][info][gc,stats    ] Pause Final Update Refs (G)         114 us
[5.629s][info][gc,stats    ] Pause Final Update Refs (N)          92 us
[5.629s][info][gc,stats    ]   Update Region States               30 us
[5.629s][info][gc,stats    ]   Trash Collection Set                4 us
[5.629s][info][gc,stats    ]   Rebuild Free Set                   18 us
[5.629s][info][gc,stats    ] Concurrent Cleanup                  109 us
[5.629s][info][gc,stats    ] 
[5.630s][info][gc,stats    ] Allocation pacing accrued:
[5.630s][info][gc,stats    ]       0 of    93 ms (  0.0%): <total>
[5.630s][info][gc,stats    ]       0 of    93 ms (  0.0%): <average total>
[5.630s][info][gc,stats    ] 
[5.630s][info][gc,metaspace] Metaspace: 24691K(25024K)->24691K(25024K) NonClass: 21952K(22144K)->21952K(22144K) Class: 2738K(2880K)->2738K(2880K)
[5.630s][info][gc,ergo     ] Pacer for Idle. Initial: 40642K, Alloc Tax Rate: 1.0x
[5.631s][info][gc          ] Trigger: Start next cycle immediately
[5.631s][info][gc,ergo     ] Free: 1815M, Max: 512K regular, 1810M humongous, Frag: 1% external, 0% internal; Reserve: 101888K, Max: 512K
[5.631s][info][gc,start    ] GC(181) Concurrent reset
[5.631s][info][gc,task     ] GC(181) Using 2 of 8 workers for concurrent reset
[5.631s][info][gc,ergo     ] GC(181) Pacer for Reset. Non-Taxable: 1984M
[5.631s][info][gc          ] GC(181) Concurrent reset 0.586ms
[5.631s][info][gc,start    ] GC(181) Pause Init Mark (unload classes)
[5.631s][info][gc,task     ] GC(181) Using 8 of 8 workers for init marking
[5.631s][info][gc,ergo     ] GC(181) Pacer for Mark. Expected Live: 66147K, Free: 1815M, Non-Taxable: 181M, Alloc Tax Rate: 0.0x
[5.631s][info][gc          ] GC(181) Pause Init Mark (unload classes) 0.172ms
[5.632s][info][gc,start    ] GC(181) Concurrent marking roots
[5.632s][info][gc,task     ] GC(181) Using 2 of 8 workers for concurrent marking roots
[5.632s][info][gc          ] GC(181) Concurrent marking roots 0.208ms
[5.632s][info][gc,start    ] GC(181) Concurrent marking (unload classes)
[5.632s][info][gc,task     ] GC(181) Using 2 of 8 workers for concurrent marking
[5.662s][info][gc          ] GC(181) Concurrent marking (unload classes) 30.478ms
[5.662s][info][gc,start    ] GC(181) Pause Final Mark (unload classes)
[5.662s][info][gc,task     ] GC(181) Using 8 of 8 workers for final marking
[5.663s][info][gc,ergo     ] GC(181) Collectable Garbage: 2288K (100%), Immediate: 512K (22%), CSet: 1776K (77%)
[5.663s][info][gc,ergo     ] GC(181) Pacer for Evacuation. Used CSet: 61952K, Free: 1815M, Non-Taxable: 181M, Alloc Tax Rate: 1.1x
[5.663s][info][gc          ] GC(181) Pause Final Mark (unload classes) 0.297ms
[5.663s][info][gc,start    ] GC(181) Concurrent thread roots
[5.663s][info][gc,task     ] GC(181) Using 2 of 8 workers for Concurrent thread roots
[5.663s][info][gc          ] GC(181) Concurrent thread roots 0.141ms
[5.663s][info][gc,start    ] GC(181) Concurrent weak references
[5.663s][info][gc,task     ] GC(181) Using 2 of 8 workers for concurrent weak references
[5.663s][info][gc,ref      ] GC(181) Encountered references: Soft: 4021, Weak: 1710, Final: 4, Phantom: 592
[5.663s][info][gc,ref      ] GC(181) Discovered  references: Soft: 0, Weak: 310, Final: 1, Phantom: 333
[5.663s][info][gc,ref      ] GC(181) Enqueued    references: Soft: 0, Weak: 0, Final: 0, Phantom: 0
[5.663s][info][gc          ] GC(181) Concurrent weak references 0.120ms
[5.663s][info][gc,start    ] GC(181) Concurrent weak roots
[5.663s][info][gc,task     ] GC(181) Using 2 of 8 workers for concurrent weak root
[5.664s][info][gc          ] GC(181) Concurrent weak roots 0.865ms
[5.664s][info][gc,start    ] GC(181) Concurrent cleanup
[5.664s][info][gc          ] GC(181) Concurrent cleanup 67M->67M(246M) 0.104ms
[5.664s][info][gc,ergo     ] GC(181) Free: 1815M, Max: 512K regular, 1810M humongous, Frag: 1% external, 0% internal; Reserve: 101376K, Max: 512K
[5.664s][info][gc,start    ] GC(181) Concurrent class unloading
[5.664s][info][gc,task     ] GC(181) Using 2 of 8 workers for concurrent class unloading
[5.666s][info][gc          ] GC(181) Concurrent class unloading 1.561ms
[5.666s][info][gc,start    ] GC(181) Concurrent strong roots
[5.666s][info][gc,task     ] GC(181) Using 2 of 8 workers for concurrent strong root
[5.666s][info][gc          ] GC(181) Concurrent strong roots 0.436ms
[5.666s][info][gc,start    ] GC(181) Concurrent evacuation
[5.666s][info][gc,task     ] GC(181) Using 2 of 8 workers for concurrent evacuation
[5.681s][info][gc          ] GC(181) Concurrent evacuation 15.267ms
[5.681s][info][gc,start    ] GC(181) Pause Init Update Refs
[5.681s][info][gc,ergo     ] GC(181) Pacer for Update Refs. Used: 126M, Free: 1815M, Non-Taxable: 181M, Alloc Tax Rate: 1.1x
[5.681s][info][gc          ] GC(181) Pause Init Update Refs 0.048ms
[5.681s][info][gc,start    ] GC(181) Concurrent update references
[5.681s][info][gc,task     ] GC(181) Using 2 of 8 workers for concurrent reference update
[5.704s][info][gc          ] GC(181) Concurrent update references 22.862ms
[5.704s][info][gc,start    ] GC(181) Concurrent update thread roots
[5.704s][info][gc          ] GC(181) Concurrent update thread roots 0.180ms
[5.705s][info][gc,start    ] GC(181) Pause Final Update Refs
[5.705s][info][gc,task     ] GC(181) Using 8 of 8 workers for final reference update
[5.705s][info][gc          ] GC(181) Pause Final Update Refs 0.111ms
[5.705s][info][gc,start    ] GC(181) Concurrent cleanup
[5.705s][info][gc          ] GC(181) Concurrent cleanup 126M->66M(246M) 0.111ms
[5.705s][info][gc,ergo     ] Free: 1816M, Max: 512K regular, 1810M humongous, Frag: 1% external, 0% internal; Reserve: 101888K, Max: 512K
[5.705s][info][gc,stats    ] 
[5.705s][info][gc,stats    ] All times are wall-clock times, except per-root-class counters, that are sum over
[5.705s][info][gc,stats    ] all workers. Dividing the <total> over the root stage time estimates parallelism.
[5.705s][info][gc,stats    ] 
[5.705s][info][gc,stats    ] Concurrent Reset                    596 us
[5.705s][info][gc,stats    ] Pause Init Mark (G)                 252 us
[5.705s][info][gc,stats    ] Pause Init Mark (N)                 208 us
[5.705s][info][gc,stats    ]   Update Region States               22 us
[5.705s][info][gc,stats    ] Concurrent Mark Roots               220 us, parallelism: 1.07x
[5.705s][info][gc,stats    ]   CMR: <total>                      234 us
[5.705s][info][gc,stats    ]   CMR: Thread Roots                 139 us, workers (us):  25, 114, ---, ---, ---, ---, ---, ---, 
[5.705s][info][gc,stats    ]   CMR: VM Strong Roots                7 us, workers (us):   5,   2, ---, ---, ---, ---, ---, ---, 
[5.705s][info][gc,stats    ]   CMR: CLDG Roots                    88 us, workers (us):  88, ---, ---, ---, ---, ---, ---, ---, 
[5.705s][info][gc,stats    ] Concurrent Marking                30529 us
[5.705s][info][gc,stats    ] Pause Final Mark (G)                348 us
[5.705s][info][gc,stats    ] Pause Final Mark (N)                306 us
[5.705s][info][gc,stats    ]   Finish Mark                       149 us
[5.705s][info][gc,stats    ]   Update Region States               29 us
[5.705s][info][gc,stats    ]   Choose Collection Set              47 us
[5.705s][info][gc,stats    ]   Rebuild Free Set                   16 us
[5.705s][info][gc,stats    ] Concurrent Thread Roots             152 us, parallelism: 0.85x
[5.705s][info][gc,stats    ]   CTR: <total>                      129 us
[5.705s][info][gc,stats    ]   CTR: Thread Roots                 129 us, workers (us):  66,  63, ---, ---, ---, ---, ---, ---, 
[5.705s][info][gc,stats    ] Concurrent Weak References          128 us, parallelism: 0.46x
[5.705s][info][gc,stats    ]   CWRF: <total>                      58 us
[5.705s][info][gc,stats    ]   CWRF: Weak References              58 us, workers (us):  58,   1, ---, ---, ---, ---, ---, ---, 
[5.705s][info][gc,stats    ] Concurrent Weak Roots               879 us
[5.705s][info][gc,stats    ]   Roots                             817 us, parallelism: 1.85x
[5.705s][info][gc,stats    ]     CWR: <total>                   1514 us
[5.705s][info][gc,stats    ]     CWR: Code Cache Roots           837 us, workers (us): 416, 421, ---, ---, ---, ---, ---, ---, 
[5.705s][info][gc,stats    ]     CWR: VM Weak Roots              659 us, workers (us): 332, 327, ---, ---, ---, ---, ---, ---, 
[5.705s][info][gc,stats    ]     CWR: CLDG Roots                  18 us, workers (us):  18, ---, ---, ---, ---, ---, ---, ---, 
[5.705s][info][gc,stats    ]   Rendezvous                         31 us
[5.705s][info][gc,stats    ] Concurrent Cleanup                  113 us
[5.705s][info][gc,stats    ] Concurrent Class Unloading         1581 us
[5.705s][info][gc,stats    ]   Unlink Stale                     1505 us
[5.705s][info][gc,stats    ]     System Dictionary                37 us
[5.705s][info][gc,stats    ]     Weak Class Links                  0 us
[5.705s][info][gc,stats    ]     Code Roots                     1466 us
[5.705s][info][gc,stats    ]   Rendezvous                         31 us
[5.705s][info][gc,stats    ]   Purge Unlinked                      6 us
[5.705s][info][gc,stats    ]     Code Roots                        1 us
[5.705s][info][gc,stats    ]     CLDG                              4 us
[5.705s][info][gc,stats    ]     Exception Caches                  0 us
[5.705s][info][gc,stats    ] Concurrent Strong Roots             446 us, parallelism: 0.85x
[5.705s][info][gc,stats    ]   CSR: <total>                      377 us
[5.705s][info][gc,stats    ]   CSR: VM Strong Roots               12 us, workers (us):  11,   0, ---, ---, ---, ---, ---, ---, 
[5.705s][info][gc,stats    ]   CSR: CLDG Roots                   366 us, workers (us): 366, ---, ---, ---, ---, ---, ---, ---, 
[5.705s][info][gc,stats    ] Concurrent Evacuation             15307 us
[5.705s][info][gc,stats    ] Pause Init Update Refs (G)          118 us
[5.705s][info][gc,stats    ] Pause Init Update Refs (N)           58 us
[5.705s][info][gc,stats    ]   Manage GCLABs                       5 us
[5.705s][info][gc,stats    ] Concurrent Update Refs            22896 us
[5.705s][info][gc,stats    ] Concurrent Update Thread Roots      200 us
[5.705s][info][gc,stats    ] Pause Final Update Refs (G)         169 us
[5.705s][info][gc,stats    ] Pause Final Update Refs (N)         145 us
[5.705s][info][gc,stats    ]   Update Region States               47 us
[5.705s][info][gc,stats    ]   Trash Collection Set                3 us
[5.705s][info][gc,stats    ]   Rebuild Free Set                   19 us
[5.705s][info][gc,stats    ] Concurrent Cleanup                  123 us
[5.705s][info][gc,stats    ] 
[5.705s][info][gc,stats    ] Allocation pacing accrued:
[5.705s][info][gc,stats    ]       0 of    76 ms (  0.0%): <total>
[5.705s][info][gc,stats    ]       0 of    76 ms (  0.0%): <average total>
[5.705s][info][gc,stats    ] 
[5.705s][info][gc,metaspace] Metaspace: 24691K(25024K)->24691K(25024K) NonClass: 21952K(22144K)->21952K(22144K) Class: 2738K(2880K)->2738K(2880K)
[5.705s][info][gc,ergo     ] Pacer for Idle. Initial: 40642K, Alloc Tax Rate: 1.0x
[5.706s][info][gc          ] Trigger: Start next cycle immediately
[5.706s][info][gc,ergo     ] Free: 1816M, Max: 512K regular, 1810M humongous, Frag: 1% external, 0% internal; Reserve: 101888K, Max: 512K
[5.707s][info][gc,start    ] GC(182) Concurrent reset
[5.707s][info][gc,task     ] GC(182) Using 2 of 8 workers for concurrent reset
[5.707s][info][gc,ergo     ] GC(182) Pacer for Reset. Non-Taxable: 1984M
[5.707s][info][gc          ] GC(182) Concurrent reset 0.357ms
[5.707s][info][gc,start    ] GC(182) Pause Init Mark
[5.707s][info][gc,task     ] GC(182) Using 8 of 8 workers for init marking
[5.707s][info][gc,ergo     ] GC(182) Pacer for Mark. Expected Live: 66147K, Free: 1816M, Non-Taxable: 181M, Alloc Tax Rate: 0.0x
[5.707s][info][gc          ] GC(182) Pause Init Mark 0.071ms
[5.707s][info][gc,start    ] GC(182) Concurrent marking roots
[5.707s][info][gc,task     ] GC(182) Using 2 of 8 workers for concurrent marking roots
[5.708s][info][gc          ] GC(182) Concurrent marking roots 0.811ms
[5.708s][info][gc,start    ] GC(182) Concurrent marking
[5.708s][info][gc,task     ] GC(182) Using 2 of 8 workers for concurrent marking
[5.735s][info][gc          ] GC(182) Concurrent marking 27.602ms
[5.735s][info][gc,start    ] GC(182) Pause Final Mark
[5.735s][info][gc,task     ] GC(182) Using 8 of 8 workers for final marking
[5.737s][info][gc,ergo     ] GC(182) Collectable Garbage: 1776K (100%), Immediate: 512K (28%), CSet: 1264K (71%)
[5.737s][info][gc,ergo     ] GC(182) Pacer for Evacuation. Used CSet: 61440K, Free: 1816M, Non-Taxable: 181M, Alloc Tax Rate: 1.1x
[5.737s][info][gc          ] GC(182) Pause Final Mark 1.210ms
[5.737s][info][gc,start    ] GC(182) Concurrent thread roots
[5.737s][info][gc,task     ] GC(182) Using 2 of 8 workers for Concurrent thread roots
[5.737s][info][gc          ] GC(182) Concurrent thread roots 0.118ms
[5.737s][info][gc,start    ] GC(182) Concurrent weak references
[5.737s][info][gc,task     ] GC(182) Using 2 of 8 workers for concurrent weak references
[5.737s][info][gc,ref      ] GC(182) Encountered references: Soft: 4021, Weak: 1710, Final: 4, Phantom: 592
[5.737s][info][gc,ref      ] GC(182) Discovered  references: Soft: 0, Weak: 94, Final: 4, Phantom: 333
[5.737s][info][gc,ref      ] GC(182) Enqueued    references: Soft: 0, Weak: 0, Final: 0, Phantom: 0
[5.737s][info][gc          ] GC(182) Concurrent weak references 0.121ms
[5.737s][info][gc,start    ] GC(182) Concurrent weak roots
[5.737s][info][gc,task     ] GC(182) Using 2 of 8 workers for concurrent weak root
[5.737s][info][gc          ] GC(182) Concurrent weak roots 0.507ms
[5.738s][info][gc,start    ] GC(182) Concurrent cleanup
[5.738s][info][gc          ] GC(182) Concurrent cleanup 67M->66M(246M) 0.097ms
[5.738s][info][gc,ergo     ] GC(182) Free: 1816M, Max: 512K regular, 1810M humongous, Frag: 1% external, 0% internal; Reserve: 101376K, Max: 512K
[5.738s][info][gc,start    ] GC(182) Concurrent strong roots
[5.738s][info][gc,task     ] GC(182) Using 2 of 8 workers for concurrent strong root
[5.739s][info][gc          ] GC(182) Concurrent strong roots 0.970ms
[5.739s][info][gc,start    ] GC(182) Concurrent evacuation
[5.739s][info][gc,task     ] GC(182) Using 2 of 8 workers for concurrent evacuation
[5.759s][info][gc          ] GC(182) Concurrent evacuation 20.829ms
[5.760s][info][gc,start    ] GC(182) Pause Init Update Refs
[5.760s][info][gc,ergo     ] GC(182) Pacer for Update Refs. Used: 126M, Free: 1815M, Non-Taxable: 181M, Alloc Tax Rate: 1.1x
[5.760s][info][gc          ] GC(182) Pause Init Update Refs 0.048ms
[5.760s][info][gc,start    ] GC(182) Concurrent update references
[5.760s][info][gc,task     ] GC(182) Using 2 of 8 workers for concurrent reference update
[5.789s][info][gc          ] GC(182) Concurrent update references 28.958ms
[5.789s][info][gc,start    ] GC(182) Concurrent update thread roots
[5.789s][info][gc          ] GC(182) Concurrent update thread roots 0.181ms
[5.789s][info][gc,start    ] GC(182) Pause Final Update Refs
[5.789s][info][gc,task     ] GC(182) Using 8 of 8 workers for final reference update
[5.789s][info][gc          ] GC(182) Pause Final Update Refs 0.098ms
[5.789s][info][gc,start    ] GC(182) Concurrent cleanup
[5.789s][info][gc          ] GC(182) Concurrent cleanup 126M->66M(246M) 0.101ms
[5.789s][info][gc,ergo     ] Free: 1815M, Max: 512K regular, 1810M humongous, Frag: 1% external, 0% internal; Reserve: 101888K, Max: 512K
[5.789s][info][gc,stats    ] 
[5.789s][info][gc,stats    ] All times are wall-clock times, except per-root-class counters, that are sum over
[5.789s][info][gc,stats    ] all workers. Dividing the <total> over the root stage time estimates parallelism.
[5.789s][info][gc,stats    ] 
[5.789s][info][gc,stats    ] Concurrent Reset                    369 us
[5.789s][info][gc,stats    ] Pause Init Mark (G)                 114 us
[5.789s][info][gc,stats    ] Pause Init Mark (N)                  82 us
[5.789s][info][gc,stats    ]   Update Region States               20 us
[5.789s][info][gc,stats    ] Concurrent Mark Roots               830 us, parallelism: 1.73x
[5.789s][info][gc,stats    ]   CMR: <total>                     1434 us
[5.789s][info][gc,stats    ]   CMR: Thread Roots                 114 us, workers (us):  91,  23, ---, ---, ---, ---, ---, ---, 
[5.789s][info][gc,stats    ]   CMR: Code Cache Roots            1125 us, workers (us): 432, 693, ---, ---, ---, ---, ---, ---, 
[5.789s][info][gc,stats    ]   CMR: VM Strong Roots                8 us, workers (us):   6,   2, ---, ---, ---, ---, ---, ---, 
[5.789s][info][gc,stats    ]   CMR: CLDG Roots                   187 us, workers (us): 187, ---, ---, ---, ---, ---, ---, ---, 
[5.789s][info][gc,stats    ] Concurrent Marking                27635 us
[5.789s][info][gc,stats    ] Pause Final Mark (G)               1266 us
[5.789s][info][gc,stats    ] Pause Final Mark (N)               1224 us
[5.789s][info][gc,stats    ]   Finish Mark                      1047 us
[5.789s][info][gc,stats    ]   Update Region States               23 us
[5.789s][info][gc,stats    ]   Choose Collection Set              52 us
[5.789s][info][gc,stats    ]   Rebuild Free Set                   17 us
[5.789s][info][gc,stats    ] Concurrent Thread Roots             131 us, parallelism: 0.84x
[5.789s][info][gc,stats    ]   CTR: <total>                      110 us
[5.789s][info][gc,stats    ]   CTR: Thread Roots                 110 us, workers (us):  59,  52, ---, ---, ---, ---, ---, ---, 
[5.789s][info][gc,stats    ] Concurrent Weak References          131 us, parallelism: 0.40x
[5.789s][info][gc,stats    ]   CWRF: <total>                      52 us
[5.789s][info][gc,stats    ]   CWRF: Weak References              52 us, workers (us):  51,   2, ---, ---, ---, ---, ---, ---, 
[5.789s][info][gc,stats    ] Concurrent Weak Roots               524 us
[5.789s][info][gc,stats    ]   Roots                             453 us, parallelism: 1.71x
[5.790s][info][gc,stats    ]     CWR: <total>                    773 us
[5.790s][info][gc,stats    ]     CWR: VM Weak Roots              773 us, workers (us): 389, 384, ---, ---, ---, ---, ---, ---, 
[5.790s][info][gc,stats    ]   Rendezvous                         28 us
[5.790s][info][gc,stats    ] Concurrent Cleanup                  109 us
[5.790s][info][gc,stats    ] Concurrent Strong Roots             991 us, parallelism: 1.75x
[5.790s][info][gc,stats    ]   CSR: <total>                     1736 us
[5.790s][info][gc,stats    ]   CSR: Code Cache Roots            1406 us, workers (us): 508, 898, ---, ---, ---, ---, ---, ---, 
[5.790s][info][gc,stats    ]   CSR: VM Strong Roots               12 us, workers (us):  11,   0, ---, ---, ---, ---, ---, ---, 
[5.790s][info][gc,stats    ]   CSR: CLDG Roots                   318 us, workers (us): 318, ---, ---, ---, ---, ---, ---, ---, 
[5.790s][info][gc,stats    ] Concurrent Evacuation             20886 us
[5.790s][info][gc,stats    ] Pause Init Update Refs (G)          100 us
[5.790s][info][gc,stats    ] Pause Init Update Refs (N)           58 us
[5.790s][info][gc,stats    ]   Manage GCLABs                       5 us
[5.790s][info][gc,stats    ] Concurrent Update Refs            28995 us
[5.790s][info][gc,stats    ] Concurrent Update Thread Roots      201 us
[5.790s][info][gc,stats    ] Pause Final Update Refs (G)         157 us
[5.790s][info][gc,stats    ] Pause Final Update Refs (N)         113 us
[5.790s][info][gc,stats    ]   Update Region States               34 us
[5.790s][info][gc,stats    ]   Trash Collection Set                3 us
[5.790s][info][gc,stats    ]   Rebuild Free Set                   18 us
[5.790s][info][gc,stats    ] Concurrent Cleanup                  112 us
[5.790s][info][gc,stats    ] 
[5.790s][info][gc,stats    ] Allocation pacing accrued:
[5.790s][info][gc,stats    ]       0 of    84 ms (  0.0%): <total>
[5.790s][info][gc,stats    ]       0 of    84 ms (  0.0%): <average total>
[5.790s][info][gc,stats    ] 
[5.790s][info][gc,metaspace] Metaspace: 24691K(25024K)->24695K(25024K) NonClass: 21952K(22144K)->21956K(22144K) Class: 2738K(2880K)->2738K(2880K)
[5.790s][info][gc,ergo     ] Pacer for Idle. Initial: 40642K, Alloc Tax Rate: 1.0x
[5.791s][info][gc          ] Trigger: Start next cycle immediately
[5.791s][info][gc,ergo     ] Free: 1815M, Max: 512K regular, 1810M humongous, Frag: 1% external, 0% internal; Reserve: 101888K, Max: 512K
[5.791s][info][gc,start    ] GC(183) Concurrent reset
[5.791s][info][gc,task     ] GC(183) Using 2 of 8 workers for concurrent reset
[5.791s][info][gc,ergo     ] GC(183) Pacer for Reset. Non-Taxable: 1984M
[5.791s][info][gc          ] GC(183) Concurrent reset 0.400ms
[5.792s][info][gc,start    ] GC(183) Pause Init Mark
[5.792s][info][gc,task     ] GC(183) Using 8 of 8 workers for init marking
[5.792s][info][gc,ergo     ] GC(183) Pacer for Mark. Expected Live: 66147K, Free: 1815M, Non-Taxable: 181M, Alloc Tax Rate: 0.0x
[5.792s][info][gc          ] GC(183) Pause Init Mark 0.075ms
[5.792s][info][gc,start    ] GC(183) Concurrent marking roots
[5.792s][info][gc,task     ] GC(183) Using 2 of 8 workers for concurrent marking roots
[5.793s][info][gc          ] GC(183) Concurrent marking roots 1.578ms
[5.793s][info][gc,start    ] GC(183) Concurrent marking
[5.793s][info][gc,task     ] GC(183) Using 2 of 8 workers for concurrent marking
[5.823s][info][gc          ] GC(183) Concurrent marking 30.121ms
[5.823s][info][gc,start    ] GC(183) Pause Final Mark
[5.823s][info][gc,task     ] GC(183) Using 8 of 8 workers for final marking
[5.827s][info][gc,ergo     ] GC(183) Collectable Garbage: 2279K (100%), Immediate: 512K (22%), CSet: 1767K (77%)
[5.827s][info][gc,ergo     ] GC(183) Pacer for Evacuation. Used CSet: 61943K, Free: 1815M, Non-Taxable: 181M, Alloc Tax Rate: 1.1x
[5.827s][info][gc          ] GC(183) Pause Final Mark 3.448ms
[5.827s][info][gc,start    ] GC(183) Concurrent thread roots
[5.827s][info][gc,task     ] GC(183) Using 2 of 8 workers for Concurrent thread roots
[5.827s][info][gc          ] GC(183) Concurrent thread roots 0.141ms
[5.827s][info][gc,start    ] GC(183) Concurrent weak references
[5.827s][info][gc,task     ] GC(183) Using 2 of 8 workers for concurrent weak references
[5.827s][info][gc,ref      ] GC(183) Encountered references: Soft: 4021, Weak: 1710, Final: 4, Phantom: 592
[5.827s][info][gc,ref      ] GC(183) Discovered  references: Soft: 0, Weak: 544, Final: 1, Phantom: 257
[5.827s][info][gc,ref      ] GC(183) Enqueued    references: Soft: 0, Weak: 0, Final: 0, Phantom: 0
[5.827s][info][gc          ] GC(183) Concurrent weak references 0.183ms
[5.827s][info][gc,start    ] GC(183) Concurrent weak roots
[5.827s][info][gc,task     ] GC(183) Using 2 of 8 workers for concurrent weak root
[5.828s][info][gc          ] GC(183) Concurrent weak roots 0.806ms
[5.828s][info][gc,start    ] GC(183) Concurrent cleanup
[5.828s][info][gc          ] GC(183) Concurrent cleanup 68M->67M(246M) 0.136ms
[5.828s][info][gc,ergo     ] GC(183) Free: 1815M, Max: 512K regular, 1810M humongous, Frag: 1% external, 0% internal; Reserve: 101376K, Max: 512K
[5.828s][info][gc,start    ] GC(183) Concurrent strong roots
[5.828s][info][gc,task     ] GC(183) Using 2 of 8 workers for concurrent strong root
[5.830s][info][gc          ] GC(183) Concurrent strong roots 1.647ms
[5.830s][info][gc,start    ] GC(183) Concurrent evacuation
[5.830s][info][gc,task     ] GC(183) Using 2 of 8 workers for concurrent evacuation
[5.846s][info][gc          ] GC(183) Concurrent evacuation 15.796ms
[5.846s][info][gc,start    ] GC(183) Pause Init Update Refs
[5.846s][info][gc,ergo     ] GC(183) Pacer for Update Refs. Used: 127M, Free: 1814M, Non-Taxable: 181M, Alloc Tax Rate: 1.1x
[5.846s][info][gc          ] GC(183) Pause Init Update Refs 0.047ms
[5.846s][info][gc,start    ] GC(183) Concurrent update references
[5.846s][info][gc,task     ] GC(183) Using 2 of 8 workers for concurrent reference update
[5.874s][info][gc          ] GC(183) Concurrent update references 27.677ms
[5.874s][info][gc,start    ] GC(183) Concurrent update thread roots
[5.874s][info][gc          ] GC(183) Concurrent update thread roots 0.169ms
[5.874s][info][gc,start    ] GC(183) Pause Final Update Refs
[5.874s][info][gc,task     ] GC(183) Using 8 of 8 workers for final reference update
[5.874s][info][gc          ] GC(183) Pause Final Update Refs 0.086ms
[5.874s][info][gc,start    ] GC(183) Concurrent cleanup
[5.874s][info][gc          ] GC(183) Concurrent cleanup 127M->67M(246M) 0.081ms
[5.874s][info][gc,ergo     ] Free: 1815M, Max: 512K regular, 1810M humongous, Frag: 1% external, 0% internal; Reserve: 101888K, Max: 512K
[5.874s][info][gc,stats    ] 
[5.874s][info][gc,stats    ] All times are wall-clock times, except per-root-class counters, that are sum over
[5.874s][info][gc,stats    ] all workers. Dividing the <total> over the root stage time estimates parallelism.
[5.874s][info][gc,stats    ] 
[5.874s][info][gc,stats    ] Concurrent Reset                    413 us
[5.874s][info][gc,stats    ] Pause Init Mark (G)                 195 us
[5.874s][info][gc,stats    ] Pause Init Mark (N)                  84 us
[5.874s][info][gc,stats    ]   Update Region States               19 us
[5.874s][info][gc,stats    ] Concurrent Mark Roots              1588 us, parallelism: 0.92x
[5.874s][info][gc,stats    ]   CMR: <total>                     1463 us
[5.874s][info][gc,stats    ]   CMR: Thread Roots                 122 us, workers (us): 122,   0, ---, ---, ---, ---, ---, ---, 
[5.874s][info][gc,stats    ]   CMR: Code Cache Roots            1129 us, workers (us): 1129,   0, ---, ---, ---, ---, ---, ---, 
[5.874s][info][gc,stats    ]   CMR: VM Strong Roots                6 us, workers (us):   6,   0, ---, ---, ---, ---, ---, ---, 
[5.874s][info][gc,stats    ]   CMR: CLDG Roots                   206 us, workers (us): 206, ---, ---, ---, ---, ---, ---, ---, 
[5.874s][info][gc,stats    ] Concurrent Marking                30162 us
[5.874s][info][gc,stats    ] Pause Final Mark (G)               3663 us
[5.874s][info][gc,stats    ] Pause Final Mark (N)               3457 us
[5.874s][info][gc,stats    ]   Finish Mark                      3319 us
[5.874s][info][gc,stats    ]   Update Region States               21 us
[5.874s][info][gc,stats    ]   Choose Collection Set              46 us
[5.874s][info][gc,stats    ]   Rebuild Free Set                   16 us
[5.874s][info][gc,stats    ] Concurrent Thread Roots             160 us, parallelism: 0.81x
[5.875s][info][gc,stats    ]   CTR: <total>                      129 us
[5.875s][info][gc,stats    ]   CTR: Thread Roots                 129 us, workers (us):  73,  56, ---, ---, ---, ---, ---, ---, 
[5.875s][info][gc,stats    ] Concurrent Weak References          202 us, parallelism: 0.32x
[5.875s][info][gc,stats    ]   CWRF: <total>                      64 us
[5.875s][info][gc,stats    ]   CWRF: Weak References              64 us, workers (us):  64,   0, ---, ---, ---, ---, ---, ---, 
[5.875s][info][gc,stats    ] Concurrent Weak Roots               832 us
[5.875s][info][gc,stats    ]   Roots                             712 us, parallelism: 0.90x
[5.875s][info][gc,stats    ]     CWR: <total>                    642 us
[5.875s][info][gc,stats    ]     CWR: VM Weak Roots              642 us, workers (us): 641,   0, ---, ---, ---, ---, ---, ---, 
[5.875s][info][gc,stats    ]   Rendezvous                         32 us
[5.875s][info][gc,stats    ] Concurrent Cleanup                  154 us
[5.875s][info][gc,stats    ] Concurrent Strong Roots            1679 us, parallelism: 0.93x
[5.875s][info][gc,stats    ]   CSR: <total>                     1554 us
[5.875s][info][gc,stats    ]   CSR: Code Cache Roots            1201 us, workers (us): 1201,   0, ---, ---, ---, ---, ---, ---, 
[5.875s][info][gc,stats    ]   CSR: VM Strong Roots               13 us, workers (us):  13,   0, ---, ---, ---, ---, ---, ---, 
[5.875s][info][gc,stats    ]   CSR: CLDG Roots                   340 us, workers (us): 340, ---, ---, ---, ---, ---, ---, ---, 
[5.875s][info][gc,stats    ] Concurrent Evacuation             15839 us
[5.875s][info][gc,stats    ] Pause Init Update Refs (G)          110 us
[5.875s][info][gc,stats    ] Pause Init Update Refs (N)           61 us
[5.875s][info][gc,stats    ]   Manage GCLABs                       4 us
[5.875s][info][gc,stats    ] Concurrent Update Refs            27710 us
[5.875s][info][gc,stats    ] Concurrent Update Thread Roots      180 us
[5.875s][info][gc,stats    ] Pause Final Update Refs (G)         123 us
[5.875s][info][gc,stats    ] Pause Final Update Refs (N)          97 us
[5.875s][info][gc,stats    ]   Update Region States               42 us
[5.875s][info][gc,stats    ]   Trash Collection Set                4 us
[5.875s][info][gc,stats    ]   Rebuild Free Set                   21 us
[5.875s][info][gc,stats    ] Concurrent Cleanup                   91 us
[5.875s][info][gc,stats    ] 
[5.875s][info][gc,stats    ] Allocation pacing accrued:
[5.875s][info][gc,stats    ]       0 of    85 ms (  0.0%): <total>
[5.875s][info][gc,stats    ]       0 of    85 ms (  0.0%): <average total>
[5.875s][info][gc,stats    ] 
[5.875s][info][gc,metaspace] Metaspace: 24695K(25024K)->24695K(25024K) NonClass: 21956K(22144K)->21956K(22144K) Class: 2738K(2880K)->2738K(2880K)
[5.875s][info][gc,ergo     ] Pacer for Idle. Initial: 40642K, Alloc Tax Rate: 1.0x
[5.876s][info][gc          ] Trigger: Start next cycle immediately
[5.876s][info][gc,ergo     ] Free: 1815M, Max: 512K regular, 1810M humongous, Frag: 1% external, 0% internal; Reserve: 101888K, Max: 512K
[5.876s][info][gc,start    ] GC(184) Concurrent reset
[5.876s][info][gc,task     ] GC(184) Using 2 of 8 workers for concurrent reset
[5.876s][info][gc,ergo     ] GC(184) Pacer for Reset. Non-Taxable: 1984M
[5.877s][info][gc          ] GC(184) Concurrent reset 0.507ms
[5.877s][info][gc,start    ] GC(184) Pause Init Mark (unload classes)
[5.877s][info][gc,task     ] GC(184) Using 8 of 8 workers for init marking
[5.877s][info][gc,ergo     ] GC(184) Pacer for Mark. Expected Live: 66147K, Free: 1815M, Non-Taxable: 181M, Alloc Tax Rate: 0.0x
[5.877s][info][gc          ] GC(184) Pause Init Mark (unload classes) 0.049ms
[5.877s][info][gc,start    ] GC(184) Concurrent marking roots
[5.877s][info][gc,task     ] GC(184) Using 2 of 8 workers for concurrent marking roots
[5.877s][info][gc          ] GC(184) Concurrent marking roots 0.316ms
[5.877s][info][gc,start    ] GC(184) Concurrent marking (unload classes)
[5.877s][info][gc,task     ] GC(184) Using 2 of 8 workers for concurrent marking
[5.903s][info][gc          ] GC(184) Concurrent marking (unload classes) 25.966ms
[5.903s][info][gc,start    ] GC(184) Pause Final Mark (unload classes)
[5.903s][info][gc,task     ] GC(184) Using 8 of 8 workers for final marking
[5.904s][info][gc,ergo     ] GC(184) Collectable Garbage: 2789K (100%), Immediate: 512K (18%), CSet: 2277K (81%)
[5.904s][info][gc,ergo     ] GC(184) Pacer for Evacuation. Used CSet: 62453K, Free: 1815M, Non-Taxable: 181M, Alloc Tax Rate: 1.1x
[5.904s][info][gc          ] GC(184) Pause Final Mark (unload classes) 1.080ms
[5.904s][info][gc,start    ] GC(184) Concurrent thread roots
[5.904s][info][gc,task     ] GC(184) Using 2 of 8 workers for Concurrent thread roots
[5.904s][info][gc          ] GC(184) Concurrent thread roots 0.151ms
[5.904s][info][gc,start    ] GC(184) Concurrent weak references
[5.904s][info][gc,task     ] GC(184) Using 2 of 8 workers for concurrent weak references
[5.904s][info][gc,ref      ] GC(184) Encountered references: Soft: 4021, Weak: 1710, Final: 4, Phantom: 592
[5.904s][info][gc,ref      ] GC(184) Discovered  references: Soft: 0, Weak: 337, Final: 0, Phantom: 258
[5.904s][info][gc,ref      ] GC(184) Enqueued    references: Soft: 0, Weak: 0, Final: 0, Phantom: 0
[5.904s][info][gc          ] GC(184) Concurrent weak references 0.099ms
[5.904s][info][gc,start    ] GC(184) Concurrent weak roots
[5.904s][info][gc,task     ] GC(184) Using 2 of 8 workers for concurrent weak root
[5.905s][info][gc          ] GC(184) Concurrent weak roots 0.933ms
[5.905s][info][gc,start    ] GC(184) Concurrent cleanup
[5.906s][info][gc          ] GC(184) Concurrent cleanup 69M->69M(246M) 0.123ms
[5.906s][info][gc,ergo     ] GC(184) Free: 1814M, Max: 512K regular, 1810M humongous, Frag: 1% external, 0% internal; Reserve: 101118K, Max: 512K
[5.906s][info][gc,start    ] GC(184) Concurrent class unloading
[5.906s][info][gc,task     ] GC(184) Using 2 of 8 workers for concurrent class unloading
[5.907s][info][gc          ] GC(184) Concurrent class unloading 1.538ms
[5.907s][info][gc,start    ] GC(184) Concurrent strong roots
[5.907s][info][gc,task     ] GC(184) Using 2 of 8 workers for concurrent strong root
[5.908s][info][gc          ] GC(184) Concurrent strong roots 0.389ms
[5.908s][info][gc,start    ] GC(184) Concurrent evacuation
[5.908s][info][gc,task     ] GC(184) Using 2 of 8 workers for concurrent evacuation
[5.923s][info][gc          ] GC(184) Concurrent evacuation 15.634ms
[5.923s][info][gc,start    ] GC(184) Pause Init Update Refs
[5.923s][info][gc,ergo     ] GC(184) Pacer for Update Refs. Used: 128M, Free: 1814M, Non-Taxable: 181M, Alloc Tax Rate: 1.1x
[5.923s][info][gc          ] GC(184) Pause Init Update Refs 0.026ms
[5.923s][info][gc,start    ] GC(184) Concurrent update references
[5.923s][info][gc,task     ] GC(184) Using 2 of 8 workers for concurrent reference update
[5.951s][info][gc          ] GC(184) Concurrent update references 27.988ms
[5.951s][info][gc,start    ] GC(184) Concurrent update thread roots
[5.952s][info][gc          ] GC(184) Concurrent update thread roots 0.285ms
[5.952s][info][gc,start    ] GC(184) Pause Final Update Refs
[5.952s][info][gc,task     ] GC(184) Using 8 of 8 workers for final reference update
[5.952s][info][gc          ] GC(184) Pause Final Update Refs 0.163ms
[5.952s][info][gc,start    ] GC(184) Concurrent cleanup
[5.952s][info][gc          ] GC(184) Concurrent cleanup 128M->67M(246M) 0.082ms
[5.952s][info][gc,ergo     ] Free: 1814M, Max: 512K regular, 1809M humongous, Frag: 1% external, 0% internal; Reserve: 101888K, Max: 512K
[5.952s][info][gc,stats    ] 
[5.952s][info][gc,stats    ] All times are wall-clock times, except per-root-class counters, that are sum over
[5.952s][info][gc,stats    ] all workers. Dividing the <total> over the root stage time estimates parallelism.
[5.952s][info][gc,stats    ] 
[5.952s][info][gc,stats    ] Concurrent Reset                    520 us
[5.952s][info][gc,stats    ] Pause Init Mark (G)                  80 us
[5.952s][info][gc,stats    ] Pause Init Mark (N)                  57 us
[5.952s][info][gc,stats    ]   Update Region States               11 us
[5.952s][info][gc,stats    ] Concurrent Mark Roots               326 us, parallelism: 0.65x
[5.952s][info][gc,stats    ]   CMR: <total>                      212 us
[5.952s][info][gc,stats    ]   CMR: Thread Roots                 102 us, workers (us): 102,   0, ---, ---, ---, ---, ---, ---, 
[5.952s][info][gc,stats    ]   CMR: VM Strong Roots                7 us, workers (us):   7,   0, ---, ---, ---, ---, ---, ---, 
[5.952s][info][gc,stats    ]   CMR: CLDG Roots                   103 us, workers (us): 103, ---, ---, ---, ---, ---, ---, ---, 
[5.952s][info][gc,stats    ] Concurrent Marking                26000 us
[5.952s][info][gc,stats    ] Pause Final Mark (G)               1119 us
[5.952s][info][gc,stats    ] Pause Final Mark (N)               1090 us
[5.952s][info][gc,stats    ]   Finish Mark                       911 us
[5.952s][info][gc,stats    ]   Update Region States               33 us
[5.952s][info][gc,stats    ]   Choose Collection Set              57 us
[5.952s][info][gc,stats    ]   Rebuild Free Set                   16 us
[5.952s][info][gc,stats    ] Concurrent Thread Roots             161 us, parallelism: 0.56x
[5.952s][info][gc,stats    ]   CTR: <total>                       91 us
[5.952s][info][gc,stats    ]   CTR: Thread Roots                  91 us, workers (us):  81,   9, ---, ---, ---, ---, ---, ---, 
[5.952s][info][gc,stats    ] Concurrent Weak References          106 us, parallelism: 0.57x
[5.952s][info][gc,stats    ]   CWRF: <total>                      61 us
[5.952s][info][gc,stats    ]   CWRF: Weak References              61 us, workers (us):  35,  26, ---, ---, ---, ---, ---, ---, 
[5.952s][info][gc,stats    ] Concurrent Weak Roots               954 us
[5.952s][info][gc,stats    ]   Roots                             877 us, parallelism: 1.82x
[5.952s][info][gc,stats    ]     CWR: <total>                   1597 us
[5.952s][info][gc,stats    ]     CWR: Code Cache Roots           918 us, workers (us): 438, 480, ---, ---, ---, ---, ---, ---, 
[5.952s][info][gc,stats    ]     CWR: VM Weak Roots              665 us, workers (us): 333, 332, ---, ---, ---, ---, ---, ---, 
[5.952s][info][gc,stats    ]     CWR: CLDG Roots                  14 us, workers (us):  14, ---, ---, ---, ---, ---, ---, ---, 
[5.952s][info][gc,stats    ]   Rendezvous                         27 us
[5.952s][info][gc,stats    ] Concurrent Cleanup                  133 us
[5.952s][info][gc,stats    ] Concurrent Class Unloading         1561 us
[5.952s][info][gc,stats    ]   Unlink Stale                     1494 us
[5.952s][info][gc,stats    ]     System Dictionary                55 us
[5.952s][info][gc,stats    ]     Weak Class Links                  1 us
[5.952s][info][gc,stats    ]     Code Roots                     1437 us
[5.952s][info][gc,stats    ]   Rendezvous                         22 us
[5.952s][info][gc,stats    ]   Purge Unlinked                      7 us
[5.952s][info][gc,stats    ]     Code Roots                        1 us
[5.953s][info][gc,stats    ]     CLDG                              6 us
[5.953s][info][gc,stats    ]     Exception Caches                  0 us
[5.953s][info][gc,stats    ] Concurrent Strong Roots             404 us, parallelism: 0.84x
[5.953s][info][gc,stats    ]   CSR: <total>                      338 us
[5.953s][info][gc,stats    ]   CSR: VM Strong Roots               10 us, workers (us):   9,   0, ---, ---, ---, ---, ---, ---, 
[5.953s][info][gc,stats    ]   CSR: CLDG Roots                   329 us, workers (us): 329, ---, ---, ---, ---, ---, ---, ---, 
[5.953s][info][gc,stats    ] Concurrent Evacuation             15669 us
[5.953s][info][gc,stats    ] Pause Init Update Refs (G)           63 us
[5.953s][info][gc,stats    ] Pause Init Update Refs (N)           35 us
[5.953s][info][gc,stats    ]   Manage GCLABs                       5 us
[5.953s][info][gc,stats    ] Concurrent Update Refs            28057 us
[5.953s][info][gc,stats    ] Concurrent Update Thread Roots      298 us
[5.953s][info][gc,stats    ] Pause Final Update Refs (G)         209 us
[5.953s][info][gc,stats    ] Pause Final Update Refs (N)         174 us
[5.953s][info][gc,stats    ]   Update Region States               90 us
[5.953s][info][gc,stats    ]   Trash Collection Set                4 us
[5.953s][info][gc,stats    ]   Rebuild Free Set                   24 us
[5.953s][info][gc,stats    ] Concurrent Cleanup                   91 us
[5.953s][info][gc,stats    ] 
[5.953s][info][gc,stats    ] Allocation pacing accrued:
[5.953s][info][gc,stats    ]       0 of    78 ms (  0.0%): <total>
[5.953s][info][gc,stats    ]       0 of    78 ms (  0.0%): <average total>
[5.953s][info][gc,stats    ] 
[5.953s][info][gc,metaspace] Metaspace: 24695K(25024K)->24695K(25024K) NonClass: 21956K(22144K)->21956K(22144K) Class: 2738K(2880K)->2738K(2880K)
[5.953s][info][gc,ergo     ] Pacer for Idle. Initial: 40642K, Alloc Tax Rate: 1.0x
[5.954s][info][gc          ] Trigger: Start next cycle immediately
[5.954s][info][gc,ergo     ] Free: 1814M, Max: 512K regular, 1809M humongous, Frag: 1% external, 0% internal; Reserve: 101888K, Max: 512K
[5.954s][info][gc,start    ] GC(185) Concurrent reset
[5.954s][info][gc,task     ] GC(185) Using 2 of 8 workers for concurrent reset
[5.954s][info][gc,ergo     ] GC(185) Pacer for Reset. Non-Taxable: 1984M
[5.954s][info][gc          ] GC(185) Concurrent reset 0.472ms
[5.954s][info][gc,start    ] GC(185) Pause Init Mark (unload classes)
[5.954s][info][gc,task     ] GC(185) Using 8 of 8 workers for init marking
[5.955s][info][gc,ergo     ] GC(185) Pacer for Mark. Expected Live: 66147K, Free: 1814M, Non-Taxable: 181M, Alloc Tax Rate: 0.0x
[5.955s][info][gc          ] GC(185) Pause Init Mark (unload classes) 0.068ms
[5.955s][info][gc,start    ] GC(185) Concurrent marking roots
[5.955s][info][gc,task     ] GC(185) Using 2 of 8 workers for concurrent marking roots
[5.955s][info][gc          ] GC(185) Concurrent marking roots 0.253ms
[5.955s][info][gc,start    ] GC(185) Concurrent marking (unload classes)
[5.955s][info][gc,task     ] GC(185) Using 2 of 8 workers for concurrent marking
[5.981s][info][gc          ] GC(185) Concurrent marking (unload classes) 26.401ms
[5.981s][info][gc,start    ] GC(185) Pause Final Mark (unload classes)
[5.981s][info][gc,task     ] GC(185) Using 8 of 8 workers for final marking
[5.988s][info][gc,ergo     ] GC(185) Collectable Garbage: 3303K (100%), Immediate: 512K (15%), CSet: 2791K (84%)
[5.988s][info][gc,ergo     ] GC(185) Pacer for Evacuation. Used CSet: 62967K, Free: 1814M, Non-Taxable: 181M, Alloc Tax Rate: 1.1x
[5.988s][info][gc          ] GC(185) Pause Final Mark (unload classes) 7.186ms
[5.988s][info][gc,start    ] GC(185) Concurrent thread roots
[5.988s][info][gc,task     ] GC(185) Using 2 of 8 workers for Concurrent thread roots
[5.989s][info][gc          ] GC(185) Concurrent thread roots 0.136ms
[5.989s][info][gc,start    ] GC(185) Concurrent weak references
[5.989s][info][gc,task     ] GC(185) Using 2 of 8 workers for concurrent weak references
[5.989s][info][gc,ref      ] GC(185) Encountered references: Soft: 4021, Weak: 1710, Final: 4, Phantom: 592
[5.989s][info][gc,ref      ] GC(185) Discovered  references: Soft: 0, Weak: 877, Final: 4, Phantom: 204
[5.989s][info][gc,ref      ] GC(185) Enqueued    references: Soft: 0, Weak: 0, Final: 0, Phantom: 0
[5.989s][info][gc          ] GC(185) Concurrent weak references 0.134ms
[5.989s][info][gc,start    ] GC(185) Concurrent weak roots
[5.989s][info][gc,task     ] GC(185) Using 2 of 8 workers for concurrent weak root
[5.991s][info][gc          ] GC(185) Concurrent weak roots 1.792ms
[5.991s][info][gc,start    ] GC(185) Concurrent cleanup
[5.991s][info][gc          ] GC(185) Concurrent cleanup 69M->69M(246M) 0.111ms
[5.991s][info][gc,ergo     ] GC(185) Free: 1813M, Max: 512K regular, 1809M humongous, Frag: 1% external, 0% internal; Reserve: 101376K, Max: 512K
[5.991s][info][gc,start    ] GC(185) Concurrent class unloading
[5.991s][info][gc,task     ] GC(185) Using 2 of 8 workers for concurrent class unloading
[5.994s][info][gc          ] GC(185) Concurrent class unloading 2.846ms
[5.994s][info][gc,start    ] GC(185) Concurrent strong roots
[5.994s][info][gc,task     ] GC(185) Using 2 of 8 workers for concurrent strong root
[5.994s][info][gc          ] GC(185) Concurrent strong roots 0.389ms
[5.994s][info][gc,start    ] GC(185) Concurrent evacuation
[5.994s][info][gc,task     ] GC(185) Using 2 of 8 workers for concurrent evacuation
[6.014s][info][gc          ] GC(185) Concurrent evacuation 19.830ms
[6.014s][info][gc,start    ] GC(185) Pause Init Update Refs
[6.014s][info][gc,ergo     ] GC(185) Pacer for Update Refs. Used: 128M, Free: 1813M, Non-Taxable: 181M, Alloc Tax Rate: 1.1x
[6.014s][info][gc          ] GC(185) Pause Init Update Refs 0.027ms
[6.014s][info][gc,start    ] GC(185) Concurrent update references
[6.014s][info][gc,task     ] GC(185) Using 2 of 8 workers for concurrent reference update
[6.049s][info][gc          ] GC(185) Concurrent update references 35.347ms
[6.049s][info][gc,start    ] GC(185) Concurrent update thread roots
[6.050s][info][gc          ] GC(185) Concurrent update thread roots 0.301ms
[6.050s][info][gc,start    ] GC(185) Pause Final Update Refs
[6.050s][info][gc,task     ] GC(185) Using 8 of 8 workers for final reference update
[6.050s][info][gc          ] GC(185) Pause Final Update Refs 0.158ms
[6.050s][info][gc,start    ] GC(185) Concurrent cleanup
[6.050s][info][gc          ] GC(185) Concurrent cleanup 128M->67M(246M) 0.157ms
[6.050s][info][gc,ergo     ] Free: 1815M, Max: 512K regular, 1810M humongous, Frag: 1% external, 0% internal; Reserve: 101888K, Max: 512K
[6.050s][info][gc,stats    ] 
[6.050s][info][gc,stats    ] All times are wall-clock times, except per-root-class counters, that are sum over
[6.050s][info][gc,stats    ] all workers. Dividing the <total> over the root stage time estimates parallelism.
[6.050s][info][gc,stats    ] 
[6.050s][info][gc,stats    ] Concurrent Reset                    488 us
[6.050s][info][gc,stats    ] Pause Init Mark (G)                  97 us
[6.050s][info][gc,stats    ] Pause Init Mark (N)                  76 us
[6.050s][info][gc,stats    ]   Update Region States               27 us
[6.050s][info][gc,stats    ] Concurrent Mark Roots               264 us, parallelism: 0.97x
[6.050s][info][gc,stats    ]   CMR: <total>                      255 us
[6.050s][info][gc,stats    ]   CMR: Thread Roots                 109 us, workers (us): 109,   0, ---, ---, ---, ---, ---, ---, 
[6.050s][info][gc,stats    ]   CMR: VM Strong Roots               14 us, workers (us):   9,   4, ---, ---, ---, ---, ---, ---, 
[6.050s][info][gc,stats    ]   CMR: CLDG Roots                   132 us, workers (us): ---, 132, ---, ---, ---, ---, ---, ---, 
[6.051s][info][gc,stats    ] Concurrent Marking                26427 us
[6.051s][info][gc,stats    ] Pause Final Mark (G)               7216 us
[6.051s][info][gc,stats    ] Pause Final Mark (N)               7194 us
[6.051s][info][gc,stats    ]   Finish Mark                      7052 us
[6.051s][info][gc,stats    ]   Update Region States               29 us
[6.051s][info][gc,stats    ]   Choose Collection Set              53 us
[6.051s][info][gc,stats    ]   Rebuild Free Set                   17 us
[6.051s][info][gc,stats    ] Concurrent Thread Roots             148 us, parallelism: 0.62x
[6.051s][info][gc,stats    ]   CTR: <total>                       91 us
[6.051s][info][gc,stats    ]   CTR: Thread Roots                  91 us, workers (us):  91,   0, ---, ---, ---, ---, ---, ---, 
[6.051s][info][gc,stats    ] Concurrent Weak References          142 us, parallelism: 0.77x
[6.051s][info][gc,stats    ]   CWRF: <total>                     110 us
[6.051s][info][gc,stats    ]   CWRF: Weak References             110 us, workers (us):  43,  67, ---, ---, ---, ---, ---, ---, 
[6.051s][info][gc,stats    ] Concurrent Weak Roots              1810 us
[6.051s][info][gc,stats    ]   Roots                            1749 us, parallelism: 1.08x
[6.051s][info][gc,stats    ]     CWR: <total>                   1888 us
[6.051s][info][gc,stats    ]     CWR: Code Cache Roots          1156 us, workers (us): 958, 198, ---, ---, ---, ---, ---, ---, 
[6.051s][info][gc,stats    ]     CWR: VM Weak Roots              717 us, workers (us): 716,   1, ---, ---, ---, ---, ---, ---, 
[6.051s][info][gc,stats    ]     CWR: CLDG Roots                  15 us, workers (us):  15, ---, ---, ---, ---, ---, ---, ---, 
[6.051s][info][gc,stats    ]   Rendezvous                         20 us
[6.051s][info][gc,stats    ] Concurrent Cleanup                  120 us
[6.051s][info][gc,stats    ] Concurrent Class Unloading         2867 us
[6.051s][info][gc,stats    ]   Unlink Stale                     2799 us
[6.051s][info][gc,stats    ]     System Dictionary                58 us
[6.051s][info][gc,stats    ]     Weak Class Links                  0 us
[6.051s][info][gc,stats    ]     Code Roots                     2740 us
[6.051s][info][gc,stats    ]   Rendezvous                         19 us
[6.051s][info][gc,stats    ]   Purge Unlinked                      9 us
[6.051s][info][gc,stats    ]     Code Roots                        5 us
[6.051s][info][gc,stats    ]     CLDG                              5 us
[6.051s][info][gc,stats    ]     Exception Caches                  0 us
[6.051s][info][gc,stats    ] Concurrent Strong Roots             421 us, parallelism: 0.82x
[6.051s][info][gc,stats    ]   CSR: <total>                      347 us
[6.051s][info][gc,stats    ]   CSR: VM Strong Roots               11 us, workers (us):  11,   0, ---, ---, ---, ---, ---, ---, 
[6.051s][info][gc,stats    ]   CSR: CLDG Roots                   336 us, workers (us): 336, ---, ---, ---, ---, ---, ---, ---, 
[6.051s][info][gc,stats    ] Concurrent Evacuation             19866 us
[6.051s][info][gc,stats    ] Pause Init Update Refs (G)           63 us
[6.051s][info][gc,stats    ] Pause Init Update Refs (N)           36 us
[6.051s][info][gc,stats    ]   Manage GCLABs                       5 us
[6.052s][info][gc,stats    ] Concurrent Update Refs            35399 us
[6.052s][info][gc,stats    ] Concurrent Update Thread Roots      326 us
[6.052s][info][gc,stats    ] Pause Final Update Refs (G)         211 us
[6.052s][info][gc,stats    ] Pause Final Update Refs (N)         177 us
[6.052s][info][gc,stats    ]   Update Region States               46 us
[6.052s][info][gc,stats    ]   Trash Collection Set                6 us
[6.052s][info][gc,stats    ]   Rebuild Free Set                   37 us
[6.052s][info][gc,stats    ] Concurrent Cleanup                  176 us
[6.052s][info][gc,stats    ] 
[6.052s][info][gc,stats    ] Allocation pacing accrued:
[6.052s][info][gc,stats    ]       0 of    99 ms (  0.0%): <total>
[6.052s][info][gc,stats    ]       0 of    99 ms (  0.0%): <average total>
[6.052s][info][gc,stats    ] 
[6.052s][info][gc,metaspace] Metaspace: 24695K(25024K)->24695K(25024K) NonClass: 21956K(22144K)->21956K(22144K) Class: 2738K(2880K)->2738K(2880K)
[6.052s][info][gc,ergo     ] Pacer for Idle. Initial: 40642K, Alloc Tax Rate: 1.0x
[6.053s][info][gc          ] Trigger: Start next cycle immediately
[6.053s][info][gc,ergo     ] Free: 1815M, Max: 512K regular, 1810M humongous, Frag: 1% external, 0% internal; Reserve: 101888K, Max: 512K
[6.053s][info][gc,start    ] GC(186) Concurrent reset
[6.053s][info][gc,task     ] GC(186) Using 2 of 8 workers for concurrent reset
[6.053s][info][gc,ergo     ] GC(186) Pacer for Reset. Non-Taxable: 1984M
[6.054s][info][gc          ] GC(186) Concurrent reset 0.688ms
[6.054s][info][gc,start    ] GC(186) Pause Init Mark
[6.054s][info][gc,task     ] GC(186) Using 8 of 8 workers for init marking
[6.054s][info][gc,ergo     ] GC(186) Pacer for Mark. Expected Live: 66147K, Free: 1815M, Non-Taxable: 181M, Alloc Tax Rate: 0.0x
[6.054s][info][gc          ] GC(186) Pause Init Mark 0.117ms
[6.054s][info][gc,start    ] GC(186) Concurrent marking roots
[6.054s][info][gc,task     ] GC(186) Using 2 of 8 workers for concurrent marking roots
[6.056s][info][gc          ] GC(186) Concurrent marking roots 2.087ms
[6.056s][info][gc,start    ] GC(186) Concurrent marking
[6.056s][info][gc,task     ] GC(186) Using 2 of 8 workers for concurrent marking
[6.088s][info][gc          ] GC(186) Concurrent marking 31.506ms
[6.088s][info][gc,start    ] GC(186) Pause Final Mark
[6.088s][info][gc,task     ] GC(186) Using 8 of 8 workers for final marking
[6.094s][info][gc,ergo     ] GC(186) Collectable Garbage: 2790K (100%), Immediate: 510K (18%), CSet: 2280K (81%)
[6.094s][info][gc,ergo     ] GC(186) Pacer for Evacuation. Used CSet: 62456K, Free: 1814M, Non-Taxable: 181M, Alloc Tax Rate: 1.1x
[6.094s][info][gc          ] GC(186) Pause Final Mark 6.235ms
[6.094s][info][gc,start    ] GC(186) Concurrent thread roots
[6.094s][info][gc,task     ] GC(186) Using 2 of 8 workers for Concurrent thread roots
[6.094s][info][gc          ] GC(186) Concurrent thread roots 0.132ms
[6.094s][info][gc,start    ] GC(186) Concurrent weak references
[6.094s][info][gc,task     ] GC(186) Using 2 of 8 workers for concurrent weak references
[6.094s][info][gc,ref      ] GC(186) Encountered references: Soft: 4021, Weak: 1710, Final: 4, Phantom: 592
[6.094s][info][gc,ref      ] GC(186) Discovered  references: Soft: 0, Weak: 544, Final: 1, Phantom: 257
[6.094s][info][gc,ref      ] GC(186) Enqueued    references: Soft: 0, Weak: 0, Final: 0, Phantom: 0
[6.094s][info][gc          ] GC(186) Concurrent weak references 0.173ms
[6.094s][info][gc,start    ] GC(186) Concurrent weak roots
[6.094s][info][gc,task     ] GC(186) Using 2 of 8 workers for concurrent weak root
[6.095s][info][gc          ] GC(186) Concurrent weak roots 0.456ms
[6.095s][info][gc,start    ] GC(186) Concurrent cleanup
[6.095s][info][gc          ] GC(186) Concurrent cleanup 69M->69M(246M) 0.110ms
[6.095s][info][gc,ergo     ] GC(186) Free: 1814M, Max: 512K regular, 1810M humongous, Frag: 1% external, 0% internal; Reserve: 101118K, Max: 512K
[6.095s][info][gc,start    ] GC(186) Concurrent strong roots
[6.095s][info][gc,task     ] GC(186) Using 2 of 8 workers for concurrent strong root
[6.096s][info][gc          ] GC(186) Concurrent strong roots 1.597ms
[6.096s][info][gc,start    ] GC(186) Concurrent evacuation
[6.096s][info][gc,task     ] GC(186) Using 2 of 8 workers for concurrent evacuation
[6.114s][info][gc          ] GC(186) Concurrent evacuation 17.159ms
[6.114s][info][gc,start    ] GC(186) Pause Init Update Refs
[6.114s][info][gc,ergo     ] GC(186) Pacer for Update Refs. Used: 128M, Free: 1814M, Non-Taxable: 181M, Alloc Tax Rate: 1.1x
[6.114s][info][gc          ] GC(186) Pause Init Update Refs 0.026ms
[6.114s][info][gc,start    ] GC(186) Concurrent update references
[6.114s][info][gc,task     ] GC(186) Using 2 of 8 workers for concurrent reference update
[6.137s][info][gc          ] GC(186) Concurrent update references 23.466ms
[6.137s][info][gc,start    ] GC(186) Concurrent update thread roots
[6.137s][info][gc          ] GC(186) Concurrent update thread roots 0.174ms
[6.137s][info][gc,start    ] GC(186) Pause Final Update Refs
[6.137s][info][gc,task     ] GC(186) Using 8 of 8 workers for final reference update
[6.138s][info][gc          ] GC(186) Pause Final Update Refs 0.107ms
[6.138s][info][gc,start    ] GC(186) Concurrent cleanup
[6.138s][info][gc          ] GC(186) Concurrent cleanup 128M->67M(246M) 0.068ms
[6.138s][info][gc,ergo     ] Free: 1814M, Max: 512K regular, 1809M humongous, Frag: 1% external, 0% internal; Reserve: 101888K, Max: 512K
[6.138s][info][gc,stats    ] 
[6.138s][info][gc,stats    ] All times are wall-clock times, except per-root-class counters, that are sum over
[6.138s][info][gc,stats    ] all workers. Dividing the <total> over the root stage time estimates parallelism.
[6.138s][info][gc,stats    ] 
[6.138s][info][gc,stats    ] Concurrent Reset                    713 us
[6.138s][info][gc,stats    ] Pause Init Mark (G)                 167 us
[6.138s][info][gc,stats    ] Pause Init Mark (N)                 132 us
[6.138s][info][gc,stats    ]   Update Region States               42 us
[6.138s][info][gc,stats    ] Concurrent Mark Roots              2121 us, parallelism: 0.91x
[6.138s][info][gc,stats    ]   CMR: <total>                     1939 us
[6.138s][info][gc,stats    ]   CMR: Thread Roots                 120 us, workers (us): 120,   0, ---, ---, ---, ---, ---, ---, 
[6.138s][info][gc,stats    ]   CMR: Code Cache Roots            1496 us, workers (us): 1496,   0, ---, ---, ---, ---, ---, ---, 
[6.138s][info][gc,stats    ]   CMR: VM Strong Roots                9 us, workers (us):   9,   0, ---, ---, ---, ---, ---, ---, 
[6.138s][info][gc,stats    ]   CMR: CLDG Roots                   313 us, workers (us): 313, ---, ---, ---, ---, ---, ---, ---, 
[6.138s][info][gc,stats    ] Concurrent Marking                31537 us
[6.138s][info][gc,stats    ] Pause Final Mark (G)               6270 us
[6.138s][info][gc,stats    ] Pause Final Mark (N)               6244 us
[6.138s][info][gc,stats    ]   Finish Mark                      6069 us
[6.138s][info][gc,stats    ]   Update Region States               33 us
[6.138s][info][gc,stats    ]   Choose Collection Set              79 us
[6.138s][info][gc,stats    ]   Rebuild Free Set                   19 us
[6.138s][info][gc,stats    ] Concurrent Thread Roots             141 us, parallelism: 0.60x
[6.138s][info][gc,stats    ]   CTR: <total>                       84 us
[6.138s][info][gc,stats    ]   CTR: Thread Roots                  84 us, workers (us):  84,   0, ---, ---, ---, ---, ---, ---, 
[6.138s][info][gc,stats    ] Concurrent Weak References          181 us, parallelism: 0.88x
[6.138s][info][gc,stats    ]   CWRF: <total>                     159 us
[6.138s][info][gc,stats    ]   CWRF: Weak References             159 us, workers (us):  88,  72, ---, ---, ---, ---, ---, ---, 
[6.138s][info][gc,stats    ] Concurrent Weak Roots               473 us
[6.138s][info][gc,stats    ]   Roots                             417 us, parallelism: 1.64x
[6.138s][info][gc,stats    ]     CWR: <total>                    683 us
[6.138s][info][gc,stats    ]     CWR: VM Weak Roots              683 us, workers (us): 356, 327, ---, ---, ---, ---, ---, ---, 
[6.138s][info][gc,stats    ]   Rendezvous                         22 us
[6.138s][info][gc,stats    ] Concurrent Cleanup                  118 us
[6.138s][info][gc,stats    ] Concurrent Strong Roots            1620 us, parallelism: 0.94x
[6.138s][info][gc,stats    ]   CSR: <total>                     1526 us
[6.138s][info][gc,stats    ]   CSR: Code Cache Roots            1189 us, workers (us): 1189,   0, ---, ---, ---, ---, ---, ---, 
[6.138s][info][gc,stats    ]   CSR: VM Strong Roots               15 us, workers (us):  15,   0, ---, ---, ---, ---, ---, ---, 
[6.138s][info][gc,stats    ]   CSR: CLDG Roots                   321 us, workers (us): 321, ---, ---, ---, ---, ---, ---, ---, 
[6.138s][info][gc,stats    ] Concurrent Evacuation             17191 us
[6.138s][info][gc,stats    ] Pause Init Update Refs (G)           59 us
[6.138s][info][gc,stats    ] Pause Init Update Refs (N)           34 us
[6.138s][info][gc,stats    ]   Manage GCLABs                       5 us
[6.138s][info][gc,stats    ] Concurrent Update Refs            23512 us
[6.138s][info][gc,stats    ] Concurrent Update Thread Roots      184 us
[6.138s][info][gc,stats    ] Pause Final Update Refs (G)         140 us
[6.138s][info][gc,stats    ] Pause Final Update Refs (N)         117 us
[6.138s][info][gc,stats    ]   Update Region States               52 us
[6.138s][info][gc,stats    ]   Trash Collection Set                4 us
[6.138s][info][gc,stats    ]   Rebuild Free Set                   22 us
[6.138s][info][gc,stats    ] Concurrent Cleanup                   77 us
[6.138s][info][gc,stats    ] 
[6.138s][info][gc,stats    ] Allocation pacing accrued:
[6.138s][info][gc,stats    ]       0 of    87 ms (  0.0%): <total>
[6.138s][info][gc,stats    ]       0 of    87 ms (  0.0%): <average total>
[6.138s][info][gc,stats    ] 
[6.138s][info][gc,metaspace] Metaspace: 24695K(25024K)->24695K(25024K) NonClass: 21956K(22144K)->21956K(22144K) Class: 2738K(2880K)->2738K(2880K)
[6.138s][info][gc,ergo     ] Pacer for Idle. Initial: 40642K, Alloc Tax Rate: 1.0x
[6.139s][info][gc          ] Trigger: Start next cycle immediately
[6.140s][info][gc,ergo     ] Free: 1814M, Max: 512K regular, 1809M humongous, Frag: 1% external, 0% internal; Reserve: 101888K, Max: 512K
[6.140s][info][gc,start    ] GC(187) Concurrent reset
[6.140s][info][gc,task     ] GC(187) Using 2 of 8 workers for concurrent reset
[6.140s][info][gc,ergo     ] GC(187) Pacer for Reset. Non-Taxable: 1984M
[6.140s][info][gc          ] GC(187) Concurrent reset 0.382ms
[6.140s][info][gc,start    ] GC(187) Pause Init Mark
[6.140s][info][gc,task     ] GC(187) Using 8 of 8 workers for init marking
[6.140s][info][gc,ergo     ] GC(187) Pacer for Mark. Expected Live: 66147K, Free: 1814M, Non-Taxable: 181M, Alloc Tax Rate: 0.0x
[6.140s][info][gc          ] GC(187) Pause Init Mark 0.047ms
[6.140s][info][gc,start    ] GC(187) Concurrent marking roots
[6.140s][info][gc,task     ] GC(187) Using 2 of 8 workers for concurrent marking roots
[6.142s][info][gc          ] GC(187) Concurrent marking roots 1.624ms
[6.142s][info][gc,start    ] GC(187) Concurrent marking
[6.142s][info][gc,task     ] GC(187) Using 2 of 8 workers for concurrent marking
[6.166s][info][gc          ] GC(187) Concurrent marking 24.185ms
[6.166s][info][gc,start    ] GC(187) Pause Final Mark
[6.166s][info][gc,task     ] GC(187) Using 8 of 8 workers for final marking
[6.166s][info][gc,ergo     ] GC(187) Collectable Garbage: 3303K (100%), Immediate: 510K (15%), CSet: 2792K (84%)
[6.166s][info][gc,ergo     ] GC(187) Pacer for Evacuation. Used CSet: 62968K, Free: 1814M, Non-Taxable: 181M, Alloc Tax Rate: 1.1x
[6.166s][info][gc          ] GC(187) Pause Final Mark 0.354ms
[6.166s][info][gc,start    ] GC(187) Concurrent thread roots
[6.166s][info][gc,task     ] GC(187) Using 2 of 8 workers for Concurrent thread roots
[6.166s][info][gc          ] GC(187) Concurrent thread roots 0.126ms
[6.166s][info][gc,start    ] GC(187) Concurrent weak references
[6.166s][info][gc,task     ] GC(187) Using 2 of 8 workers for concurrent weak references
[6.166s][info][gc,ref      ] GC(187) Encountered references: Soft: 4021, Weak: 1710, Final: 4, Phantom: 592
[6.167s][info][gc,ref      ] GC(187) Discovered  references: Soft: 0, Weak: 544, Final: 1, Phantom: 257
[6.167s][info][gc,ref      ] GC(187) Enqueued    references: Soft: 0, Weak: 0, Final: 0, Phantom: 0
[6.167s][info][gc          ] GC(187) Concurrent weak references 0.103ms
[6.167s][info][gc,start    ] GC(187) Concurrent weak roots
[6.167s][info][gc,task     ] GC(187) Using 2 of 8 workers for concurrent weak root
[6.167s][info][gc          ] GC(187) Concurrent weak roots 0.758ms
[6.167s][info][gc,start    ] GC(187) Concurrent cleanup
[6.167s][info][gc          ] GC(187) Concurrent cleanup 68M->68M(246M) 0.132ms
[6.167s][info][gc,ergo     ] GC(187) Free: 1814M, Max: 512K regular, 1809M humongous, Frag: 1% external, 0% internal; Reserve: 101376K, Max: 512K
[6.167s][info][gc,start    ] GC(187) Concurrent strong roots
[6.167s][info][gc,task     ] GC(187) Using 2 of 8 workers for concurrent strong root
[6.168s][info][gc          ] GC(187) Concurrent strong roots 0.960ms
[6.168s][info][gc,start    ] GC(187) Concurrent evacuation
[6.168s][info][gc,task     ] GC(187) Using 2 of 8 workers for concurrent evacuation
[6.184s][info][gc          ] GC(187) Concurrent evacuation 15.616ms
[6.184s][info][gc,start    ] GC(187) Pause Init Update Refs
[6.184s][info][gc,ergo     ] GC(187) Pacer for Update Refs. Used: 128M, Free: 1814M, Non-Taxable: 181M, Alloc Tax Rate: 1.1x
[6.184s][info][gc          ] GC(187) Pause Init Update Refs 0.027ms
[6.184s][info][gc,start    ] GC(187) Concurrent update references
[6.184s][info][gc,task     ] GC(187) Using 2 of 8 workers for concurrent reference update
[6.208s][info][gc          ] GC(187) Concurrent update references 23.465ms
[6.208s][info][gc,start    ] GC(187) Concurrent update thread roots
[6.208s][info][gc          ] GC(187) Concurrent update thread roots 0.170ms
[6.208s][info][gc,start    ] GC(187) Pause Final Update Refs
[6.208s][info][gc,task     ] GC(187) Using 8 of 8 workers for final reference update
[6.208s][info][gc          ] GC(187) Pause Final Update Refs 0.116ms
[6.208s][info][gc,start    ] GC(187) Concurrent cleanup
[6.208s][info][gc          ] GC(187) Concurrent cleanup 128M->66M(246M) 0.072ms
[6.208s][info][gc,ergo     ] Free: 1815M, Max: 512K regular, 1810M humongous, Frag: 1% external, 0% internal; Reserve: 101888K, Max: 512K
[6.208s][info][gc,stats    ] 
[6.208s][info][gc,stats    ] All times are wall-clock times, except per-root-class counters, that are sum over
[6.208s][info][gc,stats    ] all workers. Dividing the <total> over the root stage time estimates parallelism.
[6.208s][info][gc,stats    ] 
[6.208s][info][gc,stats    ] Concurrent Reset                    393 us
[6.208s][info][gc,stats    ] Pause Init Mark (G)                  79 us
[6.208s][info][gc,stats    ] Pause Init Mark (N)                  56 us
[6.208s][info][gc,stats    ]   Update Region States               14 us
[6.208s][info][gc,stats    ] Concurrent Mark Roots              1650 us, parallelism: 0.90x
[6.208s][info][gc,stats    ]   CMR: <total>                     1487 us
[6.208s][info][gc,stats    ]   CMR: Thread Roots                 107 us, workers (us): 107,   0, ---, ---, ---, ---, ---, ---, 
[6.208s][info][gc,stats    ]   CMR: Code Cache Roots            1179 us, workers (us): 1179,   0, ---, ---, ---, ---, ---, ---, 
[6.208s][info][gc,stats    ]   CMR: VM Strong Roots                7 us, workers (us):   7,   0, ---, ---, ---, ---, ---, ---, 
[6.208s][info][gc,stats    ]   CMR: CLDG Roots                   193 us, workers (us): 193, ---, ---, ---, ---, ---, ---, ---, 
[6.208s][info][gc,stats    ] Concurrent Marking                24220 us
[6.208s][info][gc,stats    ] Pause Final Mark (G)                388 us
[6.208s][info][gc,stats    ] Pause Final Mark (N)                363 us
[6.208s][info][gc,stats    ]   Finish Mark                       184 us
[6.208s][info][gc,stats    ]   Update Region States               44 us
[6.208s][info][gc,stats    ]   Choose Collection Set              72 us
[6.208s][info][gc,stats    ]   Rebuild Free Set                   19 us
[6.208s][info][gc,stats    ] Concurrent Thread Roots             136 us, parallelism: 1.05x
[6.208s][info][gc,stats    ]   CTR: <total>                      144 us
[6.208s][info][gc,stats    ]   CTR: Thread Roots                 144 us, workers (us):  71,  73, ---, ---, ---, ---, ---, ---, 
[6.208s][info][gc,stats    ] Concurrent Weak References          108 us, parallelism: 0.75x
[6.208s][info][gc,stats    ]   CWRF: <total>                      81 us
[6.208s][info][gc,stats    ]   CWRF: Weak References              81 us, workers (us):  46,  35, ---, ---, ---, ---, ---, ---, 
[6.208s][info][gc,stats    ] Concurrent Weak Roots               779 us
[6.208s][info][gc,stats    ]   Roots                             719 us, parallelism: 0.90x
[6.209s][info][gc,stats    ]     CWR: <total>                    651 us
[6.209s][info][gc,stats    ]     CWR: VM Weak Roots              651 us, workers (us): 650,   0, ---, ---, ---, ---, ---, ---, 
[6.209s][info][gc,stats    ]   Rendezvous                         23 us
[6.209s][info][gc,stats    ] Concurrent Cleanup                  141 us
[6.209s][info][gc,stats    ] Concurrent Strong Roots             981 us, parallelism: 1.74x
[6.209s][info][gc,stats    ]   CSR: <total>                     1710 us
[6.209s][info][gc,stats    ]   CSR: Code Cache Roots            1331 us, workers (us): 818, 513, ---, ---, ---, ---, ---, ---, 
[6.209s][info][gc,stats    ]   CSR: VM Strong Roots               14 us, workers (us):  10,   4, ---, ---, ---, ---, ---, ---, 
[6.209s][info][gc,stats    ]   CSR: CLDG Roots                   365 us, workers (us): ---, 365, ---, ---, ---, ---, ---, ---, 
[6.209s][info][gc,stats    ] Concurrent Evacuation             15654 us
[6.209s][info][gc,stats    ] Pause Init Update Refs (G)           64 us
[6.209s][info][gc,stats    ] Pause Init Update Refs (N)           35 us
[6.209s][info][gc,stats    ]   Manage GCLABs                       5 us
[6.209s][info][gc,stats    ] Concurrent Update Refs            23505 us
[6.209s][info][gc,stats    ] Concurrent Update Thread Roots      181 us
[6.209s][info][gc,stats    ] Pause Final Update Refs (G)         148 us
[6.209s][info][gc,stats    ] Pause Final Update Refs (N)         127 us
[6.209s][info][gc,stats    ]   Update Region States               56 us
[6.209s][info][gc,stats    ]   Trash Collection Set                3 us
[6.209s][info][gc,stats    ]   Rebuild Free Set                   24 us
[6.209s][info][gc,stats    ] Concurrent Cleanup                   83 us
[6.209s][info][gc,stats    ] 
[6.209s][info][gc,stats    ] Allocation pacing accrued:
[6.209s][info][gc,stats    ]       0 of    70 ms (  0.0%): <total>
[6.209s][info][gc,stats    ]       0 of    70 ms (  0.0%): <average total>
[6.209s][info][gc,stats    ] 
[6.209s][info][gc,metaspace] Metaspace: 24695K(25024K)->24695K(25024K) NonClass: 21956K(22144K)->21956K(22144K) Class: 2738K(2880K)->2738K(2880K)
[6.209s][info][gc,ergo     ] Pacer for Idle. Initial: 40642K, Alloc Tax Rate: 1.0x
[6.210s][info][gc          ] Trigger: Start next cycle immediately
[6.210s][info][gc,ergo     ] Free: 1815M, Max: 512K regular, 1810M humongous, Frag: 1% external, 0% internal; Reserve: 101888K, Max: 512K
[6.210s][info][gc,start    ] GC(188) Concurrent reset
[6.210s][info][gc,task     ] GC(188) Using 2 of 8 workers for concurrent reset
[6.210s][info][gc,ergo     ] GC(188) Pacer for Reset. Non-Taxable: 1984M
[6.210s][info][gc          ] GC(188) Concurrent reset 0.401ms
[6.210s][info][gc,start    ] GC(188) Pause Init Mark
[6.210s][info][gc,task     ] GC(188) Using 8 of 8 workers for init marking
[6.210s][info][gc,ergo     ] GC(188) Pacer for Mark. Expected Live: 66147K, Free: 1815M, Non-Taxable: 181M, Alloc Tax Rate: 0.0x
[6.210s][info][gc          ] GC(188) Pause Init Mark 0.064ms
[6.210s][info][gc,start    ] GC(188) Concurrent marking roots
[6.210s][info][gc,task     ] GC(188) Using 2 of 8 workers for concurrent marking roots
[6.211s][info][gc          ] GC(188) Concurrent marking roots 0.866ms
[6.211s][info][gc,start    ] GC(188) Concurrent marking
[6.211s][info][gc,task     ] GC(188) Using 2 of 8 workers for concurrent marking
[6.237s][info][gc          ] GC(188) Concurrent marking 25.381ms
[6.237s][info][gc,start    ] GC(188) Pause Final Mark
[6.237s][info][gc,task     ] GC(188) Using 8 of 8 workers for final marking
[6.244s][info][gc,ergo     ] GC(188) Collectable Garbage: 2288K (100%), Immediate: 512K (22%), CSet: 1776K (77%)
[6.244s][info][gc,ergo     ] GC(188) Pacer for Evacuation. Used CSet: 61952K, Free: 1815M, Non-Taxable: 181M, Alloc Tax Rate: 1.1x
[6.244s][info][gc          ] GC(188) Pause Final Mark 7.725ms
[6.245s][info][gc,start    ] GC(188) Concurrent thread roots
[6.245s][info][gc,task     ] GC(188) Using 2 of 8 workers for Concurrent thread roots
[6.245s][info][gc          ] GC(188) Concurrent thread roots 0.112ms
[6.245s][info][gc,start    ] GC(188) Concurrent weak references
[6.245s][info][gc,task     ] GC(188) Using 2 of 8 workers for concurrent weak references
[6.245s][info][gc,ref      ] GC(188) Encountered references: Soft: 4021, Weak: 1710, Final: 4, Phantom: 592
[6.245s][info][gc,ref      ] GC(188) Discovered  references: Soft: 0, Weak: 94, Final: 4, Phantom: 336
[6.245s][info][gc,ref      ] GC(188) Enqueued    references: Soft: 0, Weak: 0, Final: 0, Phantom: 0
[6.245s][info][gc          ] GC(188) Concurrent weak references 0.097ms
[6.245s][info][gc,start    ] GC(188) Concurrent weak roots
[6.245s][info][gc,task     ] GC(188) Using 2 of 8 workers for concurrent weak root
[6.246s][info][gc          ] GC(188) Concurrent weak roots 0.784ms
[6.246s][info][gc,start    ] GC(188) Concurrent cleanup
[6.246s][info][gc          ] GC(188) Concurrent cleanup 67M->67M(246M) 0.142ms
[6.246s][info][gc,ergo     ] GC(188) Free: 1815M, Max: 512K regular, 1810M humongous, Frag: 1% external, 0% internal; Reserve: 101376K, Max: 512K
[6.246s][info][gc,start    ] GC(188) Concurrent strong roots
[6.246s][info][gc,task     ] GC(188) Using 2 of 8 workers for concurrent strong root
[6.247s][info][gc          ] GC(188) Concurrent strong roots 1.229ms
[6.247s][info][gc,start    ] GC(188) Concurrent evacuation
[6.247s][info][gc,task     ] GC(188) Using 2 of 8 workers for concurrent evacuation
[6.270s][info][gc          ] GC(188) Concurrent evacuation 23.387ms
[6.270s][info][gc,start    ] GC(188) Pause Init Update Refs
[6.270s][info][gc,ergo     ] GC(188) Pacer for Update Refs. Used: 127M, Free: 1815M, Non-Taxable: 181M, Alloc Tax Rate: 1.1x
[6.270s][info][gc          ] GC(188) Pause Init Update Refs 0.047ms
[6.270s][info][gc,start    ] GC(188) Concurrent update references
[6.270s][info][gc,task     ] GC(188) Using 2 of 8 workers for concurrent reference update
[6.297s][info][gc          ] GC(188) Concurrent update references 26.620ms
[6.297s][info][gc,start    ] GC(188) Concurrent update thread roots
[6.297s][info][gc          ] GC(188) Concurrent update thread roots 0.168ms
[6.297s][info][gc,start    ] GC(188) Pause Final Update Refs
[6.297s][info][gc,task     ] GC(188) Using 8 of 8 workers for final reference update
[6.297s][info][gc          ] GC(188) Pause Final Update Refs 0.102ms
[6.297s][info][gc,start    ] GC(188) Concurrent cleanup
[6.298s][info][gc          ] GC(188) Concurrent cleanup 127M->66M(246M) 0.083ms
[6.298s][info][gc,ergo     ] Free: 1815M, Max: 512K regular, 1810M humongous, Frag: 1% external, 0% internal; Reserve: 101888K, Max: 512K
[6.298s][info][gc,stats    ] 
[6.298s][info][gc,stats    ] All times are wall-clock times, except per-root-class counters, that are sum over
[6.298s][info][gc,stats    ] all workers. Dividing the <total> over the root stage time estimates parallelism.
[6.298s][info][gc,stats    ] 
[6.298s][info][gc,stats    ] Concurrent Reset                    415 us
[6.298s][info][gc,stats    ] Pause Init Mark (G)                  93 us
[6.298s][info][gc,stats    ] Pause Init Mark (N)                  72 us
[6.298s][info][gc,stats    ]   Update Region States               14 us
[6.298s][info][gc,stats    ] Concurrent Mark Roots               889 us, parallelism: 1.70x
[6.298s][info][gc,stats    ]   CMR: <total>                     1509 us
[6.298s][info][gc,stats    ]   CMR: Thread Roots                 128 us, workers (us): 111,  17, ---, ---, ---, ---, ---, ---, 
[6.298s][info][gc,stats    ]   CMR: Code Cache Roots            1187 us, workers (us): 453, 733, ---, ---, ---, ---, ---, ---, 
[6.298s][info][gc,stats    ]   CMR: VM Strong Roots                8 us, workers (us):   5,   3, ---, ---, ---, ---, ---, ---, 
[6.298s][info][gc,stats    ]   CMR: CLDG Roots                   187 us, workers (us): 187, ---, ---, ---, ---, ---, ---, ---, 
[6.298s][info][gc,stats    ] Concurrent Marking                25406 us
[6.298s][info][gc,stats    ] Pause Final Mark (G)               7755 us
[6.298s][info][gc,stats    ] Pause Final Mark (N)               7733 us
[6.298s][info][gc,stats    ]   Finish Mark                      7571 us
[6.298s][info][gc,stats    ]   Update Region States               48 us
[6.298s][info][gc,stats    ]   Choose Collection Set              55 us
[6.298s][info][gc,stats    ]   Rebuild Free Set                   16 us
[6.298s][info][gc,stats    ] Concurrent Thread Roots             124 us, parallelism: 1.25x
[6.298s][info][gc,stats    ]   CTR: <total>                      155 us
[6.298s][info][gc,stats    ]   CTR: Thread Roots                 155 us, workers (us):  80,  76, ---, ---, ---, ---, ---, ---, 
[6.298s][info][gc,stats    ] Concurrent Weak References          105 us, parallelism: 0.44x
[6.298s][info][gc,stats    ]   CWRF: <total>                      46 us
[6.298s][info][gc,stats    ]   CWRF: Weak References              46 us, workers (us):  46,   1, ---, ---, ---, ---, ---, ---, 
[6.298s][info][gc,stats    ] Concurrent Weak Roots               805 us
[6.298s][info][gc,stats    ]   Roots                             744 us, parallelism: 0.92x
[6.298s][info][gc,stats    ]     CWR: <total>                    686 us
[6.298s][info][gc,stats    ]     CWR: VM Weak Roots              686 us, workers (us): 686,   0, ---, ---, ---, ---, ---, ---, 
[6.298s][info][gc,stats    ]   Rendezvous                         22 us
[6.298s][info][gc,stats    ] Concurrent Cleanup                  152 us
[6.298s][info][gc,stats    ] Concurrent Strong Roots            1252 us, parallelism: 1.36x
[6.298s][info][gc,stats    ]   CSR: <total>                     1705 us
[6.298s][info][gc,stats    ]   CSR: Code Cache Roots            1315 us, workers (us): 657, 658, ---, ---, ---, ---, ---, ---, 
[6.298s][info][gc,stats    ]   CSR: VM Strong Roots               12 us, workers (us):  11,   1, ---, ---, ---, ---, ---, ---, 
[6.298s][info][gc,stats    ]   CSR: CLDG Roots                   378 us, workers (us): 378, ---, ---, ---, ---, ---, ---, ---, 
[6.298s][info][gc,stats    ] Concurrent Evacuation             23420 us
[6.298s][info][gc,stats    ] Pause Init Update Refs (G)           79 us
[6.298s][info][gc,stats    ] Pause Init Update Refs (N)           54 us
[6.298s][info][gc,stats    ]   Manage GCLABs                       5 us
[6.298s][info][gc,stats    ] Concurrent Update Refs            26662 us
[6.298s][info][gc,stats    ] Concurrent Update Thread Roots      179 us
[6.298s][info][gc,stats    ] Pause Final Update Refs (G)         138 us
[6.298s][info][gc,stats    ] Pause Final Update Refs (N)         112 us
[6.298s][info][gc,stats    ]   Update Region States               53 us
[6.298s][info][gc,stats    ]   Trash Collection Set                6 us
[6.298s][info][gc,stats    ]   Rebuild Free Set                   21 us
[6.298s][info][gc,stats    ] Concurrent Cleanup                   93 us
[6.298s][info][gc,stats    ] 
[6.298s][info][gc,stats    ] Allocation pacing accrued:
[6.298s][info][gc,stats    ]       0 of    89 ms (  0.0%): <total>
[6.298s][info][gc,stats    ]       0 of    89 ms (  0.0%): <average total>
[6.298s][info][gc,stats    ] 
[6.298s][info][gc,metaspace] Metaspace: 24695K(25024K)->24695K(25024K) NonClass: 21956K(22144K)->21956K(22144K) Class: 2738K(2880K)->2738K(2880K)
[6.298s][info][gc,ergo     ] Pacer for Idle. Initial: 40642K, Alloc Tax Rate: 1.0x
[6.299s][info][gc          ] Trigger: Start next cycle immediately
[6.299s][info][gc,ergo     ] Free: 1815M, Max: 512K regular, 1810M humongous, Frag: 1% external, 0% internal; Reserve: 101888K, Max: 512K
[6.299s][info][gc,start    ] GC(189) Concurrent reset
[6.299s][info][gc,task     ] GC(189) Using 2 of 8 workers for concurrent reset
[6.299s][info][gc,ergo     ] GC(189) Pacer for Reset. Non-Taxable: 1984M
[6.300s][info][gc          ] GC(189) Concurrent reset 0.511ms
[6.300s][info][gc,start    ] GC(189) Pause Init Mark
[6.300s][info][gc,task     ] GC(189) Using 8 of 8 workers for init marking
[6.300s][info][gc,ergo     ] GC(189) Pacer for Mark. Expected Live: 66147K, Free: 1815M, Non-Taxable: 181M, Alloc Tax Rate: 0.0x
[6.300s][info][gc          ] GC(189) Pause Init Mark 0.049ms
[6.300s][info][gc,start    ] GC(189) Concurrent marking roots
[6.300s][info][gc,task     ] GC(189) Using 2 of 8 workers for concurrent marking roots
[6.301s][info][gc          ] GC(189) Concurrent marking roots 1.012ms
[6.301s][info][gc,start    ] GC(189) Concurrent marking
[6.301s][info][gc,task     ] GC(189) Using 2 of 8 workers for concurrent marking
[6.331s][info][gc          ] GC(189) Concurrent marking 29.408ms
[6.331s][info][gc,start    ] GC(189) Pause Final Mark
[6.331s][info][gc,task     ] GC(189) Using 8 of 8 workers for final marking
[6.333s][info][gc,ergo     ] GC(189) Collectable Garbage: 2034K (100%), Immediate: 512K (25%), CSet: 1522K (74%)
[6.333s][info][gc,ergo     ] GC(189) Pacer for Evacuation. Used CSet: 61698K, Free: 1815M, Non-Taxable: 181M, Alloc Tax Rate: 1.1x
[6.333s][info][gc          ] GC(189) Pause Final Mark 2.380ms
[6.333s][info][gc,start    ] GC(189) Concurrent thread roots
[6.333s][info][gc,task     ] GC(189) Using 2 of 8 workers for Concurrent thread roots
[6.333s][info][gc          ] GC(189) Concurrent thread roots 0.136ms
[6.333s][info][gc,start    ] GC(189) Concurrent weak references
[6.333s][info][gc,task     ] GC(189) Using 2 of 8 workers for concurrent weak references
[6.333s][info][gc,ref      ] GC(189) Encountered references: Soft: 4021, Weak: 1710, Final: 4, Phantom: 592
[6.333s][info][gc,ref      ] GC(189) Discovered  references: Soft: 0, Weak: 824, Final: 0, Phantom: 335
[6.333s][info][gc,ref      ] GC(189) Enqueued    references: Soft: 0, Weak: 0, Final: 0, Phantom: 0
[6.333s][info][gc          ] GC(189) Concurrent weak references 0.155ms
[6.333s][info][gc,start    ] GC(189) Concurrent weak roots
[6.333s][info][gc,task     ] GC(189) Using 2 of 8 workers for concurrent weak root
[6.334s][info][gc          ] GC(189) Concurrent weak roots 0.473ms
[6.334s][info][gc,start    ] GC(189) Concurrent cleanup
[6.334s][info][gc          ] GC(189) Concurrent cleanup 67M->67M(246M) 0.123ms
[6.334s][info][gc,ergo     ] GC(189) Free: 1815M, Max: 512K regular, 1810M humongous, Frag: 1% external, 0% internal; Reserve: 101118K, Max: 512K
[6.334s][info][gc,start    ] GC(189) Concurrent strong roots
[6.334s][info][gc,task     ] GC(189) Using 2 of 8 workers for concurrent strong root
[6.335s][info][gc          ] GC(189) Concurrent strong roots 0.957ms
[6.335s][info][gc,start    ] GC(189) Concurrent evacuation
[6.335s][info][gc,task     ] GC(189) Using 2 of 8 workers for concurrent evacuation
[6.355s][info][gc          ] GC(189) Concurrent evacuation 19.675ms
[6.355s][info][gc,start    ] GC(189) Pause Init Update Refs
[6.355s][info][gc,ergo     ] GC(189) Pacer for Update Refs. Used: 127M, Free: 1815M, Non-Taxable: 181M, Alloc Tax Rate: 1.1x
[6.355s][info][gc          ] GC(189) Pause Init Update Refs 0.026ms
[6.355s][info][gc,start    ] GC(189) Concurrent update references
[6.355s][info][gc,task     ] GC(189) Using 2 of 8 workers for concurrent reference update
[6.383s][info][gc          ] GC(189) Concurrent update references 28.665ms
[6.383s][info][gc,start    ] GC(189) Concurrent update thread roots
[6.384s][info][gc          ] GC(189) Concurrent update thread roots 0.160ms
[6.384s][info][gc,start    ] GC(189) Pause Final Update Refs
[6.384s][info][gc,task     ] GC(189) Using 8 of 8 workers for final reference update
[6.384s][info][gc          ] GC(189) Pause Final Update Refs 0.078ms
[6.384s][info][gc,start    ] GC(189) Concurrent cleanup
[6.384s][info][gc          ] GC(189) Concurrent cleanup 127M->67M(246M) 0.091ms
[6.384s][info][gc,ergo     ] Free: 1815M, Max: 512K regular, 1809M humongous, Frag: 1% external, 0% internal; Reserve: 101888K, Max: 512K
[6.384s][info][gc,stats    ] 
[6.384s][info][gc,stats    ] All times are wall-clock times, except per-root-class counters, that are sum over
[6.384s][info][gc,stats    ] all workers. Dividing the <total> over the root stage time estimates parallelism.
[6.384s][info][gc,stats    ] 
[6.384s][info][gc,stats    ] Concurrent Reset                    524 us
[6.384s][info][gc,stats    ] Pause Init Mark (G)                  84 us
[6.384s][info][gc,stats    ] Pause Init Mark (N)                  57 us
[6.384s][info][gc,stats    ]   Update Region States               17 us
[6.384s][info][gc,stats    ] Concurrent Mark Roots              1033 us, parallelism: 1.74x
[6.384s][info][gc,stats    ]   CMR: <total>                     1798 us
[6.384s][info][gc,stats    ]   CMR: Thread Roots                 138 us, workers (us):  98,  40, ---, ---, ---, ---, ---, ---, 
[6.384s][info][gc,stats    ]   CMR: Code Cache Roots            1458 us, workers (us): 607, 851, ---, ---, ---, ---, ---, ---, 
[6.384s][info][gc,stats    ]   CMR: VM Strong Roots                8 us, workers (us):   7,   1, ---, ---, ---, ---, ---, ---, 
[6.384s][info][gc,stats    ]   CMR: CLDG Roots                   195 us, workers (us): 195, ---, ---, ---, ---, ---, ---, ---, 
[6.384s][info][gc,stats    ] Concurrent Marking                29437 us
[6.384s][info][gc,stats    ] Pause Final Mark (G)               2410 us
[6.384s][info][gc,stats    ] Pause Final Mark (N)               2389 us
[6.384s][info][gc,stats    ]   Finish Mark                      2248 us
[6.384s][info][gc,stats    ]   Update Region States               33 us
[6.384s][info][gc,stats    ]   Choose Collection Set              49 us
[6.384s][info][gc,stats    ]   Rebuild Free Set                   16 us
[6.384s][info][gc,stats    ] Concurrent Thread Roots             147 us, parallelism: 1.08x
[6.384s][info][gc,stats    ]   CTR: <total>                      159 us
[6.384s][info][gc,stats    ]   CTR: Thread Roots                 159 us, workers (us):  80,  79, ---, ---, ---, ---, ---, ---, 
[6.384s][info][gc,stats    ] Concurrent Weak References          164 us, parallelism: 0.65x
[6.384s][info][gc,stats    ]   CWRF: <total>                     106 us
[6.384s][info][gc,stats    ]   CWRF: Weak References             106 us, workers (us): 106,   0, ---, ---, ---, ---, ---, ---, 
[6.384s][info][gc,stats    ] Concurrent Weak Roots               490 us
[6.384s][info][gc,stats    ]   Roots                             404 us, parallelism: 1.68x
[6.384s][info][gc,stats    ]     CWR: <total>                    679 us
[6.384s][info][gc,stats    ]     CWR: VM Weak Roots              679 us, workers (us): 339, 340, ---, ---, ---, ---, ---, ---, 
[6.384s][info][gc,stats    ]   Rendezvous                         21 us
[6.384s][info][gc,stats    ] Concurrent Cleanup                  131 us
[6.384s][info][gc,stats    ] Concurrent Strong Roots             977 us, parallelism: 1.74x
[6.384s][info][gc,stats    ]   CSR: <total>                     1698 us
[6.384s][info][gc,stats    ]   CSR: Code Cache Roots            1279 us, workers (us): 796, 483, ---, ---, ---, ---, ---, ---, 
[6.384s][info][gc,stats    ]   CSR: VM Strong Roots               18 us, workers (us):  11,   7, ---, ---, ---, ---, ---, ---, 
[6.384s][info][gc,stats    ]   CSR: CLDG Roots                   401 us, workers (us): ---, 401, ---, ---, ---, ---, ---, ---, 
[6.384s][info][gc,stats    ] Concurrent Evacuation             19705 us
[6.384s][info][gc,stats    ] Pause Init Update Refs (G)           57 us
[6.384s][info][gc,stats    ] Pause Init Update Refs (N)           32 us
[6.384s][info][gc,stats    ]   Manage GCLABs                       4 us
[6.384s][info][gc,stats    ] Concurrent Update Refs            28709 us
[6.384s][info][gc,stats    ] Concurrent Update Thread Roots      172 us
[6.384s][info][gc,stats    ] Pause Final Update Refs (G)         114 us
[6.384s][info][gc,stats    ] Pause Final Update Refs (N)          87 us
[6.384s][info][gc,stats    ]   Update Region States               36 us
[6.384s][info][gc,stats    ]   Trash Collection Set                4 us
[6.384s][info][gc,stats    ]   Rebuild Free Set                   19 us
[6.384s][info][gc,stats    ] Concurrent Cleanup                  101 us
[6.384s][info][gc,stats    ] 
[6.384s][info][gc,stats    ] Allocation pacing accrued:
[6.384s][info][gc,stats    ]       0 of    86 ms (  0.0%): <total>
[6.384s][info][gc,stats    ]       0 of    86 ms (  0.0%): <average total>
[6.384s][info][gc,stats    ] 
[6.384s][info][gc,metaspace] Metaspace: 24695K(25024K)->24695K(25024K) NonClass: 21956K(22144K)->21956K(22144K) Class: 2738K(2880K)->2738K(2880K)
[6.384s][info][gc,ergo     ] Pacer for Idle. Initial: 40642K, Alloc Tax Rate: 1.0x
[6.385s][info][gc          ] Trigger: Start next cycle immediately
[6.386s][info][gc,ergo     ] Free: 1815M, Max: 512K regular, 1809M humongous, Frag: 1% external, 0% internal; Reserve: 101888K, Max: 512K
[6.386s][info][gc,start    ] GC(190) Concurrent reset
[6.386s][info][gc,task     ] GC(190) Using 2 of 8 workers for concurrent reset
[6.386s][info][gc,ergo     ] GC(190) Pacer for Reset. Non-Taxable: 1984M
[6.386s][info][gc          ] GC(190) Concurrent reset 0.379ms
[6.386s][info][gc,start    ] GC(190) Pause Init Mark (unload classes)
[6.386s][info][gc,task     ] GC(190) Using 8 of 8 workers for init marking
[6.386s][info][gc,ergo     ] GC(190) Pacer for Mark. Expected Live: 66147K, Free: 1815M, Non-Taxable: 181M, Alloc Tax Rate: 0.0x
[6.386s][info][gc          ] GC(190) Pause Init Mark (unload classes) 0.059ms
[6.386s][info][gc,start    ] GC(190) Concurrent marking roots
[6.386s][info][gc,task     ] GC(190) Using 2 of 8 workers for concurrent marking roots
[6.386s][info][gc          ] GC(190) Concurrent marking roots 0.223ms
[6.386s][info][gc,start    ] GC(190) Concurrent marking (unload classes)
[6.386s][info][gc,task     ] GC(190) Using 2 of 8 workers for concurrent marking
[6.417s][info][gc          ] GC(190) Concurrent marking (unload classes) 30.988ms
[6.417s][info][gc,start    ] GC(190) Pause Final Mark (unload classes)
[6.417s][info][gc,task     ] GC(190) Using 8 of 8 workers for final marking
[6.418s][info][gc,ergo     ] GC(190) Collectable Garbage: 2800K (100%), Immediate: 512K (18%), CSet: 2288K (81%)
[6.418s][info][gc,ergo     ] GC(190) Pacer for Evacuation. Used CSet: 62464K, Free: 1814M, Non-Taxable: 181M, Alloc Tax Rate: 1.1x
[6.418s][info][gc          ] GC(190) Pause Final Mark (unload classes) 0.261ms
[6.418s][info][gc,start    ] GC(190) Concurrent thread roots
[6.418s][info][gc,task     ] GC(190) Using 2 of 8 workers for Concurrent thread roots
[6.418s][info][gc          ] GC(190) Concurrent thread roots 0.118ms
[6.418s][info][gc,start    ] GC(190) Concurrent weak references
[6.418s][info][gc,task     ] GC(190) Using 2 of 8 workers for concurrent weak references
[6.418s][info][gc,ref      ] GC(190) Encountered references: Soft: 4021, Weak: 1710, Final: 4, Phantom: 592
[6.418s][info][gc,ref      ] GC(190) Discovered  references: Soft: 0, Weak: 278, Final: 0, Phantom: 204
[6.418s][info][gc,ref      ] GC(190) Enqueued    references: Soft: 0, Weak: 0, Final: 0, Phantom: 0
[6.418s][info][gc          ] GC(190) Concurrent weak references 0.100ms
[6.418s][info][gc,start    ] GC(190) Concurrent weak roots
[6.418s][info][gc,task     ] GC(190) Using 2 of 8 workers for concurrent weak root
[6.419s][info][gc          ] GC(190) Concurrent weak roots 0.905ms
[6.419s][info][gc,start    ] GC(190) Concurrent cleanup
[6.419s][info][gc          ] GC(190) Concurrent cleanup 68M->68M(246M) 0.118ms
[6.419s][info][gc,ergo     ] GC(190) Free: 1814M, Max: 512K regular, 1809M humongous, Frag: 1% external, 0% internal; Reserve: 101376K, Max: 512K
[6.419s][info][gc,start    ] GC(190) Concurrent class unloading
[6.419s][info][gc,task     ] GC(190) Using 2 of 8 workers for concurrent class unloading
[6.420s][info][gc          ] GC(190) Concurrent class unloading 1.456ms
[6.420s][info][gc,start    ] GC(190) Concurrent strong roots
[6.420s][info][gc,task     ] GC(190) Using 2 of 8 workers for concurrent strong root
[6.421s][info][gc          ] GC(190) Concurrent strong roots 0.421ms
[6.421s][info][gc,start    ] GC(190) Concurrent evacuation
[6.421s][info][gc,task     ] GC(190) Using 2 of 8 workers for concurrent evacuation
[6.438s][info][gc          ] GC(190) Concurrent evacuation 17.244ms
[6.438s][info][gc,start    ] GC(190) Pause Init Update Refs
[6.438s][info][gc,ergo     ] GC(190) Pacer for Update Refs. Used: 128M, Free: 1814M, Non-Taxable: 181M, Alloc Tax Rate: 1.1x
[6.438s][info][gc          ] GC(190) Pause Init Update Refs 0.031ms
[6.438s][info][gc,start    ] GC(190) Concurrent update references
[6.438s][info][gc,task     ] GC(190) Using 2 of 8 workers for concurrent reference update
[6.464s][info][gc          ] GC(190) Concurrent update references 25.867ms
[6.464s][info][gc,start    ] GC(190) Concurrent update thread roots
[6.464s][info][gc          ] GC(190) Concurrent update thread roots 0.164ms
[6.464s][info][gc,start    ] GC(190) Pause Final Update Refs
[6.464s][info][gc,task     ] GC(190) Using 8 of 8 workers for final reference update
[6.464s][info][gc          ] GC(190) Pause Final Update Refs 0.082ms
[6.464s][info][gc,start    ] GC(190) Concurrent cleanup
[6.465s][info][gc          ] GC(190) Concurrent cleanup 128M->67M(246M) 0.059ms
[6.465s][info][gc,ergo     ] Free: 1815M, Max: 512K regular, 1810M humongous, Frag: 1% external, 0% internal; Reserve: 101888K, Max: 512K
[6.465s][info][gc,stats    ] 
[6.465s][info][gc,stats    ] All times are wall-clock times, except per-root-class counters, that are sum over
[6.465s][info][gc,stats    ] all workers. Dividing the <total> over the root stage time estimates parallelism.
[6.465s][info][gc,stats    ] 
[6.465s][info][gc,stats    ] Concurrent Reset                    391 us
[6.465s][info][gc,stats    ] Pause Init Mark (G)                  92 us
[6.465s][info][gc,stats    ] Pause Init Mark (N)                  68 us
[6.465s][info][gc,stats    ]   Update Region States               14 us
[6.465s][info][gc,stats    ] Concurrent Mark Roots               235 us, parallelism: 1.13x
[6.465s][info][gc,stats    ]   CMR: <total>                      265 us
[6.465s][info][gc,stats    ]   CMR: Thread Roots                 149 us, workers (us):  27, 123, ---, ---, ---, ---, ---, ---, 
[6.465s][info][gc,stats    ]   CMR: VM Strong Roots                6 us, workers (us):   6,   1, ---, ---, ---, ---, ---, ---, 
[6.465s][info][gc,stats    ]   CMR: CLDG Roots                   109 us, workers (us): 109, ---, ---, ---, ---, ---, ---, ---, 
[6.465s][info][gc,stats    ] Concurrent Marking                31027 us
[6.465s][info][gc,stats    ] Pause Final Mark (G)                294 us
[6.465s][info][gc,stats    ] Pause Final Mark (N)                270 us
[6.465s][info][gc,stats    ]   Finish Mark                       105 us
[6.465s][info][gc,stats    ]   Update Region States               36 us
[6.465s][info][gc,stats    ]   Choose Collection Set              66 us
[6.465s][info][gc,stats    ]   Rebuild Free Set                   18 us
[6.465s][info][gc,stats    ] Concurrent Thread Roots             129 us, parallelism: 0.88x
[6.465s][info][gc,stats    ]   CTR: <total>                      113 us
[6.465s][info][gc,stats    ]   CTR: Thread Roots                 113 us, workers (us):  62,  52, ---, ---, ---, ---, ---, ---, 
[6.465s][info][gc,stats    ] Concurrent Weak References          107 us, parallelism: 0.69x
[6.465s][info][gc,stats    ]   CWRF: <total>                      74 us
[6.465s][info][gc,stats    ]   CWRF: Weak References              74 us, workers (us):  48,  26, ---, ---, ---, ---, ---, ---, 
[6.465s][info][gc,stats    ] Concurrent Weak Roots               931 us
[6.465s][info][gc,stats    ]   Roots                             862 us, parallelism: 1.82x
[6.465s][info][gc,stats    ]     CWR: <total>                   1571 us
[6.465s][info][gc,stats    ]     CWR: Code Cache Roots           878 us, workers (us): 425, 453, ---, ---, ---, ---, ---, ---, 
[6.465s][info][gc,stats    ]     CWR: VM Weak Roots              676 us, workers (us): 339, 337, ---, ---, ---, ---, ---, ---, 
[6.465s][info][gc,stats    ]     CWR: CLDG Roots                  16 us, workers (us):  16, ---, ---, ---, ---, ---, ---, ---, 
[6.465s][info][gc,stats    ]   Rendezvous                         25 us
[6.465s][info][gc,stats    ] Concurrent Cleanup                  127 us
[6.465s][info][gc,stats    ] Concurrent Class Unloading         1477 us
[6.465s][info][gc,stats    ]   Unlink Stale                     1408 us
[6.465s][info][gc,stats    ]     System Dictionary                54 us
[6.465s][info][gc,stats    ]     Weak Class Links                  1 us
[6.465s][info][gc,stats    ]     Code Roots                     1351 us
[6.465s][info][gc,stats    ]   Rendezvous                         21 us
[6.465s][info][gc,stats    ]   Purge Unlinked                      6 us
[6.465s][info][gc,stats    ]     Code Roots                        1 us
[6.465s][info][gc,stats    ]     CLDG                              5 us
[6.465s][info][gc,stats    ]     Exception Caches                  0 us
[6.465s][info][gc,stats    ] Concurrent Strong Roots             434 us, parallelism: 0.84x
[6.465s][info][gc,stats    ]   CSR: <total>                      365 us
[6.465s][info][gc,stats    ]   CSR: VM Strong Roots               13 us, workers (us):   8,   4, ---, ---, ---, ---, ---, ---, 
[6.465s][info][gc,stats    ]   CSR: CLDG Roots                   352 us, workers (us): ---, 352, ---, ---, ---, ---, ---, ---, 
[6.465s][info][gc,stats    ] Concurrent Evacuation             17275 us
[6.465s][info][gc,stats    ] Pause Init Update Refs (G)          128 us
[6.465s][info][gc,stats    ] Pause Init Update Refs (N)           39 us
[6.465s][info][gc,stats    ]   Manage GCLABs                       5 us
[6.465s][info][gc,stats    ] Concurrent Update Refs            25907 us
[6.465s][info][gc,stats    ] Concurrent Update Thread Roots      176 us
[6.465s][info][gc,stats    ] Pause Final Update Refs (G)         117 us
[6.465s][info][gc,stats    ] Pause Final Update Refs (N)          92 us
[6.465s][info][gc,stats    ]   Update Region States               34 us
[6.465s][info][gc,stats    ]   Trash Collection Set                3 us
[6.465s][info][gc,stats    ]   Rebuild Free Set                   23 us
[6.465s][info][gc,stats    ] Concurrent Cleanup                   68 us
[6.465s][info][gc,stats    ] 
[6.465s][info][gc,stats    ] Allocation pacing accrued:
[6.465s][info][gc,stats    ]       0 of    81 ms (  0.0%): <total>
[6.465s][info][gc,stats    ]       0 of    81 ms (  0.0%): <average total>
[6.465s][info][gc,stats    ] 
[6.465s][info][gc,metaspace] Metaspace: 24695K(25024K)->24695K(25024K) NonClass: 21956K(22144K)->21956K(22144K) Class: 2738K(2880K)->2738K(2880K)
[6.465s][info][gc,ergo     ] Pacer for Idle. Initial: 40642K, Alloc Tax Rate: 1.0x
[6.466s][info][gc          ] Trigger: Start next cycle immediately
[6.466s][info][gc,ergo     ] Free: 1815M, Max: 512K regular, 1810M humongous, Frag: 1% external, 0% internal; Reserve: 101888K, Max: 512K
[6.467s][info][gc,start    ] GC(191) Concurrent reset
[6.467s][info][gc,task     ] GC(191) Using 2 of 8 workers for concurrent reset
[6.467s][info][gc,ergo     ] GC(191) Pacer for Reset. Non-Taxable: 1984M
[6.467s][info][gc          ] GC(191) Concurrent reset 0.378ms
[6.467s][info][gc,start    ] GC(191) Pause Init Mark
[6.467s][info][gc,task     ] GC(191) Using 8 of 8 workers for init marking
[6.467s][info][gc,ergo     ] GC(191) Pacer for Mark. Expected Live: 66147K, Free: 1815M, Non-Taxable: 181M, Alloc Tax Rate: 0.0x
[6.467s][info][gc          ] GC(191) Pause Init Mark 0.051ms
[6.467s][info][gc,start    ] GC(191) Concurrent marking roots
[6.467s][info][gc,task     ] GC(191) Using 2 of 8 workers for concurrent marking roots
[6.468s][info][gc          ] GC(191) Concurrent marking roots 0.954ms
[6.468s][info][gc,start    ] GC(191) Concurrent marking
[6.468s][info][gc,task     ] GC(191) Using 2 of 8 workers for concurrent marking
[6.493s][info][gc          ] GC(191) Concurrent marking 24.932ms
[6.493s][info][gc,start    ] GC(191) Pause Final Mark
[6.493s][info][gc,task     ] GC(191) Using 8 of 8 workers for final marking
[6.499s][info][gc,ergo     ] GC(191) Collectable Garbage: 2791K (100%), Immediate: 510K (18%), CSet: 2280K (81%)
[6.499s][info][gc,ergo     ] GC(191) Pacer for Evacuation. Used CSet: 62464K, Free: 1815M, Non-Taxable: 181M, Alloc Tax Rate: 1.1x
[6.499s][info][gc          ] GC(191) Pause Final Mark 6.235ms
[6.499s][info][gc,start    ] GC(191) Concurrent thread roots
[6.499s][info][gc,task     ] GC(191) Using 2 of 8 workers for Concurrent thread roots
[6.499s][info][gc          ] GC(191) Concurrent thread roots 0.100ms
[6.499s][info][gc,start    ] GC(191) Concurrent weak references
[6.499s][info][gc,task     ] GC(191) Using 2 of 8 workers for concurrent weak references
[6.499s][info][gc,ref      ] GC(191) Encountered references: Soft: 4021, Weak: 1710, Final: 4, Phantom: 592
[6.499s][info][gc,ref      ] GC(191) Discovered  references: Soft: 0, Weak: 95, Final: 1, Phantom: 333
[6.499s][info][gc,ref      ] GC(191) Enqueued    references: Soft: 0, Weak: 0, Final: 0, Phantom: 0
[6.499s][info][gc          ] GC(191) Concurrent weak references 0.154ms
[6.499s][info][gc,start    ] GC(191) Concurrent weak roots
[6.499s][info][gc,task     ] GC(191) Using 2 of 8 workers for concurrent weak root
[6.500s][info][gc          ] GC(191) Concurrent weak roots 0.412ms
[6.500s][info][gc,start    ] GC(191) Concurrent cleanup
[6.500s][info][gc          ] GC(191) Concurrent cleanup 68M->68M(246M) 0.115ms
[6.500s][info][gc,ergo     ] GC(191) Free: 1815M, Max: 512K regular, 1810M humongous, Frag: 1% external, 0% internal; Reserve: 101118K, Max: 512K
[6.500s][info][gc,start    ] GC(191) Concurrent strong roots
[6.500s][info][gc,task     ] GC(191) Using 2 of 8 workers for concurrent strong root
[6.501s][info][gc          ] GC(191) Concurrent strong roots 0.909ms
[6.501s][info][gc,start    ] GC(191) Concurrent evacuation
[6.501s][info][gc,task     ] GC(191) Using 2 of 8 workers for concurrent evacuation
[6.526s][info][gc          ] GC(191) Concurrent evacuation 24.916ms
[6.526s][info][gc,start    ] GC(191) Pause Init Update Refs
[6.526s][info][gc,ergo     ] GC(191) Pacer for Update Refs. Used: 127M, Free: 1814M, Non-Taxable: 181M, Alloc Tax Rate: 1.1x
[6.526s][info][gc          ] GC(191) Pause Init Update Refs 0.043ms
[6.526s][info][gc,start    ] GC(191) Concurrent update references
[6.526s][info][gc,task     ] GC(191) Using 2 of 8 workers for concurrent reference update
[6.554s][info][gc          ] GC(191) Concurrent update references 27.953ms
[6.554s][info][gc,start    ] GC(191) Concurrent update thread roots
[6.554s][info][gc          ] GC(191) Concurrent update thread roots 0.206ms
[6.554s][info][gc,start    ] GC(191) Pause Final Update Refs
[6.554s][info][gc,task     ] GC(191) Using 8 of 8 workers for final reference update
[6.554s][info][gc          ] GC(191) Pause Final Update Refs 0.076ms
[6.554s][info][gc,start    ] GC(191) Concurrent cleanup
[6.554s][info][gc          ] GC(191) Concurrent cleanup 127M->66M(246M) 0.059ms
[6.554s][info][gc,ergo     ] Free: 1815M, Max: 512K regular, 1810M humongous, Frag: 1% external, 0% internal; Reserve: 101888K, Max: 512K
[6.554s][info][gc,stats    ] 
[6.554s][info][gc,stats    ] All times are wall-clock times, except per-root-class counters, that are sum over
[6.554s][info][gc,stats    ] all workers. Dividing the <total> over the root stage time estimates parallelism.
[6.554s][info][gc,stats    ] 
[6.555s][info][gc,stats    ] Concurrent Reset                    390 us
[6.555s][info][gc,stats    ] Pause Init Mark (G)                  81 us
[6.555s][info][gc,stats    ] Pause Init Mark (N)                  61 us
[6.555s][info][gc,stats    ]   Update Region States               11 us
[6.555s][info][gc,stats    ] Concurrent Mark Roots               970 us, parallelism: 1.72x
[6.555s][info][gc,stats    ]   CMR: <total>                     1671 us
[6.555s][info][gc,stats    ]   CMR: Thread Roots                 139 us, workers (us):  46,  93, ---, ---, ---, ---, ---, ---, 
[6.555s][info][gc,stats    ]   CMR: Code Cache Roots            1306 us, workers (us): 580, 726, ---, ---, ---, ---, ---, ---, 
[6.555s][info][gc,stats    ]   CMR: VM Strong Roots                8 us, workers (us):   7,   1, ---, ---, ---, ---, ---, ---, 
[6.555s][info][gc,stats    ]   CMR: CLDG Roots                   217 us, workers (us): 217, ---, ---, ---, ---, ---, ---, ---, 
[6.555s][info][gc,stats    ] Concurrent Marking                24962 us
[6.555s][info][gc,stats    ] Pause Final Mark (G)               6268 us
[6.555s][info][gc,stats    ] Pause Final Mark (N)               6243 us
[6.555s][info][gc,stats    ]   Finish Mark                      6093 us
[6.555s][info][gc,stats    ]   Update Region States               36 us
[6.555s][info][gc,stats    ]   Choose Collection Set              58 us
[6.555s][info][gc,stats    ]   Rebuild Free Set                   16 us
[6.555s][info][gc,stats    ] Concurrent Thread Roots             111 us, parallelism: 1.28x
[6.555s][info][gc,stats    ]   CTR: <total>                      142 us
[6.555s][info][gc,stats    ]   CTR: Thread Roots                 142 us, workers (us):  69,  73, ---, ---, ---, ---, ---, ---, 
[6.555s][info][gc,stats    ] Concurrent Weak References          162 us, parallelism: 0.36x
[6.555s][info][gc,stats    ]   CWRF: <total>                      59 us
[6.555s][info][gc,stats    ]   CWRF: Weak References              59 us, workers (us):  58,   1, ---, ---, ---, ---, ---, ---, 
[6.555s][info][gc,stats    ] Concurrent Weak Roots               425 us
[6.555s][info][gc,stats    ]   Roots                             375 us, parallelism: 1.76x
[6.555s][info][gc,stats    ]     CWR: <total>                    660 us
[6.555s][info][gc,stats    ]     CWR: VM Weak Roots              660 us, workers (us): 331, 329, ---, ---, ---, ---, ---, ---, 
[6.555s][info][gc,stats    ]   Rendezvous                         21 us
[6.555s][info][gc,stats    ] Concurrent Cleanup                  123 us
[6.555s][info][gc,stats    ] Concurrent Strong Roots             929 us, parallelism: 1.80x
[6.555s][info][gc,stats    ]   CSR: <total>                     1672 us
[6.555s][info][gc,stats    ]   CSR: Code Cache Roots            1317 us, workers (us): 494, 822, ---, ---, ---, ---, ---, ---, 
[6.555s][info][gc,stats    ]   CSR: VM Strong Roots               19 us, workers (us):   8,  10, ---, ---, ---, ---, ---, ---, 
[6.555s][info][gc,stats    ]   CSR: CLDG Roots                   336 us, workers (us): 336, ---, ---, ---, ---, ---, ---, ---, 
[6.555s][info][gc,stats    ] Concurrent Evacuation             24966 us
[6.555s][info][gc,stats    ] Pause Init Update Refs (G)          120 us
[6.555s][info][gc,stats    ] Pause Init Update Refs (N)           57 us
[6.555s][info][gc,stats    ]   Manage GCLABs                       6 us
[6.555s][info][gc,stats    ] Concurrent Update Refs            27987 us
[6.555s][info][gc,stats    ] Concurrent Update Thread Roots      221 us
[6.555s][info][gc,stats    ] Pause Final Update Refs (G)         104 us
[6.555s][info][gc,stats    ] Pause Final Update Refs (N)          86 us
[6.555s][info][gc,stats    ]   Update Region States               35 us
[6.555s][info][gc,stats    ]   Trash Collection Set                3 us
[6.555s][info][gc,stats    ]   Rebuild Free Set                   19 us
[6.555s][info][gc,stats    ] Concurrent Cleanup                   67 us
[6.555s][info][gc,stats    ] 
[6.555s][info][gc,stats    ] Allocation pacing accrued:
[6.555s][info][gc,stats    ]       0 of    90 ms (  0.0%): <total>
[6.555s][info][gc,stats    ]       0 of    90 ms (  0.0%): <average total>
[6.555s][info][gc,stats    ] 
[6.555s][info][gc,metaspace] Metaspace: 24695K(25024K)->24695K(25024K) NonClass: 21956K(22144K)->21956K(22144K) Class: 2738K(2880K)->2738K(2880K)
[6.555s][info][gc,ergo     ] Pacer for Idle. Initial: 40642K, Alloc Tax Rate: 1.0x
[6.556s][info][gc          ] Trigger: Start next cycle immediately
[6.556s][info][gc,ergo     ] Free: 1815M, Max: 512K regular, 1810M humongous, Frag: 1% external, 0% internal; Reserve: 101888K, Max: 512K
[6.556s][info][gc,start    ] GC(192) Concurrent reset
[6.556s][info][gc,task     ] GC(192) Using 2 of 8 workers for concurrent reset
[6.556s][info][gc,ergo     ] GC(192) Pacer for Reset. Non-Taxable: 1984M
[6.557s][info][gc          ] GC(192) Concurrent reset 0.515ms
[6.557s][info][gc,start    ] GC(192) Pause Init Mark
[6.557s][info][gc,task     ] GC(192) Using 8 of 8 workers for init marking
[6.557s][info][gc,ergo     ] GC(192) Pacer for Mark. Expected Live: 66147K, Free: 1815M, Non-Taxable: 181M, Alloc Tax Rate: 0.0x
[6.557s][info][gc          ] GC(192) Pause Init Mark 0.051ms
[6.557s][info][gc,start    ] GC(192) Concurrent marking roots
[6.557s][info][gc,task     ] GC(192) Using 2 of 8 workers for concurrent marking roots
[6.558s][info][gc          ] GC(192) Concurrent marking roots 0.866ms
[6.558s][info][gc,start    ] GC(192) Concurrent marking
[6.558s][info][gc,task     ] GC(192) Using 2 of 8 workers for concurrent marking
[6.583s][info][gc          ] GC(192) Concurrent marking 25.783ms
[6.583s][info][gc,start    ] GC(192) Pause Final Mark
[6.583s][info][gc,task     ] GC(192) Using 8 of 8 workers for final marking
[6.584s][info][gc,ergo     ] GC(192) Collectable Garbage: 2280K (100%), Immediate: 0B (0%), CSet: 2280K (100%)
[6.584s][info][gc,ergo     ] GC(192) Pacer for Evacuation. Used CSet: 62464K, Free: 1815M, Non-Taxable: 181M, Alloc Tax Rate: 1.1x
[6.584s][info][gc          ] GC(192) Pause Final Mark 0.267ms
[6.584s][info][gc,start    ] GC(192) Concurrent thread roots
[6.584s][info][gc,task     ] GC(192) Using 2 of 8 workers for Concurrent thread roots
[6.584s][info][gc          ] GC(192) Concurrent thread roots 0.100ms
[6.584s][info][gc,start    ] GC(192) Concurrent weak references
[6.584s][info][gc,task     ] GC(192) Using 2 of 8 workers for concurrent weak references
[6.584s][info][gc,ref      ] GC(192) Encountered references: Soft: 4021, Weak: 1710, Final: 4, Phantom: 592
[6.584s][info][gc,ref      ] GC(192) Discovered  references: Soft: 0, Weak: 95, Final: 4, Phantom: 336
[6.584s][info][gc,ref      ] GC(192) Enqueued    references: Soft: 0, Weak: 0, Final: 0, Phantom: 0
[6.584s][info][gc          ] GC(192) Concurrent weak references 0.091ms
[6.584s][info][gc,start    ] GC(192) Concurrent weak roots
[6.584s][info][gc,task     ] GC(192) Using 2 of 8 workers for concurrent weak root
[6.586s][info][gc          ] GC(192) Concurrent weak roots 2.329ms
[6.586s][info][gc,start    ] GC(192) Concurrent cleanup
[6.586s][info][gc          ] GC(192) Concurrent cleanup 69M->69M(246M) 0.109ms
[6.586s][info][gc,ergo     ] GC(192) Free: 1813M, Max: 512K regular, 1810M humongous, Frag: 1% external, 0% internal; Reserve: 101273K, Max: 512K
[6.586s][info][gc,start    ] GC(192) Concurrent strong roots
[6.586s][info][gc,task     ] GC(192) Using 2 of 8 workers for concurrent strong root
[6.589s][info][gc          ] GC(192) Concurrent strong roots 2.428ms
[6.589s][info][gc,start    ] GC(192) Concurrent evacuation
[6.589s][info][gc,task     ] GC(192) Using 2 of 8 workers for concurrent evacuation
[6.606s][info][gc          ] GC(192) Concurrent evacuation 17.114ms
[6.606s][info][gc,start    ] GC(192) Pause Init Update Refs
[6.606s][info][gc,ergo     ] GC(192) Pacer for Update Refs. Used: 128M, Free: 1813M, Non-Taxable: 181M, Alloc Tax Rate: 1.1x
[6.606s][info][gc          ] GC(192) Pause Init Update Refs 0.026ms
[6.606s][info][gc,start    ] GC(192) Concurrent update references
[6.606s][info][gc,task     ] GC(192) Using 2 of 8 workers for concurrent reference update
[6.634s][info][gc          ] GC(192) Concurrent update references 27.664ms
[6.634s][info][gc,start    ] GC(192) Concurrent update thread roots
[6.634s][info][gc          ] GC(192) Concurrent update thread roots 0.166ms
[6.634s][info][gc,start    ] GC(192) Pause Final Update Refs
[6.634s][info][gc,task     ] GC(192) Using 8 of 8 workers for final reference update
[6.634s][info][gc          ] GC(192) Pause Final Update Refs 0.092ms
[6.634s][info][gc,start    ] GC(192) Concurrent cleanup
[6.634s][info][gc          ] GC(192) Concurrent cleanup 128M->67M(246M) 0.077ms
[6.634s][info][gc,ergo     ] Free: 1814M, Max: 512K regular, 1810M humongous, Frag: 1% external, 0% internal; Reserve: 101888K, Max: 512K
[6.634s][info][gc,stats    ] 
[6.634s][info][gc,stats    ] All times are wall-clock times, except per-root-class counters, that are sum over
[6.634s][info][gc,stats    ] all workers. Dividing the <total> over the root stage time estimates parallelism.
[6.634s][info][gc,stats    ] 
[6.634s][info][gc,stats    ] Concurrent Reset                    530 us
[6.634s][info][gc,stats    ] Pause Init Mark (G)                  81 us
[6.634s][info][gc,stats    ] Pause Init Mark (N)                  59 us
[6.634s][info][gc,stats    ]   Update Region States               11 us
[6.634s][info][gc,stats    ] Concurrent Mark Roots               889 us, parallelism: 1.70x
[6.634s][info][gc,stats    ]   CMR: <total>                     1515 us
[6.634s][info][gc,stats    ]   CMR: Thread Roots                 147 us, workers (us): 107,  40, ---, ---, ---, ---, ---, ---, 
[6.634s][info][gc,stats    ]   CMR: Code Cache Roots            1174 us, workers (us): 461, 713, ---, ---, ---, ---, ---, ---, 
[6.634s][info][gc,stats    ]   CMR: VM Strong Roots                6 us, workers (us):   6,   1, ---, ---, ---, ---, ---, ---, 
[6.634s][info][gc,stats    ]   CMR: CLDG Roots                   188 us, workers (us): 188, ---, ---, ---, ---, ---, ---, ---, 
[6.634s][info][gc,stats    ] Concurrent Marking                25814 us
[6.634s][info][gc,stats    ] Pause Final Mark (G)                298 us
[6.634s][info][gc,stats    ] Pause Final Mark (N)                276 us
[6.634s][info][gc,stats    ]   Finish Mark                       119 us
[6.634s][info][gc,stats    ]   Update Region States               49 us
[6.634s][info][gc,stats    ]   Choose Collection Set              49 us
[6.634s][info][gc,stats    ]   Rebuild Free Set                   16 us
[6.635s][info][gc,stats    ] Concurrent Thread Roots             111 us, parallelism: 1.01x
[6.635s][info][gc,stats    ]   CTR: <total>                      112 us
[6.635s][info][gc,stats    ]   CTR: Thread Roots                 112 us, workers (us):  58,  53, ---, ---, ---, ---, ---, ---, 
[6.635s][info][gc,stats    ] Concurrent Weak References           98 us, parallelism: 0.46x
[6.635s][info][gc,stats    ]   CWRF: <total>                      45 us
[6.635s][info][gc,stats    ]   CWRF: Weak References              45 us, workers (us):  45,   1, ---, ---, ---, ---, ---, ---, 
[6.635s][info][gc,stats    ] Concurrent Weak Roots              2362 us
[6.635s][info][gc,stats    ]   Roots                            2282 us, parallelism: 0.28x
[6.635s][info][gc,stats    ]     CWR: <total>                    640 us
[6.635s][info][gc,stats    ]     CWR: VM Weak Roots              640 us, workers (us): 640,   0, ---, ---, ---, ---, ---, ---, 
[6.635s][info][gc,stats    ]   Rendezvous                         24 us
[6.635s][info][gc,stats    ] Concurrent Cleanup                  118 us
[6.635s][info][gc,stats    ] Concurrent Strong Roots            2454 us, parallelism: 0.63x
[6.635s][info][gc,stats    ]   CSR: <total>                     1544 us
[6.635s][info][gc,stats    ]   CSR: Code Cache Roots            1215 us, workers (us): 478, 737, ---, ---, ---, ---, ---, ---, 
[6.635s][info][gc,stats    ]   CSR: VM Strong Roots               12 us, workers (us):  11,   1, ---, ---, ---, ---, ---, ---, 
[6.635s][info][gc,stats    ]   CSR: CLDG Roots                   318 us, workers (us): 318, ---, ---, ---, ---, ---, ---, ---, 
[6.635s][info][gc,stats    ] Concurrent Evacuation             17141 us
[6.635s][info][gc,stats    ] Pause Init Update Refs (G)           62 us
[6.635s][info][gc,stats    ] Pause Init Update Refs (N)           34 us
[6.635s][info][gc,stats    ]   Manage GCLABs                       4 us
[6.635s][info][gc,stats    ] Concurrent Update Refs            27702 us
[6.635s][info][gc,stats    ] Concurrent Update Thread Roots      178 us
[6.635s][info][gc,stats    ] Pause Final Update Refs (G)         122 us
[6.635s][info][gc,stats    ] Pause Final Update Refs (N)         103 us
[6.635s][info][gc,stats    ]   Update Region States               41 us
[6.635s][info][gc,stats    ]   Trash Collection Set                5 us
[6.635s][info][gc,stats    ]   Rebuild Free Set                   20 us
[6.635s][info][gc,stats    ] Concurrent Cleanup                  105 us
[6.635s][info][gc,stats    ] 
[6.635s][info][gc,stats    ] Allocation pacing accrued:
[6.635s][info][gc,stats    ]       0 of    80 ms (  0.0%): <total>
[6.635s][info][gc,stats    ]       0 of    80 ms (  0.0%): <average total>
[6.635s][info][gc,stats    ] 
[6.635s][info][gc,metaspace] Metaspace: 24695K(25024K)->24695K(25024K) NonClass: 21956K(22144K)->21956K(22144K) Class: 2738K(2880K)->2738K(2880K)
[6.635s][info][gc,ergo     ] Pacer for Idle. Initial: 40642K, Alloc Tax Rate: 1.0x
[6.636s][info][gc          ] Trigger: Start next cycle immediately
[6.636s][info][gc,ergo     ] Free: 1814M, Max: 512K regular, 1810M humongous, Frag: 1% external, 0% internal; Reserve: 101888K, Max: 512K
[6.636s][info][gc,start    ] GC(193) Concurrent reset
[6.636s][info][gc,task     ] GC(193) Using 2 of 8 workers for concurrent reset
[6.636s][info][gc,ergo     ] GC(193) Pacer for Reset. Non-Taxable: 1984M
[6.636s][info][gc          ] GC(193) Concurrent reset 0.365ms
[6.636s][info][gc,start    ] GC(193) Pause Init Mark
[6.636s][info][gc,task     ] GC(193) Using 8 of 8 workers for init marking
[6.637s][info][gc,ergo     ] GC(193) Pacer for Mark. Expected Live: 66147K, Free: 1814M, Non-Taxable: 181M, Alloc Tax Rate: 0.0x
[6.637s][info][gc          ] GC(193) Pause Init Mark 0.062ms
[6.637s][info][gc,start    ] GC(193) Concurrent marking roots
[6.637s][info][gc,task     ] GC(193) Using 2 of 8 workers for concurrent marking roots
[6.638s][info][gc          ] GC(193) Concurrent marking roots 0.965ms
[6.638s][info][gc,start    ] GC(193) Concurrent marking
[6.638s][info][gc,task     ] GC(193) Using 2 of 8 workers for concurrent marking
[6.664s][info][gc          ] GC(193) Concurrent marking 26.094ms
[6.664s][info][gc,start    ] GC(193) Pause Final Mark
[6.664s][info][gc,task     ] GC(193) Using 8 of 8 workers for final marking
[6.665s][info][gc,ergo     ] GC(193) Collectable Garbage: 3288K (100%), Immediate: 0B (0%), CSet: 3288K (100%)
[6.665s][info][gc,ergo     ] GC(193) Pacer for Evacuation. Used CSet: 63470K, Free: 1813M, Non-Taxable: 181M, Alloc Tax Rate: 1.1x
[6.665s][info][gc          ] GC(193) Pause Final Mark 1.316ms
[6.665s][info][gc,start    ] GC(193) Concurrent thread roots
[6.665s][info][gc,task     ] GC(193) Using 2 of 8 workers for Concurrent thread roots
[6.665s][info][gc          ] GC(193) Concurrent thread roots 0.167ms
[6.665s][info][gc,start    ] GC(193) Concurrent weak references
[6.665s][info][gc,task     ] GC(193) Using 2 of 8 workers for concurrent weak references
[6.665s][info][gc,ref      ] GC(193) Encountered references: Soft: 4021, Weak: 1715, Final: 4, Phantom: 592
[6.665s][info][gc,ref      ] GC(193) Discovered  references: Soft: 0, Weak: 805, Final: 0, Phantom: 335
[6.665s][info][gc,ref      ] GC(193) Enqueued    references: Soft: 0, Weak: 3, Final: 0, Phantom: 0
[6.665s][info][gc          ] GC(193) Concurrent weak references 0.142ms
[6.665s][info][gc,start    ] GC(193) Concurrent weak roots
[6.665s][info][gc,task     ] GC(193) Using 2 of 8 workers for concurrent weak root
[6.666s][info][gc          ] GC(193) Concurrent weak roots 0.409ms
[6.666s][info][gc,start    ] GC(193) Concurrent cleanup
[6.666s][info][gc          ] GC(193) Concurrent cleanup 69M->69M(246M) 0.111ms
[6.666s][info][gc,ergo     ] GC(193) Free: 1813M, Max: 512K regular, 1810M humongous, Frag: 1% external, 0% internal; Reserve: 101118K, Max: 512K
[6.666s][info][gc,start    ] GC(193) Concurrent strong roots
[6.666s][info][gc,task     ] GC(193) Using 2 of 8 workers for concurrent strong root
[6.667s][info][gc          ] GC(193) Concurrent strong roots 0.903ms
[6.667s][info][gc,start    ] GC(193) Concurrent evacuation
[6.667s][info][gc,task     ] GC(193) Using 2 of 8 workers for concurrent evacuation
[6.682s][info][gc          ] GC(193) Concurrent evacuation 15.356ms
[6.682s][info][gc,start    ] GC(193) Pause Init Update Refs
[6.682s][info][gc,ergo     ] GC(193) Pacer for Update Refs. Used: 129M, Free: 1813M, Non-Taxable: 181M, Alloc Tax Rate: 1.1x
[6.682s][info][gc          ] GC(193) Pause Init Update Refs 0.026ms
[6.682s][info][gc,start    ] GC(193) Concurrent update references
[6.682s][info][gc,task     ] GC(193) Using 2 of 8 workers for concurrent reference update
[6.714s][info][gc          ] GC(193) Concurrent update references 31.835ms
[6.714s][info][gc,start    ] GC(193) Concurrent update thread roots
[6.715s][info][gc          ] GC(193) Concurrent update thread roots 0.286ms
[6.715s][info][gc,start    ] GC(193) Pause Final Update Refs
[6.715s][info][gc,task     ] GC(193) Using 8 of 8 workers for final reference update
[6.715s][info][gc          ] GC(193) Pause Final Update Refs 0.123ms
[6.715s][info][gc,start    ] GC(193) Concurrent cleanup
[6.715s][info][gc          ] GC(193) Concurrent cleanup 129M->67M(246M) 0.111ms
[6.715s][info][gc,ergo     ] Free: 1815M, Max: 512K regular, 1810M humongous, Frag: 1% external, 0% internal; Reserve: 101888K, Max: 512K
[6.715s][info][gc,stats    ] 
[6.715s][info][gc,stats    ] All times are wall-clock times, except per-root-class counters, that are sum over
[6.715s][info][gc,stats    ] all workers. Dividing the <total> over the root stage time estimates parallelism.
[6.715s][info][gc,stats    ] 
[6.715s][info][gc,stats    ] Concurrent Reset                    377 us
[6.715s][info][gc,stats    ] Pause Init Mark (G)                  93 us
[6.715s][info][gc,stats    ] Pause Init Mark (N)                  70 us
[6.715s][info][gc,stats    ]   Update Region States               13 us
[6.715s][info][gc,stats    ] Concurrent Mark Roots               989 us, parallelism: 1.69x
[6.715s][info][gc,stats    ]   CMR: <total>                     1675 us
[6.715s][info][gc,stats    ]   CMR: Thread Roots                 132 us, workers (us):  23, 109, ---, ---, ---, ---, ---, ---, 
[6.715s][info][gc,stats    ]   CMR: Code Cache Roots            1272 us, workers (us): 562, 710, ---, ---, ---, ---, ---, ---, 
[6.715s][info][gc,stats    ]   CMR: VM Strong Roots                9 us, workers (us):   9,   0, ---, ---, ---, ---, ---, ---, 
[6.715s][info][gc,stats    ]   CMR: CLDG Roots                   262 us, workers (us): 262, ---, ---, ---, ---, ---, ---, ---, 
[6.715s][info][gc,stats    ] Concurrent Marking                26122 us
[6.715s][info][gc,stats    ] Pause Final Mark (G)               1364 us
[6.715s][info][gc,stats    ] Pause Final Mark (N)               1342 us
[6.715s][info][gc,stats    ]   Finish Mark                      1186 us
[6.715s][info][gc,stats    ]   Update Region States               34 us
[6.715s][info][gc,stats    ]   Choose Collection Set              46 us
[6.715s][info][gc,stats    ]   Rebuild Free Set                   16 us
[6.715s][info][gc,stats    ] Concurrent Thread Roots             178 us, parallelism: 0.76x
[6.715s][info][gc,stats    ]   CTR: <total>                      135 us
[6.715s][info][gc,stats    ]   CTR: Thread Roots                 135 us, workers (us): 135,   0, ---, ---, ---, ---, ---, ---, 
[6.715s][info][gc,stats    ] Concurrent Weak References          150 us, parallelism: 0.60x
[6.716s][info][gc,stats    ]   CWRF: <total>                      90 us
[6.716s][info][gc,stats    ]   CWRF: Weak References              90 us, workers (us):  90,   1, ---, ---, ---, ---, ---, ---, 
[6.716s][info][gc,stats    ] Concurrent Weak Roots               422 us
[6.716s][info][gc,stats    ]   Roots                             370 us, parallelism: 1.78x
[6.716s][info][gc,stats    ]     CWR: <total>                    660 us
[6.716s][info][gc,stats    ]     CWR: VM Weak Roots              660 us, workers (us): 331, 329, ---, ---, ---, ---, ---, ---, 
[6.716s][info][gc,stats    ]   Rendezvous                         20 us
[6.716s][info][gc,stats    ] Concurrent Cleanup                  119 us
[6.716s][info][gc,stats    ] Concurrent Strong Roots             925 us, parallelism: 1.78x
[6.716s][info][gc,stats    ]   CSR: <total>                     1642 us
[6.716s][info][gc,stats    ]   CSR: Code Cache Roots            1271 us, workers (us): 792, 480, ---, ---, ---, ---, ---, ---, 
[6.716s][info][gc,stats    ]   CSR: VM Strong Roots               17 us, workers (us):  10,   7, ---, ---, ---, ---, ---, ---, 
[6.716s][info][gc,stats    ]   CSR: CLDG Roots                   354 us, workers (us): ---, 354, ---, ---, ---, ---, ---, ---, 
[6.716s][info][gc,stats    ] Concurrent Evacuation             15389 us
[6.716s][info][gc,stats    ] Pause Init Update Refs (G)           60 us
[6.716s][info][gc,stats    ] Pause Init Update Refs (N)           32 us
[6.716s][info][gc,stats    ]   Manage GCLABs                       5 us
[6.716s][info][gc,stats    ] Concurrent Update Refs            31901 us
[6.716s][info][gc,stats    ] Concurrent Update Thread Roots      307 us
[6.716s][info][gc,stats    ] Pause Final Update Refs (G)         174 us
[6.716s][info][gc,stats    ] Pause Final Update Refs (N)         139 us
[6.716s][info][gc,stats    ]   Update Region States               45 us
[6.716s][info][gc,stats    ]   Trash Collection Set                6 us
[6.716s][info][gc,stats    ]   Rebuild Free Set                   34 us
[6.716s][info][gc,stats    ] Concurrent Cleanup                  127 us
[6.716s][info][gc,stats    ] 
[6.716s][info][gc,stats    ] Allocation pacing accrued:
[6.716s][info][gc,stats    ]       0 of    81 ms (  0.0%): <total>
[6.716s][info][gc,stats    ]       0 of    81 ms (  0.0%): <average total>
[6.716s][info][gc,stats    ] 
[6.716s][info][gc,metaspace] Metaspace: 24695K(25024K)->24695K(25024K) NonClass: 21956K(22144K)->21956K(22144K) Class: 2738K(2880K)->2738K(2880K)
[6.716s][info][gc,ergo     ] Pacer for Idle. Initial: 40642K, Alloc Tax Rate: 1.0x
[6.717s][info][gc          ] Trigger: Start next cycle immediately
[6.717s][info][gc,ergo     ] Free: 1815M, Max: 512K regular, 1810M humongous, Frag: 1% external, 0% internal; Reserve: 101888K, Max: 512K
[6.717s][info][gc,start    ] GC(194) Concurrent reset
[6.717s][info][gc,task     ] GC(194) Using 2 of 8 workers for concurrent reset
[6.718s][info][gc,ergo     ] GC(194) Pacer for Reset. Non-Taxable: 1984M
[6.718s][info][gc          ] GC(194) Concurrent reset 0.481ms
[6.718s][info][gc,start    ] GC(194) Pause Init Mark (unload classes)
[6.718s][info][gc,task     ] GC(194) Using 8 of 8 workers for init marking
[6.718s][info][gc,ergo     ] GC(194) Pacer for Mark. Expected Live: 66148K, Free: 1815M, Non-Taxable: 181M, Alloc Tax Rate: 0.0x
[6.718s][info][gc          ] GC(194) Pause Init Mark (unload classes) 0.119ms
[6.718s][info][gc,start    ] GC(194) Concurrent marking roots
[6.718s][info][gc,task     ] GC(194) Using 2 of 8 workers for concurrent marking roots
[6.719s][info][gc          ] GC(194) Concurrent marking roots 0.382ms
[6.719s][info][gc,start    ] GC(194) Concurrent marking (unload classes)
[6.719s][info][gc,task     ] GC(194) Using 2 of 8 workers for concurrent marking
[6.748s][info][gc          ] GC(194) Concurrent marking (unload classes) 29.677ms
[6.748s][info][gc,start    ] GC(194) Pause Final Mark (unload classes)
[6.748s][info][gc,task     ] GC(194) Using 8 of 8 workers for final marking
[6.749s][info][gc,ergo     ] GC(194) Collectable Garbage: 2785K (100%), Immediate: 510K (18%), CSet: 2274K (81%)
[6.749s][info][gc,ergo     ] GC(194) Pacer for Evacuation. Used CSet: 62456K, Free: 1814M, Non-Taxable: 181M, Alloc Tax Rate: 1.1x
[6.749s][info][gc          ] GC(194) Pause Final Mark (unload classes) 0.289ms
[6.749s][info][gc,start    ] GC(194) Concurrent thread roots
[6.749s][info][gc,task     ] GC(194) Using 2 of 8 workers for Concurrent thread roots
[6.749s][info][gc          ] GC(194) Concurrent thread roots 0.108ms
[6.749s][info][gc,start    ] GC(194) Concurrent weak references
[6.749s][info][gc,task     ] GC(194) Using 2 of 8 workers for concurrent weak references
[6.749s][info][gc,ref      ] GC(194) Encountered references: Soft: 4021, Weak: 1712, Final: 4, Phantom: 592
[6.749s][info][gc,ref      ] GC(194) Discovered  references: Soft: 0, Weak: 541, Final: 0, Phantom: 205
[6.749s][info][gc,ref      ] GC(194) Enqueued    references: Soft: 0, Weak: 0, Final: 0, Phantom: 0
[6.749s][info][gc          ] GC(194) Concurrent weak references 0.135ms
[6.749s][info][gc,start    ] GC(194) Concurrent weak roots
[6.749s][info][gc,task     ] GC(194) Using 2 of 8 workers for concurrent weak root
[6.750s][info][gc          ] GC(194) Concurrent weak roots 0.962ms
[6.750s][info][gc,start    ] GC(194) Concurrent cleanup
[6.750s][info][gc          ] GC(194) Concurrent cleanup 69M->68M(246M) 0.125ms
[6.750s][info][gc,ergo     ] GC(194) Free: 1814M, Max: 512K regular, 1810M humongous, Frag: 1% external, 0% internal; Reserve: 101118K, Max: 512K
[6.750s][info][gc,start    ] GC(194) Concurrent class unloading
[6.750s][info][gc,task     ] GC(194) Using 2 of 8 workers for concurrent class unloading
[6.753s][info][gc          ] GC(194) Concurrent class unloading 2.732ms
[6.753s][info][gc,start    ] GC(194) Concurrent strong roots
[6.753s][info][gc,task     ] GC(194) Using 2 of 8 workers for concurrent strong root
[6.753s][info][gc          ] GC(194) Concurrent strong roots 0.433ms
[6.753s][info][gc,start    ] GC(194) Concurrent evacuation
[6.753s][info][gc,task     ] GC(194) Using 2 of 8 workers for concurrent evacuation
[6.769s][info][gc          ] GC(194) Concurrent evacuation 16.221ms
[6.770s][info][gc,start    ] GC(194) Pause Init Update Refs
[6.770s][info][gc,ergo     ] GC(194) Pacer for Update Refs. Used: 128M, Free: 1814M, Non-Taxable: 181M, Alloc Tax Rate: 1.1x
[6.770s][info][gc          ] GC(194) Pause Init Update Refs 0.028ms
[6.770s][info][gc,start    ] GC(194) Concurrent update references
[6.770s][info][gc,task     ] GC(194) Using 2 of 8 workers for concurrent reference update
[6.792s][info][gc          ] GC(194) Concurrent update references 22.326ms
[6.792s][info][gc,start    ] GC(194) Concurrent update thread roots
[6.792s][info][gc          ] GC(194) Concurrent update thread roots 0.170ms
[6.792s][info][gc,start    ] GC(194) Pause Final Update Refs
[6.792s][info][gc,task     ] GC(194) Using 8 of 8 workers for final reference update
[6.792s][info][gc          ] GC(194) Pause Final Update Refs 0.092ms
[6.792s][info][gc,start    ] GC(194) Concurrent cleanup
[6.792s][info][gc          ] GC(194) Concurrent cleanup 128M->67M(246M) 0.080ms
[6.792s][info][gc,ergo     ] Free: 1815M, Max: 512K regular, 1810M humongous, Frag: 1% external, 0% internal; Reserve: 101888K, Max: 512K
[6.792s][info][gc,stats    ] 
[6.792s][info][gc,stats    ] All times are wall-clock times, except per-root-class counters, that are sum over
[6.792s][info][gc,stats    ] all workers. Dividing the <total> over the root stage time estimates parallelism.
[6.792s][info][gc,stats    ] 
[6.792s][info][gc,stats    ] Concurrent Reset                    502 us
[6.792s][info][gc,stats    ] Pause Init Mark (G)                 181 us
[6.793s][info][gc,stats    ] Pause Init Mark (N)                 133 us
[6.793s][info][gc,stats    ]   Update Region States               33 us
[6.793s][info][gc,stats    ] Concurrent Mark Roots               405 us, parallelism: 0.96x
[6.793s][info][gc,stats    ]   CMR: <total>                      388 us
[6.793s][info][gc,stats    ]   CMR: Thread Roots                 242 us, workers (us): 179,  62, ---, ---, ---, ---, ---, ---, 
[6.793s][info][gc,stats    ]   CMR: VM Strong Roots                9 us, workers (us):   6,   3, ---, ---, ---, ---, ---, ---, 
[6.793s][info][gc,stats    ]   CMR: CLDG Roots                   138 us, workers (us): ---, 138, ---, ---, ---, ---, ---, ---, 
[6.793s][info][gc,stats    ] Concurrent Marking                29709 us
[6.793s][info][gc,stats    ] Pause Final Mark (G)                379 us
[6.793s][info][gc,stats    ] Pause Final Mark (N)                314 us
[6.793s][info][gc,stats    ]   Finish Mark                       147 us
[6.793s][info][gc,stats    ]   Update Region States               38 us
[6.793s][info][gc,stats    ]   Choose Collection Set              54 us
[6.793s][info][gc,stats    ]   Rebuild Free Set                   16 us
[6.793s][info][gc,stats    ] Concurrent Thread Roots             118 us, parallelism: 1.25x
[6.793s][info][gc,stats    ]   CTR: <total>                      148 us
[6.793s][info][gc,stats    ]   CTR: Thread Roots                 148 us, workers (us):  79,  69, ---, ---, ---, ---, ---, ---, 
[6.793s][info][gc,stats    ] Concurrent Weak References          140 us, parallelism: 0.59x
[6.793s][info][gc,stats    ]   CWRF: <total>                      83 us
[6.793s][info][gc,stats    ]   CWRF: Weak References              83 us, workers (us):  82,   1, ---, ---, ---, ---, ---, ---, 
[6.793s][info][gc,stats    ] Concurrent Weak Roots               986 us
[6.793s][info][gc,stats    ]   Roots                             918 us, parallelism: 1.82x
[6.793s][info][gc,stats    ]     CWR: <total>                   1671 us
[6.793s][info][gc,stats    ]     CWR: Code Cache Roots           965 us, workers (us): 456, 509, ---, ---, ---, ---, ---, ---, 
[6.793s][info][gc,stats    ]     CWR: VM Weak Roots              677 us, workers (us): 339, 339, ---, ---, ---, ---, ---, ---, 
[6.793s][info][gc,stats    ]     CWR: CLDG Roots                  28 us, workers (us):  28, ---, ---, ---, ---, ---, ---, ---, 
[6.793s][info][gc,stats    ]   Rendezvous                         25 us
[6.793s][info][gc,stats    ] Concurrent Cleanup                  134 us
[6.793s][info][gc,stats    ] Concurrent Class Unloading         2747 us
[6.793s][info][gc,stats    ]   Unlink Stale                     2620 us
[6.793s][info][gc,stats    ]     System Dictionary                63 us
[6.793s][info][gc,stats    ]     Weak Class Links                  1 us
[6.793s][info][gc,stats    ]     Code Roots                     2555 us
[6.793s][info][gc,stats    ]   Rendezvous                         23 us
[6.793s][info][gc,stats    ]   Purge Unlinked                     67 us
[6.793s][info][gc,stats    ]     Code Roots                       62 us
[6.793s][info][gc,stats    ]     CLDG                              5 us
[6.793s][info][gc,stats    ]     Exception Caches                  0 us
[6.793s][info][gc,stats    ] Concurrent Strong Roots             452 us, parallelism: 0.85x
[6.793s][info][gc,stats    ]   CSR: <total>                      383 us
[6.793s][info][gc,stats    ]   CSR: VM Strong Roots               14 us, workers (us):   9,   5, ---, ---, ---, ---, ---, ---, 
[6.793s][info][gc,stats    ]   CSR: CLDG Roots                   368 us, workers (us): ---, 368, ---, ---, ---, ---, ---, ---, 
[6.793s][info][gc,stats    ] Concurrent Evacuation             16254 us
[6.793s][info][gc,stats    ] Pause Init Update Refs (G)           63 us
[6.793s][info][gc,stats    ] Pause Init Update Refs (N)           36 us
[6.793s][info][gc,stats    ]   Manage GCLABs                       5 us
[6.793s][info][gc,stats    ] Concurrent Update Refs            22368 us
[6.793s][info][gc,stats    ] Concurrent Update Thread Roots      180 us
[6.793s][info][gc,stats    ] Pause Final Update Refs (G)         126 us
[6.793s][info][gc,stats    ] Pause Final Update Refs (N)         102 us
[6.793s][info][gc,stats    ]   Update Region States               47 us
[6.793s][info][gc,stats    ]   Trash Collection Set                3 us
[6.793s][info][gc,stats    ]   Rebuild Free Set                   20 us
[6.793s][info][gc,stats    ] Concurrent Cleanup                   89 us
[6.793s][info][gc,stats    ] 
[6.793s][info][gc,stats    ] Allocation pacing accrued:
[6.793s][info][gc,stats    ]       0 of    77 ms (  0.0%): <total>
[6.793s][info][gc,stats    ]       0 of    77 ms (  0.0%): <average total>
[6.793s][info][gc,stats    ] 
[6.793s][info][gc,metaspace] Metaspace: 24695K(25024K)->24695K(25024K) NonClass: 21956K(22144K)->21956K(22144K) Class: 2738K(2880K)->2738K(2880K)
[6.793s][info][gc,ergo     ] Pacer for Idle. Initial: 40642K, Alloc Tax Rate: 1.0x
[6.794s][info][gc          ] Trigger: Start next cycle immediately
[6.794s][info][gc,ergo     ] Free: 1815M, Max: 512K regular, 1810M humongous, Frag: 1% external, 0% internal; Reserve: 101888K, Max: 512K
[6.794s][info][gc,start    ] GC(195) Concurrent reset
[6.794s][info][gc,task     ] GC(195) Using 2 of 8 workers for concurrent reset
[6.794s][info][gc,ergo     ] GC(195) Pacer for Reset. Non-Taxable: 1984M
[6.795s][info][gc          ] GC(195) Concurrent reset 0.386ms
[6.795s][info][gc,start    ] GC(195) Pause Init Mark
[6.795s][info][gc,task     ] GC(195) Using 8 of 8 workers for init marking
[6.795s][info][gc,ergo     ] GC(195) Pacer for Mark. Expected Live: 66149K, Free: 1815M, Non-Taxable: 181M, Alloc Tax Rate: 0.0x
[6.795s][info][gc          ] GC(195) Pause Init Mark 0.051ms
[6.795s][info][gc,start    ] GC(195) Concurrent marking roots
[6.795s][info][gc,task     ] GC(195) Using 2 of 8 workers for concurrent marking roots
[6.796s][info][gc          ] GC(195) Concurrent marking roots 0.860ms
[6.796s][info][gc,start    ] GC(195) Concurrent marking
[6.796s][info][gc,task     ] GC(195) Using 2 of 8 workers for concurrent marking
[6.831s][info][gc          ] GC(195) Concurrent marking 35.806ms
[6.831s][info][gc,start    ] GC(195) Pause Final Mark
[6.831s][info][gc,task     ] GC(195) Using 8 of 8 workers for final marking
[6.835s][info][gc,ergo     ] GC(195) Collectable Garbage: 2791K (100%), Immediate: 510K (18%), CSet: 2280K (81%)
[6.835s][info][gc,ergo     ] GC(195) Pacer for Evacuation. Used CSet: 62462K, Free: 1814M, Non-Taxable: 181M, Alloc Tax Rate: 1.1x
[6.835s][info][gc          ] GC(195) Pause Final Mark 3.421ms
[6.835s][info][gc,start    ] GC(195) Concurrent thread roots
[6.835s][info][gc,task     ] GC(195) Using 2 of 8 workers for Concurrent thread roots
[6.835s][info][gc          ] GC(195) Concurrent thread roots 0.126ms
[6.835s][info][gc,start    ] GC(195) Concurrent weak references
[6.835s][info][gc,task     ] GC(195) Using 2 of 8 workers for concurrent weak references
[6.835s][info][gc,ref      ] GC(195) Encountered references: Soft: 4021, Weak: 1712, Final: 4, Phantom: 592
[6.835s][info][gc,ref      ] GC(195) Discovered  references: Soft: 0, Weak: 94, Final: 4, Phantom: 336
[6.835s][info][gc,ref      ] GC(195) Enqueued    references: Soft: 0, Weak: 0, Final: 0, Phantom: 0
[6.835s][info][gc          ] GC(195) Concurrent weak references 0.094ms
[6.835s][info][gc,start    ] GC(195) Concurrent weak roots
[6.835s][info][gc,task     ] GC(195) Using 2 of 8 workers for concurrent weak root
[6.836s][info][gc          ] GC(195) Concurrent weak roots 0.500ms
[6.836s][info][gc,start    ] GC(195) Concurrent cleanup
[6.836s][info][gc          ] GC(195) Concurrent cleanup 69M->69M(246M) 0.107ms
[6.836s][info][gc,ergo     ] GC(195) Free: 1814M, Max: 512K regular, 1810M humongous, Frag: 1% external, 0% internal; Reserve: 101118K, Max: 512K
[6.836s][info][gc,start    ] GC(195) Concurrent strong roots
[6.836s][info][gc,task     ] GC(195) Using 2 of 8 workers for concurrent strong root
[6.837s][info][gc          ] GC(195) Concurrent strong roots 1.577ms
[6.837s][info][gc,start    ] GC(195) Concurrent evacuation
[6.837s][info][gc,task     ] GC(195) Using 2 of 8 workers for concurrent evacuation
[6.854s][info][gc          ] GC(195) Concurrent evacuation 16.321ms
[6.854s][info][gc,start    ] GC(195) Pause Init Update Refs
[6.854s][info][gc,ergo     ] GC(195) Pacer for Update Refs. Used: 128M, Free: 1814M, Non-Taxable: 181M, Alloc Tax Rate: 1.1x
[6.854s][info][gc          ] GC(195) Pause Init Update Refs 0.026ms
[6.854s][info][gc,start    ] GC(195) Concurrent update references
[6.854s][info][gc,task     ] GC(195) Using 2 of 8 workers for concurrent reference update
[6.894s][info][gc          ] GC(195) Concurrent update references 40.029ms
[6.894s][info][gc,start    ] GC(195) Concurrent update thread roots
[6.894s][info][gc          ] GC(195) Concurrent update thread roots 0.208ms
[6.894s][info][gc,start    ] GC(195) Pause Final Update Refs
[6.894s][info][gc,task     ] GC(195) Using 8 of 8 workers for final reference update
[6.894s][info][gc          ] GC(195) Pause Final Update Refs 0.120ms
[6.894s][info][gc,start    ] GC(195) Concurrent cleanup
[6.894s][info][gc          ] GC(195) Concurrent cleanup 128M->67M(246M) 0.112ms
[6.894s][info][gc,ergo     ] Free: 1814M, Max: 512K regular, 1809M humongous, Frag: 1% external, 0% internal; Reserve: 101888K, Max: 512K
[6.894s][info][gc,stats    ] 
[6.895s][info][gc,stats    ] All times are wall-clock times, except per-root-class counters, that are sum over
[6.895s][info][gc,stats    ] all workers. Dividing the <total> over the root stage time estimates parallelism.
[6.895s][info][gc,stats    ] 
[6.895s][info][gc,stats    ] Concurrent Reset                    398 us
[6.895s][info][gc,stats    ] Pause Init Mark (G)                  83 us
[6.895s][info][gc,stats    ] Pause Init Mark (N)                  60 us
[6.895s][info][gc,stats    ]   Update Region States               16 us
[6.895s][info][gc,stats    ] Concurrent Mark Roots               884 us, parallelism: 1.72x
[6.895s][info][gc,stats    ]   CMR: <total>                     1516 us
[6.895s][info][gc,stats    ]   CMR: Thread Roots                 173 us, workers (us): 118,  55, ---, ---, ---, ---, ---, ---, 
[6.895s][info][gc,stats    ]   CMR: Code Cache Roots            1132 us, workers (us): 434, 698, ---, ---, ---, ---, ---, ---, 
[6.895s][info][gc,stats    ]   CMR: VM Strong Roots                7 us, workers (us):   6,   1, ---, ---, ---, ---, ---, ---, 
[6.895s][info][gc,stats    ]   CMR: CLDG Roots                   204 us, workers (us): 204, ---, ---, ---, ---, ---, ---, ---, 
[6.895s][info][gc,stats    ] Concurrent Marking                35836 us
[6.895s][info][gc,stats    ] Pause Final Mark (G)               3449 us
[6.895s][info][gc,stats    ] Pause Final Mark (N)               3427 us
[6.895s][info][gc,stats    ]   Finish Mark                      3292 us
[6.895s][info][gc,stats    ]   Update Region States               29 us
[6.895s][info][gc,stats    ]   Choose Collection Set              50 us
[6.895s][info][gc,stats    ]   Rebuild Free Set                   17 us
[6.895s][info][gc,stats    ] Concurrent Thread Roots             137 us, parallelism: 1.15x
[6.895s][info][gc,stats    ]   CTR: <total>                      158 us
[6.895s][info][gc,stats    ]   CTR: Thread Roots                 158 us, workers (us):  99,  59, ---, ---, ---, ---, ---, ---, 
[6.895s][info][gc,stats    ] Concurrent Weak References          102 us, parallelism: 0.41x
[6.895s][info][gc,stats    ]   CWRF: <total>                      42 us
[6.895s][info][gc,stats    ]   CWRF: Weak References              42 us, workers (us):  41,   0, ---, ---, ---, ---, ---, ---, 
[6.895s][info][gc,stats    ] Concurrent Weak Roots               513 us
[6.895s][info][gc,stats    ]   Roots                             458 us, parallelism: 1.47x
[6.895s][info][gc,stats    ]     CWR: <total>                    673 us
[6.895s][info][gc,stats    ]     CWR: VM Weak Roots              673 us, workers (us): 336, 337, ---, ---, ---, ---, ---, ---, 
[6.895s][info][gc,stats    ]   Rendezvous                         22 us
[6.895s][info][gc,stats    ] Concurrent Cleanup                  133 us
[6.895s][info][gc,stats    ] Concurrent Strong Roots            1599 us, parallelism: 0.95x
[6.895s][info][gc,stats    ]   CSR: <total>                     1517 us
[6.895s][info][gc,stats    ]   CSR: Code Cache Roots            1188 us, workers (us): 1188,   0, ---, ---, ---, ---, ---, ---, 
[6.895s][info][gc,stats    ]   CSR: VM Strong Roots               13 us, workers (us):  13,   0, ---, ---, ---, ---, ---, ---, 
[6.895s][info][gc,stats    ]   CSR: CLDG Roots                   316 us, workers (us): 316, ---, ---, ---, ---, ---, ---, ---, 
[6.895s][info][gc,stats    ] Concurrent Evacuation             16350 us
[6.895s][info][gc,stats    ] Pause Init Update Refs (G)           59 us
[6.895s][info][gc,stats    ] Pause Init Update Refs (N)           34 us
[6.895s][info][gc,stats    ]   Manage GCLABs                       4 us
[6.895s][info][gc,stats    ] Concurrent Update Refs            40080 us
[6.895s][info][gc,stats    ] Concurrent Update Thread Roots      223 us
[6.895s][info][gc,stats    ] Pause Final Update Refs (G)         158 us
[6.895s][info][gc,stats    ] Pause Final Update Refs (N)         135 us
[6.895s][info][gc,stats    ]   Update Region States               63 us
[6.895s][info][gc,stats    ]   Trash Collection Set                5 us
[6.895s][info][gc,stats    ]   Rebuild Free Set                   26 us
[6.895s][info][gc,stats    ] Concurrent Cleanup                  125 us
[6.895s][info][gc,stats    ] 
[6.895s][info][gc,stats    ] Allocation pacing accrued:
[6.895s][info][gc,stats    ]       0 of   102 ms (  0.0%): <total>
[6.895s][info][gc,stats    ]       0 of   102 ms (  0.0%): <average total>
[6.895s][info][gc,stats    ] 
[6.895s][info][gc,metaspace] Metaspace: 24695K(25024K)->24695K(25024K) NonClass: 21956K(22144K)->21956K(22144K) Class: 2738K(2880K)->2738K(2880K)
[6.895s][info][gc,ergo     ] Pacer for Idle. Initial: 40642K, Alloc Tax Rate: 1.0x
[6.896s][info][gc          ] Trigger: Start next cycle immediately
[6.896s][info][gc,ergo     ] Free: 1814M, Max: 512K regular, 1809M humongous, Frag: 1% external, 0% internal; Reserve: 101888K, Max: 512K
[6.897s][info][gc,start    ] GC(196) Concurrent reset
[6.897s][info][gc,task     ] GC(196) Using 2 of 8 workers for concurrent reset
[6.897s][info][gc,ergo     ] GC(196) Pacer for Reset. Non-Taxable: 1984M
[6.897s][info][gc          ] GC(196) Concurrent reset 0.429ms
[6.897s][info][gc,start    ] GC(196) Pause Init Mark (unload classes)
[6.897s][info][gc,task     ] GC(196) Using 8 of 8 workers for init marking
[6.897s][info][gc,ergo     ] GC(196) Pacer for Mark. Expected Live: 66151K, Free: 1814M, Non-Taxable: 181M, Alloc Tax Rate: 0.0x
[6.897s][info][gc          ] GC(196) Pause Init Mark (unload classes) 0.082ms
[6.897s][info][gc,start    ] GC(196) Concurrent marking roots
[6.897s][info][gc,task     ] GC(196) Using 2 of 8 workers for concurrent marking roots
[6.897s][info][gc          ] GC(196) Concurrent marking roots 0.359ms
[6.897s][info][gc,start    ] GC(196) Concurrent marking (unload classes)
[6.897s][info][gc,task     ] GC(196) Using 2 of 8 workers for concurrent marking
[6.933s][info][gc          ] GC(196) Concurrent marking (unload classes) 35.344ms
[6.933s][info][gc,start    ] GC(196) Pause Final Mark (unload classes)
[6.933s][info][gc,task     ] GC(196) Using 8 of 8 workers for final marking
[6.933s][info][gc,ergo     ] GC(196) Collectable Garbage: 3303K (100%), Immediate: 510K (15%), CSet: 2792K (84%)
[6.933s][info][gc,ergo     ] GC(196) Pacer for Evacuation. Used CSet: 62974K, Free: 1814M, Non-Taxable: 181M, Alloc Tax Rate: 1.1x
[6.933s][info][gc          ] GC(196) Pause Final Mark (unload classes) 0.236ms
[6.933s][info][gc,start    ] GC(196) Concurrent thread roots
[6.933s][info][gc,task     ] GC(196) Using 2 of 8 workers for Concurrent thread roots
[6.933s][info][gc          ] GC(196) Concurrent thread roots 0.131ms
[6.933s][info][gc,start    ] GC(196) Concurrent weak references
[6.933s][info][gc,task     ] GC(196) Using 2 of 8 workers for concurrent weak references
[6.933s][info][gc,ref      ] GC(196) Encountered references: Soft: 4021, Weak: 1712, Final: 4, Phantom: 592
[6.933s][info][gc,ref      ] GC(196) Discovered  references: Soft: 0, Weak: 337, Final: 0, Phantom: 204
[6.933s][info][gc,ref      ] GC(196) Enqueued    references: Soft: 0, Weak: 0, Final: 0, Phantom: 0
[6.933s][info][gc          ] GC(196) Concurrent weak references 0.104ms
[6.933s][info][gc,start    ] GC(196) Concurrent weak roots
[6.933s][info][gc,task     ] GC(196) Using 2 of 8 workers for concurrent weak root
[6.934s][info][gc          ] GC(196) Concurrent weak roots 0.915ms
[6.934s][info][gc,start    ] GC(196) Concurrent cleanup
[6.934s][info][gc          ] GC(196) Concurrent cleanup 68M->68M(246M) 0.114ms
[6.934s][info][gc,ergo     ] GC(196) Free: 1814M, Max: 512K regular, 1809M humongous, Frag: 1% external, 0% internal; Reserve: 101376K, Max: 512K
[6.934s][info][gc,start    ] GC(196) Concurrent class unloading
[6.934s][info][gc,task     ] GC(196) Using 2 of 8 workers for concurrent class unloading
[6.936s][info][gc          ] GC(196) Concurrent class unloading 1.499ms
[6.936s][info][gc,start    ] GC(196) Concurrent strong roots
[6.936s][info][gc,task     ] GC(196) Using 2 of 8 workers for concurrent strong root
[6.936s][info][gc          ] GC(196) Concurrent strong roots 0.390ms
[6.936s][info][gc,start    ] GC(196) Concurrent evacuation
[6.936s][info][gc,task     ] GC(196) Using 2 of 8 workers for concurrent evacuation
[6.951s][info][gc          ] GC(196) Concurrent evacuation 15.071ms
[6.952s][info][gc,start    ] GC(196) Pause Init Update Refs
[6.952s][info][gc,ergo     ] GC(196) Pacer for Update Refs. Used: 127M, Free: 1814M, Non-Taxable: 181M, Alloc Tax Rate: 1.1x
[6.952s][info][gc          ] GC(196) Pause Init Update Refs 0.028ms
[6.952s][info][gc,start    ] GC(196) Concurrent update references
[6.952s][info][gc,task     ] GC(196) Using 2 of 8 workers for concurrent reference update
[6.975s][info][gc          ] GC(196) Concurrent update references 23.170ms
[6.975s][info][gc,start    ] GC(196) Concurrent update thread roots
[6.975s][info][gc          ] GC(196) Concurrent update thread roots 0.158ms
[6.975s][info][gc,start    ] GC(196) Pause Final Update Refs
[6.975s][info][gc,task     ] GC(196) Using 8 of 8 workers for final reference update
[6.975s][info][gc          ] GC(196) Pause Final Update Refs 0.097ms
[6.975s][info][gc,start    ] GC(196) Concurrent cleanup
[6.975s][info][gc          ] GC(196) Concurrent cleanup 127M->66M(246M) 0.070ms
[6.975s][info][gc,ergo     ] Free: 1816M, Max: 512K regular, 1810M humongous, Frag: 1% external, 0% internal; Reserve: 101888K, Max: 512K
[6.975s][info][gc,stats    ] 
[6.975s][info][gc,stats    ] All times are wall-clock times, except per-root-class counters, that are sum over
[6.975s][info][gc,stats    ] all workers. Dividing the <total> over the root stage time estimates parallelism.
[6.975s][info][gc,stats    ] 
[6.975s][info][gc,stats    ] Concurrent Reset                    445 us
[6.975s][info][gc,stats    ] Pause Init Mark (G)                 119 us
[6.975s][info][gc,stats    ] Pause Init Mark (N)                  92 us
[6.975s][info][gc,stats    ]   Update Region States               28 us
[6.975s][info][gc,stats    ] Concurrent Mark Roots               376 us, parallelism: 0.65x
[6.975s][info][gc,stats    ]   CMR: <total>                      245 us
[6.975s][info][gc,stats    ]   CMR: Thread Roots                 133 us, workers (us): 133,   0, ---, ---, ---, ---, ---, ---, 
[6.975s][info][gc,stats    ]   CMR: VM Strong Roots                8 us, workers (us):   7,   1, ---, ---, ---, ---, ---, ---, 
[6.975s][info][gc,stats    ]   CMR: CLDG Roots                   105 us, workers (us): 105, ---, ---, ---, ---, ---, ---, ---, 
[6.975s][info][gc,stats    ] Concurrent Marking                35376 us
[6.975s][info][gc,stats    ] Pause Final Mark (G)                277 us
[6.975s][info][gc,stats    ] Pause Final Mark (N)                254 us
[6.975s][info][gc,stats    ]   Finish Mark                        99 us
[6.975s][info][gc,stats    ]   Update Region States               34 us
[6.975s][info][gc,stats    ]   Choose Collection Set              45 us
[6.975s][info][gc,stats    ]   Rebuild Free Set                   22 us
[6.975s][info][gc,stats    ] Concurrent Thread Roots             142 us, parallelism: 1.14x
[6.975s][info][gc,stats    ]   CTR: <total>                      162 us
[6.975s][info][gc,stats    ]   CTR: Thread Roots                 162 us, workers (us):  85,  77, ---, ---, ---, ---, ---, ---, 
[6.975s][info][gc,stats    ] Concurrent Weak References          112 us, parallelism: 0.60x
[6.975s][info][gc,stats    ]   CWRF: <total>                      67 us
[6.975s][info][gc,stats    ]   CWRF: Weak References              67 us, workers (us):  52,  15, ---, ---, ---, ---, ---, ---, 
[6.975s][info][gc,stats    ] Concurrent Weak Roots               939 us
[6.975s][info][gc,stats    ]   Roots                             879 us, parallelism: 1.83x
[6.975s][info][gc,stats    ]     CWR: <total>                   1606 us
[6.975s][info][gc,stats    ]     CWR: Code Cache Roots           898 us, workers (us): 463, 435, ---, ---, ---, ---, ---, ---, 
[6.975s][info][gc,stats    ]     CWR: VM Weak Roots              693 us, workers (us): 347, 345, ---, ---, ---, ---, ---, ---, 
[6.976s][info][gc,stats    ]     CWR: CLDG Roots                  15 us, workers (us):  15, ---, ---, ---, ---, ---, ---, ---, 
[6.976s][info][gc,stats    ]   Rendezvous                         23 us
[6.976s][info][gc,stats    ] Concurrent Cleanup                  123 us
[6.976s][info][gc,stats    ] Concurrent Class Unloading         1515 us
[6.976s][info][gc,stats    ]   Unlink Stale                     1419 us
[6.976s][info][gc,stats    ]     System Dictionary                57 us
[6.976s][info][gc,stats    ]     Weak Class Links                  0 us
[6.976s][info][gc,stats    ]     Code Roots                     1361 us
[6.976s][info][gc,stats    ]   Rendezvous                         20 us
[6.976s][info][gc,stats    ]   Purge Unlinked                     40 us
[6.976s][info][gc,stats    ]     Code Roots                       37 us
[6.976s][info][gc,stats    ]     CLDG                              4 us
[6.976s][info][gc,stats    ]     Exception Caches                  0 us
[6.976s][info][gc,stats    ] Concurrent Strong Roots             403 us, parallelism: 0.84x
[6.976s][info][gc,stats    ]   CSR: <total>                      338 us
[6.976s][info][gc,stats    ]   CSR: VM Strong Roots               11 us, workers (us):  10,   0, ---, ---, ---, ---, ---, ---, 
[6.976s][info][gc,stats    ]   CSR: CLDG Roots                   327 us, workers (us): 327, ---, ---, ---, ---, ---, ---, ---, 
[6.976s][info][gc,stats    ] Concurrent Evacuation             15101 us
[6.976s][info][gc,stats    ] Pause Init Update Refs (G)           57 us
[6.976s][info][gc,stats    ] Pause Init Update Refs (N)           34 us
[6.976s][info][gc,stats    ]   Manage GCLABs                       5 us
[6.976s][info][gc,stats    ] Concurrent Update Refs            23202 us
[6.976s][info][gc,stats    ] Concurrent Update Thread Roots      169 us
[6.976s][info][gc,stats    ] Pause Final Update Refs (G)         146 us
[6.976s][info][gc,stats    ] Pause Final Update Refs (N)         107 us
[6.976s][info][gc,stats    ]   Update Region States               41 us
[6.976s][info][gc,stats    ]   Trash Collection Set                4 us
[6.976s][info][gc,stats    ]   Rebuild Free Set                   22 us
[6.976s][info][gc,stats    ] Concurrent Cleanup                   79 us
[6.976s][info][gc,stats    ] 
[6.976s][info][gc,stats    ] Allocation pacing accrued:
[6.976s][info][gc,stats    ]       0 of    81 ms (  0.0%): <total>
[6.976s][info][gc,stats    ]       0 of    81 ms (  0.0%): <average total>
[6.976s][info][gc,stats    ] 
[6.976s][info][gc,metaspace] Metaspace: 24695K(25024K)->24695K(25024K) NonClass: 21956K(22144K)->21956K(22144K) Class: 2738K(2880K)->2738K(2880K)
[6.976s][info][gc,ergo     ] Pacer for Idle. Initial: 40642K, Alloc Tax Rate: 1.0x
[6.977s][info][gc          ] Trigger: Start next cycle immediately
[6.977s][info][gc,ergo     ] Free: 1816M, Max: 512K regular, 1810M humongous, Frag: 1% external, 0% internal; Reserve: 101888K, Max: 512K
[6.977s][info][gc,start    ] GC(197) Concurrent reset
[6.977s][info][gc,task     ] GC(197) Using 2 of 8 workers for concurrent reset
[6.977s][info][gc,ergo     ] GC(197) Pacer for Reset. Non-Taxable: 1984M
[6.977s][info][gc          ] GC(197) Concurrent reset 0.385ms
[6.977s][info][gc,start    ] GC(197) Pause Init Mark (unload classes)
[6.977s][info][gc,task     ] GC(197) Using 8 of 8 workers for init marking
[6.977s][info][gc,ergo     ] GC(197) Pacer for Mark. Expected Live: 66152K, Free: 1816M, Non-Taxable: 181M, Alloc Tax Rate: 0.0x
[6.977s][info][gc          ] GC(197) Pause Init Mark (unload classes) 0.043ms
[6.978s][info][gc,start    ] GC(197) Concurrent marking roots
[6.978s][info][gc,task     ] GC(197) Using 2 of 8 workers for concurrent marking roots
[6.978s][info][gc          ] GC(197) Concurrent marking roots 0.203ms
[6.978s][info][gc,start    ] GC(197) Concurrent marking (unload classes)
[6.978s][info][gc,task     ] GC(197) Using 2 of 8 workers for concurrent marking
[7.004s][info][gc          ] GC(197) Concurrent marking (unload classes) 26.747ms
[7.005s][info][gc,start    ] GC(197) Pause Final Mark (unload classes)
[7.005s][info][gc,task     ] GC(197) Using 8 of 8 workers for final marking
[7.005s][info][gc,ergo     ] GC(197) Collectable Garbage: 1770K (100%), Immediate: 512K (28%), CSet: 1258K (71%)
[7.005s][info][gc,ergo     ] GC(197) Pacer for Evacuation. Used CSet: 61440K, Free: 1816M, Non-Taxable: 181M, Alloc Tax Rate: 1.1x
[7.005s][info][gc          ] GC(197) Pause Final Mark (unload classes) 0.310ms
[7.005s][info][gc,start    ] GC(197) Concurrent thread roots
[7.005s][info][gc,task     ] GC(197) Using 2 of 8 workers for Concurrent thread roots
[7.005s][info][gc          ] GC(197) Concurrent thread roots 0.136ms
[7.005s][info][gc,start    ] GC(197) Concurrent weak references
[7.005s][info][gc,task     ] GC(197) Using 2 of 8 workers for concurrent weak references
[7.005s][info][gc,ref      ] GC(197) Encountered references: Soft: 4021, Weak: 1712, Final: 4, Phantom: 592
[7.005s][info][gc,ref      ] GC(197) Discovered  references: Soft: 0, Weak: 105, Final: 0, Phantom: 204
[7.005s][info][gc,ref      ] GC(197) Enqueued    references: Soft: 0, Weak: 0, Final: 0, Phantom: 0
[7.005s][info][gc          ] GC(197) Concurrent weak references 0.087ms
[7.005s][info][gc,start    ] GC(197) Concurrent weak roots
[7.005s][info][gc,task     ] GC(197) Using 2 of 8 workers for concurrent weak root
[7.007s][info][gc          ] GC(197) Concurrent weak roots 1.665ms
[7.007s][info][gc,start    ] GC(197) Concurrent cleanup
[7.007s][info][gc          ] GC(197) Concurrent cleanup 67M->67M(246M) 0.116ms
[7.007s][info][gc,ergo     ] GC(197) Free: 1815M, Max: 512K regular, 1810M humongous, Frag: 1% external, 0% internal; Reserve: 101371K, Max: 512K
[7.007s][info][gc,start    ] GC(197) Concurrent class unloading
[7.007s][info][gc,task     ] GC(197) Using 2 of 8 workers for concurrent class unloading
[7.009s][info][gc          ] GC(197) Concurrent class unloading 1.597ms
[7.009s][info][gc,start    ] GC(197) Concurrent strong roots
[7.009s][info][gc,task     ] GC(197) Using 2 of 8 workers for concurrent strong root
[7.009s][info][gc          ] GC(197) Concurrent strong roots 0.394ms
[7.009s][info][gc,start    ] GC(197) Concurrent evacuation
[7.009s][info][gc,task     ] GC(197) Using 2 of 8 workers for concurrent evacuation
[7.024s][info][gc          ] GC(197) Concurrent evacuation 15.324ms
[7.024s][info][gc,start    ] GC(197) Pause Init Update Refs
[7.024s][info][gc,ergo     ] GC(197) Pacer for Update Refs. Used: 126M, Free: 1815M, Non-Taxable: 181M, Alloc Tax Rate: 1.1x
[7.024s][info][gc          ] GC(197) Pause Init Update Refs 0.042ms
[7.024s][info][gc,start    ] GC(197) Concurrent update references
[7.024s][info][gc,task     ] GC(197) Using 2 of 8 workers for concurrent reference update
[7.056s][info][gc          ] GC(197) Concurrent update references 31.122ms
[7.056s][info][gc,start    ] GC(197) Concurrent update thread roots
[7.056s][info][gc          ] GC(197) Concurrent update thread roots 0.170ms
[7.056s][info][gc,start    ] GC(197) Pause Final Update Refs
[7.056s][info][gc,task     ] GC(197) Using 8 of 8 workers for final reference update
[7.056s][info][gc          ] GC(197) Pause Final Update Refs 0.095ms
[7.056s][info][gc,start    ] GC(197) Concurrent cleanup
[7.056s][info][gc          ] GC(197) Concurrent cleanup 126M->66M(246M) 0.064ms
[7.056s][info][gc,ergo     ] Free: 1816M, Max: 512K regular, 1810M humongous, Frag: 1% external, 0% internal; Reserve: 101888K, Max: 512K
[7.056s][info][gc,stats    ] 
[7.056s][info][gc,stats    ] All times are wall-clock times, except per-root-class counters, that are sum over
[7.056s][info][gc,stats    ] all workers. Dividing the <total> over the root stage time estimates parallelism.
[7.056s][info][gc,stats    ] 
[7.056s][info][gc,stats    ] Concurrent Reset                    398 us
[7.056s][info][gc,stats    ] Pause Init Mark (G)                  73 us
[7.056s][info][gc,stats    ] Pause Init Mark (N)                  53 us
[7.056s][info][gc,stats    ]   Update Region States               11 us
[7.056s][info][gc,stats    ] Concurrent Mark Roots               214 us, parallelism: 0.97x
[7.056s][info][gc,stats    ]   CMR: <total>                      207 us
[7.056s][info][gc,stats    ]   CMR: Thread Roots                 113 us, workers (us):  15,  98, ---, ---, ---, ---, ---, ---, 
[7.056s][info][gc,stats    ]   CMR: VM Strong Roots                6 us, workers (us):   6,   1, ---, ---, ---, ---, ---, ---, 
[7.056s][info][gc,stats    ]   CMR: CLDG Roots                    87 us, workers (us):  87, ---, ---, ---, ---, ---, ---, ---, 
[7.056s][info][gc,stats    ] Concurrent Marking                26779 us
[7.056s][info][gc,stats    ] Pause Final Mark (G)                353 us
[7.056s][info][gc,stats    ] Pause Final Mark (N)                319 us
[7.056s][info][gc,stats    ]   Finish Mark                       173 us
[7.056s][info][gc,stats    ]   Update Region States               39 us
[7.056s][info][gc,stats    ]   Choose Collection Set              50 us
[7.056s][info][gc,stats    ]   Rebuild Free Set                   16 us
[7.056s][info][gc,stats    ] Concurrent Thread Roots             146 us, parallelism: 1.05x
[7.056s][info][gc,stats    ]   CTR: <total>                      153 us
[7.056s][info][gc,stats    ]   CTR: Thread Roots                 153 us, workers (us):  79,  74, ---, ---, ---, ---, ---, ---, 
[7.056s][info][gc,stats    ] Concurrent Weak References           95 us, parallelism: 0.41x
[7.056s][info][gc,stats    ]   CWRF: <total>                      39 us
[7.056s][info][gc,stats    ]   CWRF: Weak References              39 us, workers (us):  38,   1, ---, ---, ---, ---, ---, ---, 
[7.056s][info][gc,stats    ] Concurrent Weak Roots              1688 us
[7.056s][info][gc,stats    ]   Roots                            1618 us, parallelism: 1.22x
[7.056s][info][gc,stats    ]     CWR: <total>                   1975 us
[7.056s][info][gc,stats    ]     CWR: Code Cache Roots          1304 us, workers (us): 893, 411, ---, ---, ---, ---, ---, ---, 
[7.056s][info][gc,stats    ]     CWR: VM Weak Roots              656 us, workers (us): 655,   1, ---, ---, ---, ---, ---, ---, 
[7.056s][info][gc,stats    ]     CWR: CLDG Roots                  15 us, workers (us):  15, ---, ---, ---, ---, ---, ---, ---, 
[7.056s][info][gc,stats    ]   Rendezvous                         22 us
[7.056s][info][gc,stats    ] Concurrent Cleanup                  124 us
[7.056s][info][gc,stats    ] Concurrent Class Unloading         1617 us
[7.056s][info][gc,stats    ]   Unlink Stale                     1553 us
[7.056s][info][gc,stats    ]     System Dictionary                56 us
[7.056s][info][gc,stats    ]     Weak Class Links                  0 us
[7.056s][info][gc,stats    ]     Code Roots                     1495 us
[7.056s][info][gc,stats    ]   Rendezvous                         19 us
[7.056s][info][gc,stats    ]   Purge Unlinked                      6 us
[7.056s][info][gc,stats    ]     Code Roots                        1 us
[7.056s][info][gc,stats    ]     CLDG                              5 us
[7.056s][info][gc,stats    ]     Exception Caches                  0 us
[7.056s][info][gc,stats    ] Concurrent Strong Roots             404 us, parallelism: 0.86x
[7.056s][info][gc,stats    ]   CSR: <total>                      348 us
[7.056s][info][gc,stats    ]   CSR: VM Strong Roots               14 us, workers (us):  10,   4, ---, ---, ---, ---, ---, ---, 
[7.056s][info][gc,stats    ]   CSR: CLDG Roots                   334 us, workers (us): 334, ---, ---, ---, ---, ---, ---, ---, 
[7.056s][info][gc,stats    ] Concurrent Evacuation             15361 us
[7.057s][info][gc,stats    ] Pause Init Update Refs (G)           77 us
[7.057s][info][gc,stats    ] Pause Init Update Refs (N)           47 us
[7.057s][info][gc,stats    ]   Manage GCLABs                       5 us
[7.057s][info][gc,stats    ] Concurrent Update Refs            31157 us
[7.057s][info][gc,stats    ] Concurrent Update Thread Roots      181 us
[7.057s][info][gc,stats    ] Pause Final Update Refs (G)         123 us
[7.057s][info][gc,stats    ] Pause Final Update Refs (N)         106 us
[7.057s][info][gc,stats    ]   Update Region States               40 us
[7.057s][info][gc,stats    ]   Trash Collection Set                3 us
[7.057s][info][gc,stats    ]   Rebuild Free Set                   24 us
[7.057s][info][gc,stats    ] Concurrent Cleanup                   73 us
[7.057s][info][gc,stats    ] 
[7.057s][info][gc,stats    ] Allocation pacing accrued:
[7.057s][info][gc,stats    ]       0 of    81 ms (  0.0%): <total>
[7.057s][info][gc,stats    ]       0 of    81 ms (  0.0%): <average total>
[7.057s][info][gc,stats    ] 
[7.057s][info][gc,metaspace] Metaspace: 24695K(25024K)->24695K(25024K) NonClass: 21956K(22144K)->21956K(22144K) Class: 2738K(2880K)->2738K(2880K)
[7.057s][info][gc,ergo     ] Pacer for Idle. Initial: 40642K, Alloc Tax Rate: 1.0x
[7.058s][info][gc          ] Trigger: Start next cycle immediately
[7.058s][info][gc,ergo     ] Free: 1816M, Max: 512K regular, 1810M humongous, Frag: 1% external, 0% internal; Reserve: 101888K, Max: 512K
[7.058s][info][gc,start    ] GC(198) Concurrent reset
[7.058s][info][gc,task     ] GC(198) Using 2 of 8 workers for concurrent reset
[7.058s][info][gc,ergo     ] GC(198) Pacer for Reset. Non-Taxable: 1984M
[7.058s][info][gc          ] GC(198) Concurrent reset 0.427ms
[7.058s][info][gc,start    ] GC(198) Pause Init Mark
[7.058s][info][gc,task     ] GC(198) Using 8 of 8 workers for init marking
[7.058s][info][gc,ergo     ] GC(198) Pacer for Mark. Expected Live: 66153K, Free: 1816M, Non-Taxable: 181M, Alloc Tax Rate: 0.0x
[7.058s][info][gc          ] GC(198) Pause Init Mark 0.049ms
[7.058s][info][gc,start    ] GC(198) Concurrent marking roots
[7.058s][info][gc,task     ] GC(198) Using 2 of 8 workers for concurrent marking roots
[7.059s][info][gc          ] GC(198) Concurrent marking roots 0.845ms
[7.059s][info][gc,start    ] GC(198) Concurrent marking
[7.059s][info][gc,task     ] GC(198) Using 2 of 8 workers for concurrent marking
[7.090s][info][gc          ] GC(198) Concurrent marking 30.461ms
[7.090s][info][gc,start    ] GC(198) Pause Final Mark
[7.090s][info][gc,task     ] GC(198) Using 8 of 8 workers for final marking
[7.090s][info][gc,ergo     ] GC(198) Collectable Garbage: 1770K (100%), Immediate: 512K (28%), CSet: 1258K (71%)
[7.090s][info][gc,ergo     ] GC(198) Pacer for Evacuation. Used CSet: 61440K, Free: 1815M, Non-Taxable: 181M, Alloc Tax Rate: 1.1x
[7.090s][info][gc          ] GC(198) Pause Final Mark 0.302ms
[7.090s][info][gc,start    ] GC(198) Concurrent thread roots
[7.090s][info][gc,task     ] GC(198) Using 2 of 8 workers for Concurrent thread roots
[7.090s][info][gc          ] GC(198) Concurrent thread roots 0.144ms
[7.090s][info][gc,start    ] GC(198) Concurrent weak references
[7.090s][info][gc,task     ] GC(198) Using 2 of 8 workers for concurrent weak references
[7.090s][info][gc,ref      ] GC(198) Encountered references: Soft: 4021, Weak: 1712, Final: 4, Phantom: 592
[7.090s][info][gc,ref      ] GC(198) Discovered  references: Soft: 0, Weak: 843, Final: 0, Phantom: 335
[7.090s][info][gc,ref      ] GC(198) Enqueued    references: Soft: 0, Weak: 0, Final: 0, Phantom: 0
[7.090s][info][gc          ] GC(198) Concurrent weak references 0.146ms
[7.090s][info][gc,start    ] GC(198) Concurrent weak roots
[7.090s][info][gc,task     ] GC(198) Using 2 of 8 workers for concurrent weak root
[7.091s][info][gc          ] GC(198) Concurrent weak roots 0.428ms
[7.091s][info][gc,start    ] GC(198) Concurrent cleanup
[7.091s][info][gc          ] GC(198) Concurrent cleanup 68M->67M(246M) 0.141ms
[7.091s][info][gc,ergo     ] GC(198) Free: 1815M, Max: 512K regular, 1810M humongous, Frag: 1% external, 0% internal; Reserve: 101118K, Max: 512K
[7.091s][info][gc,start    ] GC(198) Concurrent strong roots
[7.091s][info][gc,task     ] GC(198) Using 2 of 8 workers for concurrent strong root
[7.093s][info][gc          ] GC(198) Concurrent strong roots 1.694ms
[7.093s][info][gc,start    ] GC(198) Concurrent evacuation
[7.093s][info][gc,task     ] GC(198) Using 2 of 8 workers for concurrent evacuation
[7.108s][info][gc          ] GC(198) Concurrent evacuation 15.310ms
[7.108s][info][gc,start    ] GC(198) Pause Init Update Refs
[7.108s][info][gc,ergo     ] GC(198) Pacer for Update Refs. Used: 127M, Free: 1815M, Non-Taxable: 181M, Alloc Tax Rate: 1.1x
[7.108s][info][gc          ] GC(198) Pause Init Update Refs 0.039ms
[7.108s][info][gc,start    ] GC(198) Concurrent update references
[7.108s][info][gc,task     ] GC(198) Using 2 of 8 workers for concurrent reference update
[7.133s][info][gc          ] GC(198) Concurrent update references 25.254ms
[7.133s][info][gc,start    ] GC(198) Concurrent update thread roots
[7.134s][info][gc          ] GC(198) Concurrent update thread roots 0.200ms
[7.134s][info][gc,start    ] GC(198) Pause Final Update Refs
[7.134s][info][gc,task     ] GC(198) Using 8 of 8 workers for final reference update
[7.134s][info][gc          ] GC(198) Pause Final Update Refs 0.094ms
[7.134s][info][gc,start    ] GC(198) Concurrent cleanup
[7.134s][info][gc          ] GC(198) Concurrent cleanup 127M->67M(246M) 0.068ms
[7.134s][info][gc,ergo     ] Free: 1815M, Max: 512K regular, 1809M humongous, Frag: 1% external, 0% internal; Reserve: 101888K, Max: 512K
[7.134s][info][gc,stats    ] 
[7.134s][info][gc,stats    ] All times are wall-clock times, except per-root-class counters, that are sum over
[7.134s][info][gc,stats    ] all workers. Dividing the <total> over the root stage time estimates parallelism.
[7.134s][info][gc,stats    ] 
[7.134s][info][gc,stats    ] Concurrent Reset                    442 us
[7.134s][info][gc,stats    ] Pause Init Mark (G)                  81 us
[7.134s][info][gc,stats    ] Pause Init Mark (N)                  58 us
[7.134s][info][gc,stats    ]   Update Region States               11 us
[7.134s][info][gc,stats    ] Concurrent Mark Roots               869 us, parallelism: 1.71x
[7.134s][info][gc,stats    ]   CMR: <total>                     1491 us
[7.134s][info][gc,stats    ]   CMR: Thread Roots                 137 us, workers (us):  96,  41, ---, ---, ---, ---, ---, ---, 
[7.134s][info][gc,stats    ]   CMR: Code Cache Roots            1140 us, workers (us): 440, 700, ---, ---, ---, ---, ---, ---, 
[7.134s][info][gc,stats    ]   CMR: VM Strong Roots                7 us, workers (us):   5,   2, ---, ---, ---, ---, ---, ---, 
[7.134s][info][gc,stats    ]   CMR: CLDG Roots                   207 us, workers (us): 207, ---, ---, ---, ---, ---, ---, ---, 
[7.134s][info][gc,stats    ] Concurrent Marking                30489 us
[7.134s][info][gc,stats    ] Pause Final Mark (G)                334 us
[7.134s][info][gc,stats    ] Pause Final Mark (N)                311 us
[7.134s][info][gc,stats    ]   Finish Mark                       176 us
[7.134s][info][gc,stats    ]   Update Region States               34 us
[7.134s][info][gc,stats    ]   Choose Collection Set              45 us
[7.134s][info][gc,stats    ]   Rebuild Free Set                   16 us
[7.134s][info][gc,stats    ] Concurrent Thread Roots             156 us, parallelism: 0.95x
[7.134s][info][gc,stats    ]   CTR: <total>                      148 us
[7.134s][info][gc,stats    ]   CTR: Thread Roots                 148 us, workers (us):  83,  65, ---, ---, ---, ---, ---, ---, 
[7.134s][info][gc,stats    ] Concurrent Weak References          151 us, parallelism: 0.64x
[7.134s][info][gc,stats    ]   CWRF: <total>                      97 us
[7.134s][info][gc,stats    ]   CWRF: Weak References              97 us, workers (us):  96,   1, ---, ---, ---, ---, ---, ---, 
[7.134s][info][gc,stats    ] Concurrent Weak Roots               444 us
[7.134s][info][gc,stats    ]   Roots                             385 us, parallelism: 1.70x
[7.134s][info][gc,stats    ]     CWR: <total>                    654 us
[7.134s][info][gc,stats    ]     CWR: VM Weak Roots              654 us, workers (us): 328, 326, ---, ---, ---, ---, ---, ---, 
[7.134s][info][gc,stats    ]   Rendezvous                         21 us
[7.134s][info][gc,stats    ] Concurrent Cleanup                  150 us
[7.134s][info][gc,stats    ] Concurrent Strong Roots            1713 us, parallelism: 0.95x
[7.134s][info][gc,stats    ]   CSR: <total>                     1628 us
[7.134s][info][gc,stats    ]   CSR: Code Cache Roots            1275 us, workers (us): 1274,   0, ---, ---, ---, ---, ---, ---, 
[7.134s][info][gc,stats    ]   CSR: VM Strong Roots               13 us, workers (us):  13,   0, ---, ---, ---, ---, ---, ---, 
[7.134s][info][gc,stats    ]   CSR: CLDG Roots                   340 us, workers (us): 340, ---, ---, ---, ---, ---, ---, ---, 
[7.134s][info][gc,stats    ] Concurrent Evacuation             15347 us
[7.134s][info][gc,stats    ] Pause Init Update Refs (G)           74 us
[7.134s][info][gc,stats    ] Pause Init Update Refs (N)           45 us
[7.134s][info][gc,stats    ]   Manage GCLABs                       5 us
[7.134s][info][gc,stats    ] Concurrent Update Refs            25294 us
[7.134s][info][gc,stats    ] Concurrent Update Thread Roots      213 us
[7.134s][info][gc,stats    ] Pause Final Update Refs (G)         124 us
[7.134s][info][gc,stats    ] Pause Final Update Refs (N)         104 us
[7.134s][info][gc,stats    ]   Update Region States               43 us
[7.134s][info][gc,stats    ]   Trash Collection Set                3 us
[7.134s][info][gc,stats    ]   Rebuild Free Set                   21 us
[7.134s][info][gc,stats    ] Concurrent Cleanup                   78 us
[7.134s][info][gc,stats    ] 
[7.134s][info][gc,stats    ] Allocation pacing accrued:
[7.134s][info][gc,stats    ]       0 of    78 ms (  0.0%): <total>
[7.134s][info][gc,stats    ]       0 of    78 ms (  0.0%): <average total>
[7.134s][info][gc,stats    ] 
[7.135s][info][gc,metaspace] Metaspace: 24695K(25024K)->24695K(25024K) NonClass: 21956K(22144K)->21956K(22144K) Class: 2738K(2880K)->2738K(2880K)
[7.135s][info][gc,ergo     ] Pacer for Idle. Initial: 40642K, Alloc Tax Rate: 1.0x
[7.136s][info][gc          ] Trigger: Start next cycle immediately
[7.136s][info][gc,ergo     ] Free: 1815M, Max: 512K regular, 1809M humongous, Frag: 1% external, 0% internal; Reserve: 101888K, Max: 512K
[7.136s][info][gc,start    ] GC(199) Concurrent reset
[7.136s][info][gc,task     ] GC(199) Using 2 of 8 workers for concurrent reset
[7.136s][info][gc,ergo     ] GC(199) Pacer for Reset. Non-Taxable: 1984M
[7.136s][info][gc          ] GC(199) Concurrent reset 0.373ms
[7.136s][info][gc,start    ] GC(199) Pause Init Mark (unload classes)
[7.136s][info][gc,task     ] GC(199) Using 8 of 8 workers for init marking
[7.136s][info][gc,ergo     ] GC(199) Pacer for Mark. Expected Live: 66153K, Free: 1815M, Non-Taxable: 181M, Alloc Tax Rate: 0.0x
[7.136s][info][gc          ] GC(199) Pause Init Mark (unload classes) 0.054ms
[7.136s][info][gc,start    ] GC(199) Concurrent marking roots
[7.136s][info][gc,task     ] GC(199) Using 2 of 8 workers for concurrent marking roots
[7.137s][info][gc          ] GC(199) Concurrent marking roots 0.342ms
[7.137s][info][gc,start    ] GC(199) Concurrent marking (unload classes)
[7.137s][info][gc,task     ] GC(199) Using 2 of 8 workers for concurrent marking
[7.165s][info][gc          ] GC(199) Concurrent marking (unload classes) 28.747ms
[7.165s][info][gc,start    ] GC(199) Pause Final Mark (unload classes)
[7.165s][info][gc,task     ] GC(199) Using 8 of 8 workers for final marking
[7.169s][info][gc,ergo     ] GC(199) Collectable Garbage: 3019K (100%), Immediate: 510K (16%), CSet: 2509K (83%)
[7.169s][info][gc,ergo     ] GC(199) Pacer for Evacuation. Used CSet: 62697K, Free: 1814M, Non-Taxable: 181M, Alloc Tax Rate: 1.1x
[7.169s][info][gc          ] GC(199) Pause Final Mark (unload classes) 3.427ms
[7.169s][info][gc,start    ] GC(199) Concurrent thread roots
[7.169s][info][gc,task     ] GC(199) Using 2 of 8 workers for Concurrent thread roots
[7.169s][info][gc          ] GC(199) Concurrent thread roots 0.097ms
[7.169s][info][gc,start    ] GC(199) Concurrent weak references
[7.169s][info][gc,task     ] GC(199) Using 2 of 8 workers for concurrent weak references
[7.169s][info][gc,ref      ] GC(199) Encountered references: Soft: 4021, Weak: 1712, Final: 4, Phantom: 592
[7.169s][info][gc,ref      ] GC(199) Discovered  references: Soft: 0, Weak: 337, Final: 0, Phantom: 258
[7.169s][info][gc,ref      ] GC(199) Enqueued    references: Soft: 0, Weak: 0, Final: 0, Phantom: 0
[7.169s][info][gc          ] GC(199) Concurrent weak references 0.134ms
[7.169s][info][gc,start    ] GC(199) Concurrent weak roots
[7.169s][info][gc,task     ] GC(199) Using 2 of 8 workers for concurrent weak root
[7.171s][info][gc          ] GC(199) Concurrent weak roots 1.590ms
[7.171s][info][gc,start    ] GC(199) Concurrent cleanup
[7.171s][info][gc          ] GC(199) Concurrent cleanup 69M->68M(246M) 0.099ms
[7.171s][info][gc,ergo     ] GC(199) Free: 1814M, Max: 512K regular, 1809M humongous, Frag: 1% external, 0% internal; Reserve: 101376K, Max: 512K
[7.171s][info][gc,start    ] GC(199) Concurrent class unloading
[7.171s][info][gc,task     ] GC(199) Using 2 of 8 workers for concurrent class unloading
[7.173s][info][gc          ] GC(199) Concurrent class unloading 2.670ms
[7.173s][info][gc,start    ] GC(199) Concurrent strong roots
[7.173s][info][gc,task     ] GC(199) Using 2 of 8 workers for concurrent strong root
[7.174s][info][gc          ] GC(199) Concurrent strong roots 0.399ms
[7.174s][info][gc,start    ] GC(199) Concurrent evacuation
[7.174s][info][gc,task     ] GC(199) Using 2 of 8 workers for concurrent evacuation
[7.193s][info][gc          ] GC(199) Concurrent evacuation 18.651ms
[7.193s][info][gc,start    ] GC(199) Pause Init Update Refs
[7.193s][info][gc,ergo     ] GC(199) Pacer for Update Refs. Used: 128M, Free: 1813M, Non-Taxable: 181M, Alloc Tax Rate: 1.1x
[7.193s][info][gc          ] GC(199) Pause Init Update Refs 0.032ms
[7.193s][info][gc,start    ] GC(199) Concurrent update references
[7.193s][info][gc,task     ] GC(199) Using 2 of 8 workers for concurrent reference update
[7.225s][info][gc          ] GC(199) Concurrent update references 32.769ms
[7.225s][info][gc,start    ] GC(199) Concurrent update thread roots
[7.226s][info][gc          ] GC(199) Concurrent update thread roots 0.170ms
[7.226s][info][gc,start    ] GC(199) Pause Final Update Refs
[7.226s][info][gc,task     ] GC(199) Using 8 of 8 workers for final reference update
[7.226s][info][gc          ] GC(199) Pause Final Update Refs 0.118ms
[7.226s][info][gc,start    ] GC(199) Concurrent cleanup
[7.226s][info][gc          ] GC(199) Concurrent cleanup 128M->67M(246M) 0.073ms
[7.226s][info][gc,ergo     ] Free: 1815M, Max: 512K regular, 1810M humongous, Frag: 1% external, 0% internal; Reserve: 101888K, Max: 512K
[7.226s][info][gc,stats    ] 
[7.226s][info][gc,stats    ] All times are wall-clock times, except per-root-class counters, that are sum over
[7.226s][info][gc,stats    ] all workers. Dividing the <total> over the root stage time estimates parallelism.
[7.226s][info][gc,stats    ] 
[7.226s][info][gc,stats    ] Concurrent Reset                    393 us
[7.226s][info][gc,stats    ] Pause Init Mark (G)                 149 us
[7.226s][info][gc,stats    ] Pause Init Mark (N)                  69 us
[7.226s][info][gc,stats    ]   Update Region States               19 us
[7.226s][info][gc,stats    ] Concurrent Mark Roots               352 us, parallelism: 0.65x
[7.226s][info][gc,stats    ]   CMR: <total>                      230 us
[7.226s][info][gc,stats    ]   CMR: Thread Roots                 113 us, workers (us): 113,   0, ---, ---, ---, ---, ---, ---, 
[7.226s][info][gc,stats    ]   CMR: VM Strong Roots                8 us, workers (us):   8,   0, ---, ---, ---, ---, ---, ---, 
[7.226s][info][gc,stats    ]   CMR: CLDG Roots                   108 us, workers (us): 108, ---, ---, ---, ---, ---, ---, ---, 
[7.226s][info][gc,stats    ] Concurrent Marking                28776 us
[7.226s][info][gc,stats    ] Pause Final Mark (G)               3457 us
[7.226s][info][gc,stats    ] Pause Final Mark (N)               3434 us
[7.226s][info][gc,stats    ]   Finish Mark                      3294 us
[7.226s][info][gc,stats    ]   Update Region States               32 us
[7.226s][info][gc,stats    ]   Choose Collection Set              50 us
[7.226s][info][gc,stats    ]   Rebuild Free Set                   16 us
[7.226s][info][gc,stats    ] Concurrent Thread Roots             108 us, parallelism: 1.13x
[7.226s][info][gc,stats    ]   CTR: <total>                      123 us
[7.226s][info][gc,stats    ]   CTR: Thread Roots                 123 us, workers (us):  63,  60, ---, ---, ---, ---, ---, ---, 
[7.226s][info][gc,stats    ] Concurrent Weak References          139 us, parallelism: 0.83x
[7.226s][info][gc,stats    ]   CWRF: <total>                     116 us
[7.226s][info][gc,stats    ]   CWRF: Weak References             116 us, workers (us):  56,  60, ---, ---, ---, ---, ---, ---, 
[7.226s][info][gc,stats    ] Concurrent Weak Roots              1602 us
[7.226s][info][gc,stats    ]   Roots                            1554 us, parallelism: 0.96x
[7.226s][info][gc,stats    ]     CWR: <total>                   1491 us
[7.226s][info][gc,stats    ]     CWR: Code Cache Roots           826 us, workers (us): 826,   0, ---, ---, ---, ---, ---, ---, 
[7.226s][info][gc,stats    ]     CWR: VM Weak Roots              649 us, workers (us): 649,   0, ---, ---, ---, ---, ---, ---, 
[7.226s][info][gc,stats    ]     CWR: CLDG Roots                  15 us, workers (us):  15, ---, ---, ---, ---, ---, ---, ---, 
[7.226s][info][gc,stats    ]   Rendezvous                         20 us
[7.226s][info][gc,stats    ] Concurrent Cleanup                  107 us
[7.226s][info][gc,stats    ] Concurrent Class Unloading         2691 us
[7.226s][info][gc,stats    ]   Unlink Stale                     2621 us
[7.226s][info][gc,stats    ]     System Dictionary                34 us
[7.226s][info][gc,stats    ]     Weak Class Links                  0 us
[7.226s][info][gc,stats    ]     Code Roots                     2586 us
[7.226s][info][gc,stats    ]   Rendezvous                         20 us
[7.226s][info][gc,stats    ]   Purge Unlinked                      6 us
[7.226s][info][gc,stats    ]     Code Roots                        1 us
[7.226s][info][gc,stats    ]     CLDG                              5 us
[7.226s][info][gc,stats    ]     Exception Caches                  0 us
[7.226s][info][gc,stats    ] Concurrent Strong Roots             409 us, parallelism: 0.87x
[7.226s][info][gc,stats    ]   CSR: <total>                      354 us
[7.226s][info][gc,stats    ]   CSR: VM Strong Roots               11 us, workers (us):   8,   3, ---, ---, ---, ---, ---, ---, 
[7.226s][info][gc,stats    ]   CSR: CLDG Roots                   343 us, workers (us): ---, 343, ---, ---, ---, ---, ---, ---, 
[7.226s][info][gc,stats    ] Concurrent Evacuation             18684 us
[7.226s][info][gc,stats    ] Pause Init Update Refs (G)           70 us
[7.226s][info][gc,stats    ] Pause Init Update Refs (N)           42 us
[7.226s][info][gc,stats    ]   Manage GCLABs                       5 us
[7.226s][info][gc,stats    ] Concurrent Update Refs            32809 us
[7.227s][info][gc,stats    ] Concurrent Update Thread Roots      181 us
[7.227s][info][gc,stats    ] Pause Final Update Refs (G)         149 us
[7.227s][info][gc,stats    ] Pause Final Update Refs (N)         129 us
[7.227s][info][gc,stats    ]   Update Region States               60 us
[7.227s][info][gc,stats    ]   Trash Collection Set                3 us
[7.227s][info][gc,stats    ]   Rebuild Free Set                   23 us
[7.227s][info][gc,stats    ] Concurrent Cleanup                   83 us
[7.227s][info][gc,stats    ] 
[7.227s][info][gc,stats    ] Allocation pacing accrued:
[7.227s][info][gc,stats    ]       0 of    92 ms (  0.0%): <total>
[7.227s][info][gc,stats    ]       0 of    92 ms (  0.0%): <average total>
[7.227s][info][gc,stats    ] 
[7.227s][info][gc,metaspace] Metaspace: 24695K(25024K)->24695K(25024K) NonClass: 21956K(22144K)->21956K(22144K) Class: 2738K(2880K)->2738K(2880K)
[7.227s][info][gc,ergo     ] Pacer for Idle. Initial: 40642K, Alloc Tax Rate: 1.0x
[7.228s][info][gc          ] Trigger: Start next cycle immediately
[7.228s][info][gc,ergo     ] Free: 1815M, Max: 512K regular, 1810M humongous, Frag: 1% external, 0% internal; Reserve: 101888K, Max: 512K
[7.228s][info][gc,start    ] GC(200) Concurrent reset
[7.228s][info][gc,task     ] GC(200) Using 2 of 8 workers for concurrent reset
[7.228s][info][gc,ergo     ] GC(200) Pacer for Reset. Non-Taxable: 1984M
[7.228s][info][gc          ] GC(200) Concurrent reset 0.505ms
[7.228s][info][gc,start    ] GC(200) Pause Init Mark (unload classes)
[7.228s][info][gc,task     ] GC(200) Using 8 of 8 workers for init marking
[7.228s][info][gc,ergo     ] GC(200) Pacer for Mark. Expected Live: 66153K, Free: 1815M, Non-Taxable: 181M, Alloc Tax Rate: 0.0x
[7.228s][info][gc          ] GC(200) Pause Init Mark (unload classes) 0.058ms
[7.228s][info][gc,start    ] GC(200) Concurrent marking roots
[7.228s][info][gc,task     ] GC(200) Using 2 of 8 workers for concurrent marking roots
[7.229s][info][gc          ] GC(200) Concurrent marking roots 0.201ms
[7.229s][info][gc,start    ] GC(200) Concurrent marking (unload classes)
[7.229s][info][gc,task     ] GC(200) Using 2 of 8 workers for concurrent marking
[7.269s][info][gc          ] GC(200) Concurrent marking (unload classes) 40.084ms
[7.269s][info][gc,start    ] GC(200) Pause Final Mark (unload classes)
[7.269s][info][gc,task     ] GC(200) Using 8 of 8 workers for final marking
[7.275s][info][gc,ergo     ] GC(200) Collectable Garbage: 2783K (100%), Immediate: 510K (18%), CSet: 2273K (81%)
[7.275s][info][gc,ergo     ] GC(200) Pacer for Evacuation. Used CSet: 62462K, Free: 1815M, Non-Taxable: 181M, Alloc Tax Rate: 1.1x
[7.275s][info][gc          ] GC(200) Pause Final Mark (unload classes) 6.449ms
[7.275s][info][gc,start    ] GC(200) Concurrent thread roots
[7.275s][info][gc,task     ] GC(200) Using 2 of 8 workers for Concurrent thread roots
[7.275s][info][gc          ] GC(200) Concurrent thread roots 0.100ms
[7.276s][info][gc,start    ] GC(200) Concurrent weak references
[7.276s][info][gc,task     ] GC(200) Using 2 of 8 workers for concurrent weak references
[7.276s][info][gc,ref      ] GC(200) Encountered references: Soft: 4021, Weak: 1712, Final: 4, Phantom: 592
[7.276s][info][gc,ref      ] GC(200) Discovered  references: Soft: 0, Weak: 278, Final: 0, Phantom: 204
[7.276s][info][gc,ref      ] GC(200) Enqueued    references: Soft: 0, Weak: 0, Final: 0, Phantom: 0
[7.276s][info][gc          ] GC(200) Concurrent weak references 0.097ms
[7.276s][info][gc,start    ] GC(200) Concurrent weak roots
[7.276s][info][gc,task     ] GC(200) Using 2 of 8 workers for concurrent weak root
[7.277s][info][gc          ] GC(200) Concurrent weak roots 1.603ms
[7.277s][info][gc,start    ] GC(200) Concurrent cleanup
[7.277s][info][gc          ] GC(200) Concurrent cleanup 69M->68M(246M) 0.094ms
[7.277s][info][gc,ergo     ] GC(200) Free: 1814M, Max: 512K regular, 1810M humongous, Frag: 1% external, 0% internal; Reserve: 101376K, Max: 512K
[7.277s][info][gc,start    ] GC(200) Concurrent class unloading
[7.277s][info][gc,task     ] GC(200) Using 2 of 8 workers for concurrent class unloading
[7.280s][info][gc          ] GC(200) Concurrent class unloading 2.670ms
[7.280s][info][gc,start    ] GC(200) Concurrent strong roots
[7.280s][info][gc,task     ] GC(200) Using 2 of 8 workers for concurrent strong root
[7.280s][info][gc          ] GC(200) Concurrent strong roots 0.377ms
[7.280s][info][gc,start    ] GC(200) Concurrent evacuation
[7.280s][info][gc,task     ] GC(200) Using 2 of 8 workers for concurrent evacuation
[7.297s][info][gc          ] GC(200) Concurrent evacuation 16.288ms
[7.297s][info][gc,start    ] GC(200) Pause Init Update Refs
[7.297s][info][gc,ergo     ] GC(200) Pacer for Update Refs. Used: 128M, Free: 1814M, Non-Taxable: 181M, Alloc Tax Rate: 1.1x
[7.297s][info][gc          ] GC(200) Pause Init Update Refs 0.026ms
[7.297s][info][gc,start    ] GC(200) Concurrent update references
[7.297s][info][gc,task     ] GC(200) Using 2 of 8 workers for concurrent reference update
[7.326s][info][gc          ] GC(200) Concurrent update references 29.132ms
[7.326s][info][gc,start    ] GC(200) Concurrent update thread roots
[7.326s][info][gc          ] GC(200) Concurrent update thread roots 0.159ms
[7.326s][info][gc,start    ] GC(200) Pause Final Update Refs
[7.326s][info][gc,task     ] GC(200) Using 8 of 8 workers for final reference update
[7.326s][info][gc          ] GC(200) Pause Final Update Refs 0.077ms
[7.326s][info][gc,start    ] GC(200) Concurrent cleanup
[7.326s][info][gc          ] GC(200) Concurrent cleanup 128M->67M(246M) 0.058ms
[7.326s][info][gc,ergo     ] Free: 1815M, Max: 512K regular, 1810M humongous, Frag: 1% external, 0% internal; Reserve: 101888K, Max: 512K
[7.326s][info][gc,stats    ] 
[7.326s][info][gc,stats    ] All times are wall-clock times, except per-root-class counters, that are sum over
[7.326s][info][gc,stats    ] all workers. Dividing the <total> over the root stage time estimates parallelism.
[7.326s][info][gc,stats    ] 
[7.326s][info][gc,stats    ] Concurrent Reset                    519 us
[7.326s][info][gc,stats    ] Pause Init Mark (G)                  87 us
[7.326s][info][gc,stats    ] Pause Init Mark (N)                  66 us
[7.326s][info][gc,stats    ]   Update Region States               11 us
[7.326s][info][gc,stats    ] Concurrent Mark Roots               212 us, parallelism: 1.05x
[7.326s][info][gc,stats    ]   CMR: <total>                      222 us
[7.327s][info][gc,stats    ]   CMR: Thread Roots                 126 us, workers (us):  19, 107, ---, ---, ---, ---, ---, ---, 
[7.327s][info][gc,stats    ]   CMR: VM Strong Roots                9 us, workers (us):   7,   2, ---, ---, ---, ---, ---, ---, 
[7.327s][info][gc,stats    ]   CMR: CLDG Roots                    87 us, workers (us):  87, ---, ---, ---, ---, ---, ---, ---, 
[7.327s][info][gc,stats    ] Concurrent Marking                40125 us
[7.327s][info][gc,stats    ] Pause Final Mark (G)               6584 us
[7.327s][info][gc,stats    ] Pause Final Mark (N)               6458 us
[7.327s][info][gc,stats    ]   Finish Mark                      6302 us
[7.327s][info][gc,stats    ]   Update Region States               35 us
[7.327s][info][gc,stats    ]   Choose Collection Set              58 us
[7.327s][info][gc,stats    ]   Rebuild Free Set                   16 us
[7.327s][info][gc,stats    ] Concurrent Thread Roots             110 us, parallelism: 1.18x
[7.327s][info][gc,stats    ]   CTR: <total>                      130 us
[7.327s][info][gc,stats    ]   CTR: Thread Roots                 130 us, workers (us):  63,  67, ---, ---, ---, ---, ---, ---, 
[7.327s][info][gc,stats    ] Concurrent Weak References          105 us, parallelism: 0.51x
[7.327s][info][gc,stats    ]   CWRF: <total>                      54 us
[7.327s][info][gc,stats    ]   CWRF: Weak References              54 us, workers (us):  28,  25, ---, ---, ---, ---, ---, ---, 
[7.327s][info][gc,stats    ] Concurrent Weak Roots              1626 us
[7.327s][info][gc,stats    ]   Roots                            1562 us, parallelism: 0.95x
[7.327s][info][gc,stats    ]     CWR: <total>                   1483 us
[7.327s][info][gc,stats    ]     CWR: Code Cache Roots           811 us, workers (us): 811,   0, ---, ---, ---, ---, ---, ---, 
[7.327s][info][gc,stats    ]     CWR: VM Weak Roots              653 us, workers (us): 643,  10, ---, ---, ---, ---, ---, ---, 
[7.327s][info][gc,stats    ]     CWR: CLDG Roots                  19 us, workers (us):  19, ---, ---, ---, ---, ---, ---, ---, 
[7.327s][info][gc,stats    ]   Rendezvous                         24 us
[7.327s][info][gc,stats    ] Concurrent Cleanup                  104 us
[7.327s][info][gc,stats    ] Concurrent Class Unloading         2690 us
[7.327s][info][gc,stats    ]   Unlink Stale                     2630 us
[7.327s][info][gc,stats    ]     System Dictionary                44 us
[7.327s][info][gc,stats    ]     Weak Class Links                  0 us
[7.327s][info][gc,stats    ]     Code Roots                     2584 us
[7.327s][info][gc,stats    ]   Rendezvous                         18 us
[7.327s][info][gc,stats    ]   Purge Unlinked                      6 us
[7.327s][info][gc,stats    ]     Code Roots                        1 us
[7.327s][info][gc,stats    ]     CLDG                              5 us
[7.327s][info][gc,stats    ]     Exception Caches                  0 us
[7.327s][info][gc,stats    ] Concurrent Strong Roots             396 us, parallelism: 0.87x
[7.327s][info][gc,stats    ]   CSR: <total>                      344 us
[7.327s][info][gc,stats    ]   CSR: VM Strong Roots               13 us, workers (us):   8,   5, ---, ---, ---, ---, ---, ---, 
[7.327s][info][gc,stats    ]   CSR: CLDG Roots                   331 us, workers (us): ---, 331, ---, ---, ---, ---, ---, ---, 
[7.327s][info][gc,stats    ] Concurrent Evacuation             16321 us
[7.327s][info][gc,stats    ] Pause Init Update Refs (G)           58 us
[7.327s][info][gc,stats    ] Pause Init Update Refs (N)           35 us
[7.327s][info][gc,stats    ]   Manage GCLABs                       4 us
[7.327s][info][gc,stats    ] Concurrent Update Refs            29165 us
[7.327s][info][gc,stats    ] Concurrent Update Thread Roots      185 us
[7.327s][info][gc,stats    ] Pause Final Update Refs (G)         103 us
[7.327s][info][gc,stats    ] Pause Final Update Refs (N)          86 us
[7.327s][info][gc,stats    ]   Update Region States               33 us
[7.327s][info][gc,stats    ]   Trash Collection Set                3 us
[7.327s][info][gc,stats    ]   Rebuild Free Set                   18 us
[7.327s][info][gc,stats    ] Concurrent Cleanup                   67 us
[7.327s][info][gc,stats    ] 
[7.327s][info][gc,stats    ] Allocation pacing accrued:
[7.327s][info][gc,stats    ]       0 of   100 ms (  0.0%): <total>
[7.327s][info][gc,stats    ]       0 of   100 ms (  0.0%): <average total>
[7.327s][info][gc,stats    ] 
[7.327s][info][gc,metaspace] Metaspace: 24695K(25024K)->24695K(25024K) NonClass: 21956K(22144K)->21956K(22144K) Class: 2738K(2880K)->2738K(2880K)
[7.327s][info][gc,ergo     ] Pacer for Idle. Initial: 40642K, Alloc Tax Rate: 1.0x
[7.328s][info][gc          ] Trigger: Start next cycle immediately
[7.328s][info][gc,ergo     ] Free: 1815M, Max: 512K regular, 1810M humongous, Frag: 1% external, 0% internal; Reserve: 101888K, Max: 512K
[7.328s][info][gc,start    ] GC(201) Concurrent reset
[7.328s][info][gc,task     ] GC(201) Using 2 of 8 workers for concurrent reset
[7.328s][info][gc,ergo     ] GC(201) Pacer for Reset. Non-Taxable: 1984M
[7.328s][info][gc          ] GC(201) Concurrent reset 0.383ms
[7.329s][info][gc,start    ] GC(201) Pause Init Mark
[7.329s][info][gc,task     ] GC(201) Using 8 of 8 workers for init marking
[7.329s][info][gc,ergo     ] GC(201) Pacer for Mark. Expected Live: 66153K, Free: 1815M, Non-Taxable: 181M, Alloc Tax Rate: 0.0x
[7.329s][info][gc          ] GC(201) Pause Init Mark 0.044ms
[7.329s][info][gc,start    ] GC(201) Concurrent marking roots
[7.329s][info][gc,task     ] GC(201) Using 2 of 8 workers for concurrent marking roots
[7.330s][info][gc          ] GC(201) Concurrent marking roots 1.611ms
[7.330s][info][gc,start    ] GC(201) Concurrent marking
[7.330s][info][gc,task     ] GC(201) Using 2 of 8 workers for concurrent marking
[7.362s][info][gc          ] GC(201) Concurrent marking 31.906ms
[7.362s][info][gc,start    ] GC(201) Pause Final Mark
[7.362s][info][gc,task     ] GC(201) Using 8 of 8 workers for final marking
[7.368s][info][gc,ergo     ] GC(201) Collectable Garbage: 2784K (100%), Immediate: 510K (18%), CSet: 2273K (81%)
[7.369s][info][gc,ergo     ] GC(201) Pacer for Evacuation. Used CSet: 62455K, Free: 1814M, Non-Taxable: 181M, Alloc Tax Rate: 1.1x
[7.369s][info][gc          ] GC(201) Pause Final Mark 6.285ms
[7.369s][info][gc,start    ] GC(201) Concurrent thread roots
[7.369s][info][gc,task     ] GC(201) Using 2 of 8 workers for Concurrent thread roots
[7.369s][info][gc          ] GC(201) Concurrent thread roots 0.170ms
[7.369s][info][gc,start    ] GC(201) Concurrent weak references
[7.369s][info][gc,task     ] GC(201) Using 2 of 8 workers for concurrent weak references
[7.369s][info][gc,ref      ] GC(201) Encountered references: Soft: 4021, Weak: 1712, Final: 4, Phantom: 592
[7.369s][info][gc,ref      ] GC(201) Discovered  references: Soft: 0, Weak: 546, Final: 1, Phantom: 257
[7.369s][info][gc,ref      ] GC(201) Enqueued    references: Soft: 0, Weak: 0, Final: 0, Phantom: 0
[7.369s][info][gc          ] GC(201) Concurrent weak references 0.120ms
[7.369s][info][gc,start    ] GC(201) Concurrent weak roots
[7.369s][info][gc,task     ] GC(201) Using 2 of 8 workers for concurrent weak root
[7.369s][info][gc          ] GC(201) Concurrent weak roots 0.480ms
[7.369s][info][gc,start    ] GC(201) Concurrent cleanup
[7.370s][info][gc          ] GC(201) Concurrent cleanup 69M->69M(246M) 0.104ms
[7.370s][info][gc,ergo     ] GC(201) Free: 1814M, Max: 512K regular, 1810M humongous, Frag: 1% external, 0% internal; Reserve: 101118K, Max: 512K
[7.370s][info][gc,start    ] GC(201) Concurrent strong roots
[7.370s][info][gc,task     ] GC(201) Using 2 of 8 workers for concurrent strong root
[7.371s][info][gc          ] GC(201) Concurrent strong roots 1.854ms
[7.371s][info][gc,start    ] GC(201) Concurrent evacuation
[7.371s][info][gc,task     ] GC(201) Using 2 of 8 workers for concurrent evacuation
[7.387s][info][gc          ] GC(201) Concurrent evacuation 15.921ms
[7.387s][info][gc,start    ] GC(201) Pause Init Update Refs
[7.387s][info][gc,ergo     ] GC(201) Pacer for Update Refs. Used: 128M, Free: 1814M, Non-Taxable: 181M, Alloc Tax Rate: 1.1x
[7.387s][info][gc          ] GC(201) Pause Init Update Refs 0.027ms
[7.388s][info][gc,start    ] GC(201) Concurrent update references
[7.388s][info][gc,task     ] GC(201) Using 2 of 8 workers for concurrent reference update
[7.414s][info][gc          ] GC(201) Concurrent update references 26.088ms
[7.414s][info][gc,start    ] GC(201) Concurrent update thread roots
[7.414s][info][gc          ] GC(201) Concurrent update thread roots 0.168ms
[7.414s][info][gc,start    ] GC(201) Pause Final Update Refs
[7.414s][info][gc,task     ] GC(201) Using 8 of 8 workers for final reference update
[7.414s][info][gc          ] GC(201) Pause Final Update Refs 0.100ms
[7.414s][info][gc,start    ] GC(201) Concurrent cleanup
[7.414s][info][gc          ] GC(201) Concurrent cleanup 128M->67M(246M) 0.073ms
[7.414s][info][gc,ergo     ] Free: 1814M, Max: 512K regular, 1809M humongous, Frag: 1% external, 0% internal; Reserve: 101888K, Max: 512K
[7.414s][info][gc,stats    ] 
[7.414s][info][gc,stats    ] All times are wall-clock times, except per-root-class counters, that are sum over
[7.414s][info][gc,stats    ] all workers. Dividing the <total> over the root stage time estimates parallelism.
[7.414s][info][gc,stats    ] 
[7.414s][info][gc,stats    ] Concurrent Reset                    397 us
[7.414s][info][gc,stats    ] Pause Init Mark (G)                 102 us
[7.414s][info][gc,stats    ] Pause Init Mark (N)                  52 us
[7.414s][info][gc,stats    ]   Update Region States               12 us
[7.414s][info][gc,stats    ] Concurrent Mark Roots              1636 us, parallelism: 0.89x
[7.414s][info][gc,stats    ]   CMR: <total>                     1461 us
[7.414s][info][gc,stats    ]   CMR: Thread Roots                 104 us, workers (us): 104,   0, ---, ---, ---, ---, ---, ---, 
[7.414s][info][gc,stats    ]   CMR: Code Cache Roots            1149 us, workers (us): 1149,   0, ---, ---, ---, ---, ---, ---, 
[7.414s][info][gc,stats    ]   CMR: VM Strong Roots                6 us, workers (us):   6,   0, ---, ---, ---, ---, ---, ---, 
[7.414s][info][gc,stats    ]   CMR: CLDG Roots                   202 us, workers (us): 202, ---, ---, ---, ---, ---, ---, ---, 
[7.414s][info][gc,stats    ] Concurrent Marking                31937 us
[7.414s][info][gc,stats    ] Pause Final Mark (G)               6406 us
[7.414s][info][gc,stats    ] Pause Final Mark (N)               6294 us
[7.414s][info][gc,stats    ]   Finish Mark                      6125 us
[7.414s][info][gc,stats    ]   Update Region States               37 us
[7.414s][info][gc,stats    ]   Choose Collection Set              61 us
[7.414s][info][gc,stats    ]   Rebuild Free Set                   19 us
[7.414s][info][gc,stats    ] Concurrent Thread Roots             184 us, parallelism: 0.79x
[7.414s][info][gc,stats    ]   CTR: <total>                      145 us
[7.414s][info][gc,stats    ]   CTR: Thread Roots                 145 us, workers (us):  67,  78, ---, ---, ---, ---, ---, ---, 
[7.414s][info][gc,stats    ] Concurrent Weak References          128 us, parallelism: 0.61x
[7.414s][info][gc,stats    ]   CWRF: <total>                      78 us
[7.414s][info][gc,stats    ]   CWRF: Weak References              78 us, workers (us):  42,  35, ---, ---, ---, ---, ---, ---, 
[7.414s][info][gc,stats    ] Concurrent Weak Roots               498 us
[7.414s][info][gc,stats    ]   Roots                             435 us, parallelism: 1.58x
[7.414s][info][gc,stats    ]     CWR: <total>                    686 us
[7.414s][info][gc,stats    ]     CWR: VM Weak Roots              686 us, workers (us): 344, 342, ---, ---, ---, ---, ---, ---, 
[7.414s][info][gc,stats    ]   Rendezvous                         27 us
[7.414s][info][gc,stats    ] Concurrent Cleanup                  113 us
[7.414s][info][gc,stats    ] Concurrent Strong Roots            1879 us, parallelism: 1.50x
[7.414s][info][gc,stats    ]   CSR: <total>                     2820 us
[7.414s][info][gc,stats    ]   CSR: Code Cache Roots            2479 us, workers (us): 1468, 1011, ---, ---, ---, ---, ---, ---, 
[7.415s][info][gc,stats    ]   CSR: VM Strong Roots               13 us, workers (us):  13,   0, ---, ---, ---, ---, ---, ---, 
[7.415s][info][gc,stats    ]   CSR: CLDG Roots                   328 us, workers (us): 328, ---, ---, ---, ---, ---, ---, ---, 
[7.415s][info][gc,stats    ] Concurrent Evacuation             15950 us
[7.415s][info][gc,stats    ] Pause Init Update Refs (G)          133 us
[7.415s][info][gc,stats    ] Pause Init Update Refs (N)           35 us
[7.415s][info][gc,stats    ]   Manage GCLABs                       4 us
[7.415s][info][gc,stats    ] Concurrent Update Refs            26125 us
[7.415s][info][gc,stats    ] Concurrent Update Thread Roots      180 us
[7.415s][info][gc,stats    ] Pause Final Update Refs (G)         132 us
[7.415s][info][gc,stats    ] Pause Final Update Refs (N)         111 us
[7.415s][info][gc,stats    ]   Update Region States               52 us
[7.415s][info][gc,stats    ]   Trash Collection Set                3 us
[7.415s][info][gc,stats    ]   Rebuild Free Set                   25 us
[7.415s][info][gc,stats    ] Concurrent Cleanup                   83 us
[7.415s][info][gc,stats    ] 
[7.415s][info][gc,stats    ] Allocation pacing accrued:
[7.415s][info][gc,stats    ]       0 of    88 ms (  0.0%): <total>
[7.415s][info][gc,stats    ]       0 of    88 ms (  0.0%): <average total>
[7.415s][info][gc,stats    ] 
[7.415s][info][gc,metaspace] Metaspace: 24695K(25024K)->24695K(25024K) NonClass: 21956K(22144K)->21956K(22144K) Class: 2738K(2880K)->2738K(2880K)
[7.415s][info][gc,ergo     ] Pacer for Idle. Initial: 40642K, Alloc Tax Rate: 1.0x
[7.416s][info][gc          ] Trigger: Start next cycle immediately
[7.416s][info][gc,ergo     ] Free: 1814M, Max: 512K regular, 1809M humongous, Frag: 1% external, 0% internal; Reserve: 101888K, Max: 512K
[7.416s][info][gc,start    ] GC(202) Concurrent reset
[7.416s][info][gc,task     ] GC(202) Using 2 of 8 workers for concurrent reset
[7.416s][info][gc,ergo     ] GC(202) Pacer for Reset. Non-Taxable: 1984M
[7.416s][info][gc          ] GC(202) Concurrent reset 0.386ms
[7.416s][info][gc,start    ] GC(202) Pause Init Mark (unload classes)
[7.416s][info][gc,task     ] GC(202) Using 8 of 8 workers for init marking
[7.416s][info][gc,ergo     ] GC(202) Pacer for Mark. Expected Live: 66153K, Free: 1814M, Non-Taxable: 181M, Alloc Tax Rate: 0.0x
[7.416s][info][gc          ] GC(202) Pause Init Mark (unload classes) 0.043ms
[7.416s][info][gc,start    ] GC(202) Concurrent marking roots
[7.416s][info][gc,task     ] GC(202) Using 2 of 8 workers for concurrent marking roots
[7.417s][info][gc          ] GC(202) Concurrent marking roots 0.193ms
[7.417s][info][gc,start    ] GC(202) Concurrent marking (unload classes)
[7.417s][info][gc,task     ] GC(202) Using 2 of 8 workers for concurrent marking
[7.443s][info][gc          ] GC(202) Concurrent marking (unload classes) 26.120ms
[7.443s][info][gc,start    ] GC(202) Pause Final Mark (unload classes)
[7.443s][info][gc,task     ] GC(202) Using 8 of 8 workers for final marking
[7.449s][info][gc,ergo     ] GC(202) Collectable Garbage: 3303K (100%), Immediate: 510K (15%), CSet: 2792K (84%)
[7.449s][info][gc,ergo     ] GC(202) Pacer for Evacuation. Used CSet: 62974K, Free: 1814M, Non-Taxable: 181M, Alloc Tax Rate: 1.1x
[7.449s][info][gc          ] GC(202) Pause Final Mark (unload classes) 6.293ms
[7.449s][info][gc,start    ] GC(202) Concurrent thread roots
[7.449s][info][gc,task     ] GC(202) Using 2 of 8 workers for Concurrent thread roots
[7.449s][info][gc          ] GC(202) Concurrent thread roots 0.141ms
[7.449s][info][gc,start    ] GC(202) Concurrent weak references
[7.449s][info][gc,task     ] GC(202) Using 2 of 8 workers for concurrent weak references
[7.449s][info][gc,ref      ] GC(202) Encountered references: Soft: 4021, Weak: 1712, Final: 4, Phantom: 592
[7.449s][info][gc,ref      ] GC(202) Discovered  references: Soft: 0, Weak: 105, Final: 0, Phantom: 204
[7.449s][info][gc,ref      ] GC(202) Enqueued    references: Soft: 0, Weak: 0, Final: 0, Phantom: 0
[7.449s][info][gc          ] GC(202) Concurrent weak references 0.081ms
[7.449s][info][gc,start    ] GC(202) Concurrent weak roots
[7.449s][info][gc,task     ] GC(202) Using 2 of 8 workers for concurrent weak root
[7.450s][info][gc          ] GC(202) Concurrent weak roots 0.909ms
[7.450s][info][gc,start    ] GC(202) Concurrent cleanup
[7.450s][info][gc          ] GC(202) Concurrent cleanup 69M->69M(246M) 0.110ms
[7.450s][info][gc,ergo     ] GC(202) Free: 1813M, Max: 512K regular, 1809M humongous, Frag: 1% external, 0% internal; Reserve: 101376K, Max: 512K
[7.450s][info][gc,start    ] GC(202) Concurrent class unloading
[7.450s][info][gc,task     ] GC(202) Using 2 of 8 workers for concurrent class unloading
[7.452s][info][gc          ] GC(202) Concurrent class unloading 1.458ms
[7.452s][info][gc,start    ] GC(202) Concurrent strong roots
[7.452s][info][gc,task     ] GC(202) Using 2 of 8 workers for concurrent strong root
[7.452s][info][gc          ] GC(202) Concurrent strong roots 0.406ms
[7.452s][info][gc,start    ] GC(202) Concurrent evacuation
[7.452s][info][gc,task     ] GC(202) Using 2 of 8 workers for concurrent evacuation
[7.469s][info][gc          ] GC(202) Concurrent evacuation 16.502ms
[7.469s][info][gc,start    ] GC(202) Pause Init Update Refs
[7.469s][info][gc,ergo     ] GC(202) Pacer for Update Refs. Used: 128M, Free: 1813M, Non-Taxable: 181M, Alloc Tax Rate: 1.1x
[7.469s][info][gc          ] GC(202) Pause Init Update Refs 0.032ms
[7.469s][info][gc,start    ] GC(202) Concurrent update references
[7.469s][info][gc,task     ] GC(202) Using 2 of 8 workers for concurrent reference update
[7.493s][info][gc          ] GC(202) Concurrent update references 24.086ms
[7.493s][info][gc,start    ] GC(202) Concurrent update thread roots
[7.493s][info][gc          ] GC(202) Concurrent update thread roots 0.196ms
[7.493s][info][gc,start    ] GC(202) Pause Final Update Refs
[7.493s][info][gc,task     ] GC(202) Using 8 of 8 workers for final reference update
[7.493s][info][gc          ] GC(202) Pause Final Update Refs 0.088ms
[7.493s][info][gc,start    ] GC(202) Concurrent cleanup
[7.493s][info][gc          ] GC(202) Concurrent cleanup 128M->67M(246M) 0.084ms
[7.493s][info][gc,ergo     ] Free: 1815M, Max: 512K regular, 1810M humongous, Frag: 1% external, 0% internal; Reserve: 101888K, Max: 512K
[7.494s][info][gc,stats    ] 
[7.494s][info][gc,stats    ] All times are wall-clock times, except per-root-class counters, that are sum over
[7.494s][info][gc,stats    ] all workers. Dividing the <total> over the root stage time estimates parallelism.
[7.494s][info][gc,stats    ] 
[7.494s][info][gc,stats    ] Concurrent Reset                    399 us
[7.494s][info][gc,stats    ] Pause Init Mark (G)                  73 us
[7.494s][info][gc,stats    ] Pause Init Mark (N)                  51 us
[7.494s][info][gc,stats    ]   Update Region States               11 us
[7.494s][info][gc,stats    ] Concurrent Mark Roots               203 us, parallelism: 1.01x
[7.494s][info][gc,stats    ]   CMR: <total>                      206 us
[7.494s][info][gc,stats    ]   CMR: Thread Roots                 113 us, workers (us):  14, 100, ---, ---, ---, ---, ---, ---, 
[7.494s][info][gc,stats    ]   CMR: VM Strong Roots                7 us, workers (us):   6,   1, ---, ---, ---, ---, ---, ---, 
[7.494s][info][gc,stats    ]   CMR: CLDG Roots                    85 us, workers (us):  85, ---, ---, ---, ---, ---, ---, ---, 
[7.494s][info][gc,stats    ] Concurrent Marking                26148 us
[7.494s][info][gc,stats    ] Pause Final Mark (G)               6333 us
[7.494s][info][gc,stats    ] Pause Final Mark (N)               6299 us
[7.494s][info][gc,stats    ]   Finish Mark                      6151 us
[7.494s][info][gc,stats    ]   Update Region States               38 us
[7.494s][info][gc,stats    ]   Choose Collection Set              53 us
[7.494s][info][gc,stats    ]   Rebuild Free Set                   17 us
[7.494s][info][gc,stats    ] Concurrent Thread Roots             152 us, parallelism: 0.98x
[7.494s][info][gc,stats    ]   CTR: <total>                      150 us
[7.494s][info][gc,stats    ]   CTR: Thread Roots                 150 us, workers (us): 112,  37, ---, ---, ---, ---, ---, ---, 
[7.494s][info][gc,stats    ] Concurrent Weak References           88 us, parallelism: 0.36x
[7.494s][info][gc,stats    ]   CWRF: <total>                      32 us
[7.494s][info][gc,stats    ]   CWRF: Weak References              32 us, workers (us):  32,   1, ---, ---, ---, ---, ---, ---, 
[7.494s][info][gc,stats    ] Concurrent Weak Roots               930 us
[7.494s][info][gc,stats    ]   Roots                             858 us, parallelism: 1.80x
[7.494s][info][gc,stats    ]     CWR: <total>                   1548 us
[7.494s][info][gc,stats    ]     CWR: Code Cache Roots           874 us, workers (us): 449, 425, ---, ---, ---, ---, ---, ---, 
[7.494s][info][gc,stats    ]     CWR: VM Weak Roots              658 us, workers (us): 332, 326, ---, ---, ---, ---, ---, ---, 
[7.494s][info][gc,stats    ]     CWR: CLDG Roots                  16 us, workers (us):  16, ---, ---, ---, ---, ---, ---, ---, 
[7.494s][info][gc,stats    ]   Rendezvous                         35 us
[7.494s][info][gc,stats    ] Concurrent Cleanup                  119 us
[7.494s][info][gc,stats    ] Concurrent Class Unloading         1479 us
[7.494s][info][gc,stats    ]   Unlink Stale                     1412 us
[7.494s][info][gc,stats    ]     System Dictionary                41 us
[7.494s][info][gc,stats    ]     Weak Class Links                  0 us
[7.494s][info][gc,stats    ]     Code Roots                     1370 us
[7.494s][info][gc,stats    ]   Rendezvous                         20 us
[7.494s][info][gc,stats    ]   Purge Unlinked                      5 us
[7.494s][info][gc,stats    ]     Code Roots                        1 us
[7.494s][info][gc,stats    ]     CLDG                              4 us
[7.494s][info][gc,stats    ]     Exception Caches                  0 us
[7.494s][info][gc,stats    ] Concurrent Strong Roots             426 us, parallelism: 0.79x
[7.494s][info][gc,stats    ]   CSR: <total>                      338 us
[7.494s][info][gc,stats    ]   CSR: VM Strong Roots               10 us, workers (us):   9,   1, ---, ---, ---, ---, ---, ---, 
[7.494s][info][gc,stats    ]   CSR: CLDG Roots                   328 us, workers (us): 328, ---, ---, ---, ---, ---, ---, ---, 
[7.494s][info][gc,stats    ] Concurrent Evacuation             16531 us
[7.494s][info][gc,stats    ] Pause Init Update Refs (G)           75 us
[7.494s][info][gc,stats    ] Pause Init Update Refs (N)           37 us
[7.494s][info][gc,stats    ]   Manage GCLABs                       5 us
[7.494s][info][gc,stats    ] Concurrent Update Refs            24127 us
[7.494s][info][gc,stats    ] Concurrent Update Thread Roots      216 us
[7.494s][info][gc,stats    ] Pause Final Update Refs (G)         118 us
[7.494s][info][gc,stats    ] Pause Final Update Refs (N)          98 us
[7.494s][info][gc,stats    ]   Update Region States               39 us
[7.494s][info][gc,stats    ]   Trash Collection Set                4 us
[7.494s][info][gc,stats    ]   Rebuild Free Set                   21 us
[7.494s][info][gc,stats    ] Concurrent Cleanup                   95 us
[7.494s][info][gc,stats    ] 
[7.494s][info][gc,stats    ] Allocation pacing accrued:
[7.494s][info][gc,stats    ]       0 of    79 ms (  0.0%): <total>
[7.494s][info][gc,stats    ]       0 of    79 ms (  0.0%): <average total>
[7.494s][info][gc,stats    ] 
[7.494s][info][gc,metaspace] Metaspace: 24695K(25024K)->24695K(25024K) NonClass: 21956K(22144K)->21956K(22144K) Class: 2738K(2880K)->2738K(2880K)
[7.494s][info][gc,ergo     ] Pacer for Idle. Initial: 40642K, Alloc Tax Rate: 1.0x
[7.495s][info][gc          ] Trigger: Start next cycle immediately
[7.495s][info][gc,ergo     ] Free: 1815M, Max: 512K regular, 1810M humongous, Frag: 1% external, 0% internal; Reserve: 101888K, Max: 512K
[7.495s][info][gc,start    ] GC(203) Concurrent reset
[7.495s][info][gc,task     ] GC(203) Using 2 of 8 workers for concurrent reset
[7.495s][info][gc,ergo     ] GC(203) Pacer for Reset. Non-Taxable: 1984M
[7.496s][info][gc          ] GC(203) Concurrent reset 0.375ms
[7.496s][info][gc,start    ] GC(203) Pause Init Mark
[7.496s][info][gc,task     ] GC(203) Using 8 of 8 workers for init marking
[7.496s][info][gc,ergo     ] GC(203) Pacer for Mark. Expected Live: 66153K, Free: 1815M, Non-Taxable: 181M, Alloc Tax Rate: 0.0x
[7.496s][info][gc          ] GC(203) Pause Init Mark 0.052ms
[7.496s][info][gc,start    ] GC(203) Concurrent marking roots
[7.496s][info][gc,task     ] GC(203) Using 2 of 8 workers for concurrent marking roots
[7.497s][info][gc          ] GC(203) Concurrent marking roots 0.829ms
[7.497s][info][gc,start    ] GC(203) Concurrent marking
[7.497s][info][gc,task     ] GC(203) Using 2 of 8 workers for concurrent marking
[7.525s][info][gc          ] GC(203) Concurrent marking 28.300ms
[7.525s][info][gc,start    ] GC(203) Pause Final Mark
[7.525s][info][gc,task     ] GC(203) Using 8 of 8 workers for final marking
[7.531s][info][gc,ergo     ] GC(203) Collectable Garbage: 2785K (100%), Immediate: 512K (18%), CSet: 2273K (81%)
[7.531s][info][gc,ergo     ] GC(203) Pacer for Evacuation. Used CSet: 62454K, Free: 1815M, Non-Taxable: 181M, Alloc Tax Rate: 1.1x
[7.531s][info][gc          ] GC(203) Pause Final Mark 6.430ms
[7.532s][info][gc,start    ] GC(203) Concurrent thread roots
[7.532s][info][gc,task     ] GC(203) Using 2 of 8 workers for Concurrent thread roots
[7.532s][info][gc          ] GC(203) Concurrent thread roots 0.104ms
[7.532s][info][gc,start    ] GC(203) Concurrent weak references
[7.532s][info][gc,task     ] GC(203) Using 2 of 8 workers for concurrent weak references
[7.532s][info][gc,ref      ] GC(203) Encountered references: Soft: 4021, Weak: 1712, Final: 4, Phantom: 592
[7.532s][info][gc,ref      ] GC(203) Discovered  references: Soft: 0, Weak: 843, Final: 0, Phantom: 331
[7.532s][info][gc,ref      ] GC(203) Enqueued    references: Soft: 0, Weak: 0, Final: 0, Phantom: 0
[7.532s][info][gc          ] GC(203) Concurrent weak references 0.166ms
[7.532s][info][gc,start    ] GC(203) Concurrent weak roots
[7.532s][info][gc,task     ] GC(203) Using 2 of 8 workers for concurrent weak root
[7.533s][info][gc          ] GC(203) Concurrent weak roots 0.722ms
[7.533s][info][gc,start    ] GC(203) Concurrent cleanup
[7.533s][info][gc          ] GC(203) Concurrent cleanup 68M->68M(246M) 0.120ms
[7.533s][info][gc,ergo     ] GC(203) Free: 1814M, Max: 512K regular, 1810M humongous, Frag: 1% external, 0% internal; Reserve: 101376K, Max: 512K
[7.533s][info][gc,start    ] GC(203) Concurrent strong roots
[7.533s][info][gc,task     ] GC(203) Using 2 of 8 workers for concurrent strong root
[7.534s][info][gc          ] GC(203) Concurrent strong roots 1.646ms
[7.534s][info][gc,start    ] GC(203) Concurrent evacuation
[7.534s][info][gc,task     ] GC(203) Using 2 of 8 workers for concurrent evacuation
[7.559s][info][gc          ] GC(203) Concurrent evacuation 24.628ms
[7.559s][info][gc,start    ] GC(203) Pause Init Update Refs
[7.559s][info][gc,ergo     ] GC(203) Pacer for Update Refs. Used: 128M, Free: 1814M, Non-Taxable: 181M, Alloc Tax Rate: 1.1x
[7.559s][info][gc          ] GC(203) Pause Init Update Refs 0.029ms
[7.559s][info][gc,start    ] GC(203) Concurrent update references
[7.559s][info][gc,task     ] GC(203) Using 2 of 8 workers for concurrent reference update
[7.582s][info][gc          ] GC(203) Concurrent update references 22.572ms
[7.582s][info][gc,start    ] GC(203) Concurrent update thread roots
[7.582s][info][gc          ] GC(203) Concurrent update thread roots 0.163ms
[7.582s][info][gc,start    ] GC(203) Pause Final Update Refs
[7.582s][info][gc,task     ] GC(203) Using 8 of 8 workers for final reference update
[7.582s][info][gc          ] GC(203) Pause Final Update Refs 0.114ms
[7.582s][info][gc,start    ] GC(203) Concurrent cleanup
[7.582s][info][gc          ] GC(203) Concurrent cleanup 128M->67M(246M) 0.073ms
[7.582s][info][gc,ergo     ] Free: 1815M, Max: 512K regular, 1810M humongous, Frag: 1% external, 0% internal; Reserve: 101888K, Max: 512K
[7.582s][info][gc,stats    ] 
[7.582s][info][gc,stats    ] All times are wall-clock times, except per-root-class counters, that are sum over
[7.582s][info][gc,stats    ] all workers. Dividing the <total> over the root stage time estimates parallelism.
[7.582s][info][gc,stats    ] 
[7.582s][info][gc,stats    ] Concurrent Reset                    388 us
[7.582s][info][gc,stats    ] Pause Init Mark (G)                  82 us
[7.582s][info][gc,stats    ] Pause Init Mark (N)                  62 us
[7.582s][info][gc,stats    ]   Update Region States               11 us
[7.582s][info][gc,stats    ] Concurrent Mark Roots               854 us, parallelism: 1.71x
[7.582s][info][gc,stats    ]   CMR: <total>                     1463 us
[7.582s][info][gc,stats    ]   CMR: Thread Roots                 118 us, workers (us):  91,  27, ---, ---, ---, ---, ---, ---, 
[7.582s][info][gc,stats    ]   CMR: Code Cache Roots            1142 us, workers (us): 443, 699, ---, ---, ---, ---, ---, ---, 
[7.582s][info][gc,stats    ]   CMR: VM Strong Roots               10 us, workers (us):   6,   4, ---, ---, ---, ---, ---, ---, 
[7.582s][info][gc,stats    ]   CMR: CLDG Roots                   193 us, workers (us): 193, ---, ---, ---, ---, ---, ---, ---, 
[7.582s][info][gc,stats    ] Concurrent Marking                28331 us
[7.582s][info][gc,stats    ] Pause Final Mark (G)               6466 us
[7.582s][info][gc,stats    ] Pause Final Mark (N)               6439 us
[7.582s][info][gc,stats    ]   Finish Mark                      6286 us
[7.582s][info][gc,stats    ]   Update Region States               38 us
[7.582s][info][gc,stats    ]   Choose Collection Set              55 us
[7.582s][info][gc,stats    ]   Rebuild Free Set                   17 us
[7.582s][info][gc,stats    ] Concurrent Thread Roots             137 us, parallelism: 0.97x
[7.583s][info][gc,stats    ]   CTR: <total>                      133 us
[7.583s][info][gc,stats    ]   CTR: Thread Roots                 133 us, workers (us):  69,  64, ---, ---, ---, ---, ---, ---, 
[7.583s][info][gc,stats    ] Concurrent Weak References          173 us, parallelism: 0.60x
[7.583s][info][gc,stats    ]   CWRF: <total>                     104 us
[7.583s][info][gc,stats    ]   CWRF: Weak References             104 us, workers (us): 103,   1, ---, ---, ---, ---, ---, ---, 
[7.583s][info][gc,stats    ] Concurrent Weak Roots               742 us
[7.583s][info][gc,stats    ]   Roots                             684 us, parallelism: 0.93x
[7.583s][info][gc,stats    ]     CWR: <total>                    638 us
[7.583s][info][gc,stats    ]     CWR: VM Weak Roots              638 us, workers (us): 638,   0, ---, ---, ---, ---, ---, ---, 
[7.583s][info][gc,stats    ]   Rendezvous                         23 us
[7.583s][info][gc,stats    ] Concurrent Cleanup                  129 us
[7.583s][info][gc,stats    ] Concurrent Strong Roots            1669 us, parallelism: 0.95x
[7.583s][info][gc,stats    ]   CSR: <total>                     1586 us
[7.583s][info][gc,stats    ]   CSR: Code Cache Roots            1248 us, workers (us): 1248,   0, ---, ---, ---, ---, ---, ---, 
[7.583s][info][gc,stats    ]   CSR: VM Strong Roots               12 us, workers (us):  12,   0, ---, ---, ---, ---, ---, ---, 
[7.583s][info][gc,stats    ]   CSR: CLDG Roots                   326 us, workers (us): 326, ---, ---, ---, ---, ---, ---, ---, 
[7.583s][info][gc,stats    ] Concurrent Evacuation             24669 us
[7.583s][info][gc,stats    ] Pause Init Update Refs (G)           70 us
[7.583s][info][gc,stats    ] Pause Init Update Refs (N)           38 us
[7.583s][info][gc,stats    ]   Manage GCLABs                       6 us
[7.583s][info][gc,stats    ] Concurrent Update Refs            22607 us
[7.583s][info][gc,stats    ] Concurrent Update Thread Roots      175 us
[7.583s][info][gc,stats    ] Pause Final Update Refs (G)         147 us
[7.583s][info][gc,stats    ] Pause Final Update Refs (N)         126 us
[7.583s][info][gc,stats    ]   Update Region States               37 us
[7.583s][info][gc,stats    ]   Trash Collection Set                4 us
[7.583s][info][gc,stats    ]   Rebuild Free Set                   53 us
[7.583s][info][gc,stats    ] Concurrent Cleanup                   83 us
[7.583s][info][gc,stats    ] 
[7.583s][info][gc,stats    ] Allocation pacing accrued:
[7.583s][info][gc,stats    ]       0 of    89 ms (  0.0%): <total>
[7.583s][info][gc,stats    ]       0 of    89 ms (  0.0%): <average total>
[7.583s][info][gc,stats    ] 
[7.583s][info][gc,metaspace] Metaspace: 24695K(25024K)->24695K(25024K) NonClass: 21956K(22144K)->21956K(22144K) Class: 2738K(2880K)->2738K(2880K)
[7.583s][info][gc,ergo     ] Pacer for Idle. Initial: 40642K, Alloc Tax Rate: 1.0x
[7.584s][info][gc          ] Trigger: Start next cycle immediately
[7.584s][info][gc,ergo     ] Free: 1815M, Max: 512K regular, 1810M humongous, Frag: 1% external, 0% internal; Reserve: 101888K, Max: 512K
[7.584s][info][gc,start    ] GC(204) Concurrent reset
[7.584s][info][gc,task     ] GC(204) Using 2 of 8 workers for concurrent reset
[7.584s][info][gc,ergo     ] GC(204) Pacer for Reset. Non-Taxable: 1984M
[7.585s][info][gc          ] GC(204) Concurrent reset 0.489ms
[7.585s][info][gc,start    ] GC(204) Pause Init Mark (unload classes)
[7.585s][info][gc,task     ] GC(204) Using 8 of 8 workers for init marking
[7.585s][info][gc,ergo     ] GC(204) Pacer for Mark. Expected Live: 66153K, Free: 1815M, Non-Taxable: 181M, Alloc Tax Rate: 0.0x
[7.585s][info][gc          ] GC(204) Pause Init Mark (unload classes) 0.042ms
[7.585s][info][gc,start    ] GC(204) Concurrent marking roots
[7.585s][info][gc,task     ] GC(204) Using 2 of 8 workers for concurrent marking roots
[7.585s][info][gc          ] GC(204) Concurrent marking roots 0.205ms
[7.585s][info][gc,start    ] GC(204) Concurrent marking (unload classes)
[7.585s][info][gc,task     ] GC(204) Using 2 of 8 workers for concurrent marking
[7.618s][info][gc          ] GC(204) Concurrent marking (unload classes) 33.458ms
[7.618s][info][gc,start    ] GC(204) Pause Final Mark (unload classes)
[7.618s][info][gc,task     ] GC(204) Using 8 of 8 workers for final marking
[7.619s][info][gc,ergo     ] GC(204) Collectable Garbage: 2785K (100%), Immediate: 512K (18%), CSet: 2273K (81%)
[7.619s][info][gc,ergo     ] GC(204) Pacer for Evacuation. Used CSet: 62455K, Free: 1815M, Non-Taxable: 181M, Alloc Tax Rate: 1.1x
[7.619s][info][gc          ] GC(204) Pause Final Mark (unload classes) 0.294ms
[7.619s][info][gc,start    ] GC(204) Concurrent thread roots
[7.619s][info][gc,task     ] GC(204) Using 2 of 8 workers for Concurrent thread roots
[7.619s][info][gc          ] GC(204) Concurrent thread roots 0.155ms
[7.619s][info][gc,start    ] GC(204) Concurrent weak references
[7.619s][info][gc,task     ] GC(204) Using 2 of 8 workers for concurrent weak references
[7.619s][info][gc,ref      ] GC(204) Encountered references: Soft: 4021, Weak: 1712, Final: 4, Phantom: 592
[7.619s][info][gc,ref      ] GC(204) Discovered  references: Soft: 0, Weak: 278, Final: 0, Phantom: 204
[7.619s][info][gc,ref      ] GC(204) Enqueued    references: Soft: 0, Weak: 0, Final: 0, Phantom: 0
[7.619s][info][gc          ] GC(204) Concurrent weak references 0.082ms
[7.619s][info][gc,start    ] GC(204) Concurrent weak roots
[7.619s][info][gc,task     ] GC(204) Using 2 of 8 workers for concurrent weak root
[7.620s][info][gc          ] GC(204) Concurrent weak roots 1.601ms
[7.621s][info][gc,start    ] GC(204) Concurrent cleanup
[7.621s][info][gc          ] GC(204) Concurrent cleanup 68M->68M(246M) 0.105ms
[7.621s][info][gc,ergo     ] GC(204) Free: 1814M, Max: 512K regular, 1810M humongous, Frag: 1% external, 0% internal; Reserve: 101373K, Max: 512K
[7.621s][info][gc,start    ] GC(204) Concurrent class unloading
[7.621s][info][gc,task     ] GC(204) Using 2 of 8 workers for concurrent class unloading
[7.622s][info][gc          ] GC(204) Concurrent class unloading 1.661ms
[7.622s][info][gc,start    ] GC(204) Concurrent strong roots
[7.622s][info][gc,task     ] GC(204) Using 2 of 8 workers for concurrent strong root
[7.623s][info][gc          ] GC(204) Concurrent strong roots 0.413ms
[7.623s][info][gc,start    ] GC(204) Concurrent evacuation
[7.623s][info][gc,task     ] GC(204) Using 2 of 8 workers for concurrent evacuation
[7.644s][info][gc          ] GC(204) Concurrent evacuation 21.294ms
[7.644s][info][gc,start    ] GC(204) Pause Init Update Refs
[7.644s][info][gc,ergo     ] GC(204) Pacer for Update Refs. Used: 128M, Free: 1814M, Non-Taxable: 181M, Alloc Tax Rate: 1.1x
[7.644s][info][gc          ] GC(204) Pause Init Update Refs 0.033ms
[7.644s][info][gc,start    ] GC(204) Concurrent update references
[7.644s][info][gc,task     ] GC(204) Using 2 of 8 workers for concurrent reference update
[7.669s][info][gc          ] GC(204) Concurrent update references 24.241ms
[7.669s][info][gc,start    ] GC(204) Concurrent update thread roots
[7.669s][info][gc          ] GC(204) Concurrent update thread roots 0.202ms
[7.669s][info][gc,start    ] GC(204) Pause Final Update Refs
[7.669s][info][gc,task     ] GC(204) Using 8 of 8 workers for final reference update
[7.669s][info][gc          ] GC(204) Pause Final Update Refs 0.083ms
[7.669s][info][gc,start    ] GC(204) Concurrent cleanup
[7.669s][info][gc          ] GC(204) Concurrent cleanup 128M->67M(246M) 0.080ms
[7.669s][info][gc,ergo     ] Free: 1814M, Max: 512K regular, 1809M humongous, Frag: 1% external, 0% internal; Reserve: 101888K, Max: 512K
[7.669s][info][gc,stats    ] 
[7.669s][info][gc,stats    ] All times are wall-clock times, except per-root-class counters, that are sum over
[7.669s][info][gc,stats    ] all workers. Dividing the <total> over the root stage time estimates parallelism.
[7.669s][info][gc,stats    ] 
[7.669s][info][gc,stats    ] Concurrent Reset                    503 us
[7.669s][info][gc,stats    ] Pause Init Mark (G)                  72 us
[7.669s][info][gc,stats    ] Pause Init Mark (N)                  49 us
[7.669s][info][gc,stats    ]   Update Region States               11 us
[7.669s][info][gc,stats    ] Concurrent Mark Roots               215 us, parallelism: 0.94x
[7.669s][info][gc,stats    ]   CMR: <total>                      202 us
[7.669s][info][gc,stats    ]   CMR: Thread Roots                 109 us, workers (us):  22,  86, ---, ---, ---, ---, ---, ---, 
[7.669s][info][gc,stats    ]   CMR: VM Strong Roots                7 us, workers (us):   6,   1, ---, ---, ---, ---, ---, ---, 
[7.669s][info][gc,stats    ]   CMR: CLDG Roots                    87 us, workers (us):  87, ---, ---, ---, ---, ---, ---, ---, 
[7.669s][info][gc,stats    ] Concurrent Marking                33485 us
[7.669s][info][gc,stats    ] Pause Final Mark (G)                325 us
[7.669s][info][gc,stats    ] Pause Final Mark (N)                305 us
[7.669s][info][gc,stats    ]   Finish Mark                       144 us
[7.669s][info][gc,stats    ]   Update Region States               28 us
[7.669s][info][gc,stats    ]   Choose Collection Set              74 us
[7.669s][info][gc,stats    ]   Rebuild Free Set                   16 us
[7.669s][info][gc,stats    ] Concurrent Thread Roots             167 us, parallelism: 0.75x
[7.669s][info][gc,stats    ]   CTR: <total>                      125 us
[7.669s][info][gc,stats    ]   CTR: Thread Roots                 125 us, workers (us): 124,   0, ---, ---, ---, ---, ---, ---, 
[7.669s][info][gc,stats    ] Concurrent Weak References           92 us, parallelism: 0.61x
[7.669s][info][gc,stats    ]   CWRF: <total>                      56 us
[7.669s][info][gc,stats    ]   CWRF: Weak References              56 us, workers (us):  29,  27, ---, ---, ---, ---, ---, ---, 
[7.669s][info][gc,stats    ] Concurrent Weak Roots              1623 us
[7.669s][info][gc,stats    ]   Roots                            1553 us, parallelism: 0.94x
[7.669s][info][gc,stats    ]     CWR: <total>                   1464 us
[7.669s][info][gc,stats    ]     CWR: Code Cache Roots           805 us, workers (us): 805,   0, ---, ---, ---, ---, ---, ---, 
[7.669s][info][gc,stats    ]     CWR: VM Weak Roots              641 us, workers (us): 641,   0, ---, ---, ---, ---, ---, ---, 
[7.669s][info][gc,stats    ]     CWR: CLDG Roots                  17 us, workers (us):  17, ---, ---, ---, ---, ---, ---, ---, 
[7.669s][info][gc,stats    ]   Rendezvous                         23 us
[7.669s][info][gc,stats    ] Concurrent Cleanup                  115 us
[7.669s][info][gc,stats    ] Concurrent Class Unloading         1683 us
[7.669s][info][gc,stats    ]   Unlink Stale                     1614 us
[7.669s][info][gc,stats    ]     System Dictionary                57 us
[7.669s][info][gc,stats    ]     Weak Class Links                  0 us
[7.669s][info][gc,stats    ]     Code Roots                     1555 us
[7.669s][info][gc,stats    ]   Rendezvous                         20 us
[7.669s][info][gc,stats    ]   Purge Unlinked                      5 us
[7.670s][info][gc,stats    ]     Code Roots                        1 us
[7.670s][info][gc,stats    ]     CLDG                              4 us
[7.670s][info][gc,stats    ]     Exception Caches                  0 us
[7.670s][info][gc,stats    ] Concurrent Strong Roots             423 us, parallelism: 0.86x
[7.670s][info][gc,stats    ]   CSR: <total>                      366 us
[7.670s][info][gc,stats    ]   CSR: VM Strong Roots               12 us, workers (us):  11,   1, ---, ---, ---, ---, ---, ---, 
[7.670s][info][gc,stats    ]   CSR: CLDG Roots                   354 us, workers (us): ---, 354, ---, ---, ---, ---, ---, ---, 
[7.670s][info][gc,stats    ] Concurrent Evacuation             21402 us
[7.670s][info][gc,stats    ] Pause Init Update Refs (G)           90 us
[7.670s][info][gc,stats    ] Pause Init Update Refs (N)           42 us
[7.670s][info][gc,stats    ]   Manage GCLABs                       8 us
[7.670s][info][gc,stats    ] Concurrent Update Refs            24274 us
[7.670s][info][gc,stats    ] Concurrent Update Thread Roots      221 us
[7.670s][info][gc,stats    ] Pause Final Update Refs (G)         113 us
[7.670s][info][gc,stats    ] Pause Final Update Refs (N)          93 us
[7.670s][info][gc,stats    ]   Update Region States               37 us
[7.670s][info][gc,stats    ]   Trash Collection Set                4 us
[7.670s][info][gc,stats    ]   Rebuild Free Set                   21 us
[7.670s][info][gc,stats    ] Concurrent Cleanup                   90 us
[7.670s][info][gc,stats    ] 
[7.670s][info][gc,stats    ] Allocation pacing accrued:
[7.670s][info][gc,stats    ]       0 of    87 ms (  0.0%): <total>
[7.670s][info][gc,stats    ]       0 of    87 ms (  0.0%): <average total>
[7.670s][info][gc,stats    ] 
[7.670s][info][gc,metaspace] Metaspace: 24695K(25024K)->24695K(25024K) NonClass: 21956K(22144K)->21956K(22144K) Class: 2738K(2880K)->2738K(2880K)
[7.670s][info][gc,ergo     ] Pacer for Idle. Initial: 40642K, Alloc Tax Rate: 1.0x
[7.671s][info][gc          ] Trigger: Start next cycle immediately
[7.671s][info][gc,ergo     ] Free: 1814M, Max: 512K regular, 1809M humongous, Frag: 1% external, 0% internal; Reserve: 101888K, Max: 512K
[7.671s][info][gc,start    ] GC(205) Concurrent reset
[7.671s][info][gc,task     ] GC(205) Using 2 of 8 workers for concurrent reset
[7.671s][info][gc,ergo     ] GC(205) Pacer for Reset. Non-Taxable: 1984M
[7.671s][info][gc          ] GC(205) Concurrent reset 0.393ms
[7.671s][info][gc,start    ] GC(205) Pause Init Mark (unload classes)
[7.671s][info][gc,task     ] GC(205) Using 8 of 8 workers for init marking
[7.671s][info][gc,ergo     ] GC(205) Pacer for Mark. Expected Live: 66153K, Free: 1814M, Non-Taxable: 181M, Alloc Tax Rate: 0.0x
[7.671s][info][gc          ] GC(205) Pause Init Mark (unload classes) 0.047ms
[7.671s][info][gc,start    ] GC(205) Concurrent marking roots
[7.671s][info][gc,task     ] GC(205) Using 2 of 8 workers for concurrent marking roots
[7.672s][info][gc          ] GC(205) Concurrent marking roots 0.204ms
[7.672s][info][gc,start    ] GC(205) Concurrent marking (unload classes)
[7.672s][info][gc,task     ] GC(205) Using 2 of 8 workers for concurrent marking
[7.702s][info][gc          ] GC(205) Concurrent marking (unload classes) 30.789ms
[7.703s][info][gc,start    ] GC(205) Pause Final Mark (unload classes)
[7.703s][info][gc,task     ] GC(205) Using 8 of 8 workers for final marking
[7.709s][info][gc,ergo     ] GC(205) Collectable Garbage: 3140K (100%), Immediate: 512K (16%), CSet: 2628K (83%)
[7.709s][info][gc,ergo     ] GC(205) Pacer for Evacuation. Used CSet: 62809K, Free: 1814M, Non-Taxable: 181M, Alloc Tax Rate: 1.1x
[7.709s][info][gc          ] GC(205) Pause Final Mark (unload classes) 6.274ms
[7.709s][info][gc,start    ] GC(205) Concurrent thread roots
[7.709s][info][gc,task     ] GC(205) Using 2 of 8 workers for Concurrent thread roots
[7.709s][info][gc          ] GC(205) Concurrent thread roots 0.157ms
[7.709s][info][gc,start    ] GC(205) Concurrent weak references
[7.709s][info][gc,task     ] GC(205) Using 2 of 8 workers for concurrent weak references
[7.709s][info][gc,ref      ] GC(205) Encountered references: Soft: 4021, Weak: 1712, Final: 4, Phantom: 592
[7.709s][info][gc,ref      ] GC(205) Discovered  references: Soft: 0, Weak: 278, Final: 0, Phantom: 204
[7.709s][info][gc,ref      ] GC(205) Enqueued    references: Soft: 0, Weak: 0, Final: 0, Phantom: 0
[7.709s][info][gc          ] GC(205) Concurrent weak references 0.088ms
[7.709s][info][gc,start    ] GC(205) Concurrent weak roots
[7.709s][info][gc,task     ] GC(205) Using 2 of 8 workers for concurrent weak root
[7.710s][info][gc          ] GC(205) Concurrent weak roots 0.954ms
[7.710s][info][gc,start    ] GC(205) Concurrent cleanup
[7.710s][info][gc          ] GC(205) Concurrent cleanup 69M->68M(246M) 0.142ms
[7.710s][info][gc,ergo     ] GC(205) Free: 1814M, Max: 512K regular, 1809M humongous, Frag: 1% external, 0% internal; Reserve: 101376K, Max: 512K
[7.710s][info][gc,start    ] GC(205) Concurrent class unloading
[7.710s][info][gc,task     ] GC(205) Using 2 of 8 workers for concurrent class unloading
[7.712s][info][gc          ] GC(205) Concurrent class unloading 1.437ms
[7.712s][info][gc,start    ] GC(205) Concurrent strong roots
[7.712s][info][gc,task     ] GC(205) Using 2 of 8 workers for concurrent strong root
[7.712s][info][gc          ] GC(205) Concurrent strong roots 0.389ms
[7.712s][info][gc,start    ] GC(205) Concurrent evacuation
[7.712s][info][gc,task     ] GC(205) Using 2 of 8 workers for concurrent evacuation
[7.729s][info][gc          ] GC(205) Concurrent evacuation 16.421ms
[7.729s][info][gc,start    ] GC(205) Pause Init Update Refs
[7.729s][info][gc,ergo     ] GC(205) Pacer for Update Refs. Used: 128M, Free: 1813M, Non-Taxable: 181M, Alloc Tax Rate: 1.1x
[7.729s][info][gc          ] GC(205) Pause Init Update Refs 0.026ms
[7.729s][info][gc,start    ] GC(205) Concurrent update references
[7.729s][info][gc,task     ] GC(205) Using 2 of 8 workers for concurrent reference update
[7.751s][info][gc          ] GC(205) Concurrent update references 22.017ms
[7.751s][info][gc,start    ] GC(205) Concurrent update thread roots
[7.751s][info][gc          ] GC(205) Concurrent update thread roots 0.155ms
[7.751s][info][gc,start    ] GC(205) Pause Final Update Refs
[7.751s][info][gc,task     ] GC(205) Using 8 of 8 workers for final reference update
[7.751s][info][gc          ] GC(205) Pause Final Update Refs 0.077ms
[7.751s][info][gc,start    ] GC(205) Concurrent cleanup
[7.751s][info][gc          ] GC(205) Concurrent cleanup 128M->67M(246M) 0.091ms
[7.751s][info][gc,ergo     ] Free: 1815M, Max: 512K regular, 1810M humongous, Frag: 1% external, 0% internal; Reserve: 101888K, Max: 512K
[7.751s][info][gc,stats    ] 
[7.751s][info][gc,stats    ] All times are wall-clock times, except per-root-class counters, that are sum over
[7.751s][info][gc,stats    ] all workers. Dividing the <total> over the root stage time estimates parallelism.
[7.751s][info][gc,stats    ] 
[7.751s][info][gc,stats    ] Concurrent Reset                    406 us
[7.751s][info][gc,stats    ] Pause Init Mark (G)                  86 us
[7.751s][info][gc,stats    ] Pause Init Mark (N)                  65 us
[7.751s][info][gc,stats    ]   Update Region States               15 us
[7.751s][info][gc,stats    ] Concurrent Mark Roots               214 us, parallelism: 0.95x
[7.751s][info][gc,stats    ]   CMR: <total>                      203 us
[7.751s][info][gc,stats    ]   CMR: Thread Roots                 106 us, workers (us):  15,  92, ---, ---, ---, ---, ---, ---, 
[7.751s][info][gc,stats    ]   CMR: VM Strong Roots                6 us, workers (us):   6,   0, ---, ---, ---, ---, ---, ---, 
[7.751s][info][gc,stats    ]   CMR: CLDG Roots                    91 us, workers (us):  91, ---, ---, ---, ---, ---, ---, ---, 
[7.751s][info][gc,stats    ] Concurrent Marking                30821 us
[7.751s][info][gc,stats    ] Pause Final Mark (G)               6306 us
[7.751s][info][gc,stats    ] Pause Final Mark (N)               6282 us
[7.751s][info][gc,stats    ]   Finish Mark                      6131 us
[7.751s][info][gc,stats    ]   Update Region States               39 us
[7.751s][info][gc,stats    ]   Choose Collection Set              54 us
[7.751s][info][gc,stats    ]   Rebuild Free Set                   16 us
[7.751s][info][gc,stats    ] Concurrent Thread Roots             170 us, parallelism: 0.93x
[7.751s][info][gc,stats    ]   CTR: <total>                      158 us
[7.751s][info][gc,stats    ]   CTR: Thread Roots                 158 us, workers (us):  84,  74, ---, ---, ---, ---, ---, ---, 
[7.751s][info][gc,stats    ] Concurrent Weak References           93 us, parallelism: 0.62x
[7.751s][info][gc,stats    ]   CWRF: <total>                      58 us
[7.751s][info][gc,stats    ]   CWRF: Weak References              58 us, workers (us):  34,  23, ---, ---, ---, ---, ---, ---, 
[7.751s][info][gc,stats    ] Concurrent Weak Roots               976 us
[7.751s][info][gc,stats    ]   Roots                             911 us, parallelism: 1.86x
[7.751s][info][gc,stats    ]     CWR: <total>                   1697 us
[7.751s][info][gc,stats    ]     CWR: Code Cache Roots           989 us, workers (us): 505, 484, ---, ---, ---, ---, ---, ---, 
[7.751s][info][gc,stats    ]     CWR: VM Weak Roots              686 us, workers (us): 343, 342, ---, ---, ---, ---, ---, ---, 
[7.751s][info][gc,stats    ]     CWR: CLDG Roots                  22 us, workers (us): ---,  22, ---, ---, ---, ---, ---, ---, 
[7.751s][info][gc,stats    ]   Rendezvous                         26 us
[7.751s][info][gc,stats    ] Concurrent Cleanup                  151 us
[7.751s][info][gc,stats    ] Concurrent Class Unloading         1458 us
[7.751s][info][gc,stats    ]   Unlink Stale                     1391 us
[7.752s][info][gc,stats    ]     System Dictionary                66 us
[7.752s][info][gc,stats    ]     Weak Class Links                  0 us
[7.752s][info][gc,stats    ]     Code Roots                     1323 us
[7.752s][info][gc,stats    ]   Rendezvous                         21 us
[7.752s][info][gc,stats    ]   Purge Unlinked                      5 us
[7.752s][info][gc,stats    ]     Code Roots                        1 us
[7.752s][info][gc,stats    ]     CLDG                              4 us
[7.752s][info][gc,stats    ]     Exception Caches                  0 us
[7.752s][info][gc,stats    ] Concurrent Strong Roots             407 us, parallelism: 0.87x
[7.752s][info][gc,stats    ]   CSR: <total>                      353 us
[7.752s][info][gc,stats    ]   CSR: VM Strong Roots               14 us, workers (us):   8,   6, ---, ---, ---, ---, ---, ---, 
[7.752s][info][gc,stats    ]   CSR: CLDG Roots                   339 us, workers (us): 339, ---, ---, ---, ---, ---, ---, ---, 
[7.752s][info][gc,stats    ] Concurrent Evacuation             16450 us
[7.752s][info][gc,stats    ] Pause Init Update Refs (G)           60 us
[7.752s][info][gc,stats    ] Pause Init Update Refs (N)           34 us
[7.752s][info][gc,stats    ]   Manage GCLABs                       5 us
[7.752s][info][gc,stats    ] Concurrent Update Refs            22055 us
[7.752s][info][gc,stats    ] Concurrent Update Thread Roots      165 us
[7.752s][info][gc,stats    ] Pause Final Update Refs (G)         105 us
[7.752s][info][gc,stats    ] Pause Final Update Refs (N)          86 us
[7.752s][info][gc,stats    ]   Update Region States               35 us
[7.752s][info][gc,stats    ]   Trash Collection Set                3 us
[7.752s][info][gc,stats    ]   Rebuild Free Set                   19 us
[7.752s][info][gc,stats    ] Concurrent Cleanup                  101 us
[7.752s][info][gc,stats    ] 
[7.752s][info][gc,stats    ] Allocation pacing accrued:
[7.752s][info][gc,stats    ]       0 of    82 ms (  0.0%): <total>
[7.752s][info][gc,stats    ]       0 of    82 ms (  0.0%): <average total>
[7.752s][info][gc,stats    ] 
[7.752s][info][gc,metaspace] Metaspace: 24695K(25024K)->24695K(25024K) NonClass: 21956K(22144K)->21956K(22144K) Class: 2738K(2880K)->2738K(2880K)
[7.752s][info][gc,ergo     ] Pacer for Idle. Initial: 40642K, Alloc Tax Rate: 1.0x
[7.753s][info][gc          ] Trigger: Start next cycle immediately
[7.753s][info][gc,ergo     ] Free: 1815M, Max: 512K regular, 1810M humongous, Frag: 1% external, 0% internal; Reserve: 101888K, Max: 512K
[7.753s][info][gc,start    ] GC(206) Concurrent reset
[7.753s][info][gc,task     ] GC(206) Using 2 of 8 workers for concurrent reset
[7.753s][info][gc,ergo     ] GC(206) Pacer for Reset. Non-Taxable: 1984M
[7.753s][info][gc          ] GC(206) Concurrent reset 0.373ms
[7.753s][info][gc,start    ] GC(206) Pause Init Mark
[7.753s][info][gc,task     ] GC(206) Using 8 of 8 workers for init marking
[7.753s][info][gc,ergo     ] GC(206) Pacer for Mark. Expected Live: 66153K, Free: 1815M, Non-Taxable: 181M, Alloc Tax Rate: 0.0x
[7.753s][info][gc          ] GC(206) Pause Init Mark 0.046ms
[7.753s][info][gc,start    ] GC(206) Concurrent marking roots
[7.753s][info][gc,task     ] GC(206) Using 2 of 8 workers for concurrent marking roots
[7.754s][info][gc          ] GC(206) Concurrent marking roots 0.836ms
[7.754s][info][gc,start    ] GC(206) Concurrent marking
[7.754s][info][gc,task     ] GC(206) Using 2 of 8 workers for concurrent marking
[7.781s][info][gc          ] GC(206) Concurrent marking 26.645ms
[7.781s][info][gc,start    ] GC(206) Pause Final Mark
[7.781s][info][gc,task     ] GC(206) Using 8 of 8 workers for final marking
[7.787s][info][gc,ergo     ] GC(206) Collectable Garbage: 2785K (100%), Immediate: 512K (18%), CSet: 2273K (81%)
[7.787s][info][gc,ergo     ] GC(206) Pacer for Evacuation. Used CSet: 62454K, Free: 1815M, Non-Taxable: 181M, Alloc Tax Rate: 1.1x
[7.787s][info][gc          ] GC(206) Pause Final Mark 6.265ms
[7.787s][info][gc,start    ] GC(206) Concurrent thread roots
[7.787s][info][gc,task     ] GC(206) Using 2 of 8 workers for Concurrent thread roots
[7.787s][info][gc          ] GC(206) Concurrent thread roots 0.110ms
[7.787s][info][gc,start    ] GC(206) Concurrent weak references
[7.787s][info][gc,task     ] GC(206) Using 2 of 8 workers for concurrent weak references
