[0.007s][info][gc,init] Initializing The Z Garbage Collector
[0.007s][info][gc,init] Version: 21.0.7+6-Ubuntu-0ubuntu122.04 (release)
[0.007s][info][gc,init] Using legacy single-generation mode
[0.007s][info][gc,init] NUMA Support: Disabled
[0.007s][info][gc,init] CPUs: 4 total, 4 available
[0.007s][info][gc,init] Memory: 7937M
[0.007s][info][gc,init] Large Page Support: Disabled
[0.007s][info][gc,init] GC Workers: 2 (dynamic)
[0.024s][info][gc,init] Address Space Type: Contiguous/Unrestricted/Complete
[0.024s][info][gc,init] Address Space Size: 31776M x 3 = 95328M
[0.024s][info][gc,init] Heap Backing File: /memfd:java_heap
[0.024s][info][gc,init] Heap Backing Filesystem: tmpfs (0x1021994)
[0.031s][info][gc,init] Min Capacity: 8M
[0.031s][info][gc,init] Initial Capacity: 126M
[0.031s][info][gc,init] Max Capacity: 1986M
[0.031s][info][gc,init] Medium Page Size: 32M
[0.031s][info][gc,init] Pre-touch: Disabled
[0.031s][info][gc,init] Available space on backing filesystem: N/A
[0.031s][info][gc,init] Uncommit: Disabled
[0.144s][info][gc,init] Runtime Workers: 8
[0.146s][info][gc     ] Using The Z Garbage Collector
[0.168s][info][gc,metaspace] CDS archive(s) mapped at: [0x00007f1e6b000000-0x00007f1e6bc98000-0x00007f1e6bc98000), size 13205504, SharedBaseAddress: 0x00007f1e6b000000, ArchiveRelocationMode: 1.
[0.168s][info][gc,metaspace] Compressed class space mapped at: 0x00007f1e6c000000-0x00007f1eac000000, reserved size: 1073741824
[0.168s][info][gc,metaspace] Narrow klass base: 0x00007f1e6b000000, Narrow klass shift: 0, Narrow klass range: 0x100000000
[2.118s][info][gc,start    ] GC(0) Garbage Collection (Metadata GC Threshold)
[2.118s][info][gc,task     ] GC(0) Using 2 workers
[2.118s][info][gc,phases   ] GC(0) Pause Mark Start 0.038ms
[2.146s][info][gc,phases   ] GC(0) Concurrent Mark 28.010ms
[2.146s][info][gc,phases   ] GC(0) Pause Mark End 0.030ms
[2.146s][info][gc,phases   ] GC(0) Concurrent Mark Free 0.007ms
[2.162s][info][gc,phases   ] GC(0) Concurrent Process Non-Strong References 15.294ms
[2.162s][info][gc,phases   ] GC(0) Concurrent Reset Relocation Set 0.003ms
[2.168s][info][gc,phases   ] GC(0) Concurrent Select Relocation Set 6.714ms
[2.169s][info][gc,phases   ] GC(0) Pause Relocate Start 0.025ms
[2.184s][info][gc,phases   ] GC(0) Concurrent Relocate 15.861ms
[2.185s][info][gc,load     ] GC(0) Load: 1.79/1.09/0.74
[2.185s][info][gc,mmu      ] GC(0) MMU: 2ms/98.1%, 5ms/99.2%, 10ms/99.6%, 20ms/99.8%, 50ms/99.9%, 100ms/99.9%
[2.185s][info][gc,marking  ] GC(0) Mark: 2 stripe(s), 3 proactive flush(es), 1 terminate flush(es), 0 completion(s), 0 continuation(s) 
[2.185s][info][gc,marking  ] GC(0) Mark Stack Usage: 32M
[2.185s][info][gc,nmethod  ] GC(0) NMethods: 2136 registered, 418 unregistered
[2.185s][info][gc,metaspace] GC(0) Metaspace: 21M used, 21M committed, 1088M reserved
[2.185s][info][gc,ref      ] GC(0) Soft: 3964 encountered, 0 discovered, 0 enqueued
[2.185s][info][gc,ref      ] GC(0) Weak: 2207 encountered, 1231 discovered, 482 enqueued
[2.185s][info][gc,ref      ] GC(0) Final: 5 encountered, 1 discovered, 0 enqueued
[2.185s][info][gc,ref      ] GC(0) Phantom: 765 encountered, 534 discovered, 81 enqueued
[2.185s][info][gc,reloc    ] GC(0) Small Pages: 55 / 110M, Empty: 0M, Relocated: 13M, In-Place: 0
[2.185s][info][gc,reloc    ] GC(0) Medium Pages: 1 / 32M, Empty: 0M, Relocated: 0M, In-Place: 0
[2.185s][info][gc,reloc    ] GC(0) Large Pages: 0 / 0M, Empty: 0M, Relocated: 0M, In-Place: 0
[2.185s][info][gc,reloc    ] GC(0) Forwarding Usage: 4M
[2.185s][info][gc,heap     ] GC(0) Min Capacity: 8M(0%)
[2.185s][info][gc,heap     ] GC(0) Max Capacity: 1986M(100%)
[2.185s][info][gc,heap     ] GC(0) Soft Max Capacity: 1986M(100%)
[2.185s][info][gc,heap     ] GC(0)                Mark Start          Mark End        Relocate Start      Relocate End           High               Low         
[2.185s][info][gc,heap     ] GC(0)  Capacity:      142M (7%)          144M (7%)          154M (8%)          158M (8%)          158M (8%)          142M (7%)     
[2.185s][info][gc,heap     ] GC(0)      Free:     1844M (93%)        1842M (93%)        1832M (92%)        1920M (97%)        1920M (97%)        1828M (92%)    
[2.185s][info][gc,heap     ] GC(0)      Used:      142M (7%)          144M (7%)          154M (8%)           66M (3%)          158M (8%)           66M (3%)     
[2.185s][info][gc,heap     ] GC(0)      Live:         -                22M (1%)           22M (1%)           22M (1%)             -                  -          
[2.185s][info][gc,heap     ] GC(0) Allocated:         -                 2M (0%)           12M (1%)           11M (1%)             -                  -          
[2.185s][info][gc,heap     ] GC(0)   Garbage:         -               119M (6%)          119M (6%)           31M (2%)             -                  -          
[2.185s][info][gc,heap     ] GC(0) Reclaimed:         -                  -                 0M (0%)           87M (4%)             -                  -          
[2.185s][info][gc          ] GC(0) Garbage Collection (Metadata GC Threshold) 142M(7%)->66M(3%)
[2.799s][info][gc,start    ] GC(1) Garbage Collection (Warmup)
[2.799s][info][gc,task     ] GC(1) Using 2 workers
[2.799s][info][gc,phases   ] GC(1) Pause Mark Start 0.028ms
[2.935s][info][gc,phases   ] GC(1) Concurrent Mark 135.772ms
[2.935s][info][gc,phases   ] GC(1) Pause Mark End 0.033ms
[2.935s][info][gc,phases   ] GC(1) Concurrent Mark Free 0.008ms
[2.940s][info][gc,phases   ] GC(1) Concurrent Process Non-Strong References 4.897ms
[2.940s][info][gc,phases   ] GC(1) Concurrent Reset Relocation Set 0.009ms
[2.941s][info][gc,phases   ] GC(1) Concurrent Select Relocation Set 1.449ms
[2.943s][info][gc,phases   ] GC(1) Pause Relocate Start 0.023ms
[3.002s][info][gc,phases   ] GC(1) Concurrent Relocate 58.907ms
[3.002s][info][gc,load     ] GC(1) Load: 1.79/1.09/0.74
[3.002s][info][gc,mmu      ] GC(1) MMU: 2ms/98.1%, 5ms/99.2%, 10ms/99.4%, 20ms/99.7%, 50ms/99.9%, 100ms/99.9%
[3.002s][info][gc,marking  ] GC(1) Mark: 2 stripe(s), 4 proactive flush(es), 1 terminate flush(es), 0 completion(s), 0 continuation(s) 
[3.002s][info][gc,marking  ] GC(1) Mark Stack Usage: 32M
[3.002s][info][gc,nmethod  ] GC(1) NMethods: 2602 registered, 126 unregistered
[3.002s][info][gc,metaspace] GC(1) Metaspace: 29M used, 30M committed, 1088M reserved
[3.002s][info][gc,ref      ] GC(1) Soft: 4348 encountered, 0 discovered, 0 enqueued
[3.002s][info][gc,ref      ] GC(1) Weak: 2592 encountered, 1084 discovered, 341 enqueued
[3.002s][info][gc,ref      ] GC(1) Final: 5 encountered, 0 discovered, 0 enqueued
[3.002s][info][gc,ref      ] GC(1) Phantom: 771 encountered, 746 discovered, 291 enqueued
[3.002s][info][gc,reloc    ] GC(1) Small Pages: 69 / 138M, Empty: 0M, Relocated: 6M, In-Place: 0
[3.002s][info][gc,reloc    ] GC(1) Medium Pages: 2 / 64M, Empty: 0M, Relocated: 8M, In-Place: 0
[3.002s][info][gc,reloc    ] GC(1) Large Pages: 0 / 0M, Empty: 0M, Relocated: 0M, In-Place: 0
[3.002s][info][gc,reloc    ] GC(1) Forwarding Usage: 2M
[3.002s][info][gc,heap     ] GC(1) Min Capacity: 8M(0%)
[3.002s][info][gc,heap     ] GC(1) Max Capacity: 1986M(100%)
[3.002s][info][gc,heap     ] GC(1) Soft Max Capacity: 1986M(100%)
[3.002s][info][gc,heap     ] GC(1)                Mark Start          Mark End        Relocate Start      Relocate End           High               Low         
[3.002s][info][gc,heap     ] GC(1)  Capacity:      202M (10%)         212M (11%)         214M (11%)         278M (14%)         278M (14%)         202M (10%)    
[3.002s][info][gc,heap     ] GC(1)      Free:     1784M (90%)        1774M (89%)        1772M (89%)        1818M (92%)        1818M (92%)        1708M (86%)    
[3.002s][info][gc,heap     ] GC(1)      Used:      202M (10%)         212M (11%)         214M (11%)         168M (8%)          278M (14%)         168M (8%)     
[3.002s][info][gc,heap     ] GC(1)      Live:         -                95M (5%)           95M (5%)           95M (5%)             -                  -          
[3.002s][info][gc,heap     ] GC(1) Allocated:         -                10M (1%)           12M (1%)           43M (2%)             -                  -          
[3.002s][info][gc,heap     ] GC(1)   Garbage:         -               106M (5%)          106M (5%)           28M (1%)             -                  -          
[3.002s][info][gc,heap     ] GC(1) Reclaimed:         -                  -                 0M (0%)           77M (4%)             -                  -          
[3.002s][info][gc          ] GC(1) Garbage Collection (Warmup) 202M(10%)->168M(8%)
[10.199s][info][gc,stats    ] === Garbage Collection Statistics =======================================================================================================================
[10.199s][info][gc,stats    ]                                                              Last 10s              Last 10m              Last 10h                Total
[10.199s][info][gc,stats    ]                                                              Avg / Max             Avg / Max             Avg / Max             Avg / Max
[10.199s][info][gc,stats    ]   Collector: Garbage Collection Cycle                    134.919 / 203.220     134.919 / 203.220     134.919 / 203.220     134.919 / 203.220     ms
[10.199s][info][gc,stats    ]  Contention: Mark Segment Reset Contention                     0 / 1                 0 / 1                 0 / 1                 0 / 1           ops/s
[10.199s][info][gc,stats    ]  Contention: Mark SeqNum Reset Contention                      0 / 0                 0 / 0                 0 / 0                 0 / 0           ops/s
[10.199s][info][gc,stats    ]    Critical: Allocation Stall                                  0 / 0                 0 / 0                 0 / 0                 0 / 0           ops/s
[10.199s][info][gc,stats    ]    Critical: Allocation Stall                              0.000 / 0.000         0.000 / 0.000         0.000 / 0.000         0.000 / 0.000       ms
[10.199s][info][gc,stats    ]    Critical: GC Locker Stall                                   0 / 0                 0 / 0                 0 / 0                 0 / 0           ops/s
[10.199s][info][gc,stats    ]    Critical: GC Locker Stall                               0.000 / 0.000         0.000 / 0.000         0.000 / 0.000         0.000 / 0.000       ms
[10.199s][info][gc,stats    ]    Critical: Relocation Stall                                  0 / 0                 0 / 0                 0 / 0                 0 / 0           ops/s
[10.199s][info][gc,stats    ]    Critical: Relocation Stall                              0.000 / 0.000         0.000 / 0.000         0.000 / 0.000         0.000 / 0.000       ms
[10.199s][info][gc,stats    ]      Memory: Allocation Rate                                  42 / 186              42 / 186              42 / 186              42 / 186         MB/s
[10.199s][info][gc,stats    ]      Memory: Defragment                                        1 / 14                1 / 14                1 / 14                1 / 14          ops/s
[10.199s][info][gc,stats    ]      Memory: Out Of Memory                                     0 / 0                 0 / 0                 0 / 0                 0 / 0           ops/s
[10.199s][info][gc,stats    ]      Memory: Page Cache Flush                                  3 / 28                3 / 28                3 / 28                3 / 28          MB/s
[10.199s][info][gc,stats    ]      Memory: Page Cache Hit L1                                 8 / 52                8 / 52                8 / 52                8 / 52          ops/s
[10.199s][info][gc,stats    ]      Memory: Page Cache Hit L2                                 0 / 0                 0 / 0                 0 / 0                 0 / 0           ops/s
[10.199s][info][gc,stats    ]      Memory: Page Cache Hit L3                                 6 / 25                6 / 25                6 / 25                6 / 25          ops/s
[10.199s][info][gc,stats    ]      Memory: Page Cache Miss                                   3 / 16                3 / 16                3 / 16                3 / 16          ops/s
[10.199s][info][gc,stats    ]      Memory: Uncommit                                          0 / 0                 0 / 0                 0 / 0                 0 / 0           MB/s
[10.199s][info][gc,stats    ]      Memory: Undo Object Allocation Failed                     0 / 0                 0 / 0                 0 / 0                 0 / 0           ops/s
[10.199s][info][gc,stats    ]      Memory: Undo Object Allocation Succeeded                  0 / 2                 0 / 2                 0 / 2                 0 / 2           ops/s
[10.199s][info][gc,stats    ]      Memory: Undo Page Allocation                              0 / 0                 0 / 0                 0 / 0                 0 / 0           ops/s
[10.199s][info][gc,stats    ]       Phase: Concurrent Mark                              81.891 / 135.772      81.891 / 135.772      81.891 / 135.772      81.891 / 135.772     ms
[10.199s][info][gc,stats    ]       Phase: Concurrent Mark Continue                      0.000 / 0.000         0.000 / 0.000         0.000 / 0.000         0.000 / 0.000       ms
[10.199s][info][gc,stats    ]       Phase: Concurrent Mark Free                          0.007 / 0.008         0.007 / 0.008         0.007 / 0.008         0.007 / 0.008       ms
[10.199s][info][gc,stats    ]       Phase: Concurrent Process Non-Strong References     10.096 / 15.294       10.096 / 15.294       10.096 / 15.294       10.096 / 15.294      ms
[10.199s][info][gc,stats    ]       Phase: Concurrent Relocate                          37.384 / 58.907       37.384 / 58.907       37.384 / 58.907       37.384 / 58.907      ms
[10.199s][info][gc,stats    ]       Phase: Concurrent Reset Relocation Set               0.006 / 0.009         0.006 / 0.009         0.006 / 0.009         0.006 / 0.009       ms
[10.199s][info][gc,stats    ]       Phase: Concurrent Select Relocation Set              4.081 / 6.714         4.081 / 6.714         4.081 / 6.714         4.081 / 6.714       ms
[10.199s][info][gc,stats    ]       Phase: Pause Mark End                                0.031 / 0.033         0.031 / 0.033         0.031 / 0.033         0.031 / 0.033       ms
[10.199s][info][gc,stats    ]       Phase: Pause Mark Start                              0.033 / 0.038         0.033 / 0.038         0.033 / 0.038         0.033 / 0.038       ms
[10.199s][info][gc,stats    ]       Phase: Pause Relocate Start                          0.024 / 0.025         0.024 / 0.025         0.024 / 0.025         0.024 / 0.025       ms
[10.199s][info][gc,stats    ]    Subphase: Concurrent Classes Purge                      1.242 / 1.962         1.242 / 1.962         1.242 / 1.962         1.242 / 1.962       ms
[10.199s][info][gc,stats    ]    Subphase: Concurrent Classes Unlink                     3.413 / 4.583         3.413 / 4.583         3.413 / 4.583         3.413 / 4.583       ms
[10.199s][info][gc,stats    ]    Subphase: Concurrent Mark                              78.911 / 133.931      78.911 / 133.931      78.911 / 133.931      78.911 / 133.931     ms
[10.199s][info][gc,stats    ]    Subphase: Concurrent Mark Try Flush                     0.538 / 2.142         0.538 / 2.142         0.538 / 2.142         0.538 / 2.142       ms
[10.199s][info][gc,stats    ]    Subphase: Concurrent Mark Try Terminate                 0.836 / 2.383         0.836 / 2.383         0.836 / 2.383         0.836 / 2.383       ms
[10.199s][info][gc,stats    ]    Subphase: Concurrent References Enqueue                 0.009 / 0.009         0.009 / 0.009         0.009 / 0.009         0.009 / 0.009       ms
[10.199s][info][gc,stats    ]    Subphase: Concurrent References Process                 3.393 / 6.539         3.393 / 6.539         3.393 / 6.539         3.393 / 6.539       ms
[10.199s][info][gc,stats    ]    Subphase: Concurrent Roots ClassLoaderDataGraph         0.211 / 0.424         0.211 / 0.424         0.211 / 0.424         0.211 / 0.424       ms
[10.199s][info][gc,stats    ]    Subphase: Concurrent Roots CodeCache                    0.000 / 0.000         0.000 / 0.000         0.000 / 0.000         0.000 / 0.000       ms
[10.199s][info][gc,stats    ]    Subphase: Concurrent Roots JavaThreads                  0.816 / 1.641         0.816 / 1.641         0.816 / 1.641         0.816 / 1.641       ms
[10.199s][info][gc,stats    ]    Subphase: Concurrent Roots OopStorageSet                0.098 / 0.114         0.098 / 0.114         0.098 / 0.114         0.098 / 0.114       ms
[10.199s][info][gc,stats    ]    Subphase: Concurrent Weak Roots OopStorageSet           0.976 / 1.123         0.976 / 1.123         0.976 / 1.123         0.976 / 1.123       ms
[10.199s][info][gc,stats    ]    Subphase: Pause Mark Try Complete                       0.000 / 0.000         0.000 / 0.000         0.000 / 0.000         0.000 / 0.000       ms
[10.199s][info][gc,stats    ]      System: Java Threads                                     20 / 22               20 / 22               20 / 22               20 / 22          threads
[10.199s][info][gc,stats    ] =========================================================================================================================================================
[11.013s][info][gc,start    ] GC(2) Garbage Collection (Metadata GC Threshold)
[11.013s][info][gc,task     ] GC(2) Using 2 workers
[11.013s][info][gc,phases   ] GC(2) Pause Mark Start 0.070ms
[11.091s][info][gc,phases   ] GC(2) Concurrent Mark 78.040ms
[11.091s][info][gc,phases   ] GC(2) Pause Mark End 0.019ms
[11.091s][info][gc,phases   ] GC(2) Concurrent Mark Free 0.005ms
[11.096s][info][gc,phases   ] GC(2) Concurrent Process Non-Strong References 4.721ms
[11.096s][info][gc,phases   ] GC(2) Concurrent Reset Relocation Set 0.006ms
[11.099s][info][gc,phases   ] GC(2) Concurrent Select Relocation Set 2.870ms
[11.099s][info][gc,phases   ] GC(2) Pause Relocate Start 0.010ms
[11.103s][info][gc,phases   ] GC(2) Concurrent Relocate 4.042ms
[11.103s][info][gc,load     ] GC(2) Load: 1.88/1.13/0.76
[11.103s][info][gc,mmu      ] GC(2) MMU: 2ms/96.5%, 5ms/98.6%, 10ms/99.3%, 20ms/99.7%, 50ms/99.9%, 100ms/99.9%
[11.103s][info][gc,marking  ] GC(2) Mark: 2 stripe(s), 2 proactive flush(es), 1 terminate flush(es), 0 completion(s), 0 continuation(s) 
[11.103s][info][gc,marking  ] GC(2) Mark Stack Usage: 32M
[11.103s][info][gc,nmethod  ] GC(2) NMethods: 3191 registered, 161 unregistered
[11.103s][info][gc,metaspace] GC(2) Metaspace: 51M used, 51M committed, 1088M reserved
[11.103s][info][gc,ref      ] GC(2) Soft: 4692 encountered, 0 discovered, 0 enqueued
[11.103s][info][gc,ref      ] GC(2) Weak: 3547 encountered, 993 discovered, 334 enqueued
[11.103s][info][gc,ref      ] GC(2) Final: 52 encountered, 9 discovered, 8 enqueued
[11.103s][info][gc,ref      ] GC(2) Phantom: 724 encountered, 712 discovered, 211 enqueued
[11.103s][info][gc,reloc    ] GC(2) Small Pages: 103 / 206M, Empty: 14M, Relocated: 6M, In-Place: 0
[11.103s][info][gc,reloc    ] GC(2) Medium Pages: 2 / 64M, Empty: 32M, Relocated: 0M, In-Place: 0
[11.103s][info][gc,reloc    ] GC(2) Large Pages: 0 / 0M, Empty: 0M, Relocated: 0M, In-Place: 0
[11.103s][info][gc,reloc    ] GC(2) Forwarding Usage: 2M
[11.103s][info][gc,heap     ] GC(2) Min Capacity: 8M(0%)
[11.103s][info][gc,heap     ] GC(2) Max Capacity: 1986M(100%)
[11.103s][info][gc,heap     ] GC(2) Soft Max Capacity: 1986M(100%)
[11.103s][info][gc,heap     ] GC(2)                Mark Start          Mark End        Relocate Start      Relocate End           High               Low         
[11.103s][info][gc,heap     ] GC(2)  Capacity:      278M (14%)         280M (14%)         282M (14%)         282M (14%)         282M (14%)         278M (14%)    
[11.103s][info][gc,heap     ] GC(2)      Free:     1716M (86%)        1706M (86%)        1750M (88%)        1842M (93%)        1842M (93%)        1704M (86%)    
[11.103s][info][gc,heap     ] GC(2)      Used:      270M (14%)         280M (14%)         236M (12%)         144M (7%)          282M (14%)         144M (7%)     
[11.103s][info][gc,heap     ] GC(2)      Live:         -               101M (5%)          101M (5%)          101M (5%)             -                  -          
[11.103s][info][gc,heap     ] GC(2) Allocated:         -                10M (1%)           12M (1%)           13M (1%)             -                  -          
[11.103s][info][gc,heap     ] GC(2)   Garbage:         -               168M (8%)          122M (6%)           28M (1%)             -                  -          
[11.103s][info][gc,heap     ] GC(2) Reclaimed:         -                  -                46M (2%)          139M (7%)             -                  -          
[11.103s][info][gc          ] GC(2) Garbage Collection (Metadata GC Threshold) 270M(14%)->144M(7%)
[20.198s][info][gc,stats    ] === Garbage Collection Statistics =======================================================================================================================
[20.198s][info][gc,stats    ]                                                              Last 10s              Last 10m              Last 10h                Total
[20.198s][info][gc,stats    ]                                                              Avg / Max             Avg / Max             Avg / Max             Avg / Max
[20.198s][info][gc,stats    ]   Collector: Garbage Collection Cycle                     90.456 / 90.456      120.098 / 203.220     120.098 / 203.220     120.098 / 203.220     ms
[20.198s][info][gc,stats    ]  Contention: Mark Segment Reset Contention                     0 / 0                 0 / 1                 0 / 1                 0 / 1           ops/s
[20.198s][info][gc,stats    ]  Contention: Mark SeqNum Reset Contention                      0 / 0                 0 / 0                 0 / 0                 0 / 0           ops/s
[20.198s][info][gc,stats    ]    Critical: Allocation Stall                                  0 / 0                 0 / 0                 0 / 0                 0 / 0           ops/s
[20.198s][info][gc,stats    ]    Critical: Allocation Stall                              0.000 / 0.000         0.000 / 0.000         0.000 / 0.000         0.000 / 0.000       ms
[20.198s][info][gc,stats    ]    Critical: GC Locker Stall                                   0 / 0                 0 / 0                 0 / 0                 0 / 0           ops/s
[20.198s][info][gc,stats    ]    Critical: GC Locker Stall                               0.000 / 0.000         0.000 / 0.000         0.000 / 0.000         0.000 / 0.000       ms
[20.198s][info][gc,stats    ]    Critical: Relocation Stall                                  0 / 0                 0 / 0                 0 / 0                 0 / 0           ops/s
[20.198s][info][gc,stats    ]    Critical: Relocation Stall                              0.000 / 0.000         0.000 / 0.000         0.000 / 0.000         0.000 / 0.000       ms
[20.198s][info][gc,stats    ]      Memory: Allocation Rate                                   6 / 32               24 / 186              24 / 186              24 / 186         MB/s
[20.198s][info][gc,stats    ]      Memory: Defragment                                        0 / 0                 0 / 14                0 / 14                0 / 14          ops/s
[20.199s][info][gc,stats    ]      Memory: Out Of Memory                                     0 / 0                 0 / 0                 0 / 0                 0 / 0           ops/s
[20.199s][info][gc,stats    ]      Memory: Page Cache Flush                                  0 / 0                 1 / 28                1 / 28                1 / 28          MB/s
[20.199s][info][gc,stats    ]      Memory: Page Cache Hit L1                                 2 / 10                5 / 52                5 / 52                5 / 52          ops/s
[20.199s][info][gc,stats    ]      Memory: Page Cache Hit L2                                 0 / 0                 0 / 0                 0 / 0                 0 / 0           ops/s
[20.199s][info][gc,stats    ]      Memory: Page Cache Hit L3                                 0 / 8                 3 / 25                3 / 25                3 / 25          ops/s
[20.199s][info][gc,stats    ]      Memory: Page Cache Miss                                   0 / 2                 1 / 16                1 / 16                1 / 16          ops/s
[20.199s][info][gc,stats    ]      Memory: Uncommit                                          0 / 0                 0 / 0                 0 / 0                 0 / 0           MB/s
[20.199s][info][gc,stats    ]      Memory: Undo Object Allocation Failed                     0 / 0                 0 / 0                 0 / 0                 0 / 0           ops/s
[20.199s][info][gc,stats    ]      Memory: Undo Object Allocation Succeeded                  0 / 0                 0 / 2                 0 / 2                 0 / 2           ops/s
[20.199s][info][gc,stats    ]      Memory: Undo Page Allocation                              0 / 0                 0 / 0                 0 / 0                 0 / 0           ops/s
[20.199s][info][gc,stats    ]       Phase: Concurrent Mark                              78.040 / 78.040       80.607 / 135.772      80.607 / 135.772      80.607 / 135.772     ms
[20.199s][info][gc,stats    ]       Phase: Concurrent Mark Continue                      0.000 / 0.000         0.000 / 0.000         0.000 / 0.000         0.000 / 0.000       ms
[20.199s][info][gc,stats    ]       Phase: Concurrent Mark Free                          0.005 / 0.005         0.006 / 0.008         0.006 / 0.008         0.006 / 0.008       ms
[20.199s][info][gc,stats    ]       Phase: Concurrent Process Non-Strong References      4.721 / 4.721         8.304 / 15.294        8.304 / 15.294        8.304 / 15.294      ms
[20.199s][info][gc,stats    ]       Phase: Concurrent Relocate                           4.042 / 4.042        26.270 / 58.907       26.270 / 58.907       26.270 / 58.907      ms
[20.199s][info][gc,stats    ]       Phase: Concurrent Reset Relocation Set               0.006 / 0.006         0.006 / 0.009         0.006 / 0.009         0.006 / 0.009       ms
[20.199s][info][gc,stats    ]       Phase: Concurrent Select Relocation Set              2.870 / 2.870         3.678 / 6.714         3.678 / 6.714         3.678 / 6.714       ms
[20.199s][info][gc,stats    ]       Phase: Pause Mark End                                0.019 / 0.019         0.027 / 0.033         0.027 / 0.033         0.027 / 0.033       ms
[20.199s][info][gc,stats    ]       Phase: Pause Mark Start                              0.070 / 0.070         0.045 / 0.070         0.045 / 0.070         0.045 / 0.070       ms
[20.199s][info][gc,stats    ]       Phase: Pause Relocate Start                          0.010 / 0.010         0.019 / 0.025         0.019 / 0.025         0.019 / 0.025       ms
[20.199s][info][gc,stats    ]    Subphase: Concurrent Classes Purge                      0.742 / 0.742         1.075 / 1.962         1.075 / 1.962         1.075 / 1.962       ms
[20.199s][info][gc,stats    ]    Subphase: Concurrent Classes Unlink                     2.696 / 2.696         3.174 / 4.583         3.174 / 4.583         3.174 / 4.583       ms
[20.199s][info][gc,stats    ]    Subphase: Concurrent Mark                              74.037 / 74.498       77.286 / 133.931      77.286 / 133.931      77.286 / 133.931     ms
[20.199s][info][gc,stats    ]    Subphase: Concurrent Mark Try Flush                     0.145 / 0.199         0.440 / 2.142         0.440 / 2.142         0.440 / 2.142       ms
[20.199s][info][gc,stats    ]    Subphase: Concurrent Mark Try Terminate                 0.398 / 1.068         0.717 / 2.383         0.717 / 2.383         0.717 / 2.383       ms
[20.199s][info][gc,stats    ]    Subphase: Concurrent References Enqueue                 0.008 / 0.008         0.008 / 0.009         0.008 / 0.009         0.008 / 0.009       ms
[20.199s][info][gc,stats    ]    Subphase: Concurrent References Process                 0.192 / 0.192         2.326 / 6.539         2.326 / 6.539         2.326 / 6.539       ms
[20.199s][info][gc,stats    ]    Subphase: Concurrent Roots ClassLoaderDataGraph         0.324 / 0.606         0.248 / 0.606         0.248 / 0.606         0.248 / 0.606       ms
[20.199s][info][gc,stats    ]    Subphase: Concurrent Roots CodeCache                    0.000 / 0.000         0.000 / 0.000         0.000 / 0.000         0.000 / 0.000       ms
[20.199s][info][gc,stats    ]    Subphase: Concurrent Roots JavaThreads                  2.683 / 3.096         1.438 / 3.096         1.438 / 3.096         1.438 / 3.096       ms
[20.199s][info][gc,stats    ]    Subphase: Concurrent Roots OopStorageSet                0.158 / 0.219         0.118 / 0.219         0.118 / 0.219         0.118 / 0.219       ms
[20.199s][info][gc,stats    ]    Subphase: Concurrent Weak Roots OopStorageSet           0.841 / 0.850         0.922 / 1.123         0.922 / 1.123         0.922 / 1.123       ms
[20.199s][info][gc,stats    ]    Subphase: Pause Mark Try Complete                       0.000 / 0.000         0.000 / 0.000         0.000 / 0.000         0.000 / 0.000       ms
[20.199s][info][gc,stats    ]      System: Java Threads                                     74 / 75               38 / 75               38 / 75               38 / 75          threads
[20.199s][info][gc,stats    ] =========================================================================================================================================================
[30.199s][info][gc,stats    ] === Garbage Collection Statistics =======================================================================================================================
[30.199s][info][gc,stats    ]                                                              Last 10s              Last 10m              Last 10h                Total
[30.199s][info][gc,stats    ]                                                              Avg / Max             Avg / Max             Avg / Max             Avg / Max
[30.199s][info][gc,stats    ]   Collector: Garbage Collection Cycle                      0.000 / 0.000       120.098 / 203.220     120.098 / 203.220     120.098 / 203.220     ms
[30.199s][info][gc,stats    ]  Contention: Mark Segment Reset Contention                     0 / 0                 0 / 1                 0 / 1                 0 / 1           ops/s
[30.199s][info][gc,stats    ]  Contention: Mark SeqNum Reset Contention                      0 / 0                 0 / 0                 0 / 0                 0 / 0           ops/s
[30.199s][info][gc,stats    ]    Critical: Allocation Stall                                  0 / 0                 0 / 0                 0 / 0                 0 / 0           ops/s
[30.199s][info][gc,stats    ]    Critical: Allocation Stall                              0.000 / 0.000         0.000 / 0.000         0.000 / 0.000         0.000 / 0.000       ms
[30.199s][info][gc,stats    ]    Critical: GC Locker Stall                                   0 / 0                 0 / 0                 0 / 0                 0 / 0           ops/s
[30.199s][info][gc,stats    ]    Critical: GC Locker Stall                               0.000 / 0.000         0.000 / 0.000         0.000 / 0.000         0.000 / 0.000       ms
[30.199s][info][gc,stats    ]    Critical: Relocation Stall                                  0 / 0                 0 / 0                 0 / 0                 0 / 0           ops/s
[30.199s][info][gc,stats    ]    Critical: Relocation Stall                              0.000 / 0.000         0.000 / 0.000         0.000 / 0.000         0.000 / 0.000       ms
[30.199s][info][gc,stats    ]      Memory: Allocation Rate                                   0 / 2                16 / 186              16 / 186              16 / 186         MB/s
[30.199s][info][gc,stats    ]      Memory: Defragment                                        0 / 0                 0 / 14                0 / 14                0 / 14          ops/s
[30.199s][info][gc,stats    ]      Memory: Out Of Memory                                     0 / 0                 0 / 0                 0 / 0                 0 / 0           ops/s
[30.200s][info][gc,stats    ]      Memory: Page Cache Flush                                  0 / 0                 1 / 28                1 / 28                1 / 28          MB/s
[30.200s][info][gc,stats    ]      Memory: Page Cache Hit L1                                 0 / 1                 3 / 52                3 / 52                3 / 52          ops/s
[30.200s][info][gc,stats    ]      Memory: Page Cache Hit L2                                 0 / 0                 0 / 0                 0 / 0                 0 / 0           ops/s
[30.200s][info][gc,stats    ]      Memory: Page Cache Hit L3                                 0 / 0                 2 / 25                2 / 25                2 / 25          ops/s
[30.200s][info][gc,stats    ]      Memory: Page Cache Miss                                   0 / 0                 1 / 16                1 / 16                1 / 16          ops/s
[30.200s][info][gc,stats    ]      Memory: Uncommit                                          0 / 0                 0 / 0                 0 / 0                 0 / 0           MB/s
[30.200s][info][gc,stats    ]      Memory: Undo Object Allocation Failed                     0 / 0                 0 / 0                 0 / 0                 0 / 0           ops/s
[30.200s][info][gc,stats    ]      Memory: Undo Object Allocation Succeeded                  0 / 0                 0 / 2                 0 / 2                 0 / 2           ops/s
[30.200s][info][gc,stats    ]      Memory: Undo Page Allocation                              0 / 0                 0 / 0                 0 / 0                 0 / 0           ops/s
[30.200s][info][gc,stats    ]       Phase: Concurrent Mark                               0.000 / 0.000        80.607 / 135.772      80.607 / 135.772      80.607 / 135.772     ms
[30.200s][info][gc,stats    ]       Phase: Concurrent Mark Continue                      0.000 / 0.000         0.000 / 0.000         0.000 / 0.000         0.000 / 0.000       ms
[30.200s][info][gc,stats    ]       Phase: Concurrent Mark Free                          0.000 / 0.000         0.006 / 0.008         0.006 / 0.008         0.006 / 0.008       ms
[30.200s][info][gc,stats    ]       Phase: Concurrent Process Non-Strong References      0.000 / 0.000         8.304 / 15.294        8.304 / 15.294        8.304 / 15.294      ms
[30.200s][info][gc,stats    ]       Phase: Concurrent Relocate                           0.000 / 0.000        26.270 / 58.907       26.270 / 58.907       26.270 / 58.907      ms
[30.200s][info][gc,stats    ]       Phase: Concurrent Reset Relocation Set               0.000 / 0.000         0.006 / 0.009         0.006 / 0.009         0.006 / 0.009       ms
[30.200s][info][gc,stats    ]       Phase: Concurrent Select Relocation Set              0.000 / 0.000         3.678 / 6.714         3.678 / 6.714         3.678 / 6.714       ms
[30.200s][info][gc,stats    ]       Phase: Pause Mark End                                0.000 / 0.000         0.027 / 0.033         0.027 / 0.033         0.027 / 0.033       ms
[30.200s][info][gc,stats    ]       Phase: Pause Mark Start                              0.000 / 0.000         0.045 / 0.070         0.045 / 0.070         0.045 / 0.070       ms
[30.200s][info][gc,stats    ]       Phase: Pause Relocate Start                          0.000 / 0.000         0.019 / 0.025         0.019 / 0.025         0.019 / 0.025       ms
[30.200s][info][gc,stats    ]    Subphase: Concurrent Classes Purge                      0.000 / 0.000         1.075 / 1.962         1.075 / 1.962         1.075 / 1.962       ms
[30.200s][info][gc,stats    ]    Subphase: Concurrent Classes Unlink                     0.000 / 0.000         3.174 / 4.583         3.174 / 4.583         3.174 / 4.583       ms
[30.200s][info][gc,stats    ]    Subphase: Concurrent Mark                               0.000 / 0.000        77.286 / 133.931      77.286 / 133.931      77.286 / 133.931     ms
[30.200s][info][gc,stats    ]    Subphase: Concurrent Mark Try Flush                     0.000 / 0.000         0.440 / 2.142         0.440 / 2.142         0.440 / 2.142       ms
[30.200s][info][gc,stats    ]    Subphase: Concurrent Mark Try Terminate                 0.000 / 0.000         0.717 / 2.383         0.717 / 2.383         0.717 / 2.383       ms
[30.200s][info][gc,stats    ]    Subphase: Concurrent References Enqueue                 0.000 / 0.000         0.008 / 0.009         0.008 / 0.009         0.008 / 0.009       ms
[30.200s][info][gc,stats    ]    Subphase: Concurrent References Process                 0.000 / 0.000         2.326 / 6.539         2.326 / 6.539         2.326 / 6.539       ms
[30.200s][info][gc,stats    ]    Subphase: Concurrent Roots ClassLoaderDataGraph         0.000 / 0.000         0.248 / 0.606         0.248 / 0.606         0.248 / 0.606       ms
[30.200s][info][gc,stats    ]    Subphase: Concurrent Roots CodeCache                    0.000 / 0.000         0.000 / 0.000         0.000 / 0.000         0.000 / 0.000       ms
[30.200s][info][gc,stats    ]    Subphase: Concurrent Roots JavaThreads                  0.000 / 0.000         1.438 / 3.096         1.438 / 3.096         1.438 / 3.096       ms
[30.200s][info][gc,stats    ]    Subphase: Concurrent Roots OopStorageSet                0.000 / 0.000         0.118 / 0.219         0.118 / 0.219         0.118 / 0.219       ms
[30.200s][info][gc,stats    ]    Subphase: Concurrent Weak Roots OopStorageSet           0.000 / 0.000         0.922 / 1.123         0.922 / 1.123         0.922 / 1.123       ms
[30.200s][info][gc,stats    ]    Subphase: Pause Mark Try Complete                       0.000 / 0.000         0.000 / 0.000         0.000 / 0.000         0.000 / 0.000       ms
[30.200s][info][gc,stats    ]      System: Java Threads                                      0 / 0                38 / 75               38 / 75               38 / 75          threads
[30.200s][info][gc,stats    ] =========================================================================================================================================================
[40.198s][info][gc,stats    ] === Garbage Collection Statistics =======================================================================================================================
[40.198s][info][gc,stats    ]                                                              Last 10s              Last 10m              Last 10h                Total
[40.198s][info][gc,stats    ]                                                              Avg / Max             Avg / Max             Avg / Max             Avg / Max
[40.199s][info][gc,stats    ]   Collector: Garbage Collection Cycle                      0.000 / 0.000       120.098 / 203.220     120.098 / 203.220     120.098 / 203.220     ms
[40.199s][info][gc,stats    ]  Contention: Mark Segment Reset Contention                     0 / 0                 0 / 1                 0 / 1                 0 / 1           ops/s
[40.199s][info][gc,stats    ]  Contention: Mark SeqNum Reset Contention                      0 / 0                 0 / 0                 0 / 0                 0 / 0           ops/s
[40.199s][info][gc,stats    ]    Critical: Allocation Stall                                  0 / 0                 0 / 0                 0 / 0                 0 / 0           ops/s
[40.199s][info][gc,stats    ]    Critical: Allocation Stall                              0.000 / 0.000         0.000 / 0.000         0.000 / 0.000         0.000 / 0.000       ms
[40.199s][info][gc,stats    ]    Critical: GC Locker Stall                                   0 / 0                 0 / 0                 0 / 0                 0 / 0           ops/s
[40.199s][info][gc,stats    ]    Critical: GC Locker Stall                               0.000 / 0.000         0.000 / 0.000         0.000 / 0.000         0.000 / 0.000       ms
[40.199s][info][gc,stats    ]    Critical: Relocation Stall                                  0 / 0                 0 / 0                 0 / 0                 0 / 0           ops/s
[40.199s][info][gc,stats    ]    Critical: Relocation Stall                              0.000 / 0.000         0.000 / 0.000         0.000 / 0.000         0.000 / 0.000       ms
[40.199s][info][gc,stats    ]      Memory: Allocation Rate                                   0 / 4                12 / 186              12 / 186              12 / 186         MB/s
[40.199s][info][gc,stats    ]      Memory: Defragment                                        0 / 0                 0 / 14                0 / 14                0 / 14          ops/s
[40.199s][info][gc,stats    ]      Memory: Out Of Memory                                     0 / 0                 0 / 0                 0 / 0                 0 / 0           ops/s
[40.199s][info][gc,stats    ]      Memory: Page Cache Flush                                  0 / 0                 0 / 28                0 / 28                0 / 28          MB/s
[40.199s][info][gc,stats    ]      Memory: Page Cache Hit L1                                 0 / 2                 2 / 52                2 / 52                2 / 52          ops/s
[40.199s][info][gc,stats    ]      Memory: Page Cache Hit L2                                 0 / 0                 0 / 0                 0 / 0                 0 / 0           ops/s
[40.199s][info][gc,stats    ]      Memory: Page Cache Hit L3                                 0 / 0                 1 / 25                1 / 25                1 / 25          ops/s
[40.199s][info][gc,stats    ]      Memory: Page Cache Miss                                   0 / 0                 0 / 16                0 / 16                0 / 16          ops/s
[40.199s][info][gc,stats    ]      Memory: Uncommit                                          0 / 0                 0 / 0                 0 / 0                 0 / 0           MB/s
[40.199s][info][gc,stats    ]      Memory: Undo Object Allocation Failed                     0 / 0                 0 / 0                 0 / 0                 0 / 0           ops/s
[40.199s][info][gc,stats    ]      Memory: Undo Object Allocation Succeeded                  0 / 0                 0 / 2                 0 / 2                 0 / 2           ops/s
[40.199s][info][gc,stats    ]      Memory: Undo Page Allocation                              0 / 0                 0 / 0                 0 / 0                 0 / 0           ops/s
[40.199s][info][gc,stats    ]       Phase: Concurrent Mark                               0.000 / 0.000        80.607 / 135.772      80.607 / 135.772      80.607 / 135.772     ms
[40.199s][info][gc,stats    ]       Phase: Concurrent Mark Continue                      0.000 / 0.000         0.000 / 0.000         0.000 / 0.000         0.000 / 0.000       ms
[40.199s][info][gc,stats    ]       Phase: Concurrent Mark Free                          0.000 / 0.000         0.006 / 0.008         0.006 / 0.008         0.006 / 0.008       ms
[40.199s][info][gc,stats    ]       Phase: Concurrent Process Non-Strong References      0.000 / 0.000         8.304 / 15.294        8.304 / 15.294        8.304 / 15.294      ms
[40.199s][info][gc,stats    ]       Phase: Concurrent Relocate                           0.000 / 0.000        26.270 / 58.907       26.270 / 58.907       26.270 / 58.907      ms
[40.199s][info][gc,stats    ]       Phase: Concurrent Reset Relocation Set               0.000 / 0.000         0.006 / 0.009         0.006 / 0.009         0.006 / 0.009       ms
[40.199s][info][gc,stats    ]       Phase: Concurrent Select Relocation Set              0.000 / 0.000         3.678 / 6.714         3.678 / 6.714         3.678 / 6.714       ms
[40.199s][info][gc,stats    ]       Phase: Pause Mark End                                0.000 / 0.000         0.027 / 0.033         0.027 / 0.033         0.027 / 0.033       ms
[40.199s][info][gc,stats    ]       Phase: Pause Mark Start                              0.000 / 0.000         0.045 / 0.070         0.045 / 0.070         0.045 / 0.070       ms
[40.199s][info][gc,stats    ]       Phase: Pause Relocate Start                          0.000 / 0.000         0.019 / 0.025         0.019 / 0.025         0.019 / 0.025       ms
[40.199s][info][gc,stats    ]    Subphase: Concurrent Classes Purge                      0.000 / 0.000         1.075 / 1.962         1.075 / 1.962         1.075 / 1.962       ms
[40.199s][info][gc,stats    ]    Subphase: Concurrent Classes Unlink                     0.000 / 0.000         3.174 / 4.583         3.174 / 4.583         3.174 / 4.583       ms
[40.199s][info][gc,stats    ]    Subphase: Concurrent Mark                               0.000 / 0.000        77.286 / 133.931      77.286 / 133.931      77.286 / 133.931     ms
[40.199s][info][gc,stats    ]    Subphase: Concurrent Mark Try Flush                     0.000 / 0.000         0.440 / 2.142         0.440 / 2.142         0.440 / 2.142       ms
[40.199s][info][gc,stats    ]    Subphase: Concurrent Mark Try Terminate                 0.000 / 0.000         0.717 / 2.383         0.717 / 2.383         0.717 / 2.383       ms
[40.200s][info][gc,stats    ]    Subphase: Concurrent References Enqueue                 0.000 / 0.000         0.008 / 0.009         0.008 / 0.009         0.008 / 0.009       ms
[40.200s][info][gc,stats    ]    Subphase: Concurrent References Process                 0.000 / 0.000         2.326 / 6.539         2.326 / 6.539         2.326 / 6.539       ms
[40.200s][info][gc,stats    ]    Subphase: Concurrent Roots ClassLoaderDataGraph         0.000 / 0.000         0.248 / 0.606         0.248 / 0.606         0.248 / 0.606       ms
[40.200s][info][gc,stats    ]    Subphase: Concurrent Roots CodeCache                    0.000 / 0.000         0.000 / 0.000         0.000 / 0.000         0.000 / 0.000       ms
[40.200s][info][gc,stats    ]    Subphase: Concurrent Roots JavaThreads                  0.000 / 0.000         1.438 / 3.096         1.438 / 3.096         1.438 / 3.096       ms
[40.200s][info][gc,stats    ]    Subphase: Concurrent Roots OopStorageSet                0.000 / 0.000         0.118 / 0.219         0.118 / 0.219         0.118 / 0.219       ms
[40.200s][info][gc,stats    ]    Subphase: Concurrent Weak Roots OopStorageSet           0.000 / 0.000         0.922 / 1.123         0.922 / 1.123         0.922 / 1.123       ms
[40.200s][info][gc,stats    ]    Subphase: Pause Mark Try Complete                       0.000 / 0.000         0.000 / 0.000         0.000 / 0.000         0.000 / 0.000       ms
[40.200s][info][gc,stats    ]      System: Java Threads                                      0 / 0                38 / 75               38 / 75               38 / 75          threads
[40.200s][info][gc,stats    ] =========================================================================================================================================================
[50.199s][info][gc,stats    ] === Garbage Collection Statistics =======================================================================================================================
[50.199s][info][gc,stats    ]                                                              Last 10s              Last 10m              Last 10h                Total
[50.199s][info][gc,stats    ]                                                              Avg / Max             Avg / Max             Avg / Max             Avg / Max
[50.199s][info][gc,stats    ]   Collector: Garbage Collection Cycle                      0.000 / 0.000       120.098 / 203.220     120.098 / 203.220     120.098 / 203.220     ms
[50.199s][info][gc,stats    ]  Contention: Mark Segment Reset Contention                     0 / 0                 0 / 1                 0 / 1                 0 / 1           ops/s
[50.199s][info][gc,stats    ]  Contention: Mark SeqNum Reset Contention                      0 / 0                 0 / 0                 0 / 0                 0 / 0           ops/s
[50.199s][info][gc,stats    ]    Critical: Allocation Stall                                  0 / 0                 0 / 0                 0 / 0                 0 / 0           ops/s
[50.199s][info][gc,stats    ]    Critical: Allocation Stall                              0.000 / 0.000         0.000 / 0.000         0.000 / 0.000         0.000 / 0.000       ms
[50.199s][info][gc,stats    ]    Critical: GC Locker Stall                                   0 / 0                 0 / 0                 0 / 0                 0 / 0           ops/s
[50.199s][info][gc,stats    ]    Critical: GC Locker Stall                               0.000 / 0.000         0.000 / 0.000         0.000 / 0.000         0.000 / 0.000       ms
[50.199s][info][gc,stats    ]    Critical: Relocation Stall                                  0 / 0                 0 / 0                 0 / 0                 0 / 0           ops/s
[50.199s][info][gc,stats    ]    Critical: Relocation Stall                              0.000 / 0.000         0.000 / 0.000         0.000 / 0.000         0.000 / 0.000       ms
[50.199s][info][gc,stats    ]      Memory: Allocation Rate                                   0 / 2                 9 / 186               9 / 186               9 / 186         MB/s
[50.199s][info][gc,stats    ]      Memory: Defragment                                        0 / 0                 0 / 14                0 / 14                0 / 14          ops/s
[50.199s][info][gc,stats    ]      Memory: Out Of Memory                                     0 / 0                 0 / 0                 0 / 0                 0 / 0           ops/s
[50.199s][info][gc,stats    ]      Memory: Page Cache Flush                                  0 / 0                 0 / 28                0 / 28                0 / 28          MB/s
[50.199s][info][gc,stats    ]      Memory: Page Cache Hit L1                                 0 / 1                 2 / 52                2 / 52                2 / 52          ops/s
[50.199s][info][gc,stats    ]      Memory: Page Cache Hit L2                                 0 / 0                 0 / 0                 0 / 0                 0 / 0           ops/s
[50.199s][info][gc,stats    ]      Memory: Page Cache Hit L3                                 0 / 0                 1 / 25                1 / 25                1 / 25          ops/s
[50.199s][info][gc,stats    ]      Memory: Page Cache Miss                                   0 / 0                 0 / 16                0 / 16                0 / 16          ops/s
[50.200s][info][gc,stats    ]      Memory: Uncommit                                          0 / 0                 0 / 0                 0 / 0                 0 / 0           MB/s
[50.200s][info][gc,stats    ]      Memory: Undo Object Allocation Failed                     0 / 0                 0 / 0                 0 / 0                 0 / 0           ops/s
[50.200s][info][gc,stats    ]      Memory: Undo Object Allocation Succeeded                  0 / 0                 0 / 2                 0 / 2                 0 / 2           ops/s
[50.200s][info][gc,stats    ]      Memory: Undo Page Allocation                              0 / 0                 0 / 0                 0 / 0                 0 / 0           ops/s
[50.200s][info][gc,stats    ]       Phase: Concurrent Mark                               0.000 / 0.000        80.607 / 135.772      80.607 / 135.772      80.607 / 135.772     ms
[50.200s][info][gc,stats    ]       Phase: Concurrent Mark Continue                      0.000 / 0.000         0.000 / 0.000         0.000 / 0.000         0.000 / 0.000       ms
[50.200s][info][gc,stats    ]       Phase: Concurrent Mark Free                          0.000 / 0.000         0.006 / 0.008         0.006 / 0.008         0.006 / 0.008       ms
[50.200s][info][gc,stats    ]       Phase: Concurrent Process Non-Strong References      0.000 / 0.000         8.304 / 15.294        8.304 / 15.294        8.304 / 15.294      ms
[50.200s][info][gc,stats    ]       Phase: Concurrent Relocate                           0.000 / 0.000        26.270 / 58.907       26.270 / 58.907       26.270 / 58.907      ms
[50.200s][info][gc,stats    ]       Phase: Concurrent Reset Relocation Set               0.000 / 0.000         0.006 / 0.009         0.006 / 0.009         0.006 / 0.009       ms
[50.200s][info][gc,stats    ]       Phase: Concurrent Select Relocation Set              0.000 / 0.000         3.678 / 6.714         3.678 / 6.714         3.678 / 6.714       ms
[50.200s][info][gc,stats    ]       Phase: Pause Mark End                                0.000 / 0.000         0.027 / 0.033         0.027 / 0.033         0.027 / 0.033       ms
[50.200s][info][gc,stats    ]       Phase: Pause Mark Start                              0.000 / 0.000         0.045 / 0.070         0.045 / 0.070         0.045 / 0.070       ms
[50.200s][info][gc,stats    ]       Phase: Pause Relocate Start                          0.000 / 0.000         0.019 / 0.025         0.019 / 0.025         0.019 / 0.025       ms
[50.200s][info][gc,stats    ]    Subphase: Concurrent Classes Purge                      0.000 / 0.000         1.075 / 1.962         1.075 / 1.962         1.075 / 1.962       ms
[50.200s][info][gc,stats    ]    Subphase: Concurrent Classes Unlink                     0.000 / 0.000         3.174 / 4.583         3.174 / 4.583         3.174 / 4.583       ms
[50.200s][info][gc,stats    ]    Subphase: Concurrent Mark                               0.000 / 0.000        77.286 / 133.931      77.286 / 133.931      77.286 / 133.931     ms
[50.200s][info][gc,stats    ]    Subphase: Concurrent Mark Try Flush                     0.000 / 0.000         0.440 / 2.142         0.440 / 2.142         0.440 / 2.142       ms
[50.200s][info][gc,stats    ]    Subphase: Concurrent Mark Try Terminate                 0.000 / 0.000         0.717 / 2.383         0.717 / 2.383         0.717 / 2.383       ms
[50.200s][info][gc,stats    ]    Subphase: Concurrent References Enqueue                 0.000 / 0.000         0.008 / 0.009         0.008 / 0.009         0.008 / 0.009       ms
[50.200s][info][gc,stats    ]    Subphase: Concurrent References Process                 0.000 / 0.000         2.326 / 6.539         2.326 / 6.539         2.326 / 6.539       ms
[50.200s][info][gc,stats    ]    Subphase: Concurrent Roots ClassLoaderDataGraph         0.000 / 0.000         0.248 / 0.606         0.248 / 0.606         0.248 / 0.606       ms
[50.200s][info][gc,stats    ]    Subphase: Concurrent Roots CodeCache                    0.000 / 0.000         0.000 / 0.000         0.000 / 0.000         0.000 / 0.000       ms
[50.200s][info][gc,stats    ]    Subphase: Concurrent Roots JavaThreads                  0.000 / 0.000         1.438 / 3.096         1.438 / 3.096         1.438 / 3.096       ms
[50.200s][info][gc,stats    ]    Subphase: Concurrent Roots OopStorageSet                0.000 / 0.000         0.118 / 0.219         0.118 / 0.219         0.118 / 0.219       ms
[50.200s][info][gc,stats    ]    Subphase: Concurrent Weak Roots OopStorageSet           0.000 / 0.000         0.922 / 1.123         0.922 / 1.123         0.922 / 1.123       ms
[50.200s][info][gc,stats    ]    Subphase: Pause Mark Try Complete                       0.000 / 0.000         0.000 / 0.000         0.000 / 0.000         0.000 / 0.000       ms
[50.200s][info][gc,stats    ]      System: Java Threads                                      0 / 0                38 / 75               38 / 75               38 / 75          threads
[50.200s][info][gc,stats    ] =========================================================================================================================================================
[60.199s][info][gc,stats    ] === Garbage Collection Statistics =======================================================================================================================
[60.199s][info][gc,stats    ]                                                              Last 10s              Last 10m              Last 10h                Total
[60.199s][info][gc,stats    ]                                                              Avg / Max             Avg / Max             Avg / Max             Avg / Max
[60.199s][info][gc,stats    ]   Collector: Garbage Collection Cycle                      0.000 / 0.000       120.098 / 203.220     120.098 / 203.220     120.098 / 203.220     ms
[60.199s][info][gc,stats    ]  Contention: Mark Segment Reset Contention                     0 / 0                 0 / 1                 0 / 1                 0 / 1           ops/s
[60.199s][info][gc,stats    ]  Contention: Mark SeqNum Reset Contention                      0 / 0                 0 / 0                 0 / 0                 0 / 0           ops/s
[60.199s][info][gc,stats    ]    Critical: Allocation Stall                                  0 / 0                 0 / 0                 0 / 0                 0 / 0           ops/s
[60.199s][info][gc,stats    ]    Critical: Allocation Stall                              0.000 / 0.000         0.000 / 0.000         0.000 / 0.000         0.000 / 0.000       ms
[60.199s][info][gc,stats    ]    Critical: GC Locker Stall                                   0 / 0                 0 / 0                 0 / 0                 0 / 0           ops/s
[60.199s][info][gc,stats    ]    Critical: GC Locker Stall                               0.000 / 0.000         0.000 / 0.000         0.000 / 0.000         0.000 / 0.000       ms
[60.199s][info][gc,stats    ]    Critical: Relocation Stall                                  0 / 0                 0 / 0                 0 / 0                 0 / 0           ops/s
[60.199s][info][gc,stats    ]    Critical: Relocation Stall                              0.000 / 0.000         0.000 / 0.000         0.000 / 0.000         0.000 / 0.000       ms
[60.199s][info][gc,stats    ]      Memory: Allocation Rate                                   6 / 22                9 / 186               9 / 186               9 / 186         MB/s
[60.199s][info][gc,stats    ]      Memory: Defragment                                        0 / 4                 0 / 14                0 / 14                0 / 14          ops/s
[60.199s][info][gc,stats    ]      Memory: Out Of Memory                                     0 / 0                 0 / 0                 0 / 0                 0 / 0           ops/s
[60.199s][info][gc,stats    ]      Memory: Page Cache Flush                                  0 / 8                 0 / 28                0 / 28                0 / 28          MB/s
[60.199s][info][gc,stats    ]      Memory: Page Cache Hit L1                                 3 / 11                2 / 52                2 / 52                2 / 52          ops/s
[60.199s][info][gc,stats    ]      Memory: Page Cache Hit L2                                 0 / 0                 0 / 0                 0 / 0                 0 / 0           ops/s
[60.199s][info][gc,stats    ]      Memory: Page Cache Hit L3                                 0 / 4                 1 / 25                1 / 25                1 / 25          ops/s
[60.199s][info][gc,stats    ]      Memory: Page Cache Miss                                   0 / 0                 0 / 16                0 / 16                0 / 16          ops/s
[60.199s][info][gc,stats    ]      Memory: Uncommit                                          0 / 0                 0 / 0                 0 / 0                 0 / 0           MB/s
[60.199s][info][gc,stats    ]      Memory: Undo Object Allocation Failed                     0 / 0                 0 / 0                 0 / 0                 0 / 0           ops/s
[60.199s][info][gc,stats    ]      Memory: Undo Object Allocation Succeeded                  0 / 0                 0 / 2                 0 / 2                 0 / 2           ops/s
[60.199s][info][gc,stats    ]      Memory: Undo Page Allocation                              0 / 0                 0 / 0                 0 / 0                 0 / 0           ops/s
[60.199s][info][gc,stats    ]       Phase: Concurrent Mark                               0.000 / 0.000        80.607 / 135.772      80.607 / 135.772      80.607 / 135.772     ms
[60.199s][info][gc,stats    ]       Phase: Concurrent Mark Continue                      0.000 / 0.000         0.000 / 0.000         0.000 / 0.000         0.000 / 0.000       ms
[60.199s][info][gc,stats    ]       Phase: Concurrent Mark Free                          0.000 / 0.000         0.006 / 0.008         0.006 / 0.008         0.006 / 0.008       ms
[60.199s][info][gc,stats    ]       Phase: Concurrent Process Non-Strong References      0.000 / 0.000         8.304 / 15.294        8.304 / 15.294        8.304 / 15.294      ms
[60.199s][info][gc,stats    ]       Phase: Concurrent Relocate                           0.000 / 0.000        26.270 / 58.907       26.270 / 58.907       26.270 / 58.907      ms
[60.199s][info][gc,stats    ]       Phase: Concurrent Reset Relocation Set               0.000 / 0.000         0.006 / 0.009         0.006 / 0.009         0.006 / 0.009       ms
[60.199s][info][gc,stats    ]       Phase: Concurrent Select Relocation Set              0.000 / 0.000         3.678 / 6.714         3.678 / 6.714         3.678 / 6.714       ms
[60.199s][info][gc,stats    ]       Phase: Pause Mark End                                0.000 / 0.000         0.027 / 0.033         0.027 / 0.033         0.027 / 0.033       ms
[60.199s][info][gc,stats    ]       Phase: Pause Mark Start                              0.000 / 0.000         0.045 / 0.070         0.045 / 0.070         0.045 / 0.070       ms
[60.199s][info][gc,stats    ]       Phase: Pause Relocate Start                          0.000 / 0.000         0.019 / 0.025         0.019 / 0.025         0.019 / 0.025       ms
[60.199s][info][gc,stats    ]    Subphase: Concurrent Classes Purge                      0.000 / 0.000         1.075 / 1.962         1.075 / 1.962         1.075 / 1.962       ms
[60.199s][info][gc,stats    ]    Subphase: Concurrent Classes Unlink                     0.000 / 0.000         3.174 / 4.583         3.174 / 4.583         3.174 / 4.583       ms
[60.199s][info][gc,stats    ]    Subphase: Concurrent Mark                               0.000 / 0.000        77.286 / 133.931      77.286 / 133.931      77.286 / 133.931     ms
[60.199s][info][gc,stats    ]    Subphase: Concurrent Mark Try Flush                     0.000 / 0.000         0.440 / 2.142         0.440 / 2.142         0.440 / 2.142       ms
[60.199s][info][gc,stats    ]    Subphase: Concurrent Mark Try Terminate                 0.000 / 0.000         0.717 / 2.383         0.717 / 2.383         0.717 / 2.383       ms
[60.199s][info][gc,stats    ]    Subphase: Concurrent References Enqueue                 0.000 / 0.000         0.008 / 0.009         0.008 / 0.009         0.008 / 0.009       ms
[60.199s][info][gc,stats    ]    Subphase: Concurrent References Process                 0.000 / 0.000         2.326 / 6.539         2.326 / 6.539         2.326 / 6.539       ms
[60.199s][info][gc,stats    ]    Subphase: Concurrent Roots ClassLoaderDataGraph         0.000 / 0.000         0.248 / 0.606         0.248 / 0.606         0.248 / 0.606       ms
[60.199s][info][gc,stats    ]    Subphase: Concurrent Roots CodeCache                    0.000 / 0.000         0.000 / 0.000         0.000 / 0.000         0.000 / 0.000       ms
[60.199s][info][gc,stats    ]    Subphase: Concurrent Roots JavaThreads                  0.000 / 0.000         1.438 / 3.096         1.438 / 3.096         1.438 / 3.096       ms
[60.199s][info][gc,stats    ]    Subphase: Concurrent Roots OopStorageSet                0.000 / 0.000         0.118 / 0.219         0.118 / 0.219         0.118 / 0.219       ms
[60.199s][info][gc,stats    ]    Subphase: Concurrent Weak Roots OopStorageSet           0.000 / 0.000         0.922 / 1.123         0.922 / 1.123         0.922 / 1.123       ms
[60.199s][info][gc,stats    ]    Subphase: Pause Mark Try Complete                       0.000 / 0.000         0.000 / 0.000         0.000 / 0.000         0.000 / 0.000       ms
[60.199s][info][gc,stats    ]      System: Java Threads                                      0 / 0                38 / 75               38 / 75               38 / 75          threads
[60.199s][info][gc,stats    ] =========================================================================================================================================================
[66.501s][info][gc,start    ] GC(3) Garbage Collection (Warmup)
[66.501s][info][gc,task     ] GC(3) Using 2 workers
[66.501s][info][gc,phases   ] GC(3) Pause Mark Start 0.032ms
[67.368s][info][gc,phases   ] GC(3) Concurrent Mark 866.340ms
[67.368s][info][gc,phases   ] GC(3) Pause Mark End 0.026ms
[67.368s][info][gc,phases   ] GC(3) Concurrent Mark Free 0.006ms
[67.614s][info][gc,phases   ] GC(3) Concurrent Process Non-Strong References 246.031ms
[67.614s][info][gc,phases   ] GC(3) Concurrent Reset Relocation Set 0.014ms
[67.626s][info][gc,phases   ] GC(3) Concurrent Select Relocation Set 12.340ms
[67.626s][info][gc,phases   ] GC(3) Pause Relocate Start 0.016ms
[67.786s][info][gc,phases   ] GC(3) Concurrent Relocate 159.946ms
[67.786s][info][gc,load     ] GC(3) Load: 4.73/1.82/1.00
[67.786s][info][gc,mmu      ] GC(3) MMU: 2ms/96.5%, 5ms/98.6%, 10ms/99.3%, 20ms/99.7%, 50ms/99.9%, 100ms/99.9%
[67.786s][info][gc,marking  ] GC(3) Mark: 2 stripe(s), 2 proactive flush(es), 1 terminate flush(es), 0 completion(s), 0 continuation(s) 
[67.786s][info][gc,marking  ] GC(3) Mark Stack Usage: 32M
[67.786s][info][gc,nmethod  ] GC(3) NMethods: 8340 registered, 1006 unregistered
[67.786s][info][gc,metaspace] GC(3) Metaspace: 62M used, 63M committed, 1088M reserved
[67.786s][info][gc,ref      ] GC(3) Soft: 4896 encountered, 0 discovered, 0 enqueued
[67.786s][info][gc,ref      ] GC(3) Weak: 5753 encountered, 2371 discovered, 783 enqueued
[67.786s][info][gc,ref      ] GC(3) Final: 47 encountered, 5 discovered, 0 enqueued
[67.786s][info][gc,ref      ] GC(3) Phantom: 1255 encountered, 1219 discovered, 647 enqueued
[67.786s][info][gc,reloc    ] GC(3) Small Pages: 183 / 366M, Empty: 4M, Relocated: 15M, In-Place: 0
[67.786s][info][gc,reloc    ] GC(3) Medium Pages: 1 / 32M, Empty: 0M, Relocated: 0M, In-Place: 0
[67.786s][info][gc,reloc    ] GC(3) Large Pages: 0 / 0M, Empty: 0M, Relocated: 0M, In-Place: 0
[67.786s][info][gc,reloc    ] GC(3) Forwarding Usage: 6M
[67.787s][info][gc,heap     ] GC(3) Min Capacity: 8M(0%)
[67.787s][info][gc,heap     ] GC(3) Max Capacity: 1986M(100%)
[67.787s][info][gc,heap     ] GC(3) Soft Max Capacity: 1986M(100%)
[67.787s][info][gc,heap     ] GC(3)                Mark Start          Mark End        Relocate Start      Relocate End           High               Low         
[67.787s][info][gc,heap     ] GC(3)  Capacity:      398M (20%)         432M (22%)         440M (22%)         440M (22%)         440M (22%)         398M (20%)    
[67.787s][info][gc,heap     ] GC(3)      Free:     1588M (80%)        1554M (78%)        1550M (78%)        1796M (90%)        1800M (91%)        1546M (78%)    
[67.787s][info][gc,heap     ] GC(3)      Used:      398M (20%)         432M (22%)         436M (22%)         190M (10%)         440M (22%)         186M (9%)     
[67.787s][info][gc,heap     ] GC(3)      Live:         -               113M (6%)          113M (6%)          113M (6%)             -                  -          
[67.787s][info][gc,heap     ] GC(3) Allocated:         -                34M (2%)           42M (2%)           47M (2%)             -                  -          
[67.787s][info][gc,heap     ] GC(3)   Garbage:         -               284M (14%)         280M (14%)          29M (1%)             -                  -          
[67.787s][info][gc,heap     ] GC(3) Reclaimed:         -                  -                 4M (0%)          255M (13%)            -                  -          
[67.787s][info][gc          ] GC(3) Garbage Collection (Warmup) 398M(20%)->190M(10%)
[70.199s][info][gc,stats    ] === Garbage Collection Statistics =======================================================================================================================
[70.199s][info][gc,stats    ]                                                              Last 10s              Last 10m              Last 10h                Total
[70.199s][info][gc,stats    ]                                                              Avg / Max             Avg / Max             Avg / Max             Avg / Max
[70.199s][info][gc,stats    ]   Collector: Garbage Collection Cycle                   1285.381 / 1285.381    411.419 / 1285.381    411.419 / 1285.381    411.419 / 1285.381    ms
[70.199s][info][gc,stats    ]  Contention: Mark Segment Reset Contention                     0 / 0                 0 / 1                 0 / 1                 0 / 1           ops/s
[70.199s][info][gc,stats    ]  Contention: Mark SeqNum Reset Contention                      0 / 0                 0 / 0                 0 / 0                 0 / 0           ops/s
[70.199s][info][gc,stats    ]    Critical: Allocation Stall                                  0 / 0                 0 / 0                 0 / 0                 0 / 0           ops/s
[70.199s][info][gc,stats    ]    Critical: Allocation Stall                              0.000 / 0.000         0.000 / 0.000         0.000 / 0.000         0.000 / 0.000       ms
[70.199s][info][gc,stats    ]    Critical: GC Locker Stall                                   0 / 0                 0 / 0                 0 / 0                 0 / 0           ops/s
[70.199s][info][gc,stats    ]    Critical: GC Locker Stall                               0.000 / 0.000         0.000 / 0.000         0.000 / 0.000         0.000 / 0.000       ms
[70.199s][info][gc,stats    ]    Critical: Relocation Stall                                  0 / 0                 0 / 0                 0 / 0                 0 / 0           ops/s
[70.199s][info][gc,stats    ]    Critical: Relocation Stall                              0.000 / 0.000         0.000 / 0.000         0.000 / 0.000         0.000 / 0.000       ms
[70.199s][info][gc,stats    ]      Memory: Allocation Rate                                  27 / 46               11 / 186              11 / 186              11 / 186         MB/s
[70.199s][info][gc,stats    ]      Memory: Defragment                                        1 / 9                 0 / 14                0 / 14                0 / 14          ops/s
[70.199s][info][gc,stats    ]      Memory: Out Of Memory                                     0 / 0                 0 / 0                 0 / 0                 0 / 0           ops/s
[70.199s][info][gc,stats    ]      Memory: Page Cache Flush                                  2 / 18                0 / 28                0 / 28                0 / 28          MB/s
[70.199s][info][gc,stats    ]      Memory: Page Cache Hit L1                                 5 / 19                2 / 52                2 / 52                2 / 52          ops/s
[70.199s][info][gc,stats    ]      Memory: Page Cache Hit L2                                 0 / 0                 0 / 0                 0 / 0                 0 / 0           ops/s
[70.199s][info][gc,stats    ]      Memory: Page Cache Hit L3                                 1 / 9                 1 / 25                1 / 25                1 / 25          ops/s
[70.199s][info][gc,stats    ]      Memory: Page Cache Miss                                   7 / 19                1 / 19                1 / 19                1 / 19          ops/s
[70.199s][info][gc,stats    ]      Memory: Uncommit                                          0 / 0                 0 / 0                 0 / 0                 0 / 0           MB/s
[70.199s][info][gc,stats    ]      Memory: Undo Object Allocation Failed                     0 / 0                 0 / 0                 0 / 0                 0 / 0           ops/s
[70.199s][info][gc,stats    ]      Memory: Undo Object Allocation Succeeded                  1 / 10                0 / 10                0 / 10                0 / 10          ops/s
[70.199s][info][gc,stats    ]      Memory: Undo Page Allocation                              0 / 4                 0 / 4                 0 / 4                 0 / 4           ops/s
[70.199s][info][gc,stats    ]       Phase: Concurrent Mark                             866.340 / 866.340     277.040 / 866.340     277.040 / 866.340     277.040 / 866.340     ms
[70.199s][info][gc,stats    ]       Phase: Concurrent Mark Continue                      0.000 / 0.000         0.000 / 0.000         0.000 / 0.000         0.000 / 0.000       ms
[70.199s][info][gc,stats    ]       Phase: Concurrent Mark Free                          0.006 / 0.006         0.006 / 0.008         0.006 / 0.008         0.006 / 0.008       ms
[70.199s][info][gc,stats    ]       Phase: Concurrent Process Non-Strong References    246.031 / 246.031      67.736 / 246.031      67.736 / 246.031      67.736 / 246.031     ms
[70.199s][info][gc,stats    ]       Phase: Concurrent Relocate                         159.946 / 159.946      59.689 / 159.946      59.689 / 159.946      59.689 / 159.946     ms
[70.199s][info][gc,stats    ]       Phase: Concurrent Reset Relocation Set               0.014 / 0.014         0.008 / 0.014         0.008 / 0.014         0.008 / 0.014       ms
[70.199s][info][gc,stats    ]       Phase: Concurrent Select Relocation Set             12.340 / 12.340        5.843 / 12.340        5.843 / 12.340        5.843 / 12.340      ms
[70.199s][info][gc,stats    ]       Phase: Pause Mark End                                0.026 / 0.026         0.027 / 0.033         0.027 / 0.033         0.027 / 0.033       ms
[70.199s][info][gc,stats    ]       Phase: Pause Mark Start                              0.032 / 0.032         0.042 / 0.070         0.042 / 0.070         0.042 / 0.070       ms
[70.199s][info][gc,stats    ]       Phase: Pause Relocate Start                          0.016 / 0.016         0.018 / 0.025         0.018 / 0.025         0.018 / 0.025       ms
[70.199s][info][gc,stats    ]    Subphase: Concurrent Classes Purge                      7.662 / 7.662         2.722 / 7.662         2.722 / 7.662         2.722 / 7.662       ms
[70.199s][info][gc,stats    ]    Subphase: Concurrent Classes Unlink                   229.191 / 229.191      59.678 / 229.191      59.678 / 229.191      59.678 / 229.191     ms
[70.199s][info][gc,stats    ]    Subphase: Concurrent Mark                             860.450 / 861.323     273.077 / 861.323     273.077 / 861.323     273.077 / 861.323     ms
[70.199s][info][gc,stats    ]    Subphase: Concurrent Mark Try Flush                     0.482 / 0.591         0.449 / 2.142         0.449 / 2.142         0.449 / 2.142       ms
[70.199s][info][gc,stats    ]    Subphase: Concurrent Mark Try Terminate                 0.862 / 1.433         0.762 / 2.383         0.762 / 2.383         0.762 / 2.383       ms
[70.199s][info][gc,stats    ]    Subphase: Concurrent References Enqueue                 0.008 / 0.008         0.008 / 0.009         0.008 / 0.009         0.008 / 0.009       ms
[70.199s][info][gc,stats    ]    Subphase: Concurrent References Process                 1.640 / 1.640         2.154 / 6.539         2.154 / 6.539         2.154 / 6.539       ms
[70.199s][info][gc,stats    ]    Subphase: Concurrent Roots ClassLoaderDataGraph         0.364 / 0.625         0.277 / 0.625         0.277 / 0.625         0.277 / 0.625       ms
[70.199s][info][gc,stats    ]    Subphase: Concurrent Roots CodeCache                    0.000 / 0.000         0.000 / 0.000         0.000 / 0.000         0.000 / 0.000       ms
[70.199s][info][gc,stats    ]    Subphase: Concurrent Roots JavaThreads                  2.762 / 3.914         1.769 / 3.914         1.769 / 3.914         1.769 / 3.914       ms
[70.199s][info][gc,stats    ]    Subphase: Concurrent Roots OopStorageSet                0.337 / 0.518         0.173 / 0.518         0.173 / 0.518         0.173 / 0.518       ms
[70.199s][info][gc,stats    ]    Subphase: Concurrent Weak Roots OopStorageSet           3.701 / 6.214         1.716 / 6.214         1.716 / 6.214         1.716 / 6.214       ms
[70.199s][info][gc,stats    ]    Subphase: Pause Mark Try Complete                       0.000 / 0.000         0.000 / 0.000         0.000 / 0.000         0.000 / 0.000       ms
[70.199s][info][gc,stats    ]      System: Java Threads                                    140 / 140              63 / 140              63 / 140              63 / 140         threads
[70.199s][info][gc,stats    ] =========================================================================================================================================================
[79.499s][info][gc,start    ] GC(4) Garbage Collection (Warmup)
[79.499s][info][gc,task     ] GC(4) Using 2 workers
[79.500s][info][gc,phases   ] GC(4) Pause Mark Start 0.041ms
[80.199s][info][gc,stats    ] === Garbage Collection Statistics =======================================================================================================================
[80.199s][info][gc,stats    ]                                                              Last 10s              Last 10m              Last 10h                Total
[80.199s][info][gc,stats    ]                                                              Avg / Max             Avg / Max             Avg / Max             Avg / Max
[80.199s][info][gc,stats    ]   Collector: Garbage Collection Cycle                      0.000 / 0.000       411.419 / 1285.381    411.419 / 1285.381    411.419 / 1285.381    ms
[80.199s][info][gc,stats    ]  Contention: Mark Segment Reset Contention                     0 / 1                 0 / 1                 0 / 1                 0 / 1           ops/s
[80.199s][info][gc,stats    ]  Contention: Mark SeqNum Reset Contention                      0 / 0                 0 / 0                 0 / 0                 0 / 0           ops/s
[80.199s][info][gc,stats    ]    Critical: Allocation Stall                                  0 / 0                 0 / 0                 0 / 0                 0 / 0           ops/s
[80.199s][info][gc,stats    ]    Critical: Allocation Stall                              0.000 / 0.000         0.000 / 0.000         0.000 / 0.000         0.000 / 0.000       ms
[80.199s][info][gc,stats    ]    Critical: GC Locker Stall                                   0 / 0                 0 / 0                 0 / 0                 0 / 0           ops/s
[80.199s][info][gc,stats    ]    Critical: GC Locker Stall                               0.000 / 0.000         0.000 / 0.000         0.000 / 0.000         0.000 / 0.000       ms
[80.199s][info][gc,stats    ]    Critical: Relocation Stall                                  0 / 0                 0 / 0                 0 / 0                 0 / 0           ops/s
[80.199s][info][gc,stats    ]    Critical: Relocation Stall                              0.000 / 0.000         0.000 / 0.000         0.000 / 0.000         0.000 / 0.000       ms
[80.199s][info][gc,stats    ]      Memory: Allocation Rate                                  37 / 50               15 / 186              15 / 186              15 / 186         MB/s
[80.199s][info][gc,stats    ]      Memory: Defragment                                        0 / 0                 0 / 14                0 / 14                0 / 14          ops/s
[80.199s][info][gc,stats    ]      Memory: Out Of Memory                                     0 / 0                 0 / 0                 0 / 0                 0 / 0           ops/s
[80.199s][info][gc,stats    ]      Memory: Page Cache Flush                                  0 / 0                 0 / 28                0 / 28                0 / 28          MB/s
[80.199s][info][gc,stats    ]      Memory: Page Cache Hit L1                                 9 / 19                3 / 52                3 / 52                3 / 52          ops/s
[80.199s][info][gc,stats    ]      Memory: Page Cache Hit L2                                 0 / 0                 0 / 0                 0 / 0                 0 / 0           ops/s
[80.199s][info][gc,stats    ]      Memory: Page Cache Hit L3                                 0 / 0                 1 / 25                1 / 25                1 / 25          ops/s
[80.199s][info][gc,stats    ]      Memory: Page Cache Miss                                   9 / 24                2 / 24                2 / 24                2 / 24          ops/s
[80.199s][info][gc,stats    ]      Memory: Uncommit                                          0 / 0                 0 / 0                 0 / 0                 0 / 0           MB/s
[80.199s][info][gc,stats    ]      Memory: Undo Object Allocation Failed                     0 / 0                 0 / 0                 0 / 0                 0 / 0           ops/s
[80.199s][info][gc,stats    ]      Memory: Undo Object Allocation Succeeded                  0 / 0                 0 / 10                0 / 10                0 / 10          ops/s
[80.199s][info][gc,stats    ]      Memory: Undo Page Allocation                              0 / 1                 0 / 4                 0 / 4                 0 / 4           ops/s
[80.199s][info][gc,stats    ]       Phase: Concurrent Mark                               0.000 / 0.000       277.040 / 866.340     277.040 / 866.340     277.040 / 866.340     ms
[80.199s][info][gc,stats    ]       Phase: Concurrent Mark Continue                      0.000 / 0.000         0.000 / 0.000         0.000 / 0.000         0.000 / 0.000       ms
[80.199s][info][gc,stats    ]       Phase: Concurrent Mark Free                          0.000 / 0.000         0.006 / 0.008         0.006 / 0.008         0.006 / 0.008       ms
[80.199s][info][gc,stats    ]       Phase: Concurrent Process Non-Strong References      0.000 / 0.000        67.736 / 246.031      67.736 / 246.031      67.736 / 246.031     ms
[80.199s][info][gc,stats    ]       Phase: Concurrent Relocate                           0.000 / 0.000        59.689 / 159.946      59.689 / 159.946      59.689 / 159.946     ms
[80.199s][info][gc,stats    ]       Phase: Concurrent Reset Relocation Set               0.000 / 0.000         0.008 / 0.014         0.008 / 0.014         0.008 / 0.014       ms
[80.199s][info][gc,stats    ]       Phase: Concurrent Select Relocation Set              0.000 / 0.000         5.843 / 12.340        5.843 / 12.340        5.843 / 12.340      ms
[80.199s][info][gc,stats    ]       Phase: Pause Mark End                                0.000 / 0.000         0.027 / 0.033         0.027 / 0.033         0.027 / 0.033       ms
[80.199s][info][gc,stats    ]       Phase: Pause Mark Start                              0.041 / 0.041         0.042 / 0.070         0.042 / 0.070         0.042 / 0.070       ms
[80.199s][info][gc,stats    ]       Phase: Pause Relocate Start                          0.000 / 0.000         0.018 / 0.025         0.018 / 0.025         0.018 / 0.025       ms
[80.199s][info][gc,stats    ]    Subphase: Concurrent Classes Purge                      0.000 / 0.000         2.722 / 7.662         2.722 / 7.662         2.722 / 7.662       ms
[80.199s][info][gc,stats    ]    Subphase: Concurrent Classes Unlink                     0.000 / 0.000        59.678 / 229.191      59.678 / 229.191      59.678 / 229.191     ms
[80.199s][info][gc,stats    ]    Subphase: Concurrent Mark                               0.000 / 0.000       273.077 / 861.323     273.077 / 861.323     273.077 / 861.323     ms
[80.199s][info][gc,stats    ]    Subphase: Concurrent Mark Try Flush                     0.000 / 0.000         0.449 / 2.142         0.449 / 2.142         0.449 / 2.142       ms
[80.199s][info][gc,stats    ]    Subphase: Concurrent Mark Try Terminate                 0.000 / 0.000         0.762 / 2.383         0.762 / 2.383         0.762 / 2.383       ms
[80.199s][info][gc,stats    ]    Subphase: Concurrent References Enqueue                 0.000 / 0.000         0.008 / 0.009         0.008 / 0.009         0.008 / 0.009       ms
[80.199s][info][gc,stats    ]    Subphase: Concurrent References Process                 0.000 / 0.000         2.154 / 6.539         2.154 / 6.539         2.154 / 6.539       ms
[80.199s][info][gc,stats    ]    Subphase: Concurrent Roots ClassLoaderDataGraph         0.319 / 0.533         0.286 / 0.625         0.286 / 0.625         0.286 / 0.625       ms
[80.199s][info][gc,stats    ]    Subphase: Concurrent Roots CodeCache                    0.000 / 0.000         0.000 / 0.000         0.000 / 0.000         0.000 / 0.000       ms
[80.199s][info][gc,stats    ]    Subphase: Concurrent Roots JavaThreads                  0.881 / 1.106         1.591 / 3.914         1.591 / 3.914         1.591 / 3.914       ms
[80.199s][info][gc,stats    ]    Subphase: Concurrent Roots OopStorageSet                0.135 / 0.141         0.165 / 0.518         0.165 / 0.518         0.165 / 0.518       ms
[80.199s][info][gc,stats    ]    Subphase: Concurrent Weak Roots OopStorageSet           0.000 / 0.000         1.716 / 6.214         1.716 / 6.214         1.716 / 6.214       ms
[80.199s][info][gc,stats    ]    Subphase: Pause Mark Try Complete                       0.000 / 0.000         0.000 / 0.000         0.000 / 0.000         0.000 / 0.000       ms
[80.199s][info][gc,stats    ]      System: Java Threads                                    139 / 139              69 / 140              69 / 140              69 / 140         threads
[80.199s][info][gc,stats    ] =========================================================================================================================================================
[80.550s][info][gc,phases   ] GC(4) Concurrent Mark 1050.523ms
[80.551s][info][gc,phases   ] GC(4) Pause Mark End 0.036ms
[80.551s][info][gc,phases   ] GC(4) Concurrent Mark Free 0.007ms
[80.625s][info][gc,phases   ] GC(4) Concurrent Process Non-Strong References 74.029ms
[80.625s][info][gc,phases   ] GC(4) Concurrent Reset Relocation Set 0.026ms
[80.639s][info][gc,phases   ] GC(4) Concurrent Select Relocation Set 13.470ms
[80.639s][info][gc,phases   ] GC(4) Pause Relocate Start 0.015ms
[80.773s][info][gc,phases   ] GC(4) Concurrent Relocate 134.193ms
[80.773s][info][gc,load     ] GC(4) Load: 5.93/2.24/1.15
[80.773s][info][gc,mmu      ] GC(4) MMU: 2ms/96.5%, 5ms/98.6%, 10ms/99.3%, 20ms/99.7%, 50ms/99.9%, 100ms/99.9%
[80.773s][info][gc,marking  ] GC(4) Mark: 2 stripe(s), 2 proactive flush(es), 1 terminate flush(es), 0 completion(s), 0 continuation(s) 
[80.773s][info][gc,marking  ] GC(4) Mark Stack Usage: 32M
[80.773s][info][gc,nmethod  ] GC(4) NMethods: 8578 registered, 1569 unregistered
[80.773s][info][gc,metaspace] GC(4) Metaspace: 62M used, 63M committed, 1088M reserved
[80.773s][info][gc,ref      ] GC(4) Soft: 4896 encountered, 0 discovered, 0 enqueued
[80.773s][info][gc,ref      ] GC(4) Weak: 4979 encountered, 730 discovered, 2 enqueued
[80.773s][info][gc,ref      ] GC(4) Final: 47 encountered, 1 discovered, 0 enqueued
[80.773s][info][gc,ref      ] GC(4) Phantom: 611 encountered, 488 discovered, 0 enqueued
[80.773s][info][gc,reloc    ] GC(4) Small Pages: 282 / 564M, Empty: 0M, Relocated: 16M, In-Place: 0
[80.773s][info][gc,reloc    ] GC(4) Medium Pages: 1 / 32M, Empty: 0M, Relocated: 0M, In-Place: 0
[80.773s][info][gc,reloc    ] GC(4) Large Pages: 0 / 0M, Empty: 0M, Relocated: 0M, In-Place: 0
[80.773s][info][gc,reloc    ] GC(4) Forwarding Usage: 8M
[80.773s][info][gc,heap     ] GC(4) Min Capacity: 8M(0%)
[80.773s][info][gc,heap     ] GC(4) Max Capacity: 1986M(100%)
[80.773s][info][gc,heap     ] GC(4) Soft Max Capacity: 1986M(100%)
[80.773s][info][gc,heap     ] GC(4)                Mark Start          Mark End        Relocate Start      Relocate End           High               Low         
[80.773s][info][gc,heap     ] GC(4)  Capacity:      598M (30%)         642M (32%)         646M (33%)         654M (33%)         654M (33%)         598M (30%)    
[80.773s][info][gc,heap     ] GC(4)      Free:     1390M (70%)        1344M (68%)        1340M (67%)        1772M (89%)        1772M (89%)        1332M (67%)    
[80.773s][info][gc,heap     ] GC(4)      Used:      596M (30%)         642M (32%)         646M (33%)         214M (11%)         654M (33%)         214M (11%)    
[80.773s][info][gc,heap     ] GC(4)      Live:         -               126M (6%)          126M (6%)          126M (6%)             -                  -          
[80.773s][info][gc,heap     ] GC(4) Allocated:         -                46M (2%)           50M (3%)           56M (3%)             -                  -          
[80.773s][info][gc,heap     ] GC(4)   Garbage:         -               469M (24%)         469M (24%)          30M (2%)             -                  -          
[80.773s][info][gc,heap     ] GC(4) Reclaimed:         -                  -                 0M (0%)          438M (22%)            -                  -          
[80.773s][info][gc          ] GC(4) Garbage Collection (Warmup) 596M(30%)->214M(11%)
[90.199s][info][gc,stats    ] === Garbage Collection Statistics =======================================================================================================================
[90.199s][info][gc,stats    ]                                                              Last 10s              Last 10m              Last 10h                Total
[90.199s][info][gc,stats    ]                                                              Avg / Max             Avg / Max             Avg / Max             Avg / Max
[90.199s][info][gc,stats    ]   Collector: Garbage Collection Cycle                   1273.864 / 1273.864    583.908 / 1285.381    583.908 / 1285.381    583.908 / 1285.381    ms
[90.199s][info][gc,stats    ]  Contention: Mark Segment Reset Contention                     0 / 0                 0 / 1                 0 / 1                 0 / 1           ops/s
[90.199s][info][gc,stats    ]  Contention: Mark SeqNum Reset Contention                      0 / 0                 0 / 0                 0 / 0                 0 / 0           ops/s
[90.199s][info][gc,stats    ]    Critical: Allocation Stall                                  0 / 0                 0 / 0                 0 / 0                 0 / 0           ops/s
[90.199s][info][gc,stats    ]    Critical: Allocation Stall                              0.000 / 0.000         0.000 / 0.000         0.000 / 0.000         0.000 / 0.000       ms
[90.199s][info][gc,stats    ]    Critical: GC Locker Stall                                   0 / 0                 0 / 0                 0 / 0                 0 / 0           ops/s
[90.199s][info][gc,stats    ]    Critical: GC Locker Stall                               0.000 / 0.000         0.000 / 0.000         0.000 / 0.000         0.000 / 0.000       ms
[90.199s][info][gc,stats    ]    Critical: Relocation Stall                                  0 / 0                 0 / 0                 0 / 0                 0 / 0           ops/s
[90.199s][info][gc,stats    ]    Critical: Relocation Stall                              0.000 / 0.000         0.000 / 0.000         0.000 / 0.000         0.000 / 0.000       ms
[90.199s][info][gc,stats    ]      Memory: Allocation Rate                                  43 / 80               18 / 186              18 / 186              18 / 186         MB/s
[90.199s][info][gc,stats    ]      Memory: Defragment                                        0 / 0                 0 / 14                0 / 14                0 / 14          ops/s
[90.199s][info][gc,stats    ]      Memory: Out Of Memory                                     0 / 0                 0 / 0                 0 / 0                 0 / 0           ops/s
[90.199s][info][gc,stats    ]      Memory: Page Cache Flush                                  0 / 0                 0 / 28                0 / 28                0 / 28          MB/s
[90.199s][info][gc,stats    ]      Memory: Page Cache Hit L1                                19 / 24                5 / 52                5 / 52                5 / 52          ops/s
[90.199s][info][gc,stats    ]      Memory: Page Cache Hit L2                                 0 / 0                 0 / 0                 0 / 0                 0 / 0           ops/s
[90.199s][info][gc,stats    ]      Memory: Page Cache Hit L3                                 0 / 0                 1 / 25                1 / 25                1 / 25          ops/s
[90.199s][info][gc,stats    ]      Memory: Page Cache Miss                                   1 / 11                2 / 24                2 / 24                2 / 24          ops/s
[90.199s][info][gc,stats    ]      Memory: Uncommit                                          0 / 0                 0 / 0                 0 / 0                 0 / 0           MB/s
[90.199s][info][gc,stats    ]      Memory: Undo Object Allocation Failed                     0 / 0                 0 / 0                 0 / 0                 0 / 0           ops/s
[90.199s][info][gc,stats    ]      Memory: Undo Object Allocation Succeeded                  0 / 0                 0 / 10                0 / 10                0 / 10          ops/s
[90.199s][info][gc,stats    ]      Memory: Undo Page Allocation                              0 / 1                 0 / 4                 0 / 4                 0 / 4           ops/s
[90.199s][info][gc,stats    ]       Phase: Concurrent Mark                            1050.523 / 1050.523    431.737 / 1050.523    431.737 / 1050.523    431.737 / 1050.523    ms
[90.199s][info][gc,stats    ]       Phase: Concurrent Mark Continue                      0.000 / 0.000         0.000 / 0.000         0.000 / 0.000         0.000 / 0.000       ms
[90.199s][info][gc,stats    ]       Phase: Concurrent Mark Free                          0.007 / 0.007         0.007 / 0.008         0.007 / 0.008         0.007 / 0.008       ms
[90.199s][info][gc,stats    ]       Phase: Concurrent Process Non-Strong References     74.029 / 74.029       68.994 / 246.031      68.994 / 246.031      68.994 / 246.031     ms
[90.199s][info][gc,stats    ]       Phase: Concurrent Relocate                         134.193 / 134.193      74.590 / 159.946      74.590 / 159.946      74.590 / 159.946     ms
[90.199s][info][gc,stats    ]       Phase: Concurrent Reset Relocation Set               0.026 / 0.026         0.012 / 0.026         0.012 / 0.026         0.012 / 0.026       ms
[90.199s][info][gc,stats    ]       Phase: Concurrent Select Relocation Set             13.470 / 13.470        7.369 / 13.470        7.369 / 13.470        7.369 / 13.470      ms
[90.199s][info][gc,stats    ]       Phase: Pause Mark End                                0.036 / 0.036         0.029 / 0.036         0.029 / 0.036         0.029 / 0.036       ms
[90.199s][info][gc,stats    ]       Phase: Pause Mark Start                              0.000 / 0.000         0.042 / 0.070         0.042 / 0.070         0.042 / 0.070       ms
[90.199s][info][gc,stats    ]       Phase: Pause Relocate Start                          0.015 / 0.015         0.018 / 0.025         0.018 / 0.025         0.018 / 0.025       ms
[90.199s][info][gc,stats    ]    Subphase: Concurrent Classes Purge                      2.936 / 2.936         2.765 / 7.662         2.765 / 7.662         2.765 / 7.662       ms
[90.199s][info][gc,stats    ]    Subphase: Concurrent Classes Unlink                    60.239 / 60.239       59.790 / 229.191      59.790 / 229.191      59.790 / 229.191     ms
[90.199s][info][gc,stats    ]    Subphase: Concurrent Mark                            1046.394 / 1046.798    427.741 / 1046.798    427.741 / 1046.798    427.741 / 1046.798    ms
[90.199s][info][gc,stats    ]    Subphase: Concurrent Mark Try Flush                     0.620 / 0.918         0.477 / 2.142         0.477 / 2.142         0.477 / 2.142       ms
[90.199s][info][gc,stats    ]    Subphase: Concurrent Mark Try Terminate                 1.318 / 4.321         0.931 / 4.321         0.931 / 4.321         0.931 / 4.321       ms
[90.199s][info][gc,stats    ]    Subphase: Concurrent References Enqueue                 0.014 / 0.014         0.009 / 0.014         0.009 / 0.014         0.009 / 0.014       ms
[90.199s][info][gc,stats    ]    Subphase: Concurrent References Process                 3.430 / 3.430         2.410 / 6.539         2.410 / 6.539         2.410 / 6.539       ms
[90.200s][info][gc,stats    ]    Subphase: Concurrent Roots ClassLoaderDataGraph         0.000 / 0.000         0.286 / 0.625         0.286 / 0.625         0.286 / 0.625       ms
[90.200s][info][gc,stats    ]    Subphase: Concurrent Roots CodeCache                    0.000 / 0.000         0.000 / 0.000         0.000 / 0.000         0.000 / 0.000       ms
[90.200s][info][gc,stats    ]    Subphase: Concurrent Roots JavaThreads                  0.000 / 0.000         1.591 / 3.914         1.591 / 3.914         1.591 / 3.914       ms
[90.200s][info][gc,stats    ]    Subphase: Concurrent Roots OopStorageSet                0.000 / 0.000         0.165 / 0.518         0.165 / 0.518         0.165 / 0.518       ms
[90.200s][info][gc,stats    ]    Subphase: Concurrent Weak Roots OopStorageSet           6.703 / 6.738         2.824 / 6.738         2.824 / 6.738         2.824 / 6.738       ms
[90.200s][info][gc,stats    ]    Subphase: Pause Mark Try Complete                       0.000 / 0.000         0.000 / 0.000         0.000 / 0.000         0.000 / 0.000       ms
[90.200s][info][gc,stats    ]      System: Java Threads                                    139 / 139              78 / 140              78 / 140              78 / 140         threads
[90.200s][info][gc,stats    ] =========================================================================================================================================================
[100.199s][info][gc,stats    ] === Garbage Collection Statistics =======================================================================================================================
[100.199s][info][gc,stats    ]                                                              Last 10s              Last 10m              Last 10h                Total
[100.199s][info][gc,stats    ]                                                              Avg / Max             Avg / Max             Avg / Max             Avg / Max
[100.199s][info][gc,stats    ]   Collector: Garbage Collection Cycle                      0.000 / 0.000       583.908 / 1285.381    583.908 / 1285.381    583.908 / 1285.381    ms
[100.199s][info][gc,stats    ]  Contention: Mark Segment Reset Contention                     0 / 0                 0 / 1                 0 / 1                 0 / 1           ops/s
[100.199s][info][gc,stats    ]  Contention: Mark SeqNum Reset Contention                      0 / 0                 0 / 0                 0 / 0                 0 / 0           ops/s
[100.199s][info][gc,stats    ]    Critical: Allocation Stall                                  0 / 0                 0 / 0                 0 / 0                 0 / 0           ops/s
[100.199s][info][gc,stats    ]    Critical: Allocation Stall                              0.000 / 0.000         0.000 / 0.000         0.000 / 0.000         0.000 / 0.000       ms
[100.199s][info][gc,stats    ]    Critical: GC Locker Stall                                   0 / 0                 0 / 0                 0 / 0                 0 / 0           ops/s
[100.199s][info][gc,stats    ]    Critical: GC Locker Stall                               0.000 / 0.000         0.000 / 0.000         0.000 / 0.000         0.000 / 0.000       ms
[100.199s][info][gc,stats    ]    Critical: Relocation Stall                                  0 / 0                 0 / 0                 0 / 0                 0 / 0           ops/s
[100.199s][info][gc,stats    ]    Critical: Relocation Stall                              0.000 / 0.000         0.000 / 0.000         0.000 / 0.000         0.000 / 0.000       ms
[100.199s][info][gc,stats    ]      Memory: Allocation Rate                                  49 / 56               21 / 186              21 / 186              21 / 186         MB/s
[100.199s][info][gc,stats    ]      Memory: Defragment                                        0 / 0                 0 / 14                0 / 14                0 / 14          ops/s
[100.199s][info][gc,stats    ]      Memory: Out Of Memory                                     0 / 0                 0 / 0                 0 / 0                 0 / 0           ops/s
[100.199s][info][gc,stats    ]      Memory: Page Cache Flush                                  0 / 0                 0 / 28                0 / 28                0 / 28          MB/s
[100.199s][info][gc,stats    ]      Memory: Page Cache Hit L1                                 3 / 23                5 / 52                5 / 52                5 / 52          ops/s
[100.199s][info][gc,stats    ]      Memory: Page Cache Hit L2                                 0 / 0                 0 / 0                 0 / 0                 0 / 0           ops/s
[100.199s][info][gc,stats    ]      Memory: Page Cache Hit L3                                 0 / 0                 0 / 25                0 / 25                0 / 25          ops/s
[100.199s][info][gc,stats    ]      Memory: Page Cache Miss                                  20 / 27                4 / 27                4 / 27                4 / 27          ops/s
[100.199s][info][gc,stats    ]      Memory: Uncommit                                          0 / 0                 0 / 0                 0 / 0                 0 / 0           MB/s
[100.199s][info][gc,stats    ]      Memory: Undo Object Allocation Failed                     0 / 0                 0 / 0                 0 / 0                 0 / 0           ops/s
[100.199s][info][gc,stats    ]      Memory: Undo Object Allocation Succeeded                  0 / 0                 0 / 10                0 / 10                0 / 10          ops/s
[100.199s][info][gc,stats    ]      Memory: Undo Page Allocation                              0 / 2                 0 / 4                 0 / 4                 0 / 4           ops/s
[100.199s][info][gc,stats    ]       Phase: Concurrent Mark                               0.000 / 0.000       431.737 / 1050.523    431.737 / 1050.523    431.737 / 1050.523    ms
[100.199s][info][gc,stats    ]       Phase: Concurrent Mark Continue                      0.000 / 0.000         0.000 / 0.000         0.000 / 0.000         0.000 / 0.000       ms
[100.199s][info][gc,stats    ]       Phase: Concurrent Mark Free                          0.000 / 0.000         0.007 / 0.008         0.007 / 0.008         0.007 / 0.008       ms
[100.199s][info][gc,stats    ]       Phase: Concurrent Process Non-Strong References      0.000 / 0.000        68.994 / 246.031      68.994 / 246.031      68.994 / 246.031     ms
[100.199s][info][gc,stats    ]       Phase: Concurrent Relocate                           0.000 / 0.000        74.590 / 159.946      74.590 / 159.946      74.590 / 159.946     ms
[100.199s][info][gc,stats    ]       Phase: Concurrent Reset Relocation Set               0.000 / 0.000         0.012 / 0.026         0.012 / 0.026         0.012 / 0.026       ms
[100.199s][info][gc,stats    ]       Phase: Concurrent Select Relocation Set              0.000 / 0.000         7.369 / 13.470        7.369 / 13.470        7.369 / 13.470      ms
[100.199s][info][gc,stats    ]       Phase: Pause Mark End                                0.000 / 0.000         0.029 / 0.036         0.029 / 0.036         0.029 / 0.036       ms
[100.199s][info][gc,stats    ]       Phase: Pause Mark Start                              0.000 / 0.000         0.042 / 0.070         0.042 / 0.070         0.042 / 0.070       ms
[100.199s][info][gc,stats    ]       Phase: Pause Relocate Start                          0.000 / 0.000         0.018 / 0.025         0.018 / 0.025         0.018 / 0.025       ms
[100.199s][info][gc,stats    ]    Subphase: Concurrent Classes Purge                      0.000 / 0.000         2.765 / 7.662         2.765 / 7.662         2.765 / 7.662       ms
[100.199s][info][gc,stats    ]    Subphase: Concurrent Classes Unlink                     0.000 / 0.000        59.790 / 229.191      59.790 / 229.191      59.790 / 229.191     ms
[100.199s][info][gc,stats    ]    Subphase: Concurrent Mark                               0.000 / 0.000       427.741 / 1046.798    427.741 / 1046.798    427.741 / 1046.798    ms
[100.199s][info][gc,stats    ]    Subphase: Concurrent Mark Try Flush                     0.000 / 0.000         0.477 / 2.142         0.477 / 2.142         0.477 / 2.142       ms
[100.199s][info][gc,stats    ]    Subphase: Concurrent Mark Try Terminate                 0.000 / 0.000         0.931 / 4.321         0.931 / 4.321         0.931 / 4.321       ms
[100.199s][info][gc,stats    ]    Subphase: Concurrent References Enqueue                 0.000 / 0.000         0.009 / 0.014         0.009 / 0.014         0.009 / 0.014       ms
[100.199s][info][gc,stats    ]    Subphase: Concurrent References Process                 0.000 / 0.000         2.410 / 6.539         2.410 / 6.539         2.410 / 6.539       ms
[100.199s][info][gc,stats    ]    Subphase: Concurrent Roots ClassLoaderDataGraph         0.000 / 0.000         0.286 / 0.625         0.286 / 0.625         0.286 / 0.625       ms
[100.199s][info][gc,stats    ]    Subphase: Concurrent Roots CodeCache                    0.000 / 0.000         0.000 / 0.000         0.000 / 0.000         0.000 / 0.000       ms
[100.199s][info][gc,stats    ]    Subphase: Concurrent Roots JavaThreads                  0.000 / 0.000         1.591 / 3.914         1.591 / 3.914         1.591 / 3.914       ms
[100.199s][info][gc,stats    ]    Subphase: Concurrent Roots OopStorageSet                0.000 / 0.000         0.165 / 0.518         0.165 / 0.518         0.165 / 0.518       ms
[100.199s][info][gc,stats    ]    Subphase: Concurrent Weak Roots OopStorageSet           0.000 / 0.000         2.824 / 6.738         2.824 / 6.738         2.824 / 6.738       ms
[100.199s][info][gc,stats    ]    Subphase: Pause Mark Try Complete                       0.000 / 0.000         0.000 / 0.000         0.000 / 0.000         0.000 / 0.000       ms
[100.199s][info][gc,stats    ]      System: Java Threads                                      0 / 0                78 / 140              78 / 140              78 / 140         threads
[100.199s][info][gc,stats    ] =========================================================================================================================================================
[110.199s][info][gc,stats    ] === Garbage Collection Statistics =======================================================================================================================
[110.199s][info][gc,stats    ]                                                              Last 10s              Last 10m              Last 10h                Total
[110.199s][info][gc,stats    ]                                                              Avg / Max             Avg / Max             Avg / Max             Avg / Max
[110.199s][info][gc,stats    ]   Collector: Garbage Collection Cycle                      0.000 / 0.000       583.908 / 1285.381    583.908 / 1285.381    583.908 / 1285.381    ms
[110.199s][info][gc,stats    ]  Contention: Mark Segment Reset Contention                     0 / 0                 0 / 1                 0 / 1                 0 / 1           ops/s
[110.199s][info][gc,stats    ]  Contention: Mark SeqNum Reset Contention                      0 / 0                 0 / 0                 0 / 0                 0 / 0           ops/s
[110.199s][info][gc,stats    ]    Critical: Allocation Stall                                  0 / 0                 0 / 0                 0 / 0                 0 / 0           ops/s
[110.199s][info][gc,stats    ]    Critical: Allocation Stall                              0.000 / 0.000         0.000 / 0.000         0.000 / 0.000         0.000 / 0.000       ms
[110.199s][info][gc,stats    ]    Critical: GC Locker Stall                                   0 / 0                 0 / 0                 0 / 0                 0 / 0           ops/s
[110.199s][info][gc,stats    ]    Critical: GC Locker Stall                               0.000 / 0.000         0.000 / 0.000         0.000 / 0.000         0.000 / 0.000       ms
[110.199s][info][gc,stats    ]    Critical: Relocation Stall                                  0 / 0                 0 / 0                 0 / 0                 0 / 0           ops/s
[110.199s][info][gc,stats    ]    Critical: Relocation Stall                              0.000 / 0.000         0.000 / 0.000         0.000 / 0.000         0.000 / 0.000       ms
[110.199s][info][gc,stats    ]      Memory: Allocation Rate                                   4 / 34               19 / 186              19 / 186              19 / 186         MB/s
[110.199s][info][gc,stats    ]      Memory: Defragment                                        0 / 0                 0 / 14                0 / 14                0 / 14          ops/s
[110.199s][info][gc,stats    ]      Memory: Out Of Memory                                     0 / 0                 0 / 0                 0 / 0                 0 / 0           ops/s
[110.199s][info][gc,stats    ]      Memory: Page Cache Flush                                  0 / 0                 0 / 28                0 / 28                0 / 28          MB/s
[110.199s][info][gc,stats    ]      Memory: Page Cache Hit L1                                 0 / 0                 4 / 52                4 / 52                4 / 52          ops/s
[110.199s][info][gc,stats    ]      Memory: Page Cache Hit L2                                 0 / 0                 0 / 0                 0 / 0                 0 / 0           ops/s
[110.199s][info][gc,stats    ]      Memory: Page Cache Hit L3                                 0 / 0                 0 / 25                0 / 25                0 / 25          ops/s
[110.199s][info][gc,stats    ]      Memory: Page Cache Miss                                   2 / 17                4 / 27                4 / 27                4 / 27          ops/s
[110.199s][info][gc,stats    ]      Memory: Uncommit                                          0 / 0                 0 / 0                 0 / 0                 0 / 0           MB/s
[110.199s][info][gc,stats    ]      Memory: Undo Object Allocation Failed                     0 / 0                 0 / 0                 0 / 0                 0 / 0           ops/s
[110.199s][info][gc,stats    ]      Memory: Undo Object Allocation Succeeded                  0 / 0                 0 / 10                0 / 10                0 / 10          ops/s
[110.199s][info][gc,stats    ]      Memory: Undo Page Allocation                              0 / 0                 0 / 4                 0 / 4                 0 / 4           ops/s
[110.199s][info][gc,stats    ]       Phase: Concurrent Mark                               0.000 / 0.000       431.737 / 1050.523    431.737 / 1050.523    431.737 / 1050.523    ms
[110.199s][info][gc,stats    ]       Phase: Concurrent Mark Continue                      0.000 / 0.000         0.000 / 0.000         0.000 / 0.000         0.000 / 0.000       ms
[110.199s][info][gc,stats    ]       Phase: Concurrent Mark Free                          0.000 / 0.000         0.007 / 0.008         0.007 / 0.008         0.007 / 0.008       ms
[110.199s][info][gc,stats    ]       Phase: Concurrent Process Non-Strong References      0.000 / 0.000        68.994 / 246.031      68.994 / 246.031      68.994 / 246.031     ms
[110.199s][info][gc,stats    ]       Phase: Concurrent Relocate                           0.000 / 0.000        74.590 / 159.946      74.590 / 159.946      74.590 / 159.946     ms
[110.199s][info][gc,stats    ]       Phase: Concurrent Reset Relocation Set               0.000 / 0.000         0.012 / 0.026         0.012 / 0.026         0.012 / 0.026       ms
[110.199s][info][gc,stats    ]       Phase: Concurrent Select Relocation Set              0.000 / 0.000         7.369 / 13.470        7.369 / 13.470        7.369 / 13.470      ms
[110.199s][info][gc,stats    ]       Phase: Pause Mark End                                0.000 / 0.000         0.029 / 0.036         0.029 / 0.036         0.029 / 0.036       ms
[110.199s][info][gc,stats    ]       Phase: Pause Mark Start                              0.000 / 0.000         0.042 / 0.070         0.042 / 0.070         0.042 / 0.070       ms
[110.199s][info][gc,stats    ]       Phase: Pause Relocate Start                          0.000 / 0.000         0.018 / 0.025         0.018 / 0.025         0.018 / 0.025       ms
[110.199s][info][gc,stats    ]    Subphase: Concurrent Classes Purge                      0.000 / 0.000         2.765 / 7.662         2.765 / 7.662         2.765 / 7.662       ms
[110.200s][info][gc,stats    ]    Subphase: Concurrent Classes Unlink                     0.000 / 0.000        59.790 / 229.191      59.790 / 229.191      59.790 / 229.191     ms
[110.200s][info][gc,stats    ]    Subphase: Concurrent Mark                               0.000 / 0.000       427.741 / 1046.798    427.741 / 1046.798    427.741 / 1046.798    ms
[110.200s][info][gc,stats    ]    Subphase: Concurrent Mark Try Flush                     0.000 / 0.000         0.477 / 2.142         0.477 / 2.142         0.477 / 2.142       ms
[110.200s][info][gc,stats    ]    Subphase: Concurrent Mark Try Terminate                 0.000 / 0.000         0.931 / 4.321         0.931 / 4.321         0.931 / 4.321       ms
[110.200s][info][gc,stats    ]    Subphase: Concurrent References Enqueue                 0.000 / 0.000         0.009 / 0.014         0.009 / 0.014         0.009 / 0.014       ms
[110.200s][info][gc,stats    ]    Subphase: Concurrent References Process                 0.000 / 0.000         2.410 / 6.539         2.410 / 6.539         2.410 / 6.539       ms
[110.200s][info][gc,stats    ]    Subphase: Concurrent Roots ClassLoaderDataGraph         0.000 / 0.000         0.286 / 0.625         0.286 / 0.625         0.286 / 0.625       ms
[110.200s][info][gc,stats    ]    Subphase: Concurrent Roots CodeCache                    0.000 / 0.000         0.000 / 0.000         0.000 / 0.000         0.000 / 0.000       ms
[110.200s][info][gc,stats    ]    Subphase: Concurrent Roots JavaThreads                  0.000 / 0.000         1.591 / 3.914         1.591 / 3.914         1.591 / 3.914       ms
[110.200s][info][gc,stats    ]    Subphase: Concurrent Roots OopStorageSet                0.000 / 0.000         0.165 / 0.518         0.165 / 0.518         0.165 / 0.518       ms
[110.200s][info][gc,stats    ]    Subphase: Concurrent Weak Roots OopStorageSet           0.000 / 0.000         2.824 / 6.738         2.824 / 6.738         2.824 / 6.738       ms
[110.200s][info][gc,stats    ]    Subphase: Pause Mark Try Complete                       0.000 / 0.000         0.000 / 0.000         0.000 / 0.000         0.000 / 0.000       ms
[110.200s][info][gc,stats    ]      System: Java Threads                                      0 / 0                78 / 140              78 / 140              78 / 140         threads
[110.200s][info][gc,stats    ] =========================================================================================================================================================
[120.199s][info][gc,stats    ] === Garbage Collection Statistics =======================================================================================================================
[120.199s][info][gc,stats    ]                                                              Last 10s              Last 10m              Last 10h                Total
[120.199s][info][gc,stats    ]                                                              Avg / Max             Avg / Max             Avg / Max             Avg / Max
[120.199s][info][gc,stats    ]   Collector: Garbage Collection Cycle                      0.000 / 0.000       583.908 / 1285.381    583.908 / 1285.381    583.908 / 1285.381    ms
[120.199s][info][gc,stats    ]  Contention: Mark Segment Reset Contention                     0 / 0                 0 / 1                 0 / 1                 0 / 1           ops/s
[120.199s][info][gc,stats    ]  Contention: Mark SeqNum Reset Contention                      0 / 0                 0 / 0                 0 / 0                 0 / 0           ops/s
[120.199s][info][gc,stats    ]    Critical: Allocation Stall                                  0 / 0                 0 / 0                 0 / 0                 0 / 0           ops/s
[120.199s][info][gc,stats    ]    Critical: Allocation Stall                              0.000 / 0.000         0.000 / 0.000         0.000 / 0.000         0.000 / 0.000       ms
[120.199s][info][gc,stats    ]    Critical: GC Locker Stall                                   0 / 0                 0 / 0                 0 / 0                 0 / 0           ops/s
[120.199s][info][gc,stats    ]    Critical: GC Locker Stall                               0.000 / 0.000         0.000 / 0.000         0.000 / 0.000         0.000 / 0.000       ms
[120.199s][info][gc,stats    ]    Critical: Relocation Stall                                  0 / 0                 0 / 0                 0 / 0                 0 / 0           ops/s
[120.199s][info][gc,stats    ]    Critical: Relocation Stall                              0.000 / 0.000         0.000 / 0.000         0.000 / 0.000         0.000 / 0.000       ms
[120.199s][info][gc,stats    ]      Memory: Allocation Rate                                   0 / 4                18 / 186              18 / 186              18 / 186         MB/s
[120.199s][info][gc,stats    ]      Memory: Defragment                                        0 / 0                 0 / 14                0 / 14                0 / 14          ops/s
[120.199s][info][gc,stats    ]      Memory: Out Of Memory                                     0 / 0                 0 / 0                 0 / 0                 0 / 0           ops/s
[120.199s][info][gc,stats    ]      Memory: Page Cache Flush                                  0 / 0                 0 / 28                0 / 28                0 / 28          MB/s
[120.199s][info][gc,stats    ]      Memory: Page Cache Hit L1                                 0 / 0                 4 / 52                4 / 52                4 / 52          ops/s
[120.199s][info][gc,stats    ]      Memory: Page Cache Hit L2                                 0 / 0                 0 / 0                 0 / 0                 0 / 0           ops/s
[120.199s][info][gc,stats    ]      Memory: Page Cache Hit L3                                 0 / 0                 0 / 25                0 / 25                0 / 25          ops/s
[120.199s][info][gc,stats    ]      Memory: Page Cache Miss                                   0 / 2                 3 / 27                3 / 27                3 / 27          ops/s
[120.199s][info][gc,stats    ]      Memory: Uncommit                                          0 / 0                 0 / 0                 0 / 0                 0 / 0           MB/s
[120.200s][info][gc,stats    ]      Memory: Undo Object Allocation Failed                     0 / 0                 0 / 0                 0 / 0                 0 / 0           ops/s
[120.200s][info][gc,stats    ]      Memory: Undo Object Allocation Succeeded                  0 / 0                 0 / 10                0 / 10                0 / 10          ops/s
[120.200s][info][gc,stats    ]      Memory: Undo Page Allocation                              0 / 0                 0 / 4                 0 / 4                 0 / 4           ops/s
[120.200s][info][gc,stats    ]       Phase: Concurrent Mark                               0.000 / 0.000       431.737 / 1050.523    431.737 / 1050.523    431.737 / 1050.523    ms
[120.200s][info][gc,stats    ]       Phase: Concurrent Mark Continue                      0.000 / 0.000         0.000 / 0.000         0.000 / 0.000         0.000 / 0.000       ms
[120.200s][info][gc,stats    ]       Phase: Concurrent Mark Free                          0.000 / 0.000         0.007 / 0.008         0.007 / 0.008         0.007 / 0.008       ms
[120.200s][info][gc,stats    ]       Phase: Concurrent Process Non-Strong References      0.000 / 0.000        68.994 / 246.031      68.994 / 246.031      68.994 / 246.031     ms
[120.200s][info][gc,stats    ]       Phase: Concurrent Relocate                           0.000 / 0.000        74.590 / 159.946      74.590 / 159.946      74.590 / 159.946     ms
[120.200s][info][gc,stats    ]       Phase: Concurrent Reset Relocation Set               0.000 / 0.000         0.012 / 0.026         0.012 / 0.026         0.012 / 0.026       ms
[120.200s][info][gc,stats    ]       Phase: Concurrent Select Relocation Set              0.000 / 0.000         7.369 / 13.470        7.369 / 13.470        7.369 / 13.470      ms
[120.200s][info][gc,stats    ]       Phase: Pause Mark End                                0.000 / 0.000         0.029 / 0.036         0.029 / 0.036         0.029 / 0.036       ms
[120.200s][info][gc,stats    ]       Phase: Pause Mark Start                              0.000 / 0.000         0.042 / 0.070         0.042 / 0.070         0.042 / 0.070       ms
[120.200s][info][gc,stats    ]       Phase: Pause Relocate Start                          0.000 / 0.000         0.018 / 0.025         0.018 / 0.025         0.018 / 0.025       ms
[120.200s][info][gc,stats    ]    Subphase: Concurrent Classes Purge                      0.000 / 0.000         2.765 / 7.662         2.765 / 7.662         2.765 / 7.662       ms
[120.200s][info][gc,stats    ]    Subphase: Concurrent Classes Unlink                     0.000 / 0.000        59.790 / 229.191      59.790 / 229.191      59.790 / 229.191     ms
[120.200s][info][gc,stats    ]    Subphase: Concurrent Mark                               0.000 / 0.000       427.741 / 1046.798    427.741 / 1046.798    427.741 / 1046.798    ms
[120.200s][info][gc,stats    ]    Subphase: Concurrent Mark Try Flush                     0.000 / 0.000         0.477 / 2.142         0.477 / 2.142         0.477 / 2.142       ms
[120.200s][info][gc,stats    ]    Subphase: Concurrent Mark Try Terminate                 0.000 / 0.000         0.931 / 4.321         0.931 / 4.321         0.931 / 4.321       ms
[120.200s][info][gc,stats    ]    Subphase: Concurrent References Enqueue                 0.000 / 0.000         0.009 / 0.014         0.009 / 0.014         0.009 / 0.014       ms
[120.200s][info][gc,stats    ]    Subphase: Concurrent References Process                 0.000 / 0.000         2.410 / 6.539         2.410 / 6.539         2.410 / 6.539       ms
[120.200s][info][gc,stats    ]    Subphase: Concurrent Roots ClassLoaderDataGraph         0.000 / 0.000         0.286 / 0.625         0.286 / 0.625         0.286 / 0.625       ms
[120.200s][info][gc,stats    ]    Subphase: Concurrent Roots CodeCache                    0.000 / 0.000         0.000 / 0.000         0.000 / 0.000         0.000 / 0.000       ms
[120.200s][info][gc,stats    ]    Subphase: Concurrent Roots JavaThreads                  0.000 / 0.000         1.591 / 3.914         1.591 / 3.914         1.591 / 3.914       ms
[120.200s][info][gc,stats    ]    Subphase: Concurrent Roots OopStorageSet                0.000 / 0.000         0.165 / 0.518         0.165 / 0.518         0.165 / 0.518       ms
[120.200s][info][gc,stats    ]    Subphase: Concurrent Weak Roots OopStorageSet           0.000 / 0.000         2.824 / 6.738         2.824 / 6.738         2.824 / 6.738       ms
[120.200s][info][gc,stats    ]    Subphase: Pause Mark Try Complete                       0.000 / 0.000         0.000 / 0.000         0.000 / 0.000         0.000 / 0.000       ms
[120.200s][info][gc,stats    ]      System: Java Threads                                      0 / 0                78 / 140              78 / 140              78 / 140         threads
[120.200s][info][gc,stats    ] =========================================================================================================================================================
