[0.011s][info][gc,init] Initializing The Z Garbage Collector
[0.011s][info][gc,init] Version: 21.0.7+6-Ubuntu-0ubuntu122.04 (release)
[0.011s][info][gc,init] Using legacy single-generation mode
[0.011s][info][gc,init] NUMA Support: Disabled
[0.011s][info][gc,init] CPUs: 4 total, 4 available
[0.011s][info][gc,init] Memory: 7937M
[0.011s][info][gc,init] Large Page Support: Disabled
[0.011s][info][gc,init] GC Workers: 2 (dynamic)
[0.012s][info][gc,init] Address Space Type: Contiguous/Unrestricted/Complete
[0.012s][info][gc,init] Address Space Size: 31776M x 3 = 95328M
[0.012s][info][gc,init] Heap Backing File: /memfd:java_heap
[0.012s][info][gc,init] Heap Backing Filesystem: tmpfs (0x1021994)
[0.012s][info][gc,init] Min Capacity: 8M
[0.012s][info][gc,init] Initial Capacity: 126M
[0.012s][info][gc,init] Max Capacity: 1986M
[0.012s][info][gc,init] Medium Page Size: 32M
[0.012s][info][gc,init] Pre-touch: Disabled
[0.012s][info][gc,init] Available space on backing filesystem: N/A
[0.012s][info][gc,init] Uncommit: Disabled
[0.057s][info][gc,init] Runtime Workers: 8
[0.058s][info][gc     ] Using The Z Garbage Collector
[0.066s][info][gc,metaspace] CDS archive(s) mapped at: [0x00007f0e6b000000-0x00007f0e6bc98000-0x00007f0e6bc98000), size 13205504, SharedBaseAddress: 0x00007f0e6b000000, ArchiveRelocationMode: 1.
[0.066s][info][gc,metaspace] Compressed class space mapped at: 0x00007f0e6c000000-0x00007f0eac000000, reserved size: 1073741824
[0.066s][info][gc,metaspace] Narrow klass base: 0x00007f0e6b000000, Narrow klass shift: 0, Narrow klass range: 0x100000000
[1.330s][info][gc,start    ] GC(0) Garbage Collection (Metadata GC Threshold)
[1.330s][info][gc,task     ] GC(0) Using 2 workers
[1.331s][info][gc,phases   ] GC(0) Pause Mark Start 0.024ms
[1.439s][info][gc,phases   ] GC(0) Concurrent Mark 108.269ms
[1.439s][info][gc,phases   ] GC(0) Pause Mark End 0.019ms
[1.439s][info][gc,phases   ] GC(0) Concurrent Mark Free 0.004ms
[1.443s][info][gc,phases   ] GC(0) Concurrent Process Non-Strong References 4.141ms
[1.443s][info][gc,phases   ] GC(0) Concurrent Reset Relocation Set 0.003ms
[1.449s][info][gc,phases   ] GC(0) Concurrent Select Relocation Set 5.773ms
[1.449s][info][gc,phases   ] GC(0) Pause Relocate Start 0.013ms
[1.468s][info][gc,phases   ] GC(0) Concurrent Relocate 18.329ms
[1.468s][info][gc,load     ] GC(0) Load: 1.16/0.95/0.69
[1.468s][info][gc,mmu      ] GC(0) MMU: 2ms/98.8%, 5ms/99.5%, 10ms/99.8%, 20ms/99.8%, 50ms/99.9%, 100ms/100.0%
[1.468s][info][gc,marking  ] GC(0) Mark: 2 stripe(s), 2 proactive flush(es), 1 terminate flush(es), 0 completion(s), 0 continuation(s) 
[1.468s][info][gc,marking  ] GC(0) Mark Stack Usage: 32M
[1.468s][info][gc,nmethod  ] GC(0) NMethods: 2039 registered, 404 unregistered
[1.468s][info][gc,metaspace] GC(0) Metaspace: 22M used, 22M committed, 1088M reserved
[1.468s][info][gc,ref      ] GC(0) Soft: 3976 encountered, 0 discovered, 0 enqueued
[1.468s][info][gc,ref      ] GC(0) Weak: 2161 encountered, 874 discovered, 492 enqueued
[1.468s][info][gc,ref      ] GC(0) Final: 4 encountered, 1 discovered, 0 enqueued
[1.468s][info][gc,ref      ] GC(0) Phantom: 822 encountered, 700 discovered, 175 enqueued
[1.468s][info][gc,reloc    ] GC(0) Small Pages: 79 / 158M, Empty: 0M, Relocated: 11M, In-Place: 0
[1.468s][info][gc,reloc    ] GC(0) Medium Pages: 1 / 32M, Empty: 0M, Relocated: 0M, In-Place: 0
[1.468s][info][gc,reloc    ] GC(0) Large Pages: 0 / 0M, Empty: 0M, Relocated: 0M, In-Place: 0
[1.468s][info][gc,reloc    ] GC(0) Forwarding Usage: 4M
[1.468s][info][gc,heap     ] GC(0) Min Capacity: 8M(0%)
[1.468s][info][gc,heap     ] GC(0) Max Capacity: 1986M(100%)
[1.468s][info][gc,heap     ] GC(0) Soft Max Capacity: 1986M(100%)
[1.468s][info][gc,heap     ] GC(0)                Mark Start          Mark End        Relocate Start      Relocate End           High               Low         
[1.468s][info][gc,heap     ] GC(0)  Capacity:      190M (10%)         202M (10%)         204M (10%)         208M (10%)         208M (10%)         190M (10%)    
[1.468s][info][gc,heap     ] GC(0)      Free:     1796M (90%)        1784M (90%)        1782M (90%)        1850M (93%)        1850M (93%)        1778M (90%)    
[1.468s][info][gc,heap     ] GC(0)      Used:      190M (10%)         202M (10%)         204M (10%)         136M (7%)          208M (10%)         136M (7%)     
[1.468s][info][gc,heap     ] GC(0)      Live:         -                88M (4%)           88M (4%)           88M (4%)             -                  -          
[1.468s][info][gc,heap     ] GC(0) Allocated:         -                12M (1%)           14M (1%)           19M (1%)             -                  -          
[1.468s][info][gc,heap     ] GC(0)   Garbage:         -               101M (5%)          101M (5%)           27M (1%)             -                  -          
[1.468s][info][gc,heap     ] GC(0) Reclaimed:         -                  -                 0M (0%)           73M (4%)             -                  -          
[1.468s][info][gc          ] GC(0) Garbage Collection (Metadata GC Threshold) 190M(10%)->136M(7%)
[1.778s][info][gc,start    ] GC(1) Garbage Collection (Warmup)
[1.778s][info][gc,task     ] GC(1) Using 2 workers
[1.778s][info][gc,phases   ] GC(1) Pause Mark Start 0.042ms
[1.864s][info][gc,phases   ] GC(1) Concurrent Mark 85.864ms
[1.864s][info][gc,phases   ] GC(1) Pause Mark End 0.017ms
[1.864s][info][gc,phases   ] GC(1) Concurrent Mark Free 0.004ms
[1.869s][info][gc,phases   ] GC(1) Concurrent Process Non-Strong References 4.709ms
[1.869s][info][gc,phases   ] GC(1) Concurrent Reset Relocation Set 0.008ms
[1.871s][info][gc,phases   ] GC(1) Concurrent Select Relocation Set 1.678ms
[1.871s][info][gc,phases   ] GC(1) Pause Relocate Start 0.014ms
[1.912s][info][gc,phases   ] GC(1) Concurrent Relocate 41.133ms
[1.912s][info][gc,load     ] GC(1) Load: 1.16/0.95/0.69
[1.912s][info][gc,mmu      ] GC(1) MMU: 2ms/97.9%, 5ms/99.2%, 10ms/99.6%, 20ms/99.8%, 50ms/99.9%, 100ms/99.9%
[1.912s][info][gc,marking  ] GC(1) Mark: 2 stripe(s), 2 proactive flush(es), 1 terminate flush(es), 0 completion(s), 0 continuation(s) 
[1.912s][info][gc,marking  ] GC(1) Mark Stack Usage: 32M
[1.912s][info][gc,nmethod  ] GC(1) NMethods: 2300 registered, 489 unregistered
[1.912s][info][gc,metaspace] GC(1) Metaspace: 27M used, 28M committed, 1088M reserved
[1.912s][info][gc,ref      ] GC(1) Soft: 4088 encountered, 0 discovered, 0 enqueued
[1.912s][info][gc,ref      ] GC(1) Weak: 1934 encountered, 663 discovered, 84 enqueued
[1.912s][info][gc,ref      ] GC(1) Final: 4 encountered, 0 discovered, 0 enqueued
[1.912s][info][gc,ref      ] GC(1) Phantom: 675 encountered, 337 discovered, 81 enqueued
[1.912s][info][gc,reloc    ] GC(1) Small Pages: 77 / 154M, Empty: 28M, Relocated: 5M, In-Place: 0
[1.912s][info][gc,reloc    ] GC(1) Medium Pages: 2 / 64M, Empty: 0M, Relocated: 9M, In-Place: 0
[1.912s][info][gc,reloc    ] GC(1) Large Pages: 0 / 0M, Empty: 0M, Relocated: 0M, In-Place: 0
[1.912s][info][gc,reloc    ] GC(1) Forwarding Usage: 2M
[1.912s][info][gc,heap     ] GC(1) Min Capacity: 8M(0%)
[1.912s][info][gc,heap     ] GC(1) Max Capacity: 1986M(100%)
[1.912s][info][gc,heap     ] GC(1) Soft Max Capacity: 1986M(100%)
[1.912s][info][gc,heap     ] GC(1)                Mark Start          Mark End        Relocate Start      Relocate End           High               Low         
[1.912s][info][gc,heap     ] GC(1)  Capacity:      240M (12%)         272M (14%)         272M (14%)         304M (15%)         304M (15%)         240M (12%)    
[1.912s][info][gc,heap     ] GC(1)      Free:     1768M (89%)        1720M (87%)        1748M (88%)        1818M (92%)        1818M (92%)        1714M (86%)    
[1.912s][info][gc,heap     ] GC(1)      Used:      218M (11%)         266M (13%)         238M (12%)         168M (8%)          272M (14%)         168M (8%)     
[1.912s][info][gc,heap     ] GC(1)      Live:         -                92M (5%)           92M (5%)           92M (5%)             -                  -          
[1.912s][info][gc,heap     ] GC(1) Allocated:         -                48M (2%)           48M (2%)           49M (3%)             -                  -          
[1.912s][info][gc,heap     ] GC(1)   Garbage:         -               125M (6%)           97M (5%)           25M (1%)             -                  -          
[1.912s][info][gc,heap     ] GC(1) Reclaimed:         -                  -                28M (1%)           99M (5%)             -                  -          
[1.912s][info][gc          ] GC(1) Garbage Collection (Warmup) 218M(11%)->168M(8%)
[3.678s][info][gc,start    ] GC(2) Garbage Collection (Warmup)
[3.678s][info][gc,task     ] GC(2) Using 2 workers
[3.678s][info][gc,phases   ] GC(2) Pause Mark Start 0.037ms
[3.859s][info][gc,phases   ] GC(2) Concurrent Mark 180.695ms
[3.859s][info][gc,phases   ] GC(2) Pause Mark End 0.016ms
[3.859s][info][gc,phases   ] GC(2) Concurrent Mark Free 0.004ms
[3.875s][info][gc,phases   ] GC(2) Concurrent Process Non-Strong References 15.609ms
[3.875s][info][gc,phases   ] GC(2) Concurrent Reset Relocation Set 0.008ms
[3.880s][info][gc,phases   ] GC(2) Concurrent Select Relocation Set 4.741ms
[3.880s][info][gc,phases   ] GC(2) Pause Relocate Start 0.013ms
[3.889s][info][gc,phases   ] GC(2) Concurrent Relocate 9.018ms
[3.889s][info][gc,load     ] GC(2) Load: 1.79/1.09/0.74
[3.889s][info][gc,mmu      ] GC(2) MMU: 2ms/97.9%, 5ms/99.2%, 10ms/99.6%, 20ms/99.8%, 50ms/99.9%, 100ms/99.9%
[3.889s][info][gc,marking  ] GC(2) Mark: 2 stripe(s), 8 proactive flush(es), 1 terminate flush(es), 0 completion(s), 0 continuation(s) 
[3.889s][info][gc,marking  ] GC(2) Mark Stack Usage: 32M
[3.889s][info][gc,nmethod  ] GC(2) NMethods: 2873 registered, 174 unregistered
[3.889s][info][gc,metaspace] GC(2) Metaspace: 45M used, 46M committed, 1088M reserved
[3.889s][info][gc,ref      ] GC(2) Soft: 4381 encountered, 0 discovered, 0 enqueued
[3.889s][info][gc,ref      ] GC(2) Weak: 3286 encountered, 1426 discovered, 468 enqueued
[3.889s][info][gc,ref      ] GC(2) Final: 21 encountered, 20 discovered, 0 enqueued
[3.889s][info][gc,ref      ] GC(2) Phantom: 926 encountered, 535 discovered, 53 enqueued
[3.889s][info][gc,reloc    ] GC(2) Small Pages: 183 / 366M, Empty: 58M, Relocated: 11M, In-Place: 0
[3.889s][info][gc,reloc    ] GC(2) Medium Pages: 2 / 64M, Empty: 32M, Relocated: 0M, In-Place: 0
[3.889s][info][gc,reloc    ] GC(2) Large Pages: 0 / 0M, Empty: 0M, Relocated: 0M, In-Place: 0
[3.889s][info][gc,reloc    ] GC(2) Forwarding Usage: 6M
[3.889s][info][gc,heap     ] GC(2) Min Capacity: 8M(0%)
[3.889s][info][gc,heap     ] GC(2) Max Capacity: 1986M(100%)
[3.889s][info][gc,heap     ] GC(2) Soft Max Capacity: 1986M(100%)
[3.889s][info][gc,heap     ] GC(2)                Mark Start          Mark End        Relocate Start      Relocate End           High               Low         
[3.889s][info][gc,heap     ] GC(2)  Capacity:      430M (22%)         482M (24%)         482M (24%)         482M (24%)         482M (24%)         430M (22%)    
[3.889s][info][gc,heap     ] GC(2)      Free:     1556M (78%)        1504M (76%)        1594M (80%)        1806M (91%)        1806M (91%)        1504M (76%)    
[3.889s][info][gc,heap     ] GC(2)      Used:      430M (22%)         482M (24%)         392M (20%)         180M (9%)          482M (24%)         180M (9%)     
[3.889s][info][gc,heap     ] GC(2)      Live:         -               100M (5%)          100M (5%)          100M (5%)             -                  -          
[3.889s][info][gc,heap     ] GC(2) Allocated:         -                52M (3%)           52M (3%)           51M (3%)             -                  -          
[3.889s][info][gc,heap     ] GC(2)   Garbage:         -               329M (17%)         239M (12%)          27M (1%)             -                  -          
[3.889s][info][gc,heap     ] GC(2) Reclaimed:         -                  -                90M (5%)          301M (15%)            -                  -          
[3.889s][info][gc          ] GC(2) Garbage Collection (Warmup) 430M(22%)->180M(9%)
[10.078s][info][gc,stats    ] === Garbage Collection Statistics =======================================================================================================================
[10.078s][info][gc,stats    ]                                                              Last 10s              Last 10m              Last 10h                Total
[10.078s][info][gc,stats    ]                                                              Avg / Max             Avg / Max             Avg / Max             Avg / Max
[10.078s][info][gc,stats    ]   Collector: Garbage Collection Cycle                    160.798 / 210.896     160.798 / 210.896     160.798 / 210.896     160.798 / 210.896     ms
[10.078s][info][gc,stats    ]  Contention: Mark Segment Reset Contention                     0 / 1                 0 / 1                 0 / 1                 0 / 1           ops/s
[10.078s][info][gc,stats    ]  Contention: Mark SeqNum Reset Contention                      0 / 0                 0 / 0                 0 / 0                 0 / 0           ops/s
[10.078s][info][gc,stats    ]    Critical: Allocation Stall                                  0 / 0                 0 / 0                 0 / 0                 0 / 0           ops/s
[10.078s][info][gc,stats    ]    Critical: Allocation Stall                              0.000 / 0.000         0.000 / 0.000         0.000 / 0.000         0.000 / 0.000       ms
[10.078s][info][gc,stats    ]    Critical: GC Locker Stall                                   0 / 0                 0 / 0                 0 / 0                 0 / 0           ops/s
[10.078s][info][gc,stats    ]    Critical: GC Locker Stall                               0.000 / 0.000         0.000 / 0.000         0.000 / 0.000         0.000 / 0.000       ms
[10.078s][info][gc,stats    ]    Critical: Relocation Stall                                  0 / 0                 0 / 0                 0 / 0                 0 / 0           ops/s
[10.078s][info][gc,stats    ]    Critical: Relocation Stall                              0.000 / 0.000         0.000 / 0.000         0.000 / 0.000         0.000 / 0.000       ms
[10.078s][info][gc,stats    ]      Memory: Allocation Rate                                  76 / 280              76 / 280              76 / 280              76 / 280         MB/s
[10.078s][info][gc,stats    ]      Memory: Defragment                                        1 / 16                1 / 16                1 / 16                1 / 16          ops/s
[10.078s][info][gc,stats    ]      Memory: Out Of Memory                                     0 / 0                 0 / 0                 0 / 0                 0 / 0           ops/s
[10.078s][info][gc,stats    ]      Memory: Page Cache Flush                                  3 / 32                3 / 32                3 / 32                3 / 32          MB/s
[10.078s][info][gc,stats    ]      Memory: Page Cache Hit L1                                14 / 50               14 / 50               14 / 50               14 / 50          ops/s
[10.078s][info][gc,stats    ]      Memory: Page Cache Hit L2                                 0 / 0                 0 / 0                 0 / 0                 0 / 0           ops/s
[10.078s][info][gc,stats    ]      Memory: Page Cache Hit L3                                 7 / 47                7 / 47                7 / 47                7 / 47          ops/s
[10.078s][info][gc,stats    ]      Memory: Page Cache Miss                                  11 / 74               11 / 74               11 / 74               11 / 74          ops/s
[10.078s][info][gc,stats    ]      Memory: Uncommit                                          0 / 0                 0 / 0                 0 / 0                 0 / 0           MB/s
[10.078s][info][gc,stats    ]      Memory: Undo Object Allocation Failed                     0 / 0                 0 / 0                 0 / 0                 0 / 0           ops/s
[10.078s][info][gc,stats    ]      Memory: Undo Object Allocation Succeeded                  0 / 1                 0 / 1                 0 / 1                 0 / 1           ops/s
[10.078s][info][gc,stats    ]      Memory: Undo Page Allocation                              0 / 0                 0 / 0                 0 / 0                 0 / 0           ops/s
[10.078s][info][gc,stats    ]       Phase: Concurrent Mark                             124.943 / 180.695     124.943 / 180.695     124.943 / 180.695     124.943 / 180.695     ms
[10.078s][info][gc,stats    ]       Phase: Concurrent Mark Continue                      0.000 / 0.000         0.000 / 0.000         0.000 / 0.000         0.000 / 0.000       ms
[10.078s][info][gc,stats    ]       Phase: Concurrent Mark Free                          0.004 / 0.004         0.004 / 0.004         0.004 / 0.004         0.004 / 0.004       ms
[10.078s][info][gc,stats    ]       Phase: Concurrent Process Non-Strong References      8.153 / 15.609        8.153 / 15.609        8.153 / 15.609        8.153 / 15.609      ms
[10.078s][info][gc,stats    ]       Phase: Concurrent Relocate                          22.827 / 41.133       22.827 / 41.133       22.827 / 41.133       22.827 / 41.133      ms
[10.078s][info][gc,stats    ]       Phase: Concurrent Reset Relocation Set               0.006 / 0.008         0.006 / 0.008         0.006 / 0.008         0.006 / 0.008       ms
[10.078s][info][gc,stats    ]       Phase: Concurrent Select Relocation Set              4.064 / 5.773         4.064 / 5.773         4.064 / 5.773         4.064 / 5.773       ms
[10.078s][info][gc,stats    ]       Phase: Pause Mark End                                0.017 / 0.019         0.017 / 0.019         0.017 / 0.019         0.017 / 0.019       ms
[10.078s][info][gc,stats    ]       Phase: Pause Mark Start                              0.035 / 0.042         0.035 / 0.042         0.035 / 0.042         0.035 / 0.042       ms
[10.079s][info][gc,stats    ]       Phase: Pause Relocate Start                          0.013 / 0.014         0.013 / 0.014         0.013 / 0.014         0.013 / 0.014       ms
[10.079s][info][gc,stats    ]    Subphase: Concurrent Classes Purge                      0.914 / 1.587         0.914 / 1.587         0.914 / 1.587         0.914 / 1.587       ms
[10.079s][info][gc,stats    ]    Subphase: Concurrent Classes Unlink                     4.130 / 8.248         4.130 / 8.248         4.130 / 8.248         4.130 / 8.248       ms
[10.079s][info][gc,stats    ]    Subphase: Concurrent Mark                             122.505 / 179.516     122.505 / 179.516     122.505 / 179.516     122.505 / 179.516     ms
[10.079s][info][gc,stats    ]    Subphase: Concurrent Mark Try Flush                     0.213 / 1.194         0.213 / 1.194         0.213 / 1.194         0.213 / 1.194       ms
[10.079s][info][gc,stats    ]    Subphase: Concurrent Mark Try Terminate                 1.090 / 4.560         1.090 / 4.560         1.090 / 4.560         1.090 / 4.560       ms
[10.079s][info][gc,stats    ]    Subphase: Concurrent References Enqueue                 0.008 / 0.009         0.008 / 0.009         0.008 / 0.009         0.008 / 0.009       ms
[10.079s][info][gc,stats    ]    Subphase: Concurrent References Process                 1.045 / 2.834         1.045 / 2.834         1.045 / 2.834         1.045 / 2.834       ms
[10.079s][info][gc,stats    ]    Subphase: Concurrent Roots ClassLoaderDataGraph         0.267 / 0.520         0.267 / 0.520         0.267 / 0.520         0.267 / 0.520       ms
[10.079s][info][gc,stats    ]    Subphase: Concurrent Roots CodeCache                    0.000 / 0.000         0.000 / 0.000         0.000 / 0.000         0.000 / 0.000       ms
[10.079s][info][gc,stats    ]    Subphase: Concurrent Roots JavaThreads                  0.565 / 0.841         0.565 / 0.841         0.565 / 0.841         0.565 / 0.841       ms
[10.079s][info][gc,stats    ]    Subphase: Concurrent Roots OopStorageSet                0.088 / 0.114         0.088 / 0.114         0.088 / 0.114         0.088 / 0.114       ms
[10.079s][info][gc,stats    ]    Subphase: Concurrent Weak Roots OopStorageSet           0.992 / 1.742         0.992 / 1.742         0.992 / 1.742         0.992 / 1.742       ms
[10.079s][info][gc,stats    ]    Subphase: Pause Mark Try Complete                       0.000 / 0.000         0.000 / 0.000         0.000 / 0.000         0.000 / 0.000       ms
[10.079s][info][gc,stats    ]      System: Java Threads                                     22 / 30               22 / 30               22 / 30               22 / 30          threads
[10.079s][info][gc,stats    ] =========================================================================================================================================================
[20.078s][info][gc,stats    ] === Garbage Collection Statistics =======================================================================================================================
[20.078s][info][gc,stats    ]                                                              Last 10s              Last 10m              Last 10h                Total
[20.078s][info][gc,stats    ]                                                              Avg / Max             Avg / Max             Avg / Max             Avg / Max
[20.078s][info][gc,stats    ]   Collector: Garbage Collection Cycle                      0.000 / 0.000       160.798 / 210.896     160.798 / 210.896     160.798 / 210.896     ms
[20.078s][info][gc,stats    ]  Contention: Mark Segment Reset Contention                     0 / 0                 0 / 1                 0 / 1                 0 / 1           ops/s
[20.078s][info][gc,stats    ]  Contention: Mark SeqNum Reset Contention                      0 / 0                 0 / 0                 0 / 0                 0 / 0           ops/s
[20.078s][info][gc,stats    ]    Critical: Allocation Stall                                  0 / 0                 0 / 0                 0 / 0                 0 / 0           ops/s
[20.078s][info][gc,stats    ]    Critical: Allocation Stall                              0.000 / 0.000         0.000 / 0.000         0.000 / 0.000         0.000 / 0.000       ms
[20.078s][info][gc,stats    ]    Critical: GC Locker Stall                                   0 / 0                 0 / 0                 0 / 0                 0 / 0           ops/s
[20.078s][info][gc,stats    ]    Critical: GC Locker Stall                               0.000 / 0.000         0.000 / 0.000         0.000 / 0.000         0.000 / 0.000       ms
[20.078s][info][gc,stats    ]    Critical: Relocation Stall                                  0 / 0                 0 / 0                 0 / 0                 0 / 0           ops/s
[20.078s][info][gc,stats    ]    Critical: Relocation Stall                              0.000 / 0.000         0.000 / 0.000         0.000 / 0.000         0.000 / 0.000       ms
[20.078s][info][gc,stats    ]      Memory: Allocation Rate                                   0 / 2                38 / 280              38 / 280              38 / 280         MB/s
[20.078s][info][gc,stats    ]      Memory: Defragment                                        0 / 0                 0 / 16                0 / 16                0 / 16          ops/s
[20.078s][info][gc,stats    ]      Memory: Out Of Memory                                     0 / 0                 0 / 0                 0 / 0                 0 / 0           ops/s
[20.078s][info][gc,stats    ]      Memory: Page Cache Flush                                  0 / 0                 1 / 32                1 / 32                1 / 32          MB/s
[20.078s][info][gc,stats    ]      Memory: Page Cache Hit L1                                 0 / 1                 7 / 50                7 / 50                7 / 50          ops/s
[20.078s][info][gc,stats    ]      Memory: Page Cache Hit L2                                 0 / 0                 0 / 0                 0 / 0                 0 / 0           ops/s
[20.078s][info][gc,stats    ]      Memory: Page Cache Hit L3                                 0 / 0                 3 / 47                3 / 47                3 / 47          ops/s
[20.079s][info][gc,stats    ]      Memory: Page Cache Miss                                   0 / 0                 5 / 74                5 / 74                5 / 74          ops/s
[20.079s][info][gc,stats    ]      Memory: Uncommit                                          0 / 0                 0 / 0                 0 / 0                 0 / 0           MB/s
[20.079s][info][gc,stats    ]      Memory: Undo Object Allocation Failed                     0 / 0                 0 / 0                 0 / 0                 0 / 0           ops/s
[20.079s][info][gc,stats    ]      Memory: Undo Object Allocation Succeeded                  0 / 0                 0 / 1                 0 / 1                 0 / 1           ops/s
[20.079s][info][gc,stats    ]      Memory: Undo Page Allocation                              0 / 0                 0 / 0                 0 / 0                 0 / 0           ops/s
[20.079s][info][gc,stats    ]       Phase: Concurrent Mark                               0.000 / 0.000       124.943 / 180.695     124.943 / 180.695     124.943 / 180.695     ms
[20.079s][info][gc,stats    ]       Phase: Concurrent Mark Continue                      0.000 / 0.000         0.000 / 0.000         0.000 / 0.000         0.000 / 0.000       ms
[20.079s][info][gc,stats    ]       Phase: Concurrent Mark Free                          0.000 / 0.000         0.004 / 0.004         0.004 / 0.004         0.004 / 0.004       ms
[20.079s][info][gc,stats    ]       Phase: Concurrent Process Non-Strong References      0.000 / 0.000         8.153 / 15.609        8.153 / 15.609        8.153 / 15.609      ms
[20.079s][info][gc,stats    ]       Phase: Concurrent Relocate                           0.000 / 0.000        22.827 / 41.133       22.827 / 41.133       22.827 / 41.133      ms
[20.079s][info][gc,stats    ]       Phase: Concurrent Reset Relocation Set               0.000 / 0.000         0.006 / 0.008         0.006 / 0.008         0.006 / 0.008       ms
[20.079s][info][gc,stats    ]       Phase: Concurrent Select Relocation Set              0.000 / 0.000         4.064 / 5.773         4.064 / 5.773         4.064 / 5.773       ms
[20.079s][info][gc,stats    ]       Phase: Pause Mark End                                0.000 / 0.000         0.017 / 0.019         0.017 / 0.019         0.017 / 0.019       ms
[20.079s][info][gc,stats    ]       Phase: Pause Mark Start                              0.000 / 0.000         0.035 / 0.042         0.035 / 0.042         0.035 / 0.042       ms
[20.079s][info][gc,stats    ]       Phase: Pause Relocate Start                          0.000 / 0.000         0.013 / 0.014         0.013 / 0.014         0.013 / 0.014       ms
[20.079s][info][gc,stats    ]    Subphase: Concurrent Classes Purge                      0.000 / 0.000         0.914 / 1.587         0.914 / 1.587         0.914 / 1.587       ms
[20.079s][info][gc,stats    ]    Subphase: Concurrent Classes Unlink                     0.000 / 0.000         4.130 / 8.248         4.130 / 8.248         4.130 / 8.248       ms
[20.079s][info][gc,stats    ]    Subphase: Concurrent Mark                               0.000 / 0.000       122.505 / 179.516     122.505 / 179.516     122.505 / 179.516     ms
[20.079s][info][gc,stats    ]    Subphase: Concurrent Mark Try Flush                     0.000 / 0.000         0.213 / 1.194         0.213 / 1.194         0.213 / 1.194       ms
[20.079s][info][gc,stats    ]    Subphase: Concurrent Mark Try Terminate                 0.000 / 0.000         1.090 / 4.560         1.090 / 4.560         1.090 / 4.560       ms
[20.079s][info][gc,stats    ]    Subphase: Concurrent References Enqueue                 0.000 / 0.000         0.008 / 0.009         0.008 / 0.009         0.008 / 0.009       ms
[20.079s][info][gc,stats    ]    Subphase: Concurrent References Process                 0.000 / 0.000         1.045 / 2.834         1.045 / 2.834         1.045 / 2.834       ms
[20.079s][info][gc,stats    ]    Subphase: Concurrent Roots ClassLoaderDataGraph         0.000 / 0.000         0.267 / 0.520         0.267 / 0.520         0.267 / 0.520       ms
[20.079s][info][gc,stats    ]    Subphase: Concurrent Roots CodeCache                    0.000 / 0.000         0.000 / 0.000         0.000 / 0.000         0.000 / 0.000       ms
[20.079s][info][gc,stats    ]    Subphase: Concurrent Roots JavaThreads                  0.000 / 0.000         0.565 / 0.841         0.565 / 0.841         0.565 / 0.841       ms
[20.079s][info][gc,stats    ]    Subphase: Concurrent Roots OopStorageSet                0.000 / 0.000         0.088 / 0.114         0.088 / 0.114         0.088 / 0.114       ms
[20.079s][info][gc,stats    ]    Subphase: Concurrent Weak Roots OopStorageSet           0.000 / 0.000         0.992 / 1.742         0.992 / 1.742         0.992 / 1.742       ms
[20.079s][info][gc,stats    ]    Subphase: Pause Mark Try Complete                       0.000 / 0.000         0.000 / 0.000         0.000 / 0.000         0.000 / 0.000       ms
[20.079s][info][gc,stats    ]      System: Java Threads                                      0 / 0                22 / 30               22 / 30               22 / 30          threads
[20.079s][info][gc,stats    ] =========================================================================================================================================================
[30.077s][info][gc,stats    ] === Garbage Collection Statistics =======================================================================================================================
[30.077s][info][gc,stats    ]                                                              Last 10s              Last 10m              Last 10h                Total
[30.077s][info][gc,stats    ]                                                              Avg / Max             Avg / Max             Avg / Max             Avg / Max
[30.077s][info][gc,stats    ]   Collector: Garbage Collection Cycle                      0.000 / 0.000       160.798 / 210.896     160.798 / 210.896     160.798 / 210.896     ms
[30.077s][info][gc,stats    ]  Contention: Mark Segment Reset Contention                     0 / 0                 0 / 1                 0 / 1                 0 / 1           ops/s
[30.077s][info][gc,stats    ]  Contention: Mark SeqNum Reset Contention                      0 / 0                 0 / 0                 0 / 0                 0 / 0           ops/s
[30.077s][info][gc,stats    ]    Critical: Allocation Stall                                  0 / 0                 0 / 0                 0 / 0                 0 / 0           ops/s
[30.077s][info][gc,stats    ]    Critical: Allocation Stall                              0.000 / 0.000         0.000 / 0.000         0.000 / 0.000         0.000 / 0.000       ms
[30.077s][info][gc,stats    ]    Critical: GC Locker Stall                                   0 / 0                 0 / 0                 0 / 0                 0 / 0           ops/s
[30.078s][info][gc,stats    ]    Critical: GC Locker Stall                               0.000 / 0.000         0.000 / 0.000         0.000 / 0.000         0.000 / 0.000       ms
[30.078s][info][gc,stats    ]    Critical: Relocation Stall                                  0 / 0                 0 / 0                 0 / 0                 0 / 0           ops/s
[30.078s][info][gc,stats    ]    Critical: Relocation Stall                              0.000 / 0.000         0.000 / 0.000         0.000 / 0.000         0.000 / 0.000       ms
[30.078s][info][gc,stats    ]      Memory: Allocation Rate                                   0 / 6                25 / 280              25 / 280              25 / 280         MB/s
[30.078s][info][gc,stats    ]      Memory: Defragment                                        0 / 0                 0 / 16                0 / 16                0 / 16          ops/s
[30.078s][info][gc,stats    ]      Memory: Out Of Memory                                     0 / 0                 0 / 0                 0 / 0                 0 / 0           ops/s
[30.078s][info][gc,stats    ]      Memory: Page Cache Flush                                  0 / 0                 1 / 32                1 / 32                1 / 32          MB/s
[30.078s][info][gc,stats    ]      Memory: Page Cache Hit L1                                 0 / 3                 4 / 50                4 / 50                4 / 50          ops/s
[30.078s][info][gc,stats    ]      Memory: Page Cache Hit L2                                 0 / 0                 0 / 0                 0 / 0                 0 / 0           ops/s
[30.078s][info][gc,stats    ]      Memory: Page Cache Hit L3                                 0 / 0                 2 / 47                2 / 47                2 / 47          ops/s
[30.078s][info][gc,stats    ]      Memory: Page Cache Miss                                   0 / 0                 3 / 74                3 / 74                3 / 74          ops/s
[30.078s][info][gc,stats    ]      Memory: Uncommit                                          0 / 0                 0 / 0                 0 / 0                 0 / 0           MB/s
[30.078s][info][gc,stats    ]      Memory: Undo Object Allocation Failed                     0 / 0                 0 / 0                 0 / 0                 0 / 0           ops/s
[30.078s][info][gc,stats    ]      Memory: Undo Object Allocation Succeeded                  0 / 0                 0 / 1                 0 / 1                 0 / 1           ops/s
[30.078s][info][gc,stats    ]      Memory: Undo Page Allocation                              0 / 0                 0 / 0                 0 / 0                 0 / 0           ops/s
[30.078s][info][gc,stats    ]       Phase: Concurrent Mark                               0.000 / 0.000       124.943 / 180.695     124.943 / 180.695     124.943 / 180.695     ms
[30.078s][info][gc,stats    ]       Phase: Concurrent Mark Continue                      0.000 / 0.000         0.000 / 0.000         0.000 / 0.000         0.000 / 0.000       ms
[30.078s][info][gc,stats    ]       Phase: Concurrent Mark Free                          0.000 / 0.000         0.004 / 0.004         0.004 / 0.004         0.004 / 0.004       ms
[30.078s][info][gc,stats    ]       Phase: Concurrent Process Non-Strong References      0.000 / 0.000         8.153 / 15.609        8.153 / 15.609        8.153 / 15.609      ms
[30.078s][info][gc,stats    ]       Phase: Concurrent Relocate                           0.000 / 0.000        22.827 / 41.133       22.827 / 41.133       22.827 / 41.133      ms
[30.078s][info][gc,stats    ]       Phase: Concurrent Reset Relocation Set               0.000 / 0.000         0.006 / 0.008         0.006 / 0.008         0.006 / 0.008       ms
[30.078s][info][gc,stats    ]       Phase: Concurrent Select Relocation Set              0.000 / 0.000         4.064 / 5.773         4.064 / 5.773         4.064 / 5.773       ms
[30.078s][info][gc,stats    ]       Phase: Pause Mark End                                0.000 / 0.000         0.017 / 0.019         0.017 / 0.019         0.017 / 0.019       ms
[30.078s][info][gc,stats    ]       Phase: Pause Mark Start                              0.000 / 0.000         0.035 / 0.042         0.035 / 0.042         0.035 / 0.042       ms
[30.078s][info][gc,stats    ]       Phase: Pause Relocate Start                          0.000 / 0.000         0.013 / 0.014         0.013 / 0.014         0.013 / 0.014       ms
[30.078s][info][gc,stats    ]    Subphase: Concurrent Classes Purge                      0.000 / 0.000         0.914 / 1.587         0.914 / 1.587         0.914 / 1.587       ms
[30.078s][info][gc,stats    ]    Subphase: Concurrent Classes Unlink                     0.000 / 0.000         4.130 / 8.248         4.130 / 8.248         4.130 / 8.248       ms
[30.078s][info][gc,stats    ]    Subphase: Concurrent Mark                               0.000 / 0.000       122.505 / 179.516     122.505 / 179.516     122.505 / 179.516     ms
[30.078s][info][gc,stats    ]    Subphase: Concurrent Mark Try Flush                     0.000 / 0.000         0.213 / 1.194         0.213 / 1.194         0.213 / 1.194       ms
[30.078s][info][gc,stats    ]    Subphase: Concurrent Mark Try Terminate                 0.000 / 0.000         1.090 / 4.560         1.090 / 4.560         1.090 / 4.560       ms
[30.078s][info][gc,stats    ]    Subphase: Concurrent References Enqueue                 0.000 / 0.000         0.008 / 0.009         0.008 / 0.009         0.008 / 0.009       ms
[30.078s][info][gc,stats    ]    Subphase: Concurrent References Process                 0.000 / 0.000         1.045 / 2.834         1.045 / 2.834         1.045 / 2.834       ms
[30.078s][info][gc,stats    ]    Subphase: Concurrent Roots ClassLoaderDataGraph         0.000 / 0.000         0.267 / 0.520         0.267 / 0.520         0.267 / 0.520       ms
[30.078s][info][gc,stats    ]    Subphase: Concurrent Roots CodeCache                    0.000 / 0.000         0.000 / 0.000         0.000 / 0.000         0.000 / 0.000       ms
[30.078s][info][gc,stats    ]    Subphase: Concurrent Roots JavaThreads                  0.000 / 0.000         0.565 / 0.841         0.565 / 0.841         0.565 / 0.841       ms
[30.078s][info][gc,stats    ]    Subphase: Concurrent Roots OopStorageSet                0.000 / 0.000         0.088 / 0.114         0.088 / 0.114         0.088 / 0.114       ms
[30.078s][info][gc,stats    ]    Subphase: Concurrent Weak Roots OopStorageSet           0.000 / 0.000         0.992 / 1.742         0.992 / 1.742         0.992 / 1.742       ms
[30.078s][info][gc,stats    ]    Subphase: Pause Mark Try Complete                       0.000 / 0.000         0.000 / 0.000         0.000 / 0.000         0.000 / 0.000       ms
[30.078s][info][gc,stats    ]      System: Java Threads                                      0 / 0                22 / 30               22 / 30               22 / 30          threads
[30.078s][info][gc,stats    ] =========================================================================================================================================================
[40.077s][info][gc,stats    ] === Garbage Collection Statistics =======================================================================================================================
[40.078s][info][gc,stats    ]                                                              Last 10s              Last 10m              Last 10h                Total
[40.078s][info][gc,stats    ]                                                              Avg / Max             Avg / Max             Avg / Max             Avg / Max
[40.078s][info][gc,stats    ]   Collector: Garbage Collection Cycle                      0.000 / 0.000       160.798 / 210.896     160.798 / 210.896     160.798 / 210.896     ms
[40.078s][info][gc,stats    ]  Contention: Mark Segment Reset Contention                     0 / 0                 0 / 1                 0 / 1                 0 / 1           ops/s
[40.078s][info][gc,stats    ]  Contention: Mark SeqNum Reset Contention                      0 / 0                 0 / 0                 0 / 0                 0 / 0           ops/s
[40.078s][info][gc,stats    ]    Critical: Allocation Stall                                  0 / 0                 0 / 0                 0 / 0                 0 / 0           ops/s
[40.078s][info][gc,stats    ]    Critical: Allocation Stall                              0.000 / 0.000         0.000 / 0.000         0.000 / 0.000         0.000 / 0.000       ms
[40.078s][info][gc,stats    ]    Critical: GC Locker Stall                                   0 / 0                 0 / 0                 0 / 0                 0 / 0           ops/s
[40.078s][info][gc,stats    ]    Critical: GC Locker Stall                               0.000 / 0.000         0.000 / 0.000         0.000 / 0.000         0.000 / 0.000       ms
[40.078s][info][gc,stats    ]    Critical: Relocation Stall                                  0 / 0                 0 / 0                 0 / 0                 0 / 0           ops/s
[40.078s][info][gc,stats    ]    Critical: Relocation Stall                              0.000 / 0.000         0.000 / 0.000         0.000 / 0.000         0.000 / 0.000       ms
[40.078s][info][gc,stats    ]      Memory: Allocation Rate                                   0 / 2                19 / 280              19 / 280              19 / 280         MB/s
[40.078s][info][gc,stats    ]      Memory: Defragment                                        0 / 0                 0 / 16                0 / 16                0 / 16          ops/s
[40.078s][info][gc,stats    ]      Memory: Out Of Memory                                     0 / 0                 0 / 0                 0 / 0                 0 / 0           ops/s
[40.078s][info][gc,stats    ]      Memory: Page Cache Flush                                  0 / 0                 0 / 32                0 / 32                0 / 32          MB/s
[40.078s][info][gc,stats    ]      Memory: Page Cache Hit L1                                 0 / 1                 3 / 50                3 / 50                3 / 50          ops/s
[40.078s][info][gc,stats    ]      Memory: Page Cache Hit L2                                 0 / 0                 0 / 0                 0 / 0                 0 / 0           ops/s
[40.078s][info][gc,stats    ]      Memory: Page Cache Hit L3                                 0 / 0                 1 / 47                1 / 47                1 / 47          ops/s
[40.078s][info][gc,stats    ]      Memory: Page Cache Miss                                   0 / 0                 2 / 74                2 / 74                2 / 74          ops/s
[40.078s][info][gc,stats    ]      Memory: Uncommit                                          0 / 0                 0 / 0                 0 / 0                 0 / 0           MB/s
[40.078s][info][gc,stats    ]      Memory: Undo Object Allocation Failed                     0 / 0                 0 / 0                 0 / 0                 0 / 0           ops/s
[40.078s][info][gc,stats    ]      Memory: Undo Object Allocation Succeeded                  0 / 0                 0 / 1                 0 / 1                 0 / 1           ops/s
[40.078s][info][gc,stats    ]      Memory: Undo Page Allocation                              0 / 0                 0 / 0                 0 / 0                 0 / 0           ops/s
[40.078s][info][gc,stats    ]       Phase: Concurrent Mark                               0.000 / 0.000       124.943 / 180.695     124.943 / 180.695     124.943 / 180.695     ms
[40.078s][info][gc,stats    ]       Phase: Concurrent Mark Continue                      0.000 / 0.000         0.000 / 0.000         0.000 / 0.000         0.000 / 0.000       ms
[40.078s][info][gc,stats    ]       Phase: Concurrent Mark Free                          0.000 / 0.000         0.004 / 0.004         0.004 / 0.004         0.004 / 0.004       ms
[40.078s][info][gc,stats    ]       Phase: Concurrent Process Non-Strong References      0.000 / 0.000         8.153 / 15.609        8.153 / 15.609        8.153 / 15.609      ms
[40.078s][info][gc,stats    ]       Phase: Concurrent Relocate                           0.000 / 0.000        22.827 / 41.133       22.827 / 41.133       22.827 / 41.133      ms
[40.078s][info][gc,stats    ]       Phase: Concurrent Reset Relocation Set               0.000 / 0.000         0.006 / 0.008         0.006 / 0.008         0.006 / 0.008       ms
[40.078s][info][gc,stats    ]       Phase: Concurrent Select Relocation Set              0.000 / 0.000         4.064 / 5.773         4.064 / 5.773         4.064 / 5.773       ms
[40.078s][info][gc,stats    ]       Phase: Pause Mark End                                0.000 / 0.000         0.017 / 0.019         0.017 / 0.019         0.017 / 0.019       ms
[40.078s][info][gc,stats    ]       Phase: Pause Mark Start                              0.000 / 0.000         0.035 / 0.042         0.035 / 0.042         0.035 / 0.042       ms
[40.078s][info][gc,stats    ]       Phase: Pause Relocate Start                          0.000 / 0.000         0.013 / 0.014         0.013 / 0.014         0.013 / 0.014       ms
[40.078s][info][gc,stats    ]    Subphase: Concurrent Classes Purge                      0.000 / 0.000         0.914 / 1.587         0.914 / 1.587         0.914 / 1.587       ms
[40.078s][info][gc,stats    ]    Subphase: Concurrent Classes Unlink                     0.000 / 0.000         4.130 / 8.248         4.130 / 8.248         4.130 / 8.248       ms
[40.078s][info][gc,stats    ]    Subphase: Concurrent Mark                               0.000 / 0.000       122.505 / 179.516     122.505 / 179.516     122.505 / 179.516     ms
[40.078s][info][gc,stats    ]    Subphase: Concurrent Mark Try Flush                     0.000 / 0.000         0.213 / 1.194         0.213 / 1.194         0.213 / 1.194       ms
[40.078s][info][gc,stats    ]    Subphase: Concurrent Mark Try Terminate                 0.000 / 0.000         1.090 / 4.560         1.090 / 4.560         1.090 / 4.560       ms
[40.078s][info][gc,stats    ]    Subphase: Concurrent References Enqueue                 0.000 / 0.000         0.008 / 0.009         0.008 / 0.009         0.008 / 0.009       ms
[40.078s][info][gc,stats    ]    Subphase: Concurrent References Process                 0.000 / 0.000         1.045 / 2.834         1.045 / 2.834         1.045 / 2.834       ms
[40.078s][info][gc,stats    ]    Subphase: Concurrent Roots ClassLoaderDataGraph         0.000 / 0.000         0.267 / 0.520         0.267 / 0.520         0.267 / 0.520       ms
[40.078s][info][gc,stats    ]    Subphase: Concurrent Roots CodeCache                    0.000 / 0.000         0.000 / 0.000         0.000 / 0.000         0.000 / 0.000       ms
[40.078s][info][gc,stats    ]    Subphase: Concurrent Roots JavaThreads                  0.000 / 0.000         0.565 / 0.841         0.565 / 0.841         0.565 / 0.841       ms
[40.078s][info][gc,stats    ]    Subphase: Concurrent Roots OopStorageSet                0.000 / 0.000         0.088 / 0.114         0.088 / 0.114         0.088 / 0.114       ms
[40.078s][info][gc,stats    ]    Subphase: Concurrent Weak Roots OopStorageSet           0.000 / 0.000         0.992 / 1.742         0.992 / 1.742         0.992 / 1.742       ms
[40.078s][info][gc,stats    ]    Subphase: Pause Mark Try Complete                       0.000 / 0.000         0.000 / 0.000         0.000 / 0.000         0.000 / 0.000       ms
[40.078s][info][gc,stats    ]      System: Java Threads                                      0 / 0                22 / 30               22 / 30               22 / 30          threads
[40.078s][info][gc,stats    ] =========================================================================================================================================================
[50.078s][info][gc,stats    ] === Garbage Collection Statistics =======================================================================================================================
[50.078s][info][gc,stats    ]                                                              Last 10s              Last 10m              Last 10h                Total
[50.078s][info][gc,stats    ]                                                              Avg / Max             Avg / Max             Avg / Max             Avg / Max
[50.078s][info][gc,stats    ]   Collector: Garbage Collection Cycle                      0.000 / 0.000       160.798 / 210.896     160.798 / 210.896     160.798 / 210.896     ms
[50.078s][info][gc,stats    ]  Contention: Mark Segment Reset Contention                     0 / 0                 0 / 1                 0 / 1                 0 / 1           ops/s
[50.078s][info][gc,stats    ]  Contention: Mark SeqNum Reset Contention                      0 / 0                 0 / 0                 0 / 0                 0 / 0           ops/s
[50.078s][info][gc,stats    ]    Critical: Allocation Stall                                  0 / 0                 0 / 0                 0 / 0                 0 / 0           ops/s
[50.078s][info][gc,stats    ]    Critical: Allocation Stall                              0.000 / 0.000         0.000 / 0.000         0.000 / 0.000         0.000 / 0.000       ms
[50.078s][info][gc,stats    ]    Critical: GC Locker Stall                                   0 / 0                 0 / 0                 0 / 0                 0 / 0           ops/s
[50.078s][info][gc,stats    ]    Critical: GC Locker Stall                               0.000 / 0.000         0.000 / 0.000         0.000 / 0.000         0.000 / 0.000       ms
[50.078s][info][gc,stats    ]    Critical: Relocation Stall                                  0 / 0                 0 / 0                 0 / 0                 0 / 0           ops/s
[50.078s][info][gc,stats    ]    Critical: Relocation Stall                              0.000 / 0.000         0.000 / 0.000         0.000 / 0.000         0.000 / 0.000       ms
[50.078s][info][gc,stats    ]      Memory: Allocation Rate                                   0 / 4                15 / 280              15 / 280              15 / 280         MB/s
[50.078s][info][gc,stats    ]      Memory: Defragment                                        0 / 0                 0 / 16                0 / 16                0 / 16          ops/s
[50.078s][info][gc,stats    ]      Memory: Out Of Memory                                     0 / 0                 0 / 0                 0 / 0                 0 / 0           ops/s
[50.078s][info][gc,stats    ]      Memory: Page Cache Flush                                  0 / 0                 0 / 32                0 / 32                0 / 32          MB/s
[50.078s][info][gc,stats    ]      Memory: Page Cache Hit L1                                 0 / 2                 3 / 50                3 / 50                3 / 50          ops/s
[50.078s][info][gc,stats    ]      Memory: Page Cache Hit L2                                 0 / 0                 0 / 0                 0 / 0                 0 / 0           ops/s
[50.078s][info][gc,stats    ]      Memory: Page Cache Hit L3                                 0 / 0                 1 / 47                1 / 47                1 / 47          ops/s
[50.078s][info][gc,stats    ]      Memory: Page Cache Miss                                   0 / 0                 2 / 74                2 / 74                2 / 74          ops/s
[50.078s][info][gc,stats    ]      Memory: Uncommit                                          0 / 0                 0 / 0                 0 / 0                 0 / 0           MB/s
[50.078s][info][gc,stats    ]      Memory: Undo Object Allocation Failed                     0 / 0                 0 / 0                 0 / 0                 0 / 0           ops/s
[50.078s][info][gc,stats    ]      Memory: Undo Object Allocation Succeeded                  0 / 0                 0 / 1                 0 / 1                 0 / 1           ops/s
[50.078s][info][gc,stats    ]      Memory: Undo Page Allocation                              0 / 0                 0 / 0                 0 / 0                 0 / 0           ops/s
[50.078s][info][gc,stats    ]       Phase: Concurrent Mark                               0.000 / 0.000       124.943 / 180.695     124.943 / 180.695     124.943 / 180.695     ms
[50.078s][info][gc,stats    ]       Phase: Concurrent Mark Continue                      0.000 / 0.000         0.000 / 0.000         0.000 / 0.000         0.000 / 0.000       ms
[50.078s][info][gc,stats    ]       Phase: Concurrent Mark Free                          0.000 / 0.000         0.004 / 0.004         0.004 / 0.004         0.004 / 0.004       ms
[50.078s][info][gc,stats    ]       Phase: Concurrent Process Non-Strong References      0.000 / 0.000         8.153 / 15.609        8.153 / 15.609        8.153 / 15.609      ms
[50.078s][info][gc,stats    ]       Phase: Concurrent Relocate                           0.000 / 0.000        22.827 / 41.133       22.827 / 41.133       22.827 / 41.133      ms
[50.078s][info][gc,stats    ]       Phase: Concurrent Reset Relocation Set               0.000 / 0.000         0.006 / 0.008         0.006 / 0.008         0.006 / 0.008       ms
[50.078s][info][gc,stats    ]       Phase: Concurrent Select Relocation Set              0.000 / 0.000         4.064 / 5.773         4.064 / 5.773         4.064 / 5.773       ms
[50.078s][info][gc,stats    ]       Phase: Pause Mark End                                0.000 / 0.000         0.017 / 0.019         0.017 / 0.019         0.017 / 0.019       ms
[50.078s][info][gc,stats    ]       Phase: Pause Mark Start                              0.000 / 0.000         0.035 / 0.042         0.035 / 0.042         0.035 / 0.042       ms
[50.078s][info][gc,stats    ]       Phase: Pause Relocate Start                          0.000 / 0.000         0.013 / 0.014         0.013 / 0.014         0.013 / 0.014       ms
[50.078s][info][gc,stats    ]    Subphase: Concurrent Classes Purge                      0.000 / 0.000         0.914 / 1.587         0.914 / 1.587         0.914 / 1.587       ms
[50.078s][info][gc,stats    ]    Subphase: Concurrent Classes Unlink                     0.000 / 0.000         4.130 / 8.248         4.130 / 8.248         4.130 / 8.248       ms
[50.078s][info][gc,stats    ]    Subphase: Concurrent Mark                               0.000 / 0.000       122.505 / 179.516     122.505 / 179.516     122.505 / 179.516     ms
[50.078s][info][gc,stats    ]    Subphase: Concurrent Mark Try Flush                     0.000 / 0.000         0.213 / 1.194         0.213 / 1.194         0.213 / 1.194       ms
[50.078s][info][gc,stats    ]    Subphase: Concurrent Mark Try Terminate                 0.000 / 0.000         1.090 / 4.560         1.090 / 4.560         1.090 / 4.560       ms
[50.078s][info][gc,stats    ]    Subphase: Concurrent References Enqueue                 0.000 / 0.000         0.008 / 0.009         0.008 / 0.009         0.008 / 0.009       ms
[50.078s][info][gc,stats    ]    Subphase: Concurrent References Process                 0.000 / 0.000         1.045 / 2.834         1.045 / 2.834         1.045 / 2.834       ms
[50.078s][info][gc,stats    ]    Subphase: Concurrent Roots ClassLoaderDataGraph         0.000 / 0.000         0.267 / 0.520         0.267 / 0.520         0.267 / 0.520       ms
[50.078s][info][gc,stats    ]    Subphase: Concurrent Roots CodeCache                    0.000 / 0.000         0.000 / 0.000         0.000 / 0.000         0.000 / 0.000       ms
[50.078s][info][gc,stats    ]    Subphase: Concurrent Roots JavaThreads                  0.000 / 0.000         0.565 / 0.841         0.565 / 0.841         0.565 / 0.841       ms
[50.078s][info][gc,stats    ]    Subphase: Concurrent Roots OopStorageSet                0.000 / 0.000         0.088 / 0.114         0.088 / 0.114         0.088 / 0.114       ms
[50.078s][info][gc,stats    ]    Subphase: Concurrent Weak Roots OopStorageSet           0.000 / 0.000         0.992 / 1.742         0.992 / 1.742         0.992 / 1.742       ms
[50.078s][info][gc,stats    ]    Subphase: Pause Mark Try Complete                       0.000 / 0.000         0.000 / 0.000         0.000 / 0.000         0.000 / 0.000       ms
[50.078s][info][gc,stats    ]      System: Java Threads                                      0 / 0                22 / 30               22 / 30               22 / 30          threads
[50.078s][info][gc,stats    ] =========================================================================================================================================================
[60.077s][info][gc,stats    ] === Garbage Collection Statistics =======================================================================================================================
[60.077s][info][gc,stats    ]                                                              Last 10s              Last 10m              Last 10h                Total
[60.077s][info][gc,stats    ]                                                              Avg / Max             Avg / Max             Avg / Max             Avg / Max
[60.077s][info][gc,stats    ]   Collector: Garbage Collection Cycle                      0.000 / 0.000       160.798 / 210.896     160.798 / 210.896     160.798 / 210.896     ms
[60.077s][info][gc,stats    ]  Contention: Mark Segment Reset Contention                     0 / 0                 0 / 1                 0 / 1                 0 / 1           ops/s
[60.077s][info][gc,stats    ]  Contention: Mark SeqNum Reset Contention                      0 / 0                 0 / 0                 0 / 0                 0 / 0           ops/s
[60.077s][info][gc,stats    ]    Critical: Allocation Stall                                  0 / 0                 0 / 0                 0 / 0                 0 / 0           ops/s
[60.078s][info][gc,stats    ]    Critical: Allocation Stall                              0.000 / 0.000         0.000 / 0.000         0.000 / 0.000         0.000 / 0.000       ms
[60.078s][info][gc,stats    ]    Critical: GC Locker Stall                                   0 / 0                 0 / 0                 0 / 0                 0 / 0           ops/s
[60.078s][info][gc,stats    ]    Critical: GC Locker Stall                               0.000 / 0.000         0.000 / 0.000         0.000 / 0.000         0.000 / 0.000       ms
[60.078s][info][gc,stats    ]    Critical: Relocation Stall                                  0 / 0                 0 / 0                 0 / 0                 0 / 0           ops/s
[60.078s][info][gc,stats    ]    Critical: Relocation Stall                              0.000 / 0.000         0.000 / 0.000         0.000 / 0.000         0.000 / 0.000       ms
[60.078s][info][gc,stats    ]      Memory: Allocation Rate                                   2 / 24               13 / 280              13 / 280              13 / 280         MB/s
[60.078s][info][gc,stats    ]      Memory: Defragment                                        0 / 0                 0 / 16                0 / 16                0 / 16          ops/s
[60.078s][info][gc,stats    ]      Memory: Out Of Memory                                     0 / 0                 0 / 0                 0 / 0                 0 / 0           ops/s
[60.078s][info][gc,stats    ]      Memory: Page Cache Flush                                  0 / 0                 0 / 32                0 / 32                0 / 32          MB/s
[60.078s][info][gc,stats    ]      Memory: Page Cache Hit L1                                 1 / 12                2 / 50                2 / 50                2 / 50          ops/s
[60.078s][info][gc,stats    ]      Memory: Page Cache Hit L2                                 0 / 0                 0 / 0                 0 / 0                 0 / 0           ops/s
[60.078s][info][gc,stats    ]      Memory: Page Cache Hit L3                                 0 / 0                 1 / 47                1 / 47                1 / 47          ops/s
[60.078s][info][gc,stats    ]      Memory: Page Cache Miss                                   0 / 0                 1 / 74                1 / 74                1 / 74          ops/s
[60.078s][info][gc,stats    ]      Memory: Uncommit                                          0 / 0                 0 / 0                 0 / 0                 0 / 0           MB/s
[60.078s][info][gc,stats    ]      Memory: Undo Object Allocation Failed                     0 / 0                 0 / 0                 0 / 0                 0 / 0           ops/s
[60.078s][info][gc,stats    ]      Memory: Undo Object Allocation Succeeded                  0 / 0                 0 / 1                 0 / 1                 0 / 1           ops/s
[60.078s][info][gc,stats    ]      Memory: Undo Page Allocation                              0 / 0                 0 / 0                 0 / 0                 0 / 0           ops/s
[60.078s][info][gc,stats    ]       Phase: Concurrent Mark                               0.000 / 0.000       124.943 / 180.695     124.943 / 180.695     124.943 / 180.695     ms
[60.078s][info][gc,stats    ]       Phase: Concurrent Mark Continue                      0.000 / 0.000         0.000 / 0.000         0.000 / 0.000         0.000 / 0.000       ms
[60.078s][info][gc,stats    ]       Phase: Concurrent Mark Free                          0.000 / 0.000         0.004 / 0.004         0.004 / 0.004         0.004 / 0.004       ms
[60.078s][info][gc,stats    ]       Phase: Concurrent Process Non-Strong References      0.000 / 0.000         8.153 / 15.609        8.153 / 15.609        8.153 / 15.609      ms
[60.078s][info][gc,stats    ]       Phase: Concurrent Relocate                           0.000 / 0.000        22.827 / 41.133       22.827 / 41.133       22.827 / 41.133      ms
[60.078s][info][gc,stats    ]       Phase: Concurrent Reset Relocation Set               0.000 / 0.000         0.006 / 0.008         0.006 / 0.008         0.006 / 0.008       ms
[60.078s][info][gc,stats    ]       Phase: Concurrent Select Relocation Set              0.000 / 0.000         4.064 / 5.773         4.064 / 5.773         4.064 / 5.773       ms
[60.078s][info][gc,stats    ]       Phase: Pause Mark End                                0.000 / 0.000         0.017 / 0.019         0.017 / 0.019         0.017 / 0.019       ms
[60.078s][info][gc,stats    ]       Phase: Pause Mark Start                              0.000 / 0.000         0.035 / 0.042         0.035 / 0.042         0.035 / 0.042       ms
[60.078s][info][gc,stats    ]       Phase: Pause Relocate Start                          0.000 / 0.000         0.013 / 0.014         0.013 / 0.014         0.013 / 0.014       ms
[60.078s][info][gc,stats    ]    Subphase: Concurrent Classes Purge                      0.000 / 0.000         0.914 / 1.587         0.914 / 1.587         0.914 / 1.587       ms
[60.078s][info][gc,stats    ]    Subphase: Concurrent Classes Unlink                     0.000 / 0.000         4.130 / 8.248         4.130 / 8.248         4.130 / 8.248       ms
[60.078s][info][gc,stats    ]    Subphase: Concurrent Mark                               0.000 / 0.000       122.505 / 179.516     122.505 / 179.516     122.505 / 179.516     ms
[60.078s][info][gc,stats    ]    Subphase: Concurrent Mark Try Flush                     0.000 / 0.000         0.213 / 1.194         0.213 / 1.194         0.213 / 1.194       ms
[60.078s][info][gc,stats    ]    Subphase: Concurrent Mark Try Terminate                 0.000 / 0.000         1.090 / 4.560         1.090 / 4.560         1.090 / 4.560       ms
[60.078s][info][gc,stats    ]    Subphase: Concurrent References Enqueue                 0.000 / 0.000         0.008 / 0.009         0.008 / 0.009         0.008 / 0.009       ms
[60.078s][info][gc,stats    ]    Subphase: Concurrent References Process                 0.000 / 0.000         1.045 / 2.834         1.045 / 2.834         1.045 / 2.834       ms
[60.078s][info][gc,stats    ]    Subphase: Concurrent Roots ClassLoaderDataGraph         0.000 / 0.000         0.267 / 0.520         0.267 / 0.520         0.267 / 0.520       ms
[60.078s][info][gc,stats    ]    Subphase: Concurrent Roots CodeCache                    0.000 / 0.000         0.000 / 0.000         0.000 / 0.000         0.000 / 0.000       ms
[60.078s][info][gc,stats    ]    Subphase: Concurrent Roots JavaThreads                  0.000 / 0.000         0.565 / 0.841         0.565 / 0.841         0.565 / 0.841       ms
[60.078s][info][gc,stats    ]    Subphase: Concurrent Roots OopStorageSet                0.000 / 0.000         0.088 / 0.114         0.088 / 0.114         0.088 / 0.114       ms
[60.078s][info][gc,stats    ]    Subphase: Concurrent Weak Roots OopStorageSet           0.000 / 0.000         0.992 / 1.742         0.992 / 1.742         0.992 / 1.742       ms
[60.078s][info][gc,stats    ]    Subphase: Pause Mark Try Complete                       0.000 / 0.000         0.000 / 0.000         0.000 / 0.000         0.000 / 0.000       ms
[60.078s][info][gc,stats    ]      System: Java Threads                                      0 / 0                22 / 30               22 / 30               22 / 30          threads
[60.078s][info][gc,stats    ] =========================================================================================================================================================
[69.078s][info][gc,start    ] GC(3) Garbage Collection (Warmup)
[69.078s][info][gc,task     ] GC(3) Using 2 workers
[69.085s][info][gc,phases   ] GC(3) Pause Mark Start 0.075ms
[70.078s][info][gc,stats    ] === Garbage Collection Statistics =======================================================================================================================
[70.078s][info][gc,stats    ]                                                              Last 10s              Last 10m              Last 10h                Total
[70.078s][info][gc,stats    ]                                                              Avg / Max             Avg / Max             Avg / Max             Avg / Max
[70.078s][info][gc,stats    ]   Collector: Garbage Collection Cycle                      0.000 / 0.000       160.798 / 210.896     160.798 / 210.896     160.798 / 210.896     ms
[70.078s][info][gc,stats    ]  Contention: Mark Segment Reset Contention                     0 / 2                 0 / 2                 0 / 2                 0 / 2           ops/s
[70.078s][info][gc,stats    ]  Contention: Mark SeqNum Reset Contention                      0 / 0                 0 / 0                 0 / 0                 0 / 0           ops/s
[70.078s][info][gc,stats    ]    Critical: Allocation Stall                                  0 / 0                 0 / 0                 0 / 0                 0 / 0           ops/s
[70.078s][info][gc,stats    ]    Critical: Allocation Stall                              0.000 / 0.000         0.000 / 0.000         0.000 / 0.000         0.000 / 0.000       ms
[70.078s][info][gc,stats    ]    Critical: GC Locker Stall                                   0 / 0                 0 / 0                 0 / 0                 0 / 0           ops/s
[70.078s][info][gc,stats    ]    Critical: GC Locker Stall                               0.000 / 0.000         0.000 / 0.000         0.000 / 0.000         0.000 / 0.000       ms
[70.078s][info][gc,stats    ]    Critical: Relocation Stall                                  0 / 0                 0 / 0                 0 / 0                 0 / 0           ops/s
[70.078s][info][gc,stats    ]    Critical: Relocation Stall                              0.000 / 0.000         0.000 / 0.000         0.000 / 0.000         0.000 / 0.000       ms
[70.078s][info][gc,stats    ]      Memory: Allocation Rate                                  34 / 68               16 / 280              16 / 280              16 / 280         MB/s
[70.078s][info][gc,stats    ]      Memory: Defragment                                        1 / 9                 0 / 16                0 / 16                0 / 16          ops/s
[70.078s][info][gc,stats    ]      Memory: Out Of Memory                                     0 / 0                 0 / 0                 0 / 0                 0 / 0           ops/s
[70.078s][info][gc,stats    ]      Memory: Page Cache Flush                                  2 / 18                0 / 32                0 / 32                0 / 32          MB/s
[70.078s][info][gc,stats    ]      Memory: Page Cache Hit L1                                 6 / 16                3 / 50                3 / 50                3 / 50          ops/s
[70.078s][info][gc,stats    ]      Memory: Page Cache Hit L2                                 0 / 0                 0 / 0                 0 / 0                 0 / 0           ops/s
[70.078s][info][gc,stats    ]      Memory: Page Cache Hit L3                                 1 / 9                 1 / 47                1 / 47                1 / 47          ops/s
[70.078s][info][gc,stats    ]      Memory: Page Cache Miss                                   8 / 30                2 / 74                2 / 74                2 / 74          ops/s
[70.078s][info][gc,stats    ]      Memory: Uncommit                                          0 / 0                 0 / 0                 0 / 0                 0 / 0           MB/s
[70.078s][info][gc,stats    ]      Memory: Undo Object Allocation Failed                     0 / 0                 0 / 0                 0 / 0                 0 / 0           ops/s
[70.078s][info][gc,stats    ]      Memory: Undo Object Allocation Succeeded                  0 / 0                 0 / 1                 0 / 1                 0 / 1           ops/s
[70.078s][info][gc,stats    ]      Memory: Undo Page Allocation                              0 / 5                 0 / 5                 0 / 5                 0 / 5           ops/s
[70.078s][info][gc,stats    ]       Phase: Concurrent Mark                               0.000 / 0.000       124.943 / 180.695     124.943 / 180.695     124.943 / 180.695     ms
[70.078s][info][gc,stats    ]       Phase: Concurrent Mark Continue                      0.000 / 0.000         0.000 / 0.000         0.000 / 0.000         0.000 / 0.000       ms
[70.078s][info][gc,stats    ]       Phase: Concurrent Mark Free                          0.000 / 0.000         0.004 / 0.004         0.004 / 0.004         0.004 / 0.004       ms
[70.078s][info][gc,stats    ]       Phase: Concurrent Process Non-Strong References      0.000 / 0.000         8.153 / 15.609        8.153 / 15.609        8.153 / 15.609      ms
[70.078s][info][gc,stats    ]       Phase: Concurrent Relocate                           0.000 / 0.000        22.827 / 41.133       22.827 / 41.133       22.827 / 41.133      ms
[70.078s][info][gc,stats    ]       Phase: Concurrent Reset Relocation Set               0.000 / 0.000         0.006 / 0.008         0.006 / 0.008         0.006 / 0.008       ms
[70.078s][info][gc,stats    ]       Phase: Concurrent Select Relocation Set              0.000 / 0.000         4.064 / 5.773         4.064 / 5.773         4.064 / 5.773       ms
[70.078s][info][gc,stats    ]       Phase: Pause Mark End                                0.000 / 0.000         0.017 / 0.019         0.017 / 0.019         0.017 / 0.019       ms
[70.078s][info][gc,stats    ]       Phase: Pause Mark Start                              0.075 / 0.075         0.045 / 0.075         0.045 / 0.075         0.045 / 0.075       ms
[70.078s][info][gc,stats    ]       Phase: Pause Relocate Start                          0.000 / 0.000         0.013 / 0.014         0.013 / 0.014         0.013 / 0.014       ms
[70.078s][info][gc,stats    ]    Subphase: Concurrent Classes Purge                      0.000 / 0.000         0.914 / 1.587         0.914 / 1.587         0.914 / 1.587       ms
[70.078s][info][gc,stats    ]    Subphase: Concurrent Classes Unlink                     0.000 / 0.000         4.130 / 8.248         4.130 / 8.248         4.130 / 8.248       ms
[70.078s][info][gc,stats    ]    Subphase: Concurrent Mark                               0.000 / 0.000       122.505 / 179.516     122.505 / 179.516     122.505 / 179.516     ms
[70.078s][info][gc,stats    ]    Subphase: Concurrent Mark Try Flush                     0.000 / 0.000         0.213 / 1.194         0.213 / 1.194         0.213 / 1.194       ms
[70.078s][info][gc,stats    ]    Subphase: Concurrent Mark Try Terminate                 0.000 / 0.000         1.090 / 4.560         1.090 / 4.560         1.090 / 4.560       ms
[70.078s][info][gc,stats    ]    Subphase: Concurrent References Enqueue                 0.000 / 0.000         0.008 / 0.009         0.008 / 0.009         0.008 / 0.009       ms
[70.078s][info][gc,stats    ]    Subphase: Concurrent References Process                 0.000 / 0.000         1.045 / 2.834         1.045 / 2.834         1.045 / 2.834       ms
[70.078s][info][gc,stats    ]    Subphase: Concurrent Roots ClassLoaderDataGraph         1.029 / 2.023         0.485 / 2.023         0.485 / 2.023         0.485 / 2.023       ms
[70.078s][info][gc,stats    ]    Subphase: Concurrent Roots CodeCache                    0.000 / 0.000         0.000 / 0.000         0.000 / 0.000         0.000 / 0.000       ms
[70.078s][info][gc,stats    ]    Subphase: Concurrent Roots JavaThreads                  5.911 / 6.566         2.347 / 6.566         2.347 / 6.566         2.347 / 6.566       ms
[70.078s][info][gc,stats    ]    Subphase: Concurrent Roots OopStorageSet                0.524 / 0.524         0.160 / 0.524         0.160 / 0.524         0.160 / 0.524       ms
[70.078s][info][gc,stats    ]    Subphase: Concurrent Weak Roots OopStorageSet           0.000 / 0.000         0.992 / 1.742         0.992 / 1.742         0.992 / 1.742       ms
[70.078s][info][gc,stats    ]    Subphase: Pause Mark Try Complete                       0.000 / 0.000         0.000 / 0.000         0.000 / 0.000         0.000 / 0.000       ms
[70.078s][info][gc,stats    ]      System: Java Threads                                    173 / 173              37 / 173              37 / 173              37 / 173         threads
[70.078s][info][gc,stats    ] =========================================================================================================================================================
[70.350s][info][gc,phases   ] GC(3) Concurrent Mark 1261.563ms
[70.350s][info][gc,phases   ] GC(3) Pause Mark End 0.054ms
[70.351s][info][gc,phases   ] GC(3) Concurrent Mark Free 0.019ms
[70.534s][info][gc,phases   ] GC(3) Concurrent Process Non-Strong References 183.271ms
[70.534s][info][gc,phases   ] GC(3) Concurrent Reset Relocation Set 0.038ms
[70.537s][info][gc,phases   ] GC(3) Concurrent Select Relocation Set 2.892ms
[70.537s][info][gc,phases   ] GC(3) Pause Relocate Start 0.029ms
[70.585s][info][gc,phases   ] GC(3) Concurrent Relocate 47.797ms
[70.585s][info][gc,load     ] GC(3) Load: 4.73/1.82/1.00
[70.585s][info][gc,mmu      ] GC(3) MMU: 2ms/96.2%, 5ms/98.5%, 10ms/99.2%, 20ms/99.6%, 50ms/99.8%, 100ms/99.9%
[70.585s][info][gc,marking  ] GC(3) Mark: 2 stripe(s), 2 proactive flush(es), 1 terminate flush(es), 0 completion(s), 0 continuation(s) 
[70.585s][info][gc,marking  ] GC(3) Mark Stack Usage: 32M
[70.585s][info][gc,nmethod  ] GC(3) NMethods: 7697 registered, 1555 unregistered
[70.585s][info][gc,metaspace] GC(3) Metaspace: 69M used, 69M committed, 1088M reserved
[70.585s][info][gc,ref      ] GC(3) Soft: 4701 encountered, 0 discovered, 0 enqueued
[70.585s][info][gc,ref      ] GC(3) Weak: 11880 encountered, 5712 discovered, 2731 enqueued
[70.585s][info][gc,ref      ] GC(3) Final: 82 encountered, 63 discovered, 8 enqueued
[70.585s][info][gc,ref      ] GC(3) Phantom: 1441 encountered, 1116 discovered, 162 enqueued
[70.585s][info][gc,reloc    ] GC(3) Small Pages: 263 / 526M, Empty: 24M, Relocated: 17M, In-Place: 0
[70.585s][info][gc,reloc    ] GC(3) Medium Pages: 2 / 64M, Empty: 32M, Relocated: 0M, In-Place: 0
[70.585s][info][gc,reloc    ] GC(3) Large Pages: 1 / 6M, Empty: 0M, Relocated: 0M, In-Place: 0
[70.585s][info][gc,reloc    ] GC(3) Forwarding Usage: 5M
[70.585s][info][gc,heap     ] GC(3) Min Capacity: 8M(0%)
[70.585s][info][gc,heap     ] GC(3) Max Capacity: 1986M(100%)
[70.585s][info][gc,heap     ] GC(3) Soft Max Capacity: 1986M(100%)
[70.585s][info][gc,heap     ] GC(3)                Mark Start          Mark End        Relocate Start      Relocate End           High               Low         
[70.585s][info][gc,heap     ] GC(3)  Capacity:      596M (30%)         666M (34%)         670M (34%)         670M (34%)         670M (34%)         596M (30%)    
[70.585s][info][gc,heap     ] GC(3)      Free:     1390M (70%)        1320M (66%)        1372M (69%)        1758M (89%)        1758M (89%)        1316M (66%)    
[70.585s][info][gc,heap     ] GC(3)      Used:      596M (30%)         666M (34%)         614M (31%)         228M (11%)         670M (34%)         228M (11%)    
[70.585s][info][gc,heap     ] GC(3)      Live:         -               123M (6%)          123M (6%)          123M (6%)             -                  -          
[70.585s][info][gc,heap     ] GC(3) Allocated:         -                70M (4%)           74M (4%)           75M (4%)             -                  -          
[70.585s][info][gc,heap     ] GC(3)   Garbage:         -               472M (24%)         416M (21%)          28M (1%)             -                  -          
[70.585s][info][gc,heap     ] GC(3) Reclaimed:         -                  -                56M (3%)          443M (22%)            -                  -          
[70.585s][info][gc          ] GC(3) Garbage Collection (Warmup) 596M(30%)->228M(11%)
[80.078s][info][gc,stats    ] === Garbage Collection Statistics =======================================================================================================================
[80.078s][info][gc,stats    ]                                                              Last 10s              Last 10m              Last 10h                Total
[80.078s][info][gc,stats    ]                                                              Avg / Max             Avg / Max             Avg / Max             Avg / Max
[80.078s][info][gc,stats    ]   Collector: Garbage Collection Cycle                   1507.141 / 1507.141    497.384 / 1507.141    497.384 / 1507.141    497.384 / 1507.141    ms
[80.078s][info][gc,stats    ]  Contention: Mark Segment Reset Contention                     0 / 1                 0 / 2                 0 / 2                 0 / 2           ops/s
[80.078s][info][gc,stats    ]  Contention: Mark SeqNum Reset Contention                      0 / 0                 0 / 0                 0 / 0                 0 / 0           ops/s
[80.078s][info][gc,stats    ]    Critical: Allocation Stall                                  0 / 0                 0 / 0                 0 / 0                 0 / 0           ops/s
[80.078s][info][gc,stats    ]    Critical: Allocation Stall                              0.000 / 0.000         0.000 / 0.000         0.000 / 0.000         0.000 / 0.000       ms
[80.078s][info][gc,stats    ]    Critical: GC Locker Stall                                   0 / 0                 0 / 0                 0 / 0                 0 / 0           ops/s
[80.078s][info][gc,stats    ]    Critical: GC Locker Stall                               0.000 / 0.000         0.000 / 0.000         0.000 / 0.000         0.000 / 0.000       ms
[80.078s][info][gc,stats    ]    Critical: Relocation Stall                                  0 / 0                 0 / 0                 0 / 0                 0 / 0           ops/s
[80.078s][info][gc,stats    ]    Critical: Relocation Stall                              0.000 / 0.000         0.000 / 0.000         0.000 / 0.000         0.000 / 0.000       ms
[80.078s][info][gc,stats    ]      Memory: Allocation Rate                                  61 / 76               22 / 280              22 / 280              22 / 280         MB/s
[80.078s][info][gc,stats    ]      Memory: Defragment                                        1 / 16                0 / 16                0 / 16                0 / 16          ops/s
[80.078s][info][gc,stats    ]      Memory: Out Of Memory                                     0 / 0                 0 / 0                 0 / 0                 0 / 0           ops/s
[80.078s][info][gc,stats    ]      Memory: Page Cache Flush                                  3 / 32                1 / 32                1 / 32                1 / 32          MB/s
[80.078s][info][gc,stats    ]      Memory: Page Cache Hit L1                                21 / 38                5 / 50                5 / 50                5 / 50          ops/s
[80.078s][info][gc,stats    ]      Memory: Page Cache Hit L2                                 0 / 0                 0 / 0                 0 / 0                 0 / 0           ops/s
[80.078s][info][gc,stats    ]      Memory: Page Cache Hit L3                                 1 / 15                1 / 47                1 / 47                1 / 47          ops/s
[80.078s][info][gc,stats    ]      Memory: Page Cache Miss                                   8 / 34                3 / 74                3 / 74                3 / 74          ops/s
[80.078s][info][gc,stats    ]      Memory: Uncommit                                          0 / 0                 0 / 0                 0 / 0                 0 / 0           MB/s
[80.078s][info][gc,stats    ]      Memory: Undo Object Allocation Failed                     0 / 0                 0 / 0                 0 / 0                 0 / 0           ops/s
[80.078s][info][gc,stats    ]      Memory: Undo Object Allocation Succeeded                  0 / 0                 0 / 1                 0 / 1                 0 / 1           ops/s
[80.078s][info][gc,stats    ]      Memory: Undo Page Allocation                              0 / 1                 0 / 5                 0 / 5                 0 / 5           ops/s
[80.078s][info][gc,stats    ]       Phase: Concurrent Mark                            1261.563 / 1261.563    409.098 / 1261.563    409.098 / 1261.563    409.098 / 1261.563    ms
[80.078s][info][gc,stats    ]       Phase: Concurrent Mark Continue                      0.000 / 0.000         0.000 / 0.000         0.000 / 0.000         0.000 / 0.000       ms
[80.078s][info][gc,stats    ]       Phase: Concurrent Mark Free                          0.019 / 0.019         0.008 / 0.019         0.008 / 0.019         0.008 / 0.019       ms
[80.078s][info][gc,stats    ]       Phase: Concurrent Process Non-Strong References    183.271 / 183.271      51.932 / 183.271      51.932 / 183.271      51.932 / 183.271     ms
[80.078s][info][gc,stats    ]       Phase: Concurrent Relocate                          47.797 / 47.797       29.069 / 47.797       29.069 / 47.797       29.069 / 47.797      ms
[80.078s][info][gc,stats    ]       Phase: Concurrent Reset Relocation Set               0.038 / 0.038         0.014 / 0.038         0.014 / 0.038         0.014 / 0.038       ms
[80.078s][info][gc,stats    ]       Phase: Concurrent Select Relocation Set              2.892 / 2.892         3.771 / 5.773         3.771 / 5.773         3.771 / 5.773       ms
[80.078s][info][gc,stats    ]       Phase: Pause Mark End                                0.054 / 0.054         0.026 / 0.054         0.026 / 0.054         0.026 / 0.054       ms
[80.078s][info][gc,stats    ]       Phase: Pause Mark Start                              0.000 / 0.000         0.045 / 0.075         0.045 / 0.075         0.045 / 0.075       ms
[80.078s][info][gc,stats    ]       Phase: Pause Relocate Start                          0.029 / 0.029         0.017 / 0.029         0.017 / 0.029         0.017 / 0.029       ms
[80.078s][info][gc,stats    ]    Subphase: Concurrent Classes Purge                     12.112 / 12.112        3.714 / 12.112        3.714 / 12.112        3.714 / 12.112      ms
[80.078s][info][gc,stats    ]    Subphase: Concurrent Classes Unlink                   149.395 / 149.395      40.446 / 149.395      40.446 / 149.395      40.446 / 149.395     ms
[80.078s][info][gc,stats    ]    Subphase: Concurrent Mark                            1250.224 / 1250.727    404.435 / 1250.727    404.435 / 1250.727    404.435 / 1250.727    ms
[80.078s][info][gc,stats    ]    Subphase: Concurrent Mark Try Flush                     9.042 / 11.028        1.684 / 11.028        1.684 / 11.028        1.684 / 11.028      ms
[80.078s][info][gc,stats    ]    Subphase: Concurrent Mark Try Terminate                 3.600 / 14.241        1.879 / 14.241        1.879 / 14.241        1.879 / 14.241      ms
[80.078s][info][gc,stats    ]    Subphase: Concurrent References Enqueue                 0.014 / 0.014         0.010 / 0.014         0.010 / 0.014         0.010 / 0.014       ms
[80.078s][info][gc,stats    ]    Subphase: Concurrent References Process                 4.868 / 4.868         2.001 / 4.868         2.001 / 4.868         2.001 / 4.868       ms
[80.078s][info][gc,stats    ]    Subphase: Concurrent Roots ClassLoaderDataGraph         0.000 / 0.000         0.485 / 2.023         0.485 / 2.023         0.485 / 2.023       ms
[80.078s][info][gc,stats    ]    Subphase: Concurrent Roots CodeCache                    0.000 / 0.000         0.000 / 0.000         0.000 / 0.000         0.000 / 0.000       ms
[80.078s][info][gc,stats    ]    Subphase: Concurrent Roots JavaThreads                  0.000 / 0.000         2.347 / 6.566         2.347 / 6.566         2.347 / 6.566       ms
[80.078s][info][gc,stats    ]    Subphase: Concurrent Roots OopStorageSet                0.000 / 0.000         0.160 / 0.524         0.160 / 0.524         0.160 / 0.524       ms
[80.078s][info][gc,stats    ]    Subphase: Concurrent Weak Roots OopStorageSet           6.382 / 8.947         2.339 / 8.947         2.339 / 8.947         2.339 / 8.947       ms
[80.078s][info][gc,stats    ]    Subphase: Pause Mark Try Complete                       0.000 / 0.000         0.000 / 0.000         0.000 / 0.000         0.000 / 0.000       ms
[80.078s][info][gc,stats    ]      System: Java Threads                                    173 / 173              59 / 173              59 / 173              59 / 173         threads
[80.078s][info][gc,stats    ] =========================================================================================================================================================
[87.178s][info][gc,start    ] GC(4) Garbage Collection (Allocation Rate)
[87.178s][info][gc,task     ] GC(4) Using 1 workers
[87.178s][info][gc,phases   ] GC(4) Pause Mark Start 0.048ms
[89.502s][info][gc,phases   ] GC(4) Concurrent Mark 2324.335ms
[89.503s][info][gc,phases   ] GC(4) Pause Mark End 0.044ms
[89.503s][info][gc,phases   ] GC(4) Concurrent Mark Free 0.018ms
[89.689s][info][gc,phases   ] GC(4) Concurrent Process Non-Strong References 185.239ms
[89.689s][info][gc,phases   ] GC(4) Concurrent Reset Relocation Set 0.043ms
[89.722s][info][gc,phases   ] GC(4) Concurrent Select Relocation Set 32.929ms
[89.723s][info][gc,phases   ] GC(4) Pause Relocate Start 0.042ms
[89.985s][info][gc,phases   ] GC(4) Concurrent Relocate 262.022ms
[89.985s][info][gc,load     ] GC(4) Load: 6.58/2.43/1.22
[89.985s][info][gc,mmu      ] GC(4) MMU: 2ms/96.2%, 5ms/98.5%, 10ms/99.2%, 20ms/99.6%, 50ms/99.8%, 100ms/99.9%
[89.985s][info][gc,marking  ] GC(4) Mark: 1 stripe(s), 2 proactive flush(es), 1 terminate flush(es), 0 completion(s), 0 continuation(s) 
[89.985s][info][gc,marking  ] GC(4) Mark Stack Usage: 32M
[89.985s][info][gc,nmethod  ] GC(4) NMethods: 8065 registered, 2298 unregistered
[89.985s][info][gc,metaspace] GC(4) Metaspace: 69M used, 70M committed, 1088M reserved
[89.985s][info][gc,ref      ] GC(4) Soft: 4707 encountered, 0 discovered, 0 enqueued
[89.985s][info][gc,ref      ] GC(4) Weak: 31476 encountered, 25973 discovered, 24518 enqueued
[89.985s][info][gc,ref      ] GC(4) Final: 74 encountered, 0 discovered, 0 enqueued
[89.985s][info][gc,ref      ] GC(4) Phantom: 1292 encountered, 1098 discovered, 535 enqueued
[89.985s][info][gc,reloc    ] GC(4) Small Pages: 646 / 1292M, Empty: 0M, Relocated: 29M, In-Place: 0
[89.985s][info][gc,reloc    ] GC(4) Medium Pages: 2 / 64M, Empty: 0M, Relocated: 9M, In-Place: 0
[89.985s][info][gc,reloc    ] GC(4) Large Pages: 1 / 6M, Empty: 0M, Relocated: 0M, In-Place: 0
[89.985s][info][gc,reloc    ] GC(4) Forwarding Usage: 7M
[89.986s][info][gc,heap     ] GC(4) Min Capacity: 8M(0%)
[89.986s][info][gc,heap     ] GC(4) Max Capacity: 1986M(100%)
[89.986s][info][gc,heap     ] GC(4) Soft Max Capacity: 1986M(100%)
[89.986s][info][gc,heap     ] GC(4)                Mark Start          Mark End        Relocate Start      Relocate End           High               Low         
[89.986s][info][gc,heap     ] GC(4)  Capacity:     1362M (69%)        1546M (78%)        1564M (79%)        1736M (87%)        1736M (87%)        1362M (69%)    
[89.986s][info][gc,heap     ] GC(4)      Free:      624M (31%)         440M (22%)         422M (21%)        1574M (79%)        1574M (79%)         250M (13%)    
[89.986s][info][gc,heap     ] GC(4)      Used:     1362M (69%)        1546M (78%)        1564M (79%)         412M (21%)        1736M (87%)         412M (21%)    
[89.986s][info][gc,heap     ] GC(4)      Live:         -               145M (7%)          145M (7%)          145M (7%)             -                  -          
[89.986s][info][gc,heap     ] GC(4) Allocated:         -               184M (9%)          202M (10%)         234M (12%)            -                  -          
[89.986s][info][gc,heap     ] GC(4)   Garbage:         -              1216M (61%)        1216M (61%)          32M (2%)             -                  -          
[89.986s][info][gc,heap     ] GC(4) Reclaimed:         -                  -                 0M (0%)         1184M (60%)            -                  -          
[89.986s][info][gc          ] GC(4) Garbage Collection (Allocation Rate) 1362M(69%)->412M(21%)
[90.077s][info][gc,stats    ] === Garbage Collection Statistics =======================================================================================================================
[90.077s][info][gc,stats    ]                                                              Last 10s              Last 10m              Last 10h                Total
[90.077s][info][gc,stats    ]                                                              Avg / Max             Avg / Max             Avg / Max             Avg / Max
[90.077s][info][gc,stats    ]   Collector: Garbage Collection Cycle                   2807.582 / 2807.582    959.423 / 2807.582    959.423 / 2807.582    959.423 / 2807.582    ms
[90.077s][info][gc,stats    ]  Contention: Mark Segment Reset Contention                     0 / 0                 0 / 2                 0 / 2                 0 / 2           ops/s
[90.077s][info][gc,stats    ]  Contention: Mark SeqNum Reset Contention                      0 / 0                 0 / 0                 0 / 0                 0 / 0           ops/s
[90.077s][info][gc,stats    ]    Critical: Allocation Stall                                  0 / 0                 0 / 0                 0 / 0                 0 / 0           ops/s
[90.077s][info][gc,stats    ]    Critical: Allocation Stall                              0.000 / 0.000         0.000 / 0.000         0.000 / 0.000         0.000 / 0.000       ms
[90.077s][info][gc,stats    ]    Critical: GC Locker Stall                                   0 / 0                 0 / 0                 0 / 0                 0 / 0           ops/s
[90.077s][info][gc,stats    ]    Critical: GC Locker Stall                               0.000 / 0.000         0.000 / 0.000         0.000 / 0.000         0.000 / 0.000       ms
[90.077s][info][gc,stats    ]    Critical: Relocation Stall                                  0 / 0                 0 / 0                 0 / 0                 0 / 0           ops/s
[90.077s][info][gc,stats    ]    Critical: Relocation Stall                              0.000 / 0.000         0.000 / 0.000         0.000 / 0.000         0.000 / 0.000       ms
[90.077s][info][gc,stats    ]      Memory: Allocation Rate                                  93 / 204              29 / 280              29 / 280              29 / 280         MB/s
[90.077s][info][gc,stats    ]      Memory: Defragment                                        0 / 1                 0 / 16                0 / 16                0 / 16          ops/s
[90.077s][info][gc,stats    ]      Memory: Out Of Memory                                     0 / 0                 0 / 0                 0 / 0                 0 / 0           ops/s
[90.077s][info][gc,stats    ]      Memory: Page Cache Flush                                  0 / 2                 1 / 32                1 / 32                1 / 32          MB/s
[90.077s][info][gc,stats    ]      Memory: Page Cache Hit L1                                 4 / 20                5 / 50                5 / 50                5 / 50          ops/s
[90.077s][info][gc,stats    ]      Memory: Page Cache Hit L2                                 0 / 0                 0 / 0                 0 / 0                 0 / 0           ops/s
[90.077s][info][gc,stats    ]      Memory: Page Cache Hit L3                                 0 / 1                 1 / 47                1 / 47                1 / 47          ops/s
[90.077s][info][gc,stats    ]      Memory: Page Cache Miss                                  36 / 42                7 / 74                7 / 74                7 / 74          ops/s
[90.077s][info][gc,stats    ]      Memory: Uncommit                                          0 / 0                 0 / 0                 0 / 0                 0 / 0           MB/s
[90.077s][info][gc,stats    ]      Memory: Undo Object Allocation Failed                     0 / 0                 0 / 0                 0 / 0                 0 / 0           ops/s
[90.077s][info][gc,stats    ]      Memory: Undo Object Allocation Succeeded                  0 / 4                 0 / 4                 0 / 4                 0 / 4           ops/s
[90.077s][info][gc,stats    ]      Memory: Undo Page Allocation                              3 / 10                0 / 10                0 / 10                0 / 10          ops/s
[90.077s][info][gc,start    ] GC(5) Garbage Collection (Allocation Rate)
[90.077s][info][gc,stats    ]       Phase: Concurrent Mark                            2324.335 / 2324.335    792.145 / 2324.335    792.145 / 2324.335    792.145 / 2324.335    ms
[90.077s][info][gc,task     ] GC(5) Using 2 workers
[90.077s][info][gc,stats    ]       Phase: Concurrent Mark Continue                      0.000 / 0.000         0.000 / 0.000         0.000 / 0.000         0.000 / 0.000       ms
[90.077s][info][gc,stats    ]       Phase: Concurrent Mark Free                          0.018 / 0.018         0.010 / 0.019         0.010 / 0.019         0.010 / 0.019       ms
[90.077s][info][gc,stats    ]       Phase: Concurrent Process Non-Strong References    185.239 / 185.239      78.594 / 185.239      78.594 / 185.239      78.594 / 185.239     ms
[90.077s][info][gc,stats    ]       Phase: Concurrent Relocate                         262.022 / 262.022      75.660 / 262.022      75.660 / 262.022      75.660 / 262.022     ms
[90.077s][info][gc,stats    ]       Phase: Concurrent Reset Relocation Set               0.043 / 0.043         0.020 / 0.043         0.020 / 0.043         0.020 / 0.043       ms
[90.077s][info][gc,stats    ]       Phase: Concurrent Select Relocation Set             32.929 / 32.929        9.603 / 32.929        9.603 / 32.929        9.603 / 32.929      ms
[90.077s][info][gc,stats    ]       Phase: Pause Mark End                                0.044 / 0.044         0.030 / 0.054         0.030 / 0.054         0.030 / 0.054       ms
[90.078s][info][gc,stats    ]       Phase: Pause Mark Start                              0.048 / 0.048         0.045 / 0.075         0.045 / 0.075         0.045 / 0.075       ms
[90.078s][info][gc,phases   ] GC(5) Pause Mark Start 0.070ms
[90.078s][info][gc,stats    ]       Phase: Pause Relocate Start                          0.042 / 0.042         0.022 / 0.042         0.022 / 0.042         0.022 / 0.042       ms
[90.078s][info][gc,stats    ]    Subphase: Concurrent Classes Purge                      7.542 / 7.542         4.479 / 12.112        4.479 / 12.112        4.479 / 12.112      ms
[90.078s][info][gc,stats    ]    Subphase: Concurrent Classes Unlink                   159.709 / 159.709      64.299 / 159.709      64.299 / 159.709      64.299 / 159.709     ms
[90.078s][info][gc,stats    ]    Subphase: Concurrent Mark                            2315.359 / 2315.359    616.759 / 2315.359    616.759 / 2315.359    616.759 / 2315.359    ms
[90.078s][info][gc,stats    ]    Subphase: Concurrent Mark Try Flush                     2.248 / 5.395         1.765 / 11.028        1.765 / 11.028        1.765 / 11.028      ms
[90.078s][info][gc,stats    ]    Subphase: Concurrent Mark Try Terminate                 2.698 / 5.396         1.923 / 14.241        1.923 / 14.241        1.923 / 14.241      ms
[90.078s][info][gc,stats    ]    Subphase: Concurrent References Enqueue                 0.009 / 0.009         0.009 / 0.014         0.009 / 0.014         0.009 / 0.014       ms
[90.078s][info][gc,stats    ]    Subphase: Concurrent References Process                10.048 / 10.048        3.611 / 10.048        3.611 / 10.048        3.611 / 10.048      ms
[90.078s][info][gc,stats    ]    Subphase: Concurrent Roots ClassLoaderDataGraph         0.723 / 0.723         0.515 / 2.023         0.515 / 2.023         0.515 / 2.023       ms
[90.078s][info][gc,stats    ]    Subphase: Concurrent Roots CodeCache                    0.000 / 0.000         0.000 / 0.000         0.000 / 0.000         0.000 / 0.000       ms
[90.078s][info][gc,stats    ]    Subphase: Concurrent Roots JavaThreads                  7.613 / 7.613         3.099 / 7.613         3.099 / 7.613         3.099 / 7.613       ms
[90.078s][info][gc,stats    ]    Subphase: Concurrent Roots OopStorageSet                0.408 / 0.408         0.196 / 0.524         0.196 / 0.524         0.196 / 0.524       ms
[90.078s][info][gc,stats    ]    Subphase: Concurrent Weak Roots OopStorageSet           2.903 / 2.903         2.402 / 8.947         2.402 / 8.947         2.402 / 8.947       ms
[90.078s][info][gc,stats    ]    Subphase: Pause Mark Try Complete                       0.000 / 0.000         0.000 / 0.000         0.000 / 0.000         0.000 / 0.000       ms
[90.078s][info][gc,stats    ]      System: Java Threads                                    173 / 173              82 / 173              82 / 173              82 / 173         threads
[90.078s][info][gc,stats    ] =========================================================================================================================================================
[90.700s][info][gc,phases   ] GC(5) Concurrent Mark 621.370ms
[90.701s][info][gc,phases   ] GC(5) Pause Mark End 0.530ms
[90.701s][info][gc,phases   ] GC(5) Concurrent Mark Free 0.024ms
[90.752s][info][gc,phases   ] GC(5) Concurrent Process Non-Strong References 50.686ms
[90.752s][info][gc,phases   ] GC(5) Concurrent Reset Relocation Set 0.112ms
[90.755s][info][gc,phases   ] GC(5) Concurrent Select Relocation Set 2.800ms
[90.755s][info][gc,phases   ] GC(5) Pause Relocate Start 0.027ms
[90.819s][info][gc,phases   ] GC(5) Concurrent Relocate 64.111ms
[90.819s][info][gc,load     ] GC(5) Load: 6.58/2.43/1.22
[90.819s][info][gc,mmu      ] GC(5) MMU: 2ms/73.5%, 5ms/89.4%, 10ms/94.7%, 20ms/97.4%, 50ms/98.9%, 100ms/99.4%
[90.819s][info][gc,marking  ] GC(5) Mark: 2 stripe(s), 2 proactive flush(es), 1 terminate flush(es), 1 completion(s), 0 continuation(s) 
[90.819s][info][gc,marking  ] GC(5) Mark Stack Usage: 32M
[90.819s][info][gc,nmethod  ] GC(5) NMethods: 8039 registered, 2366 unregistered
[90.819s][info][gc,metaspace] GC(5) Metaspace: 69M used, 70M committed, 1088M reserved
[90.819s][info][gc,ref      ] GC(5) Soft: 4707 encountered, 0 discovered, 0 enqueued
[90.819s][info][gc,ref      ] GC(5) Weak: 10777 encountered, 4886 discovered, 4053 enqueued
[90.819s][info][gc,ref      ] GC(5) Final: 74 encountered, 0 discovered, 0 enqueued
[90.819s][info][gc,ref      ] GC(5) Phantom: 761 encountered, 525 discovered, 4 enqueued
[90.819s][info][gc,reloc    ] GC(5) Small Pages: 174 / 348M, Empty: 0M, Relocated: 17M, In-Place: 0
[90.819s][info][gc,reloc    ] GC(5) Medium Pages: 2 / 64M, Empty: 0M, Relocated: 9M, In-Place: 0
[90.819s][info][gc,reloc    ] GC(5) Large Pages: 1 / 6M, Empty: 0M, Relocated: 0M, In-Place: 0
[90.819s][info][gc,reloc    ] GC(5) Forwarding Usage: 5M
[90.819s][info][gc,heap     ] GC(5) Min Capacity: 8M(0%)
[90.819s][info][gc,heap     ] GC(5) Max Capacity: 1986M(100%)
[90.819s][info][gc,heap     ] GC(5) Soft Max Capacity: 1986M(100%)
[90.819s][info][gc,heap     ] GC(5)                Mark Start          Mark End        Relocate Start      Relocate End           High               Low         
[90.819s][info][gc,heap     ] GC(5)  Capacity:     1736M (87%)        1736M (87%)        1736M (87%)        1736M (87%)        1736M (87%)        1736M (87%)    
[90.819s][info][gc,heap     ] GC(5)      Free:     1568M (79%)        1508M (76%)        1504M (76%)        1726M (87%)        1726M (87%)        1440M (73%)    
[90.819s][info][gc,heap     ] GC(5)      Used:      418M (21%)         478M (24%)         482M (24%)         260M (13%)         546M (27%)         260M (13%)    
[90.819s][info][gc,heap     ] GC(5)      Live:         -               132M (7%)          132M (7%)          132M (7%)             -                  -          
[90.819s][info][gc,heap     ] GC(5) Allocated:         -                60M (3%)           64M (3%)           93M (5%)             -                  -          
[90.819s][info][gc,heap     ] GC(5)   Garbage:         -               285M (14%)         285M (14%)          33M (2%)             -                  -          
[90.819s][info][gc,heap     ] GC(5) Reclaimed:         -                  -                 0M (0%)          251M (13%)            -                  -          
[90.819s][info][gc          ] GC(5) Garbage Collection (Allocation Rate) 418M(21%)->260M(13%)
[100.082s][info][gc,stats    ] === Garbage Collection Statistics =======================================================================================================================
[100.082s][info][gc,stats    ]                                                              Last 10s              Last 10m              Last 10h                Total
[100.082s][info][gc,stats    ]                                                              Avg / Max             Avg / Max             Avg / Max             Avg / Max
[100.082s][info][gc,stats    ]   Collector: Garbage Collection Cycle                    741.742 / 741.742     923.143 / 2807.582    923.143 / 2807.582    923.143 / 2807.582    ms
[100.082s][info][gc,stats    ]  Contention: Mark Segment Reset Contention                     0 / 0                 0 / 2                 0 / 2                 0 / 2           ops/s
[100.082s][info][gc,stats    ]  Contention: Mark SeqNum Reset Contention                      0 / 0                 0 / 0                 0 / 0                 0 / 0           ops/s
[100.082s][info][gc,stats    ]    Critical: Allocation Stall                                  0 / 0                 0 / 0                 0 / 0                 0 / 0           ops/s
[100.082s][info][gc,stats    ]    Critical: Allocation Stall                              0.000 / 0.000         0.000 / 0.000         0.000 / 0.000         0.000 / 0.000       ms
[100.082s][info][gc,stats    ]    Critical: GC Locker Stall                                   0 / 0                 0 / 0                 0 / 0                 0 / 0           ops/s
[100.082s][info][gc,stats    ]    Critical: GC Locker Stall                               0.000 / 0.000         0.000 / 0.000         0.000 / 0.000         0.000 / 0.000       ms
[100.082s][info][gc,stats    ]    Critical: Relocation Stall                                  0 / 0                 0 / 0                 0 / 0                 0 / 0           ops/s
[100.082s][info][gc,stats    ]    Critical: Relocation Stall                              0.000 / 0.000         0.000 / 0.000         0.000 / 0.000         0.000 / 0.000       ms
[100.082s][info][gc,stats    ]      Memory: Allocation Rate                                  96 / 124              36 / 280              36 / 280              36 / 280         MB/s
[100.082s][info][gc,stats    ]      Memory: Defragment                                        0 / 0                 0 / 16                0 / 16                0 / 16          ops/s
[100.082s][info][gc,stats    ]      Memory: Out Of Memory                                     0 / 0                 0 / 0                 0 / 0                 0 / 0           ops/s
[100.082s][info][gc,stats    ]      Memory: Page Cache Flush                                  0 / 0                 0 / 32                0 / 32                0 / 32          MB/s
[100.082s][info][gc,stats    ]      Memory: Page Cache Hit L1                                47 / 57                9 / 57                9 / 57                9 / 57          ops/s
[100.082s][info][gc,stats    ]      Memory: Page Cache Hit L2                                 0 / 0                 0 / 0                 0 / 0                 0 / 0           ops/s
[100.082s][info][gc,stats    ]      Memory: Page Cache Hit L3                                 0 / 0                 1 / 47                1 / 47                1 / 47          ops/s
[100.082s][info][gc,stats    ]      Memory: Page Cache Miss                                   0 / 0                 6 / 74                6 / 74                6 / 74          ops/s
[100.082s][info][gc,stats    ]      Memory: Uncommit                                          0 / 0                 0 / 0                 0 / 0                 0 / 0           MB/s
[100.082s][info][gc,stats    ]      Memory: Undo Object Allocation Failed                     0 / 3                 0 / 3                 0 / 3                 0 / 3           ops/s
[100.082s][info][gc,stats    ]      Memory: Undo Object Allocation Succeeded                  0 / 1                 0 / 4                 0 / 4                 0 / 4           ops/s
[100.082s][info][gc,stats    ]      Memory: Undo Page Allocation                              0 / 0                 0 / 10                0 / 10                0 / 10          ops/s
[100.082s][info][gc,stats    ]       Phase: Concurrent Mark                             621.370 / 621.370     763.683 / 2324.335    763.683 / 2324.335    763.683 / 2324.335    ms
[100.082s][info][gc,stats    ]       Phase: Concurrent Mark Continue                      0.000 / 0.000         0.000 / 0.000         0.000 / 0.000         0.000 / 0.000       ms
[100.082s][info][gc,stats    ]       Phase: Concurrent Mark Free                          0.024 / 0.024         0.012 / 0.024         0.012 / 0.024         0.012 / 0.024       ms
[100.082s][info][gc,stats    ]       Phase: Concurrent Process Non-Strong References     50.686 / 50.686       73.943 / 185.239      73.943 / 185.239      73.943 / 185.239     ms
[100.082s][info][gc,stats    ]       Phase: Concurrent Relocate                          64.111 / 64.111       73.735 / 262.022      73.735 / 262.022      73.735 / 262.022     ms
[100.082s][info][gc,stats    ]       Phase: Concurrent Reset Relocation Set               0.112 / 0.112         0.035 / 0.112         0.035 / 0.112         0.035 / 0.112       ms
[100.082s][info][gc,stats    ]       Phase: Concurrent Select Relocation Set              2.800 / 2.800         8.469 / 32.929        8.469 / 32.929        8.469 / 32.929      ms
[100.082s][info][gc,stats    ]       Phase: Pause Mark End                                0.530 / 0.530         0.113 / 0.530         0.113 / 0.530         0.113 / 0.530       ms
[100.082s][info][gc,stats    ]       Phase: Pause Mark Start                              0.070 / 0.070         0.049 / 0.075         0.049 / 0.075         0.049 / 0.075       ms
[100.082s][info][gc,stats    ]       Phase: Pause Relocate Start                          0.027 / 0.027         0.023 / 0.042         0.023 / 0.042         0.023 / 0.042       ms
[100.082s][info][gc,stats    ]    Subphase: Concurrent Classes Purge                      0.485 / 0.485         3.814 / 12.112        3.814 / 12.112        3.814 / 12.112      ms
[100.082s][info][gc,stats    ]    Subphase: Concurrent Classes Unlink                    36.650 / 36.650       59.691 / 159.709      59.691 / 159.709      59.691 / 159.709     ms
[100.082s][info][gc,stats    ]    Subphase: Concurrent Mark                             617.496 / 617.953     616.893 / 2315.359    616.893 / 2315.359    616.893 / 2315.359    ms
[100.082s][info][gc,stats    ]    Subphase: Concurrent Mark Try Flush                     1.246 / 1.982         1.700 / 11.028        1.700 / 11.028        1.700 / 11.028      ms
[100.082s][info][gc,stats    ]    Subphase: Concurrent Mark Try Terminate                 2.102 / 6.117         1.941 / 14.241        1.941 / 14.241        1.941 / 14.241      ms
[100.082s][info][gc,stats    ]    Subphase: Concurrent References Enqueue                 0.007 / 0.007         0.009 / 0.014         0.009 / 0.014         0.009 / 0.014       ms
[100.082s][info][gc,stats    ]    Subphase: Concurrent References Process                 2.291 / 2.291         3.391 / 10.048        3.391 / 10.048        3.391 / 10.048      ms
[100.082s][info][gc,stats    ]    Subphase: Concurrent Roots ClassLoaderDataGraph         0.171 / 0.309         0.446 / 2.023         0.446 / 2.023         0.446 / 2.023       ms
[100.082s][info][gc,stats    ]    Subphase: Concurrent Roots CodeCache                    0.000 / 0.000         0.000 / 0.000         0.000 / 0.000         0.000 / 0.000       ms
[100.082s][info][gc,stats    ]    Subphase: Concurrent Roots JavaThreads                  1.789 / 2.642         2.808 / 7.613         2.808 / 7.613         2.808 / 7.613       ms
[100.082s][info][gc,stats    ]    Subphase: Concurrent Roots OopStorageSet                0.128 / 0.128         0.187 / 0.524         0.187 / 0.524         0.187 / 0.524       ms
[100.082s][info][gc,stats    ]    Subphase: Concurrent Weak Roots OopStorageSet           2.914 / 3.693         2.495 / 8.947         2.495 / 8.947         2.495 / 8.947       ms
[100.082s][info][gc,stats    ]    Subphase: Pause Mark Try Complete                       0.019 / 0.033         0.019 / 0.033         0.019 / 0.033         0.019 / 0.033       ms
[100.082s][info][gc,stats    ]      System: Java Threads                                    173 / 173              97 / 173              97 / 173              97 / 173         threads
[100.082s][info][gc,stats    ] =========================================================================================================================================================
[106.878s][info][gc,start    ] GC(6) Garbage Collection (Allocation Rate)
[106.878s][info][gc,task     ] GC(6) Using 2 workers
[106.879s][info][gc,phases   ] GC(6) Pause Mark Start 0.151ms
[107.044s][info][gc,phases   ] GC(6) Concurrent Mark 164.915ms
[107.044s][info][gc,phases   ] GC(6) Pause Mark End 0.045ms
[107.044s][info][gc,phases   ] GC(6) Concurrent Mark Free 0.021ms
[107.069s][info][gc,phases   ] GC(6) Concurrent Process Non-Strong References 25.325ms
[107.069s][info][gc,phases   ] GC(6) Concurrent Reset Relocation Set 0.025ms
[107.074s][info][gc,phases   ] GC(6) Concurrent Select Relocation Set 4.883ms
[107.074s][info][gc,phases   ] GC(6) Pause Relocate Start 0.031ms
[107.094s][info][gc,phases   ] GC(6) Concurrent Relocate 19.438ms
[107.094s][info][gc,load     ] GC(6) Load: 9.48/3.28/1.52
[107.094s][info][gc,mmu      ] GC(6) MMU: 2ms/73.5%, 5ms/89.4%, 10ms/94.7%, 20ms/97.4%, 50ms/98.9%, 100ms/99.4%
[107.094s][info][gc,marking  ] GC(6) Mark: 2 stripe(s), 2 proactive flush(es), 1 terminate flush(es), 0 completion(s), 0 continuation(s) 
[107.094s][info][gc,marking  ] GC(6) Mark Stack Usage: 32M
[107.094s][info][gc,nmethod  ] GC(6) NMethods: 7720 registered, 3084 unregistered
[107.094s][info][gc,metaspace] GC(6) Metaspace: 69M used, 70M committed, 1088M reserved
[107.094s][info][gc,ref      ] GC(6) Soft: 4707 encountered, 0 discovered, 0 enqueued
[107.094s][info][gc,ref      ] GC(6) Weak: 35903 encountered, 33144 discovered, 29518 enqueued
[107.094s][info][gc,ref      ] GC(6) Final: 74 encountered, 4 discovered, 0 enqueued
[107.094s][info][gc,ref      ] GC(6) Phantom: 757 encountered, 463 discovered, 0 enqueued
[107.094s][info][gc,reloc    ] GC(6) Small Pages: 789 / 1578M, Empty: 2M, Relocated: 24M, In-Place: 0
[107.094s][info][gc,reloc    ] GC(6) Medium Pages: 2 / 64M, Empty: 32M, Relocated: 0M, In-Place: 0
[107.094s][info][gc,reloc    ] GC(6) Large Pages: 1 / 6M, Empty: 0M, Relocated: 0M, In-Place: 0
[107.094s][info][gc,reloc    ] GC(6) Forwarding Usage: 6M
[107.094s][info][gc,heap     ] GC(6) Min Capacity: 8M(0%)
[107.094s][info][gc,heap     ] GC(6) Max Capacity: 1986M(100%)
[107.094s][info][gc,heap     ] GC(6) Soft Max Capacity: 1986M(100%)
[107.094s][info][gc,heap     ] GC(6)                Mark Start          Mark End        Relocate Start      Relocate End           High               Low         
[107.094s][info][gc,heap     ] GC(6)  Capacity:     1736M (87%)        1736M (87%)        1736M (87%)        1736M (87%)        1736M (87%)        1736M (87%)    
[107.094s][info][gc,heap     ] GC(6)      Free:      338M (17%)         324M (16%)         358M (18%)        1786M (90%)        1786M (90%)         324M (16%)    
[107.094s][info][gc,heap     ] GC(6)      Used:     1648M (83%)        1662M (84%)        1628M (82%)         200M (10%)        1662M (84%)         200M (10%)    
[107.094s][info][gc,heap     ] GC(6)      Live:         -               151M (8%)          151M (8%)          151M (8%)             -                  -          
[107.094s][info][gc,heap     ] GC(6) Allocated:         -                14M (1%)           14M (1%)           15M (1%)             -                  -          
[107.094s][info][gc,heap     ] GC(6)   Garbage:         -              1496M (75%)        1462M (74%)          32M (2%)             -                  -          
[107.094s][info][gc,heap     ] GC(6) Reclaimed:         -                  -                34M (2%)         1463M (74%)            -                  -          
[107.094s][info][gc          ] GC(6) Garbage Collection (Allocation Rate) 1648M(83%)->200M(10%)
[110.078s][info][gc,stats    ] === Garbage Collection Statistics =======================================================================================================================
[110.078s][info][gc,stats    ]                                                              Last 10s              Last 10m              Last 10h                Total
[110.078s][info][gc,stats    ]                                                              Avg / Max             Avg / Max             Avg / Max             Avg / Max
[110.078s][info][gc,stats    ]   Collector: Garbage Collection Cycle                    215.774 / 215.774     822.090 / 2807.582    822.090 / 2807.582    822.090 / 2807.582    ms
[110.078s][info][gc,stats    ]  Contention: Mark Segment Reset Contention                     0 / 0                 0 / 2                 0 / 2                 0 / 2           ops/s
[110.078s][info][gc,stats    ]  Contention: Mark SeqNum Reset Contention                      0 / 0                 0 / 0                 0 / 0                 0 / 0           ops/s
[110.078s][info][gc,stats    ]    Critical: Allocation Stall                                  0 / 0                 0 / 0                 0 / 0                 0 / 0           ops/s
[110.078s][info][gc,stats    ]    Critical: Allocation Stall                              0.000 / 0.000         0.000 / 0.000         0.000 / 0.000         0.000 / 0.000       ms
[110.078s][info][gc,stats    ]    Critical: GC Locker Stall                                   0 / 0                 0 / 0                 0 / 0                 0 / 0           ops/s
[110.078s][info][gc,stats    ]    Critical: GC Locker Stall                               0.000 / 0.000         0.000 / 0.000         0.000 / 0.000         0.000 / 0.000       ms
[110.078s][info][gc,stats    ]    Critical: Relocation Stall                                  0 / 0                 0 / 0                 0 / 0                 0 / 0           ops/s
[110.078s][info][gc,stats    ]    Critical: Relocation Stall                              0.000 / 0.000         0.000 / 0.000         0.000 / 0.000         0.000 / 0.000       ms
[110.078s][info][gc,stats    ]      Memory: Allocation Rate                                  55 / 108              38 / 280              38 / 280              38 / 280         MB/s
[110.078s][info][gc,stats    ]      Memory: Defragment                                        4 / 30                0 / 30                0 / 30                0 / 30          ops/s
[110.078s][info][gc,stats    ]      Memory: Out Of Memory                                     0 / 0                 0 / 0                 0 / 0                 0 / 0           ops/s
[110.078s][info][gc,stats    ]      Memory: Page Cache Flush                                  8 / 60                1 / 60                1 / 60                1 / 60          MB/s
[110.078s][info][gc,stats    ]      Memory: Page Cache Hit L1                                24 / 54               11 / 57               11 / 57               11 / 57          ops/s
[110.078s][info][gc,stats    ]      Memory: Page Cache Hit L2                                 0 / 0                 0 / 0                 0 / 0                 0 / 0           ops/s
[110.078s][info][gc,stats    ]      Memory: Page Cache Hit L3                                 4 / 28                1 / 47                1 / 47                1 / 47          ops/s
[110.078s][info][gc,stats    ]      Memory: Page Cache Miss                                   0 / 0                 5 / 74                5 / 74                5 / 74          ops/s
[110.078s][info][gc,stats    ]      Memory: Uncommit                                          0 / 0                 0 / 0                 0 / 0                 0 / 0           MB/s
[110.078s][info][gc,stats    ]      Memory: Undo Object Allocation Failed                     0 / 0                 0 / 3                 0 / 3                 0 / 3           ops/s
[110.078s][info][gc,stats    ]      Memory: Undo Object Allocation Succeeded                  0 / 0                 0 / 4                 0 / 4                 0 / 4           ops/s
[110.078s][info][gc,stats    ]      Memory: Undo Page Allocation                              0 / 0                 0 / 10                0 / 10                0 / 10          ops/s
[110.079s][info][gc,stats    ]       Phase: Concurrent Mark                             164.915 / 164.915     678.144 / 2324.335    678.144 / 2324.335    678.144 / 2324.335    ms
[110.079s][info][gc,stats    ]       Phase: Concurrent Mark Continue                      0.000 / 0.000         0.000 / 0.000         0.000 / 0.000         0.000 / 0.000       ms
[110.079s][info][gc,stats    ]       Phase: Concurrent Mark Free                          0.021 / 0.021         0.013 / 0.024         0.013 / 0.024         0.013 / 0.024       ms
[110.079s][info][gc,stats    ]       Phase: Concurrent Process Non-Strong References     25.325 / 25.325       66.997 / 185.239      66.997 / 185.239      66.997 / 185.239     ms
[110.079s][info][gc,stats    ]       Phase: Concurrent Relocate                          19.438 / 19.438       65.978 / 262.022      65.978 / 262.022      65.978 / 262.022     ms
[110.079s][info][gc,stats    ]       Phase: Concurrent Reset Relocation Set               0.025 / 0.025         0.034 / 0.112         0.034 / 0.112         0.034 / 0.112       ms
[110.079s][info][gc,stats    ]       Phase: Concurrent Select Relocation Set              4.883 / 4.883         7.957 / 32.929        7.957 / 32.929        7.957 / 32.929      ms
[110.079s][info][gc,stats    ]       Phase: Pause Mark End                                0.045 / 0.045         0.103 / 0.530         0.103 / 0.530         0.103 / 0.530       ms
[110.079s][info][gc,stats    ]       Phase: Pause Mark Start                              0.151 / 0.151         0.064 / 0.151         0.064 / 0.151         0.064 / 0.151       ms
[110.079s][info][gc,stats    ]       Phase: Pause Relocate Start                          0.031 / 0.031         0.024 / 0.042         0.024 / 0.042         0.024 / 0.042       ms
[110.079s][info][gc,stats    ]    Subphase: Concurrent Classes Purge                      3.915 / 3.915         3.828 / 12.112        3.828 / 12.112        3.828 / 12.112      ms
[110.079s][info][gc,stats    ]    Subphase: Concurrent Classes Unlink                    13.722 / 13.722       53.124 / 159.709      53.124 / 159.709      53.124 / 159.709     ms
[110.079s][info][gc,stats    ]    Subphase: Concurrent Mark                             160.909 / 161.382     546.742 / 2315.359    546.742 / 2315.359    546.742 / 2315.359    ms
[110.079s][info][gc,stats    ]    Subphase: Concurrent Mark Try Flush                     0.094 / 0.228         1.522 / 11.028        1.522 / 11.028        1.522 / 11.028      ms
[110.079s][info][gc,stats    ]    Subphase: Concurrent Mark Try Terminate                 0.711 / 1.062         1.784 / 14.241        1.784 / 14.241        1.784 / 14.241      ms
[110.079s][info][gc,stats    ]    Subphase: Concurrent References Enqueue                 0.010 / 0.010         0.009 / 0.014         0.009 / 0.014         0.009 / 0.014       ms
[110.079s][info][gc,stats    ]    Subphase: Concurrent References Process                 5.657 / 5.657         3.714 / 10.048        3.714 / 10.048        3.714 / 10.048      ms
[110.079s][info][gc,stats    ]    Subphase: Concurrent Roots ClassLoaderDataGraph         0.635 / 1.058         0.477 / 2.023         0.477 / 2.023         0.477 / 2.023       ms
[110.079s][info][gc,stats    ]    Subphase: Concurrent Roots CodeCache                    0.000 / 0.000         0.000 / 0.000         0.000 / 0.000         0.000 / 0.000       ms
[110.079s][info][gc,stats    ]    Subphase: Concurrent Roots JavaThreads                  2.146 / 2.574         2.688 / 7.613         2.688 / 7.613         2.688 / 7.613       ms
[110.079s][info][gc,stats    ]    Subphase: Concurrent Roots OopStorageSet                0.229 / 0.237         0.196 / 0.524         0.196 / 0.524         0.196 / 0.524       ms
[110.079s][info][gc,stats    ]    Subphase: Concurrent Weak Roots OopStorageSet           1.569 / 1.572         2.353 / 8.947         2.353 / 8.947         2.353 / 8.947       ms
[110.079s][info][gc,stats    ]    Subphase: Pause Mark Try Complete                       0.000 / 0.000         0.019 / 0.033         0.019 / 0.033         0.019 / 0.033       ms
[110.079s][info][gc,stats    ]      System: Java Threads                                    172 / 172             108 / 173             108 / 173             108 / 173         threads
[110.079s][info][gc,stats    ] =========================================================================================================================================================
[120.077s][info][gc,stats    ] === Garbage Collection Statistics =======================================================================================================================
[120.077s][info][gc,stats    ]                                                              Last 10s              Last 10m              Last 10h                Total
[120.077s][info][gc,stats    ]                                                              Avg / Max             Avg / Max             Avg / Max             Avg / Max
[120.077s][info][gc,stats    ]   Collector: Garbage Collection Cycle                      0.000 / 0.000       822.090 / 2807.582    822.090 / 2807.582    822.090 / 2807.582    ms
[120.077s][info][gc,stats    ]  Contention: Mark Segment Reset Contention                     0 / 0                 0 / 2                 0 / 2                 0 / 2           ops/s
[120.077s][info][gc,stats    ]  Contention: Mark SeqNum Reset Contention                      0 / 0                 0 / 0                 0 / 0                 0 / 0           ops/s
[120.077s][info][gc,stats    ]    Critical: Allocation Stall                                  0 / 0                 0 / 0                 0 / 0                 0 / 0           ops/s
[120.077s][info][gc,stats    ]    Critical: Allocation Stall                              0.000 / 0.000         0.000 / 0.000         0.000 / 0.000         0.000 / 0.000       ms
[120.077s][info][gc,stats    ]    Critical: GC Locker Stall                                   0 / 0                 0 / 0                 0 / 0                 0 / 0           ops/s
[120.077s][info][gc,stats    ]    Critical: GC Locker Stall                               0.000 / 0.000         0.000 / 0.000         0.000 / 0.000         0.000 / 0.000       ms
[120.078s][info][gc,stats    ]    Critical: Relocation Stall                                  0 / 0                 0 / 0                 0 / 0                 0 / 0           ops/s
[120.078s][info][gc,stats    ]    Critical: Relocation Stall                              0.000 / 0.000         0.000 / 0.000         0.000 / 0.000         0.000 / 0.000       ms
[120.078s][info][gc,stats    ]      Memory: Allocation Rate                                   0 / 6                35 / 280              35 / 280              35 / 280         MB/s
[120.078s][info][gc,stats    ]      Memory: Defragment                                        0 / 0                 0 / 30                0 / 30                0 / 30          ops/s
[120.078s][info][gc,stats    ]      Memory: Out Of Memory                                     0 / 0                 0 / 0                 0 / 0                 0 / 0           ops/s
[120.078s][info][gc,stats    ]      Memory: Page Cache Flush                                  0 / 0                 1 / 60                1 / 60                1 / 60          MB/s
[120.078s][info][gc,stats    ]      Memory: Page Cache Hit L1                                 0 / 3                10 / 57               10 / 57               10 / 57          ops/s
[120.078s][info][gc,stats    ]      Memory: Page Cache Hit L2                                 0 / 0                 0 / 0                 0 / 0                 0 / 0           ops/s
[120.078s][info][gc,stats    ]      Memory: Page Cache Hit L3                                 0 / 0                 1 / 47                1 / 47                1 / 47          ops/s
[120.078s][info][gc,stats    ]      Memory: Page Cache Miss                                   0 / 0                 5 / 74                5 / 74                5 / 74          ops/s
[120.078s][info][gc,stats    ]      Memory: Uncommit                                          0 / 0                 0 / 0                 0 / 0                 0 / 0           MB/s
[120.078s][info][gc,stats    ]      Memory: Undo Object Allocation Failed                     0 / 0                 0 / 3                 0 / 3                 0 / 3           ops/s
[120.078s][info][gc,stats    ]      Memory: Undo Object Allocation Succeeded                  0 / 0                 0 / 4                 0 / 4                 0 / 4           ops/s
[120.078s][info][gc,stats    ]      Memory: Undo Page Allocation                              0 / 0                 0 / 10                0 / 10                0 / 10          ops/s
[120.078s][info][gc,stats    ]       Phase: Concurrent Mark                               0.000 / 0.000       678.144 / 2324.335    678.144 / 2324.335    678.144 / 2324.335    ms
[120.078s][info][gc,stats    ]       Phase: Concurrent Mark Continue                      0.000 / 0.000         0.000 / 0.000         0.000 / 0.000         0.000 / 0.000       ms
[120.078s][info][gc,stats    ]       Phase: Concurrent Mark Free                          0.000 / 0.000         0.013 / 0.024         0.013 / 0.024         0.013 / 0.024       ms
[120.078s][info][gc,stats    ]       Phase: Concurrent Process Non-Strong References      0.000 / 0.000        66.997 / 185.239      66.997 / 185.239      66.997 / 185.239     ms
[120.078s][info][gc,stats    ]       Phase: Concurrent Relocate                           0.000 / 0.000        65.978 / 262.022      65.978 / 262.022      65.978 / 262.022     ms
[120.078s][info][gc,stats    ]       Phase: Concurrent Reset Relocation Set               0.000 / 0.000         0.034 / 0.112         0.034 / 0.112         0.034 / 0.112       ms
[120.078s][info][gc,stats    ]       Phase: Concurrent Select Relocation Set              0.000 / 0.000         7.957 / 32.929        7.957 / 32.929        7.957 / 32.929      ms
[120.078s][info][gc,stats    ]       Phase: Pause Mark End                                0.000 / 0.000         0.103 / 0.530         0.103 / 0.530         0.103 / 0.530       ms
[120.078s][info][gc,stats    ]       Phase: Pause Mark Start                              0.000 / 0.000         0.064 / 0.151         0.064 / 0.151         0.064 / 0.151       ms
[120.078s][info][gc,stats    ]       Phase: Pause Relocate Start                          0.000 / 0.000         0.024 / 0.042         0.024 / 0.042         0.024 / 0.042       ms
[120.078s][info][gc,stats    ]    Subphase: Concurrent Classes Purge                      0.000 / 0.000         3.828 / 12.112        3.828 / 12.112        3.828 / 12.112      ms
[120.078s][info][gc,stats    ]    Subphase: Concurrent Classes Unlink                     0.000 / 0.000        53.124 / 159.709      53.124 / 159.709      53.124 / 159.709     ms
[120.078s][info][gc,stats    ]    Subphase: Concurrent Mark                               0.000 / 0.000       546.742 / 2315.359    546.742 / 2315.359    546.742 / 2315.359    ms
[120.078s][info][gc,stats    ]    Subphase: Concurrent Mark Try Flush                     0.000 / 0.000         1.522 / 11.028        1.522 / 11.028        1.522 / 11.028      ms
[120.078s][info][gc,stats    ]    Subphase: Concurrent Mark Try Terminate                 0.000 / 0.000         1.784 / 14.241        1.784 / 14.241        1.784 / 14.241      ms
[120.078s][info][gc,stats    ]    Subphase: Concurrent References Enqueue                 0.000 / 0.000         0.009 / 0.014         0.009 / 0.014         0.009 / 0.014       ms
[120.078s][info][gc,stats    ]    Subphase: Concurrent References Process                 0.000 / 0.000         3.714 / 10.048        3.714 / 10.048        3.714 / 10.048      ms
[120.078s][info][gc,stats    ]    Subphase: Concurrent Roots ClassLoaderDataGraph         0.000 / 0.000         0.477 / 2.023         0.477 / 2.023         0.477 / 2.023       ms
[120.078s][info][gc,stats    ]    Subphase: Concurrent Roots CodeCache                    0.000 / 0.000         0.000 / 0.000         0.000 / 0.000         0.000 / 0.000       ms
[120.078s][info][gc,stats    ]    Subphase: Concurrent Roots JavaThreads                  0.000 / 0.000         2.688 / 7.613         2.688 / 7.613         2.688 / 7.613       ms
[120.079s][info][gc,stats    ]    Subphase: Concurrent Roots OopStorageSet                0.000 / 0.000         0.196 / 0.524         0.196 / 0.524         0.196 / 0.524       ms
[120.079s][info][gc,stats    ]    Subphase: Concurrent Weak Roots OopStorageSet           0.000 / 0.000         2.353 / 8.947         2.353 / 8.947         2.353 / 8.947       ms
[120.079s][info][gc,stats    ]    Subphase: Pause Mark Try Complete                       0.000 / 0.000         0.019 / 0.033         0.019 / 0.033         0.019 / 0.033       ms
[120.079s][info][gc,stats    ]      System: Java Threads                                      0 / 0               108 / 173             108 / 173             108 / 173         threads
[120.079s][info][gc,stats    ] =========================================================================================================================================================
