[0.010s][info][gc] Heuristics ergonomically sets -XX:+ExplicitGCInvokesConcurrent
[0.010s][info][gc] Heuristics ergonomically sets -XX:+ShenandoahImplicitGCInvokesConcurrent
[0.011s][info][gc] Using Shenandoah
[0.012s][info][gc,ergo] Pacer for Idle. Initial: 40642K, Alloc Tax Rate: 1.0x
[0.013s][info][gc,init] Version: 21.0.7+6-Ubuntu-0ubuntu122.04 (release)
[0.013s][info][gc,init] CPUs: 4 total, 4 available
[0.013s][info][gc,init] Memory: 7937M
[0.013s][info][gc,init] Large Page Support: Disabled
[0.013s][info][gc,init] NUMA Support: Disabled
[0.013s][info][gc,init] Compressed Oops: Enabled (32-bit)
[0.013s][info][gc,init] Heap Min Capacity: 6656K
[0.013s][info][gc,init] Heap Initial Capacity: 127488K
[0.013s][info][gc,init] Heap Max Capacity: 2032128K
[0.013s][info][gc,init] Pre-touch: Disabled
[0.013s][info][gc,init] Mode: Snapshot-At-The-Beginning (SATB)
[0.013s][info][gc,init] Heuristics: Adaptive
[0.013s][info][gc,init] Heap Region Count: 3969
[0.013s][info][gc,init] Heap Region Size: 512K
[0.013s][info][gc,init] TLAB Size Max: 512K
[0.013s][info][gc,init] Humongous Object Threshold: 512K
[0.013s][info][gc,init] Parallel Workers: 8
[0.013s][info][gc,init] Concurrent Workers: 2
[0.022s][info][gc,metaspace] CDS archive(s) mapped at: [0x00007f3d7f000000-0x00007f3d7fc97000-0x00007f3d7fc97000), size 13201408, SharedBaseAddress: 0x00007f3d7f000000, ArchiveRelocationMode: 1.
[0.022s][info][gc,metaspace] Compressed class space mapped at: 0x00007f3d80000000-0x00007f3dc0000000, reserved size: 1073741824
[0.022s][info][gc,metaspace] Narrow klass base: 0x00007f3d7f000000, Narrow klass shift: 0, Narrow klass range: 0x100000000
[1.625s][info][gc          ] Trigger: Metadata GC Threshold
[1.625s][info][gc,ergo     ] Free: 1776M, Max: 512K regular, 1776M humongous, Frag: 0% external, 0% internal; Reserve: 101888K, Max: 512K
[1.626s][info][gc,start    ] GC(0) Concurrent reset
[1.626s][info][gc,task     ] GC(0) Using 2 of 8 workers for concurrent reset
[1.626s][info][gc,ergo     ] GC(0) Pacer for Reset. Non-Taxable: 1984M
[1.626s][info][gc          ] GC(0) Concurrent reset 0.552ms
[1.626s][info][gc,start    ] GC(0) Pause Init Mark (unload classes)
[1.627s][info][gc,task     ] GC(0) Using 8 of 8 workers for init marking
[1.627s][info][gc,ergo     ] GC(0) Pacer for Mark. Expected Live: 198M, Free: 1776M, Non-Taxable: 177M, Alloc Tax Rate: 0.1x
[1.627s][info][gc          ] GC(0) Pause Init Mark (unload classes) 0.635ms
[1.628s][info][gc,start    ] GC(0) Concurrent marking roots
[1.628s][info][gc,task     ] GC(0) Using 2 of 8 workers for concurrent marking roots
[1.631s][info][gc          ] GC(0) Concurrent marking roots 2.736ms
[1.631s][info][gc,start    ] GC(0) Concurrent marking (unload classes)
[1.631s][info][gc,task     ] GC(0) Using 2 of 8 workers for concurrent marking
[1.651s][info][gc          ] GC(0) Concurrent marking (unload classes) 20.503ms
[1.652s][info][gc,start    ] GC(0) Pause Final Mark (unload classes)
[1.652s][info][gc,task     ] GC(0) Using 8 of 8 workers for final marking
[1.652s][info][gc,ergo     ] GC(0) Adaptive CSet Selection. Target Free: 221M, Actual Free: 1884M, Max CSet: 84672K, Min Garbage: 0B
[1.652s][info][gc,ergo     ] GC(0) Collectable Garbage: 91143K (99%), Immediate: 10291K (11%), CSet: 80851K (87%)
[1.652s][info][gc,ergo     ] GC(0) Pacer for Evacuation. Used CSet: 92672K, Free: 1786M, Non-Taxable: 178M, Alloc Tax Rate: 1.1x
[1.652s][info][gc          ] GC(0) Pause Final Mark (unload classes) 0.574ms
[1.652s][info][gc,start    ] GC(0) Concurrent thread roots
[1.652s][info][gc,task     ] GC(0) Using 2 of 8 workers for Concurrent thread roots
[1.652s][info][gc          ] GC(0) Concurrent thread roots 0.266ms
[1.652s][info][gc,start    ] GC(0) Concurrent weak references
[1.652s][info][gc,task     ] GC(0) Using 2 of 8 workers for concurrent weak references
[1.653s][info][gc,ref      ] GC(0) Encountered references: Soft: 4036, Weak: 2263, Final: 5, Phantom: 741
[1.653s][info][gc,ref      ] GC(0) Discovered  references: Soft: 0, Weak: 1227, Final: 5, Phantom: 657
[1.653s][info][gc,ref      ] GC(0) Enqueued    references: Soft: 0, Weak: 512, Final: 0, Phantom: 254
[1.653s][info][gc          ] GC(0) Concurrent weak references 0.423ms
[1.653s][info][gc,start    ] GC(0) Concurrent weak roots
[1.653s][info][gc,task     ] GC(0) Using 2 of 8 workers for concurrent weak root
[1.656s][info][gc          ] GC(0) Concurrent weak roots 2.748ms
[1.656s][info][gc,start    ] GC(0) Concurrent cleanup
[1.656s][info][gc          ] GC(0) Concurrent cleanup 109M->99M(125M) 0.091ms
[1.656s][info][gc,ergo     ] GC(0) Free: 1785M, Max: 512K regular, 1774M humongous, Frag: 1% external, 0% internal; Reserve: 101039K, Max: 512K
[1.656s][info][gc,start    ] GC(0) Concurrent class unloading
[1.656s][info][gc,task     ] GC(0) Using 2 of 8 workers for concurrent class unloading
[1.661s][info][gc          ] GC(0) Concurrent class unloading 5.015ms
[1.661s][info][gc,start    ] GC(0) Concurrent strong roots
[1.661s][info][gc,task     ] GC(0) Using 2 of 8 workers for concurrent strong root
[1.662s][info][gc          ] GC(0) Concurrent strong roots 1.284ms
[1.662s][info][gc,start    ] GC(0) Concurrent evacuation
[1.662s][info][gc,task     ] GC(0) Using 2 of 8 workers for concurrent evacuation
[1.670s][info][gc          ] GC(0) Concurrent evacuation 7.454ms
[1.670s][info][gc,start    ] GC(0) Pause Init Update Refs
[1.670s][info][gc,ergo     ] GC(0) Pacer for Update Refs. Used: 112M, Free: 1785M, Non-Taxable: 178M, Alloc Tax Rate: 1.1x
[1.670s][info][gc          ] GC(0) Pause Init Update Refs 0.102ms
[1.670s][info][gc,start    ] GC(0) Concurrent update references
[1.670s][info][gc,task     ] GC(0) Using 2 of 8 workers for concurrent reference update
[1.678s][info][gc          ] GC(0) Concurrent update references 8.269ms
[1.678s][info][gc,start    ] GC(0) Concurrent update thread roots
[1.678s][info][gc          ] GC(0) Concurrent update thread roots 0.304ms
[1.679s][info][gc,start    ] GC(0) Pause Final Update Refs
[1.679s][info][gc,task     ] GC(0) Using 8 of 8 workers for final reference update
[1.679s][info][gc          ] GC(0) Pause Final Update Refs 0.093ms
[1.679s][info][gc,start    ] GC(0) Concurrent cleanup
[1.679s][info][gc          ] GC(0) Concurrent cleanup 113M->23M(137M) 0.101ms
[1.679s][info][gc,ergo     ] Free: 1861M, Max: 512K regular, 1761M humongous, Frag: 6% external, 0% internal; Reserve: 101888K, Max: 512K
[1.679s][info][gc,stats    ] 
[1.679s][info][gc,stats    ] All times are wall-clock times, except per-root-class counters, that are sum over
[1.679s][info][gc,stats    ] all workers. Dividing the <total> over the root stage time estimates parallelism.
[1.679s][info][gc,stats    ] 
[1.679s][info][gc,stats    ] Concurrent Reset                    570 us
[1.679s][info][gc,stats    ] Pause Init Mark (G)                1986 us
[1.679s][info][gc,stats    ] Pause Init Mark (N)                 653 us
[1.679s][info][gc,stats    ]   Update Region States               31 us
[1.679s][info][gc,stats    ] Concurrent Mark Roots              2766 us, parallelism: 1.90x
[1.679s][info][gc,stats    ]   CMR: <total>                     5248 us
[1.679s][info][gc,stats    ]   CMR: Thread Roots                2134 us, workers (us): 2133,   0, ---, ---, ---, ---, ---, ---, 
[1.679s][info][gc,stats    ]   CMR: VM Strong Roots              694 us, workers (us): 499, 195, ---, ---, ---, ---, ---, ---, 
[1.679s][info][gc,stats    ]   CMR: CLDG Roots                  2421 us, workers (us): ---, 2421, ---, ---, ---, ---, ---, ---, 
[1.679s][info][gc,stats    ] Concurrent Marking                20526 us
[1.679s][info][gc,stats    ] Pause Final Mark (G)                782 us
[1.679s][info][gc,stats    ] Pause Final Mark (N)                595 us
[1.679s][info][gc,stats    ]   Finish Mark                       149 us
[1.679s][info][gc,stats    ]   Update Region States               57 us
[1.679s][info][gc,stats    ]   Choose Collection Set             205 us
[1.679s][info][gc,stats    ]   Rebuild Free Set                   53 us
[1.679s][info][gc,stats    ] Concurrent Thread Roots             273 us, parallelism: 1.57x
[1.679s][info][gc,stats    ]   CTR: <total>                      428 us
[1.679s][info][gc,stats    ]   CTR: Thread Roots                 428 us, workers (us): 226, 202, ---, ---, ---, ---, ---, ---, 
[1.679s][info][gc,stats    ] Concurrent Weak References          428 us, parallelism: 0.86x
[1.679s][info][gc,stats    ]   CWRF: <total>                     368 us
[1.679s][info][gc,stats    ]   CWRF: Weak References             368 us, workers (us):   7, 361, ---, ---, ---, ---, ---, ---, 
[1.679s][info][gc,stats    ] Concurrent Weak Roots              2768 us
[1.679s][info][gc,stats    ]   Roots                            2158 us, parallelism: 1.84x
[1.679s][info][gc,stats    ]     CWR: <total>                   3964 us
[1.679s][info][gc,stats    ]     CWR: Code Cache Roots           952 us, workers (us): 464, 488, ---, ---, ---, ---, ---, ---, 
[1.679s][info][gc,stats    ]     CWR: VM Weak Roots             2997 us, workers (us): 1595, 1401, ---, ---, ---, ---, ---, ---, 
[1.679s][info][gc,stats    ]     CWR: CLDG Roots                  16 us, workers (us):  16, ---, ---, ---, ---, ---, ---, ---, 
[1.679s][info][gc,stats    ]   Rendezvous                        578 us
[1.679s][info][gc,stats    ] Concurrent Cleanup                   98 us
[1.679s][info][gc,stats    ] Concurrent Class Unloading         5028 us
[1.679s][info][gc,stats    ]   Unlink Stale                     1821 us
[1.679s][info][gc,stats    ]     System Dictionary                28 us
[1.679s][info][gc,stats    ]     Weak Class Links                  0 us
[1.679s][info][gc,stats    ]     Code Roots                     1791 us
[1.679s][info][gc,stats    ]   Rendezvous                        675 us
[1.679s][info][gc,stats    ]   Purge Unlinked                   2497 us
[1.679s][info][gc,stats    ]     Code Roots                     2485 us
[1.679s][info][gc,stats    ]     CLDG                             11 us
[1.679s][info][gc,stats    ]     Exception Caches                  0 us
[1.679s][info][gc,stats    ] Concurrent Strong Roots            1294 us, parallelism: 0.95x
[1.679s][info][gc,stats    ]   CSR: <total>                     1233 us
[1.679s][info][gc,stats    ]   CSR: VM Strong Roots               20 us, workers (us):  14,   6, ---, ---, ---, ---, ---, ---, 
[1.679s][info][gc,stats    ]   CSR: CLDG Roots                  1213 us, workers (us): 1213, ---, ---, ---, ---, ---, ---, ---, 
[1.679s][info][gc,stats    ] Concurrent Evacuation              7476 us
[1.679s][info][gc,stats    ] Pause Init Update Refs (G)          334 us
[1.679s][info][gc,stats    ] Pause Init Update Refs (N)          123 us
[1.679s][info][gc,stats    ]   Manage GCLABs                       9 us
[1.679s][info][gc,stats    ] Concurrent Update Refs             8292 us
[1.679s][info][gc,stats    ] Concurrent Update Thread Roots      310 us
[1.679s][info][gc,stats    ] Pause Final Update Refs (G)         208 us
[1.679s][info][gc,stats    ] Pause Final Update Refs (N)         102 us
[1.679s][info][gc,stats    ]   Update Region States               34 us
[1.679s][info][gc,stats    ]   Trash Collection Set                4 us
[1.679s][info][gc,stats    ]   Rebuild Free Set                   21 us
[1.679s][info][gc,stats    ] Concurrent Cleanup                  107 us
[1.679s][info][gc,stats    ] 
[1.679s][info][gc,stats    ] Allocation pacing accrued:
[1.679s][info][gc,stats    ]       0 of  1667 ms (  0.0%): <total>
[1.679s][info][gc,stats    ]       0 of  1667 ms (  0.0%): <average total>
[1.679s][info][gc,stats    ] 
[1.679s][info][gc,metaspace] Metaspace: 21311K(21568K)->22373K(22656K) NonClass: 19027K(19136K)->19981K(20160K) Class: 2284K(2432K)->2392K(2496K)
[1.679s][info][gc,ergo     ] Pacer for Idle. Initial: 40642K, Alloc Tax Rate: 1.0x
[2.482s][info][gc          ] Trigger: Metadata GC Threshold
[2.483s][info][gc,ergo     ] Free: 1761M, Max: 512K regular, 1761M humongous, Frag: 1% external, 0% internal; Reserve: 101888K, Max: 512K
[2.483s][info][gc,start    ] GC(1) Concurrent reset
[2.483s][info][gc,task     ] GC(1) Using 2 of 8 workers for concurrent reset
[2.483s][info][gc,ergo     ] GC(1) Pacer for Reset. Non-Taxable: 1984M
[2.484s][info][gc          ] GC(1) Concurrent reset 1.079ms
[2.484s][info][gc,start    ] GC(1) Pause Init Mark (unload classes)
[2.484s][info][gc,task     ] GC(1) Using 8 of 8 workers for init marking
[2.484s][info][gc,ergo     ] GC(1) Pacer for Mark. Expected Live: 17740K, Free: 1761M, Non-Taxable: 176M, Alloc Tax Rate: 0.0x
[2.484s][info][gc          ] GC(1) Pause Init Mark (unload classes) 0.070ms
[2.484s][info][gc,start    ] GC(1) Concurrent marking roots
[2.484s][info][gc,task     ] GC(1) Using 2 of 8 workers for concurrent marking roots
[2.485s][info][gc          ] GC(1) Concurrent marking roots 0.672ms
[2.485s][info][gc,start    ] GC(1) Concurrent marking (unload classes)
[2.485s][info][gc,task     ] GC(1) Using 2 of 8 workers for concurrent marking
[2.539s][info][gc          ] GC(1) Concurrent marking (unload classes) 54.256ms
[2.539s][info][gc,start    ] GC(1) Pause Final Mark (unload classes)
[2.539s][info][gc,task     ] GC(1) Using 8 of 8 workers for final marking
[2.539s][info][gc,ergo     ] GC(1) Adaptive CSet Selection. Target Free: 221M, Actual Free: 1851M, Max CSet: 84672K, Min Garbage: 0B
[2.539s][info][gc,ergo     ] GC(1) Collectable Garbage: 58698K (98%), Immediate: 0B (0%), CSet: 58698K (98%)
[2.539s][info][gc,ergo     ] GC(1) Pacer for Evacuation. Used CSet: 64290K, Free: 1752M, Non-Taxable: 175M, Alloc Tax Rate: 1.1x
[2.539s][info][gc          ] GC(1) Pause Final Mark (unload classes) 0.293ms
[2.539s][info][gc,start    ] GC(1) Concurrent thread roots
[2.539s][info][gc,task     ] GC(1) Using 2 of 8 workers for Concurrent thread roots
[2.539s][info][gc          ] GC(1) Concurrent thread roots 0.223ms
[2.540s][info][gc,start    ] GC(1) Concurrent weak references
[2.540s][info][gc,task     ] GC(1) Using 2 of 8 workers for concurrent weak references
[2.540s][info][gc,ref      ] GC(1) Encountered references: Soft: 4503, Weak: 3243, Final: 21, Phantom: 774
[2.540s][info][gc,ref      ] GC(1) Discovered  references: Soft: 0, Weak: 1996, Final: 0, Phantom: 698
[2.540s][info][gc,ref      ] GC(1) Enqueued    references: Soft: 0, Weak: 524, Final: 0, Phantom: 268
[2.540s][info][gc          ] GC(1) Concurrent weak references 0.537ms
[2.540s][info][gc,start    ] GC(1) Concurrent weak roots
[2.540s][info][gc,task     ] GC(1) Using 2 of 8 workers for concurrent weak root
[2.542s][info][gc          ] GC(1) Concurrent weak roots 2.417ms
[2.542s][info][gc,start    ] GC(1) Concurrent cleanup
[2.543s][info][gc          ] GC(1) Concurrent cleanup 132M->132M(138M) 0.124ms
[2.543s][info][gc,ergo     ] GC(1) Free: 1751M, Max: 512K regular, 1751M humongous, Frag: 0% external, 0% internal; Reserve: 100969K, Max: 512K
[2.543s][info][gc,start    ] GC(1) Concurrent class unloading
[2.543s][info][gc,task     ] GC(1) Using 2 of 8 workers for concurrent class unloading
[2.547s][info][gc          ] GC(1) Concurrent class unloading 3.954ms
[2.547s][info][gc,start    ] GC(1) Concurrent strong roots
[2.547s][info][gc,task     ] GC(1) Using 2 of 8 workers for concurrent strong root
[2.548s][info][gc          ] GC(1) Concurrent strong roots 1.141ms
[2.548s][info][gc,start    ] GC(1) Concurrent evacuation
[2.548s][info][gc,task     ] GC(1) Using 2 of 8 workers for concurrent evacuation
[2.554s][info][gc          ] GC(1) Concurrent evacuation 5.980ms
[2.555s][info][gc,start    ] GC(1) Pause Init Update Refs
[2.555s][info][gc,ergo     ] GC(1) Pacer for Update Refs. Used: 137M, Free: 1751M, Non-Taxable: 175M, Alloc Tax Rate: 1.1x
[2.555s][info][gc          ] GC(1) Pause Init Update Refs 0.036ms
[2.555s][info][gc,start    ] GC(1) Concurrent update references
[2.555s][info][gc,task     ] GC(1) Using 2 of 8 workers for concurrent reference update
[2.575s][info][gc          ] GC(1) Concurrent update references 20.376ms
[2.575s][info][gc,start    ] GC(1) Concurrent update thread roots
[2.576s][info][gc          ] GC(1) Concurrent update thread roots 0.425ms
[2.576s][info][gc,start    ] GC(1) Pause Final Update Refs
[2.576s][info][gc,task     ] GC(1) Using 8 of 8 workers for final reference update
[2.576s][info][gc          ] GC(1) Pause Final Update Refs 0.096ms
[2.576s][info][gc,start    ] GC(1) Concurrent cleanup
[2.576s][info][gc          ] GC(1) Concurrent cleanup 138M->75M(143M) 0.099ms
[2.576s][info][gc,ergo     ] Free: 1807M, Max: 512K regular, 1746M humongous, Frag: 4% external, 0% internal; Reserve: 101888K, Max: 512K
[2.576s][info][gc,stats    ] 
[2.576s][info][gc,stats    ] All times are wall-clock times, except per-root-class counters, that are sum over
[2.576s][info][gc,stats    ] all workers. Dividing the <total> over the root stage time estimates parallelism.
[2.576s][info][gc,stats    ] 
[2.576s][info][gc,stats    ] Concurrent Reset                   1096 us
[2.576s][info][gc,stats    ] Pause Init Mark (G)                 206 us
[2.576s][info][gc,stats    ] Pause Init Mark (N)                  77 us
[2.576s][info][gc,stats    ]   Update Region States               27 us
[2.576s][info][gc,stats    ] Concurrent Mark Roots               681 us, parallelism: 1.60x
[2.576s][info][gc,stats    ]   CMR: <total>                     1087 us
[2.576s][info][gc,stats    ]   CMR: Thread Roots                 763 us, workers (us): 271, 492, ---, ---, ---, ---, ---, ---, 
[2.576s][info][gc,stats    ]   CMR: VM Strong Roots              117 us, workers (us):  55,  62, ---, ---, ---, ---, ---, ---, 
[2.576s][info][gc,stats    ]   CMR: CLDG Roots                   208 us, workers (us): 208, ---, ---, ---, ---, ---, ---, ---, 
[2.576s][info][gc,stats    ] Concurrent Marking                54280 us
[2.576s][info][gc,stats    ] Pause Final Mark (G)                410 us
[2.576s][info][gc,stats    ] Pause Final Mark (N)                300 us
[2.576s][info][gc,stats    ]   Finish Mark                        98 us
[2.576s][info][gc,stats    ]   Update Region States               42 us
[2.576s][info][gc,stats    ]   Choose Collection Set              86 us
[2.576s][info][gc,stats    ]   Rebuild Free Set                   24 us
[2.576s][info][gc,stats    ] Concurrent Thread Roots             231 us, parallelism: 1.63x
[2.576s][info][gc,stats    ]   CTR: <total>                      378 us
[2.576s][info][gc,stats    ]   CTR: Thread Roots                 378 us, workers (us): 193, 185, ---, ---, ---, ---, ---, ---, 
[2.576s][info][gc,stats    ] Concurrent Weak References          543 us, parallelism: 1.34x
[2.576s][info][gc,stats    ]   CWRF: <total>                     727 us
[2.576s][info][gc,stats    ]   CWRF: Weak References             727 us, workers (us): 264, 463, ---, ---, ---, ---, ---, ---, 
[2.576s][info][gc,stats    ] Concurrent Weak Roots              2447 us
[2.576s][info][gc,stats    ]   Roots                            2274 us, parallelism: 1.90x
[2.576s][info][gc,stats    ]     CWR: <total>                   4320 us
[2.576s][info][gc,stats    ]     CWR: Code Cache Roots          1962 us, workers (us): 943, 1019, ---, ---, ---, ---, ---, ---, 
[2.576s][info][gc,stats    ]     CWR: VM Weak Roots             2317 us, workers (us): 1178, 1139, ---, ---, ---, ---, ---, ---, 
[2.576s][info][gc,stats    ]     CWR: CLDG Roots                  41 us, workers (us): ---,  41, ---, ---, ---, ---, ---, ---, 
[2.576s][info][gc,stats    ]   Rendezvous                        129 us
[2.576s][info][gc,stats    ] Concurrent Cleanup                  132 us
[2.576s][info][gc,stats    ] Concurrent Class Unloading         3962 us
[2.576s][info][gc,stats    ]   Unlink Stale                     2462 us
[2.576s][info][gc,stats    ]     System Dictionary                45 us
[2.576s][info][gc,stats    ]     Weak Class Links                  0 us
[2.576s][info][gc,stats    ]     Code Roots                     2416 us
[2.576s][info][gc,stats    ]   Rendezvous                        778 us
[2.576s][info][gc,stats    ]   Purge Unlinked                    699 us
[2.576s][info][gc,stats    ]     Code Roots                      694 us
[2.576s][info][gc,stats    ]     CLDG                              5 us
[2.576s][info][gc,stats    ]     Exception Caches                  0 us
[2.576s][info][gc,stats    ] Concurrent Strong Roots            1156 us, parallelism: 0.92x
[2.576s][info][gc,stats    ]   CSR: <total>                     1069 us
[2.576s][info][gc,stats    ]   CSR: VM Strong Roots               26 us, workers (us):  15,  11, ---, ---, ---, ---, ---, ---, 
[2.576s][info][gc,stats    ]   CSR: CLDG Roots                  1043 us, workers (us): ---, 1043, ---, ---, ---, ---, ---, ---, 
[2.576s][info][gc,stats    ] Concurrent Evacuation              6004 us
[2.576s][info][gc,stats    ] Pause Init Update Refs (G)          956 us
[2.576s][info][gc,stats    ] Pause Init Update Refs (N)           42 us
[2.576s][info][gc,stats    ]   Manage GCLABs                       7 us
[2.576s][info][gc,stats    ] Concurrent Update Refs            20398 us
[2.576s][info][gc,stats    ] Concurrent Update Thread Roots      432 us
[2.576s][info][gc,stats    ] Pause Final Update Refs (G)         231 us
[2.576s][info][gc,stats    ] Pause Final Update Refs (N)         121 us
[2.576s][info][gc,stats    ]   Update Region States               40 us
[2.576s][info][gc,stats    ]   Trash Collection Set                3 us
[2.576s][info][gc,stats    ]   Rebuild Free Set                   20 us
[2.576s][info][gc,stats    ] Concurrent Cleanup                  106 us
[2.576s][info][gc,stats    ] 
[2.576s][info][gc,stats    ] Allocation pacing accrued:
[2.576s][info][gc,stats    ]       0 of   897 ms (  0.0%): <total>
[2.576s][info][gc,stats    ]       0 of   897 ms (  0.0%): <average total>
[2.576s][info][gc,stats    ] 
[2.576s][info][gc,metaspace] Metaspace: 37378K(37824K)->37568K(38016K) NonClass: 33048K(33280K)->33205K(33472K) Class: 4330K(4544K)->4362K(4544K)
[2.576s][info][gc,ergo     ] Pacer for Idle. Initial: 40642K, Alloc Tax Rate: 1.0x
[84.956s][info][gc          ] Trigger: Learning 3 of 5. Free (1389M) is below initial threshold (1389M)
[84.956s][info][gc,ergo     ] Free: 1389M, Max: 512K regular, 1389M humongous, Frag: 0% external, 0% internal; Reserve: 101888K, Max: 512K
[84.956s][info][gc,start    ] GC(2) Concurrent reset
[84.956s][info][gc,task     ] GC(2) Using 2 of 8 workers for concurrent reset
[84.956s][info][gc,ergo     ] GC(2) Pacer for Reset. Non-Taxable: 1984M
[84.958s][info][gc          ] GC(2) Concurrent reset 2.328ms
[84.959s][info][gc,start    ] GC(2) Pause Init Mark (unload classes)
[84.959s][info][gc,task     ] GC(2) Using 8 of 8 workers for init marking
[84.959s][info][gc,ergo     ] GC(2) Pacer for Mark. Expected Live: 41295K, Free: 1389M, Non-Taxable: 138M, Alloc Tax Rate: 0.0x
[84.959s][info][gc          ] GC(2) Pause Init Mark (unload classes) 0.112ms
[84.959s][info][gc,start    ] GC(2) Concurrent marking roots
[84.959s][info][gc,task     ] GC(2) Using 2 of 8 workers for concurrent marking roots
[84.983s][info][gc          ] GC(2) Concurrent marking roots 23.868ms
[84.983s][info][gc,start    ] GC(2) Concurrent marking (unload classes)
[84.983s][info][gc,task     ] GC(2) Using 2 of 8 workers for concurrent marking
[85.513s][info][gc          ] GC(2) Concurrent marking (unload classes) 530.200ms
[85.513s][info][gc,start    ] GC(2) Pause Final Mark (unload classes)
[85.513s][info][gc,task     ] GC(2) Using 8 of 8 workers for final marking
[85.514s][info][gc,ergo     ] GC(2) Adaptive CSet Selection. Target Free: 221M, Actual Free: 1464M, Max CSet: 84672K, Min Garbage: 0B
[85.514s][info][gc,ergo     ] GC(2) Collectable Garbage: 411M (99%), Immediate: 84611K (19%), CSet: 328M (79%)
[85.514s][info][gc,ergo     ] GC(2) Pacer for Evacuation. Used CSet: 337M, Free: 1366M, Non-Taxable: 136M, Alloc Tax Rate: 1.1x
[85.514s][info][gc          ] GC(2) Pause Final Mark (unload classes) 0.947ms
[85.514s][info][gc,start    ] GC(2) Concurrent thread roots
[85.514s][info][gc,task     ] GC(2) Using 2 of 8 workers for Concurrent thread roots
[85.517s][info][gc          ] GC(2) Concurrent thread roots 2.508ms
[85.517s][info][gc,start    ] GC(2) Concurrent weak references
[85.517s][info][gc,task     ] GC(2) Using 2 of 8 workers for concurrent weak references
[85.518s][info][gc,ref      ] GC(2) Encountered references: Soft: 4913, Weak: 6847, Final: 50, Phantom: 1131
[85.518s][info][gc,ref      ] GC(2) Discovered  references: Soft: 0, Weak: 4576, Final: 25, Phantom: 1120
[85.518s][info][gc,ref      ] GC(2) Enqueued    references: Soft: 0, Weak: 640, Final: 8, Phantom: 464
[85.518s][info][gc          ] GC(2) Concurrent weak references 1.600ms
[85.518s][info][gc,start    ] GC(2) Concurrent weak roots
[85.518s][info][gc,task     ] GC(2) Using 2 of 8 workers for concurrent weak root
[85.529s][info][gc          ] GC(2) Concurrent weak roots 10.099ms
[85.529s][info][gc,start    ] GC(2) Concurrent cleanup
[85.529s][info][gc          ] GC(2) Concurrent cleanup 605M->522M(611M) 0.142ms
[85.529s][info][gc,ergo     ] GC(2) Free: 1361M, Max: 512K regular, 1276M humongous, Frag: 7% external, 0% internal; Reserve: 100775K, Max: 512K
[85.529s][info][gc,start    ] GC(2) Concurrent class unloading
[85.529s][info][gc,task     ] GC(2) Using 2 of 8 workers for concurrent class unloading
[85.693s][info][gc          ] GC(2) Concurrent class unloading 164.383ms
[85.693s][info][gc,start    ] GC(2) Concurrent strong roots
[85.693s][info][gc,task     ] GC(2) Using 2 of 8 workers for concurrent strong root
[85.695s][info][gc          ] GC(2) Concurrent strong roots 2.010ms
[85.695s][info][gc,start    ] GC(2) Concurrent evacuation
[85.695s][info][gc,task     ] GC(2) Using 2 of 8 workers for concurrent evacuation
[85.728s][info][gc          ] GC(2) Concurrent evacuation 32.481ms
[85.728s][info][gc,start    ] GC(2) Pause Init Update Refs
[85.728s][info][gc,ergo     ] GC(2) Pacer for Update Refs. Used: 568M, Free: 1324M, Non-Taxable: 132M, Alloc Tax Rate: 1.1x
[85.728s][info][gc          ] GC(2) Pause Init Update Refs 0.104ms
[85.728s][info][gc,start    ] GC(2) Concurrent update references
[85.728s][info][gc,task     ] GC(2) Using 2 of 8 workers for concurrent reference update
[85.874s][info][gc          ] GC(2) Concurrent update references 145.141ms
[85.874s][info][gc,start    ] GC(2) Concurrent update thread roots
[85.875s][info][gc          ] GC(2) Concurrent update thread roots 1.443ms
[85.875s][info][gc,start    ] GC(2) Pause Final Update Refs
[85.875s][info][gc,task     ] GC(2) Using 8 of 8 workers for final reference update
[85.875s][info][gc          ] GC(2) Pause Final Update Refs 0.114ms
[85.876s][info][gc,start    ] GC(2) Concurrent cleanup
[85.876s][info][gc          ] GC(2) Concurrent cleanup 580M->242M(618M) 0.182ms
[85.876s][info][gc,ergo     ] Free: 1639M, Max: 512K regular, 1267M humongous, Frag: 23% external, 0% internal; Reserve: 101888K, Max: 512K
[85.876s][info][gc,stats    ] 
[85.876s][info][gc,stats    ] All times are wall-clock times, except per-root-class counters, that are sum over
[85.876s][info][gc,stats    ] all workers. Dividing the <total> over the root stage time estimates parallelism.
[85.876s][info][gc,stats    ] 
[85.876s][info][gc,stats    ] Concurrent Reset                   2360 us
[85.876s][info][gc,stats    ] Pause Init Mark (G)                 377 us
[85.876s][info][gc,stats    ] Pause Init Mark (N)                 123 us
[85.877s][info][gc,stats    ]   Update Region States               44 us
[85.877s][info][gc,stats    ] Concurrent Mark Roots             23907 us, parallelism: 1.85x
[85.877s][info][gc,stats    ]   CMR: <total>                    44327 us
[85.877s][info][gc,stats    ]   CMR: Thread Roots               43285 us, workers (us): 20705, 22580, ---, ---, ---, ---, ---, ---, 
[85.877s][info][gc,stats    ]   CMR: VM Strong Roots              381 us, workers (us): 266, 115, ---, ---, ---, ---, ---, ---, 
[85.877s][info][gc,stats    ]   CMR: CLDG Roots                   661 us, workers (us): ---, 661, ---, ---, ---, ---, ---, ---, 
[85.877s][info][gc,stats    ] Concurrent Marking               530233 us
[85.877s][info][gc,stats    ] Pause Final Mark (G)               1408 us
[85.877s][info][gc,stats    ] Pause Final Mark (N)                955 us
[85.877s][info][gc,stats    ]   Finish Mark                       656 us
[85.877s][info][gc,stats    ]   Update Region States               49 us
[85.877s][info][gc,stats    ]   Choose Collection Set             165 us
[85.877s][info][gc,stats    ]   Rebuild Free Set                   18 us
[85.877s][info][gc,stats    ] Concurrent Thread Roots            2530 us, parallelism: 1.58x
[85.877s][info][gc,stats    ]   CTR: <total>                     4000 us
[85.877s][info][gc,stats    ]   CTR: Thread Roots                4000 us, workers (us): 2278, 1722, ---, ---, ---, ---, ---, ---, 
[85.877s][info][gc,stats    ] Concurrent Weak References         1609 us, parallelism: 0.80x
[85.877s][info][gc,stats    ]   CWRF: <total>                    1282 us
[85.877s][info][gc,stats    ]   CWRF: Weak References            1282 us, workers (us): 1282,   0, ---, ---, ---, ---, ---, ---, 
[85.877s][info][gc,stats    ] Concurrent Weak Roots             10123 us
[85.877s][info][gc,stats    ]   Roots                            9737 us, parallelism: 1.90x
[85.877s][info][gc,stats    ]     CWR: <total>                  18487 us
[85.877s][info][gc,stats    ]     CWR: Code Cache Roots         15795 us, workers (us): 7923, 7872, ---, ---, ---, ---, ---, ---, 
[85.877s][info][gc,stats    ]     CWR: VM Weak Roots             2637 us, workers (us): 1713, 925, ---, ---, ---, ---, ---, ---, 
[85.877s][info][gc,stats    ]     CWR: CLDG Roots                  54 us, workers (us): ---,  54, ---, ---, ---, ---, ---, ---, 
[85.877s][info][gc,stats    ]   Rendezvous                        344 us
[85.877s][info][gc,stats    ] Concurrent Cleanup                  150 us
[85.877s][info][gc,stats    ] Concurrent Class Unloading       164408 us
[85.877s][info][gc,stats    ]   Unlink Stale                   100374 us
[85.877s][info][gc,stats    ]     System Dictionary               405 us
[85.877s][info][gc,stats    ]     Weak Class Links              56229 us
[85.877s][info][gc,stats    ]     Code Roots                    43738 us
[85.877s][info][gc,stats    ]   Rendezvous                        373 us
[85.877s][info][gc,stats    ]   Purge Unlinked                  63618 us
[85.877s][info][gc,stats    ]     Code Roots                    63462 us
[85.877s][info][gc,stats    ]     CLDG                            154 us
[85.877s][info][gc,stats    ]     Exception Caches                  0 us
[85.877s][info][gc,stats    ] Concurrent Strong Roots            2024 us, parallelism: 0.93x
[85.877s][info][gc,stats    ]   CSR: <total>                     1880 us
[85.877s][info][gc,stats    ]   CSR: VM Strong Roots               81 us, workers (us):  53,  28, ---, ---, ---, ---, ---, ---, 
[85.877s][info][gc,stats    ]   CSR: CLDG Roots                  1800 us, workers (us): 1800, ---, ---, ---, ---, ---, ---, ---, 
[85.877s][info][gc,stats    ] Concurrent Evacuation             32623 us
[85.877s][info][gc,stats    ] Pause Init Update Refs (G)          598 us
[85.877s][info][gc,stats    ] Pause Init Update Refs (N)          112 us
[85.877s][info][gc,stats    ]   Manage GCLABs                      64 us
[85.877s][info][gc,stats    ] Concurrent Update Refs           145182 us
[85.877s][info][gc,stats    ] Concurrent Update Thread Roots     1465 us
[85.877s][info][gc,stats    ] Pause Final Update Refs (G)        1142 us
[85.877s][info][gc,stats    ] Pause Final Update Refs (N)         122 us
[85.877s][info][gc,stats    ]   Update Region States               52 us
[85.877s][info][gc,stats    ]   Trash Collection Set                8 us
[85.877s][info][gc,stats    ]   Rebuild Free Set                   17 us
[85.877s][info][gc,stats    ] Concurrent Cleanup                  200 us
[85.877s][info][gc,stats    ] 
[85.877s][info][gc,stats    ] Allocation pacing accrued:
[85.877s][info][gc,stats    ]       0 of 83301 ms (  0.0%): <total>
[85.877s][info][gc,stats    ]       0 of 83301 ms (  0.0%): <average total>
[85.877s][info][gc,stats    ] 
[85.877s][info][gc,metaspace] Metaspace: 60136K(60736K)->60103K(60736K) NonClass: 53342K(53696K)->53319K(53696K) Class: 6793K(7040K)->6784K(7040K)
[85.877s][info][gc,ergo     ] Pacer for Idle. Initial: 40642K, Alloc Tax Rate: 1.0x
